[run] device=cpu  seed=43  out=/Users/agentra/Documents/hao/working/paper-lab/hao-paper-2026/iotj-fedkan-ids/repo/results/lrsweep_cseciic_mc/lrsweep_mlp80_lr0p01__dir0.1__seed43
[run] model=mlp  params=4,415
  round   1/50: acc=0.3115  f1m=0.0837  uplink_kB=172.5  t=2.90s
  round   2/50: acc=0.6196  f1m=0.3041  uplink_kB=172.5  t=2.14s
  round   3/50: acc=0.7109  f1m=0.3500  uplink_kB=172.5  t=2.15s
  round   4/50: acc=0.7344  f1m=0.4103  uplink_kB=172.5  t=2.21s
  round   5/50: acc=0.7948  f1m=0.4556  uplink_kB=172.5  t=2.09s
  round   6/50: acc=0.8091  f1m=0.5177  uplink_kB=172.5  t=2.18s
  round   7/50: acc=0.8147  f1m=0.5282  uplink_kB=172.5  t=2.19s
  round   8/50: acc=0.8187  f1m=0.5364  uplink_kB=172.5  t=2.26s
  round   9/50: acc=0.8330  f1m=0.5886  uplink_kB=172.5  t=2.21s
  round  10/50: acc=0.8309  f1m=0.5939  uplink_kB=172.5  t=2.16s
  round  11/50: acc=0.8323  f1m=0.5971  uplink_kB=172.5  t=2.16s
  round  12/50: acc=0.8371  f1m=0.6050  uplink_kB=172.5  t=2.21s
  round  13/50: acc=0.8354  f1m=0.6020  uplink_kB=172.5  t=2.40s
  round  14/50: acc=0.8398  f1m=0.6013  uplink_kB=172.5  t=2.79s
  round  15/50: acc=0.8427  f1m=0.6156  uplink_kB=172.5  t=2.29s
  round  16/50: acc=0.8385  f1m=0.6101  uplink_kB=172.5  t=2.31s
  round  17/50: acc=0.8302  f1m=0.5967  uplink_kB=172.5  t=2.17s
  round  18/50: acc=0.8431  f1m=0.6179  uplink_kB=172.5  t=2.19s
  round  19/50: acc=0.8389  f1m=0.6106  uplink_kB=172.5  t=2.19s
  round  20/50: acc=0.8387  f1m=0.6197  uplink_kB=172.5  t=2.21s
  round  21/50: acc=0.8388  f1m=0.6108  uplink_kB=172.5  t=2.27s
  round  22/50: acc=0.8463  f1m=0.6245  uplink_kB=172.5  t=2.27s
  round  23/50: acc=0.8423  f1m=0.6178  uplink_kB=172.5  t=2.38s
  round  24/50: acc=0.8439  f1m=0.6214  uplink_kB=172.5  t=2.23s
  round  25/50: acc=0.8450  f1m=0.6228  uplink_kB=172.5  t=2.24s
  round  26/50: acc=0.8371  f1m=0.6060  uplink_kB=172.5  t=2.18s
  round  27/50: acc=0.8428  f1m=0.6199  uplink_kB=172.5  t=2.30s
  round  28/50: acc=0.8447  f1m=0.6246  uplink_kB=172.5  t=2.35s
  round  29/50: acc=0.8471  f1m=0.6291  uplink_kB=172.5  t=2.16s
  round  30/50: acc=0.8408  f1m=0.6241  uplink_kB=172.5  t=2.27s
  round  31/50: acc=0.8407  f1m=0.6173  uplink_kB=172.5  t=2.27s
  round  32/50: acc=0.8471  f1m=0.6308  uplink_kB=172.5  t=2.21s
  round  33/50: acc=0.8426  f1m=0.6252  uplink_kB=172.5  t=2.32s
  round  34/50: acc=0.8441  f1m=0.6204  uplink_kB=172.5  t=2.30s
  round  35/50: acc=0.8402  f1m=0.6156  uplink_kB=172.5  t=2.17s
  round  36/50: acc=0.8406  f1m=0.6231  uplink_kB=172.5  t=2.28s
  round  37/50: acc=0.8442  f1m=0.6237  uplink_kB=172.5  t=2.15s
  round  38/50: acc=0.8494  f1m=0.6310  uplink_kB=172.5  t=2.12s
  round  39/50: acc=0.8482  f1m=0.6297  uplink_kB=172.5  t=2.26s
  round  40/50: acc=0.8456  f1m=0.6269  uplink_kB=172.5  t=2.19s
  round  41/50: acc=0.8411  f1m=0.6253  uplink_kB=172.5  t=2.16s
  round  42/50: acc=0.8432  f1m=0.6339  uplink_kB=172.5  t=2.17s
  round  43/50: acc=0.8447  f1m=0.6411  uplink_kB=172.5  t=2.17s
  round  44/50: acc=0.8442  f1m=0.6381  uplink_kB=172.5  t=2.15s
  round  45/50: acc=0.8443  f1m=0.6376  uplink_kB=172.5  t=2.13s
  round  46/50: acc=0.8489  f1m=0.6362  uplink_kB=172.5  t=2.14s
  round  47/50: acc=0.8452  f1m=0.6308  uplink_kB=172.5  t=2.12s
  round  48/50: acc=0.8519  f1m=0.6897  uplink_kB=172.5  t=2.18s
  round  49/50: acc=0.8392  f1m=0.6267  uplink_kB=172.5  t=2.14s
  round  50/50: acc=0.8452  f1m=0.6316  uplink_kB=172.5  t=2.16s
[run] DONE -> /Users/agentra/Documents/hao/working/paper-lab/hao-paper-2026/iotj-fedkan-ids/repo/results/lrsweep_cseciic_mc/lrsweep_mlp80_lr0p01__dir0.1__seed43/metrics.json  final_acc=0.8452
