[run] device=cpu  seed=116  out=/Users/agentra/Documents/hao/working/paper-lab/hao-paper-2026/iotj-fedkan-ids/repo/results/lrsweep_cseciic_mc50k/lrsweep_kan8_lr0p01__dir0.1__seed116
[run] model=kan  params=4,320
  round   1/50: acc=0.1440  f1m=0.0443  uplink_kB=190.8  t=3.68s
  round   2/50: acc=0.2569  f1m=0.0924  uplink_kB=190.8  t=3.06s
  round   3/50: acc=0.4963  f1m=0.2131  uplink_kB=190.8  t=3.11s
  round   4/50: acc=0.5443  f1m=0.2990  uplink_kB=190.8  t=2.98s
  round   5/50: acc=0.5249  f1m=0.2863  uplink_kB=190.8  t=3.13s
  round   6/50: acc=0.5940  f1m=0.3506  uplink_kB=190.8  t=3.05s
  round   7/50: acc=0.6951  f1m=0.4320  uplink_kB=190.8  t=3.04s
  round   8/50: acc=0.7743  f1m=0.4816  uplink_kB=190.8  t=3.03s
  round   9/50: acc=0.8036  f1m=0.5020  uplink_kB=190.8  t=3.12s
  round  10/50: acc=0.7923  f1m=0.5003  uplink_kB=190.8  t=2.98s
  round  11/50: acc=0.8089  f1m=0.5125  uplink_kB=190.8  t=3.14s
  round  12/50: acc=0.8149  f1m=0.5468  uplink_kB=190.8  t=3.08s
  round  13/50: acc=0.8261  f1m=0.5758  uplink_kB=190.8  t=3.17s
  round  14/50: acc=0.8270  f1m=0.5780  uplink_kB=190.8  t=3.07s
  round  15/50: acc=0.8302  f1m=0.5804  uplink_kB=190.8  t=3.15s
  round  16/50: acc=0.8288  f1m=0.5802  uplink_kB=190.8  t=3.04s
  round  17/50: acc=0.8312  f1m=0.5823  uplink_kB=190.8  t=3.13s
  round  18/50: acc=0.8336  f1m=0.5848  uplink_kB=190.8  t=3.06s
  round  19/50: acc=0.8343  f1m=0.5838  uplink_kB=190.8  t=3.06s
  round  20/50: acc=0.8361  f1m=0.5842  uplink_kB=190.8  t=3.03s
  round  21/50: acc=0.8288  f1m=0.5746  uplink_kB=190.8  t=3.07s
  round  22/50: acc=0.8270  f1m=0.5709  uplink_kB=190.8  t=3.15s
  round  23/50: acc=0.8333  f1m=0.5759  uplink_kB=190.8  t=3.04s
  round  24/50: acc=0.8322  f1m=0.5763  uplink_kB=190.8  t=3.30s
  round  25/50: acc=0.8312  f1m=0.5690  uplink_kB=190.8  t=3.35s
  round  26/50: acc=0.8303  f1m=0.5809  uplink_kB=190.8  t=3.21s
  round  27/50: acc=0.8314  f1m=0.5822  uplink_kB=190.8  t=3.09s
  round  28/50: acc=0.8326  f1m=0.5806  uplink_kB=190.8  t=3.03s
  round  29/50: acc=0.8199  f1m=0.5761  uplink_kB=190.8  t=3.09s
  round  30/50: acc=0.8361  f1m=0.5836  uplink_kB=190.8  t=3.13s
  round  31/50: acc=0.8346  f1m=0.5847  uplink_kB=190.8  t=3.00s
  round  32/50: acc=0.8373  f1m=0.5857  uplink_kB=190.8  t=3.19s
  round  33/50: acc=0.8359  f1m=0.5903  uplink_kB=190.8  t=3.02s
  round  34/50: acc=0.8408  f1m=0.5903  uplink_kB=190.8  t=3.16s
  round  35/50: acc=0.8320  f1m=0.5882  uplink_kB=190.8  t=3.07s
  round  36/50: acc=0.8409  f1m=0.5902  uplink_kB=190.8  t=3.10s
  round  37/50: acc=0.8417  f1m=0.5931  uplink_kB=190.8  t=3.06s
  round  38/50: acc=0.8410  f1m=0.5924  uplink_kB=190.8  t=3.07s
  round  39/50: acc=0.8406  f1m=0.5939  uplink_kB=190.8  t=2.99s
  round  40/50: acc=0.8416  f1m=0.5924  uplink_kB=190.8  t=3.06s
  round  41/50: acc=0.8370  f1m=0.5874  uplink_kB=190.8  t=3.02s
  round  42/50: acc=0.8413  f1m=0.5909  uplink_kB=190.8  t=3.07s
  round  43/50: acc=0.8598  f1m=0.6452  uplink_kB=190.8  t=2.95s
  round  44/50: acc=0.8440  f1m=0.5942  uplink_kB=190.8  t=3.10s
  round  45/50: acc=0.8581  f1m=0.6448  uplink_kB=190.8  t=3.02s
  round  46/50: acc=0.8391  f1m=0.5919  uplink_kB=190.8  t=3.04s
  round  47/50: acc=0.8621  f1m=0.6562  uplink_kB=190.8  t=3.03s
  round  48/50: acc=0.8519  f1m=0.6321  uplink_kB=190.8  t=3.17s
  round  49/50: acc=0.8674  f1m=0.6779  uplink_kB=190.8  t=3.03s
  round  50/50: acc=0.8396  f1m=0.6125  uplink_kB=190.8  t=3.10s
[run] DONE -> /Users/agentra/Documents/hao/working/paper-lab/hao-paper-2026/iotj-fedkan-ids/repo/results/lrsweep_cseciic_mc50k/lrsweep_kan8_lr0p01__dir0.1__seed116/metrics.json  final_acc=0.8396
