[run] device=cpu  seed=29  out=/Users/agentra/Documents/hao/working/paper-lab/hao-paper-2026/iotj-fedkan-ids/repo/results/lrsweep_cseciic_mc50k/lrsweep_kan8_lr0p03__dir0.1__seed29
[run] model=kan  params=4,320
  round   1/50: acc=0.2446  f1m=0.0854  uplink_kB=190.8  t=3.22s
  round   2/50: acc=0.6091  f1m=0.3094  uplink_kB=190.8  t=2.67s
  round   3/50: acc=0.6568  f1m=0.3736  uplink_kB=190.8  t=2.65s
  round   4/50: acc=0.7385  f1m=0.5071  uplink_kB=190.8  t=2.66s
  round   5/50: acc=0.6910  f1m=0.4292  uplink_kB=190.8  t=2.72s
  round   6/50: acc=0.7612  f1m=0.5453  uplink_kB=190.8  t=2.67s
  round   7/50: acc=0.8027  f1m=0.5869  uplink_kB=190.8  t=2.65s
  round   8/50: acc=0.7483  f1m=0.5089  uplink_kB=190.8  t=2.59s
  round   9/50: acc=0.8189  f1m=0.6052  uplink_kB=190.8  t=2.67s
  round  10/50: acc=0.8357  f1m=0.6294  uplink_kB=190.8  t=2.61s
  round  11/50: acc=0.8062  f1m=0.6008  uplink_kB=190.8  t=2.62s
  round  12/50: acc=0.8354  f1m=0.6407  uplink_kB=190.8  t=2.63s
  round  13/50: acc=0.7989  f1m=0.5905  uplink_kB=190.8  t=2.66s
  round  14/50: acc=0.8633  f1m=0.6609  uplink_kB=190.8  t=2.57s
  round  15/50: acc=0.8238  f1m=0.6209  uplink_kB=190.8  t=2.64s
  round  16/50: acc=0.8176  f1m=0.6105  uplink_kB=190.8  t=2.61s
  round  17/50: acc=0.8283  f1m=0.6271  uplink_kB=190.8  t=2.65s
  round  18/50: acc=0.8335  f1m=0.6474  uplink_kB=190.8  t=2.59s
  round  19/50: acc=0.8602  f1m=0.6594  uplink_kB=190.8  t=2.65s
  round  20/50: acc=0.8311  f1m=0.6269  uplink_kB=190.8  t=2.66s
  round  21/50: acc=0.8483  f1m=0.6465  uplink_kB=190.8  t=2.64s
  round  22/50: acc=0.8231  f1m=0.6193  uplink_kB=190.8  t=2.61s
  round  23/50: acc=0.8499  f1m=0.6530  uplink_kB=190.8  t=2.64s
  round  24/50: acc=0.8478  f1m=0.6431  uplink_kB=190.8  t=2.63s
  round  25/50: acc=0.8287  f1m=0.6184  uplink_kB=190.8  t=2.61s
  round  26/50: acc=0.8383  f1m=0.6338  uplink_kB=190.8  t=2.65s
  round  27/50: acc=0.8472  f1m=0.6470  uplink_kB=190.8  t=2.62s
  round  28/50: acc=0.8348  f1m=0.6298  uplink_kB=190.8  t=2.55s
  round  29/50: acc=0.8449  f1m=0.6458  uplink_kB=190.8  t=2.69s
  round  30/50: acc=0.8427  f1m=0.6304  uplink_kB=190.8  t=2.58s
  round  31/50: acc=0.8440  f1m=0.6424  uplink_kB=190.8  t=2.58s
  round  32/50: acc=0.8232  f1m=0.6116  uplink_kB=190.8  t=2.61s
  round  33/50: acc=0.8673  f1m=0.6717  uplink_kB=190.8  t=2.66s
  round  34/50: acc=0.8465  f1m=0.6554  uplink_kB=190.8  t=2.62s
  round  35/50: acc=0.8647  f1m=0.7270  uplink_kB=190.8  t=2.66s
  round  36/50: acc=0.8112  f1m=0.6032  uplink_kB=190.8  t=2.53s
  round  37/50: acc=0.8560  f1m=0.6552  uplink_kB=190.8  t=2.71s
  round  38/50: acc=0.8649  f1m=0.7304  uplink_kB=190.8  t=2.56s
  round  39/50: acc=0.8513  f1m=0.6505  uplink_kB=190.8  t=2.66s
  round  40/50: acc=0.8556  f1m=0.6588  uplink_kB=190.8  t=2.56s
  round  41/50: acc=0.8545  f1m=0.6560  uplink_kB=190.8  t=2.60s
  round  42/50: acc=0.8483  f1m=0.6490  uplink_kB=190.8  t=2.65s
  round  43/50: acc=0.8589  f1m=0.6614  uplink_kB=190.8  t=2.67s
  round  44/50: acc=0.8399  f1m=0.6347  uplink_kB=190.8  t=2.65s
  round  45/50: acc=0.8692  f1m=0.6658  uplink_kB=190.8  t=2.64s
  round  46/50: acc=0.8438  f1m=0.6445  uplink_kB=190.8  t=2.63s
  round  47/50: acc=0.8680  f1m=0.6648  uplink_kB=190.8  t=2.61s
  round  48/50: acc=0.8588  f1m=0.6645  uplink_kB=190.8  t=2.63s
  round  49/50: acc=0.8599  f1m=0.7194  uplink_kB=190.8  t=2.59s
  round  50/50: acc=0.8571  f1m=0.6518  uplink_kB=190.8  t=2.60s
[run] DONE -> /Users/agentra/Documents/hao/working/paper-lab/hao-paper-2026/iotj-fedkan-ids/repo/results/lrsweep_cseciic_mc50k/lrsweep_kan8_lr0p03__dir0.1__seed29/metrics.json  final_acc=0.8571
