[run] device=cpu  seed=108  out=/Users/agentra/Documents/hao/working/paper-lab/hao-paper-2026/iotj-fedkan-ids/repo/results/lrsweep_cseciic/lrsweep_mlp80_lr0p01__dir0.1__seed108
[run] model=mlp  params=3,362
  round   1/50: acc=0.7371  f1m=0.7224  uplink_kB=131.3  t=1.45s
  round   2/50: acc=0.8441  f1m=0.8430  uplink_kB=131.3  t=0.86s
  round   3/50: acc=0.8137  f1m=0.8104  uplink_kB=131.3  t=0.87s
  round   4/50: acc=0.8060  f1m=0.8021  uplink_kB=131.3  t=0.90s
  round   5/50: acc=0.8292  f1m=0.8268  uplink_kB=131.3  t=0.70s
  round   6/50: acc=0.8545  f1m=0.8534  uplink_kB=131.3  t=0.78s
  round   7/50: acc=0.8718  f1m=0.8711  uplink_kB=131.3  t=0.83s
  round   8/50: acc=0.8931  f1m=0.8931  uplink_kB=131.3  t=0.77s
  round   9/50: acc=0.8935  f1m=0.8935  uplink_kB=131.3  t=0.79s
  round  10/50: acc=0.9170  f1m=0.9169  uplink_kB=131.3  t=0.79s
  round  11/50: acc=0.9183  f1m=0.9182  uplink_kB=131.3  t=0.70s
  round  12/50: acc=0.9181  f1m=0.9180  uplink_kB=131.3  t=0.76s
  round  13/50: acc=0.9198  f1m=0.9198  uplink_kB=131.3  t=0.74s
  round  14/50: acc=0.9197  f1m=0.9196  uplink_kB=131.3  t=0.79s
  round  15/50: acc=0.9193  f1m=0.9192  uplink_kB=131.3  t=0.83s
  round  16/50: acc=0.9061  f1m=0.9061  uplink_kB=131.3  t=0.78s
  round  17/50: acc=0.9074  f1m=0.9074  uplink_kB=131.3  t=0.72s
  round  18/50: acc=0.9201  f1m=0.9200  uplink_kB=131.3  t=0.76s
  round  19/50: acc=0.9200  f1m=0.9199  uplink_kB=131.3  t=0.79s
  round  20/50: acc=0.9204  f1m=0.9204  uplink_kB=131.3  t=0.79s
  round  21/50: acc=0.9200  f1m=0.9199  uplink_kB=131.3  t=0.80s
  round  22/50: acc=0.9215  f1m=0.9214  uplink_kB=131.3  t=0.77s
  round  23/50: acc=0.9183  f1m=0.9181  uplink_kB=131.3  t=0.80s
  round  24/50: acc=0.9214  f1m=0.9214  uplink_kB=131.3  t=0.74s
  round  25/50: acc=0.9243  f1m=0.9243  uplink_kB=131.3  t=0.79s
  round  26/50: acc=0.9227  f1m=0.9226  uplink_kB=131.3  t=0.81s
  round  27/50: acc=0.9249  f1m=0.9249  uplink_kB=131.3  t=0.79s
  round  28/50: acc=0.9188  f1m=0.9187  uplink_kB=131.3  t=0.78s
  round  29/50: acc=0.9256  f1m=0.9255  uplink_kB=131.3  t=0.78s
  round  30/50: acc=0.9236  f1m=0.9236  uplink_kB=131.3  t=0.78s
  round  31/50: acc=0.9269  f1m=0.9268  uplink_kB=131.3  t=0.72s
  round  32/50: acc=0.9124  f1m=0.9124  uplink_kB=131.3  t=0.77s
  round  33/50: acc=0.9244  f1m=0.9244  uplink_kB=131.3  t=0.79s
  round  34/50: acc=0.9127  f1m=0.9127  uplink_kB=131.3  t=0.75s
  round  35/50: acc=0.9209  f1m=0.9208  uplink_kB=131.3  t=0.78s
  round  36/50: acc=0.9262  f1m=0.9261  uplink_kB=131.3  t=0.79s
  round  37/50: acc=0.9254  f1m=0.9253  uplink_kB=131.3  t=0.70s
  round  38/50: acc=0.9215  f1m=0.9213  uplink_kB=131.3  t=0.81s
  round  39/50: acc=0.9264  f1m=0.9263  uplink_kB=131.3  t=0.79s
  round  40/50: acc=0.9277  f1m=0.9276  uplink_kB=131.3  t=0.83s
  round  41/50: acc=0.9273  f1m=0.9273  uplink_kB=131.3  t=0.83s
  round  42/50: acc=0.9260  f1m=0.9259  uplink_kB=131.3  t=0.85s
  round  43/50: acc=0.9254  f1m=0.9254  uplink_kB=131.3  t=0.72s
  round  44/50: acc=0.9313  f1m=0.9312  uplink_kB=131.3  t=0.79s
  round  45/50: acc=0.9290  f1m=0.9290  uplink_kB=131.3  t=0.81s
  round  46/50: acc=0.9298  f1m=0.9298  uplink_kB=131.3  t=0.83s
  round  47/50: acc=0.9164  f1m=0.9164  uplink_kB=131.3  t=0.80s
  round  48/50: acc=0.9299  f1m=0.9298  uplink_kB=131.3  t=0.81s
  round  49/50: acc=0.9295  f1m=0.9294  uplink_kB=131.3  t=0.77s
  round  50/50: acc=0.9179  f1m=0.9179  uplink_kB=131.3  t=0.74s
[run] DONE -> /Users/agentra/Documents/hao/working/paper-lab/hao-paper-2026/iotj-fedkan-ids/repo/results/lrsweep_cseciic/lrsweep_mlp80_lr0p01__dir0.1__seed108/metrics.json  final_acc=0.9179
