[run] device=cpu  seed=2026  out=/Users/agentra/Documents/hao/working/paper-lab/hao-paper-2026/iotj-fedkan-ids/repo/results/lrsweep_toniot/lrsweep_kan16_lr0p001__dir0.1__seed2026
[run] model=kan  params=6,560
  round   1/50: acc=0.6305  f1m=0.6063  uplink_kB=282.0  t=2.31s
  round   2/50: acc=0.6426  f1m=0.6207  uplink_kB=282.0  t=1.86s
  round   3/50: acc=0.6454  f1m=0.6254  uplink_kB=282.0  t=1.82s
  round   4/50: acc=0.6799  f1m=0.6661  uplink_kB=282.0  t=1.83s
  round   5/50: acc=0.7128  f1m=0.7047  uplink_kB=282.0  t=1.78s
  round   6/50: acc=0.7300  f1m=0.7243  uplink_kB=282.0  t=1.87s
  round   7/50: acc=0.7352  f1m=0.7307  uplink_kB=282.0  t=1.85s
  round   8/50: acc=0.7378  f1m=0.7336  uplink_kB=282.0  t=1.87s
  round   9/50: acc=0.7403  f1m=0.7368  uplink_kB=282.0  t=1.89s
  round  10/50: acc=0.7423  f1m=0.7388  uplink_kB=282.0  t=1.86s
  round  11/50: acc=0.7445  f1m=0.7411  uplink_kB=282.0  t=1.82s
  round  12/50: acc=0.7476  f1m=0.7441  uplink_kB=282.0  t=1.87s
  round  13/50: acc=0.7499  f1m=0.7465  uplink_kB=282.0  t=1.87s
  round  14/50: acc=0.8799  f1m=0.8799  uplink_kB=282.0  t=1.85s
  round  15/50: acc=0.8839  f1m=0.8839  uplink_kB=282.0  t=1.87s
  round  16/50: acc=0.8911  f1m=0.8911  uplink_kB=282.0  t=1.85s
  round  17/50: acc=0.8923  f1m=0.8923  uplink_kB=282.0  t=1.87s
  round  18/50: acc=0.8946  f1m=0.8946  uplink_kB=282.0  t=1.82s
  round  19/50: acc=0.8958  f1m=0.8958  uplink_kB=282.0  t=1.82s
  round  20/50: acc=0.8957  f1m=0.8957  uplink_kB=282.0  t=1.86s
  round  21/50: acc=0.8980  f1m=0.8980  uplink_kB=282.0  t=1.84s
  round  22/50: acc=0.8991  f1m=0.8991  uplink_kB=282.0  t=1.85s
  round  23/50: acc=0.9028  f1m=0.9028  uplink_kB=282.0  t=1.84s
  round  24/50: acc=0.9033  f1m=0.9033  uplink_kB=282.0  t=1.88s
  round  25/50: acc=0.9040  f1m=0.9040  uplink_kB=282.0  t=1.80s
  round  26/50: acc=0.9052  f1m=0.9052  uplink_kB=282.0  t=1.85s
  round  27/50: acc=0.9063  f1m=0.9063  uplink_kB=282.0  t=1.85s
  round  28/50: acc=0.9060  f1m=0.9060  uplink_kB=282.0  t=1.86s
  round  29/50: acc=0.9096  f1m=0.9095  uplink_kB=282.0  t=1.87s
  round  30/50: acc=0.9108  f1m=0.9108  uplink_kB=282.0  t=1.84s
  round  31/50: acc=0.9198  f1m=0.9198  uplink_kB=282.0  t=1.86s
  round  32/50: acc=0.9177  f1m=0.9177  uplink_kB=282.0  t=1.84s
  round  33/50: acc=0.9213  f1m=0.9213  uplink_kB=282.0  t=1.84s
  round  34/50: acc=0.9181  f1m=0.9180  uplink_kB=282.0  t=1.88s
  round  35/50: acc=0.9190  f1m=0.9189  uplink_kB=282.0  t=1.85s
  round  36/50: acc=0.9211  f1m=0.9211  uplink_kB=282.0  t=1.80s
  round  37/50: acc=0.9235  f1m=0.9234  uplink_kB=282.0  t=1.87s
  round  38/50: acc=0.9219  f1m=0.9218  uplink_kB=282.0  t=1.83s
  round  39/50: acc=0.9318  f1m=0.9318  uplink_kB=282.0  t=1.86s
  round  40/50: acc=0.9276  f1m=0.9276  uplink_kB=282.0  t=1.85s
  round  41/50: acc=0.9342  f1m=0.9341  uplink_kB=282.0  t=1.85s
  round  42/50: acc=0.9321  f1m=0.9320  uplink_kB=282.0  t=1.85s
  round  43/50: acc=0.9332  f1m=0.9332  uplink_kB=282.0  t=1.86s
  round  44/50: acc=0.9367  f1m=0.9366  uplink_kB=282.0  t=1.80s
  round  45/50: acc=0.9388  f1m=0.9388  uplink_kB=282.0  t=1.88s
  round  46/50: acc=0.9389  f1m=0.9388  uplink_kB=282.0  t=1.84s
  round  47/50: acc=0.9395  f1m=0.9394  uplink_kB=282.0  t=1.86s
  round  48/50: acc=0.9422  f1m=0.9421  uplink_kB=282.0  t=1.86s
  round  49/50: acc=0.9420  f1m=0.9420  uplink_kB=282.0  t=1.85s
  round  50/50: acc=0.9405  f1m=0.9405  uplink_kB=282.0  t=1.79s
[run] DONE -> /Users/agentra/Documents/hao/working/paper-lab/hao-paper-2026/iotj-fedkan-ids/repo/results/lrsweep_toniot/lrsweep_kan16_lr0p001__dir0.1__seed2026/metrics.json  final_acc=0.9405
