[run] device=cpu  seed=31  out=/Users/agentra/Documents/hao/working/paper-lab/hao-paper-2026/iotj-fedkan-ids/repo/results/sensitivity_botiot/sens_h16__dir0.1__seed31
[run] model=kan  params=6,560
  round   1/50: acc=0.8165  f1m=0.8126  uplink_kB=282.0  t=2.77s
  round   2/50: acc=0.9019  f1m=0.9018  uplink_kB=282.0  t=1.87s
  round   3/50: acc=0.9342  f1m=0.9342  uplink_kB=282.0  t=1.92s
  round   4/50: acc=0.9328  f1m=0.9328  uplink_kB=282.0  t=1.89s
  round   5/50: acc=0.9364  f1m=0.9364  uplink_kB=282.0  t=1.97s
  round   6/50: acc=0.9449  f1m=0.9449  uplink_kB=282.0  t=1.86s
  round   7/50: acc=0.9460  f1m=0.9460  uplink_kB=282.0  t=1.96s
  round   8/50: acc=0.9152  f1m=0.9151  uplink_kB=282.0  t=1.91s
  round   9/50: acc=0.9629  f1m=0.9629  uplink_kB=282.0  t=1.96s
  round  10/50: acc=0.9623  f1m=0.9623  uplink_kB=282.0  t=1.94s
  round  11/50: acc=0.9627  f1m=0.9627  uplink_kB=282.0  t=1.96s
  round  12/50: acc=0.9641  f1m=0.9640  uplink_kB=282.0  t=1.84s
  round  13/50: acc=0.9633  f1m=0.9633  uplink_kB=282.0  t=2.24s
  round  14/50: acc=0.9628  f1m=0.9628  uplink_kB=282.0  t=2.08s
  round  15/50: acc=0.9631  f1m=0.9631  uplink_kB=282.0  t=1.94s
  round  16/50: acc=0.9625  f1m=0.9625  uplink_kB=282.0  t=1.92s
  round  17/50: acc=0.9647  f1m=0.9646  uplink_kB=282.0  t=1.98s
  round  18/50: acc=0.9652  f1m=0.9652  uplink_kB=282.0  t=1.84s
  round  19/50: acc=0.9675  f1m=0.9675  uplink_kB=282.0  t=1.92s
  round  20/50: acc=0.9670  f1m=0.9670  uplink_kB=282.0  t=1.92s
  round  21/50: acc=0.9670  f1m=0.9670  uplink_kB=282.0  t=1.92s
  round  22/50: acc=0.9681  f1m=0.9681  uplink_kB=282.0  t=1.98s
  round  23/50: acc=0.9682  f1m=0.9682  uplink_kB=282.0  t=1.85s
  round  24/50: acc=0.9677  f1m=0.9677  uplink_kB=282.0  t=1.99s
  round  25/50: acc=0.9697  f1m=0.9697  uplink_kB=282.0  t=1.71s
  round  26/50: acc=0.9697  f1m=0.9697  uplink_kB=282.0  t=1.80s
  round  27/50: acc=0.9698  f1m=0.9698  uplink_kB=282.0  t=1.98s
  round  28/50: acc=0.9702  f1m=0.9702  uplink_kB=282.0  t=1.95s
  round  29/50: acc=0.9703  f1m=0.9703  uplink_kB=282.0  t=2.08s
  round  30/50: acc=0.9701  f1m=0.9701  uplink_kB=282.0  t=1.88s
  round  31/50: acc=0.9703  f1m=0.9703  uplink_kB=282.0  t=1.85s
  round  32/50: acc=0.9706  f1m=0.9706  uplink_kB=282.0  t=1.95s
  round  33/50: acc=0.9710  f1m=0.9709  uplink_kB=282.0  t=1.84s
  round  34/50: acc=0.9706  f1m=0.9706  uplink_kB=282.0  t=1.81s
  round  35/50: acc=0.9724  f1m=0.9724  uplink_kB=282.0  t=1.77s
  round  36/50: acc=0.9707  f1m=0.9707  uplink_kB=282.0  t=1.81s
  round  37/50: acc=0.9713  f1m=0.9713  uplink_kB=282.0  t=2.04s
  round  38/50: acc=0.9727  f1m=0.9727  uplink_kB=282.0  t=2.21s
  round  39/50: acc=0.9724  f1m=0.9723  uplink_kB=282.0  t=2.11s
  round  40/50: acc=0.9724  f1m=0.9724  uplink_kB=282.0  t=2.04s
  round  41/50: acc=0.9649  f1m=0.9649  uplink_kB=282.0  t=1.80s
  round  42/50: acc=0.9724  f1m=0.9724  uplink_kB=282.0  t=1.95s
  round  43/50: acc=0.9726  f1m=0.9726  uplink_kB=282.0  t=1.99s
  round  44/50: acc=0.9724  f1m=0.9724  uplink_kB=282.0  t=1.95s
  round  45/50: acc=0.9728  f1m=0.9728  uplink_kB=282.0  t=1.93s
  round  46/50: acc=0.9727  f1m=0.9727  uplink_kB=282.0  t=1.94s
  round  47/50: acc=0.9727  f1m=0.9726  uplink_kB=282.0  t=1.86s
  round  48/50: acc=0.9736  f1m=0.9736  uplink_kB=282.0  t=1.93s
  round  49/50: acc=0.9731  f1m=0.9730  uplink_kB=282.0  t=2.03s
  round  50/50: acc=0.9722  f1m=0.9722  uplink_kB=282.0  t=1.98s
[run] DONE -> /Users/agentra/Documents/hao/working/paper-lab/hao-paper-2026/iotj-fedkan-ids/repo/results/sensitivity_botiot/sens_h16__dir0.1__seed31/metrics.json  final_acc=0.9722
