[run] device=cpu  seed=11  out=/Users/agentra/Documents/hao/working/paper-lab/hao-paper-2026/iotj-fedkan-ids/repo/results/mc_botiot/mc_kan16_lr0p01__dir0.1__seed11
[run] model=kan  params=7,040
  round   1/50: acc=0.4165  f1m=0.2221  uplink_kB=300.8  t=2.44s
  round   2/50: acc=0.4912  f1m=0.2957  uplink_kB=300.8  t=1.79s
  round   3/50: acc=0.4998  f1m=0.3107  uplink_kB=300.8  t=1.69s
  round   4/50: acc=0.6362  f1m=0.4466  uplink_kB=300.8  t=1.74s
  round   5/50: acc=0.6365  f1m=0.4469  uplink_kB=300.8  t=1.73s
  round   6/50: acc=0.6659  f1m=0.4676  uplink_kB=300.8  t=1.78s
  round   7/50: acc=0.7026  f1m=0.4937  uplink_kB=300.8  t=1.77s
  round   8/50: acc=0.7021  f1m=0.4916  uplink_kB=300.8  t=1.70s
  round   9/50: acc=0.7035  f1m=0.4935  uplink_kB=300.8  t=1.76s
  round  10/50: acc=0.7156  f1m=0.5149  uplink_kB=300.8  t=1.77s
  round  11/50: acc=0.7681  f1m=0.5909  uplink_kB=300.8  t=1.78s
  round  12/50: acc=0.7583  f1m=0.5782  uplink_kB=300.8  t=1.76s
  round  13/50: acc=0.7789  f1m=0.6047  uplink_kB=300.8  t=1.70s
  round  14/50: acc=0.7764  f1m=0.6016  uplink_kB=300.8  t=1.81s
  round  15/50: acc=0.7831  f1m=0.6093  uplink_kB=300.8  t=1.83s
  round  16/50: acc=0.7794  f1m=0.6057  uplink_kB=300.8  t=1.72s
  round  17/50: acc=0.7852  f1m=0.6112  uplink_kB=300.8  t=1.76s
  round  18/50: acc=0.7894  f1m=0.6178  uplink_kB=300.8  t=1.72s
  round  19/50: acc=0.7989  f1m=0.6277  uplink_kB=300.8  t=1.70s
  round  20/50: acc=0.7990  f1m=0.6282  uplink_kB=300.8  t=1.83s
  round  21/50: acc=0.7821  f1m=0.6069  uplink_kB=300.8  t=1.71s
  round  22/50: acc=0.7972  f1m=0.6259  uplink_kB=300.8  t=1.71s
  round  23/50: acc=0.7996  f1m=0.6283  uplink_kB=300.8  t=1.80s
  round  24/50: acc=0.8376  f1m=0.6677  uplink_kB=300.8  t=1.71s
  round  25/50: acc=0.8366  f1m=0.6669  uplink_kB=300.8  t=1.78s
  round  26/50: acc=0.8413  f1m=0.6718  uplink_kB=300.8  t=1.74s
  round  27/50: acc=0.8426  f1m=0.6730  uplink_kB=300.8  t=1.72s
  round  28/50: acc=0.8394  f1m=0.6699  uplink_kB=300.8  t=1.73s
  round  29/50: acc=0.8404  f1m=0.6708  uplink_kB=300.8  t=1.76s
  round  30/50: acc=0.8408  f1m=0.6714  uplink_kB=300.8  t=1.79s
  round  31/50: acc=0.8213  f1m=0.6565  uplink_kB=300.8  t=1.74s
  round  32/50: acc=0.8429  f1m=0.6739  uplink_kB=300.8  t=1.76s
  round  33/50: acc=0.8354  f1m=0.6652  uplink_kB=300.8  t=1.70s
  round  34/50: acc=0.8549  f1m=0.6833  uplink_kB=300.8  t=1.77s
  round  35/50: acc=0.8393  f1m=0.6700  uplink_kB=300.8  t=1.76s
  round  36/50: acc=0.8475  f1m=0.6781  uplink_kB=300.8  t=1.71s
  round  37/50: acc=0.8428  f1m=0.6735  uplink_kB=300.8  t=1.74s
  round  38/50: acc=0.8491  f1m=0.6792  uplink_kB=300.8  t=1.77s
  round  39/50: acc=0.8442  f1m=0.6748  uplink_kB=300.8  t=1.79s
  round  40/50: acc=0.7129  f1m=0.5823  uplink_kB=300.8  t=1.72s
  round  41/50: acc=0.8568  f1m=0.6846  uplink_kB=300.8  t=1.74s
  round  42/50: acc=0.8409  f1m=0.6719  uplink_kB=300.8  t=1.71s
  round  43/50: acc=0.8733  f1m=0.7002  uplink_kB=300.8  t=1.72s
  round  44/50: acc=0.8584  f1m=0.6863  uplink_kB=300.8  t=1.82s
  round  45/50: acc=0.8631  f1m=0.6912  uplink_kB=300.8  t=1.79s
  round  46/50: acc=0.8599  f1m=0.6895  uplink_kB=300.8  t=1.74s
  round  47/50: acc=0.8596  f1m=0.6882  uplink_kB=300.8  t=1.76s
  round  48/50: acc=0.8699  f1m=0.6978  uplink_kB=300.8  t=1.80s
  round  49/50: acc=0.8563  f1m=0.6889  uplink_kB=300.8  t=1.82s
  round  50/50: acc=0.8718  f1m=0.6988  uplink_kB=300.8  t=1.88s
[run] DONE -> /Users/agentra/Documents/hao/working/paper-lab/hao-paper-2026/iotj-fedkan-ids/repo/results/mc_botiot/mc_kan16_lr0p01__dir0.1__seed11/metrics.json  final_acc=0.8718
