[run] device=cpu  seed=105  out=/Users/agentra/Documents/hao/working/paper-lab/hao-paper-2026/iotj-fedkan-ids/repo/results/lrsweep_cseciic/lrsweep_kan8_lr0p003__dir0.1__seed105
[run] model=kan  params=3,280
  round   1/50: acc=0.5712  f1m=0.4845  uplink_kB=150.2  t=2.70s
  round   2/50: acc=0.5690  f1m=0.4766  uplink_kB=150.2  t=2.02s
  round   3/50: acc=0.5674  f1m=0.4736  uplink_kB=150.2  t=1.91s
  round   4/50: acc=0.5637  f1m=0.4666  uplink_kB=150.2  t=1.91s
  round   5/50: acc=0.5580  f1m=0.4558  uplink_kB=150.2  t=1.93s
  round   6/50: acc=0.5706  f1m=0.4793  uplink_kB=150.2  t=1.84s
  round   7/50: acc=0.5783  f1m=0.4930  uplink_kB=150.2  t=1.90s
  round   8/50: acc=0.5656  f1m=0.4700  uplink_kB=150.2  t=1.93s
  round   9/50: acc=0.5750  f1m=0.4872  uplink_kB=150.2  t=1.90s
  round  10/50: acc=0.6082  f1m=0.5435  uplink_kB=150.2  t=1.97s
  round  11/50: acc=0.6851  f1m=0.6567  uplink_kB=150.2  t=1.94s
  round  12/50: acc=0.7160  f1m=0.6977  uplink_kB=150.2  t=1.94s
  round  13/50: acc=0.7338  f1m=0.7192  uplink_kB=150.2  t=1.86s
  round  14/50: acc=0.7548  f1m=0.7442  uplink_kB=150.2  t=1.90s
  round  15/50: acc=0.7686  f1m=0.7610  uplink_kB=150.2  t=1.96s
  round  16/50: acc=0.7812  f1m=0.7759  uplink_kB=150.2  t=1.91s
  round  17/50: acc=0.7807  f1m=0.7753  uplink_kB=150.2  t=1.91s
  round  18/50: acc=0.7865  f1m=0.7817  uplink_kB=150.2  t=1.93s
  round  19/50: acc=0.7834  f1m=0.7783  uplink_kB=150.2  t=1.80s
  round  20/50: acc=0.7857  f1m=0.7809  uplink_kB=150.2  t=1.92s
  round  21/50: acc=0.7951  f1m=0.7913  uplink_kB=150.2  t=1.97s
  round  22/50: acc=0.7881  f1m=0.7835  uplink_kB=150.2  t=1.93s
  round  23/50: acc=0.7842  f1m=0.7815  uplink_kB=150.2  t=1.96s
  round  24/50: acc=0.7934  f1m=0.7892  uplink_kB=150.2  t=1.93s
  round  25/50: acc=0.7935  f1m=0.7894  uplink_kB=150.2  t=1.94s
  round  26/50: acc=0.7931  f1m=0.7889  uplink_kB=150.2  t=1.80s
  round  27/50: acc=0.7712  f1m=0.7648  uplink_kB=150.2  t=1.92s
  round  28/50: acc=0.7298  f1m=0.7194  uplink_kB=150.2  t=1.92s
  round  29/50: acc=0.7516  f1m=0.7459  uplink_kB=150.2  t=1.91s
  round  30/50: acc=0.7429  f1m=0.7362  uplink_kB=150.2  t=1.93s
  round  31/50: acc=0.7824  f1m=0.7795  uplink_kB=150.2  t=1.90s
  round  32/50: acc=0.7876  f1m=0.7850  uplink_kB=150.2  t=1.98s
  round  33/50: acc=0.7949  f1m=0.7928  uplink_kB=150.2  t=1.88s
  round  34/50: acc=0.7916  f1m=0.7893  uplink_kB=150.2  t=1.97s
  round  35/50: acc=0.7837  f1m=0.7809  uplink_kB=150.2  t=1.92s
  round  36/50: acc=0.7308  f1m=0.7225  uplink_kB=150.2  t=1.94s
  round  37/50: acc=0.7667  f1m=0.7625  uplink_kB=150.2  t=1.92s
  round  38/50: acc=0.7507  f1m=0.7445  uplink_kB=150.2  t=1.93s
  round  39/50: acc=0.7733  f1m=0.7698  uplink_kB=150.2  t=1.90s
  round  40/50: acc=0.7700  f1m=0.7633  uplink_kB=150.2  t=1.91s
  round  41/50: acc=0.7733  f1m=0.7670  uplink_kB=150.2  t=1.83s
  round  42/50: acc=0.7362  f1m=0.7285  uplink_kB=150.2  t=1.95s
  round  43/50: acc=0.7802  f1m=0.7771  uplink_kB=150.2  t=1.89s
  round  44/50: acc=0.7503  f1m=0.7444  uplink_kB=150.2  t=1.90s
  round  45/50: acc=0.7335  f1m=0.7255  uplink_kB=150.2  t=1.93s
  round  46/50: acc=0.7425  f1m=0.7356  uplink_kB=150.2  t=1.94s
  round  47/50: acc=0.7068  f1m=0.6891  uplink_kB=150.2  t=1.87s
  round  48/50: acc=0.7053  f1m=0.6924  uplink_kB=150.2  t=1.90s
  round  49/50: acc=0.6968  f1m=0.6760  uplink_kB=150.2  t=1.91s
  round  50/50: acc=0.7027  f1m=0.6893  uplink_kB=150.2  t=1.89s
[run] DONE -> /Users/agentra/Documents/hao/working/paper-lab/hao-paper-2026/iotj-fedkan-ids/repo/results/lrsweep_cseciic/lrsweep_kan8_lr0p003__dir0.1__seed105/metrics.json  final_acc=0.7027
