[run] device=cpu  seed=11  out=/Users/agentra/Documents/hao/working/paper-lab/hao-paper-2026/iotj-fedkan-ids/repo/results/lrsweep_botiot/lrsweep_kan8_lr0p1__dir0.1__seed11
[run] model=kan  params=3,280
  round   1/50: acc=0.5145  f1m=0.3631  uplink_kB=150.2  t=2.27s
  round   2/50: acc=0.9567  f1m=0.9567  uplink_kB=150.2  t=1.66s
  round   3/50: acc=0.9542  f1m=0.9542  uplink_kB=150.2  t=1.61s
  round   4/50: acc=0.9680  f1m=0.9680  uplink_kB=150.2  t=1.63s
  round   5/50: acc=0.7826  f1m=0.7720  uplink_kB=150.2  t=1.64s
  round   6/50: acc=0.9635  f1m=0.9635  uplink_kB=150.2  t=1.60s
  round   7/50: acc=0.9656  f1m=0.9656  uplink_kB=150.2  t=1.65s
  round   8/50: acc=0.9134  f1m=0.9128  uplink_kB=150.2  t=1.58s
  round   9/50: acc=0.9430  f1m=0.9430  uplink_kB=150.2  t=1.65s
  round  10/50: acc=0.8997  f1m=0.8987  uplink_kB=150.2  t=1.62s
  round  11/50: acc=0.9654  f1m=0.9654  uplink_kB=150.2  t=1.60s
  round  12/50: acc=0.9567  f1m=0.9567  uplink_kB=150.2  t=1.63s
  round  13/50: acc=0.8981  f1m=0.8973  uplink_kB=150.2  t=1.60s
  round  14/50: acc=0.8955  f1m=0.8954  uplink_kB=150.2  t=1.59s
  round  15/50: acc=0.9571  f1m=0.9571  uplink_kB=150.2  t=1.59s
  round  16/50: acc=0.9515  f1m=0.9515  uplink_kB=150.2  t=1.65s
  round  17/50: acc=0.9653  f1m=0.9652  uplink_kB=150.2  t=1.59s
  round  18/50: acc=0.9302  f1m=0.9300  uplink_kB=150.2  t=1.68s
  round  19/50: acc=0.9659  f1m=0.9659  uplink_kB=150.2  t=1.61s
  round  20/50: acc=0.8995  f1m=0.8986  uplink_kB=150.2  t=1.58s
  round  21/50: acc=0.9618  f1m=0.9618  uplink_kB=150.2  t=1.65s
  round  22/50: acc=0.9574  f1m=0.9574  uplink_kB=150.2  t=1.61s
  round  23/50: acc=0.9582  f1m=0.9582  uplink_kB=150.2  t=1.62s
  round  24/50: acc=0.9597  f1m=0.9597  uplink_kB=150.2  t=1.67s
  round  25/50: acc=0.9565  f1m=0.9564  uplink_kB=150.2  t=1.65s
  round  26/50: acc=0.9637  f1m=0.9636  uplink_kB=150.2  t=1.57s
  round  27/50: acc=0.9536  f1m=0.9536  uplink_kB=150.2  t=1.62s
  round  28/50: acc=0.9221  f1m=0.9217  uplink_kB=150.2  t=1.59s
  round  29/50: acc=0.9144  f1m=0.9138  uplink_kB=150.2  t=1.61s
  round  30/50: acc=0.9153  f1m=0.9147  uplink_kB=150.2  t=1.61s
  round  31/50: acc=0.9545  f1m=0.9545  uplink_kB=150.2  t=1.65s
  round  32/50: acc=0.9563  f1m=0.9562  uplink_kB=150.2  t=1.60s
  round  33/50: acc=0.9572  f1m=0.9572  uplink_kB=150.2  t=1.63s
  round  34/50: acc=0.9471  f1m=0.9471  uplink_kB=150.2  t=1.64s
  round  35/50: acc=0.9079  f1m=0.9071  uplink_kB=150.2  t=1.64s
  round  36/50: acc=0.9566  f1m=0.9566  uplink_kB=150.2  t=1.66s
  round  37/50: acc=0.9527  f1m=0.9527  uplink_kB=150.2  t=1.61s
  round  38/50: acc=0.9115  f1m=0.9110  uplink_kB=150.2  t=1.70s
  round  39/50: acc=0.9134  f1m=0.9128  uplink_kB=150.2  t=1.67s
  round  40/50: acc=0.9137  f1m=0.9131  uplink_kB=150.2  t=1.68s
  round  41/50: acc=0.9595  f1m=0.9595  uplink_kB=150.2  t=1.68s
  round  42/50: acc=0.9595  f1m=0.9595  uplink_kB=150.2  t=1.64s
  round  43/50: acc=0.9588  f1m=0.9588  uplink_kB=150.2  t=1.60s
  round  44/50: acc=0.9586  f1m=0.9586  uplink_kB=150.2  t=1.63s
  round  45/50: acc=0.9578  f1m=0.9578  uplink_kB=150.2  t=1.69s
  round  46/50: acc=0.9588  f1m=0.9588  uplink_kB=150.2  t=1.62s
  round  47/50: acc=0.9568  f1m=0.9568  uplink_kB=150.2  t=1.65s
  round  48/50: acc=0.9660  f1m=0.9660  uplink_kB=150.2  t=1.65s
  round  49/50: acc=0.9652  f1m=0.9651  uplink_kB=150.2  t=1.62s
  round  50/50: acc=0.9697  f1m=0.9697  uplink_kB=150.2  t=1.77s
[run] DONE -> /Users/agentra/Documents/hao/working/paper-lab/hao-paper-2026/iotj-fedkan-ids/repo/results/lrsweep_botiot/lrsweep_kan8_lr0p1__dir0.1__seed11/metrics.json  final_acc=0.9697
