[run] device=cpu  seed=11  out=/Users/agentra/Documents/hao/working/paper-lab/hao-paper-2026/iotj-fedkan-ids/repo/results/lrsweep_toniot/lrsweep_kan16_lr0p01__dir0.1__seed11
[run] model=kan  params=6,560
  round   1/50: acc=0.6126  f1m=0.6059  uplink_kB=282.0  t=2.25s
  round   2/50: acc=0.6555  f1m=0.6428  uplink_kB=282.0  t=1.86s
  round   3/50: acc=0.6516  f1m=0.6405  uplink_kB=282.0  t=1.84s
  round   4/50: acc=0.7191  f1m=0.7158  uplink_kB=282.0  t=1.90s
  round   5/50: acc=0.7249  f1m=0.7216  uplink_kB=282.0  t=1.84s
  round   6/50: acc=0.7713  f1m=0.7710  uplink_kB=282.0  t=1.89s
  round   7/50: acc=0.7724  f1m=0.7719  uplink_kB=282.0  t=1.80s
  round   8/50: acc=0.7360  f1m=0.7331  uplink_kB=282.0  t=1.86s
  round   9/50: acc=0.7685  f1m=0.7674  uplink_kB=282.0  t=1.86s
  round  10/50: acc=0.7314  f1m=0.7276  uplink_kB=282.0  t=1.87s
  round  11/50: acc=0.7705  f1m=0.7690  uplink_kB=282.0  t=1.84s
  round  12/50: acc=0.7742  f1m=0.7723  uplink_kB=282.0  t=1.78s
  round  13/50: acc=0.7377  f1m=0.7310  uplink_kB=282.0  t=1.88s
  round  14/50: acc=0.7355  f1m=0.7318  uplink_kB=282.0  t=1.87s
  round  15/50: acc=0.6268  f1m=0.5885  uplink_kB=282.0  t=1.89s
  round  16/50: acc=0.8359  f1m=0.8358  uplink_kB=282.0  t=1.86s
  round  17/50: acc=0.7122  f1m=0.6993  uplink_kB=282.0  t=1.84s
  round  18/50: acc=0.8086  f1m=0.8070  uplink_kB=282.0  t=1.80s
  round  19/50: acc=0.7966  f1m=0.7949  uplink_kB=282.0  t=1.89s
  round  20/50: acc=0.7843  f1m=0.7824  uplink_kB=282.0  t=1.89s
  round  21/50: acc=0.7264  f1m=0.7173  uplink_kB=282.0  t=1.89s
  round  22/50: acc=0.8668  f1m=0.8665  uplink_kB=282.0  t=1.85s
  round  23/50: acc=0.8609  f1m=0.8603  uplink_kB=282.0  t=1.92s
  round  24/50: acc=0.7789  f1m=0.7786  uplink_kB=282.0  t=1.89s
  round  25/50: acc=0.8754  f1m=0.8754  uplink_kB=282.0  t=1.83s
  round  26/50: acc=0.8835  f1m=0.8830  uplink_kB=282.0  t=1.90s
  round  27/50: acc=0.8770  f1m=0.8764  uplink_kB=282.0  t=1.88s
  round  28/50: acc=0.8958  f1m=0.8955  uplink_kB=282.0  t=1.90s
  round  29/50: acc=0.8730  f1m=0.8727  uplink_kB=282.0  t=1.86s
  round  30/50: acc=0.6359  f1m=0.6059  uplink_kB=282.0  t=1.87s
  round  31/50: acc=0.8776  f1m=0.8769  uplink_kB=282.0  t=1.83s
  round  32/50: acc=0.8057  f1m=0.8030  uplink_kB=282.0  t=1.86s
  round  33/50: acc=0.8822  f1m=0.8821  uplink_kB=282.0  t=1.86s
  round  34/50: acc=0.9063  f1m=0.9063  uplink_kB=282.0  t=1.91s
  round  35/50: acc=0.9025  f1m=0.9025  uplink_kB=282.0  t=1.90s
  round  36/50: acc=0.9010  f1m=0.9009  uplink_kB=282.0  t=1.87s
  round  37/50: acc=0.8702  f1m=0.8691  uplink_kB=282.0  t=1.87s
  round  38/50: acc=0.9137  f1m=0.9137  uplink_kB=282.0  t=1.82s
  round  39/50: acc=0.8929  f1m=0.8929  uplink_kB=282.0  t=1.86s
  round  40/50: acc=0.9027  f1m=0.9026  uplink_kB=282.0  t=1.89s
  round  41/50: acc=0.8827  f1m=0.8822  uplink_kB=282.0  t=1.86s
  round  42/50: acc=0.8732  f1m=0.8729  uplink_kB=282.0  t=1.89s
  round  43/50: acc=0.8819  f1m=0.8817  uplink_kB=282.0  t=1.85s
  round  44/50: acc=0.9139  f1m=0.9139  uplink_kB=282.0  t=1.78s
  round  45/50: acc=0.8945  f1m=0.8941  uplink_kB=282.0  t=1.86s
  round  46/50: acc=0.8789  f1m=0.8780  uplink_kB=282.0  t=1.86s
  round  47/50: acc=0.8987  f1m=0.8982  uplink_kB=282.0  t=1.90s
  round  48/50: acc=0.9012  f1m=0.9010  uplink_kB=282.0  t=1.86s
  round  49/50: acc=0.9063  f1m=0.9061  uplink_kB=282.0  t=1.90s
  round  50/50: acc=0.8795  f1m=0.8793  uplink_kB=282.0  t=1.87s
[run] DONE -> /Users/agentra/Documents/hao/working/paper-lab/hao-paper-2026/iotj-fedkan-ids/repo/results/lrsweep_toniot/lrsweep_kan16_lr0p01__dir0.1__seed11/metrics.json  final_acc=0.8795
