[run] device=cpu  seed=42  out=/Users/agentra/Documents/hao/working/paper-lab/hao-paper-2026/iotj-fedkan-ids/repo/results/lrsweep_cseciic_mc/lrsweep_mlp80_lr0p001__dir0.1__seed42
[run] model=mlp  params=4,415
  round   1/50: acc=0.2638  f1m=0.0659  uplink_kB=172.5  t=3.05s
  round   2/50: acc=0.2821  f1m=0.0864  uplink_kB=172.5  t=2.23s
  round   3/50: acc=0.3061  f1m=0.0991  uplink_kB=172.5  t=2.20s
  round   4/50: acc=0.3324  f1m=0.1097  uplink_kB=172.5  t=2.35s
  round   5/50: acc=0.3456  f1m=0.1181  uplink_kB=172.5  t=2.21s
  round   6/50: acc=0.3570  f1m=0.1515  uplink_kB=172.5  t=2.24s
  round   7/50: acc=0.3728  f1m=0.1699  uplink_kB=172.5  t=2.21s
  round   8/50: acc=0.3721  f1m=0.1738  uplink_kB=172.5  t=2.17s
  round   9/50: acc=0.3959  f1m=0.2450  uplink_kB=172.5  t=2.17s
  round  10/50: acc=0.4020  f1m=0.2506  uplink_kB=172.5  t=2.16s
  round  11/50: acc=0.4141  f1m=0.2592  uplink_kB=172.5  t=2.25s
  round  12/50: acc=0.4577  f1m=0.3325  uplink_kB=172.5  t=2.21s
  round  13/50: acc=0.5729  f1m=0.4025  uplink_kB=172.5  t=2.17s
  round  14/50: acc=0.5938  f1m=0.4148  uplink_kB=172.5  t=2.14s
  round  15/50: acc=0.6083  f1m=0.4273  uplink_kB=172.5  t=2.23s
  round  16/50: acc=0.6174  f1m=0.4319  uplink_kB=172.5  t=2.16s
  round  17/50: acc=0.6280  f1m=0.4447  uplink_kB=172.5  t=2.17s
  round  18/50: acc=0.6380  f1m=0.4502  uplink_kB=172.5  t=2.17s
  round  19/50: acc=0.6543  f1m=0.4626  uplink_kB=172.5  t=2.23s
  round  20/50: acc=0.6591  f1m=0.4613  uplink_kB=172.5  t=2.14s
  round  21/50: acc=0.6889  f1m=0.4780  uplink_kB=172.5  t=2.16s
  round  22/50: acc=0.7022  f1m=0.4837  uplink_kB=172.5  t=2.11s
  round  23/50: acc=0.7063  f1m=0.4857  uplink_kB=172.5  t=2.17s
  round  24/50: acc=0.7022  f1m=0.4815  uplink_kB=172.5  t=2.26s
  round  25/50: acc=0.7043  f1m=0.4794  uplink_kB=172.5  t=2.21s
  round  26/50: acc=0.7050  f1m=0.4804  uplink_kB=172.5  t=2.19s
  round  27/50: acc=0.7057  f1m=0.4808  uplink_kB=172.5  t=2.17s
  round  28/50: acc=0.7058  f1m=0.4794  uplink_kB=172.5  t=2.19s
  round  29/50: acc=0.7057  f1m=0.4778  uplink_kB=172.5  t=2.23s
  round  30/50: acc=0.7063  f1m=0.4801  uplink_kB=172.5  t=2.20s
  round  31/50: acc=0.7069  f1m=0.4759  uplink_kB=172.5  t=2.15s
  round  32/50: acc=0.7069  f1m=0.4757  uplink_kB=172.5  t=2.18s
  round  33/50: acc=0.7072  f1m=0.4759  uplink_kB=172.5  t=2.13s
  round  34/50: acc=0.7078  f1m=0.4762  uplink_kB=172.5  t=2.13s
  round  35/50: acc=0.7084  f1m=0.4769  uplink_kB=172.5  t=2.18s
  round  36/50: acc=0.7088  f1m=0.4767  uplink_kB=172.5  t=2.24s
  round  37/50: acc=0.7088  f1m=0.4767  uplink_kB=172.5  t=2.18s
  round  38/50: acc=0.7094  f1m=0.4776  uplink_kB=172.5  t=2.14s
  round  39/50: acc=0.7090  f1m=0.4771  uplink_kB=172.5  t=2.15s
  round  40/50: acc=0.7092  f1m=0.4772  uplink_kB=172.5  t=2.19s
  round  41/50: acc=0.7094  f1m=0.4776  uplink_kB=172.5  t=2.14s
  round  42/50: acc=0.7096  f1m=0.4778  uplink_kB=172.5  t=2.24s
  round  43/50: acc=0.7098  f1m=0.4778  uplink_kB=172.5  t=2.18s
  round  44/50: acc=0.7113  f1m=0.4792  uplink_kB=172.5  t=2.18s
  round  45/50: acc=0.7103  f1m=0.4789  uplink_kB=172.5  t=2.23s
  round  46/50: acc=0.7108  f1m=0.4793  uplink_kB=172.5  t=2.17s
  round  47/50: acc=0.7112  f1m=0.4794  uplink_kB=172.5  t=2.18s
  round  48/50: acc=0.7117  f1m=0.4796  uplink_kB=172.5  t=2.16s
  round  49/50: acc=0.7116  f1m=0.4795  uplink_kB=172.5  t=2.31s
  round  50/50: acc=0.7125  f1m=0.4804  uplink_kB=172.5  t=2.28s
[run] DONE -> /Users/agentra/Documents/hao/working/paper-lab/hao-paper-2026/iotj-fedkan-ids/repo/results/lrsweep_cseciic_mc/lrsweep_mlp80_lr0p001__dir0.1__seed42/metrics.json  final_acc=0.7125
