[run] device=cpu  seed=11  out=/Users/agentra/Documents/hao/working/paper-lab/hao-paper-2026/iotj-fedkan-ids/repo/results/lrsweep_cseciic_mc50k/lrsweep_mlp32_lr0p001__dir0.1__seed11
[run] model=mlp  params=1,775
  round   1/50: acc=0.1202  f1m=0.0155  uplink_kB=69.3  t=1.79s
  round   2/50: acc=0.1631  f1m=0.0435  uplink_kB=69.3  t=0.97s
  round   3/50: acc=0.2158  f1m=0.0507  uplink_kB=69.3  t=1.03s
  round   4/50: acc=0.2321  f1m=0.0498  uplink_kB=69.3  t=1.04s
  round   5/50: acc=0.2352  f1m=0.0553  uplink_kB=69.3  t=1.06s
  round   6/50: acc=0.3273  f1m=0.0978  uplink_kB=69.3  t=1.01s
  round   7/50: acc=0.3282  f1m=0.1003  uplink_kB=69.3  t=1.04s
  round   8/50: acc=0.2920  f1m=0.0896  uplink_kB=69.3  t=1.02s
  round   9/50: acc=0.2949  f1m=0.0895  uplink_kB=69.3  t=1.09s
  round  10/50: acc=0.2963  f1m=0.0905  uplink_kB=69.3  t=0.99s
  round  11/50: acc=0.3452  f1m=0.1438  uplink_kB=69.3  t=1.03s
  round  12/50: acc=0.3661  f1m=0.1523  uplink_kB=69.3  t=1.00s
  round  13/50: acc=0.3787  f1m=0.1566  uplink_kB=69.3  t=1.08s
  round  14/50: acc=0.3802  f1m=0.1564  uplink_kB=69.3  t=1.06s
  round  15/50: acc=0.3843  f1m=0.1580  uplink_kB=69.3  t=1.04s
  round  16/50: acc=0.4886  f1m=0.2237  uplink_kB=69.3  t=0.96s
  round  17/50: acc=0.4807  f1m=0.2210  uplink_kB=69.3  t=1.04s
  round  18/50: acc=0.4878  f1m=0.2230  uplink_kB=69.3  t=1.00s
  round  19/50: acc=0.4911  f1m=0.2242  uplink_kB=69.3  t=1.02s
  round  20/50: acc=0.4927  f1m=0.2276  uplink_kB=69.3  t=1.00s
  round  21/50: acc=0.5267  f1m=0.2666  uplink_kB=69.3  t=1.08s
  round  22/50: acc=0.5314  f1m=0.2706  uplink_kB=69.3  t=1.00s
  round  23/50: acc=0.5358  f1m=0.3317  uplink_kB=69.3  t=1.05s
  round  24/50: acc=0.5458  f1m=0.3383  uplink_kB=69.3  t=0.98s
  round  25/50: acc=0.5473  f1m=0.3429  uplink_kB=69.3  t=1.02s
  round  26/50: acc=0.5501  f1m=0.3459  uplink_kB=69.3  t=0.99s
  round  27/50: acc=0.5512  f1m=0.3469  uplink_kB=69.3  t=1.05s
  round  28/50: acc=0.5525  f1m=0.3481  uplink_kB=69.3  t=0.99s
  round  29/50: acc=0.5577  f1m=0.3528  uplink_kB=69.3  t=1.10s
  round  30/50: acc=0.5634  f1m=0.3774  uplink_kB=69.3  t=1.08s
  round  31/50: acc=0.5645  f1m=0.3802  uplink_kB=69.3  t=1.02s
  round  32/50: acc=0.5831  f1m=0.3964  uplink_kB=69.3  t=1.05s
  round  33/50: acc=0.6090  f1m=0.4206  uplink_kB=69.3  t=0.98s
  round  34/50: acc=0.6411  f1m=0.4438  uplink_kB=69.3  t=1.01s
  round  35/50: acc=0.6541  f1m=0.4562  uplink_kB=69.3  t=0.99s
  round  36/50: acc=0.6685  f1m=0.4643  uplink_kB=69.3  t=1.03s
  round  37/50: acc=0.6783  f1m=0.4701  uplink_kB=69.3  t=0.99s
  round  38/50: acc=0.6992  f1m=0.5010  uplink_kB=69.3  t=1.05s
  round  39/50: acc=0.7059  f1m=0.5139  uplink_kB=69.3  t=0.99s
  round  40/50: acc=0.7087  f1m=0.5182  uplink_kB=69.3  t=1.04s
  round  41/50: acc=0.7097  f1m=0.5194  uplink_kB=69.3  t=1.00s
  round  42/50: acc=0.7121  f1m=0.5200  uplink_kB=69.3  t=1.05s
  round  43/50: acc=0.7137  f1m=0.5215  uplink_kB=69.3  t=0.96s
  round  44/50: acc=0.7151  f1m=0.5236  uplink_kB=69.3  t=1.06s
  round  45/50: acc=0.7156  f1m=0.5243  uplink_kB=69.3  t=0.97s
  round  46/50: acc=0.7169  f1m=0.5261  uplink_kB=69.3  t=1.02s
  round  47/50: acc=0.7168  f1m=0.5258  uplink_kB=69.3  t=0.98s
  round  48/50: acc=0.7237  f1m=0.5293  uplink_kB=69.3  t=1.02s
  round  49/50: acc=0.7255  f1m=0.5309  uplink_kB=69.3  t=0.99s
  round  50/50: acc=0.7294  f1m=0.5333  uplink_kB=69.3  t=1.07s
[run] DONE -> /Users/agentra/Documents/hao/working/paper-lab/hao-paper-2026/iotj-fedkan-ids/repo/results/lrsweep_cseciic_mc50k/lrsweep_mlp32_lr0p001__dir0.1__seed11/metrics.json  final_acc=0.7294
