[run] device=cpu  seed=23  out=/Users/agentra/Documents/hao/working/paper-lab/hao-paper-2026/iotj-fedkan-ids/repo/results/lrsweep_toniot/lrsweep_kan8_lr0p003__dir0.1__seed23
[run] model=kan  params=3,280
  round   1/50: acc=0.7039  f1m=0.6972  uplink_kB=150.2  t=2.19s
  round   2/50: acc=0.7166  f1m=0.7128  uplink_kB=150.2  t=1.78s
  round   3/50: acc=0.7277  f1m=0.7239  uplink_kB=150.2  t=1.61s
  round   4/50: acc=0.7384  f1m=0.7346  uplink_kB=150.2  t=1.62s
  round   5/50: acc=0.7438  f1m=0.7404  uplink_kB=150.2  t=1.57s
  round   6/50: acc=0.7490  f1m=0.7453  uplink_kB=150.2  t=1.62s
  round   7/50: acc=0.7548  f1m=0.7508  uplink_kB=150.2  t=1.64s
  round   8/50: acc=0.7965  f1m=0.7947  uplink_kB=150.2  t=1.59s
  round   9/50: acc=0.8883  f1m=0.8883  uplink_kB=150.2  t=1.65s
  round  10/50: acc=0.8905  f1m=0.8905  uplink_kB=150.2  t=1.63s
  round  11/50: acc=0.8933  f1m=0.8933  uplink_kB=150.2  t=1.62s
  round  12/50: acc=0.8940  f1m=0.8940  uplink_kB=150.2  t=1.54s
  round  13/50: acc=0.8948  f1m=0.8947  uplink_kB=150.2  t=1.62s
  round  14/50: acc=0.8960  f1m=0.8959  uplink_kB=150.2  t=1.65s
  round  15/50: acc=0.8916  f1m=0.8915  uplink_kB=150.2  t=1.66s
  round  16/50: acc=0.8890  f1m=0.8888  uplink_kB=150.2  t=1.65s
  round  17/50: acc=0.8743  f1m=0.8738  uplink_kB=150.2  t=1.62s
  round  18/50: acc=0.8756  f1m=0.8751  uplink_kB=150.2  t=1.62s
  round  19/50: acc=0.7833  f1m=0.7776  uplink_kB=150.2  t=1.60s
  round  20/50: acc=0.7468  f1m=0.7361  uplink_kB=150.2  t=1.63s
  round  21/50: acc=0.8913  f1m=0.8911  uplink_kB=150.2  t=1.62s
  round  22/50: acc=0.7515  f1m=0.7415  uplink_kB=150.2  t=1.57s
  round  23/50: acc=0.7459  f1m=0.7343  uplink_kB=150.2  t=1.60s
  round  24/50: acc=0.7407  f1m=0.7281  uplink_kB=150.2  t=1.58s
  round  25/50: acc=0.7372  f1m=0.7234  uplink_kB=150.2  t=1.56s
  round  26/50: acc=0.7355  f1m=0.7212  uplink_kB=150.2  t=1.61s
  round  27/50: acc=0.7403  f1m=0.7270  uplink_kB=150.2  t=1.62s
  round  28/50: acc=0.7463  f1m=0.7344  uplink_kB=150.2  t=1.66s
  round  29/50: acc=0.7360  f1m=0.7206  uplink_kB=150.2  t=1.63s
  round  30/50: acc=0.7278  f1m=0.7105  uplink_kB=150.2  t=1.61s
  round  31/50: acc=0.7309  f1m=0.7142  uplink_kB=150.2  t=1.62s
  round  32/50: acc=0.7378  f1m=0.7231  uplink_kB=150.2  t=1.55s
  round  33/50: acc=0.7362  f1m=0.7209  uplink_kB=150.2  t=1.60s
  round  34/50: acc=0.7375  f1m=0.7218  uplink_kB=150.2  t=1.66s
  round  35/50: acc=0.7344  f1m=0.7180  uplink_kB=150.2  t=1.62s
  round  36/50: acc=0.7464  f1m=0.7325  uplink_kB=150.2  t=1.60s
  round  37/50: acc=0.7387  f1m=0.7230  uplink_kB=150.2  t=1.63s
  round  38/50: acc=0.7393  f1m=0.7241  uplink_kB=150.2  t=1.59s
  round  39/50: acc=0.7460  f1m=0.7319  uplink_kB=150.2  t=1.55s
  round  40/50: acc=0.7453  f1m=0.7311  uplink_kB=150.2  t=1.63s
  round  41/50: acc=0.7253  f1m=0.7065  uplink_kB=150.2  t=1.63s
  round  42/50: acc=0.7502  f1m=0.7370  uplink_kB=150.2  t=1.58s
  round  43/50: acc=0.7582  f1m=0.7462  uplink_kB=150.2  t=1.69s
  round  44/50: acc=0.7557  f1m=0.7431  uplink_kB=150.2  t=1.79s
  round  45/50: acc=0.7420  f1m=0.7265  uplink_kB=150.2  t=1.73s
  round  46/50: acc=0.7546  f1m=0.7416  uplink_kB=150.2  t=1.79s
  round  47/50: acc=0.7591  f1m=0.7469  uplink_kB=150.2  t=1.68s
  round  48/50: acc=0.8486  f1m=0.8460  uplink_kB=150.2  t=1.64s
  round  49/50: acc=0.8592  f1m=0.8573  uplink_kB=150.2  t=1.74s
  round  50/50: acc=0.7581  f1m=0.7455  uplink_kB=150.2  t=1.62s
[run] DONE -> /Users/agentra/Documents/hao/working/paper-lab/hao-paper-2026/iotj-fedkan-ids/repo/results/lrsweep_toniot/lrsweep_kan8_lr0p003__dir0.1__seed23/metrics.json  final_acc=0.7581
