[run] device=cpu  seed=43  out=/Users/agentra/Documents/hao/working/paper-lab/hao-paper-2026/iotj-fedkan-ids/repo/results/lrsweep_cseciic/lrsweep_kan16_lr0p03__dir0.1__seed43
[run] model=kan  params=6,560
  round   1/50: acc=0.9057  f1m=0.9055  uplink_kB=282.0  t=2.55s
  round   2/50: acc=0.6208  f1m=0.5649  uplink_kB=282.0  t=1.92s
  round   3/50: acc=0.6753  f1m=0.6448  uplink_kB=282.0  t=2.01s
  round   4/50: acc=0.7943  f1m=0.7883  uplink_kB=282.0  t=1.96s
  round   5/50: acc=0.9286  f1m=0.9286  uplink_kB=282.0  t=1.98s
  round   6/50: acc=0.8982  f1m=0.8979  uplink_kB=282.0  t=1.86s
  round   7/50: acc=0.8868  f1m=0.8863  uplink_kB=282.0  t=1.99s
  round   8/50: acc=0.7780  f1m=0.7687  uplink_kB=282.0  t=1.99s
  round   9/50: acc=0.9433  f1m=0.9433  uplink_kB=282.0  t=1.89s
  round  10/50: acc=0.7569  f1m=0.7454  uplink_kB=282.0  t=1.90s
  round  11/50: acc=0.9577  f1m=0.9577  uplink_kB=282.0  t=1.92s
  round  12/50: acc=0.8225  f1m=0.8188  uplink_kB=282.0  t=1.98s
  round  13/50: acc=0.9577  f1m=0.9577  uplink_kB=282.0  t=1.86s
  round  14/50: acc=0.9138  f1m=0.9136  uplink_kB=282.0  t=2.00s
  round  15/50: acc=0.9303  f1m=0.9302  uplink_kB=282.0  t=1.93s
  round  16/50: acc=0.9309  f1m=0.9308  uplink_kB=282.0  t=1.98s
  round  17/50: acc=0.9400  f1m=0.9400  uplink_kB=282.0  t=1.93s
  round  18/50: acc=0.9578  f1m=0.9578  uplink_kB=282.0  t=1.94s
  round  19/50: acc=0.9256  f1m=0.9256  uplink_kB=282.0  t=2.03s
  round  20/50: acc=0.9529  f1m=0.9529  uplink_kB=282.0  t=1.90s
  round  21/50: acc=0.8990  f1m=0.8985  uplink_kB=282.0  t=1.95s
  round  22/50: acc=0.8912  f1m=0.8905  uplink_kB=282.0  t=1.95s
  round  23/50: acc=0.9581  f1m=0.9581  uplink_kB=282.0  t=1.95s
  round  24/50: acc=0.8697  f1m=0.8683  uplink_kB=282.0  t=1.99s
  round  25/50: acc=0.9704  f1m=0.9704  uplink_kB=282.0  t=1.96s
  round  26/50: acc=0.9086  f1m=0.9083  uplink_kB=282.0  t=1.97s
  round  27/50: acc=0.9608  f1m=0.9608  uplink_kB=282.0  t=1.96s
  round  28/50: acc=0.8810  f1m=0.8801  uplink_kB=282.0  t=1.84s
  round  29/50: acc=0.9485  f1m=0.9485  uplink_kB=282.0  t=1.95s
  round  30/50: acc=0.9343  f1m=0.9343  uplink_kB=282.0  t=1.92s
  round  31/50: acc=0.8311  f1m=0.8280  uplink_kB=282.0  t=1.94s
  round  32/50: acc=0.8809  f1m=0.8799  uplink_kB=282.0  t=1.94s
  round  33/50: acc=0.9731  f1m=0.9731  uplink_kB=282.0  t=1.94s
  round  34/50: acc=0.9015  f1m=0.9011  uplink_kB=282.0  t=1.93s
  round  35/50: acc=0.9532  f1m=0.9532  uplink_kB=282.0  t=1.90s
  round  36/50: acc=0.9558  f1m=0.9558  uplink_kB=282.0  t=1.98s
  round  37/50: acc=0.9618  f1m=0.9618  uplink_kB=282.0  t=1.90s
  round  38/50: acc=0.9555  f1m=0.9555  uplink_kB=282.0  t=2.00s
  round  39/50: acc=0.9662  f1m=0.9662  uplink_kB=282.0  t=1.91s
  round  40/50: acc=0.9612  f1m=0.9612  uplink_kB=282.0  t=1.99s
  round  41/50: acc=0.9604  f1m=0.9604  uplink_kB=282.0  t=1.94s
  round  42/50: acc=0.9463  f1m=0.9463  uplink_kB=282.0  t=1.92s
  round  43/50: acc=0.9638  f1m=0.9638  uplink_kB=282.0  t=1.88s
  round  44/50: acc=0.9485  f1m=0.9485  uplink_kB=282.0  t=1.99s
  round  45/50: acc=0.9695  f1m=0.9695  uplink_kB=282.0  t=1.89s
  round  46/50: acc=0.9659  f1m=0.9659  uplink_kB=282.0  t=1.92s
  round  47/50: acc=0.9704  f1m=0.9704  uplink_kB=282.0  t=2.07s
  round  48/50: acc=0.9647  f1m=0.9647  uplink_kB=282.0  t=1.98s
  round  49/50: acc=0.9728  f1m=0.9728  uplink_kB=282.0  t=1.86s
  round  50/50: acc=0.9720  f1m=0.9720  uplink_kB=282.0  t=1.79s
[run] DONE -> /Users/agentra/Documents/hao/working/paper-lab/hao-paper-2026/iotj-fedkan-ids/repo/results/lrsweep_cseciic/lrsweep_kan16_lr0p03__dir0.1__seed43/metrics.json  final_acc=0.9720
