[run] device=cpu  seed=17  out=/Users/agentra/Documents/hao/working/paper-lab/hao-paper-2026/iotj-fedkan-ids/repo/results/lrsweep_cseciic_mc/lrsweep_kan8_lr0p003__dir0.1__seed17
[run] model=kan  params=4,320
  round   1/50: acc=0.2865  f1m=0.1098  uplink_kB=190.8  t=6.11s
  round   2/50: acc=0.5605  f1m=0.2290  uplink_kB=190.8  t=6.37s
  round   3/50: acc=0.6160  f1m=0.3528  uplink_kB=190.8  t=6.31s
  round   4/50: acc=0.7198  f1m=0.4433  uplink_kB=190.8  t=5.52s
  round   5/50: acc=0.7663  f1m=0.5546  uplink_kB=190.8  t=5.53s
  round   6/50: acc=0.7764  f1m=0.5341  uplink_kB=190.8  t=5.48s
  round   7/50: acc=0.8099  f1m=0.5524  uplink_kB=190.8  t=5.50s
  round   8/50: acc=0.8174  f1m=0.5557  uplink_kB=190.8  t=5.72s
  round   9/50: acc=0.8189  f1m=0.5569  uplink_kB=190.8  t=5.53s
  round  10/50: acc=0.8251  f1m=0.5610  uplink_kB=190.8  t=5.51s
  round  11/50: acc=0.8291  f1m=0.5667  uplink_kB=190.8  t=5.52s
  round  12/50: acc=0.8309  f1m=0.5680  uplink_kB=190.8  t=5.56s
  round  13/50: acc=0.8332  f1m=0.5768  uplink_kB=190.8  t=5.44s
  round  14/50: acc=0.8344  f1m=0.5923  uplink_kB=190.8  t=5.54s
  round  15/50: acc=0.8346  f1m=0.5916  uplink_kB=190.8  t=5.35s
  round  16/50: acc=0.8348  f1m=0.5875  uplink_kB=190.8  t=5.74s
  round  17/50: acc=0.8361  f1m=0.5943  uplink_kB=190.8  t=5.73s
  round  18/50: acc=0.8373  f1m=0.5940  uplink_kB=190.8  t=5.43s
  round  19/50: acc=0.8381  f1m=0.5792  uplink_kB=190.8  t=5.41s
  round  20/50: acc=0.8388  f1m=0.5959  uplink_kB=190.8  t=5.55s
  round  21/50: acc=0.8448  f1m=0.6079  uplink_kB=190.8  t=5.42s
  round  22/50: acc=0.8448  f1m=0.6093  uplink_kB=190.8  t=5.47s
  round  23/50: acc=0.8444  f1m=0.6248  uplink_kB=190.8  t=5.46s
  round  24/50: acc=0.8500  f1m=0.6294  uplink_kB=190.8  t=5.47s
  round  25/50: acc=0.8487  f1m=0.6290  uplink_kB=190.8  t=5.69s
  round  26/50: acc=0.8507  f1m=0.6306  uplink_kB=190.8  t=5.52s
  round  27/50: acc=0.8504  f1m=0.6316  uplink_kB=190.8  t=5.37s
  round  28/50: acc=0.8550  f1m=0.6528  uplink_kB=190.8  t=5.56s
  round  29/50: acc=0.8500  f1m=0.6504  uplink_kB=190.8  t=5.49s
  round  30/50: acc=0.8553  f1m=0.6637  uplink_kB=190.8  t=5.52s
  round  31/50: acc=0.8535  f1m=0.6586  uplink_kB=190.8  t=5.37s
  round  32/50: acc=0.8682  f1m=0.7058  uplink_kB=190.8  t=5.53s
  round  33/50: acc=0.8527  f1m=0.6500  uplink_kB=190.8  t=5.43s
  round  34/50: acc=0.8572  f1m=0.6535  uplink_kB=190.8  t=5.53s
  round  35/50: acc=0.8750  f1m=0.7093  uplink_kB=190.8  t=5.43s
  round  36/50: acc=0.8720  f1m=0.7241  uplink_kB=190.8  t=5.42s
  round  37/50: acc=0.8618  f1m=0.6881  uplink_kB=190.8  t=5.36s
  round  38/50: acc=0.8650  f1m=0.6950  uplink_kB=190.8  t=5.53s
  round  39/50: acc=0.8852  f1m=0.7335  uplink_kB=190.8  t=5.49s
  round  40/50: acc=0.8859  f1m=0.7481  uplink_kB=190.8  t=5.48s
  round  41/50: acc=0.8888  f1m=0.7509  uplink_kB=190.8  t=5.65s
  round  42/50: acc=0.8869  f1m=0.7442  uplink_kB=190.8  t=5.57s
  round  43/50: acc=0.8891  f1m=0.7515  uplink_kB=190.8  t=5.51s
  round  44/50: acc=0.8891  f1m=0.7525  uplink_kB=190.8  t=5.48s
  round  45/50: acc=0.8589  f1m=0.6792  uplink_kB=190.8  t=5.31s
  round  46/50: acc=0.8887  f1m=0.7516  uplink_kB=190.8  t=5.40s
  round  47/50: acc=0.8899  f1m=0.7516  uplink_kB=190.8  t=5.37s
  round  48/50: acc=0.8914  f1m=0.7543  uplink_kB=190.8  t=5.47s
  round  49/50: acc=0.8904  f1m=0.7543  uplink_kB=190.8  t=5.48s
  round  50/50: acc=0.8919  f1m=0.7538  uplink_kB=190.8  t=5.61s
[run] DONE -> /Users/agentra/Documents/hao/working/paper-lab/hao-paper-2026/iotj-fedkan-ids/repo/results/lrsweep_cseciic_mc/lrsweep_kan8_lr0p003__dir0.1__seed17/metrics.json  final_acc=0.8919
