[run] device=cpu  seed=2024  out=/Users/agentra/Documents/hao/working/paper-lab/hao-paper-2026/iotj-fedkan-ids/repo/results/lrsweep_cseciic_mc/lrsweep_mlp80_lr0p003__dir0.1__seed2024
[run] model=mlp  params=4,415
  round   1/50: acc=0.2691  f1m=0.0575  uplink_kB=172.5  t=2.93s
  round   2/50: acc=0.4557  f1m=0.2253  uplink_kB=172.5  t=2.23s
  round   3/50: acc=0.5154  f1m=0.3159  uplink_kB=172.5  t=2.18s
  round   4/50: acc=0.5231  f1m=0.3207  uplink_kB=172.5  t=2.18s
  round   5/50: acc=0.5278  f1m=0.3335  uplink_kB=172.5  t=2.17s
  round   6/50: acc=0.5337  f1m=0.3390  uplink_kB=172.5  t=2.21s
  round   7/50: acc=0.6402  f1m=0.4181  uplink_kB=172.5  t=2.16s
  round   8/50: acc=0.6589  f1m=0.4284  uplink_kB=172.5  t=2.15s
  round   9/50: acc=0.6667  f1m=0.4366  uplink_kB=172.5  t=2.15s
  round  10/50: acc=0.6655  f1m=0.4514  uplink_kB=172.5  t=2.15s
  round  11/50: acc=0.6693  f1m=0.4608  uplink_kB=172.5  t=2.19s
  round  12/50: acc=0.6781  f1m=0.4669  uplink_kB=172.5  t=2.13s
  round  13/50: acc=0.6733  f1m=0.4675  uplink_kB=172.5  t=2.49s
  round  14/50: acc=0.6810  f1m=0.4857  uplink_kB=172.5  t=2.20s
  round  15/50: acc=0.6829  f1m=0.4854  uplink_kB=172.5  t=2.20s
  round  16/50: acc=0.6846  f1m=0.5418  uplink_kB=172.5  t=2.19s
  round  17/50: acc=0.6900  f1m=0.5495  uplink_kB=172.5  t=2.18s
  round  18/50: acc=0.6888  f1m=0.5515  uplink_kB=172.5  t=2.15s
  round  19/50: acc=0.6931  f1m=0.5539  uplink_kB=172.5  t=2.18s
  round  20/50: acc=0.6940  f1m=0.5551  uplink_kB=172.5  t=2.23s
  round  21/50: acc=0.6893  f1m=0.5524  uplink_kB=172.5  t=2.15s
  round  22/50: acc=0.6945  f1m=0.5557  uplink_kB=172.5  t=2.15s
  round  23/50: acc=0.6927  f1m=0.5560  uplink_kB=172.5  t=2.15s
  round  24/50: acc=0.6933  f1m=0.5566  uplink_kB=172.5  t=2.18s
  round  25/50: acc=0.6930  f1m=0.5554  uplink_kB=172.5  t=2.20s
  round  26/50: acc=0.6967  f1m=0.5613  uplink_kB=172.5  t=2.14s
  round  27/50: acc=0.6959  f1m=0.5584  uplink_kB=172.5  t=2.15s
  round  28/50: acc=0.8100  f1m=0.6160  uplink_kB=172.5  t=2.15s
  round  29/50: acc=0.7880  f1m=0.6097  uplink_kB=172.5  t=2.17s
  round  30/50: acc=0.8438  f1m=0.6310  uplink_kB=172.5  t=2.10s
  round  31/50: acc=0.7642  f1m=0.6502  uplink_kB=172.5  t=2.10s
  round  32/50: acc=0.8453  f1m=0.6296  uplink_kB=172.5  t=2.15s
  round  33/50: acc=0.7115  f1m=0.6216  uplink_kB=172.5  t=2.16s
  round  34/50: acc=0.8509  f1m=0.6860  uplink_kB=172.5  t=2.19s
  round  35/50: acc=0.8309  f1m=0.6836  uplink_kB=172.5  t=2.13s
  round  36/50: acc=0.8493  f1m=0.6396  uplink_kB=172.5  t=2.13s
  round  37/50: acc=0.8540  f1m=0.6412  uplink_kB=172.5  t=2.15s
  round  38/50: acc=0.8487  f1m=0.6370  uplink_kB=172.5  t=2.13s
  round  39/50: acc=0.8299  f1m=0.6418  uplink_kB=172.5  t=2.13s
  round  40/50: acc=0.8533  f1m=0.6461  uplink_kB=172.5  t=2.18s
  round  41/50: acc=0.8384  f1m=0.6391  uplink_kB=172.5  t=2.13s
  round  42/50: acc=0.8165  f1m=0.6270  uplink_kB=172.5  t=2.10s
  round  43/50: acc=0.8486  f1m=0.6927  uplink_kB=172.5  t=2.10s
  round  44/50: acc=0.8593  f1m=0.6972  uplink_kB=172.5  t=2.14s
  round  45/50: acc=0.8053  f1m=0.6744  uplink_kB=172.5  t=2.46s
  round  46/50: acc=0.8310  f1m=0.6891  uplink_kB=172.5  t=2.23s
  round  47/50: acc=0.7767  f1m=0.6627  uplink_kB=172.5  t=2.35s
  round  48/50: acc=0.7681  f1m=0.6840  uplink_kB=172.5  t=2.24s
  round  49/50: acc=0.8595  f1m=0.7268  uplink_kB=172.5  t=2.20s
  round  50/50: acc=0.7815  f1m=0.6955  uplink_kB=172.5  t=2.30s
[run] DONE -> /Users/agentra/Documents/hao/working/paper-lab/hao-paper-2026/iotj-fedkan-ids/repo/results/lrsweep_cseciic_mc/lrsweep_mlp80_lr0p003__dir0.1__seed2024/metrics.json  final_acc=0.7815
