[run] device=cpu  seed=43  out=/Users/agentra/Documents/hao/working/paper-lab/hao-paper-2026/iotj-fedkan-ids/repo/results/lrsweep_cseciic/lrsweep_kan8_lr0p1__dir0.1__seed43
[run] model=kan  params=3,280
  round   1/50: acc=0.8959  f1m=0.8958  uplink_kB=150.2  t=2.17s
  round   2/50: acc=0.8116  f1m=0.8079  uplink_kB=150.2  t=1.63s
  round   3/50: acc=0.9317  f1m=0.9315  uplink_kB=150.2  t=1.62s
  round   4/50: acc=0.5000  f1m=0.3333  uplink_kB=150.2  t=1.62s
  round   5/50: acc=0.5863  f1m=0.5011  uplink_kB=150.2  t=1.61s
  round   6/50: acc=0.5172  f1m=0.3711  uplink_kB=150.2  t=1.59s
  round   7/50: acc=0.5190  f1m=0.3746  uplink_kB=150.2  t=1.67s
  round   8/50: acc=0.9345  f1m=0.9343  uplink_kB=150.2  t=1.63s
  round   9/50: acc=0.6011  f1m=0.5281  uplink_kB=150.2  t=1.64s
  round  10/50: acc=0.5774  f1m=0.4871  uplink_kB=150.2  t=1.65s
  round  11/50: acc=0.5695  f1m=0.4752  uplink_kB=150.2  t=1.62s
  round  12/50: acc=0.5770  f1m=0.4918  uplink_kB=150.2  t=1.63s
  round  13/50: acc=0.6874  f1m=0.6607  uplink_kB=150.2  t=1.56s
  round  14/50: acc=0.9559  f1m=0.9559  uplink_kB=150.2  t=1.64s
  round  15/50: acc=0.9131  f1m=0.9131  uplink_kB=150.2  t=1.71s
  round  16/50: acc=0.6281  f1m=0.5732  uplink_kB=150.2  t=1.63s
  round  17/50: acc=0.9284  f1m=0.9281  uplink_kB=150.2  t=1.66s
  round  18/50: acc=0.5890  f1m=0.5090  uplink_kB=150.2  t=1.59s
  round  19/50: acc=0.9356  f1m=0.9354  uplink_kB=150.2  t=1.64s
  round  20/50: acc=0.5104  f1m=0.3945  uplink_kB=150.2  t=1.65s
  round  21/50: acc=0.9055  f1m=0.9054  uplink_kB=150.2  t=1.65s
  round  22/50: acc=0.9559  f1m=0.9558  uplink_kB=150.2  t=1.59s
  round  23/50: acc=0.9325  f1m=0.9322  uplink_kB=150.2  t=1.62s
  round  24/50: acc=0.5000  f1m=0.3333  uplink_kB=150.2  t=1.60s
  round  25/50: acc=0.9600  f1m=0.9599  uplink_kB=150.2  t=1.67s
  round  26/50: acc=0.9575  f1m=0.9575  uplink_kB=150.2  t=1.65s
  round  27/50: acc=0.8984  f1m=0.8980  uplink_kB=150.2  t=1.66s
  round  28/50: acc=0.8824  f1m=0.8819  uplink_kB=150.2  t=1.60s
  round  29/50: acc=0.9406  f1m=0.9406  uplink_kB=150.2  t=1.66s
  round  30/50: acc=0.9627  f1m=0.9627  uplink_kB=150.2  t=1.62s
  round  31/50: acc=0.9504  f1m=0.9504  uplink_kB=150.2  t=1.60s
  round  32/50: acc=0.9311  f1m=0.9308  uplink_kB=150.2  t=1.63s
  round  33/50: acc=0.9217  f1m=0.9217  uplink_kB=150.2  t=1.68s
  round  34/50: acc=0.9160  f1m=0.9154  uplink_kB=150.2  t=1.68s
  round  35/50: acc=0.4954  f1m=0.3330  uplink_kB=150.2  t=1.61s
  round  36/50: acc=0.9312  f1m=0.9308  uplink_kB=150.2  t=1.66s
  round  37/50: acc=0.5100  f1m=0.3554  uplink_kB=150.2  t=1.73s
  round  38/50: acc=0.9361  f1m=0.9359  uplink_kB=150.2  t=1.66s
  round  39/50: acc=0.5000  f1m=0.3333  uplink_kB=150.2  t=1.64s
  round  40/50: acc=0.9350  f1m=0.9348  uplink_kB=150.2  t=1.64s
  round  41/50: acc=0.9380  f1m=0.9379  uplink_kB=150.2  t=1.66s
  round  42/50: acc=0.9322  f1m=0.9319  uplink_kB=150.2  t=1.65s
  round  43/50: acc=0.5000  f1m=0.3333  uplink_kB=150.2  t=1.60s
  round  44/50: acc=0.9281  f1m=0.9277  uplink_kB=150.2  t=1.62s
  round  45/50: acc=0.5000  f1m=0.3333  uplink_kB=150.2  t=1.63s
  round  46/50: acc=0.9256  f1m=0.9252  uplink_kB=150.2  t=1.64s
  round  47/50: acc=0.9683  f1m=0.9683  uplink_kB=150.2  t=1.67s
  round  48/50: acc=0.9321  f1m=0.9318  uplink_kB=150.2  t=1.68s
  round  49/50: acc=0.9648  f1m=0.9647  uplink_kB=150.2  t=1.57s
  round  50/50: acc=0.9398  f1m=0.9396  uplink_kB=150.2  t=1.63s
[run] DONE -> /Users/agentra/Documents/hao/working/paper-lab/hao-paper-2026/iotj-fedkan-ids/repo/results/lrsweep_cseciic/lrsweep_kan8_lr0p1__dir0.1__seed43/metrics.json  final_acc=0.9398
