[run] device=cpu  seed=43  out=/Users/agentra/Documents/hao/working/paper-lab/hao-paper-2026/iotj-fedkan-ids/repo/results/mc_toniot/mc_mlp32_lr0p01__dir0.1__seed43
[run] model=mlp  params=1,610
  round   1/50: acc=0.3118  f1m=0.1725  uplink_kB=62.9  t=1.82s
  round   2/50: acc=0.3510  f1m=0.2108  uplink_kB=62.9  t=1.32s
  round   3/50: acc=0.4924  f1m=0.3984  uplink_kB=62.9  t=1.25s
  round   4/50: acc=0.5143  f1m=0.4706  uplink_kB=62.9  t=1.21s
  round   5/50: acc=0.5249  f1m=0.4836  uplink_kB=62.9  t=1.27s
  round   6/50: acc=0.5346  f1m=0.4901  uplink_kB=62.9  t=1.23s
  round   7/50: acc=0.6027  f1m=0.5510  uplink_kB=62.9  t=1.27s
  round   8/50: acc=0.6054  f1m=0.5525  uplink_kB=62.9  t=1.22s
  round   9/50: acc=0.6114  f1m=0.5610  uplink_kB=62.9  t=1.21s
  round  10/50: acc=0.6110  f1m=0.5634  uplink_kB=62.9  t=1.30s
  round  11/50: acc=0.5522  f1m=0.5108  uplink_kB=62.9  t=1.27s
  round  12/50: acc=0.5551  f1m=0.5132  uplink_kB=62.9  t=1.21s
  round  13/50: acc=0.6156  f1m=0.5755  uplink_kB=62.9  t=1.29s
  round  14/50: acc=0.5529  f1m=0.5139  uplink_kB=62.9  t=1.21s
  round  15/50: acc=0.5612  f1m=0.5169  uplink_kB=62.9  t=1.25s
  round  16/50: acc=0.6192  f1m=0.5866  uplink_kB=62.9  t=1.28s
  round  17/50: acc=0.6266  f1m=0.5999  uplink_kB=62.9  t=1.32s
  round  18/50: acc=0.6257  f1m=0.5969  uplink_kB=62.9  t=1.27s
  round  19/50: acc=0.5665  f1m=0.5452  uplink_kB=62.9  t=1.18s
  round  20/50: acc=0.6367  f1m=0.6128  uplink_kB=62.9  t=1.23s
  round  21/50: acc=0.6565  f1m=0.6337  uplink_kB=62.9  t=1.27s
  round  22/50: acc=0.5739  f1m=0.5566  uplink_kB=62.9  t=1.25s
  round  23/50: acc=0.6451  f1m=0.6279  uplink_kB=62.9  t=1.20s
  round  24/50: acc=0.6426  f1m=0.6292  uplink_kB=62.9  t=1.33s
  round  25/50: acc=0.6610  f1m=0.6496  uplink_kB=62.9  t=1.27s
  round  26/50: acc=0.6569  f1m=0.6500  uplink_kB=62.9  t=1.20s
  round  27/50: acc=0.6712  f1m=0.6594  uplink_kB=62.9  t=1.21s
  round  28/50: acc=0.6757  f1m=0.6730  uplink_kB=62.9  t=1.22s
  round  29/50: acc=0.6732  f1m=0.6644  uplink_kB=62.9  t=1.22s
  round  30/50: acc=0.6635  f1m=0.6588  uplink_kB=62.9  t=1.18s
  round  31/50: acc=0.6786  f1m=0.6697  uplink_kB=62.9  t=1.25s
  round  32/50: acc=0.6832  f1m=0.6730  uplink_kB=62.9  t=1.22s
  round  33/50: acc=0.6920  f1m=0.6793  uplink_kB=62.9  t=1.24s
  round  34/50: acc=0.6602  f1m=0.6307  uplink_kB=62.9  t=1.17s
  round  35/50: acc=0.6836  f1m=0.6757  uplink_kB=62.9  t=1.13s
  round  36/50: acc=0.7074  f1m=0.7001  uplink_kB=62.9  t=1.18s
  round  37/50: acc=0.7053  f1m=0.6967  uplink_kB=62.9  t=1.19s
  round  38/50: acc=0.7475  f1m=0.7302  uplink_kB=62.9  t=1.22s
  round  39/50: acc=0.6979  f1m=0.6927  uplink_kB=62.9  t=1.19s
  round  40/50: acc=0.6932  f1m=0.6869  uplink_kB=62.9  t=1.23s
  round  41/50: acc=0.7012  f1m=0.6964  uplink_kB=62.9  t=1.21s
  round  42/50: acc=0.7218  f1m=0.7086  uplink_kB=62.9  t=1.25s
  round  43/50: acc=0.7113  f1m=0.7026  uplink_kB=62.9  t=1.19s
  round  44/50: acc=0.7276  f1m=0.7131  uplink_kB=62.9  t=1.19s
  round  45/50: acc=0.7077  f1m=0.6998  uplink_kB=62.9  t=1.15s
  round  46/50: acc=0.7156  f1m=0.6992  uplink_kB=62.9  t=1.17s
  round  47/50: acc=0.6816  f1m=0.6711  uplink_kB=62.9  t=1.33s
  round  48/50: acc=0.7098  f1m=0.6933  uplink_kB=62.9  t=1.19s
  round  49/50: acc=0.7000  f1m=0.6917  uplink_kB=62.9  t=1.13s
  round  50/50: acc=0.7073  f1m=0.6886  uplink_kB=62.9  t=1.12s
[run] DONE -> /Users/agentra/Documents/hao/working/paper-lab/hao-paper-2026/iotj-fedkan-ids/repo/results/mc_toniot/mc_mlp32_lr0p01__dir0.1__seed43/metrics.json  final_acc=0.7073
