[run] device=cpu  seed=31  out=/Users/agentra/Documents/hao/working/paper-lab/hao-paper-2026/iotj-fedkan-ids/repo/results/lrsweep_cseciic_mc50k/lrsweep_mlp80_lr0p03__dir0.1__seed31
[run] model=mlp  params=4,415
  round   1/50: acc=0.4661  f1m=0.2298  uplink_kB=172.5  t=1.72s
  round   2/50: acc=0.6159  f1m=0.3230  uplink_kB=172.5  t=1.04s
  round   3/50: acc=0.6191  f1m=0.3350  uplink_kB=172.5  t=1.12s
  round   4/50: acc=0.7169  f1m=0.4077  uplink_kB=172.5  t=1.10s
  round   5/50: acc=0.6798  f1m=0.3867  uplink_kB=172.5  t=1.19s
  round   6/50: acc=0.7242  f1m=0.4232  uplink_kB=172.5  t=1.08s
  round   7/50: acc=0.7571  f1m=0.4435  uplink_kB=172.5  t=1.18s
  round   8/50: acc=0.7536  f1m=0.4439  uplink_kB=172.5  t=1.12s
  round   9/50: acc=0.7523  f1m=0.4821  uplink_kB=172.5  t=1.12s
  round  10/50: acc=0.7916  f1m=0.5702  uplink_kB=172.5  t=1.08s
  round  11/50: acc=0.7832  f1m=0.5567  uplink_kB=172.5  t=1.12s
  round  12/50: acc=0.7962  f1m=0.5313  uplink_kB=172.5  t=1.06s
  round  13/50: acc=0.7817  f1m=0.5677  uplink_kB=172.5  t=1.11s
  round  14/50: acc=0.8120  f1m=0.6073  uplink_kB=172.5  t=1.08s
  round  15/50: acc=0.8009  f1m=0.5874  uplink_kB=172.5  t=1.13s
  round  16/50: acc=0.8408  f1m=0.6529  uplink_kB=172.5  t=1.11s
  round  17/50: acc=0.7679  f1m=0.5636  uplink_kB=172.5  t=1.07s
  round  18/50: acc=0.8346  f1m=0.6552  uplink_kB=172.5  t=1.11s
  round  19/50: acc=0.8119  f1m=0.6556  uplink_kB=172.5  t=1.20s
  round  20/50: acc=0.8447  f1m=0.6605  uplink_kB=172.5  t=1.15s
  round  21/50: acc=0.8424  f1m=0.7029  uplink_kB=172.5  t=1.12s
  round  22/50: acc=0.8400  f1m=0.6541  uplink_kB=172.5  t=1.15s
  round  23/50: acc=0.8365  f1m=0.7073  uplink_kB=172.5  t=1.15s
  round  24/50: acc=0.8521  f1m=0.6982  uplink_kB=172.5  t=1.16s
  round  25/50: acc=0.8517  f1m=0.7174  uplink_kB=172.5  t=1.06s
  round  26/50: acc=0.8710  f1m=0.7268  uplink_kB=172.5  t=1.14s
  round  27/50: acc=0.8433  f1m=0.7250  uplink_kB=172.5  t=1.11s
  round  28/50: acc=0.8647  f1m=0.7129  uplink_kB=172.5  t=1.23s
  round  29/50: acc=0.8663  f1m=0.7324  uplink_kB=172.5  t=1.28s
  round  30/50: acc=0.8522  f1m=0.6728  uplink_kB=172.5  t=1.54s
  round  31/50: acc=0.8623  f1m=0.7249  uplink_kB=172.5  t=1.27s
  round  32/50: acc=0.8200  f1m=0.6433  uplink_kB=172.5  t=1.35s
  round  33/50: acc=0.8131  f1m=0.6397  uplink_kB=172.5  t=1.08s
  round  34/50: acc=0.8184  f1m=0.6410  uplink_kB=172.5  t=1.25s
  round  35/50: acc=0.8718  f1m=0.7430  uplink_kB=172.5  t=1.27s
  round  36/50: acc=0.8794  f1m=0.7441  uplink_kB=172.5  t=1.07s
  round  37/50: acc=0.8655  f1m=0.7265  uplink_kB=172.5  t=1.03s
  round  38/50: acc=0.8824  f1m=0.7473  uplink_kB=172.5  t=1.05s
  round  39/50: acc=0.8903  f1m=0.7493  uplink_kB=172.5  t=1.10s
  round  40/50: acc=0.8773  f1m=0.7388  uplink_kB=172.5  t=1.08s
  round  41/50: acc=0.8913  f1m=0.7568  uplink_kB=172.5  t=1.02s
  round  42/50: acc=0.8505  f1m=0.6646  uplink_kB=172.5  t=1.07s
  round  43/50: acc=0.8822  f1m=0.7452  uplink_kB=172.5  t=1.06s
  round  44/50: acc=0.8414  f1m=0.6640  uplink_kB=172.5  t=1.07s
  round  45/50: acc=0.8942  f1m=0.7618  uplink_kB=172.5  t=1.04s
  round  46/50: acc=0.8827  f1m=0.7522  uplink_kB=172.5  t=1.06s
  round  47/50: acc=0.8698  f1m=0.7215  uplink_kB=172.5  t=1.04s
  round  48/50: acc=0.8331  f1m=0.6490  uplink_kB=172.5  t=1.12s
  round  49/50: acc=0.8854  f1m=0.7518  uplink_kB=172.5  t=1.06s
  round  50/50: acc=0.8321  f1m=0.6545  uplink_kB=172.5  t=1.13s
[run] DONE -> /Users/agentra/Documents/hao/working/paper-lab/hao-paper-2026/iotj-fedkan-ids/repo/results/lrsweep_cseciic_mc50k/lrsweep_mlp80_lr0p03__dir0.1__seed31/metrics.json  final_acc=0.8321
