[run] device=cpu  seed=2024  out=/Users/agentra/Documents/hao/working/paper-lab/hao-paper-2026/iotj-fedkan-ids/repo/results/lrsweep_cseciic/lrsweep_kan8_lr0p0003__dir0.1__seed2024
[run] model=kan  params=3,280
  round   1/50: acc=0.4998  f1m=0.3332  uplink_kB=150.2  t=2.20s
  round   2/50: acc=0.5000  f1m=0.3333  uplink_kB=150.2  t=1.68s
  round   3/50: acc=0.5000  f1m=0.3333  uplink_kB=150.2  t=1.65s
  round   4/50: acc=0.5000  f1m=0.3333  uplink_kB=150.2  t=1.63s
  round   5/50: acc=0.6346  f1m=0.5784  uplink_kB=150.2  t=1.62s
  round   6/50: acc=0.9115  f1m=0.9109  uplink_kB=150.2  t=1.65s
  round   7/50: acc=0.9139  f1m=0.9136  uplink_kB=150.2  t=1.65s
  round   8/50: acc=0.9118  f1m=0.9115  uplink_kB=150.2  t=1.70s
  round   9/50: acc=0.9118  f1m=0.9116  uplink_kB=150.2  t=1.63s
  round  10/50: acc=0.9121  f1m=0.9118  uplink_kB=150.2  t=1.66s
  round  11/50: acc=0.9157  f1m=0.9156  uplink_kB=150.2  t=1.63s
  round  12/50: acc=0.9163  f1m=0.9161  uplink_kB=150.2  t=1.59s
  round  13/50: acc=0.9167  f1m=0.9166  uplink_kB=150.2  t=1.71s
  round  14/50: acc=0.9173  f1m=0.9171  uplink_kB=150.2  t=1.70s
  round  15/50: acc=0.9178  f1m=0.9176  uplink_kB=150.2  t=1.95s
  round  16/50: acc=0.9182  f1m=0.9180  uplink_kB=150.2  t=1.90s
  round  17/50: acc=0.9189  f1m=0.9188  uplink_kB=150.2  t=1.77s
  round  18/50: acc=0.9193  f1m=0.9192  uplink_kB=150.2  t=1.74s
  round  19/50: acc=0.9198  f1m=0.9196  uplink_kB=150.2  t=1.66s
  round  20/50: acc=0.9201  f1m=0.9199  uplink_kB=150.2  t=1.70s
  round  21/50: acc=0.9205  f1m=0.9203  uplink_kB=150.2  t=1.71s
  round  22/50: acc=0.9208  f1m=0.9207  uplink_kB=150.2  t=1.70s
  round  23/50: acc=0.9237  f1m=0.9235  uplink_kB=150.2  t=1.73s
  round  24/50: acc=0.9309  f1m=0.9307  uplink_kB=150.2  t=1.69s
  round  25/50: acc=0.9312  f1m=0.9311  uplink_kB=150.2  t=1.75s
  round  26/50: acc=0.9316  f1m=0.9315  uplink_kB=150.2  t=1.65s
  round  27/50: acc=0.9313  f1m=0.9312  uplink_kB=150.2  t=1.64s
  round  28/50: acc=0.9315  f1m=0.9313  uplink_kB=150.2  t=1.71s
  round  29/50: acc=0.9318  f1m=0.9316  uplink_kB=150.2  t=1.66s
  round  30/50: acc=0.9317  f1m=0.9316  uplink_kB=150.2  t=1.65s
  round  31/50: acc=0.9313  f1m=0.9311  uplink_kB=150.2  t=1.64s
  round  32/50: acc=0.9311  f1m=0.9310  uplink_kB=150.2  t=1.68s
  round  33/50: acc=0.9313  f1m=0.9311  uplink_kB=150.2  t=1.71s
  round  34/50: acc=0.9314  f1m=0.9313  uplink_kB=150.2  t=1.71s
  round  35/50: acc=0.9320  f1m=0.9319  uplink_kB=150.2  t=1.74s
  round  36/50: acc=0.9320  f1m=0.9318  uplink_kB=150.2  t=1.70s
  round  37/50: acc=0.9317  f1m=0.9316  uplink_kB=150.2  t=1.62s
  round  38/50: acc=0.9517  f1m=0.9516  uplink_kB=150.2  t=1.60s
  round  39/50: acc=0.9522  f1m=0.9521  uplink_kB=150.2  t=1.69s
  round  40/50: acc=0.9520  f1m=0.9519  uplink_kB=150.2  t=1.66s
  round  41/50: acc=0.9519  f1m=0.9519  uplink_kB=150.2  t=1.69s
  round  42/50: acc=0.9528  f1m=0.9527  uplink_kB=150.2  t=1.73s
  round  43/50: acc=0.9532  f1m=0.9531  uplink_kB=150.2  t=1.64s
  round  44/50: acc=0.9534  f1m=0.9534  uplink_kB=150.2  t=1.65s
  round  45/50: acc=0.9536  f1m=0.9536  uplink_kB=150.2  t=1.61s
  round  46/50: acc=0.9541  f1m=0.9541  uplink_kB=150.2  t=1.64s
  round  47/50: acc=0.9544  f1m=0.9544  uplink_kB=150.2  t=1.70s
  round  48/50: acc=0.9547  f1m=0.9547  uplink_kB=150.2  t=1.66s
  round  49/50: acc=0.9553  f1m=0.9553  uplink_kB=150.2  t=1.63s
  round  50/50: acc=0.9592  f1m=0.9592  uplink_kB=150.2  t=1.51s
[run] DONE -> /Users/agentra/Documents/hao/working/paper-lab/hao-paper-2026/iotj-fedkan-ids/repo/results/lrsweep_cseciic/lrsweep_kan8_lr0p0003__dir0.1__seed2024/metrics.json  final_acc=0.9592
