[run] device=cpu  seed=11  out=/Users/agentra/Documents/hao/working/paper-lab/hao-paper-2026/iotj-fedkan-ids/repo/results/lrsweep_cseciic/lrsweep_mlp32_lr0p01__dir0.1__seed11
[run] model=mlp  params=1,346
  round   1/50: acc=0.9059  f1m=0.9059  uplink_kB=52.6  t=1.34s
  round   2/50: acc=0.7708  f1m=0.7640  uplink_kB=52.6  t=0.60s
  round   3/50: acc=0.7999  f1m=0.7977  uplink_kB=52.6  t=0.63s
  round   4/50: acc=0.8640  f1m=0.8639  uplink_kB=52.6  t=0.65s
  round   5/50: acc=0.8492  f1m=0.8487  uplink_kB=52.6  t=0.65s
  round   6/50: acc=0.8882  f1m=0.8882  uplink_kB=52.6  t=0.63s
  round   7/50: acc=0.8955  f1m=0.8955  uplink_kB=52.6  t=0.66s
  round   8/50: acc=0.8943  f1m=0.8943  uplink_kB=52.6  t=0.79s
  round   9/50: acc=0.9055  f1m=0.9055  uplink_kB=52.6  t=0.67s
  round  10/50: acc=0.9072  f1m=0.9072  uplink_kB=52.6  t=0.67s
  round  11/50: acc=0.9087  f1m=0.9087  uplink_kB=52.6  t=0.63s
  round  12/50: acc=0.9084  f1m=0.9084  uplink_kB=52.6  t=0.64s
  round  13/50: acc=0.9089  f1m=0.9089  uplink_kB=52.6  t=0.69s
  round  14/50: acc=0.9090  f1m=0.9090  uplink_kB=52.6  t=0.67s
  round  15/50: acc=0.9163  f1m=0.9163  uplink_kB=52.6  t=0.65s
  round  16/50: acc=0.9112  f1m=0.9112  uplink_kB=52.6  t=0.68s
  round  17/50: acc=0.9152  f1m=0.9152  uplink_kB=52.6  t=0.65s
  round  18/50: acc=0.9128  f1m=0.9128  uplink_kB=52.6  t=0.60s
  round  19/50: acc=0.9176  f1m=0.9176  uplink_kB=52.6  t=0.64s
  round  20/50: acc=0.9180  f1m=0.9180  uplink_kB=52.6  t=0.63s
  round  21/50: acc=0.9124  f1m=0.9124  uplink_kB=52.6  t=0.65s
  round  22/50: acc=0.9130  f1m=0.9130  uplink_kB=52.6  t=0.63s
  round  23/50: acc=0.9146  f1m=0.9146  uplink_kB=52.6  t=0.64s
  round  24/50: acc=0.9224  f1m=0.9224  uplink_kB=52.6  t=0.58s
  round  25/50: acc=0.9137  f1m=0.9137  uplink_kB=52.6  t=0.64s
  round  26/50: acc=0.9106  f1m=0.9106  uplink_kB=52.6  t=0.68s
  round  27/50: acc=0.9106  f1m=0.9106  uplink_kB=52.6  t=0.63s
  round  28/50: acc=0.9104  f1m=0.9104  uplink_kB=52.6  t=0.70s
  round  29/50: acc=0.9260  f1m=0.9259  uplink_kB=52.6  t=0.69s
  round  30/50: acc=0.9097  f1m=0.9097  uplink_kB=52.6  t=0.67s
  round  31/50: acc=0.9100  f1m=0.9100  uplink_kB=52.6  t=0.65s
  round  32/50: acc=0.9121  f1m=0.9121  uplink_kB=52.6  t=0.66s
  round  33/50: acc=0.9103  f1m=0.9103  uplink_kB=52.6  t=0.67s
  round  34/50: acc=0.9139  f1m=0.9139  uplink_kB=52.6  t=0.66s
  round  35/50: acc=0.9443  f1m=0.9443  uplink_kB=52.6  t=0.65s
  round  36/50: acc=0.9440  f1m=0.9440  uplink_kB=52.6  t=0.67s
  round  37/50: acc=0.9292  f1m=0.9291  uplink_kB=52.6  t=0.62s
  round  38/50: acc=0.9482  f1m=0.9482  uplink_kB=52.6  t=0.66s
  round  39/50: acc=0.9308  f1m=0.9308  uplink_kB=52.6  t=0.67s
  round  40/50: acc=0.9491  f1m=0.9491  uplink_kB=52.6  t=0.65s
  round  41/50: acc=0.9477  f1m=0.9477  uplink_kB=52.6  t=0.65s
  round  42/50: acc=0.9487  f1m=0.9487  uplink_kB=52.6  t=0.64s
  round  43/50: acc=0.9323  f1m=0.9323  uplink_kB=52.6  t=0.60s
  round  44/50: acc=0.9503  f1m=0.9502  uplink_kB=52.6  t=0.65s
  round  45/50: acc=0.9520  f1m=0.9520  uplink_kB=52.6  t=0.62s
  round  46/50: acc=0.9501  f1m=0.9501  uplink_kB=52.6  t=0.64s
  round  47/50: acc=0.9527  f1m=0.9527  uplink_kB=52.6  t=0.66s
  round  48/50: acc=0.9512  f1m=0.9512  uplink_kB=52.6  t=0.64s
  round  49/50: acc=0.9529  f1m=0.9529  uplink_kB=52.6  t=0.58s
  round  50/50: acc=0.9540  f1m=0.9540  uplink_kB=52.6  t=0.66s
[run] DONE -> /Users/agentra/Documents/hao/working/paper-lab/hao-paper-2026/iotj-fedkan-ids/repo/results/lrsweep_cseciic/lrsweep_mlp32_lr0p01__dir0.1__seed11/metrics.json  final_acc=0.9540
