[run] device=cpu  seed=31  out=/Users/agentra/Documents/hao/working/paper-lab/hao-paper-2026/iotj-fedkan-ids/repo/results/lrsweep_cseciic/lrsweep_mlp80_lr0p003__dir0.1__seed31
[run] model=mlp  params=3,362
  round   1/50: acc=0.7285  f1m=0.7126  uplink_kB=131.3  t=1.51s
  round   2/50: acc=0.7475  f1m=0.7353  uplink_kB=131.3  t=0.72s
  round   3/50: acc=0.7515  f1m=0.7400  uplink_kB=131.3  t=0.71s
  round   4/50: acc=0.7553  f1m=0.7443  uplink_kB=131.3  t=0.68s
  round   5/50: acc=0.7718  f1m=0.7630  uplink_kB=131.3  t=0.69s
  round   6/50: acc=0.7751  f1m=0.7667  uplink_kB=131.3  t=0.63s
  round   7/50: acc=0.7869  f1m=0.7800  uplink_kB=131.3  t=0.68s
  round   8/50: acc=0.7933  f1m=0.7870  uplink_kB=131.3  t=0.68s
  round   9/50: acc=0.8064  f1m=0.8014  uplink_kB=131.3  t=0.70s
  round  10/50: acc=0.8067  f1m=0.8017  uplink_kB=131.3  t=0.68s
  round  11/50: acc=0.8311  f1m=0.8280  uplink_kB=131.3  t=0.73s
  round  12/50: acc=0.8247  f1m=0.8212  uplink_kB=131.3  t=0.70s
  round  13/50: acc=0.8886  f1m=0.8880  uplink_kB=131.3  t=0.70s
  round  14/50: acc=0.8746  f1m=0.8737  uplink_kB=131.3  t=0.64s
  round  15/50: acc=0.8924  f1m=0.8919  uplink_kB=131.3  t=0.70s
  round  16/50: acc=0.8879  f1m=0.8874  uplink_kB=131.3  t=0.71s
  round  17/50: acc=0.8948  f1m=0.8943  uplink_kB=131.3  t=0.71s
  round  18/50: acc=0.8900  f1m=0.8895  uplink_kB=131.3  t=0.68s
  round  19/50: acc=0.8921  f1m=0.8916  uplink_kB=131.3  t=0.67s
  round  20/50: acc=0.8880  f1m=0.8874  uplink_kB=131.3  t=0.67s
  round  21/50: acc=0.8921  f1m=0.8916  uplink_kB=131.3  t=0.64s
  round  22/50: acc=0.9066  f1m=0.9063  uplink_kB=131.3  t=0.69s
  round  23/50: acc=0.9153  f1m=0.9152  uplink_kB=131.3  t=0.70s
  round  24/50: acc=0.9031  f1m=0.9028  uplink_kB=131.3  t=0.68s
  round  25/50: acc=0.9081  f1m=0.9079  uplink_kB=131.3  t=0.79s
  round  26/50: acc=0.9257  f1m=0.9256  uplink_kB=131.3  t=0.67s
  round  27/50: acc=0.9075  f1m=0.9073  uplink_kB=131.3  t=0.68s
  round  28/50: acc=0.9246  f1m=0.9245  uplink_kB=131.3  t=0.70s
  round  29/50: acc=0.9273  f1m=0.9273  uplink_kB=131.3  t=0.64s
  round  30/50: acc=0.9088  f1m=0.9086  uplink_kB=131.3  t=0.66s
  round  31/50: acc=0.9079  f1m=0.9077  uplink_kB=131.3  t=0.67s
  round  32/50: acc=0.9066  f1m=0.9063  uplink_kB=131.3  t=0.67s
  round  33/50: acc=0.9278  f1m=0.9277  uplink_kB=131.3  t=0.67s
  round  34/50: acc=0.9295  f1m=0.9294  uplink_kB=131.3  t=0.64s
  round  35/50: acc=0.9256  f1m=0.9255  uplink_kB=131.3  t=0.65s
  round  36/50: acc=0.9194  f1m=0.9192  uplink_kB=131.3  t=0.71s
  round  37/50: acc=0.9297  f1m=0.9296  uplink_kB=131.3  t=0.62s
  round  38/50: acc=0.9261  f1m=0.9260  uplink_kB=131.3  t=0.68s
  round  39/50: acc=0.9267  f1m=0.9266  uplink_kB=131.3  t=0.68s
  round  40/50: acc=0.9293  f1m=0.9292  uplink_kB=131.3  t=0.67s
  round  41/50: acc=0.9227  f1m=0.9226  uplink_kB=131.3  t=0.66s
  round  42/50: acc=0.9206  f1m=0.9204  uplink_kB=131.3  t=0.64s
  round  43/50: acc=0.9297  f1m=0.9297  uplink_kB=131.3  t=0.67s
  round  44/50: acc=0.9199  f1m=0.9197  uplink_kB=131.3  t=0.68s
  round  45/50: acc=0.9219  f1m=0.9218  uplink_kB=131.3  t=0.60s
  round  46/50: acc=0.9235  f1m=0.9234  uplink_kB=131.3  t=0.64s
  round  47/50: acc=0.9259  f1m=0.9258  uplink_kB=131.3  t=0.66s
  round  48/50: acc=0.9334  f1m=0.9334  uplink_kB=131.3  t=0.67s
  round  49/50: acc=0.9252  f1m=0.9251  uplink_kB=131.3  t=0.67s
  round  50/50: acc=0.9277  f1m=0.9276  uplink_kB=131.3  t=0.64s
[run] DONE -> /Users/agentra/Documents/hao/working/paper-lab/hao-paper-2026/iotj-fedkan-ids/repo/results/lrsweep_cseciic/lrsweep_mlp80_lr0p003__dir0.1__seed31/metrics.json  final_acc=0.9277
