[run] device=cpu  seed=37  out=/Users/agentra/Documents/hao/working/paper-lab/hao-paper-2026/iotj-fedkan-ids/repo/results/lrsweep_toniot/lrsweep_kan16_lr0p03__dir0.1__seed37
[run] model=kan  params=6,560
  round   1/50: acc=0.6300  f1m=0.6140  uplink_kB=282.0  t=2.33s
  round   2/50: acc=0.7254  f1m=0.7180  uplink_kB=282.0  t=1.86s
  round   3/50: acc=0.8704  f1m=0.8704  uplink_kB=282.0  t=1.87s
  round   4/50: acc=0.8740  f1m=0.8738  uplink_kB=282.0  t=1.86s
  round   5/50: acc=0.7783  f1m=0.7686  uplink_kB=282.0  t=1.87s
  round   6/50: acc=0.8968  f1m=0.8965  uplink_kB=282.0  t=1.84s
  round   7/50: acc=0.7492  f1m=0.7346  uplink_kB=282.0  t=1.87s
  round   8/50: acc=0.8478  f1m=0.8455  uplink_kB=282.0  t=1.87s
  round   9/50: acc=0.7926  f1m=0.7846  uplink_kB=282.0  t=1.86s
  round  10/50: acc=0.9103  f1m=0.9102  uplink_kB=282.0  t=1.86s
  round  11/50: acc=0.9326  f1m=0.9325  uplink_kB=282.0  t=1.85s
  round  12/50: acc=0.9305  f1m=0.9304  uplink_kB=282.0  t=1.85s
  round  13/50: acc=0.9040  f1m=0.9036  uplink_kB=282.0  t=1.79s
  round  14/50: acc=0.8030  f1m=0.7955  uplink_kB=282.0  t=1.86s
  round  15/50: acc=0.8720  f1m=0.8702  uplink_kB=282.0  t=1.89s
  round  16/50: acc=0.8222  f1m=0.8167  uplink_kB=282.0  t=1.87s
  round  17/50: acc=0.8690  f1m=0.8671  uplink_kB=282.0  t=1.87s
  round  18/50: acc=0.8711  f1m=0.8694  uplink_kB=282.0  t=1.86s
  round  19/50: acc=0.9087  f1m=0.9084  uplink_kB=282.0  t=1.80s
  round  20/50: acc=0.8056  f1m=0.7986  uplink_kB=282.0  t=1.88s
  round  21/50: acc=0.9310  f1m=0.9309  uplink_kB=282.0  t=1.86s
  round  22/50: acc=0.8352  f1m=0.8317  uplink_kB=282.0  t=1.87s
  round  23/50: acc=0.8910  f1m=0.8900  uplink_kB=282.0  t=1.87s
  round  24/50: acc=0.7944  f1m=0.7859  uplink_kB=282.0  t=1.85s
  round  25/50: acc=0.9342  f1m=0.9340  uplink_kB=282.0  t=1.82s
  round  26/50: acc=0.8914  f1m=0.8905  uplink_kB=282.0  t=1.89s
  round  27/50: acc=0.8667  f1m=0.8645  uplink_kB=282.0  t=1.86s
  round  28/50: acc=0.8947  f1m=0.8938  uplink_kB=282.0  t=1.89s
  round  29/50: acc=0.8655  f1m=0.8636  uplink_kB=282.0  t=1.86s
  round  30/50: acc=0.9294  f1m=0.9292  uplink_kB=282.0  t=1.85s
  round  31/50: acc=0.8639  f1m=0.8619  uplink_kB=282.0  t=1.79s
  round  32/50: acc=0.9287  f1m=0.9285  uplink_kB=282.0  t=1.85s
  round  33/50: acc=0.8893  f1m=0.8889  uplink_kB=282.0  t=1.87s
  round  34/50: acc=0.8426  f1m=0.8397  uplink_kB=282.0  t=1.87s
  round  35/50: acc=0.8948  f1m=0.8938  uplink_kB=282.0  t=1.86s
  round  36/50: acc=0.8947  f1m=0.8937  uplink_kB=282.0  t=1.85s
  round  37/50: acc=0.8688  f1m=0.8672  uplink_kB=282.0  t=1.78s
  round  38/50: acc=0.9097  f1m=0.9092  uplink_kB=282.0  t=1.85s
  round  39/50: acc=0.8194  f1m=0.8137  uplink_kB=282.0  t=1.88s
  round  40/50: acc=0.9283  f1m=0.9280  uplink_kB=282.0  t=1.89s
  round  41/50: acc=0.9091  f1m=0.9086  uplink_kB=282.0  t=1.84s
  round  42/50: acc=0.8421  f1m=0.8386  uplink_kB=282.0  t=1.88s
  round  43/50: acc=0.8920  f1m=0.8909  uplink_kB=282.0  t=1.97s
  round  44/50: acc=0.9017  f1m=0.9011  uplink_kB=282.0  t=1.83s
  round  45/50: acc=0.8106  f1m=0.8039  uplink_kB=282.0  t=1.89s
  round  46/50: acc=0.9063  f1m=0.9057  uplink_kB=282.0  t=1.89s
  round  47/50: acc=0.8982  f1m=0.8975  uplink_kB=282.0  t=1.85s
  round  48/50: acc=0.9348  f1m=0.9347  uplink_kB=282.0  t=1.86s
  round  49/50: acc=0.8849  f1m=0.8835  uplink_kB=282.0  t=1.89s
  round  50/50: acc=0.9045  f1m=0.9038  uplink_kB=282.0  t=1.81s
[run] DONE -> /Users/agentra/Documents/hao/working/paper-lab/hao-paper-2026/iotj-fedkan-ids/repo/results/lrsweep_toniot/lrsweep_kan16_lr0p03__dir0.1__seed37/metrics.json  final_acc=0.9045
