[run] device=cpu  seed=29  out=/Users/agentra/Documents/hao/working/paper-lab/hao-paper-2026/iotj-fedkan-ids/repo/results/lrsweep_cseciic_mc50k/lrsweep_kan16_lr0p1__dir0.1__seed29
[run] model=kan  params=8,640
  round   1/50: acc=0.3092  f1m=0.1337  uplink_kB=363.3  t=3.66s
  round   2/50: acc=0.4797  f1m=0.2685  uplink_kB=363.3  t=3.00s
  round   3/50: acc=0.6387  f1m=0.3914  uplink_kB=363.3  t=3.21s
  round   4/50: acc=0.6350  f1m=0.3304  uplink_kB=363.3  t=3.03s
  round   5/50: acc=0.6656  f1m=0.3925  uplink_kB=363.3  t=3.02s
  round   6/50: acc=0.6818  f1m=0.4223  uplink_kB=363.3  t=2.95s
  round   7/50: acc=0.7313  f1m=0.4646  uplink_kB=363.3  t=3.44s
  round   8/50: acc=0.7523  f1m=0.4782  uplink_kB=363.3  t=3.09s
  round   9/50: acc=0.6907  f1m=0.4178  uplink_kB=363.3  t=2.94s
  round  10/50: acc=0.4273  f1m=0.2287  uplink_kB=363.3  t=2.91s
  round  11/50: acc=0.4871  f1m=0.2536  uplink_kB=363.3  t=3.05s
  round  12/50: acc=0.4901  f1m=0.2950  uplink_kB=363.3  t=2.99s
  round  13/50: acc=0.5518  f1m=0.3198  uplink_kB=363.3  t=3.03s
  round  14/50: acc=0.4004  f1m=0.2165  uplink_kB=363.3  t=2.98s
  round  15/50: acc=0.4096  f1m=0.2094  uplink_kB=363.3  t=3.13s
  round  16/50: acc=0.6241  f1m=0.4060  uplink_kB=363.3  t=2.97s
  round  17/50: acc=0.6119  f1m=0.3718  uplink_kB=363.3  t=3.10s
  round  18/50: acc=0.6622  f1m=0.3662  uplink_kB=363.3  t=3.03s
  round  19/50: acc=0.6743  f1m=0.3756  uplink_kB=363.3  t=3.12s
  round  20/50: acc=0.4896  f1m=0.2521  uplink_kB=363.3  t=3.07s
  round  21/50: acc=0.6896  f1m=0.4340  uplink_kB=363.3  t=3.10s
  round  22/50: acc=0.6705  f1m=0.3774  uplink_kB=363.3  t=3.08s
  round  23/50: acc=0.5830  f1m=0.3382  uplink_kB=363.3  t=3.15s
  round  24/50: acc=0.6664  f1m=0.3683  uplink_kB=363.3  t=3.09s
  round  25/50: acc=0.6836  f1m=0.4171  uplink_kB=363.3  t=3.09s
  round  26/50: acc=0.7109  f1m=0.4010  uplink_kB=363.3  t=3.10s
  round  27/50: acc=0.6960  f1m=0.4111  uplink_kB=363.3  t=3.15s
  round  28/50: acc=0.6709  f1m=0.4003  uplink_kB=363.3  t=3.04s
  round  29/50: acc=0.6869  f1m=0.4166  uplink_kB=363.3  t=3.09s
  round  30/50: acc=0.6283  f1m=0.3566  uplink_kB=363.3  t=3.04s
  round  31/50: acc=0.6850  f1m=0.4246  uplink_kB=363.3  t=3.12s
  round  32/50: acc=0.6721  f1m=0.3988  uplink_kB=363.3  t=3.04s
  round  33/50: acc=0.6354  f1m=0.3488  uplink_kB=363.3  t=3.20s
  round  34/50: acc=0.4340  f1m=0.1859  uplink_kB=363.3  t=3.15s
  round  35/50: acc=0.3461  f1m=0.2559  uplink_kB=363.3  t=3.11s
  round  36/50: acc=0.6422  f1m=0.3248  uplink_kB=363.3  t=3.08s
  round  37/50: acc=0.4478  f1m=0.2015  uplink_kB=363.3  t=3.14s
  round  38/50: acc=0.3367  f1m=0.1358  uplink_kB=363.3  t=3.03s
  round  39/50: acc=0.3189  f1m=0.1138  uplink_kB=363.3  t=3.07s
  round  40/50: acc=0.3325  f1m=0.1263  uplink_kB=363.3  t=3.03s
  round  41/50: acc=0.3346  f1m=0.1346  uplink_kB=363.3  t=3.04s
  round  42/50: acc=0.3270  f1m=0.1294  uplink_kB=363.3  t=3.08s
  round  43/50: acc=0.3329  f1m=0.1279  uplink_kB=363.3  t=3.03s
  round  44/50: acc=0.2195  f1m=0.0768  uplink_kB=363.3  t=3.09s
  round  45/50: acc=0.3369  f1m=0.1433  uplink_kB=363.3  t=3.04s
  round  46/50: acc=0.3247  f1m=0.1190  uplink_kB=363.3  t=3.07s
  round  47/50: acc=0.3471  f1m=0.1794  uplink_kB=363.3  t=3.04s
  round  48/50: acc=0.3594  f1m=0.1882  uplink_kB=363.3  t=3.04s
  round  49/50: acc=0.3331  f1m=0.1780  uplink_kB=363.3  t=2.74s
  round  50/50: acc=0.3188  f1m=0.1268  uplink_kB=363.3  t=2.73s
[run] DONE -> /Users/agentra/Documents/hao/working/paper-lab/hao-paper-2026/iotj-fedkan-ids/repo/results/lrsweep_cseciic_mc50k/lrsweep_kan16_lr0p1__dir0.1__seed29/metrics.json  final_acc=0.3188
