[run] device=cpu  seed=43  out=/Users/agentra/Documents/hao/working/paper-lab/hao-paper-2026/iotj-fedkan-ids/repo/results/lrsweep_cseciic_mc50k/lrsweep_kan8_lr0p001__dir0.1__seed43
[run] model=kan  params=4,320
  round   1/50: acc=0.1219  f1m=0.0164  uplink_kB=190.8  t=3.32s
  round   2/50: acc=0.1217  f1m=0.0145  uplink_kB=190.8  t=2.63s
  round   3/50: acc=0.1217  f1m=0.0145  uplink_kB=190.8  t=2.63s
  round   4/50: acc=0.1269  f1m=0.0199  uplink_kB=190.8  t=2.57s
  round   5/50: acc=0.1712  f1m=0.0450  uplink_kB=190.8  t=2.58s
  round   6/50: acc=0.1867  f1m=0.0496  uplink_kB=190.8  t=2.61s
  round   7/50: acc=0.1877  f1m=0.0474  uplink_kB=190.8  t=2.63s
  round   8/50: acc=0.1970  f1m=0.0564  uplink_kB=190.8  t=2.61s
  round   9/50: acc=0.1973  f1m=0.0565  uplink_kB=190.8  t=2.66s
  round  10/50: acc=0.1971  f1m=0.0581  uplink_kB=190.8  t=2.55s
  round  11/50: acc=0.2011  f1m=0.0598  uplink_kB=190.8  t=2.56s
  round  12/50: acc=0.2464  f1m=0.0901  uplink_kB=190.8  t=2.58s
  round  13/50: acc=0.2470  f1m=0.0883  uplink_kB=190.8  t=2.55s
  round  14/50: acc=0.3140  f1m=0.1296  uplink_kB=190.8  t=2.58s
  round  15/50: acc=0.3672  f1m=0.1519  uplink_kB=190.8  t=2.57s
  round  16/50: acc=0.3918  f1m=0.1728  uplink_kB=190.8  t=2.63s
  round  17/50: acc=0.4084  f1m=0.1806  uplink_kB=190.8  t=2.56s
  round  18/50: acc=0.4109  f1m=0.1821  uplink_kB=190.8  t=2.59s
  round  19/50: acc=0.4255  f1m=0.1891  uplink_kB=190.8  t=2.57s
  round  20/50: acc=0.4286  f1m=0.1905  uplink_kB=190.8  t=2.60s
  round  21/50: acc=0.5302  f1m=0.2593  uplink_kB=190.8  t=2.60s
  round  22/50: acc=0.5527  f1m=0.2734  uplink_kB=190.8  t=2.54s
  round  23/50: acc=0.5544  f1m=0.2745  uplink_kB=190.8  t=2.64s
  round  24/50: acc=0.5604  f1m=0.3376  uplink_kB=190.8  t=2.60s
  round  25/50: acc=0.5619  f1m=0.3411  uplink_kB=190.8  t=2.58s
  round  26/50: acc=0.5638  f1m=0.3460  uplink_kB=190.8  t=2.53s
  round  27/50: acc=0.5870  f1m=0.3731  uplink_kB=190.8  t=2.59s
  round  28/50: acc=0.6002  f1m=0.3849  uplink_kB=190.8  t=2.59s
  round  29/50: acc=0.5999  f1m=0.3847  uplink_kB=190.8  t=2.56s
  round  30/50: acc=0.6004  f1m=0.3851  uplink_kB=190.8  t=2.56s
  round  31/50: acc=0.6000  f1m=0.3850  uplink_kB=190.8  t=2.61s
  round  32/50: acc=0.6003  f1m=0.3850  uplink_kB=190.8  t=2.55s
  round  33/50: acc=0.6007  f1m=0.3850  uplink_kB=190.8  t=2.55s
  round  34/50: acc=0.5998  f1m=0.3843  uplink_kB=190.8  t=2.59s
  round  35/50: acc=0.5998  f1m=0.3843  uplink_kB=190.8  t=2.59s
  round  36/50: acc=0.6002  f1m=0.3845  uplink_kB=190.8  t=2.65s
  round  37/50: acc=0.6011  f1m=0.3879  uplink_kB=190.8  t=2.63s
  round  38/50: acc=0.6016  f1m=0.3881  uplink_kB=190.8  t=2.72s
  round  39/50: acc=0.6019  f1m=0.3883  uplink_kB=190.8  t=2.69s
  round  40/50: acc=0.6024  f1m=0.3887  uplink_kB=190.8  t=2.57s
  round  41/50: acc=0.6051  f1m=0.3904  uplink_kB=190.8  t=2.59s
  round  42/50: acc=0.6095  f1m=0.3936  uplink_kB=190.8  t=2.54s
  round  43/50: acc=0.6105  f1m=0.3943  uplink_kB=190.8  t=2.55s
  round  44/50: acc=0.6110  f1m=0.3949  uplink_kB=190.8  t=2.56s
  round  45/50: acc=0.6117  f1m=0.3952  uplink_kB=190.8  t=2.55s
  round  46/50: acc=0.6141  f1m=0.3969  uplink_kB=190.8  t=2.51s
  round  47/50: acc=0.6164  f1m=0.3989  uplink_kB=190.8  t=2.54s
  round  48/50: acc=0.6169  f1m=0.3994  uplink_kB=190.8  t=2.53s
  round  49/50: acc=0.6218  f1m=0.4042  uplink_kB=190.8  t=2.60s
  round  50/50: acc=0.6226  f1m=0.4051  uplink_kB=190.8  t=2.50s
[run] DONE -> /Users/agentra/Documents/hao/working/paper-lab/hao-paper-2026/iotj-fedkan-ids/repo/results/lrsweep_cseciic_mc50k/lrsweep_kan8_lr0p001__dir0.1__seed43/metrics.json  final_acc=0.6226
