[run] device=cpu  seed=43  out=/Users/agentra/Documents/hao/working/paper-lab/hao-paper-2026/iotj-fedkan-ids/repo/results/lrsweep_cseciic_mc50k/lrsweep_mlp32_lr0p001__dir0.1__seed43
[run] model=mlp  params=1,775
  round   1/50: acc=0.1682  f1m=0.0443  uplink_kB=69.3  t=1.52s
  round   2/50: acc=0.1838  f1m=0.0492  uplink_kB=69.3  t=1.01s
  round   3/50: acc=0.2326  f1m=0.0778  uplink_kB=69.3  t=1.05s
  round   4/50: acc=0.2305  f1m=0.0764  uplink_kB=69.3  t=1.02s
  round   5/50: acc=0.3304  f1m=0.1228  uplink_kB=69.3  t=1.07s
  round   6/50: acc=0.3512  f1m=0.1281  uplink_kB=69.3  t=1.06s
  round   7/50: acc=0.3515  f1m=0.1280  uplink_kB=69.3  t=1.07s
  round   8/50: acc=0.3524  f1m=0.1287  uplink_kB=69.3  t=1.00s
  round   9/50: acc=0.3555  f1m=0.1318  uplink_kB=69.3  t=1.08s
  round  10/50: acc=0.3606  f1m=0.1344  uplink_kB=69.3  t=1.04s
  round  11/50: acc=0.3625  f1m=0.1357  uplink_kB=69.3  t=1.08s
  round  12/50: acc=0.3619  f1m=0.1350  uplink_kB=69.3  t=1.10s
  round  13/50: acc=0.3646  f1m=0.1364  uplink_kB=69.3  t=1.06s
  round  14/50: acc=0.4733  f1m=0.2103  uplink_kB=69.3  t=1.03s
  round  15/50: acc=0.4774  f1m=0.2126  uplink_kB=69.3  t=1.07s
  round  16/50: acc=0.4926  f1m=0.2207  uplink_kB=69.3  t=1.01s
  round  17/50: acc=0.5005  f1m=0.2259  uplink_kB=69.3  t=1.07s
  round  18/50: acc=0.5038  f1m=0.2281  uplink_kB=69.3  t=1.01s
  round  19/50: acc=0.5047  f1m=0.2286  uplink_kB=69.3  t=1.07s
  round  20/50: acc=0.5214  f1m=0.2379  uplink_kB=69.3  t=1.01s
  round  21/50: acc=0.5239  f1m=0.2398  uplink_kB=69.3  t=1.05s
  round  22/50: acc=0.5276  f1m=0.2479  uplink_kB=69.3  t=1.01s
  round  23/50: acc=0.5631  f1m=0.2839  uplink_kB=69.3  t=1.05s
  round  24/50: acc=0.5674  f1m=0.3472  uplink_kB=69.3  t=1.04s
  round  25/50: acc=0.5677  f1m=0.3492  uplink_kB=69.3  t=1.08s
  round  26/50: acc=0.5678  f1m=0.3492  uplink_kB=69.3  t=1.01s
  round  27/50: acc=0.5707  f1m=0.3507  uplink_kB=69.3  t=1.03s
  round  28/50: acc=0.5708  f1m=0.3508  uplink_kB=69.3  t=0.97s
  round  29/50: acc=0.5707  f1m=0.3510  uplink_kB=69.3  t=1.05s
  round  30/50: acc=0.5709  f1m=0.3518  uplink_kB=69.3  t=1.01s
  round  31/50: acc=0.5711  f1m=0.3521  uplink_kB=69.3  t=1.07s
  round  32/50: acc=0.5710  f1m=0.3521  uplink_kB=69.3  t=0.99s
  round  33/50: acc=0.5715  f1m=0.3525  uplink_kB=69.3  t=1.06s
  round  34/50: acc=0.5718  f1m=0.3530  uplink_kB=69.3  t=1.06s
  round  35/50: acc=0.5720  f1m=0.3530  uplink_kB=69.3  t=1.01s
  round  36/50: acc=0.5726  f1m=0.3536  uplink_kB=69.3  t=1.03s
  round  37/50: acc=0.5785  f1m=0.3584  uplink_kB=69.3  t=1.01s
  round  38/50: acc=0.5792  f1m=0.3590  uplink_kB=69.3  t=1.07s
  round  39/50: acc=0.5797  f1m=0.3595  uplink_kB=69.3  t=1.05s
  round  40/50: acc=0.5827  f1m=0.3633  uplink_kB=69.3  t=1.06s
  round  41/50: acc=0.5856  f1m=0.3663  uplink_kB=69.3  t=1.02s
  round  42/50: acc=0.5862  f1m=0.3670  uplink_kB=69.3  t=1.11s
  round  43/50: acc=0.5871  f1m=0.3695  uplink_kB=69.3  t=1.02s
  round  44/50: acc=0.5969  f1m=0.3793  uplink_kB=69.3  t=1.06s
  round  45/50: acc=0.6005  f1m=0.3826  uplink_kB=69.3  t=0.99s
  round  46/50: acc=0.6009  f1m=0.3828  uplink_kB=69.3  t=1.12s
  round  47/50: acc=0.6013  f1m=0.3833  uplink_kB=69.3  t=1.04s
  round  48/50: acc=0.6015  f1m=0.3835  uplink_kB=69.3  t=1.09s
  round  49/50: acc=0.6023  f1m=0.3840  uplink_kB=69.3  t=1.02s
  round  50/50: acc=0.6030  f1m=0.3851  uplink_kB=69.3  t=1.06s
[run] DONE -> /Users/agentra/Documents/hao/working/paper-lab/hao-paper-2026/iotj-fedkan-ids/repo/results/lrsweep_cseciic_mc50k/lrsweep_mlp32_lr0p001__dir0.1__seed43/metrics.json  final_acc=0.6030
