[run] device=cpu  seed=17  out=/Users/agentra/Documents/hao/working/paper-lab/hao-paper-2026/iotj-fedkan-ids/repo/results/mc_toniot/mc_mlp32_lr0p01__dir0.1__seed17
[run] model=mlp  params=1,610
  round   1/50: acc=0.2939  f1m=0.1963  uplink_kB=62.9  t=1.78s
  round   2/50: acc=0.3551  f1m=0.2367  uplink_kB=62.9  t=1.27s
  round   3/50: acc=0.4159  f1m=0.2985  uplink_kB=62.9  t=1.23s
  round   4/50: acc=0.4495  f1m=0.3321  uplink_kB=62.9  t=1.31s
  round   5/50: acc=0.4599  f1m=0.3499  uplink_kB=62.9  t=1.19s
  round   6/50: acc=0.5144  f1m=0.4088  uplink_kB=62.9  t=1.24s
  round   7/50: acc=0.5807  f1m=0.4682  uplink_kB=62.9  t=1.25s
  round   8/50: acc=0.5781  f1m=0.4682  uplink_kB=62.9  t=1.16s
  round   9/50: acc=0.5867  f1m=0.4742  uplink_kB=62.9  t=1.16s
  round  10/50: acc=0.5641  f1m=0.4481  uplink_kB=62.9  t=1.29s
  round  11/50: acc=0.5717  f1m=0.4538  uplink_kB=62.9  t=1.28s
  round  12/50: acc=0.6322  f1m=0.5085  uplink_kB=62.9  t=1.31s
  round  13/50: acc=0.5794  f1m=0.4585  uplink_kB=62.9  t=1.26s
  round  14/50: acc=0.5574  f1m=0.4352  uplink_kB=62.9  t=1.25s
  round  15/50: acc=0.5567  f1m=0.4343  uplink_kB=62.9  t=1.24s
  round  16/50: acc=0.5665  f1m=0.4424  uplink_kB=62.9  t=1.17s
  round  17/50: acc=0.5578  f1m=0.4317  uplink_kB=62.9  t=1.29s
  round  18/50: acc=0.6501  f1m=0.5212  uplink_kB=62.9  t=1.27s
  round  19/50: acc=0.6389  f1m=0.5097  uplink_kB=62.9  t=1.23s
  round  20/50: acc=0.6470  f1m=0.5198  uplink_kB=62.9  t=1.35s
  round  21/50: acc=0.6236  f1m=0.5055  uplink_kB=62.9  t=1.26s
  round  22/50: acc=0.6735  f1m=0.5562  uplink_kB=62.9  t=1.22s
  round  23/50: acc=0.6335  f1m=0.5159  uplink_kB=62.9  t=1.17s
  round  24/50: acc=0.6649  f1m=0.5463  uplink_kB=62.9  t=1.21s
  round  25/50: acc=0.5999  f1m=0.4846  uplink_kB=62.9  t=1.18s
  round  26/50: acc=0.6781  f1m=0.5603  uplink_kB=62.9  t=1.27s
  round  27/50: acc=0.6017  f1m=0.4913  uplink_kB=62.9  t=1.21s
  round  28/50: acc=0.6238  f1m=0.5049  uplink_kB=62.9  t=1.22s
  round  29/50: acc=0.6139  f1m=0.5038  uplink_kB=62.9  t=1.24s
  round  30/50: acc=0.6335  f1m=0.5195  uplink_kB=62.9  t=1.28s
  round  31/50: acc=0.6316  f1m=0.5227  uplink_kB=62.9  t=1.21s
  round  32/50: acc=0.6756  f1m=0.5622  uplink_kB=62.9  t=1.30s
  round  33/50: acc=0.7085  f1m=0.5962  uplink_kB=62.9  t=1.25s
  round  34/50: acc=0.6874  f1m=0.5702  uplink_kB=62.9  t=1.26s
  round  35/50: acc=0.7148  f1m=0.6007  uplink_kB=62.9  t=1.35s
  round  36/50: acc=0.6942  f1m=0.5760  uplink_kB=62.9  t=1.31s
  round  37/50: acc=0.6912  f1m=0.5728  uplink_kB=62.9  t=1.27s
  round  38/50: acc=0.6966  f1m=0.5783  uplink_kB=62.9  t=1.19s
  round  39/50: acc=0.7350  f1m=0.6152  uplink_kB=62.9  t=1.22s
  round  40/50: acc=0.7820  f1m=0.6564  uplink_kB=62.9  t=1.20s
  round  41/50: acc=0.7651  f1m=0.6458  uplink_kB=62.9  t=1.22s
  round  42/50: acc=0.7655  f1m=0.6540  uplink_kB=62.9  t=1.21s
  round  43/50: acc=0.7267  f1m=0.6141  uplink_kB=62.9  t=1.30s
  round  44/50: acc=0.7474  f1m=0.6375  uplink_kB=62.9  t=1.21s
  round  45/50: acc=0.7216  f1m=0.6097  uplink_kB=62.9  t=1.25s
  round  46/50: acc=0.7582  f1m=0.6493  uplink_kB=62.9  t=1.20s
  round  47/50: acc=0.7287  f1m=0.6145  uplink_kB=62.9  t=1.25s
  round  48/50: acc=0.7616  f1m=0.6463  uplink_kB=62.9  t=1.24s
  round  49/50: acc=0.7367  f1m=0.6219  uplink_kB=62.9  t=1.18s
  round  50/50: acc=0.7547  f1m=0.6478  uplink_kB=62.9  t=1.25s
[run] DONE -> /Users/agentra/Documents/hao/working/paper-lab/hao-paper-2026/iotj-fedkan-ids/repo/results/mc_toniot/mc_mlp32_lr0p01__dir0.1__seed17/metrics.json  final_acc=0.7547
