[run] device=cpu  seed=111  out=/Users/agentra/Documents/hao/working/paper-lab/hao-paper-2026/iotj-fedkan-ids/repo/results/lrsweep_toniot/lrsweep_mlp80_lr0p01__dir0.1__seed111
[run] model=mlp  params=3,362
  round   1/50: acc=0.5106  f1m=0.3607  uplink_kB=131.3  t=1.43s
  round   2/50: acc=0.6511  f1m=0.6424  uplink_kB=131.3  t=0.82s
  round   3/50: acc=0.6658  f1m=0.6593  uplink_kB=131.3  t=0.85s
  round   4/50: acc=0.7641  f1m=0.7537  uplink_kB=131.3  t=0.77s
  round   5/50: acc=0.7704  f1m=0.7612  uplink_kB=131.3  t=0.82s
  round   6/50: acc=0.7788  f1m=0.7708  uplink_kB=131.3  t=0.87s
  round   7/50: acc=0.7782  f1m=0.7699  uplink_kB=131.3  t=0.79s
  round   8/50: acc=0.7817  f1m=0.7739  uplink_kB=131.3  t=0.79s
  round   9/50: acc=0.7884  f1m=0.7813  uplink_kB=131.3  t=0.75s
  round  10/50: acc=0.8594  f1m=0.8577  uplink_kB=131.3  t=0.79s
  round  11/50: acc=0.8620  f1m=0.8604  uplink_kB=131.3  t=0.77s
  round  12/50: acc=0.8654  f1m=0.8640  uplink_kB=131.3  t=0.79s
  round  13/50: acc=0.8654  f1m=0.8639  uplink_kB=131.3  t=0.71s
  round  14/50: acc=0.8709  f1m=0.8697  uplink_kB=131.3  t=0.75s
  round  15/50: acc=0.8681  f1m=0.8667  uplink_kB=131.3  t=0.77s
  round  16/50: acc=0.8694  f1m=0.8681  uplink_kB=131.3  t=0.79s
  round  17/50: acc=0.8782  f1m=0.8770  uplink_kB=131.3  t=0.81s
  round  18/50: acc=0.8824  f1m=0.8813  uplink_kB=131.3  t=0.77s
  round  19/50: acc=0.8835  f1m=0.8825  uplink_kB=131.3  t=0.72s
  round  20/50: acc=0.8816  f1m=0.8805  uplink_kB=131.3  t=0.78s
  round  21/50: acc=0.8825  f1m=0.8815  uplink_kB=131.3  t=0.76s
  round  22/50: acc=0.8817  f1m=0.8805  uplink_kB=131.3  t=0.76s
  round  23/50: acc=0.8813  f1m=0.8802  uplink_kB=131.3  t=0.79s
  round  24/50: acc=0.8834  f1m=0.8824  uplink_kB=131.3  t=0.78s
  round  25/50: acc=0.8856  f1m=0.8846  uplink_kB=131.3  t=0.76s
  round  26/50: acc=0.8822  f1m=0.8810  uplink_kB=131.3  t=0.72s
  round  27/50: acc=0.8819  f1m=0.8807  uplink_kB=131.3  t=0.76s
  round  28/50: acc=0.8868  f1m=0.8858  uplink_kB=131.3  t=0.77s
  round  29/50: acc=0.8843  f1m=0.8833  uplink_kB=131.3  t=0.74s
  round  30/50: acc=0.8901  f1m=0.8892  uplink_kB=131.3  t=0.78s
  round  31/50: acc=0.8911  f1m=0.8903  uplink_kB=131.3  t=0.72s
  round  32/50: acc=0.8876  f1m=0.8867  uplink_kB=131.3  t=0.78s
  round  33/50: acc=0.8839  f1m=0.8828  uplink_kB=131.3  t=0.77s
  round  34/50: acc=0.8841  f1m=0.8830  uplink_kB=131.3  t=0.78s
  round  35/50: acc=0.8867  f1m=0.8857  uplink_kB=131.3  t=0.77s
  round  36/50: acc=0.8845  f1m=0.8834  uplink_kB=131.3  t=0.81s
  round  37/50: acc=0.8917  f1m=0.8908  uplink_kB=131.3  t=0.71s
  round  38/50: acc=0.8897  f1m=0.8887  uplink_kB=131.3  t=0.79s
  round  39/50: acc=0.8862  f1m=0.8851  uplink_kB=131.3  t=0.79s
  round  40/50: acc=0.8877  f1m=0.8866  uplink_kB=131.3  t=0.79s
  round  41/50: acc=0.8930  f1m=0.8921  uplink_kB=131.3  t=0.75s
  round  42/50: acc=0.8828  f1m=0.8816  uplink_kB=131.3  t=0.78s
  round  43/50: acc=0.8891  f1m=0.8881  uplink_kB=131.3  t=0.69s
  round  44/50: acc=0.8868  f1m=0.8858  uplink_kB=131.3  t=0.79s
  round  45/50: acc=0.9020  f1m=0.9014  uplink_kB=131.3  t=0.79s
  round  46/50: acc=0.8962  f1m=0.8954  uplink_kB=131.3  t=0.77s
  round  47/50: acc=0.8937  f1m=0.8928  uplink_kB=131.3  t=0.76s
  round  48/50: acc=0.8996  f1m=0.8989  uplink_kB=131.3  t=0.79s
  round  49/50: acc=0.8942  f1m=0.8933  uplink_kB=131.3  t=0.72s
  round  50/50: acc=0.8996  f1m=0.8988  uplink_kB=131.3  t=0.79s
[run] DONE -> /Users/agentra/Documents/hao/working/paper-lab/hao-paper-2026/iotj-fedkan-ids/repo/results/lrsweep_toniot/lrsweep_mlp80_lr0p01__dir0.1__seed111/metrics.json  final_acc=0.8996
