[run] device=cpu  seed=37  out=/Users/agentra/Documents/hao/working/paper-lab/hao-paper-2026/iotj-fedkan-ids/repo/results/lrsweep_cseciic/lrsweep_mlp80_lr0p01__dir0.1__seed37
[run] model=mlp  params=3,362
  round   1/50: acc=0.7577  f1m=0.7428  uplink_kB=131.3  t=1.44s
  round   2/50: acc=0.9259  f1m=0.9256  uplink_kB=131.3  t=0.73s
  round   3/50: acc=0.9338  f1m=0.9336  uplink_kB=131.3  t=0.72s
  round   4/50: acc=0.9356  f1m=0.9354  uplink_kB=131.3  t=0.69s
  round   5/50: acc=0.9413  f1m=0.9411  uplink_kB=131.3  t=0.68s
  round   6/50: acc=0.9428  f1m=0.9426  uplink_kB=131.3  t=0.63s
  round   7/50: acc=0.9431  f1m=0.9429  uplink_kB=131.3  t=0.67s
  round   8/50: acc=0.9433  f1m=0.9432  uplink_kB=131.3  t=0.72s
  round   9/50: acc=0.9422  f1m=0.9420  uplink_kB=131.3  t=0.69s
  round  10/50: acc=0.9386  f1m=0.9384  uplink_kB=131.3  t=0.67s
  round  11/50: acc=0.9655  f1m=0.9655  uplink_kB=131.3  t=0.71s
  round  12/50: acc=0.9653  f1m=0.9652  uplink_kB=131.3  t=0.71s
  round  13/50: acc=0.9694  f1m=0.9693  uplink_kB=131.3  t=0.63s
  round  14/50: acc=0.9692  f1m=0.9692  uplink_kB=131.3  t=0.73s
  round  15/50: acc=0.9663  f1m=0.9662  uplink_kB=131.3  t=0.72s
  round  16/50: acc=0.9655  f1m=0.9654  uplink_kB=131.3  t=0.73s
  round  17/50: acc=0.9655  f1m=0.9655  uplink_kB=131.3  t=0.72s
  round  18/50: acc=0.9653  f1m=0.9653  uplink_kB=131.3  t=0.70s
  round  19/50: acc=0.9655  f1m=0.9655  uplink_kB=131.3  t=0.66s
  round  20/50: acc=0.9449  f1m=0.9447  uplink_kB=131.3  t=0.71s
  round  21/50: acc=0.9658  f1m=0.9657  uplink_kB=131.3  t=0.71s
  round  22/50: acc=0.9656  f1m=0.9656  uplink_kB=131.3  t=0.72s
  round  23/50: acc=0.9657  f1m=0.9657  uplink_kB=131.3  t=0.72s
  round  24/50: acc=0.9708  f1m=0.9708  uplink_kB=131.3  t=0.72s
  round  25/50: acc=0.9704  f1m=0.9704  uplink_kB=131.3  t=0.63s
  round  26/50: acc=0.9654  f1m=0.9653  uplink_kB=131.3  t=0.73s
  round  27/50: acc=0.9735  f1m=0.9735  uplink_kB=131.3  t=0.73s
  round  28/50: acc=0.9653  f1m=0.9653  uplink_kB=131.3  t=0.72s
  round  29/50: acc=0.9699  f1m=0.9699  uplink_kB=131.3  t=0.74s
  round  30/50: acc=0.9654  f1m=0.9654  uplink_kB=131.3  t=0.74s
  round  31/50: acc=0.9710  f1m=0.9709  uplink_kB=131.3  t=0.69s
  round  32/50: acc=0.9710  f1m=0.9709  uplink_kB=131.3  t=0.65s
  round  33/50: acc=0.9709  f1m=0.9709  uplink_kB=131.3  t=0.69s
  round  34/50: acc=0.9711  f1m=0.9711  uplink_kB=131.3  t=0.70s
  round  35/50: acc=0.9711  f1m=0.9711  uplink_kB=131.3  t=0.71s
  round  36/50: acc=0.9711  f1m=0.9711  uplink_kB=131.3  t=0.70s
  round  37/50: acc=0.9711  f1m=0.9711  uplink_kB=131.3  t=0.69s
  round  38/50: acc=0.9710  f1m=0.9709  uplink_kB=131.3  t=0.69s
  round  39/50: acc=0.9707  f1m=0.9707  uplink_kB=131.3  t=0.67s
  round  40/50: acc=0.9724  f1m=0.9724  uplink_kB=131.3  t=0.64s
  round  41/50: acc=0.9713  f1m=0.9713  uplink_kB=131.3  t=0.67s
  round  42/50: acc=0.9671  f1m=0.9671  uplink_kB=131.3  t=0.67s
  round  43/50: acc=0.9749  f1m=0.9749  uplink_kB=131.3  t=0.66s
  round  44/50: acc=0.9611  f1m=0.9610  uplink_kB=131.3  t=0.71s
  round  45/50: acc=0.9738  f1m=0.9738  uplink_kB=131.3  t=0.73s
  round  46/50: acc=0.9712  f1m=0.9712  uplink_kB=131.3  t=0.73s
  round  47/50: acc=0.9711  f1m=0.9711  uplink_kB=131.3  t=0.64s
  round  48/50: acc=0.9747  f1m=0.9747  uplink_kB=131.3  t=0.69s
  round  49/50: acc=0.9748  f1m=0.9748  uplink_kB=131.3  t=0.68s
  round  50/50: acc=0.9750  f1m=0.9750  uplink_kB=131.3  t=0.65s
[run] DONE -> /Users/agentra/Documents/hao/working/paper-lab/hao-paper-2026/iotj-fedkan-ids/repo/results/lrsweep_cseciic/lrsweep_mlp80_lr0p01__dir0.1__seed37/metrics.json  final_acc=0.9750
