[run] device=cpu  seed=2026  out=/Users/agentra/Documents/hao/working/paper-lab/hao-paper-2026/iotj-fedkan-ids/repo/results/lrsweep_cseciic_mc50k/lrsweep_kan16_lr0p003__dir0.1__seed2026
[run] model=kan  params=8,640
  round   1/50: acc=0.1836  f1m=0.0499  uplink_kB=363.3  t=3.81s
  round   2/50: acc=0.2939  f1m=0.1521  uplink_kB=363.3  t=3.06s
  round   3/50: acc=0.4552  f1m=0.2580  uplink_kB=363.3  t=3.15s
  round   4/50: acc=0.5031  f1m=0.2701  uplink_kB=363.3  t=3.08s
  round   5/50: acc=0.5470  f1m=0.3290  uplink_kB=363.3  t=3.23s
  round   6/50: acc=0.6741  f1m=0.4853  uplink_kB=363.3  t=3.03s
  round   7/50: acc=0.6874  f1m=0.4844  uplink_kB=363.3  t=3.10s
  round   8/50: acc=0.6958  f1m=0.5116  uplink_kB=363.3  t=3.03s
  round   9/50: acc=0.7189  f1m=0.5352  uplink_kB=363.3  t=3.07s
  round  10/50: acc=0.7240  f1m=0.5382  uplink_kB=363.3  t=3.03s
  round  11/50: acc=0.7258  f1m=0.5397  uplink_kB=363.3  t=3.05s
  round  12/50: acc=0.7271  f1m=0.5408  uplink_kB=363.3  t=2.98s
  round  13/50: acc=0.7284  f1m=0.5417  uplink_kB=363.3  t=3.07s
  round  14/50: acc=0.7291  f1m=0.5421  uplink_kB=363.3  t=2.95s
  round  15/50: acc=0.7300  f1m=0.5452  uplink_kB=363.3  t=3.03s
  round  16/50: acc=0.7300  f1m=0.5449  uplink_kB=363.3  t=2.98s
  round  17/50: acc=0.7312  f1m=0.5456  uplink_kB=363.3  t=3.03s
  round  18/50: acc=0.7330  f1m=0.5470  uplink_kB=363.3  t=2.96s
  round  19/50: acc=0.7334  f1m=0.5477  uplink_kB=363.3  t=3.01s
  round  20/50: acc=0.7335  f1m=0.5479  uplink_kB=363.3  t=3.04s
  round  21/50: acc=0.7339  f1m=0.5484  uplink_kB=363.3  t=3.05s
  round  22/50: acc=0.7342  f1m=0.5494  uplink_kB=363.3  t=2.99s
  round  23/50: acc=0.7346  f1m=0.5499  uplink_kB=363.3  t=3.04s
  round  24/50: acc=0.7349  f1m=0.5505  uplink_kB=363.3  t=2.97s
  round  25/50: acc=0.7537  f1m=0.5713  uplink_kB=363.3  t=3.05s
  round  26/50: acc=0.7559  f1m=0.5740  uplink_kB=363.3  t=2.98s
  round  27/50: acc=0.7548  f1m=0.5736  uplink_kB=363.3  t=3.05s
  round  28/50: acc=0.7674  f1m=0.5849  uplink_kB=363.3  t=2.99s
  round  29/50: acc=0.7728  f1m=0.5897  uplink_kB=363.3  t=3.03s
  round  30/50: acc=0.7767  f1m=0.5931  uplink_kB=363.3  t=3.07s
  round  31/50: acc=0.7762  f1m=0.5927  uplink_kB=363.3  t=2.98s
  round  32/50: acc=0.7802  f1m=0.5968  uplink_kB=363.3  t=3.14s
  round  33/50: acc=0.7909  f1m=0.6051  uplink_kB=363.3  t=2.98s
  round  34/50: acc=0.7949  f1m=0.6072  uplink_kB=363.3  t=3.03s
  round  35/50: acc=0.8189  f1m=0.6498  uplink_kB=363.3  t=2.98s
  round  36/50: acc=0.8410  f1m=0.6802  uplink_kB=363.3  t=2.94s
  round  37/50: acc=0.8457  f1m=0.6841  uplink_kB=363.3  t=3.02s
  round  38/50: acc=0.8475  f1m=0.6856  uplink_kB=363.3  t=3.03s
  round  39/50: acc=0.8481  f1m=0.6856  uplink_kB=363.3  t=2.94s
  round  40/50: acc=0.8506  f1m=0.6873  uplink_kB=363.3  t=2.95s
  round  41/50: acc=0.8555  f1m=0.6913  uplink_kB=363.3  t=3.03s
  round  42/50: acc=0.8541  f1m=0.6900  uplink_kB=363.3  t=3.03s
  round  43/50: acc=0.8571  f1m=0.6955  uplink_kB=363.3  t=2.98s
  round  44/50: acc=0.8557  f1m=0.6993  uplink_kB=363.3  t=3.05s
  round  45/50: acc=0.8564  f1m=0.6991  uplink_kB=363.3  t=2.97s
  round  46/50: acc=0.8561  f1m=0.6990  uplink_kB=363.3  t=3.00s
  round  47/50: acc=0.8577  f1m=0.7001  uplink_kB=363.3  t=2.96s
  round  48/50: acc=0.8576  f1m=0.7001  uplink_kB=363.3  t=3.02s
  round  49/50: acc=0.8580  f1m=0.7009  uplink_kB=363.3  t=2.95s
  round  50/50: acc=0.8572  f1m=0.6997  uplink_kB=363.3  t=3.01s
[run] DONE -> /Users/agentra/Documents/hao/working/paper-lab/hao-paper-2026/iotj-fedkan-ids/repo/results/lrsweep_cseciic_mc50k/lrsweep_kan16_lr0p003__dir0.1__seed2026/metrics.json  final_acc=0.8572
