[run] device=cpu  seed=2026  out=/Users/agentra/Documents/hao/working/paper-lab/hao-paper-2026/iotj-fedkan-ids/repo/results/lrsweep_cseciic_mc/lrsweep_mlp80_lr0p1__dir0.1__seed2026
[run] model=mlp  params=4,415
  round   1/50: acc=0.1003  f1m=0.1016  uplink_kB=172.5  t=2.62s
  round   2/50: acc=0.3547  f1m=0.1790  uplink_kB=172.5  t=2.15s
  round   3/50: acc=0.4667  f1m=0.1685  uplink_kB=172.5  t=2.19s
  round   4/50: acc=0.5062  f1m=0.1950  uplink_kB=172.5  t=2.18s
  round   5/50: acc=0.6910  f1m=0.3688  uplink_kB=172.5  t=2.16s
  round   6/50: acc=0.6731  f1m=0.3225  uplink_kB=172.5  t=2.22s
  round   7/50: acc=0.7281  f1m=0.3984  uplink_kB=172.5  t=2.28s
  round   8/50: acc=0.7538  f1m=0.4756  uplink_kB=172.5  t=2.15s
  round   9/50: acc=0.7203  f1m=0.3753  uplink_kB=172.5  t=2.23s
  round  10/50: acc=0.7091  f1m=0.3842  uplink_kB=172.5  t=2.21s
  round  11/50: acc=0.7174  f1m=0.3520  uplink_kB=172.5  t=2.21s
  round  12/50: acc=0.5705  f1m=0.2880  uplink_kB=172.5  t=2.22s
  round  13/50: acc=0.5526  f1m=0.3068  uplink_kB=172.5  t=2.23s
  round  14/50: acc=0.5981  f1m=0.3297  uplink_kB=172.5  t=2.27s
  round  15/50: acc=0.7017  f1m=0.4097  uplink_kB=172.5  t=2.13s
  round  16/50: acc=0.7422  f1m=0.4381  uplink_kB=172.5  t=2.26s
  round  17/50: acc=0.4934  f1m=0.3754  uplink_kB=172.5  t=2.16s
  round  18/50: acc=0.7225  f1m=0.4727  uplink_kB=172.5  t=2.11s
  round  19/50: acc=0.6616  f1m=0.4343  uplink_kB=172.5  t=2.17s
  round  20/50: acc=0.6889  f1m=0.4855  uplink_kB=172.5  t=2.22s
  round  21/50: acc=0.7411  f1m=0.4289  uplink_kB=172.5  t=2.19s
  round  22/50: acc=0.6963  f1m=0.4888  uplink_kB=172.5  t=2.16s
  round  23/50: acc=0.5380  f1m=0.3766  uplink_kB=172.5  t=2.22s
  round  24/50: acc=0.6588  f1m=0.3910  uplink_kB=172.5  t=2.18s
  round  25/50: acc=0.4770  f1m=0.2818  uplink_kB=172.5  t=2.21s
  round  26/50: acc=0.6222  f1m=0.3393  uplink_kB=172.5  t=2.20s
  round  27/50: acc=0.5135  f1m=0.3348  uplink_kB=172.5  t=2.19s
  round  28/50: acc=0.5367  f1m=0.4561  uplink_kB=172.5  t=2.14s
  round  29/50: acc=0.6937  f1m=0.5241  uplink_kB=172.5  t=2.16s
  round  30/50: acc=0.6884  f1m=0.4559  uplink_kB=172.5  t=2.21s
  round  31/50: acc=0.7365  f1m=0.4532  uplink_kB=172.5  t=2.17s
  round  32/50: acc=0.5756  f1m=0.4013  uplink_kB=172.5  t=2.19s
  round  33/50: acc=0.6619  f1m=0.5500  uplink_kB=172.5  t=2.18s
  round  34/50: acc=0.6847  f1m=0.5445  uplink_kB=172.5  t=2.19s
  round  35/50: acc=0.6560  f1m=0.4555  uplink_kB=172.5  t=2.15s
  round  36/50: acc=0.6349  f1m=0.5180  uplink_kB=172.5  t=2.29s
  round  37/50: acc=0.7252  f1m=0.5890  uplink_kB=172.5  t=2.16s
  round  38/50: acc=0.7826  f1m=0.5765  uplink_kB=172.5  t=2.42s
  round  39/50: acc=0.5815  f1m=0.4116  uplink_kB=172.5  t=2.26s
  round  40/50: acc=0.6827  f1m=0.4597  uplink_kB=172.5  t=2.27s
  round  41/50: acc=0.7410  f1m=0.5945  uplink_kB=172.5  t=2.29s
  round  42/50: acc=0.8213  f1m=0.6452  uplink_kB=172.5  t=2.15s
  round  43/50: acc=0.8288  f1m=0.6247  uplink_kB=172.5  t=2.15s
  round  44/50: acc=0.7749  f1m=0.5668  uplink_kB=172.5  t=2.17s
  round  45/50: acc=0.6584  f1m=0.4517  uplink_kB=172.5  t=2.20s
  round  46/50: acc=0.8021  f1m=0.5685  uplink_kB=172.5  t=2.21s
  round  47/50: acc=0.5245  f1m=0.3886  uplink_kB=172.5  t=2.11s
  round  48/50: acc=0.7753  f1m=0.5360  uplink_kB=172.5  t=2.25s
  round  49/50: acc=0.8202  f1m=0.6209  uplink_kB=172.5  t=2.13s
  round  50/50: acc=0.7345  f1m=0.5074  uplink_kB=172.5  t=1.69s
[run] DONE -> /Users/agentra/Documents/hao/working/paper-lab/hao-paper-2026/iotj-fedkan-ids/repo/results/lrsweep_cseciic_mc/lrsweep_mlp80_lr0p1__dir0.1__seed2026/metrics.json  final_acc=0.7345
