[run] device=cpu  seed=23  out=/Users/agentra/Documents/hao/working/paper-lab/hao-paper-2026/iotj-fedkan-ids/repo/results/lrsweep_toniot/lrsweep_kan16_lr0p01__dir0.1__seed23
[run] model=kan  params=6,560
  round   1/50: acc=0.5717  f1m=0.4780  uplink_kB=282.0  t=2.30s
  round   2/50: acc=0.7487  f1m=0.7405  uplink_kB=282.0  t=1.86s
  round   3/50: acc=0.8019  f1m=0.8007  uplink_kB=282.0  t=1.83s
  round   4/50: acc=0.8854  f1m=0.8852  uplink_kB=282.0  t=1.87s
  round   5/50: acc=0.9075  f1m=0.9075  uplink_kB=282.0  t=1.77s
  round   6/50: acc=0.8918  f1m=0.8916  uplink_kB=282.0  t=1.87s
  round   7/50: acc=0.9089  f1m=0.9088  uplink_kB=282.0  t=1.86s
  round   8/50: acc=0.8546  f1m=0.8530  uplink_kB=282.0  t=1.88s
  round   9/50: acc=0.9214  f1m=0.9213  uplink_kB=282.0  t=1.86s
  round  10/50: acc=0.9216  f1m=0.9215  uplink_kB=282.0  t=1.87s
  round  11/50: acc=0.9234  f1m=0.9233  uplink_kB=282.0  t=1.88s
  round  12/50: acc=0.9258  f1m=0.9257  uplink_kB=282.0  t=1.83s
  round  13/50: acc=0.9277  f1m=0.9276  uplink_kB=282.0  t=1.88s
  round  14/50: acc=0.9312  f1m=0.9311  uplink_kB=282.0  t=1.89s
  round  15/50: acc=0.9132  f1m=0.9130  uplink_kB=282.0  t=1.87s
  round  16/50: acc=0.9345  f1m=0.9345  uplink_kB=282.0  t=1.84s
  round  17/50: acc=0.9127  f1m=0.9125  uplink_kB=282.0  t=1.89s
  round  18/50: acc=0.9073  f1m=0.9072  uplink_kB=282.0  t=1.80s
  round  19/50: acc=0.8603  f1m=0.8583  uplink_kB=282.0  t=1.85s
  round  20/50: acc=0.9214  f1m=0.9213  uplink_kB=282.0  t=1.84s
  round  21/50: acc=0.8746  f1m=0.8736  uplink_kB=282.0  t=1.87s
  round  22/50: acc=0.9319  f1m=0.9318  uplink_kB=282.0  t=1.85s
  round  23/50: acc=0.8709  f1m=0.8697  uplink_kB=282.0  t=1.92s
  round  24/50: acc=0.9329  f1m=0.9329  uplink_kB=282.0  t=1.88s
  round  25/50: acc=0.9403  f1m=0.9402  uplink_kB=282.0  t=1.81s
  round  26/50: acc=0.9084  f1m=0.9081  uplink_kB=282.0  t=1.89s
  round  27/50: acc=0.8701  f1m=0.8685  uplink_kB=282.0  t=1.87s
  round  28/50: acc=0.9322  f1m=0.9322  uplink_kB=282.0  t=1.87s
  round  29/50: acc=0.8938  f1m=0.8929  uplink_kB=282.0  t=1.85s
  round  30/50: acc=0.9355  f1m=0.9355  uplink_kB=282.0  t=1.85s
  round  31/50: acc=0.9324  f1m=0.9323  uplink_kB=282.0  t=1.86s
  round  32/50: acc=0.9400  f1m=0.9400  uplink_kB=282.0  t=1.80s
  round  33/50: acc=0.9190  f1m=0.9188  uplink_kB=282.0  t=1.86s
  round  34/50: acc=0.9414  f1m=0.9414  uplink_kB=282.0  t=1.91s
  round  35/50: acc=0.9516  f1m=0.9516  uplink_kB=282.0  t=1.85s
  round  36/50: acc=0.9553  f1m=0.9553  uplink_kB=282.0  t=1.87s
  round  37/50: acc=0.9266  f1m=0.9264  uplink_kB=282.0  t=1.87s
  round  38/50: acc=0.9465  f1m=0.9465  uplink_kB=282.0  t=1.85s
  round  39/50: acc=0.9553  f1m=0.9553  uplink_kB=282.0  t=1.81s
  round  40/50: acc=0.9549  f1m=0.9549  uplink_kB=282.0  t=1.85s
  round  41/50: acc=0.9213  f1m=0.9210  uplink_kB=282.0  t=1.86s
  round  42/50: acc=0.9574  f1m=0.9573  uplink_kB=282.0  t=1.90s
  round  43/50: acc=0.9213  f1m=0.9211  uplink_kB=282.0  t=1.85s
  round  44/50: acc=0.9184  f1m=0.9180  uplink_kB=282.0  t=1.89s
  round  45/50: acc=0.9563  f1m=0.9563  uplink_kB=282.0  t=1.84s
  round  46/50: acc=0.9294  f1m=0.9292  uplink_kB=282.0  t=1.86s
  round  47/50: acc=0.9539  f1m=0.9539  uplink_kB=282.0  t=1.86s
  round  48/50: acc=0.9220  f1m=0.9216  uplink_kB=282.0  t=1.86s
  round  49/50: acc=0.9060  f1m=0.9053  uplink_kB=282.0  t=1.88s
  round  50/50: acc=0.9178  f1m=0.9173  uplink_kB=282.0  t=1.91s
[run] DONE -> /Users/agentra/Documents/hao/working/paper-lab/hao-paper-2026/iotj-fedkan-ids/repo/results/lrsweep_toniot/lrsweep_kan16_lr0p01__dir0.1__seed23/metrics.json  final_acc=0.9178
