[run] device=cpu  seed=31  out=/Users/agentra/Documents/hao/working/paper-lab/hao-paper-2026/iotj-fedkan-ids/repo/results/lrsweep_cseciic_mc50k/lrsweep_kan16_lr0p1__dir0.1__seed31
[run] model=kan  params=8,640
  round   1/50: acc=0.1845  f1m=0.0585  uplink_kB=363.3  t=3.66s
  round   2/50: acc=0.4529  f1m=0.2163  uplink_kB=363.3  t=2.98s
  round   3/50: acc=0.2231  f1m=0.0739  uplink_kB=363.3  t=3.11s
  round   4/50: acc=0.5426  f1m=0.2750  uplink_kB=363.3  t=3.05s
  round   5/50: acc=0.4831  f1m=0.3236  uplink_kB=363.3  t=3.08s
  round   6/50: acc=0.6569  f1m=0.3450  uplink_kB=363.3  t=3.04s
  round   7/50: acc=0.5373  f1m=0.3281  uplink_kB=363.3  t=3.16s
  round   8/50: acc=0.6072  f1m=0.3870  uplink_kB=363.3  t=3.02s
  round   9/50: acc=0.6238  f1m=0.3556  uplink_kB=363.3  t=3.09s
  round  10/50: acc=0.6480  f1m=0.3709  uplink_kB=363.3  t=3.01s
  round  11/50: acc=0.5081  f1m=0.2958  uplink_kB=363.3  t=3.09s
  round  12/50: acc=0.6499  f1m=0.3439  uplink_kB=363.3  t=2.99s
  round  13/50: acc=0.5639  f1m=0.2758  uplink_kB=363.3  t=3.14s
  round  14/50: acc=0.5432  f1m=0.2689  uplink_kB=363.3  t=3.09s
  round  15/50: acc=0.5412  f1m=0.2679  uplink_kB=363.3  t=3.02s
  round  16/50: acc=0.5771  f1m=0.2865  uplink_kB=363.3  t=2.99s
  round  17/50: acc=0.4841  f1m=0.2572  uplink_kB=363.3  t=3.05s
  round  18/50: acc=0.4068  f1m=0.2323  uplink_kB=363.3  t=3.00s
  round  19/50: acc=0.4617  f1m=0.2528  uplink_kB=363.3  t=3.13s
  round  20/50: acc=0.4117  f1m=0.2403  uplink_kB=363.3  t=2.95s
  round  21/50: acc=0.4340  f1m=0.2043  uplink_kB=363.3  t=3.15s
  round  22/50: acc=0.4970  f1m=0.2285  uplink_kB=363.3  t=3.28s
  round  23/50: acc=0.2875  f1m=0.1529  uplink_kB=363.3  t=3.21s
  round  24/50: acc=0.3947  f1m=0.1899  uplink_kB=363.3  t=3.09s
  round  25/50: acc=0.5203  f1m=0.2600  uplink_kB=363.3  t=3.15s
  round  26/50: acc=0.2811  f1m=0.1685  uplink_kB=363.3  t=3.12s
  round  27/50: acc=0.2937  f1m=0.1191  uplink_kB=363.3  t=3.12s
  round  28/50: acc=0.4307  f1m=0.2084  uplink_kB=363.3  t=3.13s
  round  29/50: acc=0.4395  f1m=0.2072  uplink_kB=363.3  t=3.06s
  round  30/50: acc=0.2990  f1m=0.1541  uplink_kB=363.3  t=2.96s
  round  31/50: acc=0.3703  f1m=0.1787  uplink_kB=363.3  t=3.05s
  round  32/50: acc=0.3754  f1m=0.2008  uplink_kB=363.3  t=3.08s
  round  33/50: acc=0.3487  f1m=0.1794  uplink_kB=363.3  t=3.03s
  round  34/50: acc=0.2655  f1m=0.1375  uplink_kB=363.3  t=2.95s
  round  35/50: acc=0.3027  f1m=0.1711  uplink_kB=363.3  t=3.07s
  round  36/50: acc=0.2882  f1m=0.1640  uplink_kB=363.3  t=2.98s
  round  37/50: acc=0.3586  f1m=0.1964  uplink_kB=363.3  t=3.07s
  round  38/50: acc=0.3038  f1m=0.1645  uplink_kB=363.3  t=3.02s
  round  39/50: acc=0.2779  f1m=0.1480  uplink_kB=363.3  t=3.06s
  round  40/50: acc=0.3918  f1m=0.2035  uplink_kB=363.3  t=2.94s
  round  41/50: acc=0.4086  f1m=0.2140  uplink_kB=363.3  t=3.05s
  round  42/50: acc=0.4670  f1m=0.2163  uplink_kB=363.3  t=2.98s
  round  43/50: acc=0.3191  f1m=0.1659  uplink_kB=363.3  t=3.10s
  round  44/50: acc=0.4221  f1m=0.1926  uplink_kB=363.3  t=3.08s
  round  45/50: acc=0.3788  f1m=0.1527  uplink_kB=363.3  t=3.01s
  round  46/50: acc=0.3812  f1m=0.1931  uplink_kB=363.3  t=3.08s
  round  47/50: acc=0.3317  f1m=0.1527  uplink_kB=363.3  t=3.01s
  round  48/50: acc=0.3824  f1m=0.1718  uplink_kB=363.3  t=3.06s
  round  49/50: acc=0.4844  f1m=0.2458  uplink_kB=363.3  t=2.93s
  round  50/50: acc=0.4857  f1m=0.2490  uplink_kB=363.3  t=3.00s
[run] DONE -> /Users/agentra/Documents/hao/working/paper-lab/hao-paper-2026/iotj-fedkan-ids/repo/results/lrsweep_cseciic_mc50k/lrsweep_kan16_lr0p1__dir0.1__seed31/metrics.json  final_acc=0.4857
