[run] device=cpu  seed=108  out=/Users/agentra/Documents/hao/working/paper-lab/hao-paper-2026/iotj-fedkan-ids/repo/results/lrsweep_toniot/lrsweep_mlp80_lr0p01__dir0.1__seed108
[run] model=mlp  params=3,362
  round   1/50: acc=0.5000  f1m=0.3333  uplink_kB=131.3  t=1.40s
  round   2/50: acc=0.7000  f1m=0.6991  uplink_kB=131.3  t=0.82s
  round   3/50: acc=0.6927  f1m=0.6927  uplink_kB=131.3  t=0.83s
  round   4/50: acc=0.6468  f1m=0.6401  uplink_kB=131.3  t=0.85s
  round   5/50: acc=0.6466  f1m=0.6395  uplink_kB=131.3  t=0.80s
  round   6/50: acc=0.6466  f1m=0.6396  uplink_kB=131.3  t=0.82s
  round   7/50: acc=0.6479  f1m=0.6410  uplink_kB=131.3  t=0.82s
  round   8/50: acc=0.6488  f1m=0.6418  uplink_kB=131.3  t=0.82s
  round   9/50: acc=0.6495  f1m=0.6425  uplink_kB=131.3  t=0.86s
  round  10/50: acc=0.6517  f1m=0.6450  uplink_kB=131.3  t=0.83s
  round  11/50: acc=0.6496  f1m=0.6427  uplink_kB=131.3  t=0.80s
  round  12/50: acc=0.6565  f1m=0.6507  uplink_kB=131.3  t=0.81s
  round  13/50: acc=0.6551  f1m=0.6492  uplink_kB=131.3  t=0.85s
  round  14/50: acc=0.6555  f1m=0.6498  uplink_kB=131.3  t=0.88s
  round  15/50: acc=0.6555  f1m=0.6498  uplink_kB=131.3  t=0.83s
  round  16/50: acc=0.6548  f1m=0.6492  uplink_kB=131.3  t=0.81s
  round  17/50: acc=0.6562  f1m=0.6515  uplink_kB=131.3  t=0.77s
  round  18/50: acc=0.6574  f1m=0.6525  uplink_kB=131.3  t=0.86s
  round  19/50: acc=0.6619  f1m=0.6584  uplink_kB=131.3  t=0.84s
  round  20/50: acc=0.6635  f1m=0.6600  uplink_kB=131.3  t=0.82s
  round  21/50: acc=0.6642  f1m=0.6612  uplink_kB=131.3  t=0.83s
  round  22/50: acc=0.6662  f1m=0.6629  uplink_kB=131.3  t=0.80s
  round  23/50: acc=0.6659  f1m=0.6641  uplink_kB=131.3  t=0.86s
  round  24/50: acc=0.7434  f1m=0.7430  uplink_kB=131.3  t=0.75s
  round  25/50: acc=0.6724  f1m=0.6662  uplink_kB=131.3  t=0.83s
  round  26/50: acc=0.6814  f1m=0.6766  uplink_kB=131.3  t=0.88s
  round  27/50: acc=0.6743  f1m=0.6658  uplink_kB=131.3  t=0.85s
  round  28/50: acc=0.6742  f1m=0.6657  uplink_kB=131.3  t=0.83s
  round  29/50: acc=0.6698  f1m=0.6609  uplink_kB=131.3  t=0.84s
  round  30/50: acc=0.6423  f1m=0.6268  uplink_kB=131.3  t=0.86s
  round  31/50: acc=0.6336  f1m=0.6151  uplink_kB=131.3  t=0.78s
  round  32/50: acc=0.6242  f1m=0.6026  uplink_kB=131.3  t=0.86s
  round  33/50: acc=0.6302  f1m=0.6105  uplink_kB=131.3  t=0.84s
  round  34/50: acc=0.6179  f1m=0.5923  uplink_kB=131.3  t=0.82s
  round  35/50: acc=0.6211  f1m=0.5976  uplink_kB=131.3  t=0.84s
  round  36/50: acc=0.6183  f1m=0.5870  uplink_kB=131.3  t=0.88s
  round  37/50: acc=0.6171  f1m=0.5872  uplink_kB=131.3  t=0.77s
  round  38/50: acc=0.6161  f1m=0.5856  uplink_kB=131.3  t=0.85s
  round  39/50: acc=0.6177  f1m=0.5875  uplink_kB=131.3  t=0.87s
  round  40/50: acc=0.6254  f1m=0.6007  uplink_kB=131.3  t=0.86s
  round  41/50: acc=0.6195  f1m=0.5823  uplink_kB=131.3  t=0.86s
  round  42/50: acc=0.6226  f1m=0.5880  uplink_kB=131.3  t=0.88s
  round  43/50: acc=0.6170  f1m=0.5762  uplink_kB=131.3  t=0.77s
  round  44/50: acc=0.6181  f1m=0.5778  uplink_kB=131.3  t=0.84s
  round  45/50: acc=0.6123  f1m=0.5662  uplink_kB=131.3  t=0.86s
  round  46/50: acc=0.6068  f1m=0.5568  uplink_kB=131.3  t=0.85s
  round  47/50: acc=0.6048  f1m=0.5520  uplink_kB=131.3  t=0.85s
  round  48/50: acc=0.6051  f1m=0.5532  uplink_kB=131.3  t=0.83s
  round  49/50: acc=0.6008  f1m=0.5456  uplink_kB=131.3  t=0.89s
  round  50/50: acc=0.5992  f1m=0.5409  uplink_kB=131.3  t=0.80s
[run] DONE -> /Users/agentra/Documents/hao/working/paper-lab/hao-paper-2026/iotj-fedkan-ids/repo/results/lrsweep_toniot/lrsweep_mlp80_lr0p01__dir0.1__seed108/metrics.json  final_acc=0.5992
