[run] device=cpu  seed=43  out=/Users/agentra/Documents/hao/working/paper-lab/hao-paper-2026/iotj-fedkan-ids/repo/results/lrsweep_cseciic_mc50k/lrsweep_kan16_lr0p1__dir0.1__seed43
[run] model=kan  params=8,640
  round   1/50: acc=0.2850  f1m=0.1164  uplink_kB=363.3  t=3.69s
  round   2/50: acc=0.5077  f1m=0.2662  uplink_kB=363.3  t=3.03s
  round   3/50: acc=0.5737  f1m=0.3268  uplink_kB=363.3  t=3.14s
  round   4/50: acc=0.6783  f1m=0.4082  uplink_kB=363.3  t=3.04s
  round   5/50: acc=0.6190  f1m=0.4118  uplink_kB=363.3  t=3.09s
  round   6/50: acc=0.5849  f1m=0.3360  uplink_kB=363.3  t=3.08s
  round   7/50: acc=0.5841  f1m=0.3327  uplink_kB=363.3  t=3.25s
  round   8/50: acc=0.6652  f1m=0.4044  uplink_kB=363.3  t=3.01s
  round   9/50: acc=0.6135  f1m=0.3582  uplink_kB=363.3  t=3.15s
  round  10/50: acc=0.5920  f1m=0.3817  uplink_kB=363.3  t=3.11s
  round  11/50: acc=0.5772  f1m=0.3406  uplink_kB=363.3  t=3.04s
  round  12/50: acc=0.5779  f1m=0.3577  uplink_kB=363.3  t=3.03s
  round  13/50: acc=0.6472  f1m=0.4218  uplink_kB=363.3  t=3.17s
  round  14/50: acc=0.6690  f1m=0.3770  uplink_kB=363.3  t=3.06s
  round  15/50: acc=0.5752  f1m=0.3050  uplink_kB=363.3  t=3.14s
  round  16/50: acc=0.5810  f1m=0.3155  uplink_kB=363.3  t=3.06s
  round  17/50: acc=0.5714  f1m=0.3095  uplink_kB=363.3  t=3.13s
  round  18/50: acc=0.5760  f1m=0.3093  uplink_kB=363.3  t=3.13s
  round  19/50: acc=0.5921  f1m=0.3144  uplink_kB=363.3  t=3.09s
  round  20/50: acc=0.6813  f1m=0.3781  uplink_kB=363.3  t=3.07s
  round  21/50: acc=0.5864  f1m=0.3126  uplink_kB=363.3  t=3.35s
  round  22/50: acc=0.5891  f1m=0.3138  uplink_kB=363.3  t=3.17s
  round  23/50: acc=0.5959  f1m=0.3406  uplink_kB=363.3  t=3.20s
  round  24/50: acc=0.5965  f1m=0.3213  uplink_kB=363.3  t=3.15s
  round  25/50: acc=0.5897  f1m=0.3627  uplink_kB=363.3  t=3.23s
  round  26/50: acc=0.6566  f1m=0.3656  uplink_kB=363.3  t=3.11s
  round  27/50: acc=0.6868  f1m=0.4120  uplink_kB=363.3  t=3.12s
  round  28/50: acc=0.6174  f1m=0.3858  uplink_kB=363.3  t=3.10s
  round  29/50: acc=0.6966  f1m=0.4318  uplink_kB=363.3  t=3.15s
  round  30/50: acc=0.7087  f1m=0.4388  uplink_kB=363.3  t=3.03s
  round  31/50: acc=0.5953  f1m=0.3160  uplink_kB=363.3  t=3.06s
  round  32/50: acc=0.5883  f1m=0.3066  uplink_kB=363.3  t=3.02s
  round  33/50: acc=0.6938  f1m=0.3855  uplink_kB=363.3  t=3.09s
  round  34/50: acc=0.6608  f1m=0.4497  uplink_kB=363.3  t=3.02s
  round  35/50: acc=0.5889  f1m=0.3216  uplink_kB=363.3  t=3.12s
  round  36/50: acc=0.5795  f1m=0.3911  uplink_kB=363.3  t=3.04s
  round  37/50: acc=0.6983  f1m=0.3917  uplink_kB=363.3  t=3.10s
  round  38/50: acc=0.6982  f1m=0.4385  uplink_kB=363.3  t=2.99s
  round  39/50: acc=0.5926  f1m=0.3382  uplink_kB=363.3  t=3.04s
  round  40/50: acc=0.6028  f1m=0.3582  uplink_kB=363.3  t=3.01s
  round  41/50: acc=0.6955  f1m=0.3847  uplink_kB=363.3  t=3.12s
  round  42/50: acc=0.5817  f1m=0.3078  uplink_kB=363.3  t=2.97s
  round  43/50: acc=0.6694  f1m=0.3772  uplink_kB=363.3  t=3.13s
  round  44/50: acc=0.6960  f1m=0.3834  uplink_kB=363.3  t=2.93s
  round  45/50: acc=0.5845  f1m=0.3238  uplink_kB=363.3  t=3.13s
  round  46/50: acc=0.6799  f1m=0.3852  uplink_kB=363.3  t=3.02s
  round  47/50: acc=0.6117  f1m=0.3749  uplink_kB=363.3  t=3.06s
  round  48/50: acc=0.7116  f1m=0.4455  uplink_kB=363.3  t=3.00s
  round  49/50: acc=0.6252  f1m=0.3763  uplink_kB=363.3  t=3.05s
  round  50/50: acc=0.7546  f1m=0.5005  uplink_kB=363.3  t=2.92s
[run] DONE -> /Users/agentra/Documents/hao/working/paper-lab/hao-paper-2026/iotj-fedkan-ids/repo/results/lrsweep_cseciic_mc50k/lrsweep_kan16_lr0p1__dir0.1__seed43/metrics.json  final_acc=0.7546
