[run] device=cpu  seed=43  out=/Users/agentra/Documents/hao/working/paper-lab/hao-paper-2026/iotj-fedkan-ids/repo/results/lrsweep_botiot/lrsweep_kan8_lr0p03__dir0.1__seed43
[run] model=kan  params=3,280
  round   1/50: acc=0.5092  f1m=0.3516  uplink_kB=150.2  t=2.25s
  round   2/50: acc=0.7146  f1m=0.6890  uplink_kB=150.2  t=1.64s
  round   3/50: acc=0.8296  f1m=0.8245  uplink_kB=150.2  t=1.65s
  round   4/50: acc=0.8355  f1m=0.8309  uplink_kB=150.2  t=1.59s
  round   5/50: acc=0.8961  f1m=0.8958  uplink_kB=150.2  t=1.60s
  round   6/50: acc=0.9219  f1m=0.9219  uplink_kB=150.2  t=1.65s
  round   7/50: acc=0.8189  f1m=0.8128  uplink_kB=150.2  t=1.63s
  round   8/50: acc=0.9610  f1m=0.9610  uplink_kB=150.2  t=1.62s
  round   9/50: acc=0.7105  f1m=0.6840  uplink_kB=150.2  t=1.63s
  round  10/50: acc=0.9327  f1m=0.9327  uplink_kB=150.2  t=1.61s
  round  11/50: acc=0.8973  f1m=0.8962  uplink_kB=150.2  t=1.55s
  round  12/50: acc=0.9531  f1m=0.9531  uplink_kB=150.2  t=1.61s
  round  13/50: acc=0.9525  f1m=0.9525  uplink_kB=150.2  t=1.63s
  round  14/50: acc=0.9217  f1m=0.9212  uplink_kB=150.2  t=1.57s
  round  15/50: acc=0.8321  f1m=0.8272  uplink_kB=150.2  t=1.65s
  round  16/50: acc=0.9227  f1m=0.9223  uplink_kB=150.2  t=1.64s
  round  17/50: acc=0.9185  f1m=0.9180  uplink_kB=150.2  t=1.65s
  round  18/50: acc=0.9085  f1m=0.9077  uplink_kB=150.2  t=1.57s
  round  19/50: acc=0.9553  f1m=0.9553  uplink_kB=150.2  t=1.60s
  round  20/50: acc=0.9002  f1m=0.8992  uplink_kB=150.2  t=1.64s
  round  21/50: acc=0.8478  f1m=0.8442  uplink_kB=150.2  t=1.64s
  round  22/50: acc=0.8978  f1m=0.8968  uplink_kB=150.2  t=1.65s
  round  23/50: acc=0.9164  f1m=0.9158  uplink_kB=150.2  t=1.63s
  round  24/50: acc=0.9163  f1m=0.9157  uplink_kB=150.2  t=1.66s
  round  25/50: acc=0.9085  f1m=0.9077  uplink_kB=150.2  t=1.59s
  round  26/50: acc=0.9619  f1m=0.9619  uplink_kB=150.2  t=1.64s
  round  27/50: acc=0.9166  f1m=0.9160  uplink_kB=150.2  t=1.65s
  round  28/50: acc=0.9169  f1m=0.9163  uplink_kB=150.2  t=1.62s
  round  29/50: acc=0.9566  f1m=0.9566  uplink_kB=150.2  t=1.63s
  round  30/50: acc=0.9595  f1m=0.9595  uplink_kB=150.2  t=1.61s
  round  31/50: acc=0.8985  f1m=0.8974  uplink_kB=150.2  t=1.59s
  round  32/50: acc=0.9643  f1m=0.9643  uplink_kB=150.2  t=1.61s
  round  33/50: acc=0.9016  f1m=0.9007  uplink_kB=150.2  t=1.63s
  round  34/50: acc=0.8900  f1m=0.8886  uplink_kB=150.2  t=1.62s
  round  35/50: acc=0.9096  f1m=0.9088  uplink_kB=150.2  t=1.63s
  round  36/50: acc=0.9203  f1m=0.9197  uplink_kB=150.2  t=1.61s
  round  37/50: acc=0.9172  f1m=0.9166  uplink_kB=150.2  t=1.58s
  round  38/50: acc=0.8659  f1m=0.8634  uplink_kB=150.2  t=1.65s
  round  39/50: acc=0.9047  f1m=0.9038  uplink_kB=150.2  t=1.63s
  round  40/50: acc=0.8897  f1m=0.8883  uplink_kB=150.2  t=1.65s
  round  41/50: acc=0.8757  f1m=0.8738  uplink_kB=150.2  t=1.61s
  round  42/50: acc=0.8831  f1m=0.8814  uplink_kB=150.2  t=1.60s
  round  43/50: acc=0.7831  f1m=0.7725  uplink_kB=150.2  t=1.67s
  round  44/50: acc=0.9925  f1m=0.9925  uplink_kB=150.2  t=1.54s
  round  45/50: acc=0.9003  f1m=0.8993  uplink_kB=150.2  t=1.64s
  round  46/50: acc=0.9859  f1m=0.9859  uplink_kB=150.2  t=1.64s
  round  47/50: acc=0.9016  f1m=0.9006  uplink_kB=150.2  t=1.62s
  round  48/50: acc=0.9342  f1m=0.9339  uplink_kB=150.2  t=1.63s
  round  49/50: acc=0.6837  f1m=0.6481  uplink_kB=150.2  t=1.58s
  round  50/50: acc=0.8800  f1m=0.8782  uplink_kB=150.2  t=1.51s
[run] DONE -> /Users/agentra/Documents/hao/working/paper-lab/hao-paper-2026/iotj-fedkan-ids/repo/results/lrsweep_botiot/lrsweep_kan8_lr0p03__dir0.1__seed43/metrics.json  final_acc=0.8800
