[run] device=cpu  seed=2026  out=/Users/agentra/Documents/hao/working/paper-lab/hao-paper-2026/iotj-fedkan-ids/repo/results/lrsweep_botiot/lrsweep_kan16_lr0p03__dir0.1__seed2026
[run] model=kan  params=6,560
  round   1/50: acc=0.4989  f1m=0.3328  uplink_kB=282.0  t=2.53s
  round   2/50: acc=0.4988  f1m=0.3328  uplink_kB=282.0  t=1.89s
  round   3/50: acc=0.4989  f1m=0.3328  uplink_kB=282.0  t=1.89s
  round   4/50: acc=0.4989  f1m=0.3328  uplink_kB=282.0  t=1.89s
  round   5/50: acc=0.5380  f1m=0.4144  uplink_kB=282.0  t=1.84s
  round   6/50: acc=0.7081  f1m=0.6815  uplink_kB=282.0  t=1.84s
  round   7/50: acc=0.7816  f1m=0.7710  uplink_kB=282.0  t=1.85s
  round   8/50: acc=0.7997  f1m=0.7915  uplink_kB=282.0  t=1.89s
  round   9/50: acc=0.8136  f1m=0.8071  uplink_kB=282.0  t=1.88s
  round  10/50: acc=0.8129  f1m=0.8062  uplink_kB=282.0  t=1.90s
  round  11/50: acc=0.8817  f1m=0.8801  uplink_kB=282.0  t=1.82s
  round  12/50: acc=0.8962  f1m=0.8951  uplink_kB=282.0  t=1.80s
  round  13/50: acc=0.9078  f1m=0.9071  uplink_kB=282.0  t=1.85s
  round  14/50: acc=0.8297  f1m=0.8248  uplink_kB=282.0  t=1.89s
  round  15/50: acc=0.9025  f1m=0.9016  uplink_kB=282.0  t=1.84s
  round  16/50: acc=0.9005  f1m=0.8995  uplink_kB=282.0  t=1.91s
  round  17/50: acc=0.9160  f1m=0.9155  uplink_kB=282.0  t=1.80s
  round  18/50: acc=0.9211  f1m=0.9206  uplink_kB=282.0  t=1.81s
  round  19/50: acc=0.8921  f1m=0.8908  uplink_kB=282.0  t=1.87s
  round  20/50: acc=0.8604  f1m=0.8578  uplink_kB=282.0  t=1.81s
  round  21/50: acc=0.8927  f1m=0.8915  uplink_kB=282.0  t=1.84s
  round  22/50: acc=0.9125  f1m=0.9119  uplink_kB=282.0  t=1.83s
  round  23/50: acc=0.9231  f1m=0.9227  uplink_kB=282.0  t=1.89s
  round  24/50: acc=0.9241  f1m=0.9237  uplink_kB=282.0  t=1.90s
  round  25/50: acc=0.9256  f1m=0.9252  uplink_kB=282.0  t=1.78s
  round  26/50: acc=0.9325  f1m=0.9322  uplink_kB=282.0  t=1.87s
  round  27/50: acc=0.9412  f1m=0.9410  uplink_kB=282.0  t=1.87s
  round  28/50: acc=0.9360  f1m=0.9358  uplink_kB=282.0  t=1.83s
  round  29/50: acc=0.9302  f1m=0.9299  uplink_kB=282.0  t=1.90s
  round  30/50: acc=0.9355  f1m=0.9353  uplink_kB=282.0  t=1.92s
  round  31/50: acc=0.9664  f1m=0.9663  uplink_kB=282.0  t=1.85s
  round  32/50: acc=0.9399  f1m=0.9397  uplink_kB=282.0  t=1.86s
  round  33/50: acc=0.9151  f1m=0.9145  uplink_kB=282.0  t=1.80s
  round  34/50: acc=0.9088  f1m=0.9081  uplink_kB=282.0  t=1.86s
  round  35/50: acc=0.9163  f1m=0.9158  uplink_kB=282.0  t=1.88s
  round  36/50: acc=0.9159  f1m=0.9153  uplink_kB=282.0  t=1.89s
  round  37/50: acc=0.9185  f1m=0.9180  uplink_kB=282.0  t=1.86s
  round  38/50: acc=0.9293  f1m=0.9290  uplink_kB=282.0  t=1.85s
  round  39/50: acc=0.4989  f1m=0.3328  uplink_kB=282.0  t=1.86s
  round  40/50: acc=0.7441  f1m=0.7264  uplink_kB=282.0  t=1.81s
  round  41/50: acc=0.5779  f1m=0.4875  uplink_kB=282.0  t=1.84s
  round  42/50: acc=0.7503  f1m=0.7340  uplink_kB=282.0  t=1.88s
  round  43/50: acc=0.8581  f1m=0.8552  uplink_kB=282.0  t=1.85s
  round  44/50: acc=0.5071  f1m=0.3507  uplink_kB=282.0  t=1.89s
  round  45/50: acc=0.5884  f1m=0.5055  uplink_kB=282.0  t=1.86s
  round  46/50: acc=0.5535  f1m=0.4436  uplink_kB=282.0  t=1.82s
  round  47/50: acc=0.9648  f1m=0.9647  uplink_kB=282.0  t=1.86s
  round  48/50: acc=0.6296  f1m=0.5716  uplink_kB=282.0  t=1.86s
  round  49/50: acc=0.6639  f1m=0.6218  uplink_kB=282.0  t=1.84s
  round  50/50: acc=0.7698  f1m=0.7572  uplink_kB=282.0  t=1.89s
[run] DONE -> /Users/agentra/Documents/hao/working/paper-lab/hao-paper-2026/iotj-fedkan-ids/repo/results/lrsweep_botiot/lrsweep_kan16_lr0p03__dir0.1__seed2026/metrics.json  final_acc=0.7698
