[run] device=cpu  seed=43  out=/Users/agentra/Documents/hao/working/paper-lab/hao-paper-2026/iotj-fedkan-ids/repo/results/lrsweep_cseciic_mc50k/lrsweep_mlp80_lr0p003__dir0.1__seed43
[run] model=mlp  params=4,415
  round   1/50: acc=0.2973  f1m=0.1285  uplink_kB=172.5  t=1.56s
  round   2/50: acc=0.3170  f1m=0.1203  uplink_kB=172.5  t=1.02s
  round   3/50: acc=0.3878  f1m=0.1518  uplink_kB=172.5  t=1.07s
  round   4/50: acc=0.5028  f1m=0.2943  uplink_kB=172.5  t=1.04s
  round   5/50: acc=0.5336  f1m=0.2899  uplink_kB=172.5  t=1.05s
  round   6/50: acc=0.5691  f1m=0.3280  uplink_kB=172.5  t=1.03s
  round   7/50: acc=0.5720  f1m=0.3283  uplink_kB=172.5  t=1.06s
  round   8/50: acc=0.5763  f1m=0.3294  uplink_kB=172.5  t=1.03s
  round   9/50: acc=0.5768  f1m=0.3295  uplink_kB=172.5  t=1.07s
  round  10/50: acc=0.5788  f1m=0.3302  uplink_kB=172.5  t=1.04s
  round  11/50: acc=0.5794  f1m=0.3308  uplink_kB=172.5  t=1.07s
  round  12/50: acc=0.5855  f1m=0.3576  uplink_kB=172.5  t=1.01s
  round  13/50: acc=0.5943  f1m=0.3832  uplink_kB=172.5  t=1.08s
  round  14/50: acc=0.6096  f1m=0.3993  uplink_kB=172.5  t=1.06s
  round  15/50: acc=0.6122  f1m=0.4011  uplink_kB=172.5  t=1.10s
  round  16/50: acc=0.6146  f1m=0.4073  uplink_kB=172.5  t=1.02s
  round  17/50: acc=0.6182  f1m=0.4129  uplink_kB=172.5  t=1.06s
  round  18/50: acc=0.6193  f1m=0.4142  uplink_kB=172.5  t=1.02s
  round  19/50: acc=0.6218  f1m=0.4171  uplink_kB=172.5  t=1.09s
  round  20/50: acc=0.6259  f1m=0.4199  uplink_kB=172.5  t=1.04s
  round  21/50: acc=0.6322  f1m=0.4470  uplink_kB=172.5  t=1.09s
  round  22/50: acc=0.6317  f1m=0.4405  uplink_kB=172.5  t=1.01s
  round  23/50: acc=0.6790  f1m=0.4648  uplink_kB=172.5  t=1.14s
  round  24/50: acc=0.6974  f1m=0.4757  uplink_kB=172.5  t=1.08s
  round  25/50: acc=0.6993  f1m=0.4827  uplink_kB=172.5  t=1.07s
  round  26/50: acc=0.7006  f1m=0.4871  uplink_kB=172.5  t=1.03s
  round  27/50: acc=0.7007  f1m=0.4872  uplink_kB=172.5  t=1.04s
  round  28/50: acc=0.7078  f1m=0.5056  uplink_kB=172.5  t=1.05s
  round  29/50: acc=0.7033  f1m=0.4959  uplink_kB=172.5  t=1.08s
  round  30/50: acc=0.7089  f1m=0.5116  uplink_kB=172.5  t=1.04s
  round  31/50: acc=0.7103  f1m=0.5098  uplink_kB=172.5  t=1.08s
  round  32/50: acc=0.7109  f1m=0.5150  uplink_kB=172.5  t=1.03s
  round  33/50: acc=0.7108  f1m=0.5145  uplink_kB=172.5  t=1.04s
  round  34/50: acc=0.7340  f1m=0.5441  uplink_kB=172.5  t=1.08s
  round  35/50: acc=0.7121  f1m=0.5135  uplink_kB=172.5  t=1.04s
  round  36/50: acc=0.7319  f1m=0.5371  uplink_kB=172.5  t=1.11s
  round  37/50: acc=0.7350  f1m=0.5429  uplink_kB=172.5  t=1.03s
  round  38/50: acc=0.7327  f1m=0.5425  uplink_kB=172.5  t=1.10s
  round  39/50: acc=0.7378  f1m=0.5517  uplink_kB=172.5  t=1.04s
  round  40/50: acc=0.7338  f1m=0.5450  uplink_kB=172.5  t=1.11s
  round  41/50: acc=0.7359  f1m=0.5531  uplink_kB=172.5  t=1.00s
  round  42/50: acc=0.7383  f1m=0.5575  uplink_kB=172.5  t=1.08s
  round  43/50: acc=0.7397  f1m=0.5563  uplink_kB=172.5  t=1.05s
  round  44/50: acc=0.7932  f1m=0.6450  uplink_kB=172.5  t=1.07s
  round  45/50: acc=0.7414  f1m=0.5591  uplink_kB=172.5  t=1.04s
  round  46/50: acc=0.7414  f1m=0.5622  uplink_kB=172.5  t=1.06s
  round  47/50: acc=0.7386  f1m=0.5535  uplink_kB=172.5  t=1.02s
  round  48/50: acc=0.7409  f1m=0.5575  uplink_kB=172.5  t=1.08s
  round  49/50: acc=0.7392  f1m=0.5579  uplink_kB=172.5  t=1.02s
  round  50/50: acc=0.7406  f1m=0.5592  uplink_kB=172.5  t=1.07s
[run] DONE -> /Users/agentra/Documents/hao/working/paper-lab/hao-paper-2026/iotj-fedkan-ids/repo/results/lrsweep_cseciic_mc50k/lrsweep_mlp80_lr0p003__dir0.1__seed43/metrics.json  final_acc=0.7406
