[run] device=cpu  seed=11  out=/Users/agentra/Documents/hao/working/paper-lab/hao-paper-2026/iotj-fedkan-ids/repo/results/sensitivity_botiot/sens_h4__dir0.1__seed11
[run] model=kan  params=1,640
  round   1/50: acc=0.9042  f1m=0.9040  uplink_kB=84.2  t=2.64s
  round   2/50: acc=0.8253  f1m=0.8200  uplink_kB=84.2  t=1.70s
  round   3/50: acc=0.7946  f1m=0.7856  uplink_kB=84.2  t=1.81s
  round   4/50: acc=0.8453  f1m=0.8416  uplink_kB=84.2  t=1.68s
  round   5/50: acc=0.8996  f1m=0.8993  uplink_kB=84.2  t=1.60s
  round   6/50: acc=0.9410  f1m=0.9410  uplink_kB=84.2  t=1.56s
  round   7/50: acc=0.8785  f1m=0.8767  uplink_kB=84.2  t=1.80s
  round   8/50: acc=0.9607  f1m=0.9607  uplink_kB=84.2  t=1.87s
  round   9/50: acc=0.9689  f1m=0.9689  uplink_kB=84.2  t=1.70s
  round  10/50: acc=0.8969  f1m=0.8958  uplink_kB=84.2  t=1.62s
  round  11/50: acc=0.9530  f1m=0.9530  uplink_kB=84.2  t=1.60s
  round  12/50: acc=0.9691  f1m=0.9691  uplink_kB=84.2  t=1.58s
  round  13/50: acc=0.9591  f1m=0.9591  uplink_kB=84.2  t=1.59s
  round  14/50: acc=0.9589  f1m=0.9589  uplink_kB=84.2  t=1.61s
  round  15/50: acc=0.9588  f1m=0.9588  uplink_kB=84.2  t=1.74s
  round  16/50: acc=0.9605  f1m=0.9605  uplink_kB=84.2  t=1.79s
  round  17/50: acc=0.9695  f1m=0.9695  uplink_kB=84.2  t=1.90s
  round  18/50: acc=0.9609  f1m=0.9609  uplink_kB=84.2  t=1.69s
  round  19/50: acc=0.9688  f1m=0.9688  uplink_kB=84.2  t=1.76s
  round  20/50: acc=0.9686  f1m=0.9686  uplink_kB=84.2  t=1.60s
  round  21/50: acc=0.9699  f1m=0.9699  uplink_kB=84.2  t=1.85s
  round  22/50: acc=0.9700  f1m=0.9700  uplink_kB=84.2  t=1.65s
  round  23/50: acc=0.9691  f1m=0.9691  uplink_kB=84.2  t=1.71s
  round  24/50: acc=0.9605  f1m=0.9605  uplink_kB=84.2  t=1.66s
  round  25/50: acc=0.9691  f1m=0.9691  uplink_kB=84.2  t=1.63s
  round  26/50: acc=0.9690  f1m=0.9690  uplink_kB=84.2  t=1.87s
  round  27/50: acc=0.9694  f1m=0.9694  uplink_kB=84.2  t=1.68s
  round  28/50: acc=0.9725  f1m=0.9724  uplink_kB=84.2  t=1.58s
  round  29/50: acc=0.9715  f1m=0.9714  uplink_kB=84.2  t=1.65s
  round  30/50: acc=0.9714  f1m=0.9714  uplink_kB=84.2  t=1.84s
  round  31/50: acc=0.9716  f1m=0.9716  uplink_kB=84.2  t=1.60s
  round  32/50: acc=0.9717  f1m=0.9717  uplink_kB=84.2  t=1.70s
  round  33/50: acc=0.9719  f1m=0.9719  uplink_kB=84.2  t=1.69s
  round  34/50: acc=0.9719  f1m=0.9719  uplink_kB=84.2  t=1.68s
  round  35/50: acc=0.9717  f1m=0.9717  uplink_kB=84.2  t=1.78s
  round  36/50: acc=0.9720  f1m=0.9720  uplink_kB=84.2  t=1.78s
  round  37/50: acc=0.9721  f1m=0.9721  uplink_kB=84.2  t=1.60s
  round  38/50: acc=0.9723  f1m=0.9723  uplink_kB=84.2  t=1.92s
  round  39/50: acc=0.9718  f1m=0.9718  uplink_kB=84.2  t=1.80s
  round  40/50: acc=0.9721  f1m=0.9721  uplink_kB=84.2  t=1.52s
  round  41/50: acc=0.9722  f1m=0.9722  uplink_kB=84.2  t=1.58s
  round  42/50: acc=0.9724  f1m=0.9724  uplink_kB=84.2  t=1.50s
  round  43/50: acc=0.9723  f1m=0.9723  uplink_kB=84.2  t=1.58s
  round  44/50: acc=0.9703  f1m=0.9703  uplink_kB=84.2  t=1.54s
  round  45/50: acc=0.9723  f1m=0.9723  uplink_kB=84.2  t=1.55s
  round  46/50: acc=0.9723  f1m=0.9723  uplink_kB=84.2  t=1.53s
  round  47/50: acc=0.9722  f1m=0.9722  uplink_kB=84.2  t=1.57s
  round  48/50: acc=0.9725  f1m=0.9725  uplink_kB=84.2  t=1.55s
  round  49/50: acc=0.9726  f1m=0.9726  uplink_kB=84.2  t=1.50s
  round  50/50: acc=0.9621  f1m=0.9620  uplink_kB=84.2  t=1.57s
[run] DONE -> /Users/agentra/Documents/hao/working/paper-lab/hao-paper-2026/iotj-fedkan-ids/repo/results/sensitivity_botiot/sens_h4__dir0.1__seed11/metrics.json  final_acc=0.9621
