[run] device=cpu  seed=42  out=/Users/agentra/Documents/hao/working/paper-lab/hao-paper-2026/iotj-fedkan-ids/repo/results/lrsweep_cseciic_mc50k/lrsweep_mlp32_lr0p001__dir0.1__seed42
[run] model=mlp  params=1,775
  round   1/50: acc=0.1658  f1m=0.0474  uplink_kB=69.3  t=1.58s
  round   2/50: acc=0.1956  f1m=0.0662  uplink_kB=69.3  t=1.06s
  round   3/50: acc=0.2024  f1m=0.0747  uplink_kB=69.3  t=1.05s
  round   4/50: acc=0.3141  f1m=0.1471  uplink_kB=69.3  t=1.08s
  round   5/50: acc=0.3507  f1m=0.1618  uplink_kB=69.3  t=1.06s
  round   6/50: acc=0.3692  f1m=0.1704  uplink_kB=69.3  t=0.98s
  round   7/50: acc=0.3809  f1m=0.1715  uplink_kB=69.3  t=0.99s
  round   8/50: acc=0.4330  f1m=0.2261  uplink_kB=69.3  t=0.99s
  round   9/50: acc=0.4534  f1m=0.2338  uplink_kB=69.3  t=1.06s
  round  10/50: acc=0.4887  f1m=0.2765  uplink_kB=69.3  t=1.00s
  round  11/50: acc=0.4885  f1m=0.2761  uplink_kB=69.3  t=1.09s
  round  12/50: acc=0.4992  f1m=0.2804  uplink_kB=69.3  t=1.03s
  round  13/50: acc=0.5057  f1m=0.2841  uplink_kB=69.3  t=1.06s
  round  14/50: acc=0.5235  f1m=0.2930  uplink_kB=69.3  t=1.05s
  round  15/50: acc=0.5261  f1m=0.2942  uplink_kB=69.3  t=1.06s
  round  16/50: acc=0.5404  f1m=0.3031  uplink_kB=69.3  t=1.03s
  round  17/50: acc=0.5514  f1m=0.3141  uplink_kB=69.3  t=1.13s
  round  18/50: acc=0.5658  f1m=0.3266  uplink_kB=69.3  t=1.04s
  round  19/50: acc=0.5696  f1m=0.3298  uplink_kB=69.3  t=1.07s
  round  20/50: acc=0.5796  f1m=0.3338  uplink_kB=69.3  t=0.99s
  round  21/50: acc=0.5853  f1m=0.3388  uplink_kB=69.3  t=1.03s
  round  22/50: acc=0.5912  f1m=0.3433  uplink_kB=69.3  t=1.00s
  round  23/50: acc=0.5944  f1m=0.3472  uplink_kB=69.3  t=1.08s
  round  24/50: acc=0.5983  f1m=0.3504  uplink_kB=69.3  t=0.98s
  round  25/50: acc=0.6665  f1m=0.4526  uplink_kB=69.3  t=1.04s
  round  26/50: acc=0.6692  f1m=0.4559  uplink_kB=69.3  t=1.02s
  round  27/50: acc=0.6702  f1m=0.4571  uplink_kB=69.3  t=1.08s
  round  28/50: acc=0.6540  f1m=0.4305  uplink_kB=69.3  t=1.01s
  round  29/50: acc=0.6360  f1m=0.3784  uplink_kB=69.3  t=1.07s
  round  30/50: acc=0.6405  f1m=0.3821  uplink_kB=69.3  t=0.99s
  round  31/50: acc=0.6503  f1m=0.3925  uplink_kB=69.3  t=1.06s
  round  32/50: acc=0.6515  f1m=0.3939  uplink_kB=69.3  t=1.02s
  round  33/50: acc=0.6555  f1m=0.3974  uplink_kB=69.3  t=1.07s
  round  34/50: acc=0.6627  f1m=0.4046  uplink_kB=69.3  t=1.01s
  round  35/50: acc=0.6638  f1m=0.4060  uplink_kB=69.3  t=1.04s
  round  36/50: acc=0.6648  f1m=0.4070  uplink_kB=69.3  t=1.03s
  round  37/50: acc=0.6672  f1m=0.4087  uplink_kB=69.3  t=1.05s
  round  38/50: acc=0.6700  f1m=0.4121  uplink_kB=69.3  t=1.08s
  round  39/50: acc=0.6724  f1m=0.4138  uplink_kB=69.3  t=1.00s
  round  40/50: acc=0.6726  f1m=0.4139  uplink_kB=69.3  t=1.07s
  round  41/50: acc=0.6742  f1m=0.4146  uplink_kB=69.3  t=1.02s
  round  42/50: acc=0.6753  f1m=0.4142  uplink_kB=69.3  t=1.07s
  round  43/50: acc=0.6752  f1m=0.4141  uplink_kB=69.3  t=1.02s
  round  44/50: acc=0.6763  f1m=0.4149  uplink_kB=69.3  t=1.05s
  round  45/50: acc=0.6777  f1m=0.4161  uplink_kB=69.3  t=1.03s
  round  46/50: acc=0.6780  f1m=0.4162  uplink_kB=69.3  t=1.08s
  round  47/50: acc=0.6783  f1m=0.4164  uplink_kB=69.3  t=1.01s
  round  48/50: acc=0.6782  f1m=0.4159  uplink_kB=69.3  t=1.02s
  round  49/50: acc=0.6788  f1m=0.4164  uplink_kB=69.3  t=1.03s
  round  50/50: acc=0.6786  f1m=0.4162  uplink_kB=69.3  t=1.05s
[run] DONE -> /Users/agentra/Documents/hao/working/paper-lab/hao-paper-2026/iotj-fedkan-ids/repo/results/lrsweep_cseciic_mc50k/lrsweep_mlp32_lr0p001__dir0.1__seed42/metrics.json  final_acc=0.6786
