[run] device=cpu  seed=37  out=/Users/agentra/Documents/hao/working/paper-lab/hao-paper-2026/iotj-fedkan-ids/repo/results/lrsweep_toniot/lrsweep_kan16_lr0p001__dir0.1__seed37
[run] model=kan  params=6,560
  round   1/50: acc=0.5000  f1m=0.3333  uplink_kB=282.0  t=2.31s
  round   2/50: acc=0.5000  f1m=0.3333  uplink_kB=282.0  t=1.96s
  round   3/50: acc=0.6290  f1m=0.6166  uplink_kB=282.0  t=1.94s
  round   4/50: acc=0.6355  f1m=0.6263  uplink_kB=282.0  t=1.96s
  round   5/50: acc=0.6449  f1m=0.6376  uplink_kB=282.0  t=1.93s
  round   6/50: acc=0.6607  f1m=0.6556  uplink_kB=282.0  t=1.86s
  round   7/50: acc=0.7418  f1m=0.7414  uplink_kB=282.0  t=1.95s
  round   8/50: acc=0.7164  f1m=0.7164  uplink_kB=282.0  t=1.92s
  round   9/50: acc=0.7255  f1m=0.7253  uplink_kB=282.0  t=1.92s
  round  10/50: acc=0.7245  f1m=0.7239  uplink_kB=282.0  t=1.94s
  round  11/50: acc=0.7252  f1m=0.7244  uplink_kB=282.0  t=1.93s
  round  12/50: acc=0.7254  f1m=0.7243  uplink_kB=282.0  t=1.99s
  round  13/50: acc=0.7283  f1m=0.7270  uplink_kB=282.0  t=1.89s
  round  14/50: acc=0.7308  f1m=0.7292  uplink_kB=282.0  t=1.92s
  round  15/50: acc=0.7316  f1m=0.7290  uplink_kB=282.0  t=1.94s
  round  16/50: acc=0.7343  f1m=0.7316  uplink_kB=282.0  t=1.93s
  round  17/50: acc=0.7369  f1m=0.7341  uplink_kB=282.0  t=1.99s
  round  18/50: acc=0.7399  f1m=0.7369  uplink_kB=282.0  t=1.92s
  round  19/50: acc=0.7432  f1m=0.7400  uplink_kB=282.0  t=1.90s
  round  20/50: acc=0.7443  f1m=0.7412  uplink_kB=282.0  t=1.95s
  round  21/50: acc=0.7436  f1m=0.7405  uplink_kB=282.0  t=1.95s
  round  22/50: acc=0.7472  f1m=0.7439  uplink_kB=282.0  t=1.95s
  round  23/50: acc=0.7476  f1m=0.7444  uplink_kB=282.0  t=1.91s
  round  24/50: acc=0.7470  f1m=0.7439  uplink_kB=282.0  t=1.96s
  round  25/50: acc=0.7469  f1m=0.7436  uplink_kB=282.0  t=1.88s
  round  26/50: acc=0.7471  f1m=0.7437  uplink_kB=282.0  t=1.94s
  round  27/50: acc=0.8768  f1m=0.8768  uplink_kB=282.0  t=1.93s
  round  28/50: acc=0.8782  f1m=0.8782  uplink_kB=282.0  t=1.96s
  round  29/50: acc=0.8785  f1m=0.8784  uplink_kB=282.0  t=1.96s
  round  30/50: acc=0.8786  f1m=0.8786  uplink_kB=282.0  t=1.94s
  round  31/50: acc=0.8795  f1m=0.8795  uplink_kB=282.0  t=1.90s
  round  32/50: acc=0.8793  f1m=0.8793  uplink_kB=282.0  t=1.94s
  round  33/50: acc=0.8811  f1m=0.8811  uplink_kB=282.0  t=1.95s
  round  34/50: acc=0.8800  f1m=0.8800  uplink_kB=282.0  t=1.92s
  round  35/50: acc=0.8883  f1m=0.8882  uplink_kB=282.0  t=1.93s
  round  36/50: acc=0.8900  f1m=0.8900  uplink_kB=282.0  t=1.99s
  round  37/50: acc=0.8955  f1m=0.8955  uplink_kB=282.0  t=1.86s
  round  38/50: acc=0.9009  f1m=0.9009  uplink_kB=282.0  t=1.93s
  round  39/50: acc=0.8995  f1m=0.8995  uplink_kB=282.0  t=1.96s
  round  40/50: acc=0.9029  f1m=0.9029  uplink_kB=282.0  t=1.95s
  round  41/50: acc=0.9094  f1m=0.9094  uplink_kB=282.0  t=1.95s
  round  42/50: acc=0.9051  f1m=0.9051  uplink_kB=282.0  t=1.97s
  round  43/50: acc=0.9046  f1m=0.9046  uplink_kB=282.0  t=1.93s
  round  44/50: acc=0.9122  f1m=0.9122  uplink_kB=282.0  t=1.89s
  round  45/50: acc=0.9103  f1m=0.9103  uplink_kB=282.0  t=1.97s
  round  46/50: acc=0.9153  f1m=0.9153  uplink_kB=282.0  t=1.96s
  round  47/50: acc=0.9212  f1m=0.9212  uplink_kB=282.0  t=1.94s
  round  48/50: acc=0.9197  f1m=0.9197  uplink_kB=282.0  t=1.94s
  round  49/50: acc=0.9227  f1m=0.9226  uplink_kB=282.0  t=1.95s
  round  50/50: acc=0.9259  f1m=0.9259  uplink_kB=282.0  t=1.75s
[run] DONE -> /Users/agentra/Documents/hao/working/paper-lab/hao-paper-2026/iotj-fedkan-ids/repo/results/lrsweep_toniot/lrsweep_kan16_lr0p001__dir0.1__seed37/metrics.json  final_acc=0.9259
