[run] device=cpu  seed=43  out=/Users/agentra/Documents/hao/working/paper-lab/hao-paper-2026/iotj-fedkan-ids/repo/results/lrsweep_cseciic_mc50k/lrsweep_mlp80_lr0p01__dir0.1__seed43
[run] model=mlp  params=4,415
  round   1/50: acc=0.3283  f1m=0.1323  uplink_kB=172.5  t=1.57s
  round   2/50: acc=0.5298  f1m=0.2803  uplink_kB=172.5  t=1.02s
  round   3/50: acc=0.5753  f1m=0.3272  uplink_kB=172.5  t=1.10s
  round   4/50: acc=0.5771  f1m=0.3288  uplink_kB=172.5  t=1.05s
  round   5/50: acc=0.5854  f1m=0.3580  uplink_kB=172.5  t=1.06s
  round   6/50: acc=0.5957  f1m=0.3844  uplink_kB=172.5  t=1.04s
  round   7/50: acc=0.6140  f1m=0.4053  uplink_kB=172.5  t=1.07s
  round   8/50: acc=0.6189  f1m=0.4102  uplink_kB=172.5  t=0.98s
  round   9/50: acc=0.6263  f1m=0.4224  uplink_kB=172.5  t=1.06s
  round  10/50: acc=0.6961  f1m=0.4791  uplink_kB=172.5  t=1.05s
  round  11/50: acc=0.6973  f1m=0.4738  uplink_kB=172.5  t=1.08s
  round  12/50: acc=0.6999  f1m=0.4778  uplink_kB=172.5  t=1.03s
  round  13/50: acc=0.7217  f1m=0.5017  uplink_kB=172.5  t=1.06s
  round  14/50: acc=0.7220  f1m=0.5087  uplink_kB=172.5  t=1.01s
  round  15/50: acc=0.7232  f1m=0.5104  uplink_kB=172.5  t=1.07s
  round  16/50: acc=0.7248  f1m=0.5132  uplink_kB=172.5  t=1.02s
  round  17/50: acc=0.7249  f1m=0.5113  uplink_kB=172.5  t=1.06s
  round  18/50: acc=0.7251  f1m=0.5144  uplink_kB=172.5  t=1.01s
  round  19/50: acc=0.7937  f1m=0.6290  uplink_kB=172.5  t=1.08s
  round  20/50: acc=0.7877  f1m=0.6204  uplink_kB=172.5  t=1.02s
  round  21/50: acc=0.7986  f1m=0.6372  uplink_kB=172.5  t=1.08s
  round  22/50: acc=0.7392  f1m=0.5403  uplink_kB=172.5  t=0.98s
  round  23/50: acc=0.7994  f1m=0.6372  uplink_kB=172.5  t=1.08s
  round  24/50: acc=0.7529  f1m=0.5489  uplink_kB=172.5  t=1.02s
  round  25/50: acc=0.8007  f1m=0.6450  uplink_kB=172.5  t=1.12s
  round  26/50: acc=0.7537  f1m=0.5494  uplink_kB=172.5  t=1.05s
  round  27/50: acc=0.8060  f1m=0.6401  uplink_kB=172.5  t=1.06s
  round  28/50: acc=0.7536  f1m=0.5493  uplink_kB=172.5  t=1.01s
  round  29/50: acc=0.8201  f1m=0.6541  uplink_kB=172.5  t=1.12s
  round  30/50: acc=0.7562  f1m=0.5561  uplink_kB=172.5  t=1.04s
  round  31/50: acc=0.7573  f1m=0.5576  uplink_kB=172.5  t=1.10s
  round  32/50: acc=0.8177  f1m=0.6516  uplink_kB=172.5  t=1.02s
  round  33/50: acc=0.7967  f1m=0.6261  uplink_kB=172.5  t=1.07s
  round  34/50: acc=0.8222  f1m=0.6595  uplink_kB=172.5  t=1.06s
  round  35/50: acc=0.7863  f1m=0.6118  uplink_kB=172.5  t=1.02s
  round  36/50: acc=0.7613  f1m=0.5644  uplink_kB=172.5  t=1.09s
  round  37/50: acc=0.7653  f1m=0.5713  uplink_kB=172.5  t=1.05s
  round  38/50: acc=0.7797  f1m=0.5995  uplink_kB=172.5  t=1.11s
  round  39/50: acc=0.8237  f1m=0.6617  uplink_kB=172.5  t=1.03s
  round  40/50: acc=0.8287  f1m=0.6713  uplink_kB=172.5  t=1.08s
  round  41/50: acc=0.7604  f1m=0.5628  uplink_kB=172.5  t=1.12s
  round  42/50: acc=0.8311  f1m=0.6746  uplink_kB=172.5  t=1.05s
  round  43/50: acc=0.7758  f1m=0.5920  uplink_kB=172.5  t=0.98s
  round  44/50: acc=0.8298  f1m=0.6724  uplink_kB=172.5  t=1.04s
  round  45/50: acc=0.8255  f1m=0.6666  uplink_kB=172.5  t=1.01s
  round  46/50: acc=0.7718  f1m=0.5880  uplink_kB=172.5  t=1.07s
  round  47/50: acc=0.8420  f1m=0.6905  uplink_kB=172.5  t=1.33s
  round  48/50: acc=0.7663  f1m=0.5742  uplink_kB=172.5  t=1.41s
  round  49/50: acc=0.8489  f1m=0.6989  uplink_kB=172.5  t=1.04s
  round  50/50: acc=0.8293  f1m=0.6713  uplink_kB=172.5  t=1.05s
[run] DONE -> /Users/agentra/Documents/hao/working/paper-lab/hao-paper-2026/iotj-fedkan-ids/repo/results/lrsweep_cseciic_mc50k/lrsweep_mlp80_lr0p01__dir0.1__seed43/metrics.json  final_acc=0.8293
