[run] device=cpu  seed=23  out=/Users/agentra/Documents/hao/working/paper-lab/hao-paper-2026/iotj-fedkan-ids/repo/results/lrsweep_cseciic_mc50k/lrsweep_mlp32_lr0p003__dir0.1__seed23
[run] model=mlp  params=1,775
  round   1/50: acc=0.1231  f1m=0.0163  uplink_kB=69.3  t=1.51s
  round   2/50: acc=0.4176  f1m=0.1957  uplink_kB=69.3  t=0.98s
  round   3/50: acc=0.5231  f1m=0.2941  uplink_kB=69.3  t=1.06s
  round   4/50: acc=0.5486  f1m=0.3097  uplink_kB=69.3  t=1.02s
  round   5/50: acc=0.5495  f1m=0.3052  uplink_kB=69.3  t=1.07s
  round   6/50: acc=0.5513  f1m=0.3058  uplink_kB=69.3  t=1.03s
  round   7/50: acc=0.6152  f1m=0.3711  uplink_kB=69.3  t=1.04s
  round   8/50: acc=0.5959  f1m=0.4196  uplink_kB=69.3  t=1.00s
  round   9/50: acc=0.5987  f1m=0.4226  uplink_kB=69.3  t=1.04s
  round  10/50: acc=0.5977  f1m=0.4218  uplink_kB=69.3  t=0.98s
  round  11/50: acc=0.5988  f1m=0.4228  uplink_kB=69.3  t=1.05s
  round  12/50: acc=0.5998  f1m=0.4235  uplink_kB=69.3  t=0.99s
  round  13/50: acc=0.6001  f1m=0.4231  uplink_kB=69.3  t=1.06s
  round  14/50: acc=0.6003  f1m=0.4232  uplink_kB=69.3  t=1.01s
  round  15/50: acc=0.6008  f1m=0.4236  uplink_kB=69.3  t=1.10s
  round  16/50: acc=0.6012  f1m=0.4239  uplink_kB=69.3  t=0.97s
  round  17/50: acc=0.6015  f1m=0.4239  uplink_kB=69.3  t=1.08s
  round  18/50: acc=0.6016  f1m=0.4237  uplink_kB=69.3  t=1.02s
  round  19/50: acc=0.6022  f1m=0.4233  uplink_kB=69.3  t=1.07s
  round  20/50: acc=0.6035  f1m=0.4246  uplink_kB=69.3  t=0.97s
  round  21/50: acc=0.6037  f1m=0.4239  uplink_kB=69.3  t=1.02s
  round  22/50: acc=0.6043  f1m=0.4246  uplink_kB=69.3  t=0.97s
  round  23/50: acc=0.6066  f1m=0.4258  uplink_kB=69.3  t=1.03s
  round  24/50: acc=0.6070  f1m=0.4264  uplink_kB=69.3  t=0.99s
  round  25/50: acc=0.6053  f1m=0.4247  uplink_kB=69.3  t=1.04s
  round  26/50: acc=0.6073  f1m=0.4263  uplink_kB=69.3  t=1.06s
  round  27/50: acc=0.6123  f1m=0.4318  uplink_kB=69.3  t=1.01s
  round  28/50: acc=0.6207  f1m=0.4427  uplink_kB=69.3  t=1.00s
  round  29/50: acc=0.6214  f1m=0.4437  uplink_kB=69.3  t=1.05s
  round  30/50: acc=0.6217  f1m=0.4436  uplink_kB=69.3  t=1.03s
  round  31/50: acc=0.6270  f1m=0.4493  uplink_kB=69.3  t=1.08s
  round  32/50: acc=0.6105  f1m=0.4378  uplink_kB=69.3  t=1.02s
  round  33/50: acc=0.6483  f1m=0.4688  uplink_kB=69.3  t=1.12s
  round  34/50: acc=0.6406  f1m=0.4610  uplink_kB=69.3  t=0.99s
  round  35/50: acc=0.6541  f1m=0.4725  uplink_kB=69.3  t=1.04s
  round  36/50: acc=0.6105  f1m=0.4402  uplink_kB=69.3  t=0.98s
  round  37/50: acc=0.6109  f1m=0.4399  uplink_kB=69.3  t=1.04s
  round  38/50: acc=0.6117  f1m=0.4416  uplink_kB=69.3  t=1.05s
  round  39/50: acc=0.6122  f1m=0.4432  uplink_kB=69.3  t=1.03s
  round  40/50: acc=0.6121  f1m=0.4423  uplink_kB=69.3  t=1.02s
  round  41/50: acc=0.6128  f1m=0.4456  uplink_kB=69.3  t=1.06s
  round  42/50: acc=0.6126  f1m=0.4467  uplink_kB=69.3  t=1.04s
  round  43/50: acc=0.6133  f1m=0.4484  uplink_kB=69.3  t=1.07s
  round  44/50: acc=0.6863  f1m=0.4956  uplink_kB=69.3  t=1.00s
  round  45/50: acc=0.6872  f1m=0.4959  uplink_kB=69.3  t=1.08s
  round  46/50: acc=0.6129  f1m=0.4468  uplink_kB=69.3  t=1.02s
  round  47/50: acc=0.6131  f1m=0.4439  uplink_kB=69.3  t=1.06s
  round  48/50: acc=0.6134  f1m=0.4503  uplink_kB=69.3  t=1.00s
  round  49/50: acc=0.6135  f1m=0.4472  uplink_kB=69.3  t=1.09s
  round  50/50: acc=0.6138  f1m=0.4507  uplink_kB=69.3  t=1.05s
[run] DONE -> /Users/agentra/Documents/hao/working/paper-lab/hao-paper-2026/iotj-fedkan-ids/repo/results/lrsweep_cseciic_mc50k/lrsweep_mlp32_lr0p003__dir0.1__seed23/metrics.json  final_acc=0.6138
