[run] device=cpu  seed=23  out=/Users/agentra/Documents/hao/working/paper-lab/hao-paper-2026/iotj-fedkan-ids/repo/results/mc_botiot/mc_kan16_lr0p01__dir0.1__seed23
[run] model=kan  params=7,040
  round   1/50: acc=0.4477  f1m=0.2438  uplink_kB=300.8  t=2.44s
  round   2/50: acc=0.7154  f1m=0.5012  uplink_kB=300.8  t=1.81s
  round   3/50: acc=0.7169  f1m=0.5020  uplink_kB=300.8  t=1.79s
  round   4/50: acc=0.7229  f1m=0.5094  uplink_kB=300.8  t=1.70s
  round   5/50: acc=0.7307  f1m=0.5151  uplink_kB=300.8  t=1.71s
  round   6/50: acc=0.7346  f1m=0.5163  uplink_kB=300.8  t=1.82s
  round   7/50: acc=0.7340  f1m=0.5169  uplink_kB=300.8  t=1.70s
  round   8/50: acc=0.7381  f1m=0.5195  uplink_kB=300.8  t=1.73s
  round   9/50: acc=0.7568  f1m=0.5571  uplink_kB=300.8  t=1.71s
  round  10/50: acc=0.7380  f1m=0.5194  uplink_kB=300.8  t=1.72s
  round  11/50: acc=0.7381  f1m=0.5186  uplink_kB=300.8  t=1.77s
  round  12/50: acc=0.7616  f1m=0.5596  uplink_kB=300.8  t=1.73s
  round  13/50: acc=0.7381  f1m=0.5186  uplink_kB=300.8  t=1.74s
  round  14/50: acc=0.7621  f1m=0.5621  uplink_kB=300.8  t=1.80s
  round  15/50: acc=0.7623  f1m=0.5622  uplink_kB=300.8  t=1.83s
  round  16/50: acc=0.7681  f1m=0.6910  uplink_kB=300.8  t=1.71s
  round  17/50: acc=0.7675  f1m=0.6897  uplink_kB=300.8  t=1.69s
  round  18/50: acc=0.7660  f1m=0.6901  uplink_kB=300.8  t=1.75s
  round  19/50: acc=0.7676  f1m=0.6908  uplink_kB=300.8  t=1.71s
  round  20/50: acc=0.7681  f1m=0.6911  uplink_kB=300.8  t=1.82s
  round  21/50: acc=0.7674  f1m=0.6902  uplink_kB=300.8  t=1.71s
  round  22/50: acc=0.7701  f1m=0.7170  uplink_kB=300.8  t=1.69s
  round  23/50: acc=0.7697  f1m=0.7124  uplink_kB=300.8  t=1.71s
  round  24/50: acc=0.7696  f1m=0.7169  uplink_kB=300.8  t=1.70s
  round  25/50: acc=0.7782  f1m=0.7338  uplink_kB=300.8  t=1.81s
  round  26/50: acc=0.7729  f1m=0.7525  uplink_kB=300.8  t=1.70s
  round  27/50: acc=0.7788  f1m=0.7622  uplink_kB=300.8  t=1.69s
  round  28/50: acc=0.7755  f1m=0.7552  uplink_kB=300.8  t=1.72s
  round  29/50: acc=0.7728  f1m=0.7513  uplink_kB=300.8  t=1.76s
  round  30/50: acc=0.7826  f1m=0.7674  uplink_kB=300.8  t=1.79s
  round  31/50: acc=0.7729  f1m=0.7516  uplink_kB=300.8  t=1.75s
  round  32/50: acc=0.7873  f1m=0.7753  uplink_kB=300.8  t=1.72s
  round  33/50: acc=0.7721  f1m=0.7504  uplink_kB=300.8  t=1.74s
  round  34/50: acc=0.7897  f1m=0.7794  uplink_kB=300.8  t=1.69s
  round  35/50: acc=0.7762  f1m=0.7532  uplink_kB=300.8  t=1.79s
  round  36/50: acc=0.7818  f1m=0.7635  uplink_kB=300.8  t=1.73s
  round  37/50: acc=0.7804  f1m=0.7647  uplink_kB=300.8  t=1.72s
  round  38/50: acc=0.7855  f1m=0.7700  uplink_kB=300.8  t=1.72s
  round  39/50: acc=0.7786  f1m=0.7617  uplink_kB=300.8  t=1.78s
  round  40/50: acc=0.7823  f1m=0.7656  uplink_kB=300.8  t=1.73s
  round  41/50: acc=0.7764  f1m=0.7548  uplink_kB=300.8  t=1.71s
  round  42/50: acc=0.7955  f1m=0.7838  uplink_kB=300.8  t=1.73s
  round  43/50: acc=0.7784  f1m=0.7604  uplink_kB=300.8  t=1.81s
  round  44/50: acc=0.7814  f1m=0.7625  uplink_kB=300.8  t=1.69s
  round  45/50: acc=0.7795  f1m=0.7611  uplink_kB=300.8  t=1.73s
  round  46/50: acc=0.7789  f1m=0.7596  uplink_kB=300.8  t=1.77s
  round  47/50: acc=0.7758  f1m=0.7553  uplink_kB=300.8  t=1.78s
  round  48/50: acc=0.7784  f1m=0.7586  uplink_kB=300.8  t=1.84s
  round  49/50: acc=0.7783  f1m=0.7593  uplink_kB=300.8  t=1.79s
  round  50/50: acc=0.7696  f1m=0.7481  uplink_kB=300.8  t=1.81s
[run] DONE -> /Users/agentra/Documents/hao/working/paper-lab/hao-paper-2026/iotj-fedkan-ids/repo/results/mc_botiot/mc_kan16_lr0p01__dir0.1__seed23/metrics.json  final_acc=0.7696
