[run] device=cpu  seed=2026  out=/Users/agentra/Documents/hao/working/paper-lab/hao-paper-2026/iotj-fedkan-ids/repo/results/lrsweep_cseciic/lrsweep_kan8_lr0p01__dir0.1__seed2026
[run] model=kan  params=3,280
  round   1/50: acc=0.9237  f1m=0.9234  uplink_kB=150.2  t=2.11s
  round   2/50: acc=0.9339  f1m=0.9337  uplink_kB=150.2  t=1.61s
  round   3/50: acc=0.9561  f1m=0.9560  uplink_kB=150.2  t=1.68s
  round   4/50: acc=0.9567  f1m=0.9567  uplink_kB=150.2  t=1.68s
  round   5/50: acc=0.9583  f1m=0.9583  uplink_kB=150.2  t=1.54s
  round   6/50: acc=0.9633  f1m=0.9633  uplink_kB=150.2  t=1.63s
  round   7/50: acc=0.9636  f1m=0.9635  uplink_kB=150.2  t=1.63s
  round   8/50: acc=0.9634  f1m=0.9634  uplink_kB=150.2  t=1.62s
  round   9/50: acc=0.9639  f1m=0.9638  uplink_kB=150.2  t=1.64s
  round  10/50: acc=0.9653  f1m=0.9653  uplink_kB=150.2  t=1.61s
  round  11/50: acc=0.9731  f1m=0.9730  uplink_kB=150.2  t=1.58s
  round  12/50: acc=0.9739  f1m=0.9739  uplink_kB=150.2  t=1.64s
  round  13/50: acc=0.9654  f1m=0.9654  uplink_kB=150.2  t=1.61s
  round  14/50: acc=0.9702  f1m=0.9701  uplink_kB=150.2  t=1.59s
  round  15/50: acc=0.9738  f1m=0.9738  uplink_kB=150.2  t=1.59s
  round  16/50: acc=0.9699  f1m=0.9699  uplink_kB=150.2  t=1.61s
  round  17/50: acc=0.9740  f1m=0.9740  uplink_kB=150.2  t=1.61s
  round  18/50: acc=0.9749  f1m=0.9749  uplink_kB=150.2  t=1.57s
  round  19/50: acc=0.9741  f1m=0.9741  uplink_kB=150.2  t=1.61s
  round  20/50: acc=0.9748  f1m=0.9748  uplink_kB=150.2  t=1.61s
  round  21/50: acc=0.9755  f1m=0.9754  uplink_kB=150.2  t=1.61s
  round  22/50: acc=0.9752  f1m=0.9752  uplink_kB=150.2  t=1.63s
  round  23/50: acc=0.9683  f1m=0.9683  uplink_kB=150.2  t=1.63s
  round  24/50: acc=0.9752  f1m=0.9751  uplink_kB=150.2  t=1.60s
  round  25/50: acc=0.9738  f1m=0.9737  uplink_kB=150.2  t=1.57s
  round  26/50: acc=0.9753  f1m=0.9753  uplink_kB=150.2  t=1.63s
  round  27/50: acc=0.9739  f1m=0.9739  uplink_kB=150.2  t=1.62s
  round  28/50: acc=0.9716  f1m=0.9716  uplink_kB=150.2  t=1.61s
  round  29/50: acc=0.9715  f1m=0.9715  uplink_kB=150.2  t=1.61s
  round  30/50: acc=0.9760  f1m=0.9759  uplink_kB=150.2  t=1.55s
  round  31/50: acc=0.9747  f1m=0.9747  uplink_kB=150.2  t=1.59s
  round  32/50: acc=0.9751  f1m=0.9751  uplink_kB=150.2  t=1.60s
  round  33/50: acc=0.9658  f1m=0.9658  uplink_kB=150.2  t=1.61s
  round  34/50: acc=0.9750  f1m=0.9750  uplink_kB=150.2  t=1.63s
  round  35/50: acc=0.9705  f1m=0.9705  uplink_kB=150.2  t=1.61s
  round  36/50: acc=0.9756  f1m=0.9756  uplink_kB=150.2  t=1.59s
  round  37/50: acc=0.9762  f1m=0.9762  uplink_kB=150.2  t=1.58s
  round  38/50: acc=0.9722  f1m=0.9722  uplink_kB=150.2  t=1.60s
  round  39/50: acc=0.9761  f1m=0.9761  uplink_kB=150.2  t=1.61s
  round  40/50: acc=0.9751  f1m=0.9750  uplink_kB=150.2  t=1.58s
  round  41/50: acc=0.9751  f1m=0.9751  uplink_kB=150.2  t=1.60s
  round  42/50: acc=0.9753  f1m=0.9753  uplink_kB=150.2  t=1.59s
  round  43/50: acc=0.9758  f1m=0.9758  uplink_kB=150.2  t=1.67s
  round  44/50: acc=0.9753  f1m=0.9753  uplink_kB=150.2  t=1.63s
  round  45/50: acc=0.9756  f1m=0.9756  uplink_kB=150.2  t=1.88s
  round  46/50: acc=0.9760  f1m=0.9760  uplink_kB=150.2  t=1.80s
  round  47/50: acc=0.9720  f1m=0.9720  uplink_kB=150.2  t=1.65s
  round  48/50: acc=0.9764  f1m=0.9764  uplink_kB=150.2  t=1.63s
  round  49/50: acc=0.9765  f1m=0.9765  uplink_kB=150.2  t=1.61s
  round  50/50: acc=0.9762  f1m=0.9762  uplink_kB=150.2  t=1.61s
[run] DONE -> /Users/agentra/Documents/hao/working/paper-lab/hao-paper-2026/iotj-fedkan-ids/repo/results/lrsweep_cseciic/lrsweep_kan8_lr0p01__dir0.1__seed2026/metrics.json  final_acc=0.9762
