[run] device=cpu  seed=29  out=/Users/agentra/Documents/hao/working/paper-lab/hao-paper-2026/iotj-fedkan-ids/repo/results/lrsweep_cseciic_mc50k/lrsweep_kan16_lr0p01__dir0.1__seed29
[run] model=kan  params=8,640
  round   1/50: acc=0.5031  f1m=0.2452  uplink_kB=363.3  t=3.64s
  round   2/50: acc=0.4601  f1m=0.2114  uplink_kB=363.3  t=3.02s
  round   3/50: acc=0.6473  f1m=0.3735  uplink_kB=363.3  t=3.04s
  round   4/50: acc=0.6691  f1m=0.4075  uplink_kB=363.3  t=2.95s
  round   5/50: acc=0.7454  f1m=0.4770  uplink_kB=363.3  t=3.05s
  round   6/50: acc=0.7534  f1m=0.4970  uplink_kB=363.3  t=2.97s
  round   7/50: acc=0.7841  f1m=0.5529  uplink_kB=363.3  t=2.99s
  round   8/50: acc=0.7601  f1m=0.5058  uplink_kB=363.3  t=2.95s
  round   9/50: acc=0.8295  f1m=0.6178  uplink_kB=363.3  t=3.01s
  round  10/50: acc=0.8438  f1m=0.6390  uplink_kB=363.3  t=2.98s
  round  11/50: acc=0.8340  f1m=0.6225  uplink_kB=363.3  t=3.03s
  round  12/50: acc=0.8707  f1m=0.6721  uplink_kB=363.3  t=3.03s
  round  13/50: acc=0.8548  f1m=0.6507  uplink_kB=363.3  t=3.11s
  round  14/50: acc=0.8644  f1m=0.6625  uplink_kB=363.3  t=3.06s
  round  15/50: acc=0.8698  f1m=0.6607  uplink_kB=363.3  t=3.11s
  round  16/50: acc=0.8639  f1m=0.6601  uplink_kB=363.3  t=2.99s
  round  17/50: acc=0.8655  f1m=0.6668  uplink_kB=363.3  t=3.10s
  round  18/50: acc=0.8667  f1m=0.6662  uplink_kB=363.3  t=3.09s
  round  19/50: acc=0.8626  f1m=0.6599  uplink_kB=363.3  t=3.06s
  round  20/50: acc=0.8790  f1m=0.6727  uplink_kB=363.3  t=3.01s
  round  21/50: acc=0.8534  f1m=0.6534  uplink_kB=363.3  t=3.03s
  round  22/50: acc=0.8659  f1m=0.6670  uplink_kB=363.3  t=3.04s
  round  23/50: acc=0.8615  f1m=0.6578  uplink_kB=363.3  t=3.11s
  round  24/50: acc=0.8672  f1m=0.6681  uplink_kB=363.3  t=3.02s
  round  25/50: acc=0.8759  f1m=0.6740  uplink_kB=363.3  t=3.09s
  round  26/50: acc=0.8790  f1m=0.6790  uplink_kB=363.3  t=3.10s
  round  27/50: acc=0.8775  f1m=0.7387  uplink_kB=363.3  t=3.29s
  round  28/50: acc=0.8870  f1m=0.7488  uplink_kB=363.3  t=3.04s
  round  29/50: acc=0.8862  f1m=0.7482  uplink_kB=363.3  t=3.13s
  round  30/50: acc=0.8813  f1m=0.7442  uplink_kB=363.3  t=2.99s
  round  31/50: acc=0.8900  f1m=0.7517  uplink_kB=363.3  t=3.08s
  round  32/50: acc=0.8866  f1m=0.7476  uplink_kB=363.3  t=3.02s
  round  33/50: acc=0.8917  f1m=0.7543  uplink_kB=363.3  t=3.11s
  round  34/50: acc=0.8917  f1m=0.7540  uplink_kB=363.3  t=3.02s
  round  35/50: acc=0.8905  f1m=0.7526  uplink_kB=363.3  t=3.08s
  round  36/50: acc=0.8879  f1m=0.7499  uplink_kB=363.3  t=3.00s
  round  37/50: acc=0.8942  f1m=0.7561  uplink_kB=363.3  t=3.04s
  round  38/50: acc=0.8868  f1m=0.7497  uplink_kB=363.3  t=3.03s
  round  39/50: acc=0.8867  f1m=0.7466  uplink_kB=363.3  t=3.08s
  round  40/50: acc=0.8898  f1m=0.7520  uplink_kB=363.3  t=3.03s
  round  41/50: acc=0.8856  f1m=0.7489  uplink_kB=363.3  t=3.06s
  round  42/50: acc=0.8791  f1m=0.7428  uplink_kB=363.3  t=3.10s
  round  43/50: acc=0.8878  f1m=0.7502  uplink_kB=363.3  t=2.99s
  round  44/50: acc=0.8868  f1m=0.7472  uplink_kB=363.3  t=3.05s
  round  45/50: acc=0.8907  f1m=0.7534  uplink_kB=363.3  t=3.00s
  round  46/50: acc=0.8879  f1m=0.7501  uplink_kB=363.3  t=3.03s
  round  47/50: acc=0.8833  f1m=0.7461  uplink_kB=363.3  t=3.05s
  round  48/50: acc=0.8881  f1m=0.7489  uplink_kB=363.3  t=3.08s
  round  49/50: acc=0.8937  f1m=0.7552  uplink_kB=363.3  t=3.03s
  round  50/50: acc=0.8821  f1m=0.7450  uplink_kB=363.3  t=2.99s
[run] DONE -> /Users/agentra/Documents/hao/working/paper-lab/hao-paper-2026/iotj-fedkan-ids/repo/results/lrsweep_cseciic_mc50k/lrsweep_kan16_lr0p01__dir0.1__seed29/metrics.json  final_acc=0.8821
