[run] device=cpu  seed=11  out=/Users/agentra/Documents/hao/working/paper-lab/hao-paper-2026/iotj-fedkan-ids/repo/results/lrsweep_botiot/lrsweep_mlp32_lr0p0003__dir0.1__seed11
[run] model=mlp  params=1,346
  round   1/50: acc=0.6587  f1m=0.6166  uplink_kB=52.6  t=1.36s
  round   2/50: acc=0.4989  f1m=0.3328  uplink_kB=52.6  t=0.67s
  round   3/50: acc=0.4989  f1m=0.3328  uplink_kB=52.6  t=0.67s
  round   4/50: acc=0.4989  f1m=0.3328  uplink_kB=52.6  t=0.68s
  round   5/50: acc=0.4989  f1m=0.3328  uplink_kB=52.6  t=0.56s
  round   6/50: acc=0.4989  f1m=0.3328  uplink_kB=52.6  t=0.67s
  round   7/50: acc=0.4986  f1m=0.3327  uplink_kB=52.6  t=0.70s
  round   8/50: acc=0.5038  f1m=0.3455  uplink_kB=52.6  t=0.87s
  round   9/50: acc=0.5640  f1m=0.4652  uplink_kB=52.6  t=0.82s
  round  10/50: acc=0.6722  f1m=0.6348  uplink_kB=52.6  t=0.82s
  round  11/50: acc=0.7825  f1m=0.7739  uplink_kB=52.6  t=0.76s
  round  12/50: acc=0.7952  f1m=0.7889  uplink_kB=52.6  t=0.63s
  round  13/50: acc=0.7957  f1m=0.7895  uplink_kB=52.6  t=0.75s
  round  14/50: acc=0.7957  f1m=0.7895  uplink_kB=52.6  t=0.67s
  round  15/50: acc=0.7962  f1m=0.7901  uplink_kB=52.6  t=0.67s
  round  16/50: acc=0.7956  f1m=0.7896  uplink_kB=52.6  t=0.69s
  round  17/50: acc=0.7973  f1m=0.7916  uplink_kB=52.6  t=0.61s
  round  18/50: acc=0.8045  f1m=0.7996  uplink_kB=52.6  t=0.70s
  round  19/50: acc=0.8134  f1m=0.8093  uplink_kB=52.6  t=0.66s
  round  20/50: acc=0.8206  f1m=0.8170  uplink_kB=52.6  t=0.76s
  round  21/50: acc=0.8285  f1m=0.8255  uplink_kB=52.6  t=0.71s
  round  22/50: acc=0.8355  f1m=0.8330  uplink_kB=52.6  t=0.73s
  round  23/50: acc=0.8392  f1m=0.8370  uplink_kB=52.6  t=0.69s
  round  24/50: acc=0.8452  f1m=0.8434  uplink_kB=52.6  t=0.66s
  round  25/50: acc=0.8489  f1m=0.8474  uplink_kB=52.6  t=0.68s
  round  26/50: acc=0.8525  f1m=0.8512  uplink_kB=52.6  t=0.66s
  round  27/50: acc=0.8565  f1m=0.8553  uplink_kB=52.6  t=0.67s
  round  28/50: acc=0.8619  f1m=0.8609  uplink_kB=52.6  t=0.69s
  round  29/50: acc=0.8682  f1m=0.8674  uplink_kB=52.6  t=0.68s
  round  30/50: acc=0.8720  f1m=0.8713  uplink_kB=52.6  t=0.62s
  round  31/50: acc=0.8807  f1m=0.8800  uplink_kB=52.6  t=0.66s
  round  32/50: acc=0.8847  f1m=0.8841  uplink_kB=52.6  t=0.63s
  round  33/50: acc=0.8866  f1m=0.8860  uplink_kB=52.6  t=0.68s
  round  34/50: acc=0.8901  f1m=0.8896  uplink_kB=52.6  t=0.63s
  round  35/50: acc=0.8924  f1m=0.8920  uplink_kB=52.6  t=0.74s
  round  36/50: acc=0.8962  f1m=0.8958  uplink_kB=52.6  t=0.60s
  round  37/50: acc=0.8985  f1m=0.8982  uplink_kB=52.6  t=0.67s
  round  38/50: acc=0.9009  f1m=0.9005  uplink_kB=52.6  t=0.68s
  round  39/50: acc=0.9032  f1m=0.9029  uplink_kB=52.6  t=0.67s
  round  40/50: acc=0.9056  f1m=0.9054  uplink_kB=52.6  t=0.68s
  round  41/50: acc=0.9072  f1m=0.9069  uplink_kB=52.6  t=0.70s
  round  42/50: acc=0.9092  f1m=0.9090  uplink_kB=52.6  t=0.65s
  round  43/50: acc=0.9104  f1m=0.9102  uplink_kB=52.6  t=0.65s
  round  44/50: acc=0.9129  f1m=0.9127  uplink_kB=52.6  t=0.70s
  round  45/50: acc=0.9156  f1m=0.9154  uplink_kB=52.6  t=0.69s
  round  46/50: acc=0.9171  f1m=0.9170  uplink_kB=52.6  t=0.71s
  round  47/50: acc=0.9196  f1m=0.9194  uplink_kB=52.6  t=0.64s
  round  48/50: acc=0.9213  f1m=0.9212  uplink_kB=52.6  t=0.68s
  round  49/50: acc=0.9226  f1m=0.9225  uplink_kB=52.6  t=0.59s
  round  50/50: acc=0.9251  f1m=0.9250  uplink_kB=52.6  t=0.68s
[run] DONE -> /Users/agentra/Documents/hao/working/paper-lab/hao-paper-2026/iotj-fedkan-ids/repo/results/lrsweep_botiot/lrsweep_mlp32_lr0p0003__dir0.1__seed11/metrics.json  final_acc=0.9251
