[run] device=cpu  seed=42  out=/Users/agentra/Documents/hao/working/paper-lab/hao-paper-2026/iotj-fedkan-ids/repo/results/lrsweep_cseciic_mc50k/lrsweep_mlp32_lr0p003__dir0.1__seed42
[run] model=mlp  params=1,775
  round   1/50: acc=0.3085  f1m=0.1130  uplink_kB=69.3  t=1.82s
  round   2/50: acc=0.2574  f1m=0.0747  uplink_kB=69.3  t=0.99s
  round   3/50: acc=0.4173  f1m=0.2083  uplink_kB=69.3  t=1.04s
  round   4/50: acc=0.4877  f1m=0.2653  uplink_kB=69.3  t=0.99s
  round   5/50: acc=0.5089  f1m=0.2738  uplink_kB=69.3  t=1.05s
  round   6/50: acc=0.5271  f1m=0.2867  uplink_kB=69.3  t=1.02s
  round   7/50: acc=0.6234  f1m=0.4070  uplink_kB=69.3  t=1.30s
  round   8/50: acc=0.6018  f1m=0.3344  uplink_kB=69.3  t=1.03s
  round   9/50: acc=0.6062  f1m=0.3394  uplink_kB=69.3  t=1.01s
  round  10/50: acc=0.6158  f1m=0.3502  uplink_kB=69.3  t=0.94s
  round  11/50: acc=0.6243  f1m=0.3610  uplink_kB=69.3  t=0.97s
  round  12/50: acc=0.6296  f1m=0.3670  uplink_kB=69.3  t=0.93s
  round  13/50: acc=0.6413  f1m=0.3797  uplink_kB=69.3  t=0.98s
  round  14/50: acc=0.6427  f1m=0.3820  uplink_kB=69.3  t=1.13s
  round  15/50: acc=0.6429  f1m=0.3823  uplink_kB=69.3  t=1.01s
  round  16/50: acc=0.6441  f1m=0.3833  uplink_kB=69.3  t=0.96s
  round  17/50: acc=0.6475  f1m=0.3858  uplink_kB=69.3  t=1.01s
  round  18/50: acc=0.6508  f1m=0.3887  uplink_kB=69.3  t=0.93s
  round  19/50: acc=0.6543  f1m=0.3893  uplink_kB=69.3  t=0.99s
  round  20/50: acc=0.6577  f1m=0.3923  uplink_kB=69.3  t=0.92s
  round  21/50: acc=0.6594  f1m=0.3936  uplink_kB=69.3  t=1.00s
  round  22/50: acc=0.6614  f1m=0.3943  uplink_kB=69.3  t=1.13s
  round  23/50: acc=0.6666  f1m=0.3981  uplink_kB=69.3  t=0.96s
  round  24/50: acc=0.6674  f1m=0.3990  uplink_kB=69.3  t=0.94s
  round  25/50: acc=0.6659  f1m=0.3993  uplink_kB=69.3  t=0.98s
  round  26/50: acc=0.6668  f1m=0.4023  uplink_kB=69.3  t=0.95s
  round  27/50: acc=0.6666  f1m=0.4028  uplink_kB=69.3  t=0.99s
  round  28/50: acc=0.6616  f1m=0.3989  uplink_kB=69.3  t=0.96s
  round  29/50: acc=0.6603  f1m=0.3981  uplink_kB=69.3  t=1.19s
  round  30/50: acc=0.6595  f1m=0.3974  uplink_kB=69.3  t=0.97s
  round  31/50: acc=0.6602  f1m=0.3987  uplink_kB=69.3  t=0.98s
  round  32/50: acc=0.6592  f1m=0.3979  uplink_kB=69.3  t=0.94s
  round  33/50: acc=0.6568  f1m=0.3973  uplink_kB=69.3  t=0.99s
  round  34/50: acc=0.6566  f1m=0.3973  uplink_kB=69.3  t=0.93s
  round  35/50: acc=0.6565  f1m=0.3973  uplink_kB=69.3  t=0.98s
  round  36/50: acc=0.6560  f1m=0.3968  uplink_kB=69.3  t=0.94s
  round  37/50: acc=0.6557  f1m=0.3974  uplink_kB=69.3  t=1.17s
  round  38/50: acc=0.6593  f1m=0.3984  uplink_kB=69.3  t=0.99s
  round  39/50: acc=0.6586  f1m=0.3989  uplink_kB=69.3  t=0.94s
  round  40/50: acc=0.6622  f1m=0.4031  uplink_kB=69.3  t=0.98s
  round  41/50: acc=0.6634  f1m=0.4035  uplink_kB=69.3  t=0.94s
  round  42/50: acc=0.6640  f1m=0.4033  uplink_kB=69.3  t=1.02s
  round  43/50: acc=0.6594  f1m=0.4003  uplink_kB=69.3  t=0.94s
  round  44/50: acc=0.6619  f1m=0.4032  uplink_kB=69.3  t=1.21s
  round  45/50: acc=0.6627  f1m=0.4033  uplink_kB=69.3  t=1.01s
  round  46/50: acc=0.6636  f1m=0.4040  uplink_kB=69.3  t=1.01s
  round  47/50: acc=0.6647  f1m=0.4048  uplink_kB=69.3  t=0.94s
  round  48/50: acc=0.6658  f1m=0.4044  uplink_kB=69.3  t=1.03s
  round  49/50: acc=0.6688  f1m=0.4057  uplink_kB=69.3  t=0.97s
  round  50/50: acc=0.6673  f1m=0.4044  uplink_kB=69.3  t=1.02s
[run] DONE -> /Users/agentra/Documents/hao/working/paper-lab/hao-paper-2026/iotj-fedkan-ids/repo/results/lrsweep_cseciic_mc50k/lrsweep_mlp32_lr0p003__dir0.1__seed42/metrics.json  final_acc=0.6673
