[run] device=cpu  seed=31  out=/Users/agentra/Documents/hao/working/paper-lab/hao-paper-2026/iotj-fedkan-ids/repo/results/lrsweep_cseciic/lrsweep_mlp80_lr0p001__dir0.1__seed31
[run] model=mlp  params=3,362
  round   1/50: acc=0.7678  f1m=0.7599  uplink_kB=131.3  t=1.47s
  round   2/50: acc=0.7860  f1m=0.7802  uplink_kB=131.3  t=0.71s
  round   3/50: acc=0.8021  f1m=0.7978  uplink_kB=131.3  t=0.69s
  round   4/50: acc=0.8043  f1m=0.8002  uplink_kB=131.3  t=0.67s
  round   5/50: acc=0.8404  f1m=0.8386  uplink_kB=131.3  t=0.68s
  round   6/50: acc=0.8422  f1m=0.8404  uplink_kB=131.3  t=0.65s
  round   7/50: acc=0.8430  f1m=0.8413  uplink_kB=131.3  t=0.70s
  round   8/50: acc=0.8529  f1m=0.8516  uplink_kB=131.3  t=0.70s
  round   9/50: acc=0.8590  f1m=0.8579  uplink_kB=131.3  t=0.70s
  round  10/50: acc=0.8567  f1m=0.8556  uplink_kB=131.3  t=0.68s
  round  11/50: acc=0.8600  f1m=0.8590  uplink_kB=131.3  t=0.66s
  round  12/50: acc=0.8548  f1m=0.8536  uplink_kB=131.3  t=0.72s
  round  13/50: acc=0.8614  f1m=0.8604  uplink_kB=131.3  t=0.70s
  round  14/50: acc=0.8798  f1m=0.8791  uplink_kB=131.3  t=0.61s
  round  15/50: acc=0.8952  f1m=0.8948  uplink_kB=131.3  t=0.71s
  round  16/50: acc=0.8942  f1m=0.8938  uplink_kB=131.3  t=0.68s
  round  17/50: acc=0.8940  f1m=0.8936  uplink_kB=131.3  t=0.70s
  round  18/50: acc=0.8945  f1m=0.8941  uplink_kB=131.3  t=0.85s
  round  19/50: acc=0.8970  f1m=0.8967  uplink_kB=131.3  t=0.66s
  round  20/50: acc=0.8952  f1m=0.8949  uplink_kB=131.3  t=0.68s
  round  21/50: acc=0.8954  f1m=0.8950  uplink_kB=131.3  t=0.63s
  round  22/50: acc=0.8938  f1m=0.8934  uplink_kB=131.3  t=0.66s
  round  23/50: acc=0.8969  f1m=0.8966  uplink_kB=131.3  t=0.70s
  round  24/50: acc=0.8962  f1m=0.8959  uplink_kB=131.3  t=0.68s
  round  25/50: acc=0.8977  f1m=0.8974  uplink_kB=131.3  t=0.72s
  round  26/50: acc=0.8973  f1m=0.8970  uplink_kB=131.3  t=0.72s
  round  27/50: acc=0.8976  f1m=0.8973  uplink_kB=131.3  t=0.71s
  round  28/50: acc=0.8979  f1m=0.8976  uplink_kB=131.3  t=0.72s
  round  29/50: acc=0.9011  f1m=0.9008  uplink_kB=131.3  t=0.65s
  round  30/50: acc=0.8979  f1m=0.8975  uplink_kB=131.3  t=0.70s
  round  31/50: acc=0.9010  f1m=0.9007  uplink_kB=131.3  t=0.73s
  round  32/50: acc=0.8989  f1m=0.8986  uplink_kB=131.3  t=0.68s
  round  33/50: acc=0.9019  f1m=0.9016  uplink_kB=131.3  t=0.71s
  round  34/50: acc=0.9058  f1m=0.9056  uplink_kB=131.3  t=0.67s
  round  35/50: acc=0.9064  f1m=0.9062  uplink_kB=131.3  t=0.69s
  round  36/50: acc=0.9027  f1m=0.9024  uplink_kB=131.3  t=0.72s
  round  37/50: acc=0.9138  f1m=0.9137  uplink_kB=131.3  t=0.64s
  round  38/50: acc=0.9145  f1m=0.9144  uplink_kB=131.3  t=0.71s
  round  39/50: acc=0.9119  f1m=0.9117  uplink_kB=131.3  t=0.68s
  round  40/50: acc=0.9158  f1m=0.9156  uplink_kB=131.3  t=0.71s
  round  41/50: acc=0.9123  f1m=0.9122  uplink_kB=131.3  t=0.70s
  round  42/50: acc=0.9153  f1m=0.9151  uplink_kB=131.3  t=0.71s
  round  43/50: acc=0.9196  f1m=0.9195  uplink_kB=131.3  t=0.74s
  round  44/50: acc=0.9145  f1m=0.9143  uplink_kB=131.3  t=0.66s
  round  45/50: acc=0.9100  f1m=0.9098  uplink_kB=131.3  t=0.68s
  round  46/50: acc=0.9189  f1m=0.9188  uplink_kB=131.3  t=0.69s
  round  47/50: acc=0.9172  f1m=0.9171  uplink_kB=131.3  t=0.72s
  round  48/50: acc=0.9190  f1m=0.9189  uplink_kB=131.3  t=0.71s
  round  49/50: acc=0.9187  f1m=0.9186  uplink_kB=131.3  t=0.71s
  round  50/50: acc=0.9187  f1m=0.9186  uplink_kB=131.3  t=0.71s
[run] DONE -> /Users/agentra/Documents/hao/working/paper-lab/hao-paper-2026/iotj-fedkan-ids/repo/results/lrsweep_cseciic/lrsweep_mlp80_lr0p001__dir0.1__seed31/metrics.json  final_acc=0.9187
