[run] device=cpu  seed=29  out=/Users/agentra/Documents/hao/working/paper-lab/hao-paper-2026/iotj-fedkan-ids/repo/results/lrsweep_cseciic/lrsweep_mlp80_lr0p01__dir0.1__seed29
[run] model=mlp  params=3,362
  round   1/50: acc=0.5078  f1m=0.3505  uplink_kB=131.3  t=1.45s
  round   2/50: acc=0.5979  f1m=0.5258  uplink_kB=131.3  t=0.72s
  round   3/50: acc=0.6123  f1m=0.5492  uplink_kB=131.3  t=0.71s
  round   4/50: acc=0.6721  f1m=0.6384  uplink_kB=131.3  t=0.67s
  round   5/50: acc=0.6130  f1m=0.5500  uplink_kB=131.3  t=0.63s
  round   6/50: acc=0.6647  f1m=0.6277  uplink_kB=131.3  t=0.67s
  round   7/50: acc=0.6913  f1m=0.6637  uplink_kB=131.3  t=0.69s
  round   8/50: acc=0.6978  f1m=0.6721  uplink_kB=131.3  t=0.69s
  round   9/50: acc=0.7457  f1m=0.7319  uplink_kB=131.3  t=0.71s
  round  10/50: acc=0.7333  f1m=0.7168  uplink_kB=131.3  t=0.71s
  round  11/50: acc=0.8271  f1m=0.8235  uplink_kB=131.3  t=0.72s
  round  12/50: acc=0.7823  f1m=0.7742  uplink_kB=131.3  t=0.65s
  round  13/50: acc=0.8139  f1m=0.8093  uplink_kB=131.3  t=0.69s
  round  14/50: acc=0.8665  f1m=0.8652  uplink_kB=131.3  t=0.70s
  round  15/50: acc=0.7949  f1m=0.7884  uplink_kB=131.3  t=0.70s
  round  16/50: acc=0.8832  f1m=0.8825  uplink_kB=131.3  t=0.69s
  round  17/50: acc=0.8920  f1m=0.8915  uplink_kB=131.3  t=0.69s
  round  18/50: acc=0.8816  f1m=0.8808  uplink_kB=131.3  t=0.69s
  round  19/50: acc=0.8660  f1m=0.8647  uplink_kB=131.3  t=0.70s
  round  20/50: acc=0.8957  f1m=0.8952  uplink_kB=131.3  t=0.63s
  round  21/50: acc=0.8795  f1m=0.8787  uplink_kB=131.3  t=0.68s
  round  22/50: acc=0.8772  f1m=0.8763  uplink_kB=131.3  t=0.69s
  round  23/50: acc=0.9036  f1m=0.9032  uplink_kB=131.3  t=0.67s
  round  24/50: acc=0.8799  f1m=0.8791  uplink_kB=131.3  t=0.69s
  round  25/50: acc=0.8845  f1m=0.8838  uplink_kB=131.3  t=0.70s
  round  26/50: acc=0.8901  f1m=0.8896  uplink_kB=131.3  t=0.68s
  round  27/50: acc=0.9046  f1m=0.9043  uplink_kB=131.3  t=0.62s
  round  28/50: acc=0.8975  f1m=0.8971  uplink_kB=131.3  t=0.66s
  round  29/50: acc=0.8916  f1m=0.8911  uplink_kB=131.3  t=0.74s
  round  30/50: acc=0.8730  f1m=0.8720  uplink_kB=131.3  t=0.69s
  round  31/50: acc=0.8922  f1m=0.8917  uplink_kB=131.3  t=0.69s
  round  32/50: acc=0.8898  f1m=0.8892  uplink_kB=131.3  t=0.69s
  round  33/50: acc=0.8814  f1m=0.8806  uplink_kB=131.3  t=0.71s
  round  34/50: acc=0.9105  f1m=0.9102  uplink_kB=131.3  t=0.65s
  round  35/50: acc=0.9077  f1m=0.9074  uplink_kB=131.3  t=0.72s
  round  36/50: acc=0.9063  f1m=0.9061  uplink_kB=131.3  t=0.69s
  round  37/50: acc=0.9108  f1m=0.9106  uplink_kB=131.3  t=0.73s
  round  38/50: acc=0.9154  f1m=0.9152  uplink_kB=131.3  t=0.72s
  round  39/50: acc=0.8970  f1m=0.8966  uplink_kB=131.3  t=0.75s
  round  40/50: acc=0.9001  f1m=0.8998  uplink_kB=131.3  t=0.70s
  round  41/50: acc=0.8900  f1m=0.8894  uplink_kB=131.3  t=0.63s
  round  42/50: acc=0.8843  f1m=0.8836  uplink_kB=131.3  t=0.67s
  round  43/50: acc=0.8952  f1m=0.8948  uplink_kB=131.3  t=0.72s
  round  44/50: acc=0.9130  f1m=0.9128  uplink_kB=131.3  t=0.75s
  round  45/50: acc=0.9155  f1m=0.9154  uplink_kB=131.3  t=0.69s
  round  46/50: acc=0.8983  f1m=0.8979  uplink_kB=131.3  t=0.68s
  round  47/50: acc=0.9064  f1m=0.9061  uplink_kB=131.3  t=0.66s
  round  48/50: acc=0.9210  f1m=0.9208  uplink_kB=131.3  t=0.74s
  round  49/50: acc=0.9184  f1m=0.9183  uplink_kB=131.3  t=0.66s
  round  50/50: acc=0.9249  f1m=0.9248  uplink_kB=131.3  t=0.68s
[run] DONE -> /Users/agentra/Documents/hao/working/paper-lab/hao-paper-2026/iotj-fedkan-ids/repo/results/lrsweep_cseciic/lrsweep_mlp80_lr0p01__dir0.1__seed29/metrics.json  final_acc=0.9249
