[run] device=cpu  seed=29  out=/Users/agentra/Documents/hao/working/paper-lab/hao-paper-2026/iotj-fedkan-ids/repo/results/lrsweep_cseciic_mc/lrsweep_mlp80_lr0p0003__dir0.1__seed29
[run] model=mlp  params=4,415
  round   1/50: acc=0.2248  f1m=0.0544  uplink_kB=172.5  t=2.85s
  round   2/50: acc=0.2246  f1m=0.0546  uplink_kB=172.5  t=2.17s
  round   3/50: acc=0.2262  f1m=0.0543  uplink_kB=172.5  t=2.14s
  round   4/50: acc=0.3453  f1m=0.1017  uplink_kB=172.5  t=2.09s
  round   5/50: acc=0.3877  f1m=0.1218  uplink_kB=172.5  t=2.16s
  round   6/50: acc=0.4050  f1m=0.1388  uplink_kB=172.5  t=2.10s
  round   7/50: acc=0.4100  f1m=0.1442  uplink_kB=172.5  t=2.09s
  round   8/50: acc=0.4129  f1m=0.1472  uplink_kB=172.5  t=2.18s
  round   9/50: acc=0.4196  f1m=0.1540  uplink_kB=172.5  t=2.15s
  round  10/50: acc=0.4220  f1m=0.1556  uplink_kB=172.5  t=2.16s
  round  11/50: acc=0.4231  f1m=0.1564  uplink_kB=172.5  t=2.17s
  round  12/50: acc=0.4238  f1m=0.1569  uplink_kB=172.5  t=2.22s
  round  13/50: acc=0.4243  f1m=0.1572  uplink_kB=172.5  t=2.15s
  round  14/50: acc=0.4248  f1m=0.1589  uplink_kB=172.5  t=2.16s
  round  15/50: acc=0.4253  f1m=0.1593  uplink_kB=172.5  t=2.25s
  round  16/50: acc=0.4265  f1m=0.1601  uplink_kB=172.5  t=2.18s
  round  17/50: acc=0.4284  f1m=0.1619  uplink_kB=172.5  t=2.17s
  round  18/50: acc=0.4305  f1m=0.1645  uplink_kB=172.5  t=2.14s
  round  19/50: acc=0.4318  f1m=0.1656  uplink_kB=172.5  t=2.20s
  round  20/50: acc=0.4457  f1m=0.2052  uplink_kB=172.5  t=2.15s
  round  21/50: acc=0.4592  f1m=0.2242  uplink_kB=172.5  t=2.13s
  round  22/50: acc=0.4641  f1m=0.2286  uplink_kB=172.5  t=2.16s
  round  23/50: acc=0.4669  f1m=0.2310  uplink_kB=172.5  t=2.22s
  round  24/50: acc=0.4674  f1m=0.2300  uplink_kB=172.5  t=2.16s
  round  25/50: acc=0.4678  f1m=0.2284  uplink_kB=172.5  t=2.13s
  round  26/50: acc=0.4665  f1m=0.2274  uplink_kB=172.5  t=2.19s
  round  27/50: acc=0.4665  f1m=0.2273  uplink_kB=172.5  t=2.28s
  round  28/50: acc=0.4668  f1m=0.2275  uplink_kB=172.5  t=2.12s
  round  29/50: acc=0.4663  f1m=0.2245  uplink_kB=172.5  t=2.14s
  round  30/50: acc=0.4669  f1m=0.2251  uplink_kB=172.5  t=2.19s
  round  31/50: acc=0.4679  f1m=0.2256  uplink_kB=172.5  t=2.25s
  round  32/50: acc=0.4694  f1m=0.2373  uplink_kB=172.5  t=2.14s
  round  33/50: acc=0.4731  f1m=0.2626  uplink_kB=172.5  t=2.12s
  round  34/50: acc=0.4766  f1m=0.2767  uplink_kB=172.5  t=2.14s
  round  35/50: acc=0.4784  f1m=0.2783  uplink_kB=172.5  t=2.19s
  round  36/50: acc=0.4802  f1m=0.2808  uplink_kB=172.5  t=2.13s
  round  37/50: acc=0.4808  f1m=0.2813  uplink_kB=172.5  t=2.13s
  round  38/50: acc=0.4802  f1m=0.2809  uplink_kB=172.5  t=2.11s
  round  39/50: acc=0.4808  f1m=0.2819  uplink_kB=172.5  t=2.18s
  round  40/50: acc=0.4787  f1m=0.2811  uplink_kB=172.5  t=2.12s
  round  41/50: acc=0.4782  f1m=0.2815  uplink_kB=172.5  t=2.15s
  round  42/50: acc=0.4771  f1m=0.2810  uplink_kB=172.5  t=2.18s
  round  43/50: acc=0.4776  f1m=0.2815  uplink_kB=172.5  t=2.18s
  round  44/50: acc=0.4778  f1m=0.2817  uplink_kB=172.5  t=2.23s
  round  45/50: acc=0.4787  f1m=0.2829  uplink_kB=172.5  t=2.51s
  round  46/50: acc=0.4813  f1m=0.2853  uplink_kB=172.5  t=2.27s
  round  47/50: acc=0.4870  f1m=0.2933  uplink_kB=172.5  t=2.12s
  round  48/50: acc=0.5240  f1m=0.3563  uplink_kB=172.5  t=2.16s
  round  49/50: acc=0.5397  f1m=0.3672  uplink_kB=172.5  t=2.14s
  round  50/50: acc=0.5439  f1m=0.3700  uplink_kB=172.5  t=2.20s
[run] DONE -> /Users/agentra/Documents/hao/working/paper-lab/hao-paper-2026/iotj-fedkan-ids/repo/results/lrsweep_cseciic_mc/lrsweep_mlp80_lr0p0003__dir0.1__seed29/metrics.json  final_acc=0.5439
