[run] device=cpu  seed=43  out=/Users/agentra/Documents/hao/working/paper-lab/hao-paper-2026/iotj-fedkan-ids/repo/results/lrsweep_cseciic_mc50k/lrsweep_mlp80_lr0p1__dir0.1__seed43
[run] model=mlp  params=4,415
  round   1/50: acc=0.1836  f1m=0.0488  uplink_kB=172.5  t=1.80s
  round   2/50: acc=0.2326  f1m=0.0756  uplink_kB=172.5  t=1.13s
  round   3/50: acc=0.2575  f1m=0.1151  uplink_kB=172.5  t=1.20s
  round   4/50: acc=0.2786  f1m=0.1487  uplink_kB=172.5  t=1.05s
  round   5/50: acc=0.3393  f1m=0.2016  uplink_kB=172.5  t=1.09s
  round   6/50: acc=0.4811  f1m=0.2743  uplink_kB=172.5  t=1.08s
  round   7/50: acc=0.5175  f1m=0.3058  uplink_kB=172.5  t=1.13s
  round   8/50: acc=0.6210  f1m=0.3948  uplink_kB=172.5  t=1.08s
  round   9/50: acc=0.5771  f1m=0.3595  uplink_kB=172.5  t=1.11s
  round  10/50: acc=0.6862  f1m=0.4370  uplink_kB=172.5  t=1.08s
  round  11/50: acc=0.6489  f1m=0.3874  uplink_kB=172.5  t=1.14s
  round  12/50: acc=0.5897  f1m=0.3507  uplink_kB=172.5  t=1.13s
  round  13/50: acc=0.6002  f1m=0.3744  uplink_kB=172.5  t=1.14s
  round  14/50: acc=0.6950  f1m=0.4218  uplink_kB=172.5  t=1.12s
  round  15/50: acc=0.6973  f1m=0.4248  uplink_kB=172.5  t=1.17s
  round  16/50: acc=0.7456  f1m=0.4803  uplink_kB=172.5  t=1.14s
  round  17/50: acc=0.6965  f1m=0.4177  uplink_kB=172.5  t=1.08s
  round  18/50: acc=0.6020  f1m=0.3677  uplink_kB=172.5  t=1.11s
  round  19/50: acc=0.7057  f1m=0.4254  uplink_kB=172.5  t=1.15s
  round  20/50: acc=0.6329  f1m=0.4000  uplink_kB=172.5  t=1.29s
  round  21/50: acc=0.6838  f1m=0.4390  uplink_kB=172.5  t=1.32s
  round  22/50: acc=0.6258  f1m=0.3904  uplink_kB=172.5  t=1.17s
  round  23/50: acc=0.6247  f1m=0.3889  uplink_kB=172.5  t=1.32s
  round  24/50: acc=0.6447  f1m=0.3968  uplink_kB=172.5  t=1.24s
  round  25/50: acc=0.6050  f1m=0.3812  uplink_kB=172.5  t=1.20s
  round  26/50: acc=0.6163  f1m=0.3940  uplink_kB=172.5  t=1.09s
  round  27/50: acc=0.6032  f1m=0.3625  uplink_kB=172.5  t=1.15s
  round  28/50: acc=0.6123  f1m=0.3831  uplink_kB=172.5  t=1.18s
  round  29/50: acc=0.6655  f1m=0.4587  uplink_kB=172.5  t=1.20s
  round  30/50: acc=0.6023  f1m=0.3835  uplink_kB=172.5  t=1.21s
  round  31/50: acc=0.6903  f1m=0.5222  uplink_kB=172.5  t=1.34s
  round  32/50: acc=0.6167  f1m=0.3810  uplink_kB=172.5  t=1.18s
  round  33/50: acc=0.6264  f1m=0.4293  uplink_kB=172.5  t=1.19s
  round  34/50: acc=0.6704  f1m=0.4937  uplink_kB=172.5  t=1.18s
  round  35/50: acc=0.6630  f1m=0.4468  uplink_kB=172.5  t=1.16s
  round  36/50: acc=0.6240  f1m=0.4195  uplink_kB=172.5  t=1.22s
  round  37/50: acc=0.6165  f1m=0.4127  uplink_kB=172.5  t=1.10s
  round  38/50: acc=0.6709  f1m=0.4949  uplink_kB=172.5  t=1.15s
  round  39/50: acc=0.6213  f1m=0.4220  uplink_kB=172.5  t=1.02s
  round  40/50: acc=0.6608  f1m=0.4822  uplink_kB=172.5  t=1.12s
  round  41/50: acc=0.6626  f1m=0.4895  uplink_kB=172.5  t=1.07s
  round  42/50: acc=0.6419  f1m=0.4427  uplink_kB=172.5  t=1.07s
  round  43/50: acc=0.7064  f1m=0.5442  uplink_kB=172.5  t=1.06s
  round  44/50: acc=0.6745  f1m=0.5052  uplink_kB=172.5  t=1.09s
  round  45/50: acc=0.6638  f1m=0.4828  uplink_kB=172.5  t=1.06s
  round  46/50: acc=0.6283  f1m=0.4024  uplink_kB=172.5  t=1.11s
  round  47/50: acc=0.6462  f1m=0.4592  uplink_kB=172.5  t=1.07s
  round  48/50: acc=0.6010  f1m=0.3861  uplink_kB=172.5  t=1.12s
  round  49/50: acc=0.6421  f1m=0.4374  uplink_kB=172.5  t=1.08s
  round  50/50: acc=0.6289  f1m=0.4036  uplink_kB=172.5  t=1.05s
[run] DONE -> /Users/agentra/Documents/hao/working/paper-lab/hao-paper-2026/iotj-fedkan-ids/repo/results/lrsweep_cseciic_mc50k/lrsweep_mlp80_lr0p1__dir0.1__seed43/metrics.json  final_acc=0.6289
