[run] device=cpu  seed=23  out=/Users/agentra/Documents/hao/working/paper-lab/hao-paper-2026/iotj-fedkan-ids/repo/results/lrsweep_botiot/lrsweep_kan8_lr0p1__dir0.1__seed23
[run] model=kan  params=3,280
  round   1/50: acc=0.4989  f1m=0.3328  uplink_kB=150.2  t=2.22s
  round   2/50: acc=0.8031  f1m=0.7951  uplink_kB=150.2  t=1.64s
  round   3/50: acc=0.7348  f1m=0.7151  uplink_kB=150.2  t=1.66s
  round   4/50: acc=0.7183  f1m=0.6945  uplink_kB=150.2  t=1.64s
  round   5/50: acc=0.9415  f1m=0.9413  uplink_kB=150.2  t=1.54s
  round   6/50: acc=0.9390  f1m=0.9388  uplink_kB=150.2  t=1.59s
  round   7/50: acc=0.9549  f1m=0.9548  uplink_kB=150.2  t=1.64s
  round   8/50: acc=0.8171  f1m=0.8109  uplink_kB=150.2  t=1.60s
  round   9/50: acc=0.9668  f1m=0.9668  uplink_kB=150.2  t=1.61s
  round  10/50: acc=0.5078  f1m=0.3523  uplink_kB=150.2  t=1.60s
  round  11/50: acc=0.9621  f1m=0.9621  uplink_kB=150.2  t=1.62s
  round  12/50: acc=0.9616  f1m=0.9615  uplink_kB=150.2  t=1.61s
  round  13/50: acc=0.5801  f1m=0.4913  uplink_kB=150.2  t=1.63s
  round  14/50: acc=0.9660  f1m=0.9660  uplink_kB=150.2  t=1.60s
  round  15/50: acc=0.9642  f1m=0.9642  uplink_kB=150.2  t=1.61s
  round  16/50: acc=0.5747  f1m=0.4831  uplink_kB=150.2  t=1.65s
  round  17/50: acc=0.9576  f1m=0.9576  uplink_kB=150.2  t=1.64s
  round  18/50: acc=0.9089  f1m=0.9084  uplink_kB=150.2  t=1.65s
  round  19/50: acc=0.9517  f1m=0.9517  uplink_kB=150.2  t=1.54s
  round  20/50: acc=0.9216  f1m=0.9212  uplink_kB=150.2  t=1.66s
  round  21/50: acc=0.9090  f1m=0.9085  uplink_kB=150.2  t=1.63s
  round  22/50: acc=0.9216  f1m=0.9214  uplink_kB=150.2  t=1.68s
  round  23/50: acc=0.9084  f1m=0.9079  uplink_kB=150.2  t=1.59s
  round  24/50: acc=0.5130  f1m=0.3634  uplink_kB=150.2  t=1.65s
  round  25/50: acc=0.9664  f1m=0.9663  uplink_kB=150.2  t=1.59s
  round  26/50: acc=0.9565  f1m=0.9565  uplink_kB=150.2  t=1.60s
  round  27/50: acc=0.7044  f1m=0.6992  uplink_kB=150.2  t=1.64s
  round  28/50: acc=0.9475  f1m=0.9475  uplink_kB=150.2  t=1.60s
  round  29/50: acc=0.9514  f1m=0.9513  uplink_kB=150.2  t=1.59s
  round  30/50: acc=0.9224  f1m=0.9223  uplink_kB=150.2  t=1.62s
  round  31/50: acc=0.9471  f1m=0.9470  uplink_kB=150.2  t=1.64s
  round  32/50: acc=0.9049  f1m=0.9042  uplink_kB=150.2  t=1.55s
  round  33/50: acc=0.8676  f1m=0.8660  uplink_kB=150.2  t=1.65s
  round  34/50: acc=0.9060  f1m=0.9053  uplink_kB=150.2  t=1.62s
  round  35/50: acc=0.9100  f1m=0.9093  uplink_kB=150.2  t=1.65s
  round  36/50: acc=0.9096  f1m=0.9089  uplink_kB=150.2  t=1.61s
  round  37/50: acc=0.9170  f1m=0.9165  uplink_kB=150.2  t=1.65s
  round  38/50: acc=0.9067  f1m=0.9061  uplink_kB=150.2  t=1.61s
  round  39/50: acc=0.9166  f1m=0.9163  uplink_kB=150.2  t=1.68s
  round  40/50: acc=0.9718  f1m=0.9718  uplink_kB=150.2  t=1.65s
  round  41/50: acc=0.8737  f1m=0.8734  uplink_kB=150.2  t=1.59s
  round  42/50: acc=0.9589  f1m=0.9588  uplink_kB=150.2  t=1.66s
  round  43/50: acc=0.5140  f1m=0.3654  uplink_kB=150.2  t=1.60s
  round  44/50: acc=0.9723  f1m=0.9723  uplink_kB=150.2  t=1.65s
  round  45/50: acc=0.8785  f1m=0.8773  uplink_kB=150.2  t=1.62s
  round  46/50: acc=0.8466  f1m=0.8431  uplink_kB=150.2  t=1.62s
  round  47/50: acc=0.8898  f1m=0.8890  uplink_kB=150.2  t=1.63s
  round  48/50: acc=0.9567  f1m=0.9567  uplink_kB=150.2  t=1.74s
  round  49/50: acc=0.8372  f1m=0.8353  uplink_kB=150.2  t=1.60s
  round  50/50: acc=0.9561  f1m=0.9561  uplink_kB=150.2  t=1.81s
[run] DONE -> /Users/agentra/Documents/hao/working/paper-lab/hao-paper-2026/iotj-fedkan-ids/repo/results/lrsweep_botiot/lrsweep_kan8_lr0p1__dir0.1__seed23/metrics.json  final_acc=0.9561
