[run] device=cpu  seed=11  out=/Users/agentra/Documents/hao/working/paper-lab/hao-paper-2026/iotj-fedkan-ids/repo/results/lrsweep_cseciic/lrsweep_mlp80_lr0p03__dir0.1__seed11
[run] model=mlp  params=3,362
  round   1/50: acc=0.7971  f1m=0.7964  uplink_kB=131.3  t=1.26s
  round   2/50: acc=0.5144  f1m=0.3646  uplink_kB=131.3  t=0.68s
  round   3/50: acc=0.9094  f1m=0.9093  uplink_kB=131.3  t=0.68s
  round   4/50: acc=0.5890  f1m=0.5119  uplink_kB=131.3  t=0.71s
  round   5/50: acc=0.9107  f1m=0.9107  uplink_kB=131.3  t=0.63s
  round   6/50: acc=0.8107  f1m=0.8063  uplink_kB=131.3  t=0.68s
  round   7/50: acc=0.9142  f1m=0.9141  uplink_kB=131.3  t=0.69s
  round   8/50: acc=0.8993  f1m=0.8990  uplink_kB=131.3  t=0.74s
  round   9/50: acc=0.9389  f1m=0.9389  uplink_kB=131.3  t=0.67s
  round  10/50: acc=0.9002  f1m=0.8999  uplink_kB=131.3  t=0.69s
  round  11/50: acc=0.9132  f1m=0.9132  uplink_kB=131.3  t=0.68s
  round  12/50: acc=0.9407  f1m=0.9407  uplink_kB=131.3  t=0.61s
  round  13/50: acc=0.8999  f1m=0.8995  uplink_kB=131.3  t=0.69s
  round  14/50: acc=0.9083  f1m=0.9083  uplink_kB=131.3  t=0.71s
  round  15/50: acc=0.9304  f1m=0.9304  uplink_kB=131.3  t=0.67s
  round  16/50: acc=0.9105  f1m=0.9103  uplink_kB=131.3  t=0.70s
  round  17/50: acc=0.9280  f1m=0.9280  uplink_kB=131.3  t=0.68s
  round  18/50: acc=0.9329  f1m=0.9328  uplink_kB=131.3  t=0.66s
  round  19/50: acc=0.9181  f1m=0.9181  uplink_kB=131.3  t=0.70s
  round  20/50: acc=0.9496  f1m=0.9496  uplink_kB=131.3  t=0.70s
  round  21/50: acc=0.9074  f1m=0.9071  uplink_kB=131.3  t=0.72s
  round  22/50: acc=0.9469  f1m=0.9469  uplink_kB=131.3  t=0.68s
  round  23/50: acc=0.9326  f1m=0.9326  uplink_kB=131.3  t=0.69s
  round  24/50: acc=0.9416  f1m=0.9416  uplink_kB=131.3  t=0.62s
  round  25/50: acc=0.9308  f1m=0.9307  uplink_kB=131.3  t=0.71s
  round  26/50: acc=0.9327  f1m=0.9327  uplink_kB=131.3  t=0.70s
  round  27/50: acc=0.9418  f1m=0.9418  uplink_kB=131.3  t=0.70s
  round  28/50: acc=0.9347  f1m=0.9346  uplink_kB=131.3  t=0.68s
  round  29/50: acc=0.9522  f1m=0.9522  uplink_kB=131.3  t=0.68s
  round  30/50: acc=0.9442  f1m=0.9442  uplink_kB=131.3  t=0.70s
  round  31/50: acc=0.9500  f1m=0.9500  uplink_kB=131.3  t=0.71s
  round  32/50: acc=0.9450  f1m=0.9450  uplink_kB=131.3  t=0.64s
  round  33/50: acc=0.9494  f1m=0.9494  uplink_kB=131.3  t=0.72s
  round  34/50: acc=0.9497  f1m=0.9497  uplink_kB=131.3  t=0.70s
  round  35/50: acc=0.9443  f1m=0.9443  uplink_kB=131.3  t=0.67s
  round  36/50: acc=0.9371  f1m=0.9371  uplink_kB=131.3  t=0.69s
  round  37/50: acc=0.9239  f1m=0.9238  uplink_kB=131.3  t=0.63s
  round  38/50: acc=0.9496  f1m=0.9496  uplink_kB=131.3  t=0.73s
  round  39/50: acc=0.9136  f1m=0.9134  uplink_kB=131.3  t=0.65s
  round  40/50: acc=0.9503  f1m=0.9503  uplink_kB=131.3  t=0.68s
  round  41/50: acc=0.9433  f1m=0.9433  uplink_kB=131.3  t=0.77s
  round  42/50: acc=0.9351  f1m=0.9351  uplink_kB=131.3  t=0.68s
  round  43/50: acc=0.9471  f1m=0.9471  uplink_kB=131.3  t=0.63s
  round  44/50: acc=0.9495  f1m=0.9495  uplink_kB=131.3  t=0.66s
  round  45/50: acc=0.9502  f1m=0.9502  uplink_kB=131.3  t=0.69s
  round  46/50: acc=0.9454  f1m=0.9454  uplink_kB=131.3  t=0.70s
  round  47/50: acc=0.9398  f1m=0.9398  uplink_kB=131.3  t=0.69s
  round  48/50: acc=0.9393  f1m=0.9393  uplink_kB=131.3  t=0.69s
  round  49/50: acc=0.9433  f1m=0.9433  uplink_kB=131.3  t=0.72s
  round  50/50: acc=0.9459  f1m=0.9459  uplink_kB=131.3  t=0.69s
[run] DONE -> /Users/agentra/Documents/hao/working/paper-lab/hao-paper-2026/iotj-fedkan-ids/repo/results/lrsweep_cseciic/lrsweep_mlp80_lr0p03__dir0.1__seed11/metrics.json  final_acc=0.9459
