[run] device=cpu  seed=37  out=/Users/agentra/Documents/hao/working/paper-lab/hao-paper-2026/iotj-fedkan-ids/repo/results/lrsweep_cseciic_mc50k/lrsweep_kan8_lr0p001__dir0.1__seed37
[run] model=kan  params=4,320
  round   1/50: acc=0.2726  f1m=0.0868  uplink_kB=190.8  t=3.30s
  round   2/50: acc=0.2918  f1m=0.0910  uplink_kB=190.8  t=2.56s
  round   3/50: acc=0.2964  f1m=0.0883  uplink_kB=190.8  t=2.56s
  round   4/50: acc=0.3035  f1m=0.0900  uplink_kB=190.8  t=2.60s
  round   5/50: acc=0.2848  f1m=0.0842  uplink_kB=190.8  t=2.60s
  round   6/50: acc=0.2961  f1m=0.0877  uplink_kB=190.8  t=2.58s
  round   7/50: acc=0.2892  f1m=0.0859  uplink_kB=190.8  t=2.60s
  round   8/50: acc=0.3054  f1m=0.0905  uplink_kB=190.8  t=2.57s
  round   9/50: acc=0.3210  f1m=0.0981  uplink_kB=190.8  t=2.58s
  round  10/50: acc=0.3252  f1m=0.0994  uplink_kB=190.8  t=2.58s
  round  11/50: acc=0.3313  f1m=0.1003  uplink_kB=190.8  t=2.58s
  round  12/50: acc=0.3318  f1m=0.1002  uplink_kB=190.8  t=2.56s
  round  13/50: acc=0.3337  f1m=0.1008  uplink_kB=190.8  t=2.59s
  round  14/50: acc=0.3441  f1m=0.1177  uplink_kB=190.8  t=2.55s
  round  15/50: acc=0.3699  f1m=0.1441  uplink_kB=190.8  t=2.61s
  round  16/50: acc=0.3744  f1m=0.1454  uplink_kB=190.8  t=2.58s
  round  17/50: acc=0.4792  f1m=0.2139  uplink_kB=190.8  t=2.59s
  round  18/50: acc=0.4781  f1m=0.2134  uplink_kB=190.8  t=2.57s
  round  19/50: acc=0.4782  f1m=0.2132  uplink_kB=190.8  t=2.60s
  round  20/50: acc=0.4789  f1m=0.2134  uplink_kB=190.8  t=2.55s
  round  21/50: acc=0.4802  f1m=0.2140  uplink_kB=190.8  t=2.56s
  round  22/50: acc=0.4926  f1m=0.2207  uplink_kB=190.8  t=2.54s
  round  23/50: acc=0.5119  f1m=0.2325  uplink_kB=190.8  t=2.64s
  round  24/50: acc=0.5104  f1m=0.2421  uplink_kB=190.8  t=2.64s
  round  25/50: acc=0.5162  f1m=0.2497  uplink_kB=190.8  t=2.62s
  round  26/50: acc=0.5228  f1m=0.2554  uplink_kB=190.8  t=2.62s
  round  27/50: acc=0.5359  f1m=0.2629  uplink_kB=190.8  t=2.55s
  round  28/50: acc=0.5390  f1m=0.2663  uplink_kB=190.8  t=2.65s
  round  29/50: acc=0.5431  f1m=0.2706  uplink_kB=190.8  t=2.60s
  round  30/50: acc=0.5514  f1m=0.2789  uplink_kB=190.8  t=2.59s
  round  31/50: acc=0.5592  f1m=0.2859  uplink_kB=190.8  t=2.67s
  round  32/50: acc=0.5945  f1m=0.3188  uplink_kB=190.8  t=2.60s
  round  33/50: acc=0.6248  f1m=0.3396  uplink_kB=190.8  t=2.54s
  round  34/50: acc=0.6342  f1m=0.3451  uplink_kB=190.8  t=2.63s
  round  35/50: acc=0.6477  f1m=0.3526  uplink_kB=190.8  t=2.57s
  round  36/50: acc=0.6690  f1m=0.3638  uplink_kB=190.8  t=2.60s
  round  37/50: acc=0.6758  f1m=0.3680  uplink_kB=190.8  t=2.53s
  round  38/50: acc=0.6771  f1m=0.3687  uplink_kB=190.8  t=2.73s
  round  39/50: acc=0.6774  f1m=0.3691  uplink_kB=190.8  t=2.64s
  round  40/50: acc=0.6773  f1m=0.3692  uplink_kB=190.8  t=2.61s
  round  41/50: acc=0.6775  f1m=0.3686  uplink_kB=190.8  t=2.58s
  round  42/50: acc=0.6781  f1m=0.3692  uplink_kB=190.8  t=2.56s
  round  43/50: acc=0.6783  f1m=0.3694  uplink_kB=190.8  t=2.56s
  round  44/50: acc=0.6785  f1m=0.3695  uplink_kB=190.8  t=2.49s
  round  45/50: acc=0.7254  f1m=0.4096  uplink_kB=190.8  t=2.58s
  round  46/50: acc=0.7264  f1m=0.4101  uplink_kB=190.8  t=2.58s
  round  47/50: acc=0.7274  f1m=0.4106  uplink_kB=190.8  t=2.61s
  round  48/50: acc=0.7279  f1m=0.4106  uplink_kB=190.8  t=2.51s
  round  49/50: acc=0.7278  f1m=0.4106  uplink_kB=190.8  t=2.61s
  round  50/50: acc=0.7278  f1m=0.4106  uplink_kB=190.8  t=2.62s
[run] DONE -> /Users/agentra/Documents/hao/working/paper-lab/hao-paper-2026/iotj-fedkan-ids/repo/results/lrsweep_cseciic_mc50k/lrsweep_kan8_lr0p001__dir0.1__seed37/metrics.json  final_acc=0.7278
