[run] device=cpu  seed=17  out=/Users/agentra/Documents/hao/working/paper-lab/hao-paper-2026/iotj-fedkan-ids/repo/results/lrsweep_cseciic/lrsweep_kan16_lr0p01__dir0.1__seed17
[run] model=kan  params=6,560
  round   1/50: acc=0.5000  f1m=0.3333  uplink_kB=282.0  t=3.20s
  round   2/50: acc=0.6463  f1m=0.5959  uplink_kB=282.0  t=2.52s
  round   3/50: acc=0.8093  f1m=0.8025  uplink_kB=282.0  t=2.31s
  round   4/50: acc=0.9168  f1m=0.9167  uplink_kB=282.0  t=2.39s
  round   5/50: acc=0.9163  f1m=0.9161  uplink_kB=282.0  t=2.06s
  round   6/50: acc=0.9143  f1m=0.9141  uplink_kB=282.0  t=2.14s
  round   7/50: acc=0.9146  f1m=0.9144  uplink_kB=282.0  t=2.11s
  round   8/50: acc=0.9141  f1m=0.9139  uplink_kB=282.0  t=2.18s
  round   9/50: acc=0.9139  f1m=0.9137  uplink_kB=282.0  t=2.16s
  round  10/50: acc=0.9139  f1m=0.9137  uplink_kB=282.0  t=2.11s
  round  11/50: acc=0.9137  f1m=0.9136  uplink_kB=282.0  t=2.17s
  round  12/50: acc=0.9137  f1m=0.9136  uplink_kB=282.0  t=2.08s
  round  13/50: acc=0.9137  f1m=0.9135  uplink_kB=282.0  t=2.14s
  round  14/50: acc=0.8550  f1m=0.8549  uplink_kB=282.0  t=2.12s
  round  15/50: acc=0.8581  f1m=0.8580  uplink_kB=282.0  t=2.20s
  round  16/50: acc=0.8659  f1m=0.8658  uplink_kB=282.0  t=2.12s
  round  17/50: acc=0.8686  f1m=0.8685  uplink_kB=282.0  t=2.12s
  round  18/50: acc=0.8549  f1m=0.8548  uplink_kB=282.0  t=2.20s
  round  19/50: acc=0.8739  f1m=0.8739  uplink_kB=282.0  t=2.25s
  round  20/50: acc=0.8248  f1m=0.8233  uplink_kB=282.0  t=2.12s
  round  21/50: acc=0.8245  f1m=0.8230  uplink_kB=282.0  t=1.96s
  round  22/50: acc=0.8282  f1m=0.8272  uplink_kB=282.0  t=1.97s
  round  23/50: acc=0.8292  f1m=0.8279  uplink_kB=282.0  t=1.91s
  round  24/50: acc=0.8553  f1m=0.8551  uplink_kB=282.0  t=1.96s
  round  25/50: acc=0.8295  f1m=0.8285  uplink_kB=282.0  t=1.95s
  round  26/50: acc=0.8317  f1m=0.8308  uplink_kB=282.0  t=1.97s
  round  27/50: acc=0.8320  f1m=0.8308  uplink_kB=282.0  t=1.89s
  round  28/50: acc=0.8481  f1m=0.8463  uplink_kB=282.0  t=1.91s
  round  29/50: acc=0.8455  f1m=0.8436  uplink_kB=282.0  t=1.94s
  round  30/50: acc=0.8350  f1m=0.8325  uplink_kB=282.0  t=1.93s
  round  31/50: acc=0.8531  f1m=0.8515  uplink_kB=282.0  t=1.95s
  round  32/50: acc=0.8366  f1m=0.8356  uplink_kB=282.0  t=1.97s
  round  33/50: acc=0.8366  f1m=0.8355  uplink_kB=282.0  t=1.93s
  round  34/50: acc=0.8484  f1m=0.8465  uplink_kB=282.0  t=1.87s
  round  35/50: acc=0.8494  f1m=0.8477  uplink_kB=282.0  t=1.96s
  round  36/50: acc=0.8520  f1m=0.8504  uplink_kB=282.0  t=1.93s
  round  37/50: acc=0.8470  f1m=0.8451  uplink_kB=282.0  t=1.95s
  round  38/50: acc=0.8485  f1m=0.8467  uplink_kB=282.0  t=1.90s
  round  39/50: acc=0.8439  f1m=0.8419  uplink_kB=282.0  t=1.98s
  round  40/50: acc=0.8520  f1m=0.8503  uplink_kB=282.0  t=1.86s
  round  41/50: acc=0.8514  f1m=0.8497  uplink_kB=282.0  t=1.93s
  round  42/50: acc=0.8536  f1m=0.8521  uplink_kB=282.0  t=1.91s
  round  43/50: acc=0.8485  f1m=0.8467  uplink_kB=282.0  t=1.88s
  round  44/50: acc=0.8543  f1m=0.8527  uplink_kB=282.0  t=1.96s
  round  45/50: acc=0.8583  f1m=0.8566  uplink_kB=282.0  t=1.96s
  round  46/50: acc=0.8538  f1m=0.8519  uplink_kB=282.0  t=1.88s
  round  47/50: acc=0.8597  f1m=0.8581  uplink_kB=282.0  t=1.93s
  round  48/50: acc=0.8625  f1m=0.8610  uplink_kB=282.0  t=1.93s
  round  49/50: acc=0.8595  f1m=0.8578  uplink_kB=282.0  t=1.96s
  round  50/50: acc=0.8620  f1m=0.8605  uplink_kB=282.0  t=2.03s
[run] DONE -> /Users/agentra/Documents/hao/working/paper-lab/hao-paper-2026/iotj-fedkan-ids/repo/results/lrsweep_cseciic/lrsweep_kan16_lr0p01__dir0.1__seed17/metrics.json  final_acc=0.8620
