[run] device=cpu  seed=2026  out=/Users/agentra/Documents/hao/working/paper-lab/hao-paper-2026/iotj-fedkan-ids/repo/results/lrsweep_toniot/lrsweep_kan16_lr0p03__dir0.1__seed2026
[run] model=kan  params=6,560
  round   1/50: acc=0.5008  f1m=0.3352  uplink_kB=282.0  t=2.24s
  round   2/50: acc=0.8632  f1m=0.8624  uplink_kB=282.0  t=1.87s
  round   3/50: acc=0.8061  f1m=0.8055  uplink_kB=282.0  t=1.83s
  round   4/50: acc=0.8671  f1m=0.8668  uplink_kB=282.0  t=1.92s
  round   5/50: acc=0.9320  f1m=0.9320  uplink_kB=282.0  t=1.89s
  round   6/50: acc=0.9106  f1m=0.9105  uplink_kB=282.0  t=1.86s
  round   7/50: acc=0.8685  f1m=0.8683  uplink_kB=282.0  t=1.87s
  round   8/50: acc=0.8470  f1m=0.8450  uplink_kB=282.0  t=1.87s
  round   9/50: acc=0.9307  f1m=0.9307  uplink_kB=282.0  t=1.88s
  round  10/50: acc=0.9019  f1m=0.9018  uplink_kB=282.0  t=1.87s
  round  11/50: acc=0.9140  f1m=0.9138  uplink_kB=282.0  t=1.82s
  round  12/50: acc=0.9445  f1m=0.9445  uplink_kB=282.0  t=1.99s
  round  13/50: acc=0.9258  f1m=0.9258  uplink_kB=282.0  t=1.97s
  round  14/50: acc=0.8622  f1m=0.8615  uplink_kB=282.0  t=2.04s
  round  15/50: acc=0.8651  f1m=0.8641  uplink_kB=282.0  t=1.85s
  round  16/50: acc=0.9238  f1m=0.9237  uplink_kB=282.0  t=1.83s
  round  17/50: acc=0.8915  f1m=0.8912  uplink_kB=282.0  t=1.93s
  round  18/50: acc=0.9266  f1m=0.9265  uplink_kB=282.0  t=1.77s
  round  19/50: acc=0.9127  f1m=0.9126  uplink_kB=282.0  t=1.89s
  round  20/50: acc=0.8858  f1m=0.8855  uplink_kB=282.0  t=1.89s
  round  21/50: acc=0.9343  f1m=0.9343  uplink_kB=282.0  t=1.86s
  round  22/50: acc=0.9195  f1m=0.9193  uplink_kB=282.0  t=1.85s
  round  23/50: acc=0.9527  f1m=0.9527  uplink_kB=282.0  t=1.86s
  round  24/50: acc=0.8458  f1m=0.8430  uplink_kB=282.0  t=1.87s
  round  25/50: acc=0.8541  f1m=0.8533  uplink_kB=282.0  t=1.77s
  round  26/50: acc=0.8823  f1m=0.8815  uplink_kB=282.0  t=1.87s
  round  27/50: acc=0.9109  f1m=0.9107  uplink_kB=282.0  t=1.85s
  round  28/50: acc=0.9103  f1m=0.9099  uplink_kB=282.0  t=1.83s
  round  29/50: acc=0.9374  f1m=0.9374  uplink_kB=282.0  t=1.89s
  round  30/50: acc=0.9361  f1m=0.9360  uplink_kB=282.0  t=1.81s
  round  31/50: acc=0.9256  f1m=0.9255  uplink_kB=282.0  t=1.89s
  round  32/50: acc=0.9202  f1m=0.9199  uplink_kB=282.0  t=1.88s
  round  33/50: acc=0.9334  f1m=0.9334  uplink_kB=282.0  t=1.86s
  round  34/50: acc=0.9353  f1m=0.9352  uplink_kB=282.0  t=1.86s
  round  35/50: acc=0.9533  f1m=0.9533  uplink_kB=282.0  t=1.90s
  round  36/50: acc=0.9456  f1m=0.9455  uplink_kB=282.0  t=1.81s
  round  37/50: acc=0.9239  f1m=0.9236  uplink_kB=282.0  t=1.85s
  round  38/50: acc=0.9243  f1m=0.9243  uplink_kB=282.0  t=1.88s
  round  39/50: acc=0.8999  f1m=0.8991  uplink_kB=282.0  t=1.90s
  round  40/50: acc=0.9149  f1m=0.9149  uplink_kB=282.0  t=1.89s
  round  41/50: acc=0.8423  f1m=0.8388  uplink_kB=282.0  t=1.87s
  round  42/50: acc=0.8817  f1m=0.8808  uplink_kB=282.0  t=1.86s
  round  43/50: acc=0.9141  f1m=0.9139  uplink_kB=282.0  t=1.87s
  round  44/50: acc=0.7919  f1m=0.7848  uplink_kB=282.0  t=1.80s
  round  45/50: acc=0.9512  f1m=0.9512  uplink_kB=282.0  t=1.86s
  round  46/50: acc=0.9527  f1m=0.9527  uplink_kB=282.0  t=1.92s
  round  47/50: acc=0.9037  f1m=0.9034  uplink_kB=282.0  t=1.87s
  round  48/50: acc=0.8976  f1m=0.8970  uplink_kB=282.0  t=1.88s
  round  49/50: acc=0.9351  f1m=0.9350  uplink_kB=282.0  t=1.83s
  round  50/50: acc=0.8136  f1m=0.8096  uplink_kB=282.0  t=1.76s
[run] DONE -> /Users/agentra/Documents/hao/working/paper-lab/hao-paper-2026/iotj-fedkan-ids/repo/results/lrsweep_toniot/lrsweep_kan16_lr0p03__dir0.1__seed2026/metrics.json  final_acc=0.8136
