[run] device=cpu  seed=17  out=/Users/agentra/Documents/hao/working/paper-lab/hao-paper-2026/iotj-fedkan-ids/repo/results/lrsweep_cseciic/lrsweep_kan16_lr0p001__dir0.1__seed17
[run] model=kan  params=6,560
  round   1/50: acc=0.5000  f1m=0.3333  uplink_kB=282.0  t=2.55s
  round   2/50: acc=0.5000  f1m=0.3333  uplink_kB=282.0  t=2.02s
  round   3/50: acc=0.5000  f1m=0.3333  uplink_kB=282.0  t=2.01s
  round   4/50: acc=0.5000  f1m=0.3333  uplink_kB=282.0  t=1.99s
  round   5/50: acc=0.5000  f1m=0.3333  uplink_kB=282.0  t=2.06s
  round   6/50: acc=0.5000  f1m=0.3333  uplink_kB=282.0  t=2.02s
  round   7/50: acc=0.5000  f1m=0.3333  uplink_kB=282.0  t=1.92s
  round   8/50: acc=0.5000  f1m=0.3333  uplink_kB=282.0  t=1.95s
  round   9/50: acc=0.5000  f1m=0.3333  uplink_kB=282.0  t=1.92s
  round  10/50: acc=0.5000  f1m=0.3333  uplink_kB=282.0  t=1.90s
  round  11/50: acc=0.5000  f1m=0.3333  uplink_kB=282.0  t=1.96s
  round  12/50: acc=0.5001  f1m=0.3335  uplink_kB=282.0  t=1.99s
  round  13/50: acc=0.5041  f1m=0.3425  uplink_kB=282.0  t=1.99s
  round  14/50: acc=0.5284  f1m=0.3964  uplink_kB=282.0  t=1.90s
  round  15/50: acc=0.5579  f1m=0.4781  uplink_kB=282.0  t=1.91s
  round  16/50: acc=0.5893  f1m=0.5384  uplink_kB=282.0  t=1.91s
  round  17/50: acc=0.6194  f1m=0.5829  uplink_kB=282.0  t=1.89s
  round  18/50: acc=0.6818  f1m=0.6643  uplink_kB=282.0  t=1.90s
  round  19/50: acc=0.6924  f1m=0.6856  uplink_kB=282.0  t=1.90s
  round  20/50: acc=0.7326  f1m=0.7298  uplink_kB=282.0  t=2.11s
  round  21/50: acc=0.7366  f1m=0.7342  uplink_kB=282.0  t=1.89s
  round  22/50: acc=0.7530  f1m=0.7516  uplink_kB=282.0  t=1.92s
  round  23/50: acc=0.7734  f1m=0.7729  uplink_kB=282.0  t=1.90s
  round  24/50: acc=0.8058  f1m=0.8058  uplink_kB=282.0  t=1.96s
  round  25/50: acc=0.8274  f1m=0.8274  uplink_kB=282.0  t=2.00s
  round  26/50: acc=0.8305  f1m=0.8303  uplink_kB=282.0  t=2.03s
  round  27/50: acc=0.8404  f1m=0.8398  uplink_kB=282.0  t=1.88s
  round  28/50: acc=0.8400  f1m=0.8393  uplink_kB=282.0  t=1.96s
  round  29/50: acc=0.8215  f1m=0.8197  uplink_kB=282.0  t=2.07s
  round  30/50: acc=0.8192  f1m=0.8165  uplink_kB=282.0  t=1.97s
  round  31/50: acc=0.8030  f1m=0.7991  uplink_kB=282.0  t=1.96s
  round  32/50: acc=0.8063  f1m=0.8024  uplink_kB=282.0  t=2.14s
  round  33/50: acc=0.8374  f1m=0.8352  uplink_kB=282.0  t=1.99s
  round  34/50: acc=0.8265  f1m=0.8234  uplink_kB=282.0  t=1.98s
  round  35/50: acc=0.8466  f1m=0.8444  uplink_kB=282.0  t=1.88s
  round  36/50: acc=0.8289  f1m=0.8256  uplink_kB=282.0  t=1.87s
  round  37/50: acc=0.8193  f1m=0.8155  uplink_kB=282.0  t=1.91s
  round  38/50: acc=0.8249  f1m=0.8214  uplink_kB=282.0  t=1.96s
  round  39/50: acc=0.8155  f1m=0.8113  uplink_kB=282.0  t=1.88s
  round  40/50: acc=0.8200  f1m=0.8161  uplink_kB=282.0  t=1.83s
  round  41/50: acc=0.8177  f1m=0.8136  uplink_kB=282.0  t=1.88s
  round  42/50: acc=0.8061  f1m=0.8009  uplink_kB=282.0  t=1.90s
  round  43/50: acc=0.8101  f1m=0.8054  uplink_kB=282.0  t=1.91s
  round  44/50: acc=0.8234  f1m=0.8198  uplink_kB=282.0  t=1.95s
  round  45/50: acc=0.8106  f1m=0.8059  uplink_kB=282.0  t=1.86s
  round  46/50: acc=0.8089  f1m=0.8040  uplink_kB=282.0  t=1.84s
  round  47/50: acc=0.8451  f1m=0.8429  uplink_kB=282.0  t=1.92s
  round  48/50: acc=0.8223  f1m=0.8186  uplink_kB=282.0  t=1.88s
  round  49/50: acc=0.8091  f1m=0.8043  uplink_kB=282.0  t=1.83s
  round  50/50: acc=0.8522  f1m=0.8504  uplink_kB=282.0  t=1.66s
[run] DONE -> /Users/agentra/Documents/hao/working/paper-lab/hao-paper-2026/iotj-fedkan-ids/repo/results/lrsweep_cseciic/lrsweep_kan16_lr0p001__dir0.1__seed17/metrics.json  final_acc=0.8522
