[run] device=cpu  seed=2026  out=/Users/agentra/Documents/hao/working/paper-lab/hao-paper-2026/iotj-fedkan-ids/repo/results/sensitivity_botiot/sens_k5__dir0.1__seed2026
[run] model=kan  params=3,936
  round   1/50: acc=0.4989  f1m=0.3328  uplink_kB=183.1  t=3.55s
  round   2/50: acc=0.4989  f1m=0.3328  uplink_kB=183.1  t=2.76s
  round   3/50: acc=0.4989  f1m=0.3328  uplink_kB=183.1  t=2.76s
  round   4/50: acc=0.4989  f1m=0.3328  uplink_kB=183.1  t=2.84s
  round   5/50: acc=0.4989  f1m=0.3328  uplink_kB=183.1  t=2.73s
  round   6/50: acc=0.4989  f1m=0.3328  uplink_kB=183.1  t=2.76s
  round   7/50: acc=0.4977  f1m=0.3323  uplink_kB=183.1  t=2.69s
  round   8/50: acc=0.4973  f1m=0.3321  uplink_kB=183.1  t=2.63s
  round   9/50: acc=0.5395  f1m=0.4203  uplink_kB=183.1  t=2.76s
  round  10/50: acc=0.4975  f1m=0.3322  uplink_kB=183.1  t=2.75s
  round  11/50: acc=0.7492  f1m=0.7343  uplink_kB=183.1  t=2.99s
  round  12/50: acc=0.6821  f1m=0.6484  uplink_kB=183.1  t=2.72s
  round  13/50: acc=0.7296  f1m=0.7099  uplink_kB=183.1  t=2.77s
  round  14/50: acc=0.8007  f1m=0.7941  uplink_kB=183.1  t=2.65s
  round  15/50: acc=0.7941  f1m=0.7864  uplink_kB=183.1  t=2.86s
  round  16/50: acc=0.8302  f1m=0.8264  uplink_kB=183.1  t=2.83s
  round  17/50: acc=0.8761  f1m=0.8750  uplink_kB=183.1  t=2.61s
  round  18/50: acc=0.9046  f1m=0.9043  uplink_kB=183.1  t=2.63s
  round  19/50: acc=0.9033  f1m=0.9028  uplink_kB=183.1  t=2.69s
  round  20/50: acc=0.9271  f1m=0.9270  uplink_kB=183.1  t=2.71s
  round  21/50: acc=0.9370  f1m=0.9369  uplink_kB=183.1  t=3.04s
  round  22/50: acc=0.9400  f1m=0.9400  uplink_kB=183.1  t=2.75s
  round  23/50: acc=0.9444  f1m=0.9443  uplink_kB=183.1  t=2.89s
  round  24/50: acc=0.9478  f1m=0.9478  uplink_kB=183.1  t=2.84s
  round  25/50: acc=0.9497  f1m=0.9497  uplink_kB=183.1  t=2.77s
  round  26/50: acc=0.9528  f1m=0.9528  uplink_kB=183.1  t=2.76s
  round  27/50: acc=0.9544  f1m=0.9543  uplink_kB=183.1  t=2.89s
  round  28/50: acc=0.9566  f1m=0.9565  uplink_kB=183.1  t=2.59s
  round  29/50: acc=0.9586  f1m=0.9586  uplink_kB=183.1  t=2.80s
  round  30/50: acc=0.9599  f1m=0.9599  uplink_kB=183.1  t=2.58s
  round  31/50: acc=0.9579  f1m=0.9578  uplink_kB=183.1  t=2.83s
  round  32/50: acc=0.9523  f1m=0.9522  uplink_kB=183.1  t=2.87s
  round  33/50: acc=0.9594  f1m=0.9594  uplink_kB=183.1  t=2.78s
  round  34/50: acc=0.9505  f1m=0.9504  uplink_kB=183.1  t=2.96s
  round  35/50: acc=0.9506  f1m=0.9505  uplink_kB=183.1  t=2.72s
  round  36/50: acc=0.9480  f1m=0.9478  uplink_kB=183.1  t=2.55s
  round  37/50: acc=0.9481  f1m=0.9480  uplink_kB=183.1  t=2.54s
  round  38/50: acc=0.9566  f1m=0.9566  uplink_kB=183.1  t=2.52s
  round  39/50: acc=0.9574  f1m=0.9573  uplink_kB=183.1  t=2.55s
  round  40/50: acc=0.9428  f1m=0.9427  uplink_kB=183.1  t=2.53s
  round  41/50: acc=0.9552  f1m=0.9551  uplink_kB=183.1  t=2.53s
  round  42/50: acc=0.9543  f1m=0.9542  uplink_kB=183.1  t=2.47s
  round  43/50: acc=0.9384  f1m=0.9381  uplink_kB=183.1  t=2.45s
  round  44/50: acc=0.9485  f1m=0.9484  uplink_kB=183.1  t=2.36s
  round  45/50: acc=0.9472  f1m=0.9470  uplink_kB=183.1  t=2.40s
  round  46/50: acc=0.9365  f1m=0.9362  uplink_kB=183.1  t=2.56s
  round  47/50: acc=0.9463  f1m=0.9462  uplink_kB=183.1  t=2.61s
  round  48/50: acc=0.9487  f1m=0.9485  uplink_kB=183.1  t=2.62s
  round  49/50: acc=0.9478  f1m=0.9477  uplink_kB=183.1  t=2.55s
  round  50/50: acc=0.9526  f1m=0.9525  uplink_kB=183.1  t=2.55s
[run] DONE -> /Users/agentra/Documents/hao/working/paper-lab/hao-paper-2026/iotj-fedkan-ids/repo/results/sensitivity_botiot/sens_k5__dir0.1__seed2026/metrics.json  final_acc=0.9526
