[run] device=cpu  seed=29  out=/Users/agentra/Documents/hao/working/paper-lab/hao-paper-2026/iotj-fedkan-ids/repo/results/lrsweep_cseciic/lrsweep_mlp32_lr0p003__dir0.1__seed29
[run] model=mlp  params=1,346
  round   1/50: acc=0.7354  f1m=0.7218  uplink_kB=52.6  t=1.39s
  round   2/50: acc=0.7537  f1m=0.7431  uplink_kB=52.6  t=0.65s
  round   3/50: acc=0.7877  f1m=0.7816  uplink_kB=52.6  t=0.65s
  round   4/50: acc=0.8138  f1m=0.8101  uplink_kB=52.6  t=0.75s
  round   5/50: acc=0.8461  f1m=0.8444  uplink_kB=52.6  t=0.64s
  round   6/50: acc=0.8603  f1m=0.8592  uplink_kB=52.6  t=0.66s
  round   7/50: acc=0.8582  f1m=0.8570  uplink_kB=52.6  t=0.72s
  round   8/50: acc=0.8648  f1m=0.8636  uplink_kB=52.6  t=0.75s
  round   9/50: acc=0.8728  f1m=0.8718  uplink_kB=52.6  t=0.67s
  round  10/50: acc=0.8943  f1m=0.8939  uplink_kB=52.6  t=0.69s
  round  11/50: acc=0.8972  f1m=0.8969  uplink_kB=52.6  t=0.68s
  round  12/50: acc=0.8722  f1m=0.8712  uplink_kB=52.6  t=0.63s
  round  13/50: acc=0.8921  f1m=0.8917  uplink_kB=52.6  t=0.65s
  round  14/50: acc=0.8939  f1m=0.8935  uplink_kB=52.6  t=0.69s
  round  15/50: acc=0.8933  f1m=0.8929  uplink_kB=52.6  t=0.72s
  round  16/50: acc=0.8936  f1m=0.8932  uplink_kB=52.6  t=0.67s
  round  17/50: acc=0.8940  f1m=0.8935  uplink_kB=52.6  t=0.63s
  round  18/50: acc=0.8913  f1m=0.8908  uplink_kB=52.6  t=0.66s
  round  19/50: acc=0.8931  f1m=0.8927  uplink_kB=52.6  t=0.68s
  round  20/50: acc=0.8915  f1m=0.8910  uplink_kB=52.6  t=0.64s
  round  21/50: acc=0.8894  f1m=0.8889  uplink_kB=52.6  t=0.66s
  round  22/50: acc=0.8899  f1m=0.8894  uplink_kB=52.6  t=0.69s
  round  23/50: acc=0.8927  f1m=0.8922  uplink_kB=52.6  t=0.72s
  round  24/50: acc=0.8929  f1m=0.8924  uplink_kB=52.6  t=0.70s
  round  25/50: acc=0.8908  f1m=0.8903  uplink_kB=52.6  t=0.73s
  round  26/50: acc=0.8888  f1m=0.8882  uplink_kB=52.6  t=0.70s
  round  27/50: acc=0.8904  f1m=0.8899  uplink_kB=52.6  t=0.64s
  round  28/50: acc=0.8922  f1m=0.8917  uplink_kB=52.6  t=0.69s
  round  29/50: acc=0.8913  f1m=0.8908  uplink_kB=52.6  t=0.64s
  round  30/50: acc=0.8940  f1m=0.8936  uplink_kB=52.6  t=0.68s
  round  31/50: acc=0.8944  f1m=0.8939  uplink_kB=52.6  t=0.70s
  round  32/50: acc=0.8926  f1m=0.8922  uplink_kB=52.6  t=0.66s
  round  33/50: acc=0.8933  f1m=0.8929  uplink_kB=52.6  t=0.67s
  round  34/50: acc=0.8944  f1m=0.8939  uplink_kB=52.6  t=0.66s
  round  35/50: acc=0.8918  f1m=0.8913  uplink_kB=52.6  t=0.68s
  round  36/50: acc=0.8942  f1m=0.8937  uplink_kB=52.6  t=0.68s
  round  37/50: acc=0.8939  f1m=0.8935  uplink_kB=52.6  t=0.69s
  round  38/50: acc=0.8956  f1m=0.8951  uplink_kB=52.6  t=0.66s
  round  39/50: acc=0.8930  f1m=0.8925  uplink_kB=52.6  t=0.68s
  round  40/50: acc=0.8944  f1m=0.8939  uplink_kB=52.6  t=0.76s
  round  41/50: acc=0.8915  f1m=0.8910  uplink_kB=52.6  t=0.72s
  round  42/50: acc=0.8948  f1m=0.8943  uplink_kB=52.6  t=0.68s
  round  43/50: acc=0.8967  f1m=0.8962  uplink_kB=52.6  t=0.68s
  round  44/50: acc=0.8993  f1m=0.8989  uplink_kB=52.6  t=0.65s
  round  45/50: acc=0.8911  f1m=0.8906  uplink_kB=52.6  t=0.67s
  round  46/50: acc=0.8964  f1m=0.8960  uplink_kB=52.6  t=0.82s
  round  47/50: acc=0.8998  f1m=0.8995  uplink_kB=52.6  t=0.62s
  round  48/50: acc=0.8973  f1m=0.8969  uplink_kB=52.6  t=0.64s
  round  49/50: acc=0.8978  f1m=0.8975  uplink_kB=52.6  t=0.67s
  round  50/50: acc=0.8971  f1m=0.8967  uplink_kB=52.6  t=0.63s
[run] DONE -> /Users/agentra/Documents/hao/working/paper-lab/hao-paper-2026/iotj-fedkan-ids/repo/results/lrsweep_cseciic/lrsweep_mlp32_lr0p003__dir0.1__seed29/metrics.json  final_acc=0.8971
