[run] device=cpu  seed=42  out=/Users/agentra/Documents/hao/working/paper-lab/hao-paper-2026/iotj-fedkan-ids/repo/results/lrsweep_cseciic_mc50k/lrsweep_mlp32_lr0p03__dir0.1__seed42
[run] model=mlp  params=1,775
  round   1/50: acc=0.2312  f1m=0.0506  uplink_kB=69.3  t=1.63s
  round   2/50: acc=0.5689  f1m=0.3037  uplink_kB=69.3  t=0.99s
  round   3/50: acc=0.6107  f1m=0.3426  uplink_kB=69.3  t=1.08s
  round   4/50: acc=0.6587  f1m=0.3900  uplink_kB=69.3  t=1.05s
  round   5/50: acc=0.6478  f1m=0.3819  uplink_kB=69.3  t=1.08s
  round   6/50: acc=0.6732  f1m=0.4087  uplink_kB=69.3  t=1.07s
  round   7/50: acc=0.6558  f1m=0.3875  uplink_kB=69.3  t=1.06s
  round   8/50: acc=0.6620  f1m=0.4016  uplink_kB=69.3  t=1.06s
  round   9/50: acc=0.7900  f1m=0.4916  uplink_kB=69.3  t=1.09s
  round  10/50: acc=0.6810  f1m=0.4204  uplink_kB=69.3  t=1.06s
  round  11/50: acc=0.8136  f1m=0.5523  uplink_kB=69.3  t=1.10s
  round  12/50: acc=0.7212  f1m=0.5427  uplink_kB=69.3  t=1.05s
  round  13/50: acc=0.8156  f1m=0.5798  uplink_kB=69.3  t=1.08s
  round  14/50: acc=0.8263  f1m=0.6083  uplink_kB=69.3  t=1.05s
  round  15/50: acc=0.8348  f1m=0.6233  uplink_kB=69.3  t=1.09s
  round  16/50: acc=0.8369  f1m=0.6396  uplink_kB=69.3  t=1.01s
  round  17/50: acc=0.8598  f1m=0.6434  uplink_kB=69.3  t=1.09s
  round  18/50: acc=0.7347  f1m=0.5588  uplink_kB=69.3  t=0.99s
  round  19/50: acc=0.8054  f1m=0.5986  uplink_kB=69.3  t=1.07s
  round  20/50: acc=0.8643  f1m=0.6717  uplink_kB=69.3  t=1.03s
  round  21/50: acc=0.7189  f1m=0.5717  uplink_kB=69.3  t=1.11s
  round  22/50: acc=0.7370  f1m=0.5760  uplink_kB=69.3  t=1.03s
  round  23/50: acc=0.8586  f1m=0.6647  uplink_kB=69.3  t=1.07s
  round  24/50: acc=0.8342  f1m=0.5938  uplink_kB=69.3  t=1.03s
  round  25/50: acc=0.8140  f1m=0.5781  uplink_kB=69.3  t=1.08s
  round  26/50: acc=0.8536  f1m=0.6825  uplink_kB=69.3  t=1.05s
  round  27/50: acc=0.8553  f1m=0.6452  uplink_kB=69.3  t=1.10s
  round  28/50: acc=0.8768  f1m=0.6812  uplink_kB=69.3  t=1.05s
  round  29/50: acc=0.8252  f1m=0.6510  uplink_kB=69.3  t=1.07s
  round  30/50: acc=0.8023  f1m=0.5764  uplink_kB=69.3  t=1.06s
  round  31/50: acc=0.8678  f1m=0.6780  uplink_kB=69.3  t=1.06s
  round  32/50: acc=0.8466  f1m=0.6577  uplink_kB=69.3  t=1.01s
  round  33/50: acc=0.8550  f1m=0.6644  uplink_kB=69.3  t=1.10s
  round  34/50: acc=0.8509  f1m=0.6432  uplink_kB=69.3  t=1.02s
  round  35/50: acc=0.8429  f1m=0.6437  uplink_kB=69.3  t=1.12s
  round  36/50: acc=0.8102  f1m=0.5836  uplink_kB=69.3  t=1.01s
  round  37/50: acc=0.8049  f1m=0.5734  uplink_kB=69.3  t=1.06s
  round  38/50: acc=0.8322  f1m=0.5940  uplink_kB=69.3  t=1.05s
  round  39/50: acc=0.8153  f1m=0.5858  uplink_kB=69.3  t=1.05s
  round  40/50: acc=0.8291  f1m=0.5935  uplink_kB=69.3  t=1.13s
  round  41/50: acc=0.8058  f1m=0.5804  uplink_kB=69.3  t=0.99s
  round  42/50: acc=0.8250  f1m=0.5902  uplink_kB=69.3  t=1.07s
  round  43/50: acc=0.8116  f1m=0.5860  uplink_kB=69.3  t=1.00s
  round  44/50: acc=0.8261  f1m=0.6510  uplink_kB=69.3  t=1.09s
  round  45/50: acc=0.8170  f1m=0.6525  uplink_kB=69.3  t=1.06s
  round  46/50: acc=0.8472  f1m=0.6086  uplink_kB=69.3  t=1.07s
  round  47/50: acc=0.8174  f1m=0.6003  uplink_kB=69.3  t=1.03s
  round  48/50: acc=0.8419  f1m=0.6025  uplink_kB=69.3  t=1.07s
  round  49/50: acc=0.8105  f1m=0.6433  uplink_kB=69.3  t=1.09s
  round  50/50: acc=0.8427  f1m=0.6047  uplink_kB=69.3  t=1.10s
[run] DONE -> /Users/agentra/Documents/hao/working/paper-lab/hao-paper-2026/iotj-fedkan-ids/repo/results/lrsweep_cseciic_mc50k/lrsweep_mlp32_lr0p03__dir0.1__seed42/metrics.json  final_acc=0.8427
