[run] device=cpu  seed=31  out=/Users/agentra/Documents/hao/working/paper-lab/hao-paper-2026/iotj-fedkan-ids/repo/results/lrsweep_cseciic_mc50k/lrsweep_kan16_lr0p01__dir0.1__seed31
[run] model=kan  params=8,640
  round   1/50: acc=0.4574  f1m=0.1664  uplink_kB=363.3  t=3.62s
  round   2/50: acc=0.4771  f1m=0.2065  uplink_kB=363.3  t=2.98s
  round   3/50: acc=0.5724  f1m=0.2858  uplink_kB=363.3  t=3.03s
  round   4/50: acc=0.6783  f1m=0.3604  uplink_kB=363.3  t=2.94s
  round   5/50: acc=0.7417  f1m=0.4343  uplink_kB=363.3  t=3.02s
  round   6/50: acc=0.7724  f1m=0.4666  uplink_kB=363.3  t=2.96s
  round   7/50: acc=0.8401  f1m=0.5797  uplink_kB=363.3  t=3.03s
  round   8/50: acc=0.8016  f1m=0.4945  uplink_kB=363.3  t=2.98s
  round   9/50: acc=0.8465  f1m=0.5676  uplink_kB=363.3  t=3.05s
  round  10/50: acc=0.8479  f1m=0.6451  uplink_kB=363.3  t=2.93s
  round  11/50: acc=0.8762  f1m=0.7130  uplink_kB=363.3  t=3.01s
  round  12/50: acc=0.8771  f1m=0.7212  uplink_kB=363.3  t=3.02s
  round  13/50: acc=0.8848  f1m=0.7399  uplink_kB=363.3  t=3.07s
  round  14/50: acc=0.8778  f1m=0.7216  uplink_kB=363.3  t=3.02s
  round  15/50: acc=0.8926  f1m=0.7587  uplink_kB=363.3  t=3.09s
  round  16/50: acc=0.8904  f1m=0.7408  uplink_kB=363.3  t=3.05s
  round  17/50: acc=0.8891  f1m=0.7411  uplink_kB=363.3  t=3.01s
  round  18/50: acc=0.8906  f1m=0.7416  uplink_kB=363.3  t=3.05s
  round  19/50: acc=0.8890  f1m=0.7414  uplink_kB=363.3  t=3.12s
  round  20/50: acc=0.8967  f1m=0.7643  uplink_kB=363.3  t=3.02s
  round  21/50: acc=0.8326  f1m=0.6500  uplink_kB=363.3  t=3.07s
  round  22/50: acc=0.8907  f1m=0.7402  uplink_kB=363.3  t=3.07s
  round  23/50: acc=0.8318  f1m=0.6470  uplink_kB=363.3  t=3.08s
  round  24/50: acc=0.8786  f1m=0.7317  uplink_kB=363.3  t=3.04s
  round  25/50: acc=0.8243  f1m=0.6391  uplink_kB=363.3  t=3.05s
  round  26/50: acc=0.8755  f1m=0.7303  uplink_kB=363.3  t=2.98s
  round  27/50: acc=0.8779  f1m=0.7378  uplink_kB=363.3  t=3.15s
  round  28/50: acc=0.8820  f1m=0.7397  uplink_kB=363.3  t=3.18s
  round  29/50: acc=0.8909  f1m=0.7615  uplink_kB=363.3  t=3.08s
  round  30/50: acc=0.8810  f1m=0.7376  uplink_kB=363.3  t=2.96s
  round  31/50: acc=0.8801  f1m=0.7426  uplink_kB=363.3  t=3.02s
  round  32/50: acc=0.8775  f1m=0.7320  uplink_kB=363.3  t=3.01s
  round  33/50: acc=0.8760  f1m=0.7373  uplink_kB=363.3  t=3.10s
  round  34/50: acc=0.8697  f1m=0.7271  uplink_kB=363.3  t=3.04s
  round  35/50: acc=0.8963  f1m=0.7622  uplink_kB=363.3  t=3.07s
  round  36/50: acc=0.8965  f1m=0.7632  uplink_kB=363.3  t=3.03s
  round  37/50: acc=0.8960  f1m=0.7480  uplink_kB=363.3  t=3.08s
  round  38/50: acc=0.8990  f1m=0.7662  uplink_kB=363.3  t=3.03s
  round  39/50: acc=0.8817  f1m=0.7556  uplink_kB=363.3  t=3.03s
  round  40/50: acc=0.8959  f1m=0.7644  uplink_kB=363.3  t=2.93s
  round  41/50: acc=0.8927  f1m=0.7630  uplink_kB=363.3  t=3.09s
  round  42/50: acc=0.8992  f1m=0.7676  uplink_kB=363.3  t=3.03s
  round  43/50: acc=0.8987  f1m=0.7680  uplink_kB=363.3  t=3.08s
  round  44/50: acc=0.8999  f1m=0.7685  uplink_kB=363.3  t=3.01s
  round  45/50: acc=0.8972  f1m=0.7610  uplink_kB=363.3  t=2.97s
  round  46/50: acc=0.9091  f1m=0.7775  uplink_kB=363.3  t=3.09s
  round  47/50: acc=0.8981  f1m=0.7618  uplink_kB=363.3  t=3.01s
  round  48/50: acc=0.8972  f1m=0.7667  uplink_kB=363.3  t=3.16s
  round  49/50: acc=0.9029  f1m=0.7698  uplink_kB=363.3  t=3.00s
  round  50/50: acc=0.9004  f1m=0.7675  uplink_kB=363.3  t=3.07s
[run] DONE -> /Users/agentra/Documents/hao/working/paper-lab/hao-paper-2026/iotj-fedkan-ids/repo/results/lrsweep_cseciic_mc50k/lrsweep_kan16_lr0p01__dir0.1__seed31/metrics.json  final_acc=0.9004
