[run] device=cpu  seed=43  out=/Users/agentra/Documents/hao/working/paper-lab/hao-paper-2026/iotj-fedkan-ids/repo/results/lrsweep_botiot/lrsweep_mlp32_lr0p003__dir0.1__seed43
[run] model=mlp  params=1,346
  round   1/50: acc=0.9100  f1m=0.9098  uplink_kB=52.6  t=1.36s
  round   2/50: acc=0.9086  f1m=0.9084  uplink_kB=52.6  t=0.65s
  round   3/50: acc=0.9079  f1m=0.9077  uplink_kB=52.6  t=0.69s
  round   4/50: acc=0.9084  f1m=0.9082  uplink_kB=52.6  t=0.64s
  round   5/50: acc=0.9092  f1m=0.9091  uplink_kB=52.6  t=0.66s
  round   6/50: acc=0.9106  f1m=0.9104  uplink_kB=52.6  t=0.72s
  round   7/50: acc=0.9105  f1m=0.9103  uplink_kB=52.6  t=0.71s
  round   8/50: acc=0.9113  f1m=0.9112  uplink_kB=52.6  t=0.64s
  round   9/50: acc=0.9125  f1m=0.9124  uplink_kB=52.6  t=0.69s
  round  10/50: acc=0.9133  f1m=0.9132  uplink_kB=52.6  t=0.59s
  round  11/50: acc=0.9144  f1m=0.9142  uplink_kB=52.6  t=0.68s
  round  12/50: acc=0.9090  f1m=0.9089  uplink_kB=52.6  t=0.64s
  round  13/50: acc=0.9075  f1m=0.9073  uplink_kB=52.6  t=0.66s
  round  14/50: acc=0.9096  f1m=0.9094  uplink_kB=52.6  t=0.65s
  round  15/50: acc=0.9099  f1m=0.9097  uplink_kB=52.6  t=0.67s
  round  16/50: acc=0.9108  f1m=0.9106  uplink_kB=52.6  t=0.63s
  round  17/50: acc=0.9113  f1m=0.9112  uplink_kB=52.6  t=0.61s
  round  18/50: acc=0.9124  f1m=0.9123  uplink_kB=52.6  t=0.72s
  round  19/50: acc=0.9129  f1m=0.9128  uplink_kB=52.6  t=0.65s
  round  20/50: acc=0.9137  f1m=0.9135  uplink_kB=52.6  t=0.65s
  round  21/50: acc=0.9149  f1m=0.9148  uplink_kB=52.6  t=0.62s
  round  22/50: acc=0.9135  f1m=0.9133  uplink_kB=52.6  t=0.60s
  round  23/50: acc=0.9147  f1m=0.9146  uplink_kB=52.6  t=0.65s
  round  24/50: acc=0.9137  f1m=0.9135  uplink_kB=52.6  t=0.68s
  round  25/50: acc=0.9151  f1m=0.9150  uplink_kB=52.6  t=0.67s
  round  26/50: acc=0.9159  f1m=0.9157  uplink_kB=52.6  t=0.66s
  round  27/50: acc=0.9163  f1m=0.9161  uplink_kB=52.6  t=0.67s
  round  28/50: acc=0.9176  f1m=0.9175  uplink_kB=52.6  t=0.65s
  round  29/50: acc=0.9171  f1m=0.9170  uplink_kB=52.6  t=0.62s
  round  30/50: acc=0.9085  f1m=0.9083  uplink_kB=52.6  t=0.65s
  round  31/50: acc=0.9100  f1m=0.9099  uplink_kB=52.6  t=0.68s
  round  32/50: acc=0.9088  f1m=0.9086  uplink_kB=52.6  t=0.67s
  round  33/50: acc=0.9094  f1m=0.9092  uplink_kB=52.6  t=0.70s
  round  34/50: acc=0.9101  f1m=0.9099  uplink_kB=52.6  t=0.68s
  round  35/50: acc=0.9094  f1m=0.9092  uplink_kB=52.6  t=0.61s
  round  36/50: acc=0.9095  f1m=0.9093  uplink_kB=52.6  t=0.65s
  round  37/50: acc=0.9125  f1m=0.9124  uplink_kB=52.6  t=0.67s
  round  38/50: acc=0.9181  f1m=0.9180  uplink_kB=52.6  t=0.67s
  round  39/50: acc=0.9102  f1m=0.9100  uplink_kB=52.6  t=0.66s
  round  40/50: acc=0.9115  f1m=0.9114  uplink_kB=52.6  t=0.60s
  round  41/50: acc=0.9129  f1m=0.9127  uplink_kB=52.6  t=0.68s
  round  42/50: acc=0.9435  f1m=0.9435  uplink_kB=52.6  t=0.66s
  round  43/50: acc=0.9448  f1m=0.9448  uplink_kB=52.6  t=0.67s
  round  44/50: acc=0.9455  f1m=0.9455  uplink_kB=52.6  t=0.67s
  round  45/50: acc=0.9448  f1m=0.9448  uplink_kB=52.6  t=0.63s
  round  46/50: acc=0.9438  f1m=0.9438  uplink_kB=52.6  t=0.68s
  round  47/50: acc=0.9429  f1m=0.9429  uplink_kB=52.6  t=0.66s
  round  48/50: acc=0.9445  f1m=0.9445  uplink_kB=52.6  t=0.61s
  round  49/50: acc=0.9440  f1m=0.9440  uplink_kB=52.6  t=0.67s
  round  50/50: acc=0.9436  f1m=0.9436  uplink_kB=52.6  t=0.69s
[run] DONE -> /Users/agentra/Documents/hao/working/paper-lab/hao-paper-2026/iotj-fedkan-ids/repo/results/lrsweep_botiot/lrsweep_mlp32_lr0p003__dir0.1__seed43/metrics.json  final_acc=0.9436
