[run] device=cpu  seed=42  out=/Users/agentra/Documents/hao/working/paper-lab/hao-paper-2026/iotj-fedkan-ids/repo/results/lrsweep_cseciic_mc/lrsweep_mlp32_lr0p001__dir0.1__seed42
[run] model=mlp  params=1,775
  round   1/50: acc=0.2660  f1m=0.0629  uplink_kB=69.3  t=2.69s
  round   2/50: acc=0.2639  f1m=0.0631  uplink_kB=69.3  t=2.07s
  round   3/50: acc=0.2708  f1m=0.0759  uplink_kB=69.3  t=2.06s
  round   4/50: acc=0.2846  f1m=0.0864  uplink_kB=69.3  t=2.15s
  round   5/50: acc=0.2913  f1m=0.0855  uplink_kB=69.3  t=2.10s
  round   6/50: acc=0.3108  f1m=0.1000  uplink_kB=69.3  t=2.13s
  round   7/50: acc=0.3275  f1m=0.1069  uplink_kB=69.3  t=2.07s
  round   8/50: acc=0.3354  f1m=0.1111  uplink_kB=69.3  t=2.04s
  round   9/50: acc=0.3450  f1m=0.1165  uplink_kB=69.3  t=2.13s
  round  10/50: acc=0.3476  f1m=0.1172  uplink_kB=69.3  t=2.09s
  round  11/50: acc=0.3455  f1m=0.1183  uplink_kB=69.3  t=2.16s
  round  12/50: acc=0.3458  f1m=0.1195  uplink_kB=69.3  t=2.12s
  round  13/50: acc=0.3594  f1m=0.1592  uplink_kB=69.3  t=2.15s
  round  14/50: acc=0.3800  f1m=0.2169  uplink_kB=69.3  t=2.09s
  round  15/50: acc=0.3810  f1m=0.2197  uplink_kB=69.3  t=2.09s
  round  16/50: acc=0.3807  f1m=0.2187  uplink_kB=69.3  t=2.07s
  round  17/50: acc=0.3836  f1m=0.2387  uplink_kB=69.3  t=2.12s
  round  18/50: acc=0.4768  f1m=0.2936  uplink_kB=69.3  t=2.15s
  round  19/50: acc=0.4831  f1m=0.2991  uplink_kB=69.3  t=2.13s
  round  20/50: acc=0.4853  f1m=0.3007  uplink_kB=69.3  t=2.14s
  round  21/50: acc=0.4912  f1m=0.3043  uplink_kB=69.3  t=2.11s
  round  22/50: acc=0.5049  f1m=0.3136  uplink_kB=69.3  t=2.07s
  round  23/50: acc=0.5160  f1m=0.3215  uplink_kB=69.3  t=2.08s
  round  24/50: acc=0.5230  f1m=0.3278  uplink_kB=69.3  t=2.14s
  round  25/50: acc=0.5347  f1m=0.3383  uplink_kB=69.3  t=2.12s
  round  26/50: acc=0.5477  f1m=0.3460  uplink_kB=69.3  t=2.16s
  round  27/50: acc=0.5571  f1m=0.3515  uplink_kB=69.3  t=2.23s
  round  28/50: acc=0.5662  f1m=0.3580  uplink_kB=69.3  t=2.13s
  round  29/50: acc=0.5780  f1m=0.3660  uplink_kB=69.3  t=2.09s
  round  30/50: acc=0.5846  f1m=0.3697  uplink_kB=69.3  t=2.08s
  round  31/50: acc=0.5911  f1m=0.3737  uplink_kB=69.3  t=2.09s
  round  32/50: acc=0.5955  f1m=0.3769  uplink_kB=69.3  t=2.13s
  round  33/50: acc=0.5998  f1m=0.3786  uplink_kB=69.3  t=2.04s
  round  34/50: acc=0.6040  f1m=0.3811  uplink_kB=69.3  t=2.07s
  round  35/50: acc=0.6099  f1m=0.3918  uplink_kB=69.3  t=2.07s
  round  36/50: acc=0.6226  f1m=0.4190  uplink_kB=69.3  t=2.12s
  round  37/50: acc=0.6298  f1m=0.4348  uplink_kB=69.3  t=2.04s
  round  38/50: acc=0.6439  f1m=0.4561  uplink_kB=69.3  t=2.07s
  round  39/50: acc=0.6583  f1m=0.4645  uplink_kB=69.3  t=2.11s
  round  40/50: acc=0.6609  f1m=0.4661  uplink_kB=69.3  t=2.19s
  round  41/50: acc=0.6681  f1m=0.4719  uplink_kB=69.3  t=2.11s
  round  42/50: acc=0.6858  f1m=0.4784  uplink_kB=69.3  t=2.14s
  round  43/50: acc=0.6911  f1m=0.4786  uplink_kB=69.3  t=2.16s
  round  44/50: acc=0.6925  f1m=0.4791  uplink_kB=69.3  t=2.11s
  round  45/50: acc=0.6996  f1m=0.4808  uplink_kB=69.3  t=2.10s
  round  46/50: acc=0.6999  f1m=0.4810  uplink_kB=69.3  t=2.16s
  round  47/50: acc=0.7005  f1m=0.4814  uplink_kB=69.3  t=2.15s
  round  48/50: acc=0.7009  f1m=0.4818  uplink_kB=69.3  t=2.07s
  round  49/50: acc=0.7026  f1m=0.4796  uplink_kB=69.3  t=2.21s
  round  50/50: acc=0.7023  f1m=0.4765  uplink_kB=69.3  t=2.14s
[run] DONE -> /Users/agentra/Documents/hao/working/paper-lab/hao-paper-2026/iotj-fedkan-ids/repo/results/lrsweep_cseciic_mc/lrsweep_mlp32_lr0p001__dir0.1__seed42/metrics.json  final_acc=0.7023
