[run] device=cpu  seed=11  out=/Users/agentra/Documents/hao/working/paper-lab/hao-paper-2026/iotj-fedkan-ids/repo/results/lrsweep_botiot/lrsweep_mlp32_lr0p003__dir0.1__seed11
[run] model=mlp  params=1,346
  round   1/50: acc=0.9163  f1m=0.9162  uplink_kB=52.6  t=1.37s
  round   2/50: acc=0.9177  f1m=0.9176  uplink_kB=52.6  t=0.64s
  round   3/50: acc=0.9251  f1m=0.9251  uplink_kB=52.6  t=0.65s
  round   4/50: acc=0.9301  f1m=0.9301  uplink_kB=52.6  t=0.65s
  round   5/50: acc=0.9109  f1m=0.9108  uplink_kB=52.6  t=0.61s
  round   6/50: acc=0.9114  f1m=0.9113  uplink_kB=52.6  t=0.62s
  round   7/50: acc=0.9119  f1m=0.9118  uplink_kB=52.6  t=0.66s
  round   8/50: acc=0.9125  f1m=0.9124  uplink_kB=52.6  t=0.67s
  round   9/50: acc=0.9132  f1m=0.9130  uplink_kB=52.6  t=0.67s
  round  10/50: acc=0.9138  f1m=0.9136  uplink_kB=52.6  t=0.68s
  round  11/50: acc=0.9148  f1m=0.9147  uplink_kB=52.6  t=0.67s
  round  12/50: acc=0.9166  f1m=0.9165  uplink_kB=52.6  t=0.64s
  round  13/50: acc=0.9193  f1m=0.9192  uplink_kB=52.6  t=0.67s
  round  14/50: acc=0.9196  f1m=0.9195  uplink_kB=52.6  t=0.66s
  round  15/50: acc=0.9193  f1m=0.9193  uplink_kB=52.6  t=0.68s
  round  16/50: acc=0.9425  f1m=0.9425  uplink_kB=52.6  t=0.67s
  round  17/50: acc=0.9436  f1m=0.9436  uplink_kB=52.6  t=0.61s
  round  18/50: acc=0.9436  f1m=0.9436  uplink_kB=52.6  t=0.65s
  round  19/50: acc=0.9449  f1m=0.9449  uplink_kB=52.6  t=0.61s
  round  20/50: acc=0.9451  f1m=0.9451  uplink_kB=52.6  t=0.66s
  round  21/50: acc=0.9449  f1m=0.9449  uplink_kB=52.6  t=0.67s
  round  22/50: acc=0.9430  f1m=0.9430  uplink_kB=52.6  t=0.67s
  round  23/50: acc=0.9377  f1m=0.9377  uplink_kB=52.6  t=0.62s
  round  24/50: acc=0.9455  f1m=0.9455  uplink_kB=52.6  t=0.66s
  round  25/50: acc=0.9449  f1m=0.9449  uplink_kB=52.6  t=0.70s
  round  26/50: acc=0.9470  f1m=0.9470  uplink_kB=52.6  t=0.63s
  round  27/50: acc=0.9461  f1m=0.9461  uplink_kB=52.6  t=0.67s
  round  28/50: acc=0.9469  f1m=0.9469  uplink_kB=52.6  t=0.67s
  round  29/50: acc=0.9463  f1m=0.9463  uplink_kB=52.6  t=0.64s
  round  30/50: acc=0.9490  f1m=0.9490  uplink_kB=52.6  t=0.60s
  round  31/50: acc=0.9472  f1m=0.9472  uplink_kB=52.6  t=0.68s
  round  32/50: acc=0.9500  f1m=0.9500  uplink_kB=52.6  t=0.73s
  round  33/50: acc=0.9501  f1m=0.9501  uplink_kB=52.6  t=0.64s
  round  34/50: acc=0.9493  f1m=0.9493  uplink_kB=52.6  t=0.69s
  round  35/50: acc=0.9492  f1m=0.9492  uplink_kB=52.6  t=0.69s
  round  36/50: acc=0.9495  f1m=0.9495  uplink_kB=52.6  t=0.64s
  round  37/50: acc=0.9500  f1m=0.9500  uplink_kB=52.6  t=0.69s
  round  38/50: acc=0.9497  f1m=0.9497  uplink_kB=52.6  t=0.67s
  round  39/50: acc=0.9509  f1m=0.9509  uplink_kB=52.6  t=0.67s
  round  40/50: acc=0.9502  f1m=0.9502  uplink_kB=52.6  t=0.65s
  round  41/50: acc=0.9510  f1m=0.9510  uplink_kB=52.6  t=0.66s
  round  42/50: acc=0.9525  f1m=0.9525  uplink_kB=52.6  t=0.69s
  round  43/50: acc=0.9525  f1m=0.9525  uplink_kB=52.6  t=0.65s
  round  44/50: acc=0.9523  f1m=0.9523  uplink_kB=52.6  t=0.64s
  round  45/50: acc=0.9525  f1m=0.9525  uplink_kB=52.6  t=0.69s
  round  46/50: acc=0.9530  f1m=0.9530  uplink_kB=52.6  t=0.65s
  round  47/50: acc=0.9525  f1m=0.9525  uplink_kB=52.6  t=0.69s
  round  48/50: acc=0.9533  f1m=0.9533  uplink_kB=52.6  t=0.69s
  round  49/50: acc=0.9531  f1m=0.9531  uplink_kB=52.6  t=0.56s
  round  50/50: acc=0.9536  f1m=0.9536  uplink_kB=52.6  t=0.66s
[run] DONE -> /Users/agentra/Documents/hao/working/paper-lab/hao-paper-2026/iotj-fedkan-ids/repo/results/lrsweep_botiot/lrsweep_mlp32_lr0p003__dir0.1__seed11/metrics.json  final_acc=0.9536
