[run] device=cpu  seed=105  out=/Users/agentra/Documents/hao/working/paper-lab/hao-paper-2026/iotj-fedkan-ids/repo/results/lrsweep_cseciic_mc50k/lrsweep_kan8_lr0p01__dir0.1__seed105
[run] model=kan  params=4,320
  round   1/50: acc=0.1646  f1m=0.0429  uplink_kB=190.8  t=3.86s
  round   2/50: acc=0.3982  f1m=0.2293  uplink_kB=190.8  t=3.08s
  round   3/50: acc=0.5067  f1m=0.3260  uplink_kB=190.8  t=3.16s
  round   4/50: acc=0.6649  f1m=0.4863  uplink_kB=190.8  t=3.05s
  round   5/50: acc=0.7773  f1m=0.5920  uplink_kB=190.8  t=3.16s
  round   6/50: acc=0.7331  f1m=0.5569  uplink_kB=190.8  t=3.20s
  round   7/50: acc=0.7350  f1m=0.5610  uplink_kB=190.8  t=3.33s
  round   8/50: acc=0.7384  f1m=0.5646  uplink_kB=190.8  t=3.06s
  round   9/50: acc=0.7393  f1m=0.5603  uplink_kB=190.8  t=3.13s
  round  10/50: acc=0.7383  f1m=0.5588  uplink_kB=190.8  t=3.07s
  round  11/50: acc=0.7399  f1m=0.5565  uplink_kB=190.8  t=3.27s
  round  12/50: acc=0.7402  f1m=0.5562  uplink_kB=190.8  t=3.14s
  round  13/50: acc=0.7408  f1m=0.5565  uplink_kB=190.8  t=3.20s
  round  14/50: acc=0.7427  f1m=0.5761  uplink_kB=190.8  t=3.12s
  round  15/50: acc=0.7410  f1m=0.5674  uplink_kB=190.8  t=3.08s
  round  16/50: acc=0.7425  f1m=0.5692  uplink_kB=190.8  t=3.12s
  round  17/50: acc=0.7963  f1m=0.6205  uplink_kB=190.8  t=3.24s
  round  18/50: acc=0.7895  f1m=0.6150  uplink_kB=190.8  t=3.10s
  round  19/50: acc=0.8391  f1m=0.6907  uplink_kB=190.8  t=3.20s
  round  20/50: acc=0.8536  f1m=0.6997  uplink_kB=190.8  t=3.09s
  round  21/50: acc=0.8568  f1m=0.7028  uplink_kB=190.8  t=3.13s
  round  22/50: acc=0.8574  f1m=0.7027  uplink_kB=190.8  t=3.18s
  round  23/50: acc=0.8585  f1m=0.7050  uplink_kB=190.8  t=3.18s
  round  24/50: acc=0.8444  f1m=0.6584  uplink_kB=190.8  t=3.17s
  round  25/50: acc=0.8491  f1m=0.6576  uplink_kB=190.8  t=3.23s
  round  26/50: acc=0.8476  f1m=0.6578  uplink_kB=190.8  t=3.20s
  round  27/50: acc=0.8681  f1m=0.7106  uplink_kB=190.8  t=3.32s
  round  28/50: acc=0.8651  f1m=0.7078  uplink_kB=190.8  t=3.18s
  round  29/50: acc=0.8673  f1m=0.7110  uplink_kB=190.8  t=3.09s
  round  30/50: acc=0.8863  f1m=0.7475  uplink_kB=190.8  t=3.08s
  round  31/50: acc=0.8710  f1m=0.7121  uplink_kB=190.8  t=3.17s
  round  32/50: acc=0.8780  f1m=0.7241  uplink_kB=190.8  t=3.07s
  round  33/50: acc=0.8531  f1m=0.6601  uplink_kB=190.8  t=3.14s
  round  34/50: acc=0.8690  f1m=0.7114  uplink_kB=190.8  t=3.09s
  round  35/50: acc=0.8685  f1m=0.7169  uplink_kB=190.8  t=3.09s
  round  36/50: acc=0.8721  f1m=0.7133  uplink_kB=190.8  t=3.05s
  round  37/50: acc=0.8698  f1m=0.7224  uplink_kB=190.8  t=3.12s
  round  38/50: acc=0.8544  f1m=0.6688  uplink_kB=190.8  t=3.07s
  round  39/50: acc=0.8697  f1m=0.7184  uplink_kB=190.8  t=3.08s
  round  40/50: acc=0.8710  f1m=0.7236  uplink_kB=190.8  t=3.07s
  round  41/50: acc=0.8738  f1m=0.7258  uplink_kB=190.8  t=3.11s
  round  42/50: acc=0.8836  f1m=0.7490  uplink_kB=190.8  t=3.10s
  round  43/50: acc=0.8559  f1m=0.6737  uplink_kB=190.8  t=3.13s
  round  44/50: acc=0.8822  f1m=0.7489  uplink_kB=190.8  t=3.11s
  round  45/50: acc=0.8730  f1m=0.7252  uplink_kB=190.8  t=3.03s
  round  46/50: acc=0.8864  f1m=0.7523  uplink_kB=190.8  t=3.07s
  round  47/50: acc=0.8735  f1m=0.7252  uplink_kB=190.8  t=2.99s
  round  48/50: acc=0.8693  f1m=0.7218  uplink_kB=190.8  t=3.13s
  round  49/50: acc=0.8815  f1m=0.7420  uplink_kB=190.8  t=3.06s
  round  50/50: acc=0.8846  f1m=0.7397  uplink_kB=190.8  t=3.17s
[run] DONE -> /Users/agentra/Documents/hao/working/paper-lab/hao-paper-2026/iotj-fedkan-ids/repo/results/lrsweep_cseciic_mc50k/lrsweep_kan8_lr0p01__dir0.1__seed105/metrics.json  final_acc=0.8846
