[run] device=cpu  seed=42  out=/Users/agentra/Documents/hao/working/paper-lab/hao-paper-2026/iotj-fedkan-ids/repo/results/lrsweep_cseciic_mc50k/lrsweep_kan8_lr0p001__dir0.1__seed42
[run] model=kan  params=4,320
  round   1/50: acc=0.1967  f1m=0.0514  uplink_kB=190.8  t=3.24s
  round   2/50: acc=0.2397  f1m=0.0631  uplink_kB=190.8  t=2.67s
  round   3/50: acc=0.2312  f1m=0.0636  uplink_kB=190.8  t=2.60s
  round   4/50: acc=0.2100  f1m=0.0566  uplink_kB=190.8  t=2.57s
  round   5/50: acc=0.2091  f1m=0.0606  uplink_kB=190.8  t=2.62s
  round   6/50: acc=0.2162  f1m=0.0656  uplink_kB=190.8  t=2.61s
  round   7/50: acc=0.2930  f1m=0.0946  uplink_kB=190.8  t=2.58s
  round   8/50: acc=0.3320  f1m=0.1404  uplink_kB=190.8  t=2.54s
  round   9/50: acc=0.3436  f1m=0.1442  uplink_kB=190.8  t=2.57s
  round  10/50: acc=0.3547  f1m=0.1358  uplink_kB=190.8  t=2.59s
  round  11/50: acc=0.3654  f1m=0.1408  uplink_kB=190.8  t=2.57s
  round  12/50: acc=0.4601  f1m=0.2313  uplink_kB=190.8  t=2.56s
  round  13/50: acc=0.5217  f1m=0.2796  uplink_kB=190.8  t=2.63s
  round  14/50: acc=0.5602  f1m=0.3044  uplink_kB=190.8  t=2.63s
  round  15/50: acc=0.5700  f1m=0.3092  uplink_kB=190.8  t=2.57s
  round  16/50: acc=0.5795  f1m=0.3179  uplink_kB=190.8  t=2.58s
  round  17/50: acc=0.5871  f1m=0.3288  uplink_kB=190.8  t=2.64s
  round  18/50: acc=0.5922  f1m=0.3362  uplink_kB=190.8  t=2.60s
  round  19/50: acc=0.5988  f1m=0.3450  uplink_kB=190.8  t=2.56s
  round  20/50: acc=0.6041  f1m=0.3530  uplink_kB=190.8  t=2.63s
  round  21/50: acc=0.6088  f1m=0.3613  uplink_kB=190.8  t=2.56s
  round  22/50: acc=0.6094  f1m=0.3633  uplink_kB=190.8  t=2.54s
  round  23/50: acc=0.6114  f1m=0.3646  uplink_kB=190.8  t=2.65s
  round  24/50: acc=0.6185  f1m=0.3697  uplink_kB=190.8  t=2.62s
  round  25/50: acc=0.6220  f1m=0.3732  uplink_kB=190.8  t=2.60s
  round  26/50: acc=0.6233  f1m=0.3744  uplink_kB=190.8  t=2.56s
  round  27/50: acc=0.6254  f1m=0.3765  uplink_kB=190.8  t=2.59s
  round  28/50: acc=0.6904  f1m=0.4770  uplink_kB=190.8  t=2.63s
  round  29/50: acc=0.6927  f1m=0.4793  uplink_kB=190.8  t=2.56s
  round  30/50: acc=0.6866  f1m=0.4686  uplink_kB=190.8  t=2.63s
  round  31/50: acc=0.6624  f1m=0.4019  uplink_kB=190.8  t=2.57s
  round  32/50: acc=0.6663  f1m=0.4047  uplink_kB=190.8  t=2.67s
  round  33/50: acc=0.6680  f1m=0.4060  uplink_kB=190.8  t=2.54s
  round  34/50: acc=0.6721  f1m=0.4094  uplink_kB=190.8  t=2.69s
  round  35/50: acc=0.6775  f1m=0.4141  uplink_kB=190.8  t=2.56s
  round  36/50: acc=0.6767  f1m=0.4146  uplink_kB=190.8  t=2.67s
  round  37/50: acc=0.6770  f1m=0.4148  uplink_kB=190.8  t=2.61s
  round  38/50: acc=0.6792  f1m=0.4165  uplink_kB=190.8  t=2.67s
  round  39/50: acc=0.6817  f1m=0.4182  uplink_kB=190.8  t=2.65s
  round  40/50: acc=0.6858  f1m=0.4213  uplink_kB=190.8  t=2.60s
  round  41/50: acc=0.6878  f1m=0.4232  uplink_kB=190.8  t=2.52s
  round  42/50: acc=0.6910  f1m=0.4262  uplink_kB=190.8  t=2.63s
  round  43/50: acc=0.6910  f1m=0.4275  uplink_kB=190.8  t=2.53s
  round  44/50: acc=0.6935  f1m=0.4295  uplink_kB=190.8  t=2.62s
  round  45/50: acc=0.6941  f1m=0.4299  uplink_kB=190.8  t=2.51s
  round  46/50: acc=0.6942  f1m=0.4300  uplink_kB=190.8  t=2.53s
  round  47/50: acc=0.6942  f1m=0.4301  uplink_kB=190.8  t=2.53s
  round  48/50: acc=0.6944  f1m=0.4303  uplink_kB=190.8  t=2.60s
  round  49/50: acc=0.6946  f1m=0.4304  uplink_kB=190.8  t=2.57s
  round  50/50: acc=0.6945  f1m=0.4304  uplink_kB=190.8  t=2.57s
[run] DONE -> /Users/agentra/Documents/hao/working/paper-lab/hao-paper-2026/iotj-fedkan-ids/repo/results/lrsweep_cseciic_mc50k/lrsweep_kan8_lr0p001__dir0.1__seed42/metrics.json  final_acc=0.6945
