[run] device=cpu  seed=31  out=/Users/agentra/Documents/hao/working/paper-lab/hao-paper-2026/iotj-fedkan-ids/repo/results/lrsweep_cseciic_mc/lrsweep_mlp80_lr0p0003__dir0.1__seed31
[run] model=mlp  params=4,415
  round   1/50: acc=0.2877  f1m=0.0624  uplink_kB=172.5  t=2.80s
  round   2/50: acc=0.2326  f1m=0.0578  uplink_kB=172.5  t=2.15s
  round   3/50: acc=0.2694  f1m=0.0685  uplink_kB=172.5  t=2.13s
  round   4/50: acc=0.2964  f1m=0.0680  uplink_kB=172.5  t=2.10s
  round   5/50: acc=0.3263  f1m=0.0863  uplink_kB=172.5  t=2.13s
  round   6/50: acc=0.4473  f1m=0.1247  uplink_kB=172.5  t=2.08s
  round   7/50: acc=0.4500  f1m=0.1254  uplink_kB=172.5  t=2.09s
  round   8/50: acc=0.4510  f1m=0.1257  uplink_kB=172.5  t=2.12s
  round   9/50: acc=0.4513  f1m=0.1258  uplink_kB=172.5  t=2.11s
  round  10/50: acc=0.4511  f1m=0.1258  uplink_kB=172.5  t=2.13s
  round  11/50: acc=0.4512  f1m=0.1258  uplink_kB=172.5  t=2.15s
  round  12/50: acc=0.4514  f1m=0.1258  uplink_kB=172.5  t=2.13s
  round  13/50: acc=0.4515  f1m=0.1259  uplink_kB=172.5  t=2.11s
  round  14/50: acc=0.4517  f1m=0.1260  uplink_kB=172.5  t=2.12s
  round  15/50: acc=0.4518  f1m=0.1260  uplink_kB=172.5  t=2.12s
  round  16/50: acc=0.4519  f1m=0.1260  uplink_kB=172.5  t=2.16s
  round  17/50: acc=0.4520  f1m=0.1260  uplink_kB=172.5  t=2.27s
  round  18/50: acc=0.4521  f1m=0.1260  uplink_kB=172.5  t=2.18s
  round  19/50: acc=0.4544  f1m=0.1289  uplink_kB=172.5  t=2.20s
  round  20/50: acc=0.4671  f1m=0.1432  uplink_kB=172.5  t=2.17s
  round  21/50: acc=0.4693  f1m=0.1454  uplink_kB=172.5  t=2.19s
  round  22/50: acc=0.4710  f1m=0.1508  uplink_kB=172.5  t=2.10s
  round  23/50: acc=0.4742  f1m=0.1782  uplink_kB=172.5  t=2.11s
  round  24/50: acc=0.4745  f1m=0.1793  uplink_kB=172.5  t=2.12s
  round  25/50: acc=0.4754  f1m=0.1829  uplink_kB=172.5  t=2.18s
  round  26/50: acc=0.4755  f1m=0.1830  uplink_kB=172.5  t=2.14s
  round  27/50: acc=0.4759  f1m=0.1844  uplink_kB=172.5  t=2.16s
  round  28/50: acc=0.4758  f1m=0.1845  uplink_kB=172.5  t=2.18s
  round  29/50: acc=0.4987  f1m=0.2341  uplink_kB=172.5  t=2.21s
  round  30/50: acc=0.4990  f1m=0.2341  uplink_kB=172.5  t=2.11s
  round  31/50: acc=0.5038  f1m=0.2403  uplink_kB=172.5  t=2.17s
  round  32/50: acc=0.5069  f1m=0.2447  uplink_kB=172.5  t=2.11s
  round  33/50: acc=0.5073  f1m=0.2477  uplink_kB=172.5  t=2.13s
  round  34/50: acc=0.5099  f1m=0.2991  uplink_kB=172.5  t=2.18s
  round  35/50: acc=0.5109  f1m=0.2965  uplink_kB=172.5  t=2.10s
  round  36/50: acc=0.5164  f1m=0.2951  uplink_kB=172.5  t=2.16s
  round  37/50: acc=0.5168  f1m=0.2730  uplink_kB=172.5  t=2.12s
  round  38/50: acc=0.5181  f1m=0.2711  uplink_kB=172.5  t=2.16s
  round  39/50: acc=0.6120  f1m=0.3276  uplink_kB=172.5  t=2.20s
  round  40/50: acc=0.6161  f1m=0.3486  uplink_kB=172.5  t=2.13s
  round  41/50: acc=0.6164  f1m=0.3474  uplink_kB=172.5  t=2.11s
  round  42/50: acc=0.6161  f1m=0.3468  uplink_kB=172.5  t=2.11s
  round  43/50: acc=0.6161  f1m=0.3472  uplink_kB=172.5  t=2.23s
  round  44/50: acc=0.6161  f1m=0.3474  uplink_kB=172.5  t=2.14s
  round  45/50: acc=0.6187  f1m=0.3486  uplink_kB=172.5  t=2.17s
  round  46/50: acc=0.6187  f1m=0.3487  uplink_kB=172.5  t=2.48s
  round  47/50: acc=0.6186  f1m=0.3487  uplink_kB=172.5  t=2.23s
  round  48/50: acc=0.6187  f1m=0.3487  uplink_kB=172.5  t=2.13s
  round  49/50: acc=0.6187  f1m=0.3484  uplink_kB=172.5  t=2.14s
  round  50/50: acc=0.6424  f1m=0.3690  uplink_kB=172.5  t=2.19s
[run] DONE -> /Users/agentra/Documents/hao/working/paper-lab/hao-paper-2026/iotj-fedkan-ids/repo/results/lrsweep_cseciic_mc/lrsweep_mlp80_lr0p0003__dir0.1__seed31/metrics.json  final_acc=0.6424
