[run] device=cpu  seed=23  out=/Users/agentra/Documents/hao/working/paper-lab/hao-paper-2026/iotj-fedkan-ids/repo/results/lrsweep_toniot/lrsweep_mlp80_lr0p03__dir0.1__seed23
[run] model=mlp  params=3,362
  round   1/50: acc=0.5000  f1m=0.3333  uplink_kB=131.3  t=1.33s
  round   2/50: acc=0.7366  f1m=0.7331  uplink_kB=131.3  t=0.64s
  round   3/50: acc=0.7398  f1m=0.7362  uplink_kB=131.3  t=0.66s
  round   4/50: acc=0.7443  f1m=0.7428  uplink_kB=131.3  t=0.63s
  round   5/50: acc=0.7467  f1m=0.7449  uplink_kB=131.3  t=0.61s
  round   6/50: acc=0.7456  f1m=0.7424  uplink_kB=131.3  t=0.62s
  round   7/50: acc=0.7539  f1m=0.7505  uplink_kB=131.3  t=0.67s
  round   8/50: acc=0.7476  f1m=0.7374  uplink_kB=131.3  t=0.66s
  round   9/50: acc=0.8287  f1m=0.8259  uplink_kB=131.3  t=0.65s
  round  10/50: acc=0.8377  f1m=0.8354  uplink_kB=131.3  t=0.67s
  round  11/50: acc=0.8463  f1m=0.8446  uplink_kB=131.3  t=0.60s
  round  12/50: acc=0.8436  f1m=0.8414  uplink_kB=131.3  t=0.64s
  round  13/50: acc=0.7534  f1m=0.7425  uplink_kB=131.3  t=0.65s
  round  14/50: acc=0.8703  f1m=0.8693  uplink_kB=131.3  t=0.64s
  round  15/50: acc=0.8733  f1m=0.8723  uplink_kB=131.3  t=0.64s
  round  16/50: acc=0.8320  f1m=0.8288  uplink_kB=131.3  t=0.64s
  round  17/50: acc=0.8716  f1m=0.8704  uplink_kB=131.3  t=0.65s
  round  18/50: acc=0.8435  f1m=0.8411  uplink_kB=131.3  t=0.60s
  round  19/50: acc=0.9044  f1m=0.9041  uplink_kB=131.3  t=0.65s
  round  20/50: acc=0.8699  f1m=0.8687  uplink_kB=131.3  t=0.66s
  round  21/50: acc=0.9152  f1m=0.9150  uplink_kB=131.3  t=0.65s
  round  22/50: acc=0.9187  f1m=0.9185  uplink_kB=131.3  t=0.66s
  round  23/50: acc=0.8964  f1m=0.8960  uplink_kB=131.3  t=0.68s
  round  24/50: acc=0.8948  f1m=0.8942  uplink_kB=131.3  t=0.67s
  round  25/50: acc=0.8994  f1m=0.8990  uplink_kB=131.3  t=0.61s
  round  26/50: acc=0.8994  f1m=0.8990  uplink_kB=131.3  t=0.69s
  round  27/50: acc=0.9045  f1m=0.9044  uplink_kB=131.3  t=0.67s
  round  28/50: acc=0.7997  f1m=0.7949  uplink_kB=131.3  t=0.66s
  round  29/50: acc=0.9446  f1m=0.9446  uplink_kB=131.3  t=0.67s
  round  30/50: acc=0.9424  f1m=0.9424  uplink_kB=131.3  t=0.69s
  round  31/50: acc=0.9110  f1m=0.9108  uplink_kB=131.3  t=0.62s
  round  32/50: acc=0.9087  f1m=0.9085  uplink_kB=131.3  t=0.67s
  round  33/50: acc=0.9410  f1m=0.9409  uplink_kB=131.3  t=0.68s
  round  34/50: acc=0.9062  f1m=0.9060  uplink_kB=131.3  t=0.66s
  round  35/50: acc=0.9041  f1m=0.9037  uplink_kB=131.3  t=0.69s
  round  36/50: acc=0.9064  f1m=0.9061  uplink_kB=131.3  t=0.66s
  round  37/50: acc=0.9497  f1m=0.9497  uplink_kB=131.3  t=0.61s
  round  38/50: acc=0.9129  f1m=0.9128  uplink_kB=131.3  t=0.64s
  round  39/50: acc=0.9118  f1m=0.9116  uplink_kB=131.3  t=0.65s
  round  40/50: acc=0.8068  f1m=0.8017  uplink_kB=131.3  t=0.66s
  round  41/50: acc=0.9504  f1m=0.9504  uplink_kB=131.3  t=0.65s
  round  42/50: acc=0.8221  f1m=0.8190  uplink_kB=131.3  t=0.64s
  round  43/50: acc=0.9466  f1m=0.9465  uplink_kB=131.3  t=0.64s
  round  44/50: acc=0.8198  f1m=0.8162  uplink_kB=131.3  t=0.59s
  round  45/50: acc=0.9077  f1m=0.9075  uplink_kB=131.3  t=0.65s
  round  46/50: acc=0.9140  f1m=0.9139  uplink_kB=131.3  t=0.64s
  round  47/50: acc=0.9113  f1m=0.9111  uplink_kB=131.3  t=0.66s
  round  48/50: acc=0.8159  f1m=0.8115  uplink_kB=131.3  t=0.66s
  round  49/50: acc=0.9395  f1m=0.9394  uplink_kB=131.3  t=0.69s
  round  50/50: acc=0.8153  f1m=0.8120  uplink_kB=131.3  t=0.66s
[run] DONE -> /Users/agentra/Documents/hao/working/paper-lab/hao-paper-2026/iotj-fedkan-ids/repo/results/lrsweep_toniot/lrsweep_mlp80_lr0p03__dir0.1__seed23/metrics.json  final_acc=0.8153
