[run] device=cpu  seed=37  out=/Users/agentra/Documents/hao/working/paper-lab/hao-paper-2026/iotj-fedkan-ids/repo/results/sensitivity_botiot/sens_h16__dir0.1__seed37
[run] model=kan  params=6,560
  round   1/50: acc=0.6590  f1m=0.6136  uplink_kB=282.0  t=2.72s
  round   2/50: acc=0.9152  f1m=0.9150  uplink_kB=282.0  t=1.95s
  round   3/50: acc=0.8710  f1m=0.8688  uplink_kB=282.0  t=1.89s
  round   4/50: acc=0.8931  f1m=0.8919  uplink_kB=282.0  t=1.95s
  round   5/50: acc=0.9702  f1m=0.9702  uplink_kB=282.0  t=1.88s
  round   6/50: acc=0.9155  f1m=0.9149  uplink_kB=282.0  t=1.91s
  round   7/50: acc=0.9528  f1m=0.9528  uplink_kB=282.0  t=1.90s
  round   8/50: acc=0.9216  f1m=0.9211  uplink_kB=282.0  t=1.90s
  round   9/50: acc=0.9735  f1m=0.9735  uplink_kB=282.0  t=1.98s
  round  10/50: acc=0.9740  f1m=0.9740  uplink_kB=282.0  t=1.95s
  round  11/50: acc=0.9746  f1m=0.9746  uplink_kB=282.0  t=2.03s
  round  12/50: acc=0.9738  f1m=0.9738  uplink_kB=282.0  t=1.88s
  round  13/50: acc=0.9749  f1m=0.9749  uplink_kB=282.0  t=2.24s
  round  14/50: acc=0.9742  f1m=0.9742  uplink_kB=282.0  t=2.07s
  round  15/50: acc=0.9362  f1m=0.9360  uplink_kB=282.0  t=2.01s
  round  16/50: acc=0.9758  f1m=0.9758  uplink_kB=282.0  t=1.97s
  round  17/50: acc=0.9359  f1m=0.9357  uplink_kB=282.0  t=1.96s
  round  18/50: acc=0.9375  f1m=0.9373  uplink_kB=282.0  t=1.99s
  round  19/50: acc=0.9358  f1m=0.9356  uplink_kB=282.0  t=1.90s
  round  20/50: acc=0.9977  f1m=0.9977  uplink_kB=282.0  t=1.88s
  round  21/50: acc=0.9265  f1m=0.9261  uplink_kB=282.0  t=2.03s
  round  22/50: acc=0.9372  f1m=0.9369  uplink_kB=282.0  t=1.99s
  round  23/50: acc=0.9371  f1m=0.9368  uplink_kB=282.0  t=1.96s
  round  24/50: acc=0.9192  f1m=0.9187  uplink_kB=282.0  t=1.97s
  round  25/50: acc=0.9971  f1m=0.9971  uplink_kB=282.0  t=1.75s
  round  26/50: acc=0.9253  f1m=0.9249  uplink_kB=282.0  t=1.89s
  round  27/50: acc=0.9364  f1m=0.9361  uplink_kB=282.0  t=1.91s
  round  28/50: acc=0.9361  f1m=0.9358  uplink_kB=282.0  t=1.88s
  round  29/50: acc=0.9359  f1m=0.9356  uplink_kB=282.0  t=2.00s
  round  30/50: acc=0.9260  f1m=0.9256  uplink_kB=282.0  t=1.89s
  round  31/50: acc=0.9368  f1m=0.9365  uplink_kB=282.0  t=1.89s
  round  32/50: acc=0.9255  f1m=0.9251  uplink_kB=282.0  t=2.02s
  round  33/50: acc=0.9963  f1m=0.9963  uplink_kB=282.0  t=1.85s
  round  34/50: acc=0.9193  f1m=0.9187  uplink_kB=282.0  t=1.80s
  round  35/50: acc=0.9222  f1m=0.9217  uplink_kB=282.0  t=1.78s
  round  36/50: acc=0.9229  f1m=0.9225  uplink_kB=282.0  t=1.89s
  round  37/50: acc=0.9236  f1m=0.9231  uplink_kB=282.0  t=2.27s
  round  38/50: acc=0.9355  f1m=0.9352  uplink_kB=282.0  t=2.04s
  round  39/50: acc=0.9965  f1m=0.9965  uplink_kB=282.0  t=2.05s
  round  40/50: acc=0.9363  f1m=0.9360  uplink_kB=282.0  t=2.08s
  round  41/50: acc=0.9964  f1m=0.9964  uplink_kB=282.0  t=1.87s
  round  42/50: acc=0.9966  f1m=0.9966  uplink_kB=282.0  t=1.92s
  round  43/50: acc=0.9359  f1m=0.9356  uplink_kB=282.0  t=2.01s
  round  44/50: acc=0.9956  f1m=0.9956  uplink_kB=282.0  t=2.00s
  round  45/50: acc=0.9968  f1m=0.9968  uplink_kB=282.0  t=1.94s
  round  46/50: acc=0.9189  f1m=0.9184  uplink_kB=282.0  t=1.83s
  round  47/50: acc=0.9958  f1m=0.9958  uplink_kB=282.0  t=1.98s
  round  48/50: acc=0.9359  f1m=0.9356  uplink_kB=282.0  t=1.91s
  round  49/50: acc=0.9958  f1m=0.9958  uplink_kB=282.0  t=2.01s
  round  50/50: acc=0.9260  f1m=0.9256  uplink_kB=282.0  t=1.92s
[run] DONE -> /Users/agentra/Documents/hao/working/paper-lab/hao-paper-2026/iotj-fedkan-ids/repo/results/sensitivity_botiot/sens_h16__dir0.1__seed37/metrics.json  final_acc=0.9260
