[run] device=cpu  seed=29  out=/Users/agentra/Documents/hao/working/paper-lab/hao-paper-2026/iotj-fedkan-ids/repo/results/lrsweep_botiot/lrsweep_mlp32_lr0p003__dir0.1__seed29
[run] model=mlp  params=1,346
  round   1/50: acc=0.5276  f1m=0.3905  uplink_kB=52.6  t=1.32s
  round   2/50: acc=0.5033  f1m=0.5032  uplink_kB=52.6  t=0.60s
  round   3/50: acc=0.6028  f1m=0.5974  uplink_kB=52.6  t=0.62s
  round   4/50: acc=0.6676  f1m=0.6351  uplink_kB=52.6  t=0.67s
  round   5/50: acc=0.6590  f1m=0.6217  uplink_kB=52.6  t=0.65s
  round   6/50: acc=0.6565  f1m=0.6195  uplink_kB=52.6  t=0.60s
  round   7/50: acc=0.6586  f1m=0.6238  uplink_kB=52.6  t=0.65s
  round   8/50: acc=0.6656  f1m=0.6336  uplink_kB=52.6  t=0.71s
  round   9/50: acc=0.6759  f1m=0.6481  uplink_kB=52.6  t=0.66s
  round  10/50: acc=0.6836  f1m=0.6585  uplink_kB=52.6  t=0.66s
  round  11/50: acc=0.6907  f1m=0.6676  uplink_kB=52.6  t=0.66s
  round  12/50: acc=0.6976  f1m=0.6763  uplink_kB=52.6  t=0.63s
  round  13/50: acc=0.6998  f1m=0.6793  uplink_kB=52.6  t=0.61s
  round  14/50: acc=0.7012  f1m=0.6812  uplink_kB=52.6  t=0.70s
  round  15/50: acc=0.7020  f1m=0.6824  uplink_kB=52.6  t=0.64s
  round  16/50: acc=0.7019  f1m=0.6824  uplink_kB=52.6  t=0.70s
  round  17/50: acc=0.7023  f1m=0.6830  uplink_kB=52.6  t=0.60s
  round  18/50: acc=0.7063  f1m=0.6879  uplink_kB=52.6  t=0.65s
  round  19/50: acc=0.7065  f1m=0.6882  uplink_kB=52.6  t=0.68s
  round  20/50: acc=0.7043  f1m=0.6863  uplink_kB=52.6  t=0.68s
  round  21/50: acc=0.7045  f1m=0.6866  uplink_kB=52.6  t=0.66s
  round  22/50: acc=0.7046  f1m=0.6867  uplink_kB=52.6  t=0.65s
  round  23/50: acc=0.7044  f1m=0.6865  uplink_kB=52.6  t=0.61s
  round  24/50: acc=0.7043  f1m=0.6865  uplink_kB=52.6  t=0.63s
  round  25/50: acc=0.7049  f1m=0.6874  uplink_kB=52.6  t=0.66s
  round  26/50: acc=0.7057  f1m=0.6885  uplink_kB=52.6  t=0.66s
  round  27/50: acc=0.7090  f1m=0.6927  uplink_kB=52.6  t=0.64s
  round  28/50: acc=0.7105  f1m=0.6946  uplink_kB=52.6  t=0.65s
  round  29/50: acc=0.7207  f1m=0.7069  uplink_kB=52.6  t=0.62s
  round  30/50: acc=0.7237  f1m=0.7105  uplink_kB=52.6  t=0.67s
  round  31/50: acc=0.7196  f1m=0.7058  uplink_kB=52.6  t=0.65s
  round  32/50: acc=0.7194  f1m=0.7057  uplink_kB=52.6  t=0.65s
  round  33/50: acc=0.7152  f1m=0.7008  uplink_kB=52.6  t=0.63s
  round  34/50: acc=0.7149  f1m=0.7008  uplink_kB=52.6  t=0.67s
  round  35/50: acc=0.7067  f1m=0.6911  uplink_kB=52.6  t=0.68s
  round  36/50: acc=0.7075  f1m=0.6943  uplink_kB=52.6  t=0.60s
  round  37/50: acc=0.7104  f1m=0.6977  uplink_kB=52.6  t=0.57s
  round  38/50: acc=0.7046  f1m=0.6909  uplink_kB=52.6  t=0.68s
  round  39/50: acc=0.7075  f1m=0.6944  uplink_kB=52.6  t=0.66s
  round  40/50: acc=0.6995  f1m=0.6849  uplink_kB=52.6  t=0.68s
  round  41/50: acc=0.6944  f1m=0.6788  uplink_kB=52.6  t=0.67s
  round  42/50: acc=0.6957  f1m=0.6804  uplink_kB=52.6  t=0.67s
  round  43/50: acc=0.6942  f1m=0.6787  uplink_kB=52.6  t=0.63s
  round  44/50: acc=0.6958  f1m=0.6806  uplink_kB=52.6  t=0.65s
  round  45/50: acc=0.7006  f1m=0.6864  uplink_kB=52.6  t=0.67s
  round  46/50: acc=0.7065  f1m=0.6934  uplink_kB=52.6  t=0.64s
  round  47/50: acc=0.7034  f1m=0.6898  uplink_kB=52.6  t=0.66s
  round  48/50: acc=0.7018  f1m=0.6880  uplink_kB=52.6  t=0.68s
  round  49/50: acc=0.7019  f1m=0.6881  uplink_kB=52.6  t=0.62s
  round  50/50: acc=0.6994  f1m=0.6853  uplink_kB=52.6  t=0.70s
[run] DONE -> /Users/agentra/Documents/hao/working/paper-lab/hao-paper-2026/iotj-fedkan-ids/repo/results/lrsweep_botiot/lrsweep_mlp32_lr0p003__dir0.1__seed29/metrics.json  final_acc=0.6994
