[run] device=cpu  seed=29  out=/Users/agentra/Documents/hao/working/paper-lab/hao-paper-2026/iotj-fedkan-ids/repo/results/lrsweep_cseciic/lrsweep_kan16_lr0p03__dir0.1__seed29
[run] model=kan  params=6,560
  round   1/50: acc=0.5726  f1m=0.4839  uplink_kB=282.0  t=2.56s
  round   2/50: acc=0.6912  f1m=0.6613  uplink_kB=282.0  t=1.93s
  round   3/50: acc=0.8043  f1m=0.7994  uplink_kB=282.0  t=1.95s
  round   4/50: acc=0.8989  f1m=0.8985  uplink_kB=282.0  t=2.01s
  round   5/50: acc=0.8926  f1m=0.8920  uplink_kB=282.0  t=1.86s
  round   6/50: acc=0.9625  f1m=0.9625  uplink_kB=282.0  t=1.93s
  round   7/50: acc=0.7940  f1m=0.7875  uplink_kB=282.0  t=2.00s
  round   8/50: acc=0.9496  f1m=0.9496  uplink_kB=282.0  t=1.92s
  round   9/50: acc=0.9134  f1m=0.9132  uplink_kB=282.0  t=1.96s
  round  10/50: acc=0.7823  f1m=0.7743  uplink_kB=282.0  t=1.92s
  round  11/50: acc=0.8926  f1m=0.8921  uplink_kB=282.0  t=1.99s
  round  12/50: acc=0.9410  f1m=0.9410  uplink_kB=282.0  t=1.94s
  round  13/50: acc=0.7397  f1m=0.7229  uplink_kB=282.0  t=1.89s
  round  14/50: acc=0.9493  f1m=0.9492  uplink_kB=282.0  t=1.93s
  round  15/50: acc=0.8670  f1m=0.8657  uplink_kB=282.0  t=1.95s
  round  16/50: acc=0.9256  f1m=0.9255  uplink_kB=282.0  t=1.95s
  round  17/50: acc=0.9086  f1m=0.9083  uplink_kB=282.0  t=1.94s
  round  18/50: acc=0.9247  f1m=0.9247  uplink_kB=282.0  t=1.92s
  round  19/50: acc=0.8951  f1m=0.8946  uplink_kB=282.0  t=1.92s
  round  20/50: acc=0.9391  f1m=0.9390  uplink_kB=282.0  t=1.96s
  round  21/50: acc=0.9475  f1m=0.9475  uplink_kB=282.0  t=1.96s
  round  22/50: acc=0.8516  f1m=0.8495  uplink_kB=282.0  t=1.97s
  round  23/50: acc=0.9132  f1m=0.9130  uplink_kB=282.0  t=1.92s
  round  24/50: acc=0.8815  f1m=0.8807  uplink_kB=282.0  t=1.98s
  round  25/50: acc=0.9217  f1m=0.9216  uplink_kB=282.0  t=1.90s
  round  26/50: acc=0.9076  f1m=0.9073  uplink_kB=282.0  t=1.95s
  round  27/50: acc=0.9137  f1m=0.9135  uplink_kB=282.0  t=1.90s
  round  28/50: acc=0.8863  f1m=0.8857  uplink_kB=282.0  t=1.96s
  round  29/50: acc=0.9448  f1m=0.9448  uplink_kB=282.0  t=1.97s
  round  30/50: acc=0.8407  f1m=0.8383  uplink_kB=282.0  t=1.93s
  round  31/50: acc=0.9566  f1m=0.9566  uplink_kB=282.0  t=1.96s
  round  32/50: acc=0.8039  f1m=0.7985  uplink_kB=282.0  t=1.88s
  round  33/50: acc=0.9513  f1m=0.9512  uplink_kB=282.0  t=1.99s
  round  34/50: acc=0.6295  f1m=0.5714  uplink_kB=282.0  t=1.96s
  round  35/50: acc=0.9211  f1m=0.9209  uplink_kB=282.0  t=1.95s
  round  36/50: acc=0.9332  f1m=0.9331  uplink_kB=282.0  t=2.01s
  round  37/50: acc=0.9540  f1m=0.9540  uplink_kB=282.0  t=1.91s
  round  38/50: acc=0.8689  f1m=0.8676  uplink_kB=282.0  t=1.93s
  round  39/50: acc=0.9516  f1m=0.9516  uplink_kB=282.0  t=1.96s
  round  40/50: acc=0.8153  f1m=0.8108  uplink_kB=282.0  t=1.93s
  round  41/50: acc=0.9504  f1m=0.9504  uplink_kB=282.0  t=1.98s
  round  42/50: acc=0.8802  f1m=0.8793  uplink_kB=282.0  t=1.94s
  round  43/50: acc=0.8327  f1m=0.8297  uplink_kB=282.0  t=1.95s
  round  44/50: acc=0.9353  f1m=0.9352  uplink_kB=282.0  t=1.96s
  round  45/50: acc=0.9021  f1m=0.9017  uplink_kB=282.0  t=1.95s
  round  46/50: acc=0.9509  f1m=0.9509  uplink_kB=282.0  t=1.93s
  round  47/50: acc=0.9484  f1m=0.9484  uplink_kB=282.0  t=2.02s
  round  48/50: acc=0.9099  f1m=0.9096  uplink_kB=282.0  t=2.08s
  round  49/50: acc=0.9524  f1m=0.9524  uplink_kB=282.0  t=1.97s
  round  50/50: acc=0.9336  f1m=0.9336  uplink_kB=282.0  t=1.91s
[run] DONE -> /Users/agentra/Documents/hao/working/paper-lab/hao-paper-2026/iotj-fedkan-ids/repo/results/lrsweep_cseciic/lrsweep_kan16_lr0p03__dir0.1__seed29/metrics.json  final_acc=0.9336
