[run] device=cpu  seed=29  out=/Users/agentra/Documents/hao/working/paper-lab/hao-paper-2026/iotj-fedkan-ids/repo/results/lrsweep_cseciic_mc50k/lrsweep_mlp80_lr0p001__dir0.1__seed29
[run] model=mlp  params=4,415
  round   1/50: acc=0.1914  f1m=0.0525  uplink_kB=172.5  t=1.89s
  round   2/50: acc=0.2377  f1m=0.1019  uplink_kB=172.5  t=1.03s
  round   3/50: acc=0.4146  f1m=0.1825  uplink_kB=172.5  t=1.12s
  round   4/50: acc=0.4427  f1m=0.1913  uplink_kB=172.5  t=1.07s
  round   5/50: acc=0.4629  f1m=0.2252  uplink_kB=172.5  t=1.11s
  round   6/50: acc=0.4843  f1m=0.2564  uplink_kB=172.5  t=1.06s
  round   7/50: acc=0.5011  f1m=0.2711  uplink_kB=172.5  t=1.14s
  round   8/50: acc=0.5063  f1m=0.2712  uplink_kB=172.5  t=1.08s
  round   9/50: acc=0.5100  f1m=0.2770  uplink_kB=172.5  t=1.24s
  round  10/50: acc=0.5113  f1m=0.2782  uplink_kB=172.5  t=1.10s
  round  11/50: acc=0.5133  f1m=0.2782  uplink_kB=172.5  t=1.09s
  round  12/50: acc=0.5169  f1m=0.2798  uplink_kB=172.5  t=1.12s
  round  13/50: acc=0.5176  f1m=0.2803  uplink_kB=172.5  t=1.06s
  round  14/50: acc=0.5191  f1m=0.2819  uplink_kB=172.5  t=1.12s
  round  15/50: acc=0.5193  f1m=0.2821  uplink_kB=172.5  t=1.08s
  round  16/50: acc=0.5217  f1m=0.2848  uplink_kB=172.5  t=1.11s
  round  17/50: acc=0.5241  f1m=0.2882  uplink_kB=172.5  t=1.11s
  round  18/50: acc=0.5278  f1m=0.2920  uplink_kB=172.5  t=1.27s
  round  19/50: acc=0.5369  f1m=0.2988  uplink_kB=172.5  t=1.34s
  round  20/50: acc=0.5392  f1m=0.3019  uplink_kB=172.5  t=1.20s
  round  21/50: acc=0.5464  f1m=0.3086  uplink_kB=172.5  t=1.11s
  round  22/50: acc=0.5500  f1m=0.3121  uplink_kB=172.5  t=1.19s
  round  23/50: acc=0.5590  f1m=0.3199  uplink_kB=172.5  t=1.08s
  round  24/50: acc=0.5644  f1m=0.3241  uplink_kB=172.5  t=1.27s
  round  25/50: acc=0.5791  f1m=0.3344  uplink_kB=172.5  t=1.37s
  round  26/50: acc=0.5809  f1m=0.3355  uplink_kB=172.5  t=1.17s
  round  27/50: acc=0.5953  f1m=0.3442  uplink_kB=172.5  t=1.04s
  round  28/50: acc=0.6049  f1m=0.3496  uplink_kB=172.5  t=1.09s
  round  29/50: acc=0.6056  f1m=0.3497  uplink_kB=172.5  t=1.04s
  round  30/50: acc=0.6115  f1m=0.3539  uplink_kB=172.5  t=1.11s
  round  31/50: acc=0.6148  f1m=0.3557  uplink_kB=172.5  t=1.08s
  round  32/50: acc=0.6174  f1m=0.3569  uplink_kB=172.5  t=1.13s
  round  33/50: acc=0.6261  f1m=0.3618  uplink_kB=172.5  t=1.06s
  round  34/50: acc=0.6279  f1m=0.3630  uplink_kB=172.5  t=1.14s
  round  35/50: acc=0.6281  f1m=0.3630  uplink_kB=172.5  t=1.03s
  round  36/50: acc=0.6499  f1m=0.3747  uplink_kB=172.5  t=1.16s
  round  37/50: acc=0.6516  f1m=0.3755  uplink_kB=172.5  t=1.10s
  round  38/50: acc=0.6573  f1m=0.3784  uplink_kB=172.5  t=1.09s
  round  39/50: acc=0.6573  f1m=0.3783  uplink_kB=172.5  t=1.06s
  round  40/50: acc=0.6577  f1m=0.3785  uplink_kB=172.5  t=1.15s
  round  41/50: acc=0.6580  f1m=0.3790  uplink_kB=172.5  t=1.06s
  round  42/50: acc=0.6582  f1m=0.3790  uplink_kB=172.5  t=1.16s
  round  43/50: acc=0.6580  f1m=0.3788  uplink_kB=172.5  t=1.06s
  round  44/50: acc=0.6584  f1m=0.3792  uplink_kB=172.5  t=1.11s
  round  45/50: acc=0.6586  f1m=0.3796  uplink_kB=172.5  t=1.05s
  round  46/50: acc=0.6585  f1m=0.3793  uplink_kB=172.5  t=1.12s
  round  47/50: acc=0.6585  f1m=0.3792  uplink_kB=172.5  t=1.05s
  round  48/50: acc=0.6591  f1m=0.3801  uplink_kB=172.5  t=1.14s
  round  49/50: acc=0.6635  f1m=0.3892  uplink_kB=172.5  t=1.17s
  round  50/50: acc=0.6637  f1m=0.3894  uplink_kB=172.5  t=1.06s
[run] DONE -> /Users/agentra/Documents/hao/working/paper-lab/hao-paper-2026/iotj-fedkan-ids/repo/results/lrsweep_cseciic_mc50k/lrsweep_mlp80_lr0p001__dir0.1__seed29/metrics.json  final_acc=0.6637
