[run] device=cpu  seed=37  out=/Users/agentra/Documents/hao/working/paper-lab/hao-paper-2026/iotj-fedkan-ids/repo/results/lrsweep_cseciic_mc/lrsweep_kan16_lr0p003__dir0.1__seed37
[run] model=kan  params=8,640
  round   1/50: acc=0.2654  f1m=0.0586  uplink_kB=363.3  t=6.98s
  round   2/50: acc=0.3676  f1m=0.1227  uplink_kB=363.3  t=6.59s
  round   3/50: acc=0.4512  f1m=0.1926  uplink_kB=363.3  t=7.78s
  round   4/50: acc=0.5804  f1m=0.2479  uplink_kB=363.3  t=13.94s
  round   5/50: acc=0.6524  f1m=0.3610  uplink_kB=363.3  t=8.27s
  round   6/50: acc=0.6509  f1m=0.3375  uplink_kB=363.3  t=13.80s
  round   7/50: acc=0.6505  f1m=0.3071  uplink_kB=363.3  t=6.73s
  round   8/50: acc=0.6527  f1m=0.3079  uplink_kB=363.3  t=5.95s
  round   9/50: acc=0.6395  f1m=0.3252  uplink_kB=363.3  t=6.30s
  round  10/50: acc=0.6424  f1m=0.3355  uplink_kB=363.3  t=6.15s
  round  11/50: acc=0.6459  f1m=0.3531  uplink_kB=363.3  t=6.22s
  round  12/50: acc=0.6700  f1m=0.4531  uplink_kB=363.3  t=6.32s
  round  13/50: acc=0.7826  f1m=0.5400  uplink_kB=363.3  t=6.30s
  round  14/50: acc=0.7937  f1m=0.5464  uplink_kB=363.3  t=6.34s
  round  15/50: acc=0.8196  f1m=0.5836  uplink_kB=363.3  t=6.26s
  round  16/50: acc=0.8211  f1m=0.5885  uplink_kB=363.3  t=6.38s
  round  17/50: acc=0.8226  f1m=0.5877  uplink_kB=363.3  t=6.26s
  round  18/50: acc=0.8321  f1m=0.6603  uplink_kB=363.3  t=6.22s
  round  19/50: acc=0.8311  f1m=0.6588  uplink_kB=363.3  t=6.33s
  round  20/50: acc=0.8347  f1m=0.6721  uplink_kB=363.3  t=6.33s
  round  21/50: acc=0.8385  f1m=0.6793  uplink_kB=363.3  t=6.46s
  round  22/50: acc=0.8402  f1m=0.6821  uplink_kB=363.3  t=6.22s
  round  23/50: acc=0.8379  f1m=0.6787  uplink_kB=363.3  t=6.32s
  round  24/50: acc=0.8416  f1m=0.6849  uplink_kB=363.3  t=6.25s
  round  25/50: acc=0.8438  f1m=0.6889  uplink_kB=363.3  t=6.37s
  round  26/50: acc=0.8423  f1m=0.6858  uplink_kB=363.3  t=6.38s
  round  27/50: acc=0.8437  f1m=0.6882  uplink_kB=363.3  t=6.31s
  round  28/50: acc=0.8438  f1m=0.6880  uplink_kB=363.3  t=6.46s
  round  29/50: acc=0.8434  f1m=0.6887  uplink_kB=363.3  t=6.35s
  round  30/50: acc=0.8442  f1m=0.7005  uplink_kB=363.3  t=6.33s
  round  31/50: acc=0.8419  f1m=0.6953  uplink_kB=363.3  t=6.09s
  round  32/50: acc=0.8459  f1m=0.7034  uplink_kB=363.3  t=6.31s
  round  33/50: acc=0.8447  f1m=0.6904  uplink_kB=363.3  t=6.14s
  round  34/50: acc=0.8456  f1m=0.7034  uplink_kB=363.3  t=6.16s
  round  35/50: acc=0.8412  f1m=0.6922  uplink_kB=363.3  t=6.15s
  round  36/50: acc=0.8484  f1m=0.7083  uplink_kB=363.3  t=6.15s
  round  37/50: acc=0.8464  f1m=0.7060  uplink_kB=363.3  t=6.45s
  round  38/50: acc=0.8471  f1m=0.7053  uplink_kB=363.3  t=6.28s
  round  39/50: acc=0.8479  f1m=0.7089  uplink_kB=363.3  t=6.37s
  round  40/50: acc=0.8480  f1m=0.7079  uplink_kB=363.3  t=6.29s
  round  41/50: acc=0.8484  f1m=0.7115  uplink_kB=363.3  t=6.40s
  round  42/50: acc=0.8474  f1m=0.7061  uplink_kB=363.3  t=6.39s
  round  43/50: acc=0.8492  f1m=0.7106  uplink_kB=363.3  t=6.36s
  round  44/50: acc=0.8493  f1m=0.7122  uplink_kB=363.3  t=6.55s
  round  45/50: acc=0.8495  f1m=0.7116  uplink_kB=363.3  t=6.34s
  round  46/50: acc=0.8484  f1m=0.7167  uplink_kB=363.3  t=6.86s
  round  47/50: acc=0.8491  f1m=0.7165  uplink_kB=363.3  t=7.05s
  round  48/50: acc=0.8718  f1m=0.7381  uplink_kB=363.3  t=6.79s
  round  49/50: acc=0.8730  f1m=0.7402  uplink_kB=363.3  t=6.48s
  round  50/50: acc=0.8733  f1m=0.7386  uplink_kB=363.3  t=6.34s
[run] DONE -> /Users/agentra/Documents/hao/working/paper-lab/hao-paper-2026/iotj-fedkan-ids/repo/results/lrsweep_cseciic_mc/lrsweep_kan16_lr0p003__dir0.1__seed37/metrics.json  final_acc=0.8733
