[run] device=cpu  seed=103  out=/Users/agentra/Documents/hao/working/paper-lab/hao-paper-2026/iotj-fedkan-ids/repo/results/lrsweep_cseciic/lrsweep_mlp80_lr0p01__dir0.1__seed103
[run] model=mlp  params=3,362
  round   1/50: acc=0.5000  f1m=0.3333  uplink_kB=131.3  t=1.54s
  round   2/50: acc=0.5000  f1m=0.3333  uplink_kB=131.3  t=0.85s
  round   3/50: acc=0.5000  f1m=0.3333  uplink_kB=131.3  t=0.81s
  round   4/50: acc=0.5013  f1m=0.3362  uplink_kB=131.3  t=0.75s
  round   5/50: acc=0.6001  f1m=0.5242  uplink_kB=131.3  t=0.86s
  round   6/50: acc=0.7097  f1m=0.6831  uplink_kB=131.3  t=0.82s
  round   7/50: acc=0.7958  f1m=0.7872  uplink_kB=131.3  t=0.85s
  round   8/50: acc=0.8845  f1m=0.8832  uplink_kB=131.3  t=0.81s
  round   9/50: acc=0.9154  f1m=0.9150  uplink_kB=131.3  t=0.92s
  round  10/50: acc=0.9137  f1m=0.9134  uplink_kB=131.3  t=0.83s
  round  11/50: acc=0.9165  f1m=0.9162  uplink_kB=131.3  t=0.86s
  round  12/50: acc=0.9148  f1m=0.9146  uplink_kB=131.3  t=0.82s
  round  13/50: acc=0.9157  f1m=0.9155  uplink_kB=131.3  t=0.85s
  round  14/50: acc=0.9156  f1m=0.9154  uplink_kB=131.3  t=0.84s
  round  15/50: acc=0.9154  f1m=0.9152  uplink_kB=131.3  t=0.84s
  round  16/50: acc=0.9169  f1m=0.9166  uplink_kB=131.3  t=0.76s
  round  17/50: acc=0.9166  f1m=0.9164  uplink_kB=131.3  t=0.82s
  round  18/50: acc=0.9154  f1m=0.9153  uplink_kB=131.3  t=0.84s
  round  19/50: acc=0.9148  f1m=0.9146  uplink_kB=131.3  t=0.83s
  round  20/50: acc=0.9232  f1m=0.9231  uplink_kB=131.3  t=0.83s
  round  21/50: acc=0.9215  f1m=0.9215  uplink_kB=131.3  t=0.84s
  round  22/50: acc=0.9211  f1m=0.9210  uplink_kB=131.3  t=0.80s
  round  23/50: acc=0.9217  f1m=0.9216  uplink_kB=131.3  t=0.79s
  round  24/50: acc=0.9219  f1m=0.9219  uplink_kB=131.3  t=0.82s
  round  25/50: acc=0.8973  f1m=0.8973  uplink_kB=131.3  t=0.84s
  round  26/50: acc=0.8934  f1m=0.8934  uplink_kB=131.3  t=0.83s
  round  27/50: acc=0.8950  f1m=0.8950  uplink_kB=131.3  t=0.76s
  round  28/50: acc=0.8958  f1m=0.8958  uplink_kB=131.3  t=0.87s
  round  29/50: acc=0.8987  f1m=0.8987  uplink_kB=131.3  t=0.83s
  round  30/50: acc=0.8942  f1m=0.8942  uplink_kB=131.3  t=0.81s
  round  31/50: acc=0.8948  f1m=0.8948  uplink_kB=131.3  t=0.83s
  round  32/50: acc=0.8997  f1m=0.8997  uplink_kB=131.3  t=0.85s
  round  33/50: acc=0.8943  f1m=0.8943  uplink_kB=131.3  t=0.81s
  round  34/50: acc=0.9070  f1m=0.9070  uplink_kB=131.3  t=0.79s
  round  35/50: acc=0.8951  f1m=0.8951  uplink_kB=131.3  t=0.84s
  round  36/50: acc=0.9065  f1m=0.9065  uplink_kB=131.3  t=0.83s
  round  37/50: acc=0.9045  f1m=0.9045  uplink_kB=131.3  t=0.87s
  round  38/50: acc=0.8939  f1m=0.8939  uplink_kB=131.3  t=0.86s
  round  39/50: acc=0.9036  f1m=0.9036  uplink_kB=131.3  t=0.81s
  round  40/50: acc=0.9070  f1m=0.9070  uplink_kB=131.3  t=0.84s
  round  41/50: acc=0.8914  f1m=0.8913  uplink_kB=131.3  t=0.82s
  round  42/50: acc=0.9042  f1m=0.9042  uplink_kB=131.3  t=0.75s
  round  43/50: acc=0.8956  f1m=0.8956  uplink_kB=131.3  t=0.83s
  round  44/50: acc=0.8947  f1m=0.8947  uplink_kB=131.3  t=0.86s
  round  45/50: acc=0.8965  f1m=0.8965  uplink_kB=131.3  t=0.86s
  round  46/50: acc=0.9072  f1m=0.9072  uplink_kB=131.3  t=0.81s
  round  47/50: acc=0.9048  f1m=0.9048  uplink_kB=131.3  t=0.79s
  round  48/50: acc=0.9224  f1m=0.9224  uplink_kB=131.3  t=0.84s
  round  49/50: acc=0.8966  f1m=0.8966  uplink_kB=131.3  t=0.82s
  round  50/50: acc=0.8991  f1m=0.8991  uplink_kB=131.3  t=0.83s
[run] DONE -> /Users/agentra/Documents/hao/working/paper-lab/hao-paper-2026/iotj-fedkan-ids/repo/results/lrsweep_cseciic/lrsweep_mlp80_lr0p01__dir0.1__seed103/metrics.json  final_acc=0.8991
