[run] device=cpu  seed=23  out=/Users/agentra/Documents/hao/working/paper-lab/hao-paper-2026/iotj-fedkan-ids/repo/results/lrsweep_cseciic_mc/lrsweep_kan8_lr0p03__dir0.1__seed23
[run] model=kan  params=4,320
  round   1/50: acc=0.4426  f1m=0.1682  uplink_kB=190.8  t=5.94s
  round   2/50: acc=0.5841  f1m=0.2722  uplink_kB=190.8  t=5.31s
  round   3/50: acc=0.6378  f1m=0.3673  uplink_kB=190.8  t=5.31s
  round   4/50: acc=0.7801  f1m=0.4258  uplink_kB=190.8  t=5.37s
  round   5/50: acc=0.8036  f1m=0.4622  uplink_kB=190.8  t=5.29s
  round   6/50: acc=0.8295  f1m=0.5099  uplink_kB=190.8  t=5.35s
  round   7/50: acc=0.8289  f1m=0.5639  uplink_kB=190.8  t=5.32s
  round   8/50: acc=0.8257  f1m=0.5394  uplink_kB=190.8  t=5.39s
  round   9/50: acc=0.6887  f1m=0.4784  uplink_kB=190.8  t=5.31s
  round  10/50: acc=0.8273  f1m=0.4906  uplink_kB=190.8  t=5.27s
  round  11/50: acc=0.6907  f1m=0.4750  uplink_kB=190.8  t=5.37s
  round  12/50: acc=0.8337  f1m=0.5458  uplink_kB=190.8  t=5.36s
  round  13/50: acc=0.7812  f1m=0.6156  uplink_kB=190.8  t=5.21s
  round  14/50: acc=0.8296  f1m=0.5596  uplink_kB=190.8  t=5.24s
  round  15/50: acc=0.7495  f1m=0.5164  uplink_kB=190.8  t=5.29s
  round  16/50: acc=0.8594  f1m=0.7063  uplink_kB=190.8  t=5.39s
  round  17/50: acc=0.7188  f1m=0.5520  uplink_kB=190.8  t=5.22s
  round  18/50: acc=0.8031  f1m=0.5757  uplink_kB=190.8  t=5.34s
  round  19/50: acc=0.8379  f1m=0.6203  uplink_kB=190.8  t=5.33s
  round  20/50: acc=0.8523  f1m=0.6334  uplink_kB=190.8  t=5.27s
  round  21/50: acc=0.8218  f1m=0.5610  uplink_kB=190.8  t=5.26s
  round  22/50: acc=0.8460  f1m=0.6250  uplink_kB=190.8  t=5.29s
  round  23/50: acc=0.8520  f1m=0.6613  uplink_kB=190.8  t=5.29s
  round  24/50: acc=0.8629  f1m=0.6554  uplink_kB=190.8  t=5.35s
  round  25/50: acc=0.8301  f1m=0.5857  uplink_kB=190.8  t=5.61s
  round  26/50: acc=0.8590  f1m=0.6562  uplink_kB=190.8  t=5.39s
  round  27/50: acc=0.8281  f1m=0.5816  uplink_kB=190.8  t=5.43s
  round  28/50: acc=0.8600  f1m=0.6245  uplink_kB=190.8  t=6.04s
  round  29/50: acc=0.8189  f1m=0.5507  uplink_kB=190.8  t=5.82s
  round  30/50: acc=0.8592  f1m=0.6612  uplink_kB=190.8  t=5.48s
  round  31/50: acc=0.8369  f1m=0.6195  uplink_kB=190.8  t=5.77s
  round  32/50: acc=0.8527  f1m=0.5888  uplink_kB=190.8  t=5.47s
  round  33/50: acc=0.7629  f1m=0.5197  uplink_kB=190.8  t=5.56s
  round  34/50: acc=0.8537  f1m=0.6388  uplink_kB=190.8  t=5.44s
  round  35/50: acc=0.8531  f1m=0.6551  uplink_kB=190.8  t=5.26s
  round  36/50: acc=0.8522  f1m=0.5820  uplink_kB=190.8  t=5.52s
  round  37/50: acc=0.8243  f1m=0.5855  uplink_kB=190.8  t=5.33s
  round  38/50: acc=0.8721  f1m=0.7206  uplink_kB=190.8  t=5.29s
  round  39/50: acc=0.8427  f1m=0.5798  uplink_kB=190.8  t=5.34s
  round  40/50: acc=0.8790  f1m=0.7404  uplink_kB=190.8  t=5.45s
  round  41/50: acc=0.8737  f1m=0.7010  uplink_kB=190.8  t=5.33s
  round  42/50: acc=0.8380  f1m=0.5865  uplink_kB=190.8  t=5.37s
  round  43/50: acc=0.8572  f1m=0.6695  uplink_kB=190.8  t=5.25s
  round  44/50: acc=0.8249  f1m=0.5846  uplink_kB=190.8  t=5.40s
  round  45/50: acc=0.8738  f1m=0.7334  uplink_kB=190.8  t=5.31s
  round  46/50: acc=0.8303  f1m=0.5701  uplink_kB=190.8  t=5.30s
  round  47/50: acc=0.8853  f1m=0.7511  uplink_kB=190.8  t=5.40s
  round  48/50: acc=0.8216  f1m=0.6063  uplink_kB=190.8  t=5.40s
  round  49/50: acc=0.8359  f1m=0.5736  uplink_kB=190.8  t=5.45s
  round  50/50: acc=0.7936  f1m=0.5463  uplink_kB=190.8  t=6.07s
[run] DONE -> /Users/agentra/Documents/hao/working/paper-lab/hao-paper-2026/iotj-fedkan-ids/repo/results/lrsweep_cseciic_mc/lrsweep_kan8_lr0p03__dir0.1__seed23/metrics.json  final_acc=0.7936
