[run] device=cpu  seed=23  out=/Users/agentra/Documents/hao/working/paper-lab/hao-paper-2026/iotj-fedkan-ids/repo/results/lrsweep_toniot/lrsweep_mlp32_lr0p03__dir0.1__seed23
[run] model=mlp  params=1,346
  round   1/50: acc=0.5000  f1m=0.3333  uplink_kB=52.6  t=1.21s
  round   2/50: acc=0.6989  f1m=0.6779  uplink_kB=52.6  t=0.66s
  round   3/50: acc=0.6095  f1m=0.5460  uplink_kB=52.6  t=0.66s
  round   4/50: acc=0.7192  f1m=0.7036  uplink_kB=52.6  t=0.65s
  round   5/50: acc=0.6318  f1m=0.5826  uplink_kB=52.6  t=0.63s
  round   6/50: acc=0.7354  f1m=0.7274  uplink_kB=52.6  t=0.66s
  round   7/50: acc=0.7530  f1m=0.7475  uplink_kB=52.6  t=0.64s
  round   8/50: acc=0.7349  f1m=0.7251  uplink_kB=52.6  t=0.67s
  round   9/50: acc=0.7399  f1m=0.7303  uplink_kB=52.6  t=0.65s
  round  10/50: acc=0.7451  f1m=0.7353  uplink_kB=52.6  t=0.64s
  round  11/50: acc=0.6905  f1m=0.6662  uplink_kB=52.6  t=0.60s
  round  12/50: acc=0.6921  f1m=0.6686  uplink_kB=52.6  t=0.64s
  round  13/50: acc=0.6767  f1m=0.6462  uplink_kB=52.6  t=0.66s
  round  14/50: acc=0.6581  f1m=0.6201  uplink_kB=52.6  t=0.66s
  round  15/50: acc=0.6335  f1m=0.5848  uplink_kB=52.6  t=0.64s
  round  16/50: acc=0.7349  f1m=0.7186  uplink_kB=52.6  t=0.68s
  round  17/50: acc=0.7491  f1m=0.7356  uplink_kB=52.6  t=0.66s
  round  18/50: acc=0.7411  f1m=0.7258  uplink_kB=52.6  t=0.59s
  round  19/50: acc=0.7412  f1m=0.7257  uplink_kB=52.6  t=0.66s
  round  20/50: acc=0.7292  f1m=0.7107  uplink_kB=52.6  t=0.67s
  round  21/50: acc=0.7365  f1m=0.7194  uplink_kB=52.6  t=0.65s
  round  22/50: acc=0.7180  f1m=0.6965  uplink_kB=52.6  t=0.66s
  round  23/50: acc=0.7472  f1m=0.7322  uplink_kB=52.6  t=0.67s
  round  24/50: acc=0.7666  f1m=0.7551  uplink_kB=52.6  t=0.66s
  round  25/50: acc=0.7723  f1m=0.7617  uplink_kB=52.6  t=0.62s
  round  26/50: acc=0.7668  f1m=0.7552  uplink_kB=52.6  t=0.66s
  round  27/50: acc=0.7731  f1m=0.7628  uplink_kB=52.6  t=0.68s
  round  28/50: acc=0.8158  f1m=0.8105  uplink_kB=52.6  t=0.63s
  round  29/50: acc=0.7809  f1m=0.7716  uplink_kB=52.6  t=0.68s
  round  30/50: acc=0.7772  f1m=0.7669  uplink_kB=52.6  t=0.63s
  round  31/50: acc=0.8044  f1m=0.7980  uplink_kB=52.6  t=0.62s
  round  32/50: acc=0.7990  f1m=0.7920  uplink_kB=52.6  t=0.66s
  round  33/50: acc=0.8248  f1m=0.8202  uplink_kB=52.6  t=0.66s
  round  34/50: acc=0.7727  f1m=0.7617  uplink_kB=52.6  t=0.66s
  round  35/50: acc=0.8331  f1m=0.8292  uplink_kB=52.6  t=0.65s
  round  36/50: acc=0.8828  f1m=0.8819  uplink_kB=52.6  t=0.66s
  round  37/50: acc=0.8184  f1m=0.8136  uplink_kB=52.6  t=0.60s
  round  38/50: acc=0.8192  f1m=0.8143  uplink_kB=52.6  t=0.65s
  round  39/50: acc=0.8211  f1m=0.8163  uplink_kB=52.6  t=0.64s
  round  40/50: acc=0.9000  f1m=0.8994  uplink_kB=52.6  t=0.64s
  round  41/50: acc=0.9100  f1m=0.9097  uplink_kB=52.6  t=0.66s
  round  42/50: acc=0.8994  f1m=0.8988  uplink_kB=52.6  t=0.64s
  round  43/50: acc=0.9130  f1m=0.9126  uplink_kB=52.6  t=0.65s
  round  44/50: acc=0.9061  f1m=0.9056  uplink_kB=52.6  t=0.59s
  round  45/50: acc=0.8741  f1m=0.8728  uplink_kB=52.6  t=0.67s
  round  46/50: acc=0.9117  f1m=0.9114  uplink_kB=52.6  t=0.63s
  round  47/50: acc=0.8870  f1m=0.8862  uplink_kB=52.6  t=0.65s
  round  48/50: acc=0.8944  f1m=0.8938  uplink_kB=52.6  t=0.66s
  round  49/50: acc=0.8814  f1m=0.8804  uplink_kB=52.6  t=0.65s
  round  50/50: acc=0.8925  f1m=0.8918  uplink_kB=52.6  t=0.63s
[run] DONE -> /Users/agentra/Documents/hao/working/paper-lab/hao-paper-2026/iotj-fedkan-ids/repo/results/lrsweep_toniot/lrsweep_mlp32_lr0p03__dir0.1__seed23/metrics.json  final_acc=0.8925
