[run] device=cpu  seed=31  out=/Users/agentra/Documents/hao/working/paper-lab/hao-paper-2026/iotj-fedkan-ids/repo/results/lrsweep_cseciic/lrsweep_mlp32_lr0p001__dir0.1__seed31
[run] model=mlp  params=1,346
  round   1/50: acc=0.7432  f1m=0.7317  uplink_kB=52.6  t=1.35s
  round   2/50: acc=0.8121  f1m=0.8086  uplink_kB=52.6  t=0.74s
  round   3/50: acc=0.8579  f1m=0.8568  uplink_kB=52.6  t=0.68s
  round   4/50: acc=0.8945  f1m=0.8942  uplink_kB=52.6  t=0.69s
  round   5/50: acc=0.8983  f1m=0.8981  uplink_kB=52.6  t=0.77s
  round   6/50: acc=0.9061  f1m=0.9060  uplink_kB=52.6  t=0.68s
  round   7/50: acc=0.9065  f1m=0.9063  uplink_kB=52.6  t=0.68s
  round   8/50: acc=0.9062  f1m=0.9061  uplink_kB=52.6  t=0.74s
  round   9/50: acc=0.9066  f1m=0.9065  uplink_kB=52.6  t=0.70s
  round  10/50: acc=0.8977  f1m=0.8975  uplink_kB=52.6  t=0.89s
  round  11/50: acc=0.9071  f1m=0.9070  uplink_kB=52.6  t=0.74s
  round  12/50: acc=0.9045  f1m=0.9043  uplink_kB=52.6  t=0.70s
  round  13/50: acc=0.8984  f1m=0.8982  uplink_kB=52.6  t=0.75s
  round  14/50: acc=0.8980  f1m=0.8978  uplink_kB=52.6  t=0.65s
  round  15/50: acc=0.8989  f1m=0.8987  uplink_kB=52.6  t=0.75s
  round  16/50: acc=0.8958  f1m=0.8955  uplink_kB=52.6  t=0.69s
  round  17/50: acc=0.8950  f1m=0.8948  uplink_kB=52.6  t=0.74s
  round  18/50: acc=0.8956  f1m=0.8954  uplink_kB=52.6  t=0.74s
  round  19/50: acc=0.8947  f1m=0.8945  uplink_kB=52.6  t=0.72s
  round  20/50: acc=0.8956  f1m=0.8954  uplink_kB=52.6  t=0.73s
  round  21/50: acc=0.8973  f1m=0.8971  uplink_kB=52.6  t=0.65s
  round  22/50: acc=0.8975  f1m=0.8973  uplink_kB=52.6  t=0.68s
  round  23/50: acc=0.9009  f1m=0.9006  uplink_kB=52.6  t=0.69s
  round  24/50: acc=0.9020  f1m=0.9017  uplink_kB=52.6  t=0.73s
  round  25/50: acc=0.9022  f1m=0.9020  uplink_kB=52.6  t=0.70s
  round  26/50: acc=0.9008  f1m=0.9005  uplink_kB=52.6  t=0.70s
  round  27/50: acc=0.9024  f1m=0.9022  uplink_kB=52.6  t=0.72s
  round  28/50: acc=0.9021  f1m=0.9018  uplink_kB=52.6  t=0.66s
  round  29/50: acc=0.9043  f1m=0.9041  uplink_kB=52.6  t=0.66s
  round  30/50: acc=0.9060  f1m=0.9058  uplink_kB=52.6  t=0.72s
  round  31/50: acc=0.9050  f1m=0.9048  uplink_kB=52.6  t=0.69s
  round  32/50: acc=0.9049  f1m=0.9047  uplink_kB=52.6  t=0.74s
  round  33/50: acc=0.9042  f1m=0.9039  uplink_kB=52.6  t=0.74s
  round  34/50: acc=0.9039  f1m=0.9036  uplink_kB=52.6  t=0.69s
  round  35/50: acc=0.9033  f1m=0.9030  uplink_kB=52.6  t=0.71s
  round  36/50: acc=0.9066  f1m=0.9064  uplink_kB=52.6  t=0.67s
  round  37/50: acc=0.9066  f1m=0.9064  uplink_kB=52.6  t=0.63s
  round  38/50: acc=0.9067  f1m=0.9065  uplink_kB=52.6  t=0.69s
  round  39/50: acc=0.9081  f1m=0.9079  uplink_kB=52.6  t=0.71s
  round  40/50: acc=0.9092  f1m=0.9090  uplink_kB=52.6  t=0.71s
  round  41/50: acc=0.9087  f1m=0.9085  uplink_kB=52.6  t=0.74s
  round  42/50: acc=0.9098  f1m=0.9097  uplink_kB=52.6  t=0.69s
  round  43/50: acc=0.9097  f1m=0.9095  uplink_kB=52.6  t=0.69s
  round  44/50: acc=0.9119  f1m=0.9117  uplink_kB=52.6  t=0.70s
  round  45/50: acc=0.9098  f1m=0.9097  uplink_kB=52.6  t=0.68s
  round  46/50: acc=0.9090  f1m=0.9088  uplink_kB=52.6  t=0.71s
  round  47/50: acc=0.9123  f1m=0.9122  uplink_kB=52.6  t=0.69s
  round  48/50: acc=0.9120  f1m=0.9119  uplink_kB=52.6  t=0.71s
  round  49/50: acc=0.9191  f1m=0.9190  uplink_kB=52.6  t=0.73s
  round  50/50: acc=0.9244  f1m=0.9243  uplink_kB=52.6  t=0.69s
[run] DONE -> /Users/agentra/Documents/hao/working/paper-lab/hao-paper-2026/iotj-fedkan-ids/repo/results/lrsweep_cseciic/lrsweep_mlp32_lr0p001__dir0.1__seed31/metrics.json  final_acc=0.9244
