[run] device=cpu  seed=42  out=/Users/agentra/Documents/hao/working/paper-lab/hao-paper-2026/iotj-fedkan-ids/repo/results/lrsweep_cseciic/lrsweep_kan8_lr0p01__dir0.1__seed42
[run] model=kan  params=3,280
  round   1/50: acc=0.5000  f1m=0.3333  uplink_kB=150.2  t=2.26s
  round   2/50: acc=0.5986  f1m=0.5215  uplink_kB=150.2  t=1.63s
  round   3/50: acc=0.7693  f1m=0.7564  uplink_kB=150.2  t=1.63s
  round   4/50: acc=0.8344  f1m=0.8299  uplink_kB=150.2  t=1.69s
  round   5/50: acc=0.9038  f1m=0.9030  uplink_kB=150.2  t=1.57s
  round   6/50: acc=0.9161  f1m=0.9156  uplink_kB=150.2  t=1.63s
  round   7/50: acc=0.9188  f1m=0.9184  uplink_kB=150.2  t=1.64s
  round   8/50: acc=0.9199  f1m=0.9195  uplink_kB=150.2  t=1.64s
  round   9/50: acc=0.9212  f1m=0.9207  uplink_kB=150.2  t=1.60s
  round  10/50: acc=0.9138  f1m=0.9132  uplink_kB=150.2  t=1.61s
  round  11/50: acc=0.9135  f1m=0.9129  uplink_kB=150.2  t=1.64s
  round  12/50: acc=0.9136  f1m=0.9130  uplink_kB=150.2  t=1.61s
  round  13/50: acc=0.9146  f1m=0.9140  uplink_kB=150.2  t=1.56s
  round  14/50: acc=0.9138  f1m=0.9132  uplink_kB=150.2  t=1.60s
  round  15/50: acc=0.9317  f1m=0.9315  uplink_kB=150.2  t=1.58s
  round  16/50: acc=0.9317  f1m=0.9314  uplink_kB=150.2  t=1.63s
  round  17/50: acc=0.9310  f1m=0.9308  uplink_kB=150.2  t=1.64s
  round  18/50: acc=0.9233  f1m=0.9229  uplink_kB=150.2  t=1.62s
  round  19/50: acc=0.9279  f1m=0.9277  uplink_kB=150.2  t=1.57s
  round  20/50: acc=0.9286  f1m=0.9284  uplink_kB=150.2  t=1.63s
  round  21/50: acc=0.9286  f1m=0.9283  uplink_kB=150.2  t=1.60s
  round  22/50: acc=0.9255  f1m=0.9252  uplink_kB=150.2  t=1.65s
  round  23/50: acc=0.9477  f1m=0.9477  uplink_kB=150.2  t=1.64s
  round  24/50: acc=0.9290  f1m=0.9288  uplink_kB=150.2  t=1.62s
  round  25/50: acc=0.9505  f1m=0.9504  uplink_kB=150.2  t=1.59s
  round  26/50: acc=0.9331  f1m=0.9329  uplink_kB=150.2  t=1.63s
  round  27/50: acc=0.9535  f1m=0.9535  uplink_kB=150.2  t=1.64s
  round  28/50: acc=0.9556  f1m=0.9556  uplink_kB=150.2  t=1.62s
  round  29/50: acc=0.9609  f1m=0.9609  uplink_kB=150.2  t=1.59s
  round  30/50: acc=0.9551  f1m=0.9550  uplink_kB=150.2  t=1.58s
  round  31/50: acc=0.9569  f1m=0.9569  uplink_kB=150.2  t=1.62s
  round  32/50: acc=0.9625  f1m=0.9624  uplink_kB=150.2  t=1.62s
  round  33/50: acc=0.9574  f1m=0.9574  uplink_kB=150.2  t=1.61s
  round  34/50: acc=0.9633  f1m=0.9633  uplink_kB=150.2  t=1.56s
  round  35/50: acc=0.7517  f1m=0.7357  uplink_kB=150.2  t=1.63s
  round  36/50: acc=0.8854  f1m=0.8839  uplink_kB=150.2  t=1.64s
  round  37/50: acc=0.9355  f1m=0.9353  uplink_kB=150.2  t=1.61s
  round  38/50: acc=0.9392  f1m=0.9390  uplink_kB=150.2  t=1.61s
  round  39/50: acc=0.9384  f1m=0.9382  uplink_kB=150.2  t=1.62s
  round  40/50: acc=0.9598  f1m=0.9598  uplink_kB=150.2  t=1.56s
  round  41/50: acc=0.9619  f1m=0.9619  uplink_kB=150.2  t=1.59s
  round  42/50: acc=0.9403  f1m=0.9401  uplink_kB=150.2  t=1.63s
  round  43/50: acc=0.9401  f1m=0.9399  uplink_kB=150.2  t=1.67s
  round  44/50: acc=0.9626  f1m=0.9626  uplink_kB=150.2  t=1.69s
  round  45/50: acc=0.9620  f1m=0.9620  uplink_kB=150.2  t=2.05s
  round  46/50: acc=0.9609  f1m=0.9608  uplink_kB=150.2  t=1.69s
  round  47/50: acc=0.9458  f1m=0.9457  uplink_kB=150.2  t=1.60s
  round  48/50: acc=0.9523  f1m=0.9522  uplink_kB=150.2  t=1.67s
  round  49/50: acc=0.9602  f1m=0.9602  uplink_kB=150.2  t=1.63s
  round  50/50: acc=0.9504  f1m=0.9502  uplink_kB=150.2  t=1.61s
[run] DONE -> /Users/agentra/Documents/hao/working/paper-lab/hao-paper-2026/iotj-fedkan-ids/repo/results/lrsweep_cseciic/lrsweep_kan8_lr0p01__dir0.1__seed42/metrics.json  final_acc=0.9504
