[run] device=cpu  seed=29  out=/Users/agentra/Documents/hao/working/paper-lab/hao-paper-2026/iotj-fedkan-ids/repo/results/lrsweep_cseciic/lrsweep_kan8_lr0p01__dir0.1__seed29
[run] model=kan  params=3,280
  round   1/50: acc=0.7849  f1m=0.7784  uplink_kB=150.2  t=2.12s
  round   2/50: acc=0.9049  f1m=0.9049  uplink_kB=150.2  t=1.54s
  round   3/50: acc=0.8313  f1m=0.8284  uplink_kB=150.2  t=1.61s
  round   4/50: acc=0.9139  f1m=0.9138  uplink_kB=150.2  t=1.63s
  round   5/50: acc=0.9007  f1m=0.9004  uplink_kB=150.2  t=1.55s
  round   6/50: acc=0.7631  f1m=0.7533  uplink_kB=150.2  t=1.59s
  round   7/50: acc=0.9010  f1m=0.9008  uplink_kB=150.2  t=1.64s
  round   8/50: acc=0.8475  f1m=0.8459  uplink_kB=150.2  t=1.61s
  round   9/50: acc=0.9027  f1m=0.9025  uplink_kB=150.2  t=1.63s
  round  10/50: acc=0.8782  f1m=0.8774  uplink_kB=150.2  t=1.62s
  round  11/50: acc=0.9299  f1m=0.9299  uplink_kB=150.2  t=1.62s
  round  12/50: acc=0.8466  f1m=0.8447  uplink_kB=150.2  t=1.69s
  round  13/50: acc=0.9079  f1m=0.9078  uplink_kB=150.2  t=1.86s
  round  14/50: acc=0.9275  f1m=0.9275  uplink_kB=150.2  t=1.73s
  round  15/50: acc=0.8827  f1m=0.8821  uplink_kB=150.2  t=1.70s
  round  16/50: acc=0.9295  f1m=0.9295  uplink_kB=150.2  t=1.59s
  round  17/50: acc=0.8944  f1m=0.8940  uplink_kB=150.2  t=1.65s
  round  18/50: acc=0.8931  f1m=0.8926  uplink_kB=150.2  t=1.59s
  round  19/50: acc=0.8655  f1m=0.8643  uplink_kB=150.2  t=1.56s
  round  20/50: acc=0.9405  f1m=0.9405  uplink_kB=150.2  t=1.60s
  round  21/50: acc=0.9152  f1m=0.9150  uplink_kB=150.2  t=1.58s
  round  22/50: acc=0.9347  f1m=0.9346  uplink_kB=150.2  t=1.61s
  round  23/50: acc=0.9528  f1m=0.9528  uplink_kB=150.2  t=1.62s
  round  24/50: acc=0.9571  f1m=0.9571  uplink_kB=150.2  t=1.63s
  round  25/50: acc=0.9436  f1m=0.9435  uplink_kB=150.2  t=1.56s
  round  26/50: acc=0.9449  f1m=0.9449  uplink_kB=150.2  t=1.60s
  round  27/50: acc=0.9657  f1m=0.9656  uplink_kB=150.2  t=1.62s
  round  28/50: acc=0.9720  f1m=0.9720  uplink_kB=150.2  t=1.64s
  round  29/50: acc=0.9489  f1m=0.9489  uplink_kB=150.2  t=1.62s
  round  30/50: acc=0.9647  f1m=0.9647  uplink_kB=150.2  t=1.58s
  round  31/50: acc=0.9541  f1m=0.9541  uplink_kB=150.2  t=1.62s
  round  32/50: acc=0.9625  f1m=0.9625  uplink_kB=150.2  t=1.57s
  round  33/50: acc=0.9571  f1m=0.9571  uplink_kB=150.2  t=1.60s
  round  34/50: acc=0.9136  f1m=0.9134  uplink_kB=150.2  t=1.61s
  round  35/50: acc=0.9447  f1m=0.9447  uplink_kB=150.2  t=1.62s
  round  36/50: acc=0.9302  f1m=0.9301  uplink_kB=150.2  t=1.60s
  round  37/50: acc=0.9367  f1m=0.9367  uplink_kB=150.2  t=1.63s
  round  38/50: acc=0.9438  f1m=0.9438  uplink_kB=150.2  t=1.61s
  round  39/50: acc=0.9632  f1m=0.9632  uplink_kB=150.2  t=1.60s
  round  40/50: acc=0.9533  f1m=0.9533  uplink_kB=150.2  t=1.62s
  round  41/50: acc=0.9620  f1m=0.9620  uplink_kB=150.2  t=1.61s
  round  42/50: acc=0.9652  f1m=0.9652  uplink_kB=150.2  t=1.60s
  round  43/50: acc=0.9619  f1m=0.9619  uplink_kB=150.2  t=1.65s
  round  44/50: acc=0.9599  f1m=0.9599  uplink_kB=150.2  t=1.61s
  round  45/50: acc=0.9618  f1m=0.9618  uplink_kB=150.2  t=1.63s
  round  46/50: acc=0.9622  f1m=0.9622  uplink_kB=150.2  t=1.55s
  round  47/50: acc=0.9682  f1m=0.9682  uplink_kB=150.2  t=1.64s
  round  48/50: acc=0.9523  f1m=0.9523  uplink_kB=150.2  t=1.63s
  round  49/50: acc=0.9671  f1m=0.9671  uplink_kB=150.2  t=1.61s
  round  50/50: acc=0.9516  f1m=0.9516  uplink_kB=150.2  t=1.53s
[run] DONE -> /Users/agentra/Documents/hao/working/paper-lab/hao-paper-2026/iotj-fedkan-ids/repo/results/lrsweep_cseciic/lrsweep_kan8_lr0p01__dir0.1__seed29/metrics.json  final_acc=0.9516
