[run] device=cpu  seed=2024  out=/Users/agentra/Documents/hao/working/paper-lab/hao-paper-2026/iotj-fedkan-ids/repo/results/sensitivity_botiot/sens_h32__dir0.1__seed2024
[run] model=kan  params=13,120
  round   1/50: acc=0.5015  f1m=0.3348  uplink_kB=545.8  t=3.36s
  round   2/50: acc=0.6367  f1m=0.5807  uplink_kB=545.8  t=2.28s
  round   3/50: acc=0.6673  f1m=0.6254  uplink_kB=545.8  t=2.25s
  round   4/50: acc=0.6767  f1m=0.6386  uplink_kB=545.8  t=2.16s
  round   5/50: acc=0.6780  f1m=0.6404  uplink_kB=545.8  t=2.14s
  round   6/50: acc=0.6795  f1m=0.6425  uplink_kB=545.8  t=2.16s
  round   7/50: acc=0.6811  f1m=0.6446  uplink_kB=545.8  t=2.10s
  round   8/50: acc=0.7607  f1m=0.7460  uplink_kB=545.8  t=2.10s
  round   9/50: acc=0.7717  f1m=0.7590  uplink_kB=545.8  t=2.11s
  round  10/50: acc=0.7804  f1m=0.7691  uplink_kB=545.8  t=2.27s
  round  11/50: acc=0.7868  f1m=0.7765  uplink_kB=545.8  t=2.14s
  round  12/50: acc=0.7902  f1m=0.7805  uplink_kB=545.8  t=2.08s
  round  13/50: acc=0.7909  f1m=0.7812  uplink_kB=545.8  t=2.17s
  round  14/50: acc=0.8020  f1m=0.7938  uplink_kB=545.8  t=2.13s
  round  15/50: acc=0.8037  f1m=0.7957  uplink_kB=545.8  t=2.17s
  round  16/50: acc=0.7984  f1m=0.7897  uplink_kB=545.8  t=2.10s
  round  17/50: acc=0.8001  f1m=0.7917  uplink_kB=545.8  t=2.16s
  round  18/50: acc=0.8904  f1m=0.8899  uplink_kB=545.8  t=2.17s
  round  19/50: acc=0.8929  f1m=0.8925  uplink_kB=545.8  t=2.08s
  round  20/50: acc=0.8363  f1m=0.8317  uplink_kB=545.8  t=2.19s
  round  21/50: acc=0.8953  f1m=0.8949  uplink_kB=545.8  t=2.13s
  round  22/50: acc=0.8987  f1m=0.8984  uplink_kB=545.8  t=2.12s
  round  23/50: acc=0.8968  f1m=0.8965  uplink_kB=545.8  t=2.12s
  round  24/50: acc=0.8973  f1m=0.8970  uplink_kB=545.8  t=2.13s
  round  25/50: acc=0.9035  f1m=0.9033  uplink_kB=545.8  t=2.11s
  round  26/50: acc=0.9495  f1m=0.9495  uplink_kB=545.8  t=2.10s
  round  27/50: acc=0.9335  f1m=0.9334  uplink_kB=545.8  t=1.61s
  round  28/50: acc=0.9498  f1m=0.9498  uplink_kB=545.8  t=1.66s
  round  29/50: acc=0.9570  f1m=0.9570  uplink_kB=545.8  t=1.60s
  round  30/50: acc=0.9583  f1m=0.9583  uplink_kB=545.8  t=1.64s
  round  31/50: acc=0.9584  f1m=0.9584  uplink_kB=545.8  t=1.63s
  round  32/50: acc=0.9582  f1m=0.9582  uplink_kB=545.8  t=1.59s
  round  33/50: acc=0.9590  f1m=0.9590  uplink_kB=545.8  t=1.71s
  round  34/50: acc=0.9596  f1m=0.9596  uplink_kB=545.8  t=1.59s
  round  35/50: acc=0.9594  f1m=0.9594  uplink_kB=545.8  t=1.62s
  round  36/50: acc=0.9593  f1m=0.9593  uplink_kB=545.8  t=1.57s
  round  37/50: acc=0.9590  f1m=0.9590  uplink_kB=545.8  t=1.58s
  round  38/50: acc=0.9592  f1m=0.9592  uplink_kB=545.8  t=1.58s
  round  39/50: acc=0.9556  f1m=0.9556  uplink_kB=545.8  t=1.62s
  round  40/50: acc=0.9599  f1m=0.9599  uplink_kB=545.8  t=1.54s
  round  41/50: acc=0.9599  f1m=0.9599  uplink_kB=545.8  t=1.58s
  round  42/50: acc=0.9608  f1m=0.9608  uplink_kB=545.8  t=1.67s
  round  43/50: acc=0.9606  f1m=0.9606  uplink_kB=545.8  t=1.57s
  round  44/50: acc=0.9489  f1m=0.9488  uplink_kB=545.8  t=1.61s
  round  45/50: acc=0.9592  f1m=0.9592  uplink_kB=545.8  t=1.63s
  round  46/50: acc=0.9589  f1m=0.9589  uplink_kB=545.8  t=1.58s
  round  47/50: acc=0.9597  f1m=0.9597  uplink_kB=545.8  t=1.54s
  round  48/50: acc=0.9592  f1m=0.9592  uplink_kB=545.8  t=1.61s
  round  49/50: acc=0.9598  f1m=0.9598  uplink_kB=545.8  t=1.58s
  round  50/50: acc=0.9601  f1m=0.9601  uplink_kB=545.8  t=1.58s
[run] DONE -> /Users/agentra/Documents/hao/working/paper-lab/hao-paper-2026/iotj-fedkan-ids/repo/results/sensitivity_botiot/sens_h32__dir0.1__seed2024/metrics.json  final_acc=0.9601
