[run] device=cpu  seed=29  out=/Users/agentra/Documents/hao/working/paper-lab/hao-paper-2026/iotj-fedkan-ids/repo/results/lrsweep_cseciic/lrsweep_kan8_lr0p001__dir0.1__seed29
[run] model=kan  params=3,280
  round   1/50: acc=0.5897  f1m=0.5069  uplink_kB=150.2  t=2.46s
  round   2/50: acc=0.9127  f1m=0.9125  uplink_kB=150.2  t=1.67s
  round   3/50: acc=0.9172  f1m=0.9171  uplink_kB=150.2  t=1.68s
  round   4/50: acc=0.9193  f1m=0.9192  uplink_kB=150.2  t=1.70s
  round   5/50: acc=0.9208  f1m=0.9207  uplink_kB=150.2  t=1.63s
  round   6/50: acc=0.9220  f1m=0.9219  uplink_kB=150.2  t=1.83s
  round   7/50: acc=0.9203  f1m=0.9203  uplink_kB=150.2  t=1.81s
  round   8/50: acc=0.9112  f1m=0.9112  uplink_kB=150.2  t=1.72s
  round   9/50: acc=0.9061  f1m=0.9061  uplink_kB=150.2  t=1.68s
  round  10/50: acc=0.9062  f1m=0.9062  uplink_kB=150.2  t=1.71s
  round  11/50: acc=0.9062  f1m=0.9062  uplink_kB=150.2  t=1.74s
  round  12/50: acc=0.9061  f1m=0.9061  uplink_kB=150.2  t=1.64s
  round  13/50: acc=0.9066  f1m=0.9066  uplink_kB=150.2  t=1.77s
  round  14/50: acc=0.9070  f1m=0.9070  uplink_kB=150.2  t=1.70s
  round  15/50: acc=0.9073  f1m=0.9073  uplink_kB=150.2  t=1.65s
  round  16/50: acc=0.9075  f1m=0.9075  uplink_kB=150.2  t=1.74s
  round  17/50: acc=0.9077  f1m=0.9077  uplink_kB=150.2  t=1.72s
  round  18/50: acc=0.9081  f1m=0.9081  uplink_kB=150.2  t=1.72s
  round  19/50: acc=0.9088  f1m=0.9088  uplink_kB=150.2  t=1.61s
  round  20/50: acc=0.9093  f1m=0.9092  uplink_kB=150.2  t=1.70s
  round  21/50: acc=0.9092  f1m=0.9092  uplink_kB=150.2  t=1.73s
  round  22/50: acc=0.9092  f1m=0.9092  uplink_kB=150.2  t=1.70s
  round  23/50: acc=0.9105  f1m=0.9105  uplink_kB=150.2  t=1.69s
  round  24/50: acc=0.9292  f1m=0.9292  uplink_kB=150.2  t=1.70s
  round  25/50: acc=0.9293  f1m=0.9293  uplink_kB=150.2  t=1.71s
  round  26/50: acc=0.9286  f1m=0.9286  uplink_kB=150.2  t=1.86s
  round  27/50: acc=0.9287  f1m=0.9286  uplink_kB=150.2  t=1.82s
  round  28/50: acc=0.9295  f1m=0.9294  uplink_kB=150.2  t=1.82s
  round  29/50: acc=0.9287  f1m=0.9287  uplink_kB=150.2  t=1.70s
  round  30/50: acc=0.9295  f1m=0.9295  uplink_kB=150.2  t=1.86s
  round  31/50: acc=0.9283  f1m=0.9283  uplink_kB=150.2  t=1.78s
  round  32/50: acc=0.9294  f1m=0.9294  uplink_kB=150.2  t=1.63s
  round  33/50: acc=0.9257  f1m=0.9256  uplink_kB=150.2  t=1.69s
  round  34/50: acc=0.9221  f1m=0.9220  uplink_kB=150.2  t=1.67s
  round  35/50: acc=0.9217  f1m=0.9217  uplink_kB=150.2  t=1.69s
  round  36/50: acc=0.9213  f1m=0.9212  uplink_kB=150.2  t=1.68s
  round  37/50: acc=0.9226  f1m=0.9225  uplink_kB=150.2  t=1.69s
  round  38/50: acc=0.9226  f1m=0.9225  uplink_kB=150.2  t=1.61s
  round  39/50: acc=0.9244  f1m=0.9244  uplink_kB=150.2  t=1.70s
  round  40/50: acc=0.9252  f1m=0.9251  uplink_kB=150.2  t=1.68s
  round  41/50: acc=0.9258  f1m=0.9258  uplink_kB=150.2  t=1.67s
  round  42/50: acc=0.9286  f1m=0.9285  uplink_kB=150.2  t=1.67s
  round  43/50: acc=0.9255  f1m=0.9254  uplink_kB=150.2  t=1.69s
  round  44/50: acc=0.9298  f1m=0.9298  uplink_kB=150.2  t=1.70s
  round  45/50: acc=0.9288  f1m=0.9287  uplink_kB=150.2  t=1.69s
  round  46/50: acc=0.9337  f1m=0.9337  uplink_kB=150.2  t=1.65s
  round  47/50: acc=0.9339  f1m=0.9339  uplink_kB=150.2  t=1.67s
  round  48/50: acc=0.9383  f1m=0.9383  uplink_kB=150.2  t=1.70s
  round  49/50: acc=0.9401  f1m=0.9401  uplink_kB=150.2  t=1.55s
  round  50/50: acc=0.9413  f1m=0.9413  uplink_kB=150.2  t=1.62s
[run] DONE -> /Users/agentra/Documents/hao/working/paper-lab/hao-paper-2026/iotj-fedkan-ids/repo/results/lrsweep_cseciic/lrsweep_kan8_lr0p001__dir0.1__seed29/metrics.json  final_acc=0.9413
