[run] device=cpu  seed=31  out=/Users/agentra/Documents/hao/working/paper-lab/hao-paper-2026/iotj-fedkan-ids/repo/results/sensitivity_botiot/sens_k4__dir0.1__seed31
[run] model=kan  params=3,608
  round   1/50: acc=0.6742  f1m=0.6378  uplink_kB=166.6  t=2.94s
  round   2/50: acc=0.9293  f1m=0.9293  uplink_kB=166.6  t=2.07s
  round   3/50: acc=0.9300  f1m=0.9300  uplink_kB=166.6  t=2.08s
  round   4/50: acc=0.9298  f1m=0.9298  uplink_kB=166.6  t=2.13s
  round   5/50: acc=0.9304  f1m=0.9304  uplink_kB=166.6  t=2.02s
  round   6/50: acc=0.9368  f1m=0.9368  uplink_kB=166.6  t=2.04s
  round   7/50: acc=0.9298  f1m=0.9298  uplink_kB=166.6  t=2.03s
  round   8/50: acc=0.9368  f1m=0.9368  uplink_kB=166.6  t=2.11s
  round   9/50: acc=0.9407  f1m=0.9407  uplink_kB=166.6  t=2.16s
  round  10/50: acc=0.9485  f1m=0.9485  uplink_kB=166.6  t=2.06s
  round  11/50: acc=0.9659  f1m=0.9659  uplink_kB=166.6  t=2.12s
  round  12/50: acc=0.9667  f1m=0.9667  uplink_kB=166.6  t=2.02s
  round  13/50: acc=0.9667  f1m=0.9667  uplink_kB=166.6  t=2.05s
  round  14/50: acc=0.9668  f1m=0.9668  uplink_kB=166.6  t=2.11s
  round  15/50: acc=0.9667  f1m=0.9667  uplink_kB=166.6  t=2.09s
  round  16/50: acc=0.9670  f1m=0.9670  uplink_kB=166.6  t=2.05s
  round  17/50: acc=0.9676  f1m=0.9676  uplink_kB=166.6  t=2.07s
  round  18/50: acc=0.9699  f1m=0.9699  uplink_kB=166.6  t=2.02s
  round  19/50: acc=0.9697  f1m=0.9697  uplink_kB=166.6  t=2.03s
  round  20/50: acc=0.9688  f1m=0.9688  uplink_kB=166.6  t=2.06s
  round  21/50: acc=0.9699  f1m=0.9699  uplink_kB=166.6  t=2.06s
  round  22/50: acc=0.9691  f1m=0.9691  uplink_kB=166.6  t=2.05s
  round  23/50: acc=0.9691  f1m=0.9691  uplink_kB=166.6  t=2.09s
  round  24/50: acc=0.9699  f1m=0.9699  uplink_kB=166.6  t=2.03s
  round  25/50: acc=0.9698  f1m=0.9698  uplink_kB=166.6  t=2.08s
  round  26/50: acc=0.9698  f1m=0.9698  uplink_kB=166.6  t=2.02s
  round  27/50: acc=0.9699  f1m=0.9699  uplink_kB=166.6  t=1.98s
  round  28/50: acc=0.9699  f1m=0.9699  uplink_kB=166.6  t=2.00s
  round  29/50: acc=0.9699  f1m=0.9698  uplink_kB=166.6  t=2.11s
  round  30/50: acc=0.9699  f1m=0.9699  uplink_kB=166.6  t=2.11s
  round  31/50: acc=0.9698  f1m=0.9698  uplink_kB=166.6  t=2.02s
  round  32/50: acc=0.9716  f1m=0.9716  uplink_kB=166.6  t=2.03s
  round  33/50: acc=0.9695  f1m=0.9695  uplink_kB=166.6  t=2.10s
  round  34/50: acc=0.9701  f1m=0.9700  uplink_kB=166.6  t=2.05s
  round  35/50: acc=0.9701  f1m=0.9700  uplink_kB=166.6  t=2.06s
  round  36/50: acc=0.9701  f1m=0.9701  uplink_kB=166.6  t=2.03s
  round  37/50: acc=0.9722  f1m=0.9722  uplink_kB=166.6  t=2.07s
  round  38/50: acc=0.9724  f1m=0.9723  uplink_kB=166.6  t=2.07s
  round  39/50: acc=0.9700  f1m=0.9700  uplink_kB=166.6  t=2.03s
  round  40/50: acc=0.9713  f1m=0.9713  uplink_kB=166.6  t=1.98s
  round  41/50: acc=0.9703  f1m=0.9703  uplink_kB=166.6  t=1.94s
  round  42/50: acc=0.9719  f1m=0.9719  uplink_kB=166.6  t=2.10s
  round  43/50: acc=0.9705  f1m=0.9705  uplink_kB=166.6  t=2.15s
  round  44/50: acc=0.9726  f1m=0.9725  uplink_kB=166.6  t=2.24s
  round  45/50: acc=0.9723  f1m=0.9723  uplink_kB=166.6  t=2.08s
  round  46/50: acc=0.9726  f1m=0.9726  uplink_kB=166.6  t=2.07s
  round  47/50: acc=0.9729  f1m=0.9729  uplink_kB=166.6  t=2.01s
  round  48/50: acc=0.9726  f1m=0.9726  uplink_kB=166.6  t=2.08s
  round  49/50: acc=0.9726  f1m=0.9725  uplink_kB=166.6  t=2.11s
  round  50/50: acc=0.9723  f1m=0.9723  uplink_kB=166.6  t=2.08s
[run] DONE -> /Users/agentra/Documents/hao/working/paper-lab/hao-paper-2026/iotj-fedkan-ids/repo/results/sensitivity_botiot/sens_k4__dir0.1__seed31/metrics.json  final_acc=0.9723
