[run] device=cpu  seed=43  out=/Users/agentra/Documents/hao/working/paper-lab/hao-paper-2026/iotj-fedkan-ids/repo/results/lrsweep_toniot/lrsweep_kan8_lr0p0003__dir0.1__seed43
[run] model=kan  params=3,280
  round   1/50: acc=0.4987  f1m=0.3329  uplink_kB=150.2  t=2.25s
  round   2/50: acc=0.5000  f1m=0.3333  uplink_kB=150.2  t=1.61s
  round   3/50: acc=0.5000  f1m=0.3333  uplink_kB=150.2  t=1.65s
  round   4/50: acc=0.5000  f1m=0.3333  uplink_kB=150.2  t=1.67s
  round   5/50: acc=0.5000  f1m=0.3333  uplink_kB=150.2  t=1.68s
  round   6/50: acc=0.5000  f1m=0.3333  uplink_kB=150.2  t=1.61s
  round   7/50: acc=0.5000  f1m=0.3333  uplink_kB=150.2  t=1.64s
  round   8/50: acc=0.5000  f1m=0.3333  uplink_kB=150.2  t=1.65s
  round   9/50: acc=0.5000  f1m=0.3333  uplink_kB=150.2  t=1.60s
  round  10/50: acc=0.5000  f1m=0.3333  uplink_kB=150.2  t=1.68s
  round  11/50: acc=0.5000  f1m=0.3333  uplink_kB=150.2  t=1.65s
  round  12/50: acc=0.5000  f1m=0.3333  uplink_kB=150.2  t=1.62s
  round  13/50: acc=0.5000  f1m=0.3333  uplink_kB=150.2  t=1.59s
  round  14/50: acc=0.5000  f1m=0.3333  uplink_kB=150.2  t=1.69s
  round  15/50: acc=0.5000  f1m=0.3333  uplink_kB=150.2  t=1.66s
  round  16/50: acc=0.5000  f1m=0.3335  uplink_kB=150.2  t=1.72s
  round  17/50: acc=0.5005  f1m=0.3347  uplink_kB=150.2  t=1.62s
  round  18/50: acc=0.5017  f1m=0.3374  uplink_kB=150.2  t=1.68s
  round  19/50: acc=0.5097  f1m=0.3549  uplink_kB=150.2  t=1.67s
  round  20/50: acc=0.5124  f1m=0.3610  uplink_kB=150.2  t=1.65s
  round  21/50: acc=0.5132  f1m=0.3636  uplink_kB=150.2  t=1.73s
  round  22/50: acc=0.5148  f1m=0.3681  uplink_kB=150.2  t=1.58s
  round  23/50: acc=0.5227  f1m=0.3850  uplink_kB=150.2  t=1.70s
  round  24/50: acc=0.5338  f1m=0.4093  uplink_kB=150.2  t=1.61s
  round  25/50: acc=0.5467  f1m=0.4379  uplink_kB=150.2  t=1.64s
  round  26/50: acc=0.5762  f1m=0.4957  uplink_kB=150.2  t=1.67s
  round  27/50: acc=0.5831  f1m=0.5117  uplink_kB=150.2  t=1.66s
  round  28/50: acc=0.5898  f1m=0.5235  uplink_kB=150.2  t=1.64s
  round  29/50: acc=0.5944  f1m=0.5316  uplink_kB=150.2  t=1.67s
  round  30/50: acc=0.6000  f1m=0.5424  uplink_kB=150.2  t=1.67s
  round  31/50: acc=0.6066  f1m=0.5534  uplink_kB=150.2  t=1.60s
  round  32/50: acc=0.6089  f1m=0.5575  uplink_kB=150.2  t=1.69s
  round  33/50: acc=0.6092  f1m=0.5584  uplink_kB=150.2  t=1.67s
  round  34/50: acc=0.6099  f1m=0.5601  uplink_kB=150.2  t=1.67s
  round  35/50: acc=0.6138  f1m=0.5663  uplink_kB=150.2  t=1.58s
  round  36/50: acc=0.6164  f1m=0.5720  uplink_kB=150.2  t=1.61s
  round  37/50: acc=0.6155  f1m=0.5738  uplink_kB=150.2  t=1.65s
  round  38/50: acc=0.6150  f1m=0.5748  uplink_kB=150.2  t=1.66s
  round  39/50: acc=0.6146  f1m=0.5767  uplink_kB=150.2  t=1.68s
  round  40/50: acc=0.6166  f1m=0.5800  uplink_kB=150.2  t=1.71s
  round  41/50: acc=0.6194  f1m=0.5841  uplink_kB=150.2  t=1.67s
  round  42/50: acc=0.6244  f1m=0.5915  uplink_kB=150.2  t=1.63s
  round  43/50: acc=0.6258  f1m=0.5935  uplink_kB=150.2  t=1.61s
  round  44/50: acc=0.6308  f1m=0.6006  uplink_kB=150.2  t=1.66s
  round  45/50: acc=0.6353  f1m=0.6068  uplink_kB=150.2  t=1.64s
  round  46/50: acc=0.6592  f1m=0.6376  uplink_kB=150.2  t=1.66s
  round  47/50: acc=0.6742  f1m=0.6567  uplink_kB=150.2  t=1.67s
  round  48/50: acc=0.6768  f1m=0.6612  uplink_kB=150.2  t=1.64s
  round  49/50: acc=0.6787  f1m=0.6639  uplink_kB=150.2  t=1.57s
  round  50/50: acc=0.6803  f1m=0.6664  uplink_kB=150.2  t=1.69s
[run] DONE -> /Users/agentra/Documents/hao/working/paper-lab/hao-paper-2026/iotj-fedkan-ids/repo/results/lrsweep_toniot/lrsweep_kan8_lr0p0003__dir0.1__seed43/metrics.json  final_acc=0.6803
