[run] device=cpu  seed=11  out=/Users/agentra/Documents/hao/working/paper-lab/hao-paper-2026/iotj-fedkan-ids/repo/results/lrsweep_cseciic_mc50k/lrsweep_kan8_lr0p0003__dir0.1__seed11
[run] model=kan  params=4,320
  round   1/50: acc=0.0008  f1m=0.0028  uplink_kB=190.8  t=3.31s
  round   2/50: acc=0.0120  f1m=0.0098  uplink_kB=190.8  t=2.65s
  round   3/50: acc=0.0414  f1m=0.0271  uplink_kB=190.8  t=2.64s
  round   4/50: acc=0.0896  f1m=0.0498  uplink_kB=190.8  t=2.53s
  round   5/50: acc=0.0961  f1m=0.0522  uplink_kB=190.8  t=2.65s
  round   6/50: acc=0.1390  f1m=0.0699  uplink_kB=190.8  t=2.44s
  round   7/50: acc=0.1564  f1m=0.0742  uplink_kB=190.8  t=2.60s
  round   8/50: acc=0.1685  f1m=0.0749  uplink_kB=190.8  t=2.62s
  round   9/50: acc=0.1830  f1m=0.0791  uplink_kB=190.8  t=2.57s
  round  10/50: acc=0.1991  f1m=0.0822  uplink_kB=190.8  t=2.76s
  round  11/50: acc=0.2046  f1m=0.0801  uplink_kB=190.8  t=2.52s
  round  12/50: acc=0.2049  f1m=0.0789  uplink_kB=190.8  t=2.66s
  round  13/50: acc=0.1994  f1m=0.0782  uplink_kB=190.8  t=2.68s
  round  14/50: acc=0.2356  f1m=0.0953  uplink_kB=190.8  t=2.66s
  round  15/50: acc=0.2896  f1m=0.1168  uplink_kB=190.8  t=2.65s
  round  16/50: acc=0.2884  f1m=0.1157  uplink_kB=190.8  t=2.69s
  round  17/50: acc=0.2943  f1m=0.1161  uplink_kB=190.8  t=2.58s
  round  18/50: acc=0.3425  f1m=0.1529  uplink_kB=190.8  t=2.72s
  round  19/50: acc=0.3444  f1m=0.1535  uplink_kB=190.8  t=2.56s
  round  20/50: acc=0.3486  f1m=0.1550  uplink_kB=190.8  t=2.65s
  round  21/50: acc=0.3526  f1m=0.1562  uplink_kB=190.8  t=2.52s
  round  22/50: acc=0.3554  f1m=0.1577  uplink_kB=190.8  t=2.72s
  round  23/50: acc=0.3600  f1m=0.1599  uplink_kB=190.8  t=2.57s
  round  24/50: acc=0.3512  f1m=0.1546  uplink_kB=190.8  t=2.65s
  round  25/50: acc=0.3099  f1m=0.1135  uplink_kB=190.8  t=2.56s
  round  26/50: acc=0.3135  f1m=0.1132  uplink_kB=190.8  t=2.75s
  round  27/50: acc=0.3251  f1m=0.1143  uplink_kB=190.8  t=2.58s
  round  28/50: acc=0.3334  f1m=0.1170  uplink_kB=190.8  t=2.74s
  round  29/50: acc=0.3419  f1m=0.1192  uplink_kB=190.8  t=2.53s
  round  30/50: acc=0.4150  f1m=0.1770  uplink_kB=190.8  t=2.68s
  round  31/50: acc=0.4268  f1m=0.1876  uplink_kB=190.8  t=2.61s
  round  32/50: acc=0.4336  f1m=0.2011  uplink_kB=190.8  t=2.68s
  round  33/50: acc=0.4140  f1m=0.1911  uplink_kB=190.8  t=2.58s
  round  34/50: acc=0.4039  f1m=0.1856  uplink_kB=190.8  t=2.65s
  round  35/50: acc=0.4089  f1m=0.1879  uplink_kB=190.8  t=2.77s
  round  36/50: acc=0.4172  f1m=0.1916  uplink_kB=190.8  t=3.21s
  round  37/50: acc=0.4110  f1m=0.1876  uplink_kB=190.8  t=3.03s
  round  38/50: acc=0.4024  f1m=0.1821  uplink_kB=190.8  t=3.13s
  round  39/50: acc=0.3938  f1m=0.1762  uplink_kB=190.8  t=3.08s
  round  40/50: acc=0.3847  f1m=0.1696  uplink_kB=190.8  t=3.09s
  round  41/50: acc=0.3765  f1m=0.1630  uplink_kB=190.8  t=3.07s
  round  42/50: acc=0.3706  f1m=0.1549  uplink_kB=190.8  t=3.11s
  round  43/50: acc=0.3674  f1m=0.1520  uplink_kB=190.8  t=3.27s
  round  44/50: acc=0.3636  f1m=0.1482  uplink_kB=190.8  t=3.81s
  round  45/50: acc=0.3725  f1m=0.1473  uplink_kB=190.8  t=2.83s
  round  46/50: acc=0.3702  f1m=0.1440  uplink_kB=190.8  t=2.95s
  round  47/50: acc=0.3716  f1m=0.1457  uplink_kB=190.8  t=2.77s
  round  48/50: acc=0.3731  f1m=0.1469  uplink_kB=190.8  t=2.92s
  round  49/50: acc=0.3740  f1m=0.1475  uplink_kB=190.8  t=2.79s
  round  50/50: acc=0.3754  f1m=0.1477  uplink_kB=190.8  t=3.01s
[run] DONE -> /Users/agentra/Documents/hao/working/paper-lab/hao-paper-2026/iotj-fedkan-ids/repo/results/lrsweep_cseciic_mc50k/lrsweep_kan8_lr0p0003__dir0.1__seed11/metrics.json  final_acc=0.3754
