[run] device=cpu  seed=37  out=/Users/agentra/Documents/hao/working/paper-lab/hao-paper-2026/iotj-fedkan-ids/repo/results/lrsweep_cseciic_mc50k/lrsweep_mlp80_lr0p03__dir0.1__seed37
[run] model=mlp  params=4,415
  round   1/50: acc=0.3110  f1m=0.1456  uplink_kB=172.5  t=1.74s
  round   2/50: acc=0.5750  f1m=0.2733  uplink_kB=172.5  t=1.03s
  round   3/50: acc=0.6407  f1m=0.3465  uplink_kB=172.5  t=1.09s
  round   4/50: acc=0.6696  f1m=0.3719  uplink_kB=172.5  t=1.02s
  round   5/50: acc=0.6261  f1m=0.3453  uplink_kB=172.5  t=1.17s
  round   6/50: acc=0.7198  f1m=0.4047  uplink_kB=172.5  t=1.12s
  round   7/50: acc=0.6022  f1m=0.3300  uplink_kB=172.5  t=1.25s
  round   8/50: acc=0.7713  f1m=0.4828  uplink_kB=172.5  t=1.08s
  round   9/50: acc=0.6179  f1m=0.3417  uplink_kB=172.5  t=1.14s
  round  10/50: acc=0.8071  f1m=0.5449  uplink_kB=172.5  t=1.09s
  round  11/50: acc=0.7089  f1m=0.4019  uplink_kB=172.5  t=1.15s
  round  12/50: acc=0.7327  f1m=0.4433  uplink_kB=172.5  t=1.11s
  round  13/50: acc=0.7157  f1m=0.4395  uplink_kB=172.5  t=1.13s
  round  14/50: acc=0.7929  f1m=0.4886  uplink_kB=172.5  t=1.09s
  round  15/50: acc=0.6840  f1m=0.4406  uplink_kB=172.5  t=1.19s
  round  16/50: acc=0.7988  f1m=0.5417  uplink_kB=172.5  t=1.10s
  round  17/50: acc=0.6819  f1m=0.4160  uplink_kB=172.5  t=1.14s
  round  18/50: acc=0.7511  f1m=0.4890  uplink_kB=172.5  t=1.15s
  round  19/50: acc=0.8039  f1m=0.5824  uplink_kB=172.5  t=1.18s
  round  20/50: acc=0.7676  f1m=0.5158  uplink_kB=172.5  t=1.18s
  round  21/50: acc=0.8001  f1m=0.5640  uplink_kB=172.5  t=1.12s
  round  22/50: acc=0.7527  f1m=0.4904  uplink_kB=172.5  t=1.20s
  round  23/50: acc=0.7706  f1m=0.5030  uplink_kB=172.5  t=1.14s
  round  24/50: acc=0.8163  f1m=0.5880  uplink_kB=172.5  t=1.18s
  round  25/50: acc=0.7702  f1m=0.5210  uplink_kB=172.5  t=1.12s
  round  26/50: acc=0.8155  f1m=0.5907  uplink_kB=172.5  t=1.17s
  round  27/50: acc=0.8094  f1m=0.5866  uplink_kB=172.5  t=1.09s
  round  28/50: acc=0.7778  f1m=0.5028  uplink_kB=172.5  t=1.36s
  round  29/50: acc=0.8147  f1m=0.5864  uplink_kB=172.5  t=1.47s
  round  30/50: acc=0.7793  f1m=0.5069  uplink_kB=172.5  t=1.45s
  round  31/50: acc=0.7664  f1m=0.5260  uplink_kB=172.5  t=1.50s
  round  32/50: acc=0.8069  f1m=0.5752  uplink_kB=172.5  t=1.17s
  round  33/50: acc=0.7666  f1m=0.5287  uplink_kB=172.5  t=1.29s
  round  34/50: acc=0.7704  f1m=0.4987  uplink_kB=172.5  t=1.20s
  round  35/50: acc=0.7871  f1m=0.5525  uplink_kB=172.5  t=1.18s
  round  36/50: acc=0.7866  f1m=0.5191  uplink_kB=172.5  t=1.11s
  round  37/50: acc=0.8462  f1m=0.6400  uplink_kB=172.5  t=1.15s
  round  38/50: acc=0.8180  f1m=0.5994  uplink_kB=172.5  t=1.06s
  round  39/50: acc=0.8123  f1m=0.6062  uplink_kB=172.5  t=1.11s
  round  40/50: acc=0.8236  f1m=0.6089  uplink_kB=172.5  t=1.02s
  round  41/50: acc=0.7726  f1m=0.5307  uplink_kB=172.5  t=1.11s
  round  42/50: acc=0.7678  f1m=0.5014  uplink_kB=172.5  t=1.08s
  round  43/50: acc=0.7665  f1m=0.5148  uplink_kB=172.5  t=1.09s
  round  44/50: acc=0.8104  f1m=0.5811  uplink_kB=172.5  t=1.06s
  round  45/50: acc=0.7846  f1m=0.5511  uplink_kB=172.5  t=1.11s
  round  46/50: acc=0.7872  f1m=0.5207  uplink_kB=172.5  t=1.10s
  round  47/50: acc=0.7800  f1m=0.5447  uplink_kB=172.5  t=1.03s
  round  48/50: acc=0.7876  f1m=0.5207  uplink_kB=172.5  t=1.10s
  round  49/50: acc=0.7752  f1m=0.5385  uplink_kB=172.5  t=1.08s
  round  50/50: acc=0.7925  f1m=0.5274  uplink_kB=172.5  t=1.15s
[run] DONE -> /Users/agentra/Documents/hao/working/paper-lab/hao-paper-2026/iotj-fedkan-ids/repo/results/lrsweep_cseciic_mc50k/lrsweep_mlp80_lr0p03__dir0.1__seed37/metrics.json  final_acc=0.7925
