[run] device=cpu  seed=11  out=/Users/agentra/Documents/hao/working/paper-lab/hao-paper-2026/iotj-fedkan-ids/repo/results/lrsweep_cseciic_mc50k/lrsweep_mlp32_lr0p003__dir0.1__seed11
[run] model=mlp  params=1,775
  round   1/50: acc=0.1662  f1m=0.0435  uplink_kB=69.3  t=1.59s
  round   2/50: acc=0.2184  f1m=0.0556  uplink_kB=69.3  t=1.03s
  round   3/50: acc=0.2418  f1m=0.0716  uplink_kB=69.3  t=1.03s
  round   4/50: acc=0.3761  f1m=0.1526  uplink_kB=69.3  t=0.98s
  round   5/50: acc=0.4943  f1m=0.2233  uplink_kB=69.3  t=1.04s
  round   6/50: acc=0.4986  f1m=0.2319  uplink_kB=69.3  t=1.02s
  round   7/50: acc=0.5378  f1m=0.3419  uplink_kB=69.3  t=1.07s
  round   8/50: acc=0.6593  f1m=0.4317  uplink_kB=69.3  t=1.04s
  round   9/50: acc=0.6439  f1m=0.4249  uplink_kB=69.3  t=1.03s
  round  10/50: acc=0.6477  f1m=0.4664  uplink_kB=69.3  t=1.01s
  round  11/50: acc=0.6236  f1m=0.4501  uplink_kB=69.3  t=1.05s
  round  12/50: acc=0.6404  f1m=0.4760  uplink_kB=69.3  t=1.01s
  round  13/50: acc=0.6639  f1m=0.4928  uplink_kB=69.3  t=1.04s
  round  14/50: acc=0.6884  f1m=0.5072  uplink_kB=69.3  t=1.01s
  round  15/50: acc=0.6913  f1m=0.5111  uplink_kB=69.3  t=1.03s
  round  16/50: acc=0.6911  f1m=0.5097  uplink_kB=69.3  t=0.98s
  round  17/50: acc=0.6941  f1m=0.5129  uplink_kB=69.3  t=1.07s
  round  18/50: acc=0.6948  f1m=0.5138  uplink_kB=69.3  t=0.99s
  round  19/50: acc=0.6999  f1m=0.5217  uplink_kB=69.3  t=1.05s
  round  20/50: acc=0.7019  f1m=0.5232  uplink_kB=69.3  t=1.03s
  round  21/50: acc=0.7077  f1m=0.5309  uplink_kB=69.3  t=1.04s
  round  22/50: acc=0.7092  f1m=0.5339  uplink_kB=69.3  t=1.03s
  round  23/50: acc=0.7147  f1m=0.5409  uplink_kB=69.3  t=1.06s
  round  24/50: acc=0.7181  f1m=0.5444  uplink_kB=69.3  t=0.97s
  round  25/50: acc=0.7194  f1m=0.5461  uplink_kB=69.3  t=1.11s
  round  26/50: acc=0.7224  f1m=0.5496  uplink_kB=69.3  t=1.01s
  round  27/50: acc=0.7231  f1m=0.5502  uplink_kB=69.3  t=1.07s
  round  28/50: acc=0.7306  f1m=0.5575  uplink_kB=69.3  t=1.02s
  round  29/50: acc=0.7334  f1m=0.5601  uplink_kB=69.3  t=1.08s
  round  30/50: acc=0.7344  f1m=0.5609  uplink_kB=69.3  t=1.06s
  round  31/50: acc=0.7278  f1m=0.5556  uplink_kB=69.3  t=1.00s
  round  32/50: acc=0.7359  f1m=0.5631  uplink_kB=69.3  t=1.01s
  round  33/50: acc=0.7366  f1m=0.5634  uplink_kB=69.3  t=0.97s
  round  34/50: acc=0.7363  f1m=0.5611  uplink_kB=69.3  t=1.04s
  round  35/50: acc=0.7370  f1m=0.5636  uplink_kB=69.3  t=0.95s
  round  36/50: acc=0.7403  f1m=0.5573  uplink_kB=69.3  t=1.04s
  round  37/50: acc=0.7423  f1m=0.5662  uplink_kB=69.3  t=0.99s
  round  38/50: acc=0.7393  f1m=0.5520  uplink_kB=69.3  t=1.06s
  round  39/50: acc=0.7455  f1m=0.5675  uplink_kB=69.3  t=0.98s
  round  40/50: acc=0.7444  f1m=0.5605  uplink_kB=69.3  t=1.10s
  round  41/50: acc=0.7477  f1m=0.5719  uplink_kB=69.3  t=1.00s
  round  42/50: acc=0.7463  f1m=0.5705  uplink_kB=69.3  t=1.07s
  round  43/50: acc=0.7489  f1m=0.5744  uplink_kB=69.3  t=1.01s
  round  44/50: acc=0.7477  f1m=0.5727  uplink_kB=69.3  t=1.01s
  round  45/50: acc=0.7475  f1m=0.5706  uplink_kB=69.3  t=0.99s
  round  46/50: acc=0.7566  f1m=0.5783  uplink_kB=69.3  t=1.05s
  round  47/50: acc=0.7484  f1m=0.5736  uplink_kB=69.3  t=1.02s
  round  48/50: acc=0.7497  f1m=0.5719  uplink_kB=69.3  t=1.05s
  round  49/50: acc=0.7581  f1m=0.5776  uplink_kB=69.3  t=1.01s
  round  50/50: acc=0.7504  f1m=0.5741  uplink_kB=69.3  t=1.04s
[run] DONE -> /Users/agentra/Documents/hao/working/paper-lab/hao-paper-2026/iotj-fedkan-ids/repo/results/lrsweep_cseciic_mc50k/lrsweep_mlp32_lr0p003__dir0.1__seed11/metrics.json  final_acc=0.7504
