[run] device=cpu  seed=43  out=/Users/agentra/Documents/hao/working/paper-lab/hao-paper-2026/iotj-fedkan-ids/repo/results/lrsweep_cseciic_mc/lrsweep_kan8_lr0p01__dir0.1__seed43
[run] model=kan  params=4,320
  round   1/50: acc=0.3218  f1m=0.1051  uplink_kB=190.8  t=6.29s
  round   2/50: acc=0.5746  f1m=0.2697  uplink_kB=190.8  t=5.65s
  round   3/50: acc=0.7314  f1m=0.3920  uplink_kB=190.8  t=5.54s
  round   4/50: acc=0.7568  f1m=0.4569  uplink_kB=190.8  t=5.55s
  round   5/50: acc=0.7773  f1m=0.4718  uplink_kB=190.8  t=5.54s
  round   6/50: acc=0.8052  f1m=0.5291  uplink_kB=190.8  t=5.80s
  round   7/50: acc=0.8193  f1m=0.5441  uplink_kB=190.8  t=5.45s
  round   8/50: acc=0.8238  f1m=0.5472  uplink_kB=190.8  t=5.44s
  round   9/50: acc=0.8487  f1m=0.5730  uplink_kB=190.8  t=5.52s
  round  10/50: acc=0.8523  f1m=0.6082  uplink_kB=190.8  t=5.42s
  round  11/50: acc=0.8538  f1m=0.6105  uplink_kB=190.8  t=5.37s
  round  12/50: acc=0.8530  f1m=0.6109  uplink_kB=190.8  t=5.43s
  round  13/50: acc=0.8532  f1m=0.6107  uplink_kB=190.8  t=5.92s
  round  14/50: acc=0.8566  f1m=0.6382  uplink_kB=190.8  t=5.56s
  round  15/50: acc=0.8528  f1m=0.5988  uplink_kB=190.8  t=5.47s
  round  16/50: acc=0.8517  f1m=0.5827  uplink_kB=190.8  t=5.41s
  round  17/50: acc=0.8612  f1m=0.6425  uplink_kB=190.8  t=5.40s
  round  18/50: acc=0.8600  f1m=0.6357  uplink_kB=190.8  t=5.38s
  round  19/50: acc=0.8552  f1m=0.6027  uplink_kB=190.8  t=5.34s
  round  20/50: acc=0.8576  f1m=0.6199  uplink_kB=190.8  t=5.43s
  round  21/50: acc=0.8641  f1m=0.6455  uplink_kB=190.8  t=5.76s
  round  22/50: acc=0.8642  f1m=0.6447  uplink_kB=190.8  t=5.59s
  round  23/50: acc=0.8607  f1m=0.6341  uplink_kB=190.8  t=5.41s
  round  24/50: acc=0.8651  f1m=0.6459  uplink_kB=190.8  t=5.54s
  round  25/50: acc=0.8646  f1m=0.6572  uplink_kB=190.8  t=5.39s
  round  26/50: acc=0.8644  f1m=0.6594  uplink_kB=190.8  t=5.49s
  round  27/50: acc=0.8612  f1m=0.6326  uplink_kB=190.8  t=5.50s
  round  28/50: acc=0.8654  f1m=0.6602  uplink_kB=190.8  t=5.42s
  round  29/50: acc=0.8620  f1m=0.6495  uplink_kB=190.8  t=5.51s
  round  30/50: acc=0.8653  f1m=0.6611  uplink_kB=190.8  t=5.49s
  round  31/50: acc=0.8651  f1m=0.6605  uplink_kB=190.8  t=5.52s
  round  32/50: acc=0.8654  f1m=0.6602  uplink_kB=190.8  t=5.42s
  round  33/50: acc=0.8648  f1m=0.6596  uplink_kB=190.8  t=5.42s
  round  34/50: acc=0.8640  f1m=0.6590  uplink_kB=190.8  t=5.41s
  round  35/50: acc=0.8613  f1m=0.6480  uplink_kB=190.8  t=5.66s
  round  36/50: acc=0.8640  f1m=0.6605  uplink_kB=190.8  t=5.53s
  round  37/50: acc=0.8634  f1m=0.6487  uplink_kB=190.8  t=5.38s
  round  38/50: acc=0.8618  f1m=0.6403  uplink_kB=190.8  t=5.40s
  round  39/50: acc=0.8399  f1m=0.6096  uplink_kB=190.8  t=5.51s
  round  40/50: acc=0.8608  f1m=0.6412  uplink_kB=190.8  t=5.38s
  round  41/50: acc=0.8622  f1m=0.6513  uplink_kB=190.8  t=5.42s
  round  42/50: acc=0.8621  f1m=0.6521  uplink_kB=190.8  t=5.43s
  round  43/50: acc=0.8612  f1m=0.6612  uplink_kB=190.8  t=5.44s
  round  44/50: acc=0.8715  f1m=0.7089  uplink_kB=190.8  t=5.44s
  round  45/50: acc=0.8382  f1m=0.6326  uplink_kB=190.8  t=5.36s
  round  46/50: acc=0.8808  f1m=0.7445  uplink_kB=190.8  t=5.29s
  round  47/50: acc=0.8622  f1m=0.6630  uplink_kB=190.8  t=5.78s
  round  48/50: acc=0.8336  f1m=0.5989  uplink_kB=190.8  t=5.56s
  round  49/50: acc=0.8652  f1m=0.6670  uplink_kB=190.8  t=5.28s
  round  50/50: acc=0.8651  f1m=0.6664  uplink_kB=190.8  t=5.25s
[run] DONE -> /Users/agentra/Documents/hao/working/paper-lab/hao-paper-2026/iotj-fedkan-ids/repo/results/lrsweep_cseciic_mc/lrsweep_kan8_lr0p01__dir0.1__seed43/metrics.json  final_acc=0.8651
