[run] device=cpu  seed=31  out=/Users/agentra/Documents/hao/working/paper-lab/hao-paper-2026/iotj-fedkan-ids/repo/results/sensitivity_botiot/sens_G3__dir0.1__seed31
[run] model=kan  params=2,624
  round   1/50: acc=0.9262  f1m=0.9262  uplink_kB=120.9  t=2.44s
  round   2/50: acc=0.8603  f1m=0.8593  uplink_kB=120.9  t=1.69s
  round   3/50: acc=0.9238  f1m=0.9238  uplink_kB=120.9  t=1.73s
  round   4/50: acc=0.9322  f1m=0.9322  uplink_kB=120.9  t=1.70s
  round   5/50: acc=0.9304  f1m=0.9304  uplink_kB=120.9  t=1.79s
  round   6/50: acc=0.9303  f1m=0.9303  uplink_kB=120.9  t=1.72s
  round   7/50: acc=0.9313  f1m=0.9313  uplink_kB=120.9  t=1.70s
  round   8/50: acc=0.9362  f1m=0.9362  uplink_kB=120.9  t=1.82s
  round   9/50: acc=0.9136  f1m=0.9135  uplink_kB=120.9  t=1.74s
  round  10/50: acc=0.9147  f1m=0.9146  uplink_kB=120.9  t=1.71s
  round  11/50: acc=0.9150  f1m=0.9149  uplink_kB=120.9  t=1.83s
  round  12/50: acc=0.9164  f1m=0.9163  uplink_kB=120.9  t=1.67s
  round  13/50: acc=0.9206  f1m=0.9205  uplink_kB=120.9  t=1.77s
  round  14/50: acc=0.9223  f1m=0.9223  uplink_kB=120.9  t=1.80s
  round  15/50: acc=0.9463  f1m=0.9463  uplink_kB=120.9  t=1.74s
  round  16/50: acc=0.9487  f1m=0.9487  uplink_kB=120.9  t=1.72s
  round  17/50: acc=0.9467  f1m=0.9467  uplink_kB=120.9  t=1.70s
  round  18/50: acc=0.9523  f1m=0.9523  uplink_kB=120.9  t=1.66s
  round  19/50: acc=0.9540  f1m=0.9540  uplink_kB=120.9  t=1.71s
  round  20/50: acc=0.9537  f1m=0.9537  uplink_kB=120.9  t=1.76s
  round  21/50: acc=0.9659  f1m=0.9659  uplink_kB=120.9  t=1.75s
  round  22/50: acc=0.9557  f1m=0.9557  uplink_kB=120.9  t=1.69s
  round  23/50: acc=0.9670  f1m=0.9670  uplink_kB=120.9  t=1.77s
  round  24/50: acc=0.9671  f1m=0.9671  uplink_kB=120.9  t=1.84s
  round  25/50: acc=0.9670  f1m=0.9670  uplink_kB=120.9  t=1.72s
  round  26/50: acc=0.9695  f1m=0.9695  uplink_kB=120.9  t=1.75s
  round  27/50: acc=0.9666  f1m=0.9666  uplink_kB=120.9  t=1.74s
  round  28/50: acc=0.9692  f1m=0.9692  uplink_kB=120.9  t=1.68s
  round  29/50: acc=0.9691  f1m=0.9691  uplink_kB=120.9  t=1.71s
  round  30/50: acc=0.9694  f1m=0.9693  uplink_kB=120.9  t=1.71s
  round  31/50: acc=0.9698  f1m=0.9698  uplink_kB=120.9  t=1.72s
  round  32/50: acc=0.9697  f1m=0.9697  uplink_kB=120.9  t=1.73s
  round  33/50: acc=0.9695  f1m=0.9695  uplink_kB=120.9  t=1.73s
  round  34/50: acc=0.9694  f1m=0.9694  uplink_kB=120.9  t=1.76s
  round  35/50: acc=0.9696  f1m=0.9696  uplink_kB=120.9  t=1.71s
  round  36/50: acc=0.9693  f1m=0.9693  uplink_kB=120.9  t=1.67s
  round  37/50: acc=0.9697  f1m=0.9697  uplink_kB=120.9  t=1.76s
  round  38/50: acc=0.9698  f1m=0.9698  uplink_kB=120.9  t=1.71s
  round  39/50: acc=0.9699  f1m=0.9699  uplink_kB=120.9  t=1.73s
  round  40/50: acc=0.9697  f1m=0.9697  uplink_kB=120.9  t=1.80s
  round  41/50: acc=0.9701  f1m=0.9701  uplink_kB=120.9  t=1.63s
  round  42/50: acc=0.9701  f1m=0.9701  uplink_kB=120.9  t=1.70s
  round  43/50: acc=0.9700  f1m=0.9700  uplink_kB=120.9  t=1.74s
  round  44/50: acc=0.9700  f1m=0.9700  uplink_kB=120.9  t=1.73s
  round  45/50: acc=0.9701  f1m=0.9701  uplink_kB=120.9  t=1.65s
  round  46/50: acc=0.9701  f1m=0.9701  uplink_kB=120.9  t=1.65s
  round  47/50: acc=0.9719  f1m=0.9719  uplink_kB=120.9  t=1.20s
  round  48/50: acc=0.9719  f1m=0.9719  uplink_kB=120.9  t=1.30s
  round  49/50: acc=0.9699  f1m=0.9698  uplink_kB=120.9  t=1.40s
  round  50/50: acc=0.9699  f1m=0.9699  uplink_kB=120.9  t=1.72s
[run] DONE -> /Users/agentra/Documents/hao/working/paper-lab/hao-paper-2026/iotj-fedkan-ids/repo/results/sensitivity_botiot/sens_G3__dir0.1__seed31/metrics.json  final_acc=0.9699
