[run] device=cpu  seed=29  out=/Users/agentra/Documents/hao/working/paper-lab/hao-paper-2026/iotj-fedkan-ids/repo/results/lrsweep_cseciic_mc/lrsweep_mlp80_lr0p001__dir0.1__seed29
[run] model=mlp  params=4,415
  round   1/50: acc=0.2357  f1m=0.0503  uplink_kB=172.5  t=2.92s
  round   2/50: acc=0.3847  f1m=0.1164  uplink_kB=172.5  t=2.27s
  round   3/50: acc=0.3980  f1m=0.1247  uplink_kB=172.5  t=2.20s
  round   4/50: acc=0.3984  f1m=0.1277  uplink_kB=172.5  t=2.35s
  round   5/50: acc=0.4008  f1m=0.1344  uplink_kB=172.5  t=2.16s
  round   6/50: acc=0.4038  f1m=0.1387  uplink_kB=172.5  t=2.17s
  round   7/50: acc=0.4365  f1m=0.2053  uplink_kB=172.5  t=2.12s
  round   8/50: acc=0.4436  f1m=0.2093  uplink_kB=172.5  t=2.19s
  round   9/50: acc=0.4476  f1m=0.2106  uplink_kB=172.5  t=2.15s
  round  10/50: acc=0.4572  f1m=0.2468  uplink_kB=172.5  t=2.13s
  round  11/50: acc=0.4856  f1m=0.3184  uplink_kB=172.5  t=2.14s
  round  12/50: acc=0.4885  f1m=0.3213  uplink_kB=172.5  t=2.20s
  round  13/50: acc=0.4901  f1m=0.3228  uplink_kB=172.5  t=2.15s
  round  14/50: acc=0.4927  f1m=0.3261  uplink_kB=172.5  t=2.16s
  round  15/50: acc=0.4954  f1m=0.3299  uplink_kB=172.5  t=2.16s
  round  16/50: acc=0.5013  f1m=0.3375  uplink_kB=172.5  t=2.13s
  round  17/50: acc=0.5046  f1m=0.3414  uplink_kB=172.5  t=2.14s
  round  18/50: acc=0.5053  f1m=0.3418  uplink_kB=172.5  t=2.12s
  round  19/50: acc=0.5058  f1m=0.3421  uplink_kB=172.5  t=2.20s
  round  20/50: acc=0.5058  f1m=0.3417  uplink_kB=172.5  t=2.13s
  round  21/50: acc=0.5061  f1m=0.3422  uplink_kB=172.5  t=2.21s
  round  22/50: acc=0.5088  f1m=0.3516  uplink_kB=172.5  t=2.19s
  round  23/50: acc=0.5090  f1m=0.3515  uplink_kB=172.5  t=2.24s
  round  24/50: acc=0.5094  f1m=0.3523  uplink_kB=172.5  t=2.17s
  round  25/50: acc=0.5109  f1m=0.3537  uplink_kB=172.5  t=2.19s
  round  26/50: acc=0.5107  f1m=0.3533  uplink_kB=172.5  t=2.14s
  round  27/50: acc=0.5113  f1m=0.3539  uplink_kB=172.5  t=2.19s
  round  28/50: acc=0.5118  f1m=0.3544  uplink_kB=172.5  t=2.13s
  round  29/50: acc=0.5121  f1m=0.3547  uplink_kB=172.5  t=2.10s
  round  30/50: acc=0.5129  f1m=0.3551  uplink_kB=172.5  t=2.16s
  round  31/50: acc=0.5137  f1m=0.3561  uplink_kB=172.5  t=2.16s
  round  32/50: acc=0.5181  f1m=0.3601  uplink_kB=172.5  t=2.16s
  round  33/50: acc=0.5227  f1m=0.3637  uplink_kB=172.5  t=2.18s
  round  34/50: acc=0.5228  f1m=0.3735  uplink_kB=172.5  t=2.21s
  round  35/50: acc=0.5260  f1m=0.3776  uplink_kB=172.5  t=2.23s
  round  36/50: acc=0.5607  f1m=0.4027  uplink_kB=172.5  t=2.16s
  round  37/50: acc=0.5629  f1m=0.4561  uplink_kB=172.5  t=2.13s
  round  38/50: acc=0.5727  f1m=0.4619  uplink_kB=172.5  t=2.13s
  round  39/50: acc=0.5844  f1m=0.4685  uplink_kB=172.5  t=2.21s
  round  40/50: acc=0.5844  f1m=0.4691  uplink_kB=172.5  t=2.12s
  round  41/50: acc=0.5983  f1m=0.4768  uplink_kB=172.5  t=2.11s
  round  42/50: acc=0.6085  f1m=0.4835  uplink_kB=172.5  t=2.11s
  round  43/50: acc=0.6086  f1m=0.4840  uplink_kB=172.5  t=2.18s
  round  44/50: acc=0.6087  f1m=0.4836  uplink_kB=172.5  t=2.15s
  round  45/50: acc=0.6088  f1m=0.4835  uplink_kB=172.5  t=2.13s
  round  46/50: acc=0.6093  f1m=0.4844  uplink_kB=172.5  t=2.14s
  round  47/50: acc=0.6095  f1m=0.4843  uplink_kB=172.5  t=2.10s
  round  48/50: acc=0.6098  f1m=0.4847  uplink_kB=172.5  t=2.18s
  round  49/50: acc=0.6109  f1m=0.4846  uplink_kB=172.5  t=2.27s
  round  50/50: acc=0.6111  f1m=0.4849  uplink_kB=172.5  t=2.26s
[run] DONE -> /Users/agentra/Documents/hao/working/paper-lab/hao-paper-2026/iotj-fedkan-ids/repo/results/lrsweep_cseciic_mc/lrsweep_mlp80_lr0p001__dir0.1__seed29/metrics.json  final_acc=0.6111
