[run] device=cpu  seed=23  out=/Users/agentra/Documents/hao/working/paper-lab/hao-paper-2026/iotj-fedkan-ids/repo/results/lrsweep_cseciic_mc/lrsweep_kan8_lr0p01__dir0.1__seed23
[run] model=kan  params=4,320
  round   1/50: acc=0.2965  f1m=0.1079  uplink_kB=190.8  t=5.90s
  round   2/50: acc=0.4937  f1m=0.2498  uplink_kB=190.8  t=5.33s
  round   3/50: acc=0.4911  f1m=0.2451  uplink_kB=190.8  t=5.36s
  round   4/50: acc=0.5910  f1m=0.3400  uplink_kB=190.8  t=5.34s
  round   5/50: acc=0.7738  f1m=0.4780  uplink_kB=190.8  t=5.35s
  round   6/50: acc=0.8350  f1m=0.5085  uplink_kB=190.8  t=5.33s
  round   7/50: acc=0.8464  f1m=0.5170  uplink_kB=190.8  t=5.31s
  round   8/50: acc=0.8555  f1m=0.5868  uplink_kB=190.8  t=5.31s
  round   9/50: acc=0.8608  f1m=0.6194  uplink_kB=190.8  t=5.23s
  round  10/50: acc=0.8619  f1m=0.6283  uplink_kB=190.8  t=5.30s
  round  11/50: acc=0.8767  f1m=0.6671  uplink_kB=190.8  t=5.26s
  round  12/50: acc=0.8721  f1m=0.6419  uplink_kB=190.8  t=5.35s
  round  13/50: acc=0.8717  f1m=0.6470  uplink_kB=190.8  t=5.35s
  round  14/50: acc=0.8687  f1m=0.6442  uplink_kB=190.8  t=5.28s
  round  15/50: acc=0.8793  f1m=0.6749  uplink_kB=190.8  t=5.34s
  round  16/50: acc=0.8609  f1m=0.6437  uplink_kB=190.8  t=5.41s
  round  17/50: acc=0.8716  f1m=0.6491  uplink_kB=190.8  t=5.35s
  round  18/50: acc=0.8613  f1m=0.6426  uplink_kB=190.8  t=5.35s
  round  19/50: acc=0.8618  f1m=0.6029  uplink_kB=190.8  t=5.31s
  round  20/50: acc=0.8695  f1m=0.6694  uplink_kB=190.8  t=5.29s
  round  21/50: acc=0.8692  f1m=0.6519  uplink_kB=190.8  t=5.23s
  round  22/50: acc=0.8818  f1m=0.6768  uplink_kB=190.8  t=5.36s
  round  23/50: acc=0.8611  f1m=0.5995  uplink_kB=190.8  t=5.38s
  round  24/50: acc=0.8512  f1m=0.5912  uplink_kB=190.8  t=5.38s
  round  25/50: acc=0.8660  f1m=0.6018  uplink_kB=190.8  t=5.42s
  round  26/50: acc=0.8643  f1m=0.6306  uplink_kB=190.8  t=5.42s
  round  27/50: acc=0.8648  f1m=0.5999  uplink_kB=190.8  t=5.49s
  round  28/50: acc=0.8723  f1m=0.6533  uplink_kB=190.8  t=5.42s
  round  29/50: acc=0.8721  f1m=0.6459  uplink_kB=190.8  t=5.47s
  round  30/50: acc=0.8824  f1m=0.6811  uplink_kB=190.8  t=5.33s
  round  31/50: acc=0.8684  f1m=0.6419  uplink_kB=190.8  t=5.37s
  round  32/50: acc=0.8763  f1m=0.6729  uplink_kB=190.8  t=5.31s
  round  33/50: acc=0.8638  f1m=0.6010  uplink_kB=190.8  t=5.40s
  round  34/50: acc=0.8628  f1m=0.6347  uplink_kB=190.8  t=5.59s
  round  35/50: acc=0.8658  f1m=0.6044  uplink_kB=190.8  t=5.31s
  round  36/50: acc=0.8737  f1m=0.6585  uplink_kB=190.8  t=5.44s
  round  37/50: acc=0.8644  f1m=0.6048  uplink_kB=190.8  t=5.60s
  round  38/50: acc=0.8477  f1m=0.5832  uplink_kB=190.8  t=5.47s
  round  39/50: acc=0.8653  f1m=0.6299  uplink_kB=190.8  t=5.40s
  round  40/50: acc=0.8761  f1m=0.6809  uplink_kB=190.8  t=5.42s
  round  41/50: acc=0.8789  f1m=0.7084  uplink_kB=190.8  t=5.49s
  round  42/50: acc=0.8717  f1m=0.6612  uplink_kB=190.8  t=5.56s
  round  43/50: acc=0.8727  f1m=0.6622  uplink_kB=190.8  t=5.44s
  round  44/50: acc=0.8527  f1m=0.6061  uplink_kB=190.8  t=5.47s
  round  45/50: acc=0.8719  f1m=0.6619  uplink_kB=190.8  t=5.43s
  round  46/50: acc=0.8622  f1m=0.6804  uplink_kB=190.8  t=5.34s
  round  47/50: acc=0.8712  f1m=0.6597  uplink_kB=190.8  t=5.42s
  round  48/50: acc=0.8733  f1m=0.7168  uplink_kB=190.8  t=5.23s
  round  49/50: acc=0.8614  f1m=0.6264  uplink_kB=190.8  t=5.59s
  round  50/50: acc=0.8522  f1m=0.6362  uplink_kB=190.8  t=5.36s
[run] DONE -> /Users/agentra/Documents/hao/working/paper-lab/hao-paper-2026/iotj-fedkan-ids/repo/results/lrsweep_cseciic_mc/lrsweep_kan8_lr0p01__dir0.1__seed23/metrics.json  final_acc=0.8522
