[run] device=cpu  seed=43  out=/Users/agentra/Documents/hao/working/paper-lab/hao-paper-2026/iotj-fedkan-ids/repo/results/mc_botiot/mc_mlp32_lr0p01__dir0.1__seed43
[run] model=mlp  params=1,445
  round   1/50: acc=0.4972  f1m=0.3069  uplink_kB=56.4  t=1.55s
  round   2/50: acc=0.6586  f1m=0.5176  uplink_kB=56.4  t=0.63s
  round   3/50: acc=0.8330  f1m=0.6702  uplink_kB=56.4  t=0.69s
  round   4/50: acc=0.8489  f1m=0.6820  uplink_kB=56.4  t=0.61s
  round   5/50: acc=0.8582  f1m=0.6902  uplink_kB=56.4  t=0.63s
  round   6/50: acc=0.8716  f1m=0.7016  uplink_kB=56.4  t=0.70s
  round   7/50: acc=0.8717  f1m=0.7018  uplink_kB=56.4  t=0.64s
  round   8/50: acc=0.8706  f1m=0.7012  uplink_kB=56.4  t=0.63s
  round   9/50: acc=0.8714  f1m=0.7018  uplink_kB=56.4  t=0.64s
  round  10/50: acc=0.8849  f1m=0.7129  uplink_kB=56.4  t=0.59s
  round  11/50: acc=0.8906  f1m=0.7177  uplink_kB=56.4  t=0.64s
  round  12/50: acc=0.8907  f1m=0.7178  uplink_kB=56.4  t=0.66s
  round  13/50: acc=0.8919  f1m=0.7186  uplink_kB=56.4  t=0.64s
  round  14/50: acc=0.8926  f1m=0.7193  uplink_kB=56.4  t=0.61s
  round  15/50: acc=0.8942  f1m=0.7206  uplink_kB=56.4  t=0.60s
  round  16/50: acc=0.8947  f1m=0.7212  uplink_kB=56.4  t=0.68s
  round  17/50: acc=0.9010  f1m=0.7260  uplink_kB=56.4  t=0.62s
  round  18/50: acc=0.9100  f1m=0.7326  uplink_kB=56.4  t=0.64s
  round  19/50: acc=0.9117  f1m=0.7340  uplink_kB=56.4  t=0.62s
  round  20/50: acc=0.9124  f1m=0.7347  uplink_kB=56.4  t=0.64s
  round  21/50: acc=0.9139  f1m=0.7359  uplink_kB=56.4  t=0.62s
  round  22/50: acc=0.9127  f1m=0.7349  uplink_kB=56.4  t=0.68s
  round  23/50: acc=0.9103  f1m=0.7330  uplink_kB=56.4  t=0.62s
  round  24/50: acc=0.9153  f1m=0.7371  uplink_kB=56.4  t=0.63s
  round  25/50: acc=0.9153  f1m=0.7371  uplink_kB=56.4  t=0.62s
  round  26/50: acc=0.9157  f1m=0.7374  uplink_kB=56.4  t=0.67s
  round  27/50: acc=0.9157  f1m=0.7374  uplink_kB=56.4  t=0.64s
  round  28/50: acc=0.9158  f1m=0.7375  uplink_kB=56.4  t=0.63s
  round  29/50: acc=0.9159  f1m=0.7376  uplink_kB=56.4  t=0.65s
  round  30/50: acc=0.9158  f1m=0.7375  uplink_kB=56.4  t=0.64s
  round  31/50: acc=0.9159  f1m=0.7376  uplink_kB=56.4  t=0.68s
  round  32/50: acc=0.9159  f1m=0.7376  uplink_kB=56.4  t=0.62s
  round  33/50: acc=0.9158  f1m=0.7376  uplink_kB=56.4  t=0.62s
  round  34/50: acc=0.9158  f1m=0.7375  uplink_kB=56.4  t=0.63s
  round  35/50: acc=0.9159  f1m=0.7376  uplink_kB=56.4  t=0.63s
  round  36/50: acc=0.9158  f1m=0.7376  uplink_kB=56.4  t=0.70s
  round  37/50: acc=0.9160  f1m=0.7377  uplink_kB=56.4  t=0.62s
  round  38/50: acc=0.9160  f1m=0.7377  uplink_kB=56.4  t=0.62s
  round  39/50: acc=0.9174  f1m=0.7387  uplink_kB=56.4  t=0.61s
  round  40/50: acc=0.9174  f1m=0.7387  uplink_kB=56.4  t=0.63s
  round  41/50: acc=0.9176  f1m=0.7389  uplink_kB=56.4  t=0.69s
  round  42/50: acc=0.9175  f1m=0.7388  uplink_kB=56.4  t=0.63s
  round  43/50: acc=0.9175  f1m=0.7388  uplink_kB=56.4  t=0.62s
  round  44/50: acc=0.9177  f1m=0.7389  uplink_kB=56.4  t=0.63s
  round  45/50: acc=0.9175  f1m=0.7388  uplink_kB=56.4  t=0.61s
  round  46/50: acc=0.9177  f1m=0.7389  uplink_kB=56.4  t=0.67s
  round  47/50: acc=0.9176  f1m=0.7389  uplink_kB=56.4  t=0.65s
  round  48/50: acc=0.9175  f1m=0.7388  uplink_kB=56.4  t=0.61s
  round  49/50: acc=0.9175  f1m=0.7388  uplink_kB=56.4  t=0.63s
  round  50/50: acc=0.9174  f1m=0.7387  uplink_kB=56.4  t=0.65s
[run] DONE -> /Users/agentra/Documents/hao/working/paper-lab/hao-paper-2026/iotj-fedkan-ids/repo/results/mc_botiot/mc_mlp32_lr0p01__dir0.1__seed43/metrics.json  final_acc=0.9174
