[run] device=cpu  seed=23  out=/Users/agentra/Documents/hao/working/paper-lab/hao-paper-2026/iotj-fedkan-ids/repo/results/lrsweep_botiot/lrsweep_kan16_lr0p0003__dir0.1__seed23
[run] model=kan  params=6,560
  round   1/50: acc=0.5028  f1m=0.3549  uplink_kB=282.0  t=2.50s
  round   2/50: acc=0.5041  f1m=0.3406  uplink_kB=282.0  t=1.99s
  round   3/50: acc=0.5011  f1m=0.3339  uplink_kB=282.0  t=1.88s
  round   4/50: acc=0.5011  f1m=0.3338  uplink_kB=282.0  t=1.85s
  round   5/50: acc=0.5011  f1m=0.3338  uplink_kB=282.0  t=1.86s
  round   6/50: acc=0.5011  f1m=0.3338  uplink_kB=282.0  t=1.94s
  round   7/50: acc=0.5011  f1m=0.3339  uplink_kB=282.0  t=1.92s
  round   8/50: acc=0.5013  f1m=0.3343  uplink_kB=282.0  t=1.96s
  round   9/50: acc=0.5015  f1m=0.3347  uplink_kB=282.0  t=1.91s
  round  10/50: acc=0.5015  f1m=0.3348  uplink_kB=282.0  t=1.94s
  round  11/50: acc=0.5015  f1m=0.3348  uplink_kB=282.0  t=2.25s
  round  12/50: acc=0.5018  f1m=0.3353  uplink_kB=282.0  t=1.82s
  round  13/50: acc=0.5039  f1m=0.3401  uplink_kB=282.0  t=1.93s
  round  14/50: acc=0.5740  f1m=0.4784  uplink_kB=282.0  t=1.91s
  round  15/50: acc=0.6523  f1m=0.6038  uplink_kB=282.0  t=1.93s
  round  16/50: acc=0.6782  f1m=0.6410  uplink_kB=282.0  t=1.93s
  round  17/50: acc=0.6995  f1m=0.6698  uplink_kB=282.0  t=1.94s
  round  18/50: acc=0.8601  f1m=0.8588  uplink_kB=282.0  t=1.90s
  round  19/50: acc=0.8823  f1m=0.8817  uplink_kB=282.0  t=1.80s
  round  20/50: acc=0.8873  f1m=0.8868  uplink_kB=282.0  t=1.87s
  round  21/50: acc=0.8991  f1m=0.8988  uplink_kB=282.0  t=1.93s
  round  22/50: acc=0.9012  f1m=0.9010  uplink_kB=282.0  t=2.00s
  round  23/50: acc=0.9056  f1m=0.9054  uplink_kB=282.0  t=2.12s
  round  24/50: acc=0.9368  f1m=0.9368  uplink_kB=282.0  t=2.23s
  round  25/50: acc=0.9350  f1m=0.9350  uplink_kB=282.0  t=2.18s
  round  26/50: acc=0.9323  f1m=0.9323  uplink_kB=282.0  t=2.21s
  round  27/50: acc=0.9327  f1m=0.9327  uplink_kB=282.0  t=2.09s
  round  28/50: acc=0.9330  f1m=0.9329  uplink_kB=282.0  t=2.14s
  round  29/50: acc=0.9335  f1m=0.9335  uplink_kB=282.0  t=2.08s
  round  30/50: acc=0.9340  f1m=0.9340  uplink_kB=282.0  t=2.17s
  round  31/50: acc=0.9289  f1m=0.9289  uplink_kB=282.0  t=2.11s
  round  32/50: acc=0.9291  f1m=0.9291  uplink_kB=282.0  t=2.08s
  round  33/50: acc=0.9292  f1m=0.9292  uplink_kB=282.0  t=2.11s
  round  34/50: acc=0.9293  f1m=0.9293  uplink_kB=282.0  t=2.04s
  round  35/50: acc=0.9293  f1m=0.9293  uplink_kB=282.0  t=2.17s
  round  36/50: acc=0.9297  f1m=0.9297  uplink_kB=282.0  t=2.03s
  round  37/50: acc=0.9299  f1m=0.9299  uplink_kB=282.0  t=1.90s
  round  38/50: acc=0.9301  f1m=0.9301  uplink_kB=282.0  t=1.88s
  round  39/50: acc=0.9303  f1m=0.9303  uplink_kB=282.0  t=1.91s
  round  40/50: acc=0.9305  f1m=0.9305  uplink_kB=282.0  t=1.88s
  round  41/50: acc=0.9306  f1m=0.9306  uplink_kB=282.0  t=1.91s
  round  42/50: acc=0.9307  f1m=0.9307  uplink_kB=282.0  t=2.06s
  round  43/50: acc=0.9309  f1m=0.9309  uplink_kB=282.0  t=2.15s
  round  44/50: acc=0.9311  f1m=0.9311  uplink_kB=282.0  t=2.11s
  round  45/50: acc=0.9313  f1m=0.9313  uplink_kB=282.0  t=2.29s
  round  46/50: acc=0.9371  f1m=0.9371  uplink_kB=282.0  t=2.12s
  round  47/50: acc=0.9374  f1m=0.9374  uplink_kB=282.0  t=2.00s
  round  48/50: acc=0.9377  f1m=0.9377  uplink_kB=282.0  t=2.09s
  round  49/50: acc=0.9378  f1m=0.9378  uplink_kB=282.0  t=2.08s
  round  50/50: acc=0.9380  f1m=0.9380  uplink_kB=282.0  t=2.15s
[run] DONE -> /Users/agentra/Documents/hao/working/paper-lab/hao-paper-2026/iotj-fedkan-ids/repo/results/lrsweep_botiot/lrsweep_kan16_lr0p0003__dir0.1__seed23/metrics.json  final_acc=0.9380
