[run] device=cpu  seed=23  out=/Users/agentra/Documents/hao/working/paper-lab/hao-paper-2026/iotj-fedkan-ids/repo/results/lrsweep_cseciic/lrsweep_kan8_lr0p1__dir0.1__seed23
[run] model=kan  params=3,280
  round   1/50: acc=0.5470  f1m=0.4303  uplink_kB=150.2  t=2.24s
  round   2/50: acc=0.7383  f1m=0.7191  uplink_kB=150.2  t=1.66s
  round   3/50: acc=0.9260  f1m=0.9258  uplink_kB=150.2  t=1.67s
  round   4/50: acc=0.8937  f1m=0.8925  uplink_kB=150.2  t=1.64s
  round   5/50: acc=0.8177  f1m=0.8140  uplink_kB=150.2  t=1.58s
  round   6/50: acc=0.9339  f1m=0.9338  uplink_kB=150.2  t=1.60s
  round   7/50: acc=0.9210  f1m=0.9210  uplink_kB=150.2  t=1.64s
  round   8/50: acc=0.8740  f1m=0.8732  uplink_kB=150.2  t=1.70s
  round   9/50: acc=0.9266  f1m=0.9265  uplink_kB=150.2  t=1.63s
  round  10/50: acc=0.9566  f1m=0.9566  uplink_kB=150.2  t=1.65s
  round  11/50: acc=0.9409  f1m=0.9408  uplink_kB=150.2  t=1.68s
  round  12/50: acc=0.9361  f1m=0.9359  uplink_kB=150.2  t=1.58s
  round  13/50: acc=0.9457  f1m=0.9456  uplink_kB=150.2  t=1.62s
  round  14/50: acc=0.9370  f1m=0.9367  uplink_kB=150.2  t=1.65s
  round  15/50: acc=0.9623  f1m=0.9622  uplink_kB=150.2  t=1.68s
  round  16/50: acc=0.9635  f1m=0.9635  uplink_kB=150.2  t=1.64s
  round  17/50: acc=0.8772  f1m=0.8753  uplink_kB=150.2  t=1.68s
  round  18/50: acc=0.9380  f1m=0.9378  uplink_kB=150.2  t=1.59s
  round  19/50: acc=0.9515  f1m=0.9515  uplink_kB=150.2  t=1.68s
  round  20/50: acc=0.9612  f1m=0.9611  uplink_kB=150.2  t=1.63s
  round  21/50: acc=0.9377  f1m=0.9375  uplink_kB=150.2  t=1.65s
  round  22/50: acc=0.8155  f1m=0.8123  uplink_kB=150.2  t=1.65s
  round  23/50: acc=0.9713  f1m=0.9713  uplink_kB=150.2  t=1.66s
  round  24/50: acc=0.9378  f1m=0.9376  uplink_kB=150.2  t=1.70s
  round  25/50: acc=0.9453  f1m=0.9452  uplink_kB=150.2  t=1.59s
  round  26/50: acc=0.9589  f1m=0.9588  uplink_kB=150.2  t=1.71s
  round  27/50: acc=0.9659  f1m=0.9659  uplink_kB=150.2  t=1.66s
  round  28/50: acc=0.9712  f1m=0.9711  uplink_kB=150.2  t=1.65s
  round  29/50: acc=0.9587  f1m=0.9587  uplink_kB=150.2  t=1.66s
  round  30/50: acc=0.9748  f1m=0.9748  uplink_kB=150.2  t=1.67s
  round  31/50: acc=0.9663  f1m=0.9662  uplink_kB=150.2  t=1.66s
  round  32/50: acc=0.9438  f1m=0.9436  uplink_kB=150.2  t=1.60s
  round  33/50: acc=0.6465  f1m=0.5960  uplink_kB=150.2  t=1.68s
  round  34/50: acc=0.9352  f1m=0.9349  uplink_kB=150.2  t=1.66s
  round  35/50: acc=0.9334  f1m=0.9331  uplink_kB=150.2  t=1.65s
  round  36/50: acc=0.9752  f1m=0.9752  uplink_kB=150.2  t=1.63s
  round  37/50: acc=0.9504  f1m=0.9503  uplink_kB=150.2  t=1.65s
  round  38/50: acc=0.9450  f1m=0.9449  uplink_kB=150.2  t=1.63s
  round  39/50: acc=0.9621  f1m=0.9621  uplink_kB=150.2  t=1.57s
  round  40/50: acc=0.9714  f1m=0.9714  uplink_kB=150.2  t=1.64s
  round  41/50: acc=0.9706  f1m=0.9706  uplink_kB=150.2  t=1.72s
  round  42/50: acc=0.9421  f1m=0.9419  uplink_kB=150.2  t=1.66s
  round  43/50: acc=0.9734  f1m=0.9734  uplink_kB=150.2  t=1.67s
  round  44/50: acc=0.9455  f1m=0.9454  uplink_kB=150.2  t=1.68s
  round  45/50: acc=0.9516  f1m=0.9514  uplink_kB=150.2  t=1.61s
  round  46/50: acc=0.9651  f1m=0.9650  uplink_kB=150.2  t=1.65s
  round  47/50: acc=0.9323  f1m=0.9319  uplink_kB=150.2  t=1.62s
  round  48/50: acc=0.9286  f1m=0.9282  uplink_kB=150.2  t=1.64s
  round  49/50: acc=0.9581  f1m=0.9580  uplink_kB=150.2  t=1.66s
  round  50/50: acc=0.9381  f1m=0.9378  uplink_kB=150.2  t=1.67s
[run] DONE -> /Users/agentra/Documents/hao/working/paper-lab/hao-paper-2026/iotj-fedkan-ids/repo/results/lrsweep_cseciic/lrsweep_kan8_lr0p1__dir0.1__seed23/metrics.json  final_acc=0.9381
