[run] device=cpu  seed=29  out=/Users/agentra/Documents/hao/working/paper-lab/hao-paper-2026/iotj-fedkan-ids/repo/results/sensitivity_botiot/sens_G5__dir0.1__seed29
[run] model=kan  params=3,280
  round   1/50: acc=0.5139  f1m=0.3617  uplink_kB=150.2  t=2.73s
  round   2/50: acc=0.5073  f1m=0.3474  uplink_kB=150.2  t=1.74s
  round   3/50: acc=0.5091  f1m=0.3515  uplink_kB=150.2  t=1.74s
  round   4/50: acc=0.5293  f1m=0.3938  uplink_kB=150.2  t=1.63s
  round   5/50: acc=0.6781  f1m=0.6404  uplink_kB=150.2  t=1.53s
  round   6/50: acc=0.7006  f1m=0.6707  uplink_kB=150.2  t=1.72s
  round   7/50: acc=0.7111  f1m=0.6845  uplink_kB=150.2  t=1.89s
  round   8/50: acc=0.7960  f1m=0.7872  uplink_kB=150.2  t=1.59s
  round   9/50: acc=0.8047  f1m=0.7972  uplink_kB=150.2  t=1.61s
  round  10/50: acc=0.8069  f1m=0.7998  uplink_kB=150.2  t=1.94s
  round  11/50: acc=0.8098  f1m=0.8030  uplink_kB=150.2  t=1.70s
  round  12/50: acc=0.8110  f1m=0.8044  uplink_kB=150.2  t=1.76s
  round  13/50: acc=0.8122  f1m=0.8058  uplink_kB=150.2  t=1.75s
  round  14/50: acc=0.8119  f1m=0.8053  uplink_kB=150.2  t=1.68s
  round  15/50: acc=0.8126  f1m=0.8062  uplink_kB=150.2  t=1.67s
  round  16/50: acc=0.8140  f1m=0.8077  uplink_kB=150.2  t=1.67s
  round  17/50: acc=0.8131  f1m=0.8067  uplink_kB=150.2  t=1.62s
  round  18/50: acc=0.8141  f1m=0.8078  uplink_kB=150.2  t=1.69s
  round  19/50: acc=0.8141  f1m=0.8078  uplink_kB=150.2  t=1.68s
  round  20/50: acc=0.8139  f1m=0.8076  uplink_kB=150.2  t=1.68s
  round  21/50: acc=0.8145  f1m=0.8083  uplink_kB=150.2  t=1.63s
  round  22/50: acc=0.8142  f1m=0.8080  uplink_kB=150.2  t=1.63s
  round  23/50: acc=0.8144  f1m=0.8082  uplink_kB=150.2  t=1.59s
  round  24/50: acc=0.8144  f1m=0.8082  uplink_kB=150.2  t=1.73s
  round  25/50: acc=0.8143  f1m=0.8081  uplink_kB=150.2  t=1.65s
  round  26/50: acc=0.8145  f1m=0.8082  uplink_kB=150.2  t=1.63s
  round  27/50: acc=0.8146  f1m=0.8084  uplink_kB=150.2  t=1.66s
  round  28/50: acc=0.8145  f1m=0.8082  uplink_kB=150.2  t=1.62s
  round  29/50: acc=0.8139  f1m=0.8076  uplink_kB=150.2  t=1.67s
  round  30/50: acc=0.8144  f1m=0.8082  uplink_kB=150.2  t=1.59s
  round  31/50: acc=0.8138  f1m=0.8075  uplink_kB=150.2  t=1.67s
  round  32/50: acc=0.8147  f1m=0.8084  uplink_kB=150.2  t=1.64s
  round  33/50: acc=0.8137  f1m=0.8073  uplink_kB=150.2  t=1.62s
  round  34/50: acc=0.8140  f1m=0.8076  uplink_kB=150.2  t=1.63s
  round  35/50: acc=0.8139  f1m=0.8075  uplink_kB=150.2  t=1.65s
  round  36/50: acc=0.8135  f1m=0.8071  uplink_kB=150.2  t=1.65s
  round  37/50: acc=0.8140  f1m=0.8077  uplink_kB=150.2  t=1.66s
  round  38/50: acc=0.8138  f1m=0.8075  uplink_kB=150.2  t=1.62s
  round  39/50: acc=0.8142  f1m=0.8079  uplink_kB=150.2  t=1.65s
  round  40/50: acc=0.8138  f1m=0.8074  uplink_kB=150.2  t=1.65s
  round  41/50: acc=0.8134  f1m=0.8070  uplink_kB=150.2  t=1.62s
  round  42/50: acc=0.8140  f1m=0.8076  uplink_kB=150.2  t=1.64s
  round  43/50: acc=0.8140  f1m=0.8076  uplink_kB=150.2  t=1.58s
  round  44/50: acc=0.8143  f1m=0.8078  uplink_kB=150.2  t=1.63s
  round  45/50: acc=0.8132  f1m=0.8066  uplink_kB=150.2  t=1.61s
  round  46/50: acc=0.8141  f1m=0.8076  uplink_kB=150.2  t=1.63s
  round  47/50: acc=0.8145  f1m=0.8081  uplink_kB=150.2  t=1.63s
  round  48/50: acc=0.8131  f1m=0.8065  uplink_kB=150.2  t=1.67s
  round  49/50: acc=0.8071  f1m=0.7996  uplink_kB=150.2  t=1.67s
  round  50/50: acc=0.8069  f1m=0.7994  uplink_kB=150.2  t=1.59s
[run] DONE -> /Users/agentra/Documents/hao/working/paper-lab/hao-paper-2026/iotj-fedkan-ids/repo/results/sensitivity_botiot/sens_G5__dir0.1__seed29/metrics.json  final_acc=0.8069
