[run] device=cpu  seed=23  out=/Users/agentra/Documents/hao/working/paper-lab/hao-paper-2026/iotj-fedkan-ids/repo/results/sensitivity_botiot/sens_h32__dir0.1__seed23
[run] model=kan  params=13,120
  round   1/50: acc=0.4989  f1m=0.3328  uplink_kB=545.8  t=3.57s
  round   2/50: acc=0.8630  f1m=0.8607  uplink_kB=545.8  t=2.70s
  round   3/50: acc=0.8945  f1m=0.8934  uplink_kB=545.8  t=2.56s
  round   4/50: acc=0.9526  f1m=0.9525  uplink_kB=545.8  t=2.66s
  round   5/50: acc=0.9608  f1m=0.9608  uplink_kB=545.8  t=2.39s
  round   6/50: acc=0.9613  f1m=0.9612  uplink_kB=545.8  t=2.51s
  round   7/50: acc=0.9621  f1m=0.9621  uplink_kB=545.8  t=2.72s
  round   8/50: acc=0.9595  f1m=0.9594  uplink_kB=545.8  t=2.74s
  round   9/50: acc=0.9602  f1m=0.9601  uplink_kB=545.8  t=2.62s
  round  10/50: acc=0.9596  f1m=0.9595  uplink_kB=545.8  t=2.87s
  round  11/50: acc=0.9585  f1m=0.9584  uplink_kB=545.8  t=2.60s
  round  12/50: acc=0.9632  f1m=0.9632  uplink_kB=545.8  t=2.58s
  round  13/50: acc=0.9590  f1m=0.9589  uplink_kB=545.8  t=2.60s
  round  14/50: acc=0.9615  f1m=0.9614  uplink_kB=545.8  t=2.73s
  round  15/50: acc=0.9618  f1m=0.9617  uplink_kB=545.8  t=2.68s
  round  16/50: acc=0.9655  f1m=0.9655  uplink_kB=545.8  t=2.58s
  round  17/50: acc=0.9656  f1m=0.9656  uplink_kB=545.8  t=2.68s
  round  18/50: acc=0.9651  f1m=0.9651  uplink_kB=545.8  t=2.70s
  round  19/50: acc=0.9655  f1m=0.9654  uplink_kB=545.8  t=2.70s
  round  20/50: acc=0.9660  f1m=0.9660  uplink_kB=545.8  t=2.67s
  round  21/50: acc=0.9614  f1m=0.9614  uplink_kB=545.8  t=2.57s
  round  22/50: acc=0.9718  f1m=0.9718  uplink_kB=545.8  t=2.58s
  round  23/50: acc=0.9672  f1m=0.9672  uplink_kB=545.8  t=2.67s
  round  24/50: acc=0.9735  f1m=0.9735  uplink_kB=545.8  t=2.54s
  round  25/50: acc=0.9733  f1m=0.9733  uplink_kB=545.8  t=2.65s
  round  26/50: acc=0.9657  f1m=0.9657  uplink_kB=545.8  t=2.61s
  round  27/50: acc=0.9722  f1m=0.9722  uplink_kB=545.8  t=2.47s
  round  28/50: acc=0.9723  f1m=0.9722  uplink_kB=545.8  t=2.43s
  round  29/50: acc=0.9737  f1m=0.9737  uplink_kB=545.8  t=2.44s
  round  30/50: acc=0.9722  f1m=0.9722  uplink_kB=545.8  t=2.49s
  round  31/50: acc=0.9736  f1m=0.9736  uplink_kB=545.8  t=2.63s
  round  32/50: acc=0.9717  f1m=0.9717  uplink_kB=545.8  t=2.86s
  round  33/50: acc=0.9722  f1m=0.9722  uplink_kB=545.8  t=2.85s
  round  34/50: acc=0.9728  f1m=0.9728  uplink_kB=545.8  t=2.72s
  round  35/50: acc=0.9664  f1m=0.9663  uplink_kB=545.8  t=2.67s
  round  36/50: acc=0.9729  f1m=0.9728  uplink_kB=545.8  t=2.59s
  round  37/50: acc=0.9725  f1m=0.9725  uplink_kB=545.8  t=2.76s
  round  38/50: acc=0.9730  f1m=0.9730  uplink_kB=545.8  t=2.67s
  round  39/50: acc=0.9627  f1m=0.9627  uplink_kB=545.8  t=2.71s
  round  40/50: acc=0.9734  f1m=0.9734  uplink_kB=545.8  t=2.63s
  round  41/50: acc=0.9728  f1m=0.9728  uplink_kB=545.8  t=2.55s
  round  42/50: acc=0.9727  f1m=0.9727  uplink_kB=545.8  t=2.78s
  round  43/50: acc=0.9748  f1m=0.9748  uplink_kB=545.8  t=2.59s
  round  44/50: acc=0.9725  f1m=0.9724  uplink_kB=545.8  t=2.76s
  round  45/50: acc=0.9722  f1m=0.9722  uplink_kB=545.8  t=2.57s
  round  46/50: acc=0.9737  f1m=0.9737  uplink_kB=545.8  t=2.68s
  round  47/50: acc=0.9657  f1m=0.9656  uplink_kB=545.8  t=2.53s
  round  48/50: acc=0.9738  f1m=0.9737  uplink_kB=545.8  t=2.63s
  round  49/50: acc=0.9525  f1m=0.9524  uplink_kB=545.8  t=2.67s
  round  50/50: acc=0.9738  f1m=0.9737  uplink_kB=545.8  t=2.55s
[run] DONE -> /Users/agentra/Documents/hao/working/paper-lab/hao-paper-2026/iotj-fedkan-ids/repo/results/sensitivity_botiot/sens_h32__dir0.1__seed23/metrics.json  final_acc=0.9738
