[run] device=cpu  seed=11  out=/Users/agentra/Documents/hao/working/paper-lab/hao-paper-2026/iotj-fedkan-ids/repo/results/lrsweep_cseciic_mc50k/lrsweep_kan16_lr0p003__dir0.1__seed11
[run] model=kan  params=8,640
  round   1/50: acc=0.1217  f1m=0.0145  uplink_kB=363.3  t=3.61s
  round   2/50: acc=0.1960  f1m=0.0599  uplink_kB=363.3  t=3.05s
  round   3/50: acc=0.3525  f1m=0.1398  uplink_kB=363.3  t=3.04s
  round   4/50: acc=0.5809  f1m=0.3285  uplink_kB=363.3  t=2.94s
  round   5/50: acc=0.6191  f1m=0.3465  uplink_kB=363.3  t=3.15s
  round   6/50: acc=0.5822  f1m=0.3258  uplink_kB=363.3  t=2.99s
  round   7/50: acc=0.5853  f1m=0.4065  uplink_kB=363.3  t=3.09s
  round   8/50: acc=0.6734  f1m=0.4790  uplink_kB=363.3  t=3.01s
  round   9/50: acc=0.6888  f1m=0.4898  uplink_kB=363.3  t=3.02s
  round  10/50: acc=0.6982  f1m=0.4957  uplink_kB=363.3  t=3.10s
  round  11/50: acc=0.7022  f1m=0.5004  uplink_kB=363.3  t=2.94s
  round  12/50: acc=0.7060  f1m=0.5049  uplink_kB=363.3  t=3.16s
  round  13/50: acc=0.7095  f1m=0.5096  uplink_kB=363.3  t=2.96s
  round  14/50: acc=0.7160  f1m=0.5184  uplink_kB=363.3  t=3.06s
  round  15/50: acc=0.7277  f1m=0.5295  uplink_kB=363.3  t=3.01s
  round  16/50: acc=0.7358  f1m=0.5403  uplink_kB=363.3  t=3.04s
  round  17/50: acc=0.7447  f1m=0.5529  uplink_kB=363.3  t=3.00s
  round  18/50: acc=0.7728  f1m=0.5816  uplink_kB=363.3  t=3.04s
  round  19/50: acc=0.7558  f1m=0.5683  uplink_kB=363.3  t=3.04s
  round  20/50: acc=0.7757  f1m=0.5931  uplink_kB=363.3  t=3.07s
  round  21/50: acc=0.7619  f1m=0.5795  uplink_kB=363.3  t=3.01s
  round  22/50: acc=0.7678  f1m=0.5854  uplink_kB=363.3  t=3.12s
  round  23/50: acc=0.7685  f1m=0.5870  uplink_kB=363.3  t=2.95s
  round  24/50: acc=0.7960  f1m=0.6134  uplink_kB=363.3  t=3.12s
  round  25/50: acc=0.7962  f1m=0.6135  uplink_kB=363.3  t=3.00s
  round  26/50: acc=0.7970  f1m=0.6146  uplink_kB=363.3  t=3.09s
  round  27/50: acc=0.8016  f1m=0.6178  uplink_kB=363.3  t=3.01s
  round  28/50: acc=0.8011  f1m=0.6333  uplink_kB=363.3  t=3.15s
  round  29/50: acc=0.8472  f1m=0.7068  uplink_kB=363.3  t=3.13s
  round  30/50: acc=0.8447  f1m=0.7042  uplink_kB=363.3  t=3.03s
  round  31/50: acc=0.8518  f1m=0.7088  uplink_kB=363.3  t=3.11s
  round  32/50: acc=0.8575  f1m=0.7123  uplink_kB=363.3  t=3.06s
  round  33/50: acc=0.8611  f1m=0.7139  uplink_kB=363.3  t=2.96s
  round  34/50: acc=0.8827  f1m=0.7424  uplink_kB=363.3  t=3.65s
  round  35/50: acc=0.8847  f1m=0.7445  uplink_kB=363.3  t=3.00s
  round  36/50: acc=0.8860  f1m=0.7523  uplink_kB=363.3  t=3.12s
  round  37/50: acc=0.8809  f1m=0.7451  uplink_kB=363.3  t=3.26s
  round  38/50: acc=0.8863  f1m=0.7524  uplink_kB=363.3  t=3.23s
  round  39/50: acc=0.8809  f1m=0.7490  uplink_kB=363.3  t=3.23s
  round  40/50: acc=0.8838  f1m=0.7501  uplink_kB=363.3  t=3.53s
  round  41/50: acc=0.8857  f1m=0.7539  uplink_kB=363.3  t=3.17s
  round  42/50: acc=0.8858  f1m=0.7526  uplink_kB=363.3  t=3.29s
  round  43/50: acc=0.8794  f1m=0.7474  uplink_kB=363.3  t=3.29s
  round  44/50: acc=0.8853  f1m=0.7531  uplink_kB=363.3  t=3.28s
  round  45/50: acc=0.8861  f1m=0.7532  uplink_kB=363.3  t=3.28s
  round  46/50: acc=0.8810  f1m=0.7465  uplink_kB=363.3  t=3.42s
  round  47/50: acc=0.8873  f1m=0.7574  uplink_kB=363.3  t=3.26s
  round  48/50: acc=0.8888  f1m=0.7570  uplink_kB=363.3  t=3.26s
  round  49/50: acc=0.8888  f1m=0.7553  uplink_kB=363.3  t=3.23s
  round  50/50: acc=0.8911  f1m=0.7582  uplink_kB=363.3  t=3.24s
[run] DONE -> /Users/agentra/Documents/hao/working/paper-lab/hao-paper-2026/iotj-fedkan-ids/repo/results/lrsweep_cseciic_mc50k/lrsweep_kan16_lr0p003__dir0.1__seed11/metrics.json  final_acc=0.8911
