[run] device=cpu  seed=23  out=/Users/agentra/Documents/hao/working/paper-lab/hao-paper-2026/iotj-fedkan-ids/repo/results/lrsweep_toniot/lrsweep_mlp80_lr0p0003__dir0.1__seed23
[run] model=mlp  params=3,362
  round   1/50: acc=0.6454  f1m=0.6447  uplink_kB=131.3  t=1.15s
  round   2/50: acc=0.7417  f1m=0.7416  uplink_kB=131.3  t=0.66s
  round   3/50: acc=0.7016  f1m=0.7014  uplink_kB=131.3  t=0.67s
  round   4/50: acc=0.7017  f1m=0.7015  uplink_kB=131.3  t=0.71s
  round   5/50: acc=0.7081  f1m=0.7077  uplink_kB=131.3  t=0.65s
  round   6/50: acc=0.7117  f1m=0.7112  uplink_kB=131.3  t=0.68s
  round   7/50: acc=0.7181  f1m=0.7173  uplink_kB=131.3  t=0.67s
  round   8/50: acc=0.7205  f1m=0.7196  uplink_kB=131.3  t=0.67s
  round   9/50: acc=0.7223  f1m=0.7214  uplink_kB=131.3  t=0.67s
  round  10/50: acc=0.7240  f1m=0.7229  uplink_kB=131.3  t=0.66s
  round  11/50: acc=0.7264  f1m=0.7251  uplink_kB=131.3  t=0.61s
  round  12/50: acc=0.7274  f1m=0.7261  uplink_kB=131.3  t=0.66s
  round  13/50: acc=0.7296  f1m=0.7282  uplink_kB=131.3  t=0.69s
  round  14/50: acc=0.7336  f1m=0.7320  uplink_kB=131.3  t=0.67s
  round  15/50: acc=0.7369  f1m=0.7347  uplink_kB=131.3  t=0.64s
  round  16/50: acc=0.7369  f1m=0.7339  uplink_kB=131.3  t=0.65s
  round  17/50: acc=0.7369  f1m=0.7337  uplink_kB=131.3  t=0.66s
  round  18/50: acc=0.7386  f1m=0.7355  uplink_kB=131.3  t=0.60s
  round  19/50: acc=0.7412  f1m=0.7386  uplink_kB=131.3  t=0.68s
  round  20/50: acc=0.7429  f1m=0.7405  uplink_kB=131.3  t=0.68s
  round  21/50: acc=0.7415  f1m=0.7389  uplink_kB=131.3  t=0.68s
  round  22/50: acc=0.7413  f1m=0.7385  uplink_kB=131.3  t=0.69s
  round  23/50: acc=0.7421  f1m=0.7393  uplink_kB=131.3  t=0.68s
  round  24/50: acc=0.7418  f1m=0.7389  uplink_kB=131.3  t=0.70s
  round  25/50: acc=0.7409  f1m=0.7381  uplink_kB=131.3  t=0.63s
  round  26/50: acc=0.7424  f1m=0.7397  uplink_kB=131.3  t=0.66s
  round  27/50: acc=0.7437  f1m=0.7407  uplink_kB=131.3  t=0.68s
  round  28/50: acc=0.7431  f1m=0.7398  uplink_kB=131.3  t=0.66s
  round  29/50: acc=0.7434  f1m=0.7400  uplink_kB=131.3  t=0.67s
  round  30/50: acc=0.7443  f1m=0.7410  uplink_kB=131.3  t=0.65s
  round  31/50: acc=0.7450  f1m=0.7417  uplink_kB=131.3  t=0.62s
  round  32/50: acc=0.7454  f1m=0.7422  uplink_kB=131.3  t=0.68s
  round  33/50: acc=0.7462  f1m=0.7428  uplink_kB=131.3  t=0.67s
  round  34/50: acc=0.7479  f1m=0.7445  uplink_kB=131.3  t=0.67s
  round  35/50: acc=0.7484  f1m=0.7450  uplink_kB=131.3  t=0.68s
  round  36/50: acc=0.7487  f1m=0.7452  uplink_kB=131.3  t=0.63s
  round  37/50: acc=0.7498  f1m=0.7464  uplink_kB=131.3  t=0.61s
  round  38/50: acc=0.7506  f1m=0.7471  uplink_kB=131.3  t=0.69s
  round  39/50: acc=0.7528  f1m=0.7496  uplink_kB=131.3  t=0.70s
  round  40/50: acc=0.7531  f1m=0.7499  uplink_kB=131.3  t=0.69s
  round  41/50: acc=0.7553  f1m=0.7523  uplink_kB=131.3  t=0.70s
  round  42/50: acc=0.7546  f1m=0.7513  uplink_kB=131.3  t=0.68s
  round  43/50: acc=0.7552  f1m=0.7520  uplink_kB=131.3  t=0.68s
  round  44/50: acc=0.7557  f1m=0.7525  uplink_kB=131.3  t=0.60s
  round  45/50: acc=0.7560  f1m=0.7528  uplink_kB=131.3  t=0.70s
  round  46/50: acc=0.7564  f1m=0.7532  uplink_kB=131.3  t=0.67s
  round  47/50: acc=0.7567  f1m=0.7535  uplink_kB=131.3  t=0.67s
  round  48/50: acc=0.7576  f1m=0.7543  uplink_kB=131.3  t=0.67s
  round  49/50: acc=0.7595  f1m=0.7561  uplink_kB=131.3  t=0.67s
  round  50/50: acc=0.7591  f1m=0.7558  uplink_kB=131.3  t=0.66s
[run] DONE -> /Users/agentra/Documents/hao/working/paper-lab/hao-paper-2026/iotj-fedkan-ids/repo/results/lrsweep_toniot/lrsweep_mlp80_lr0p0003__dir0.1__seed23/metrics.json  final_acc=0.7591
