[run] device=cpu  seed=17  out=/Users/agentra/Documents/hao/working/paper-lab/hao-paper-2026/iotj-fedkan-ids/repo/results/lrsweep_cseciic/lrsweep_mlp80_lr0p001__dir0.1__seed17
[run] model=mlp  params=3,362
  round   1/50: acc=0.5001  f1m=0.3336  uplink_kB=131.3  t=1.35s
  round   2/50: acc=0.5005  f1m=0.3344  uplink_kB=131.3  t=0.69s
  round   3/50: acc=0.5006  f1m=0.3347  uplink_kB=131.3  t=0.65s
  round   4/50: acc=0.5008  f1m=0.3350  uplink_kB=131.3  t=0.66s
  round   5/50: acc=0.5056  f1m=0.3457  uplink_kB=131.3  t=0.70s
  round   6/50: acc=0.5068  f1m=0.3484  uplink_kB=131.3  t=0.65s
  round   7/50: acc=0.5183  f1m=0.3740  uplink_kB=131.3  t=0.67s
  round   8/50: acc=0.5392  f1m=0.4514  uplink_kB=131.3  t=0.64s
  round   9/50: acc=0.4704  f1m=0.4532  uplink_kB=131.3  t=0.67s
  round  10/50: acc=0.4813  f1m=0.4806  uplink_kB=131.3  t=0.68s
  round  11/50: acc=0.4309  f1m=0.4294  uplink_kB=131.3  t=0.69s
  round  12/50: acc=0.4045  f1m=0.3993  uplink_kB=131.3  t=0.58s
  round  13/50: acc=0.3855  f1m=0.3760  uplink_kB=131.3  t=0.69s
  round  14/50: acc=0.3844  f1m=0.3727  uplink_kB=131.3  t=0.75s
  round  15/50: acc=0.3720  f1m=0.3544  uplink_kB=131.3  t=0.70s
  round  16/50: acc=0.3724  f1m=0.3512  uplink_kB=131.3  t=0.72s
  round  17/50: acc=0.3687  f1m=0.3427  uplink_kB=131.3  t=0.72s
  round  18/50: acc=0.3746  f1m=0.3472  uplink_kB=131.3  t=0.69s
  round  19/50: acc=0.3875  f1m=0.3599  uplink_kB=131.3  t=0.65s
  round  20/50: acc=0.4088  f1m=0.3821  uplink_kB=131.3  t=0.70s
  round  21/50: acc=0.4156  f1m=0.3879  uplink_kB=131.3  t=0.73s
  round  22/50: acc=0.4358  f1m=0.4092  uplink_kB=131.3  t=0.71s
  round  23/50: acc=0.4532  f1m=0.4301  uplink_kB=131.3  t=0.72s
  round  24/50: acc=0.4620  f1m=0.4426  uplink_kB=131.3  t=0.71s
  round  25/50: acc=0.4895  f1m=0.4752  uplink_kB=131.3  t=0.69s
  round  26/50: acc=0.5054  f1m=0.4909  uplink_kB=131.3  t=0.64s
  round  27/50: acc=0.5189  f1m=0.5066  uplink_kB=131.3  t=0.67s
  round  28/50: acc=0.5304  f1m=0.5174  uplink_kB=131.3  t=0.68s
  round  29/50: acc=0.5534  f1m=0.5427  uplink_kB=131.3  t=0.69s
  round  30/50: acc=0.5510  f1m=0.5423  uplink_kB=131.3  t=0.74s
  round  31/50: acc=0.5617  f1m=0.5541  uplink_kB=131.3  t=0.85s
  round  32/50: acc=0.5731  f1m=0.5651  uplink_kB=131.3  t=0.68s
  round  33/50: acc=0.5889  f1m=0.5827  uplink_kB=131.3  t=0.67s
  round  34/50: acc=0.5979  f1m=0.5928  uplink_kB=131.3  t=0.72s
  round  35/50: acc=0.6092  f1m=0.6048  uplink_kB=131.3  t=0.75s
  round  36/50: acc=0.6151  f1m=0.6113  uplink_kB=131.3  t=0.72s
  round  37/50: acc=0.6341  f1m=0.6315  uplink_kB=131.3  t=0.65s
  round  38/50: acc=0.6465  f1m=0.6447  uplink_kB=131.3  t=0.70s
  round  39/50: acc=0.6538  f1m=0.6522  uplink_kB=131.3  t=0.70s
  round  40/50: acc=0.6512  f1m=0.6499  uplink_kB=131.3  t=0.63s
  round  41/50: acc=0.6557  f1m=0.6546  uplink_kB=131.3  t=0.68s
  round  42/50: acc=0.6609  f1m=0.6601  uplink_kB=131.3  t=0.69s
  round  43/50: acc=0.6573  f1m=0.6567  uplink_kB=131.3  t=0.72s
  round  44/50: acc=0.6581  f1m=0.6575  uplink_kB=131.3  t=0.69s
  round  45/50: acc=0.6561  f1m=0.6554  uplink_kB=131.3  t=0.72s
  round  46/50: acc=0.6608  f1m=0.6603  uplink_kB=131.3  t=0.74s
  round  47/50: acc=0.6696  f1m=0.6688  uplink_kB=131.3  t=0.65s
  round  48/50: acc=0.6729  f1m=0.6724  uplink_kB=131.3  t=0.75s
  round  49/50: acc=0.6689  f1m=0.6686  uplink_kB=131.3  t=0.72s
  round  50/50: acc=0.6784  f1m=0.6778  uplink_kB=131.3  t=0.73s
[run] DONE -> /Users/agentra/Documents/hao/working/paper-lab/hao-paper-2026/iotj-fedkan-ids/repo/results/lrsweep_cseciic/lrsweep_mlp80_lr0p001__dir0.1__seed17/metrics.json  final_acc=0.6784
