[run] device=cpu  seed=2026  out=/Users/agentra/Documents/hao/working/paper-lab/hao-paper-2026/iotj-fedkan-ids/repo/results/lrsweep_cseciic_mc50k/lrsweep_kan16_lr0p001__dir0.1__seed2026
[run] model=kan  params=8,640
  round   1/50: acc=0.1811  f1m=0.0480  uplink_kB=363.3  t=3.55s
  round   2/50: acc=0.1833  f1m=0.0486  uplink_kB=363.3  t=2.98s
  round   3/50: acc=0.1869  f1m=0.0500  uplink_kB=363.3  t=2.98s
  round   4/50: acc=0.1875  f1m=0.0460  uplink_kB=363.3  t=3.04s
  round   5/50: acc=0.1876  f1m=0.0458  uplink_kB=363.3  t=3.08s
  round   6/50: acc=0.2072  f1m=0.0641  uplink_kB=363.3  t=2.93s
  round   7/50: acc=0.3105  f1m=0.1171  uplink_kB=363.3  t=3.09s
  round   8/50: acc=0.4086  f1m=0.2094  uplink_kB=363.3  t=2.95s
  round   9/50: acc=0.4236  f1m=0.2128  uplink_kB=363.3  t=3.06s
  round  10/50: acc=0.4889  f1m=0.2568  uplink_kB=363.3  t=3.00s
  round  11/50: acc=0.4895  f1m=0.2563  uplink_kB=363.3  t=2.99s
  round  12/50: acc=0.5212  f1m=0.2858  uplink_kB=363.3  t=3.00s
  round  13/50: acc=0.5628  f1m=0.3213  uplink_kB=363.3  t=2.99s
  round  14/50: acc=0.6022  f1m=0.3587  uplink_kB=363.3  t=2.99s
  round  15/50: acc=0.6261  f1m=0.4089  uplink_kB=363.3  t=3.01s
  round  16/50: acc=0.6790  f1m=0.5163  uplink_kB=363.3  t=2.99s
  round  17/50: acc=0.6653  f1m=0.4954  uplink_kB=363.3  t=3.09s
  round  18/50: acc=0.6663  f1m=0.4718  uplink_kB=363.3  t=2.96s
  round  19/50: acc=0.6844  f1m=0.4912  uplink_kB=363.3  t=3.05s
  round  20/50: acc=0.6893  f1m=0.4940  uplink_kB=363.3  t=2.95s
  round  21/50: acc=0.7024  f1m=0.5011  uplink_kB=363.3  t=2.99s
  round  22/50: acc=0.7083  f1m=0.5043  uplink_kB=363.3  t=3.01s
  round  23/50: acc=0.7096  f1m=0.5030  uplink_kB=363.3  t=3.03s
  round  24/50: acc=0.7108  f1m=0.5040  uplink_kB=363.3  t=2.99s
  round  25/50: acc=0.7114  f1m=0.5046  uplink_kB=363.3  t=3.01s
  round  26/50: acc=0.7123  f1m=0.5055  uplink_kB=363.3  t=2.99s
  round  27/50: acc=0.7134  f1m=0.5062  uplink_kB=363.3  t=3.09s
  round  28/50: acc=0.7170  f1m=0.5133  uplink_kB=363.3  t=2.97s
  round  29/50: acc=0.7186  f1m=0.5170  uplink_kB=363.3  t=3.21s
  round  30/50: acc=0.7228  f1m=0.5201  uplink_kB=363.3  t=3.04s
  round  31/50: acc=0.7241  f1m=0.5205  uplink_kB=363.3  t=2.97s
  round  32/50: acc=0.7244  f1m=0.5211  uplink_kB=363.3  t=3.13s
  round  33/50: acc=0.7244  f1m=0.5216  uplink_kB=363.3  t=2.99s
  round  34/50: acc=0.7253  f1m=0.5244  uplink_kB=363.3  t=3.58s
  round  35/50: acc=0.7282  f1m=0.5342  uplink_kB=363.3  t=2.98s
  round  36/50: acc=0.7304  f1m=0.5446  uplink_kB=363.3  t=3.01s
  round  37/50: acc=0.7312  f1m=0.5459  uplink_kB=363.3  t=3.24s
  round  38/50: acc=0.7317  f1m=0.5463  uplink_kB=363.3  t=3.27s
  round  39/50: acc=0.7324  f1m=0.5468  uplink_kB=363.3  t=3.16s
  round  40/50: acc=0.7331  f1m=0.5474  uplink_kB=363.3  t=3.29s
  round  41/50: acc=0.7340  f1m=0.5483  uplink_kB=363.3  t=3.18s
  round  42/50: acc=0.7347  f1m=0.5490  uplink_kB=363.3  t=3.28s
  round  43/50: acc=0.7354  f1m=0.5496  uplink_kB=363.3  t=3.23s
  round  44/50: acc=0.7363  f1m=0.5505  uplink_kB=363.3  t=3.27s
  round  45/50: acc=0.7363  f1m=0.5506  uplink_kB=363.3  t=3.15s
  round  46/50: acc=0.7478  f1m=0.5632  uplink_kB=363.3  t=3.31s
  round  47/50: acc=0.7516  f1m=0.5670  uplink_kB=363.3  t=3.31s
  round  48/50: acc=0.7547  f1m=0.5703  uplink_kB=363.3  t=3.27s
  round  49/50: acc=0.7568  f1m=0.5724  uplink_kB=363.3  t=3.22s
  round  50/50: acc=0.7569  f1m=0.5725  uplink_kB=363.3  t=3.24s
[run] DONE -> /Users/agentra/Documents/hao/working/paper-lab/hao-paper-2026/iotj-fedkan-ids/repo/results/lrsweep_cseciic_mc50k/lrsweep_kan16_lr0p001__dir0.1__seed2026/metrics.json  final_acc=0.7569
