[run] device=cpu  seed=43  out=/Users/agentra/Documents/hao/working/paper-lab/hao-paper-2026/iotj-fedkan-ids/repo/results/lrsweep_botiot/lrsweep_kan16_lr0p001__dir0.1__seed43
[run] model=kan  params=6,560
  round   1/50: acc=0.8914  f1m=0.8911  uplink_kB=282.0  t=2.55s
  round   2/50: acc=0.8838  f1m=0.8834  uplink_kB=282.0  t=1.97s
  round   3/50: acc=0.8650  f1m=0.8641  uplink_kB=282.0  t=1.89s
  round   4/50: acc=0.8904  f1m=0.8900  uplink_kB=282.0  t=1.81s
  round   5/50: acc=0.8969  f1m=0.8966  uplink_kB=282.0  t=1.87s
  round   6/50: acc=0.8967  f1m=0.8964  uplink_kB=282.0  t=2.07s
  round   7/50: acc=0.8976  f1m=0.8973  uplink_kB=282.0  t=1.85s
  round   8/50: acc=0.8826  f1m=0.8820  uplink_kB=282.0  t=1.86s
  round   9/50: acc=0.8836  f1m=0.8831  uplink_kB=282.0  t=1.90s
  round  10/50: acc=0.8857  f1m=0.8852  uplink_kB=282.0  t=1.90s
  round  11/50: acc=0.8944  f1m=0.8940  uplink_kB=282.0  t=1.83s
  round  12/50: acc=0.8965  f1m=0.8962  uplink_kB=282.0  t=1.87s
  round  13/50: acc=0.8982  f1m=0.8979  uplink_kB=282.0  t=1.86s
  round  14/50: acc=0.9015  f1m=0.9012  uplink_kB=282.0  t=1.86s
  round  15/50: acc=0.8342  f1m=0.8316  uplink_kB=282.0  t=1.87s
  round  16/50: acc=0.8431  f1m=0.8411  uplink_kB=282.0  t=1.86s
  round  17/50: acc=0.9019  f1m=0.9017  uplink_kB=282.0  t=1.86s
  round  18/50: acc=0.8658  f1m=0.8634  uplink_kB=282.0  t=1.78s
  round  19/50: acc=0.8663  f1m=0.8639  uplink_kB=282.0  t=1.82s
  round  20/50: acc=0.8666  f1m=0.8643  uplink_kB=282.0  t=1.85s
  round  21/50: acc=0.8681  f1m=0.8658  uplink_kB=282.0  t=1.88s
  round  22/50: acc=0.8687  f1m=0.8664  uplink_kB=282.0  t=1.86s
  round  23/50: acc=0.8684  f1m=0.8661  uplink_kB=282.0  t=1.87s
  round  24/50: acc=0.8677  f1m=0.8654  uplink_kB=282.0  t=1.87s
  round  25/50: acc=0.8686  f1m=0.8663  uplink_kB=282.0  t=1.82s
  round  26/50: acc=0.8690  f1m=0.8668  uplink_kB=282.0  t=1.84s
  round  27/50: acc=0.8696  f1m=0.8674  uplink_kB=282.0  t=1.85s
  round  28/50: acc=0.8690  f1m=0.8667  uplink_kB=282.0  t=1.94s
  round  29/50: acc=0.8690  f1m=0.8668  uplink_kB=282.0  t=1.84s
  round  30/50: acc=0.8693  f1m=0.8670  uplink_kB=282.0  t=1.84s
  round  31/50: acc=0.8703  f1m=0.8681  uplink_kB=282.0  t=1.84s
  round  32/50: acc=0.8702  f1m=0.8680  uplink_kB=282.0  t=1.87s
  round  33/50: acc=0.8694  f1m=0.8672  uplink_kB=282.0  t=1.89s
  round  34/50: acc=0.8697  f1m=0.8675  uplink_kB=282.0  t=1.87s
  round  35/50: acc=0.8706  f1m=0.8685  uplink_kB=282.0  t=2.04s
  round  36/50: acc=0.8705  f1m=0.8683  uplink_kB=282.0  t=2.94s
  round  37/50: acc=0.8709  f1m=0.8687  uplink_kB=282.0  t=2.41s
  round  38/50: acc=0.8645  f1m=0.8620  uplink_kB=282.0  t=2.07s
  round  39/50: acc=0.8722  f1m=0.8701  uplink_kB=282.0  t=3.18s
  round  40/50: acc=0.8725  f1m=0.8705  uplink_kB=282.0  t=5.03s
  round  41/50: acc=0.8729  f1m=0.8708  uplink_kB=282.0  t=6.94s
  round  42/50: acc=0.8750  f1m=0.8730  uplink_kB=282.0  t=7.90s
  round  43/50: acc=0.8750  f1m=0.8731  uplink_kB=282.0  t=8.20s
  round  44/50: acc=0.8991  f1m=0.8981  uplink_kB=282.0  t=8.22s
  round  45/50: acc=0.8744  f1m=0.8724  uplink_kB=282.0  t=4.92s
  round  46/50: acc=0.8752  f1m=0.8732  uplink_kB=282.0  t=4.82s
  round  47/50: acc=0.8991  f1m=0.8981  uplink_kB=282.0  t=2.23s
  round  48/50: acc=0.8992  f1m=0.8982  uplink_kB=282.0  t=3.20s
  round  49/50: acc=0.8992  f1m=0.8982  uplink_kB=282.0  t=4.35s
  round  50/50: acc=0.8993  f1m=0.8983  uplink_kB=282.0  t=6.49s
[run] DONE -> /Users/agentra/Documents/hao/working/paper-lab/hao-paper-2026/iotj-fedkan-ids/repo/results/lrsweep_botiot/lrsweep_kan16_lr0p001__dir0.1__seed43/metrics.json  final_acc=0.8993
