[run] device=cpu  seed=23  out=/Users/agentra/Documents/hao/working/paper-lab/hao-paper-2026/iotj-fedkan-ids/repo/results/lrsweep_cseciic/lrsweep_mlp32_lr0p0003__dir0.1__seed23
[run] model=mlp  params=1,346
  round   1/50: acc=0.5000  f1m=0.3333  uplink_kB=52.6  t=1.40s
  round   2/50: acc=0.8641  f1m=0.8625  uplink_kB=52.6  t=0.64s
  round   3/50: acc=0.9010  f1m=0.9006  uplink_kB=52.6  t=0.65s
  round   4/50: acc=0.9012  f1m=0.9009  uplink_kB=52.6  t=0.66s
  round   5/50: acc=0.9067  f1m=0.9065  uplink_kB=52.6  t=0.58s
  round   6/50: acc=0.9102  f1m=0.9101  uplink_kB=52.6  t=0.67s
  round   7/50: acc=0.9082  f1m=0.9081  uplink_kB=52.6  t=0.67s
  round   8/50: acc=0.9082  f1m=0.9081  uplink_kB=52.6  t=0.68s
  round   9/50: acc=0.9089  f1m=0.9088  uplink_kB=52.6  t=0.65s
  round  10/50: acc=0.9099  f1m=0.9098  uplink_kB=52.6  t=0.66s
  round  11/50: acc=0.9116  f1m=0.9115  uplink_kB=52.6  t=0.59s
  round  12/50: acc=0.9158  f1m=0.9157  uplink_kB=52.6  t=0.69s
  round  13/50: acc=0.9177  f1m=0.9175  uplink_kB=52.6  t=0.68s
  round  14/50: acc=0.9184  f1m=0.9183  uplink_kB=52.6  t=0.70s
  round  15/50: acc=0.9149  f1m=0.9147  uplink_kB=52.6  t=0.65s
  round  16/50: acc=0.9168  f1m=0.9166  uplink_kB=52.6  t=0.69s
  round  17/50: acc=0.9183  f1m=0.9182  uplink_kB=52.6  t=0.67s
  round  18/50: acc=0.9194  f1m=0.9192  uplink_kB=52.6  t=0.59s
  round  19/50: acc=0.9195  f1m=0.9193  uplink_kB=52.6  t=0.69s
  round  20/50: acc=0.9195  f1m=0.9193  uplink_kB=52.6  t=0.67s
  round  21/50: acc=0.9195  f1m=0.9194  uplink_kB=52.6  t=0.63s
  round  22/50: acc=0.9193  f1m=0.9191  uplink_kB=52.6  t=0.66s
  round  23/50: acc=0.9193  f1m=0.9191  uplink_kB=52.6  t=0.82s
  round  24/50: acc=0.9195  f1m=0.9193  uplink_kB=52.6  t=0.67s
  round  25/50: acc=0.9196  f1m=0.9194  uplink_kB=52.6  t=0.62s
  round  26/50: acc=0.9197  f1m=0.9195  uplink_kB=52.6  t=0.66s
  round  27/50: acc=0.9197  f1m=0.9195  uplink_kB=52.6  t=0.68s
  round  28/50: acc=0.9195  f1m=0.9194  uplink_kB=52.6  t=0.69s
  round  29/50: acc=0.9195  f1m=0.9194  uplink_kB=52.6  t=0.67s
  round  30/50: acc=0.9196  f1m=0.9194  uplink_kB=52.6  t=0.70s
  round  31/50: acc=0.9196  f1m=0.9195  uplink_kB=52.6  t=0.64s
  round  32/50: acc=0.9196  f1m=0.9195  uplink_kB=52.6  t=0.67s
  round  33/50: acc=0.9198  f1m=0.9196  uplink_kB=52.6  t=0.68s
  round  34/50: acc=0.9198  f1m=0.9197  uplink_kB=52.6  t=0.64s
  round  35/50: acc=0.9199  f1m=0.9197  uplink_kB=52.6  t=0.66s
  round  36/50: acc=0.9194  f1m=0.9192  uplink_kB=52.6  t=0.66s
  round  37/50: acc=0.9197  f1m=0.9195  uplink_kB=52.6  t=0.66s
  round  38/50: acc=0.9199  f1m=0.9198  uplink_kB=52.6  t=0.74s
  round  39/50: acc=0.9197  f1m=0.9195  uplink_kB=52.6  t=0.65s
  round  40/50: acc=0.9198  f1m=0.9196  uplink_kB=52.6  t=0.70s
  round  41/50: acc=0.9199  f1m=0.9197  uplink_kB=52.6  t=0.69s
  round  42/50: acc=0.9200  f1m=0.9198  uplink_kB=52.6  t=0.63s
  round  43/50: acc=0.9200  f1m=0.9198  uplink_kB=52.6  t=0.67s
  round  44/50: acc=0.9199  f1m=0.9198  uplink_kB=52.6  t=0.60s
  round  45/50: acc=0.9201  f1m=0.9199  uplink_kB=52.6  t=0.66s
  round  46/50: acc=0.9204  f1m=0.9202  uplink_kB=52.6  t=0.68s
  round  47/50: acc=0.9204  f1m=0.9202  uplink_kB=52.6  t=0.65s
  round  48/50: acc=0.9212  f1m=0.9210  uplink_kB=52.6  t=0.68s
  round  49/50: acc=0.9248  f1m=0.9247  uplink_kB=52.6  t=0.66s
  round  50/50: acc=0.9250  f1m=0.9248  uplink_kB=52.6  t=0.64s
[run] DONE -> /Users/agentra/Documents/hao/working/paper-lab/hao-paper-2026/iotj-fedkan-ids/repo/results/lrsweep_cseciic/lrsweep_mlp32_lr0p0003__dir0.1__seed23/metrics.json  final_acc=0.9250
