[run] device=cpu  seed=11  out=/Users/agentra/Documents/hao/working/paper-lab/hao-paper-2026/iotj-fedkan-ids/repo/results/lrsweep_cseciic_mc50k/lrsweep_kan16_lr0p1__dir0.1__seed11
[run] model=kan  params=8,640
  round   1/50: acc=0.1785  f1m=0.0480  uplink_kB=363.3  t=3.66s
  round   2/50: acc=0.3282  f1m=0.1652  uplink_kB=363.3  t=3.12s
  round   3/50: acc=0.4735  f1m=0.2763  uplink_kB=363.3  t=3.18s
  round   4/50: acc=0.6835  f1m=0.4483  uplink_kB=363.3  t=3.06s
  round   5/50: acc=0.4288  f1m=0.2322  uplink_kB=363.3  t=3.27s
  round   6/50: acc=0.5153  f1m=0.3818  uplink_kB=363.3  t=3.17s
  round   7/50: acc=0.6125  f1m=0.3588  uplink_kB=363.3  t=3.15s
  round   8/50: acc=0.6810  f1m=0.3824  uplink_kB=363.3  t=3.12s
  round   9/50: acc=0.5288  f1m=0.3156  uplink_kB=363.3  t=3.53s
  round  10/50: acc=0.6422  f1m=0.4220  uplink_kB=363.3  t=3.24s
  round  11/50: acc=0.5851  f1m=0.3514  uplink_kB=363.3  t=3.00s
  round  12/50: acc=0.6679  f1m=0.4600  uplink_kB=363.3  t=3.06s
  round  13/50: acc=0.7073  f1m=0.4147  uplink_kB=363.3  t=3.03s
  round  14/50: acc=0.4214  f1m=0.2625  uplink_kB=363.3  t=3.09s
  round  15/50: acc=0.6013  f1m=0.3777  uplink_kB=363.3  t=3.06s
  round  16/50: acc=0.4886  f1m=0.2527  uplink_kB=363.3  t=3.23s
  round  17/50: acc=0.5060  f1m=0.2930  uplink_kB=363.3  t=3.09s
  round  18/50: acc=0.4662  f1m=0.2211  uplink_kB=363.3  t=3.21s
  round  19/50: acc=0.4829  f1m=0.2388  uplink_kB=363.3  t=3.12s
  round  20/50: acc=0.5910  f1m=0.3252  uplink_kB=363.3  t=3.21s
  round  21/50: acc=0.5982  f1m=0.3233  uplink_kB=363.3  t=3.11s
  round  22/50: acc=0.4624  f1m=0.2301  uplink_kB=363.3  t=3.23s
  round  23/50: acc=0.5819  f1m=0.3212  uplink_kB=363.3  t=3.13s
  round  24/50: acc=0.5730  f1m=0.3182  uplink_kB=363.3  t=3.17s
  round  25/50: acc=0.4304  f1m=0.2043  uplink_kB=363.3  t=3.11s
  round  26/50: acc=0.4651  f1m=0.2202  uplink_kB=363.3  t=3.22s
  round  27/50: acc=0.5325  f1m=0.3074  uplink_kB=363.3  t=3.11s
  round  28/50: acc=0.4954  f1m=0.2691  uplink_kB=363.3  t=3.16s
  round  29/50: acc=0.4729  f1m=0.2471  uplink_kB=363.3  t=3.11s
  round  30/50: acc=0.5785  f1m=0.3207  uplink_kB=363.3  t=3.14s
  round  31/50: acc=0.5507  f1m=0.3270  uplink_kB=363.3  t=3.16s
  round  32/50: acc=0.5802  f1m=0.3049  uplink_kB=363.3  t=3.20s
  round  33/50: acc=0.5147  f1m=0.2886  uplink_kB=363.3  t=3.08s
  round  34/50: acc=0.4818  f1m=0.2683  uplink_kB=363.3  t=3.19s
  round  35/50: acc=0.4996  f1m=0.2752  uplink_kB=363.3  t=3.12s
  round  36/50: acc=0.5086  f1m=0.2591  uplink_kB=363.3  t=3.12s
  round  37/50: acc=0.5367  f1m=0.3084  uplink_kB=363.3  t=3.09s
  round  38/50: acc=0.5817  f1m=0.3011  uplink_kB=363.3  t=3.20s
  round  39/50: acc=0.6286  f1m=0.3800  uplink_kB=363.3  t=3.09s
  round  40/50: acc=0.5145  f1m=0.3537  uplink_kB=363.3  t=3.18s
  round  41/50: acc=0.5712  f1m=0.3569  uplink_kB=363.3  t=3.11s
  round  42/50: acc=0.6204  f1m=0.3470  uplink_kB=363.3  t=3.12s
  round  43/50: acc=0.6105  f1m=0.3192  uplink_kB=363.3  t=3.08s
  round  44/50: acc=0.5839  f1m=0.3304  uplink_kB=363.3  t=3.15s
  round  45/50: acc=0.6242  f1m=0.4085  uplink_kB=363.3  t=3.08s
  round  46/50: acc=0.5719  f1m=0.3081  uplink_kB=363.3  t=3.16s
  round  47/50: acc=0.5960  f1m=0.3325  uplink_kB=363.3  t=3.14s
  round  48/50: acc=0.6189  f1m=0.3424  uplink_kB=363.3  t=3.15s
  round  49/50: acc=0.6061  f1m=0.3154  uplink_kB=363.3  t=3.01s
  round  50/50: acc=0.5769  f1m=0.3156  uplink_kB=363.3  t=2.85s
[run] DONE -> /Users/agentra/Documents/hao/working/paper-lab/hao-paper-2026/iotj-fedkan-ids/repo/results/lrsweep_cseciic_mc50k/lrsweep_kan16_lr0p1__dir0.1__seed11/metrics.json  final_acc=0.5769
