[run] device=cpu  seed=2026  out=/Users/agentra/Documents/hao/working/paper-lab/hao-paper-2026/iotj-fedkan-ids/repo/results/lrsweep_cseciic_mc50k/lrsweep_mlp80_lr0p003__dir0.1__seed2026
[run] model=mlp  params=4,415
  round   1/50: acc=0.4000  f1m=0.2281  uplink_kB=172.5  t=1.62s
  round   2/50: acc=0.5009  f1m=0.3299  uplink_kB=172.5  t=1.05s
  round   3/50: acc=0.5295  f1m=0.3179  uplink_kB=172.5  t=1.09s
  round   4/50: acc=0.6420  f1m=0.4510  uplink_kB=172.5  t=1.00s
  round   5/50: acc=0.6254  f1m=0.4438  uplink_kB=172.5  t=1.06s
  round   6/50: acc=0.6408  f1m=0.4524  uplink_kB=172.5  t=1.03s
  round   7/50: acc=0.6446  f1m=0.4558  uplink_kB=172.5  t=1.07s
  round   8/50: acc=0.6419  f1m=0.4539  uplink_kB=172.5  t=1.04s
  round   9/50: acc=0.6430  f1m=0.4544  uplink_kB=172.5  t=1.12s
  round  10/50: acc=0.6592  f1m=0.4648  uplink_kB=172.5  t=1.06s
  round  11/50: acc=0.6612  f1m=0.4682  uplink_kB=172.5  t=1.08s
  round  12/50: acc=0.6838  f1m=0.4807  uplink_kB=172.5  t=1.03s
  round  13/50: acc=0.6709  f1m=0.4774  uplink_kB=172.5  t=1.11s
  round  14/50: acc=0.6960  f1m=0.4941  uplink_kB=172.5  t=1.03s
  round  15/50: acc=0.6970  f1m=0.4951  uplink_kB=172.5  t=1.09s
  round  16/50: acc=0.7024  f1m=0.5131  uplink_kB=172.5  t=1.01s
  round  17/50: acc=0.7037  f1m=0.5183  uplink_kB=172.5  t=1.08s
  round  18/50: acc=0.7259  f1m=0.5409  uplink_kB=172.5  t=1.04s
  round  19/50: acc=0.7264  f1m=0.5415  uplink_kB=172.5  t=1.07s
  round  20/50: acc=0.7274  f1m=0.5424  uplink_kB=172.5  t=1.04s
  round  21/50: acc=0.7274  f1m=0.5422  uplink_kB=172.5  t=1.07s
  round  22/50: acc=0.7284  f1m=0.5432  uplink_kB=172.5  t=1.02s
  round  23/50: acc=0.7286  f1m=0.5431  uplink_kB=172.5  t=1.07s
  round  24/50: acc=0.7289  f1m=0.5433  uplink_kB=172.5  t=1.03s
  round  25/50: acc=0.7289  f1m=0.5433  uplink_kB=172.5  t=1.05s
  round  26/50: acc=0.7297  f1m=0.5441  uplink_kB=172.5  t=1.06s
  round  27/50: acc=0.7302  f1m=0.5444  uplink_kB=172.5  t=1.08s
  round  28/50: acc=0.7303  f1m=0.5447  uplink_kB=172.5  t=1.05s
  round  29/50: acc=0.7301  f1m=0.5444  uplink_kB=172.5  t=1.11s
  round  30/50: acc=0.7305  f1m=0.5449  uplink_kB=172.5  t=1.03s
  round  31/50: acc=0.7305  f1m=0.5450  uplink_kB=172.5  t=1.10s
  round  32/50: acc=0.7309  f1m=0.5454  uplink_kB=172.5  t=1.03s
  round  33/50: acc=0.7310  f1m=0.5453  uplink_kB=172.5  t=1.06s
  round  34/50: acc=0.7311  f1m=0.5454  uplink_kB=172.5  t=1.03s
  round  35/50: acc=0.7318  f1m=0.5462  uplink_kB=172.5  t=1.07s
  round  36/50: acc=0.7318  f1m=0.5462  uplink_kB=172.5  t=1.01s
  round  37/50: acc=0.7317  f1m=0.5461  uplink_kB=172.5  t=1.11s
  round  38/50: acc=0.7317  f1m=0.5461  uplink_kB=172.5  t=1.00s
  round  39/50: acc=0.7326  f1m=0.5471  uplink_kB=172.5  t=1.08s
  round  40/50: acc=0.7312  f1m=0.5458  uplink_kB=172.5  t=1.02s
  round  41/50: acc=0.7324  f1m=0.5468  uplink_kB=172.5  t=1.08s
  round  42/50: acc=0.7327  f1m=0.5474  uplink_kB=172.5  t=1.04s
  round  43/50: acc=0.7324  f1m=0.5470  uplink_kB=172.5  t=1.08s
  round  44/50: acc=0.7332  f1m=0.5481  uplink_kB=172.5  t=1.00s
  round  45/50: acc=0.7332  f1m=0.5480  uplink_kB=172.5  t=1.12s
  round  46/50: acc=0.7338  f1m=0.5491  uplink_kB=172.5  t=1.01s
  round  47/50: acc=0.7340  f1m=0.5493  uplink_kB=172.5  t=1.07s
  round  48/50: acc=0.7341  f1m=0.5496  uplink_kB=172.5  t=1.02s
  round  49/50: acc=0.7347  f1m=0.5504  uplink_kB=172.5  t=1.11s
  round  50/50: acc=0.7344  f1m=0.5503  uplink_kB=172.5  t=1.03s
[run] DONE -> /Users/agentra/Documents/hao/working/paper-lab/hao-paper-2026/iotj-fedkan-ids/repo/results/lrsweep_cseciic_mc50k/lrsweep_mlp80_lr0p003__dir0.1__seed2026/metrics.json  final_acc=0.7344
