[run] device=cpu  seed=11  out=/Users/agentra/Documents/hao/working/paper-lab/hao-paper-2026/iotj-fedkan-ids/repo/results/lrsweep_toniot/lrsweep_kan8_lr0p1__dir0.1__seed11
[run] model=kan  params=3,280
  round   1/50: acc=0.4816  f1m=0.4694  uplink_kB=150.2  t=2.08s
  round   2/50: acc=0.4953  f1m=0.3363  uplink_kB=150.2  t=1.61s
  round   3/50: acc=0.5307  f1m=0.4020  uplink_kB=150.2  t=1.62s
  round   4/50: acc=0.5234  f1m=0.4073  uplink_kB=150.2  t=1.61s
  round   5/50: acc=0.6793  f1m=0.6784  uplink_kB=150.2  t=1.60s
  round   6/50: acc=0.7677  f1m=0.7668  uplink_kB=150.2  t=1.61s
  round   7/50: acc=0.6772  f1m=0.6571  uplink_kB=150.2  t=1.56s
  round   8/50: acc=0.6904  f1m=0.6890  uplink_kB=150.2  t=1.61s
  round   9/50: acc=0.5332  f1m=0.4386  uplink_kB=150.2  t=1.61s
  round  10/50: acc=0.8650  f1m=0.8647  uplink_kB=150.2  t=1.60s
  round  11/50: acc=0.5003  f1m=0.3342  uplink_kB=150.2  t=1.62s
  round  12/50: acc=0.7713  f1m=0.7608  uplink_kB=150.2  t=1.56s
  round  13/50: acc=0.5087  f1m=0.3525  uplink_kB=150.2  t=1.61s
  round  14/50: acc=0.7641  f1m=0.7640  uplink_kB=150.2  t=1.62s
  round  15/50: acc=0.7887  f1m=0.7811  uplink_kB=150.2  t=1.61s
  round  16/50: acc=0.5022  f1m=0.3386  uplink_kB=150.2  t=1.63s
  round  17/50: acc=0.8101  f1m=0.8070  uplink_kB=150.2  t=1.60s
  round  18/50: acc=0.5882  f1m=0.5110  uplink_kB=150.2  t=1.55s
  round  19/50: acc=0.7789  f1m=0.7700  uplink_kB=150.2  t=1.61s
  round  20/50: acc=0.4993  f1m=0.3358  uplink_kB=150.2  t=1.61s
  round  21/50: acc=0.5145  f1m=0.3658  uplink_kB=150.2  t=1.59s
  round  22/50: acc=0.5050  f1m=0.3444  uplink_kB=150.2  t=1.61s
  round  23/50: acc=0.6933  f1m=0.6822  uplink_kB=150.2  t=1.58s
  round  24/50: acc=0.5628  f1m=0.4617  uplink_kB=150.2  t=1.65s
  round  25/50: acc=0.5767  f1m=0.5093  uplink_kB=150.2  t=1.55s
  round  26/50: acc=0.5593  f1m=0.4573  uplink_kB=150.2  t=1.66s
  round  27/50: acc=0.5529  f1m=0.4454  uplink_kB=150.2  t=1.65s
  round  28/50: acc=0.5432  f1m=0.4245  uplink_kB=150.2  t=1.63s
  round  29/50: acc=0.5538  f1m=0.4483  uplink_kB=150.2  t=1.66s
  round  30/50: acc=0.5664  f1m=0.5172  uplink_kB=150.2  t=1.70s
  round  31/50: acc=0.5177  f1m=0.3716  uplink_kB=150.2  t=1.56s
  round  32/50: acc=0.5643  f1m=0.4834  uplink_kB=150.2  t=1.70s
  round  33/50: acc=0.5378  f1m=0.4492  uplink_kB=150.2  t=1.65s
  round  34/50: acc=0.5068  f1m=0.3484  uplink_kB=150.2  t=1.70s
  round  35/50: acc=0.5142  f1m=0.3642  uplink_kB=150.2  t=1.69s
  round  36/50: acc=0.5214  f1m=0.3836  uplink_kB=150.2  t=1.62s
  round  37/50: acc=0.5810  f1m=0.5227  uplink_kB=150.2  t=1.65s
  round  38/50: acc=0.3930  f1m=0.3773  uplink_kB=150.2  t=1.54s
  round  39/50: acc=0.3423  f1m=0.2582  uplink_kB=150.2  t=1.69s
  round  40/50: acc=0.5000  f1m=0.3333  uplink_kB=150.2  t=1.67s
  round  41/50: acc=0.5679  f1m=0.5451  uplink_kB=150.2  t=1.64s
  round  42/50: acc=0.3466  f1m=0.3466  uplink_kB=150.2  t=1.65s
  round  43/50: acc=0.5252  f1m=0.3882  uplink_kB=150.2  t=1.64s
  round  44/50: acc=0.2323  f1m=0.2312  uplink_kB=150.2  t=1.54s
  round  45/50: acc=0.8689  f1m=0.8683  uplink_kB=150.2  t=1.62s
  round  46/50: acc=0.4996  f1m=0.3332  uplink_kB=150.2  t=1.65s
  round  47/50: acc=0.5008  f1m=0.3353  uplink_kB=150.2  t=1.71s
  round  48/50: acc=0.4999  f1m=0.3334  uplink_kB=150.2  t=1.68s
  round  49/50: acc=0.5001  f1m=0.3336  uplink_kB=150.2  t=1.68s
  round  50/50: acc=0.4998  f1m=0.3333  uplink_kB=150.2  t=1.59s
[run] DONE -> /Users/agentra/Documents/hao/working/paper-lab/hao-paper-2026/iotj-fedkan-ids/repo/results/lrsweep_toniot/lrsweep_kan8_lr0p1__dir0.1__seed11/metrics.json  final_acc=0.4998
