[run] device=cpu  seed=37  out=/Users/agentra/Documents/hao/working/paper-lab/hao-paper-2026/iotj-fedkan-ids/repo/results/lrsweep_cseciic_mc/lrsweep_kan16_lr0p03__dir0.1__seed37
[run] model=kan  params=8,640
  round   1/50: acc=0.3856  f1m=0.1128  uplink_kB=363.3  t=6.90s
  round   2/50: acc=0.5691  f1m=0.2403  uplink_kB=363.3  t=6.42s
  round   3/50: acc=0.6119  f1m=0.3120  uplink_kB=363.3  t=6.34s
  round   4/50: acc=0.6489  f1m=0.4341  uplink_kB=363.3  t=6.25s
  round   5/50: acc=0.6687  f1m=0.4170  uplink_kB=363.3  t=6.24s
  round   6/50: acc=0.8089  f1m=0.4858  uplink_kB=363.3  t=6.33s
  round   7/50: acc=0.6585  f1m=0.4761  uplink_kB=363.3  t=6.22s
  round   8/50: acc=0.6666  f1m=0.5066  uplink_kB=363.3  t=6.27s
  round   9/50: acc=0.7203  f1m=0.6194  uplink_kB=363.3  t=6.31s
  round  10/50: acc=0.7679  f1m=0.6465  uplink_kB=363.3  t=6.52s
  round  11/50: acc=0.7845  f1m=0.5771  uplink_kB=363.3  t=7.25s
  round  12/50: acc=0.7642  f1m=0.6400  uplink_kB=363.3  t=7.34s
  round  13/50: acc=0.8033  f1m=0.5788  uplink_kB=363.3  t=6.32s
  round  14/50: acc=0.8124  f1m=0.5960  uplink_kB=363.3  t=6.29s
  round  15/50: acc=0.7577  f1m=0.5725  uplink_kB=363.3  t=6.25s
  round  16/50: acc=0.7949  f1m=0.5770  uplink_kB=363.3  t=6.31s
  round  17/50: acc=0.8308  f1m=0.6474  uplink_kB=363.3  t=6.38s
  round  18/50: acc=0.8396  f1m=0.6836  uplink_kB=363.3  t=7.58s
  round  19/50: acc=0.8117  f1m=0.5964  uplink_kB=363.3  t=7.09s
  round  20/50: acc=0.8505  f1m=0.7005  uplink_kB=363.3  t=6.38s
  round  21/50: acc=0.8464  f1m=0.7030  uplink_kB=363.3  t=6.67s
  round  22/50: acc=0.8304  f1m=0.6690  uplink_kB=363.3  t=6.85s
  round  23/50: acc=0.8181  f1m=0.6239  uplink_kB=363.3  t=6.27s
  round  24/50: acc=0.8480  f1m=0.7281  uplink_kB=363.3  t=6.32s
  round  25/50: acc=0.8164  f1m=0.6237  uplink_kB=363.3  t=6.40s
  round  26/50: acc=0.8379  f1m=0.6903  uplink_kB=363.3  t=6.30s
  round  27/50: acc=0.8401  f1m=0.6847  uplink_kB=363.3  t=6.37s
  round  28/50: acc=0.8387  f1m=0.6965  uplink_kB=363.3  t=6.91s
  round  29/50: acc=0.8149  f1m=0.6121  uplink_kB=363.3  t=6.22s
  round  30/50: acc=0.8531  f1m=0.7337  uplink_kB=363.3  t=6.28s
  round  31/50: acc=0.8211  f1m=0.6078  uplink_kB=363.3  t=6.36s
  round  32/50: acc=0.8493  f1m=0.6473  uplink_kB=363.3  t=6.37s
  round  33/50: acc=0.8495  f1m=0.7045  uplink_kB=363.3  t=6.42s
  round  34/50: acc=0.8395  f1m=0.6403  uplink_kB=363.3  t=6.33s
  round  35/50: acc=0.8436  f1m=0.6829  uplink_kB=363.3  t=6.46s
  round  36/50: acc=0.8384  f1m=0.6901  uplink_kB=363.3  t=6.28s
  round  37/50: acc=0.8008  f1m=0.5721  uplink_kB=363.3  t=6.36s
  round  38/50: acc=0.8486  f1m=0.7197  uplink_kB=363.3  t=6.58s
  round  39/50: acc=0.8535  f1m=0.7201  uplink_kB=363.3  t=6.43s
  round  40/50: acc=0.8784  f1m=0.7524  uplink_kB=363.3  t=6.37s
  round  41/50: acc=0.8530  f1m=0.7176  uplink_kB=363.3  t=6.41s
  round  42/50: acc=0.8538  f1m=0.7120  uplink_kB=363.3  t=6.34s
  round  43/50: acc=0.8343  f1m=0.6445  uplink_kB=363.3  t=6.39s
  round  44/50: acc=0.8511  f1m=0.7124  uplink_kB=363.3  t=6.52s
  round  45/50: acc=0.8542  f1m=0.7103  uplink_kB=363.3  t=6.37s
  round  46/50: acc=0.8724  f1m=0.7281  uplink_kB=363.3  t=6.39s
  round  47/50: acc=0.8536  f1m=0.7330  uplink_kB=363.3  t=6.42s
  round  48/50: acc=0.8517  f1m=0.7129  uplink_kB=363.3  t=6.48s
  round  49/50: acc=0.8642  f1m=0.7072  uplink_kB=363.3  t=6.40s
  round  50/50: acc=0.8758  f1m=0.6902  uplink_kB=363.3  t=6.37s
[run] DONE -> /Users/agentra/Documents/hao/working/paper-lab/hao-paper-2026/iotj-fedkan-ids/repo/results/lrsweep_cseciic_mc/lrsweep_kan16_lr0p03__dir0.1__seed37/metrics.json  final_acc=0.8758
