[run] device=cpu  seed=37  out=/Users/agentra/Documents/hao/working/paper-lab/hao-paper-2026/iotj-fedkan-ids/repo/results/sensitivity_botiot/sens_G10__dir0.1__seed37
[run] model=kan  params=4,920
  round   1/50: acc=0.8106  f1m=0.8035  uplink_kB=223.4  t=3.34s
  round   2/50: acc=0.9415  f1m=0.9415  uplink_kB=223.4  t=2.34s
  round   3/50: acc=0.9350  f1m=0.9350  uplink_kB=223.4  t=2.29s
  round   4/50: acc=0.9698  f1m=0.9698  uplink_kB=223.4  t=2.62s
  round   5/50: acc=0.9709  f1m=0.9709  uplink_kB=223.4  t=2.24s
  round   6/50: acc=0.9244  f1m=0.9240  uplink_kB=223.4  t=2.36s
  round   7/50: acc=0.9358  f1m=0.9356  uplink_kB=223.4  t=2.55s
  round   8/50: acc=0.9261  f1m=0.9257  uplink_kB=223.4  t=2.22s
  round   9/50: acc=0.9359  f1m=0.9357  uplink_kB=223.4  t=2.12s
  round  10/50: acc=0.9293  f1m=0.9289  uplink_kB=223.4  t=2.09s
  round  11/50: acc=0.9356  f1m=0.9353  uplink_kB=223.4  t=2.08s
  round  12/50: acc=0.9865  f1m=0.9865  uplink_kB=223.4  t=2.11s
  round  13/50: acc=0.9970  f1m=0.9970  uplink_kB=223.4  t=2.24s
  round  14/50: acc=0.9337  f1m=0.9334  uplink_kB=223.4  t=2.26s
  round  15/50: acc=0.9958  f1m=0.9958  uplink_kB=223.4  t=2.26s
  round  16/50: acc=0.9951  f1m=0.9951  uplink_kB=223.4  t=2.22s
  round  17/50: acc=0.9954  f1m=0.9954  uplink_kB=223.4  t=5.15s
  round  18/50: acc=0.9971  f1m=0.9971  uplink_kB=223.4  t=4.32s
  round  19/50: acc=0.9959  f1m=0.9959  uplink_kB=223.4  t=2.16s
  round  20/50: acc=0.9961  f1m=0.9961  uplink_kB=223.4  t=2.24s
  round  21/50: acc=0.9957  f1m=0.9957  uplink_kB=223.4  t=2.10s
  round  22/50: acc=0.9907  f1m=0.9907  uplink_kB=223.4  t=2.07s
  round  23/50: acc=0.9904  f1m=0.9904  uplink_kB=223.4  t=2.59s
  round  24/50: acc=0.9974  f1m=0.9974  uplink_kB=223.4  t=2.23s
  round  25/50: acc=0.9968  f1m=0.9968  uplink_kB=223.4  t=2.34s
  round  26/50: acc=0.9981  f1m=0.9981  uplink_kB=223.4  t=2.15s
  round  27/50: acc=0.9977  f1m=0.9977  uplink_kB=223.4  t=2.30s
  round  28/50: acc=0.9980  f1m=0.9980  uplink_kB=223.4  t=2.29s
  round  29/50: acc=0.9981  f1m=0.9981  uplink_kB=223.4  t=2.27s
  round  30/50: acc=0.9982  f1m=0.9982  uplink_kB=223.4  t=2.31s
  round  31/50: acc=0.9923  f1m=0.9923  uplink_kB=223.4  t=2.26s
  round  32/50: acc=0.9984  f1m=0.9984  uplink_kB=223.4  t=2.27s
  round  33/50: acc=0.9982  f1m=0.9982  uplink_kB=223.4  t=2.28s
  round  34/50: acc=0.9984  f1m=0.9984  uplink_kB=223.4  t=2.28s
  round  35/50: acc=0.9976  f1m=0.9976  uplink_kB=223.4  t=2.26s
  round  36/50: acc=0.9982  f1m=0.9982  uplink_kB=223.4  t=2.39s
  round  37/50: acc=0.9985  f1m=0.9985  uplink_kB=223.4  t=2.31s
  round  38/50: acc=0.9983  f1m=0.9983  uplink_kB=223.4  t=2.34s
  round  39/50: acc=0.9981  f1m=0.9981  uplink_kB=223.4  t=2.34s
  round  40/50: acc=0.9979  f1m=0.9979  uplink_kB=223.4  t=2.31s
  round  41/50: acc=0.9982  f1m=0.9982  uplink_kB=223.4  t=2.29s
  round  42/50: acc=0.9977  f1m=0.9977  uplink_kB=223.4  t=2.30s
  round  43/50: acc=0.9981  f1m=0.9981  uplink_kB=223.4  t=2.31s
  round  44/50: acc=0.9986  f1m=0.9986  uplink_kB=223.4  t=2.28s
  round  45/50: acc=0.9986  f1m=0.9986  uplink_kB=223.4  t=2.37s
  round  46/50: acc=0.9982  f1m=0.9982  uplink_kB=223.4  t=2.21s
  round  47/50: acc=0.9984  f1m=0.9984  uplink_kB=223.4  t=2.26s
  round  48/50: acc=0.9979  f1m=0.9979  uplink_kB=223.4  t=2.36s
  round  49/50: acc=0.9975  f1m=0.9975  uplink_kB=223.4  t=2.30s
  round  50/50: acc=0.9982  f1m=0.9982  uplink_kB=223.4  t=2.31s
[run] DONE -> /Users/agentra/Documents/hao/working/paper-lab/hao-paper-2026/iotj-fedkan-ids/repo/results/sensitivity_botiot/sens_G10__dir0.1__seed37/metrics.json  final_acc=0.9982
