[run] device=cpu  seed=43  out=/Users/agentra/Documents/hao/working/paper-lab/hao-paper-2026/iotj-fedkan-ids/repo/results/lrsweep_toniot/lrsweep_kan8_lr0p003__dir0.1__seed43
[run] model=kan  params=3,280
  round   1/50: acc=0.4999  f1m=0.3333  uplink_kB=150.2  t=2.18s
  round   2/50: acc=0.6330  f1m=0.6239  uplink_kB=150.2  t=1.65s
  round   3/50: acc=0.6883  f1m=0.6882  uplink_kB=150.2  t=1.63s
  round   4/50: acc=0.6469  f1m=0.6399  uplink_kB=150.2  t=1.65s
  round   5/50: acc=0.6460  f1m=0.6389  uplink_kB=150.2  t=1.83s
  round   6/50: acc=0.6453  f1m=0.6381  uplink_kB=150.2  t=1.69s
  round   7/50: acc=0.6467  f1m=0.6397  uplink_kB=150.2  t=1.61s
  round   8/50: acc=0.6494  f1m=0.6426  uplink_kB=150.2  t=1.72s
  round   9/50: acc=0.6605  f1m=0.6550  uplink_kB=150.2  t=1.60s
  round  10/50: acc=0.7563  f1m=0.7448  uplink_kB=150.2  t=1.60s
  round  11/50: acc=0.7586  f1m=0.7478  uplink_kB=150.2  t=1.62s
  round  12/50: acc=0.7667  f1m=0.7574  uplink_kB=150.2  t=1.64s
  round  13/50: acc=0.7724  f1m=0.7641  uplink_kB=150.2  t=1.61s
  round  14/50: acc=0.7737  f1m=0.7656  uplink_kB=150.2  t=1.60s
  round  15/50: acc=0.5593  f1m=0.4754  uplink_kB=150.2  t=1.65s
  round  16/50: acc=0.5609  f1m=0.4784  uplink_kB=150.2  t=1.60s
  round  17/50: acc=0.5609  f1m=0.4780  uplink_kB=150.2  t=1.59s
  round  18/50: acc=0.5629  f1m=0.4821  uplink_kB=150.2  t=1.58s
  round  19/50: acc=0.5639  f1m=0.4836  uplink_kB=150.2  t=1.60s
  round  20/50: acc=0.5642  f1m=0.4841  uplink_kB=150.2  t=1.57s
  round  21/50: acc=0.5638  f1m=0.4830  uplink_kB=150.2  t=1.59s
  round  22/50: acc=0.5677  f1m=0.4830  uplink_kB=150.2  t=1.53s
  round  23/50: acc=0.5668  f1m=0.4810  uplink_kB=150.2  t=1.61s
  round  24/50: acc=0.5673  f1m=0.4822  uplink_kB=150.2  t=1.58s
  round  25/50: acc=0.5668  f1m=0.4810  uplink_kB=150.2  t=1.64s
  round  26/50: acc=0.5667  f1m=0.4813  uplink_kB=150.2  t=1.59s
  round  27/50: acc=0.5672  f1m=0.4821  uplink_kB=150.2  t=1.60s
  round  28/50: acc=0.5663  f1m=0.4804  uplink_kB=150.2  t=1.56s
  round  29/50: acc=0.5675  f1m=0.4825  uplink_kB=150.2  t=1.59s
  round  30/50: acc=0.5685  f1m=0.4841  uplink_kB=150.2  t=1.59s
  round  31/50: acc=0.5673  f1m=0.4814  uplink_kB=150.2  t=1.60s
  round  32/50: acc=0.5738  f1m=0.4934  uplink_kB=150.2  t=1.61s
  round  33/50: acc=0.5722  f1m=0.4905  uplink_kB=150.2  t=1.62s
  round  34/50: acc=0.5741  f1m=0.4938  uplink_kB=150.2  t=1.63s
  round  35/50: acc=0.5712  f1m=0.4882  uplink_kB=150.2  t=1.55s
  round  36/50: acc=0.5750  f1m=0.4953  uplink_kB=150.2  t=1.59s
  round  37/50: acc=0.5727  f1m=0.4910  uplink_kB=150.2  t=1.59s
  round  38/50: acc=0.5762  f1m=0.4969  uplink_kB=150.2  t=1.59s
  round  39/50: acc=0.5761  f1m=0.4972  uplink_kB=150.2  t=1.59s
  round  40/50: acc=0.5782  f1m=0.5010  uplink_kB=150.2  t=1.63s
  round  41/50: acc=0.5828  f1m=0.5101  uplink_kB=150.2  t=1.58s
  round  42/50: acc=0.5922  f1m=0.5263  uplink_kB=150.2  t=1.58s
  round  43/50: acc=0.8139  f1m=0.8101  uplink_kB=150.2  t=1.56s
  round  44/50: acc=0.8351  f1m=0.8326  uplink_kB=150.2  t=1.59s
  round  45/50: acc=0.8036  f1m=0.7979  uplink_kB=150.2  t=1.61s
  round  46/50: acc=0.8130  f1m=0.8084  uplink_kB=150.2  t=1.60s
  round  47/50: acc=0.8133  f1m=0.8087  uplink_kB=150.2  t=1.57s
  round  48/50: acc=0.8143  f1m=0.8098  uplink_kB=150.2  t=1.61s
  round  49/50: acc=0.9023  f1m=0.9020  uplink_kB=150.2  t=1.55s
  round  50/50: acc=0.8975  f1m=0.8970  uplink_kB=150.2  t=1.56s
[run] DONE -> /Users/agentra/Documents/hao/working/paper-lab/hao-paper-2026/iotj-fedkan-ids/repo/results/lrsweep_toniot/lrsweep_kan8_lr0p003__dir0.1__seed43/metrics.json  final_acc=0.8975
