[run] device=cpu  seed=29  out=/Users/agentra/Documents/hao/working/paper-lab/hao-paper-2026/iotj-fedkan-ids/repo/results/lrsweep_cseciic_mc/lrsweep_mlp80_lr0p01__dir0.1__seed29
[run] model=mlp  params=4,415
  round   1/50: acc=0.2502  f1m=0.0670  uplink_kB=172.5  t=3.00s
  round   2/50: acc=0.4410  f1m=0.2565  uplink_kB=172.5  t=2.18s
  round   3/50: acc=0.5006  f1m=0.3162  uplink_kB=172.5  t=2.20s
  round   4/50: acc=0.5110  f1m=0.3316  uplink_kB=172.5  t=2.34s
  round   5/50: acc=0.5487  f1m=0.3655  uplink_kB=172.5  t=2.24s
  round   6/50: acc=0.6416  f1m=0.4924  uplink_kB=172.5  t=2.26s
  round   7/50: acc=0.6414  f1m=0.4861  uplink_kB=172.5  t=2.22s
  round   8/50: acc=0.6735  f1m=0.5198  uplink_kB=172.5  t=2.15s
  round   9/50: acc=0.6690  f1m=0.4913  uplink_kB=172.5  t=2.76s
  round  10/50: acc=0.6778  f1m=0.5067  uplink_kB=172.5  t=2.34s
  round  11/50: acc=0.6661  f1m=0.4728  uplink_kB=172.5  t=2.20s
  round  12/50: acc=0.6823  f1m=0.4799  uplink_kB=172.5  t=2.22s
  round  13/50: acc=0.6926  f1m=0.5030  uplink_kB=172.5  t=2.11s
  round  14/50: acc=0.6948  f1m=0.5229  uplink_kB=172.5  t=2.15s
  round  15/50: acc=0.7016  f1m=0.5579  uplink_kB=172.5  t=2.27s
  round  16/50: acc=0.6878  f1m=0.4991  uplink_kB=172.5  t=2.26s
  round  17/50: acc=0.6855  f1m=0.5422  uplink_kB=172.5  t=2.14s
  round  18/50: acc=0.6786  f1m=0.5306  uplink_kB=172.5  t=2.13s
  round  19/50: acc=0.7019  f1m=0.5732  uplink_kB=172.5  t=2.26s
  round  20/50: acc=0.6965  f1m=0.5934  uplink_kB=172.5  t=2.15s
  round  21/50: acc=0.6844  f1m=0.5417  uplink_kB=172.5  t=2.21s
  round  22/50: acc=0.6939  f1m=0.5806  uplink_kB=172.5  t=2.26s
  round  23/50: acc=0.6678  f1m=0.5209  uplink_kB=172.5  t=2.27s
  round  24/50: acc=0.6861  f1m=0.5791  uplink_kB=172.5  t=2.13s
  round  25/50: acc=0.6885  f1m=0.5564  uplink_kB=172.5  t=2.20s
  round  26/50: acc=0.6884  f1m=0.5851  uplink_kB=172.5  t=2.18s
  round  27/50: acc=0.6917  f1m=0.5679  uplink_kB=172.5  t=2.24s
  round  28/50: acc=0.6874  f1m=0.5780  uplink_kB=172.5  t=2.17s
  round  29/50: acc=0.6677  f1m=0.4774  uplink_kB=172.5  t=2.16s
  round  30/50: acc=0.7008  f1m=0.6301  uplink_kB=172.5  t=2.24s
  round  31/50: acc=0.6895  f1m=0.5875  uplink_kB=172.5  t=2.33s
  round  32/50: acc=0.7481  f1m=0.6682  uplink_kB=172.5  t=2.23s
  round  33/50: acc=0.8068  f1m=0.6692  uplink_kB=172.5  t=2.20s
  round  34/50: acc=0.7949  f1m=0.6867  uplink_kB=172.5  t=2.24s
  round  35/50: acc=0.6853  f1m=0.5558  uplink_kB=172.5  t=2.28s
  round  36/50: acc=0.7996  f1m=0.6262  uplink_kB=172.5  t=2.20s
  round  37/50: acc=0.8155  f1m=0.6575  uplink_kB=172.5  t=2.18s
  round  38/50: acc=0.8185  f1m=0.6719  uplink_kB=172.5  t=2.18s
  round  39/50: acc=0.8241  f1m=0.7040  uplink_kB=172.5  t=2.22s
  round  40/50: acc=0.8429  f1m=0.6826  uplink_kB=172.5  t=2.25s
  round  41/50: acc=0.8370  f1m=0.7068  uplink_kB=172.5  t=2.20s
  round  42/50: acc=0.8296  f1m=0.6983  uplink_kB=172.5  t=2.21s
  round  43/50: acc=0.8261  f1m=0.6961  uplink_kB=172.5  t=2.24s
  round  44/50: acc=0.8289  f1m=0.6986  uplink_kB=172.5  t=2.26s
  round  45/50: acc=0.8339  f1m=0.6946  uplink_kB=172.5  t=2.17s
  round  46/50: acc=0.8270  f1m=0.6986  uplink_kB=172.5  t=2.17s
  round  47/50: acc=0.8328  f1m=0.7021  uplink_kB=172.5  t=2.24s
  round  48/50: acc=0.8361  f1m=0.7067  uplink_kB=172.5  t=2.21s
  round  49/50: acc=0.8327  f1m=0.7004  uplink_kB=172.5  t=2.27s
  round  50/50: acc=0.8328  f1m=0.7040  uplink_kB=172.5  t=2.27s
[run] DONE -> /Users/agentra/Documents/hao/working/paper-lab/hao-paper-2026/iotj-fedkan-ids/repo/results/lrsweep_cseciic_mc/lrsweep_mlp80_lr0p01__dir0.1__seed29/metrics.json  final_acc=0.8328
