[run] device=cpu  seed=17  out=/Users/agentra/Documents/hao/working/paper-lab/hao-paper-2026/iotj-fedkan-ids/repo/results/lrsweep_botiot/lrsweep_kan8_lr0p003__dir0.1__seed17
[run] model=kan  params=3,280
  round   1/50: acc=0.9427  f1m=0.9427  uplink_kB=150.2  t=2.25s
  round   2/50: acc=0.9596  f1m=0.9596  uplink_kB=150.2  t=1.60s
  round   3/50: acc=0.9638  f1m=0.9638  uplink_kB=150.2  t=1.61s
  round   4/50: acc=0.9704  f1m=0.9704  uplink_kB=150.2  t=1.57s
  round   5/50: acc=0.9706  f1m=0.9706  uplink_kB=150.2  t=1.53s
  round   6/50: acc=0.9718  f1m=0.9718  uplink_kB=150.2  t=1.58s
  round   7/50: acc=0.9723  f1m=0.9723  uplink_kB=150.2  t=1.60s
  round   8/50: acc=0.9726  f1m=0.9726  uplink_kB=150.2  t=1.61s
  round   9/50: acc=0.9726  f1m=0.9726  uplink_kB=150.2  t=1.62s
  round  10/50: acc=0.9727  f1m=0.9727  uplink_kB=150.2  t=1.61s
  round  11/50: acc=0.9736  f1m=0.9736  uplink_kB=150.2  t=1.63s
  round  12/50: acc=0.9738  f1m=0.9738  uplink_kB=150.2  t=1.55s
  round  13/50: acc=0.9738  f1m=0.9738  uplink_kB=150.2  t=1.62s
  round  14/50: acc=0.9740  f1m=0.9740  uplink_kB=150.2  t=1.64s
  round  15/50: acc=0.9741  f1m=0.9741  uplink_kB=150.2  t=1.66s
  round  16/50: acc=0.9743  f1m=0.9743  uplink_kB=150.2  t=1.62s
  round  17/50: acc=0.9741  f1m=0.9741  uplink_kB=150.2  t=1.60s
  round  18/50: acc=0.9743  f1m=0.9743  uplink_kB=150.2  t=1.57s
  round  19/50: acc=0.9742  f1m=0.9742  uplink_kB=150.2  t=1.63s
  round  20/50: acc=0.9742  f1m=0.9742  uplink_kB=150.2  t=1.67s
  round  21/50: acc=0.9741  f1m=0.9741  uplink_kB=150.2  t=1.66s
  round  22/50: acc=0.9743  f1m=0.9742  uplink_kB=150.2  t=1.62s
  round  23/50: acc=0.9743  f1m=0.9742  uplink_kB=150.2  t=1.58s
  round  24/50: acc=0.9743  f1m=0.9742  uplink_kB=150.2  t=1.60s
  round  25/50: acc=0.9744  f1m=0.9744  uplink_kB=150.2  t=1.57s
  round  26/50: acc=0.9751  f1m=0.9751  uplink_kB=150.2  t=1.64s
  round  27/50: acc=0.9750  f1m=0.9750  uplink_kB=150.2  t=1.59s
  round  28/50: acc=0.9750  f1m=0.9750  uplink_kB=150.2  t=1.59s
  round  29/50: acc=0.9750  f1m=0.9750  uplink_kB=150.2  t=1.60s
  round  30/50: acc=0.9747  f1m=0.9747  uplink_kB=150.2  t=1.66s
  round  31/50: acc=0.9752  f1m=0.9752  uplink_kB=150.2  t=1.61s
  round  32/50: acc=0.9752  f1m=0.9751  uplink_kB=150.2  t=1.57s
  round  33/50: acc=0.9753  f1m=0.9753  uplink_kB=150.2  t=1.66s
  round  34/50: acc=0.9755  f1m=0.9755  uplink_kB=150.2  t=1.63s
  round  35/50: acc=0.9754  f1m=0.9753  uplink_kB=150.2  t=1.61s
  round  36/50: acc=0.9972  f1m=0.9972  uplink_kB=150.2  t=1.62s
  round  37/50: acc=0.9973  f1m=0.9973  uplink_kB=150.2  t=1.62s
  round  38/50: acc=0.9755  f1m=0.9755  uplink_kB=150.2  t=1.61s
  round  39/50: acc=0.9973  f1m=0.9973  uplink_kB=150.2  t=1.57s
  round  40/50: acc=0.9975  f1m=0.9975  uplink_kB=150.2  t=1.63s
  round  41/50: acc=0.9974  f1m=0.9974  uplink_kB=150.2  t=1.56s
  round  42/50: acc=0.9972  f1m=0.9972  uplink_kB=150.2  t=1.61s
  round  43/50: acc=0.9971  f1m=0.9971  uplink_kB=150.2  t=1.63s
  round  44/50: acc=0.9972  f1m=0.9972  uplink_kB=150.2  t=1.62s
  round  45/50: acc=0.9973  f1m=0.9973  uplink_kB=150.2  t=1.59s
  round  46/50: acc=0.9966  f1m=0.9966  uplink_kB=150.2  t=1.55s
  round  47/50: acc=0.9972  f1m=0.9972  uplink_kB=150.2  t=1.62s
  round  48/50: acc=0.9972  f1m=0.9972  uplink_kB=150.2  t=1.62s
  round  49/50: acc=0.9971  f1m=0.9971  uplink_kB=150.2  t=1.61s
  round  50/50: acc=0.9974  f1m=0.9974  uplink_kB=150.2  t=1.59s
[run] DONE -> /Users/agentra/Documents/hao/working/paper-lab/hao-paper-2026/iotj-fedkan-ids/repo/results/lrsweep_botiot/lrsweep_kan8_lr0p003__dir0.1__seed17/metrics.json  final_acc=0.9974
