[run] device=cpu  seed=23  out=/Users/agentra/Documents/hao/working/paper-lab/hao-paper-2026/iotj-fedkan-ids/repo/results/lrsweep_cseciic/lrsweep_kan8_lr0p001__dir0.1__seed23
[run] model=kan  params=3,280
  round   1/50: acc=0.8513  f1m=0.8507  uplink_kB=150.2  t=2.38s
  round   2/50: acc=0.8793  f1m=0.8792  uplink_kB=150.2  t=1.61s
  round   3/50: acc=0.9123  f1m=0.9123  uplink_kB=150.2  t=1.60s
  round   4/50: acc=0.9061  f1m=0.9060  uplink_kB=150.2  t=1.66s
  round   5/50: acc=0.9129  f1m=0.9127  uplink_kB=150.2  t=1.57s
  round   6/50: acc=0.9150  f1m=0.9147  uplink_kB=150.2  t=1.77s
  round   7/50: acc=0.9190  f1m=0.9188  uplink_kB=150.2  t=1.75s
  round   8/50: acc=0.9259  f1m=0.9258  uplink_kB=150.2  t=1.63s
  round   9/50: acc=0.9284  f1m=0.9283  uplink_kB=150.2  t=1.61s
  round  10/50: acc=0.9288  f1m=0.9287  uplink_kB=150.2  t=1.67s
  round  11/50: acc=0.9295  f1m=0.9294  uplink_kB=150.2  t=1.62s
  round  12/50: acc=0.9500  f1m=0.9500  uplink_kB=150.2  t=1.58s
  round  13/50: acc=0.9545  f1m=0.9545  uplink_kB=150.2  t=1.70s
  round  14/50: acc=0.9541  f1m=0.9541  uplink_kB=150.2  t=1.59s
  round  15/50: acc=0.9553  f1m=0.9552  uplink_kB=150.2  t=1.60s
  round  16/50: acc=0.9572  f1m=0.9571  uplink_kB=150.2  t=1.63s
  round  17/50: acc=0.9565  f1m=0.9565  uplink_kB=150.2  t=1.63s
  round  18/50: acc=0.9551  f1m=0.9551  uplink_kB=150.2  t=1.57s
  round  19/50: acc=0.9555  f1m=0.9555  uplink_kB=150.2  t=1.64s
  round  20/50: acc=0.9557  f1m=0.9557  uplink_kB=150.2  t=1.62s
  round  21/50: acc=0.9620  f1m=0.9620  uplink_kB=150.2  t=1.63s
  round  22/50: acc=0.9623  f1m=0.9623  uplink_kB=150.2  t=1.67s
  round  23/50: acc=0.9632  f1m=0.9632  uplink_kB=150.2  t=1.62s
  round  24/50: acc=0.9631  f1m=0.9631  uplink_kB=150.2  t=1.63s
  round  25/50: acc=0.9632  f1m=0.9632  uplink_kB=150.2  t=1.68s
  round  26/50: acc=0.9632  f1m=0.9631  uplink_kB=150.2  t=1.73s
  round  27/50: acc=0.9638  f1m=0.9638  uplink_kB=150.2  t=1.76s
  round  28/50: acc=0.9639  f1m=0.9639  uplink_kB=150.2  t=1.74s
  round  29/50: acc=0.9638  f1m=0.9638  uplink_kB=150.2  t=1.70s
  round  30/50: acc=0.9658  f1m=0.9658  uplink_kB=150.2  t=1.66s
  round  31/50: acc=0.9657  f1m=0.9657  uplink_kB=150.2  t=1.82s
  round  32/50: acc=0.9658  f1m=0.9658  uplink_kB=150.2  t=1.55s
  round  33/50: acc=0.9658  f1m=0.9658  uplink_kB=150.2  t=1.65s
  round  34/50: acc=0.9670  f1m=0.9670  uplink_kB=150.2  t=1.64s
  round  35/50: acc=0.9672  f1m=0.9672  uplink_kB=150.2  t=1.62s
  round  36/50: acc=0.9673  f1m=0.9673  uplink_kB=150.2  t=1.60s
  round  37/50: acc=0.9683  f1m=0.9683  uplink_kB=150.2  t=1.64s
  round  38/50: acc=0.9690  f1m=0.9690  uplink_kB=150.2  t=1.61s
  round  39/50: acc=0.9702  f1m=0.9702  uplink_kB=150.2  t=1.56s
  round  40/50: acc=0.9708  f1m=0.9707  uplink_kB=150.2  t=1.65s
  round  41/50: acc=0.9708  f1m=0.9708  uplink_kB=150.2  t=1.63s
  round  42/50: acc=0.9715  f1m=0.9715  uplink_kB=150.2  t=1.63s
  round  43/50: acc=0.9709  f1m=0.9709  uplink_kB=150.2  t=1.62s
  round  44/50: acc=0.9717  f1m=0.9716  uplink_kB=150.2  t=1.63s
  round  45/50: acc=0.9712  f1m=0.9711  uplink_kB=150.2  t=1.57s
  round  46/50: acc=0.9714  f1m=0.9714  uplink_kB=150.2  t=1.59s
  round  47/50: acc=0.9719  f1m=0.9719  uplink_kB=150.2  t=1.62s
  round  48/50: acc=0.9720  f1m=0.9720  uplink_kB=150.2  t=1.64s
  round  49/50: acc=0.9712  f1m=0.9712  uplink_kB=150.2  t=1.59s
  round  50/50: acc=0.9722  f1m=0.9722  uplink_kB=150.2  t=1.63s
[run] DONE -> /Users/agentra/Documents/hao/working/paper-lab/hao-paper-2026/iotj-fedkan-ids/repo/results/lrsweep_cseciic/lrsweep_kan8_lr0p001__dir0.1__seed23/metrics.json  final_acc=0.9722
