[run] device=cpu  seed=17  out=/Users/agentra/Documents/hao/working/paper-lab/hao-paper-2026/iotj-fedkan-ids/repo/results/lrsweep_cseciic/lrsweep_mlp32_lr0p03__dir0.1__seed17
[run] model=mlp  params=1,346
  round   1/50: acc=0.5000  f1m=0.3333  uplink_kB=52.6  t=1.32s
  round   2/50: acc=0.9160  f1m=0.9158  uplink_kB=52.6  t=0.67s
  round   3/50: acc=0.8796  f1m=0.8780  uplink_kB=52.6  t=0.65s
  round   4/50: acc=0.9146  f1m=0.9144  uplink_kB=52.6  t=0.64s
  round   5/50: acc=0.9142  f1m=0.9140  uplink_kB=52.6  t=0.70s
  round   6/50: acc=0.9140  f1m=0.9138  uplink_kB=52.6  t=0.66s
  round   7/50: acc=0.9139  f1m=0.9138  uplink_kB=52.6  t=0.64s
  round   8/50: acc=0.9170  f1m=0.9169  uplink_kB=52.6  t=0.66s
  round   9/50: acc=0.9143  f1m=0.9141  uplink_kB=52.6  t=0.66s
  round  10/50: acc=0.9140  f1m=0.9139  uplink_kB=52.6  t=0.68s
  round  11/50: acc=0.9139  f1m=0.9137  uplink_kB=52.6  t=0.64s
  round  12/50: acc=0.9140  f1m=0.9139  uplink_kB=52.6  t=0.62s
  round  13/50: acc=0.9130  f1m=0.9129  uplink_kB=52.6  t=0.64s
  round  14/50: acc=0.9153  f1m=0.9153  uplink_kB=52.6  t=0.66s
  round  15/50: acc=0.9148  f1m=0.9148  uplink_kB=52.6  t=0.65s
  round  16/50: acc=0.9135  f1m=0.9135  uplink_kB=52.6  t=0.64s
  round  17/50: acc=0.9159  f1m=0.9159  uplink_kB=52.6  t=0.63s
  round  18/50: acc=0.9019  f1m=0.9019  uplink_kB=52.6  t=0.65s
  round  19/50: acc=0.9189  f1m=0.9188  uplink_kB=52.6  t=0.64s
  round  20/50: acc=0.9117  f1m=0.9117  uplink_kB=52.6  t=0.67s
  round  21/50: acc=0.9114  f1m=0.9114  uplink_kB=52.6  t=0.67s
  round  22/50: acc=0.9271  f1m=0.9271  uplink_kB=52.6  t=0.63s
  round  23/50: acc=0.9032  f1m=0.9032  uplink_kB=52.6  t=0.67s
  round  24/50: acc=0.9197  f1m=0.9196  uplink_kB=52.6  t=0.66s
  round  25/50: acc=0.9226  f1m=0.9225  uplink_kB=52.6  t=0.66s
  round  26/50: acc=0.9252  f1m=0.9252  uplink_kB=52.6  t=0.61s
  round  27/50: acc=0.9191  f1m=0.9190  uplink_kB=52.6  t=0.69s
  round  28/50: acc=0.9218  f1m=0.9218  uplink_kB=52.6  t=0.67s
  round  29/50: acc=0.9186  f1m=0.9185  uplink_kB=52.6  t=0.67s
  round  30/50: acc=0.9109  f1m=0.9109  uplink_kB=52.6  t=0.64s
  round  31/50: acc=0.9212  f1m=0.9211  uplink_kB=52.6  t=0.64s
  round  32/50: acc=0.9121  f1m=0.9121  uplink_kB=52.6  t=0.65s
  round  33/50: acc=0.9124  f1m=0.9124  uplink_kB=52.6  t=0.62s
  round  34/50: acc=0.9104  f1m=0.9104  uplink_kB=52.6  t=0.65s
  round  35/50: acc=0.9257  f1m=0.9256  uplink_kB=52.6  t=0.68s
  round  36/50: acc=0.9124  f1m=0.9124  uplink_kB=52.6  t=0.64s
  round  37/50: acc=0.9044  f1m=0.9044  uplink_kB=52.6  t=0.68s
  round  38/50: acc=0.8991  f1m=0.8991  uplink_kB=52.6  t=0.66s
  round  39/50: acc=0.9003  f1m=0.9003  uplink_kB=52.6  t=0.66s
  round  40/50: acc=0.8987  f1m=0.8986  uplink_kB=52.6  t=0.60s
  round  41/50: acc=0.9026  f1m=0.9025  uplink_kB=52.6  t=0.68s
  round  42/50: acc=0.9012  f1m=0.9012  uplink_kB=52.6  t=0.68s
  round  43/50: acc=0.8929  f1m=0.8928  uplink_kB=52.6  t=0.66s
  round  44/50: acc=0.8954  f1m=0.8954  uplink_kB=52.6  t=0.67s
  round  45/50: acc=0.8473  f1m=0.8465  uplink_kB=52.6  t=0.68s
  round  46/50: acc=0.8556  f1m=0.8550  uplink_kB=52.6  t=0.65s
  round  47/50: acc=0.8589  f1m=0.8584  uplink_kB=52.6  t=0.58s
  round  48/50: acc=0.8959  f1m=0.8958  uplink_kB=52.6  t=0.65s
  round  49/50: acc=0.8611  f1m=0.8607  uplink_kB=52.6  t=0.64s
  round  50/50: acc=0.8625  f1m=0.8621  uplink_kB=52.6  t=0.66s
[run] DONE -> /Users/agentra/Documents/hao/working/paper-lab/hao-paper-2026/iotj-fedkan-ids/repo/results/lrsweep_cseciic/lrsweep_mlp32_lr0p03__dir0.1__seed17/metrics.json  final_acc=0.8625
