[run] device=cpu  seed=37  out=/Users/agentra/Documents/hao/working/paper-lab/hao-paper-2026/iotj-fedkan-ids/repo/results/lrsweep_cseciic_mc/lrsweep_kan8_lr0p0003__dir0.1__seed37
[run] model=kan  params=4,320
  round   1/50: acc=0.2854  f1m=0.0819  uplink_kB=190.8  t=6.14s
  round   2/50: acc=0.1942  f1m=0.0480  uplink_kB=190.8  t=5.45s
  round   3/50: acc=0.1956  f1m=0.0479  uplink_kB=190.8  t=5.65s
  round   4/50: acc=0.1957  f1m=0.0478  uplink_kB=190.8  t=5.61s
  round   5/50: acc=0.1961  f1m=0.0471  uplink_kB=190.8  t=5.61s
  round   6/50: acc=0.2175  f1m=0.0592  uplink_kB=190.8  t=5.48s
  round   7/50: acc=0.3647  f1m=0.1025  uplink_kB=190.8  t=5.55s
  round   8/50: acc=0.3987  f1m=0.1146  uplink_kB=190.8  t=5.31s
  round   9/50: acc=0.4036  f1m=0.1217  uplink_kB=190.8  t=5.48s
  round  10/50: acc=0.4061  f1m=0.1278  uplink_kB=190.8  t=5.50s
  round  11/50: acc=0.4085  f1m=0.1290  uplink_kB=190.8  t=5.57s
  round  12/50: acc=0.4106  f1m=0.1299  uplink_kB=190.8  t=5.52s
  round  13/50: acc=0.4112  f1m=0.1301  uplink_kB=190.8  t=5.53s
  round  14/50: acc=0.4115  f1m=0.1297  uplink_kB=190.8  t=5.46s
  round  15/50: acc=0.4245  f1m=0.1418  uplink_kB=190.8  t=5.45s
  round  16/50: acc=0.4661  f1m=0.1702  uplink_kB=190.8  t=5.49s
  round  17/50: acc=0.4695  f1m=0.1718  uplink_kB=190.8  t=5.40s
  round  18/50: acc=0.4704  f1m=0.1721  uplink_kB=190.8  t=5.57s
  round  19/50: acc=0.4935  f1m=0.2111  uplink_kB=190.8  t=5.58s
  round  20/50: acc=0.5069  f1m=0.2171  uplink_kB=190.8  t=5.50s
  round  21/50: acc=0.5116  f1m=0.2204  uplink_kB=190.8  t=5.60s
  round  22/50: acc=0.5299  f1m=0.2310  uplink_kB=190.8  t=5.51s
  round  23/50: acc=0.5729  f1m=0.2472  uplink_kB=190.8  t=5.60s
  round  24/50: acc=0.5776  f1m=0.2485  uplink_kB=190.8  t=5.49s
  round  25/50: acc=0.5827  f1m=0.2497  uplink_kB=190.8  t=5.49s
  round  26/50: acc=0.5852  f1m=0.2503  uplink_kB=190.8  t=5.43s
  round  27/50: acc=0.5882  f1m=0.2513  uplink_kB=190.8  t=5.54s
  round  28/50: acc=0.5885  f1m=0.2514  uplink_kB=190.8  t=5.54s
  round  29/50: acc=0.5887  f1m=0.2515  uplink_kB=190.8  t=5.54s
  round  30/50: acc=0.5889  f1m=0.2518  uplink_kB=190.8  t=5.43s
  round  31/50: acc=0.5890  f1m=0.2520  uplink_kB=190.8  t=5.64s
  round  32/50: acc=0.5891  f1m=0.2521  uplink_kB=190.8  t=5.51s
  round  33/50: acc=0.5892  f1m=0.2522  uplink_kB=190.8  t=5.40s
  round  34/50: acc=0.5894  f1m=0.2523  uplink_kB=190.8  t=5.47s
  round  35/50: acc=0.5895  f1m=0.2525  uplink_kB=190.8  t=5.55s
  round  36/50: acc=0.5968  f1m=0.2817  uplink_kB=190.8  t=5.42s
  round  37/50: acc=0.6116  f1m=0.3237  uplink_kB=190.8  t=5.66s
  round  38/50: acc=0.6117  f1m=0.3238  uplink_kB=190.8  t=5.40s
  round  39/50: acc=0.6189  f1m=0.3417  uplink_kB=190.8  t=5.62s
  round  40/50: acc=0.6217  f1m=0.3483  uplink_kB=190.8  t=5.61s
  round  41/50: acc=0.6225  f1m=0.3498  uplink_kB=190.8  t=5.56s
  round  42/50: acc=0.6227  f1m=0.3506  uplink_kB=190.8  t=5.48s
  round  43/50: acc=0.6230  f1m=0.3517  uplink_kB=190.8  t=5.50s
  round  44/50: acc=0.6223  f1m=0.3521  uplink_kB=190.8  t=5.45s
  round  45/50: acc=0.6258  f1m=0.3537  uplink_kB=190.8  t=5.57s
  round  46/50: acc=0.6500  f1m=0.3741  uplink_kB=190.8  t=5.46s
  round  47/50: acc=0.6504  f1m=0.3744  uplink_kB=190.8  t=5.46s
  round  48/50: acc=0.6510  f1m=0.3744  uplink_kB=190.8  t=5.51s
  round  49/50: acc=0.6512  f1m=0.3744  uplink_kB=190.8  t=5.47s
  round  50/50: acc=0.6517  f1m=0.3733  uplink_kB=190.8  t=5.66s
[run] DONE -> /Users/agentra/Documents/hao/working/paper-lab/hao-paper-2026/iotj-fedkan-ids/repo/results/lrsweep_cseciic_mc/lrsweep_kan8_lr0p0003__dir0.1__seed37/metrics.json  final_acc=0.6517
