[run] device=cpu  seed=2024  out=/Users/agentra/Documents/hao/working/paper-lab/hao-paper-2026/iotj-fedkan-ids/repo/results/lrsweep_toniot/lrsweep_kan16_lr0p001__dir0.1__seed2024
[run] model=kan  params=6,560
  round   1/50: acc=0.6451  f1m=0.6322  uplink_kB=282.0  t=2.28s
  round   2/50: acc=0.6229  f1m=0.6155  uplink_kB=282.0  t=1.85s
  round   3/50: acc=0.6848  f1m=0.6843  uplink_kB=282.0  t=1.84s
  round   4/50: acc=0.6965  f1m=0.6965  uplink_kB=282.0  t=1.84s
  round   5/50: acc=0.7012  f1m=0.7012  uplink_kB=282.0  t=1.87s
  round   6/50: acc=0.7432  f1m=0.7428  uplink_kB=282.0  t=1.83s
  round   7/50: acc=0.7470  f1m=0.7467  uplink_kB=282.0  t=1.88s
  round   8/50: acc=0.7510  f1m=0.7508  uplink_kB=282.0  t=1.88s
  round   9/50: acc=0.7611  f1m=0.7610  uplink_kB=282.0  t=1.84s
  round  10/50: acc=0.7669  f1m=0.7669  uplink_kB=282.0  t=1.88s
  round  11/50: acc=0.7676  f1m=0.7676  uplink_kB=282.0  t=1.86s
  round  12/50: acc=0.8622  f1m=0.8611  uplink_kB=282.0  t=1.79s
  round  13/50: acc=0.8626  f1m=0.8614  uplink_kB=282.0  t=1.88s
  round  14/50: acc=0.8632  f1m=0.8621  uplink_kB=282.0  t=1.83s
  round  15/50: acc=0.8648  f1m=0.8637  uplink_kB=282.0  t=1.87s
  round  16/50: acc=0.8723  f1m=0.8712  uplink_kB=282.0  t=1.88s
  round  17/50: acc=0.8728  f1m=0.8716  uplink_kB=282.0  t=1.85s
  round  18/50: acc=0.8752  f1m=0.8741  uplink_kB=282.0  t=1.89s
  round  19/50: acc=0.8705  f1m=0.8693  uplink_kB=282.0  t=1.80s
  round  20/50: acc=0.8717  f1m=0.8704  uplink_kB=282.0  t=1.84s
  round  21/50: acc=0.8769  f1m=0.8758  uplink_kB=282.0  t=1.86s
  round  22/50: acc=0.8733  f1m=0.8722  uplink_kB=282.0  t=1.86s
  round  23/50: acc=0.8788  f1m=0.8778  uplink_kB=282.0  t=1.88s
  round  24/50: acc=0.8801  f1m=0.8792  uplink_kB=282.0  t=1.85s
  round  25/50: acc=0.8798  f1m=0.8788  uplink_kB=282.0  t=1.85s
  round  26/50: acc=0.8831  f1m=0.8822  uplink_kB=282.0  t=1.78s
  round  27/50: acc=0.8826  f1m=0.8816  uplink_kB=282.0  t=1.84s
  round  28/50: acc=0.8855  f1m=0.8846  uplink_kB=282.0  t=1.86s
  round  29/50: acc=0.8883  f1m=0.8874  uplink_kB=282.0  t=1.83s
  round  30/50: acc=0.8889  f1m=0.8881  uplink_kB=282.0  t=1.88s
  round  31/50: acc=0.8899  f1m=0.8891  uplink_kB=282.0  t=1.87s
  round  32/50: acc=0.8933  f1m=0.8926  uplink_kB=282.0  t=1.78s
  round  33/50: acc=0.8939  f1m=0.8932  uplink_kB=282.0  t=1.85s
  round  34/50: acc=0.8948  f1m=0.8941  uplink_kB=282.0  t=1.87s
  round  35/50: acc=0.8953  f1m=0.8946  uplink_kB=282.0  t=1.86s
  round  36/50: acc=0.8961  f1m=0.8953  uplink_kB=282.0  t=1.85s
  round  37/50: acc=0.8982  f1m=0.8975  uplink_kB=282.0  t=1.87s
  round  38/50: acc=0.8974  f1m=0.8967  uplink_kB=282.0  t=1.79s
  round  39/50: acc=0.9014  f1m=0.9009  uplink_kB=282.0  t=1.90s
  round  40/50: acc=0.8996  f1m=0.8990  uplink_kB=282.0  t=1.86s
  round  41/50: acc=0.9051  f1m=0.9046  uplink_kB=282.0  t=1.85s
  round  42/50: acc=0.8997  f1m=0.8991  uplink_kB=282.0  t=1.85s
  round  43/50: acc=0.9051  f1m=0.9045  uplink_kB=282.0  t=1.85s
  round  44/50: acc=0.9026  f1m=0.9020  uplink_kB=282.0  t=1.86s
  round  45/50: acc=0.9083  f1m=0.9078  uplink_kB=282.0  t=1.81s
  round  46/50: acc=0.9061  f1m=0.9056  uplink_kB=282.0  t=1.84s
  round  47/50: acc=0.9071  f1m=0.9066  uplink_kB=282.0  t=1.90s
  round  48/50: acc=0.9150  f1m=0.9146  uplink_kB=282.0  t=1.90s
  round  49/50: acc=0.9123  f1m=0.9118  uplink_kB=282.0  t=1.87s
  round  50/50: acc=0.9123  f1m=0.9118  uplink_kB=282.0  t=1.82s
[run] DONE -> /Users/agentra/Documents/hao/working/paper-lab/hao-paper-2026/iotj-fedkan-ids/repo/results/lrsweep_toniot/lrsweep_kan16_lr0p001__dir0.1__seed2024/metrics.json  final_acc=0.9123
