[run] device=cpu  seed=43  out=/Users/agentra/Documents/hao/working/paper-lab/hao-paper-2026/iotj-fedkan-ids/repo/results/lrsweep_cseciic/lrsweep_kan16_lr0p003__dir0.1__seed43
[run] model=kan  params=6,560
  round   1/50: acc=0.7441  f1m=0.7322  uplink_kB=282.0  t=2.63s
  round   2/50: acc=0.7464  f1m=0.7351  uplink_kB=282.0  t=2.21s
  round   3/50: acc=0.7596  f1m=0.7502  uplink_kB=282.0  t=2.14s
  round   4/50: acc=0.7860  f1m=0.7799  uplink_kB=282.0  t=1.98s
  round   5/50: acc=0.8363  f1m=0.8341  uplink_kB=282.0  t=1.96s
  round   6/50: acc=0.8841  f1m=0.8836  uplink_kB=282.0  t=1.89s
  round   7/50: acc=0.8982  f1m=0.8980  uplink_kB=282.0  t=1.87s
  round   8/50: acc=0.9139  f1m=0.9138  uplink_kB=282.0  t=2.00s
  round   9/50: acc=0.9172  f1m=0.9171  uplink_kB=282.0  t=2.05s
  round  10/50: acc=0.9177  f1m=0.9176  uplink_kB=282.0  t=2.04s
  round  11/50: acc=0.9190  f1m=0.9189  uplink_kB=282.0  t=2.02s
  round  12/50: acc=0.9198  f1m=0.9197  uplink_kB=282.0  t=1.98s
  round  13/50: acc=0.9201  f1m=0.9200  uplink_kB=282.0  t=1.92s
  round  14/50: acc=0.9172  f1m=0.9171  uplink_kB=282.0  t=2.01s
  round  15/50: acc=0.9203  f1m=0.9203  uplink_kB=282.0  t=1.96s
  round  16/50: acc=0.9193  f1m=0.9192  uplink_kB=282.0  t=2.05s
  round  17/50: acc=0.9141  f1m=0.9140  uplink_kB=282.0  t=2.15s
  round  18/50: acc=0.9196  f1m=0.9195  uplink_kB=282.0  t=2.15s
  round  19/50: acc=0.9253  f1m=0.9252  uplink_kB=282.0  t=2.06s
  round  20/50: acc=0.9219  f1m=0.9219  uplink_kB=282.0  t=2.06s
  round  21/50: acc=0.9218  f1m=0.9218  uplink_kB=282.0  t=2.16s
  round  22/50: acc=0.9320  f1m=0.9319  uplink_kB=282.0  t=2.06s
  round  23/50: acc=0.9397  f1m=0.9397  uplink_kB=282.0  t=2.04s
  round  24/50: acc=0.9410  f1m=0.9410  uplink_kB=282.0  t=2.04s
  round  25/50: acc=0.9490  f1m=0.9490  uplink_kB=282.0  t=2.13s
  round  26/50: acc=0.9542  f1m=0.9542  uplink_kB=282.0  t=2.11s
  round  27/50: acc=0.9564  f1m=0.9564  uplink_kB=282.0  t=2.11s
  round  28/50: acc=0.9588  f1m=0.9588  uplink_kB=282.0  t=2.05s
  round  29/50: acc=0.9574  f1m=0.9574  uplink_kB=282.0  t=2.10s
  round  30/50: acc=0.9595  f1m=0.9595  uplink_kB=282.0  t=2.09s
  round  31/50: acc=0.9585  f1m=0.9585  uplink_kB=282.0  t=2.10s
  round  32/50: acc=0.9550  f1m=0.9550  uplink_kB=282.0  t=2.14s
  round  33/50: acc=0.9620  f1m=0.9620  uplink_kB=282.0  t=2.08s
  round  34/50: acc=0.9628  f1m=0.9628  uplink_kB=282.0  t=2.10s
  round  35/50: acc=0.9616  f1m=0.9616  uplink_kB=282.0  t=2.02s
  round  36/50: acc=0.9520  f1m=0.9520  uplink_kB=282.0  t=2.06s
  round  37/50: acc=0.9613  f1m=0.9613  uplink_kB=282.0  t=2.06s
  round  38/50: acc=0.9657  f1m=0.9657  uplink_kB=282.0  t=2.06s
  round  39/50: acc=0.9635  f1m=0.9635  uplink_kB=282.0  t=2.15s
  round  40/50: acc=0.9654  f1m=0.9654  uplink_kB=282.0  t=2.08s
  round  41/50: acc=0.9645  f1m=0.9645  uplink_kB=282.0  t=2.13s
  round  42/50: acc=0.9669  f1m=0.9669  uplink_kB=282.0  t=2.08s
  round  43/50: acc=0.9667  f1m=0.9667  uplink_kB=282.0  t=2.01s
  round  44/50: acc=0.9665  f1m=0.9665  uplink_kB=282.0  t=2.08s
  round  45/50: acc=0.9662  f1m=0.9662  uplink_kB=282.0  t=2.08s
  round  46/50: acc=0.9667  f1m=0.9667  uplink_kB=282.0  t=2.06s
  round  47/50: acc=0.9675  f1m=0.9675  uplink_kB=282.0  t=2.05s
  round  48/50: acc=0.9654  f1m=0.9654  uplink_kB=282.0  t=2.14s
  round  49/50: acc=0.9674  f1m=0.9674  uplink_kB=282.0  t=2.05s
  round  50/50: acc=0.9669  f1m=0.9669  uplink_kB=282.0  t=2.15s
[run] DONE -> /Users/agentra/Documents/hao/working/paper-lab/hao-paper-2026/iotj-fedkan-ids/repo/results/lrsweep_cseciic/lrsweep_kan16_lr0p003__dir0.1__seed43/metrics.json  final_acc=0.9669
