[run] device=cpu  seed=2026  out=/Users/agentra/Documents/hao/working/paper-lab/hao-paper-2026/iotj-fedkan-ids/repo/results/lrsweep_toniot/lrsweep_mlp80_lr0p03__dir0.1__seed2026
[run] model=mlp  params=3,362
  round   1/50: acc=0.5651  f1m=0.4654  uplink_kB=131.3  t=1.27s
  round   2/50: acc=0.7591  f1m=0.7549  uplink_kB=131.3  t=0.67s
  round   3/50: acc=0.7638  f1m=0.7627  uplink_kB=131.3  t=0.67s
  round   4/50: acc=0.8653  f1m=0.8652  uplink_kB=131.3  t=0.69s
  round   5/50: acc=0.8626  f1m=0.8624  uplink_kB=131.3  t=0.68s
  round   6/50: acc=0.8745  f1m=0.8743  uplink_kB=131.3  t=0.60s
  round   7/50: acc=0.8787  f1m=0.8785  uplink_kB=131.3  t=0.67s
  round   8/50: acc=0.7907  f1m=0.7854  uplink_kB=131.3  t=0.68s
  round   9/50: acc=0.8859  f1m=0.8856  uplink_kB=131.3  t=0.67s
  round  10/50: acc=0.8871  f1m=0.8868  uplink_kB=131.3  t=0.67s
  round  11/50: acc=0.8982  f1m=0.8979  uplink_kB=131.3  t=0.68s
  round  12/50: acc=0.8077  f1m=0.8033  uplink_kB=131.3  t=0.63s
  round  13/50: acc=0.9029  f1m=0.9025  uplink_kB=131.3  t=0.67s
  round  14/50: acc=0.9408  f1m=0.9408  uplink_kB=131.3  t=0.67s
  round  15/50: acc=0.8996  f1m=0.8994  uplink_kB=131.3  t=0.67s
  round  16/50: acc=0.9216  f1m=0.9215  uplink_kB=131.3  t=0.67s
  round  17/50: acc=0.8052  f1m=0.8013  uplink_kB=131.3  t=0.66s
  round  18/50: acc=0.9402  f1m=0.9402  uplink_kB=131.3  t=0.62s
  round  19/50: acc=0.8169  f1m=0.8131  uplink_kB=131.3  t=0.66s
  round  20/50: acc=0.8518  f1m=0.8503  uplink_kB=131.3  t=0.69s
  round  21/50: acc=0.8492  f1m=0.8472  uplink_kB=131.3  t=0.66s
  round  22/50: acc=0.8176  f1m=0.8137  uplink_kB=131.3  t=0.66s
  round  23/50: acc=0.9515  f1m=0.9515  uplink_kB=131.3  t=0.65s
  round  24/50: acc=0.9084  f1m=0.9084  uplink_kB=131.3  t=0.63s
  round  25/50: acc=0.8256  f1m=0.8227  uplink_kB=131.3  t=0.67s
  round  26/50: acc=0.8592  f1m=0.8578  uplink_kB=131.3  t=0.66s
  round  27/50: acc=0.8216  f1m=0.8191  uplink_kB=131.3  t=0.69s
  round  28/50: acc=0.9475  f1m=0.9475  uplink_kB=131.3  t=0.65s
  round  29/50: acc=0.8123  f1m=0.8102  uplink_kB=131.3  t=0.66s
  round  30/50: acc=0.8184  f1m=0.8158  uplink_kB=131.3  t=0.61s
  round  31/50: acc=0.8084  f1m=0.8054  uplink_kB=131.3  t=0.66s
  round  32/50: acc=0.8484  f1m=0.8476  uplink_kB=131.3  t=0.65s
  round  33/50: acc=0.8110  f1m=0.8084  uplink_kB=131.3  t=0.65s
  round  34/50: acc=0.8165  f1m=0.8137  uplink_kB=131.3  t=0.66s
  round  35/50: acc=0.9360  f1m=0.9360  uplink_kB=131.3  t=0.66s
  round  36/50: acc=0.8379  f1m=0.8366  uplink_kB=131.3  t=0.60s
  round  37/50: acc=0.8193  f1m=0.8159  uplink_kB=131.3  t=0.66s
  round  38/50: acc=0.8056  f1m=0.8030  uplink_kB=131.3  t=0.66s
  round  39/50: acc=0.8092  f1m=0.8064  uplink_kB=131.3  t=0.66s
  round  40/50: acc=0.9195  f1m=0.9195  uplink_kB=131.3  t=0.64s
  round  41/50: acc=0.8058  f1m=0.8029  uplink_kB=131.3  t=0.66s
  round  42/50: acc=0.8131  f1m=0.8102  uplink_kB=131.3  t=0.61s
  round  43/50: acc=0.8143  f1m=0.8108  uplink_kB=131.3  t=0.64s
  round  44/50: acc=0.8148  f1m=0.8115  uplink_kB=131.3  t=0.67s
  round  45/50: acc=0.9079  f1m=0.9078  uplink_kB=131.3  t=0.68s
  round  46/50: acc=0.8167  f1m=0.8134  uplink_kB=131.3  t=0.70s
  round  47/50: acc=0.8157  f1m=0.8129  uplink_kB=131.3  t=0.68s
  round  48/50: acc=0.9431  f1m=0.9431  uplink_kB=131.3  t=0.67s
  round  49/50: acc=0.9098  f1m=0.9097  uplink_kB=131.3  t=0.62s
  round  50/50: acc=0.8190  f1m=0.8162  uplink_kB=131.3  t=0.66s
[run] DONE -> /Users/agentra/Documents/hao/working/paper-lab/hao-paper-2026/iotj-fedkan-ids/repo/results/lrsweep_toniot/lrsweep_mlp80_lr0p03__dir0.1__seed2026/metrics.json  final_acc=0.8190
