[run] device=cpu  seed=17  out=/Users/agentra/Documents/hao/working/paper-lab/hao-paper-2026/iotj-fedkan-ids/repo/results/sensitivity_botiot/sens_h32__dir0.1__seed17
[run] model=kan  params=13,120
  round   1/50: acc=0.9659  f1m=0.9659  uplink_kB=545.8  t=3.45s
  round   2/50: acc=0.9706  f1m=0.9706  uplink_kB=545.8  t=2.97s
  round   3/50: acc=0.9727  f1m=0.9727  uplink_kB=545.8  t=3.04s
  round   4/50: acc=0.9742  f1m=0.9742  uplink_kB=545.8  t=3.69s
  round   5/50: acc=0.9742  f1m=0.9742  uplink_kB=545.8  t=2.76s
  round   6/50: acc=0.9744  f1m=0.9744  uplink_kB=545.8  t=2.46s
  round   7/50: acc=0.9744  f1m=0.9744  uplink_kB=545.8  t=2.60s
  round   8/50: acc=0.9753  f1m=0.9753  uplink_kB=545.8  t=2.49s
  round   9/50: acc=0.9754  f1m=0.9754  uplink_kB=545.8  t=2.68s
  round  10/50: acc=0.9755  f1m=0.9755  uplink_kB=545.8  t=2.71s
  round  11/50: acc=0.9755  f1m=0.9755  uplink_kB=545.8  t=2.48s
  round  12/50: acc=0.9752  f1m=0.9752  uplink_kB=545.8  t=2.49s
  round  13/50: acc=0.9975  f1m=0.9975  uplink_kB=545.8  t=2.58s
  round  14/50: acc=0.9975  f1m=0.9975  uplink_kB=545.8  t=2.47s
  round  15/50: acc=0.9974  f1m=0.9974  uplink_kB=545.8  t=2.50s
  round  16/50: acc=0.9976  f1m=0.9976  uplink_kB=545.8  t=2.46s
  round  17/50: acc=0.9971  f1m=0.9971  uplink_kB=545.8  t=2.48s
  round  18/50: acc=0.9976  f1m=0.9976  uplink_kB=545.8  t=2.31s
  round  19/50: acc=0.9968  f1m=0.9968  uplink_kB=545.8  t=2.36s
  round  20/50: acc=0.9975  f1m=0.9975  uplink_kB=545.8  t=2.33s
  round  21/50: acc=0.9976  f1m=0.9976  uplink_kB=545.8  t=2.31s
  round  22/50: acc=0.9977  f1m=0.9977  uplink_kB=545.8  t=2.40s
  round  23/50: acc=0.9976  f1m=0.9976  uplink_kB=545.8  t=2.53s
  round  24/50: acc=0.9976  f1m=0.9976  uplink_kB=545.8  t=2.64s
  round  25/50: acc=0.9977  f1m=0.9977  uplink_kB=545.8  t=2.62s
  round  26/50: acc=0.9977  f1m=0.9977  uplink_kB=545.8  t=2.76s
  round  27/50: acc=0.9977  f1m=0.9977  uplink_kB=545.8  t=2.49s
  round  28/50: acc=0.9977  f1m=0.9977  uplink_kB=545.8  t=2.65s
  round  29/50: acc=0.9976  f1m=0.9976  uplink_kB=545.8  t=2.43s
  round  30/50: acc=0.9977  f1m=0.9977  uplink_kB=545.8  t=2.51s
  round  31/50: acc=0.9984  f1m=0.9984  uplink_kB=545.8  t=2.51s
  round  32/50: acc=0.9977  f1m=0.9977  uplink_kB=545.8  t=2.78s
  round  33/50: acc=0.9985  f1m=0.9985  uplink_kB=545.8  t=2.64s
  round  34/50: acc=0.9985  f1m=0.9985  uplink_kB=545.8  t=2.85s
  round  35/50: acc=0.9985  f1m=0.9985  uplink_kB=545.8  t=2.63s
  round  36/50: acc=0.9984  f1m=0.9984  uplink_kB=545.8  t=2.62s
  round  37/50: acc=0.9985  f1m=0.9985  uplink_kB=545.8  t=2.59s
  round  38/50: acc=0.9977  f1m=0.9977  uplink_kB=545.8  t=2.65s
  round  39/50: acc=0.9981  f1m=0.9981  uplink_kB=545.8  t=2.60s
  round  40/50: acc=0.9984  f1m=0.9984  uplink_kB=545.8  t=2.62s
  round  41/50: acc=0.9989  f1m=0.9989  uplink_kB=545.8  t=2.61s
  round  42/50: acc=0.9985  f1m=0.9985  uplink_kB=545.8  t=2.60s
  round  43/50: acc=0.9985  f1m=0.9985  uplink_kB=545.8  t=2.73s
  round  44/50: acc=0.9989  f1m=0.9989  uplink_kB=545.8  t=2.64s
  round  45/50: acc=0.9977  f1m=0.9977  uplink_kB=545.8  t=2.65s
  round  46/50: acc=0.9985  f1m=0.9985  uplink_kB=545.8  t=2.53s
  round  47/50: acc=0.9980  f1m=0.9980  uplink_kB=545.8  t=2.69s
  round  48/50: acc=0.9989  f1m=0.9989  uplink_kB=545.8  t=2.59s
  round  49/50: acc=0.9979  f1m=0.9979  uplink_kB=545.8  t=2.63s
  round  50/50: acc=0.9990  f1m=0.9990  uplink_kB=545.8  t=2.60s
[run] DONE -> /Users/agentra/Documents/hao/working/paper-lab/hao-paper-2026/iotj-fedkan-ids/repo/results/sensitivity_botiot/sens_h32__dir0.1__seed17/metrics.json  final_acc=0.9990
