[run] device=cpu  seed=29  out=/Users/agentra/Documents/hao/working/paper-lab/hao-paper-2026/iotj-fedkan-ids/repo/results/lrsweep_toniot/lrsweep_mlp32_lr0p003__dir0.1__seed29
[run] model=mlp  params=1,346
  round   1/50: acc=0.6887  f1m=0.6887  uplink_kB=52.6  t=1.09s
  round   2/50: acc=0.6385  f1m=0.6304  uplink_kB=52.6  t=0.63s
  round   3/50: acc=0.6339  f1m=0.6250  uplink_kB=52.6  t=0.65s
  round   4/50: acc=0.6359  f1m=0.6272  uplink_kB=52.6  t=0.64s
  round   5/50: acc=0.6360  f1m=0.6273  uplink_kB=52.6  t=0.64s
  round   6/50: acc=0.6379  f1m=0.6296  uplink_kB=52.6  t=0.67s
  round   7/50: acc=0.6385  f1m=0.6303  uplink_kB=52.6  t=0.65s
  round   8/50: acc=0.6433  f1m=0.6357  uplink_kB=52.6  t=0.65s
  round   9/50: acc=0.6507  f1m=0.6441  uplink_kB=52.6  t=0.66s
  round  10/50: acc=0.6560  f1m=0.6500  uplink_kB=52.6  t=0.66s
  round  11/50: acc=0.7532  f1m=0.7407  uplink_kB=52.6  t=0.64s
  round  12/50: acc=0.7569  f1m=0.7452  uplink_kB=52.6  t=0.60s
  round  13/50: acc=0.7580  f1m=0.7466  uplink_kB=52.6  t=0.65s
  round  14/50: acc=0.7586  f1m=0.7474  uplink_kB=52.6  t=0.65s
  round  15/50: acc=0.5417  f1m=0.4392  uplink_kB=52.6  t=0.63s
  round  16/50: acc=0.5436  f1m=0.4428  uplink_kB=52.6  t=0.65s
  round  17/50: acc=0.5443  f1m=0.4444  uplink_kB=52.6  t=0.62s
  round  18/50: acc=0.5447  f1m=0.4450  uplink_kB=52.6  t=0.64s
  round  19/50: acc=0.5466  f1m=0.4483  uplink_kB=52.6  t=0.63s
  round  20/50: acc=0.5473  f1m=0.4494  uplink_kB=52.6  t=0.57s
  round  21/50: acc=0.5494  f1m=0.4528  uplink_kB=52.6  t=0.64s
  round  22/50: acc=0.5513  f1m=0.4562  uplink_kB=52.6  t=0.62s
  round  23/50: acc=0.5524  f1m=0.4583  uplink_kB=52.6  t=0.66s
  round  24/50: acc=0.5538  f1m=0.4608  uplink_kB=52.6  t=0.65s
  round  25/50: acc=0.5531  f1m=0.4596  uplink_kB=52.6  t=0.65s
  round  26/50: acc=0.5544  f1m=0.4620  uplink_kB=52.6  t=0.63s
  round  27/50: acc=0.5548  f1m=0.4627  uplink_kB=52.6  t=0.62s
  round  28/50: acc=0.5565  f1m=0.4657  uplink_kB=52.6  t=0.69s
  round  29/50: acc=0.5555  f1m=0.4639  uplink_kB=52.6  t=0.66s
  round  30/50: acc=0.5581  f1m=0.4684  uplink_kB=52.6  t=0.64s
  round  31/50: acc=0.5590  f1m=0.4699  uplink_kB=52.6  t=0.65s
  round  32/50: acc=0.5600  f1m=0.4716  uplink_kB=52.6  t=0.65s
  round  33/50: acc=0.5610  f1m=0.4731  uplink_kB=52.6  t=0.65s
  round  34/50: acc=0.5620  f1m=0.4748  uplink_kB=52.6  t=0.60s
  round  35/50: acc=0.5615  f1m=0.4740  uplink_kB=52.6  t=0.64s
  round  36/50: acc=0.5650  f1m=0.4798  uplink_kB=52.6  t=0.65s
  round  37/50: acc=0.5659  f1m=0.4814  uplink_kB=52.6  t=0.66s
  round  38/50: acc=0.5654  f1m=0.4804  uplink_kB=52.6  t=0.64s
  round  39/50: acc=0.5640  f1m=0.4783  uplink_kB=52.6  t=0.68s
  round  40/50: acc=0.5623  f1m=0.4750  uplink_kB=52.6  t=0.66s
  round  41/50: acc=0.5652  f1m=0.4807  uplink_kB=52.6  t=0.63s
  round  42/50: acc=0.5678  f1m=0.4851  uplink_kB=52.6  t=0.67s
  round  43/50: acc=0.5663  f1m=0.4825  uplink_kB=52.6  t=0.66s
  round  44/50: acc=0.5664  f1m=0.4827  uplink_kB=52.6  t=0.65s
  round  45/50: acc=0.5674  f1m=0.4845  uplink_kB=52.6  t=0.65s
  round  46/50: acc=0.5677  f1m=0.4849  uplink_kB=52.6  t=0.67s
  round  47/50: acc=0.5663  f1m=0.4826  uplink_kB=52.6  t=0.62s
  round  48/50: acc=0.5673  f1m=0.4842  uplink_kB=52.6  t=0.66s
  round  49/50: acc=0.5674  f1m=0.4847  uplink_kB=52.6  t=0.65s
  round  50/50: acc=0.5673  f1m=0.4842  uplink_kB=52.6  t=0.62s
[run] DONE -> /Users/agentra/Documents/hao/working/paper-lab/hao-paper-2026/iotj-fedkan-ids/repo/results/lrsweep_toniot/lrsweep_mlp32_lr0p003__dir0.1__seed29/metrics.json  final_acc=0.5673
