[run] device=cpu  seed=31  out=/Users/agentra/Documents/hao/working/paper-lab/hao-paper-2026/iotj-fedkan-ids/repo/results/lrsweep_botiot/lrsweep_mlp32_lr0p001__dir0.1__seed31
[run] model=mlp  params=1,346
  round   1/50: acc=0.5011  f1m=0.3338  uplink_kB=52.6  t=1.31s
  round   2/50: acc=0.5011  f1m=0.3338  uplink_kB=52.6  t=0.67s
  round   3/50: acc=0.5015  f1m=0.3348  uplink_kB=52.6  t=0.67s
  round   4/50: acc=0.5016  f1m=0.3349  uplink_kB=52.6  t=0.61s
  round   5/50: acc=0.5161  f1m=0.3665  uplink_kB=52.6  t=0.71s
  round   6/50: acc=0.6242  f1m=0.5616  uplink_kB=52.6  t=0.69s
  round   7/50: acc=0.6742  f1m=0.6349  uplink_kB=52.6  t=0.63s
  round   8/50: acc=0.6813  f1m=0.6447  uplink_kB=52.6  t=0.65s
  round   9/50: acc=0.7611  f1m=0.7464  uplink_kB=52.6  t=0.71s
  round  10/50: acc=0.8446  f1m=0.8426  uplink_kB=52.6  t=0.62s
  round  11/50: acc=0.8579  f1m=0.8567  uplink_kB=52.6  t=0.64s
  round  12/50: acc=0.8863  f1m=0.8858  uplink_kB=52.6  t=0.70s
  round  13/50: acc=0.8893  f1m=0.8889  uplink_kB=52.6  t=0.69s
  round  14/50: acc=0.8906  f1m=0.8902  uplink_kB=52.6  t=0.69s
  round  15/50: acc=0.8920  f1m=0.8916  uplink_kB=52.6  t=0.70s
  round  16/50: acc=0.8931  f1m=0.8927  uplink_kB=52.6  t=0.64s
  round  17/50: acc=0.8941  f1m=0.8938  uplink_kB=52.6  t=0.70s
  round  18/50: acc=0.8952  f1m=0.8949  uplink_kB=52.6  t=0.67s
  round  19/50: acc=0.8961  f1m=0.8958  uplink_kB=52.6  t=0.67s
  round  20/50: acc=0.9214  f1m=0.9213  uplink_kB=52.6  t=0.63s
  round  21/50: acc=0.9247  f1m=0.9247  uplink_kB=52.6  t=0.72s
  round  22/50: acc=0.9255  f1m=0.9255  uplink_kB=52.6  t=0.67s
  round  23/50: acc=0.9257  f1m=0.9257  uplink_kB=52.6  t=0.63s
  round  24/50: acc=0.9264  f1m=0.9263  uplink_kB=52.6  t=0.72s
  round  25/50: acc=0.9266  f1m=0.9266  uplink_kB=52.6  t=0.67s
  round  26/50: acc=0.9270  f1m=0.9270  uplink_kB=52.6  t=0.67s
  round  27/50: acc=0.9272  f1m=0.9271  uplink_kB=52.6  t=0.68s
  round  28/50: acc=0.9272  f1m=0.9271  uplink_kB=52.6  t=0.58s
  round  29/50: acc=0.9272  f1m=0.9272  uplink_kB=52.6  t=0.64s
  round  30/50: acc=0.9275  f1m=0.9275  uplink_kB=52.6  t=0.63s
  round  31/50: acc=0.9347  f1m=0.9347  uplink_kB=52.6  t=0.67s
  round  32/50: acc=0.9350  f1m=0.9350  uplink_kB=52.6  t=0.67s
  round  33/50: acc=0.9352  f1m=0.9352  uplink_kB=52.6  t=0.65s
  round  34/50: acc=0.9354  f1m=0.9353  uplink_kB=52.6  t=0.62s
  round  35/50: acc=0.9127  f1m=0.9126  uplink_kB=52.6  t=0.68s
  round  36/50: acc=0.9131  f1m=0.9130  uplink_kB=52.6  t=0.64s
  round  37/50: acc=0.9135  f1m=0.9134  uplink_kB=52.6  t=0.68s
  round  38/50: acc=0.9140  f1m=0.9139  uplink_kB=52.6  t=0.67s
  round  39/50: acc=0.9144  f1m=0.9142  uplink_kB=52.6  t=0.69s
  round  40/50: acc=0.9373  f1m=0.9373  uplink_kB=52.6  t=0.59s
  round  41/50: acc=0.9377  f1m=0.9377  uplink_kB=52.6  t=0.68s
  round  42/50: acc=0.9379  f1m=0.9379  uplink_kB=52.6  t=0.69s
  round  43/50: acc=0.9152  f1m=0.9151  uplink_kB=52.6  t=0.72s
  round  44/50: acc=0.9383  f1m=0.9382  uplink_kB=52.6  t=0.68s
  round  45/50: acc=0.9387  f1m=0.9387  uplink_kB=52.6  t=0.64s
  round  46/50: acc=0.9389  f1m=0.9389  uplink_kB=52.6  t=0.64s
  round  47/50: acc=0.9392  f1m=0.9392  uplink_kB=52.6  t=0.65s
  round  48/50: acc=0.9402  f1m=0.9402  uplink_kB=52.6  t=0.66s
  round  49/50: acc=0.9416  f1m=0.9416  uplink_kB=52.6  t=0.70s
  round  50/50: acc=0.9423  f1m=0.9423  uplink_kB=52.6  t=0.67s
[run] DONE -> /Users/agentra/Documents/hao/working/paper-lab/hao-paper-2026/iotj-fedkan-ids/repo/results/lrsweep_botiot/lrsweep_mlp32_lr0p001__dir0.1__seed31/metrics.json  final_acc=0.9423
