[run] device=cpu  seed=2026  out=/Users/agentra/Documents/hao/working/paper-lab/hao-paper-2026/iotj-fedkan-ids/repo/results/lrsweep_cseciic/lrsweep_mlp32_lr0p01__dir0.1__seed2026
[run] model=mlp  params=1,346
  round   1/50: acc=0.5486  f1m=0.4332  uplink_kB=52.6  t=1.27s
  round   2/50: acc=0.9240  f1m=0.9238  uplink_kB=52.6  t=0.69s
  round   3/50: acc=0.9256  f1m=0.9253  uplink_kB=52.6  t=0.65s
  round   4/50: acc=0.9287  f1m=0.9284  uplink_kB=52.6  t=0.64s
  round   5/50: acc=0.9331  f1m=0.9329  uplink_kB=52.6  t=0.72s
  round   6/50: acc=0.9397  f1m=0.9396  uplink_kB=52.6  t=0.62s
  round   7/50: acc=0.9412  f1m=0.9410  uplink_kB=52.6  t=0.63s
  round   8/50: acc=0.9429  f1m=0.9428  uplink_kB=52.6  t=0.68s
  round   9/50: acc=0.9657  f1m=0.9657  uplink_kB=52.6  t=0.67s
  round  10/50: acc=0.9676  f1m=0.9676  uplink_kB=52.6  t=0.66s
  round  11/50: acc=0.9688  f1m=0.9688  uplink_kB=52.6  t=0.64s
  round  12/50: acc=0.9688  f1m=0.9688  uplink_kB=52.6  t=0.58s
  round  13/50: acc=0.9687  f1m=0.9687  uplink_kB=52.6  t=0.65s
  round  14/50: acc=0.9694  f1m=0.9693  uplink_kB=52.6  t=0.67s
  round  15/50: acc=0.9695  f1m=0.9695  uplink_kB=52.6  t=0.64s
  round  16/50: acc=0.9652  f1m=0.9652  uplink_kB=52.6  t=0.67s
  round  17/50: acc=0.9700  f1m=0.9700  uplink_kB=52.6  t=0.66s
  round  18/50: acc=0.9701  f1m=0.9700  uplink_kB=52.6  t=0.61s
  round  19/50: acc=0.9699  f1m=0.9699  uplink_kB=52.6  t=0.65s
  round  20/50: acc=0.9698  f1m=0.9698  uplink_kB=52.6  t=0.65s
  round  21/50: acc=0.9700  f1m=0.9700  uplink_kB=52.6  t=0.70s
  round  22/50: acc=0.9701  f1m=0.9700  uplink_kB=52.6  t=0.63s
  round  23/50: acc=0.9701  f1m=0.9700  uplink_kB=52.6  t=0.66s
  round  24/50: acc=0.9707  f1m=0.9707  uplink_kB=52.6  t=0.61s
  round  25/50: acc=0.9745  f1m=0.9745  uplink_kB=52.6  t=0.67s
  round  26/50: acc=0.9708  f1m=0.9707  uplink_kB=52.6  t=0.65s
  round  27/50: acc=0.9704  f1m=0.9704  uplink_kB=52.6  t=0.65s
  round  28/50: acc=0.9670  f1m=0.9670  uplink_kB=52.6  t=0.63s
  round  29/50: acc=0.9705  f1m=0.9705  uplink_kB=52.6  t=0.65s
  round  30/50: acc=0.9688  f1m=0.9688  uplink_kB=52.6  t=0.62s
  round  31/50: acc=0.9701  f1m=0.9701  uplink_kB=52.6  t=0.64s
  round  32/50: acc=0.9705  f1m=0.9704  uplink_kB=52.6  t=0.65s
  round  33/50: acc=0.9703  f1m=0.9703  uplink_kB=52.6  t=0.68s
  round  34/50: acc=0.9650  f1m=0.9649  uplink_kB=52.6  t=0.66s
  round  35/50: acc=0.9700  f1m=0.9700  uplink_kB=52.6  t=0.63s
  round  36/50: acc=0.9662  f1m=0.9661  uplink_kB=52.6  t=0.59s
  round  37/50: acc=0.9704  f1m=0.9704  uplink_kB=52.6  t=0.65s
  round  38/50: acc=0.9661  f1m=0.9661  uplink_kB=52.6  t=0.62s
  round  39/50: acc=0.9671  f1m=0.9671  uplink_kB=52.6  t=0.63s
  round  40/50: acc=0.9743  f1m=0.9743  uplink_kB=52.6  t=0.66s
  round  41/50: acc=0.9702  f1m=0.9701  uplink_kB=52.6  t=0.66s
  round  42/50: acc=0.9751  f1m=0.9751  uplink_kB=52.6  t=0.61s
  round  43/50: acc=0.9744  f1m=0.9744  uplink_kB=52.6  t=0.65s
  round  44/50: acc=0.9651  f1m=0.9651  uplink_kB=52.6  t=0.63s
  round  45/50: acc=0.9738  f1m=0.9738  uplink_kB=52.6  t=0.68s
  round  46/50: acc=0.9707  f1m=0.9706  uplink_kB=52.6  t=0.68s
  round  47/50: acc=0.9666  f1m=0.9665  uplink_kB=52.6  t=0.70s
  round  48/50: acc=0.9650  f1m=0.9650  uplink_kB=52.6  t=0.65s
  round  49/50: acc=0.9656  f1m=0.9656  uplink_kB=52.6  t=0.60s
  round  50/50: acc=0.9693  f1m=0.9693  uplink_kB=52.6  t=0.64s
[run] DONE -> /Users/agentra/Documents/hao/working/paper-lab/hao-paper-2026/iotj-fedkan-ids/repo/results/lrsweep_cseciic/lrsweep_mlp32_lr0p01__dir0.1__seed2026/metrics.json  final_acc=0.9693
