[run] device=cpu  seed=2026  out=/Users/agentra/Documents/hao/working/paper-lab/hao-paper-2026/iotj-fedkan-ids/repo/results/lrsweep_toniot/lrsweep_mlp32_lr0p03__dir0.1__seed2026
[run] model=mlp  params=1,346
  round   1/50: acc=0.4999  f1m=0.3333  uplink_kB=52.6  t=1.15s
  round   2/50: acc=0.7397  f1m=0.7357  uplink_kB=52.6  t=0.65s
  round   3/50: acc=0.7474  f1m=0.7456  uplink_kB=52.6  t=0.61s
  round   4/50: acc=0.7573  f1m=0.7562  uplink_kB=52.6  t=0.67s
  round   5/50: acc=0.8502  f1m=0.8501  uplink_kB=52.6  t=0.63s
  round   6/50: acc=0.8958  f1m=0.8958  uplink_kB=52.6  t=0.62s
  round   7/50: acc=0.8546  f1m=0.8536  uplink_kB=52.6  t=0.64s
  round   8/50: acc=0.8171  f1m=0.8135  uplink_kB=52.6  t=0.64s
  round   9/50: acc=0.7733  f1m=0.7644  uplink_kB=52.6  t=0.64s
  round  10/50: acc=0.7949  f1m=0.7887  uplink_kB=52.6  t=0.64s
  round  11/50: acc=0.8306  f1m=0.8278  uplink_kB=52.6  t=0.69s
  round  12/50: acc=0.7655  f1m=0.7565  uplink_kB=52.6  t=0.59s
  round  13/50: acc=0.8153  f1m=0.8106  uplink_kB=52.6  t=0.63s
  round  14/50: acc=0.7692  f1m=0.7602  uplink_kB=52.6  t=0.66s
  round  15/50: acc=0.8127  f1m=0.8082  uplink_kB=52.6  t=0.66s
  round  16/50: acc=0.7774  f1m=0.7688  uplink_kB=52.6  t=0.66s
  round  17/50: acc=0.8129  f1m=0.8094  uplink_kB=52.6  t=0.65s
  round  18/50: acc=0.8018  f1m=0.7962  uplink_kB=52.6  t=0.59s
  round  19/50: acc=0.7896  f1m=0.7837  uplink_kB=52.6  t=0.65s
  round  20/50: acc=0.8055  f1m=0.8012  uplink_kB=52.6  t=0.65s
  round  21/50: acc=0.7508  f1m=0.7374  uplink_kB=52.6  t=0.67s
  round  22/50: acc=0.8013  f1m=0.7965  uplink_kB=52.6  t=0.66s
  round  23/50: acc=0.8036  f1m=0.7989  uplink_kB=52.6  t=0.69s
  round  24/50: acc=0.8023  f1m=0.7976  uplink_kB=52.6  t=0.59s
  round  25/50: acc=0.7310  f1m=0.7128  uplink_kB=52.6  t=0.64s
  round  26/50: acc=0.8008  f1m=0.7980  uplink_kB=52.6  t=0.67s
  round  27/50: acc=0.7985  f1m=0.7930  uplink_kB=52.6  t=0.68s
  round  28/50: acc=0.7805  f1m=0.7720  uplink_kB=52.6  t=0.71s
  round  29/50: acc=0.7081  f1m=0.6843  uplink_kB=52.6  t=0.66s
  round  30/50: acc=0.7907  f1m=0.7856  uplink_kB=52.6  t=0.61s
  round  31/50: acc=0.8421  f1m=0.8395  uplink_kB=52.6  t=0.68s
  round  32/50: acc=0.8842  f1m=0.8838  uplink_kB=52.6  t=0.67s
  round  33/50: acc=0.8974  f1m=0.8970  uplink_kB=52.6  t=0.68s
  round  34/50: acc=0.8998  f1m=0.8995  uplink_kB=52.6  t=0.68s
  round  35/50: acc=0.9023  f1m=0.9022  uplink_kB=52.6  t=0.67s
  round  36/50: acc=0.7543  f1m=0.7417  uplink_kB=52.6  t=0.59s
  round  37/50: acc=0.9044  f1m=0.9041  uplink_kB=52.6  t=0.67s
  round  38/50: acc=0.8838  f1m=0.8835  uplink_kB=52.6  t=0.64s
  round  39/50: acc=0.8918  f1m=0.8912  uplink_kB=52.6  t=0.65s
  round  40/50: acc=0.8969  f1m=0.8968  uplink_kB=52.6  t=0.66s
  round  41/50: acc=0.8870  f1m=0.8863  uplink_kB=52.6  t=0.66s
  round  42/50: acc=0.7912  f1m=0.7862  uplink_kB=52.6  t=0.61s
  round  43/50: acc=0.9235  f1m=0.9235  uplink_kB=52.6  t=0.66s
  round  44/50: acc=0.7917  f1m=0.7873  uplink_kB=52.6  t=0.65s
  round  45/50: acc=0.7976  f1m=0.7932  uplink_kB=52.6  t=0.70s
  round  46/50: acc=0.8963  f1m=0.8959  uplink_kB=52.6  t=0.66s
  round  47/50: acc=0.8016  f1m=0.7974  uplink_kB=52.6  t=0.66s
  round  48/50: acc=0.9385  f1m=0.9385  uplink_kB=52.6  t=0.67s
  round  49/50: acc=0.9042  f1m=0.9041  uplink_kB=52.6  t=0.62s
  round  50/50: acc=0.8150  f1m=0.8117  uplink_kB=52.6  t=0.68s
[run] DONE -> /Users/agentra/Documents/hao/working/paper-lab/hao-paper-2026/iotj-fedkan-ids/repo/results/lrsweep_toniot/lrsweep_mlp32_lr0p03__dir0.1__seed2026/metrics.json  final_acc=0.8150
