[run] device=cpu  seed=29  out=/Users/agentra/Documents/hao/working/paper-lab/hao-paper-2026/iotj-fedkan-ids/repo/results/lrsweep_cseciic_mc50k/lrsweep_kan16_lr0p0003__dir0.1__seed29
[run] model=kan  params=8,640
  round   1/50: acc=0.1481  f1m=0.0406  uplink_kB=363.3  t=3.78s
  round   2/50: acc=0.1722  f1m=0.0455  uplink_kB=363.3  t=2.99s
  round   3/50: acc=0.1870  f1m=0.0501  uplink_kB=363.3  t=3.06s
  round   4/50: acc=0.1868  f1m=0.0498  uplink_kB=363.3  t=2.97s
  round   5/50: acc=0.1873  f1m=0.0499  uplink_kB=363.3  t=3.05s
  round   6/50: acc=0.1878  f1m=0.0501  uplink_kB=363.3  t=2.96s
  round   7/50: acc=0.1879  f1m=0.0501  uplink_kB=363.3  t=3.10s
  round   8/50: acc=0.1885  f1m=0.0476  uplink_kB=363.3  t=3.01s
  round   9/50: acc=0.1886  f1m=0.0475  uplink_kB=363.3  t=3.06s
  round  10/50: acc=0.1887  f1m=0.0474  uplink_kB=363.3  t=2.98s
  round  11/50: acc=0.1994  f1m=0.0576  uplink_kB=363.3  t=3.07s
  round  12/50: acc=0.3130  f1m=0.1037  uplink_kB=363.3  t=3.00s
  round  13/50: acc=0.3165  f1m=0.1034  uplink_kB=363.3  t=3.05s
  round  14/50: acc=0.3174  f1m=0.1006  uplink_kB=363.3  t=3.06s
  round  15/50: acc=0.3176  f1m=0.1002  uplink_kB=363.3  t=2.99s
  round  16/50: acc=0.3159  f1m=0.0991  uplink_kB=363.3  t=3.03s
  round  17/50: acc=0.3249  f1m=0.1034  uplink_kB=363.3  t=3.11s
  round  18/50: acc=0.3619  f1m=0.1465  uplink_kB=363.3  t=2.99s
  round  19/50: acc=0.3661  f1m=0.1487  uplink_kB=363.3  t=3.14s
  round  20/50: acc=0.3681  f1m=0.1496  uplink_kB=363.3  t=2.97s
  round  21/50: acc=0.3743  f1m=0.1536  uplink_kB=363.3  t=3.10s
  round  22/50: acc=0.3835  f1m=0.1621  uplink_kB=363.3  t=3.06s
  round  23/50: acc=0.3851  f1m=0.1634  uplink_kB=363.3  t=3.05s
  round  24/50: acc=0.3867  f1m=0.1655  uplink_kB=363.3  t=2.96s
  round  25/50: acc=0.3857  f1m=0.1646  uplink_kB=363.3  t=3.04s
  round  26/50: acc=0.3827  f1m=0.1661  uplink_kB=363.3  t=3.05s
  round  27/50: acc=0.4174  f1m=0.1873  uplink_kB=363.3  t=3.04s
  round  28/50: acc=0.4395  f1m=0.2060  uplink_kB=363.3  t=3.03s
  round  29/50: acc=0.4731  f1m=0.2384  uplink_kB=363.3  t=3.05s
  round  30/50: acc=0.4937  f1m=0.2478  uplink_kB=363.3  t=2.96s
  round  31/50: acc=0.5048  f1m=0.2524  uplink_kB=363.3  t=3.08s
  round  32/50: acc=0.5186  f1m=0.2786  uplink_kB=363.3  t=2.96s
  round  33/50: acc=0.5300  f1m=0.2894  uplink_kB=363.3  t=3.02s
  round  34/50: acc=0.5325  f1m=0.2907  uplink_kB=363.3  t=3.00s
  round  35/50: acc=0.5335  f1m=0.2917  uplink_kB=363.3  t=3.06s
  round  36/50: acc=0.5811  f1m=0.3300  uplink_kB=363.3  t=3.00s
  round  37/50: acc=0.6077  f1m=0.3527  uplink_kB=363.3  t=3.07s
  round  38/50: acc=0.6113  f1m=0.3549  uplink_kB=363.3  t=3.03s
  round  39/50: acc=0.6127  f1m=0.3554  uplink_kB=363.3  t=3.08s
  round  40/50: acc=0.6132  f1m=0.3545  uplink_kB=363.3  t=2.96s
  round  41/50: acc=0.6136  f1m=0.3542  uplink_kB=363.3  t=3.09s
  round  42/50: acc=0.6138  f1m=0.3537  uplink_kB=363.3  t=3.04s
  round  43/50: acc=0.6117  f1m=0.3501  uplink_kB=363.3  t=3.09s
  round  44/50: acc=0.6116  f1m=0.3493  uplink_kB=363.3  t=3.04s
  round  45/50: acc=0.6129  f1m=0.3498  uplink_kB=363.3  t=3.00s
  round  46/50: acc=0.6305  f1m=0.3592  uplink_kB=363.3  t=3.11s
  round  47/50: acc=0.6354  f1m=0.3610  uplink_kB=363.3  t=2.99s
  round  48/50: acc=0.6357  f1m=0.3609  uplink_kB=363.3  t=3.08s
  round  49/50: acc=0.6362  f1m=0.3611  uplink_kB=363.3  t=2.99s
  round  50/50: acc=0.6370  f1m=0.3615  uplink_kB=363.3  t=3.01s
[run] DONE -> /Users/agentra/Documents/hao/working/paper-lab/hao-paper-2026/iotj-fedkan-ids/repo/results/lrsweep_cseciic_mc50k/lrsweep_kan16_lr0p0003__dir0.1__seed29/metrics.json  final_acc=0.6370
