[run] device=cpu  seed=43  out=/Users/agentra/Documents/hao/working/paper-lab/hao-paper-2026/iotj-fedkan-ids/repo/results/lrsweep_cseciic/lrsweep_mlp32_lr0p03__dir0.1__seed43
[run] model=mlp  params=1,346
  round   1/50: acc=0.9116  f1m=0.9115  uplink_kB=52.6  t=1.22s
  round   2/50: acc=0.6233  f1m=0.5666  uplink_kB=52.6  t=0.65s
  round   3/50: acc=0.6398  f1m=0.5916  uplink_kB=52.6  t=0.66s
  round   4/50: acc=0.6654  f1m=0.6285  uplink_kB=52.6  t=0.60s
  round   5/50: acc=0.6235  f1m=0.5662  uplink_kB=52.6  t=0.65s
  round   6/50: acc=0.8249  f1m=0.8211  uplink_kB=52.6  t=0.62s
  round   7/50: acc=0.7328  f1m=0.7160  uplink_kB=52.6  t=0.69s
  round   8/50: acc=0.7929  f1m=0.7860  uplink_kB=52.6  t=0.67s
  round   9/50: acc=0.7936  f1m=0.7868  uplink_kB=52.6  t=0.67s
  round  10/50: acc=0.8640  f1m=0.8626  uplink_kB=52.6  t=0.68s
  round  11/50: acc=0.8037  f1m=0.7980  uplink_kB=52.6  t=0.60s
  round  12/50: acc=0.8335  f1m=0.8304  uplink_kB=52.6  t=0.66s
  round  13/50: acc=0.8559  f1m=0.8541  uplink_kB=52.6  t=0.68s
  round  14/50: acc=0.8860  f1m=0.8853  uplink_kB=52.6  t=0.69s
  round  15/50: acc=0.8938  f1m=0.8933  uplink_kB=52.6  t=0.67s
  round  16/50: acc=0.8170  f1m=0.8126  uplink_kB=52.6  t=0.63s
  round  17/50: acc=0.8609  f1m=0.8593  uplink_kB=52.6  t=0.57s
  round  18/50: acc=0.8340  f1m=0.8309  uplink_kB=52.6  t=0.66s
  round  19/50: acc=0.7673  f1m=0.7574  uplink_kB=52.6  t=0.64s
  round  20/50: acc=0.8550  f1m=0.8531  uplink_kB=52.6  t=0.65s
  round  21/50: acc=0.8472  f1m=0.8450  uplink_kB=52.6  t=0.66s
  round  22/50: acc=0.8514  f1m=0.8493  uplink_kB=52.6  t=0.66s
  round  23/50: acc=0.8471  f1m=0.8448  uplink_kB=52.6  t=0.66s
  round  24/50: acc=0.8277  f1m=0.8241  uplink_kB=52.6  t=0.61s
  round  25/50: acc=0.8647  f1m=0.8633  uplink_kB=52.6  t=0.63s
  round  26/50: acc=0.9086  f1m=0.9083  uplink_kB=52.6  t=0.64s
  round  27/50: acc=0.7678  f1m=0.7576  uplink_kB=52.6  t=0.64s
  round  28/50: acc=0.7958  f1m=0.7895  uplink_kB=52.6  t=0.66s
  round  29/50: acc=0.8017  f1m=0.7961  uplink_kB=52.6  t=0.64s
  round  30/50: acc=0.8983  f1m=0.8979  uplink_kB=52.6  t=0.67s
  round  31/50: acc=0.8068  f1m=0.8016  uplink_kB=52.6  t=0.61s
  round  32/50: acc=0.7960  f1m=0.7898  uplink_kB=52.6  t=0.68s
  round  33/50: acc=0.8474  f1m=0.8452  uplink_kB=52.6  t=0.70s
  round  34/50: acc=0.8142  f1m=0.8096  uplink_kB=52.6  t=0.68s
  round  35/50: acc=0.8818  f1m=0.8809  uplink_kB=52.6  t=0.64s
  round  36/50: acc=0.9210  f1m=0.9208  uplink_kB=52.6  t=0.69s
  round  37/50: acc=0.8568  f1m=0.8551  uplink_kB=52.6  t=0.68s
  round  38/50: acc=0.7849  f1m=0.7770  uplink_kB=52.6  t=0.63s
  round  39/50: acc=0.9253  f1m=0.9252  uplink_kB=52.6  t=0.67s
  round  40/50: acc=0.8654  f1m=0.8641  uplink_kB=52.6  t=0.69s
  round  41/50: acc=0.8670  f1m=0.8657  uplink_kB=52.6  t=0.65s
  round  42/50: acc=0.8148  f1m=0.8102  uplink_kB=52.6  t=0.66s
  round  43/50: acc=0.8348  f1m=0.8319  uplink_kB=52.6  t=0.64s
  round  44/50: acc=0.9188  f1m=0.9187  uplink_kB=52.6  t=0.64s
  round  45/50: acc=0.8533  f1m=0.8514  uplink_kB=52.6  t=0.64s
  round  46/50: acc=0.7852  f1m=0.7770  uplink_kB=52.6  t=0.62s
  round  47/50: acc=0.8012  f1m=0.7952  uplink_kB=52.6  t=0.72s
  round  48/50: acc=0.7748  f1m=0.7657  uplink_kB=52.6  t=0.71s
  round  49/50: acc=0.7696  f1m=0.7597  uplink_kB=52.6  t=0.66s
  round  50/50: acc=0.8640  f1m=0.8625  uplink_kB=52.6  t=0.67s
[run] DONE -> /Users/agentra/Documents/hao/working/paper-lab/hao-paper-2026/iotj-fedkan-ids/repo/results/lrsweep_cseciic/lrsweep_mlp32_lr0p03__dir0.1__seed43/metrics.json  final_acc=0.8640
