[run] device=cpu  seed=23  out=/Users/agentra/Documents/hao/working/paper-lab/hao-paper-2026/iotj-fedkan-ids/repo/results/lrsweep_cseciic/lrsweep_mlp80_lr0p01__dir0.1__seed23
[run] model=mlp  params=3,362
  round   1/50: acc=0.9191  f1m=0.9188  uplink_kB=131.3  t=1.42s
  round   2/50: acc=0.9213  f1m=0.9210  uplink_kB=131.3  t=0.72s
  round   3/50: acc=0.9238  f1m=0.9235  uplink_kB=131.3  t=0.69s
  round   4/50: acc=0.9319  f1m=0.9317  uplink_kB=131.3  t=0.67s
  round   5/50: acc=0.9342  f1m=0.9340  uplink_kB=131.3  t=0.62s
  round   6/50: acc=0.9402  f1m=0.9400  uplink_kB=131.3  t=0.65s
  round   7/50: acc=0.9415  f1m=0.9413  uplink_kB=131.3  t=0.67s
  round   8/50: acc=0.9419  f1m=0.9418  uplink_kB=131.3  t=0.68s
  round   9/50: acc=0.9623  f1m=0.9623  uplink_kB=131.3  t=0.68s
  round  10/50: acc=0.9639  f1m=0.9639  uplink_kB=131.3  t=0.66s
  round  11/50: acc=0.9637  f1m=0.9636  uplink_kB=131.3  t=0.65s
  round  12/50: acc=0.9644  f1m=0.9643  uplink_kB=131.3  t=0.73s
  round  13/50: acc=0.9632  f1m=0.9632  uplink_kB=131.3  t=0.70s
  round  14/50: acc=0.9633  f1m=0.9633  uplink_kB=131.3  t=0.65s
  round  15/50: acc=0.9687  f1m=0.9687  uplink_kB=131.3  t=0.71s
  round  16/50: acc=0.9686  f1m=0.9686  uplink_kB=131.3  t=0.69s
  round  17/50: acc=0.9687  f1m=0.9687  uplink_kB=131.3  t=0.68s
  round  18/50: acc=0.9733  f1m=0.9733  uplink_kB=131.3  t=0.66s
  round  19/50: acc=0.9698  f1m=0.9697  uplink_kB=131.3  t=0.71s
  round  20/50: acc=0.9710  f1m=0.9710  uplink_kB=131.3  t=0.70s
  round  21/50: acc=0.9709  f1m=0.9709  uplink_kB=131.3  t=0.71s
  round  22/50: acc=0.9692  f1m=0.9692  uplink_kB=131.3  t=0.67s
  round  23/50: acc=0.9738  f1m=0.9738  uplink_kB=131.3  t=0.70s
  round  24/50: acc=0.9744  f1m=0.9744  uplink_kB=131.3  t=0.68s
  round  25/50: acc=0.9746  f1m=0.9746  uplink_kB=131.3  t=0.62s
  round  26/50: acc=0.9739  f1m=0.9739  uplink_kB=131.3  t=0.69s
  round  27/50: acc=0.9737  f1m=0.9736  uplink_kB=131.3  t=0.69s
  round  28/50: acc=0.9740  f1m=0.9740  uplink_kB=131.3  t=0.71s
  round  29/50: acc=0.9739  f1m=0.9739  uplink_kB=131.3  t=0.73s
  round  30/50: acc=0.9753  f1m=0.9753  uplink_kB=131.3  t=0.72s
  round  31/50: acc=0.9736  f1m=0.9736  uplink_kB=131.3  t=0.66s
  round  32/50: acc=0.9756  f1m=0.9756  uplink_kB=131.3  t=0.69s
  round  33/50: acc=0.9747  f1m=0.9747  uplink_kB=131.3  t=0.68s
  round  34/50: acc=0.9754  f1m=0.9754  uplink_kB=131.3  t=0.68s
  round  35/50: acc=0.9742  f1m=0.9742  uplink_kB=131.3  t=0.72s
  round  36/50: acc=0.9746  f1m=0.9745  uplink_kB=131.3  t=0.72s
  round  37/50: acc=0.9749  f1m=0.9749  uplink_kB=131.3  t=0.60s
  round  38/50: acc=0.9753  f1m=0.9753  uplink_kB=131.3  t=0.68s
  round  39/50: acc=0.9748  f1m=0.9748  uplink_kB=131.3  t=0.68s
  round  40/50: acc=0.9749  f1m=0.9749  uplink_kB=131.3  t=0.64s
  round  41/50: acc=0.9759  f1m=0.9759  uplink_kB=131.3  t=0.66s
  round  42/50: acc=0.9736  f1m=0.9736  uplink_kB=131.3  t=0.69s
  round  43/50: acc=0.9748  f1m=0.9748  uplink_kB=131.3  t=0.70s
  round  44/50: acc=0.9748  f1m=0.9748  uplink_kB=131.3  t=0.65s
  round  45/50: acc=0.9754  f1m=0.9754  uplink_kB=131.3  t=0.70s
  round  46/50: acc=0.9753  f1m=0.9753  uplink_kB=131.3  t=0.65s
  round  47/50: acc=0.9745  f1m=0.9745  uplink_kB=131.3  t=0.71s
  round  48/50: acc=0.9754  f1m=0.9754  uplink_kB=131.3  t=0.72s
  round  49/50: acc=0.9760  f1m=0.9759  uplink_kB=131.3  t=0.69s
  round  50/50: acc=0.9754  f1m=0.9754  uplink_kB=131.3  t=0.68s
[run] DONE -> /Users/agentra/Documents/hao/working/paper-lab/hao-paper-2026/iotj-fedkan-ids/repo/results/lrsweep_cseciic/lrsweep_mlp80_lr0p01__dir0.1__seed23/metrics.json  final_acc=0.9754
