[run] device=cpu  seed=23  out=/Users/agentra/Documents/hao/working/paper-lab/hao-paper-2026/iotj-fedkan-ids/repo/results/lrsweep_botiot/lrsweep_kan8_lr0p03__dir0.1__seed23
[run] model=kan  params=3,280
  round   1/50: acc=0.4989  f1m=0.3328  uplink_kB=150.2  t=2.14s
  round   2/50: acc=0.9317  f1m=0.9314  uplink_kB=150.2  t=1.63s
  round   3/50: acc=0.9637  f1m=0.9637  uplink_kB=150.2  t=1.63s
  round   4/50: acc=0.9570  f1m=0.9569  uplink_kB=150.2  t=1.60s
  round   5/50: acc=0.9667  f1m=0.9666  uplink_kB=150.2  t=1.55s
  round   6/50: acc=0.9581  f1m=0.9580  uplink_kB=150.2  t=1.62s
  round   7/50: acc=0.9639  f1m=0.9638  uplink_kB=150.2  t=1.58s
  round   8/50: acc=0.9648  f1m=0.9647  uplink_kB=150.2  t=1.63s
  round   9/50: acc=0.9546  f1m=0.9545  uplink_kB=150.2  t=1.63s
  round  10/50: acc=0.9649  f1m=0.9649  uplink_kB=150.2  t=1.57s
  round  11/50: acc=0.9660  f1m=0.9659  uplink_kB=150.2  t=1.61s
  round  12/50: acc=0.9650  f1m=0.9650  uplink_kB=150.2  t=1.58s
  round  13/50: acc=0.9653  f1m=0.9653  uplink_kB=150.2  t=1.59s
  round  14/50: acc=0.9672  f1m=0.9672  uplink_kB=150.2  t=1.63s
  round  15/50: acc=0.9670  f1m=0.9670  uplink_kB=150.2  t=1.62s
  round  16/50: acc=0.9672  f1m=0.9672  uplink_kB=150.2  t=1.64s
  round  17/50: acc=0.9669  f1m=0.9669  uplink_kB=150.2  t=1.58s
  round  18/50: acc=0.9695  f1m=0.9694  uplink_kB=150.2  t=1.59s
  round  19/50: acc=0.9669  f1m=0.9669  uplink_kB=150.2  t=1.55s
  round  20/50: acc=0.9560  f1m=0.9560  uplink_kB=150.2  t=1.62s
  round  21/50: acc=0.9721  f1m=0.9721  uplink_kB=150.2  t=1.55s
  round  22/50: acc=0.9723  f1m=0.9723  uplink_kB=150.2  t=1.59s
  round  23/50: acc=0.9728  f1m=0.9728  uplink_kB=150.2  t=1.60s
  round  24/50: acc=0.9724  f1m=0.9724  uplink_kB=150.2  t=1.61s
  round  25/50: acc=0.9708  f1m=0.9707  uplink_kB=150.2  t=1.55s
  round  26/50: acc=0.9716  f1m=0.9716  uplink_kB=150.2  t=1.61s
  round  27/50: acc=0.9633  f1m=0.9633  uplink_kB=150.2  t=1.59s
  round  28/50: acc=0.9727  f1m=0.9727  uplink_kB=150.2  t=1.64s
  round  29/50: acc=0.9729  f1m=0.9728  uplink_kB=150.2  t=1.60s
  round  30/50: acc=0.9722  f1m=0.9722  uplink_kB=150.2  t=1.62s
  round  31/50: acc=0.9726  f1m=0.9726  uplink_kB=150.2  t=1.61s
  round  32/50: acc=0.9726  f1m=0.9726  uplink_kB=150.2  t=1.55s
  round  33/50: acc=0.9737  f1m=0.9737  uplink_kB=150.2  t=1.57s
  round  34/50: acc=0.9713  f1m=0.9713  uplink_kB=150.2  t=1.58s
  round  35/50: acc=0.9740  f1m=0.9740  uplink_kB=150.2  t=1.64s
  round  36/50: acc=0.9734  f1m=0.9734  uplink_kB=150.2  t=1.61s
  round  37/50: acc=0.9734  f1m=0.9734  uplink_kB=150.2  t=1.58s
  round  38/50: acc=0.9741  f1m=0.9741  uplink_kB=150.2  t=1.52s
  round  39/50: acc=0.9735  f1m=0.9734  uplink_kB=150.2  t=1.58s
  round  40/50: acc=0.9352  f1m=0.9349  uplink_kB=150.2  t=1.62s
  round  41/50: acc=0.9732  f1m=0.9732  uplink_kB=150.2  t=1.64s
  round  42/50: acc=0.9742  f1m=0.9741  uplink_kB=150.2  t=1.61s
  round  43/50: acc=0.9741  f1m=0.9741  uplink_kB=150.2  t=1.64s
  round  44/50: acc=0.9747  f1m=0.9747  uplink_kB=150.2  t=1.62s
  round  45/50: acc=0.9741  f1m=0.9741  uplink_kB=150.2  t=1.62s
  round  46/50: acc=0.9731  f1m=0.9730  uplink_kB=150.2  t=1.62s
  round  47/50: acc=0.9736  f1m=0.9735  uplink_kB=150.2  t=1.60s
  round  48/50: acc=0.9188  f1m=0.9184  uplink_kB=150.2  t=1.61s
  round  49/50: acc=0.9653  f1m=0.9652  uplink_kB=150.2  t=1.56s
  round  50/50: acc=0.9716  f1m=0.9716  uplink_kB=150.2  t=1.62s
[run] DONE -> /Users/agentra/Documents/hao/working/paper-lab/hao-paper-2026/iotj-fedkan-ids/repo/results/lrsweep_botiot/lrsweep_kan8_lr0p03__dir0.1__seed23/metrics.json  final_acc=0.9716
