[run] device=cpu  seed=31  out=/Users/agentra/Documents/hao/working/paper-lab/hao-paper-2026/iotj-fedkan-ids/repo/results/lrsweep_cseciic/lrsweep_mlp80_lr0p0003__dir0.1__seed31
[run] model=mlp  params=3,362
  round   1/50: acc=0.9050  f1m=0.9047  uplink_kB=131.3  t=1.50s
  round   2/50: acc=0.8999  f1m=0.8999  uplink_kB=131.3  t=0.69s
  round   3/50: acc=0.9057  f1m=0.9057  uplink_kB=131.3  t=0.68s
  round   4/50: acc=0.9137  f1m=0.9137  uplink_kB=131.3  t=0.66s
  round   5/50: acc=0.9160  f1m=0.9159  uplink_kB=131.3  t=0.71s
  round   6/50: acc=0.9136  f1m=0.9135  uplink_kB=131.3  t=0.62s
  round   7/50: acc=0.9142  f1m=0.9141  uplink_kB=131.3  t=0.66s
  round   8/50: acc=0.9145  f1m=0.9143  uplink_kB=131.3  t=0.69s
  round   9/50: acc=0.9147  f1m=0.9145  uplink_kB=131.3  t=0.64s
  round  10/50: acc=0.9144  f1m=0.9143  uplink_kB=131.3  t=0.67s
  round  11/50: acc=0.9145  f1m=0.9144  uplink_kB=131.3  t=0.66s
  round  12/50: acc=0.9143  f1m=0.9142  uplink_kB=131.3  t=0.64s
  round  13/50: acc=0.9192  f1m=0.9190  uplink_kB=131.3  t=0.68s
  round  14/50: acc=0.9245  f1m=0.9244  uplink_kB=131.3  t=0.63s
  round  15/50: acc=0.9244  f1m=0.9243  uplink_kB=131.3  t=0.65s
  round  16/50: acc=0.9269  f1m=0.9268  uplink_kB=131.3  t=0.65s
  round  17/50: acc=0.9266  f1m=0.9266  uplink_kB=131.3  t=0.67s
  round  18/50: acc=0.9255  f1m=0.9255  uplink_kB=131.3  t=0.70s
  round  19/50: acc=0.9253  f1m=0.9253  uplink_kB=131.3  t=0.68s
  round  20/50: acc=0.9231  f1m=0.9231  uplink_kB=131.3  t=0.68s
  round  21/50: acc=0.9232  f1m=0.9231  uplink_kB=131.3  t=0.62s
  round  22/50: acc=0.9409  f1m=0.9409  uplink_kB=131.3  t=0.67s
  round  23/50: acc=0.9407  f1m=0.9407  uplink_kB=131.3  t=0.67s
  round  24/50: acc=0.9397  f1m=0.9397  uplink_kB=131.3  t=0.68s
  round  25/50: acc=0.9396  f1m=0.9396  uplink_kB=131.3  t=0.71s
  round  26/50: acc=0.9387  f1m=0.9387  uplink_kB=131.3  t=0.69s
  round  27/50: acc=0.9383  f1m=0.9383  uplink_kB=131.3  t=0.70s
  round  28/50: acc=0.9379  f1m=0.9379  uplink_kB=131.3  t=0.73s
  round  29/50: acc=0.9386  f1m=0.9386  uplink_kB=131.3  t=0.63s
  round  30/50: acc=0.9385  f1m=0.9385  uplink_kB=131.3  t=0.68s
  round  31/50: acc=0.9387  f1m=0.9387  uplink_kB=131.3  t=0.66s
  round  32/50: acc=0.9370  f1m=0.9370  uplink_kB=131.3  t=0.65s
  round  33/50: acc=0.9380  f1m=0.9380  uplink_kB=131.3  t=0.68s
  round  34/50: acc=0.9386  f1m=0.9386  uplink_kB=131.3  t=0.66s
  round  35/50: acc=0.9381  f1m=0.9381  uplink_kB=131.3  t=0.65s
  round  36/50: acc=0.9381  f1m=0.9381  uplink_kB=131.3  t=0.68s
  round  37/50: acc=0.9383  f1m=0.9383  uplink_kB=131.3  t=0.75s
  round  38/50: acc=0.9384  f1m=0.9384  uplink_kB=131.3  t=0.67s
  round  39/50: acc=0.9384  f1m=0.9384  uplink_kB=131.3  t=0.68s
  round  40/50: acc=0.9383  f1m=0.9383  uplink_kB=131.3  t=0.69s
  round  41/50: acc=0.9385  f1m=0.9385  uplink_kB=131.3  t=0.68s
  round  42/50: acc=0.9389  f1m=0.9389  uplink_kB=131.3  t=0.68s
  round  43/50: acc=0.9393  f1m=0.9393  uplink_kB=131.3  t=0.67s
  round  44/50: acc=0.9392  f1m=0.9392  uplink_kB=131.3  t=0.65s
  round  45/50: acc=0.9389  f1m=0.9389  uplink_kB=131.3  t=0.65s
  round  46/50: acc=0.9404  f1m=0.9404  uplink_kB=131.3  t=0.70s
  round  47/50: acc=0.9397  f1m=0.9397  uplink_kB=131.3  t=0.65s
  round  48/50: acc=0.9403  f1m=0.9403  uplink_kB=131.3  t=0.63s
  round  49/50: acc=0.9410  f1m=0.9410  uplink_kB=131.3  t=0.65s
  round  50/50: acc=0.9405  f1m=0.9405  uplink_kB=131.3  t=0.66s
[run] DONE -> /Users/agentra/Documents/hao/working/paper-lab/hao-paper-2026/iotj-fedkan-ids/repo/results/lrsweep_cseciic/lrsweep_mlp80_lr0p0003__dir0.1__seed31/metrics.json  final_acc=0.9405
