[run] device=cpu  seed=23  out=/Users/agentra/Documents/hao/working/paper-lab/hao-paper-2026/iotj-fedkan-ids/repo/results/lrsweep_toniot/lrsweep_mlp32_lr0p01__dir0.1__seed23
[run] model=mlp  params=1,346
  round   1/50: acc=0.5039  f1m=0.3434  uplink_kB=52.6  t=1.33s
  round   2/50: acc=0.5655  f1m=0.4735  uplink_kB=52.6  t=0.67s
  round   3/50: acc=0.6243  f1m=0.5779  uplink_kB=52.6  t=0.70s
  round   4/50: acc=0.6922  f1m=0.6715  uplink_kB=52.6  t=0.66s
  round   5/50: acc=0.6939  f1m=0.6735  uplink_kB=52.6  t=0.59s
  round   6/50: acc=0.7030  f1m=0.6853  uplink_kB=52.6  t=0.67s
  round   7/50: acc=0.7193  f1m=0.7053  uplink_kB=52.6  t=0.75s
  round   8/50: acc=0.7282  f1m=0.7160  uplink_kB=52.6  t=0.71s
  round   9/50: acc=0.7303  f1m=0.7188  uplink_kB=52.6  t=0.69s
  round  10/50: acc=0.7303  f1m=0.7193  uplink_kB=52.6  t=0.65s
  round  11/50: acc=0.7149  f1m=0.6995  uplink_kB=52.6  t=0.61s
  round  12/50: acc=0.7252  f1m=0.7124  uplink_kB=52.6  t=0.64s
  round  13/50: acc=0.7127  f1m=0.6968  uplink_kB=52.6  t=0.65s
  round  14/50: acc=0.7070  f1m=0.6900  uplink_kB=52.6  t=0.70s
  round  15/50: acc=0.6979  f1m=0.6786  uplink_kB=52.6  t=0.68s
  round  16/50: acc=0.7861  f1m=0.7799  uplink_kB=52.6  t=0.66s
  round  17/50: acc=0.8067  f1m=0.8033  uplink_kB=52.6  t=0.71s
  round  18/50: acc=0.8108  f1m=0.8071  uplink_kB=52.6  t=0.65s
  round  19/50: acc=0.8213  f1m=0.8189  uplink_kB=52.6  t=0.69s
  round  20/50: acc=0.8210  f1m=0.8184  uplink_kB=52.6  t=0.71s
  round  21/50: acc=0.8426  f1m=0.8411  uplink_kB=52.6  t=0.72s
  round  22/50: acc=0.8594  f1m=0.8585  uplink_kB=52.6  t=0.63s
  round  23/50: acc=0.8590  f1m=0.8581  uplink_kB=52.6  t=0.63s
  round  24/50: acc=0.8535  f1m=0.8524  uplink_kB=52.6  t=0.68s
  round  25/50: acc=0.8500  f1m=0.8483  uplink_kB=52.6  t=0.64s
  round  26/50: acc=0.8759  f1m=0.8754  uplink_kB=52.6  t=0.68s
  round  27/50: acc=0.8798  f1m=0.8794  uplink_kB=52.6  t=0.68s
  round  28/50: acc=0.8781  f1m=0.8775  uplink_kB=52.6  t=0.71s
  round  29/50: acc=0.8934  f1m=0.8932  uplink_kB=52.6  t=0.69s
  round  30/50: acc=0.8879  f1m=0.8875  uplink_kB=52.6  t=0.69s
  round  31/50: acc=0.9330  f1m=0.9330  uplink_kB=52.6  t=0.62s
  round  32/50: acc=0.8962  f1m=0.8959  uplink_kB=52.6  t=0.65s
  round  33/50: acc=0.9370  f1m=0.9370  uplink_kB=52.6  t=0.68s
  round  34/50: acc=0.9352  f1m=0.9352  uplink_kB=52.6  t=0.66s
  round  35/50: acc=0.9403  f1m=0.9402  uplink_kB=52.6  t=0.63s
  round  36/50: acc=0.9442  f1m=0.9442  uplink_kB=52.6  t=0.71s
  round  37/50: acc=0.9404  f1m=0.9404  uplink_kB=52.6  t=0.60s
  round  38/50: acc=0.9423  f1m=0.9423  uplink_kB=52.6  t=0.64s
  round  39/50: acc=0.9371  f1m=0.9371  uplink_kB=52.6  t=0.67s
  round  40/50: acc=0.9400  f1m=0.9400  uplink_kB=52.6  t=0.68s
  round  41/50: acc=0.9399  f1m=0.9399  uplink_kB=52.6  t=0.65s
  round  42/50: acc=0.9336  f1m=0.9335  uplink_kB=52.6  t=0.66s
  round  43/50: acc=0.9397  f1m=0.9397  uplink_kB=52.6  t=0.67s
  round  44/50: acc=0.9360  f1m=0.9360  uplink_kB=52.6  t=0.67s
  round  45/50: acc=0.9433  f1m=0.9433  uplink_kB=52.6  t=0.70s
  round  46/50: acc=0.9392  f1m=0.9392  uplink_kB=52.6  t=0.66s
  round  47/50: acc=0.9358  f1m=0.9357  uplink_kB=52.6  t=0.66s
  round  48/50: acc=0.9440  f1m=0.9440  uplink_kB=52.6  t=0.66s
  round  49/50: acc=0.9365  f1m=0.9365  uplink_kB=52.6  t=0.66s
  round  50/50: acc=0.9429  f1m=0.9428  uplink_kB=52.6  t=0.64s
[run] DONE -> /Users/agentra/Documents/hao/working/paper-lab/hao-paper-2026/iotj-fedkan-ids/repo/results/lrsweep_toniot/lrsweep_mlp32_lr0p01__dir0.1__seed23/metrics.json  final_acc=0.9429
