[run] device=cpu  seed=43  out=/Users/agentra/Documents/hao/working/paper-lab/hao-paper-2026/iotj-fedkan-ids/repo/results/sensitivity_botiot/sens_h16__dir0.1__seed43
[run] model=kan  params=6,560
  round   1/50: acc=0.6478  f1m=0.5972  uplink_kB=282.0  t=2.84s
  round   2/50: acc=0.7125  f1m=0.6863  uplink_kB=282.0  t=1.94s
  round   3/50: acc=0.7931  f1m=0.7838  uplink_kB=282.0  t=1.91s
  round   4/50: acc=0.8262  f1m=0.8207  uplink_kB=282.0  t=1.92s
  round   5/50: acc=0.8506  f1m=0.8472  uplink_kB=282.0  t=1.89s
  round   6/50: acc=0.8592  f1m=0.8564  uplink_kB=282.0  t=1.82s
  round   7/50: acc=0.8671  f1m=0.8648  uplink_kB=282.0  t=1.77s
  round   8/50: acc=0.9038  f1m=0.9035  uplink_kB=282.0  t=2.01s
  round   9/50: acc=0.8598  f1m=0.8570  uplink_kB=282.0  t=2.18s
  round  10/50: acc=0.9668  f1m=0.9668  uplink_kB=282.0  t=2.08s
  round  11/50: acc=0.8726  f1m=0.8706  uplink_kB=282.0  t=1.90s
  round  12/50: acc=0.9695  f1m=0.9695  uplink_kB=282.0  t=1.97s
  round  13/50: acc=0.9509  f1m=0.9509  uplink_kB=282.0  t=1.95s
  round  14/50: acc=0.9688  f1m=0.9688  uplink_kB=282.0  t=1.95s
  round  15/50: acc=0.8985  f1m=0.8975  uplink_kB=282.0  t=2.05s
  round  16/50: acc=0.9710  f1m=0.9710  uplink_kB=282.0  t=1.98s
  round  17/50: acc=0.9630  f1m=0.9630  uplink_kB=282.0  t=1.94s
  round  18/50: acc=0.9712  f1m=0.9712  uplink_kB=282.0  t=1.86s
  round  19/50: acc=0.9191  f1m=0.9186  uplink_kB=282.0  t=2.00s
  round  20/50: acc=0.9240  f1m=0.9235  uplink_kB=282.0  t=1.90s
  round  21/50: acc=0.9167  f1m=0.9161  uplink_kB=282.0  t=2.03s
  round  22/50: acc=0.9236  f1m=0.9231  uplink_kB=282.0  t=1.89s
  round  23/50: acc=0.9166  f1m=0.9160  uplink_kB=282.0  t=2.01s
  round  24/50: acc=0.9239  f1m=0.9234  uplink_kB=282.0  t=1.87s
  round  25/50: acc=0.9238  f1m=0.9234  uplink_kB=282.0  t=1.83s
  round  26/50: acc=0.9170  f1m=0.9164  uplink_kB=282.0  t=1.96s
  round  27/50: acc=0.9231  f1m=0.9227  uplink_kB=282.0  t=2.05s
  round  28/50: acc=0.9165  f1m=0.9159  uplink_kB=282.0  t=1.92s
  round  29/50: acc=0.9192  f1m=0.9186  uplink_kB=282.0  t=2.21s
  round  30/50: acc=0.9172  f1m=0.9166  uplink_kB=282.0  t=2.18s
  round  31/50: acc=0.9246  f1m=0.9242  uplink_kB=282.0  t=2.19s
  round  32/50: acc=0.8853  f1m=0.8838  uplink_kB=282.0  t=2.75s
  round  33/50: acc=0.9109  f1m=0.9102  uplink_kB=282.0  t=2.37s
  round  34/50: acc=0.9093  f1m=0.9085  uplink_kB=282.0  t=3.05s
  round  35/50: acc=0.9094  f1m=0.9086  uplink_kB=282.0  t=2.14s
  round  36/50: acc=0.9171  f1m=0.9166  uplink_kB=282.0  t=2.02s
  round  37/50: acc=0.9173  f1m=0.9167  uplink_kB=282.0  t=1.95s
  round  38/50: acc=0.9238  f1m=0.9234  uplink_kB=282.0  t=2.04s
  round  39/50: acc=0.9030  f1m=0.9020  uplink_kB=282.0  t=2.10s
  round  40/50: acc=0.9156  f1m=0.9149  uplink_kB=282.0  t=2.12s
  round  41/50: acc=0.8810  f1m=0.8793  uplink_kB=282.0  t=2.09s
  round  42/50: acc=0.9007  f1m=0.8997  uplink_kB=282.0  t=2.03s
  round  43/50: acc=0.8915  f1m=0.8902  uplink_kB=282.0  t=2.05s
  round  44/50: acc=0.9166  f1m=0.9160  uplink_kB=282.0  t=2.00s
  round  45/50: acc=0.8850  f1m=0.8834  uplink_kB=282.0  t=2.07s
  round  46/50: acc=0.9171  f1m=0.9165  uplink_kB=282.0  t=1.96s
  round  47/50: acc=0.9098  f1m=0.9090  uplink_kB=282.0  t=2.00s
  round  48/50: acc=0.9168  f1m=0.9162  uplink_kB=282.0  t=2.02s
  round  49/50: acc=0.8860  f1m=0.8844  uplink_kB=282.0  t=1.96s
  round  50/50: acc=0.9163  f1m=0.9157  uplink_kB=282.0  t=1.91s
[run] DONE -> /Users/agentra/Documents/hao/working/paper-lab/hao-paper-2026/iotj-fedkan-ids/repo/results/sensitivity_botiot/sens_h16__dir0.1__seed43/metrics.json  final_acc=0.9163
