[run] device=cpu  seed=43  out=/Users/agentra/Documents/hao/working/paper-lab/hao-paper-2026/iotj-fedkan-ids/repo/results/lrsweep_toniot/lrsweep_mlp80_lr0p01__dir0.1__seed43
[run] model=mlp  params=3,362
  round   1/50: acc=0.7352  f1m=0.7278  uplink_kB=131.3  t=1.14s
  round   2/50: acc=0.6660  f1m=0.6611  uplink_kB=131.3  t=0.85s
  round   3/50: acc=0.7667  f1m=0.7567  uplink_kB=131.3  t=0.79s
  round   4/50: acc=0.7701  f1m=0.7606  uplink_kB=131.3  t=0.75s
  round   5/50: acc=0.7673  f1m=0.7574  uplink_kB=131.3  t=0.78s
  round   6/50: acc=0.5478  f1m=0.4495  uplink_kB=131.3  t=0.83s
  round   7/50: acc=0.5468  f1m=0.4477  uplink_kB=131.3  t=0.73s
  round   8/50: acc=0.5449  f1m=0.4438  uplink_kB=131.3  t=0.78s
  round   9/50: acc=0.5475  f1m=0.4485  uplink_kB=131.3  t=0.74s
  round  10/50: acc=0.5482  f1m=0.4489  uplink_kB=131.3  t=0.72s
  round  11/50: acc=0.5487  f1m=0.4499  uplink_kB=131.3  t=0.79s
  round  12/50: acc=0.5487  f1m=0.4496  uplink_kB=131.3  t=0.92s
  round  13/50: acc=0.5537  f1m=0.4583  uplink_kB=131.3  t=0.75s
  round  14/50: acc=0.5452  f1m=0.4424  uplink_kB=131.3  t=0.70s
  round  15/50: acc=0.5518  f1m=0.4551  uplink_kB=131.3  t=0.76s
  round  16/50: acc=0.5492  f1m=0.4498  uplink_kB=131.3  t=0.75s
  round  17/50: acc=0.5532  f1m=0.4573  uplink_kB=131.3  t=0.66s
  round  18/50: acc=0.5579  f1m=0.4646  uplink_kB=131.3  t=0.64s
  round  19/50: acc=0.5472  f1m=0.4451  uplink_kB=131.3  t=0.73s
  round  20/50: acc=0.5486  f1m=0.4456  uplink_kB=131.3  t=0.67s
  round  21/50: acc=0.5667  f1m=0.4790  uplink_kB=131.3  t=0.72s
  round  22/50: acc=0.5682  f1m=0.4819  uplink_kB=131.3  t=0.67s
  round  23/50: acc=0.5637  f1m=0.4728  uplink_kB=131.3  t=0.67s
  round  24/50: acc=0.5738  f1m=0.4909  uplink_kB=131.3  t=0.63s
  round  25/50: acc=0.5739  f1m=0.4909  uplink_kB=131.3  t=0.81s
  round  26/50: acc=0.5743  f1m=0.4911  uplink_kB=131.3  t=0.67s
  round  27/50: acc=0.5828  f1m=0.4996  uplink_kB=131.3  t=0.67s
  round  28/50: acc=0.5776  f1m=0.4979  uplink_kB=131.3  t=0.65s
  round  29/50: acc=0.5791  f1m=0.5009  uplink_kB=131.3  t=0.69s
  round  30/50: acc=0.5829  f1m=0.4999  uplink_kB=131.3  t=0.68s
  round  31/50: acc=0.5827  f1m=0.4981  uplink_kB=131.3  t=0.62s
  round  32/50: acc=0.5809  f1m=0.4951  uplink_kB=131.3  t=0.66s
  round  33/50: acc=0.5800  f1m=0.4937  uplink_kB=131.3  t=0.67s
  round  34/50: acc=0.5804  f1m=0.4946  uplink_kB=131.3  t=0.66s
  round  35/50: acc=0.5809  f1m=0.4948  uplink_kB=131.3  t=0.67s
  round  36/50: acc=0.5822  f1m=0.4979  uplink_kB=131.3  t=0.66s
  round  37/50: acc=0.5829  f1m=0.4982  uplink_kB=131.3  t=0.65s
  round  38/50: acc=0.5828  f1m=0.4978  uplink_kB=131.3  t=0.62s
  round  39/50: acc=0.5844  f1m=0.5010  uplink_kB=131.3  t=0.68s
  round  40/50: acc=0.5819  f1m=0.4965  uplink_kB=131.3  t=0.67s
  round  41/50: acc=0.5825  f1m=0.4976  uplink_kB=131.3  t=0.69s
  round  42/50: acc=0.5950  f1m=0.5196  uplink_kB=131.3  t=0.66s
  round  43/50: acc=0.5843  f1m=0.5014  uplink_kB=131.3  t=0.69s
  round  44/50: acc=0.5831  f1m=0.4988  uplink_kB=131.3  t=0.65s
  round  45/50: acc=0.5848  f1m=0.5021  uplink_kB=131.3  t=0.65s
  round  46/50: acc=0.5840  f1m=0.5004  uplink_kB=131.3  t=0.60s
  round  47/50: acc=0.5841  f1m=0.5009  uplink_kB=131.3  t=0.68s
  round  48/50: acc=0.8014  f1m=0.7940  uplink_kB=131.3  t=0.66s
  round  49/50: acc=0.5855  f1m=0.5031  uplink_kB=131.3  t=0.67s
  round  50/50: acc=0.8016  f1m=0.7940  uplink_kB=131.3  t=0.67s
[run] DONE -> /Users/agentra/Documents/hao/working/paper-lab/hao-paper-2026/iotj-fedkan-ids/repo/results/lrsweep_toniot/lrsweep_mlp80_lr0p01__dir0.1__seed43/metrics.json  final_acc=0.8016
