[run] device=cpu  seed=43  out=/Users/agentra/Documents/hao/working/paper-lab/hao-paper-2026/iotj-fedkan-ids/repo/results/lrsweep_botiot/lrsweep_kan16_lr0p03__dir0.1__seed43
[run] model=kan  params=6,560
  round   1/50: acc=0.5032  f1m=0.3385  uplink_kB=282.0  t=2.61s
  round   2/50: acc=0.7508  f1m=0.7344  uplink_kB=282.0  t=1.96s
  round   3/50: acc=0.7788  f1m=0.7675  uplink_kB=282.0  t=1.92s
  round   4/50: acc=0.9004  f1m=0.9002  uplink_kB=282.0  t=1.81s
  round   5/50: acc=0.8350  f1m=0.8304  uplink_kB=282.0  t=1.91s
  round   6/50: acc=0.9312  f1m=0.9312  uplink_kB=282.0  t=1.90s
  round   7/50: acc=0.8727  f1m=0.8707  uplink_kB=282.0  t=1.87s
  round   8/50: acc=0.9458  f1m=0.9458  uplink_kB=282.0  t=1.87s
  round   9/50: acc=0.8398  f1m=0.8356  uplink_kB=282.0  t=1.93s
  round  10/50: acc=0.9618  f1m=0.9618  uplink_kB=282.0  t=1.91s
  round  11/50: acc=0.9632  f1m=0.9632  uplink_kB=282.0  t=1.82s
  round  12/50: acc=0.8547  f1m=0.8516  uplink_kB=282.0  t=1.90s
  round  13/50: acc=0.9722  f1m=0.9722  uplink_kB=282.0  t=1.90s
  round  14/50: acc=0.8968  f1m=0.8957  uplink_kB=282.0  t=2.12s
  round  15/50: acc=0.7700  f1m=0.7571  uplink_kB=282.0  t=1.94s
  round  16/50: acc=0.7610  f1m=0.7464  uplink_kB=282.0  t=1.87s
  round  17/50: acc=0.9419  f1m=0.9419  uplink_kB=282.0  t=2.01s
  round  18/50: acc=0.7786  f1m=0.7672  uplink_kB=282.0  t=1.83s
  round  19/50: acc=0.9246  f1m=0.9245  uplink_kB=282.0  t=1.90s
  round  20/50: acc=0.9724  f1m=0.9724  uplink_kB=282.0  t=1.90s
  round  21/50: acc=0.8715  f1m=0.8694  uplink_kB=282.0  t=2.00s
  round  22/50: acc=0.9379  f1m=0.9379  uplink_kB=282.0  t=1.91s
  round  23/50: acc=0.9924  f1m=0.9924  uplink_kB=282.0  t=1.86s
  round  24/50: acc=0.8986  f1m=0.8976  uplink_kB=282.0  t=1.99s
  round  25/50: acc=0.8807  f1m=0.8789  uplink_kB=282.0  t=1.84s
  round  26/50: acc=0.8142  f1m=0.8110  uplink_kB=282.0  t=1.83s
  round  27/50: acc=0.8921  f1m=0.8909  uplink_kB=282.0  t=1.86s
  round  28/50: acc=0.6124  f1m=0.5430  uplink_kB=282.0  t=1.85s
  round  29/50: acc=0.8194  f1m=0.8133  uplink_kB=282.0  t=1.93s
  round  30/50: acc=0.8431  f1m=0.8391  uplink_kB=282.0  t=1.87s
  round  31/50: acc=0.7577  f1m=0.7427  uplink_kB=282.0  t=1.82s
  round  32/50: acc=0.9445  f1m=0.9445  uplink_kB=282.0  t=1.92s
  round  33/50: acc=0.8987  f1m=0.8976  uplink_kB=282.0  t=1.87s
  round  34/50: acc=0.7193  f1m=0.6951  uplink_kB=282.0  t=1.87s
  round  35/50: acc=0.8866  f1m=0.8852  uplink_kB=282.0  t=1.92s
  round  36/50: acc=0.8366  f1m=0.8320  uplink_kB=282.0  t=1.85s
  round  37/50: acc=0.9035  f1m=0.9025  uplink_kB=282.0  t=1.81s
  round  38/50: acc=0.9108  f1m=0.9101  uplink_kB=282.0  t=1.91s
  round  39/50: acc=0.8968  f1m=0.8956  uplink_kB=282.0  t=1.85s
  round  40/50: acc=0.9232  f1m=0.9227  uplink_kB=282.0  t=1.87s
  round  41/50: acc=0.8291  f1m=0.8238  uplink_kB=282.0  t=1.87s
  round  42/50: acc=0.9093  f1m=0.9086  uplink_kB=282.0  t=1.88s
  round  43/50: acc=0.8185  f1m=0.8122  uplink_kB=282.0  t=1.88s
  round  44/50: acc=0.9105  f1m=0.9097  uplink_kB=282.0  t=1.84s
  round  45/50: acc=0.8592  f1m=0.8579  uplink_kB=282.0  t=1.86s
  round  46/50: acc=0.7627  f1m=0.7486  uplink_kB=282.0  t=1.87s
  round  47/50: acc=0.7925  f1m=0.7831  uplink_kB=282.0  t=1.89s
  round  48/50: acc=0.8379  f1m=0.8335  uplink_kB=282.0  t=1.87s
  round  49/50: acc=0.8827  f1m=0.8810  uplink_kB=282.0  t=1.91s
  round  50/50: acc=0.8647  f1m=0.8623  uplink_kB=282.0  t=1.82s
[run] DONE -> /Users/agentra/Documents/hao/working/paper-lab/hao-paper-2026/iotj-fedkan-ids/repo/results/lrsweep_botiot/lrsweep_kan16_lr0p03__dir0.1__seed43/metrics.json  final_acc=0.8647
