[run] device=cpu  seed=29  out=/Users/agentra/Documents/hao/working/paper-lab/hao-paper-2026/iotj-fedkan-ids/repo/results/lrsweep_cseciic/lrsweep_kan8_lr0p0003__dir0.1__seed29
[run] model=kan  params=3,280
  round   1/50: acc=0.5000  f1m=0.3333  uplink_kB=150.2  t=2.17s
  round   2/50: acc=0.5000  f1m=0.3333  uplink_kB=150.2  t=1.64s
  round   3/50: acc=0.5000  f1m=0.3333  uplink_kB=150.2  t=1.64s
  round   4/50: acc=0.5000  f1m=0.3333  uplink_kB=150.2  t=1.64s
  round   5/50: acc=0.5000  f1m=0.3333  uplink_kB=150.2  t=1.61s
  round   6/50: acc=0.5000  f1m=0.3333  uplink_kB=150.2  t=1.65s
  round   7/50: acc=0.5017  f1m=0.3371  uplink_kB=150.2  t=1.66s
  round   8/50: acc=0.6087  f1m=0.5382  uplink_kB=150.2  t=1.67s
  round   9/50: acc=0.7862  f1m=0.7761  uplink_kB=150.2  t=1.69s
  round  10/50: acc=0.8917  f1m=0.8907  uplink_kB=150.2  t=1.68s
  round  11/50: acc=0.9197  f1m=0.9194  uplink_kB=150.2  t=1.67s
  round  12/50: acc=0.9172  f1m=0.9170  uplink_kB=150.2  t=1.63s
  round  13/50: acc=0.9159  f1m=0.9156  uplink_kB=150.2  t=1.70s
  round  14/50: acc=0.9153  f1m=0.9151  uplink_kB=150.2  t=1.65s
  round  15/50: acc=0.9153  f1m=0.9151  uplink_kB=150.2  t=1.69s
  round  16/50: acc=0.9160  f1m=0.9158  uplink_kB=150.2  t=1.67s
  round  17/50: acc=0.9169  f1m=0.9167  uplink_kB=150.2  t=1.64s
  round  18/50: acc=0.9185  f1m=0.9183  uplink_kB=150.2  t=1.67s
  round  19/50: acc=0.9195  f1m=0.9193  uplink_kB=150.2  t=1.63s
  round  20/50: acc=0.9207  f1m=0.9206  uplink_kB=150.2  t=1.69s
  round  21/50: acc=0.9213  f1m=0.9212  uplink_kB=150.2  t=1.67s
  round  22/50: acc=0.9217  f1m=0.9215  uplink_kB=150.2  t=1.68s
  round  23/50: acc=0.9219  f1m=0.9217  uplink_kB=150.2  t=1.68s
  round  24/50: acc=0.9225  f1m=0.9223  uplink_kB=150.2  t=1.68s
  round  25/50: acc=0.9228  f1m=0.9226  uplink_kB=150.2  t=1.59s
  round  26/50: acc=0.9230  f1m=0.9228  uplink_kB=150.2  t=1.69s
  round  27/50: acc=0.9232  f1m=0.9230  uplink_kB=150.2  t=1.63s
  round  28/50: acc=0.9237  f1m=0.9235  uplink_kB=150.2  t=1.68s
  round  29/50: acc=0.9241  f1m=0.9239  uplink_kB=150.2  t=1.68s
  round  30/50: acc=0.9247  f1m=0.9245  uplink_kB=150.2  t=1.69s
  round  31/50: acc=0.9251  f1m=0.9249  uplink_kB=150.2  t=1.66s
  round  32/50: acc=0.9253  f1m=0.9250  uplink_kB=150.2  t=1.61s
  round  33/50: acc=0.9253  f1m=0.9251  uplink_kB=150.2  t=1.69s
  round  34/50: acc=0.9255  f1m=0.9253  uplink_kB=150.2  t=1.66s
  round  35/50: acc=0.9256  f1m=0.9254  uplink_kB=150.2  t=1.67s
  round  36/50: acc=0.9273  f1m=0.9271  uplink_kB=150.2  t=1.68s
  round  37/50: acc=0.9306  f1m=0.9304  uplink_kB=150.2  t=1.64s
  round  38/50: acc=0.9333  f1m=0.9332  uplink_kB=150.2  t=1.60s
  round  39/50: acc=0.9339  f1m=0.9338  uplink_kB=150.2  t=1.67s
  round  40/50: acc=0.9340  f1m=0.9338  uplink_kB=150.2  t=1.64s
  round  41/50: acc=0.9341  f1m=0.9339  uplink_kB=150.2  t=1.67s
  round  42/50: acc=0.9343  f1m=0.9342  uplink_kB=150.2  t=1.67s
  round  43/50: acc=0.9342  f1m=0.9341  uplink_kB=150.2  t=1.72s
  round  44/50: acc=0.9344  f1m=0.9343  uplink_kB=150.2  t=1.69s
  round  45/50: acc=0.9344  f1m=0.9343  uplink_kB=150.2  t=1.73s
  round  46/50: acc=0.9350  f1m=0.9349  uplink_kB=150.2  t=1.65s
  round  47/50: acc=0.9351  f1m=0.9350  uplink_kB=150.2  t=1.85s
  round  48/50: acc=0.9345  f1m=0.9343  uplink_kB=150.2  t=1.70s
  round  49/50: acc=0.9344  f1m=0.9343  uplink_kB=150.2  t=1.67s
  round  50/50: acc=0.9342  f1m=0.9340  uplink_kB=150.2  t=1.66s
[run] DONE -> /Users/agentra/Documents/hao/working/paper-lab/hao-paper-2026/iotj-fedkan-ids/repo/results/lrsweep_cseciic/lrsweep_kan8_lr0p0003__dir0.1__seed29/metrics.json  final_acc=0.9342
