[run] device=cpu  seed=2026  out=/Users/agentra/Documents/hao/working/paper-lab/hao-paper-2026/iotj-fedkan-ids/repo/results/lrsweep_botiot/lrsweep_mlp80_lr0p01__dir0.1__seed2026
[run] model=mlp  params=3,362
  round   1/50: acc=0.4989  f1m=0.3328  uplink_kB=131.3  t=1.33s
  round   2/50: acc=0.4989  f1m=0.3328  uplink_kB=131.3  t=0.71s
  round   3/50: acc=0.4989  f1m=0.3328  uplink_kB=131.3  t=0.66s
  round   4/50: acc=0.4989  f1m=0.3328  uplink_kB=131.3  t=0.69s
  round   5/50: acc=0.4989  f1m=0.3328  uplink_kB=131.3  t=0.67s
  round   6/50: acc=0.4981  f1m=0.3325  uplink_kB=131.3  t=0.65s
  round   7/50: acc=0.5201  f1m=0.3813  uplink_kB=131.3  t=0.83s
  round   8/50: acc=0.5670  f1m=0.4720  uplink_kB=131.3  t=0.67s
  round   9/50: acc=0.5682  f1m=0.4747  uplink_kB=131.3  t=0.73s
  round  10/50: acc=0.5690  f1m=0.4775  uplink_kB=131.3  t=0.73s
  round  11/50: acc=0.5717  f1m=0.4827  uplink_kB=131.3  t=0.69s
  round  12/50: acc=0.5644  f1m=0.4673  uplink_kB=131.3  t=0.72s
  round  13/50: acc=0.5721  f1m=0.4814  uplink_kB=131.3  t=0.63s
  round  14/50: acc=0.5779  f1m=0.4928  uplink_kB=131.3  t=0.81s
  round  15/50: acc=0.6113  f1m=0.5536  uplink_kB=131.3  t=0.81s
  round  16/50: acc=0.6194  f1m=0.5660  uplink_kB=131.3  t=0.79s
  round  17/50: acc=0.5785  f1m=0.4936  uplink_kB=131.3  t=0.67s
  round  18/50: acc=0.5941  f1m=0.5216  uplink_kB=131.3  t=0.67s
  round  19/50: acc=0.5878  f1m=0.5098  uplink_kB=131.3  t=0.66s
  round  20/50: acc=0.5812  f1m=0.4978  uplink_kB=131.3  t=0.63s
  round  21/50: acc=0.5657  f1m=0.4701  uplink_kB=131.3  t=0.69s
  round  22/50: acc=0.5693  f1m=0.4765  uplink_kB=131.3  t=0.73s
  round  23/50: acc=0.5979  f1m=0.5272  uplink_kB=131.3  t=0.69s
  round  24/50: acc=0.5866  f1m=0.5065  uplink_kB=131.3  t=0.72s
  round  25/50: acc=0.5840  f1m=0.5020  uplink_kB=131.3  t=0.71s
  round  26/50: acc=0.6103  f1m=0.5470  uplink_kB=131.3  t=0.63s
  round  27/50: acc=0.6107  f1m=0.5474  uplink_kB=131.3  t=0.69s
  round  28/50: acc=0.5884  f1m=0.5090  uplink_kB=131.3  t=0.71s
  round  29/50: acc=0.6024  f1m=0.5330  uplink_kB=131.3  t=0.66s
  round  30/50: acc=0.6014  f1m=0.5309  uplink_kB=131.3  t=0.65s
  round  31/50: acc=0.6153  f1m=0.5542  uplink_kB=131.3  t=0.67s
  round  32/50: acc=0.6086  f1m=0.5430  uplink_kB=131.3  t=0.62s
  round  33/50: acc=0.5736  f1m=0.4822  uplink_kB=131.3  t=0.69s
  round  34/50: acc=0.5962  f1m=0.5219  uplink_kB=131.3  t=0.68s
  round  35/50: acc=0.6242  f1m=0.5677  uplink_kB=131.3  t=0.73s
  round  36/50: acc=0.5982  f1m=0.5250  uplink_kB=131.3  t=0.66s
  round  37/50: acc=0.6151  f1m=0.5529  uplink_kB=131.3  t=0.66s
  round  38/50: acc=0.5959  f1m=0.5209  uplink_kB=131.3  t=0.73s
  round  39/50: acc=0.6062  f1m=0.5379  uplink_kB=131.3  t=0.61s
  round  40/50: acc=0.5670  f1m=0.4700  uplink_kB=131.3  t=0.66s
  round  41/50: acc=0.5869  f1m=0.5049  uplink_kB=131.3  t=0.69s
  round  42/50: acc=0.5928  f1m=0.5150  uplink_kB=131.3  t=0.67s
  round  43/50: acc=0.6020  f1m=0.5304  uplink_kB=131.3  t=0.67s
  round  44/50: acc=0.6404  f1m=0.5915  uplink_kB=131.3  t=0.66s
  round  45/50: acc=0.6254  f1m=0.5679  uplink_kB=131.3  t=0.58s
  round  46/50: acc=0.6211  f1m=0.5612  uplink_kB=131.3  t=0.68s
  round  47/50: acc=0.6392  f1m=0.5892  uplink_kB=131.3  t=0.69s
  round  48/50: acc=0.5763  f1m=0.4862  uplink_kB=131.3  t=0.66s
  round  49/50: acc=0.5823  f1m=0.4965  uplink_kB=131.3  t=0.67s
  round  50/50: acc=0.5642  f1m=0.4648  uplink_kB=131.3  t=0.66s
[run] DONE -> /Users/agentra/Documents/hao/working/paper-lab/hao-paper-2026/iotj-fedkan-ids/repo/results/lrsweep_botiot/lrsweep_mlp80_lr0p01__dir0.1__seed2026/metrics.json  final_acc=0.5642
