[run] device=cpu  seed=29  out=/Users/agentra/Documents/hao/working/paper-lab/hao-paper-2026/iotj-fedkan-ids/repo/results/lrsweep_botiot/lrsweep_kan16_lr0p03__dir0.1__seed29
[run] model=kan  params=6,560
  round   1/50: acc=0.5843  f1m=0.5132  uplink_kB=282.0  t=2.45s
  round   2/50: acc=0.9166  f1m=0.9165  uplink_kB=282.0  t=1.97s
  round   3/50: acc=0.7961  f1m=0.7873  uplink_kB=282.0  t=1.89s
  round   4/50: acc=0.7938  f1m=0.7848  uplink_kB=282.0  t=1.93s
  round   5/50: acc=0.7957  f1m=0.7869  uplink_kB=282.0  t=1.85s
  round   6/50: acc=0.8022  f1m=0.7944  uplink_kB=282.0  t=1.89s
  round   7/50: acc=0.8022  f1m=0.7944  uplink_kB=282.0  t=1.96s
  round   8/50: acc=0.8025  f1m=0.7947  uplink_kB=282.0  t=1.93s
  round   9/50: acc=0.8047  f1m=0.7972  uplink_kB=282.0  t=1.92s
  round  10/50: acc=0.8024  f1m=0.7946  uplink_kB=282.0  t=1.90s
  round  11/50: acc=0.7946  f1m=0.7855  uplink_kB=282.0  t=1.79s
  round  12/50: acc=0.7995  f1m=0.7911  uplink_kB=282.0  t=1.86s
  round  13/50: acc=0.7990  f1m=0.7905  uplink_kB=282.0  t=1.93s
  round  14/50: acc=0.8015  f1m=0.7932  uplink_kB=282.0  t=2.07s
  round  15/50: acc=0.7992  f1m=0.7906  uplink_kB=282.0  t=1.99s
  round  16/50: acc=0.8044  f1m=0.7965  uplink_kB=282.0  t=1.94s
  round  17/50: acc=0.8046  f1m=0.7968  uplink_kB=282.0  t=1.95s
  round  18/50: acc=0.8027  f1m=0.7945  uplink_kB=282.0  t=1.90s
  round  19/50: acc=0.8747  f1m=0.8728  uplink_kB=282.0  t=1.95s
  round  20/50: acc=0.8246  f1m=0.8189  uplink_kB=282.0  t=1.84s
  round  21/50: acc=0.8225  f1m=0.8166  uplink_kB=282.0  t=1.89s
  round  22/50: acc=0.8286  f1m=0.8234  uplink_kB=282.0  t=1.87s
  round  23/50: acc=0.8356  f1m=0.8310  uplink_kB=282.0  t=1.80s
  round  24/50: acc=0.8576  f1m=0.8546  uplink_kB=282.0  t=1.96s
  round  25/50: acc=0.8262  f1m=0.8207  uplink_kB=282.0  t=1.93s
  round  26/50: acc=0.9451  f1m=0.9451  uplink_kB=282.0  t=1.89s
  round  27/50: acc=0.8563  f1m=0.8533  uplink_kB=282.0  t=1.87s
  round  28/50: acc=0.8852  f1m=0.8841  uplink_kB=282.0  t=1.84s
  round  29/50: acc=0.8867  f1m=0.8852  uplink_kB=282.0  t=1.84s
  round  30/50: acc=0.9494  f1m=0.9494  uplink_kB=282.0  t=1.76s
  round  31/50: acc=0.8889  f1m=0.8876  uplink_kB=282.0  t=1.86s
  round  32/50: acc=0.8867  f1m=0.8852  uplink_kB=282.0  t=1.89s
  round  33/50: acc=0.8870  f1m=0.8855  uplink_kB=282.0  t=1.88s
  round  34/50: acc=0.8890  f1m=0.8876  uplink_kB=282.0  t=1.87s
  round  35/50: acc=0.8885  f1m=0.8871  uplink_kB=282.0  t=1.90s
  round  36/50: acc=0.8895  f1m=0.8881  uplink_kB=282.0  t=1.89s
  round  37/50: acc=0.8875  f1m=0.8860  uplink_kB=282.0  t=1.88s
  round  38/50: acc=0.9572  f1m=0.9572  uplink_kB=282.0  t=1.77s
  round  39/50: acc=0.9015  f1m=0.9008  uplink_kB=282.0  t=1.89s
  round  40/50: acc=0.9064  f1m=0.9057  uplink_kB=282.0  t=1.87s
  round  41/50: acc=0.8889  f1m=0.8875  uplink_kB=282.0  t=1.84s
  round  42/50: acc=0.8876  f1m=0.8861  uplink_kB=282.0  t=1.87s
  round  43/50: acc=0.9562  f1m=0.9562  uplink_kB=282.0  t=1.76s
  round  44/50: acc=0.9120  f1m=0.9114  uplink_kB=282.0  t=1.84s
  round  45/50: acc=0.8867  f1m=0.8852  uplink_kB=282.0  t=1.85s
  round  46/50: acc=0.8889  f1m=0.8875  uplink_kB=282.0  t=1.87s
  round  47/50: acc=0.9488  f1m=0.9487  uplink_kB=282.0  t=1.88s
  round  48/50: acc=0.9054  f1m=0.9046  uplink_kB=282.0  t=1.86s
  round  49/50: acc=0.8898  f1m=0.8884  uplink_kB=282.0  t=1.81s
  round  50/50: acc=0.8902  f1m=0.8888  uplink_kB=282.0  t=1.81s
[run] DONE -> /Users/agentra/Documents/hao/working/paper-lab/hao-paper-2026/iotj-fedkan-ids/repo/results/lrsweep_botiot/lrsweep_kan16_lr0p03__dir0.1__seed29/metrics.json  final_acc=0.8902
