[run] device=cpu  seed=31  out=/Users/agentra/Documents/hao/working/paper-lab/hao-paper-2026/iotj-fedkan-ids/repo/results/lrsweep_cseciic_mc50k/lrsweep_kan8_lr0p0003__dir0.1__seed31
[run] model=kan  params=4,320
  round   1/50: acc=0.1923  f1m=0.0537  uplink_kB=190.8  t=3.33s
  round   2/50: acc=0.1856  f1m=0.0504  uplink_kB=190.8  t=2.75s
  round   3/50: acc=0.1894  f1m=0.0555  uplink_kB=190.8  t=2.61s
  round   4/50: acc=0.2081  f1m=0.0644  uplink_kB=190.8  t=2.52s
  round   5/50: acc=0.2153  f1m=0.0672  uplink_kB=190.8  t=2.64s
  round   6/50: acc=0.2239  f1m=0.0700  uplink_kB=190.8  t=2.59s
  round   7/50: acc=0.2528  f1m=0.0941  uplink_kB=190.8  t=2.66s
  round   8/50: acc=0.2564  f1m=0.0886  uplink_kB=190.8  t=2.70s
  round   9/50: acc=0.2753  f1m=0.0948  uplink_kB=190.8  t=2.63s
  round  10/50: acc=0.2915  f1m=0.1014  uplink_kB=190.8  t=2.75s
  round  11/50: acc=0.2940  f1m=0.1003  uplink_kB=190.8  t=2.65s
  round  12/50: acc=0.2751  f1m=0.0873  uplink_kB=190.8  t=2.70s
  round  13/50: acc=0.2659  f1m=0.0738  uplink_kB=190.8  t=2.68s
  round  14/50: acc=0.2670  f1m=0.0799  uplink_kB=190.8  t=2.68s
  round  15/50: acc=0.2599  f1m=0.0808  uplink_kB=190.8  t=2.74s
  round  16/50: acc=0.2280  f1m=0.0712  uplink_kB=190.8  t=2.68s
  round  17/50: acc=0.2144  f1m=0.0681  uplink_kB=190.8  t=2.70s
  round  18/50: acc=0.2020  f1m=0.0653  uplink_kB=190.8  t=2.72s
  round  19/50: acc=0.1955  f1m=0.0626  uplink_kB=190.8  t=2.65s
  round  20/50: acc=0.2579  f1m=0.1203  uplink_kB=190.8  t=2.66s
  round  21/50: acc=0.2638  f1m=0.1170  uplink_kB=190.8  t=2.71s
  round  22/50: acc=0.2868  f1m=0.1246  uplink_kB=190.8  t=2.59s
  round  23/50: acc=0.3067  f1m=0.1315  uplink_kB=190.8  t=2.70s
  round  24/50: acc=0.3143  f1m=0.1337  uplink_kB=190.8  t=2.67s
  round  25/50: acc=0.3199  f1m=0.1331  uplink_kB=190.8  t=2.67s
  round  26/50: acc=0.3224  f1m=0.1332  uplink_kB=190.8  t=2.58s
  round  27/50: acc=0.3228  f1m=0.1320  uplink_kB=190.8  t=2.71s
  round  28/50: acc=0.3235  f1m=0.1300  uplink_kB=190.8  t=2.64s
  round  29/50: acc=0.3232  f1m=0.1268  uplink_kB=190.8  t=2.63s
  round  30/50: acc=0.3241  f1m=0.1265  uplink_kB=190.8  t=2.65s
  round  31/50: acc=0.3240  f1m=0.1262  uplink_kB=190.8  t=2.71s
  round  32/50: acc=0.3240  f1m=0.1260  uplink_kB=190.8  t=2.67s
  round  33/50: acc=0.3237  f1m=0.1256  uplink_kB=190.8  t=2.72s
  round  34/50: acc=0.3237  f1m=0.1255  uplink_kB=190.8  t=2.84s
  round  35/50: acc=0.3238  f1m=0.1254  uplink_kB=190.8  t=3.29s
  round  36/50: acc=0.3239  f1m=0.1255  uplink_kB=190.8  t=3.11s
  round  37/50: acc=0.3249  f1m=0.1265  uplink_kB=190.8  t=3.17s
  round  38/50: acc=0.3299  f1m=0.1321  uplink_kB=190.8  t=3.07s
  round  39/50: acc=0.3381  f1m=0.1411  uplink_kB=190.8  t=3.21s
  round  40/50: acc=0.3628  f1m=0.1643  uplink_kB=190.8  t=3.07s
  round  41/50: acc=0.3871  f1m=0.1816  uplink_kB=190.8  t=3.14s
  round  42/50: acc=0.3875  f1m=0.1818  uplink_kB=190.8  t=3.28s
  round  43/50: acc=0.3889  f1m=0.1828  uplink_kB=190.8  t=3.20s
  round  44/50: acc=0.3906  f1m=0.1841  uplink_kB=190.8  t=3.60s
  round  45/50: acc=0.3987  f1m=0.1892  uplink_kB=190.8  t=2.87s
  round  46/50: acc=0.4012  f1m=0.1911  uplink_kB=190.8  t=2.82s
  round  47/50: acc=0.4041  f1m=0.1931  uplink_kB=190.8  t=2.75s
  round  48/50: acc=0.4049  f1m=0.1941  uplink_kB=190.8  t=2.86s
  round  49/50: acc=0.4049  f1m=0.1946  uplink_kB=190.8  t=3.01s
  round  50/50: acc=0.4058  f1m=0.1953  uplink_kB=190.8  t=2.90s
[run] DONE -> /Users/agentra/Documents/hao/working/paper-lab/hao-paper-2026/iotj-fedkan-ids/repo/results/lrsweep_cseciic_mc50k/lrsweep_kan8_lr0p0003__dir0.1__seed31/metrics.json  final_acc=0.4058
