[run] device=cpu  seed=11  out=/Users/agentra/Documents/hao/working/paper-lab/hao-paper-2026/iotj-fedkan-ids/repo/results/lrsweep_cseciic_mc/lrsweep_mlp32_lr0p1__dir0.1__seed11
[run] model=mlp  params=1,775
  round   1/50: acc=0.1136  f1m=0.0363  uplink_kB=69.3  t=2.83s
  round   2/50: acc=0.2694  f1m=0.0800  uplink_kB=69.3  t=2.04s
  round   3/50: acc=0.5172  f1m=0.2220  uplink_kB=69.3  t=2.03s
  round   4/50: acc=0.5412  f1m=0.2317  uplink_kB=69.3  t=2.05s
  round   5/50: acc=0.6339  f1m=0.3395  uplink_kB=69.3  t=2.03s
  round   6/50: acc=0.7959  f1m=0.4274  uplink_kB=69.3  t=2.31s
  round   7/50: acc=0.8146  f1m=0.4873  uplink_kB=69.3  t=2.21s
  round   8/50: acc=0.7421  f1m=0.4049  uplink_kB=69.3  t=2.12s
  round   9/50: acc=0.8126  f1m=0.4931  uplink_kB=69.3  t=2.10s
  round  10/50: acc=0.8173  f1m=0.5043  uplink_kB=69.3  t=2.12s
  round  11/50: acc=0.8173  f1m=0.4963  uplink_kB=69.3  t=2.16s
  round  12/50: acc=0.8169  f1m=0.5030  uplink_kB=69.3  t=2.08s
  round  13/50: acc=0.8245  f1m=0.5128  uplink_kB=69.3  t=2.08s
  round  14/50: acc=0.8145  f1m=0.4839  uplink_kB=69.3  t=2.08s
  round  15/50: acc=0.8163  f1m=0.4831  uplink_kB=69.3  t=2.09s
  round  16/50: acc=0.8156  f1m=0.5512  uplink_kB=69.3  t=2.15s
  round  17/50: acc=0.8125  f1m=0.5157  uplink_kB=69.3  t=2.10s
  round  18/50: acc=0.7644  f1m=0.4656  uplink_kB=69.3  t=2.03s
  round  19/50: acc=0.8258  f1m=0.5012  uplink_kB=69.3  t=2.11s
  round  20/50: acc=0.7470  f1m=0.4131  uplink_kB=69.3  t=2.13s
  round  21/50: acc=0.8259  f1m=0.5071  uplink_kB=69.3  t=2.08s
  round  22/50: acc=0.7989  f1m=0.5096  uplink_kB=69.3  t=2.12s
  round  23/50: acc=0.8094  f1m=0.5534  uplink_kB=69.3  t=2.13s
  round  24/50: acc=0.8070  f1m=0.5071  uplink_kB=69.3  t=2.15s
  round  25/50: acc=0.7828  f1m=0.4886  uplink_kB=69.3  t=2.21s
  round  26/50: acc=0.7942  f1m=0.4365  uplink_kB=69.3  t=2.09s
  round  27/50: acc=0.8220  f1m=0.5577  uplink_kB=69.3  t=2.14s
  round  28/50: acc=0.7918  f1m=0.4462  uplink_kB=69.3  t=2.08s
  round  29/50: acc=0.7948  f1m=0.5041  uplink_kB=69.3  t=2.15s
  round  30/50: acc=0.7997  f1m=0.4520  uplink_kB=69.3  t=2.10s
  round  31/50: acc=0.7971  f1m=0.4427  uplink_kB=69.3  t=2.11s
  round  32/50: acc=0.7056  f1m=0.4148  uplink_kB=69.3  t=2.13s
  round  33/50: acc=0.8153  f1m=0.5227  uplink_kB=69.3  t=2.18s
  round  34/50: acc=0.7961  f1m=0.4392  uplink_kB=69.3  t=2.09s
  round  35/50: acc=0.7929  f1m=0.4394  uplink_kB=69.3  t=2.10s
  round  36/50: acc=0.7638  f1m=0.5004  uplink_kB=69.3  t=2.18s
  round  37/50: acc=0.7918  f1m=0.5093  uplink_kB=69.3  t=2.09s
  round  38/50: acc=0.7433  f1m=0.4423  uplink_kB=69.3  t=2.12s
  round  39/50: acc=0.8073  f1m=0.5325  uplink_kB=69.3  t=2.12s
  round  40/50: acc=0.7958  f1m=0.5011  uplink_kB=69.3  t=2.14s
  round  41/50: acc=0.7570  f1m=0.3668  uplink_kB=69.3  t=2.09s
  round  42/50: acc=0.7988  f1m=0.5054  uplink_kB=69.3  t=2.10s
  round  43/50: acc=0.7507  f1m=0.5132  uplink_kB=69.3  t=2.07s
  round  44/50: acc=0.8008  f1m=0.5083  uplink_kB=69.3  t=2.11s
  round  45/50: acc=0.7996  f1m=0.5117  uplink_kB=69.3  t=2.15s
  round  46/50: acc=0.7699  f1m=0.4833  uplink_kB=69.3  t=2.10s
  round  47/50: acc=0.7966  f1m=0.4432  uplink_kB=69.3  t=2.08s
  round  48/50: acc=0.7934  f1m=0.4670  uplink_kB=69.3  t=2.06s
  round  49/50: acc=0.7977  f1m=0.4457  uplink_kB=69.3  t=2.18s
  round  50/50: acc=0.7688  f1m=0.4879  uplink_kB=69.3  t=2.11s
[run] DONE -> /Users/agentra/Documents/hao/working/paper-lab/hao-paper-2026/iotj-fedkan-ids/repo/results/lrsweep_cseciic_mc/lrsweep_mlp32_lr0p1__dir0.1__seed11/metrics.json  final_acc=0.7688
