[run] device=cpu  seed=31  out=/Users/agentra/Documents/hao/working/paper-lab/hao-paper-2026/iotj-fedkan-ids/repo/results/lrsweep_cseciic/lrsweep_kan8_lr0p1__dir0.1__seed31
[run] model=kan  params=3,280
  round   1/50: acc=0.8327  f1m=0.8302  uplink_kB=150.2  t=2.11s
  round   2/50: acc=0.5061  f1m=0.3468  uplink_kB=150.2  t=1.59s
  round   3/50: acc=0.7001  f1m=0.6759  uplink_kB=150.2  t=1.61s
  round   4/50: acc=0.8247  f1m=0.8220  uplink_kB=150.2  t=1.67s
  round   5/50: acc=0.8095  f1m=0.8048  uplink_kB=150.2  t=1.70s
  round   6/50: acc=0.6741  f1m=0.6429  uplink_kB=150.2  t=1.58s
  round   7/50: acc=0.8903  f1m=0.8899  uplink_kB=150.2  t=1.65s
  round   8/50: acc=0.8795  f1m=0.8788  uplink_kB=150.2  t=1.67s
  round   9/50: acc=0.4904  f1m=0.3297  uplink_kB=150.2  t=1.65s
  round  10/50: acc=0.7207  f1m=0.7034  uplink_kB=150.2  t=1.64s
  round  11/50: acc=0.8829  f1m=0.8823  uplink_kB=150.2  t=1.67s
  round  12/50: acc=0.8659  f1m=0.8649  uplink_kB=150.2  t=1.68s
  round  13/50: acc=0.9180  f1m=0.9180  uplink_kB=150.2  t=1.69s
  round  14/50: acc=0.4995  f1m=0.3331  uplink_kB=150.2  t=1.61s
  round  15/50: acc=0.9067  f1m=0.9066  uplink_kB=150.2  t=1.61s
  round  16/50: acc=0.9595  f1m=0.9595  uplink_kB=150.2  t=1.66s
  round  17/50: acc=0.9508  f1m=0.9507  uplink_kB=150.2  t=1.67s
  round  18/50: acc=0.9573  f1m=0.9573  uplink_kB=150.2  t=1.64s
  round  19/50: acc=0.9595  f1m=0.9594  uplink_kB=150.2  t=1.64s
  round  20/50: acc=0.9310  f1m=0.9310  uplink_kB=150.2  t=1.64s
  round  21/50: acc=0.5000  f1m=0.3334  uplink_kB=150.2  t=1.59s
  round  22/50: acc=0.8364  f1m=0.8342  uplink_kB=150.2  t=1.66s
  round  23/50: acc=0.9683  f1m=0.9683  uplink_kB=150.2  t=1.64s
  round  24/50: acc=0.5000  f1m=0.3333  uplink_kB=150.2  t=1.65s
  round  25/50: acc=0.9520  f1m=0.9520  uplink_kB=150.2  t=1.64s
  round  26/50: acc=0.9684  f1m=0.9684  uplink_kB=150.2  t=1.66s
  round  27/50: acc=0.5155  f1m=0.3687  uplink_kB=150.2  t=1.57s
  round  28/50: acc=0.9629  f1m=0.9629  uplink_kB=150.2  t=1.64s
  round  29/50: acc=0.9702  f1m=0.9701  uplink_kB=150.2  t=1.59s
  round  30/50: acc=0.5113  f1m=0.3585  uplink_kB=150.2  t=1.67s
  round  31/50: acc=0.9651  f1m=0.9650  uplink_kB=150.2  t=1.68s
  round  32/50: acc=0.9541  f1m=0.9541  uplink_kB=150.2  t=1.62s
  round  33/50: acc=0.5002  f1m=0.3340  uplink_kB=150.2  t=1.63s
  round  34/50: acc=0.9747  f1m=0.9747  uplink_kB=150.2  t=1.69s
  round  35/50: acc=0.9591  f1m=0.9590  uplink_kB=150.2  t=1.67s
  round  36/50: acc=0.9602  f1m=0.9601  uplink_kB=150.2  t=1.66s
  round  37/50: acc=0.4987  f1m=0.3505  uplink_kB=150.2  t=1.60s
  round  38/50: acc=0.9741  f1m=0.9740  uplink_kB=150.2  t=1.70s
  round  39/50: acc=0.5846  f1m=0.5060  uplink_kB=150.2  t=1.66s
  round  40/50: acc=0.9648  f1m=0.9648  uplink_kB=150.2  t=1.69s
  round  41/50: acc=0.4992  f1m=0.3330  uplink_kB=150.2  t=1.69s
  round  42/50: acc=0.9537  f1m=0.9536  uplink_kB=150.2  t=1.70s
  round  43/50: acc=0.9378  f1m=0.9378  uplink_kB=150.2  t=1.65s
  round  44/50: acc=0.9709  f1m=0.9709  uplink_kB=150.2  t=1.66s
  round  45/50: acc=0.5004  f1m=0.3343  uplink_kB=150.2  t=1.61s
  round  46/50: acc=0.9661  f1m=0.9661  uplink_kB=150.2  t=1.65s
  round  47/50: acc=0.9612  f1m=0.9612  uplink_kB=150.2  t=1.65s
  round  48/50: acc=0.9552  f1m=0.9552  uplink_kB=150.2  t=1.68s
  round  49/50: acc=0.9554  f1m=0.9554  uplink_kB=150.2  t=1.66s
  round  50/50: acc=0.9544  f1m=0.9543  uplink_kB=150.2  t=1.63s
[run] DONE -> /Users/agentra/Documents/hao/working/paper-lab/hao-paper-2026/iotj-fedkan-ids/repo/results/lrsweep_cseciic/lrsweep_kan8_lr0p1__dir0.1__seed31/metrics.json  final_acc=0.9544
