[run] device=cpu  seed=43  out=/Users/agentra/Documents/hao/working/paper-lab/hao-paper-2026/iotj-fedkan-ids/repo/results/lrsweep_toniot/lrsweep_mlp32_lr0p03__dir0.1__seed43
[run] model=mlp  params=1,346
  round   1/50: acc=0.5638  f1m=0.4627  uplink_kB=52.6  t=1.13s
  round   2/50: acc=0.5277  f1m=0.4100  uplink_kB=52.6  t=0.68s
  round   3/50: acc=0.5391  f1m=0.4348  uplink_kB=52.6  t=0.66s
  round   4/50: acc=0.5412  f1m=0.4344  uplink_kB=52.6  t=0.62s
  round   5/50: acc=0.5449  f1m=0.4421  uplink_kB=52.6  t=0.63s
  round   6/50: acc=0.5549  f1m=0.4616  uplink_kB=52.6  t=0.67s
  round   7/50: acc=0.5477  f1m=0.4492  uplink_kB=52.6  t=0.64s
  round   8/50: acc=0.5507  f1m=0.4520  uplink_kB=52.6  t=0.65s
  round   9/50: acc=0.5337  f1m=0.4195  uplink_kB=52.6  t=0.62s
  round  10/50: acc=0.5784  f1m=0.5029  uplink_kB=52.6  t=0.65s
  round  11/50: acc=0.5442  f1m=0.4378  uplink_kB=52.6  t=0.57s
  round  12/50: acc=0.5299  f1m=0.4099  uplink_kB=52.6  t=0.65s
  round  13/50: acc=0.5450  f1m=0.4395  uplink_kB=52.6  t=0.63s
  round  14/50: acc=0.5494  f1m=0.4514  uplink_kB=52.6  t=0.65s
  round  15/50: acc=0.5518  f1m=0.4443  uplink_kB=52.6  t=0.63s
  round  16/50: acc=0.5462  f1m=0.4421  uplink_kB=52.6  t=0.66s
  round  17/50: acc=0.5568  f1m=0.4534  uplink_kB=52.6  t=0.59s
  round  18/50: acc=0.7675  f1m=0.7569  uplink_kB=52.6  t=0.65s
  round  19/50: acc=0.5579  f1m=0.4560  uplink_kB=52.6  t=0.64s
  round  20/50: acc=0.5523  f1m=0.4539  uplink_kB=52.6  t=0.65s
  round  21/50: acc=0.7667  f1m=0.7560  uplink_kB=52.6  t=0.64s
  round  22/50: acc=0.5461  f1m=0.4437  uplink_kB=52.6  t=0.65s
  round  23/50: acc=0.7649  f1m=0.7538  uplink_kB=52.6  t=0.68s
  round  24/50: acc=0.5494  f1m=0.4493  uplink_kB=52.6  t=0.61s
  round  25/50: acc=0.7695  f1m=0.7591  uplink_kB=52.6  t=0.67s
  round  26/50: acc=0.5673  f1m=0.4737  uplink_kB=52.6  t=0.65s
  round  27/50: acc=0.7659  f1m=0.7547  uplink_kB=52.6  t=0.65s
  round  28/50: acc=0.7758  f1m=0.7663  uplink_kB=52.6  t=0.66s
  round  29/50: acc=0.7569  f1m=0.7441  uplink_kB=52.6  t=0.67s
  round  30/50: acc=0.7807  f1m=0.7706  uplink_kB=52.6  t=0.66s
  round  31/50: acc=0.5655  f1m=0.4690  uplink_kB=52.6  t=0.60s
  round  32/50: acc=0.5539  f1m=0.4470  uplink_kB=52.6  t=0.65s
  round  33/50: acc=0.7830  f1m=0.7730  uplink_kB=52.6  t=0.69s
  round  34/50: acc=0.5635  f1m=0.4645  uplink_kB=52.6  t=0.64s
  round  35/50: acc=0.7825  f1m=0.7725  uplink_kB=52.6  t=0.66s
  round  36/50: acc=0.7907  f1m=0.7832  uplink_kB=52.6  t=0.66s
  round  37/50: acc=0.7913  f1m=0.7827  uplink_kB=52.6  t=0.65s
  round  38/50: acc=0.7999  f1m=0.7923  uplink_kB=52.6  t=0.61s
  round  39/50: acc=0.7886  f1m=0.7795  uplink_kB=52.6  t=0.67s
  round  40/50: acc=0.7847  f1m=0.7750  uplink_kB=52.6  t=0.63s
  round  41/50: acc=0.7736  f1m=0.7621  uplink_kB=52.6  t=0.66s
  round  42/50: acc=0.7925  f1m=0.7840  uplink_kB=52.6  t=0.65s
  round  43/50: acc=0.7813  f1m=0.7712  uplink_kB=52.6  t=0.66s
  round  44/50: acc=0.7827  f1m=0.7728  uplink_kB=52.6  t=0.65s
  round  45/50: acc=0.7965  f1m=0.7885  uplink_kB=52.6  t=0.66s
  round  46/50: acc=0.7750  f1m=0.7638  uplink_kB=52.6  t=0.60s
  round  47/50: acc=0.7858  f1m=0.7763  uplink_kB=52.6  t=0.68s
  round  48/50: acc=0.7848  f1m=0.7751  uplink_kB=52.6  t=0.64s
  round  49/50: acc=0.7915  f1m=0.7828  uplink_kB=52.6  t=0.67s
  round  50/50: acc=0.7817  f1m=0.7715  uplink_kB=52.6  t=0.67s
[run] DONE -> /Users/agentra/Documents/hao/working/paper-lab/hao-paper-2026/iotj-fedkan-ids/repo/results/lrsweep_toniot/lrsweep_mlp32_lr0p03__dir0.1__seed43/metrics.json  final_acc=0.7817
