[run] device=cpu  seed=43  out=/Users/agentra/Documents/hao/working/paper-lab/hao-paper-2026/iotj-fedkan-ids/repo/results/lrsweep_cseciic_mc/lrsweep_mlp80_lr0p0003__dir0.1__seed43
[run] model=mlp  params=4,415
  round   1/50: acc=0.3397  f1m=0.1127  uplink_kB=172.5  t=2.75s
  round   2/50: acc=0.2036  f1m=0.0617  uplink_kB=172.5  t=2.22s
  round   3/50: acc=0.2719  f1m=0.1054  uplink_kB=172.5  t=2.15s
  round   4/50: acc=0.4253  f1m=0.1456  uplink_kB=172.5  t=2.14s
  round   5/50: acc=0.4743  f1m=0.1621  uplink_kB=172.5  t=2.11s
  round   6/50: acc=0.4759  f1m=0.1634  uplink_kB=172.5  t=2.12s
  round   7/50: acc=0.4825  f1m=0.1659  uplink_kB=172.5  t=2.09s
  round   8/50: acc=0.4907  f1m=0.1676  uplink_kB=172.5  t=2.11s
  round   9/50: acc=0.5084  f1m=0.1739  uplink_kB=172.5  t=2.12s
  round  10/50: acc=0.5189  f1m=0.1780  uplink_kB=172.5  t=2.10s
  round  11/50: acc=0.5265  f1m=0.1817  uplink_kB=172.5  t=2.16s
  round  12/50: acc=0.5291  f1m=0.1830  uplink_kB=172.5  t=2.15s
  round  13/50: acc=0.5306  f1m=0.1837  uplink_kB=172.5  t=2.17s
  round  14/50: acc=0.5317  f1m=0.1846  uplink_kB=172.5  t=2.20s
  round  15/50: acc=0.5321  f1m=0.1851  uplink_kB=172.5  t=2.33s
  round  16/50: acc=0.5333  f1m=0.1862  uplink_kB=172.5  t=2.18s
  round  17/50: acc=0.5643  f1m=0.2480  uplink_kB=172.5  t=2.15s
  round  18/50: acc=0.5701  f1m=0.2510  uplink_kB=172.5  t=2.15s
  round  19/50: acc=0.5703  f1m=0.2515  uplink_kB=172.5  t=2.16s
  round  20/50: acc=0.5711  f1m=0.2532  uplink_kB=172.5  t=2.12s
  round  21/50: acc=0.5713  f1m=0.2537  uplink_kB=172.5  t=2.14s
  round  22/50: acc=0.5716  f1m=0.2551  uplink_kB=172.5  t=2.14s
  round  23/50: acc=0.5717  f1m=0.2559  uplink_kB=172.5  t=2.17s
  round  24/50: acc=0.6114  f1m=0.2825  uplink_kB=172.5  t=2.11s
  round  25/50: acc=0.6121  f1m=0.2839  uplink_kB=172.5  t=2.14s
  round  26/50: acc=0.6125  f1m=0.2854  uplink_kB=172.5  t=2.12s
  round  27/50: acc=0.6131  f1m=0.2869  uplink_kB=172.5  t=2.21s
  round  28/50: acc=0.6135  f1m=0.2883  uplink_kB=172.5  t=2.12s
  round  29/50: acc=0.6163  f1m=0.3511  uplink_kB=172.5  t=2.14s
  round  30/50: acc=0.6166  f1m=0.3526  uplink_kB=172.5  t=2.14s
  round  31/50: acc=0.6170  f1m=0.3536  uplink_kB=172.5  t=2.09s
  round  32/50: acc=0.6177  f1m=0.3570  uplink_kB=172.5  t=2.09s
  round  33/50: acc=0.6308  f1m=0.3685  uplink_kB=172.5  t=2.11s
  round  34/50: acc=0.6400  f1m=0.3755  uplink_kB=172.5  t=2.12s
  round  35/50: acc=0.6497  f1m=0.3822  uplink_kB=172.5  t=2.12s
  round  36/50: acc=0.6555  f1m=0.3861  uplink_kB=172.5  t=2.17s
  round  37/50: acc=0.6645  f1m=0.3915  uplink_kB=172.5  t=2.12s
  round  38/50: acc=0.6685  f1m=0.3946  uplink_kB=172.5  t=2.12s
  round  39/50: acc=0.6752  f1m=0.3991  uplink_kB=172.5  t=2.16s
  round  40/50: acc=0.6790  f1m=0.4016  uplink_kB=172.5  t=2.21s
  round  41/50: acc=0.6918  f1m=0.4081  uplink_kB=172.5  t=2.14s
  round  42/50: acc=0.6930  f1m=0.4086  uplink_kB=172.5  t=2.24s
  round  43/50: acc=0.7023  f1m=0.4130  uplink_kB=172.5  t=2.16s
  round  44/50: acc=0.7073  f1m=0.4156  uplink_kB=172.5  t=2.16s
  round  45/50: acc=0.7123  f1m=0.4175  uplink_kB=172.5  t=2.15s
  round  46/50: acc=0.7199  f1m=0.4217  uplink_kB=172.5  t=2.12s
  round  47/50: acc=0.7230  f1m=0.4229  uplink_kB=172.5  t=2.09s
  round  48/50: acc=0.7261  f1m=0.4239  uplink_kB=172.5  t=2.18s
  round  49/50: acc=0.7441  f1m=0.4329  uplink_kB=172.5  t=2.13s
  round  50/50: acc=0.7450  f1m=0.4330  uplink_kB=172.5  t=2.09s
[run] DONE -> /Users/agentra/Documents/hao/working/paper-lab/hao-paper-2026/iotj-fedkan-ids/repo/results/lrsweep_cseciic_mc/lrsweep_mlp80_lr0p0003__dir0.1__seed43/metrics.json  final_acc=0.7450
