[run] device=cpu  seed=42  out=/Users/agentra/Documents/hao/working/paper-lab/hao-paper-2026/iotj-fedkan-ids/repo/results/lrsweep_cseciic_mc50k/lrsweep_mlp32_lr0p1__dir0.1__seed42
[run] model=mlp  params=1,775
  round   1/50: acc=0.2620  f1m=0.0847  uplink_kB=69.3  t=1.66s
  round   2/50: acc=0.3883  f1m=0.1606  uplink_kB=69.3  t=1.00s
  round   3/50: acc=0.4365  f1m=0.2165  uplink_kB=69.3  t=1.05s
  round   4/50: acc=0.4797  f1m=0.2406  uplink_kB=69.3  t=1.03s
  round   5/50: acc=0.4782  f1m=0.2190  uplink_kB=69.3  t=1.07s
  round   6/50: acc=0.4828  f1m=0.2410  uplink_kB=69.3  t=1.03s
  round   7/50: acc=0.6153  f1m=0.3338  uplink_kB=69.3  t=1.08s
  round   8/50: acc=0.6265  f1m=0.3531  uplink_kB=69.3  t=1.00s
  round   9/50: acc=0.7319  f1m=0.4287  uplink_kB=69.3  t=1.09s
  round  10/50: acc=0.6150  f1m=0.3347  uplink_kB=69.3  t=1.07s
  round  11/50: acc=0.6320  f1m=0.3527  uplink_kB=69.3  t=1.06s
  round  12/50: acc=0.6464  f1m=0.3789  uplink_kB=69.3  t=0.97s
  round  13/50: acc=0.6233  f1m=0.3494  uplink_kB=69.3  t=1.07s
  round  14/50: acc=0.6513  f1m=0.3884  uplink_kB=69.3  t=1.05s
  round  15/50: acc=0.7384  f1m=0.4328  uplink_kB=69.3  t=1.08s
  round  16/50: acc=0.6494  f1m=0.4402  uplink_kB=69.3  t=1.01s
  round  17/50: acc=0.6621  f1m=0.4559  uplink_kB=69.3  t=1.07s
  round  18/50: acc=0.6626  f1m=0.3956  uplink_kB=69.3  t=1.06s
  round  19/50: acc=0.7718  f1m=0.4688  uplink_kB=69.3  t=1.06s
  round  20/50: acc=0.6681  f1m=0.4005  uplink_kB=69.3  t=0.98s
  round  21/50: acc=0.7732  f1m=0.5268  uplink_kB=69.3  t=1.09s
  round  22/50: acc=0.6261  f1m=0.3893  uplink_kB=69.3  t=1.03s
  round  23/50: acc=0.7683  f1m=0.4730  uplink_kB=69.3  t=1.08s
  round  24/50: acc=0.6873  f1m=0.5076  uplink_kB=69.3  t=1.05s
  round  25/50: acc=0.6840  f1m=0.5101  uplink_kB=69.3  t=1.09s
  round  26/50: acc=0.6706  f1m=0.4920  uplink_kB=69.3  t=1.03s
  round  27/50: acc=0.7641  f1m=0.4894  uplink_kB=69.3  t=1.09s
  round  28/50: acc=0.6692  f1m=0.4690  uplink_kB=69.3  t=1.01s
  round  29/50: acc=0.6658  f1m=0.4312  uplink_kB=69.3  t=1.13s
  round  30/50: acc=0.6689  f1m=0.4712  uplink_kB=69.3  t=0.99s
  round  31/50: acc=0.6649  f1m=0.4290  uplink_kB=69.3  t=1.10s
  round  32/50: acc=0.6850  f1m=0.4346  uplink_kB=69.3  t=1.02s
  round  33/50: acc=0.6940  f1m=0.4343  uplink_kB=69.3  t=1.07s
  round  34/50: acc=0.6855  f1m=0.4343  uplink_kB=69.3  t=1.03s
  round  35/50: acc=0.6695  f1m=0.4202  uplink_kB=69.3  t=1.10s
  round  36/50: acc=0.7865  f1m=0.5026  uplink_kB=69.3  t=1.06s
  round  37/50: acc=0.6888  f1m=0.4376  uplink_kB=69.3  t=1.14s
  round  38/50: acc=0.6829  f1m=0.4403  uplink_kB=69.3  t=1.11s
  round  39/50: acc=0.7974  f1m=0.5106  uplink_kB=69.3  t=1.03s
  round  40/50: acc=0.7927  f1m=0.5114  uplink_kB=69.3  t=1.06s
  round  41/50: acc=0.7825  f1m=0.5016  uplink_kB=69.3  t=1.04s
  round  42/50: acc=0.6982  f1m=0.4450  uplink_kB=69.3  t=1.06s
  round  43/50: acc=0.6935  f1m=0.4419  uplink_kB=69.3  t=0.99s
  round  44/50: acc=0.6902  f1m=0.4396  uplink_kB=69.3  t=1.05s
  round  45/50: acc=0.6803  f1m=0.4331  uplink_kB=69.3  t=1.07s
  round  46/50: acc=0.6875  f1m=0.4372  uplink_kB=69.3  t=1.06s
  round  47/50: acc=0.6898  f1m=0.4382  uplink_kB=69.3  t=1.00s
  round  48/50: acc=0.7995  f1m=0.5103  uplink_kB=69.3  t=1.02s
  round  49/50: acc=0.6860  f1m=0.4351  uplink_kB=69.3  t=1.00s
  round  50/50: acc=0.6905  f1m=0.4377  uplink_kB=69.3  t=1.04s
[run] DONE -> /Users/agentra/Documents/hao/working/paper-lab/hao-paper-2026/iotj-fedkan-ids/repo/results/lrsweep_cseciic_mc50k/lrsweep_mlp32_lr0p1__dir0.1__seed42/metrics.json  final_acc=0.6905
