[run] device=cpu  seed=2026  out=/Users/agentra/Documents/hao/working/paper-lab/hao-paper-2026/iotj-fedkan-ids/repo/results/lrsweep_toniot/lrsweep_mlp80_lr0p0003__dir0.1__seed2026
[run] model=mlp  params=3,362
  round   1/50: acc=0.6085  f1m=0.5758  uplink_kB=131.3  t=1.13s
  round   2/50: acc=0.6336  f1m=0.6087  uplink_kB=131.3  t=0.65s
  round   3/50: acc=0.6348  f1m=0.6127  uplink_kB=131.3  t=0.72s
  round   4/50: acc=0.6330  f1m=0.6102  uplink_kB=131.3  t=0.67s
  round   5/50: acc=0.6403  f1m=0.6177  uplink_kB=131.3  t=0.68s
  round   6/50: acc=0.6489  f1m=0.6246  uplink_kB=131.3  t=0.65s
  round   7/50: acc=0.6618  f1m=0.6392  uplink_kB=131.3  t=0.69s
  round   8/50: acc=0.6785  f1m=0.6595  uplink_kB=131.3  t=0.68s
  round   9/50: acc=0.6923  f1m=0.6764  uplink_kB=131.3  t=0.67s
  round  10/50: acc=0.6957  f1m=0.6802  uplink_kB=131.3  t=0.68s
  round  11/50: acc=0.7015  f1m=0.6873  uplink_kB=131.3  t=0.70s
  round  12/50: acc=0.7065  f1m=0.6931  uplink_kB=131.3  t=0.62s
  round  13/50: acc=0.7105  f1m=0.6974  uplink_kB=131.3  t=0.67s
  round  14/50: acc=0.7130  f1m=0.7001  uplink_kB=131.3  t=0.67s
  round  15/50: acc=0.7156  f1m=0.7029  uplink_kB=131.3  t=0.68s
  round  16/50: acc=0.7177  f1m=0.7055  uplink_kB=131.3  t=0.65s
  round  17/50: acc=0.7192  f1m=0.7070  uplink_kB=131.3  t=0.70s
  round  18/50: acc=0.7191  f1m=0.7067  uplink_kB=131.3  t=0.64s
  round  19/50: acc=0.7186  f1m=0.7062  uplink_kB=131.3  t=0.70s
  round  20/50: acc=0.7219  f1m=0.7102  uplink_kB=131.3  t=0.67s
  round  21/50: acc=0.7233  f1m=0.7117  uplink_kB=131.3  t=0.67s
  round  22/50: acc=0.7220  f1m=0.7101  uplink_kB=131.3  t=0.68s
  round  23/50: acc=0.7205  f1m=0.7082  uplink_kB=131.3  t=0.70s
  round  24/50: acc=0.7181  f1m=0.7052  uplink_kB=131.3  t=0.63s
  round  25/50: acc=0.7209  f1m=0.7086  uplink_kB=131.3  t=0.68s
  round  26/50: acc=0.7225  f1m=0.7105  uplink_kB=131.3  t=0.67s
  round  27/50: acc=0.7224  f1m=0.7104  uplink_kB=131.3  t=0.68s
  round  28/50: acc=0.7245  f1m=0.7125  uplink_kB=131.3  t=0.68s
  round  29/50: acc=0.7249  f1m=0.7130  uplink_kB=131.3  t=0.71s
  round  30/50: acc=0.7276  f1m=0.7162  uplink_kB=131.3  t=0.60s
  round  31/50: acc=0.7289  f1m=0.7178  uplink_kB=131.3  t=0.67s
  round  32/50: acc=0.7336  f1m=0.7233  uplink_kB=131.3  t=0.67s
  round  33/50: acc=0.7325  f1m=0.7219  uplink_kB=131.3  t=0.70s
  round  34/50: acc=0.7341  f1m=0.7242  uplink_kB=131.3  t=0.68s
  round  35/50: acc=0.7370  f1m=0.7277  uplink_kB=131.3  t=0.70s
  round  36/50: acc=0.7374  f1m=0.7281  uplink_kB=131.3  t=0.62s
  round  37/50: acc=0.7375  f1m=0.7282  uplink_kB=131.3  t=0.67s
  round  38/50: acc=0.7375  f1m=0.7281  uplink_kB=131.3  t=0.67s
  round  39/50: acc=0.7397  f1m=0.7306  uplink_kB=131.3  t=0.69s
  round  40/50: acc=0.7403  f1m=0.7312  uplink_kB=131.3  t=0.67s
  round  41/50: acc=0.7428  f1m=0.7342  uplink_kB=131.3  t=0.65s
  round  42/50: acc=0.7449  f1m=0.7366  uplink_kB=131.3  t=0.61s
  round  43/50: acc=0.7453  f1m=0.7371  uplink_kB=131.3  t=0.68s
  round  44/50: acc=0.7451  f1m=0.7370  uplink_kB=131.3  t=0.66s
  round  45/50: acc=0.7464  f1m=0.7380  uplink_kB=131.3  t=0.68s
  round  46/50: acc=0.7470  f1m=0.7387  uplink_kB=131.3  t=0.68s
  round  47/50: acc=0.7475  f1m=0.7390  uplink_kB=131.3  t=0.68s
  round  48/50: acc=0.7487  f1m=0.7403  uplink_kB=131.3  t=0.63s
  round  49/50: acc=0.7488  f1m=0.7405  uplink_kB=131.3  t=0.64s
  round  50/50: acc=0.7500  f1m=0.7416  uplink_kB=131.3  t=0.67s
[run] DONE -> /Users/agentra/Documents/hao/working/paper-lab/hao-paper-2026/iotj-fedkan-ids/repo/results/lrsweep_toniot/lrsweep_mlp80_lr0p0003__dir0.1__seed2026/metrics.json  final_acc=0.7500
