[run] device=cpu  seed=37  out=/Users/agentra/Documents/hao/working/paper-lab/hao-paper-2026/iotj-fedkan-ids/repo/results/lrsweep_cseciic/lrsweep_kan8_lr0p001__dir0.1__seed37
[run] model=kan  params=3,280
  round   1/50: acc=0.7398  f1m=0.7273  uplink_kB=150.2  t=2.27s
  round   2/50: acc=0.7453  f1m=0.7340  uplink_kB=150.2  t=1.62s
  round   3/50: acc=0.7451  f1m=0.7339  uplink_kB=150.2  t=1.65s
  round   4/50: acc=0.8169  f1m=0.8137  uplink_kB=150.2  t=1.62s
  round   5/50: acc=0.9227  f1m=0.9227  uplink_kB=150.2  t=1.64s
  round   6/50: acc=0.9150  f1m=0.9148  uplink_kB=150.2  t=1.69s
  round   7/50: acc=0.9166  f1m=0.9164  uplink_kB=150.2  t=1.74s
  round   8/50: acc=0.9177  f1m=0.9175  uplink_kB=150.2  t=1.69s
  round   9/50: acc=0.9188  f1m=0.9186  uplink_kB=150.2  t=1.62s
  round  10/50: acc=0.9196  f1m=0.9194  uplink_kB=150.2  t=1.62s
  round  11/50: acc=0.9210  f1m=0.9208  uplink_kB=150.2  t=1.67s
  round  12/50: acc=0.9226  f1m=0.9224  uplink_kB=150.2  t=1.66s
  round  13/50: acc=0.9238  f1m=0.9236  uplink_kB=150.2  t=1.57s
  round  14/50: acc=0.9291  f1m=0.9289  uplink_kB=150.2  t=1.63s
  round  15/50: acc=0.9308  f1m=0.9306  uplink_kB=150.2  t=1.63s
  round  16/50: acc=0.9317  f1m=0.9315  uplink_kB=150.2  t=1.64s
  round  17/50: acc=0.9320  f1m=0.9318  uplink_kB=150.2  t=1.63s
  round  18/50: acc=0.9326  f1m=0.9324  uplink_kB=150.2  t=1.64s
  round  19/50: acc=0.9333  f1m=0.9331  uplink_kB=150.2  t=1.57s
  round  20/50: acc=0.9572  f1m=0.9572  uplink_kB=150.2  t=1.63s
  round  21/50: acc=0.9579  f1m=0.9579  uplink_kB=150.2  t=1.63s
  round  22/50: acc=0.9590  f1m=0.9590  uplink_kB=150.2  t=1.68s
  round  23/50: acc=0.9591  f1m=0.9590  uplink_kB=150.2  t=1.62s
  round  24/50: acc=0.9599  f1m=0.9598  uplink_kB=150.2  t=1.61s
  round  25/50: acc=0.9598  f1m=0.9598  uplink_kB=150.2  t=1.65s
  round  26/50: acc=0.9598  f1m=0.9597  uplink_kB=150.2  t=1.70s
  round  27/50: acc=0.9651  f1m=0.9650  uplink_kB=150.2  t=1.74s
  round  28/50: acc=0.9694  f1m=0.9694  uplink_kB=150.2  t=1.76s
  round  29/50: acc=0.9700  f1m=0.9700  uplink_kB=150.2  t=1.68s
  round  30/50: acc=0.9700  f1m=0.9700  uplink_kB=150.2  t=1.70s
  round  31/50: acc=0.9705  f1m=0.9705  uplink_kB=150.2  t=1.71s
  round  32/50: acc=0.9707  f1m=0.9707  uplink_kB=150.2  t=1.65s
  round  33/50: acc=0.9707  f1m=0.9707  uplink_kB=150.2  t=1.71s
  round  34/50: acc=0.9709  f1m=0.9709  uplink_kB=150.2  t=1.66s
  round  35/50: acc=0.9709  f1m=0.9709  uplink_kB=150.2  t=1.58s
  round  36/50: acc=0.9710  f1m=0.9710  uplink_kB=150.2  t=1.62s
  round  37/50: acc=0.9711  f1m=0.9711  uplink_kB=150.2  t=1.57s
  round  38/50: acc=0.9733  f1m=0.9733  uplink_kB=150.2  t=1.61s
  round  39/50: acc=0.9724  f1m=0.9724  uplink_kB=150.2  t=1.63s
  round  40/50: acc=0.9724  f1m=0.9724  uplink_kB=150.2  t=1.62s
  round  41/50: acc=0.9726  f1m=0.9726  uplink_kB=150.2  t=1.60s
  round  42/50: acc=0.9725  f1m=0.9724  uplink_kB=150.2  t=1.63s
  round  43/50: acc=0.9726  f1m=0.9726  uplink_kB=150.2  t=1.64s
  round  44/50: acc=0.9736  f1m=0.9736  uplink_kB=150.2  t=1.57s
  round  45/50: acc=0.9726  f1m=0.9726  uplink_kB=150.2  t=1.62s
  round  46/50: acc=0.9728  f1m=0.9728  uplink_kB=150.2  t=1.61s
  round  47/50: acc=0.9729  f1m=0.9729  uplink_kB=150.2  t=1.62s
  round  48/50: acc=0.9738  f1m=0.9738  uplink_kB=150.2  t=1.68s
  round  49/50: acc=0.9731  f1m=0.9731  uplink_kB=150.2  t=1.61s
  round  50/50: acc=0.9740  f1m=0.9739  uplink_kB=150.2  t=1.54s
[run] DONE -> /Users/agentra/Documents/hao/working/paper-lab/hao-paper-2026/iotj-fedkan-ids/repo/results/lrsweep_cseciic/lrsweep_kan8_lr0p001__dir0.1__seed37/metrics.json  final_acc=0.9740
