[run] device=cpu  seed=43  out=/Users/agentra/Documents/hao/working/paper-lab/hao-paper-2026/iotj-fedkan-ids/repo/results/lrsweep_toniot/lrsweep_kan16_lr0p03__dir0.1__seed43
[run] model=kan  params=6,560
  round   1/50: acc=0.6482  f1m=0.6372  uplink_kB=282.0  t=2.40s
  round   2/50: acc=0.5000  f1m=0.3334  uplink_kB=282.0  t=1.87s
  round   3/50: acc=0.5393  f1m=0.4517  uplink_kB=282.0  t=1.85s
  round   4/50: acc=0.5076  f1m=0.3504  uplink_kB=282.0  t=1.83s
  round   5/50: acc=0.7310  f1m=0.7296  uplink_kB=282.0  t=1.87s
  round   6/50: acc=0.5958  f1m=0.5327  uplink_kB=282.0  t=1.85s
  round   7/50: acc=0.8654  f1m=0.8637  uplink_kB=282.0  t=1.88s
  round   8/50: acc=0.8057  f1m=0.8024  uplink_kB=282.0  t=1.89s
  round   9/50: acc=0.8639  f1m=0.8619  uplink_kB=282.0  t=1.87s
  round  10/50: acc=0.8328  f1m=0.8328  uplink_kB=282.0  t=1.90s
  round  11/50: acc=0.8770  f1m=0.8755  uplink_kB=282.0  t=1.84s
  round  12/50: acc=0.8448  f1m=0.8415  uplink_kB=282.0  t=1.87s
  round  13/50: acc=0.8577  f1m=0.8551  uplink_kB=282.0  t=1.82s
  round  14/50: acc=0.8547  f1m=0.8534  uplink_kB=282.0  t=1.88s
  round  15/50: acc=0.8168  f1m=0.8137  uplink_kB=282.0  t=1.90s
  round  16/50: acc=0.8658  f1m=0.8637  uplink_kB=282.0  t=1.90s
  round  17/50: acc=0.8906  f1m=0.8896  uplink_kB=282.0  t=1.85s
  round  18/50: acc=0.8770  f1m=0.8760  uplink_kB=282.0  t=1.88s
  round  19/50: acc=0.8408  f1m=0.8370  uplink_kB=282.0  t=1.89s
  round  20/50: acc=0.8825  f1m=0.8811  uplink_kB=282.0  t=1.85s
  round  21/50: acc=0.8572  f1m=0.8544  uplink_kB=282.0  t=1.88s
  round  22/50: acc=0.8717  f1m=0.8698  uplink_kB=282.0  t=1.84s
  round  23/50: acc=0.8765  f1m=0.8748  uplink_kB=282.0  t=1.87s
  round  24/50: acc=0.8912  f1m=0.8903  uplink_kB=282.0  t=1.88s
  round  25/50: acc=0.8944  f1m=0.8936  uplink_kB=282.0  t=1.86s
  round  26/50: acc=0.8718  f1m=0.8701  uplink_kB=282.0  t=1.86s
  round  27/50: acc=0.8945  f1m=0.8944  uplink_kB=282.0  t=1.87s
  round  28/50: acc=0.8717  f1m=0.8708  uplink_kB=282.0  t=1.79s
  round  29/50: acc=0.8688  f1m=0.8667  uplink_kB=282.0  t=1.87s
  round  30/50: acc=0.8730  f1m=0.8711  uplink_kB=282.0  t=1.89s
  round  31/50: acc=0.8813  f1m=0.8801  uplink_kB=282.0  t=1.87s
  round  32/50: acc=0.8723  f1m=0.8704  uplink_kB=282.0  t=1.89s
  round  33/50: acc=0.8837  f1m=0.8835  uplink_kB=282.0  t=1.92s
  round  34/50: acc=0.8839  f1m=0.8827  uplink_kB=282.0  t=1.92s
  round  35/50: acc=0.8919  f1m=0.8909  uplink_kB=282.0  t=1.83s
  round  36/50: acc=0.9227  f1m=0.9226  uplink_kB=282.0  t=1.88s
  round  37/50: acc=0.8608  f1m=0.8596  uplink_kB=282.0  t=1.86s
  round  38/50: acc=0.8736  f1m=0.8717  uplink_kB=282.0  t=1.89s
  round  39/50: acc=0.8851  f1m=0.8838  uplink_kB=282.0  t=1.87s
  round  40/50: acc=0.8699  f1m=0.8678  uplink_kB=282.0  t=1.87s
  round  41/50: acc=0.9217  f1m=0.9215  uplink_kB=282.0  t=1.85s
  round  42/50: acc=0.8787  f1m=0.8770  uplink_kB=282.0  t=1.90s
  round  43/50: acc=0.8785  f1m=0.8769  uplink_kB=282.0  t=1.81s
  round  44/50: acc=0.8696  f1m=0.8675  uplink_kB=282.0  t=1.87s
  round  45/50: acc=0.8735  f1m=0.8716  uplink_kB=282.0  t=1.91s
  round  46/50: acc=0.8793  f1m=0.8779  uplink_kB=282.0  t=1.86s
  round  47/50: acc=0.8746  f1m=0.8728  uplink_kB=282.0  t=1.86s
  round  48/50: acc=0.8371  f1m=0.8361  uplink_kB=282.0  t=1.88s
  round  49/50: acc=0.9175  f1m=0.9175  uplink_kB=282.0  t=1.84s
  round  50/50: acc=0.8224  f1m=0.8215  uplink_kB=282.0  t=1.75s
[run] DONE -> /Users/agentra/Documents/hao/working/paper-lab/hao-paper-2026/iotj-fedkan-ids/repo/results/lrsweep_toniot/lrsweep_kan16_lr0p03__dir0.1__seed43/metrics.json  final_acc=0.8224
