[run] device=cpu  seed=31  out=/Users/agentra/Documents/hao/working/paper-lab/hao-paper-2026/iotj-fedkan-ids/repo/results/lrsweep_botiot/lrsweep_kan16_lr0p001__dir0.1__seed31
[run] model=kan  params=6,560
  round   1/50: acc=0.5011  f1m=0.3338  uplink_kB=282.0  t=2.46s
  round   2/50: acc=0.5011  f1m=0.3338  uplink_kB=282.0  t=1.92s
  round   3/50: acc=0.5011  f1m=0.3338  uplink_kB=282.0  t=1.92s
  round   4/50: acc=0.5030  f1m=0.3380  uplink_kB=282.0  t=1.85s
  round   5/50: acc=0.5228  f1m=0.3804  uplink_kB=282.0  t=1.86s
  round   6/50: acc=0.7699  f1m=0.7618  uplink_kB=282.0  t=2.05s
  round   7/50: acc=0.8659  f1m=0.8649  uplink_kB=282.0  t=1.89s
  round   8/50: acc=0.9160  f1m=0.9160  uplink_kB=282.0  t=1.85s
  round   9/50: acc=0.9172  f1m=0.9171  uplink_kB=282.0  t=1.92s
  round  10/50: acc=0.9184  f1m=0.9183  uplink_kB=282.0  t=1.89s
  round  11/50: acc=0.9212  f1m=0.9212  uplink_kB=282.0  t=1.89s
  round  12/50: acc=0.9282  f1m=0.9282  uplink_kB=282.0  t=1.77s
  round  13/50: acc=0.9291  f1m=0.9290  uplink_kB=282.0  t=1.85s
  round  14/50: acc=0.9293  f1m=0.9293  uplink_kB=282.0  t=1.88s
  round  15/50: acc=0.9294  f1m=0.9294  uplink_kB=282.0  t=1.85s
  round  16/50: acc=0.9296  f1m=0.9296  uplink_kB=282.0  t=1.85s
  round  17/50: acc=0.9297  f1m=0.9297  uplink_kB=282.0  t=1.96s
  round  18/50: acc=0.9301  f1m=0.9301  uplink_kB=282.0  t=1.79s
  round  19/50: acc=0.9305  f1m=0.9305  uplink_kB=282.0  t=1.86s
  round  20/50: acc=0.9311  f1m=0.9311  uplink_kB=282.0  t=1.84s
  round  21/50: acc=0.9316  f1m=0.9316  uplink_kB=282.0  t=1.83s
  round  22/50: acc=0.9321  f1m=0.9321  uplink_kB=282.0  t=1.87s
  round  23/50: acc=0.9350  f1m=0.9350  uplink_kB=282.0  t=1.86s
  round  24/50: acc=0.9437  f1m=0.9437  uplink_kB=282.0  t=1.77s
  round  25/50: acc=0.9463  f1m=0.9463  uplink_kB=282.0  t=1.89s
  round  26/50: acc=0.9467  f1m=0.9467  uplink_kB=282.0  t=1.90s
  round  27/50: acc=0.9478  f1m=0.9478  uplink_kB=282.0  t=1.84s
  round  28/50: acc=0.9412  f1m=0.9412  uplink_kB=282.0  t=1.90s
  round  29/50: acc=0.9523  f1m=0.9523  uplink_kB=282.0  t=1.83s
  round  30/50: acc=0.9565  f1m=0.9565  uplink_kB=282.0  t=1.82s
  round  31/50: acc=0.9641  f1m=0.9640  uplink_kB=282.0  t=1.79s
  round  32/50: acc=0.9644  f1m=0.9644  uplink_kB=282.0  t=1.91s
  round  33/50: acc=0.9575  f1m=0.9575  uplink_kB=282.0  t=1.82s
  round  34/50: acc=0.9578  f1m=0.9578  uplink_kB=282.0  t=1.89s
  round  35/50: acc=0.9653  f1m=0.9653  uplink_kB=282.0  t=2.04s
  round  36/50: acc=0.9585  f1m=0.9585  uplink_kB=282.0  t=2.42s
  round  37/50: acc=0.9586  f1m=0.9586  uplink_kB=282.0  t=2.93s
  round  38/50: acc=0.9668  f1m=0.9668  uplink_kB=282.0  t=2.15s
  round  39/50: acc=0.9670  f1m=0.9670  uplink_kB=282.0  t=3.20s
  round  40/50: acc=0.9675  f1m=0.9675  uplink_kB=282.0  t=4.94s
  round  41/50: acc=0.9671  f1m=0.9671  uplink_kB=282.0  t=6.68s
  round  42/50: acc=0.9673  f1m=0.9673  uplink_kB=282.0  t=7.84s
  round  43/50: acc=0.9674  f1m=0.9674  uplink_kB=282.0  t=8.20s
  round  44/50: acc=0.9679  f1m=0.9679  uplink_kB=282.0  t=8.27s
  round  45/50: acc=0.9686  f1m=0.9686  uplink_kB=282.0  t=5.09s
  round  46/50: acc=0.9678  f1m=0.9678  uplink_kB=282.0  t=4.80s
  round  47/50: acc=0.9685  f1m=0.9685  uplink_kB=282.0  t=1.75s
  round  48/50: acc=0.9683  f1m=0.9683  uplink_kB=282.0  t=3.44s
  round  49/50: acc=0.9685  f1m=0.9685  uplink_kB=282.0  t=4.12s
  round  50/50: acc=0.9686  f1m=0.9686  uplink_kB=282.0  t=6.65s
[run] DONE -> /Users/agentra/Documents/hao/working/paper-lab/hao-paper-2026/iotj-fedkan-ids/repo/results/lrsweep_botiot/lrsweep_kan16_lr0p001__dir0.1__seed31/metrics.json  final_acc=0.9686
