[run] device=cpu  seed=23  out=/Users/agentra/Documents/hao/working/paper-lab/hao-paper-2026/iotj-fedkan-ids/repo/results/lrsweep_cseciic_mc/lrsweep_mlp32_lr0p1__dir0.1__seed23
[run] model=mlp  params=1,775
  round   1/50: acc=0.1373  f1m=0.0161  uplink_kB=69.3  t=2.66s
  round   2/50: acc=0.3585  f1m=0.1416  uplink_kB=69.3  t=2.08s
  round   3/50: acc=0.4725  f1m=0.2296  uplink_kB=69.3  t=2.08s
  round   4/50: acc=0.4909  f1m=0.2323  uplink_kB=69.3  t=2.09s
  round   5/50: acc=0.6127  f1m=0.3140  uplink_kB=69.3  t=2.11s
  round   6/50: acc=0.6087  f1m=0.3750  uplink_kB=69.3  t=2.26s
  round   7/50: acc=0.5948  f1m=0.3274  uplink_kB=69.3  t=2.18s
  round   8/50: acc=0.5732  f1m=0.3105  uplink_kB=69.3  t=2.08s
  round   9/50: acc=0.5948  f1m=0.3182  uplink_kB=69.3  t=2.15s
  round  10/50: acc=0.6738  f1m=0.4141  uplink_kB=69.3  t=2.12s
  round  11/50: acc=0.7675  f1m=0.4457  uplink_kB=69.3  t=2.10s
  round  12/50: acc=0.7611  f1m=0.4687  uplink_kB=69.3  t=2.13s
  round  13/50: acc=0.7956  f1m=0.4376  uplink_kB=69.3  t=2.17s
  round  14/50: acc=0.7671  f1m=0.4226  uplink_kB=69.3  t=2.15s
  round  15/50: acc=0.7860  f1m=0.4501  uplink_kB=69.3  t=2.11s
  round  16/50: acc=0.7945  f1m=0.4826  uplink_kB=69.3  t=2.13s
  round  17/50: acc=0.7793  f1m=0.4427  uplink_kB=69.3  t=2.12s
  round  18/50: acc=0.6758  f1m=0.4116  uplink_kB=69.3  t=2.14s
  round  19/50: acc=0.7707  f1m=0.4401  uplink_kB=69.3  t=2.13s
  round  20/50: acc=0.7682  f1m=0.4392  uplink_kB=69.3  t=2.09s
  round  21/50: acc=0.7595  f1m=0.4352  uplink_kB=69.3  t=2.08s
  round  22/50: acc=0.7664  f1m=0.4961  uplink_kB=69.3  t=2.14s
  round  23/50: acc=0.7798  f1m=0.4335  uplink_kB=69.3  t=2.10s
  round  24/50: acc=0.4807  f1m=0.2683  uplink_kB=69.3  t=2.12s
  round  25/50: acc=0.6813  f1m=0.4040  uplink_kB=69.3  t=2.19s
  round  26/50: acc=0.6967  f1m=0.3883  uplink_kB=69.3  t=2.07s
  round  27/50: acc=0.7509  f1m=0.4642  uplink_kB=69.3  t=2.08s
  round  28/50: acc=0.7679  f1m=0.4676  uplink_kB=69.3  t=2.06s
  round  29/50: acc=0.5605  f1m=0.3026  uplink_kB=69.3  t=2.13s
  round  30/50: acc=0.7361  f1m=0.4536  uplink_kB=69.3  t=2.05s
  round  31/50: acc=0.6266  f1m=0.3351  uplink_kB=69.3  t=2.08s
  round  32/50: acc=0.7705  f1m=0.4306  uplink_kB=69.3  t=2.09s
  round  33/50: acc=0.7768  f1m=0.5192  uplink_kB=69.3  t=2.07s
  round  34/50: acc=0.7363  f1m=0.4967  uplink_kB=69.3  t=2.14s
  round  35/50: acc=0.7743  f1m=0.4641  uplink_kB=69.3  t=2.09s
  round  36/50: acc=0.7866  f1m=0.5384  uplink_kB=69.3  t=2.09s
  round  37/50: acc=0.7618  f1m=0.5202  uplink_kB=69.3  t=2.17s
  round  38/50: acc=0.7876  f1m=0.5306  uplink_kB=69.3  t=2.15s
  round  39/50: acc=0.6633  f1m=0.4564  uplink_kB=69.3  t=2.12s
  round  40/50: acc=0.7827  f1m=0.5310  uplink_kB=69.3  t=2.08s
  round  41/50: acc=0.6104  f1m=0.4391  uplink_kB=69.3  t=2.11s
  round  42/50: acc=0.6887  f1m=0.4649  uplink_kB=69.3  t=2.09s
  round  43/50: acc=0.7843  f1m=0.5332  uplink_kB=69.3  t=2.11s
  round  44/50: acc=0.6160  f1m=0.3851  uplink_kB=69.3  t=2.06s
  round  45/50: acc=0.6400  f1m=0.4010  uplink_kB=69.3  t=2.11s
  round  46/50: acc=0.7536  f1m=0.5155  uplink_kB=69.3  t=2.09s
  round  47/50: acc=0.7017  f1m=0.4885  uplink_kB=69.3  t=2.10s
  round  48/50: acc=0.7169  f1m=0.5320  uplink_kB=69.3  t=2.06s
  round  49/50: acc=0.8154  f1m=0.5213  uplink_kB=69.3  t=2.08s
  round  50/50: acc=0.7864  f1m=0.5009  uplink_kB=69.3  t=2.16s
[run] DONE -> /Users/agentra/Documents/hao/working/paper-lab/hao-paper-2026/iotj-fedkan-ids/repo/results/lrsweep_cseciic_mc/lrsweep_mlp32_lr0p1__dir0.1__seed23/metrics.json  final_acc=0.7864
