[run] device=cpu  seed=37  out=/Users/agentra/Documents/hao/working/paper-lab/hao-paper-2026/iotj-fedkan-ids/repo/results/sensitivity_botiot/sens_h32__dir0.1__seed37
[run] model=kan  params=13,120
  round   1/50: acc=0.6837  f1m=0.6481  uplink_kB=545.8  t=3.50s
  round   2/50: acc=0.9090  f1m=0.9088  uplink_kB=545.8  t=2.83s
  round   3/50: acc=0.9123  f1m=0.9116  uplink_kB=545.8  t=2.58s
  round   4/50: acc=0.9544  f1m=0.9544  uplink_kB=545.8  t=2.68s
  round   5/50: acc=0.9703  f1m=0.9703  uplink_kB=545.8  t=2.60s
  round   6/50: acc=0.9711  f1m=0.9711  uplink_kB=545.8  t=2.71s
  round   7/50: acc=0.9718  f1m=0.9718  uplink_kB=545.8  t=2.71s
  round   8/50: acc=0.9720  f1m=0.9720  uplink_kB=545.8  t=2.62s
  round   9/50: acc=0.9744  f1m=0.9744  uplink_kB=545.8  t=2.62s
  round  10/50: acc=0.9752  f1m=0.9751  uplink_kB=545.8  t=2.63s
  round  11/50: acc=0.9753  f1m=0.9753  uplink_kB=545.8  t=2.71s
  round  12/50: acc=0.9376  f1m=0.9374  uplink_kB=545.8  t=2.56s
  round  13/50: acc=0.9756  f1m=0.9756  uplink_kB=545.8  t=2.70s
  round  14/50: acc=0.9292  f1m=0.9288  uplink_kB=545.8  t=2.66s
  round  15/50: acc=0.9958  f1m=0.9958  uplink_kB=545.8  t=2.63s
  round  16/50: acc=0.9270  f1m=0.9266  uplink_kB=545.8  t=2.65s
  round  17/50: acc=0.9357  f1m=0.9355  uplink_kB=545.8  t=2.60s
  round  18/50: acc=0.9374  f1m=0.9372  uplink_kB=545.8  t=2.58s
  round  19/50: acc=0.9339  f1m=0.9336  uplink_kB=545.8  t=2.59s
  round  20/50: acc=0.9266  f1m=0.9262  uplink_kB=545.8  t=2.33s
  round  21/50: acc=0.9377  f1m=0.9375  uplink_kB=545.8  t=2.42s
  round  22/50: acc=0.9365  f1m=0.9362  uplink_kB=545.8  t=2.43s
  round  23/50: acc=0.9342  f1m=0.9339  uplink_kB=545.8  t=2.46s
  round  24/50: acc=0.9338  f1m=0.9335  uplink_kB=545.8  t=2.81s
  round  25/50: acc=0.9245  f1m=0.9240  uplink_kB=545.8  t=2.97s
  round  26/50: acc=0.9972  f1m=0.9972  uplink_kB=545.8  t=2.78s
  round  27/50: acc=0.9340  f1m=0.9337  uplink_kB=545.8  t=2.64s
  round  28/50: acc=0.9973  f1m=0.9973  uplink_kB=545.8  t=2.64s
  round  29/50: acc=0.9363  f1m=0.9361  uplink_kB=545.8  t=2.67s
  round  30/50: acc=0.9351  f1m=0.9348  uplink_kB=545.8  t=2.54s
  round  31/50: acc=0.9366  f1m=0.9363  uplink_kB=545.8  t=2.81s
  round  32/50: acc=0.9369  f1m=0.9367  uplink_kB=545.8  t=2.58s
  round  33/50: acc=0.9372  f1m=0.9369  uplink_kB=545.8  t=2.69s
  round  34/50: acc=0.9294  f1m=0.9290  uplink_kB=545.8  t=2.67s
  round  35/50: acc=0.9349  f1m=0.9346  uplink_kB=545.8  t=2.63s
  round  36/50: acc=0.9980  f1m=0.9980  uplink_kB=545.8  t=2.70s
  round  37/50: acc=0.9188  f1m=0.9182  uplink_kB=545.8  t=2.60s
  round  38/50: acc=0.9945  f1m=0.9945  uplink_kB=545.8  t=2.74s
  round  39/50: acc=0.9297  f1m=0.9294  uplink_kB=545.8  t=2.65s
  round  40/50: acc=0.9966  f1m=0.9966  uplink_kB=545.8  t=2.61s
  round  41/50: acc=0.9367  f1m=0.9364  uplink_kB=545.8  t=2.54s
  round  42/50: acc=0.9980  f1m=0.9980  uplink_kB=545.8  t=2.61s
  round  43/50: acc=0.9302  f1m=0.9299  uplink_kB=545.8  t=2.58s
  round  44/50: acc=0.9962  f1m=0.9962  uplink_kB=545.8  t=2.53s
  round  45/50: acc=0.9301  f1m=0.9298  uplink_kB=545.8  t=2.64s
  round  46/50: acc=0.9948  f1m=0.9948  uplink_kB=545.8  t=2.35s
  round  47/50: acc=0.9297  f1m=0.9294  uplink_kB=545.8  t=2.51s
  round  48/50: acc=0.9965  f1m=0.9965  uplink_kB=545.8  t=2.52s
  round  49/50: acc=0.9269  f1m=0.9265  uplink_kB=545.8  t=2.73s
  round  50/50: acc=0.9974  f1m=0.9974  uplink_kB=545.8  t=2.58s
[run] DONE -> /Users/agentra/Documents/hao/working/paper-lab/hao-paper-2026/iotj-fedkan-ids/repo/results/sensitivity_botiot/sens_h32__dir0.1__seed37/metrics.json  final_acc=0.9974
