[run] device=cpu  seed=2026  out=/Users/agentra/Documents/hao/working/paper-lab/hao-paper-2026/iotj-fedkan-ids/repo/results/lrsweep_cseciic_mc50k/lrsweep_mlp32_lr0p003__dir0.1__seed2026
[run] model=mlp  params=1,775
  round   1/50: acc=0.1909  f1m=0.0698  uplink_kB=69.3  t=1.40s
  round   2/50: acc=0.3078  f1m=0.0929  uplink_kB=69.3  t=0.92s
  round   3/50: acc=0.4584  f1m=0.2395  uplink_kB=69.3  t=1.01s
  round   4/50: acc=0.4627  f1m=0.2405  uplink_kB=69.3  t=0.95s
  round   5/50: acc=0.4856  f1m=0.2887  uplink_kB=69.3  t=1.11s
  round   6/50: acc=0.5184  f1m=0.3072  uplink_kB=69.3  t=1.02s
  round   7/50: acc=0.5481  f1m=0.3765  uplink_kB=69.3  t=1.02s
  round   8/50: acc=0.5905  f1m=0.4223  uplink_kB=69.3  t=0.93s
  round   9/50: acc=0.6195  f1m=0.4448  uplink_kB=69.3  t=0.98s
  round  10/50: acc=0.6746  f1m=0.4810  uplink_kB=69.3  t=0.93s
  round  11/50: acc=0.6756  f1m=0.4816  uplink_kB=69.3  t=0.97s
  round  12/50: acc=0.6775  f1m=0.4832  uplink_kB=69.3  t=0.96s
  round  13/50: acc=0.6854  f1m=0.4904  uplink_kB=69.3  t=1.20s
  round  14/50: acc=0.6898  f1m=0.4938  uplink_kB=69.3  t=0.92s
  round  15/50: acc=0.6905  f1m=0.4949  uplink_kB=69.3  t=0.98s
  round  16/50: acc=0.6914  f1m=0.4959  uplink_kB=69.3  t=0.92s
  round  17/50: acc=0.7006  f1m=0.5013  uplink_kB=69.3  t=0.98s
  round  18/50: acc=0.7014  f1m=0.5023  uplink_kB=69.3  t=0.93s
  round  19/50: acc=0.7146  f1m=0.5098  uplink_kB=69.3  t=1.02s
  round  20/50: acc=0.7167  f1m=0.5118  uplink_kB=69.3  t=0.93s
  round  21/50: acc=0.7188  f1m=0.5179  uplink_kB=69.3  t=1.19s
  round  22/50: acc=0.7203  f1m=0.5209  uplink_kB=69.3  t=0.93s
  round  23/50: acc=0.7244  f1m=0.5389  uplink_kB=69.3  t=0.98s
  round  24/50: acc=0.7241  f1m=0.5368  uplink_kB=69.3  t=0.94s
  round  25/50: acc=0.7262  f1m=0.5413  uplink_kB=69.3  t=1.01s
  round  26/50: acc=0.7266  f1m=0.5424  uplink_kB=69.3  t=0.92s
  round  27/50: acc=0.7272  f1m=0.5427  uplink_kB=69.3  t=1.01s
  round  28/50: acc=0.7287  f1m=0.5438  uplink_kB=69.3  t=1.17s
  round  29/50: acc=0.7298  f1m=0.5444  uplink_kB=69.3  t=1.05s
  round  30/50: acc=0.7301  f1m=0.5447  uplink_kB=69.3  t=0.94s
  round  31/50: acc=0.7304  f1m=0.5450  uplink_kB=69.3  t=1.00s
  round  32/50: acc=0.7307  f1m=0.5451  uplink_kB=69.3  t=0.94s
  round  33/50: acc=0.7311  f1m=0.5454  uplink_kB=69.3  t=1.00s
  round  34/50: acc=0.7313  f1m=0.5456  uplink_kB=69.3  t=0.97s
  round  35/50: acc=0.7315  f1m=0.5454  uplink_kB=69.3  t=1.11s
  round  36/50: acc=0.7315  f1m=0.5454  uplink_kB=69.3  t=1.02s
  round  37/50: acc=0.7316  f1m=0.5453  uplink_kB=69.3  t=1.03s
  round  38/50: acc=0.7321  f1m=0.5455  uplink_kB=69.3  t=0.91s
  round  39/50: acc=0.7319  f1m=0.5455  uplink_kB=69.3  t=0.97s
  round  40/50: acc=0.7320  f1m=0.5458  uplink_kB=69.3  t=0.91s
  round  41/50: acc=0.7322  f1m=0.5460  uplink_kB=69.3  t=0.98s
  round  42/50: acc=0.7320  f1m=0.5459  uplink_kB=69.3  t=0.96s
  round  43/50: acc=0.7321  f1m=0.5459  uplink_kB=69.3  t=1.63s
  round  44/50: acc=0.7322  f1m=0.5460  uplink_kB=69.3  t=1.11s
  round  45/50: acc=0.7326  f1m=0.5464  uplink_kB=69.3  t=1.07s
  round  46/50: acc=0.7323  f1m=0.5466  uplink_kB=69.3  t=1.11s
  round  47/50: acc=0.7323  f1m=0.5466  uplink_kB=69.3  t=1.22s
  round  48/50: acc=0.7323  f1m=0.5464  uplink_kB=69.3  t=1.14s
  round  49/50: acc=0.7319  f1m=0.5460  uplink_kB=69.3  t=1.10s
  round  50/50: acc=0.7320  f1m=0.5460  uplink_kB=69.3  t=1.05s
[run] DONE -> /Users/agentra/Documents/hao/working/paper-lab/hao-paper-2026/iotj-fedkan-ids/repo/results/lrsweep_cseciic_mc50k/lrsweep_mlp32_lr0p003__dir0.1__seed2026/metrics.json  final_acc=0.7320
