[run] device=cpu  seed=17  out=/Users/agentra/Documents/hao/working/paper-lab/hao-paper-2026/iotj-fedkan-ids/repo/results/lrsweep_toniot/lrsweep_kan8_lr0p001__dir0.1__seed17
[run] model=kan  params=3,280
  round   1/50: acc=0.5000  f1m=0.3333  uplink_kB=150.2  t=2.16s
  round   2/50: acc=0.5000  f1m=0.3333  uplink_kB=150.2  t=1.68s
  round   3/50: acc=0.5000  f1m=0.3333  uplink_kB=150.2  t=1.73s
  round   4/50: acc=0.5000  f1m=0.3333  uplink_kB=150.2  t=1.71s
  round   5/50: acc=0.5000  f1m=0.3333  uplink_kB=150.2  t=1.65s
  round   6/50: acc=0.5000  f1m=0.3333  uplink_kB=150.2  t=1.59s
  round   7/50: acc=0.5000  f1m=0.3333  uplink_kB=150.2  t=1.65s
  round   8/50: acc=0.5000  f1m=0.3333  uplink_kB=150.2  t=1.66s
  round   9/50: acc=0.5000  f1m=0.3333  uplink_kB=150.2  t=1.64s
  round  10/50: acc=0.5000  f1m=0.3333  uplink_kB=150.2  t=1.62s
  round  11/50: acc=0.5000  f1m=0.3333  uplink_kB=150.2  t=1.66s
  round  12/50: acc=0.5000  f1m=0.3333  uplink_kB=150.2  t=1.63s
  round  13/50: acc=0.5010  f1m=0.3356  uplink_kB=150.2  t=1.63s
  round  14/50: acc=0.4982  f1m=0.3425  uplink_kB=150.2  t=1.60s
  round  15/50: acc=0.4727  f1m=0.3344  uplink_kB=150.2  t=1.69s
  round  16/50: acc=0.4591  f1m=0.3340  uplink_kB=150.2  t=1.64s
  round  17/50: acc=0.4363  f1m=0.3509  uplink_kB=150.2  t=1.69s
  round  18/50: acc=0.3592  f1m=0.3265  uplink_kB=150.2  t=1.60s
  round  19/50: acc=0.3588  f1m=0.3346  uplink_kB=150.2  t=1.69s
  round  20/50: acc=0.3644  f1m=0.3426  uplink_kB=150.2  t=1.64s
  round  21/50: acc=0.3635  f1m=0.3441  uplink_kB=150.2  t=1.60s
  round  22/50: acc=0.3637  f1m=0.3490  uplink_kB=150.2  t=1.64s
  round  23/50: acc=0.3670  f1m=0.3546  uplink_kB=150.2  t=1.63s
  round  24/50: acc=0.3672  f1m=0.3555  uplink_kB=150.2  t=1.64s
  round  25/50: acc=0.3716  f1m=0.3610  uplink_kB=150.2  t=1.65s
  round  26/50: acc=0.3735  f1m=0.3633  uplink_kB=150.2  t=1.63s
  round  27/50: acc=0.3668  f1m=0.3578  uplink_kB=150.2  t=1.58s
  round  28/50: acc=0.3681  f1m=0.3593  uplink_kB=150.2  t=1.67s
  round  29/50: acc=0.3713  f1m=0.3631  uplink_kB=150.2  t=1.63s
  round  30/50: acc=0.3768  f1m=0.3694  uplink_kB=150.2  t=1.63s
  round  31/50: acc=0.4531  f1m=0.4527  uplink_kB=150.2  t=1.63s
  round  32/50: acc=0.4541  f1m=0.4536  uplink_kB=150.2  t=1.62s
  round  33/50: acc=0.4246  f1m=0.4245  uplink_kB=150.2  t=1.64s
  round  34/50: acc=0.4268  f1m=0.4266  uplink_kB=150.2  t=1.61s
  round  35/50: acc=0.4279  f1m=0.4277  uplink_kB=150.2  t=1.69s
  round  36/50: acc=0.4303  f1m=0.4301  uplink_kB=150.2  t=1.67s
  round  37/50: acc=0.4322  f1m=0.4320  uplink_kB=150.2  t=1.62s
  round  38/50: acc=0.4322  f1m=0.4321  uplink_kB=150.2  t=1.59s
  round  39/50: acc=0.4312  f1m=0.4310  uplink_kB=150.2  t=1.63s
  round  40/50: acc=0.4312  f1m=0.4310  uplink_kB=150.2  t=1.57s
  round  41/50: acc=0.4320  f1m=0.4319  uplink_kB=150.2  t=1.67s
  round  42/50: acc=0.6485  f1m=0.6289  uplink_kB=150.2  t=1.61s
  round  43/50: acc=0.6479  f1m=0.6291  uplink_kB=150.2  t=1.65s
  round  44/50: acc=0.6484  f1m=0.6302  uplink_kB=150.2  t=1.68s
  round  45/50: acc=0.6496  f1m=0.6324  uplink_kB=150.2  t=1.60s
  round  46/50: acc=0.5569  f1m=0.5101  uplink_kB=150.2  t=1.61s
  round  47/50: acc=0.5552  f1m=0.5073  uplink_kB=150.2  t=1.63s
  round  48/50: acc=0.5556  f1m=0.5083  uplink_kB=150.2  t=1.70s
  round  49/50: acc=0.5580  f1m=0.5127  uplink_kB=150.2  t=1.63s
  round  50/50: acc=0.5610  f1m=0.5187  uplink_kB=150.2  t=1.58s
[run] DONE -> /Users/agentra/Documents/hao/working/paper-lab/hao-paper-2026/iotj-fedkan-ids/repo/results/lrsweep_toniot/lrsweep_kan8_lr0p001__dir0.1__seed17/metrics.json  final_acc=0.5610
