[run] device=cpu  seed=23  out=/Users/agentra/Documents/hao/working/paper-lab/hao-paper-2026/iotj-fedkan-ids/repo/results/lrsweep_cseciic_mc/lrsweep_kan16_lr0p0003__dir0.1__seed23
[run] model=kan  params=8,640
  round   1/50: acc=0.2023  f1m=0.0899  uplink_kB=363.3  t=7.05s
  round   2/50: acc=0.1979  f1m=0.0564  uplink_kB=363.3  t=6.19s
  round   3/50: acc=0.2130  f1m=0.0582  uplink_kB=363.3  t=6.15s
  round   4/50: acc=0.2189  f1m=0.0592  uplink_kB=363.3  t=6.35s
  round   5/50: acc=0.2219  f1m=0.0596  uplink_kB=363.3  t=6.22s
  round   6/50: acc=0.2246  f1m=0.0602  uplink_kB=363.3  t=6.52s
  round   7/50: acc=0.3311  f1m=0.1016  uplink_kB=363.3  t=6.47s
  round   8/50: acc=0.3811  f1m=0.1106  uplink_kB=363.3  t=6.59s
  round   9/50: acc=0.3822  f1m=0.1084  uplink_kB=363.3  t=6.55s
  round  10/50: acc=0.3834  f1m=0.1091  uplink_kB=363.3  t=6.41s
  round  11/50: acc=0.3840  f1m=0.1104  uplink_kB=363.3  t=6.38s
  round  12/50: acc=0.4219  f1m=0.1388  uplink_kB=363.3  t=6.37s
  round  13/50: acc=0.4437  f1m=0.1555  uplink_kB=363.3  t=6.40s
  round  14/50: acc=0.4485  f1m=0.1603  uplink_kB=363.3  t=6.22s
  round  15/50: acc=0.4528  f1m=0.1632  uplink_kB=363.3  t=6.11s
  round  16/50: acc=0.4545  f1m=0.1643  uplink_kB=363.3  t=6.25s
  round  17/50: acc=0.4633  f1m=0.1949  uplink_kB=363.3  t=6.17s
  round  18/50: acc=0.4901  f1m=0.2118  uplink_kB=363.3  t=6.17s
  round  19/50: acc=0.4934  f1m=0.2135  uplink_kB=363.3  t=6.20s
  round  20/50: acc=0.4941  f1m=0.2139  uplink_kB=363.3  t=6.30s
  round  21/50: acc=0.4947  f1m=0.2145  uplink_kB=363.3  t=6.11s
  round  22/50: acc=0.5044  f1m=0.2192  uplink_kB=363.3  t=6.43s
  round  23/50: acc=0.5426  f1m=0.2339  uplink_kB=363.3  t=6.18s
  round  24/50: acc=0.5595  f1m=0.2406  uplink_kB=363.3  t=6.15s
  round  25/50: acc=0.5637  f1m=0.2427  uplink_kB=363.3  t=6.16s
  round  26/50: acc=0.5683  f1m=0.2452  uplink_kB=363.3  t=6.13s
  round  27/50: acc=0.5696  f1m=0.2470  uplink_kB=363.3  t=6.06s
  round  28/50: acc=0.5701  f1m=0.2713  uplink_kB=363.3  t=6.33s
  round  29/50: acc=0.5670  f1m=0.2764  uplink_kB=363.3  t=6.11s
  round  30/50: acc=0.5521  f1m=0.2713  uplink_kB=363.3  t=6.22s
  round  31/50: acc=0.5421  f1m=0.2671  uplink_kB=363.3  t=6.21s
  round  32/50: acc=0.5263  f1m=0.2602  uplink_kB=363.3  t=6.14s
  round  33/50: acc=0.5291  f1m=0.2635  uplink_kB=363.3  t=6.14s
  round  34/50: acc=0.5231  f1m=0.2612  uplink_kB=363.3  t=6.13s
  round  35/50: acc=0.5188  f1m=0.2591  uplink_kB=363.3  t=6.12s
  round  36/50: acc=0.5117  f1m=0.2552  uplink_kB=363.3  t=6.20s
  round  37/50: acc=0.5073  f1m=0.2527  uplink_kB=363.3  t=6.19s
  round  38/50: acc=0.4994  f1m=0.2476  uplink_kB=363.3  t=6.23s
  round  39/50: acc=0.4960  f1m=0.2450  uplink_kB=363.3  t=6.18s
  round  40/50: acc=0.4902  f1m=0.2398  uplink_kB=363.3  t=6.25s
  round  41/50: acc=0.4895  f1m=0.2389  uplink_kB=363.3  t=6.16s
  round  42/50: acc=0.4937  f1m=0.2416  uplink_kB=363.3  t=6.12s
  round  43/50: acc=0.4959  f1m=0.2429  uplink_kB=363.3  t=6.15s
  round  44/50: acc=0.4999  f1m=0.2455  uplink_kB=363.3  t=6.18s
  round  45/50: acc=0.4994  f1m=0.2459  uplink_kB=363.3  t=6.19s
  round  46/50: acc=0.5000  f1m=0.2463  uplink_kB=363.3  t=6.11s
  round  47/50: acc=0.5021  f1m=0.2475  uplink_kB=363.3  t=6.21s
  round  48/50: acc=0.5049  f1m=0.2495  uplink_kB=363.3  t=6.13s
  round  49/50: acc=0.5085  f1m=0.2522  uplink_kB=363.3  t=6.17s
  round  50/50: acc=0.5774  f1m=0.2949  uplink_kB=363.3  t=6.09s
[run] DONE -> /Users/agentra/Documents/hao/working/paper-lab/hao-paper-2026/iotj-fedkan-ids/repo/results/lrsweep_cseciic_mc/lrsweep_kan16_lr0p0003__dir0.1__seed23/metrics.json  final_acc=0.5774
