[run] device=cpu  seed=17  out=/Users/agentra/Documents/hao/working/paper-lab/hao-paper-2026/iotj-fedkan-ids/repo/results/sensitivity_botiot/sens_k5__dir0.1__seed17
[run] model=kan  params=3,936
  round   1/50: acc=0.9638  f1m=0.9638  uplink_kB=183.1  t=3.33s
  round   2/50: acc=0.9714  f1m=0.9713  uplink_kB=183.1  t=2.54s
  round   3/50: acc=0.9720  f1m=0.9720  uplink_kB=183.1  t=2.64s
  round   4/50: acc=0.9721  f1m=0.9721  uplink_kB=183.1  t=2.86s
  round   5/50: acc=0.9730  f1m=0.9730  uplink_kB=183.1  t=2.62s
  round   6/50: acc=0.9732  f1m=0.9731  uplink_kB=183.1  t=2.84s
  round   7/50: acc=0.9742  f1m=0.9742  uplink_kB=183.1  t=2.75s
  round   8/50: acc=0.9735  f1m=0.9735  uplink_kB=183.1  t=2.61s
  round   9/50: acc=0.9743  f1m=0.9743  uplink_kB=183.1  t=2.61s
  round  10/50: acc=0.9743  f1m=0.9743  uplink_kB=183.1  t=2.70s
  round  11/50: acc=0.9742  f1m=0.9742  uplink_kB=183.1  t=2.60s
  round  12/50: acc=0.9746  f1m=0.9745  uplink_kB=183.1  t=2.51s
  round  13/50: acc=0.9741  f1m=0.9740  uplink_kB=183.1  t=2.60s
  round  14/50: acc=0.9749  f1m=0.9749  uplink_kB=183.1  t=2.69s
  round  15/50: acc=0.9745  f1m=0.9745  uplink_kB=183.1  t=2.57s
  round  16/50: acc=0.9749  f1m=0.9749  uplink_kB=183.1  t=2.59s
  round  17/50: acc=0.9966  f1m=0.9966  uplink_kB=183.1  t=2.59s
  round  18/50: acc=0.9968  f1m=0.9968  uplink_kB=183.1  t=2.53s
  round  19/50: acc=0.9752  f1m=0.9752  uplink_kB=183.1  t=2.62s
  round  20/50: acc=0.9969  f1m=0.9969  uplink_kB=183.1  t=2.55s
  round  21/50: acc=0.9968  f1m=0.9968  uplink_kB=183.1  t=2.44s
  round  22/50: acc=0.9746  f1m=0.9746  uplink_kB=183.1  t=2.52s
  round  23/50: acc=0.9971  f1m=0.9971  uplink_kB=183.1  t=2.39s
  round  24/50: acc=0.9970  f1m=0.9970  uplink_kB=183.1  t=2.49s
  round  25/50: acc=0.9972  f1m=0.9972  uplink_kB=183.1  t=2.54s
  round  26/50: acc=0.9971  f1m=0.9971  uplink_kB=183.1  t=2.74s
  round  27/50: acc=0.9971  f1m=0.9971  uplink_kB=183.1  t=2.63s
  round  28/50: acc=0.9971  f1m=0.9971  uplink_kB=183.1  t=2.61s
  round  29/50: acc=0.9972  f1m=0.9972  uplink_kB=183.1  t=2.63s
  round  30/50: acc=0.9971  f1m=0.9971  uplink_kB=183.1  t=2.69s
  round  31/50: acc=0.9973  f1m=0.9973  uplink_kB=183.1  t=2.73s
  round  32/50: acc=0.9973  f1m=0.9973  uplink_kB=183.1  t=2.59s
  round  33/50: acc=0.9972  f1m=0.9972  uplink_kB=183.1  t=2.55s
  round  34/50: acc=0.9973  f1m=0.9973  uplink_kB=183.1  t=2.62s
  round  35/50: acc=0.9972  f1m=0.9972  uplink_kB=183.1  t=2.69s
  round  36/50: acc=0.9972  f1m=0.9972  uplink_kB=183.1  t=2.65s
  round  37/50: acc=0.9973  f1m=0.9973  uplink_kB=183.1  t=2.73s
  round  38/50: acc=0.9973  f1m=0.9973  uplink_kB=183.1  t=2.71s
  round  39/50: acc=0.9976  f1m=0.9976  uplink_kB=183.1  t=2.62s
  round  40/50: acc=0.9975  f1m=0.9975  uplink_kB=183.1  t=2.68s
  round  41/50: acc=0.9974  f1m=0.9974  uplink_kB=183.1  t=2.74s
  round  42/50: acc=0.9975  f1m=0.9975  uplink_kB=183.1  t=2.79s
  round  43/50: acc=0.9973  f1m=0.9973  uplink_kB=183.1  t=2.71s
  round  44/50: acc=0.9973  f1m=0.9973  uplink_kB=183.1  t=2.72s
  round  45/50: acc=0.9975  f1m=0.9975  uplink_kB=183.1  t=2.70s
  round  46/50: acc=0.9976  f1m=0.9976  uplink_kB=183.1  t=2.60s
  round  47/50: acc=0.9976  f1m=0.9976  uplink_kB=183.1  t=2.65s
  round  48/50: acc=0.9977  f1m=0.9977  uplink_kB=183.1  t=2.80s
  round  49/50: acc=0.9975  f1m=0.9975  uplink_kB=183.1  t=2.68s
  round  50/50: acc=0.9979  f1m=0.9979  uplink_kB=183.1  t=2.79s
[run] DONE -> /Users/agentra/Documents/hao/working/paper-lab/hao-paper-2026/iotj-fedkan-ids/repo/results/sensitivity_botiot/sens_k5__dir0.1__seed17/metrics.json  final_acc=0.9979
