[run] device=cpu  seed=17  out=/Users/agentra/Documents/hao/working/paper-lab/hao-paper-2026/iotj-fedkan-ids/repo/results/lrsweep_toniot/lrsweep_kan8_lr0p03__dir0.1__seed17
[run] model=kan  params=3,280
  round   1/50: acc=0.6413  f1m=0.6334  uplink_kB=150.2  t=2.17s
  round   2/50: acc=0.5000  f1m=0.3333  uplink_kB=150.2  t=1.61s
  round   3/50: acc=0.5120  f1m=0.3609  uplink_kB=150.2  t=1.60s
  round   4/50: acc=0.5166  f1m=0.3714  uplink_kB=150.2  t=1.63s
  round   5/50: acc=0.5289  f1m=0.4024  uplink_kB=150.2  t=1.62s
  round   6/50: acc=0.5561  f1m=0.4585  uplink_kB=150.2  t=1.56s
  round   7/50: acc=0.5540  f1m=0.4547  uplink_kB=150.2  t=1.60s
  round   8/50: acc=0.5584  f1m=0.4673  uplink_kB=150.2  t=1.61s
  round   9/50: acc=0.5872  f1m=0.5211  uplink_kB=150.2  t=1.63s
  round  10/50: acc=0.6020  f1m=0.5453  uplink_kB=150.2  t=1.62s
  round  11/50: acc=0.6032  f1m=0.5484  uplink_kB=150.2  t=1.63s
  round  12/50: acc=0.6109  f1m=0.5613  uplink_kB=150.2  t=1.61s
  round  13/50: acc=0.6253  f1m=0.5898  uplink_kB=150.2  t=1.63s
  round  14/50: acc=0.6039  f1m=0.5492  uplink_kB=150.2  t=1.54s
  round  15/50: acc=0.6051  f1m=0.5515  uplink_kB=150.2  t=1.62s
  round  16/50: acc=0.6288  f1m=0.5924  uplink_kB=150.2  t=1.62s
  round  17/50: acc=0.6182  f1m=0.5756  uplink_kB=150.2  t=1.61s
  round  18/50: acc=0.6024  f1m=0.5465  uplink_kB=150.2  t=1.62s
  round  19/50: acc=0.6369  f1m=0.6043  uplink_kB=150.2  t=1.64s
  round  20/50: acc=0.6801  f1m=0.6685  uplink_kB=150.2  t=1.57s
  round  21/50: acc=0.4648  f1m=0.4493  uplink_kB=150.2  t=1.58s
  round  22/50: acc=0.4308  f1m=0.4243  uplink_kB=150.2  t=1.59s
  round  23/50: acc=0.5113  f1m=0.4768  uplink_kB=150.2  t=1.63s
  round  24/50: acc=0.5509  f1m=0.5041  uplink_kB=150.2  t=1.60s
  round  25/50: acc=0.5473  f1m=0.4917  uplink_kB=150.2  t=1.61s
  round  26/50: acc=0.5317  f1m=0.4919  uplink_kB=150.2  t=1.64s
  round  27/50: acc=0.5495  f1m=0.4787  uplink_kB=150.2  t=1.57s
  round  28/50: acc=0.5330  f1m=0.4211  uplink_kB=150.2  t=1.61s
  round  29/50: acc=0.5296  f1m=0.4132  uplink_kB=150.2  t=1.61s
  round  30/50: acc=0.5281  f1m=0.4101  uplink_kB=150.2  t=1.58s
  round  31/50: acc=0.5376  f1m=0.4423  uplink_kB=150.2  t=1.61s
  round  32/50: acc=0.5288  f1m=0.4125  uplink_kB=150.2  t=1.64s
  round  33/50: acc=0.5266  f1m=0.4078  uplink_kB=150.2  t=1.61s
  round  34/50: acc=0.5248  f1m=0.4034  uplink_kB=150.2  t=1.57s
  round  35/50: acc=0.5255  f1m=0.4048  uplink_kB=150.2  t=1.63s
  round  36/50: acc=0.5261  f1m=0.4066  uplink_kB=150.2  t=1.58s
  round  37/50: acc=0.5273  f1m=0.4090  uplink_kB=150.2  t=1.63s
  round  38/50: acc=0.5278  f1m=0.4097  uplink_kB=150.2  t=1.64s
  round  39/50: acc=0.5268  f1m=0.4032  uplink_kB=150.2  t=1.62s
  round  40/50: acc=0.5281  f1m=0.4029  uplink_kB=150.2  t=1.57s
  round  41/50: acc=0.5272  f1m=0.3976  uplink_kB=150.2  t=1.62s
  round  42/50: acc=0.5296  f1m=0.4090  uplink_kB=150.2  t=1.62s
  round  43/50: acc=0.5315  f1m=0.4065  uplink_kB=150.2  t=1.63s
  round  44/50: acc=0.5337  f1m=0.4086  uplink_kB=150.2  t=1.62s
  round  45/50: acc=0.5312  f1m=0.4012  uplink_kB=150.2  t=1.61s
  round  46/50: acc=0.5374  f1m=0.4158  uplink_kB=150.2  t=1.59s
  round  47/50: acc=0.5385  f1m=0.4191  uplink_kB=150.2  t=1.63s
  round  48/50: acc=0.5399  f1m=0.4216  uplink_kB=150.2  t=1.62s
  round  49/50: acc=0.5406  f1m=0.4225  uplink_kB=150.2  t=1.63s
  round  50/50: acc=0.5406  f1m=0.4245  uplink_kB=150.2  t=1.52s
[run] DONE -> /Users/agentra/Documents/hao/working/paper-lab/hao-paper-2026/iotj-fedkan-ids/repo/results/lrsweep_toniot/lrsweep_kan8_lr0p03__dir0.1__seed17/metrics.json  final_acc=0.5406
