[run] device=cpu  seed=29  out=/Users/agentra/Documents/hao/working/paper-lab/hao-paper-2026/iotj-fedkan-ids/repo/results/lrsweep_cseciic_mc50k/lrsweep_mlp80_lr0p0003__dir0.1__seed29
[run] model=mlp  params=4,415
  round   1/50: acc=0.1706  f1m=0.0993  uplink_kB=172.5  t=1.63s
  round   2/50: acc=0.2626  f1m=0.0795  uplink_kB=172.5  t=1.07s
  round   3/50: acc=0.3012  f1m=0.0920  uplink_kB=172.5  t=1.08s
  round   4/50: acc=0.3035  f1m=0.0925  uplink_kB=172.5  t=1.02s
  round   5/50: acc=0.3047  f1m=0.0929  uplink_kB=172.5  t=1.11s
  round   6/50: acc=0.3049  f1m=0.0929  uplink_kB=172.5  t=1.06s
  round   7/50: acc=0.3056  f1m=0.0933  uplink_kB=172.5  t=1.09s
  round   8/50: acc=0.3062  f1m=0.0936  uplink_kB=172.5  t=1.07s
  round   9/50: acc=0.3063  f1m=0.0938  uplink_kB=172.5  t=1.11s
  round  10/50: acc=0.3073  f1m=0.0950  uplink_kB=172.5  t=1.12s
  round  11/50: acc=0.3079  f1m=0.0957  uplink_kB=172.5  t=1.06s
  round  12/50: acc=0.3450  f1m=0.1374  uplink_kB=172.5  t=1.11s
  round  13/50: acc=0.3516  f1m=0.1434  uplink_kB=172.5  t=1.08s
  round  14/50: acc=0.3535  f1m=0.1444  uplink_kB=172.5  t=1.13s
  round  15/50: acc=0.3606  f1m=0.1476  uplink_kB=172.5  t=1.04s
  round  16/50: acc=0.3646  f1m=0.1496  uplink_kB=172.5  t=1.13s
  round  17/50: acc=0.3746  f1m=0.1582  uplink_kB=172.5  t=1.04s
  round  18/50: acc=0.3894  f1m=0.2065  uplink_kB=172.5  t=1.14s
  round  19/50: acc=0.4342  f1m=0.2407  uplink_kB=172.5  t=1.04s
  round  20/50: acc=0.4664  f1m=0.2576  uplink_kB=172.5  t=1.12s
  round  21/50: acc=0.4719  f1m=0.2599  uplink_kB=172.5  t=1.05s
  round  22/50: acc=0.4819  f1m=0.2724  uplink_kB=172.5  t=1.14s
  round  23/50: acc=0.4831  f1m=0.2727  uplink_kB=172.5  t=1.09s
  round  24/50: acc=0.4834  f1m=0.2712  uplink_kB=172.5  t=1.15s
  round  25/50: acc=0.4841  f1m=0.2758  uplink_kB=172.5  t=1.08s
  round  26/50: acc=0.4845  f1m=0.2733  uplink_kB=172.5  t=1.10s
  round  27/50: acc=0.4844  f1m=0.2722  uplink_kB=172.5  t=1.03s
  round  28/50: acc=0.4864  f1m=0.2721  uplink_kB=172.5  t=1.09s
  round  29/50: acc=0.4922  f1m=0.2744  uplink_kB=172.5  t=1.02s
  round  30/50: acc=0.5046  f1m=0.2790  uplink_kB=172.5  t=1.06s
  round  31/50: acc=0.5071  f1m=0.2803  uplink_kB=172.5  t=1.01s
  round  32/50: acc=0.5081  f1m=0.2804  uplink_kB=172.5  t=1.11s
  round  33/50: acc=0.5083  f1m=0.2801  uplink_kB=172.5  t=1.08s
  round  34/50: acc=0.5086  f1m=0.2801  uplink_kB=172.5  t=1.26s
  round  35/50: acc=0.5089  f1m=0.2801  uplink_kB=172.5  t=1.05s
  round  36/50: acc=0.5092  f1m=0.2800  uplink_kB=172.5  t=1.10s
  round  37/50: acc=0.5092  f1m=0.2798  uplink_kB=172.5  t=1.06s
  round  38/50: acc=0.5091  f1m=0.2795  uplink_kB=172.5  t=1.07s
  round  39/50: acc=0.5092  f1m=0.2796  uplink_kB=172.5  t=1.07s
  round  40/50: acc=0.5093  f1m=0.2796  uplink_kB=172.5  t=1.08s
  round  41/50: acc=0.5094  f1m=0.2796  uplink_kB=172.5  t=1.22s
  round  42/50: acc=0.5095  f1m=0.2796  uplink_kB=172.5  t=1.14s
  round  43/50: acc=0.5096  f1m=0.2796  uplink_kB=172.5  t=1.00s
  round  44/50: acc=0.5096  f1m=0.2795  uplink_kB=172.5  t=1.04s
  round  45/50: acc=0.5097  f1m=0.2794  uplink_kB=172.5  t=1.01s
  round  46/50: acc=0.5103  f1m=0.2800  uplink_kB=172.5  t=1.08s
  round  47/50: acc=0.5133  f1m=0.2832  uplink_kB=172.5  t=1.01s
  round  48/50: acc=0.5167  f1m=0.2867  uplink_kB=172.5  t=1.05s
  round  49/50: acc=0.5202  f1m=0.2902  uplink_kB=172.5  t=1.08s
  round  50/50: acc=0.5236  f1m=0.2933  uplink_kB=172.5  t=1.03s
[run] DONE -> /Users/agentra/Documents/hao/working/paper-lab/hao-paper-2026/iotj-fedkan-ids/repo/results/lrsweep_cseciic_mc50k/lrsweep_mlp80_lr0p0003__dir0.1__seed29/metrics.json  final_acc=0.5236
