[run] device=cpu  seed=2026  out=/Users/agentra/Documents/hao/working/paper-lab/hao-paper-2026/iotj-fedkan-ids/repo/results/lrsweep_toniot/lrsweep_kan8_lr0p003__dir0.1__seed2026
[run] model=kan  params=3,280
  round   1/50: acc=0.7075  f1m=0.7055  uplink_kB=150.2  t=2.18s
  round   2/50: acc=0.7272  f1m=0.7260  uplink_kB=150.2  t=1.62s
  round   3/50: acc=0.7390  f1m=0.7384  uplink_kB=150.2  t=1.62s
  round   4/50: acc=0.7863  f1m=0.7862  uplink_kB=150.2  t=1.72s
  round   5/50: acc=0.7884  f1m=0.7877  uplink_kB=150.2  t=1.73s
  round   6/50: acc=0.7652  f1m=0.7611  uplink_kB=150.2  t=1.77s
  round   7/50: acc=0.8971  f1m=0.8971  uplink_kB=150.2  t=1.72s
  round   8/50: acc=0.8978  f1m=0.8978  uplink_kB=150.2  t=1.66s
  round   9/50: acc=0.8925  f1m=0.8923  uplink_kB=150.2  t=1.63s
  round  10/50: acc=0.9038  f1m=0.9037  uplink_kB=150.2  t=1.60s
  round  11/50: acc=0.9041  f1m=0.9040  uplink_kB=150.2  t=1.56s
  round  12/50: acc=0.8712  f1m=0.8705  uplink_kB=150.2  t=1.62s
  round  13/50: acc=0.8766  f1m=0.8759  uplink_kB=150.2  t=1.62s
  round  14/50: acc=0.8804  f1m=0.8798  uplink_kB=150.2  t=1.59s
  round  15/50: acc=0.9194  f1m=0.9193  uplink_kB=150.2  t=1.60s
  round  16/50: acc=0.9203  f1m=0.9202  uplink_kB=150.2  t=1.61s
  round  17/50: acc=0.7889  f1m=0.7823  uplink_kB=150.2  t=1.59s
  round  18/50: acc=0.8826  f1m=0.8818  uplink_kB=150.2  t=1.53s
  round  19/50: acc=0.9212  f1m=0.9211  uplink_kB=150.2  t=1.61s
  round  20/50: acc=0.9173  f1m=0.9171  uplink_kB=150.2  t=1.59s
  round  21/50: acc=0.9148  f1m=0.9146  uplink_kB=150.2  t=1.59s
  round  22/50: acc=0.9119  f1m=0.9116  uplink_kB=150.2  t=1.61s
  round  23/50: acc=0.9118  f1m=0.9115  uplink_kB=150.2  t=1.61s
  round  24/50: acc=0.9299  f1m=0.9298  uplink_kB=150.2  t=1.58s
  round  25/50: acc=0.9297  f1m=0.9296  uplink_kB=150.2  t=1.55s
  round  26/50: acc=0.9168  f1m=0.9166  uplink_kB=150.2  t=1.63s
  round  27/50: acc=0.9322  f1m=0.9321  uplink_kB=150.2  t=1.59s
  round  28/50: acc=0.9135  f1m=0.9132  uplink_kB=150.2  t=1.59s
  round  29/50: acc=0.9243  f1m=0.9241  uplink_kB=150.2  t=1.61s
  round  30/50: acc=0.9208  f1m=0.9206  uplink_kB=150.2  t=1.53s
  round  31/50: acc=0.9179  f1m=0.9176  uplink_kB=150.2  t=1.60s
  round  32/50: acc=0.9364  f1m=0.9363  uplink_kB=150.2  t=1.60s
  round  33/50: acc=0.9362  f1m=0.9361  uplink_kB=150.2  t=1.62s
  round  34/50: acc=0.9347  f1m=0.9347  uplink_kB=150.2  t=1.62s
  round  35/50: acc=0.9323  f1m=0.9321  uplink_kB=150.2  t=1.62s
  round  36/50: acc=0.9257  f1m=0.9255  uplink_kB=150.2  t=1.56s
  round  37/50: acc=0.9336  f1m=0.9335  uplink_kB=150.2  t=1.61s
  round  38/50: acc=0.9263  f1m=0.9261  uplink_kB=150.2  t=1.62s
  round  39/50: acc=0.9472  f1m=0.9471  uplink_kB=150.2  t=1.58s
  round  40/50: acc=0.9345  f1m=0.9344  uplink_kB=150.2  t=1.60s
  round  41/50: acc=0.9428  f1m=0.9428  uplink_kB=150.2  t=1.61s
  round  42/50: acc=0.9473  f1m=0.9472  uplink_kB=150.2  t=1.62s
  round  43/50: acc=0.9359  f1m=0.9357  uplink_kB=150.2  t=1.59s
  round  44/50: acc=0.9347  f1m=0.9346  uplink_kB=150.2  t=1.53s
  round  45/50: acc=0.9489  f1m=0.9488  uplink_kB=150.2  t=1.59s
  round  46/50: acc=0.9341  f1m=0.9340  uplink_kB=150.2  t=1.59s
  round  47/50: acc=0.9453  f1m=0.9453  uplink_kB=150.2  t=1.61s
  round  48/50: acc=0.9434  f1m=0.9433  uplink_kB=150.2  t=1.62s
  round  49/50: acc=0.9478  f1m=0.9477  uplink_kB=150.2  t=1.60s
  round  50/50: acc=0.9450  f1m=0.9449  uplink_kB=150.2  t=1.52s
[run] DONE -> /Users/agentra/Documents/hao/working/paper-lab/hao-paper-2026/iotj-fedkan-ids/repo/results/lrsweep_toniot/lrsweep_kan8_lr0p003__dir0.1__seed2026/metrics.json  final_acc=0.9450
