[run] device=cpu  seed=2024  out=/Users/agentra/Documents/hao/working/paper-lab/hao-paper-2026/iotj-fedkan-ids/repo/results/lrsweep_cseciic_mc/lrsweep_kan16_lr0p01__dir0.1__seed2024
[run] model=kan  params=8,640
  round   1/50: acc=0.4140  f1m=0.1405  uplink_kB=363.3  t=6.96s
  round   2/50: acc=0.5450  f1m=0.3369  uplink_kB=363.3  t=6.30s
  round   3/50: acc=0.7652  f1m=0.4835  uplink_kB=363.3  t=6.32s
  round   4/50: acc=0.8364  f1m=0.5798  uplink_kB=363.3  t=6.23s
  round   5/50: acc=0.8471  f1m=0.6436  uplink_kB=363.3  t=6.27s
  round   6/50: acc=0.8540  f1m=0.6498  uplink_kB=363.3  t=6.48s
  round   7/50: acc=0.8538  f1m=0.6479  uplink_kB=363.3  t=6.42s
  round   8/50: acc=0.8589  f1m=0.6524  uplink_kB=363.3  t=6.41s
  round   9/50: acc=0.8551  f1m=0.6499  uplink_kB=363.3  t=6.25s
  round  10/50: acc=0.8482  f1m=0.6483  uplink_kB=363.3  t=6.41s
  round  11/50: acc=0.8454  f1m=0.6455  uplink_kB=363.3  t=6.30s
  round  12/50: acc=0.8585  f1m=0.6566  uplink_kB=363.3  t=6.28s
  round  13/50: acc=0.8656  f1m=0.6703  uplink_kB=363.3  t=6.53s
  round  14/50: acc=0.8665  f1m=0.6697  uplink_kB=363.3  t=6.22s
  round  15/50: acc=0.7446  f1m=0.6256  uplink_kB=363.3  t=6.23s
  round  16/50: acc=0.8676  f1m=0.6661  uplink_kB=363.3  t=6.32s
  round  17/50: acc=0.8411  f1m=0.6549  uplink_kB=363.3  t=6.37s
  round  18/50: acc=0.8604  f1m=0.6708  uplink_kB=363.3  t=6.80s
  round  19/50: acc=0.8699  f1m=0.6766  uplink_kB=363.3  t=6.54s
  round  20/50: acc=0.8538  f1m=0.6608  uplink_kB=363.3  t=6.54s
  round  21/50: acc=0.8651  f1m=0.6652  uplink_kB=363.3  t=6.26s
  round  22/50: acc=0.8731  f1m=0.6867  uplink_kB=363.3  t=6.19s
  round  23/50: acc=0.7851  f1m=0.6377  uplink_kB=363.3  t=6.68s
  round  24/50: acc=0.8723  f1m=0.6792  uplink_kB=363.3  t=6.50s
  round  25/50: acc=0.8722  f1m=0.6786  uplink_kB=363.3  t=6.31s
  round  26/50: acc=0.8053  f1m=0.6667  uplink_kB=363.3  t=6.46s
  round  27/50: acc=0.8739  f1m=0.6809  uplink_kB=363.3  t=6.25s
  round  28/50: acc=0.7358  f1m=0.6779  uplink_kB=363.3  t=6.26s
  round  29/50: acc=0.8800  f1m=0.7288  uplink_kB=363.3  t=7.09s
  round  30/50: acc=0.8825  f1m=0.7260  uplink_kB=363.3  t=6.32s
  round  31/50: acc=0.8819  f1m=0.7314  uplink_kB=363.3  t=6.19s
  round  32/50: acc=0.8857  f1m=0.7448  uplink_kB=363.3  t=6.23s
  round  33/50: acc=0.8917  f1m=0.7557  uplink_kB=363.3  t=6.44s
  round  34/50: acc=0.8473  f1m=0.7128  uplink_kB=363.3  t=6.25s
  round  35/50: acc=0.8917  f1m=0.7605  uplink_kB=363.3  t=6.55s
  round  36/50: acc=0.8880  f1m=0.7612  uplink_kB=363.3  t=6.38s
  round  37/50: acc=0.7439  f1m=0.7032  uplink_kB=363.3  t=6.42s
  round  38/50: acc=0.8470  f1m=0.7294  uplink_kB=363.3  t=6.25s
  round  39/50: acc=0.7853  f1m=0.7127  uplink_kB=363.3  t=6.38s
  round  40/50: acc=0.8602  f1m=0.7216  uplink_kB=363.3  t=6.26s
  round  41/50: acc=0.7397  f1m=0.6813  uplink_kB=363.3  t=6.90s
  round  42/50: acc=0.8418  f1m=0.7243  uplink_kB=363.3  t=6.28s
  round  43/50: acc=0.7941  f1m=0.7219  uplink_kB=363.3  t=6.27s
  round  44/50: acc=0.8183  f1m=0.6985  uplink_kB=363.3  t=6.26s
  round  45/50: acc=0.7277  f1m=0.6711  uplink_kB=363.3  t=6.20s
  round  46/50: acc=0.8113  f1m=0.7205  uplink_kB=363.3  t=6.27s
  round  47/50: acc=0.8599  f1m=0.7371  uplink_kB=363.3  t=6.25s
  round  48/50: acc=0.7193  f1m=0.6761  uplink_kB=363.3  t=6.68s
  round  49/50: acc=0.8542  f1m=0.7312  uplink_kB=363.3  t=6.43s
  round  50/50: acc=0.8811  f1m=0.7458  uplink_kB=363.3  t=6.24s
[run] DONE -> /Users/agentra/Documents/hao/working/paper-lab/hao-paper-2026/iotj-fedkan-ids/repo/results/lrsweep_cseciic_mc/lrsweep_kan16_lr0p01__dir0.1__seed2024/metrics.json  final_acc=0.8811
