[run] device=cpu  seed=42  out=/Users/agentra/Documents/hao/working/paper-lab/hao-paper-2026/iotj-fedkan-ids/repo/results/lrsweep_toniot/lrsweep_mlp32_lr0p001__dir0.1__seed42
[run] model=mlp  params=1,346
  round   1/50: acc=0.5000  f1m=0.3333  uplink_kB=52.6  t=1.13s
  round   2/50: acc=0.5000  f1m=0.3333  uplink_kB=52.6  t=0.63s
  round   3/50: acc=0.5000  f1m=0.3333  uplink_kB=52.6  t=0.65s
  round   4/50: acc=0.5000  f1m=0.3333  uplink_kB=52.6  t=0.62s
  round   5/50: acc=0.5000  f1m=0.3333  uplink_kB=52.6  t=0.63s
  round   6/50: acc=0.5000  f1m=0.3333  uplink_kB=52.6  t=0.59s
  round   7/50: acc=0.5000  f1m=0.3333  uplink_kB=52.6  t=0.63s
  round   8/50: acc=0.5000  f1m=0.3333  uplink_kB=52.6  t=0.64s
  round   9/50: acc=0.5000  f1m=0.3333  uplink_kB=52.6  t=0.64s
  round  10/50: acc=0.5000  f1m=0.3333  uplink_kB=52.6  t=0.63s
  round  11/50: acc=0.5000  f1m=0.3333  uplink_kB=52.6  t=0.63s
  round  12/50: acc=0.5000  f1m=0.3333  uplink_kB=52.6  t=0.62s
  round  13/50: acc=0.5000  f1m=0.3333  uplink_kB=52.6  t=0.60s
  round  14/50: acc=0.5000  f1m=0.3333  uplink_kB=52.6  t=0.67s
  round  15/50: acc=0.5000  f1m=0.3333  uplink_kB=52.6  t=0.64s
  round  16/50: acc=0.5000  f1m=0.3333  uplink_kB=52.6  t=0.66s
  round  17/50: acc=0.5000  f1m=0.3333  uplink_kB=52.6  t=0.66s
  round  18/50: acc=0.5000  f1m=0.3334  uplink_kB=52.6  t=0.65s
  round  19/50: acc=0.5007  f1m=0.3349  uplink_kB=52.6  t=0.66s
  round  20/50: acc=0.5020  f1m=0.3378  uplink_kB=52.6  t=0.60s
  round  21/50: acc=0.5078  f1m=0.3507  uplink_kB=52.6  t=0.64s
  round  22/50: acc=0.5121  f1m=0.3603  uplink_kB=52.6  t=0.63s
  round  23/50: acc=0.5146  f1m=0.3660  uplink_kB=52.6  t=0.66s
  round  24/50: acc=0.5154  f1m=0.3681  uplink_kB=52.6  t=0.66s
  round  25/50: acc=0.5163  f1m=0.3704  uplink_kB=52.6  t=0.63s
  round  26/50: acc=0.5166  f1m=0.3710  uplink_kB=52.6  t=0.60s
  round  27/50: acc=0.5166  f1m=0.3711  uplink_kB=52.6  t=0.65s
  round  28/50: acc=0.5165  f1m=0.3707  uplink_kB=52.6  t=0.63s
  round  29/50: acc=0.5163  f1m=0.3704  uplink_kB=52.6  t=0.63s
  round  30/50: acc=0.5162  f1m=0.3702  uplink_kB=52.6  t=0.63s
  round  31/50: acc=0.5160  f1m=0.3696  uplink_kB=52.6  t=0.68s
  round  32/50: acc=0.5158  f1m=0.3691  uplink_kB=52.6  t=0.60s
  round  33/50: acc=0.5157  f1m=0.3689  uplink_kB=52.6  t=0.63s
  round  34/50: acc=0.5156  f1m=0.3687  uplink_kB=52.6  t=0.64s
  round  35/50: acc=0.5158  f1m=0.3690  uplink_kB=52.6  t=0.66s
  round  36/50: acc=0.5157  f1m=0.3688  uplink_kB=52.6  t=0.64s
  round  37/50: acc=0.5155  f1m=0.3685  uplink_kB=52.6  t=0.66s
  round  38/50: acc=0.5153  f1m=0.3680  uplink_kB=52.6  t=0.59s
  round  39/50: acc=0.5148  f1m=0.3668  uplink_kB=52.6  t=0.64s
  round  40/50: acc=0.5147  f1m=0.3667  uplink_kB=52.6  t=0.66s
  round  41/50: acc=0.5145  f1m=0.3662  uplink_kB=52.6  t=0.63s
  round  42/50: acc=0.5143  f1m=0.3659  uplink_kB=52.6  t=0.65s
  round  43/50: acc=0.5144  f1m=0.3661  uplink_kB=52.6  t=0.63s
  round  44/50: acc=0.5145  f1m=0.3664  uplink_kB=52.6  t=0.62s
  round  45/50: acc=0.5145  f1m=0.3663  uplink_kB=52.6  t=0.59s
  round  46/50: acc=0.5147  f1m=0.3667  uplink_kB=52.6  t=0.63s
  round  47/50: acc=0.5152  f1m=0.3677  uplink_kB=52.6  t=0.64s
  round  48/50: acc=0.5152  f1m=0.3678  uplink_kB=52.6  t=0.65s
  round  49/50: acc=0.5152  f1m=0.3678  uplink_kB=52.6  t=0.64s
  round  50/50: acc=0.5151  f1m=0.3678  uplink_kB=52.6  t=0.64s
[run] DONE -> /Users/agentra/Documents/hao/working/paper-lab/hao-paper-2026/iotj-fedkan-ids/repo/results/lrsweep_toniot/lrsweep_mlp32_lr0p001__dir0.1__seed42/metrics.json  final_acc=0.5151
