[run] device=cpu  seed=31  out=/Users/agentra/Documents/hao/working/paper-lab/hao-paper-2026/iotj-fedkan-ids/repo/results/sensitivity_botiot/sens_k5__dir0.1__seed31
[run] model=kan  params=3,936
  round   1/50: acc=0.5876  f1m=0.5072  uplink_kB=183.1  t=3.46s
  round   2/50: acc=0.9315  f1m=0.9315  uplink_kB=183.1  t=2.68s
  round   3/50: acc=0.9298  f1m=0.9298  uplink_kB=183.1  t=2.78s
  round   4/50: acc=0.9298  f1m=0.9298  uplink_kB=183.1  t=2.71s
  round   5/50: acc=0.9326  f1m=0.9326  uplink_kB=183.1  t=2.67s
  round   6/50: acc=0.9365  f1m=0.9365  uplink_kB=183.1  t=2.62s
  round   7/50: acc=0.9367  f1m=0.9367  uplink_kB=183.1  t=2.69s
  round   8/50: acc=0.9303  f1m=0.9302  uplink_kB=183.1  t=2.72s
  round   9/50: acc=0.9372  f1m=0.9372  uplink_kB=183.1  t=2.72s
  round  10/50: acc=0.9400  f1m=0.9400  uplink_kB=183.1  t=2.68s
  round  11/50: acc=0.9571  f1m=0.9571  uplink_kB=183.1  t=2.61s
  round  12/50: acc=0.9583  f1m=0.9583  uplink_kB=183.1  t=2.59s
  round  13/50: acc=0.9584  f1m=0.9583  uplink_kB=183.1  t=2.73s
  round  14/50: acc=0.9636  f1m=0.9636  uplink_kB=183.1  t=2.68s
  round  15/50: acc=0.9632  f1m=0.9632  uplink_kB=183.1  t=2.67s
  round  16/50: acc=0.9638  f1m=0.9638  uplink_kB=183.1  t=2.86s
  round  17/50: acc=0.9633  f1m=0.9633  uplink_kB=183.1  t=2.62s
  round  18/50: acc=0.9664  f1m=0.9664  uplink_kB=183.1  t=2.43s
  round  19/50: acc=0.9661  f1m=0.9661  uplink_kB=183.1  t=2.61s
  round  20/50: acc=0.9649  f1m=0.9649  uplink_kB=183.1  t=2.78s
  round  21/50: acc=0.9654  f1m=0.9654  uplink_kB=183.1  t=2.70s
  round  22/50: acc=0.9657  f1m=0.9657  uplink_kB=183.1  t=2.81s
  round  23/50: acc=0.9661  f1m=0.9661  uplink_kB=183.1  t=2.70s
  round  24/50: acc=0.9678  f1m=0.9678  uplink_kB=183.1  t=2.66s
  round  25/50: acc=0.9666  f1m=0.9666  uplink_kB=183.1  t=3.01s
  round  26/50: acc=0.9683  f1m=0.9683  uplink_kB=183.1  t=2.76s
  round  27/50: acc=0.9682  f1m=0.9682  uplink_kB=183.1  t=2.68s
  round  28/50: acc=0.9693  f1m=0.9693  uplink_kB=183.1  t=2.68s
  round  29/50: acc=0.9695  f1m=0.9695  uplink_kB=183.1  t=2.72s
  round  30/50: acc=0.9695  f1m=0.9695  uplink_kB=183.1  t=2.88s
  round  31/50: acc=0.9695  f1m=0.9695  uplink_kB=183.1  t=2.63s
  round  32/50: acc=0.9695  f1m=0.9694  uplink_kB=183.1  t=2.66s
  round  33/50: acc=0.9697  f1m=0.9697  uplink_kB=183.1  t=2.77s
  round  34/50: acc=0.9694  f1m=0.9694  uplink_kB=183.1  t=2.79s
  round  35/50: acc=0.9698  f1m=0.9697  uplink_kB=183.1  t=2.66s
  round  36/50: acc=0.9698  f1m=0.9697  uplink_kB=183.1  t=2.61s
  round  37/50: acc=0.9697  f1m=0.9697  uplink_kB=183.1  t=2.64s
  round  38/50: acc=0.9701  f1m=0.9701  uplink_kB=183.1  t=2.68s
  round  39/50: acc=0.9711  f1m=0.9711  uplink_kB=183.1  t=2.62s
  round  40/50: acc=0.9711  f1m=0.9710  uplink_kB=183.1  t=2.79s
  round  41/50: acc=0.9707  f1m=0.9707  uplink_kB=183.1  t=2.65s
  round  42/50: acc=0.9700  f1m=0.9700  uplink_kB=183.1  t=2.61s
  round  43/50: acc=0.9704  f1m=0.9704  uplink_kB=183.1  t=2.71s
  round  44/50: acc=0.9710  f1m=0.9709  uplink_kB=183.1  t=2.63s
  round  45/50: acc=0.9714  f1m=0.9714  uplink_kB=183.1  t=2.71s
  round  46/50: acc=0.9705  f1m=0.9704  uplink_kB=183.1  t=2.75s
  round  47/50: acc=0.9710  f1m=0.9710  uplink_kB=183.1  t=2.75s
  round  48/50: acc=0.9703  f1m=0.9703  uplink_kB=183.1  t=2.66s
  round  49/50: acc=0.9711  f1m=0.9711  uplink_kB=183.1  t=3.00s
  round  50/50: acc=0.9722  f1m=0.9722  uplink_kB=183.1  t=2.79s
[run] DONE -> /Users/agentra/Documents/hao/working/paper-lab/hao-paper-2026/iotj-fedkan-ids/repo/results/sensitivity_botiot/sens_k5__dir0.1__seed31/metrics.json  final_acc=0.9722
