[run] device=cpu  seed=43  out=/Users/agentra/Documents/hao/working/paper-lab/hao-paper-2026/iotj-fedkan-ids/repo/results/lrsweep_cseciic_mc/lrsweep_kan16_lr0p001__dir0.1__seed43
[run] model=kan  params=8,640
  round   1/50: acc=0.2116  f1m=0.0546  uplink_kB=363.3  t=6.86s
  round   2/50: acc=0.2533  f1m=0.0770  uplink_kB=363.3  t=6.29s
  round   3/50: acc=0.3975  f1m=0.1453  uplink_kB=363.3  t=6.08s
  round   4/50: acc=0.4105  f1m=0.1472  uplink_kB=363.3  t=6.20s
  round   5/50: acc=0.5728  f1m=0.2250  uplink_kB=363.3  t=6.39s
  round   6/50: acc=0.6328  f1m=0.3002  uplink_kB=363.3  t=6.31s
  round   7/50: acc=0.6372  f1m=0.3002  uplink_kB=363.3  t=6.23s
  round   8/50: acc=0.6031  f1m=0.2861  uplink_kB=363.3  t=6.16s
  round   9/50: acc=0.5879  f1m=0.2862  uplink_kB=363.3  t=6.52s
  round  10/50: acc=0.6084  f1m=0.3673  uplink_kB=363.3  t=6.51s
  round  11/50: acc=0.6099  f1m=0.3724  uplink_kB=363.3  t=6.48s
  round  12/50: acc=0.6324  f1m=0.3962  uplink_kB=363.3  t=6.28s
  round  13/50: acc=0.6350  f1m=0.3989  uplink_kB=363.3  t=6.40s
  round  14/50: acc=0.6335  f1m=0.3994  uplink_kB=363.3  t=6.41s
  round  15/50: acc=0.6315  f1m=0.3997  uplink_kB=363.3  t=6.22s
  round  16/50: acc=0.6287  f1m=0.4004  uplink_kB=363.3  t=6.16s
  round  17/50: acc=0.6495  f1m=0.4124  uplink_kB=363.3  t=6.15s
  round  18/50: acc=0.7215  f1m=0.4566  uplink_kB=363.3  t=6.25s
  round  19/50: acc=0.7311  f1m=0.4609  uplink_kB=363.3  t=6.21s
  round  20/50: acc=0.7350  f1m=0.4639  uplink_kB=363.3  t=6.51s
  round  21/50: acc=0.7643  f1m=0.4793  uplink_kB=363.3  t=6.62s
  round  22/50: acc=0.7728  f1m=0.5002  uplink_kB=363.3  t=6.52s
  round  23/50: acc=0.7815  f1m=0.5040  uplink_kB=363.3  t=6.45s
  round  24/50: acc=0.7853  f1m=0.5118  uplink_kB=363.3  t=6.27s
  round  25/50: acc=0.7857  f1m=0.5138  uplink_kB=363.3  t=6.37s
  round  26/50: acc=0.7993  f1m=0.5200  uplink_kB=363.3  t=6.38s
  round  27/50: acc=0.8085  f1m=0.5240  uplink_kB=363.3  t=6.37s
  round  28/50: acc=0.8114  f1m=0.5223  uplink_kB=363.3  t=6.25s
  round  29/50: acc=0.8115  f1m=0.5215  uplink_kB=363.3  t=6.30s
  round  30/50: acc=0.8133  f1m=0.5244  uplink_kB=363.3  t=6.27s
  round  31/50: acc=0.8354  f1m=0.5611  uplink_kB=363.3  t=6.33s
  round  32/50: acc=0.8367  f1m=0.5627  uplink_kB=363.3  t=6.34s
  round  33/50: acc=0.8380  f1m=0.5637  uplink_kB=363.3  t=6.26s
  round  34/50: acc=0.8391  f1m=0.5654  uplink_kB=363.3  t=6.26s
  round  35/50: acc=0.8435  f1m=0.5716  uplink_kB=363.3  t=6.33s
  round  36/50: acc=0.8456  f1m=0.5759  uplink_kB=363.3  t=6.24s
  round  37/50: acc=0.8474  f1m=0.5796  uplink_kB=363.3  t=6.30s
  round  38/50: acc=0.8487  f1m=0.5817  uplink_kB=363.3  t=6.27s
  round  39/50: acc=0.8483  f1m=0.5811  uplink_kB=363.3  t=6.31s
  round  40/50: acc=0.8486  f1m=0.5816  uplink_kB=363.3  t=6.14s
  round  41/50: acc=0.8468  f1m=0.5797  uplink_kB=363.3  t=6.29s
  round  42/50: acc=0.8489  f1m=0.5817  uplink_kB=363.3  t=6.23s
  round  43/50: acc=0.8461  f1m=0.5791  uplink_kB=363.3  t=6.26s
  round  44/50: acc=0.8499  f1m=0.5802  uplink_kB=363.3  t=6.29s
  round  45/50: acc=0.8495  f1m=0.5799  uplink_kB=363.3  t=6.15s
  round  46/50: acc=0.8518  f1m=0.6034  uplink_kB=363.3  t=6.31s
  round  47/50: acc=0.8549  f1m=0.6200  uplink_kB=363.3  t=6.31s
  round  48/50: acc=0.8552  f1m=0.6205  uplink_kB=363.3  t=6.22s
  round  49/50: acc=0.8557  f1m=0.6210  uplink_kB=363.3  t=6.24s
  round  50/50: acc=0.8563  f1m=0.6215  uplink_kB=363.3  t=5.80s
[run] DONE -> /Users/agentra/Documents/hao/working/paper-lab/hao-paper-2026/iotj-fedkan-ids/repo/results/lrsweep_cseciic_mc/lrsweep_kan16_lr0p001__dir0.1__seed43/metrics.json  final_acc=0.8563
