[run] device=cpu  seed=17  out=/Users/agentra/Documents/hao/working/paper-lab/hao-paper-2026/iotj-fedkan-ids/repo/results/lrsweep_cseciic_mc/lrsweep_mlp32_lr0p03__dir0.1__seed17
[run] model=mlp  params=1,775
  round   1/50: acc=0.3991  f1m=0.1593  uplink_kB=69.3  t=3.42s
  round   2/50: acc=0.6159  f1m=0.3571  uplink_kB=69.3  t=2.57s
  round   3/50: acc=0.7383  f1m=0.4457  uplink_kB=69.3  t=2.19s
  round   4/50: acc=0.6612  f1m=0.4379  uplink_kB=69.3  t=2.09s
  round   5/50: acc=0.8127  f1m=0.5416  uplink_kB=69.3  t=2.11s
  round   6/50: acc=0.7799  f1m=0.5587  uplink_kB=69.3  t=2.16s
  round   7/50: acc=0.8297  f1m=0.5713  uplink_kB=69.3  t=2.10s
  round   8/50: acc=0.7780  f1m=0.5724  uplink_kB=69.3  t=2.06s
  round   9/50: acc=0.8273  f1m=0.5703  uplink_kB=69.3  t=2.27s
  round  10/50: acc=0.8260  f1m=0.5965  uplink_kB=69.3  t=2.17s
  round  11/50: acc=0.7926  f1m=0.5394  uplink_kB=69.3  t=2.10s
  round  12/50: acc=0.8273  f1m=0.6138  uplink_kB=69.3  t=2.14s
  round  13/50: acc=0.8330  f1m=0.6129  uplink_kB=69.3  t=2.13s
  round  14/50: acc=0.8378  f1m=0.6163  uplink_kB=69.3  t=2.14s
  round  15/50: acc=0.8198  f1m=0.5835  uplink_kB=69.3  t=2.70s
  round  16/50: acc=0.8408  f1m=0.6182  uplink_kB=69.3  t=2.91s
  round  17/50: acc=0.8330  f1m=0.6099  uplink_kB=69.3  t=2.65s
  round  18/50: acc=0.8382  f1m=0.6243  uplink_kB=69.3  t=2.19s
  round  19/50: acc=0.8389  f1m=0.6242  uplink_kB=69.3  t=2.07s
  round  20/50: acc=0.8437  f1m=0.6278  uplink_kB=69.3  t=2.11s
  round  21/50: acc=0.8424  f1m=0.6235  uplink_kB=69.3  t=2.12s
  round  22/50: acc=0.8368  f1m=0.6184  uplink_kB=69.3  t=2.17s
  round  23/50: acc=0.8425  f1m=0.6344  uplink_kB=69.3  t=2.07s
  round  24/50: acc=0.8289  f1m=0.5950  uplink_kB=69.3  t=2.22s
  round  25/50: acc=0.8466  f1m=0.6308  uplink_kB=69.3  t=2.17s
  round  26/50: acc=0.8303  f1m=0.6202  uplink_kB=69.3  t=2.36s
  round  27/50: acc=0.8348  f1m=0.6210  uplink_kB=69.3  t=2.10s
  round  28/50: acc=0.8331  f1m=0.6196  uplink_kB=69.3  t=2.13s
  round  29/50: acc=0.8417  f1m=0.6230  uplink_kB=69.3  t=2.09s
  round  30/50: acc=0.8371  f1m=0.6133  uplink_kB=69.3  t=2.22s
  round  31/50: acc=0.8377  f1m=0.6188  uplink_kB=69.3  t=2.07s
  round  32/50: acc=0.8389  f1m=0.6123  uplink_kB=69.3  t=2.07s
  round  33/50: acc=0.8175  f1m=0.5746  uplink_kB=69.3  t=2.11s
  round  34/50: acc=0.8400  f1m=0.6161  uplink_kB=69.3  t=2.09s
  round  35/50: acc=0.8297  f1m=0.6093  uplink_kB=69.3  t=2.14s
  round  36/50: acc=0.8204  f1m=0.5897  uplink_kB=69.3  t=2.11s
  round  37/50: acc=0.8335  f1m=0.6266  uplink_kB=69.3  t=2.13s
  round  38/50: acc=0.8490  f1m=0.6223  uplink_kB=69.3  t=2.11s
  round  39/50: acc=0.8353  f1m=0.6009  uplink_kB=69.3  t=2.13s
  round  40/50: acc=0.8459  f1m=0.6300  uplink_kB=69.3  t=2.05s
  round  41/50: acc=0.8497  f1m=0.6352  uplink_kB=69.3  t=2.08s
  round  42/50: acc=0.8493  f1m=0.6172  uplink_kB=69.3  t=2.11s
  round  43/50: acc=0.8672  f1m=0.7008  uplink_kB=69.3  t=2.27s
  round  44/50: acc=0.8636  f1m=0.7018  uplink_kB=69.3  t=2.24s
  round  45/50: acc=0.8407  f1m=0.6515  uplink_kB=69.3  t=2.16s
  round  46/50: acc=0.8536  f1m=0.6787  uplink_kB=69.3  t=2.09s
  round  47/50: acc=0.8211  f1m=0.5911  uplink_kB=69.3  t=2.10s
  round  48/50: acc=0.8600  f1m=0.7259  uplink_kB=69.3  t=2.12s
  round  49/50: acc=0.8746  f1m=0.7111  uplink_kB=69.3  t=2.06s
  round  50/50: acc=0.8685  f1m=0.7430  uplink_kB=69.3  t=2.21s
[run] DONE -> /Users/agentra/Documents/hao/working/paper-lab/hao-paper-2026/iotj-fedkan-ids/repo/results/lrsweep_cseciic_mc/lrsweep_mlp32_lr0p03__dir0.1__seed17/metrics.json  final_acc=0.8685
