[run] device=cpu  seed=2024  out=/Users/agentra/Documents/hao/working/paper-lab/hao-paper-2026/iotj-fedkan-ids/repo/results/sensitivity_botiot/sens_k5__dir0.1__seed2024
[run] model=kan  params=3,936
  round   1/50: acc=0.5016  f1m=0.3348  uplink_kB=183.1  t=3.61s
  round   2/50: acc=0.5053  f1m=0.3432  uplink_kB=183.1  t=2.80s
  round   3/50: acc=0.5451  f1m=0.4251  uplink_kB=183.1  t=2.79s
  round   4/50: acc=0.6483  f1m=0.5979  uplink_kB=183.1  t=2.87s
  round   5/50: acc=0.6674  f1m=0.6255  uplink_kB=183.1  t=2.83s
  round   6/50: acc=0.6723  f1m=0.6325  uplink_kB=183.1  t=2.76s
  round   7/50: acc=0.6749  f1m=0.6362  uplink_kB=183.1  t=2.57s
  round   8/50: acc=0.6759  f1m=0.6376  uplink_kB=183.1  t=2.60s
  round   9/50: acc=0.6784  f1m=0.6409  uplink_kB=183.1  t=2.76s
  round  10/50: acc=0.6979  f1m=0.6674  uplink_kB=183.1  t=2.86s
  round  11/50: acc=0.7064  f1m=0.6786  uplink_kB=183.1  t=2.92s
  round  12/50: acc=0.7071  f1m=0.6793  uplink_kB=183.1  t=2.76s
  round  13/50: acc=0.7167  f1m=0.6918  uplink_kB=183.1  t=2.72s
  round  14/50: acc=0.7862  f1m=0.7759  uplink_kB=183.1  t=2.61s
  round  15/50: acc=0.7888  f1m=0.7789  uplink_kB=183.1  t=2.87s
  round  16/50: acc=0.7886  f1m=0.7786  uplink_kB=183.1  t=2.86s
  round  17/50: acc=0.7901  f1m=0.7804  uplink_kB=183.1  t=2.64s
  round  18/50: acc=0.7909  f1m=0.7812  uplink_kB=183.1  t=2.61s
  round  19/50: acc=0.7919  f1m=0.7823  uplink_kB=183.1  t=2.62s
  round  20/50: acc=0.7933  f1m=0.7840  uplink_kB=183.1  t=2.78s
  round  21/50: acc=0.7935  f1m=0.7842  uplink_kB=183.1  t=2.95s
  round  22/50: acc=0.7941  f1m=0.7848  uplink_kB=183.1  t=2.73s
  round  23/50: acc=0.7952  f1m=0.7861  uplink_kB=183.1  t=2.86s
  round  24/50: acc=0.7978  f1m=0.7891  uplink_kB=183.1  t=2.83s
  round  25/50: acc=0.7942  f1m=0.7850  uplink_kB=183.1  t=2.81s
  round  26/50: acc=0.7970  f1m=0.7881  uplink_kB=183.1  t=2.77s
  round  27/50: acc=0.7984  f1m=0.7898  uplink_kB=183.1  t=2.90s
  round  28/50: acc=0.8031  f1m=0.7951  uplink_kB=183.1  t=2.58s
  round  29/50: acc=0.8843  f1m=0.8837  uplink_kB=183.1  t=2.82s
  round  30/50: acc=0.8154  f1m=0.8115  uplink_kB=183.1  t=2.53s
  round  31/50: acc=0.8760  f1m=0.8751  uplink_kB=183.1  t=2.84s
  round  32/50: acc=0.8790  f1m=0.8782  uplink_kB=183.1  t=2.80s
  round  33/50: acc=0.8164  f1m=0.8099  uplink_kB=183.1  t=2.79s
  round  34/50: acc=0.8806  f1m=0.8798  uplink_kB=183.1  t=2.93s
  round  35/50: acc=0.8201  f1m=0.8164  uplink_kB=183.1  t=2.74s
  round  36/50: acc=0.8925  f1m=0.8921  uplink_kB=183.1  t=2.55s
  round  37/50: acc=0.8950  f1m=0.8946  uplink_kB=183.1  t=2.57s
  round  38/50: acc=0.8936  f1m=0.8932  uplink_kB=183.1  t=2.56s
  round  39/50: acc=0.8959  f1m=0.8955  uplink_kB=183.1  t=2.54s
  round  40/50: acc=0.9043  f1m=0.9041  uplink_kB=183.1  t=2.51s
  round  41/50: acc=0.8970  f1m=0.8966  uplink_kB=183.1  t=2.58s
  round  42/50: acc=0.8999  f1m=0.8995  uplink_kB=183.1  t=2.55s
  round  43/50: acc=0.9056  f1m=0.9053  uplink_kB=183.1  t=2.46s
  round  44/50: acc=0.9062  f1m=0.9059  uplink_kB=183.1  t=2.38s
  round  45/50: acc=0.8982  f1m=0.8979  uplink_kB=183.1  t=2.43s
  round  46/50: acc=0.8992  f1m=0.8989  uplink_kB=183.1  t=2.62s
  round  47/50: acc=0.9130  f1m=0.9129  uplink_kB=183.1  t=2.59s
  round  48/50: acc=0.8985  f1m=0.8982  uplink_kB=183.1  t=2.56s
  round  49/50: acc=0.9125  f1m=0.9123  uplink_kB=183.1  t=2.56s
  round  50/50: acc=0.9127  f1m=0.9126  uplink_kB=183.1  t=2.58s
[run] DONE -> /Users/agentra/Documents/hao/working/paper-lab/hao-paper-2026/iotj-fedkan-ids/repo/results/sensitivity_botiot/sens_k5__dir0.1__seed2024/metrics.json  final_acc=0.9127
