[run] device=cpu  seed=23  out=/Users/agentra/Documents/hao/working/paper-lab/hao-paper-2026/iotj-fedkan-ids/repo/results/lrsweep_cseciic/lrsweep_mlp80_lr0p003__dir0.1__seed23
[run] model=mlp  params=3,362
  round   1/50: acc=0.9157  f1m=0.9153  uplink_kB=131.3  t=1.37s
  round   2/50: acc=0.9190  f1m=0.9187  uplink_kB=131.3  t=0.70s
  round   3/50: acc=0.9198  f1m=0.9195  uplink_kB=131.3  t=0.71s
  round   4/50: acc=0.9229  f1m=0.9227  uplink_kB=131.3  t=0.68s
  round   5/50: acc=0.9256  f1m=0.9253  uplink_kB=131.3  t=0.68s
  round   6/50: acc=0.9262  f1m=0.9260  uplink_kB=131.3  t=0.73s
  round   7/50: acc=0.9302  f1m=0.9300  uplink_kB=131.3  t=0.71s
  round   8/50: acc=0.9301  f1m=0.9299  uplink_kB=131.3  t=0.69s
  round   9/50: acc=0.9578  f1m=0.9578  uplink_kB=131.3  t=0.73s
  round  10/50: acc=0.9585  f1m=0.9585  uplink_kB=131.3  t=0.68s
  round  11/50: acc=0.9595  f1m=0.9595  uplink_kB=131.3  t=0.62s
  round  12/50: acc=0.9607  f1m=0.9607  uplink_kB=131.3  t=0.69s
  round  13/50: acc=0.9610  f1m=0.9610  uplink_kB=131.3  t=0.71s
  round  14/50: acc=0.9627  f1m=0.9626  uplink_kB=131.3  t=0.70s
  round  15/50: acc=0.9651  f1m=0.9651  uplink_kB=131.3  t=0.69s
  round  16/50: acc=0.9657  f1m=0.9657  uplink_kB=131.3  t=0.67s
  round  17/50: acc=0.9660  f1m=0.9660  uplink_kB=131.3  t=0.69s
  round  18/50: acc=0.9664  f1m=0.9664  uplink_kB=131.3  t=0.67s
  round  19/50: acc=0.9664  f1m=0.9664  uplink_kB=131.3  t=0.70s
  round  20/50: acc=0.9665  f1m=0.9665  uplink_kB=131.3  t=0.68s
  round  21/50: acc=0.9684  f1m=0.9684  uplink_kB=131.3  t=0.72s
  round  22/50: acc=0.9688  f1m=0.9687  uplink_kB=131.3  t=0.71s
  round  23/50: acc=0.9679  f1m=0.9679  uplink_kB=131.3  t=0.73s
  round  24/50: acc=0.9686  f1m=0.9686  uplink_kB=131.3  t=0.73s
  round  25/50: acc=0.9694  f1m=0.9694  uplink_kB=131.3  t=0.68s
  round  26/50: acc=0.9696  f1m=0.9695  uplink_kB=131.3  t=0.71s
  round  27/50: acc=0.9701  f1m=0.9701  uplink_kB=131.3  t=0.69s
  round  28/50: acc=0.9698  f1m=0.9698  uplink_kB=131.3  t=0.73s
  round  29/50: acc=0.9708  f1m=0.9708  uplink_kB=131.3  t=0.71s
  round  30/50: acc=0.9675  f1m=0.9674  uplink_kB=131.3  t=0.71s
  round  31/50: acc=0.9715  f1m=0.9715  uplink_kB=131.3  t=0.64s
  round  32/50: acc=0.9685  f1m=0.9685  uplink_kB=131.3  t=0.70s
  round  33/50: acc=0.9688  f1m=0.9687  uplink_kB=131.3  t=0.67s
  round  34/50: acc=0.9688  f1m=0.9688  uplink_kB=131.3  t=0.67s
  round  35/50: acc=0.9711  f1m=0.9710  uplink_kB=131.3  t=0.70s
  round  36/50: acc=0.9713  f1m=0.9713  uplink_kB=131.3  t=0.72s
  round  37/50: acc=0.9729  f1m=0.9729  uplink_kB=131.3  t=0.67s
  round  38/50: acc=0.9729  f1m=0.9729  uplink_kB=131.3  t=0.70s
  round  39/50: acc=0.9692  f1m=0.9692  uplink_kB=131.3  t=0.71s
  round  40/50: acc=0.9719  f1m=0.9719  uplink_kB=131.3  t=0.68s
  round  41/50: acc=0.9732  f1m=0.9732  uplink_kB=131.3  t=0.72s
  round  42/50: acc=0.9732  f1m=0.9732  uplink_kB=131.3  t=0.71s
  round  43/50: acc=0.9731  f1m=0.9731  uplink_kB=131.3  t=0.70s
  round  44/50: acc=0.9735  f1m=0.9735  uplink_kB=131.3  t=0.63s
  round  45/50: acc=0.9737  f1m=0.9737  uplink_kB=131.3  t=0.69s
  round  46/50: acc=0.9732  f1m=0.9732  uplink_kB=131.3  t=0.70s
  round  47/50: acc=0.9719  f1m=0.9719  uplink_kB=131.3  t=0.70s
  round  48/50: acc=0.9723  f1m=0.9723  uplink_kB=131.3  t=0.71s
  round  49/50: acc=0.9740  f1m=0.9740  uplink_kB=131.3  t=0.69s
  round  50/50: acc=0.9738  f1m=0.9738  uplink_kB=131.3  t=0.74s
[run] DONE -> /Users/agentra/Documents/hao/working/paper-lab/hao-paper-2026/iotj-fedkan-ids/repo/results/lrsweep_cseciic/lrsweep_mlp80_lr0p003__dir0.1__seed23/metrics.json  final_acc=0.9738
