[run] device=cpu  seed=37  out=/Users/agentra/Documents/hao/working/paper-lab/hao-paper-2026/iotj-fedkan-ids/repo/results/lrsweep_botiot/lrsweep_mlp80_lr0p003__dir0.1__seed37
[run] model=mlp  params=3,362
  round   1/50: acc=0.9102  f1m=0.9100  uplink_kB=131.3  t=1.50s
  round   2/50: acc=0.9180  f1m=0.9179  uplink_kB=131.3  t=0.80s
  round   3/50: acc=0.9464  f1m=0.9464  uplink_kB=131.3  t=0.70s
  round   4/50: acc=0.9527  f1m=0.9527  uplink_kB=131.3  t=0.68s
  round   5/50: acc=0.9663  f1m=0.9663  uplink_kB=131.3  t=0.65s
  round   6/50: acc=0.9681  f1m=0.9681  uplink_kB=131.3  t=0.65s
  round   7/50: acc=0.9694  f1m=0.9694  uplink_kB=131.3  t=0.70s
  round   8/50: acc=0.9702  f1m=0.9702  uplink_kB=131.3  t=0.68s
  round   9/50: acc=0.9548  f1m=0.9548  uplink_kB=131.3  t=0.67s
  round  10/50: acc=0.9551  f1m=0.9551  uplink_kB=131.3  t=0.68s
  round  11/50: acc=0.9549  f1m=0.9549  uplink_kB=131.3  t=0.65s
  round  12/50: acc=0.9607  f1m=0.9607  uplink_kB=131.3  t=0.72s
  round  13/50: acc=0.9609  f1m=0.9609  uplink_kB=131.3  t=0.72s
  round  14/50: acc=0.9600  f1m=0.9600  uplink_kB=131.3  t=0.62s
  round  15/50: acc=0.9610  f1m=0.9610  uplink_kB=131.3  t=0.67s
  round  16/50: acc=0.9599  f1m=0.9599  uplink_kB=131.3  t=0.71s
  round  17/50: acc=0.9609  f1m=0.9609  uplink_kB=131.3  t=0.77s
  round  18/50: acc=0.9612  f1m=0.9612  uplink_kB=131.3  t=0.71s
  round  19/50: acc=0.9611  f1m=0.9611  uplink_kB=131.3  t=0.70s
  round  20/50: acc=0.9551  f1m=0.9551  uplink_kB=131.3  t=0.69s
  round  21/50: acc=0.9622  f1m=0.9622  uplink_kB=131.3  t=0.69s
  round  22/50: acc=0.9622  f1m=0.9622  uplink_kB=131.3  t=0.73s
  round  23/50: acc=0.9725  f1m=0.9725  uplink_kB=131.3  t=0.68s
  round  24/50: acc=0.9627  f1m=0.9627  uplink_kB=131.3  t=0.67s
  round  25/50: acc=0.9629  f1m=0.9629  uplink_kB=131.3  t=0.73s
  round  26/50: acc=0.9627  f1m=0.9627  uplink_kB=131.3  t=0.66s
  round  27/50: acc=0.9720  f1m=0.9720  uplink_kB=131.3  t=0.70s
  round  28/50: acc=0.9748  f1m=0.9748  uplink_kB=131.3  t=0.65s
  round  29/50: acc=0.9750  f1m=0.9750  uplink_kB=131.3  t=0.71s
  round  30/50: acc=0.9756  f1m=0.9756  uplink_kB=131.3  t=0.79s
  round  31/50: acc=0.9751  f1m=0.9751  uplink_kB=131.3  t=0.67s
  round  32/50: acc=0.9752  f1m=0.9752  uplink_kB=131.3  t=0.74s
  round  33/50: acc=0.9753  f1m=0.9752  uplink_kB=131.3  t=0.70s
  round  34/50: acc=0.9754  f1m=0.9754  uplink_kB=131.3  t=0.64s
  round  35/50: acc=0.9962  f1m=0.9962  uplink_kB=131.3  t=0.73s
  round  36/50: acc=0.9961  f1m=0.9961  uplink_kB=131.3  t=0.62s
  round  37/50: acc=0.9963  f1m=0.9963  uplink_kB=131.3  t=0.66s
  round  38/50: acc=0.9958  f1m=0.9958  uplink_kB=131.3  t=0.69s
  round  39/50: acc=0.9966  f1m=0.9966  uplink_kB=131.3  t=0.66s
  round  40/50: acc=0.9965  f1m=0.9965  uplink_kB=131.3  t=0.72s
  round  41/50: acc=0.9963  f1m=0.9963  uplink_kB=131.3  t=0.76s
  round  42/50: acc=0.9963  f1m=0.9963  uplink_kB=131.3  t=0.63s
  round  43/50: acc=0.9957  f1m=0.9957  uplink_kB=131.3  t=0.68s
  round  44/50: acc=0.9960  f1m=0.9960  uplink_kB=131.3  t=0.73s
  round  45/50: acc=0.9964  f1m=0.9964  uplink_kB=131.3  t=0.71s
  round  46/50: acc=0.9961  f1m=0.9961  uplink_kB=131.3  t=0.70s
  round  47/50: acc=0.9960  f1m=0.9960  uplink_kB=131.3  t=0.69s
  round  48/50: acc=0.9963  f1m=0.9963  uplink_kB=131.3  t=0.77s
  round  49/50: acc=0.9963  f1m=0.9963  uplink_kB=131.3  t=0.70s
  round  50/50: acc=0.9962  f1m=0.9962  uplink_kB=131.3  t=0.69s
[run] DONE -> /Users/agentra/Documents/hao/working/paper-lab/hao-paper-2026/iotj-fedkan-ids/repo/results/lrsweep_botiot/lrsweep_mlp80_lr0p003__dir0.1__seed37/metrics.json  final_acc=0.9962
