[run] device=cpu  seed=11  out=/Users/agentra/Documents/hao/working/paper-lab/hao-paper-2026/iotj-fedkan-ids/repo/results/mc_toniot/mc_kan16_lr0p01__dir0.1__seed11
[run] model=kan  params=7,840
  round   1/50: acc=0.2213  f1m=0.0921  uplink_kB=332.0  t=3.88s
  round   2/50: acc=0.3719  f1m=0.1907  uplink_kB=332.0  t=3.28s
  round   3/50: acc=0.3829  f1m=0.1912  uplink_kB=332.0  t=3.29s
  round   4/50: acc=0.4862  f1m=0.3518  uplink_kB=332.0  t=3.23s
  round   5/50: acc=0.5131  f1m=0.3777  uplink_kB=332.0  t=3.24s
  round   6/50: acc=0.5802  f1m=0.4416  uplink_kB=332.0  t=3.26s
  round   7/50: acc=0.6331  f1m=0.5092  uplink_kB=332.0  t=3.26s
  round   8/50: acc=0.6784  f1m=0.5463  uplink_kB=332.0  t=3.22s
  round   9/50: acc=0.6858  f1m=0.5550  uplink_kB=332.0  t=3.25s
  round  10/50: acc=0.6715  f1m=0.5420  uplink_kB=332.0  t=3.01s
  round  11/50: acc=0.6909  f1m=0.5680  uplink_kB=332.0  t=3.29s
  round  12/50: acc=0.6960  f1m=0.5868  uplink_kB=332.0  t=3.26s
  round  13/50: acc=0.7047  f1m=0.6393  uplink_kB=332.0  t=3.28s
  round  14/50: acc=0.7254  f1m=0.6762  uplink_kB=332.0  t=3.34s
  round  15/50: acc=0.7167  f1m=0.6652  uplink_kB=332.0  t=3.29s
  round  16/50: acc=0.7136  f1m=0.6670  uplink_kB=332.0  t=3.65s
  round  17/50: acc=0.7443  f1m=0.7088  uplink_kB=332.0  t=4.86s
  round  18/50: acc=0.7341  f1m=0.7004  uplink_kB=332.0  t=3.51s
  round  19/50: acc=0.7252  f1m=0.7003  uplink_kB=332.0  t=11.51s
  round  20/50: acc=0.7523  f1m=0.7231  uplink_kB=332.0  t=15.27s
  round  21/50: acc=0.7152  f1m=0.6922  uplink_kB=332.0  t=13.69s
  round  22/50: acc=0.7589  f1m=0.7314  uplink_kB=332.0  t=3.22s
  round  23/50: acc=0.7050  f1m=0.6724  uplink_kB=332.0  t=3.61s
  round  24/50: acc=0.7537  f1m=0.7347  uplink_kB=332.0  t=3.30s
  round  25/50: acc=0.7113  f1m=0.6790  uplink_kB=332.0  t=3.26s
  round  26/50: acc=0.7640  f1m=0.7436  uplink_kB=332.0  t=3.37s
  round  27/50: acc=0.7099  f1m=0.6793  uplink_kB=332.0  t=3.24s
  round  28/50: acc=0.7405  f1m=0.7009  uplink_kB=332.0  t=3.26s
  round  29/50: acc=0.7103  f1m=0.6903  uplink_kB=332.0  t=3.36s
  round  30/50: acc=0.7215  f1m=0.6861  uplink_kB=332.0  t=3.42s
  round  31/50: acc=0.7310  f1m=0.7081  uplink_kB=332.0  t=3.49s
  round  32/50: acc=0.7223  f1m=0.6931  uplink_kB=332.0  t=3.39s
  round  33/50: acc=0.7199  f1m=0.7075  uplink_kB=332.0  t=3.63s
  round  34/50: acc=0.7540  f1m=0.7272  uplink_kB=332.0  t=3.40s
  round  35/50: acc=0.7187  f1m=0.7035  uplink_kB=332.0  t=3.40s
  round  36/50: acc=0.7209  f1m=0.6908  uplink_kB=332.0  t=3.54s
  round  37/50: acc=0.7405  f1m=0.7174  uplink_kB=332.0  t=3.35s
  round  38/50: acc=0.7229  f1m=0.7097  uplink_kB=332.0  t=3.33s
  round  39/50: acc=0.7707  f1m=0.7498  uplink_kB=332.0  t=3.36s
  round  40/50: acc=0.7457  f1m=0.7261  uplink_kB=332.0  t=3.52s
  round  41/50: acc=0.7568  f1m=0.7400  uplink_kB=332.0  t=3.43s
  round  42/50: acc=0.7666  f1m=0.7443  uplink_kB=332.0  t=3.61s
  round  43/50: acc=0.7217  f1m=0.7103  uplink_kB=332.0  t=3.43s
  round  44/50: acc=0.7380  f1m=0.7176  uplink_kB=332.0  t=3.30s
  round  45/50: acc=0.7465  f1m=0.7327  uplink_kB=332.0  t=3.49s
  round  46/50: acc=0.7537  f1m=0.7236  uplink_kB=332.0  t=3.49s
  round  47/50: acc=0.7407  f1m=0.7268  uplink_kB=332.0  t=3.49s
  round  48/50: acc=0.7412  f1m=0.7113  uplink_kB=332.0  t=3.44s
  round  49/50: acc=0.7548  f1m=0.7433  uplink_kB=332.0  t=3.36s
  round  50/50: acc=0.7556  f1m=0.7193  uplink_kB=332.0  t=3.36s
[run] DONE -> /Users/agentra/Documents/hao/working/paper-lab/hao-paper-2026/iotj-fedkan-ids/repo/results/mc_toniot/mc_kan16_lr0p01__dir0.1__seed11/metrics.json  final_acc=0.7556
