[run] device=cpu  seed=23  out=/Users/agentra/Documents/hao/working/paper-lab/hao-paper-2026/iotj-fedkan-ids/repo/results/lrsweep_botiot/lrsweep_kan16_lr0p001__dir0.1__seed23
[run] model=kan  params=6,560
  round   1/50: acc=0.5079  f1m=0.3487  uplink_kB=282.0  t=2.47s
  round   2/50: acc=0.6472  f1m=0.5963  uplink_kB=282.0  t=1.91s
  round   3/50: acc=0.8908  f1m=0.8904  uplink_kB=282.0  t=1.89s
  round   4/50: acc=0.9349  f1m=0.9349  uplink_kB=282.0  t=1.85s
  round   5/50: acc=0.9334  f1m=0.9334  uplink_kB=282.0  t=1.80s
  round   6/50: acc=0.9302  f1m=0.9302  uplink_kB=282.0  t=2.07s
  round   7/50: acc=0.9283  f1m=0.9283  uplink_kB=282.0  t=1.89s
  round   8/50: acc=0.9289  f1m=0.9288  uplink_kB=282.0  t=1.83s
  round   9/50: acc=0.9290  f1m=0.9290  uplink_kB=282.0  t=1.86s
  round  10/50: acc=0.9295  f1m=0.9295  uplink_kB=282.0  t=1.91s
  round  11/50: acc=0.9310  f1m=0.9309  uplink_kB=282.0  t=1.87s
  round  12/50: acc=0.9321  f1m=0.9320  uplink_kB=282.0  t=1.80s
  round  13/50: acc=0.9352  f1m=0.9352  uplink_kB=282.0  t=1.83s
  round  14/50: acc=0.9383  f1m=0.9382  uplink_kB=282.0  t=1.85s
  round  15/50: acc=0.9393  f1m=0.9393  uplink_kB=282.0  t=1.87s
  round  16/50: acc=0.9423  f1m=0.9423  uplink_kB=282.0  t=1.85s
  round  17/50: acc=0.9481  f1m=0.9481  uplink_kB=282.0  t=1.90s
  round  18/50: acc=0.9523  f1m=0.9523  uplink_kB=282.0  t=1.85s
  round  19/50: acc=0.9546  f1m=0.9545  uplink_kB=282.0  t=1.78s
  round  20/50: acc=0.9559  f1m=0.9559  uplink_kB=282.0  t=1.88s
  round  21/50: acc=0.9598  f1m=0.9598  uplink_kB=282.0  t=1.87s
  round  22/50: acc=0.9609  f1m=0.9608  uplink_kB=282.0  t=1.85s
  round  23/50: acc=0.9616  f1m=0.9615  uplink_kB=282.0  t=1.85s
  round  24/50: acc=0.9625  f1m=0.9625  uplink_kB=282.0  t=1.84s
  round  25/50: acc=0.9639  f1m=0.9639  uplink_kB=282.0  t=1.81s
  round  26/50: acc=0.9648  f1m=0.9648  uplink_kB=282.0  t=1.84s
  round  27/50: acc=0.9649  f1m=0.9649  uplink_kB=282.0  t=1.83s
  round  28/50: acc=0.9651  f1m=0.9651  uplink_kB=282.0  t=1.86s
  round  29/50: acc=0.9650  f1m=0.9650  uplink_kB=282.0  t=1.87s
  round  30/50: acc=0.9648  f1m=0.9648  uplink_kB=282.0  t=1.85s
  round  31/50: acc=0.9652  f1m=0.9651  uplink_kB=282.0  t=1.87s
  round  32/50: acc=0.9653  f1m=0.9653  uplink_kB=282.0  t=1.79s
  round  33/50: acc=0.9653  f1m=0.9653  uplink_kB=282.0  t=1.85s
  round  34/50: acc=0.9653  f1m=0.9653  uplink_kB=282.0  t=1.89s
  round  35/50: acc=0.9654  f1m=0.9654  uplink_kB=282.0  t=2.06s
  round  36/50: acc=0.9654  f1m=0.9654  uplink_kB=282.0  t=1.85s
  round  37/50: acc=0.9655  f1m=0.9655  uplink_kB=282.0  t=3.58s
  round  38/50: acc=0.9652  f1m=0.9651  uplink_kB=282.0  t=2.03s
  round  39/50: acc=0.9650  f1m=0.9650  uplink_kB=282.0  t=2.93s
  round  40/50: acc=0.9656  f1m=0.9656  uplink_kB=282.0  t=4.37s
  round  41/50: acc=0.9655  f1m=0.9655  uplink_kB=282.0  t=6.48s
  round  42/50: acc=0.9655  f1m=0.9655  uplink_kB=282.0  t=7.98s
  round  43/50: acc=0.9653  f1m=0.9653  uplink_kB=282.0  t=8.21s
  round  44/50: acc=0.9652  f1m=0.9651  uplink_kB=282.0  t=8.57s
  round  45/50: acc=0.9652  f1m=0.9651  uplink_kB=282.0  t=5.84s
  round  46/50: acc=0.9656  f1m=0.9656  uplink_kB=282.0  t=4.76s
  round  47/50: acc=0.9652  f1m=0.9652  uplink_kB=282.0  t=1.74s
  round  48/50: acc=0.9652  f1m=0.9652  uplink_kB=282.0  t=3.34s
  round  49/50: acc=0.9650  f1m=0.9650  uplink_kB=282.0  t=4.04s
  round  50/50: acc=0.9655  f1m=0.9654  uplink_kB=282.0  t=6.54s
[run] DONE -> /Users/agentra/Documents/hao/working/paper-lab/hao-paper-2026/iotj-fedkan-ids/repo/results/lrsweep_botiot/lrsweep_kan16_lr0p001__dir0.1__seed23/metrics.json  final_acc=0.9655
