[run] device=cpu  seed=17  out=/Users/agentra/Documents/hao/working/paper-lab/hao-paper-2026/iotj-fedkan-ids/repo/results/mc_botiot/mc_mlp80_lr0p01__dir0.1__seed17
[run] model=mlp  params=3,605
  round   1/50: acc=0.9047  f1m=0.7278  uplink_kB=140.8  t=1.45s
  round   2/50: acc=0.9047  f1m=0.7277  uplink_kB=140.8  t=0.61s
  round   3/50: acc=0.9083  f1m=0.7310  uplink_kB=140.8  t=0.66s
  round   4/50: acc=0.9053  f1m=0.7289  uplink_kB=140.8  t=0.65s
  round   5/50: acc=0.9110  f1m=0.7336  uplink_kB=140.8  t=0.70s
  round   6/50: acc=0.9116  f1m=0.7340  uplink_kB=140.8  t=0.76s
  round   7/50: acc=0.9118  f1m=0.7342  uplink_kB=140.8  t=0.64s
  round   8/50: acc=0.9111  f1m=0.7335  uplink_kB=140.8  t=0.65s
  round   9/50: acc=0.9151  f1m=0.7369  uplink_kB=140.8  t=0.60s
  round  10/50: acc=0.9153  f1m=0.7370  uplink_kB=140.8  t=0.63s
  round  11/50: acc=0.9150  f1m=0.7367  uplink_kB=140.8  t=0.67s
  round  12/50: acc=0.9172  f1m=0.7386  uplink_kB=140.8  t=0.62s
  round  13/50: acc=0.9169  f1m=0.7384  uplink_kB=140.8  t=0.59s
  round  14/50: acc=0.9538  f1m=0.7674  uplink_kB=140.8  t=0.63s
  round  15/50: acc=0.9569  f1m=0.7699  uplink_kB=140.8  t=0.69s
  round  16/50: acc=0.9565  f1m=0.7695  uplink_kB=140.8  t=0.67s
  round  17/50: acc=0.9542  f1m=0.7676  uplink_kB=140.8  t=0.65s
  round  18/50: acc=0.9546  f1m=0.7679  uplink_kB=140.8  t=0.59s
  round  19/50: acc=0.9557  f1m=0.7688  uplink_kB=140.8  t=0.60s
  round  20/50: acc=0.9588  f1m=0.7714  uplink_kB=140.8  t=0.69s
  round  21/50: acc=0.9587  f1m=0.7713  uplink_kB=140.8  t=0.67s
  round  22/50: acc=0.9567  f1m=0.7697  uplink_kB=140.8  t=0.58s
  round  23/50: acc=0.9587  f1m=0.7713  uplink_kB=140.8  t=0.73s
  round  24/50: acc=0.9591  f1m=0.7717  uplink_kB=140.8  t=0.81s
  round  25/50: acc=0.9586  f1m=0.7713  uplink_kB=140.8  t=0.75s
  round  26/50: acc=0.9587  f1m=0.7713  uplink_kB=140.8  t=0.59s
  round  27/50: acc=0.9575  f1m=0.7703  uplink_kB=140.8  t=0.58s
  round  28/50: acc=0.9592  f1m=0.7717  uplink_kB=140.8  t=0.59s
  round  29/50: acc=0.9591  f1m=0.7716  uplink_kB=140.8  t=0.65s
  round  30/50: acc=0.9596  f1m=0.7721  uplink_kB=140.8  t=0.59s
  round  31/50: acc=0.9594  f1m=0.7719  uplink_kB=140.8  t=0.61s
  round  32/50: acc=0.9600  f1m=0.7723  uplink_kB=140.8  t=0.57s
  round  33/50: acc=0.9578  f1m=0.7706  uplink_kB=140.8  t=0.59s
  round  34/50: acc=0.9567  f1m=0.7696  uplink_kB=140.8  t=0.62s
  round  35/50: acc=0.9566  f1m=0.7695  uplink_kB=140.8  t=0.59s
  round  36/50: acc=0.9592  f1m=0.7717  uplink_kB=140.8  t=0.63s
  round  37/50: acc=0.9601  f1m=0.7724  uplink_kB=140.8  t=0.58s
  round  38/50: acc=0.9582  f1m=0.7709  uplink_kB=140.8  t=0.58s
  round  39/50: acc=0.9568  f1m=0.7697  uplink_kB=140.8  t=0.65s
  round  40/50: acc=0.9602  f1m=0.7725  uplink_kB=140.8  t=0.61s
  round  41/50: acc=0.9577  f1m=0.7704  uplink_kB=140.8  t=0.60s
  round  42/50: acc=0.9607  f1m=0.7729  uplink_kB=140.8  t=0.59s
  round  43/50: acc=0.9600  f1m=0.7724  uplink_kB=140.8  t=0.64s
  round  44/50: acc=0.9600  f1m=0.7724  uplink_kB=140.8  t=0.60s
  round  45/50: acc=0.9598  f1m=0.7722  uplink_kB=140.8  t=0.63s
  round  46/50: acc=0.9597  f1m=0.7721  uplink_kB=140.8  t=0.58s
  round  47/50: acc=0.9603  f1m=0.7726  uplink_kB=140.8  t=0.58s
  round  48/50: acc=0.9612  f1m=0.7734  uplink_kB=140.8  t=0.66s
  round  49/50: acc=0.9634  f1m=0.7752  uplink_kB=140.8  t=0.60s
  round  50/50: acc=0.9622  f1m=0.7742  uplink_kB=140.8  t=0.64s
[run] DONE -> /Users/agentra/Documents/hao/working/paper-lab/hao-paper-2026/iotj-fedkan-ids/repo/results/mc_botiot/mc_mlp80_lr0p01__dir0.1__seed17/metrics.json  final_acc=0.9622
