[run] device=cpu  seed=31  out=/Users/agentra/Documents/hao/working/paper-lab/hao-paper-2026/iotj-fedkan-ids/repo/results/mc_toniot/mc_mlp80_lr0p01__dir0.1__seed31
[run] model=mlp  params=4,010
  round   1/50: acc=0.3618  f1m=0.1761  uplink_kB=156.6  t=1.76s
  round   2/50: acc=0.4731  f1m=0.3530  uplink_kB=156.6  t=1.19s
  round   3/50: acc=0.5053  f1m=0.4021  uplink_kB=156.6  t=1.22s
  round   4/50: acc=0.5174  f1m=0.4214  uplink_kB=156.6  t=1.14s
  round   5/50: acc=0.5646  f1m=0.4896  uplink_kB=156.6  t=1.14s
  round   6/50: acc=0.5744  f1m=0.5042  uplink_kB=156.6  t=1.19s
  round   7/50: acc=0.5956  f1m=0.5342  uplink_kB=156.6  t=1.17s
  round   8/50: acc=0.6104  f1m=0.5458  uplink_kB=156.6  t=1.19s
  round   9/50: acc=0.7116  f1m=0.6437  uplink_kB=156.6  t=1.17s
  round  10/50: acc=0.7373  f1m=0.6625  uplink_kB=156.6  t=1.18s
  round  11/50: acc=0.7143  f1m=0.6574  uplink_kB=156.6  t=1.19s
  round  12/50: acc=0.7126  f1m=0.6456  uplink_kB=156.6  t=1.18s
  round  13/50: acc=0.7578  f1m=0.7405  uplink_kB=156.6  t=1.16s
  round  14/50: acc=0.7015  f1m=0.6889  uplink_kB=156.6  t=1.13s
  round  15/50: acc=0.7187  f1m=0.7043  uplink_kB=156.6  t=1.13s
  round  16/50: acc=0.7108  f1m=0.7006  uplink_kB=156.6  t=1.19s
  round  17/50: acc=0.7221  f1m=0.7058  uplink_kB=156.6  t=1.23s
  round  18/50: acc=0.7653  f1m=0.7416  uplink_kB=156.6  t=1.17s
  round  19/50: acc=0.7416  f1m=0.7290  uplink_kB=156.6  t=1.22s
  round  20/50: acc=0.7610  f1m=0.7429  uplink_kB=156.6  t=1.18s
  round  21/50: acc=0.7123  f1m=0.7096  uplink_kB=156.6  t=1.15s
  round  22/50: acc=0.7736  f1m=0.7535  uplink_kB=156.6  t=1.12s
  round  23/50: acc=0.7558  f1m=0.7349  uplink_kB=156.6  t=1.13s
  round  24/50: acc=0.7595  f1m=0.7482  uplink_kB=156.6  t=1.19s
  round  25/50: acc=0.7919  f1m=0.7690  uplink_kB=156.6  t=1.15s
  round  26/50: acc=0.7210  f1m=0.7144  uplink_kB=156.6  t=1.12s
  round  27/50: acc=0.7905  f1m=0.7667  uplink_kB=156.6  t=1.08s
  round  28/50: acc=0.7529  f1m=0.7376  uplink_kB=156.6  t=1.23s
  round  29/50: acc=0.7791  f1m=0.7581  uplink_kB=156.6  t=1.13s
  round  30/50: acc=0.7800  f1m=0.7603  uplink_kB=156.6  t=1.14s
  round  31/50: acc=0.7751  f1m=0.7513  uplink_kB=156.6  t=1.20s
  round  32/50: acc=0.7936  f1m=0.7714  uplink_kB=156.6  t=1.10s
  round  33/50: acc=0.7318  f1m=0.7106  uplink_kB=156.6  t=1.14s
  round  34/50: acc=0.7561  f1m=0.7371  uplink_kB=156.6  t=1.14s
  round  35/50: acc=0.7575  f1m=0.7396  uplink_kB=156.6  t=1.17s
  round  36/50: acc=0.7488  f1m=0.7356  uplink_kB=156.6  t=1.15s
  round  37/50: acc=0.7450  f1m=0.7272  uplink_kB=156.6  t=1.16s
  round  38/50: acc=0.7759  f1m=0.7561  uplink_kB=156.6  t=1.20s
  round  39/50: acc=0.7305  f1m=0.7096  uplink_kB=156.6  t=1.19s
  round  40/50: acc=0.7646  f1m=0.7409  uplink_kB=156.6  t=1.23s
  round  41/50: acc=0.7394  f1m=0.7318  uplink_kB=156.6  t=1.15s
  round  42/50: acc=0.7583  f1m=0.7417  uplink_kB=156.6  t=1.10s
  round  43/50: acc=0.7694  f1m=0.7491  uplink_kB=156.6  t=1.49s
  round  44/50: acc=0.7747  f1m=0.7579  uplink_kB=156.6  t=1.16s
  round  45/50: acc=0.7773  f1m=0.7591  uplink_kB=156.6  t=1.24s
  round  46/50: acc=0.7674  f1m=0.7530  uplink_kB=156.6  t=1.18s
  round  47/50: acc=0.7898  f1m=0.7716  uplink_kB=156.6  t=1.16s
  round  48/50: acc=0.7292  f1m=0.7216  uplink_kB=156.6  t=1.12s
  round  49/50: acc=0.8111  f1m=0.7870  uplink_kB=156.6  t=1.17s
  round  50/50: acc=0.6980  f1m=0.6959  uplink_kB=156.6  t=1.16s
[run] DONE -> /Users/agentra/Documents/hao/working/paper-lab/hao-paper-2026/iotj-fedkan-ids/repo/results/mc_toniot/mc_mlp80_lr0p01__dir0.1__seed31/metrics.json  final_acc=0.6980
