[run] device=cpu  seed=42  out=/Users/agentra/Documents/hao/working/paper-lab/hao-paper-2026/iotj-fedkan-ids/repo/results/lrsweep_toniot/lrsweep_kan16_lr0p01__dir0.1__seed42
[run] model=kan  params=6,560
  round   1/50: acc=0.5000  f1m=0.3333  uplink_kB=282.0  t=2.21s
  round   2/50: acc=0.5062  f1m=0.3471  uplink_kB=282.0  t=1.87s
  round   3/50: acc=0.5504  f1m=0.4456  uplink_kB=282.0  t=1.87s
  round   4/50: acc=0.6621  f1m=0.6324  uplink_kB=282.0  t=1.89s
  round   5/50: acc=0.7065  f1m=0.6924  uplink_kB=282.0  t=1.81s
  round   6/50: acc=0.7296  f1m=0.7231  uplink_kB=282.0  t=1.89s
  round   7/50: acc=0.7272  f1m=0.7236  uplink_kB=282.0  t=1.87s
  round   8/50: acc=0.7277  f1m=0.7244  uplink_kB=282.0  t=1.84s
  round   9/50: acc=0.7264  f1m=0.7241  uplink_kB=282.0  t=1.89s
  round  10/50: acc=0.7260  f1m=0.7221  uplink_kB=282.0  t=1.88s
  round  11/50: acc=0.8673  f1m=0.8671  uplink_kB=282.0  t=1.84s
  round  12/50: acc=0.8644  f1m=0.8642  uplink_kB=282.0  t=1.82s
  round  13/50: acc=0.8733  f1m=0.8727  uplink_kB=282.0  t=1.83s
  round  14/50: acc=0.8755  f1m=0.8754  uplink_kB=282.0  t=1.85s
  round  15/50: acc=0.8769  f1m=0.8766  uplink_kB=282.0  t=1.90s
  round  16/50: acc=0.8365  f1m=0.8365  uplink_kB=282.0  t=1.89s
  round  17/50: acc=0.8428  f1m=0.8428  uplink_kB=282.0  t=1.85s
  round  18/50: acc=0.8834  f1m=0.8830  uplink_kB=282.0  t=1.88s
  round  19/50: acc=0.8451  f1m=0.8451  uplink_kB=282.0  t=1.80s
  round  20/50: acc=0.8846  f1m=0.8843  uplink_kB=282.0  t=1.90s
  round  21/50: acc=0.8850  f1m=0.8848  uplink_kB=282.0  t=1.88s
  round  22/50: acc=0.8850  f1m=0.8847  uplink_kB=282.0  t=1.92s
  round  23/50: acc=0.8796  f1m=0.8795  uplink_kB=282.0  t=1.90s
  round  24/50: acc=0.8803  f1m=0.8801  uplink_kB=282.0  t=1.86s
  round  25/50: acc=0.8711  f1m=0.8708  uplink_kB=282.0  t=1.82s
  round  26/50: acc=0.8877  f1m=0.8877  uplink_kB=282.0  t=1.87s
  round  27/50: acc=0.8903  f1m=0.8903  uplink_kB=282.0  t=1.87s
  round  28/50: acc=0.8939  f1m=0.8939  uplink_kB=282.0  t=1.89s
  round  29/50: acc=0.8939  f1m=0.8939  uplink_kB=282.0  t=1.88s
  round  30/50: acc=0.8995  f1m=0.8995  uplink_kB=282.0  t=1.88s
  round  31/50: acc=0.8846  f1m=0.8844  uplink_kB=282.0  t=1.87s
  round  32/50: acc=0.9025  f1m=0.9025  uplink_kB=282.0  t=1.88s
  round  33/50: acc=0.9084  f1m=0.9084  uplink_kB=282.0  t=1.88s
  round  34/50: acc=0.9149  f1m=0.9149  uplink_kB=282.0  t=1.85s
  round  35/50: acc=0.8707  f1m=0.8700  uplink_kB=282.0  t=1.89s
  round  36/50: acc=0.8701  f1m=0.8693  uplink_kB=282.0  t=1.88s
  round  37/50: acc=0.8972  f1m=0.8971  uplink_kB=282.0  t=1.87s
  round  38/50: acc=0.8388  f1m=0.8369  uplink_kB=282.0  t=1.87s
  round  39/50: acc=0.7819  f1m=0.7753  uplink_kB=282.0  t=1.87s
  round  40/50: acc=0.9011  f1m=0.9011  uplink_kB=282.0  t=1.80s
  round  41/50: acc=0.9023  f1m=0.9022  uplink_kB=282.0  t=1.86s
  round  42/50: acc=0.8930  f1m=0.8927  uplink_kB=282.0  t=1.89s
  round  43/50: acc=0.8656  f1m=0.8646  uplink_kB=282.0  t=1.85s
  round  44/50: acc=0.8956  f1m=0.8953  uplink_kB=282.0  t=1.88s
  round  45/50: acc=0.8438  f1m=0.8419  uplink_kB=282.0  t=1.88s
  round  46/50: acc=0.7278  f1m=0.7079  uplink_kB=282.0  t=1.86s
  round  47/50: acc=0.7923  f1m=0.7874  uplink_kB=282.0  t=1.87s
  round  48/50: acc=0.8758  f1m=0.8748  uplink_kB=282.0  t=1.84s
  round  49/50: acc=0.8994  f1m=0.8991  uplink_kB=282.0  t=1.85s
  round  50/50: acc=0.8584  f1m=0.8567  uplink_kB=282.0  t=1.87s
[run] DONE -> /Users/agentra/Documents/hao/working/paper-lab/hao-paper-2026/iotj-fedkan-ids/repo/results/lrsweep_toniot/lrsweep_kan16_lr0p01__dir0.1__seed42/metrics.json  final_acc=0.8584
