[run] device=cpu  seed=17  out=/Users/agentra/Documents/hao/working/paper-lab/hao-paper-2026/iotj-fedkan-ids/repo/results/lrsweep_cseciic_mc/lrsweep_mlp32_lr0p1__dir0.1__seed17
[run] model=mlp  params=1,775
  round   1/50: acc=0.1373  f1m=0.0161  uplink_kB=69.3  t=2.64s
  round   2/50: acc=0.5538  f1m=0.2802  uplink_kB=69.3  t=2.09s
  round   3/50: acc=0.7272  f1m=0.4074  uplink_kB=69.3  t=2.03s
  round   4/50: acc=0.6925  f1m=0.3980  uplink_kB=69.3  t=2.12s
  round   5/50: acc=0.7655  f1m=0.4106  uplink_kB=69.3  t=2.08s
  round   6/50: acc=0.6690  f1m=0.3975  uplink_kB=69.3  t=2.31s
  round   7/50: acc=0.7902  f1m=0.4543  uplink_kB=69.3  t=2.21s
  round   8/50: acc=0.6240  f1m=0.3603  uplink_kB=69.3  t=2.18s
  round   9/50: acc=0.8016  f1m=0.5231  uplink_kB=69.3  t=2.14s
  round  10/50: acc=0.8075  f1m=0.5035  uplink_kB=69.3  t=2.16s
  round  11/50: acc=0.6284  f1m=0.3692  uplink_kB=69.3  t=2.08s
  round  12/50: acc=0.7808  f1m=0.4348  uplink_kB=69.3  t=2.10s
  round  13/50: acc=0.6114  f1m=0.3600  uplink_kB=69.3  t=2.19s
  round  14/50: acc=0.6434  f1m=0.3863  uplink_kB=69.3  t=2.17s
  round  15/50: acc=0.6218  f1m=0.3604  uplink_kB=69.3  t=2.14s
  round  16/50: acc=0.7295  f1m=0.4290  uplink_kB=69.3  t=2.15s
  round  17/50: acc=0.7472  f1m=0.4363  uplink_kB=69.3  t=2.14s
  round  18/50: acc=0.7114  f1m=0.4293  uplink_kB=69.3  t=2.18s
  round  19/50: acc=0.7988  f1m=0.4798  uplink_kB=69.3  t=2.11s
  round  20/50: acc=0.5757  f1m=0.3384  uplink_kB=69.3  t=2.09s
  round  21/50: acc=0.6660  f1m=0.4031  uplink_kB=69.3  t=2.12s
  round  22/50: acc=0.7409  f1m=0.4446  uplink_kB=69.3  t=2.15s
  round  23/50: acc=0.5826  f1m=0.3427  uplink_kB=69.3  t=2.15s
  round  24/50: acc=0.6969  f1m=0.4136  uplink_kB=69.3  t=2.12s
  round  25/50: acc=0.7075  f1m=0.4140  uplink_kB=69.3  t=2.11s
  round  26/50: acc=0.6692  f1m=0.4310  uplink_kB=69.3  t=2.18s
  round  27/50: acc=0.6427  f1m=0.3807  uplink_kB=69.3  t=2.12s
  round  28/50: acc=0.6696  f1m=0.4358  uplink_kB=69.3  t=2.12s
  round  29/50: acc=0.6791  f1m=0.4450  uplink_kB=69.3  t=2.08s
  round  30/50: acc=0.5777  f1m=0.3332  uplink_kB=69.3  t=2.15s
  round  31/50: acc=0.6387  f1m=0.3805  uplink_kB=69.3  t=2.04s
  round  32/50: acc=0.7810  f1m=0.4909  uplink_kB=69.3  t=2.07s
  round  33/50: acc=0.7787  f1m=0.4888  uplink_kB=69.3  t=2.14s
  round  34/50: acc=0.7882  f1m=0.5020  uplink_kB=69.3  t=2.13s
  round  35/50: acc=0.7778  f1m=0.4862  uplink_kB=69.3  t=2.23s
  round  36/50: acc=0.8005  f1m=0.5273  uplink_kB=69.3  t=2.08s
  round  37/50: acc=0.7986  f1m=0.5297  uplink_kB=69.3  t=2.13s
  round  38/50: acc=0.7850  f1m=0.5298  uplink_kB=69.3  t=2.14s
  round  39/50: acc=0.7943  f1m=0.5240  uplink_kB=69.3  t=2.18s
  round  40/50: acc=0.6509  f1m=0.4125  uplink_kB=69.3  t=2.11s
  round  41/50: acc=0.4940  f1m=0.3031  uplink_kB=69.3  t=2.13s
  round  42/50: acc=0.6116  f1m=0.4205  uplink_kB=69.3  t=2.16s
  round  43/50: acc=0.7187  f1m=0.4726  uplink_kB=69.3  t=2.13s
  round  44/50: acc=0.6805  f1m=0.4399  uplink_kB=69.3  t=2.12s
  round  45/50: acc=0.6619  f1m=0.4353  uplink_kB=69.3  t=2.10s
  round  46/50: acc=0.7899  f1m=0.5291  uplink_kB=69.3  t=2.10s
  round  47/50: acc=0.7910  f1m=0.5225  uplink_kB=69.3  t=2.09s
  round  48/50: acc=0.7975  f1m=0.5049  uplink_kB=69.3  t=2.18s
  round  49/50: acc=0.6771  f1m=0.4824  uplink_kB=69.3  t=2.13s
  round  50/50: acc=0.8149  f1m=0.5451  uplink_kB=69.3  t=2.13s
[run] DONE -> /Users/agentra/Documents/hao/working/paper-lab/hao-paper-2026/iotj-fedkan-ids/repo/results/lrsweep_cseciic_mc/lrsweep_mlp32_lr0p1__dir0.1__seed17/metrics.json  final_acc=0.8149
