[run] device=cpu  seed=29  out=/Users/agentra/Documents/hao/working/paper-lab/hao-paper-2026/iotj-fedkan-ids/repo/results/lrsweep_toniot/lrsweep_kan16_lr0p01__dir0.1__seed29
[run] model=kan  params=6,560
  round   1/50: acc=0.5002  f1m=0.3338  uplink_kB=282.0  t=2.37s
  round   2/50: acc=0.7654  f1m=0.7641  uplink_kB=282.0  t=1.88s
  round   3/50: acc=0.5331  f1m=0.4120  uplink_kB=282.0  t=1.86s
  round   4/50: acc=0.8735  f1m=0.8720  uplink_kB=282.0  t=1.92s
  round   5/50: acc=0.8685  f1m=0.8666  uplink_kB=282.0  t=1.81s
  round   6/50: acc=0.8712  f1m=0.8694  uplink_kB=282.0  t=1.89s
  round   7/50: acc=0.8767  f1m=0.8751  uplink_kB=282.0  t=1.89s
  round   8/50: acc=0.8709  f1m=0.8690  uplink_kB=282.0  t=1.88s
  round   9/50: acc=0.8600  f1m=0.8581  uplink_kB=282.0  t=1.91s
  round  10/50: acc=0.8670  f1m=0.8649  uplink_kB=282.0  t=1.89s
  round  11/50: acc=0.8751  f1m=0.8740  uplink_kB=282.0  t=1.88s
  round  12/50: acc=0.8507  f1m=0.8475  uplink_kB=282.0  t=1.83s
  round  13/50: acc=0.8941  f1m=0.8932  uplink_kB=282.0  t=1.88s
  round  14/50: acc=0.8858  f1m=0.8846  uplink_kB=282.0  t=1.89s
  round  15/50: acc=0.8874  f1m=0.8864  uplink_kB=282.0  t=1.92s
  round  16/50: acc=0.8792  f1m=0.8777  uplink_kB=282.0  t=1.86s
  round  17/50: acc=0.8610  f1m=0.8591  uplink_kB=282.0  t=1.88s
  round  18/50: acc=0.8667  f1m=0.8645  uplink_kB=282.0  t=1.86s
  round  19/50: acc=0.8885  f1m=0.8874  uplink_kB=282.0  t=1.78s
  round  20/50: acc=0.8759  f1m=0.8743  uplink_kB=282.0  t=1.93s
  round  21/50: acc=0.8755  f1m=0.8743  uplink_kB=282.0  t=1.89s
  round  22/50: acc=0.8898  f1m=0.8889  uplink_kB=282.0  t=1.89s
  round  23/50: acc=0.8769  f1m=0.8757  uplink_kB=282.0  t=1.93s
  round  24/50: acc=0.8978  f1m=0.8974  uplink_kB=282.0  t=1.95s
  round  25/50: acc=0.8848  f1m=0.8839  uplink_kB=282.0  t=1.83s
  round  26/50: acc=0.8633  f1m=0.8619  uplink_kB=282.0  t=1.87s
  round  27/50: acc=0.8747  f1m=0.8730  uplink_kB=282.0  t=1.86s
  round  28/50: acc=0.8717  f1m=0.8699  uplink_kB=282.0  t=1.88s
  round  29/50: acc=0.8961  f1m=0.8957  uplink_kB=282.0  t=1.87s
  round  30/50: acc=0.8867  f1m=0.8857  uplink_kB=282.0  t=1.90s
  round  31/50: acc=0.8571  f1m=0.8543  uplink_kB=282.0  t=1.88s
  round  32/50: acc=0.8901  f1m=0.8892  uplink_kB=282.0  t=1.84s
  round  33/50: acc=0.8795  f1m=0.8779  uplink_kB=282.0  t=1.88s
  round  34/50: acc=0.8778  f1m=0.8760  uplink_kB=282.0  t=1.86s
  round  35/50: acc=0.8797  f1m=0.8781  uplink_kB=282.0  t=1.88s
  round  36/50: acc=0.8808  f1m=0.8792  uplink_kB=282.0  t=1.88s
  round  37/50: acc=0.8830  f1m=0.8816  uplink_kB=282.0  t=1.88s
  round  38/50: acc=0.8813  f1m=0.8798  uplink_kB=282.0  t=1.83s
  round  39/50: acc=0.8840  f1m=0.8827  uplink_kB=282.0  t=1.85s
  round  40/50: acc=0.8858  f1m=0.8844  uplink_kB=282.0  t=1.83s
  round  41/50: acc=0.8754  f1m=0.8736  uplink_kB=282.0  t=1.85s
  round  42/50: acc=0.9020  f1m=0.9013  uplink_kB=282.0  t=1.89s
  round  43/50: acc=0.8698  f1m=0.8677  uplink_kB=282.0  t=1.91s
  round  44/50: acc=0.9012  f1m=0.9004  uplink_kB=282.0  t=1.92s
  round  45/50: acc=0.9010  f1m=0.9001  uplink_kB=282.0  t=1.89s
  round  46/50: acc=0.8808  f1m=0.8792  uplink_kB=282.0  t=1.86s
  round  47/50: acc=0.8978  f1m=0.8970  uplink_kB=282.0  t=1.89s
  round  48/50: acc=0.8862  f1m=0.8848  uplink_kB=282.0  t=1.88s
  round  49/50: acc=0.9062  f1m=0.9055  uplink_kB=282.0  t=1.88s
  round  50/50: acc=0.8992  f1m=0.8984  uplink_kB=282.0  t=1.76s
[run] DONE -> /Users/agentra/Documents/hao/working/paper-lab/hao-paper-2026/iotj-fedkan-ids/repo/results/lrsweep_toniot/lrsweep_kan16_lr0p01__dir0.1__seed29/metrics.json  final_acc=0.8992
