[run] device=cpu  seed=2026  out=/Users/agentra/Documents/hao/working/paper-lab/hao-paper-2026/iotj-fedkan-ids/repo/results/lrsweep_toniot/lrsweep_mlp32_lr0p1__dir0.1__seed2026
[run] model=mlp  params=1,346
  round   1/50: acc=0.5000  f1m=0.3333  uplink_kB=52.6  t=1.13s
  round   2/50: acc=0.7311  f1m=0.7277  uplink_kB=52.6  t=0.67s
  round   3/50: acc=0.7832  f1m=0.7830  uplink_kB=52.6  t=0.70s
  round   4/50: acc=0.7579  f1m=0.7528  uplink_kB=52.6  t=0.70s
  round   5/50: acc=0.5868  f1m=0.5047  uplink_kB=52.6  t=0.66s
  round   6/50: acc=0.7811  f1m=0.7729  uplink_kB=52.6  t=0.64s
  round   7/50: acc=0.6887  f1m=0.6579  uplink_kB=52.6  t=0.67s
  round   8/50: acc=0.6910  f1m=0.6614  uplink_kB=52.6  t=0.62s
  round   9/50: acc=0.5792  f1m=0.4926  uplink_kB=52.6  t=0.67s
  round  10/50: acc=0.6204  f1m=0.5603  uplink_kB=52.6  t=0.64s
  round  11/50: acc=0.6498  f1m=0.6066  uplink_kB=52.6  t=0.69s
  round  12/50: acc=0.6260  f1m=0.5704  uplink_kB=52.6  t=0.59s
  round  13/50: acc=0.6064  f1m=0.5388  uplink_kB=52.6  t=0.65s
  round  14/50: acc=0.6715  f1m=0.6367  uplink_kB=52.6  t=0.63s
  round  15/50: acc=0.6709  f1m=0.6372  uplink_kB=52.6  t=0.65s
  round  16/50: acc=0.7421  f1m=0.7259  uplink_kB=52.6  t=0.64s
  round  17/50: acc=0.6915  f1m=0.6643  uplink_kB=52.6  t=0.64s
  round  18/50: acc=0.6584  f1m=0.6179  uplink_kB=52.6  t=0.60s
  round  19/50: acc=0.8155  f1m=0.8110  uplink_kB=52.6  t=0.67s
  round  20/50: acc=0.7680  f1m=0.7572  uplink_kB=52.6  t=0.66s
  round  21/50: acc=0.7674  f1m=0.7566  uplink_kB=52.6  t=0.64s
  round  22/50: acc=0.7585  f1m=0.7457  uplink_kB=52.6  t=0.66s
  round  23/50: acc=0.7800  f1m=0.7707  uplink_kB=52.6  t=0.62s
  round  24/50: acc=0.7541  f1m=0.7404  uplink_kB=52.6  t=0.60s
  round  25/50: acc=0.6577  f1m=0.6160  uplink_kB=52.6  t=0.66s
  round  26/50: acc=0.6937  f1m=0.6669  uplink_kB=52.6  t=0.63s
  round  27/50: acc=0.6577  f1m=0.6171  uplink_kB=52.6  t=0.65s
  round  28/50: acc=0.6663  f1m=0.6294  uplink_kB=52.6  t=0.64s
  round  29/50: acc=0.6283  f1m=0.5726  uplink_kB=52.6  t=0.66s
  round  30/50: acc=0.6512  f1m=0.6070  uplink_kB=52.6  t=0.59s
  round  31/50: acc=0.6165  f1m=0.5546  uplink_kB=52.6  t=0.66s
  round  32/50: acc=0.6303  f1m=0.5761  uplink_kB=52.6  t=0.65s
  round  33/50: acc=0.6215  f1m=0.5625  uplink_kB=52.6  t=0.66s
  round  34/50: acc=0.6041  f1m=0.5344  uplink_kB=52.6  t=0.65s
  round  35/50: acc=0.6260  f1m=0.5693  uplink_kB=52.6  t=0.66s
  round  36/50: acc=0.6095  f1m=0.5432  uplink_kB=52.6  t=0.62s
  round  37/50: acc=0.6448  f1m=0.5987  uplink_kB=52.6  t=0.63s
  round  38/50: acc=0.6482  f1m=0.6036  uplink_kB=52.6  t=0.65s
  round  39/50: acc=0.6278  f1m=0.5719  uplink_kB=52.6  t=0.62s
  round  40/50: acc=0.6363  f1m=0.5849  uplink_kB=52.6  t=0.63s
  round  41/50: acc=0.6354  f1m=0.5836  uplink_kB=52.6  t=0.66s
  round  42/50: acc=0.6014  f1m=0.5301  uplink_kB=52.6  t=0.60s
  round  43/50: acc=0.6470  f1m=0.6021  uplink_kB=52.6  t=0.66s
  round  44/50: acc=0.6240  f1m=0.5664  uplink_kB=52.6  t=0.67s
  round  45/50: acc=0.6078  f1m=0.5404  uplink_kB=52.6  t=0.67s
  round  46/50: acc=0.6125  f1m=0.5478  uplink_kB=52.6  t=0.66s
  round  47/50: acc=0.6315  f1m=0.5779  uplink_kB=52.6  t=0.65s
  round  48/50: acc=0.6132  f1m=0.5494  uplink_kB=52.6  t=0.70s
  round  49/50: acc=0.6143  f1m=0.5510  uplink_kB=52.6  t=0.65s
  round  50/50: acc=0.6012  f1m=0.5297  uplink_kB=52.6  t=0.70s
[run] DONE -> /Users/agentra/Documents/hao/working/paper-lab/hao-paper-2026/iotj-fedkan-ids/repo/results/lrsweep_toniot/lrsweep_mlp32_lr0p1__dir0.1__seed2026/metrics.json  final_acc=0.6012
