[run] device=cpu  seed=2024  out=/Users/agentra/Documents/hao/working/paper-lab/hao-paper-2026/iotj-fedkan-ids/repo/results/lrsweep_botiot/lrsweep_mlp32_lr0p0003__dir0.1__seed2024
[run] model=mlp  params=1,346
  round   1/50: acc=0.4989  f1m=0.3328  uplink_kB=52.6  t=1.43s
  round   2/50: acc=0.4989  f1m=0.3328  uplink_kB=52.6  t=0.66s
  round   3/50: acc=0.4989  f1m=0.3328  uplink_kB=52.6  t=0.67s
  round   4/50: acc=0.4989  f1m=0.3328  uplink_kB=52.6  t=0.65s
  round   5/50: acc=0.4989  f1m=0.3328  uplink_kB=52.6  t=0.67s
  round   6/50: acc=0.4989  f1m=0.3328  uplink_kB=52.6  t=0.68s
  round   7/50: acc=0.4989  f1m=0.3328  uplink_kB=52.6  t=0.66s
  round   8/50: acc=0.4989  f1m=0.3328  uplink_kB=52.6  t=0.71s
  round   9/50: acc=0.4989  f1m=0.3328  uplink_kB=52.6  t=0.67s
  round  10/50: acc=0.4989  f1m=0.3328  uplink_kB=52.6  t=0.67s
  round  11/50: acc=0.4989  f1m=0.3328  uplink_kB=52.6  t=0.61s
  round  12/50: acc=0.4989  f1m=0.3329  uplink_kB=52.6  t=0.69s
  round  13/50: acc=0.4993  f1m=0.3342  uplink_kB=52.6  t=0.67s
  round  14/50: acc=0.5005  f1m=0.3373  uplink_kB=52.6  t=0.69s
  round  15/50: acc=0.5007  f1m=0.3382  uplink_kB=52.6  t=0.64s
  round  16/50: acc=0.5003  f1m=0.3381  uplink_kB=52.6  t=0.63s
  round  17/50: acc=0.5001  f1m=0.3380  uplink_kB=52.6  t=0.63s
  round  18/50: acc=0.4998  f1m=0.3378  uplink_kB=52.6  t=0.63s
  round  19/50: acc=0.4997  f1m=0.3379  uplink_kB=52.6  t=0.66s
  round  20/50: acc=0.5004  f1m=0.3396  uplink_kB=52.6  t=0.65s
  round  21/50: acc=0.5085  f1m=0.3576  uplink_kB=52.6  t=0.65s
  round  22/50: acc=0.5231  f1m=0.3879  uplink_kB=52.6  t=0.65s
  round  23/50: acc=0.5449  f1m=0.4307  uplink_kB=52.6  t=0.67s
  round  24/50: acc=0.5637  f1m=0.4652  uplink_kB=52.6  t=0.58s
  round  25/50: acc=0.5691  f1m=0.4749  uplink_kB=52.6  t=0.65s
  round  26/50: acc=0.5690  f1m=0.4748  uplink_kB=52.6  t=0.67s
  round  27/50: acc=0.5689  f1m=0.4748  uplink_kB=52.6  t=0.66s
  round  28/50: acc=0.5688  f1m=0.4747  uplink_kB=52.6  t=0.65s
  round  29/50: acc=0.5687  f1m=0.4747  uplink_kB=52.6  t=0.67s
  round  30/50: acc=0.5687  f1m=0.4746  uplink_kB=52.6  t=0.58s
  round  31/50: acc=0.5687  f1m=0.4746  uplink_kB=52.6  t=0.65s
  round  32/50: acc=0.5686  f1m=0.4746  uplink_kB=52.6  t=0.63s
  round  33/50: acc=0.5686  f1m=0.4746  uplink_kB=52.6  t=0.64s
  round  34/50: acc=0.5686  f1m=0.4745  uplink_kB=52.6  t=0.65s
  round  35/50: acc=0.5685  f1m=0.4745  uplink_kB=52.6  t=0.68s
  round  36/50: acc=0.5685  f1m=0.4745  uplink_kB=52.6  t=0.63s
  round  37/50: acc=0.5685  f1m=0.4745  uplink_kB=52.6  t=0.68s
  round  38/50: acc=0.5685  f1m=0.4745  uplink_kB=52.6  t=0.67s
  round  39/50: acc=0.5685  f1m=0.4745  uplink_kB=52.6  t=0.66s
  round  40/50: acc=0.5685  f1m=0.4745  uplink_kB=52.6  t=0.67s
  round  41/50: acc=0.5685  f1m=0.4745  uplink_kB=52.6  t=0.64s
  round  42/50: acc=0.5685  f1m=0.4745  uplink_kB=52.6  t=0.64s
  round  43/50: acc=0.5684  f1m=0.4745  uplink_kB=52.6  t=0.68s
  round  44/50: acc=0.5684  f1m=0.4745  uplink_kB=52.6  t=0.64s
  round  45/50: acc=0.5684  f1m=0.4745  uplink_kB=52.6  t=0.67s
  round  46/50: acc=0.5684  f1m=0.4745  uplink_kB=52.6  t=0.70s
  round  47/50: acc=0.5684  f1m=0.4744  uplink_kB=52.6  t=0.62s
  round  48/50: acc=0.5683  f1m=0.4744  uplink_kB=52.6  t=0.65s
  round  49/50: acc=0.5683  f1m=0.4744  uplink_kB=52.6  t=0.70s
  round  50/50: acc=0.5683  f1m=0.4744  uplink_kB=52.6  t=0.58s
[run] DONE -> /Users/agentra/Documents/hao/working/paper-lab/hao-paper-2026/iotj-fedkan-ids/repo/results/lrsweep_botiot/lrsweep_mlp32_lr0p0003__dir0.1__seed2024/metrics.json  final_acc=0.5683
