[run] device=cpu  seed=11  out=/Users/agentra/Documents/hao/working/paper-lab/hao-paper-2026/iotj-fedkan-ids/repo/results/mc_toniot/mc_mlp80_lr0p01__dir0.1__seed11
[run] model=mlp  params=4,010
  round   1/50: acc=0.3407  f1m=0.1861  uplink_kB=156.6  t=1.75s
  round   2/50: acc=0.4448  f1m=0.2544  uplink_kB=156.6  t=1.28s
  round   3/50: acc=0.4925  f1m=0.3559  uplink_kB=156.6  t=1.25s
  round   4/50: acc=0.5331  f1m=0.3845  uplink_kB=156.6  t=1.18s
  round   5/50: acc=0.5326  f1m=0.3843  uplink_kB=156.6  t=1.20s
  round   6/50: acc=0.5224  f1m=0.3812  uplink_kB=156.6  t=1.13s
  round   7/50: acc=0.5292  f1m=0.3937  uplink_kB=156.6  t=1.15s
  round   8/50: acc=0.5302  f1m=0.3942  uplink_kB=156.6  t=1.09s
  round   9/50: acc=0.5910  f1m=0.4681  uplink_kB=156.6  t=1.24s
  round  10/50: acc=0.5328  f1m=0.3986  uplink_kB=156.6  t=1.08s
  round  11/50: acc=0.5947  f1m=0.4798  uplink_kB=156.6  t=1.19s
  round  12/50: acc=0.5138  f1m=0.4098  uplink_kB=156.6  t=1.19s
  round  13/50: acc=0.5985  f1m=0.4901  uplink_kB=156.6  t=1.14s
  round  14/50: acc=0.6268  f1m=0.5237  uplink_kB=156.6  t=1.14s
  round  15/50: acc=0.6258  f1m=0.5188  uplink_kB=156.6  t=1.19s
  round  16/50: acc=0.6336  f1m=0.5374  uplink_kB=156.6  t=1.22s
  round  17/50: acc=0.6395  f1m=0.5471  uplink_kB=156.6  t=1.16s
  round  18/50: acc=0.6174  f1m=0.5365  uplink_kB=156.6  t=1.15s
  round  19/50: acc=0.6325  f1m=0.5433  uplink_kB=156.6  t=1.14s
  round  20/50: acc=0.6521  f1m=0.5742  uplink_kB=156.6  t=1.20s
  round  21/50: acc=0.6468  f1m=0.5646  uplink_kB=156.6  t=1.13s
  round  22/50: acc=0.6137  f1m=0.5405  uplink_kB=156.6  t=1.21s
  round  23/50: acc=0.6205  f1m=0.5472  uplink_kB=156.6  t=1.18s
  round  24/50: acc=0.6479  f1m=0.6144  uplink_kB=156.6  t=1.18s
  round  25/50: acc=0.6170  f1m=0.5429  uplink_kB=156.6  t=1.19s
  round  26/50: acc=0.6436  f1m=0.5664  uplink_kB=156.6  t=1.18s
  round  27/50: acc=0.6189  f1m=0.5497  uplink_kB=156.6  t=1.20s
  round  28/50: acc=0.6567  f1m=0.6294  uplink_kB=156.6  t=1.27s
  round  29/50: acc=0.6306  f1m=0.6107  uplink_kB=156.6  t=1.16s
  round  30/50: acc=0.6564  f1m=0.6299  uplink_kB=156.6  t=1.16s
  round  31/50: acc=0.6661  f1m=0.6405  uplink_kB=156.6  t=1.13s
  round  32/50: acc=0.6279  f1m=0.6086  uplink_kB=156.6  t=1.16s
  round  33/50: acc=0.6388  f1m=0.6209  uplink_kB=156.6  t=1.13s
  round  34/50: acc=0.6392  f1m=0.6227  uplink_kB=156.6  t=1.23s
  round  35/50: acc=0.6337  f1m=0.6187  uplink_kB=156.6  t=1.21s
  round  36/50: acc=0.6442  f1m=0.6296  uplink_kB=156.6  t=1.25s
  round  37/50: acc=0.6492  f1m=0.6363  uplink_kB=156.6  t=1.16s
  round  38/50: acc=0.6641  f1m=0.6421  uplink_kB=156.6  t=1.14s
  round  39/50: acc=0.6744  f1m=0.6608  uplink_kB=156.6  t=1.19s
  round  40/50: acc=0.6801  f1m=0.6572  uplink_kB=156.6  t=1.18s
  round  41/50: acc=0.6602  f1m=0.6462  uplink_kB=156.6  t=1.16s
  round  42/50: acc=0.6883  f1m=0.6584  uplink_kB=156.6  t=1.11s
  round  43/50: acc=0.7220  f1m=0.6901  uplink_kB=156.6  t=1.21s
  round  44/50: acc=0.6978  f1m=0.6672  uplink_kB=156.6  t=1.36s
  round  45/50: acc=0.7252  f1m=0.6980  uplink_kB=156.6  t=1.29s
  round  46/50: acc=0.7055  f1m=0.6648  uplink_kB=156.6  t=1.12s
  round  47/50: acc=0.7135  f1m=0.6839  uplink_kB=156.6  t=1.15s
  round  48/50: acc=0.7294  f1m=0.6887  uplink_kB=156.6  t=1.16s
  round  49/50: acc=0.7406  f1m=0.7217  uplink_kB=156.6  t=1.23s
  round  50/50: acc=0.7193  f1m=0.6802  uplink_kB=156.6  t=1.20s
[run] DONE -> /Users/agentra/Documents/hao/working/paper-lab/hao-paper-2026/iotj-fedkan-ids/repo/results/mc_toniot/mc_mlp80_lr0p01__dir0.1__seed11/metrics.json  final_acc=0.7193
