[run] device=cpu  seed=29  out=/Users/agentra/Documents/hao/working/paper-lab/hao-paper-2026/iotj-fedkan-ids/repo/results/lrsweep_toniot/lrsweep_kan8_lr0p1__dir0.1__seed29
[run] model=kan  params=3,280
  round   1/50: acc=0.6880  f1m=0.6880  uplink_kB=150.2  t=2.11s
  round   2/50: acc=0.4392  f1m=0.3535  uplink_kB=150.2  t=1.65s
  round   3/50: acc=0.5420  f1m=0.4453  uplink_kB=150.2  t=1.62s
  round   4/50: acc=0.5544  f1m=0.4680  uplink_kB=150.2  t=1.61s
  round   5/50: acc=0.6619  f1m=0.6452  uplink_kB=150.2  t=1.56s
  round   6/50: acc=0.6660  f1m=0.6405  uplink_kB=150.2  t=1.64s
  round   7/50: acc=0.5087  f1m=0.3524  uplink_kB=150.2  t=1.60s
  round   8/50: acc=0.4918  f1m=0.3502  uplink_kB=150.2  t=1.61s
  round   9/50: acc=0.6953  f1m=0.6713  uplink_kB=150.2  t=1.63s
  round  10/50: acc=0.8288  f1m=0.8271  uplink_kB=150.2  t=1.61s
  round  11/50: acc=0.8732  f1m=0.8726  uplink_kB=150.2  t=1.64s
  round  12/50: acc=0.8670  f1m=0.8652  uplink_kB=150.2  t=1.55s
  round  13/50: acc=0.8717  f1m=0.8708  uplink_kB=150.2  t=1.62s
  round  14/50: acc=0.8062  f1m=0.8061  uplink_kB=150.2  t=1.65s
  round  15/50: acc=0.8828  f1m=0.8823  uplink_kB=150.2  t=1.63s
  round  16/50: acc=0.8805  f1m=0.8798  uplink_kB=150.2  t=1.63s
  round  17/50: acc=0.7208  f1m=0.7174  uplink_kB=150.2  t=1.62s
  round  18/50: acc=0.6968  f1m=0.6842  uplink_kB=150.2  t=1.63s
  round  19/50: acc=0.5000  f1m=0.3333  uplink_kB=150.2  t=1.55s
  round  20/50: acc=0.5000  f1m=0.3333  uplink_kB=150.2  t=1.60s
  round  21/50: acc=0.5000  f1m=0.3333  uplink_kB=150.2  t=1.58s
  round  22/50: acc=0.5000  f1m=0.3333  uplink_kB=150.2  t=1.62s
  round  23/50: acc=0.4992  f1m=0.3340  uplink_kB=150.2  t=1.65s
  round  24/50: acc=0.5000  f1m=0.3333  uplink_kB=150.2  t=1.63s
  round  25/50: acc=0.5002  f1m=0.3338  uplink_kB=150.2  t=1.56s
  round  26/50: acc=0.4999  f1m=0.3333  uplink_kB=150.2  t=1.67s
  round  27/50: acc=0.5002  f1m=0.3341  uplink_kB=150.2  t=1.61s
  round  28/50: acc=0.4999  f1m=0.3333  uplink_kB=150.2  t=1.63s
  round  29/50: acc=0.4960  f1m=0.3330  uplink_kB=150.2  t=1.65s
  round  30/50: acc=0.5000  f1m=0.3333  uplink_kB=150.2  t=1.67s
  round  31/50: acc=0.4996  f1m=0.3333  uplink_kB=150.2  t=1.73s
  round  32/50: acc=0.5001  f1m=0.3335  uplink_kB=150.2  t=1.62s
  round  33/50: acc=0.4995  f1m=0.3332  uplink_kB=150.2  t=1.65s
  round  34/50: acc=0.5000  f1m=0.3333  uplink_kB=150.2  t=1.65s
  round  35/50: acc=0.5003  f1m=0.3339  uplink_kB=150.2  t=1.65s
  round  36/50: acc=0.4999  f1m=0.3333  uplink_kB=150.2  t=1.66s
  round  37/50: acc=0.5014  f1m=0.3379  uplink_kB=150.2  t=1.65s
  round  38/50: acc=0.4997  f1m=0.3334  uplink_kB=150.2  t=1.63s
  round  39/50: acc=0.5003  f1m=0.3346  uplink_kB=150.2  t=1.59s
  round  40/50: acc=0.5000  f1m=0.3334  uplink_kB=150.2  t=1.63s
  round  41/50: acc=0.5000  f1m=0.3333  uplink_kB=150.2  t=1.64s
  round  42/50: acc=0.5009  f1m=0.3354  uplink_kB=150.2  t=1.63s
  round  43/50: acc=0.4889  f1m=0.3285  uplink_kB=150.2  t=1.62s
  round  44/50: acc=0.5001  f1m=0.3336  uplink_kB=150.2  t=1.69s
  round  45/50: acc=0.4999  f1m=0.3333  uplink_kB=150.2  t=1.73s
  round  46/50: acc=0.4998  f1m=0.3336  uplink_kB=150.2  t=1.57s
  round  47/50: acc=0.5000  f1m=0.3333  uplink_kB=150.2  t=1.65s
  round  48/50: acc=0.4996  f1m=0.3332  uplink_kB=150.2  t=1.60s
  round  49/50: acc=0.5000  f1m=0.3334  uplink_kB=150.2  t=1.56s
  round  50/50: acc=0.4996  f1m=0.3334  uplink_kB=150.2  t=1.52s
[run] DONE -> /Users/agentra/Documents/hao/working/paper-lab/hao-paper-2026/iotj-fedkan-ids/repo/results/lrsweep_toniot/lrsweep_kan8_lr0p1__dir0.1__seed29/metrics.json  final_acc=0.4996
