[run] device=cpu  seed=2026  out=/Users/agentra/Documents/hao/working/paper-lab/hao-paper-2026/iotj-fedkan-ids/repo/results/lrsweep_cseciic_mc/lrsweep_mlp80_lr0p003__dir0.1__seed2026
[run] model=mlp  params=4,415
  round   1/50: acc=0.2772  f1m=0.0629  uplink_kB=172.5  t=3.08s
  round   2/50: acc=0.5919  f1m=0.3207  uplink_kB=172.5  t=2.17s
  round   3/50: acc=0.6852  f1m=0.3520  uplink_kB=172.5  t=2.16s
  round   4/50: acc=0.7441  f1m=0.4838  uplink_kB=172.5  t=2.17s
  round   5/50: acc=0.7679  f1m=0.5078  uplink_kB=172.5  t=2.13s
  round   6/50: acc=0.7616  f1m=0.4908  uplink_kB=172.5  t=2.14s
  round   7/50: acc=0.7513  f1m=0.4310  uplink_kB=172.5  t=2.11s
  round   8/50: acc=0.7951  f1m=0.5655  uplink_kB=172.5  t=2.12s
  round   9/50: acc=0.8153  f1m=0.5834  uplink_kB=172.5  t=2.24s
  round  10/50: acc=0.8111  f1m=0.5846  uplink_kB=172.5  t=2.15s
  round  11/50: acc=0.8161  f1m=0.5959  uplink_kB=172.5  t=2.12s
  round  12/50: acc=0.8304  f1m=0.6098  uplink_kB=172.5  t=2.12s
  round  13/50: acc=0.8346  f1m=0.6173  uplink_kB=172.5  t=2.46s
  round  14/50: acc=0.8390  f1m=0.6338  uplink_kB=172.5  t=2.14s
  round  15/50: acc=0.8380  f1m=0.6276  uplink_kB=172.5  t=2.11s
  round  16/50: acc=0.8423  f1m=0.6231  uplink_kB=172.5  t=2.16s
  round  17/50: acc=0.8437  f1m=0.6483  uplink_kB=172.5  t=2.21s
  round  18/50: acc=0.8454  f1m=0.6475  uplink_kB=172.5  t=2.14s
  round  19/50: acc=0.8432  f1m=0.6524  uplink_kB=172.5  t=2.14s
  round  20/50: acc=0.8476  f1m=0.6584  uplink_kB=172.5  t=2.23s
  round  21/50: acc=0.8532  f1m=0.6553  uplink_kB=172.5  t=2.16s
  round  22/50: acc=0.8478  f1m=0.6576  uplink_kB=172.5  t=2.12s
  round  23/50: acc=0.8474  f1m=0.6550  uplink_kB=172.5  t=2.15s
  round  24/50: acc=0.8548  f1m=0.6559  uplink_kB=172.5  t=2.17s
  round  25/50: acc=0.8542  f1m=0.6627  uplink_kB=172.5  t=2.20s
  round  26/50: acc=0.8542  f1m=0.6625  uplink_kB=172.5  t=2.12s
  round  27/50: acc=0.8532  f1m=0.6595  uplink_kB=172.5  t=2.15s
  round  28/50: acc=0.8618  f1m=0.7101  uplink_kB=172.5  t=2.15s
  round  29/50: acc=0.8565  f1m=0.6593  uplink_kB=172.5  t=2.19s
  round  30/50: acc=0.8622  f1m=0.6952  uplink_kB=172.5  t=2.20s
  round  31/50: acc=0.8633  f1m=0.7048  uplink_kB=172.5  t=2.12s
  round  32/50: acc=0.8652  f1m=0.7178  uplink_kB=172.5  t=2.17s
  round  33/50: acc=0.8657  f1m=0.7220  uplink_kB=172.5  t=2.15s
  round  34/50: acc=0.8608  f1m=0.6735  uplink_kB=172.5  t=2.09s
  round  35/50: acc=0.8665  f1m=0.7174  uplink_kB=172.5  t=2.13s
  round  36/50: acc=0.8642  f1m=0.6981  uplink_kB=172.5  t=2.11s
  round  37/50: acc=0.8676  f1m=0.7214  uplink_kB=172.5  t=2.11s
  round  38/50: acc=0.8704  f1m=0.7242  uplink_kB=172.5  t=2.12s
  round  39/50: acc=0.8697  f1m=0.7245  uplink_kB=172.5  t=2.16s
  round  40/50: acc=0.8710  f1m=0.7249  uplink_kB=172.5  t=2.19s
  round  41/50: acc=0.8710  f1m=0.7261  uplink_kB=172.5  t=2.16s
  round  42/50: acc=0.8716  f1m=0.7262  uplink_kB=172.5  t=2.17s
  round  43/50: acc=0.8731  f1m=0.7359  uplink_kB=172.5  t=2.13s
  round  44/50: acc=0.8772  f1m=0.7392  uplink_kB=172.5  t=2.14s
  round  45/50: acc=0.8720  f1m=0.7254  uplink_kB=172.5  t=2.44s
  round  46/50: acc=0.8675  f1m=0.7020  uplink_kB=172.5  t=2.35s
  round  47/50: acc=0.8760  f1m=0.7288  uplink_kB=172.5  t=2.37s
  round  48/50: acc=0.8788  f1m=0.7392  uplink_kB=172.5  t=2.26s
  round  49/50: acc=0.8730  f1m=0.7249  uplink_kB=172.5  t=2.11s
  round  50/50: acc=0.8722  f1m=0.7372  uplink_kB=172.5  t=2.27s
[run] DONE -> /Users/agentra/Documents/hao/working/paper-lab/hao-paper-2026/iotj-fedkan-ids/repo/results/lrsweep_cseciic_mc/lrsweep_mlp80_lr0p003__dir0.1__seed2026/metrics.json  final_acc=0.8722
