[run] device=cpu  seed=42  out=/Users/agentra/Documents/hao/working/paper-lab/hao-paper-2026/iotj-fedkan-ids/repo/results/lrsweep_cseciic_mc/lrsweep_mlp32_lr0p003__dir0.1__seed42
[run] model=mlp  params=1,775
  round   1/50: acc=0.2830  f1m=0.0584  uplink_kB=69.3  t=2.76s
  round   2/50: acc=0.2967  f1m=0.0796  uplink_kB=69.3  t=2.05s
  round   3/50: acc=0.3116  f1m=0.0868  uplink_kB=69.3  t=2.18s
  round   4/50: acc=0.3497  f1m=0.1276  uplink_kB=69.3  t=2.12s
  round   5/50: acc=0.3641  f1m=0.1648  uplink_kB=69.3  t=2.10s
  round   6/50: acc=0.4959  f1m=0.3019  uplink_kB=69.3  t=2.12s
  round   7/50: acc=0.5130  f1m=0.3142  uplink_kB=69.3  t=2.11s
  round   8/50: acc=0.5291  f1m=0.3259  uplink_kB=69.3  t=2.09s
  round   9/50: acc=0.5509  f1m=0.3410  uplink_kB=69.3  t=2.12s
  round  10/50: acc=0.5879  f1m=0.3760  uplink_kB=69.3  t=2.16s
  round  11/50: acc=0.6066  f1m=0.3863  uplink_kB=69.3  t=2.25s
  round  12/50: acc=0.6220  f1m=0.3954  uplink_kB=69.3  t=2.07s
  round  13/50: acc=0.6544  f1m=0.4585  uplink_kB=69.3  t=2.20s
  round  14/50: acc=0.6893  f1m=0.4757  uplink_kB=69.3  t=2.14s
  round  15/50: acc=0.6975  f1m=0.4744  uplink_kB=69.3  t=2.33s
  round  16/50: acc=0.6991  f1m=0.4726  uplink_kB=69.3  t=2.13s
  round  17/50: acc=0.7004  f1m=0.4731  uplink_kB=69.3  t=2.13s
  round  18/50: acc=0.7011  f1m=0.4736  uplink_kB=69.3  t=2.11s
  round  19/50: acc=0.6999  f1m=0.4733  uplink_kB=69.3  t=2.13s
  round  20/50: acc=0.7013  f1m=0.4740  uplink_kB=69.3  t=2.09s
  round  21/50: acc=0.7046  f1m=0.4761  uplink_kB=69.3  t=2.10s
  round  22/50: acc=0.7051  f1m=0.4764  uplink_kB=69.3  t=2.13s
  round  23/50: acc=0.7054  f1m=0.4766  uplink_kB=69.3  t=2.13s
  round  24/50: acc=0.7041  f1m=0.4760  uplink_kB=69.3  t=2.13s
  round  25/50: acc=0.7040  f1m=0.4763  uplink_kB=69.3  t=2.18s
  round  26/50: acc=0.7069  f1m=0.4784  uplink_kB=69.3  t=2.22s
  round  27/50: acc=0.7047  f1m=0.4774  uplink_kB=69.3  t=2.16s
  round  28/50: acc=0.7051  f1m=0.4779  uplink_kB=69.3  t=2.15s
  round  29/50: acc=0.7047  f1m=0.4772  uplink_kB=69.3  t=2.10s
  round  30/50: acc=0.7051  f1m=0.4779  uplink_kB=69.3  t=2.09s
  round  31/50: acc=0.7059  f1m=0.4782  uplink_kB=69.3  t=2.09s
  round  32/50: acc=0.7078  f1m=0.4793  uplink_kB=69.3  t=2.13s
  round  33/50: acc=0.7071  f1m=0.4789  uplink_kB=69.3  t=2.11s
  round  34/50: acc=0.7073  f1m=0.4792  uplink_kB=69.3  t=2.12s
  round  35/50: acc=0.7075  f1m=0.4799  uplink_kB=69.3  t=2.09s
  round  36/50: acc=0.7072  f1m=0.4797  uplink_kB=69.3  t=2.11s
  round  37/50: acc=0.7075  f1m=0.4796  uplink_kB=69.3  t=2.08s
  round  38/50: acc=0.7105  f1m=0.4814  uplink_kB=69.3  t=2.09s
  round  39/50: acc=0.7096  f1m=0.4807  uplink_kB=69.3  t=2.08s
  round  40/50: acc=0.7129  f1m=0.4825  uplink_kB=69.3  t=2.20s
  round  41/50: acc=0.7100  f1m=0.4814  uplink_kB=69.3  t=2.11s
  round  42/50: acc=0.7130  f1m=0.4830  uplink_kB=69.3  t=2.17s
  round  43/50: acc=0.7111  f1m=0.4824  uplink_kB=69.3  t=2.10s
  round  44/50: acc=0.7116  f1m=0.4826  uplink_kB=69.3  t=2.10s
  round  45/50: acc=0.7140  f1m=0.4838  uplink_kB=69.3  t=2.14s
  round  46/50: acc=0.7114  f1m=0.4828  uplink_kB=69.3  t=2.13s
  round  47/50: acc=0.7161  f1m=0.4858  uplink_kB=69.3  t=2.09s
  round  48/50: acc=0.7204  f1m=0.4899  uplink_kB=69.3  t=2.11s
  round  49/50: acc=0.7210  f1m=0.4901  uplink_kB=69.3  t=2.15s
  round  50/50: acc=0.7608  f1m=0.5203  uplink_kB=69.3  t=2.09s
[run] DONE -> /Users/agentra/Documents/hao/working/paper-lab/hao-paper-2026/iotj-fedkan-ids/repo/results/lrsweep_cseciic_mc/lrsweep_mlp32_lr0p003__dir0.1__seed42/metrics.json  final_acc=0.7608
