[run] device=cpu  seed=2026  out=/Users/agentra/Documents/hao/working/paper-lab/hao-paper-2026/iotj-fedkan-ids/repo/results/lrsweep_cseciic/lrsweep_kan16_lr0p1__dir0.1__seed2026
[run] model=kan  params=6,560
  round   1/50: acc=0.9150  f1m=0.9149  uplink_kB=282.0  t=2.66s
  round   2/50: acc=0.9067  f1m=0.9066  uplink_kB=282.0  t=2.08s
  round   3/50: acc=0.9153  f1m=0.9147  uplink_kB=282.0  t=2.11s
  round   4/50: acc=0.9322  f1m=0.9321  uplink_kB=282.0  t=2.05s
  round   5/50: acc=0.8607  f1m=0.8580  uplink_kB=282.0  t=2.01s
  round   6/50: acc=0.9368  f1m=0.9366  uplink_kB=282.0  t=2.02s
  round   7/50: acc=0.9564  f1m=0.9564  uplink_kB=282.0  t=2.01s
  round   8/50: acc=0.9642  f1m=0.9641  uplink_kB=282.0  t=2.04s
  round   9/50: acc=0.9583  f1m=0.9583  uplink_kB=282.0  t=2.04s
  round  10/50: acc=0.9049  f1m=0.9047  uplink_kB=282.0  t=2.16s
  round  11/50: acc=0.9637  f1m=0.9637  uplink_kB=282.0  t=2.01s
  round  12/50: acc=0.9672  f1m=0.9672  uplink_kB=282.0  t=2.07s
  round  13/50: acc=0.9636  f1m=0.9636  uplink_kB=282.0  t=2.00s
  round  14/50: acc=0.9185  f1m=0.9179  uplink_kB=282.0  t=2.04s
  round  15/50: acc=0.9653  f1m=0.9652  uplink_kB=282.0  t=2.06s
  round  16/50: acc=0.9593  f1m=0.9593  uplink_kB=282.0  t=2.02s
  round  17/50: acc=0.9571  f1m=0.9571  uplink_kB=282.0  t=1.92s
  round  18/50: acc=0.9673  f1m=0.9672  uplink_kB=282.0  t=1.87s
  round  19/50: acc=0.9634  f1m=0.9633  uplink_kB=282.0  t=1.93s
  round  20/50: acc=0.9677  f1m=0.9676  uplink_kB=282.0  t=2.02s
  round  21/50: acc=0.9723  f1m=0.9723  uplink_kB=282.0  t=1.92s
  round  22/50: acc=0.9593  f1m=0.9592  uplink_kB=282.0  t=1.98s
  round  23/50: acc=0.9686  f1m=0.9685  uplink_kB=282.0  t=2.02s
  round  24/50: acc=0.9742  f1m=0.9742  uplink_kB=282.0  t=1.95s
  round  25/50: acc=0.9679  f1m=0.9679  uplink_kB=282.0  t=1.89s
  round  26/50: acc=0.9732  f1m=0.9732  uplink_kB=282.0  t=1.85s
  round  27/50: acc=0.9735  f1m=0.9735  uplink_kB=282.0  t=2.03s
  round  28/50: acc=0.9748  f1m=0.9748  uplink_kB=282.0  t=1.90s
  round  29/50: acc=0.9510  f1m=0.9510  uplink_kB=282.0  t=1.96s
  round  30/50: acc=0.9685  f1m=0.9685  uplink_kB=282.0  t=1.93s
  round  31/50: acc=0.9054  f1m=0.9046  uplink_kB=282.0  t=1.92s
  round  32/50: acc=0.9582  f1m=0.9582  uplink_kB=282.0  t=1.95s
  round  33/50: acc=0.9632  f1m=0.9632  uplink_kB=282.0  t=1.95s
  round  34/50: acc=0.9429  f1m=0.9428  uplink_kB=282.0  t=1.91s
  round  35/50: acc=0.9694  f1m=0.9693  uplink_kB=282.0  t=1.91s
  round  36/50: acc=0.9224  f1m=0.9220  uplink_kB=282.0  t=1.98s
  round  37/50: acc=0.9261  f1m=0.9257  uplink_kB=282.0  t=1.99s
  round  38/50: acc=0.9555  f1m=0.9554  uplink_kB=282.0  t=1.95s
  round  39/50: acc=0.9264  f1m=0.9260  uplink_kB=282.0  t=1.93s
  round  40/50: acc=0.9740  f1m=0.9740  uplink_kB=282.0  t=1.93s
  round  41/50: acc=0.9048  f1m=0.9039  uplink_kB=282.0  t=2.00s
  round  42/50: acc=0.9555  f1m=0.9554  uplink_kB=282.0  t=1.98s
  round  43/50: acc=0.9652  f1m=0.9652  uplink_kB=282.0  t=1.99s
  round  44/50: acc=0.9677  f1m=0.9677  uplink_kB=282.0  t=1.92s
  round  45/50: acc=0.9691  f1m=0.9690  uplink_kB=282.0  t=1.93s
  round  46/50: acc=0.9643  f1m=0.9642  uplink_kB=282.0  t=1.93s
  round  47/50: acc=0.9587  f1m=0.9586  uplink_kB=282.0  t=1.96s
  round  48/50: acc=0.9685  f1m=0.9684  uplink_kB=282.0  t=1.97s
  round  49/50: acc=0.9641  f1m=0.9641  uplink_kB=282.0  t=2.03s
  round  50/50: acc=0.9734  f1m=0.9733  uplink_kB=282.0  t=1.81s
[run] DONE -> /Users/agentra/Documents/hao/working/paper-lab/hao-paper-2026/iotj-fedkan-ids/repo/results/lrsweep_cseciic/lrsweep_kan16_lr0p1__dir0.1__seed2026/metrics.json  final_acc=0.9734
