[run] device=cpu  seed=42  out=/Users/agentra/Documents/hao/working/paper-lab/hao-paper-2026/iotj-fedkan-ids/repo/results/lrsweep_toniot/lrsweep_mlp80_lr0p001__dir0.1__seed42
[run] model=mlp  params=3,362
  round   1/50: acc=0.5000  f1m=0.3333  uplink_kB=131.3  t=1.12s
  round   2/50: acc=0.5000  f1m=0.3333  uplink_kB=131.3  t=0.67s
  round   3/50: acc=0.5000  f1m=0.3333  uplink_kB=131.3  t=0.66s
  round   4/50: acc=0.5000  f1m=0.3333  uplink_kB=131.3  t=0.65s
  round   5/50: acc=0.5000  f1m=0.3333  uplink_kB=131.3  t=0.66s
  round   6/50: acc=0.5000  f1m=0.3333  uplink_kB=131.3  t=0.62s
  round   7/50: acc=0.5000  f1m=0.3333  uplink_kB=131.3  t=0.68s
  round   8/50: acc=0.5000  f1m=0.3333  uplink_kB=131.3  t=0.67s
  round   9/50: acc=0.5000  f1m=0.3333  uplink_kB=131.3  t=0.69s
  round  10/50: acc=0.5000  f1m=0.3333  uplink_kB=131.3  t=0.69s
  round  11/50: acc=0.5000  f1m=0.3333  uplink_kB=131.3  t=0.67s
  round  12/50: acc=0.5000  f1m=0.3333  uplink_kB=131.3  t=0.71s
  round  13/50: acc=0.5002  f1m=0.3340  uplink_kB=131.3  t=0.62s
  round  14/50: acc=0.5039  f1m=0.3421  uplink_kB=131.3  t=0.69s
  round  15/50: acc=0.5070  f1m=0.3490  uplink_kB=131.3  t=0.68s
  round  16/50: acc=0.5082  f1m=0.3517  uplink_kB=131.3  t=0.69s
  round  17/50: acc=0.5119  f1m=0.3598  uplink_kB=131.3  t=0.67s
  round  18/50: acc=0.5130  f1m=0.3626  uplink_kB=131.3  t=0.66s
  round  19/50: acc=0.5138  f1m=0.3643  uplink_kB=131.3  t=0.69s
  round  20/50: acc=0.5140  f1m=0.3649  uplink_kB=131.3  t=0.65s
  round  21/50: acc=0.5141  f1m=0.3651  uplink_kB=131.3  t=0.67s
  round  22/50: acc=0.5144  f1m=0.3658  uplink_kB=131.3  t=0.66s
  round  23/50: acc=0.5145  f1m=0.3663  uplink_kB=131.3  t=0.67s
  round  24/50: acc=0.5146  f1m=0.3667  uplink_kB=131.3  t=0.70s
  round  25/50: acc=0.5144  f1m=0.3662  uplink_kB=131.3  t=0.70s
  round  26/50: acc=0.5141  f1m=0.3656  uplink_kB=131.3  t=0.59s
  round  27/50: acc=0.5141  f1m=0.3654  uplink_kB=131.3  t=0.66s
  round  28/50: acc=0.5147  f1m=0.3670  uplink_kB=131.3  t=0.67s
  round  29/50: acc=0.5149  f1m=0.3675  uplink_kB=131.3  t=0.67s
  round  30/50: acc=0.5152  f1m=0.3682  uplink_kB=131.3  t=0.66s
  round  31/50: acc=0.5152  f1m=0.3685  uplink_kB=131.3  t=0.67s
  round  32/50: acc=0.5151  f1m=0.3684  uplink_kB=131.3  t=0.63s
  round  33/50: acc=0.5151  f1m=0.3682  uplink_kB=131.3  t=0.67s
  round  34/50: acc=0.5150  f1m=0.3679  uplink_kB=131.3  t=0.67s
  round  35/50: acc=0.5150  f1m=0.3679  uplink_kB=131.3  t=0.66s
  round  36/50: acc=0.5149  f1m=0.3678  uplink_kB=131.3  t=0.68s
  round  37/50: acc=0.5149  f1m=0.3681  uplink_kB=131.3  t=0.63s
  round  38/50: acc=0.5149  f1m=0.3681  uplink_kB=131.3  t=0.63s
  round  39/50: acc=0.5149  f1m=0.3681  uplink_kB=131.3  t=0.66s
  round  40/50: acc=0.5148  f1m=0.3679  uplink_kB=131.3  t=0.67s
  round  41/50: acc=0.5147  f1m=0.3678  uplink_kB=131.3  t=0.67s
  round  42/50: acc=0.5148  f1m=0.3679  uplink_kB=131.3  t=0.67s
  round  43/50: acc=0.5150  f1m=0.3684  uplink_kB=131.3  t=0.67s
  round  44/50: acc=0.5150  f1m=0.3685  uplink_kB=131.3  t=0.67s
  round  45/50: acc=0.5149  f1m=0.3683  uplink_kB=131.3  t=0.59s
  round  46/50: acc=0.5149  f1m=0.3682  uplink_kB=131.3  t=0.69s
  round  47/50: acc=0.5148  f1m=0.3679  uplink_kB=131.3  t=0.66s
  round  48/50: acc=0.5148  f1m=0.3680  uplink_kB=131.3  t=0.69s
  round  49/50: acc=0.5149  f1m=0.3682  uplink_kB=131.3  t=0.72s
  round  50/50: acc=0.5149  f1m=0.3683  uplink_kB=131.3  t=0.64s
[run] DONE -> /Users/agentra/Documents/hao/working/paper-lab/hao-paper-2026/iotj-fedkan-ids/repo/results/lrsweep_toniot/lrsweep_mlp80_lr0p001__dir0.1__seed42/metrics.json  final_acc=0.5149
