[run] device=cpu  seed=17  out=/Users/agentra/Documents/hao/working/paper-lab/hao-paper-2026/iotj-fedkan-ids/repo/results/lrsweep_botiot/lrsweep_kan8_lr0p01__dir0.1__seed17
[run] model=kan  params=3,280
  round   1/50: acc=0.9660  f1m=0.9660  uplink_kB=150.2  t=2.25s
  round   2/50: acc=0.9712  f1m=0.9712  uplink_kB=150.2  t=1.62s
  round   3/50: acc=0.9720  f1m=0.9720  uplink_kB=150.2  t=1.69s
  round   4/50: acc=0.9730  f1m=0.9729  uplink_kB=150.2  t=1.65s
  round   5/50: acc=0.9736  f1m=0.9736  uplink_kB=150.2  t=1.59s
  round   6/50: acc=0.9735  f1m=0.9735  uplink_kB=150.2  t=1.68s
  round   7/50: acc=0.9735  f1m=0.9735  uplink_kB=150.2  t=1.66s
  round   8/50: acc=0.9737  f1m=0.9737  uplink_kB=150.2  t=1.62s
  round   9/50: acc=0.9745  f1m=0.9745  uplink_kB=150.2  t=1.62s
  round  10/50: acc=0.9744  f1m=0.9744  uplink_kB=150.2  t=1.81s
  round  11/50: acc=0.9751  f1m=0.9751  uplink_kB=150.2  t=1.65s
  round  12/50: acc=0.9750  f1m=0.9750  uplink_kB=150.2  t=1.64s
  round  13/50: acc=0.9747  f1m=0.9747  uplink_kB=150.2  t=1.62s
  round  14/50: acc=0.9972  f1m=0.9972  uplink_kB=150.2  t=1.63s
  round  15/50: acc=0.9972  f1m=0.9972  uplink_kB=150.2  t=1.68s
  round  16/50: acc=0.9952  f1m=0.9952  uplink_kB=150.2  t=1.66s
  round  17/50: acc=0.9969  f1m=0.9969  uplink_kB=150.2  t=1.62s
  round  18/50: acc=0.9973  f1m=0.9973  uplink_kB=150.2  t=1.54s
  round  19/50: acc=0.9967  f1m=0.9967  uplink_kB=150.2  t=1.64s
  round  20/50: acc=0.9974  f1m=0.9974  uplink_kB=150.2  t=1.64s
  round  21/50: acc=0.9968  f1m=0.9968  uplink_kB=150.2  t=1.63s
  round  22/50: acc=0.9965  f1m=0.9965  uplink_kB=150.2  t=1.63s
  round  23/50: acc=0.9977  f1m=0.9977  uplink_kB=150.2  t=1.65s
  round  24/50: acc=0.9977  f1m=0.9977  uplink_kB=150.2  t=1.65s
  round  25/50: acc=0.9973  f1m=0.9973  uplink_kB=150.2  t=1.56s
  round  26/50: acc=0.9978  f1m=0.9978  uplink_kB=150.2  t=1.66s
  round  27/50: acc=0.9977  f1m=0.9977  uplink_kB=150.2  t=1.67s
  round  28/50: acc=0.9978  f1m=0.9978  uplink_kB=150.2  t=1.63s
  round  29/50: acc=0.9971  f1m=0.9971  uplink_kB=150.2  t=1.68s
  round  30/50: acc=0.9979  f1m=0.9979  uplink_kB=150.2  t=1.66s
  round  31/50: acc=0.9982  f1m=0.9982  uplink_kB=150.2  t=1.66s
  round  32/50: acc=0.9978  f1m=0.9978  uplink_kB=150.2  t=1.59s
  round  33/50: acc=0.9981  f1m=0.9981  uplink_kB=150.2  t=1.63s
  round  34/50: acc=0.9981  f1m=0.9981  uplink_kB=150.2  t=1.67s
  round  35/50: acc=0.9977  f1m=0.9977  uplink_kB=150.2  t=1.66s
  round  36/50: acc=0.9974  f1m=0.9974  uplink_kB=150.2  t=1.66s
  round  37/50: acc=0.9980  f1m=0.9980  uplink_kB=150.2  t=1.61s
  round  38/50: acc=0.9976  f1m=0.9976  uplink_kB=150.2  t=1.66s
  round  39/50: acc=0.9978  f1m=0.9978  uplink_kB=150.2  t=1.54s
  round  40/50: acc=0.9977  f1m=0.9977  uplink_kB=150.2  t=1.61s
  round  41/50: acc=0.9981  f1m=0.9981  uplink_kB=150.2  t=1.76s
  round  42/50: acc=0.9982  f1m=0.9982  uplink_kB=150.2  t=1.66s
  round  43/50: acc=0.9982  f1m=0.9982  uplink_kB=150.2  t=1.67s
  round  44/50: acc=0.9983  f1m=0.9983  uplink_kB=150.2  t=1.69s
  round  45/50: acc=0.9979  f1m=0.9979  uplink_kB=150.2  t=1.63s
  round  46/50: acc=0.9982  f1m=0.9982  uplink_kB=150.2  t=1.58s
  round  47/50: acc=0.9982  f1m=0.9982  uplink_kB=150.2  t=1.63s
  round  48/50: acc=0.9982  f1m=0.9982  uplink_kB=150.2  t=1.62s
  round  49/50: acc=0.9979  f1m=0.9979  uplink_kB=150.2  t=1.67s
  round  50/50: acc=0.9983  f1m=0.9983  uplink_kB=150.2  t=1.69s
[run] DONE -> /Users/agentra/Documents/hao/working/paper-lab/hao-paper-2026/iotj-fedkan-ids/repo/results/lrsweep_botiot/lrsweep_kan8_lr0p01__dir0.1__seed17/metrics.json  final_acc=0.9983
