[run] device=cpu  seed=37  out=/Users/agentra/Documents/hao/working/paper-lab/hao-paper-2026/iotj-fedkan-ids/repo/results/lrsweep_toniot/lrsweep_mlp80_lr0p003__dir0.1__seed37
[run] model=mlp  params=3,362
  round   1/50: acc=0.5980  f1m=0.5348  uplink_kB=131.3  t=1.26s
  round   2/50: acc=0.7327  f1m=0.7294  uplink_kB=131.3  t=0.67s
  round   3/50: acc=0.7369  f1m=0.7346  uplink_kB=131.3  t=0.67s
  round   4/50: acc=0.7356  f1m=0.7338  uplink_kB=131.3  t=0.70s
  round   5/50: acc=0.7398  f1m=0.7381  uplink_kB=131.3  t=0.68s
  round   6/50: acc=0.7418  f1m=0.7402  uplink_kB=131.3  t=0.70s
  round   7/50: acc=0.7432  f1m=0.7417  uplink_kB=131.3  t=0.66s
  round   8/50: acc=0.7453  f1m=0.7438  uplink_kB=131.3  t=0.66s
  round   9/50: acc=0.7489  f1m=0.7475  uplink_kB=131.3  t=0.69s
  round  10/50: acc=0.7512  f1m=0.7499  uplink_kB=131.3  t=0.64s
  round  11/50: acc=0.7534  f1m=0.7518  uplink_kB=131.3  t=0.66s
  round  12/50: acc=0.7574  f1m=0.7558  uplink_kB=131.3  t=0.70s
  round  13/50: acc=0.7653  f1m=0.7634  uplink_kB=131.3  t=0.62s
  round  14/50: acc=0.7624  f1m=0.7596  uplink_kB=131.3  t=0.66s
  round  15/50: acc=0.7579  f1m=0.7555  uplink_kB=131.3  t=0.65s
  round  16/50: acc=0.7631  f1m=0.7602  uplink_kB=131.3  t=0.66s
  round  17/50: acc=0.7647  f1m=0.7616  uplink_kB=131.3  t=0.65s
  round  18/50: acc=0.7647  f1m=0.7613  uplink_kB=131.3  t=0.64s
  round  19/50: acc=0.7625  f1m=0.7585  uplink_kB=131.3  t=0.61s
  round  20/50: acc=0.7703  f1m=0.7672  uplink_kB=131.3  t=0.67s
  round  21/50: acc=0.7727  f1m=0.7695  uplink_kB=131.3  t=0.65s
  round  22/50: acc=0.7705  f1m=0.7669  uplink_kB=131.3  t=0.64s
  round  23/50: acc=0.7784  f1m=0.7750  uplink_kB=131.3  t=0.65s
  round  24/50: acc=0.7766  f1m=0.7728  uplink_kB=131.3  t=0.64s
  round  25/50: acc=0.8771  f1m=0.8770  uplink_kB=131.3  t=0.61s
  round  26/50: acc=0.8788  f1m=0.8787  uplink_kB=131.3  t=0.66s
  round  27/50: acc=0.8841  f1m=0.8839  uplink_kB=131.3  t=0.66s
  round  28/50: acc=0.8831  f1m=0.8829  uplink_kB=131.3  t=0.67s
  round  29/50: acc=0.8842  f1m=0.8839  uplink_kB=131.3  t=0.67s
  round  30/50: acc=0.8884  f1m=0.8880  uplink_kB=131.3  t=0.68s
  round  31/50: acc=0.8931  f1m=0.8928  uplink_kB=131.3  t=0.65s
  round  32/50: acc=0.8917  f1m=0.8914  uplink_kB=131.3  t=0.61s
  round  33/50: acc=0.8905  f1m=0.8901  uplink_kB=131.3  t=0.66s
  round  34/50: acc=0.8876  f1m=0.8870  uplink_kB=131.3  t=0.65s
  round  35/50: acc=0.8900  f1m=0.8895  uplink_kB=131.3  t=0.66s
  round  36/50: acc=0.8895  f1m=0.8888  uplink_kB=131.3  t=0.66s
  round  37/50: acc=0.8902  f1m=0.8895  uplink_kB=131.3  t=0.68s
  round  38/50: acc=0.8877  f1m=0.8868  uplink_kB=131.3  t=0.66s
  round  39/50: acc=0.8934  f1m=0.8928  uplink_kB=131.3  t=0.67s
  round  40/50: acc=0.8893  f1m=0.8885  uplink_kB=131.3  t=0.64s
  round  41/50: acc=0.8945  f1m=0.8939  uplink_kB=131.3  t=0.66s
  round  42/50: acc=0.8955  f1m=0.8949  uplink_kB=131.3  t=0.68s
  round  43/50: acc=0.8872  f1m=0.8864  uplink_kB=131.3  t=0.68s
  round  44/50: acc=0.8917  f1m=0.8910  uplink_kB=131.3  t=0.70s
  round  45/50: acc=0.8931  f1m=0.8925  uplink_kB=131.3  t=0.67s
  round  46/50: acc=0.8903  f1m=0.8896  uplink_kB=131.3  t=0.64s
  round  47/50: acc=0.8817  f1m=0.8807  uplink_kB=131.3  t=0.62s
  round  48/50: acc=0.8875  f1m=0.8866  uplink_kB=131.3  t=0.67s
  round  49/50: acc=0.9280  f1m=0.9278  uplink_kB=131.3  t=0.64s
  round  50/50: acc=0.9293  f1m=0.9292  uplink_kB=131.3  t=0.65s
[run] DONE -> /Users/agentra/Documents/hao/working/paper-lab/hao-paper-2026/iotj-fedkan-ids/repo/results/lrsweep_toniot/lrsweep_mlp80_lr0p003__dir0.1__seed37/metrics.json  final_acc=0.9293
