[run] device=cpu  seed=2026  out=/Users/agentra/Documents/hao/working/paper-lab/hao-paper-2026/iotj-fedkan-ids/repo/results/lrsweep_cseciic/lrsweep_kan16_lr0p03__dir0.1__seed2026
[run] model=kan  params=6,560
  round   1/50: acc=0.6831  f1m=0.6479  uplink_kB=282.0  t=2.86s
  round   2/50: acc=0.9322  f1m=0.9322  uplink_kB=282.0  t=1.96s
  round   3/50: acc=0.9370  f1m=0.9368  uplink_kB=282.0  t=1.91s
  round   4/50: acc=0.9439  f1m=0.9439  uplink_kB=282.0  t=2.91s
  round   5/50: acc=0.9032  f1m=0.9023  uplink_kB=282.0  t=1.78s
  round   6/50: acc=0.9664  f1m=0.9664  uplink_kB=282.0  t=2.04s
  round   7/50: acc=0.9658  f1m=0.9658  uplink_kB=282.0  t=1.87s
  round   8/50: acc=0.9656  f1m=0.9655  uplink_kB=282.0  t=1.92s
  round   9/50: acc=0.9740  f1m=0.9740  uplink_kB=282.0  t=1.83s
  round  10/50: acc=0.9741  f1m=0.9741  uplink_kB=282.0  t=1.83s
  round  11/50: acc=0.9723  f1m=0.9723  uplink_kB=282.0  t=1.85s
  round  12/50: acc=0.9755  f1m=0.9755  uplink_kB=282.0  t=1.86s
  round  13/50: acc=0.9738  f1m=0.9738  uplink_kB=282.0  t=1.83s
  round  14/50: acc=0.8243  f1m=0.8187  uplink_kB=282.0  t=1.85s
  round  15/50: acc=0.9718  f1m=0.9717  uplink_kB=282.0  t=1.89s
  round  16/50: acc=0.9400  f1m=0.9398  uplink_kB=282.0  t=1.88s
  round  17/50: acc=0.9617  f1m=0.9617  uplink_kB=282.0  t=1.89s
  round  18/50: acc=0.9268  f1m=0.9264  uplink_kB=282.0  t=1.82s
  round  19/50: acc=0.9707  f1m=0.9706  uplink_kB=282.0  t=1.89s
  round  20/50: acc=0.9751  f1m=0.9751  uplink_kB=282.0  t=1.96s
  round  21/50: acc=0.9737  f1m=0.9737  uplink_kB=282.0  t=1.87s
  round  22/50: acc=0.9345  f1m=0.9343  uplink_kB=282.0  t=1.93s
  round  23/50: acc=0.9715  f1m=0.9715  uplink_kB=282.0  t=1.91s
  round  24/50: acc=0.9470  f1m=0.9469  uplink_kB=282.0  t=1.88s
  round  25/50: acc=0.9696  f1m=0.9696  uplink_kB=282.0  t=1.84s
  round  26/50: acc=0.9759  f1m=0.9759  uplink_kB=282.0  t=1.96s
  round  27/50: acc=0.9502  f1m=0.9501  uplink_kB=282.0  t=1.92s
  round  28/50: acc=0.9721  f1m=0.9721  uplink_kB=282.0  t=1.95s
  round  29/50: acc=0.9762  f1m=0.9762  uplink_kB=282.0  t=1.85s
  round  30/50: acc=0.9760  f1m=0.9760  uplink_kB=282.0  t=1.85s
  round  31/50: acc=0.9763  f1m=0.9763  uplink_kB=282.0  t=1.93s
  round  32/50: acc=0.9764  f1m=0.9764  uplink_kB=282.0  t=1.99s
  round  33/50: acc=0.9766  f1m=0.9766  uplink_kB=282.0  t=1.89s
  round  34/50: acc=0.9234  f1m=0.9229  uplink_kB=282.0  t=1.94s
  round  35/50: acc=0.9720  f1m=0.9720  uplink_kB=282.0  t=1.91s
  round  36/50: acc=0.9657  f1m=0.9656  uplink_kB=282.0  t=1.88s
  round  37/50: acc=0.9757  f1m=0.9756  uplink_kB=282.0  t=1.96s
  round  38/50: acc=0.9732  f1m=0.9732  uplink_kB=282.0  t=1.92s
  round  39/50: acc=0.9238  f1m=0.9234  uplink_kB=282.0  t=2.07s
  round  40/50: acc=0.9762  f1m=0.9762  uplink_kB=282.0  t=1.94s
  round  41/50: acc=0.9762  f1m=0.9761  uplink_kB=282.0  t=1.91s
  round  42/50: acc=0.9766  f1m=0.9766  uplink_kB=282.0  t=1.97s
  round  43/50: acc=0.9759  f1m=0.9759  uplink_kB=282.0  t=1.93s
  round  44/50: acc=0.9759  f1m=0.9759  uplink_kB=282.0  t=1.90s
  round  45/50: acc=0.9665  f1m=0.9665  uplink_kB=282.0  t=1.92s
  round  46/50: acc=0.9759  f1m=0.9759  uplink_kB=282.0  t=1.94s
  round  47/50: acc=0.9767  f1m=0.9767  uplink_kB=282.0  t=2.02s
  round  48/50: acc=0.9760  f1m=0.9760  uplink_kB=282.0  t=2.06s
  round  49/50: acc=0.9759  f1m=0.9759  uplink_kB=282.0  t=2.02s
  round  50/50: acc=0.9763  f1m=0.9763  uplink_kB=282.0  t=2.12s
[run] DONE -> /Users/agentra/Documents/hao/working/paper-lab/hao-paper-2026/iotj-fedkan-ids/repo/results/lrsweep_cseciic/lrsweep_kan16_lr0p03__dir0.1__seed2026/metrics.json  final_acc=0.9763
