[run] device=cpu  seed=29  out=/Users/agentra/Documents/hao/working/paper-lab/hao-paper-2026/iotj-fedkan-ids/repo/results/lrsweep_cseciic_mc/lrsweep_kan8_lr0p001__dir0.1__seed29
[run] model=kan  params=4,320
  round   1/50: acc=0.2279  f1m=0.0544  uplink_kB=190.8  t=5.85s
  round   2/50: acc=0.2324  f1m=0.0578  uplink_kB=190.8  t=5.56s
  round   3/50: acc=0.3913  f1m=0.1117  uplink_kB=190.8  t=5.35s
  round   4/50: acc=0.4049  f1m=0.1364  uplink_kB=190.8  t=5.29s
  round   5/50: acc=0.4126  f1m=0.1479  uplink_kB=190.8  t=5.40s
  round   6/50: acc=0.4164  f1m=0.1513  uplink_kB=190.8  t=5.31s
  round   7/50: acc=0.4224  f1m=0.1554  uplink_kB=190.8  t=5.98s
  round   8/50: acc=0.4588  f1m=0.2145  uplink_kB=190.8  t=5.30s
  round   9/50: acc=0.4607  f1m=0.2158  uplink_kB=190.8  t=5.52s
  round  10/50: acc=0.4630  f1m=0.2177  uplink_kB=190.8  t=5.38s
  round  11/50: acc=0.4662  f1m=0.2202  uplink_kB=190.8  t=5.46s
  round  12/50: acc=0.4670  f1m=0.2205  uplink_kB=190.8  t=5.37s
  round  13/50: acc=0.4674  f1m=0.2208  uplink_kB=190.8  t=5.46s
  round  14/50: acc=0.4687  f1m=0.2223  uplink_kB=190.8  t=5.39s
  round  15/50: acc=0.4796  f1m=0.2696  uplink_kB=190.8  t=5.41s
  round  16/50: acc=0.4857  f1m=0.2757  uplink_kB=190.8  t=6.10s
  round  17/50: acc=0.4865  f1m=0.2780  uplink_kB=190.8  t=5.42s
  round  18/50: acc=0.4910  f1m=0.2972  uplink_kB=190.8  t=5.45s
  round  19/50: acc=0.4907  f1m=0.2972  uplink_kB=190.8  t=5.45s
  round  20/50: acc=0.4909  f1m=0.2982  uplink_kB=190.8  t=5.33s
  round  21/50: acc=0.4951  f1m=0.3132  uplink_kB=190.8  t=5.43s
  round  22/50: acc=0.5207  f1m=0.3628  uplink_kB=190.8  t=5.95s
  round  23/50: acc=0.5215  f1m=0.3641  uplink_kB=190.8  t=5.39s
  round  24/50: acc=0.5216  f1m=0.3640  uplink_kB=190.8  t=5.45s
  round  25/50: acc=0.5218  f1m=0.3631  uplink_kB=190.8  t=6.17s
  round  26/50: acc=0.5224  f1m=0.3630  uplink_kB=190.8  t=5.36s
  round  27/50: acc=0.5256  f1m=0.3660  uplink_kB=190.8  t=5.39s
  round  28/50: acc=0.5274  f1m=0.3679  uplink_kB=190.8  t=5.38s
  round  29/50: acc=0.5329  f1m=0.4292  uplink_kB=190.8  t=5.84s
  round  30/50: acc=0.5448  f1m=0.4408  uplink_kB=190.8  t=6.16s
  round  31/50: acc=0.5607  f1m=0.4525  uplink_kB=190.8  t=5.37s
  round  32/50: acc=0.5680  f1m=0.4575  uplink_kB=190.8  t=5.36s
  round  33/50: acc=0.5856  f1m=0.4706  uplink_kB=190.8  t=5.56s
  round  34/50: acc=0.6071  f1m=0.4859  uplink_kB=190.8  t=5.41s
  round  35/50: acc=0.6496  f1m=0.5105  uplink_kB=190.8  t=5.36s
  round  36/50: acc=0.6762  f1m=0.5232  uplink_kB=190.8  t=5.31s
  round  37/50: acc=0.6777  f1m=0.5238  uplink_kB=190.8  t=5.43s
  round  38/50: acc=0.6840  f1m=0.5263  uplink_kB=190.8  t=5.40s
  round  39/50: acc=0.6915  f1m=0.5305  uplink_kB=190.8  t=5.43s
  round  40/50: acc=0.6982  f1m=0.5343  uplink_kB=190.8  t=5.37s
  round  41/50: acc=0.7056  f1m=0.5381  uplink_kB=190.8  t=5.32s
  round  42/50: acc=0.7078  f1m=0.5393  uplink_kB=190.8  t=5.38s
  round  43/50: acc=0.7515  f1m=0.5616  uplink_kB=190.8  t=5.49s
  round  44/50: acc=0.7606  f1m=0.5658  uplink_kB=190.8  t=5.45s
  round  45/50: acc=0.7637  f1m=0.5675  uplink_kB=190.8  t=5.50s
  round  46/50: acc=0.7850  f1m=0.5821  uplink_kB=190.8  t=5.46s
  round  47/50: acc=0.7859  f1m=0.5858  uplink_kB=190.8  t=5.39s
  round  48/50: acc=0.7858  f1m=0.5861  uplink_kB=190.8  t=5.43s
  round  49/50: acc=0.7872  f1m=0.5891  uplink_kB=190.8  t=5.42s
  round  50/50: acc=0.7933  f1m=0.6211  uplink_kB=190.8  t=5.39s
[run] DONE -> /Users/agentra/Documents/hao/working/paper-lab/hao-paper-2026/iotj-fedkan-ids/repo/results/lrsweep_cseciic_mc/lrsweep_kan8_lr0p001__dir0.1__seed29/metrics.json  final_acc=0.7933
