[run] device=cpu  seed=42  out=/Users/agentra/Documents/hao/working/paper-lab/hao-paper-2026/iotj-fedkan-ids/repo/results/lrsweep_toniot/lrsweep_kan8_lr0p001__dir0.1__seed42
[run] model=kan  params=3,280
  round   1/50: acc=0.5000  f1m=0.3333  uplink_kB=150.2  t=2.19s
  round   2/50: acc=0.5000  f1m=0.3333  uplink_kB=150.2  t=1.64s
  round   3/50: acc=0.5000  f1m=0.3333  uplink_kB=150.2  t=1.68s
  round   4/50: acc=0.5000  f1m=0.3333  uplink_kB=150.2  t=1.62s
  round   5/50: acc=0.5000  f1m=0.3333  uplink_kB=150.2  t=1.59s
  round   6/50: acc=0.5000  f1m=0.3333  uplink_kB=150.2  t=1.71s
  round   7/50: acc=0.5000  f1m=0.3333  uplink_kB=150.2  t=1.84s
  round   8/50: acc=0.5000  f1m=0.3333  uplink_kB=150.2  t=1.66s
  round   9/50: acc=0.5000  f1m=0.3333  uplink_kB=150.2  t=1.65s
  round  10/50: acc=0.5000  f1m=0.3333  uplink_kB=150.2  t=1.66s
  round  11/50: acc=0.5000  f1m=0.3333  uplink_kB=150.2  t=1.63s
  round  12/50: acc=0.5000  f1m=0.3333  uplink_kB=150.2  t=1.66s
  round  13/50: acc=0.5000  f1m=0.3333  uplink_kB=150.2  t=1.60s
  round  14/50: acc=0.5003  f1m=0.3341  uplink_kB=150.2  t=1.65s
  round  15/50: acc=0.5012  f1m=0.3360  uplink_kB=150.2  t=1.66s
  round  16/50: acc=0.5017  f1m=0.3374  uplink_kB=150.2  t=1.69s
  round  17/50: acc=0.5040  f1m=0.3426  uplink_kB=150.2  t=1.64s
  round  18/50: acc=0.5068  f1m=0.3487  uplink_kB=150.2  t=1.66s
  round  19/50: acc=0.5083  f1m=0.3521  uplink_kB=150.2  t=1.65s
  round  20/50: acc=0.5090  f1m=0.3540  uplink_kB=150.2  t=1.63s
  round  21/50: acc=0.5111  f1m=0.3585  uplink_kB=150.2  t=1.59s
  round  22/50: acc=0.5122  f1m=0.3609  uplink_kB=150.2  t=1.63s
  round  23/50: acc=0.5132  f1m=0.3631  uplink_kB=150.2  t=1.66s
  round  24/50: acc=0.5138  f1m=0.3647  uplink_kB=150.2  t=1.63s
  round  25/50: acc=0.5142  f1m=0.3657  uplink_kB=150.2  t=1.59s
  round  26/50: acc=0.5144  f1m=0.3660  uplink_kB=150.2  t=1.59s
  round  27/50: acc=0.5145  f1m=0.3664  uplink_kB=150.2  t=1.68s
  round  28/50: acc=0.5147  f1m=0.3666  uplink_kB=150.2  t=1.67s
  round  29/50: acc=0.5147  f1m=0.3667  uplink_kB=150.2  t=1.68s
  round  30/50: acc=0.5133  f1m=0.3662  uplink_kB=150.2  t=1.67s
  round  31/50: acc=0.5117  f1m=0.3655  uplink_kB=150.2  t=1.64s
  round  32/50: acc=0.5112  f1m=0.3652  uplink_kB=150.2  t=1.63s
  round  33/50: acc=0.5116  f1m=0.3655  uplink_kB=150.2  t=1.64s
  round  34/50: acc=0.5114  f1m=0.3655  uplink_kB=150.2  t=1.55s
  round  35/50: acc=0.5113  f1m=0.3656  uplink_kB=150.2  t=1.65s
  round  36/50: acc=0.5102  f1m=0.3652  uplink_kB=150.2  t=1.70s
  round  37/50: acc=0.5085  f1m=0.3647  uplink_kB=150.2  t=1.61s
  round  38/50: acc=0.5096  f1m=0.3655  uplink_kB=150.2  t=1.64s
  round  39/50: acc=0.5087  f1m=0.3651  uplink_kB=150.2  t=1.63s
  round  40/50: acc=0.5096  f1m=0.3656  uplink_kB=150.2  t=1.59s
  round  41/50: acc=0.5092  f1m=0.3669  uplink_kB=150.2  t=1.71s
  round  42/50: acc=0.5094  f1m=0.3674  uplink_kB=150.2  t=1.68s
  round  43/50: acc=0.5136  f1m=0.3776  uplink_kB=150.2  t=1.63s
  round  44/50: acc=0.5139  f1m=0.3776  uplink_kB=150.2  t=1.67s
  round  45/50: acc=0.5141  f1m=0.3779  uplink_kB=150.2  t=1.62s
  round  46/50: acc=0.5139  f1m=0.3774  uplink_kB=150.2  t=1.66s
  round  47/50: acc=0.5150  f1m=0.3796  uplink_kB=150.2  t=1.59s
  round  48/50: acc=0.5141  f1m=0.3770  uplink_kB=150.2  t=1.70s
  round  49/50: acc=0.5151  f1m=0.3789  uplink_kB=150.2  t=1.65s
  round  50/50: acc=0.5172  f1m=0.3829  uplink_kB=150.2  t=1.57s
[run] DONE -> /Users/agentra/Documents/hao/working/paper-lab/hao-paper-2026/iotj-fedkan-ids/repo/results/lrsweep_toniot/lrsweep_kan8_lr0p001__dir0.1__seed42/metrics.json  final_acc=0.5172
