[run] device=cpu  seed=31  out=/Users/agentra/Documents/hao/working/paper-lab/hao-paper-2026/iotj-fedkan-ids/repo/results/lrsweep_toniot/lrsweep_kan16_lr0p003__dir0.1__seed31
[run] model=kan  params=6,560
  round   1/50: acc=0.6377  f1m=0.6290  uplink_kB=282.0  t=2.20s
  round   2/50: acc=0.6401  f1m=0.6319  uplink_kB=282.0  t=1.87s
  round   3/50: acc=0.7487  f1m=0.7335  uplink_kB=282.0  t=1.84s
  round   4/50: acc=0.5458  f1m=0.4403  uplink_kB=282.0  t=1.86s
  round   5/50: acc=0.5556  f1m=0.4573  uplink_kB=282.0  t=1.90s
  round   6/50: acc=0.5625  f1m=0.4717  uplink_kB=282.0  t=1.79s
  round   7/50: acc=0.5630  f1m=0.4716  uplink_kB=282.0  t=1.87s
  round   8/50: acc=0.5597  f1m=0.4625  uplink_kB=282.0  t=1.85s
  round   9/50: acc=0.5649  f1m=0.4716  uplink_kB=282.0  t=1.84s
  round  10/50: acc=0.5676  f1m=0.4739  uplink_kB=282.0  t=1.87s
  round  11/50: acc=0.7853  f1m=0.7760  uplink_kB=282.0  t=1.87s
  round  12/50: acc=0.7887  f1m=0.7797  uplink_kB=282.0  t=1.87s
  round  13/50: acc=0.8764  f1m=0.8749  uplink_kB=282.0  t=1.86s
  round  14/50: acc=0.7937  f1m=0.7856  uplink_kB=282.0  t=1.80s
  round  15/50: acc=0.8772  f1m=0.8757  uplink_kB=282.0  t=1.86s
  round  16/50: acc=0.8818  f1m=0.8804  uplink_kB=282.0  t=1.88s
  round  17/50: acc=0.8778  f1m=0.8762  uplink_kB=282.0  t=2.00s
  round  18/50: acc=0.8884  f1m=0.8872  uplink_kB=282.0  t=1.90s
  round  19/50: acc=0.8871  f1m=0.8859  uplink_kB=282.0  t=1.87s
  round  20/50: acc=0.8785  f1m=0.8769  uplink_kB=282.0  t=1.92s
  round  21/50: acc=0.8904  f1m=0.8893  uplink_kB=282.0  t=1.80s
  round  22/50: acc=0.8938  f1m=0.8928  uplink_kB=282.0  t=1.89s
  round  23/50: acc=0.8941  f1m=0.8930  uplink_kB=282.0  t=1.89s
  round  24/50: acc=0.8898  f1m=0.8885  uplink_kB=282.0  t=1.88s
  round  25/50: acc=0.8863  f1m=0.8850  uplink_kB=282.0  t=1.88s
  round  26/50: acc=0.8864  f1m=0.8850  uplink_kB=282.0  t=1.93s
  round  27/50: acc=0.8940  f1m=0.8929  uplink_kB=282.0  t=1.88s
  round  28/50: acc=0.8906  f1m=0.8894  uplink_kB=282.0  t=1.86s
  round  29/50: acc=0.8944  f1m=0.8934  uplink_kB=282.0  t=1.84s
  round  30/50: acc=0.8961  f1m=0.8951  uplink_kB=282.0  t=1.88s
  round  31/50: acc=0.8938  f1m=0.8927  uplink_kB=282.0  t=1.89s
  round  32/50: acc=0.9012  f1m=0.9003  uplink_kB=282.0  t=1.87s
  round  33/50: acc=0.8916  f1m=0.8904  uplink_kB=282.0  t=1.85s
  round  34/50: acc=0.8901  f1m=0.8888  uplink_kB=282.0  t=1.87s
  round  35/50: acc=0.9010  f1m=0.9001  uplink_kB=282.0  t=1.89s
  round  36/50: acc=0.9024  f1m=0.9016  uplink_kB=282.0  t=1.91s
  round  37/50: acc=0.9042  f1m=0.9034  uplink_kB=282.0  t=1.83s
  round  38/50: acc=0.9105  f1m=0.9098  uplink_kB=282.0  t=1.88s
  round  39/50: acc=0.9039  f1m=0.9031  uplink_kB=282.0  t=1.89s
  round  40/50: acc=0.8955  f1m=0.8944  uplink_kB=282.0  t=1.89s
  round  41/50: acc=0.9107  f1m=0.9101  uplink_kB=282.0  t=1.88s
  round  42/50: acc=0.9097  f1m=0.9090  uplink_kB=282.0  t=1.90s
  round  43/50: acc=0.9120  f1m=0.9114  uplink_kB=282.0  t=1.88s
  round  44/50: acc=0.9120  f1m=0.9114  uplink_kB=282.0  t=1.87s
  round  45/50: acc=0.9103  f1m=0.9098  uplink_kB=282.0  t=1.82s
  round  46/50: acc=0.9083  f1m=0.9076  uplink_kB=282.0  t=1.89s
  round  47/50: acc=0.9160  f1m=0.9156  uplink_kB=282.0  t=1.85s
  round  48/50: acc=0.9199  f1m=0.9195  uplink_kB=282.0  t=1.89s
  round  49/50: acc=0.9180  f1m=0.9176  uplink_kB=282.0  t=1.88s
  round  50/50: acc=0.9225  f1m=0.9221  uplink_kB=282.0  t=1.86s
[run] DONE -> /Users/agentra/Documents/hao/working/paper-lab/hao-paper-2026/iotj-fedkan-ids/repo/results/lrsweep_toniot/lrsweep_kan16_lr0p003__dir0.1__seed31/metrics.json  final_acc=0.9225
