[run] device=cpu  seed=42  out=/Users/agentra/Documents/hao/working/paper-lab/hao-paper-2026/iotj-fedkan-ids/repo/results/mc_toniot/mc_kan16_lr0p01__dir0.1__seed42
[run] model=kan  params=7,840
  round   1/50: acc=0.4199  f1m=0.2624  uplink_kB=332.0  t=4.17s
  round   2/50: acc=0.4385  f1m=0.2615  uplink_kB=332.0  t=3.22s
  round   3/50: acc=0.5264  f1m=0.4246  uplink_kB=332.0  t=3.51s
  round   4/50: acc=0.5492  f1m=0.4852  uplink_kB=332.0  t=3.38s
  round   5/50: acc=0.6478  f1m=0.6270  uplink_kB=332.0  t=3.33s
  round   6/50: acc=0.6733  f1m=0.6751  uplink_kB=332.0  t=3.38s
  round   7/50: acc=0.7007  f1m=0.6912  uplink_kB=332.0  t=3.28s
  round   8/50: acc=0.6945  f1m=0.6804  uplink_kB=332.0  t=3.32s
  round   9/50: acc=0.7521  f1m=0.7352  uplink_kB=332.0  t=3.39s
  round  10/50: acc=0.7868  f1m=0.7644  uplink_kB=332.0  t=3.40s
  round  11/50: acc=0.7701  f1m=0.7495  uplink_kB=332.0  t=3.28s
  round  12/50: acc=0.7678  f1m=0.7473  uplink_kB=332.0  t=3.44s
  round  13/50: acc=0.8022  f1m=0.7787  uplink_kB=332.0  t=3.32s
  round  14/50: acc=0.7854  f1m=0.7687  uplink_kB=332.0  t=3.38s
  round  15/50: acc=0.8163  f1m=0.7950  uplink_kB=332.0  t=3.31s
  round  16/50: acc=0.7894  f1m=0.7763  uplink_kB=332.0  t=3.30s
  round  17/50: acc=0.7954  f1m=0.7804  uplink_kB=332.0  t=3.39s
  round  18/50: acc=0.8204  f1m=0.8030  uplink_kB=332.0  t=3.33s
  round  19/50: acc=0.8008  f1m=0.7910  uplink_kB=332.0  t=3.25s
  round  20/50: acc=0.7946  f1m=0.7807  uplink_kB=332.0  t=3.09s
  round  21/50: acc=0.7961  f1m=0.7819  uplink_kB=332.0  t=3.03s
  round  22/50: acc=0.8182  f1m=0.8056  uplink_kB=332.0  t=3.09s
  round  23/50: acc=0.8107  f1m=0.7991  uplink_kB=332.0  t=3.14s
  round  24/50: acc=0.7974  f1m=0.7890  uplink_kB=332.0  t=3.08s
  round  25/50: acc=0.8210  f1m=0.8081  uplink_kB=332.0  t=3.10s
  round  26/50: acc=0.8010  f1m=0.7928  uplink_kB=332.0  t=3.04s
  round  27/50: acc=0.8153  f1m=0.8028  uplink_kB=332.0  t=3.07s
  round  28/50: acc=0.8019  f1m=0.7902  uplink_kB=332.0  t=3.13s
  round  29/50: acc=0.8310  f1m=0.8176  uplink_kB=332.0  t=3.06s
  round  30/50: acc=0.8143  f1m=0.8011  uplink_kB=332.0  t=3.16s
  round  31/50: acc=0.8250  f1m=0.8100  uplink_kB=332.0  t=3.08s
  round  32/50: acc=0.8201  f1m=0.8085  uplink_kB=332.0  t=3.10s
  round  33/50: acc=0.8058  f1m=0.7940  uplink_kB=332.0  t=3.06s
  round  34/50: acc=0.8010  f1m=0.7904  uplink_kB=332.0  t=3.19s
  round  35/50: acc=0.8347  f1m=0.8178  uplink_kB=332.0  t=3.12s
  round  36/50: acc=0.8274  f1m=0.8139  uplink_kB=332.0  t=3.18s
  round  37/50: acc=0.8329  f1m=0.8195  uplink_kB=332.0  t=3.06s
  round  38/50: acc=0.8175  f1m=0.8060  uplink_kB=332.0  t=3.17s
  round  39/50: acc=0.8215  f1m=0.8088  uplink_kB=332.0  t=3.03s
  round  40/50: acc=0.8300  f1m=0.8159  uplink_kB=332.0  t=3.22s
  round  41/50: acc=0.8297  f1m=0.8137  uplink_kB=332.0  t=3.10s
  round  42/50: acc=0.8271  f1m=0.8125  uplink_kB=332.0  t=3.03s
  round  43/50: acc=0.8345  f1m=0.8185  uplink_kB=332.0  t=3.20s
  round  44/50: acc=0.8299  f1m=0.8165  uplink_kB=332.0  t=3.13s
  round  45/50: acc=0.8169  f1m=0.8061  uplink_kB=332.0  t=3.18s
  round  46/50: acc=0.8276  f1m=0.8127  uplink_kB=332.0  t=3.19s
  round  47/50: acc=0.8242  f1m=0.8106  uplink_kB=332.0  t=3.06s
  round  48/50: acc=0.8079  f1m=0.7971  uplink_kB=332.0  t=3.13s
  round  49/50: acc=0.8256  f1m=0.8104  uplink_kB=332.0  t=3.17s
  round  50/50: acc=0.8265  f1m=0.8121  uplink_kB=332.0  t=3.07s
[run] DONE -> /Users/agentra/Documents/hao/working/paper-lab/hao-paper-2026/iotj-fedkan-ids/repo/results/mc_toniot/mc_kan16_lr0p01__dir0.1__seed42/metrics.json  final_acc=0.8265
