[run] device=cpu  seed=42  out=/Users/agentra/Documents/hao/working/paper-lab/hao-paper-2026/iotj-fedkan-ids/repo/results/sensitivity_botiot/sens_G10__dir0.1__seed42
[run] model=kan  params=4,920
  round   1/50: acc=0.8178  f1m=0.8117  uplink_kB=223.4  t=2.97s
  round   2/50: acc=0.9713  f1m=0.9713  uplink_kB=223.4  t=2.28s
  round   3/50: acc=0.9739  f1m=0.9739  uplink_kB=223.4  t=2.22s
  round   4/50: acc=0.9751  f1m=0.9751  uplink_kB=223.4  t=6.18s
  round   5/50: acc=0.9751  f1m=0.9751  uplink_kB=223.4  t=3.36s
  round   6/50: acc=0.9750  f1m=0.9750  uplink_kB=223.4  t=2.13s
  round   7/50: acc=0.9753  f1m=0.9753  uplink_kB=223.4  t=2.28s
  round   8/50: acc=0.9963  f1m=0.9963  uplink_kB=223.4  t=2.08s
  round   9/50: acc=0.9755  f1m=0.9755  uplink_kB=223.4  t=2.11s
  round  10/50: acc=0.9752  f1m=0.9751  uplink_kB=223.4  t=2.69s
  round  11/50: acc=0.9753  f1m=0.9752  uplink_kB=223.4  t=2.26s
  round  12/50: acc=0.9722  f1m=0.9722  uplink_kB=223.4  t=2.25s
  round  13/50: acc=0.9970  f1m=0.9970  uplink_kB=223.4  t=2.25s
  round  14/50: acc=0.9964  f1m=0.9964  uplink_kB=223.4  t=2.36s
  round  15/50: acc=0.9962  f1m=0.9962  uplink_kB=223.4  t=2.29s
  round  16/50: acc=0.9964  f1m=0.9964  uplink_kB=223.4  t=2.30s
  round  17/50: acc=0.9963  f1m=0.9963  uplink_kB=223.4  t=2.29s
  round  18/50: acc=0.9961  f1m=0.9961  uplink_kB=223.4  t=2.27s
  round  19/50: acc=0.9962  f1m=0.9962  uplink_kB=223.4  t=2.33s
  round  20/50: acc=0.9967  f1m=0.9967  uplink_kB=223.4  t=2.28s
  round  21/50: acc=0.9758  f1m=0.9757  uplink_kB=223.4  t=2.34s
  round  22/50: acc=0.9971  f1m=0.9971  uplink_kB=223.4  t=2.28s
  round  23/50: acc=0.9966  f1m=0.9966  uplink_kB=223.4  t=2.37s
  round  24/50: acc=0.9964  f1m=0.9964  uplink_kB=223.4  t=2.26s
  round  25/50: acc=0.9967  f1m=0.9967  uplink_kB=223.4  t=2.23s
  round  26/50: acc=0.9967  f1m=0.9967  uplink_kB=223.4  t=2.32s
  round  27/50: acc=0.9980  f1m=0.9980  uplink_kB=223.4  t=2.30s
  round  28/50: acc=0.9976  f1m=0.9976  uplink_kB=223.4  t=2.35s
  round  29/50: acc=0.9963  f1m=0.9963  uplink_kB=223.4  t=2.30s
  round  30/50: acc=0.9763  f1m=0.9763  uplink_kB=223.4  t=2.31s
  round  31/50: acc=0.9972  f1m=0.9972  uplink_kB=223.4  t=2.29s
  round  32/50: acc=0.9969  f1m=0.9969  uplink_kB=223.4  t=2.29s
  round  33/50: acc=0.9969  f1m=0.9969  uplink_kB=223.4  t=2.31s
  round  34/50: acc=0.9982  f1m=0.9982  uplink_kB=223.4  t=2.34s
  round  35/50: acc=0.9981  f1m=0.9981  uplink_kB=223.4  t=2.29s
  round  36/50: acc=0.9983  f1m=0.9983  uplink_kB=223.4  t=2.31s
  round  37/50: acc=0.9984  f1m=0.9984  uplink_kB=223.4  t=2.28s
  round  38/50: acc=0.9982  f1m=0.9982  uplink_kB=223.4  t=2.30s
  round  39/50: acc=0.9974  f1m=0.9974  uplink_kB=223.4  t=2.16s
  round  40/50: acc=0.9984  f1m=0.9984  uplink_kB=223.4  t=2.14s
  round  41/50: acc=0.9984  f1m=0.9984  uplink_kB=223.4  t=2.35s
  round  42/50: acc=0.9987  f1m=0.9987  uplink_kB=223.4  t=2.30s
  round  43/50: acc=0.9986  f1m=0.9986  uplink_kB=223.4  t=2.33s
  round  44/50: acc=0.9978  f1m=0.9978  uplink_kB=223.4  t=2.39s
  round  45/50: acc=0.9982  f1m=0.9982  uplink_kB=223.4  t=2.26s
  round  46/50: acc=0.9985  f1m=0.9985  uplink_kB=223.4  t=2.27s
  round  47/50: acc=0.9987  f1m=0.9987  uplink_kB=223.4  t=2.31s
  round  48/50: acc=0.9986  f1m=0.9986  uplink_kB=223.4  t=2.31s
  round  49/50: acc=0.9985  f1m=0.9985  uplink_kB=223.4  t=2.24s
  round  50/50: acc=0.9984  f1m=0.9984  uplink_kB=223.4  t=2.31s
[run] DONE -> /Users/agentra/Documents/hao/working/paper-lab/hao-paper-2026/iotj-fedkan-ids/repo/results/sensitivity_botiot/sens_G10__dir0.1__seed42/metrics.json  final_acc=0.9984
