[run] device=cpu  seed=2024  out=/Users/agentra/Documents/hao/working/paper-lab/hao-paper-2026/iotj-fedkan-ids/repo/results/lrsweep_cseciic_mc/lrsweep_mlp32_lr0p01__dir0.1__seed2024
[run] model=mlp  params=1,775
  round   1/50: acc=0.2851  f1m=0.0603  uplink_kB=69.3  t=3.23s
  round   2/50: acc=0.5037  f1m=0.2990  uplink_kB=69.3  t=2.60s
  round   3/50: acc=0.5188  f1m=0.3211  uplink_kB=69.3  t=2.15s
  round   4/50: acc=0.5315  f1m=0.3398  uplink_kB=69.3  t=2.10s
  round   5/50: acc=0.6658  f1m=0.4387  uplink_kB=69.3  t=2.04s
  round   6/50: acc=0.6584  f1m=0.4581  uplink_kB=69.3  t=2.13s
  round   7/50: acc=0.6800  f1m=0.4824  uplink_kB=69.3  t=2.12s
  round   8/50: acc=0.6837  f1m=0.4903  uplink_kB=69.3  t=2.10s
  round   9/50: acc=0.6885  f1m=0.5038  uplink_kB=69.3  t=2.27s
  round  10/50: acc=0.8456  f1m=0.6303  uplink_kB=69.3  t=2.09s
  round  11/50: acc=0.8509  f1m=0.6342  uplink_kB=69.3  t=2.17s
  round  12/50: acc=0.8528  f1m=0.6298  uplink_kB=69.3  t=2.09s
  round  13/50: acc=0.8271  f1m=0.6299  uplink_kB=69.3  t=2.05s
  round  14/50: acc=0.8492  f1m=0.6275  uplink_kB=69.3  t=2.09s
  round  15/50: acc=0.8564  f1m=0.6387  uplink_kB=69.3  t=2.55s
  round  16/50: acc=0.8511  f1m=0.6312  uplink_kB=69.3  t=2.88s
  round  17/50: acc=0.6975  f1m=0.5677  uplink_kB=69.3  t=2.75s
  round  18/50: acc=0.8429  f1m=0.6361  uplink_kB=69.3  t=2.09s
  round  19/50: acc=0.8560  f1m=0.6450  uplink_kB=69.3  t=2.06s
  round  20/50: acc=0.8475  f1m=0.6388  uplink_kB=69.3  t=2.15s
  round  21/50: acc=0.8549  f1m=0.6511  uplink_kB=69.3  t=2.09s
  round  22/50: acc=0.8444  f1m=0.6399  uplink_kB=69.3  t=2.09s
  round  23/50: acc=0.8506  f1m=0.6405  uplink_kB=69.3  t=2.08s
  round  24/50: acc=0.8591  f1m=0.6519  uplink_kB=69.3  t=2.12s
  round  25/50: acc=0.8661  f1m=0.6967  uplink_kB=69.3  t=2.26s
  round  26/50: acc=0.8120  f1m=0.6326  uplink_kB=69.3  t=2.14s
  round  27/50: acc=0.8484  f1m=0.6425  uplink_kB=69.3  t=2.23s
  round  28/50: acc=0.7875  f1m=0.6772  uplink_kB=69.3  t=2.11s
  round  29/50: acc=0.8290  f1m=0.6947  uplink_kB=69.3  t=2.18s
  round  30/50: acc=0.8724  f1m=0.7069  uplink_kB=69.3  t=2.11s
  round  31/50: acc=0.8581  f1m=0.6561  uplink_kB=69.3  t=2.06s
  round  32/50: acc=0.8770  f1m=0.7368  uplink_kB=69.3  t=2.11s
  round  33/50: acc=0.8643  f1m=0.7254  uplink_kB=69.3  t=2.07s
  round  34/50: acc=0.8479  f1m=0.7200  uplink_kB=69.3  t=2.13s
  round  35/50: acc=0.8687  f1m=0.7285  uplink_kB=69.3  t=2.06s
  round  36/50: acc=0.8538  f1m=0.7219  uplink_kB=69.3  t=2.06s
  round  37/50: acc=0.8326  f1m=0.6964  uplink_kB=69.3  t=2.07s
  round  38/50: acc=0.8553  f1m=0.7118  uplink_kB=69.3  t=2.10s
  round  39/50: acc=0.8716  f1m=0.7341  uplink_kB=69.3  t=2.07s
  round  40/50: acc=0.8710  f1m=0.7332  uplink_kB=69.3  t=2.15s
  round  41/50: acc=0.8678  f1m=0.7332  uplink_kB=69.3  t=2.06s
  round  42/50: acc=0.8274  f1m=0.7120  uplink_kB=69.3  t=2.12s
  round  43/50: acc=0.8723  f1m=0.7449  uplink_kB=69.3  t=2.22s
  round  44/50: acc=0.8356  f1m=0.6976  uplink_kB=69.3  t=2.14s
  round  45/50: acc=0.8750  f1m=0.7410  uplink_kB=69.3  t=2.07s
  round  46/50: acc=0.8707  f1m=0.7342  uplink_kB=69.3  t=2.09s
  round  47/50: acc=0.8572  f1m=0.7282  uplink_kB=69.3  t=2.06s
  round  48/50: acc=0.8282  f1m=0.7155  uplink_kB=69.3  t=2.11s
  round  49/50: acc=0.8647  f1m=0.7296  uplink_kB=69.3  t=2.13s
  round  50/50: acc=0.8293  f1m=0.7182  uplink_kB=69.3  t=2.07s
[run] DONE -> /Users/agentra/Documents/hao/working/paper-lab/hao-paper-2026/iotj-fedkan-ids/repo/results/lrsweep_cseciic_mc/lrsweep_mlp32_lr0p01__dir0.1__seed2024/metrics.json  final_acc=0.8293
