[run] device=cpu  seed=23  out=/Users/agentra/Documents/hao/working/paper-lab/hao-paper-2026/iotj-fedkan-ids/repo/results/lrext_cseciic/lrext_mlp80_lr0p3__dir0.1__seed23
[run] model=mlp  params=3,362
  round   1/50: acc=0.4983  f1m=0.3326  uplink_kB=131.3  t=1.64s
  round   2/50: acc=0.5000  f1m=0.3333  uplink_kB=131.3  t=0.88s
  round   3/50: acc=0.5000  f1m=0.3333  uplink_kB=131.3  t=0.89s
  round   4/50: acc=0.5000  f1m=0.3333  uplink_kB=131.3  t=0.91s
  round   5/50: acc=0.7413  f1m=0.7275  uplink_kB=131.3  t=0.83s
  round   6/50: acc=0.7541  f1m=0.7425  uplink_kB=131.3  t=0.89s
  round   7/50: acc=0.8008  f1m=0.7954  uplink_kB=131.3  t=0.90s
  round   8/50: acc=0.9005  f1m=0.9002  uplink_kB=131.3  t=0.90s
  round   9/50: acc=0.9126  f1m=0.9124  uplink_kB=131.3  t=0.97s
  round  10/50: acc=0.9283  f1m=0.9282  uplink_kB=131.3  t=0.89s
  round  11/50: acc=0.9304  f1m=0.9304  uplink_kB=131.3  t=0.83s
  round  12/50: acc=0.9377  f1m=0.9377  uplink_kB=131.3  t=0.90s
  round  13/50: acc=0.9467  f1m=0.9467  uplink_kB=131.3  t=0.90s
  round  14/50: acc=0.9475  f1m=0.9475  uplink_kB=131.3  t=0.89s
  round  15/50: acc=0.9303  f1m=0.9302  uplink_kB=131.3  t=0.90s
  round  16/50: acc=0.9449  f1m=0.9449  uplink_kB=131.3  t=0.91s
  round  17/50: acc=0.9482  f1m=0.9482  uplink_kB=131.3  t=0.90s
  round  18/50: acc=0.9483  f1m=0.9483  uplink_kB=131.3  t=0.79s
  round  19/50: acc=0.9481  f1m=0.9481  uplink_kB=131.3  t=0.91s
  round  20/50: acc=0.9311  f1m=0.9310  uplink_kB=131.3  t=0.92s
  round  21/50: acc=0.9292  f1m=0.9292  uplink_kB=131.3  t=1.00s
  round  22/50: acc=0.9466  f1m=0.9466  uplink_kB=131.3  t=0.90s
  round  23/50: acc=0.9322  f1m=0.9321  uplink_kB=131.3  t=0.88s
  round  24/50: acc=0.9378  f1m=0.9378  uplink_kB=131.3  t=0.87s
  round  25/50: acc=0.9331  f1m=0.9330  uplink_kB=131.3  t=0.83s
  round  26/50: acc=0.9231  f1m=0.9230  uplink_kB=131.3  t=0.92s
  round  27/50: acc=0.9287  f1m=0.9286  uplink_kB=131.3  t=0.94s
  round  28/50: acc=0.9128  f1m=0.9127  uplink_kB=131.3  t=0.89s
  round  29/50: acc=0.9398  f1m=0.9398  uplink_kB=131.3  t=0.87s
  round  30/50: acc=0.9365  f1m=0.9365  uplink_kB=131.3  t=0.87s
  round  31/50: acc=0.9415  f1m=0.9415  uplink_kB=131.3  t=0.81s
  round  32/50: acc=0.9383  f1m=0.9383  uplink_kB=131.3  t=0.91s
  round  33/50: acc=0.9418  f1m=0.9418  uplink_kB=131.3  t=0.89s
  round  34/50: acc=0.9517  f1m=0.9517  uplink_kB=131.3  t=0.85s
  round  35/50: acc=0.9407  f1m=0.9407  uplink_kB=131.3  t=0.87s
  round  36/50: acc=0.9411  f1m=0.9411  uplink_kB=131.3  t=0.87s
  round  37/50: acc=0.9397  f1m=0.9397  uplink_kB=131.3  t=0.81s
  round  38/50: acc=0.9373  f1m=0.9373  uplink_kB=131.3  t=0.88s
  round  39/50: acc=0.9307  f1m=0.9306  uplink_kB=131.3  t=0.87s
  round  40/50: acc=0.9401  f1m=0.9401  uplink_kB=131.3  t=0.87s
  round  41/50: acc=0.9399  f1m=0.9399  uplink_kB=131.3  t=0.88s
  round  42/50: acc=0.9420  f1m=0.9420  uplink_kB=131.3  t=0.86s
  round  43/50: acc=0.9403  f1m=0.9403  uplink_kB=131.3  t=0.95s
  round  44/50: acc=0.9347  f1m=0.9346  uplink_kB=131.3  t=0.81s
  round  45/50: acc=0.9336  f1m=0.9335  uplink_kB=131.3  t=0.89s
  round  46/50: acc=0.9337  f1m=0.9337  uplink_kB=131.3  t=0.89s
  round  47/50: acc=0.9299  f1m=0.9299  uplink_kB=131.3  t=0.87s
  round  48/50: acc=0.9529  f1m=0.9529  uplink_kB=131.3  t=0.89s
  round  49/50: acc=0.9425  f1m=0.9425  uplink_kB=131.3  t=0.88s
  round  50/50: acc=0.9269  f1m=0.9268  uplink_kB=131.3  t=0.86s
[run] DONE -> /Users/agentra/Documents/hao/working/paper-lab/hao-paper-2026/iotj-fedkan-ids/repo/results/lrext_cseciic/lrext_mlp80_lr0p3__dir0.1__seed23/metrics.json  final_acc=0.9269
