[run] device=cpu  seed=2026  out=/Users/agentra/Documents/hao/working/paper-lab/hao-paper-2026/iotj-fedkan-ids/repo/results/mc_botiot/mc_mlp32_lr0p01__dir0.1__seed2026
[run] model=mlp  params=1,445
  round   1/50: acc=0.4910  f1m=0.2967  uplink_kB=56.4  t=1.40s
  round   2/50: acc=0.4901  f1m=0.2766  uplink_kB=56.4  t=0.67s
  round   3/50: acc=0.4937  f1m=0.2800  uplink_kB=56.4  t=0.67s
  round   4/50: acc=0.5695  f1m=0.3793  uplink_kB=56.4  t=0.62s
  round   5/50: acc=0.6139  f1m=0.4223  uplink_kB=56.4  t=0.64s
  round   6/50: acc=0.6279  f1m=0.4350  uplink_kB=56.4  t=0.74s
  round   7/50: acc=0.6730  f1m=0.5054  uplink_kB=56.4  t=0.71s
  round   8/50: acc=0.8227  f1m=0.6616  uplink_kB=56.4  t=0.64s
  round   9/50: acc=0.8288  f1m=0.6663  uplink_kB=56.4  t=0.60s
  round  10/50: acc=0.8431  f1m=0.6770  uplink_kB=56.4  t=0.63s
  round  11/50: acc=0.8438  f1m=0.6776  uplink_kB=56.4  t=0.61s
  round  12/50: acc=0.8441  f1m=0.6779  uplink_kB=56.4  t=0.65s
  round  13/50: acc=0.8439  f1m=0.6777  uplink_kB=56.4  t=0.61s
  round  14/50: acc=0.8449  f1m=0.6786  uplink_kB=56.4  t=0.59s
  round  15/50: acc=0.8452  f1m=0.6789  uplink_kB=56.4  t=0.62s
  round  16/50: acc=0.8456  f1m=0.6792  uplink_kB=56.4  t=0.74s
  round  17/50: acc=0.8451  f1m=0.6788  uplink_kB=56.4  t=0.66s
  round  18/50: acc=0.8457  f1m=0.6793  uplink_kB=56.4  t=0.64s
  round  19/50: acc=0.8507  f1m=0.6833  uplink_kB=56.4  t=0.61s
  round  20/50: acc=0.8660  f1m=0.6959  uplink_kB=56.4  t=0.62s
  round  21/50: acc=0.8697  f1m=0.6987  uplink_kB=56.4  t=0.73s
  round  22/50: acc=0.8607  f1m=0.6908  uplink_kB=56.4  t=0.64s
  round  23/50: acc=0.8726  f1m=0.7011  uplink_kB=56.4  t=0.71s
  round  24/50: acc=0.8738  f1m=0.7024  uplink_kB=56.4  t=0.77s
  round  25/50: acc=0.8704  f1m=0.6999  uplink_kB=56.4  t=0.66s
  round  26/50: acc=0.8741  f1m=0.7026  uplink_kB=56.4  t=0.61s
  round  27/50: acc=0.8707  f1m=0.7003  uplink_kB=56.4  t=0.59s
  round  28/50: acc=0.8677  f1m=0.6980  uplink_kB=56.4  t=0.58s
  round  29/50: acc=0.8842  f1m=0.7117  uplink_kB=56.4  t=0.60s
  round  30/50: acc=0.8832  f1m=0.7108  uplink_kB=56.4  t=0.57s
  round  31/50: acc=0.8793  f1m=0.7080  uplink_kB=56.4  t=0.63s
  round  32/50: acc=0.8846  f1m=0.7120  uplink_kB=56.4  t=0.56s
  round  33/50: acc=0.8843  f1m=0.7120  uplink_kB=56.4  t=0.61s
  round  34/50: acc=0.8866  f1m=0.7137  uplink_kB=56.4  t=0.58s
  round  35/50: acc=0.8821  f1m=0.7103  uplink_kB=56.4  t=0.60s
  round  36/50: acc=0.8862  f1m=0.7133  uplink_kB=56.4  t=0.74s
  round  37/50: acc=0.8873  f1m=0.7142  uplink_kB=56.4  t=0.59s
  round  38/50: acc=0.8881  f1m=0.7147  uplink_kB=56.4  t=0.58s
  round  39/50: acc=0.8832  f1m=0.7153  uplink_kB=56.4  t=0.59s
  round  40/50: acc=0.8882  f1m=0.7165  uplink_kB=56.4  t=0.58s
  round  41/50: acc=0.8977  f1m=0.7243  uplink_kB=56.4  t=0.66s
  round  42/50: acc=0.8812  f1m=0.7148  uplink_kB=56.4  t=0.58s
  round  43/50: acc=0.8940  f1m=0.7241  uplink_kB=56.4  t=0.60s
  round  44/50: acc=0.9018  f1m=0.7307  uplink_kB=56.4  t=0.59s
  round  45/50: acc=0.9062  f1m=0.7340  uplink_kB=56.4  t=0.70s
  round  46/50: acc=0.9058  f1m=0.7337  uplink_kB=56.4  t=0.59s
  round  47/50: acc=0.9035  f1m=0.7320  uplink_kB=56.4  t=0.60s
  round  48/50: acc=0.9069  f1m=0.7346  uplink_kB=56.4  t=0.58s
  round  49/50: acc=0.9071  f1m=0.7348  uplink_kB=56.4  t=0.57s
  round  50/50: acc=0.9075  f1m=0.7351  uplink_kB=56.4  t=0.66s
[run] DONE -> /Users/agentra/Documents/hao/working/paper-lab/hao-paper-2026/iotj-fedkan-ids/repo/results/mc_botiot/mc_mlp32_lr0p01__dir0.1__seed2026/metrics.json  final_acc=0.9075
