[run] device=cpu  seed=11  out=/Users/agentra/Documents/hao/working/paper-lab/hao-paper-2026/iotj-fedkan-ids/repo/results/lrsweep_cseciic/lrsweep_mlp80_lr0p01__dir0.1__seed11
[run] model=mlp  params=3,362
  round   1/50: acc=0.8891  f1m=0.8883  uplink_kB=131.3  t=1.41s
  round   2/50: acc=0.7587  f1m=0.7506  uplink_kB=131.3  t=0.71s
  round   3/50: acc=0.8066  f1m=0.8031  uplink_kB=131.3  t=0.72s
  round   4/50: acc=0.8546  f1m=0.8542  uplink_kB=131.3  t=0.69s
  round   5/50: acc=0.8545  f1m=0.8532  uplink_kB=131.3  t=0.61s
  round   6/50: acc=0.8870  f1m=0.8867  uplink_kB=131.3  t=0.66s
  round   7/50: acc=0.8840  f1m=0.8840  uplink_kB=131.3  t=0.66s
  round   8/50: acc=0.8009  f1m=0.7957  uplink_kB=131.3  t=0.65s
  round   9/50: acc=0.9024  f1m=0.9024  uplink_kB=131.3  t=0.67s
  round  10/50: acc=0.9093  f1m=0.9091  uplink_kB=131.3  t=0.65s
  round  11/50: acc=0.9127  f1m=0.9126  uplink_kB=131.3  t=0.67s
  round  12/50: acc=0.9159  f1m=0.9158  uplink_kB=131.3  t=0.63s
  round  13/50: acc=0.9074  f1m=0.9074  uplink_kB=131.3  t=0.69s
  round  14/50: acc=0.9217  f1m=0.9216  uplink_kB=131.3  t=0.67s
  round  15/50: acc=0.9138  f1m=0.9138  uplink_kB=131.3  t=0.66s
  round  16/50: acc=0.9300  f1m=0.9300  uplink_kB=131.3  t=0.74s
  round  17/50: acc=0.9159  f1m=0.9159  uplink_kB=131.3  t=0.71s
  round  18/50: acc=0.9428  f1m=0.9428  uplink_kB=131.3  t=0.62s
  round  19/50: acc=0.9412  f1m=0.9412  uplink_kB=131.3  t=0.66s
  round  20/50: acc=0.9315  f1m=0.9315  uplink_kB=131.3  t=0.68s
  round  21/50: acc=0.9316  f1m=0.9315  uplink_kB=131.3  t=0.69s
  round  22/50: acc=0.9503  f1m=0.9503  uplink_kB=131.3  t=0.69s
  round  23/50: acc=0.9412  f1m=0.9412  uplink_kB=131.3  t=0.64s
  round  24/50: acc=0.9474  f1m=0.9474  uplink_kB=131.3  t=0.64s
  round  25/50: acc=0.9493  f1m=0.9493  uplink_kB=131.3  t=0.68s
  round  26/50: acc=0.9453  f1m=0.9453  uplink_kB=131.3  t=0.67s
  round  27/50: acc=0.9428  f1m=0.9428  uplink_kB=131.3  t=0.70s
  round  28/50: acc=0.9399  f1m=0.9399  uplink_kB=131.3  t=0.66s
  round  29/50: acc=0.9486  f1m=0.9486  uplink_kB=131.3  t=0.70s
  round  30/50: acc=0.9462  f1m=0.9462  uplink_kB=131.3  t=0.68s
  round  31/50: acc=0.9448  f1m=0.9448  uplink_kB=131.3  t=0.70s
  round  32/50: acc=0.9432  f1m=0.9432  uplink_kB=131.3  t=0.60s
  round  33/50: acc=0.9531  f1m=0.9531  uplink_kB=131.3  t=0.69s
  round  34/50: acc=0.9454  f1m=0.9454  uplink_kB=131.3  t=0.68s
  round  35/50: acc=0.9480  f1m=0.9480  uplink_kB=131.3  t=0.70s
  round  36/50: acc=0.9487  f1m=0.9487  uplink_kB=131.3  t=0.69s
  round  37/50: acc=0.9491  f1m=0.9491  uplink_kB=131.3  t=0.64s
  round  38/50: acc=0.9544  f1m=0.9544  uplink_kB=131.3  t=0.69s
  round  39/50: acc=0.9557  f1m=0.9557  uplink_kB=131.3  t=0.68s
  round  40/50: acc=0.9567  f1m=0.9567  uplink_kB=131.3  t=0.72s
  round  41/50: acc=0.9588  f1m=0.9588  uplink_kB=131.3  t=0.67s
  round  42/50: acc=0.9523  f1m=0.9523  uplink_kB=131.3  t=0.69s
  round  43/50: acc=0.9565  f1m=0.9565  uplink_kB=131.3  t=0.63s
  round  44/50: acc=0.9547  f1m=0.9547  uplink_kB=131.3  t=0.66s
  round  45/50: acc=0.9567  f1m=0.9567  uplink_kB=131.3  t=0.66s
  round  46/50: acc=0.9566  f1m=0.9566  uplink_kB=131.3  t=0.71s
  round  47/50: acc=0.9578  f1m=0.9578  uplink_kB=131.3  t=0.67s
  round  48/50: acc=0.9560  f1m=0.9560  uplink_kB=131.3  t=0.67s
  round  49/50: acc=0.9560  f1m=0.9560  uplink_kB=131.3  t=0.65s
  round  50/50: acc=0.9578  f1m=0.9578  uplink_kB=131.3  t=0.69s
[run] DONE -> /Users/agentra/Documents/hao/working/paper-lab/hao-paper-2026/iotj-fedkan-ids/repo/results/lrsweep_cseciic/lrsweep_mlp80_lr0p01__dir0.1__seed11/metrics.json  final_acc=0.9578
