[run] device=cpu  seed=31  out=/Users/agentra/Documents/hao/working/paper-lab/hao-paper-2026/iotj-fedkan-ids/repo/results/lrsweep_cseciic_mc50k/lrsweep_kan8_lr0p1__dir0.1__seed31
[run] model=kan  params=4,320
  round   1/50: acc=0.4066  f1m=0.1850  uplink_kB=190.8  t=3.49s
  round   2/50: acc=0.5842  f1m=0.3440  uplink_kB=190.8  t=2.56s
  round   3/50: acc=0.5000  f1m=0.2379  uplink_kB=190.8  t=2.69s
  round   4/50: acc=0.6143  f1m=0.3548  uplink_kB=190.8  t=2.57s
  round   5/50: acc=0.5665  f1m=0.3236  uplink_kB=190.8  t=2.64s
  round   6/50: acc=0.6040  f1m=0.3359  uplink_kB=190.8  t=2.59s
  round   7/50: acc=0.6077  f1m=0.3329  uplink_kB=190.8  t=2.70s
  round   8/50: acc=0.5867  f1m=0.3325  uplink_kB=190.8  t=2.64s
  round   9/50: acc=0.5584  f1m=0.2942  uplink_kB=190.8  t=2.64s
  round  10/50: acc=0.6327  f1m=0.3976  uplink_kB=190.8  t=2.58s
  round  11/50: acc=0.5533  f1m=0.3210  uplink_kB=190.8  t=2.65s
  round  12/50: acc=0.6370  f1m=0.3650  uplink_kB=190.8  t=2.56s
  round  13/50: acc=0.7378  f1m=0.4550  uplink_kB=190.8  t=2.68s
  round  14/50: acc=0.6653  f1m=0.3884  uplink_kB=190.8  t=2.55s
  round  15/50: acc=0.5956  f1m=0.3483  uplink_kB=190.8  t=2.67s
  round  16/50: acc=0.6287  f1m=0.3696  uplink_kB=190.8  t=2.56s
  round  17/50: acc=0.7090  f1m=0.4468  uplink_kB=190.8  t=2.65s
  round  18/50: acc=0.6836  f1m=0.4172  uplink_kB=190.8  t=2.66s
  round  19/50: acc=0.7180  f1m=0.4137  uplink_kB=190.8  t=2.71s
  round  20/50: acc=0.6333  f1m=0.3317  uplink_kB=190.8  t=2.57s
  round  21/50: acc=0.6202  f1m=0.3292  uplink_kB=190.8  t=2.66s
  round  22/50: acc=0.6328  f1m=0.3444  uplink_kB=190.8  t=2.57s
  round  23/50: acc=0.6789  f1m=0.4285  uplink_kB=190.8  t=2.66s
  round  24/50: acc=0.6175  f1m=0.3191  uplink_kB=190.8  t=2.58s
  round  25/50: acc=0.6856  f1m=0.3929  uplink_kB=190.8  t=2.59s
  round  26/50: acc=0.7382  f1m=0.4862  uplink_kB=190.8  t=2.67s
  round  27/50: acc=0.6839  f1m=0.3897  uplink_kB=190.8  t=2.62s
  round  28/50: acc=0.6262  f1m=0.3368  uplink_kB=190.8  t=2.64s
  round  29/50: acc=0.5235  f1m=0.2885  uplink_kB=190.8  t=2.65s
  round  30/50: acc=0.6079  f1m=0.2960  uplink_kB=190.8  t=2.64s
  round  31/50: acc=0.6515  f1m=0.3492  uplink_kB=190.8  t=2.62s
  round  32/50: acc=0.6344  f1m=0.3824  uplink_kB=190.8  t=2.71s
  round  33/50: acc=0.6110  f1m=0.3470  uplink_kB=190.8  t=2.63s
  round  34/50: acc=0.6377  f1m=0.3824  uplink_kB=190.8  t=2.60s
  round  35/50: acc=0.5742  f1m=0.3002  uplink_kB=190.8  t=2.63s
  round  36/50: acc=0.7019  f1m=0.3993  uplink_kB=190.8  t=2.60s
  round  37/50: acc=0.6384  f1m=0.3674  uplink_kB=190.8  t=2.61s
  round  38/50: acc=0.6615  f1m=0.3585  uplink_kB=190.8  t=2.61s
  round  39/50: acc=0.5704  f1m=0.3256  uplink_kB=190.8  t=2.62s
  round  40/50: acc=0.6780  f1m=0.3868  uplink_kB=190.8  t=2.61s
  round  41/50: acc=0.6878  f1m=0.4162  uplink_kB=190.8  t=2.61s
  round  42/50: acc=0.7288  f1m=0.4514  uplink_kB=190.8  t=2.62s
  round  43/50: acc=0.6584  f1m=0.3981  uplink_kB=190.8  t=2.61s
  round  44/50: acc=0.6548  f1m=0.3949  uplink_kB=190.8  t=2.63s
  round  45/50: acc=0.6845  f1m=0.4180  uplink_kB=190.8  t=2.56s
  round  46/50: acc=0.5934  f1m=0.3024  uplink_kB=190.8  t=2.66s
  round  47/50: acc=0.4175  f1m=0.2358  uplink_kB=190.8  t=2.56s
  round  48/50: acc=0.6073  f1m=0.2981  uplink_kB=190.8  t=2.63s
  round  49/50: acc=0.4942  f1m=0.3113  uplink_kB=190.8  t=2.57s
  round  50/50: acc=0.4376  f1m=0.2149  uplink_kB=190.8  t=2.67s
[run] DONE -> /Users/agentra/Documents/hao/working/paper-lab/hao-paper-2026/iotj-fedkan-ids/repo/results/lrsweep_cseciic_mc50k/lrsweep_kan8_lr0p1__dir0.1__seed31/metrics.json  final_acc=0.4376
