[run] device=cpu  seed=2026  out=/Users/agentra/Documents/hao/working/paper-lab/hao-paper-2026/iotj-fedkan-ids/repo/results/lrsweep_cseciic_mc/lrsweep_mlp32_lr0p03__dir0.1__seed2026
[run] model=mlp  params=1,775
  round   1/50: acc=0.5615  f1m=0.2211  uplink_kB=69.3  t=2.85s
  round   2/50: acc=0.7559  f1m=0.4557  uplink_kB=69.3  t=2.09s
  round   3/50: acc=0.6247  f1m=0.3972  uplink_kB=69.3  t=2.05s
  round   4/50: acc=0.7991  f1m=0.5475  uplink_kB=69.3  t=2.09s
  round   5/50: acc=0.7818  f1m=0.5442  uplink_kB=69.3  t=2.09s
  round   6/50: acc=0.8275  f1m=0.6343  uplink_kB=69.3  t=2.40s
  round   7/50: acc=0.8284  f1m=0.6405  uplink_kB=69.3  t=2.14s
  round   8/50: acc=0.8439  f1m=0.6509  uplink_kB=69.3  t=2.15s
  round   9/50: acc=0.8390  f1m=0.6368  uplink_kB=69.3  t=2.20s
  round  10/50: acc=0.8484  f1m=0.6401  uplink_kB=69.3  t=2.14s
  round  11/50: acc=0.8510  f1m=0.6455  uplink_kB=69.3  t=2.12s
  round  12/50: acc=0.8510  f1m=0.6573  uplink_kB=69.3  t=2.11s
  round  13/50: acc=0.8535  f1m=0.6600  uplink_kB=69.3  t=2.07s
  round  14/50: acc=0.8595  f1m=0.6697  uplink_kB=69.3  t=2.14s
  round  15/50: acc=0.8541  f1m=0.6724  uplink_kB=69.3  t=2.11s
  round  16/50: acc=0.8625  f1m=0.7051  uplink_kB=69.3  t=2.13s
  round  17/50: acc=0.8651  f1m=0.6900  uplink_kB=69.3  t=2.09s
  round  18/50: acc=0.8743  f1m=0.7325  uplink_kB=69.3  t=2.14s
  round  19/50: acc=0.8517  f1m=0.7089  uplink_kB=69.3  t=2.14s
  round  20/50: acc=0.8764  f1m=0.7253  uplink_kB=69.3  t=2.19s
  round  21/50: acc=0.8671  f1m=0.6839  uplink_kB=69.3  t=2.09s
  round  22/50: acc=0.8657  f1m=0.6957  uplink_kB=69.3  t=2.08s
  round  23/50: acc=0.8681  f1m=0.6907  uplink_kB=69.3  t=2.08s
  round  24/50: acc=0.8677  f1m=0.7052  uplink_kB=69.3  t=2.14s
  round  25/50: acc=0.8728  f1m=0.7068  uplink_kB=69.3  t=2.20s
  round  26/50: acc=0.8576  f1m=0.7057  uplink_kB=69.3  t=2.09s
  round  27/50: acc=0.8727  f1m=0.6935  uplink_kB=69.3  t=2.14s
  round  28/50: acc=0.8612  f1m=0.7141  uplink_kB=69.3  t=2.11s
  round  29/50: acc=0.8784  f1m=0.7115  uplink_kB=69.3  t=2.11s
  round  30/50: acc=0.8724  f1m=0.7253  uplink_kB=69.3  t=2.21s
  round  31/50: acc=0.8666  f1m=0.7257  uplink_kB=69.3  t=2.14s
  round  32/50: acc=0.8778  f1m=0.7363  uplink_kB=69.3  t=2.13s
  round  33/50: acc=0.8662  f1m=0.7169  uplink_kB=69.3  t=2.11s
  round  34/50: acc=0.8787  f1m=0.7395  uplink_kB=69.3  t=2.07s
  round  35/50: acc=0.8788  f1m=0.7427  uplink_kB=69.3  t=2.15s
  round  36/50: acc=0.8664  f1m=0.7254  uplink_kB=69.3  t=2.13s
  round  37/50: acc=0.8743  f1m=0.7333  uplink_kB=69.3  t=2.16s
  round  38/50: acc=0.8740  f1m=0.7453  uplink_kB=69.3  t=2.13s
  round  39/50: acc=0.8789  f1m=0.7334  uplink_kB=69.3  t=2.11s
  round  40/50: acc=0.8791  f1m=0.7426  uplink_kB=69.3  t=2.17s
  round  41/50: acc=0.8720  f1m=0.7284  uplink_kB=69.3  t=2.07s
  round  42/50: acc=0.8812  f1m=0.7465  uplink_kB=69.3  t=2.12s
  round  43/50: acc=0.8692  f1m=0.7218  uplink_kB=69.3  t=2.14s
  round  44/50: acc=0.8828  f1m=0.7467  uplink_kB=69.3  t=2.10s
  round  45/50: acc=0.8742  f1m=0.7361  uplink_kB=69.3  t=2.15s
  round  46/50: acc=0.8843  f1m=0.7508  uplink_kB=69.3  t=2.14s
  round  47/50: acc=0.8802  f1m=0.7372  uplink_kB=69.3  t=2.10s
  round  48/50: acc=0.8792  f1m=0.7437  uplink_kB=69.3  t=2.11s
  round  49/50: acc=0.8758  f1m=0.7390  uplink_kB=69.3  t=2.08s
  round  50/50: acc=0.8785  f1m=0.7412  uplink_kB=69.3  t=2.18s
[run] DONE -> /Users/agentra/Documents/hao/working/paper-lab/hao-paper-2026/iotj-fedkan-ids/repo/results/lrsweep_cseciic_mc/lrsweep_mlp32_lr0p03__dir0.1__seed2026/metrics.json  final_acc=0.8785
