[run] device=cpu  seed=29  out=/Users/agentra/Documents/hao/working/paper-lab/hao-paper-2026/iotj-fedkan-ids/repo/results/sensitivity_botiot/sens_k4__dir0.1__seed29
[run] model=kan  params=3,608
  round   1/50: acc=0.5111  f1m=0.3558  uplink_kB=166.6  t=3.08s
  round   2/50: acc=0.5066  f1m=0.3459  uplink_kB=166.6  t=2.18s
  round   3/50: acc=0.5089  f1m=0.3510  uplink_kB=166.6  t=2.17s
  round   4/50: acc=0.5747  f1m=0.4797  uplink_kB=166.6  t=2.10s
  round   5/50: acc=0.6879  f1m=0.6537  uplink_kB=166.6  t=2.14s
  round   6/50: acc=0.7027  f1m=0.6735  uplink_kB=166.6  t=2.08s
  round   7/50: acc=0.7098  f1m=0.6829  uplink_kB=166.6  t=2.13s
  round   8/50: acc=0.7968  f1m=0.7882  uplink_kB=166.6  t=2.00s
  round   9/50: acc=0.8058  f1m=0.7985  uplink_kB=166.6  t=1.96s
  round  10/50: acc=0.8075  f1m=0.8004  uplink_kB=166.6  t=2.12s
  round  11/50: acc=0.8103  f1m=0.8036  uplink_kB=166.6  t=2.02s
  round  12/50: acc=0.8110  f1m=0.8044  uplink_kB=166.6  t=2.13s
  round  13/50: acc=0.8121  f1m=0.8056  uplink_kB=166.6  t=2.11s
  round  14/50: acc=0.8119  f1m=0.8054  uplink_kB=166.6  t=2.05s
  round  15/50: acc=0.8122  f1m=0.8058  uplink_kB=166.6  t=2.09s
  round  16/50: acc=0.8136  f1m=0.8073  uplink_kB=166.6  t=2.11s
  round  17/50: acc=0.8130  f1m=0.8066  uplink_kB=166.6  t=2.04s
  round  18/50: acc=0.8136  f1m=0.8072  uplink_kB=166.6  t=2.06s
  round  19/50: acc=0.8137  f1m=0.8074  uplink_kB=166.6  t=2.09s
  round  20/50: acc=0.8136  f1m=0.8073  uplink_kB=166.6  t=2.09s
  round  21/50: acc=0.8141  f1m=0.8078  uplink_kB=166.6  t=2.05s
  round  22/50: acc=0.8142  f1m=0.8080  uplink_kB=166.6  t=2.03s
  round  23/50: acc=0.8145  f1m=0.8083  uplink_kB=166.6  t=2.04s
  round  24/50: acc=0.8146  f1m=0.8084  uplink_kB=166.6  t=2.06s
  round  25/50: acc=0.8143  f1m=0.8081  uplink_kB=166.6  t=2.06s
  round  26/50: acc=0.8149  f1m=0.8087  uplink_kB=166.6  t=2.07s
  round  27/50: acc=0.8149  f1m=0.8087  uplink_kB=166.6  t=2.09s
  round  28/50: acc=0.8150  f1m=0.8088  uplink_kB=166.6  t=2.08s
  round  29/50: acc=0.8143  f1m=0.8081  uplink_kB=166.6  t=2.05s
  round  30/50: acc=0.8148  f1m=0.8086  uplink_kB=166.6  t=2.01s
  round  31/50: acc=0.8142  f1m=0.8079  uplink_kB=166.6  t=2.05s
  round  32/50: acc=0.8150  f1m=0.8088  uplink_kB=166.6  t=2.08s
  round  33/50: acc=0.8140  f1m=0.8077  uplink_kB=166.6  t=2.06s
  round  34/50: acc=0.8142  f1m=0.8079  uplink_kB=166.6  t=2.07s
  round  35/50: acc=0.8141  f1m=0.8077  uplink_kB=166.6  t=2.07s
  round  36/50: acc=0.8134  f1m=0.8070  uplink_kB=166.6  t=2.06s
  round  37/50: acc=0.8142  f1m=0.8078  uplink_kB=166.6  t=2.07s
  round  38/50: acc=0.8141  f1m=0.8077  uplink_kB=166.6  t=1.92s
  round  39/50: acc=0.8144  f1m=0.8081  uplink_kB=166.6  t=1.91s
  round  40/50: acc=0.8137  f1m=0.8073  uplink_kB=166.6  t=1.99s
  round  41/50: acc=0.8140  f1m=0.8076  uplink_kB=166.6  t=2.07s
  round  42/50: acc=0.8140  f1m=0.8076  uplink_kB=166.6  t=2.07s
  round  43/50: acc=0.8140  f1m=0.8076  uplink_kB=166.6  t=1.97s
  round  44/50: acc=0.8136  f1m=0.8072  uplink_kB=166.6  t=2.07s
  round  45/50: acc=0.8134  f1m=0.8069  uplink_kB=166.6  t=2.06s
  round  46/50: acc=0.8138  f1m=0.8074  uplink_kB=166.6  t=2.05s
  round  47/50: acc=0.8140  f1m=0.8076  uplink_kB=166.6  t=2.14s
  round  48/50: acc=0.8141  f1m=0.8077  uplink_kB=166.6  t=2.07s
  round  49/50: acc=0.8137  f1m=0.8073  uplink_kB=166.6  t=2.06s
  round  50/50: acc=0.8136  f1m=0.8071  uplink_kB=166.6  t=2.04s
[run] DONE -> /Users/agentra/Documents/hao/working/paper-lab/hao-paper-2026/iotj-fedkan-ids/repo/results/sensitivity_botiot/sens_k4__dir0.1__seed29/metrics.json  final_acc=0.8136
