[run] device=cpu  seed=102  out=/Users/agentra/Documents/hao/working/paper-lab/hao-paper-2026/iotj-fedkan-ids/repo/results/lrsweep_cseciic/lrsweep_mlp80_lr0p01__dir0.1__seed102
[run] model=mlp  params=3,362
  round   1/50: acc=0.5139  f1m=0.3656  uplink_kB=131.3  t=1.49s
  round   2/50: acc=0.5158  f1m=0.3698  uplink_kB=131.3  t=0.86s
  round   3/50: acc=0.5179  f1m=0.3724  uplink_kB=131.3  t=0.82s
  round   4/50: acc=0.5373  f1m=0.4131  uplink_kB=131.3  t=0.84s
  round   5/50: acc=0.5954  f1m=0.5215  uplink_kB=131.3  t=0.75s
  round   6/50: acc=0.5809  f1m=0.4966  uplink_kB=131.3  t=0.81s
  round   7/50: acc=0.6484  f1m=0.6044  uplink_kB=131.3  t=0.85s
  round   8/50: acc=0.6967  f1m=0.6712  uplink_kB=131.3  t=0.81s
  round   9/50: acc=0.7148  f1m=0.6943  uplink_kB=131.3  t=0.83s
  round  10/50: acc=0.7454  f1m=0.7319  uplink_kB=131.3  t=0.83s
  round  11/50: acc=0.7522  f1m=0.7401  uplink_kB=131.3  t=0.84s
  round  12/50: acc=0.7558  f1m=0.7443  uplink_kB=131.3  t=0.74s
  round  13/50: acc=0.7531  f1m=0.7411  uplink_kB=131.3  t=0.83s
  round  14/50: acc=0.7589  f1m=0.7479  uplink_kB=131.3  t=0.81s
  round  15/50: acc=0.7590  f1m=0.7480  uplink_kB=131.3  t=0.82s
  round  16/50: acc=0.7616  f1m=0.7511  uplink_kB=131.3  t=0.81s
  round  17/50: acc=0.7798  f1m=0.7718  uplink_kB=131.3  t=0.80s
  round  18/50: acc=0.7547  f1m=0.7430  uplink_kB=131.3  t=0.80s
  round  19/50: acc=0.7615  f1m=0.7509  uplink_kB=131.3  t=0.74s
  round  20/50: acc=0.7728  f1m=0.7639  uplink_kB=131.3  t=0.83s
  round  21/50: acc=0.7962  f1m=0.7900  uplink_kB=131.3  t=0.80s
  round  22/50: acc=0.8032  f1m=0.7978  uplink_kB=131.3  t=0.83s
  round  23/50: acc=0.8047  f1m=0.7994  uplink_kB=131.3  t=0.83s
  round  24/50: acc=0.8067  f1m=0.8016  uplink_kB=131.3  t=0.76s
  round  25/50: acc=0.8043  f1m=0.7990  uplink_kB=131.3  t=0.80s
  round  26/50: acc=0.7967  f1m=0.7906  uplink_kB=131.3  t=0.85s
  round  27/50: acc=0.8162  f1m=0.8120  uplink_kB=131.3  t=0.85s
  round  28/50: acc=0.7857  f1m=0.7784  uplink_kB=131.3  t=0.83s
  round  29/50: acc=0.8074  f1m=0.8024  uplink_kB=131.3  t=0.83s
  round  30/50: acc=0.8002  f1m=0.7945  uplink_kB=131.3  t=0.84s
  round  31/50: acc=0.8117  f1m=0.8071  uplink_kB=131.3  t=0.75s
  round  32/50: acc=0.8145  f1m=0.8102  uplink_kB=131.3  t=0.88s
  round  33/50: acc=0.8034  f1m=0.7980  uplink_kB=131.3  t=0.82s
  round  34/50: acc=0.8167  f1m=0.8125  uplink_kB=131.3  t=0.83s
  round  35/50: acc=0.8487  f1m=0.8466  uplink_kB=131.3  t=0.82s
  round  36/50: acc=0.8455  f1m=0.8433  uplink_kB=131.3  t=0.82s
  round  37/50: acc=0.8133  f1m=0.8088  uplink_kB=131.3  t=0.85s
  round  38/50: acc=0.8438  f1m=0.8415  uplink_kB=131.3  t=0.75s
  round  39/50: acc=0.8249  f1m=0.8213  uplink_kB=131.3  t=0.80s
  round  40/50: acc=0.8563  f1m=0.8546  uplink_kB=131.3  t=0.85s
  round  41/50: acc=0.8735  f1m=0.8724  uplink_kB=131.3  t=0.84s
  round  42/50: acc=0.8734  f1m=0.8723  uplink_kB=131.3  t=0.81s
  round  43/50: acc=0.8785  f1m=0.8776  uplink_kB=131.3  t=0.81s
  round  44/50: acc=0.8759  f1m=0.8749  uplink_kB=131.3  t=0.76s
  round  45/50: acc=0.8665  f1m=0.8653  uplink_kB=131.3  t=0.80s
  round  46/50: acc=0.8391  f1m=0.8365  uplink_kB=131.3  t=0.87s
  round  47/50: acc=0.8687  f1m=0.8675  uplink_kB=131.3  t=0.82s
  round  48/50: acc=0.8737  f1m=0.8726  uplink_kB=131.3  t=0.84s
  round  49/50: acc=0.8333  f1m=0.8304  uplink_kB=131.3  t=0.85s
  round  50/50: acc=0.8766  f1m=0.8757  uplink_kB=131.3  t=0.74s
[run] DONE -> /Users/agentra/Documents/hao/working/paper-lab/hao-paper-2026/iotj-fedkan-ids/repo/results/lrsweep_cseciic/lrsweep_mlp80_lr0p01__dir0.1__seed102/metrics.json  final_acc=0.8766
