[run] device=cpu  seed=23  out=/Users/agentra/Documents/hao/working/paper-lab/hao-paper-2026/iotj-fedkan-ids/repo/results/lrext_cseciic_mc50k/lrext_mlp80_lr0p3__dir0.1__seed23
[run] model=mlp  params=4,415
  round   1/50: acc=0.1724  f1m=0.0452  uplink_kB=172.5  t=2.29s
  round   2/50: acc=0.1836  f1m=0.0486  uplink_kB=172.5  t=1.51s
  round   3/50: acc=0.1837  f1m=0.0487  uplink_kB=172.5  t=1.53s
  round   4/50: acc=0.1837  f1m=0.0487  uplink_kB=172.5  t=1.49s
  round   5/50: acc=0.1837  f1m=0.0487  uplink_kB=172.5  t=1.51s
  round   6/50: acc=0.1837  f1m=0.0487  uplink_kB=172.5  t=1.52s
  round   7/50: acc=0.1838  f1m=0.0487  uplink_kB=172.5  t=1.47s
  round   8/50: acc=0.1838  f1m=0.0487  uplink_kB=172.5  t=1.42s
  round   9/50: acc=0.1838  f1m=0.0487  uplink_kB=172.5  t=1.52s
  round  10/50: acc=0.1838  f1m=0.0487  uplink_kB=172.5  t=1.43s
  round  11/50: acc=0.1838  f1m=0.0487  uplink_kB=172.5  t=1.48s
  round  12/50: acc=0.1843  f1m=0.0489  uplink_kB=172.5  t=1.50s
  round  13/50: acc=0.1837  f1m=0.0487  uplink_kB=172.5  t=1.54s
  round  14/50: acc=0.1844  f1m=0.0489  uplink_kB=172.5  t=1.49s
  round  15/50: acc=0.2166  f1m=0.0593  uplink_kB=172.5  t=1.56s
  round  16/50: acc=0.1951  f1m=0.0530  uplink_kB=172.5  t=1.53s
  round  17/50: acc=0.2234  f1m=0.0611  uplink_kB=172.5  t=1.48s
  round  18/50: acc=0.1847  f1m=0.0491  uplink_kB=172.5  t=1.50s
  round  19/50: acc=0.1934  f1m=0.0523  uplink_kB=172.5  t=1.55s
  round  20/50: acc=0.2233  f1m=0.0615  uplink_kB=172.5  t=1.46s
  round  21/50: acc=0.2252  f1m=0.0591  uplink_kB=172.5  t=1.50s
  round  22/50: acc=0.2236  f1m=0.0589  uplink_kB=172.5  t=1.45s
  round  23/50: acc=0.2243  f1m=0.0589  uplink_kB=172.5  t=1.58s
  round  24/50: acc=0.2286  f1m=0.0599  uplink_kB=172.5  t=1.45s
  round  25/50: acc=0.2201  f1m=0.0602  uplink_kB=172.5  t=1.49s
  round  26/50: acc=0.2250  f1m=0.0591  uplink_kB=172.5  t=1.57s
  round  27/50: acc=0.2109  f1m=0.0578  uplink_kB=172.5  t=1.56s
  round  28/50: acc=0.2193  f1m=0.0600  uplink_kB=172.5  t=1.46s
  round  29/50: acc=0.2237  f1m=0.0612  uplink_kB=172.5  t=1.53s
  round  30/50: acc=0.2226  f1m=0.0609  uplink_kB=172.5  t=1.48s
  round  31/50: acc=0.2101  f1m=0.0575  uplink_kB=172.5  t=1.53s
  round  32/50: acc=0.2265  f1m=0.0595  uplink_kB=172.5  t=1.48s
  round  33/50: acc=0.2269  f1m=0.0596  uplink_kB=172.5  t=1.51s
  round  34/50: acc=0.2149  f1m=0.0590  uplink_kB=172.5  t=1.47s
  round  35/50: acc=0.1853  f1m=0.0493  uplink_kB=172.5  t=1.58s
  round  36/50: acc=0.1852  f1m=0.0493  uplink_kB=172.5  t=1.57s
  round  37/50: acc=0.2201  f1m=0.0601  uplink_kB=172.5  t=1.49s
  round  38/50: acc=0.2243  f1m=0.0613  uplink_kB=172.5  t=1.54s
  round  39/50: acc=0.2178  f1m=0.0596  uplink_kB=172.5  t=1.54s
  round  40/50: acc=0.2198  f1m=0.0600  uplink_kB=172.5  t=1.40s
  round  41/50: acc=0.2149  f1m=0.0590  uplink_kB=172.5  t=1.53s
  round  42/50: acc=0.2242  f1m=0.0612  uplink_kB=172.5  t=1.40s
  round  43/50: acc=0.2269  f1m=0.0618  uplink_kB=172.5  t=1.48s
  round  44/50: acc=0.2262  f1m=0.0617  uplink_kB=172.5  t=1.45s
  round  45/50: acc=0.2229  f1m=0.0609  uplink_kB=172.5  t=1.77s
  round  46/50: acc=0.2246  f1m=0.0613  uplink_kB=172.5  t=1.50s
  round  47/50: acc=0.2247  f1m=0.0613  uplink_kB=172.5  t=1.53s
  round  48/50: acc=0.2239  f1m=0.0611  uplink_kB=172.5  t=1.41s
  round  49/50: acc=0.2255  f1m=0.0615  uplink_kB=172.5  t=1.47s
  round  50/50: acc=0.2137  f1m=0.0586  uplink_kB=172.5  t=1.45s
[run] DONE -> /Users/agentra/Documents/hao/working/paper-lab/hao-paper-2026/iotj-fedkan-ids/repo/results/lrext_cseciic_mc50k/lrext_mlp80_lr0p3__dir0.1__seed23/metrics.json  final_acc=0.2137
