[run] device=cpu  seed=23  out=/Users/agentra/Documents/hao/working/paper-lab/hao-paper-2026/iotj-fedkan-ids/repo/results/lrsweep_toniot/lrsweep_kan8_lr0p01__dir0.1__seed23
[run] model=kan  params=3,280
  round   1/50: acc=0.6462  f1m=0.6086  uplink_kB=150.2  t=2.22s
  round   2/50: acc=0.7105  f1m=0.6946  uplink_kB=150.2  t=1.62s
  round   3/50: acc=0.7816  f1m=0.7772  uplink_kB=150.2  t=1.59s
  round   4/50: acc=0.8720  f1m=0.8716  uplink_kB=150.2  t=1.58s
  round   5/50: acc=0.8694  f1m=0.8690  uplink_kB=150.2  t=1.56s
  round   6/50: acc=0.8594  f1m=0.8585  uplink_kB=150.2  t=1.60s
  round   7/50: acc=0.8592  f1m=0.8582  uplink_kB=150.2  t=1.58s
  round   8/50: acc=0.8720  f1m=0.8712  uplink_kB=150.2  t=1.57s
  round   9/50: acc=0.8835  f1m=0.8830  uplink_kB=150.2  t=1.58s
  round  10/50: acc=0.8877  f1m=0.8872  uplink_kB=150.2  t=1.60s
  round  11/50: acc=0.8844  f1m=0.8836  uplink_kB=150.2  t=1.62s
  round  12/50: acc=0.8982  f1m=0.8977  uplink_kB=150.2  t=1.54s
  round  13/50: acc=0.8929  f1m=0.8923  uplink_kB=150.2  t=1.58s
  round  14/50: acc=0.8964  f1m=0.8958  uplink_kB=150.2  t=1.56s
  round  15/50: acc=0.8990  f1m=0.8985  uplink_kB=150.2  t=1.62s
  round  16/50: acc=0.9167  f1m=0.9165  uplink_kB=150.2  t=1.60s
  round  17/50: acc=0.9104  f1m=0.9100  uplink_kB=150.2  t=1.60s
  round  18/50: acc=0.9308  f1m=0.9307  uplink_kB=150.2  t=1.56s
  round  19/50: acc=0.9313  f1m=0.9312  uplink_kB=150.2  t=1.60s
  round  20/50: acc=0.9364  f1m=0.9363  uplink_kB=150.2  t=1.64s
  round  21/50: acc=0.9159  f1m=0.9158  uplink_kB=150.2  t=1.64s
  round  22/50: acc=0.9237  f1m=0.9235  uplink_kB=150.2  t=1.64s
  round  23/50: acc=0.9331  f1m=0.9330  uplink_kB=150.2  t=1.58s
  round  24/50: acc=0.9273  f1m=0.9272  uplink_kB=150.2  t=1.58s
  round  25/50: acc=0.9101  f1m=0.9098  uplink_kB=150.2  t=1.53s
  round  26/50: acc=0.9488  f1m=0.9488  uplink_kB=150.2  t=1.59s
  round  27/50: acc=0.8379  f1m=0.8348  uplink_kB=150.2  t=1.58s
  round  28/50: acc=0.9438  f1m=0.9438  uplink_kB=150.2  t=1.57s
  round  29/50: acc=0.8777  f1m=0.8769  uplink_kB=150.2  t=1.62s
  round  30/50: acc=0.8988  f1m=0.8987  uplink_kB=150.2  t=1.64s
  round  31/50: acc=0.8201  f1m=0.8154  uplink_kB=150.2  t=1.58s
  round  32/50: acc=0.9324  f1m=0.9324  uplink_kB=150.2  t=1.53s
  round  33/50: acc=0.8752  f1m=0.8740  uplink_kB=150.2  t=1.61s
  round  34/50: acc=0.9381  f1m=0.9381  uplink_kB=150.2  t=1.64s
  round  35/50: acc=0.8481  f1m=0.8451  uplink_kB=150.2  t=1.58s
  round  36/50: acc=0.9479  f1m=0.9479  uplink_kB=150.2  t=1.60s
  round  37/50: acc=0.9226  f1m=0.9226  uplink_kB=150.2  t=1.60s
  round  38/50: acc=0.9511  f1m=0.9511  uplink_kB=150.2  t=1.61s
  round  39/50: acc=0.9452  f1m=0.9452  uplink_kB=150.2  t=1.55s
  round  40/50: acc=0.9396  f1m=0.9396  uplink_kB=150.2  t=1.59s
  round  41/50: acc=0.9539  f1m=0.9539  uplink_kB=150.2  t=1.61s
  round  42/50: acc=0.9455  f1m=0.9454  uplink_kB=150.2  t=1.60s
  round  43/50: acc=0.9475  f1m=0.9475  uplink_kB=150.2  t=1.61s
  round  44/50: acc=0.9192  f1m=0.9190  uplink_kB=150.2  t=1.61s
  round  45/50: acc=0.9530  f1m=0.9530  uplink_kB=150.2  t=1.55s
  round  46/50: acc=0.9083  f1m=0.9081  uplink_kB=150.2  t=1.60s
  round  47/50: acc=0.9578  f1m=0.9578  uplink_kB=150.2  t=1.59s
  round  48/50: acc=0.9566  f1m=0.9566  uplink_kB=150.2  t=1.63s
  round  49/50: acc=0.9558  f1m=0.9558  uplink_kB=150.2  t=1.62s
  round  50/50: acc=0.9519  f1m=0.9519  uplink_kB=150.2  t=1.61s
[run] DONE -> /Users/agentra/Documents/hao/working/paper-lab/hao-paper-2026/iotj-fedkan-ids/repo/results/lrsweep_toniot/lrsweep_kan8_lr0p01__dir0.1__seed23/metrics.json  final_acc=0.9519
