[run] device=cpu  seed=29  out=/Users/agentra/Documents/hao/working/paper-lab/hao-paper-2026/iotj-fedkan-ids/repo/results/lrsweep_cseciic_mc50k/lrsweep_mlp32_lr0p0003__dir0.1__seed29
[run] model=mlp  params=1,775
  round   1/50: acc=0.0306  f1m=0.0066  uplink_kB=69.3  t=1.71s
  round   2/50: acc=0.1217  f1m=0.0189  uplink_kB=69.3  t=1.00s
  round   3/50: acc=0.1820  f1m=0.0508  uplink_kB=69.3  t=1.05s
  round   4/50: acc=0.1844  f1m=0.0498  uplink_kB=69.3  t=1.05s
  round   5/50: acc=0.1845  f1m=0.0492  uplink_kB=69.3  t=1.08s
  round   6/50: acc=0.1846  f1m=0.0492  uplink_kB=69.3  t=1.04s
  round   7/50: acc=0.1847  f1m=0.0492  uplink_kB=69.3  t=1.02s
  round   8/50: acc=0.1847  f1m=0.0492  uplink_kB=69.3  t=1.00s
  round   9/50: acc=0.1847  f1m=0.0471  uplink_kB=69.3  t=1.03s
  round  10/50: acc=0.1847  f1m=0.0468  uplink_kB=69.3  t=1.05s
  round  11/50: acc=0.2608  f1m=0.0923  uplink_kB=69.3  t=1.03s
  round  12/50: acc=0.2746  f1m=0.0867  uplink_kB=69.3  t=1.05s
  round  13/50: acc=0.2772  f1m=0.0827  uplink_kB=69.3  t=0.96s
  round  14/50: acc=0.2958  f1m=0.0871  uplink_kB=69.3  t=1.07s
  round  15/50: acc=0.3341  f1m=0.1293  uplink_kB=69.3  t=1.01s
  round  16/50: acc=0.3423  f1m=0.1327  uplink_kB=69.3  t=1.08s
  round  17/50: acc=0.3436  f1m=0.1339  uplink_kB=69.3  t=0.97s
  round  18/50: acc=0.3439  f1m=0.1342  uplink_kB=69.3  t=1.09s
  round  19/50: acc=0.3442  f1m=0.1343  uplink_kB=69.3  t=1.01s
  round  20/50: acc=0.3462  f1m=0.1341  uplink_kB=69.3  t=1.07s
  round  21/50: acc=0.3467  f1m=0.1330  uplink_kB=69.3  t=1.00s
  round  22/50: acc=0.3479  f1m=0.1335  uplink_kB=69.3  t=1.03s
  round  23/50: acc=0.3493  f1m=0.1341  uplink_kB=69.3  t=1.00s
  round  24/50: acc=0.3495  f1m=0.1343  uplink_kB=69.3  t=1.01s
  round  25/50: acc=0.3497  f1m=0.1345  uplink_kB=69.3  t=1.01s
  round  26/50: acc=0.3500  f1m=0.1347  uplink_kB=69.3  t=1.02s
  round  27/50: acc=0.3522  f1m=0.1356  uplink_kB=69.3  t=1.00s
  round  28/50: acc=0.3529  f1m=0.1360  uplink_kB=69.3  t=1.05s
  round  29/50: acc=0.3532  f1m=0.1376  uplink_kB=69.3  t=1.00s
  round  30/50: acc=0.3535  f1m=0.1388  uplink_kB=69.3  t=1.09s
  round  31/50: acc=0.3546  f1m=0.1440  uplink_kB=69.3  t=1.02s
  round  32/50: acc=0.3643  f1m=0.1685  uplink_kB=69.3  t=1.09s
  round  33/50: acc=0.3679  f1m=0.1706  uplink_kB=69.3  t=1.04s
  round  34/50: acc=0.3796  f1m=0.1959  uplink_kB=69.3  t=1.09s
  round  35/50: acc=0.3801  f1m=0.1960  uplink_kB=69.3  t=1.00s
  round  36/50: acc=0.3809  f1m=0.1965  uplink_kB=69.3  t=1.07s
  round  37/50: acc=0.3823  f1m=0.1976  uplink_kB=69.3  t=1.02s
  round  38/50: acc=0.3839  f1m=0.1984  uplink_kB=69.3  t=1.08s
  round  39/50: acc=0.3868  f1m=0.1997  uplink_kB=69.3  t=0.94s
  round  40/50: acc=0.3869  f1m=0.1992  uplink_kB=69.3  t=1.06s
  round  41/50: acc=0.3885  f1m=0.2003  uplink_kB=69.3  t=1.00s
  round  42/50: acc=0.3899  f1m=0.2050  uplink_kB=69.3  t=1.07s
  round  43/50: acc=0.4046  f1m=0.2245  uplink_kB=69.3  t=1.01s
  round  44/50: acc=0.4165  f1m=0.2350  uplink_kB=69.3  t=1.13s
  round  45/50: acc=0.4349  f1m=0.2486  uplink_kB=69.3  t=1.03s
  round  46/50: acc=0.4514  f1m=0.2592  uplink_kB=69.3  t=1.07s
  round  47/50: acc=0.4651  f1m=0.2666  uplink_kB=69.3  t=1.02s
  round  48/50: acc=0.4698  f1m=0.2691  uplink_kB=69.3  t=1.05s
  round  49/50: acc=0.4722  f1m=0.2702  uplink_kB=69.3  t=1.07s
  round  50/50: acc=0.4735  f1m=0.2705  uplink_kB=69.3  t=1.03s
[run] DONE -> /Users/agentra/Documents/hao/working/paper-lab/hao-paper-2026/iotj-fedkan-ids/repo/results/lrsweep_cseciic_mc50k/lrsweep_mlp32_lr0p0003__dir0.1__seed29/metrics.json  final_acc=0.4735
