[run] device=cpu  seed=2026  out=/Users/agentra/Documents/hao/working/paper-lab/hao-paper-2026/iotj-fedkan-ids/repo/results/lrsweep_cseciic_mc/lrsweep_mlp32_lr0p01__dir0.1__seed2026
[run] model=mlp  params=1,775
  round   1/50: acc=0.4850  f1m=0.2391  uplink_kB=69.3  t=3.40s
  round   2/50: acc=0.6161  f1m=0.3102  uplink_kB=69.3  t=2.47s
  round   3/50: acc=0.7645  f1m=0.4662  uplink_kB=69.3  t=2.10s
  round   4/50: acc=0.7897  f1m=0.5404  uplink_kB=69.3  t=2.05s
  round   5/50: acc=0.7903  f1m=0.5006  uplink_kB=69.3  t=2.04s
  round   6/50: acc=0.8091  f1m=0.5537  uplink_kB=69.3  t=2.13s
  round   7/50: acc=0.8308  f1m=0.6167  uplink_kB=69.3  t=2.10s
  round   8/50: acc=0.8311  f1m=0.6218  uplink_kB=69.3  t=2.07s
  round   9/50: acc=0.8335  f1m=0.6292  uplink_kB=69.3  t=2.23s
  round  10/50: acc=0.8352  f1m=0.6422  uplink_kB=69.3  t=2.07s
  round  11/50: acc=0.8411  f1m=0.6519  uplink_kB=69.3  t=2.08s
  round  12/50: acc=0.8436  f1m=0.6492  uplink_kB=69.3  t=2.13s
  round  13/50: acc=0.8420  f1m=0.6238  uplink_kB=69.3  t=2.08s
  round  14/50: acc=0.8487  f1m=0.6358  uplink_kB=69.3  t=2.13s
  round  15/50: acc=0.8560  f1m=0.6789  uplink_kB=69.3  t=2.40s
  round  16/50: acc=0.8515  f1m=0.6602  uplink_kB=69.3  t=2.85s
  round  17/50: acc=0.8531  f1m=0.6565  uplink_kB=69.3  t=2.84s
  round  18/50: acc=0.8557  f1m=0.6560  uplink_kB=69.3  t=2.15s
  round  19/50: acc=0.8555  f1m=0.6596  uplink_kB=69.3  t=2.12s
  round  20/50: acc=0.8592  f1m=0.6580  uplink_kB=69.3  t=2.13s
  round  21/50: acc=0.8608  f1m=0.6649  uplink_kB=69.3  t=2.08s
  round  22/50: acc=0.8604  f1m=0.6645  uplink_kB=69.3  t=2.07s
  round  23/50: acc=0.8626  f1m=0.6669  uplink_kB=69.3  t=2.11s
  round  24/50: acc=0.8631  f1m=0.6673  uplink_kB=69.3  t=2.10s
  round  25/50: acc=0.8614  f1m=0.6666  uplink_kB=69.3  t=2.30s
  round  26/50: acc=0.8633  f1m=0.6700  uplink_kB=69.3  t=2.15s
  round  27/50: acc=0.8629  f1m=0.6695  uplink_kB=69.3  t=2.32s
  round  28/50: acc=0.8628  f1m=0.6685  uplink_kB=69.3  t=2.06s
  round  29/50: acc=0.8686  f1m=0.6716  uplink_kB=69.3  t=2.13s
  round  30/50: acc=0.8682  f1m=0.7217  uplink_kB=69.3  t=2.17s
  round  31/50: acc=0.8678  f1m=0.7012  uplink_kB=69.3  t=2.14s
  round  32/50: acc=0.8686  f1m=0.7148  uplink_kB=69.3  t=2.09s
  round  33/50: acc=0.8619  f1m=0.6836  uplink_kB=69.3  t=2.06s
  round  34/50: acc=0.8673  f1m=0.7373  uplink_kB=69.3  t=2.12s
  round  35/50: acc=0.8714  f1m=0.7390  uplink_kB=69.3  t=2.09s
  round  36/50: acc=0.8719  f1m=0.7401  uplink_kB=69.3  t=2.04s
  round  37/50: acc=0.8695  f1m=0.7370  uplink_kB=69.3  t=2.07s
  round  38/50: acc=0.8732  f1m=0.7430  uplink_kB=69.3  t=2.12s
  round  39/50: acc=0.8763  f1m=0.7513  uplink_kB=69.3  t=2.06s
  round  40/50: acc=0.8739  f1m=0.7413  uplink_kB=69.3  t=2.10s
  round  41/50: acc=0.8764  f1m=0.7420  uplink_kB=69.3  t=2.05s
  round  42/50: acc=0.8737  f1m=0.7396  uplink_kB=69.3  t=2.08s
  round  43/50: acc=0.8859  f1m=0.7506  uplink_kB=69.3  t=2.21s
  round  44/50: acc=0.8828  f1m=0.7499  uplink_kB=69.3  t=2.14s
  round  45/50: acc=0.8819  f1m=0.7457  uplink_kB=69.3  t=2.12s
  round  46/50: acc=0.8814  f1m=0.7448  uplink_kB=69.3  t=2.07s
  round  47/50: acc=0.8851  f1m=0.7424  uplink_kB=69.3  t=2.06s
  round  48/50: acc=0.8802  f1m=0.7383  uplink_kB=69.3  t=2.14s
  round  49/50: acc=0.8819  f1m=0.7451  uplink_kB=69.3  t=2.11s
  round  50/50: acc=0.8827  f1m=0.7446  uplink_kB=69.3  t=2.05s
[run] DONE -> /Users/agentra/Documents/hao/working/paper-lab/hao-paper-2026/iotj-fedkan-ids/repo/results/lrsweep_cseciic_mc/lrsweep_mlp32_lr0p01__dir0.1__seed2026/metrics.json  final_acc=0.8827
