[run] device=cpu  seed=31  out=/Users/agentra/Documents/hao/working/paper-lab/hao-paper-2026/iotj-fedkan-ids/repo/results/mc_toniot/mc_kan8_lr0p01__dir0.1__seed31
[run] model=kan  params=3,920
  round   1/50: acc=0.3790  f1m=0.2026  uplink_kB=175.2  t=3.44s
  round   2/50: acc=0.3428  f1m=0.1557  uplink_kB=175.2  t=2.98s
  round   3/50: acc=0.4314  f1m=0.2539  uplink_kB=175.2  t=2.86s
  round   4/50: acc=0.4616  f1m=0.3057  uplink_kB=175.2  t=2.84s
  round   5/50: acc=0.5008  f1m=0.4013  uplink_kB=175.2  t=2.81s
  round   6/50: acc=0.5099  f1m=0.4068  uplink_kB=175.2  t=2.79s
  round   7/50: acc=0.5142  f1m=0.4188  uplink_kB=175.2  t=2.84s
  round   8/50: acc=0.5540  f1m=0.4631  uplink_kB=175.2  t=2.88s
  round   9/50: acc=0.5496  f1m=0.4621  uplink_kB=175.2  t=2.85s
  round  10/50: acc=0.5694  f1m=0.4880  uplink_kB=175.2  t=2.82s
  round  11/50: acc=0.6052  f1m=0.5288  uplink_kB=175.2  t=2.79s
  round  12/50: acc=0.6268  f1m=0.5534  uplink_kB=175.2  t=2.77s
  round  13/50: acc=0.6870  f1m=0.6171  uplink_kB=175.2  t=2.85s
  round  14/50: acc=0.6921  f1m=0.6173  uplink_kB=175.2  t=2.77s
  round  15/50: acc=0.6586  f1m=0.5923  uplink_kB=175.2  t=2.82s
  round  16/50: acc=0.6912  f1m=0.6167  uplink_kB=175.2  t=2.83s
  round  17/50: acc=0.6585  f1m=0.5940  uplink_kB=175.2  t=2.79s
  round  18/50: acc=0.7022  f1m=0.6192  uplink_kB=175.2  t=2.82s
  round  19/50: acc=0.6552  f1m=0.6431  uplink_kB=175.2  t=2.79s
  round  20/50: acc=0.7102  f1m=0.6852  uplink_kB=175.2  t=2.79s
  round  21/50: acc=0.6657  f1m=0.6521  uplink_kB=175.2  t=2.76s
  round  22/50: acc=0.7119  f1m=0.6404  uplink_kB=175.2  t=2.85s
  round  23/50: acc=0.6696  f1m=0.6519  uplink_kB=175.2  t=2.78s
  round  24/50: acc=0.7376  f1m=0.7188  uplink_kB=175.2  t=2.84s
  round  25/50: acc=0.6610  f1m=0.6432  uplink_kB=175.2  t=2.85s
  round  26/50: acc=0.7462  f1m=0.7276  uplink_kB=175.2  t=2.83s
  round  27/50: acc=0.6270  f1m=0.6170  uplink_kB=175.2  t=2.87s
  round  28/50: acc=0.7800  f1m=0.7516  uplink_kB=175.2  t=2.80s
  round  29/50: acc=0.6998  f1m=0.6733  uplink_kB=175.2  t=2.89s
  round  30/50: acc=0.7885  f1m=0.7555  uplink_kB=175.2  t=2.83s
  round  31/50: acc=0.7094  f1m=0.6826  uplink_kB=175.2  t=2.79s
  round  32/50: acc=0.7154  f1m=0.6829  uplink_kB=175.2  t=2.78s
  round  33/50: acc=0.7444  f1m=0.7135  uplink_kB=175.2  t=2.85s
  round  34/50: acc=0.7301  f1m=0.7023  uplink_kB=175.2  t=2.90s
  round  35/50: acc=0.7299  f1m=0.7001  uplink_kB=175.2  t=2.83s
  round  36/50: acc=0.7238  f1m=0.6952  uplink_kB=175.2  t=2.71s
  round  37/50: acc=0.7425  f1m=0.7172  uplink_kB=175.2  t=2.77s
  round  38/50: acc=0.7249  f1m=0.7032  uplink_kB=175.2  t=2.86s
  round  39/50: acc=0.7425  f1m=0.7178  uplink_kB=175.2  t=2.73s
  round  40/50: acc=0.7560  f1m=0.7340  uplink_kB=175.2  t=2.72s
  round  41/50: acc=0.7386  f1m=0.7177  uplink_kB=175.2  t=2.79s
  round  42/50: acc=0.7531  f1m=0.7291  uplink_kB=175.2  t=2.79s
  round  43/50: acc=0.7355  f1m=0.7195  uplink_kB=175.2  t=2.86s
  round  44/50: acc=0.7493  f1m=0.7298  uplink_kB=175.2  t=2.83s
  round  45/50: acc=0.7643  f1m=0.7470  uplink_kB=175.2  t=2.87s
  round  46/50: acc=0.7225  f1m=0.7057  uplink_kB=175.2  t=2.78s
  round  47/50: acc=0.7637  f1m=0.7478  uplink_kB=175.2  t=2.81s
  round  48/50: acc=0.7217  f1m=0.6961  uplink_kB=175.2  t=2.85s
  round  49/50: acc=0.7467  f1m=0.7278  uplink_kB=175.2  t=2.80s
  round  50/50: acc=0.7614  f1m=0.7456  uplink_kB=175.2  t=2.77s
[run] DONE -> /Users/agentra/Documents/hao/working/paper-lab/hao-paper-2026/iotj-fedkan-ids/repo/results/mc_toniot/mc_kan8_lr0p01__dir0.1__seed31/metrics.json  final_acc=0.7614
