[run] device=cpu  seed=119  out=/Users/agentra/Documents/hao/working/paper-lab/hao-paper-2026/iotj-fedkan-ids/repo/results/lrsweep_cseciic_mc50k/lrsweep_mlp80_lr0p01__dir0.1__seed119
[run] model=mlp  params=4,415
  round   1/50: acc=0.2533  f1m=0.1448  uplink_kB=172.5  t=1.40s
  round   2/50: acc=0.4032  f1m=0.2275  uplink_kB=172.5  t=0.93s
  round   3/50: acc=0.5789  f1m=0.4161  uplink_kB=172.5  t=0.95s
  round   4/50: acc=0.6677  f1m=0.4653  uplink_kB=172.5  t=0.91s
  round   5/50: acc=0.6669  f1m=0.4434  uplink_kB=172.5  t=0.91s
  round   6/50: acc=0.6676  f1m=0.4447  uplink_kB=172.5  t=0.80s
  round   7/50: acc=0.6802  f1m=0.4692  uplink_kB=172.5  t=0.86s
  round   8/50: acc=0.6793  f1m=0.4721  uplink_kB=172.5  t=0.82s
  round   9/50: acc=0.7303  f1m=0.5298  uplink_kB=172.5  t=0.89s
  round  10/50: acc=0.7454  f1m=0.5297  uplink_kB=172.5  t=0.82s
  round  11/50: acc=0.7322  f1m=0.5388  uplink_kB=172.5  t=0.84s
  round  12/50: acc=0.7565  f1m=0.5434  uplink_kB=172.5  t=0.82s
  round  13/50: acc=0.7594  f1m=0.5634  uplink_kB=172.5  t=0.80s
  round  14/50: acc=0.7764  f1m=0.5651  uplink_kB=172.5  t=0.86s
  round  15/50: acc=0.7665  f1m=0.5585  uplink_kB=172.5  t=0.82s
  round  16/50: acc=0.7835  f1m=0.5750  uplink_kB=172.5  t=0.87s
  round  17/50: acc=0.7495  f1m=0.5491  uplink_kB=172.5  t=0.79s
  round  18/50: acc=0.8044  f1m=0.6074  uplink_kB=172.5  t=0.82s
  round  19/50: acc=0.7719  f1m=0.5722  uplink_kB=172.5  t=0.78s
  round  20/50: acc=0.7947  f1m=0.5873  uplink_kB=172.5  t=0.84s
  round  21/50: acc=0.7757  f1m=0.5820  uplink_kB=172.5  t=0.79s
  round  22/50: acc=0.8130  f1m=0.6198  uplink_kB=172.5  t=0.82s
  round  23/50: acc=0.7755  f1m=0.5690  uplink_kB=172.5  t=0.78s
  round  24/50: acc=0.8111  f1m=0.5998  uplink_kB=172.5  t=0.85s
  round  25/50: acc=0.7808  f1m=0.5876  uplink_kB=172.5  t=0.80s
  round  26/50: acc=0.8133  f1m=0.6123  uplink_kB=172.5  t=0.82s
  round  27/50: acc=0.8065  f1m=0.6158  uplink_kB=172.5  t=0.78s
  round  28/50: acc=0.7978  f1m=0.5923  uplink_kB=172.5  t=0.83s
  round  29/50: acc=0.8140  f1m=0.6309  uplink_kB=172.5  t=0.81s
  round  30/50: acc=0.8133  f1m=0.6376  uplink_kB=172.5  t=0.84s
  round  31/50: acc=0.7969  f1m=0.6127  uplink_kB=172.5  t=0.80s
  round  32/50: acc=0.8108  f1m=0.6257  uplink_kB=172.5  t=0.84s
  round  33/50: acc=0.7942  f1m=0.6134  uplink_kB=172.5  t=0.81s
  round  34/50: acc=0.8112  f1m=0.6097  uplink_kB=172.5  t=0.85s
  round  35/50: acc=0.8072  f1m=0.6358  uplink_kB=172.5  t=0.81s
  round  36/50: acc=0.8160  f1m=0.6339  uplink_kB=172.5  t=0.84s
  round  37/50: acc=0.7951  f1m=0.6178  uplink_kB=172.5  t=0.78s
  round  38/50: acc=0.8162  f1m=0.6288  uplink_kB=172.5  t=0.81s
  round  39/50: acc=0.8650  f1m=0.7249  uplink_kB=172.5  t=0.77s
  round  40/50: acc=0.8176  f1m=0.6207  uplink_kB=172.5  t=0.85s
  round  41/50: acc=0.8513  f1m=0.7033  uplink_kB=172.5  t=0.82s
  round  42/50: acc=0.8285  f1m=0.6489  uplink_kB=172.5  t=0.87s
  round  43/50: acc=0.8627  f1m=0.7211  uplink_kB=172.5  t=0.78s
  round  44/50: acc=0.8233  f1m=0.6436  uplink_kB=172.5  t=0.81s
  round  45/50: acc=0.8628  f1m=0.7183  uplink_kB=172.5  t=0.78s
  round  46/50: acc=0.8177  f1m=0.6392  uplink_kB=172.5  t=0.84s
  round  47/50: acc=0.8632  f1m=0.7192  uplink_kB=172.5  t=0.81s
  round  48/50: acc=0.8266  f1m=0.6485  uplink_kB=172.5  t=0.83s
  round  49/50: acc=0.8512  f1m=0.7023  uplink_kB=172.5  t=0.80s
  round  50/50: acc=0.8269  f1m=0.6464  uplink_kB=172.5  t=0.84s
[run] DONE -> /Users/agentra/Documents/hao/working/paper-lab/hao-paper-2026/iotj-fedkan-ids/repo/results/lrsweep_cseciic_mc50k/lrsweep_mlp80_lr0p01__dir0.1__seed119/metrics.json  final_acc=0.8269
