[run] device=cpu  seed=114  out=/Users/agentra/Documents/hao/working/paper-lab/hao-paper-2026/iotj-fedkan-ids/repo/results/lrsweep_toniot/lrsweep_mlp80_lr0p01__dir0.1__seed114
[run] model=mlp  params=3,362
  round   1/50: acc=0.6602  f1m=0.6549  uplink_kB=131.3  t=1.38s
  round   2/50: acc=0.5276  f1m=0.4074  uplink_kB=131.3  t=0.75s
  round   3/50: acc=0.5340  f1m=0.4205  uplink_kB=131.3  t=0.78s
  round   4/50: acc=0.5324  f1m=0.4157  uplink_kB=131.3  t=0.77s
  round   5/50: acc=0.5326  f1m=0.4159  uplink_kB=131.3  t=0.72s
  round   6/50: acc=0.5400  f1m=0.4212  uplink_kB=131.3  t=0.78s
  round   7/50: acc=0.5376  f1m=0.4153  uplink_kB=131.3  t=0.77s
  round   8/50: acc=0.5395  f1m=0.4204  uplink_kB=131.3  t=0.77s
  round   9/50: acc=0.5453  f1m=0.4314  uplink_kB=131.3  t=0.78s
  round  10/50: acc=0.5478  f1m=0.4362  uplink_kB=131.3  t=0.79s
  round  11/50: acc=0.5509  f1m=0.4421  uplink_kB=131.3  t=0.81s
  round  12/50: acc=0.5512  f1m=0.4427  uplink_kB=131.3  t=0.73s
  round  13/50: acc=0.5538  f1m=0.4476  uplink_kB=131.3  t=0.74s
  round  14/50: acc=0.5509  f1m=0.4422  uplink_kB=131.3  t=0.71s
  round  15/50: acc=0.5523  f1m=0.4449  uplink_kB=131.3  t=0.74s
  round  16/50: acc=0.5542  f1m=0.4484  uplink_kB=131.3  t=0.81s
  round  17/50: acc=0.5527  f1m=0.4454  uplink_kB=131.3  t=0.80s
  round  18/50: acc=0.5525  f1m=0.4450  uplink_kB=131.3  t=0.79s
  round  19/50: acc=0.5560  f1m=0.4516  uplink_kB=131.3  t=0.77s
  round  20/50: acc=0.5588  f1m=0.4568  uplink_kB=131.3  t=0.70s
  round  21/50: acc=0.5593  f1m=0.4579  uplink_kB=131.3  t=0.77s
  round  22/50: acc=0.5626  f1m=0.4640  uplink_kB=131.3  t=0.78s
  round  23/50: acc=0.5626  f1m=0.4647  uplink_kB=131.3  t=0.75s
  round  24/50: acc=0.5676  f1m=0.4736  uplink_kB=131.3  t=0.79s
  round  25/50: acc=0.5681  f1m=0.4744  uplink_kB=131.3  t=0.79s
  round  26/50: acc=0.5699  f1m=0.4778  uplink_kB=131.3  t=0.77s
  round  27/50: acc=0.5687  f1m=0.4755  uplink_kB=131.3  t=0.69s
  round  28/50: acc=0.5686  f1m=0.4753  uplink_kB=131.3  t=0.78s
  round  29/50: acc=0.5708  f1m=0.4793  uplink_kB=131.3  t=0.77s
  round  30/50: acc=0.5693  f1m=0.4765  uplink_kB=131.3  t=0.76s
  round  31/50: acc=0.5688  f1m=0.4755  uplink_kB=131.3  t=0.77s
  round  32/50: acc=0.5697  f1m=0.4770  uplink_kB=131.3  t=0.81s
  round  33/50: acc=0.5707  f1m=0.4787  uplink_kB=131.3  t=0.72s
  round  34/50: acc=0.5679  f1m=0.4737  uplink_kB=131.3  t=0.78s
  round  35/50: acc=0.5705  f1m=0.4789  uplink_kB=131.3  t=0.76s
  round  36/50: acc=0.5712  f1m=0.4799  uplink_kB=131.3  t=0.76s
  round  37/50: acc=0.5694  f1m=0.4766  uplink_kB=131.3  t=0.76s
  round  38/50: acc=0.5707  f1m=0.4792  uplink_kB=131.3  t=0.77s
  round  39/50: acc=0.5721  f1m=0.4816  uplink_kB=131.3  t=0.77s
  round  40/50: acc=0.5714  f1m=0.4801  uplink_kB=131.3  t=0.74s
  round  41/50: acc=0.5733  f1m=0.4836  uplink_kB=131.3  t=0.78s
  round  42/50: acc=0.5726  f1m=0.4824  uplink_kB=131.3  t=0.79s
  round  43/50: acc=0.5708  f1m=0.4790  uplink_kB=131.3  t=0.78s
  round  44/50: acc=0.5791  f1m=0.4936  uplink_kB=131.3  t=0.78s
  round  45/50: acc=0.5707  f1m=0.4786  uplink_kB=131.3  t=0.79s
  round  46/50: acc=0.5758  f1m=0.4878  uplink_kB=131.3  t=0.79s
  round  47/50: acc=0.5736  f1m=0.4840  uplink_kB=131.3  t=0.77s
  round  48/50: acc=0.5812  f1m=0.4972  uplink_kB=131.3  t=0.75s
  round  49/50: acc=0.5735  f1m=0.4838  uplink_kB=131.3  t=0.80s
  round  50/50: acc=0.5838  f1m=0.5016  uplink_kB=131.3  t=0.79s
[run] DONE -> /Users/agentra/Documents/hao/working/paper-lab/hao-paper-2026/iotj-fedkan-ids/repo/results/lrsweep_toniot/lrsweep_mlp80_lr0p01__dir0.1__seed114/metrics.json  final_acc=0.5838
