[run] device=cpu  seed=17  out=/Users/agentra/Documents/hao/working/paper-lab/hao-paper-2026/iotj-fedkan-ids/repo/results/lrsweep_cseciic_mc/lrsweep_mlp80_lr0p1__dir0.1__seed17
[run] model=mlp  params=4,415
  round   1/50: acc=0.2213  f1m=0.0619  uplink_kB=172.5  t=2.82s
  round   2/50: acc=0.3052  f1m=0.1086  uplink_kB=172.5  t=2.18s
  round   3/50: acc=0.4406  f1m=0.1831  uplink_kB=172.5  t=2.12s
  round   4/50: acc=0.5293  f1m=0.2620  uplink_kB=172.5  t=2.12s
  round   5/50: acc=0.5911  f1m=0.3146  uplink_kB=172.5  t=2.18s
  round   6/50: acc=0.6424  f1m=0.4410  uplink_kB=172.5  t=2.33s
  round   7/50: acc=0.6107  f1m=0.3662  uplink_kB=172.5  t=2.44s
  round   8/50: acc=0.7571  f1m=0.4581  uplink_kB=172.5  t=2.22s
  round   9/50: acc=0.7750  f1m=0.4995  uplink_kB=172.5  t=2.23s
  round  10/50: acc=0.6256  f1m=0.3583  uplink_kB=172.5  t=2.36s
  round  11/50: acc=0.6789  f1m=0.4088  uplink_kB=172.5  t=2.15s
  round  12/50: acc=0.6598  f1m=0.4581  uplink_kB=172.5  t=2.17s
  round  13/50: acc=0.6852  f1m=0.4385  uplink_kB=172.5  t=2.10s
  round  14/50: acc=0.5802  f1m=0.2947  uplink_kB=172.5  t=2.28s
  round  15/50: acc=0.7915  f1m=0.5354  uplink_kB=172.5  t=2.13s
  round  16/50: acc=0.6447  f1m=0.4066  uplink_kB=172.5  t=2.19s
  round  17/50: acc=0.7509  f1m=0.4762  uplink_kB=172.5  t=2.19s
  round  18/50: acc=0.6468  f1m=0.4103  uplink_kB=172.5  t=2.25s
  round  19/50: acc=0.7458  f1m=0.4693  uplink_kB=172.5  t=2.21s
  round  20/50: acc=0.6590  f1m=0.4238  uplink_kB=172.5  t=2.16s
  round  21/50: acc=0.7139  f1m=0.4174  uplink_kB=172.5  t=2.16s
  round  22/50: acc=0.6602  f1m=0.4251  uplink_kB=172.5  t=2.18s
  round  23/50: acc=0.6560  f1m=0.4259  uplink_kB=172.5  t=2.08s
  round  24/50: acc=0.7328  f1m=0.4812  uplink_kB=172.5  t=2.20s
  round  25/50: acc=0.6988  f1m=0.4813  uplink_kB=172.5  t=2.17s
  round  26/50: acc=0.6614  f1m=0.4255  uplink_kB=172.5  t=2.22s
  round  27/50: acc=0.7287  f1m=0.4876  uplink_kB=172.5  t=2.12s
  round  28/50: acc=0.6697  f1m=0.4338  uplink_kB=172.5  t=2.13s
  round  29/50: acc=0.6573  f1m=0.4226  uplink_kB=172.5  t=2.09s
  round  30/50: acc=0.7361  f1m=0.4631  uplink_kB=172.5  t=2.26s
  round  31/50: acc=0.7260  f1m=0.4290  uplink_kB=172.5  t=2.20s
  round  32/50: acc=0.6170  f1m=0.3905  uplink_kB=172.5  t=2.18s
  round  33/50: acc=0.6292  f1m=0.3735  uplink_kB=172.5  t=2.12s
  round  34/50: acc=0.6584  f1m=0.4256  uplink_kB=172.5  t=2.20s
  round  35/50: acc=0.6989  f1m=0.4734  uplink_kB=172.5  t=2.20s
  round  36/50: acc=0.7224  f1m=0.4542  uplink_kB=172.5  t=2.13s
  round  37/50: acc=0.6931  f1m=0.4448  uplink_kB=172.5  t=2.18s
  round  38/50: acc=0.5555  f1m=0.3598  uplink_kB=172.5  t=2.16s
  round  39/50: acc=0.7750  f1m=0.4837  uplink_kB=172.5  t=2.17s
  round  40/50: acc=0.7726  f1m=0.4627  uplink_kB=172.5  t=2.16s
  round  41/50: acc=0.7477  f1m=0.4643  uplink_kB=172.5  t=2.13s
  round  42/50: acc=0.7408  f1m=0.4342  uplink_kB=172.5  t=2.13s
  round  43/50: acc=0.6276  f1m=0.3696  uplink_kB=172.5  t=2.14s
  round  44/50: acc=0.7346  f1m=0.4286  uplink_kB=172.5  t=2.22s
  round  45/50: acc=0.7487  f1m=0.4501  uplink_kB=172.5  t=2.18s
  round  46/50: acc=0.7598  f1m=0.4447  uplink_kB=172.5  t=2.12s
  round  47/50: acc=0.7319  f1m=0.4292  uplink_kB=172.5  t=2.13s
  round  48/50: acc=0.7056  f1m=0.4428  uplink_kB=172.5  t=2.23s
  round  49/50: acc=0.7629  f1m=0.4773  uplink_kB=172.5  t=2.15s
  round  50/50: acc=0.7656  f1m=0.4904  uplink_kB=172.5  t=2.21s
[run] DONE -> /Users/agentra/Documents/hao/working/paper-lab/hao-paper-2026/iotj-fedkan-ids/repo/results/lrsweep_cseciic_mc/lrsweep_mlp80_lr0p1__dir0.1__seed17/metrics.json  final_acc=0.7656
