[run] device=cpu  seed=17  out=/Users/agentra/Documents/hao/working/paper-lab/hao-paper-2026/iotj-fedkan-ids/repo/results/lrsweep_toniot/lrsweep_mlp80_lr0p003__dir0.1__seed17
[run] model=mlp  params=3,362
  round   1/50: acc=0.5093  f1m=0.3579  uplink_kB=131.3  t=1.11s
  round   2/50: acc=0.4980  f1m=0.4343  uplink_kB=131.3  t=0.68s
  round   3/50: acc=0.5492  f1m=0.5176  uplink_kB=131.3  t=0.68s
  round   4/50: acc=0.5014  f1m=0.3366  uplink_kB=131.3  t=0.67s
  round   5/50: acc=0.5000  f1m=0.3333  uplink_kB=131.3  t=0.70s
  round   6/50: acc=0.5000  f1m=0.3333  uplink_kB=131.3  t=0.62s
  round   7/50: acc=0.5000  f1m=0.3333  uplink_kB=131.3  t=0.65s
  round   8/50: acc=0.5023  f1m=0.3394  uplink_kB=131.3  t=0.66s
  round   9/50: acc=0.5307  f1m=0.4180  uplink_kB=131.3  t=0.67s
  round  10/50: acc=0.5351  f1m=0.4370  uplink_kB=131.3  t=0.70s
  round  11/50: acc=0.5572  f1m=0.4872  uplink_kB=131.3  t=0.69s
  round  12/50: acc=0.5576  f1m=0.4912  uplink_kB=131.3  t=0.62s
  round  13/50: acc=0.5559  f1m=0.4918  uplink_kB=131.3  t=0.67s
  round  14/50: acc=0.5547  f1m=0.4918  uplink_kB=131.3  t=0.69s
  round  15/50: acc=0.5517  f1m=0.4914  uplink_kB=131.3  t=0.65s
  round  16/50: acc=0.5521  f1m=0.4931  uplink_kB=131.3  t=0.69s
  round  17/50: acc=0.5543  f1m=0.4996  uplink_kB=131.3  t=0.64s
  round  18/50: acc=0.5536  f1m=0.5015  uplink_kB=131.3  t=0.65s
  round  19/50: acc=0.5514  f1m=0.5064  uplink_kB=131.3  t=0.58s
  round  20/50: acc=0.5535  f1m=0.5099  uplink_kB=131.3  t=0.66s
  round  21/50: acc=0.5545  f1m=0.5095  uplink_kB=131.3  t=0.64s
  round  22/50: acc=0.5555  f1m=0.5101  uplink_kB=131.3  t=0.67s
  round  23/50: acc=0.5570  f1m=0.5124  uplink_kB=131.3  t=0.68s
  round  24/50: acc=0.5614  f1m=0.5209  uplink_kB=131.3  t=0.68s
  round  25/50: acc=0.5699  f1m=0.5394  uplink_kB=131.3  t=0.67s
  round  26/50: acc=0.5697  f1m=0.5362  uplink_kB=131.3  t=0.63s
  round  27/50: acc=0.5708  f1m=0.5333  uplink_kB=131.3  t=0.69s
  round  28/50: acc=0.5694  f1m=0.5333  uplink_kB=131.3  t=0.66s
  round  29/50: acc=0.5715  f1m=0.5365  uplink_kB=131.3  t=0.65s
  round  30/50: acc=0.5691  f1m=0.5296  uplink_kB=131.3  t=0.66s
  round  31/50: acc=0.5669  f1m=0.5260  uplink_kB=131.3  t=0.65s
  round  32/50: acc=0.5730  f1m=0.5383  uplink_kB=131.3  t=0.64s
  round  33/50: acc=0.5714  f1m=0.5358  uplink_kB=131.3  t=0.62s
  round  34/50: acc=0.5827  f1m=0.5545  uplink_kB=131.3  t=0.67s
  round  35/50: acc=0.5823  f1m=0.5539  uplink_kB=131.3  t=0.68s
  round  36/50: acc=0.5859  f1m=0.5577  uplink_kB=131.3  t=0.69s
  round  37/50: acc=0.5887  f1m=0.5613  uplink_kB=131.3  t=0.70s
  round  38/50: acc=0.5893  f1m=0.5591  uplink_kB=131.3  t=0.74s
  round  39/50: acc=0.5972  f1m=0.5695  uplink_kB=131.3  t=0.73s
  round  40/50: acc=0.5958  f1m=0.5678  uplink_kB=131.3  t=0.67s
  round  41/50: acc=0.5972  f1m=0.5687  uplink_kB=131.3  t=0.70s
  round  42/50: acc=0.5967  f1m=0.5658  uplink_kB=131.3  t=0.69s
  round  43/50: acc=0.6004  f1m=0.5702  uplink_kB=131.3  t=0.67s
  round  44/50: acc=0.6037  f1m=0.5752  uplink_kB=131.3  t=0.76s
  round  45/50: acc=0.6042  f1m=0.5748  uplink_kB=131.3  t=0.73s
  round  46/50: acc=0.6070  f1m=0.5794  uplink_kB=131.3  t=0.66s
  round  47/50: acc=0.6105  f1m=0.5835  uplink_kB=131.3  t=0.66s
  round  48/50: acc=0.6128  f1m=0.5873  uplink_kB=131.3  t=0.69s
  round  49/50: acc=0.6136  f1m=0.5883  uplink_kB=131.3  t=0.72s
  round  50/50: acc=0.6179  f1m=0.5925  uplink_kB=131.3  t=0.68s
[run] DONE -> /Users/agentra/Documents/hao/working/paper-lab/hao-paper-2026/iotj-fedkan-ids/repo/results/lrsweep_toniot/lrsweep_mlp80_lr0p003__dir0.1__seed17/metrics.json  final_acc=0.6179
