[run] device=cpu  seed=17  out=/Users/agentra/Documents/hao/working/paper-lab/hao-paper-2026/iotj-fedkan-ids/repo/results/lrsweep_cseciic/lrsweep_kan8_lr0p03__dir0.1__seed17
[run] model=kan  params=3,280
  round   1/50: acc=0.7661  f1m=0.7587  uplink_kB=150.2  t=2.19s
  round   2/50: acc=0.5001  f1m=0.3335  uplink_kB=150.2  t=1.63s
  round   3/50: acc=0.8735  f1m=0.8716  uplink_kB=150.2  t=1.60s
  round   4/50: acc=0.9223  f1m=0.9220  uplink_kB=150.2  t=1.64s
  round   5/50: acc=0.9205  f1m=0.9202  uplink_kB=150.2  t=1.59s
  round   6/50: acc=0.9210  f1m=0.9208  uplink_kB=150.2  t=1.58s
  round   7/50: acc=0.9217  f1m=0.9215  uplink_kB=150.2  t=1.60s
  round   8/50: acc=0.9185  f1m=0.9183  uplink_kB=150.2  t=1.58s
  round   9/50: acc=0.9210  f1m=0.9207  uplink_kB=150.2  t=1.64s
  round  10/50: acc=0.9209  f1m=0.9207  uplink_kB=150.2  t=1.62s
  round  11/50: acc=0.9041  f1m=0.9039  uplink_kB=150.2  t=1.61s
  round  12/50: acc=0.9087  f1m=0.9086  uplink_kB=150.2  t=1.61s
  round  13/50: acc=0.9076  f1m=0.9076  uplink_kB=150.2  t=1.61s
  round  14/50: acc=0.9083  f1m=0.9082  uplink_kB=150.2  t=1.54s
  round  15/50: acc=0.8995  f1m=0.8995  uplink_kB=150.2  t=1.64s
  round  16/50: acc=0.9124  f1m=0.9124  uplink_kB=150.2  t=1.62s
  round  17/50: acc=0.8702  f1m=0.8701  uplink_kB=150.2  t=1.60s
  round  18/50: acc=0.8729  f1m=0.8728  uplink_kB=150.2  t=1.59s
  round  19/50: acc=0.8675  f1m=0.8673  uplink_kB=150.2  t=1.60s
  round  20/50: acc=0.8643  f1m=0.8640  uplink_kB=150.2  t=1.54s
  round  21/50: acc=0.8396  f1m=0.8384  uplink_kB=150.2  t=1.60s
  round  22/50: acc=0.8425  f1m=0.8419  uplink_kB=150.2  t=1.58s
  round  23/50: acc=0.8397  f1m=0.8388  uplink_kB=150.2  t=1.60s
  round  24/50: acc=0.8400  f1m=0.8387  uplink_kB=150.2  t=1.59s
  round  25/50: acc=0.8370  f1m=0.8359  uplink_kB=150.2  t=1.62s
  round  26/50: acc=0.8433  f1m=0.8422  uplink_kB=150.2  t=1.59s
  round  27/50: acc=0.8413  f1m=0.8404  uplink_kB=150.2  t=1.56s
  round  28/50: acc=0.8462  f1m=0.8452  uplink_kB=150.2  t=1.64s
  round  29/50: acc=0.8428  f1m=0.8416  uplink_kB=150.2  t=1.61s
  round  30/50: acc=0.8442  f1m=0.8431  uplink_kB=150.2  t=1.57s
  round  31/50: acc=0.8440  f1m=0.8432  uplink_kB=150.2  t=1.66s
  round  32/50: acc=0.8397  f1m=0.8387  uplink_kB=150.2  t=1.63s
  round  33/50: acc=0.8637  f1m=0.8632  uplink_kB=150.2  t=1.61s
  round  34/50: acc=0.8733  f1m=0.8733  uplink_kB=150.2  t=1.55s
  round  35/50: acc=0.9089  f1m=0.9089  uplink_kB=150.2  t=1.59s
  round  36/50: acc=0.8972  f1m=0.8972  uplink_kB=150.2  t=1.59s
  round  37/50: acc=0.9070  f1m=0.9070  uplink_kB=150.2  t=1.58s
  round  38/50: acc=0.9084  f1m=0.9084  uplink_kB=150.2  t=1.61s
  round  39/50: acc=0.8747  f1m=0.8746  uplink_kB=150.2  t=1.64s
  round  40/50: acc=0.8655  f1m=0.8652  uplink_kB=150.2  t=1.63s
  round  41/50: acc=0.8484  f1m=0.8478  uplink_kB=150.2  t=1.63s
  round  42/50: acc=0.8386  f1m=0.8377  uplink_kB=150.2  t=2.02s
  round  43/50: acc=0.9249  f1m=0.9248  uplink_kB=150.2  t=1.64s
  round  44/50: acc=0.8955  f1m=0.8955  uplink_kB=150.2  t=1.63s
  round  45/50: acc=0.9256  f1m=0.9255  uplink_kB=150.2  t=1.62s
  round  46/50: acc=0.9080  f1m=0.9080  uplink_kB=150.2  t=1.60s
  round  47/50: acc=0.9027  f1m=0.9027  uplink_kB=150.2  t=1.59s
  round  48/50: acc=0.9294  f1m=0.9294  uplink_kB=150.2  t=1.50s
  round  49/50: acc=0.8389  f1m=0.8386  uplink_kB=150.2  t=1.78s
  round  50/50: acc=0.7880  f1m=0.7823  uplink_kB=150.2  t=1.62s
[run] DONE -> /Users/agentra/Documents/hao/working/paper-lab/hao-paper-2026/iotj-fedkan-ids/repo/results/lrsweep_cseciic/lrsweep_kan8_lr0p03__dir0.1__seed17/metrics.json  final_acc=0.7880
