[run] device=cpu  seed=29  out=/Users/agentra/Documents/hao/working/paper-lab/hao-paper-2026/iotj-fedkan-ids/repo/results/lrsweep_toniot/lrsweep_kan16_lr0p1__dir0.1__seed29
[run] model=kan  params=6,560
  round   1/50: acc=0.6724  f1m=0.6686  uplink_kB=282.0  t=2.45s
  round   2/50: acc=0.8192  f1m=0.8163  uplink_kB=282.0  t=1.87s
  round   3/50: acc=0.3296  f1m=0.3270  uplink_kB=282.0  t=1.89s
  round   4/50: acc=0.5000  f1m=0.3333  uplink_kB=282.0  t=1.97s
  round   5/50: acc=0.5510  f1m=0.4704  uplink_kB=282.0  t=1.83s
  round   6/50: acc=0.5000  f1m=0.3333  uplink_kB=282.0  t=1.90s
  round   7/50: acc=0.6957  f1m=0.6841  uplink_kB=282.0  t=1.86s
  round   8/50: acc=0.5019  f1m=0.3394  uplink_kB=282.0  t=1.84s
  round   9/50: acc=0.2625  f1m=0.2613  uplink_kB=282.0  t=1.84s
  round  10/50: acc=0.4982  f1m=0.3327  uplink_kB=282.0  t=1.87s
  round  11/50: acc=0.5834  f1m=0.5336  uplink_kB=282.0  t=2.04s
  round  12/50: acc=0.5000  f1m=0.3333  uplink_kB=282.0  t=1.86s
  round  13/50: acc=0.5000  f1m=0.3333  uplink_kB=282.0  t=2.01s
  round  14/50: acc=0.5000  f1m=0.3333  uplink_kB=282.0  t=1.88s
  round  15/50: acc=0.5000  f1m=0.3333  uplink_kB=282.0  t=1.87s
  round  16/50: acc=0.5000  f1m=0.3333  uplink_kB=282.0  t=1.91s
  round  17/50: acc=0.5000  f1m=0.3333  uplink_kB=282.0  t=1.88s
  round  18/50: acc=0.5000  f1m=0.3333  uplink_kB=282.0  t=1.87s
  round  19/50: acc=0.5000  f1m=0.3334  uplink_kB=282.0  t=1.79s
  round  20/50: acc=0.5096  f1m=0.3560  uplink_kB=282.0  t=1.84s
  round  21/50: acc=0.4999  f1m=0.3333  uplink_kB=282.0  t=1.87s
  round  22/50: acc=0.4991  f1m=0.3368  uplink_kB=282.0  t=1.91s
  round  23/50: acc=0.5000  f1m=0.3334  uplink_kB=282.0  t=1.88s
  round  24/50: acc=0.5023  f1m=0.3408  uplink_kB=282.0  t=1.86s
  round  25/50: acc=0.5000  f1m=0.3333  uplink_kB=282.0  t=1.76s
  round  26/50: acc=0.5000  f1m=0.3333  uplink_kB=282.0  t=1.87s
  round  27/50: acc=0.5000  f1m=0.3333  uplink_kB=282.0  t=1.86s
  round  28/50: acc=0.5000  f1m=0.3333  uplink_kB=282.0  t=1.83s
  round  29/50: acc=0.5000  f1m=0.3333  uplink_kB=282.0  t=1.87s
  round  30/50: acc=0.5000  f1m=0.3333  uplink_kB=282.0  t=1.87s
  round  31/50: acc=0.5000  f1m=0.3333  uplink_kB=282.0  t=1.85s
  round  32/50: acc=0.5000  f1m=0.3333  uplink_kB=282.0  t=1.83s
  round  33/50: acc=0.4948  f1m=0.3329  uplink_kB=282.0  t=1.89s
  round  34/50: acc=0.5002  f1m=0.3338  uplink_kB=282.0  t=1.83s
  round  35/50: acc=0.5001  f1m=0.3336  uplink_kB=282.0  t=1.86s
  round  36/50: acc=0.5000  f1m=0.3333  uplink_kB=282.0  t=1.85s
  round  37/50: acc=0.5000  f1m=0.3333  uplink_kB=282.0  t=1.86s
  round  38/50: acc=0.5000  f1m=0.3333  uplink_kB=282.0  t=1.77s
  round  39/50: acc=0.5000  f1m=0.3333  uplink_kB=282.0  t=1.84s
  round  40/50: acc=0.4999  f1m=0.3333  uplink_kB=282.0  t=1.87s
  round  41/50: acc=0.4998  f1m=0.3332  uplink_kB=282.0  t=1.87s
  round  42/50: acc=0.5052  f1m=0.3486  uplink_kB=282.0  t=1.80s
  round  43/50: acc=0.5109  f1m=0.3600  uplink_kB=282.0  t=1.89s
  round  44/50: acc=0.5890  f1m=0.5153  uplink_kB=282.0  t=1.89s
  round  45/50: acc=0.6175  f1m=0.5750  uplink_kB=282.0  t=1.88s
  round  46/50: acc=0.6425  f1m=0.6209  uplink_kB=282.0  t=1.83s
  round  47/50: acc=0.5487  f1m=0.4416  uplink_kB=282.0  t=1.85s
  round  48/50: acc=0.6381  f1m=0.6146  uplink_kB=282.0  t=1.88s
  round  49/50: acc=0.6263  f1m=0.5802  uplink_kB=282.0  t=1.90s
  round  50/50: acc=0.6009  f1m=0.5337  uplink_kB=282.0  t=1.75s
[run] DONE -> /Users/agentra/Documents/hao/working/paper-lab/hao-paper-2026/iotj-fedkan-ids/repo/results/lrsweep_toniot/lrsweep_kan16_lr0p1__dir0.1__seed29/metrics.json  final_acc=0.6009
