[run] device=cpu  seed=102  out=/Users/agentra/Documents/hao/working/paper-lab/hao-paper-2026/iotj-fedkan-ids/repo/results/lrsweep_cseciic_mc50k/lrsweep_kan8_lr0p01__dir0.1__seed102
[run] model=kan  params=4,320
  round   1/50: acc=0.2011  f1m=0.0596  uplink_kB=190.8  t=3.42s
  round   2/50: acc=0.3381  f1m=0.1003  uplink_kB=190.8  t=2.80s
  round   3/50: acc=0.5794  f1m=0.3368  uplink_kB=190.8  t=2.92s
  round   4/50: acc=0.5743  f1m=0.3348  uplink_kB=190.8  t=3.01s
  round   5/50: acc=0.7017  f1m=0.4626  uplink_kB=190.8  t=3.19s
  round   6/50: acc=0.7115  f1m=0.4720  uplink_kB=190.8  t=3.15s
  round   7/50: acc=0.7380  f1m=0.4871  uplink_kB=190.8  t=3.11s
  round   8/50: acc=0.7470  f1m=0.5261  uplink_kB=190.8  t=3.10s
  round   9/50: acc=0.7895  f1m=0.5947  uplink_kB=190.8  t=3.05s
  round  10/50: acc=0.7693  f1m=0.5685  uplink_kB=190.8  t=3.16s
  round  11/50: acc=0.7978  f1m=0.6045  uplink_kB=190.8  t=3.30s
  round  12/50: acc=0.7888  f1m=0.5986  uplink_kB=190.8  t=3.10s
  round  13/50: acc=0.8148  f1m=0.6243  uplink_kB=190.8  t=3.13s
  round  14/50: acc=0.7908  f1m=0.6060  uplink_kB=190.8  t=3.17s
  round  15/50: acc=0.8087  f1m=0.6349  uplink_kB=190.8  t=3.19s
  round  16/50: acc=0.8018  f1m=0.6210  uplink_kB=190.8  t=3.14s
  round  17/50: acc=0.8073  f1m=0.6354  uplink_kB=190.8  t=3.09s
  round  18/50: acc=0.7962  f1m=0.6246  uplink_kB=190.8  t=3.20s
  round  19/50: acc=0.7917  f1m=0.6196  uplink_kB=190.8  t=3.22s
  round  20/50: acc=0.7962  f1m=0.6242  uplink_kB=190.8  t=3.23s
  round  21/50: acc=0.7977  f1m=0.6236  uplink_kB=190.8  t=3.16s
  round  22/50: acc=0.7977  f1m=0.6264  uplink_kB=190.8  t=3.26s
  round  23/50: acc=0.7980  f1m=0.6278  uplink_kB=190.8  t=3.25s
  round  24/50: acc=0.8029  f1m=0.6308  uplink_kB=190.8  t=3.12s
  round  25/50: acc=0.8116  f1m=0.6403  uplink_kB=190.8  t=3.20s
  round  26/50: acc=0.8148  f1m=0.6386  uplink_kB=190.8  t=3.02s
  round  27/50: acc=0.8146  f1m=0.6385  uplink_kB=190.8  t=3.17s
  round  28/50: acc=0.8175  f1m=0.6382  uplink_kB=190.8  t=3.14s
  round  29/50: acc=0.8171  f1m=0.6399  uplink_kB=190.8  t=3.35s
  round  30/50: acc=0.8129  f1m=0.6375  uplink_kB=190.8  t=3.08s
  round  31/50: acc=0.8102  f1m=0.6350  uplink_kB=190.8  t=3.24s
  round  32/50: acc=0.8209  f1m=0.6420  uplink_kB=190.8  t=3.15s
  round  33/50: acc=0.8172  f1m=0.6398  uplink_kB=190.8  t=3.21s
  round  34/50: acc=0.8256  f1m=0.6523  uplink_kB=190.8  t=2.98s
  round  35/50: acc=0.8240  f1m=0.6476  uplink_kB=190.8  t=3.09s
  round  36/50: acc=0.8105  f1m=0.6359  uplink_kB=190.8  t=3.01s
  round  37/50: acc=0.8208  f1m=0.6487  uplink_kB=190.8  t=3.11s
  round  38/50: acc=0.8292  f1m=0.6535  uplink_kB=190.8  t=3.06s
  round  39/50: acc=0.8765  f1m=0.7285  uplink_kB=190.8  t=3.08s
  round  40/50: acc=0.8287  f1m=0.6515  uplink_kB=190.8  t=3.03s
  round  41/50: acc=0.8147  f1m=0.6423  uplink_kB=190.8  t=3.17s
  round  42/50: acc=0.8886  f1m=0.7535  uplink_kB=190.8  t=3.11s
  round  43/50: acc=0.8201  f1m=0.6475  uplink_kB=190.8  t=3.04s
  round  44/50: acc=0.8911  f1m=0.7514  uplink_kB=190.8  t=3.09s
  round  45/50: acc=0.8788  f1m=0.7445  uplink_kB=190.8  t=3.14s
  round  46/50: acc=0.8333  f1m=0.6593  uplink_kB=190.8  t=3.10s
  round  47/50: acc=0.8940  f1m=0.7553  uplink_kB=190.8  t=3.07s
  round  48/50: acc=0.8300  f1m=0.6569  uplink_kB=190.8  t=3.08s
  round  49/50: acc=0.8921  f1m=0.7539  uplink_kB=190.8  t=3.01s
  round  50/50: acc=0.8173  f1m=0.6459  uplink_kB=190.8  t=3.11s
[run] DONE -> /Users/agentra/Documents/hao/working/paper-lab/hao-paper-2026/iotj-fedkan-ids/repo/results/lrsweep_cseciic_mc50k/lrsweep_kan8_lr0p01__dir0.1__seed102/metrics.json  final_acc=0.8173
