[run] device=cpu  seed=42  out=/Users/agentra/Documents/hao/working/paper-lab/hao-paper-2026/iotj-fedkan-ids/repo/results/lrsweep_botiot/lrsweep_kan8_lr0p003__dir0.1__seed42
[run] model=kan  params=3,280
  round   1/50: acc=0.8103  f1m=0.8039  uplink_kB=150.2  t=2.21s
  round   2/50: acc=0.9560  f1m=0.9560  uplink_kB=150.2  t=1.64s
  round   3/50: acc=0.9672  f1m=0.9671  uplink_kB=150.2  t=1.64s
  round   4/50: acc=0.9674  f1m=0.9673  uplink_kB=150.2  t=1.61s
  round   5/50: acc=0.9719  f1m=0.9719  uplink_kB=150.2  t=1.60s
  round   6/50: acc=0.9720  f1m=0.9720  uplink_kB=150.2  t=1.59s
  round   7/50: acc=0.9729  f1m=0.9729  uplink_kB=150.2  t=1.62s
  round   8/50: acc=0.9730  f1m=0.9730  uplink_kB=150.2  t=1.66s
  round   9/50: acc=0.9730  f1m=0.9730  uplink_kB=150.2  t=1.62s
  round  10/50: acc=0.9731  f1m=0.9731  uplink_kB=150.2  t=1.68s
  round  11/50: acc=0.9735  f1m=0.9734  uplink_kB=150.2  t=1.62s
  round  12/50: acc=0.9736  f1m=0.9736  uplink_kB=150.2  t=1.58s
  round  13/50: acc=0.9736  f1m=0.9736  uplink_kB=150.2  t=1.65s
  round  14/50: acc=0.9737  f1m=0.9737  uplink_kB=150.2  t=1.63s
  round  15/50: acc=0.9739  f1m=0.9739  uplink_kB=150.2  t=1.63s
  round  16/50: acc=0.9749  f1m=0.9749  uplink_kB=150.2  t=1.62s
  round  17/50: acc=0.9750  f1m=0.9750  uplink_kB=150.2  t=1.65s
  round  18/50: acc=0.9750  f1m=0.9750  uplink_kB=150.2  t=1.53s
  round  19/50: acc=0.9751  f1m=0.9751  uplink_kB=150.2  t=1.64s
  round  20/50: acc=0.9750  f1m=0.9750  uplink_kB=150.2  t=1.62s
  round  21/50: acc=0.9751  f1m=0.9751  uplink_kB=150.2  t=1.63s
  round  22/50: acc=0.9752  f1m=0.9752  uplink_kB=150.2  t=1.63s
  round  23/50: acc=0.9754  f1m=0.9754  uplink_kB=150.2  t=1.62s
  round  24/50: acc=0.9752  f1m=0.9752  uplink_kB=150.2  t=1.66s
  round  25/50: acc=0.9752  f1m=0.9752  uplink_kB=150.2  t=1.58s
  round  26/50: acc=0.9753  f1m=0.9753  uplink_kB=150.2  t=1.64s
  round  27/50: acc=0.9757  f1m=0.9756  uplink_kB=150.2  t=1.61s
  round  28/50: acc=0.9759  f1m=0.9758  uplink_kB=150.2  t=1.65s
  round  29/50: acc=0.9756  f1m=0.9756  uplink_kB=150.2  t=1.63s
  round  30/50: acc=0.9761  f1m=0.9761  uplink_kB=150.2  t=1.63s
  round  31/50: acc=0.9759  f1m=0.9758  uplink_kB=150.2  t=1.66s
  round  32/50: acc=0.9758  f1m=0.9758  uplink_kB=150.2  t=1.54s
  round  33/50: acc=0.9757  f1m=0.9757  uplink_kB=150.2  t=1.61s
  round  34/50: acc=0.9758  f1m=0.9758  uplink_kB=150.2  t=1.65s
  round  35/50: acc=0.9754  f1m=0.9754  uplink_kB=150.2  t=1.64s
  round  36/50: acc=0.9757  f1m=0.9757  uplink_kB=150.2  t=1.61s
  round  37/50: acc=0.9967  f1m=0.9967  uplink_kB=150.2  t=1.64s
  round  38/50: acc=0.9757  f1m=0.9757  uplink_kB=150.2  t=1.65s
  round  39/50: acc=0.9967  f1m=0.9967  uplink_kB=150.2  t=1.60s
  round  40/50: acc=0.9967  f1m=0.9967  uplink_kB=150.2  t=1.64s
  round  41/50: acc=0.9970  f1m=0.9970  uplink_kB=150.2  t=1.58s
  round  42/50: acc=0.9972  f1m=0.9972  uplink_kB=150.2  t=1.64s
  round  43/50: acc=0.9973  f1m=0.9973  uplink_kB=150.2  t=1.63s
  round  44/50: acc=0.9969  f1m=0.9969  uplink_kB=150.2  t=1.65s
  round  45/50: acc=0.9970  f1m=0.9970  uplink_kB=150.2  t=1.62s
  round  46/50: acc=0.9971  f1m=0.9971  uplink_kB=150.2  t=1.58s
  round  47/50: acc=0.9966  f1m=0.9966  uplink_kB=150.2  t=1.67s
  round  48/50: acc=0.9971  f1m=0.9971  uplink_kB=150.2  t=1.63s
  round  49/50: acc=0.9970  f1m=0.9970  uplink_kB=150.2  t=1.62s
  round  50/50: acc=0.9970  f1m=0.9970  uplink_kB=150.2  t=1.59s
[run] DONE -> /Users/agentra/Documents/hao/working/paper-lab/hao-paper-2026/iotj-fedkan-ids/repo/results/lrsweep_botiot/lrsweep_kan8_lr0p003__dir0.1__seed42/metrics.json  final_acc=0.9970
