[run] device=cpu  seed=17  out=/Users/agentra/Documents/hao/working/paper-lab/hao-paper-2026/iotj-fedkan-ids/repo/results/mc_botiot/mc_kan16_lr0p01__dir0.1__seed17
[run] model=kan  params=7,040
  round   1/50: acc=0.8867  f1m=0.7125  uplink_kB=300.8  t=2.50s
  round   2/50: acc=0.8953  f1m=0.7204  uplink_kB=300.8  t=1.78s
  round   3/50: acc=0.9111  f1m=0.7332  uplink_kB=300.8  t=1.73s
  round   4/50: acc=0.9133  f1m=0.7354  uplink_kB=300.8  t=1.72s
  round   5/50: acc=0.9139  f1m=0.7359  uplink_kB=300.8  t=1.76s
  round   6/50: acc=0.9162  f1m=0.7378  uplink_kB=300.8  t=1.78s
  round   7/50: acc=0.9196  f1m=0.7405  uplink_kB=300.8  t=1.78s
  round   8/50: acc=0.9206  f1m=0.7414  uplink_kB=300.8  t=1.70s
  round   9/50: acc=0.9217  f1m=0.7422  uplink_kB=300.8  t=1.75s
  round  10/50: acc=0.9216  f1m=0.7421  uplink_kB=300.8  t=1.79s
  round  11/50: acc=0.9606  f1m=0.7729  uplink_kB=300.8  t=1.71s
  round  12/50: acc=0.9578  f1m=0.7706  uplink_kB=300.8  t=1.78s
  round  13/50: acc=0.9601  f1m=0.7725  uplink_kB=300.8  t=1.76s
  round  14/50: acc=0.9594  f1m=0.7719  uplink_kB=300.8  t=1.75s
  round  15/50: acc=0.9553  f1m=0.7685  uplink_kB=300.8  t=1.80s
  round  16/50: acc=0.9578  f1m=0.7706  uplink_kB=300.8  t=1.74s
  round  17/50: acc=0.9557  f1m=0.7688  uplink_kB=300.8  t=1.72s
  round  18/50: acc=0.9589  f1m=0.7715  uplink_kB=300.8  t=1.69s
  round  19/50: acc=0.9605  f1m=0.7728  uplink_kB=300.8  t=1.78s
  round  20/50: acc=0.9605  f1m=0.7728  uplink_kB=300.8  t=1.71s
  round  21/50: acc=0.9592  f1m=0.7717  uplink_kB=300.8  t=1.73s
  round  22/50: acc=0.9568  f1m=0.7697  uplink_kB=300.8  t=1.70s
  round  23/50: acc=0.9597  f1m=0.7721  uplink_kB=300.8  t=1.73s
  round  24/50: acc=0.9604  f1m=0.7727  uplink_kB=300.8  t=1.77s
  round  25/50: acc=0.9623  f1m=0.7743  uplink_kB=300.8  t=1.71s
  round  26/50: acc=0.9622  f1m=0.7742  uplink_kB=300.8  t=1.71s
  round  27/50: acc=0.9612  f1m=0.7733  uplink_kB=300.8  t=1.70s
  round  28/50: acc=0.9634  f1m=0.7752  uplink_kB=300.8  t=1.79s
  round  29/50: acc=0.9572  f1m=0.7701  uplink_kB=300.8  t=1.68s
  round  30/50: acc=0.9616  f1m=0.7736  uplink_kB=300.8  t=1.74s
  round  31/50: acc=0.9637  f1m=0.7753  uplink_kB=300.8  t=1.71s
  round  32/50: acc=0.9632  f1m=0.7749  uplink_kB=300.8  t=1.74s
  round  33/50: acc=0.9639  f1m=0.7756  uplink_kB=300.8  t=1.80s
  round  34/50: acc=0.9627  f1m=0.7746  uplink_kB=300.8  t=1.68s
  round  35/50: acc=0.9629  f1m=0.7747  uplink_kB=300.8  t=1.72s
  round  36/50: acc=0.9631  f1m=0.7749  uplink_kB=300.8  t=1.74s
  round  37/50: acc=0.9640  f1m=0.7756  uplink_kB=300.8  t=1.75s
  round  38/50: acc=0.9622  f1m=0.7741  uplink_kB=300.8  t=1.78s
  round  39/50: acc=0.9636  f1m=0.7752  uplink_kB=300.8  t=1.72s
  round  40/50: acc=0.9638  f1m=0.7755  uplink_kB=300.8  t=1.71s
  round  41/50: acc=0.9624  f1m=0.7744  uplink_kB=300.8  t=1.71s
  round  42/50: acc=0.9637  f1m=0.7754  uplink_kB=300.8  t=1.76s
  round  43/50: acc=0.9639  f1m=0.7756  uplink_kB=300.8  t=1.73s
  round  44/50: acc=0.9640  f1m=0.7756  uplink_kB=300.8  t=1.72s
  round  45/50: acc=0.9640  f1m=0.7756  uplink_kB=300.8  t=1.70s
  round  46/50: acc=0.9634  f1m=0.7751  uplink_kB=300.8  t=1.82s
  round  47/50: acc=0.9642  f1m=0.7759  uplink_kB=300.8  t=1.76s
  round  48/50: acc=0.9635  f1m=0.7752  uplink_kB=300.8  t=1.75s
  round  49/50: acc=0.9633  f1m=0.7751  uplink_kB=300.8  t=1.74s
  round  50/50: acc=0.9637  f1m=0.7754  uplink_kB=300.8  t=1.84s
[run] DONE -> /Users/agentra/Documents/hao/working/paper-lab/hao-paper-2026/iotj-fedkan-ids/repo/results/mc_botiot/mc_kan16_lr0p01__dir0.1__seed17/metrics.json  final_acc=0.9637
