[run] device=cpu  seed=2024  out=/Users/agentra/Documents/hao/working/paper-lab/hao-paper-2026/iotj-fedkan-ids/repo/results/lrsweep_cseciic/lrsweep_mlp80_lr0p001__dir0.1__seed2024
[run] model=mlp  params=3,362
  round   1/50: acc=0.7832  f1m=0.7768  uplink_kB=131.3  t=1.33s
  round   2/50: acc=0.8856  f1m=0.8855  uplink_kB=131.3  t=0.67s
  round   3/50: acc=0.9154  f1m=0.9154  uplink_kB=131.3  t=0.72s
  round   4/50: acc=0.9174  f1m=0.9173  uplink_kB=131.3  t=0.73s
  round   5/50: acc=0.9189  f1m=0.9189  uplink_kB=131.3  t=0.70s
  round   6/50: acc=0.9366  f1m=0.9366  uplink_kB=131.3  t=0.64s
  round   7/50: acc=0.9352  f1m=0.9351  uplink_kB=131.3  t=0.74s
  round   8/50: acc=0.9359  f1m=0.9359  uplink_kB=131.3  t=0.67s
  round   9/50: acc=0.9368  f1m=0.9368  uplink_kB=131.3  t=0.71s
  round  10/50: acc=0.9369  f1m=0.9369  uplink_kB=131.3  t=0.65s
  round  11/50: acc=0.9387  f1m=0.9387  uplink_kB=131.3  t=0.69s
  round  12/50: acc=0.9390  f1m=0.9390  uplink_kB=131.3  t=0.65s
  round  13/50: acc=0.9444  f1m=0.9444  uplink_kB=131.3  t=0.70s
  round  14/50: acc=0.9461  f1m=0.9461  uplink_kB=131.3  t=0.72s
  round  15/50: acc=0.9446  f1m=0.9446  uplink_kB=131.3  t=0.71s
  round  16/50: acc=0.9468  f1m=0.9468  uplink_kB=131.3  t=0.71s
  round  17/50: acc=0.9472  f1m=0.9472  uplink_kB=131.3  t=0.70s
  round  18/50: acc=0.9436  f1m=0.9436  uplink_kB=131.3  t=0.70s
  round  19/50: acc=0.9473  f1m=0.9473  uplink_kB=131.3  t=0.75s
  round  20/50: acc=0.9430  f1m=0.9430  uplink_kB=131.3  t=0.65s
  round  21/50: acc=0.9483  f1m=0.9483  uplink_kB=131.3  t=0.69s
  round  22/50: acc=0.9484  f1m=0.9484  uplink_kB=131.3  t=0.68s
  round  23/50: acc=0.9489  f1m=0.9489  uplink_kB=131.3  t=0.74s
  round  24/50: acc=0.9479  f1m=0.9479  uplink_kB=131.3  t=0.72s
  round  25/50: acc=0.9491  f1m=0.9491  uplink_kB=131.3  t=0.66s
  round  26/50: acc=0.9494  f1m=0.9494  uplink_kB=131.3  t=0.70s
  round  27/50: acc=0.9494  f1m=0.9494  uplink_kB=131.3  t=0.72s
  round  28/50: acc=0.9508  f1m=0.9508  uplink_kB=131.3  t=0.70s
  round  29/50: acc=0.9503  f1m=0.9503  uplink_kB=131.3  t=0.68s
  round  30/50: acc=0.9493  f1m=0.9493  uplink_kB=131.3  t=0.68s
  round  31/50: acc=0.9512  f1m=0.9512  uplink_kB=131.3  t=0.70s
  round  32/50: acc=0.9509  f1m=0.9509  uplink_kB=131.3  t=0.61s
  round  33/50: acc=0.9522  f1m=0.9522  uplink_kB=131.3  t=0.68s
  round  34/50: acc=0.9514  f1m=0.9514  uplink_kB=131.3  t=0.73s
  round  35/50: acc=0.9530  f1m=0.9530  uplink_kB=131.3  t=0.76s
  round  36/50: acc=0.9516  f1m=0.9516  uplink_kB=131.3  t=0.70s
  round  37/50: acc=0.9517  f1m=0.9517  uplink_kB=131.3  t=0.69s
  round  38/50: acc=0.9514  f1m=0.9514  uplink_kB=131.3  t=0.70s
  round  39/50: acc=0.9514  f1m=0.9514  uplink_kB=131.3  t=0.61s
  round  40/50: acc=0.9521  f1m=0.9521  uplink_kB=131.3  t=0.69s
  round  41/50: acc=0.9512  f1m=0.9512  uplink_kB=131.3  t=0.68s
  round  42/50: acc=0.9535  f1m=0.9535  uplink_kB=131.3  t=0.67s
  round  43/50: acc=0.9532  f1m=0.9532  uplink_kB=131.3  t=0.68s
  round  44/50: acc=0.9523  f1m=0.9523  uplink_kB=131.3  t=0.70s
  round  45/50: acc=0.9523  f1m=0.9523  uplink_kB=131.3  t=0.71s
  round  46/50: acc=0.9551  f1m=0.9551  uplink_kB=131.3  t=0.63s
  round  47/50: acc=0.9546  f1m=0.9546  uplink_kB=131.3  t=0.68s
  round  48/50: acc=0.9553  f1m=0.9552  uplink_kB=131.3  t=0.72s
  round  49/50: acc=0.9549  f1m=0.9549  uplink_kB=131.3  t=0.72s
  round  50/50: acc=0.9543  f1m=0.9542  uplink_kB=131.3  t=0.69s
[run] DONE -> /Users/agentra/Documents/hao/working/paper-lab/hao-paper-2026/iotj-fedkan-ids/repo/results/lrsweep_cseciic/lrsweep_mlp80_lr0p001__dir0.1__seed2024/metrics.json  final_acc=0.9543
