[run] device=cpu  seed=23  out=/Users/agentra/Documents/hao/working/paper-lab/hao-paper-2026/iotj-fedkan-ids/repo/results/lrsweep_botiot/lrsweep_mlp80_lr0p0003__dir0.1__seed23
[run] model=mlp  params=3,362
  round   1/50: acc=0.4174  f1m=0.3498  uplink_kB=131.3  t=1.40s
  round   2/50: acc=0.7146  f1m=0.6893  uplink_kB=131.3  t=0.71s
  round   3/50: acc=0.7107  f1m=0.6839  uplink_kB=131.3  t=0.70s
  round   4/50: acc=0.7136  f1m=0.6878  uplink_kB=131.3  t=0.75s
  round   5/50: acc=0.7171  f1m=0.6923  uplink_kB=131.3  t=0.62s
  round   6/50: acc=0.7264  f1m=0.7044  uplink_kB=131.3  t=0.69s
  round   7/50: acc=0.7294  f1m=0.7082  uplink_kB=131.3  t=0.67s
  round   8/50: acc=0.8008  f1m=0.7927  uplink_kB=131.3  t=0.69s
  round   9/50: acc=0.8026  f1m=0.7947  uplink_kB=131.3  t=0.68s
  round  10/50: acc=0.8052  f1m=0.7976  uplink_kB=131.3  t=0.69s
  round  11/50: acc=0.8069  f1m=0.7995  uplink_kB=131.3  t=0.67s
  round  12/50: acc=0.8327  f1m=0.8280  uplink_kB=131.3  t=0.63s
  round  13/50: acc=0.8335  f1m=0.8289  uplink_kB=131.3  t=0.71s
  round  14/50: acc=0.8149  f1m=0.8112  uplink_kB=131.3  t=0.69s
  round  15/50: acc=0.8765  f1m=0.8758  uplink_kB=131.3  t=0.71s
  round  16/50: acc=0.8864  f1m=0.8858  uplink_kB=131.3  t=0.68s
  round  17/50: acc=0.8869  f1m=0.8863  uplink_kB=131.3  t=0.71s
  round  18/50: acc=0.8874  f1m=0.8869  uplink_kB=131.3  t=0.64s
  round  19/50: acc=0.8882  f1m=0.8877  uplink_kB=131.3  t=0.70s
  round  20/50: acc=0.8889  f1m=0.8884  uplink_kB=131.3  t=0.72s
  round  21/50: acc=0.8899  f1m=0.8894  uplink_kB=131.3  t=0.68s
  round  22/50: acc=0.8902  f1m=0.8897  uplink_kB=131.3  t=0.66s
  round  23/50: acc=0.8906  f1m=0.8901  uplink_kB=131.3  t=0.63s
  round  24/50: acc=0.8907  f1m=0.8902  uplink_kB=131.3  t=0.72s
  round  25/50: acc=0.8911  f1m=0.8907  uplink_kB=131.3  t=0.68s
  round  26/50: acc=0.8913  f1m=0.8909  uplink_kB=131.3  t=0.68s
  round  27/50: acc=0.8914  f1m=0.8910  uplink_kB=131.3  t=0.67s
  round  28/50: acc=0.9146  f1m=0.9144  uplink_kB=131.3  t=0.69s
  round  29/50: acc=0.9147  f1m=0.9146  uplink_kB=131.3  t=0.68s
  round  30/50: acc=0.9148  f1m=0.9147  uplink_kB=131.3  t=0.60s
  round  31/50: acc=0.9149  f1m=0.9148  uplink_kB=131.3  t=0.67s
  round  32/50: acc=0.9149  f1m=0.9148  uplink_kB=131.3  t=0.72s
  round  33/50: acc=0.9151  f1m=0.9150  uplink_kB=131.3  t=0.73s
  round  34/50: acc=0.9152  f1m=0.9150  uplink_kB=131.3  t=0.70s
  round  35/50: acc=0.9152  f1m=0.9151  uplink_kB=131.3  t=0.72s
  round  36/50: acc=0.9153  f1m=0.9152  uplink_kB=131.3  t=0.68s
  round  37/50: acc=0.9227  f1m=0.9226  uplink_kB=131.3  t=0.64s
  round  38/50: acc=0.9228  f1m=0.9227  uplink_kB=131.3  t=0.69s
  round  39/50: acc=0.9229  f1m=0.9229  uplink_kB=131.3  t=0.69s
  round  40/50: acc=0.9220  f1m=0.9220  uplink_kB=131.3  t=0.66s
  round  41/50: acc=0.9221  f1m=0.9220  uplink_kB=131.3  t=0.73s
  round  42/50: acc=0.9223  f1m=0.9222  uplink_kB=131.3  t=0.69s
  round  43/50: acc=0.9224  f1m=0.9224  uplink_kB=131.3  t=0.65s
  round  44/50: acc=0.9225  f1m=0.9225  uplink_kB=131.3  t=0.69s
  round  45/50: acc=0.9226  f1m=0.9225  uplink_kB=131.3  t=0.69s
  round  46/50: acc=0.9227  f1m=0.9226  uplink_kB=131.3  t=0.66s
  round  47/50: acc=0.9226  f1m=0.9226  uplink_kB=131.3  t=0.64s
  round  48/50: acc=0.9226  f1m=0.9226  uplink_kB=131.3  t=0.68s
  round  49/50: acc=0.9229  f1m=0.9228  uplink_kB=131.3  t=0.69s
  round  50/50: acc=0.9228  f1m=0.9227  uplink_kB=131.3  t=0.65s
[run] DONE -> /Users/agentra/Documents/hao/working/paper-lab/hao-paper-2026/iotj-fedkan-ids/repo/results/lrsweep_botiot/lrsweep_mlp80_lr0p0003__dir0.1__seed23/metrics.json  final_acc=0.9228
