[run] device=cpu  seed=31  out=/Users/agentra/Documents/hao/working/paper-lab/hao-paper-2026/iotj-fedkan-ids/repo/results/lrsweep_botiot/lrsweep_mlp80_lr0p1__dir0.1__seed31
[run] model=mlp  params=3,362
  round   1/50: acc=0.4989  f1m=0.3328  uplink_kB=131.3  t=1.35s
  round   2/50: acc=0.8948  f1m=0.8944  uplink_kB=131.3  t=0.69s
  round   3/50: acc=0.9584  f1m=0.9584  uplink_kB=131.3  t=0.67s
  round   4/50: acc=0.9675  f1m=0.9675  uplink_kB=131.3  t=0.60s
  round   5/50: acc=0.9683  f1m=0.9683  uplink_kB=131.3  t=0.68s
  round   6/50: acc=0.9675  f1m=0.9675  uplink_kB=131.3  t=0.69s
  round   7/50: acc=0.9597  f1m=0.9597  uplink_kB=131.3  t=0.70s
  round   8/50: acc=0.9645  f1m=0.9645  uplink_kB=131.3  t=0.69s
  round   9/50: acc=0.9747  f1m=0.9747  uplink_kB=131.3  t=0.64s
  round  10/50: acc=0.9827  f1m=0.9827  uplink_kB=131.3  t=0.64s
  round  11/50: acc=0.9690  f1m=0.9690  uplink_kB=131.3  t=0.66s
  round  12/50: acc=0.9692  f1m=0.9692  uplink_kB=131.3  t=0.65s
  round  13/50: acc=0.9691  f1m=0.9691  uplink_kB=131.3  t=0.67s
  round  14/50: acc=0.9703  f1m=0.9703  uplink_kB=131.3  t=0.69s
  round  15/50: acc=0.9902  f1m=0.9902  uplink_kB=131.3  t=0.70s
  round  16/50: acc=0.9686  f1m=0.9686  uplink_kB=131.3  t=0.66s
  round  17/50: acc=0.9713  f1m=0.9713  uplink_kB=131.3  t=0.68s
  round  18/50: acc=0.9716  f1m=0.9716  uplink_kB=131.3  t=0.72s
  round  19/50: acc=0.9918  f1m=0.9918  uplink_kB=131.3  t=0.71s
  round  20/50: acc=0.9945  f1m=0.9945  uplink_kB=131.3  t=0.70s
  round  21/50: acc=0.9923  f1m=0.9923  uplink_kB=131.3  t=0.69s
  round  22/50: acc=0.9914  f1m=0.9914  uplink_kB=131.3  t=0.70s
  round  23/50: acc=0.9923  f1m=0.9923  uplink_kB=131.3  t=0.62s
  round  24/50: acc=0.9935  f1m=0.9935  uplink_kB=131.3  t=0.68s
  round  25/50: acc=0.9906  f1m=0.9906  uplink_kB=131.3  t=0.66s
  round  26/50: acc=0.9928  f1m=0.9928  uplink_kB=131.3  t=0.68s
  round  27/50: acc=0.9893  f1m=0.9893  uplink_kB=131.3  t=0.64s
  round  28/50: acc=0.9944  f1m=0.9944  uplink_kB=131.3  t=0.62s
  round  29/50: acc=0.9914  f1m=0.9914  uplink_kB=131.3  t=0.67s
  round  30/50: acc=0.9883  f1m=0.9883  uplink_kB=131.3  t=0.71s
  round  31/50: acc=0.9931  f1m=0.9931  uplink_kB=131.3  t=0.66s
  round  32/50: acc=0.9936  f1m=0.9936  uplink_kB=131.3  t=0.66s
  round  33/50: acc=0.9926  f1m=0.9926  uplink_kB=131.3  t=0.68s
  round  34/50: acc=0.9946  f1m=0.9946  uplink_kB=131.3  t=0.63s
  round  35/50: acc=0.9929  f1m=0.9929  uplink_kB=131.3  t=0.68s
  round  36/50: acc=0.9924  f1m=0.9924  uplink_kB=131.3  t=0.65s
  round  37/50: acc=0.9938  f1m=0.9938  uplink_kB=131.3  t=0.67s
  round  38/50: acc=0.9944  f1m=0.9944  uplink_kB=131.3  t=0.71s
  round  39/50: acc=0.9850  f1m=0.9850  uplink_kB=131.3  t=0.66s
  round  40/50: acc=0.9931  f1m=0.9931  uplink_kB=131.3  t=0.68s
  round  41/50: acc=0.9955  f1m=0.9955  uplink_kB=131.3  t=0.68s
  round  42/50: acc=0.9240  f1m=0.9236  uplink_kB=131.3  t=0.67s
  round  43/50: acc=0.9948  f1m=0.9948  uplink_kB=131.3  t=0.64s
  round  44/50: acc=0.9335  f1m=0.9332  uplink_kB=131.3  t=0.70s
  round  45/50: acc=0.9929  f1m=0.9929  uplink_kB=131.3  t=0.68s
  round  46/50: acc=0.9269  f1m=0.9266  uplink_kB=131.3  t=0.63s
  round  47/50: acc=0.9934  f1m=0.9934  uplink_kB=131.3  t=0.68s
  round  48/50: acc=0.9347  f1m=0.9344  uplink_kB=131.3  t=0.74s
  round  49/50: acc=0.9936  f1m=0.9936  uplink_kB=131.3  t=0.68s
  round  50/50: acc=0.9317  f1m=0.9314  uplink_kB=131.3  t=0.66s
[run] DONE -> /Users/agentra/Documents/hao/working/paper-lab/hao-paper-2026/iotj-fedkan-ids/repo/results/lrsweep_botiot/lrsweep_mlp80_lr0p1__dir0.1__seed31/metrics.json  final_acc=0.9317
