[run] device=cpu  seed=42  out=/Users/agentra/Documents/hao/working/paper-lab/hao-paper-2026/iotj-fedkan-ids/repo/results/lrsweep_cseciic_mc/lrsweep_mlp80_lr0p03__dir0.1__seed42
[run] model=mlp  params=4,415
  round   1/50: acc=0.2883  f1m=0.0964  uplink_kB=172.5  t=2.87s
  round   2/50: acc=0.4981  f1m=0.2768  uplink_kB=172.5  t=2.25s
  round   3/50: acc=0.7273  f1m=0.4965  uplink_kB=172.5  t=2.17s
  round   4/50: acc=0.7577  f1m=0.4913  uplink_kB=172.5  t=2.21s
  round   5/50: acc=0.7770  f1m=0.5246  uplink_kB=172.5  t=2.17s
  round   6/50: acc=0.7582  f1m=0.4942  uplink_kB=172.5  t=2.25s
  round   7/50: acc=0.7804  f1m=0.5255  uplink_kB=172.5  t=2.19s
  round   8/50: acc=0.7945  f1m=0.5116  uplink_kB=172.5  t=2.10s
  round   9/50: acc=0.7829  f1m=0.5290  uplink_kB=172.5  t=2.18s
  round  10/50: acc=0.8225  f1m=0.5450  uplink_kB=172.5  t=2.18s
  round  11/50: acc=0.7764  f1m=0.5293  uplink_kB=172.5  t=2.32s
  round  12/50: acc=0.8211  f1m=0.5447  uplink_kB=172.5  t=2.17s
  round  13/50: acc=0.7887  f1m=0.5353  uplink_kB=172.5  t=2.18s
  round  14/50: acc=0.8499  f1m=0.5695  uplink_kB=172.5  t=2.20s
  round  15/50: acc=0.7266  f1m=0.4601  uplink_kB=172.5  t=2.20s
  round  16/50: acc=0.8460  f1m=0.5637  uplink_kB=172.5  t=2.18s
  round  17/50: acc=0.7866  f1m=0.5390  uplink_kB=172.5  t=2.21s
  round  18/50: acc=0.8382  f1m=0.5550  uplink_kB=172.5  t=2.16s
  round  19/50: acc=0.7934  f1m=0.5459  uplink_kB=172.5  t=2.25s
  round  20/50: acc=0.8565  f1m=0.5828  uplink_kB=172.5  t=2.18s
  round  21/50: acc=0.8204  f1m=0.5671  uplink_kB=172.5  t=2.16s
  round  22/50: acc=0.8549  f1m=0.5780  uplink_kB=172.5  t=2.16s
  round  23/50: acc=0.7941  f1m=0.5410  uplink_kB=172.5  t=2.17s
  round  24/50: acc=0.8588  f1m=0.5870  uplink_kB=172.5  t=2.19s
  round  25/50: acc=0.8507  f1m=0.5861  uplink_kB=172.5  t=2.20s
  round  26/50: acc=0.8607  f1m=0.5962  uplink_kB=172.5  t=2.15s
  round  27/50: acc=0.8540  f1m=0.5851  uplink_kB=172.5  t=2.12s
  round  28/50: acc=0.8601  f1m=0.5935  uplink_kB=172.5  t=2.26s
  round  29/50: acc=0.8559  f1m=0.6007  uplink_kB=172.5  t=2.16s
  round  30/50: acc=0.8173  f1m=0.5547  uplink_kB=172.5  t=2.22s
  round  31/50: acc=0.8485  f1m=0.5839  uplink_kB=172.5  t=2.15s
  round  32/50: acc=0.7877  f1m=0.5493  uplink_kB=172.5  t=2.17s
  round  33/50: acc=0.8533  f1m=0.5876  uplink_kB=172.5  t=2.19s
  round  34/50: acc=0.7698  f1m=0.5431  uplink_kB=172.5  t=2.10s
  round  35/50: acc=0.8632  f1m=0.5876  uplink_kB=172.5  t=2.14s
  round  36/50: acc=0.8450  f1m=0.5875  uplink_kB=172.5  t=2.19s
  round  37/50: acc=0.8596  f1m=0.5983  uplink_kB=172.5  t=2.23s
  round  38/50: acc=0.8398  f1m=0.5790  uplink_kB=172.5  t=2.14s
  round  39/50: acc=0.8629  f1m=0.6039  uplink_kB=172.5  t=2.08s
  round  40/50: acc=0.8575  f1m=0.5995  uplink_kB=172.5  t=2.21s
  round  41/50: acc=0.8559  f1m=0.5972  uplink_kB=172.5  t=2.08s
  round  42/50: acc=0.8539  f1m=0.5933  uplink_kB=172.5  t=2.16s
  round  43/50: acc=0.8580  f1m=0.6002  uplink_kB=172.5  t=2.07s
  round  44/50: acc=0.8537  f1m=0.5792  uplink_kB=172.5  t=2.12s
  round  45/50: acc=0.8589  f1m=0.6006  uplink_kB=172.5  t=2.21s
  round  46/50: acc=0.8635  f1m=0.6019  uplink_kB=172.5  t=2.18s
  round  47/50: acc=0.8559  f1m=0.5895  uplink_kB=172.5  t=2.21s
  round  48/50: acc=0.8600  f1m=0.5992  uplink_kB=172.5  t=2.18s
  round  49/50: acc=0.8610  f1m=0.5994  uplink_kB=172.5  t=2.20s
  round  50/50: acc=0.8410  f1m=0.5845  uplink_kB=172.5  t=2.21s
[run] DONE -> /Users/agentra/Documents/hao/working/paper-lab/hao-paper-2026/iotj-fedkan-ids/repo/results/lrsweep_cseciic_mc/lrsweep_mlp80_lr0p03__dir0.1__seed42/metrics.json  final_acc=0.8410
