[run] device=cpu  seed=2024  out=/Users/agentra/Documents/hao/working/paper-lab/hao-paper-2026/iotj-fedkan-ids/repo/results/lrsweep_cseciic_mc/lrsweep_mlp32_lr0p003__dir0.1__seed2024
[run] model=mlp  params=1,775
  round   1/50: acc=0.2688  f1m=0.0564  uplink_kB=69.3  t=2.66s
  round   2/50: acc=0.3394  f1m=0.1012  uplink_kB=69.3  t=2.12s
  round   3/50: acc=0.4610  f1m=0.2263  uplink_kB=69.3  t=2.05s
  round   4/50: acc=0.5085  f1m=0.2943  uplink_kB=69.3  t=2.11s
  round   5/50: acc=0.5278  f1m=0.3044  uplink_kB=69.3  t=2.07s
  round   6/50: acc=0.5362  f1m=0.3071  uplink_kB=69.3  t=2.13s
  round   7/50: acc=0.5483  f1m=0.3167  uplink_kB=69.3  t=2.07s
  round   8/50: acc=0.5492  f1m=0.3274  uplink_kB=69.3  t=2.12s
  round   9/50: acc=0.5534  f1m=0.3452  uplink_kB=69.3  t=2.14s
  round  10/50: acc=0.5704  f1m=0.3742  uplink_kB=69.3  t=2.13s
  round  11/50: acc=0.6672  f1m=0.4455  uplink_kB=69.3  t=2.25s
  round  12/50: acc=0.7015  f1m=0.4692  uplink_kB=69.3  t=2.21s
  round  13/50: acc=0.7226  f1m=0.4888  uplink_kB=69.3  t=2.21s
  round  14/50: acc=0.7534  f1m=0.5111  uplink_kB=69.3  t=2.19s
  round  15/50: acc=0.7850  f1m=0.5281  uplink_kB=69.3  t=2.36s
  round  16/50: acc=0.7844  f1m=0.5294  uplink_kB=69.3  t=2.13s
  round  17/50: acc=0.8285  f1m=0.6079  uplink_kB=69.3  t=2.15s
  round  18/50: acc=0.8348  f1m=0.6144  uplink_kB=69.3  t=2.20s
  round  19/50: acc=0.8382  f1m=0.6185  uplink_kB=69.3  t=2.10s
  round  20/50: acc=0.8378  f1m=0.6192  uplink_kB=69.3  t=2.14s
  round  21/50: acc=0.8404  f1m=0.6207  uplink_kB=69.3  t=2.09s
  round  22/50: acc=0.8384  f1m=0.6182  uplink_kB=69.3  t=2.09s
  round  23/50: acc=0.8447  f1m=0.6272  uplink_kB=69.3  t=2.13s
  round  24/50: acc=0.8464  f1m=0.6719  uplink_kB=69.3  t=2.12s
  round  25/50: acc=0.8507  f1m=0.6777  uplink_kB=69.3  t=2.33s
  round  26/50: acc=0.8495  f1m=0.6758  uplink_kB=69.3  t=2.19s
  round  27/50: acc=0.7865  f1m=0.6097  uplink_kB=69.3  t=2.12s
  round  28/50: acc=0.7655  f1m=0.6561  uplink_kB=69.3  t=2.05s
  round  29/50: acc=0.8279  f1m=0.6581  uplink_kB=69.3  t=2.16s
  round  30/50: acc=0.8611  f1m=0.6862  uplink_kB=69.3  t=2.09s
  round  31/50: acc=0.8479  f1m=0.6466  uplink_kB=69.3  t=2.10s
  round  32/50: acc=0.8479  f1m=0.6843  uplink_kB=69.3  t=2.08s
  round  33/50: acc=0.7149  f1m=0.6261  uplink_kB=69.3  t=2.15s
  round  34/50: acc=0.8048  f1m=0.6756  uplink_kB=69.3  t=2.19s
  round  35/50: acc=0.8648  f1m=0.6900  uplink_kB=69.3  t=2.11s
  round  36/50: acc=0.8652  f1m=0.6900  uplink_kB=69.3  t=2.14s
  round  37/50: acc=0.8650  f1m=0.6900  uplink_kB=69.3  t=2.15s
  round  38/50: acc=0.8196  f1m=0.6793  uplink_kB=69.3  t=2.10s
  round  39/50: acc=0.7296  f1m=0.6395  uplink_kB=69.3  t=2.12s
  round  40/50: acc=0.7687  f1m=0.6595  uplink_kB=69.3  t=2.15s
  round  41/50: acc=0.7839  f1m=0.6738  uplink_kB=69.3  t=2.13s
  round  42/50: acc=0.8728  f1m=0.7164  uplink_kB=69.3  t=2.10s
  round  43/50: acc=0.8098  f1m=0.7034  uplink_kB=69.3  t=2.06s
  round  44/50: acc=0.7153  f1m=0.6271  uplink_kB=69.3  t=2.14s
  round  45/50: acc=0.8632  f1m=0.6910  uplink_kB=69.3  t=2.10s
  round  46/50: acc=0.8671  f1m=0.7059  uplink_kB=69.3  t=2.14s
  round  47/50: acc=0.8744  f1m=0.7112  uplink_kB=69.3  t=2.13s
  round  48/50: acc=0.8642  f1m=0.6931  uplink_kB=69.3  t=2.06s
  round  49/50: acc=0.8703  f1m=0.7157  uplink_kB=69.3  t=2.11s
  round  50/50: acc=0.8663  f1m=0.6970  uplink_kB=69.3  t=2.14s
[run] DONE -> /Users/agentra/Documents/hao/working/paper-lab/hao-paper-2026/iotj-fedkan-ids/repo/results/lrsweep_cseciic_mc/lrsweep_mlp32_lr0p003__dir0.1__seed2024/metrics.json  final_acc=0.8663
