[run] device=cpu  seed=106  out=/Users/agentra/Documents/hao/working/paper-lab/hao-paper-2026/iotj-fedkan-ids/repo/results/lrsweep_cseciic_mc50k/lrsweep_kan8_lr0p01__dir0.1__seed106
[run] model=kan  params=4,320
  round   1/50: acc=0.2974  f1m=0.1487  uplink_kB=190.8  t=3.87s
  round   2/50: acc=0.4625  f1m=0.2577  uplink_kB=190.8  t=3.06s
  round   3/50: acc=0.6588  f1m=0.3912  uplink_kB=190.8  t=3.10s
  round   4/50: acc=0.6984  f1m=0.4188  uplink_kB=190.8  t=3.06s
  round   5/50: acc=0.8203  f1m=0.5571  uplink_kB=190.8  t=3.17s
  round   6/50: acc=0.8272  f1m=0.5702  uplink_kB=190.8  t=3.22s
  round   7/50: acc=0.8254  f1m=0.5697  uplink_kB=190.8  t=3.34s
  round   8/50: acc=0.8319  f1m=0.5740  uplink_kB=190.8  t=3.14s
  round   9/50: acc=0.8320  f1m=0.5738  uplink_kB=190.8  t=3.18s
  round  10/50: acc=0.8342  f1m=0.5759  uplink_kB=190.8  t=3.11s
  round  11/50: acc=0.8357  f1m=0.5769  uplink_kB=190.8  t=3.27s
  round  12/50: acc=0.8370  f1m=0.5902  uplink_kB=190.8  t=3.21s
  round  13/50: acc=0.8373  f1m=0.5944  uplink_kB=190.8  t=3.14s
  round  14/50: acc=0.8380  f1m=0.6576  uplink_kB=190.8  t=3.23s
  round  15/50: acc=0.8574  f1m=0.7126  uplink_kB=190.8  t=3.10s
  round  16/50: acc=0.8639  f1m=0.7200  uplink_kB=190.8  t=3.18s
  round  17/50: acc=0.8593  f1m=0.7135  uplink_kB=190.8  t=3.14s
  round  18/50: acc=0.8613  f1m=0.7156  uplink_kB=190.8  t=3.20s
  round  19/50: acc=0.8669  f1m=0.7254  uplink_kB=190.8  t=3.12s
  round  20/50: acc=0.8758  f1m=0.7436  uplink_kB=190.8  t=3.26s
  round  21/50: acc=0.8713  f1m=0.7242  uplink_kB=190.8  t=3.02s
  round  22/50: acc=0.8813  f1m=0.7570  uplink_kB=190.8  t=3.25s
  round  23/50: acc=0.8720  f1m=0.7419  uplink_kB=190.8  t=3.04s
  round  24/50: acc=0.8837  f1m=0.7575  uplink_kB=190.8  t=3.32s
  round  25/50: acc=0.8887  f1m=0.7713  uplink_kB=190.8  t=3.13s
  round  26/50: acc=0.8634  f1m=0.7364  uplink_kB=190.8  t=3.28s
  round  27/50: acc=0.8818  f1m=0.7656  uplink_kB=190.8  t=3.09s
  round  28/50: acc=0.8714  f1m=0.7513  uplink_kB=190.8  t=3.23s
  round  29/50: acc=0.8707  f1m=0.7447  uplink_kB=190.8  t=3.09s
  round  30/50: acc=0.8905  f1m=0.7728  uplink_kB=190.8  t=3.16s
  round  31/50: acc=0.8798  f1m=0.7673  uplink_kB=190.8  t=3.02s
  round  32/50: acc=0.8836  f1m=0.7716  uplink_kB=190.8  t=3.11s
  round  33/50: acc=0.8777  f1m=0.7661  uplink_kB=190.8  t=3.06s
  round  34/50: acc=0.8852  f1m=0.7727  uplink_kB=190.8  t=3.09s
  round  35/50: acc=0.8873  f1m=0.7739  uplink_kB=190.8  t=3.04s
  round  36/50: acc=0.8868  f1m=0.7744  uplink_kB=190.8  t=3.10s
  round  37/50: acc=0.8872  f1m=0.7700  uplink_kB=190.8  t=3.07s
  round  38/50: acc=0.8925  f1m=0.7753  uplink_kB=190.8  t=3.09s
  round  39/50: acc=0.8864  f1m=0.7672  uplink_kB=190.8  t=3.02s
  round  40/50: acc=0.8896  f1m=0.7746  uplink_kB=190.8  t=3.15s
  round  41/50: acc=0.8863  f1m=0.7711  uplink_kB=190.8  t=3.10s
  round  42/50: acc=0.8901  f1m=0.7649  uplink_kB=190.8  t=3.15s
  round  43/50: acc=0.8922  f1m=0.7648  uplink_kB=190.8  t=3.00s
  round  44/50: acc=0.8855  f1m=0.7568  uplink_kB=190.8  t=3.14s
  round  45/50: acc=0.8865  f1m=0.7581  uplink_kB=190.8  t=3.11s
  round  46/50: acc=0.8762  f1m=0.7398  uplink_kB=190.8  t=3.12s
  round  47/50: acc=0.8897  f1m=0.7651  uplink_kB=190.8  t=3.03s
  round  48/50: acc=0.8907  f1m=0.7653  uplink_kB=190.8  t=3.21s
  round  49/50: acc=0.8901  f1m=0.7665  uplink_kB=190.8  t=3.10s
  round  50/50: acc=0.8923  f1m=0.7720  uplink_kB=190.8  t=3.16s
[run] DONE -> /Users/agentra/Documents/hao/working/paper-lab/hao-paper-2026/iotj-fedkan-ids/repo/results/lrsweep_cseciic_mc50k/lrsweep_kan8_lr0p01__dir0.1__seed106/metrics.json  final_acc=0.8923
