[run] device=cpu  seed=11  out=/Users/agentra/Documents/hao/working/paper-lab/hao-paper-2026/iotj-fedkan-ids/repo/results/lrsweep_cseciic/lrsweep_mlp32_lr0p1__dir0.1__seed11
[run] model=mlp  params=1,346
  round   1/50: acc=0.5000  f1m=0.3333  uplink_kB=52.6  t=1.34s
  round   2/50: acc=0.5000  f1m=0.3333  uplink_kB=52.6  t=0.68s
  round   3/50: acc=0.5449  f1m=0.4299  uplink_kB=52.6  t=0.68s
  round   4/50: acc=0.5000  f1m=0.3333  uplink_kB=52.6  t=0.67s
  round   5/50: acc=0.5015  f1m=0.3366  uplink_kB=52.6  t=0.61s
  round   6/50: acc=0.8832  f1m=0.8825  uplink_kB=52.6  t=0.66s
  round   7/50: acc=0.7497  f1m=0.7372  uplink_kB=52.6  t=0.65s
  round   8/50: acc=0.8842  f1m=0.8836  uplink_kB=52.6  t=0.65s
  round   9/50: acc=0.8900  f1m=0.8895  uplink_kB=52.6  t=0.62s
  round  10/50: acc=0.8527  f1m=0.8509  uplink_kB=52.6  t=0.64s
  round  11/50: acc=0.8969  f1m=0.8966  uplink_kB=52.6  t=0.70s
  round  12/50: acc=0.7985  f1m=0.7926  uplink_kB=52.6  t=0.94s
  round  13/50: acc=0.8849  f1m=0.8842  uplink_kB=52.6  t=0.81s
  round  14/50: acc=0.8264  f1m=0.8230  uplink_kB=52.6  t=0.76s
  round  15/50: acc=0.8872  f1m=0.8866  uplink_kB=52.6  t=0.70s
  round  16/50: acc=0.8918  f1m=0.8913  uplink_kB=52.6  t=0.71s
  round  17/50: acc=0.8901  f1m=0.8896  uplink_kB=52.6  t=0.76s
  round  18/50: acc=0.8758  f1m=0.8749  uplink_kB=52.6  t=0.65s
  round  19/50: acc=0.8857  f1m=0.8851  uplink_kB=52.6  t=0.69s
  round  20/50: acc=0.8353  f1m=0.8324  uplink_kB=52.6  t=0.67s
  round  21/50: acc=0.8623  f1m=0.8609  uplink_kB=52.6  t=0.69s
  round  22/50: acc=0.8920  f1m=0.8915  uplink_kB=52.6  t=0.67s
  round  23/50: acc=0.8560  f1m=0.8544  uplink_kB=52.6  t=0.64s
  round  24/50: acc=0.8986  f1m=0.8982  uplink_kB=52.6  t=0.60s
  round  25/50: acc=0.8852  f1m=0.8846  uplink_kB=52.6  t=0.71s
  round  26/50: acc=0.8423  f1m=0.8400  uplink_kB=52.6  t=0.68s
  round  27/50: acc=0.8231  f1m=0.8195  uplink_kB=52.6  t=0.69s
  round  28/50: acc=0.9022  f1m=0.9019  uplink_kB=52.6  t=0.65s
  round  29/50: acc=0.8715  f1m=0.8705  uplink_kB=52.6  t=0.70s
  round  30/50: acc=0.8957  f1m=0.8953  uplink_kB=52.6  t=0.68s
  round  31/50: acc=0.8820  f1m=0.8813  uplink_kB=52.6  t=0.63s
  round  32/50: acc=0.8318  f1m=0.8288  uplink_kB=52.6  t=0.61s
  round  33/50: acc=0.8924  f1m=0.8919  uplink_kB=52.6  t=0.68s
  round  34/50: acc=0.8724  f1m=0.8714  uplink_kB=52.6  t=0.65s
  round  35/50: acc=0.8695  f1m=0.8684  uplink_kB=52.6  t=0.65s
  round  36/50: acc=0.8649  f1m=0.8636  uplink_kB=52.6  t=0.69s
  round  37/50: acc=0.9038  f1m=0.9035  uplink_kB=52.6  t=0.62s
  round  38/50: acc=0.8025  f1m=0.7969  uplink_kB=52.6  t=0.69s
  round  39/50: acc=0.9059  f1m=0.9057  uplink_kB=52.6  t=0.64s
  round  40/50: acc=0.8054  f1m=0.8000  uplink_kB=52.6  t=0.63s
  round  41/50: acc=0.8962  f1m=0.8958  uplink_kB=52.6  t=0.68s
  round  42/50: acc=0.8954  f1m=0.8950  uplink_kB=52.6  t=0.66s
  round  43/50: acc=0.8788  f1m=0.8780  uplink_kB=52.6  t=0.59s
  round  44/50: acc=0.8244  f1m=0.8208  uplink_kB=52.6  t=0.67s
  round  45/50: acc=0.8971  f1m=0.8967  uplink_kB=52.6  t=0.69s
  round  46/50: acc=0.8491  f1m=0.8471  uplink_kB=52.6  t=0.66s
  round  47/50: acc=0.9006  f1m=0.9003  uplink_kB=52.6  t=0.65s
  round  48/50: acc=0.7908  f1m=0.7838  uplink_kB=52.6  t=0.66s
  round  49/50: acc=0.9028  f1m=0.9026  uplink_kB=52.6  t=0.62s
  round  50/50: acc=0.8875  f1m=0.8869  uplink_kB=52.6  t=0.69s
[run] DONE -> /Users/agentra/Documents/hao/working/paper-lab/hao-paper-2026/iotj-fedkan-ids/repo/results/lrsweep_cseciic/lrsweep_mlp32_lr0p1__dir0.1__seed11/metrics.json  final_acc=0.8875
