[run] device=cpu  seed=104  out=/Users/agentra/Documents/hao/working/paper-lab/hao-paper-2026/iotj-fedkan-ids/repo/results/lrsweep_cseciic_mc50k/lrsweep_kan8_lr0p01__dir0.1__seed104
[run] model=kan  params=4,320
  round   1/50: acc=0.3507  f1m=0.1328  uplink_kB=190.8  t=3.88s
  round   2/50: acc=0.4840  f1m=0.2477  uplink_kB=190.8  t=3.10s
  round   3/50: acc=0.5162  f1m=0.3745  uplink_kB=190.8  t=3.12s
  round   4/50: acc=0.7225  f1m=0.4911  uplink_kB=190.8  t=3.08s
  round   5/50: acc=0.7392  f1m=0.5096  uplink_kB=190.8  t=3.10s
  round   6/50: acc=0.7672  f1m=0.5255  uplink_kB=190.8  t=3.14s
  round   7/50: acc=0.7289  f1m=0.4964  uplink_kB=190.8  t=3.25s
  round   8/50: acc=0.7498  f1m=0.5257  uplink_kB=190.8  t=3.26s
  round   9/50: acc=0.7740  f1m=0.5423  uplink_kB=190.8  t=3.20s
  round  10/50: acc=0.7745  f1m=0.5409  uplink_kB=190.8  t=3.12s
  round  11/50: acc=0.7764  f1m=0.5435  uplink_kB=190.8  t=3.23s
  round  12/50: acc=0.7798  f1m=0.5546  uplink_kB=190.8  t=3.17s
  round  13/50: acc=0.7862  f1m=0.5718  uplink_kB=190.8  t=3.16s
  round  14/50: acc=0.7859  f1m=0.5719  uplink_kB=190.8  t=3.10s
  round  15/50: acc=0.7907  f1m=0.5819  uplink_kB=190.8  t=3.25s
  round  16/50: acc=0.7893  f1m=0.5788  uplink_kB=190.8  t=3.15s
  round  17/50: acc=0.7881  f1m=0.5733  uplink_kB=190.8  t=3.15s
  round  18/50: acc=0.7918  f1m=0.5824  uplink_kB=190.8  t=3.23s
  round  19/50: acc=0.7897  f1m=0.5791  uplink_kB=190.8  t=3.17s
  round  20/50: acc=0.7922  f1m=0.5841  uplink_kB=190.8  t=3.15s
  round  21/50: acc=0.7925  f1m=0.5835  uplink_kB=190.8  t=3.14s
  round  22/50: acc=0.7947  f1m=0.5880  uplink_kB=190.8  t=3.29s
  round  23/50: acc=0.7911  f1m=0.5829  uplink_kB=190.8  t=3.16s
  round  24/50: acc=0.7952  f1m=0.5904  uplink_kB=190.8  t=3.25s
  round  25/50: acc=0.7931  f1m=0.5846  uplink_kB=190.8  t=3.28s
  round  26/50: acc=0.7979  f1m=0.5943  uplink_kB=190.8  t=3.22s
  round  27/50: acc=0.7950  f1m=0.5881  uplink_kB=190.8  t=3.11s
  round  28/50: acc=0.7939  f1m=0.5883  uplink_kB=190.8  t=3.14s
  round  29/50: acc=0.7969  f1m=0.5936  uplink_kB=190.8  t=3.21s
  round  30/50: acc=0.7947  f1m=0.5875  uplink_kB=190.8  t=3.16s
  round  31/50: acc=0.7855  f1m=0.5748  uplink_kB=190.8  t=3.13s
  round  32/50: acc=0.7983  f1m=0.5964  uplink_kB=190.8  t=3.11s
  round  33/50: acc=0.7955  f1m=0.5884  uplink_kB=190.8  t=3.05s
  round  34/50: acc=0.8027  f1m=0.6039  uplink_kB=190.8  t=3.19s
  round  35/50: acc=0.8129  f1m=0.6189  uplink_kB=190.8  t=3.07s
  round  36/50: acc=0.7988  f1m=0.5986  uplink_kB=190.8  t=3.12s
  round  37/50: acc=0.8039  f1m=0.6059  uplink_kB=190.8  t=3.02s
  round  38/50: acc=0.8011  f1m=0.6012  uplink_kB=190.8  t=3.19s
  round  39/50: acc=0.8037  f1m=0.6054  uplink_kB=190.8  t=3.07s
  round  40/50: acc=0.8027  f1m=0.6029  uplink_kB=190.8  t=3.12s
  round  41/50: acc=0.8082  f1m=0.6088  uplink_kB=190.8  t=3.06s
  round  42/50: acc=0.8211  f1m=0.6267  uplink_kB=190.8  t=3.07s
  round  43/50: acc=0.8057  f1m=0.6031  uplink_kB=190.8  t=3.05s
  round  44/50: acc=0.8184  f1m=0.6231  uplink_kB=190.8  t=3.12s
  round  45/50: acc=0.8145  f1m=0.6190  uplink_kB=190.8  t=3.04s
  round  46/50: acc=0.8128  f1m=0.6168  uplink_kB=190.8  t=3.07s
  round  47/50: acc=0.8202  f1m=0.6268  uplink_kB=190.8  t=3.11s
  round  48/50: acc=0.8052  f1m=0.6102  uplink_kB=190.8  t=3.11s
  round  49/50: acc=0.8272  f1m=0.6332  uplink_kB=190.8  t=3.15s
  round  50/50: acc=0.8168  f1m=0.6218  uplink_kB=190.8  t=3.07s
[run] DONE -> /Users/agentra/Documents/hao/working/paper-lab/hao-paper-2026/iotj-fedkan-ids/repo/results/lrsweep_cseciic_mc50k/lrsweep_kan8_lr0p01__dir0.1__seed104/metrics.json  final_acc=0.8168
