[run] device=cpu  seed=17  out=/Users/agentra/Documents/hao/working/paper-lab/hao-paper-2026/iotj-fedkan-ids/repo/results/lrsweep_cseciic_mc50k/lrsweep_mlp80_lr0p1__dir0.1__seed17
[run] model=mlp  params=4,415
  round   1/50: acc=0.1008  f1m=0.0374  uplink_kB=172.5  t=1.89s
  round   2/50: acc=0.4988  f1m=0.2138  uplink_kB=172.5  t=1.17s
  round   3/50: acc=0.4828  f1m=0.2363  uplink_kB=172.5  t=1.15s
  round   4/50: acc=0.6481  f1m=0.3696  uplink_kB=172.5  t=1.14s
  round   5/50: acc=0.5872  f1m=0.3248  uplink_kB=172.5  t=1.12s
  round   6/50: acc=0.4147  f1m=0.2539  uplink_kB=172.5  t=1.08s
  round   7/50: acc=0.6763  f1m=0.4288  uplink_kB=172.5  t=1.15s
  round   8/50: acc=0.5517  f1m=0.3447  uplink_kB=172.5  t=1.06s
  round   9/50: acc=0.4938  f1m=0.3143  uplink_kB=172.5  t=1.17s
  round  10/50: acc=0.7297  f1m=0.4903  uplink_kB=172.5  t=1.08s
  round  11/50: acc=0.6427  f1m=0.4083  uplink_kB=172.5  t=1.16s
  round  12/50: acc=0.6269  f1m=0.4083  uplink_kB=172.5  t=1.07s
  round  13/50: acc=0.6659  f1m=0.4298  uplink_kB=172.5  t=1.14s
  round  14/50: acc=0.7470  f1m=0.5013  uplink_kB=172.5  t=1.11s
  round  15/50: acc=0.7430  f1m=0.5066  uplink_kB=172.5  t=1.09s
  round  16/50: acc=0.7405  f1m=0.4975  uplink_kB=172.5  t=1.22s
  round  17/50: acc=0.7111  f1m=0.4883  uplink_kB=172.5  t=1.27s
  round  18/50: acc=0.7567  f1m=0.5277  uplink_kB=172.5  t=1.13s
  round  19/50: acc=0.6752  f1m=0.4441  uplink_kB=172.5  t=1.30s
  round  20/50: acc=0.7197  f1m=0.4987  uplink_kB=172.5  t=1.22s
  round  21/50: acc=0.7150  f1m=0.4911  uplink_kB=172.5  t=1.27s
  round  22/50: acc=0.7630  f1m=0.5533  uplink_kB=172.5  t=1.13s
  round  23/50: acc=0.6572  f1m=0.5024  uplink_kB=172.5  t=1.77s
  round  24/50: acc=0.5750  f1m=0.3701  uplink_kB=172.5  t=1.23s
  round  25/50: acc=0.7289  f1m=0.5164  uplink_kB=172.5  t=1.24s
  round  26/50: acc=0.7483  f1m=0.5191  uplink_kB=172.5  t=1.24s
  round  27/50: acc=0.5436  f1m=0.3338  uplink_kB=172.5  t=1.41s
  round  28/50: acc=0.7773  f1m=0.5513  uplink_kB=172.5  t=1.25s
  round  29/50: acc=0.5896  f1m=0.3493  uplink_kB=172.5  t=1.29s
  round  30/50: acc=0.7501  f1m=0.5256  uplink_kB=172.5  t=1.10s
  round  31/50: acc=0.6561  f1m=0.4163  uplink_kB=172.5  t=1.22s
  round  32/50: acc=0.7411  f1m=0.5151  uplink_kB=172.5  t=1.30s
  round  33/50: acc=0.7164  f1m=0.5147  uplink_kB=172.5  t=1.33s
  round  34/50: acc=0.7649  f1m=0.5328  uplink_kB=172.5  t=1.27s
  round  35/50: acc=0.6920  f1m=0.4848  uplink_kB=172.5  t=1.34s
  round  36/50: acc=0.7781  f1m=0.5634  uplink_kB=172.5  t=1.27s
  round  37/50: acc=0.7130  f1m=0.5004  uplink_kB=172.5  t=1.50s
  round  38/50: acc=0.7548  f1m=0.5283  uplink_kB=172.5  t=1.21s
  round  39/50: acc=0.6627  f1m=0.4301  uplink_kB=172.5  t=1.21s
  round  40/50: acc=0.7845  f1m=0.5694  uplink_kB=172.5  t=1.18s
  round  41/50: acc=0.7148  f1m=0.5028  uplink_kB=172.5  t=1.20s
  round  42/50: acc=0.7326  f1m=0.5107  uplink_kB=172.5  t=1.09s
  round  43/50: acc=0.7339  f1m=0.5070  uplink_kB=172.5  t=1.13s
  round  44/50: acc=0.7154  f1m=0.4921  uplink_kB=172.5  t=1.09s
  round  45/50: acc=0.7534  f1m=0.5158  uplink_kB=172.5  t=1.13s
  round  46/50: acc=0.7347  f1m=0.5098  uplink_kB=172.5  t=1.09s
  round  47/50: acc=0.7497  f1m=0.5307  uplink_kB=172.5  t=1.14s
  round  48/50: acc=0.7561  f1m=0.5224  uplink_kB=172.5  t=1.16s
  round  49/50: acc=0.7146  f1m=0.4997  uplink_kB=172.5  t=1.23s
  round  50/50: acc=0.7748  f1m=0.5418  uplink_kB=172.5  t=1.19s
[run] DONE -> /Users/agentra/Documents/hao/working/paper-lab/hao-paper-2026/iotj-fedkan-ids/repo/results/lrsweep_cseciic_mc50k/lrsweep_mlp80_lr0p1__dir0.1__seed17/metrics.json  final_acc=0.7748
