[run] device=cpu  seed=2026  out=/Users/agentra/Documents/hao/working/paper-lab/hao-paper-2026/iotj-fedkan-ids/repo/results/lrsweep_cseciic_mc50k/lrsweep_mlp80_lr0p1__dir0.1__seed2026
[run] model=mlp  params=4,415
  round   1/50: acc=0.1936  f1m=0.0587  uplink_kB=172.5  t=1.99s
  round   2/50: acc=0.2780  f1m=0.1299  uplink_kB=172.5  t=1.06s
  round   3/50: acc=0.4242  f1m=0.2402  uplink_kB=172.5  t=1.14s
  round   4/50: acc=0.4389  f1m=0.2686  uplink_kB=172.5  t=1.11s
  round   5/50: acc=0.5577  f1m=0.4139  uplink_kB=172.5  t=1.22s
  round   6/50: acc=0.5179  f1m=0.3405  uplink_kB=172.5  t=1.07s
  round   7/50: acc=0.5711  f1m=0.3695  uplink_kB=172.5  t=1.15s
  round   8/50: acc=0.6115  f1m=0.4595  uplink_kB=172.5  t=1.04s
  round   9/50: acc=0.5755  f1m=0.3653  uplink_kB=172.5  t=1.07s
  round  10/50: acc=0.7082  f1m=0.5245  uplink_kB=172.5  t=1.06s
  round  11/50: acc=0.6034  f1m=0.4510  uplink_kB=172.5  t=1.08s
  round  12/50: acc=0.6286  f1m=0.4745  uplink_kB=172.5  t=1.03s
  round  13/50: acc=0.6239  f1m=0.4699  uplink_kB=172.5  t=1.08s
  round  14/50: acc=0.6244  f1m=0.4726  uplink_kB=172.5  t=1.07s
  round  15/50: acc=0.7287  f1m=0.5484  uplink_kB=172.5  t=1.17s
  round  16/50: acc=0.6102  f1m=0.4644  uplink_kB=172.5  t=1.13s
  round  17/50: acc=0.6929  f1m=0.5185  uplink_kB=172.5  t=1.15s
  round  18/50: acc=0.6923  f1m=0.5241  uplink_kB=172.5  t=1.08s
  round  19/50: acc=0.7201  f1m=0.5426  uplink_kB=172.5  t=1.14s
  round  20/50: acc=0.7230  f1m=0.5432  uplink_kB=172.5  t=0.95s
  round  21/50: acc=0.7562  f1m=0.6157  uplink_kB=172.5  t=0.72s
  round  22/50: acc=0.7083  f1m=0.5434  uplink_kB=172.5  t=0.68s
  round  23/50: acc=0.7251  f1m=0.5502  uplink_kB=172.5  t=0.72s
  round  24/50: acc=0.6847  f1m=0.5176  uplink_kB=172.5  t=0.69s
  round  25/50: acc=0.7006  f1m=0.5274  uplink_kB=172.5  t=0.72s
  round  26/50: acc=0.6985  f1m=0.5244  uplink_kB=172.5  t=0.69s
  round  27/50: acc=0.7028  f1m=0.5274  uplink_kB=172.5  t=0.71s
  round  28/50: acc=0.7051  f1m=0.5312  uplink_kB=172.5  t=0.70s
  round  29/50: acc=0.7216  f1m=0.5327  uplink_kB=172.5  t=0.72s
  round  30/50: acc=0.7041  f1m=0.5215  uplink_kB=172.5  t=0.69s
  round  31/50: acc=0.6935  f1m=0.5217  uplink_kB=172.5  t=0.71s
  round  32/50: acc=0.7267  f1m=0.5421  uplink_kB=172.5  t=0.69s
  round  33/50: acc=0.7039  f1m=0.5259  uplink_kB=172.5  t=0.72s
  round  34/50: acc=0.6997  f1m=0.5526  uplink_kB=172.5  t=0.71s
  round  35/50: acc=0.7277  f1m=0.5442  uplink_kB=172.5  t=0.72s
  round  36/50: acc=0.7376  f1m=0.5743  uplink_kB=172.5  t=0.69s
  round  37/50: acc=0.7282  f1m=0.5479  uplink_kB=172.5  t=0.72s
  round  38/50: acc=0.7021  f1m=0.5282  uplink_kB=172.5  t=0.68s
  round  39/50: acc=0.7177  f1m=0.5374  uplink_kB=172.5  t=0.70s
  round  40/50: acc=0.7278  f1m=0.5472  uplink_kB=172.5  t=0.67s
  round  41/50: acc=0.7270  f1m=0.5449  uplink_kB=172.5  t=0.70s
  round  42/50: acc=0.7283  f1m=0.5461  uplink_kB=172.5  t=0.68s
  round  43/50: acc=0.7005  f1m=0.5356  uplink_kB=172.5  t=0.70s
  round  44/50: acc=0.6065  f1m=0.4525  uplink_kB=172.5  t=0.70s
  round  45/50: acc=0.7242  f1m=0.5414  uplink_kB=172.5  t=0.72s
  round  46/50: acc=0.7256  f1m=0.5917  uplink_kB=172.5  t=0.68s
  round  47/50: acc=0.7268  f1m=0.5441  uplink_kB=172.5  t=0.70s
  round  48/50: acc=0.7297  f1m=0.5459  uplink_kB=172.5  t=0.68s
  round  49/50: acc=0.6996  f1m=0.5657  uplink_kB=172.5  t=0.71s
  round  50/50: acc=0.7059  f1m=0.5351  uplink_kB=172.5  t=0.68s
[run] DONE -> /Users/agentra/Documents/hao/working/paper-lab/hao-paper-2026/iotj-fedkan-ids/repo/results/lrsweep_cseciic_mc50k/lrsweep_mlp80_lr0p1__dir0.1__seed2026/metrics.json  final_acc=0.7059
