[run] device=cpu  seed=23  out=/Users/agentra/Documents/hao/working/paper-lab/hao-paper-2026/iotj-fedkan-ids/repo/results/lrsweep_toniot/lrsweep_kan8_lr0p1__dir0.1__seed23
[run] model=kan  params=3,280
  round   1/50: acc=0.5673  f1m=0.4700  uplink_kB=150.2  t=2.11s
  round   2/50: acc=0.5575  f1m=0.4586  uplink_kB=150.2  t=1.63s
  round   3/50: acc=0.7046  f1m=0.6892  uplink_kB=150.2  t=1.62s
  round   4/50: acc=0.4997  f1m=0.3335  uplink_kB=150.2  t=1.64s
  round   5/50: acc=0.8779  f1m=0.8773  uplink_kB=150.2  t=1.57s
  round   6/50: acc=0.3317  f1m=0.3088  uplink_kB=150.2  t=1.59s
  round   7/50: acc=0.4756  f1m=0.4756  uplink_kB=150.2  t=1.59s
  round   8/50: acc=0.4405  f1m=0.3530  uplink_kB=150.2  t=1.59s
  round   9/50: acc=0.4146  f1m=0.4076  uplink_kB=150.2  t=1.64s
  round  10/50: acc=0.4397  f1m=0.3998  uplink_kB=150.2  t=1.61s
  round  11/50: acc=0.6221  f1m=0.6141  uplink_kB=150.2  t=1.59s
  round  12/50: acc=0.5000  f1m=0.3333  uplink_kB=150.2  t=1.56s
  round  13/50: acc=0.5001  f1m=0.3335  uplink_kB=150.2  t=1.62s
  round  14/50: acc=0.5079  f1m=0.3547  uplink_kB=150.2  t=1.62s
  round  15/50: acc=0.5003  f1m=0.3341  uplink_kB=150.2  t=1.62s
  round  16/50: acc=0.5007  f1m=0.3349  uplink_kB=150.2  t=1.60s
  round  17/50: acc=0.6853  f1m=0.6848  uplink_kB=150.2  t=1.60s
  round  18/50: acc=0.6582  f1m=0.6510  uplink_kB=150.2  t=1.57s
  round  19/50: acc=0.7656  f1m=0.7653  uplink_kB=150.2  t=1.60s
  round  20/50: acc=0.7236  f1m=0.7078  uplink_kB=150.2  t=1.62s
  round  21/50: acc=0.7297  f1m=0.7217  uplink_kB=150.2  t=1.61s
  round  22/50: acc=0.6056  f1m=0.5363  uplink_kB=150.2  t=1.62s
  round  23/50: acc=0.6296  f1m=0.5736  uplink_kB=150.2  t=1.62s
  round  24/50: acc=0.7278  f1m=0.7267  uplink_kB=150.2  t=1.62s
  round  25/50: acc=0.7587  f1m=0.7585  uplink_kB=150.2  t=1.52s
  round  26/50: acc=0.7327  f1m=0.7310  uplink_kB=150.2  t=1.70s
  round  27/50: acc=0.7631  f1m=0.7626  uplink_kB=150.2  t=1.67s
  round  28/50: acc=0.8606  f1m=0.8597  uplink_kB=150.2  t=1.66s
  round  29/50: acc=0.7638  f1m=0.7634  uplink_kB=150.2  t=1.72s
  round  30/50: acc=0.8532  f1m=0.8510  uplink_kB=150.2  t=1.64s
  round  31/50: acc=0.6427  f1m=0.5965  uplink_kB=150.2  t=1.67s
  round  32/50: acc=0.6561  f1m=0.6153  uplink_kB=150.2  t=1.60s
  round  33/50: acc=0.5927  f1m=0.5196  uplink_kB=150.2  t=1.63s
  round  34/50: acc=0.7907  f1m=0.7896  uplink_kB=150.2  t=1.68s
  round  35/50: acc=0.6563  f1m=0.6201  uplink_kB=150.2  t=1.64s
  round  36/50: acc=0.6356  f1m=0.5858  uplink_kB=150.2  t=1.65s
  round  37/50: acc=0.5460  f1m=0.4296  uplink_kB=150.2  t=1.62s
  round  38/50: acc=0.8304  f1m=0.8284  uplink_kB=150.2  t=1.63s
  round  39/50: acc=0.8658  f1m=0.8658  uplink_kB=150.2  t=1.65s
  round  40/50: acc=0.8717  f1m=0.8716  uplink_kB=150.2  t=1.66s
  round  41/50: acc=0.8718  f1m=0.8718  uplink_kB=150.2  t=1.68s
  round  42/50: acc=0.5016  f1m=0.3380  uplink_kB=150.2  t=1.63s
  round  43/50: acc=0.8426  f1m=0.8424  uplink_kB=150.2  t=1.71s
  round  44/50: acc=0.6398  f1m=0.5971  uplink_kB=150.2  t=1.63s
  round  45/50: acc=0.5091  f1m=0.3613  uplink_kB=150.2  t=1.56s
  round  46/50: acc=0.5067  f1m=0.3545  uplink_kB=150.2  t=1.64s
  round  47/50: acc=0.7427  f1m=0.7406  uplink_kB=150.2  t=1.66s
  round  48/50: acc=0.8386  f1m=0.8385  uplink_kB=150.2  t=1.66s
  round  49/50: acc=0.8319  f1m=0.8319  uplink_kB=150.2  t=1.68s
  round  50/50: acc=0.8618  f1m=0.8610  uplink_kB=150.2  t=1.59s
[run] DONE -> /Users/agentra/Documents/hao/working/paper-lab/hao-paper-2026/iotj-fedkan-ids/repo/results/lrsweep_toniot/lrsweep_kan8_lr0p1__dir0.1__seed23/metrics.json  final_acc=0.8618
