[run] device=cpu  seed=43  out=/Users/agentra/Documents/hao/working/paper-lab/hao-paper-2026/iotj-fedkan-ids/repo/results/lrsweep_toniot/lrsweep_mlp32_lr0p01__dir0.1__seed43
[run] model=mlp  params=1,346
  round   1/50: acc=0.7219  f1m=0.7210  uplink_kB=52.6  t=1.17s
  round   2/50: acc=0.6561  f1m=0.6501  uplink_kB=52.6  t=0.67s
  round   3/50: acc=0.7433  f1m=0.7294  uplink_kB=52.6  t=0.64s
  round   4/50: acc=0.7550  f1m=0.7432  uplink_kB=52.6  t=0.63s
  round   5/50: acc=0.7602  f1m=0.7493  uplink_kB=52.6  t=0.68s
  round   6/50: acc=0.5467  f1m=0.4494  uplink_kB=52.6  t=0.65s
  round   7/50: acc=0.7678  f1m=0.7582  uplink_kB=52.6  t=0.66s
  round   8/50: acc=0.5498  f1m=0.4552  uplink_kB=52.6  t=0.66s
  round   9/50: acc=0.5513  f1m=0.4578  uplink_kB=52.6  t=0.67s
  round  10/50: acc=0.5555  f1m=0.4656  uplink_kB=52.6  t=0.69s
  round  11/50: acc=0.5567  f1m=0.4677  uplink_kB=52.6  t=0.62s
  round  12/50: acc=0.5559  f1m=0.4664  uplink_kB=52.6  t=0.67s
  round  13/50: acc=0.5637  f1m=0.4799  uplink_kB=52.6  t=0.66s
  round  14/50: acc=0.5648  f1m=0.4818  uplink_kB=52.6  t=0.68s
  round  15/50: acc=0.5652  f1m=0.4824  uplink_kB=52.6  t=0.68s
  round  16/50: acc=0.5617  f1m=0.4764  uplink_kB=52.6  t=0.68s
  round  17/50: acc=0.5708  f1m=0.4921  uplink_kB=52.6  t=0.60s
  round  18/50: acc=0.5698  f1m=0.4907  uplink_kB=52.6  t=0.68s
  round  19/50: acc=0.5625  f1m=0.4781  uplink_kB=52.6  t=0.65s
  round  20/50: acc=0.5629  f1m=0.4785  uplink_kB=52.6  t=0.64s
  round  21/50: acc=0.5546  f1m=0.4636  uplink_kB=52.6  t=0.63s
  round  22/50: acc=0.5590  f1m=0.4712  uplink_kB=52.6  t=0.67s
  round  23/50: acc=0.5564  f1m=0.4671  uplink_kB=52.6  t=0.68s
  round  24/50: acc=0.5564  f1m=0.4671  uplink_kB=52.6  t=0.62s
  round  25/50: acc=0.5580  f1m=0.4695  uplink_kB=52.6  t=0.64s
  round  26/50: acc=0.5581  f1m=0.4703  uplink_kB=52.6  t=0.63s
  round  27/50: acc=0.5572  f1m=0.4687  uplink_kB=52.6  t=0.68s
  round  28/50: acc=0.5584  f1m=0.4714  uplink_kB=52.6  t=0.69s
  round  29/50: acc=0.5587  f1m=0.4724  uplink_kB=52.6  t=0.65s
  round  30/50: acc=0.5601  f1m=0.4736  uplink_kB=52.6  t=0.68s
  round  31/50: acc=0.5616  f1m=0.4769  uplink_kB=52.6  t=0.60s
  round  32/50: acc=0.5591  f1m=0.4709  uplink_kB=52.6  t=0.67s
  round  33/50: acc=0.5615  f1m=0.4759  uplink_kB=52.6  t=0.67s
  round  34/50: acc=0.5630  f1m=0.4780  uplink_kB=52.6  t=0.67s
  round  35/50: acc=0.5663  f1m=0.4845  uplink_kB=52.6  t=0.66s
  round  36/50: acc=0.5666  f1m=0.4840  uplink_kB=52.6  t=0.64s
  round  37/50: acc=0.5721  f1m=0.4939  uplink_kB=52.6  t=0.64s
  round  38/50: acc=0.5690  f1m=0.4881  uplink_kB=52.6  t=0.63s
  round  39/50: acc=0.5770  f1m=0.5017  uplink_kB=52.6  t=0.66s
  round  40/50: acc=0.5748  f1m=0.4977  uplink_kB=52.6  t=0.67s
  round  41/50: acc=0.5771  f1m=0.5017  uplink_kB=52.6  t=0.67s
  round  42/50: acc=0.5794  f1m=0.5055  uplink_kB=52.6  t=0.66s
  round  43/50: acc=0.5785  f1m=0.5034  uplink_kB=52.6  t=0.65s
  round  44/50: acc=0.5787  f1m=0.5030  uplink_kB=52.6  t=0.69s
  round  45/50: acc=0.5798  f1m=0.5046  uplink_kB=52.6  t=0.65s
  round  46/50: acc=0.5779  f1m=0.5006  uplink_kB=52.6  t=0.62s
  round  47/50: acc=0.5780  f1m=0.5005  uplink_kB=52.6  t=0.68s
  round  48/50: acc=0.5798  f1m=0.5040  uplink_kB=52.6  t=0.64s
  round  49/50: acc=0.5803  f1m=0.5048  uplink_kB=52.6  t=0.67s
  round  50/50: acc=0.5787  f1m=0.5022  uplink_kB=52.6  t=0.69s
[run] DONE -> /Users/agentra/Documents/hao/working/paper-lab/hao-paper-2026/iotj-fedkan-ids/repo/results/lrsweep_toniot/lrsweep_mlp32_lr0p01__dir0.1__seed43/metrics.json  final_acc=0.5787
