[run] device=cpu  seed=11  out=/Users/agentra/Documents/hao/working/paper-lab/hao-paper-2026/iotj-fedkan-ids/repo/results/lrsweep_botiot/lrsweep_kan16_lr0p01__dir0.1__seed11
[run] model=kan  params=6,560
  round   1/50: acc=0.9071  f1m=0.9069  uplink_kB=282.0  t=2.64s
  round   2/50: acc=0.7904  f1m=0.7808  uplink_kB=282.0  t=2.02s
  round   3/50: acc=0.8298  f1m=0.8248  uplink_kB=282.0  t=1.94s
  round   4/50: acc=0.9017  f1m=0.9014  uplink_kB=282.0  t=2.00s
  round   5/50: acc=0.8621  f1m=0.8595  uplink_kB=282.0  t=1.98s
  round   6/50: acc=0.8778  f1m=0.8760  uplink_kB=282.0  t=1.89s
  round   7/50: acc=0.8949  f1m=0.8938  uplink_kB=282.0  t=2.05s
  round   8/50: acc=0.9695  f1m=0.9695  uplink_kB=282.0  t=2.09s
  round   9/50: acc=0.9696  f1m=0.9696  uplink_kB=282.0  t=1.98s
  round  10/50: acc=0.9700  f1m=0.9700  uplink_kB=282.0  t=1.91s
  round  11/50: acc=0.9701  f1m=0.9701  uplink_kB=282.0  t=1.90s
  round  12/50: acc=0.9704  f1m=0.9704  uplink_kB=282.0  t=1.91s
  round  13/50: acc=0.9718  f1m=0.9718  uplink_kB=282.0  t=1.96s
  round  14/50: acc=0.9714  f1m=0.9714  uplink_kB=282.0  t=1.81s
  round  15/50: acc=0.9711  f1m=0.9710  uplink_kB=282.0  t=1.92s
  round  16/50: acc=0.9705  f1m=0.9705  uplink_kB=282.0  t=1.92s
  round  17/50: acc=0.9714  f1m=0.9714  uplink_kB=282.0  t=1.91s
  round  18/50: acc=0.9718  f1m=0.9718  uplink_kB=282.0  t=1.90s
  round  19/50: acc=0.9715  f1m=0.9714  uplink_kB=282.0  t=1.86s
  round  20/50: acc=0.9709  f1m=0.9708  uplink_kB=282.0  t=1.84s
  round  21/50: acc=0.9714  f1m=0.9714  uplink_kB=282.0  t=1.92s
  round  22/50: acc=0.9713  f1m=0.9713  uplink_kB=282.0  t=1.91s
  round  23/50: acc=0.9741  f1m=0.9741  uplink_kB=282.0  t=1.86s
  round  24/50: acc=0.9717  f1m=0.9717  uplink_kB=282.0  t=1.88s
  round  25/50: acc=0.9717  f1m=0.9717  uplink_kB=282.0  t=1.94s
  round  26/50: acc=0.9717  f1m=0.9717  uplink_kB=282.0  t=1.93s
  round  27/50: acc=0.9611  f1m=0.9611  uplink_kB=282.0  t=1.94s
  round  28/50: acc=0.9720  f1m=0.9720  uplink_kB=282.0  t=1.92s
  round  29/50: acc=0.9956  f1m=0.9956  uplink_kB=282.0  t=1.98s
  round  30/50: acc=0.9720  f1m=0.9719  uplink_kB=282.0  t=1.96s
  round  31/50: acc=0.9264  f1m=0.9260  uplink_kB=282.0  t=1.98s
  round  32/50: acc=0.9742  f1m=0.9741  uplink_kB=282.0  t=2.06s
  round  33/50: acc=0.9241  f1m=0.9237  uplink_kB=282.0  t=2.04s
  round  34/50: acc=0.9751  f1m=0.9751  uplink_kB=282.0  t=2.09s
  round  35/50: acc=0.9366  f1m=0.9364  uplink_kB=282.0  t=2.14s
  round  36/50: acc=0.9747  f1m=0.9747  uplink_kB=282.0  t=1.90s
  round  37/50: acc=0.9757  f1m=0.9756  uplink_kB=282.0  t=1.81s
  round  38/50: acc=0.9959  f1m=0.9959  uplink_kB=282.0  t=1.90s
  round  39/50: acc=0.9744  f1m=0.9744  uplink_kB=282.0  t=1.97s
  round  40/50: acc=0.9750  f1m=0.9750  uplink_kB=282.0  t=1.92s
  round  41/50: acc=0.9760  f1m=0.9760  uplink_kB=282.0  t=1.89s
  round  42/50: acc=0.9748  f1m=0.9748  uplink_kB=282.0  t=1.93s
  round  43/50: acc=0.9745  f1m=0.9745  uplink_kB=282.0  t=1.91s
  round  44/50: acc=0.9353  f1m=0.9351  uplink_kB=282.0  t=2.04s
  round  45/50: acc=0.9755  f1m=0.9755  uplink_kB=282.0  t=1.94s
  round  46/50: acc=0.9376  f1m=0.9374  uplink_kB=282.0  t=1.89s
  round  47/50: acc=0.9967  f1m=0.9967  uplink_kB=282.0  t=1.97s
  round  48/50: acc=0.9973  f1m=0.9973  uplink_kB=282.0  t=1.96s
  round  49/50: acc=0.9744  f1m=0.9744  uplink_kB=282.0  t=1.89s
  round  50/50: acc=0.9968  f1m=0.9968  uplink_kB=282.0  t=1.91s
[run] DONE -> /Users/agentra/Documents/hao/working/paper-lab/hao-paper-2026/iotj-fedkan-ids/repo/results/lrsweep_botiot/lrsweep_kan16_lr0p01__dir0.1__seed11/metrics.json  final_acc=0.9968
