[run] device=cpu  seed=11  out=/Users/agentra/Documents/hao/working/paper-lab/hao-paper-2026/iotj-fedkan-ids/repo/results/lrsweep_cseciic_mc50k/lrsweep_kan16_lr0p03__dir0.1__seed11
[run] model=kan  params=8,640
  round   1/50: acc=0.3382  f1m=0.1593  uplink_kB=363.3  t=3.65s
  round   2/50: acc=0.6592  f1m=0.4199  uplink_kB=363.3  t=2.95s
  round   3/50: acc=0.6299  f1m=0.4547  uplink_kB=363.3  t=3.03s
  round   4/50: acc=0.7523  f1m=0.5644  uplink_kB=363.3  t=3.00s
  round   5/50: acc=0.6441  f1m=0.4585  uplink_kB=363.3  t=3.18s
  round   6/50: acc=0.8488  f1m=0.6748  uplink_kB=363.3  t=2.97s
  round   7/50: acc=0.7777  f1m=0.5964  uplink_kB=363.3  t=3.44s
  round   8/50: acc=0.8683  f1m=0.7298  uplink_kB=363.3  t=3.11s
  round   9/50: acc=0.7965  f1m=0.6176  uplink_kB=363.3  t=2.94s
  round  10/50: acc=0.8320  f1m=0.6733  uplink_kB=363.3  t=3.07s
  round  11/50: acc=0.8021  f1m=0.6222  uplink_kB=363.3  t=3.10s
  round  12/50: acc=0.8559  f1m=0.6977  uplink_kB=363.3  t=3.10s
  round  13/50: acc=0.8224  f1m=0.6526  uplink_kB=363.3  t=3.07s
  round  14/50: acc=0.8711  f1m=0.7053  uplink_kB=363.3  t=3.12s
  round  15/50: acc=0.8781  f1m=0.7264  uplink_kB=363.3  t=3.11s
  round  16/50: acc=0.8749  f1m=0.7306  uplink_kB=363.3  t=3.16s
  round  17/50: acc=0.8775  f1m=0.7124  uplink_kB=363.3  t=3.05s
  round  18/50: acc=0.8603  f1m=0.6988  uplink_kB=363.3  t=3.17s
  round  19/50: acc=0.8877  f1m=0.7506  uplink_kB=363.3  t=3.13s
  round  20/50: acc=0.8847  f1m=0.7426  uplink_kB=363.3  t=3.16s
  round  21/50: acc=0.8882  f1m=0.7508  uplink_kB=363.3  t=3.02s
  round  22/50: acc=0.8902  f1m=0.7549  uplink_kB=363.3  t=3.20s
  round  23/50: acc=0.8906  f1m=0.7581  uplink_kB=363.3  t=3.14s
  round  24/50: acc=0.8789  f1m=0.7226  uplink_kB=363.3  t=3.15s
  round  25/50: acc=0.8818  f1m=0.7486  uplink_kB=363.3  t=3.09s
  round  26/50: acc=0.8902  f1m=0.7584  uplink_kB=363.3  t=3.07s
  round  27/50: acc=0.8726  f1m=0.7245  uplink_kB=363.3  t=3.13s
  round  28/50: acc=0.8961  f1m=0.7547  uplink_kB=363.3  t=3.13s
  round  29/50: acc=0.8653  f1m=0.6887  uplink_kB=363.3  t=3.09s
  round  30/50: acc=0.8920  f1m=0.7351  uplink_kB=363.3  t=3.21s
  round  31/50: acc=0.8994  f1m=0.7612  uplink_kB=363.3  t=3.02s
  round  32/50: acc=0.8704  f1m=0.6969  uplink_kB=363.3  t=3.12s
  round  33/50: acc=0.8920  f1m=0.7569  uplink_kB=363.3  t=3.01s
  round  34/50: acc=0.8818  f1m=0.7136  uplink_kB=363.3  t=3.16s
  round  35/50: acc=0.8915  f1m=0.7563  uplink_kB=363.3  t=3.07s
  round  36/50: acc=0.8771  f1m=0.7118  uplink_kB=363.3  t=3.13s
  round  37/50: acc=0.8913  f1m=0.7518  uplink_kB=363.3  t=3.08s
  round  38/50: acc=0.8937  f1m=0.7637  uplink_kB=363.3  t=3.14s
  round  39/50: acc=0.8908  f1m=0.7469  uplink_kB=363.3  t=3.05s
  round  40/50: acc=0.8945  f1m=0.7593  uplink_kB=363.3  t=3.08s
  round  41/50: acc=0.8794  f1m=0.7392  uplink_kB=363.3  t=3.03s
  round  42/50: acc=0.8875  f1m=0.7517  uplink_kB=363.3  t=3.09s
  round  43/50: acc=0.8698  f1m=0.7221  uplink_kB=363.3  t=3.03s
  round  44/50: acc=0.8753  f1m=0.7227  uplink_kB=363.3  t=3.12s
  round  45/50: acc=0.8918  f1m=0.7613  uplink_kB=363.3  t=3.05s
  round  46/50: acc=0.8744  f1m=0.7250  uplink_kB=363.3  t=3.11s
  round  47/50: acc=0.9005  f1m=0.7626  uplink_kB=363.3  t=3.05s
  round  48/50: acc=0.8868  f1m=0.7284  uplink_kB=363.3  t=3.16s
  round  49/50: acc=0.8939  f1m=0.7566  uplink_kB=363.3  t=3.05s
  round  50/50: acc=0.8939  f1m=0.7595  uplink_kB=363.3  t=3.07s
[run] DONE -> /Users/agentra/Documents/hao/working/paper-lab/hao-paper-2026/iotj-fedkan-ids/repo/results/lrsweep_cseciic_mc50k/lrsweep_kan16_lr0p03__dir0.1__seed11/metrics.json  final_acc=0.8939
