[run] device=cpu  seed=2024  out=/Users/agentra/Documents/hao/working/paper-lab/hao-paper-2026/iotj-fedkan-ids/repo/results/lrsweep_cseciic_mc50k/lrsweep_mlp80_lr0p1__dir0.1__seed2024
[run] model=mlp  params=4,415
  round   1/50: acc=0.1395  f1m=0.0461  uplink_kB=172.5  t=1.78s
  round   2/50: acc=0.1909  f1m=0.0630  uplink_kB=172.5  t=1.09s
  round   3/50: acc=0.3788  f1m=0.1701  uplink_kB=172.5  t=1.15s
  round   4/50: acc=0.3013  f1m=0.1041  uplink_kB=172.5  t=1.09s
  round   5/50: acc=0.4379  f1m=0.2330  uplink_kB=172.5  t=1.10s
  round   6/50: acc=0.4304  f1m=0.1823  uplink_kB=172.5  t=1.09s
  round   7/50: acc=0.5501  f1m=0.2653  uplink_kB=172.5  t=1.16s
  round   8/50: acc=0.3217  f1m=0.1263  uplink_kB=172.5  t=1.08s
  round   9/50: acc=0.6038  f1m=0.3179  uplink_kB=172.5  t=1.13s
  round  10/50: acc=0.5713  f1m=0.2987  uplink_kB=172.5  t=1.10s
  round  11/50: acc=0.6166  f1m=0.3266  uplink_kB=172.5  t=1.13s
  round  12/50: acc=0.6680  f1m=0.3898  uplink_kB=172.5  t=1.08s
  round  13/50: acc=0.6199  f1m=0.3302  uplink_kB=172.5  t=1.15s
  round  14/50: acc=0.6356  f1m=0.3664  uplink_kB=172.5  t=1.14s
  round  15/50: acc=0.7053  f1m=0.3872  uplink_kB=172.5  t=1.17s
  round  16/50: acc=0.6081  f1m=0.3298  uplink_kB=172.5  t=1.05s
  round  17/50: acc=0.7192  f1m=0.3955  uplink_kB=172.5  t=1.08s
  round  18/50: acc=0.6123  f1m=0.3401  uplink_kB=172.5  t=1.02s
  round  19/50: acc=0.6540  f1m=0.3557  uplink_kB=172.5  t=1.12s
  round  20/50: acc=0.6791  f1m=0.3962  uplink_kB=172.5  t=1.27s
  round  21/50: acc=0.7316  f1m=0.4075  uplink_kB=172.5  t=1.16s
  round  22/50: acc=0.6243  f1m=0.3314  uplink_kB=172.5  t=1.21s
  round  23/50: acc=0.6940  f1m=0.3857  uplink_kB=172.5  t=1.21s
  round  24/50: acc=0.6150  f1m=0.3186  uplink_kB=172.5  t=1.31s
  round  25/50: acc=0.6163  f1m=0.3544  uplink_kB=172.5  t=1.21s
  round  26/50: acc=0.6327  f1m=0.3183  uplink_kB=172.5  t=1.17s
  round  27/50: acc=0.7450  f1m=0.4345  uplink_kB=172.5  t=1.07s
  round  28/50: acc=0.6722  f1m=0.3710  uplink_kB=172.5  t=1.12s
  round  29/50: acc=0.6584  f1m=0.3822  uplink_kB=172.5  t=1.16s
  round  30/50: acc=0.6774  f1m=0.3897  uplink_kB=172.5  t=1.17s
  round  31/50: acc=0.7296  f1m=0.4047  uplink_kB=172.5  t=1.13s
  round  32/50: acc=0.6750  f1m=0.3714  uplink_kB=172.5  t=1.30s
  round  33/50: acc=0.7280  f1m=0.4291  uplink_kB=172.5  t=1.14s
  round  34/50: acc=0.6563  f1m=0.3805  uplink_kB=172.5  t=1.14s
  round  35/50: acc=0.6766  f1m=0.3764  uplink_kB=172.5  t=1.13s
  round  36/50: acc=0.6547  f1m=0.3817  uplink_kB=172.5  t=1.19s
  round  37/50: acc=0.6253  f1m=0.3413  uplink_kB=172.5  t=1.06s
  round  38/50: acc=0.7272  f1m=0.4329  uplink_kB=172.5  t=1.15s
  round  39/50: acc=0.6738  f1m=0.4054  uplink_kB=172.5  t=1.10s
  round  40/50: acc=0.6977  f1m=0.3990  uplink_kB=172.5  t=1.03s
  round  41/50: acc=0.6307  f1m=0.3462  uplink_kB=172.5  t=1.04s
  round  42/50: acc=0.7104  f1m=0.4032  uplink_kB=172.5  t=1.07s
  round  43/50: acc=0.6717  f1m=0.3986  uplink_kB=172.5  t=1.10s
  round  44/50: acc=0.7769  f1m=0.4618  uplink_kB=172.5  t=1.08s
  round  45/50: acc=0.6216  f1m=0.3406  uplink_kB=172.5  t=1.08s
  round  46/50: acc=0.6126  f1m=0.3270  uplink_kB=172.5  t=1.12s
  round  47/50: acc=0.6261  f1m=0.3460  uplink_kB=172.5  t=1.11s
  round  48/50: acc=0.7062  f1m=0.4043  uplink_kB=172.5  t=1.08s
  round  49/50: acc=0.5942  f1m=0.3194  uplink_kB=172.5  t=1.08s
  round  50/50: acc=0.7190  f1m=0.4301  uplink_kB=172.5  t=1.13s
[run] DONE -> /Users/agentra/Documents/hao/working/paper-lab/hao-paper-2026/iotj-fedkan-ids/repo/results/lrsweep_cseciic_mc50k/lrsweep_mlp80_lr0p1__dir0.1__seed2024/metrics.json  final_acc=0.7190
