[run] device=cpu  seed=29  out=/Users/agentra/Documents/hao/working/paper-lab/hao-paper-2026/iotj-fedkan-ids/repo/results/lrsweep_cseciic/lrsweep_kan16_lr0p0003__dir0.1__seed29
[run] model=kan  params=6,560
  round   1/50: acc=0.5000  f1m=0.3333  uplink_kB=282.0  t=2.59s
  round   2/50: acc=0.5000  f1m=0.3333  uplink_kB=282.0  t=2.00s
  round   3/50: acc=0.5000  f1m=0.3333  uplink_kB=282.0  t=2.07s
  round   4/50: acc=0.5000  f1m=0.3333  uplink_kB=282.0  t=2.05s
  round   5/50: acc=0.5000  f1m=0.3333  uplink_kB=282.0  t=2.07s
  round   6/50: acc=0.5116  f1m=0.3587  uplink_kB=282.0  t=1.99s
  round   7/50: acc=0.7770  f1m=0.7654  uplink_kB=282.0  t=2.19s
  round   8/50: acc=0.9180  f1m=0.9176  uplink_kB=282.0  t=2.03s
  round   9/50: acc=0.9171  f1m=0.9168  uplink_kB=282.0  t=2.01s
  round  10/50: acc=0.9142  f1m=0.9140  uplink_kB=282.0  t=2.03s
  round  11/50: acc=0.9139  f1m=0.9137  uplink_kB=282.0  t=1.95s
  round  12/50: acc=0.9138  f1m=0.9136  uplink_kB=282.0  t=2.13s
  round  13/50: acc=0.9143  f1m=0.9141  uplink_kB=282.0  t=2.11s
  round  14/50: acc=0.9149  f1m=0.9147  uplink_kB=282.0  t=2.10s
  round  15/50: acc=0.9154  f1m=0.9152  uplink_kB=282.0  t=2.10s
  round  16/50: acc=0.9162  f1m=0.9160  uplink_kB=282.0  t=2.00s
  round  17/50: acc=0.9173  f1m=0.9171  uplink_kB=282.0  t=1.97s
  round  18/50: acc=0.9185  f1m=0.9183  uplink_kB=282.0  t=1.95s
  round  19/50: acc=0.9196  f1m=0.9195  uplink_kB=282.0  t=1.96s
  round  20/50: acc=0.9203  f1m=0.9201  uplink_kB=282.0  t=2.00s
  round  21/50: acc=0.9207  f1m=0.9205  uplink_kB=282.0  t=1.97s
  round  22/50: acc=0.9211  f1m=0.9209  uplink_kB=282.0  t=1.90s
  round  23/50: acc=0.9213  f1m=0.9211  uplink_kB=282.0  t=2.08s
  round  24/50: acc=0.9215  f1m=0.9213  uplink_kB=282.0  t=1.91s
  round  25/50: acc=0.9217  f1m=0.9215  uplink_kB=282.0  t=1.87s
  round  26/50: acc=0.9217  f1m=0.9215  uplink_kB=282.0  t=2.00s
  round  27/50: acc=0.9218  f1m=0.9216  uplink_kB=282.0  t=1.94s
  round  28/50: acc=0.9219  f1m=0.9217  uplink_kB=282.0  t=1.94s
  round  29/50: acc=0.9235  f1m=0.9233  uplink_kB=282.0  t=1.95s
  round  30/50: acc=0.9280  f1m=0.9278  uplink_kB=282.0  t=2.00s
  round  31/50: acc=0.9313  f1m=0.9311  uplink_kB=282.0  t=1.96s
  round  32/50: acc=0.9313  f1m=0.9312  uplink_kB=282.0  t=1.89s
  round  33/50: acc=0.9313  f1m=0.9311  uplink_kB=282.0  t=1.93s
  round  34/50: acc=0.9313  f1m=0.9312  uplink_kB=282.0  t=1.95s
  round  35/50: acc=0.9316  f1m=0.9314  uplink_kB=282.0  t=1.96s
  round  36/50: acc=0.9307  f1m=0.9306  uplink_kB=282.0  t=1.91s
  round  37/50: acc=0.9307  f1m=0.9305  uplink_kB=282.0  t=1.89s
  round  38/50: acc=0.9309  f1m=0.9308  uplink_kB=282.0  t=1.85s
  round  39/50: acc=0.9309  f1m=0.9307  uplink_kB=282.0  t=1.93s
  round  40/50: acc=0.9310  f1m=0.9309  uplink_kB=282.0  t=1.95s
  round  41/50: acc=0.9310  f1m=0.9309  uplink_kB=282.0  t=1.92s
  round  42/50: acc=0.9311  f1m=0.9310  uplink_kB=282.0  t=2.00s
  round  43/50: acc=0.9314  f1m=0.9313  uplink_kB=282.0  t=1.92s
  round  44/50: acc=0.9311  f1m=0.9310  uplink_kB=282.0  t=1.95s
  round  45/50: acc=0.9309  f1m=0.9308  uplink_kB=282.0  t=1.98s
  round  46/50: acc=0.9310  f1m=0.9309  uplink_kB=282.0  t=1.88s
  round  47/50: acc=0.9307  f1m=0.9306  uplink_kB=282.0  t=1.95s
  round  48/50: acc=0.9307  f1m=0.9305  uplink_kB=282.0  t=1.96s
  round  49/50: acc=0.9309  f1m=0.9308  uplink_kB=282.0  t=1.96s
  round  50/50: acc=0.9307  f1m=0.9305  uplink_kB=282.0  t=1.86s
[run] DONE -> /Users/agentra/Documents/hao/working/paper-lab/hao-paper-2026/iotj-fedkan-ids/repo/results/lrsweep_cseciic/lrsweep_kan16_lr0p0003__dir0.1__seed29/metrics.json  final_acc=0.9307
