[run] device=cpu  seed=11  out=/Users/agentra/Documents/hao/working/paper-lab/hao-paper-2026/iotj-fedkan-ids/repo/results/lrsweep_cseciic/lrsweep_mlp32_lr0p03__dir0.1__seed11
[run] model=mlp  params=1,346
  round   1/50: acc=0.5763  f1m=0.4842  uplink_kB=52.6  t=1.24s
  round   2/50: acc=0.8023  f1m=0.7977  uplink_kB=52.6  t=0.68s
  round   3/50: acc=0.8651  f1m=0.8642  uplink_kB=52.6  t=0.68s
  round   4/50: acc=0.8122  f1m=0.8083  uplink_kB=52.6  t=0.65s
  round   5/50: acc=0.5943  f1m=0.5196  uplink_kB=52.6  t=0.61s
  round   6/50: acc=0.9127  f1m=0.9127  uplink_kB=52.6  t=0.66s
  round   7/50: acc=0.8346  f1m=0.8318  uplink_kB=52.6  t=0.62s
  round   8/50: acc=0.8887  f1m=0.8886  uplink_kB=52.6  t=0.65s
  round   9/50: acc=0.8966  f1m=0.8966  uplink_kB=52.6  t=0.64s
  round  10/50: acc=0.9086  f1m=0.9086  uplink_kB=52.6  t=0.66s
  round  11/50: acc=0.9075  f1m=0.9075  uplink_kB=52.6  t=0.65s
  round  12/50: acc=0.9068  f1m=0.9068  uplink_kB=52.6  t=0.58s
  round  13/50: acc=0.8673  f1m=0.8661  uplink_kB=52.6  t=0.63s
  round  14/50: acc=0.9033  f1m=0.9030  uplink_kB=52.6  t=0.63s
  round  15/50: acc=0.9327  f1m=0.9327  uplink_kB=52.6  t=0.64s
  round  16/50: acc=0.9228  f1m=0.9227  uplink_kB=52.6  t=0.64s
  round  17/50: acc=0.9187  f1m=0.9186  uplink_kB=52.6  t=0.65s
  round  18/50: acc=0.9313  f1m=0.9312  uplink_kB=52.6  t=0.62s
  round  19/50: acc=0.9237  f1m=0.9236  uplink_kB=52.6  t=0.66s
  round  20/50: acc=0.9156  f1m=0.9154  uplink_kB=52.6  t=0.64s
  round  21/50: acc=0.9304  f1m=0.9303  uplink_kB=52.6  t=0.67s
  round  22/50: acc=0.9249  f1m=0.9249  uplink_kB=52.6  t=0.63s
  round  23/50: acc=0.9316  f1m=0.9315  uplink_kB=52.6  t=0.64s
  round  24/50: acc=0.9149  f1m=0.9147  uplink_kB=52.6  t=0.62s
  round  25/50: acc=0.9305  f1m=0.9304  uplink_kB=52.6  t=0.64s
  round  26/50: acc=0.9237  f1m=0.9236  uplink_kB=52.6  t=0.65s
  round  27/50: acc=0.9330  f1m=0.9329  uplink_kB=52.6  t=0.63s
  round  28/50: acc=0.9276  f1m=0.9275  uplink_kB=52.6  t=0.63s
  round  29/50: acc=0.9308  f1m=0.9308  uplink_kB=52.6  t=0.64s
  round  30/50: acc=0.9319  f1m=0.9319  uplink_kB=52.6  t=0.66s
  round  31/50: acc=0.9276  f1m=0.9275  uplink_kB=52.6  t=0.64s
  round  32/50: acc=0.9280  f1m=0.9279  uplink_kB=52.6  t=0.59s
  round  33/50: acc=0.9291  f1m=0.9290  uplink_kB=52.6  t=0.69s
  round  34/50: acc=0.9289  f1m=0.9288  uplink_kB=52.6  t=0.62s
  round  35/50: acc=0.9314  f1m=0.9313  uplink_kB=52.6  t=0.65s
  round  36/50: acc=0.9269  f1m=0.9268  uplink_kB=52.6  t=0.66s
  round  37/50: acc=0.9335  f1m=0.9335  uplink_kB=52.6  t=0.62s
  round  38/50: acc=0.9237  f1m=0.9236  uplink_kB=52.6  t=0.65s
  round  39/50: acc=0.9345  f1m=0.9344  uplink_kB=52.6  t=0.68s
  round  40/50: acc=0.9177  f1m=0.9175  uplink_kB=52.6  t=0.68s
  round  41/50: acc=0.9294  f1m=0.9293  uplink_kB=52.6  t=0.64s
  round  42/50: acc=0.9311  f1m=0.9310  uplink_kB=52.6  t=0.64s
  round  43/50: acc=0.9196  f1m=0.9195  uplink_kB=52.6  t=0.61s
  round  44/50: acc=0.9254  f1m=0.9253  uplink_kB=52.6  t=0.65s
  round  45/50: acc=0.9272  f1m=0.9271  uplink_kB=52.6  t=0.65s
  round  46/50: acc=0.9108  f1m=0.9105  uplink_kB=52.6  t=0.64s
  round  47/50: acc=0.9255  f1m=0.9254  uplink_kB=52.6  t=0.72s
  round  48/50: acc=0.9110  f1m=0.9108  uplink_kB=52.6  t=0.63s
  round  49/50: acc=0.9261  f1m=0.9260  uplink_kB=52.6  t=0.60s
  round  50/50: acc=0.9165  f1m=0.9163  uplink_kB=52.6  t=0.68s
[run] DONE -> /Users/agentra/Documents/hao/working/paper-lab/hao-paper-2026/iotj-fedkan-ids/repo/results/lrsweep_cseciic/lrsweep_mlp32_lr0p03__dir0.1__seed11/metrics.json  final_acc=0.9165
