[run] device=cpu  seed=23  out=/Users/agentra/Documents/hao/working/paper-lab/hao-paper-2026/iotj-fedkan-ids/repo/results/lrext_cseciic/lrext_kan8_lr1__dir0.1__seed23
[run] model=kan  params=3,280
  round   1/50: acc=0.4856  f1m=0.3287  uplink_kB=150.2  t=2.84s
  round   2/50: acc=0.7697  f1m=0.7694  uplink_kB=150.2  t=2.05s
  round   3/50: acc=0.7697  f1m=0.7694  uplink_kB=150.2  t=2.04s
  round   4/50: acc=0.7696  f1m=0.7693  uplink_kB=150.2  t=2.12s
  round   5/50: acc=0.7694  f1m=0.7691  uplink_kB=150.2  t=1.98s
  round   6/50: acc=0.7690  f1m=0.7687  uplink_kB=150.2  t=2.11s
  round   7/50: acc=0.7690  f1m=0.7686  uplink_kB=150.2  t=2.00s
  round   8/50: acc=0.7690  f1m=0.7686  uplink_kB=150.2  t=2.05s
  round   9/50: acc=0.7678  f1m=0.7674  uplink_kB=150.2  t=2.07s
  round  10/50: acc=0.7677  f1m=0.7673  uplink_kB=150.2  t=2.19s
  round  11/50: acc=0.7674  f1m=0.7670  uplink_kB=150.2  t=2.13s
  round  12/50: acc=0.7669  f1m=0.7665  uplink_kB=150.2  t=2.11s
  round  13/50: acc=0.7669  f1m=0.7665  uplink_kB=150.2  t=2.12s
  round  14/50: acc=0.7668  f1m=0.7664  uplink_kB=150.2  t=2.28s
  round  15/50: acc=0.7668  f1m=0.7664  uplink_kB=150.2  t=2.10s
  round  16/50: acc=0.7667  f1m=0.7662  uplink_kB=150.2  t=2.19s
  round  17/50: acc=0.7666  f1m=0.7662  uplink_kB=150.2  t=2.19s
  round  18/50: acc=0.7665  f1m=0.7661  uplink_kB=150.2  t=2.12s
  round  19/50: acc=0.7665  f1m=0.7660  uplink_kB=150.2  t=2.16s
  round  20/50: acc=0.7664  f1m=0.7660  uplink_kB=150.2  t=2.09s
  round  21/50: acc=0.7664  f1m=0.7660  uplink_kB=150.2  t=2.09s
  round  22/50: acc=0.7664  f1m=0.7660  uplink_kB=150.2  t=2.13s
  round  23/50: acc=0.7661  f1m=0.7656  uplink_kB=150.2  t=2.09s
  round  24/50: acc=0.7659  f1m=0.7655  uplink_kB=150.2  t=2.07s
  round  25/50: acc=0.7659  f1m=0.7655  uplink_kB=150.2  t=2.03s
  round  26/50: acc=0.7659  f1m=0.7655  uplink_kB=150.2  t=2.11s
  round  27/50: acc=0.7658  f1m=0.7653  uplink_kB=150.2  t=2.16s
  round  28/50: acc=0.7657  f1m=0.7653  uplink_kB=150.2  t=2.15s
  round  29/50: acc=0.7657  f1m=0.7653  uplink_kB=150.2  t=2.06s
  round  30/50: acc=0.7652  f1m=0.7648  uplink_kB=150.2  t=1.95s
  round  31/50: acc=0.7652  f1m=0.7648  uplink_kB=150.2  t=2.00s
  round  32/50: acc=0.7652  f1m=0.7648  uplink_kB=150.2  t=2.03s
  round  33/50: acc=0.7648  f1m=0.7643  uplink_kB=150.2  t=2.15s
  round  34/50: acc=0.7647  f1m=0.7642  uplink_kB=150.2  t=2.09s
  round  35/50: acc=0.7647  f1m=0.7642  uplink_kB=150.2  t=2.05s
  round  36/50: acc=0.7643  f1m=0.7638  uplink_kB=150.2  t=2.07s
  round  37/50: acc=0.7643  f1m=0.7638  uplink_kB=150.2  t=2.22s
  round  38/50: acc=0.7642  f1m=0.7638  uplink_kB=150.2  t=2.27s
  round  39/50: acc=0.7642  f1m=0.7637  uplink_kB=150.2  t=1.99s
  round  40/50: acc=0.7642  f1m=0.7637  uplink_kB=150.2  t=2.01s
  round  41/50: acc=0.7640  f1m=0.7635  uplink_kB=150.2  t=2.05s
  round  42/50: acc=0.7639  f1m=0.7634  uplink_kB=150.2  t=2.12s
  round  43/50: acc=0.7633  f1m=0.7628  uplink_kB=150.2  t=2.08s
  round  44/50: acc=0.7632  f1m=0.7627  uplink_kB=150.2  t=2.08s
  round  45/50: acc=0.7632  f1m=0.7627  uplink_kB=150.2  t=2.01s
  round  46/50: acc=0.7631  f1m=0.7626  uplink_kB=150.2  t=2.08s
  round  47/50: acc=0.7628  f1m=0.7623  uplink_kB=150.2  t=2.19s
  round  48/50: acc=0.7628  f1m=0.7623  uplink_kB=150.2  t=2.22s
  round  49/50: acc=0.7628  f1m=0.7622  uplink_kB=150.2  t=2.13s
  round  50/50: acc=0.7625  f1m=0.7620  uplink_kB=150.2  t=2.04s
[run] DONE -> /Users/agentra/Documents/hao/working/paper-lab/hao-paper-2026/iotj-fedkan-ids/repo/results/lrext_cseciic/lrext_kan8_lr1__dir0.1__seed23/metrics.json  final_acc=0.7625
