[run] device=cpu  seed=31  out=/Users/agentra/Documents/hao/working/paper-lab/hao-paper-2026/iotj-fedkan-ids/repo/results/lrsweep_botiot/lrsweep_kan16_lr0p003__dir0.1__seed31
[run] model=kan  params=6,560
  round   1/50: acc=0.6077  f1m=0.5533  uplink_kB=282.0  t=2.57s
  round   2/50: acc=0.9327  f1m=0.9327  uplink_kB=282.0  t=2.12s
  round   3/50: acc=0.9297  f1m=0.9297  uplink_kB=282.0  t=1.91s
  round   4/50: acc=0.9317  f1m=0.9317  uplink_kB=282.0  t=1.94s
  round   5/50: acc=0.9318  f1m=0.9318  uplink_kB=282.0  t=1.91s
  round   6/50: acc=0.9299  f1m=0.9299  uplink_kB=282.0  t=1.83s
  round   7/50: acc=0.9298  f1m=0.9298  uplink_kB=282.0  t=1.87s
  round   8/50: acc=0.9300  f1m=0.9300  uplink_kB=282.0  t=1.82s
  round   9/50: acc=0.9311  f1m=0.9311  uplink_kB=282.0  t=1.91s
  round  10/50: acc=0.9340  f1m=0.9340  uplink_kB=282.0  t=1.88s
  round  11/50: acc=0.9367  f1m=0.9366  uplink_kB=282.0  t=1.87s
  round  12/50: acc=0.9329  f1m=0.9329  uplink_kB=282.0  t=1.85s
  round  13/50: acc=0.9376  f1m=0.9376  uplink_kB=282.0  t=1.83s
  round  14/50: acc=0.9389  f1m=0.9389  uplink_kB=282.0  t=1.84s
  round  15/50: acc=0.9396  f1m=0.9396  uplink_kB=282.0  t=1.85s
  round  16/50: acc=0.9394  f1m=0.9394  uplink_kB=282.0  t=1.86s
  round  17/50: acc=0.9497  f1m=0.9497  uplink_kB=282.0  t=1.88s
  round  18/50: acc=0.9538  f1m=0.9538  uplink_kB=282.0  t=1.85s
  round  19/50: acc=0.9568  f1m=0.9568  uplink_kB=282.0  t=1.83s
  round  20/50: acc=0.9566  f1m=0.9566  uplink_kB=282.0  t=1.85s
  round  21/50: acc=0.9568  f1m=0.9568  uplink_kB=282.0  t=1.99s
  round  22/50: acc=0.9643  f1m=0.9643  uplink_kB=282.0  t=1.95s
  round  23/50: acc=0.9643  f1m=0.9643  uplink_kB=282.0  t=1.92s
  round  24/50: acc=0.9572  f1m=0.9572  uplink_kB=282.0  t=1.83s
  round  25/50: acc=0.9645  f1m=0.9645  uplink_kB=282.0  t=1.95s
  round  26/50: acc=0.9650  f1m=0.9650  uplink_kB=282.0  t=1.91s
  round  27/50: acc=0.9654  f1m=0.9654  uplink_kB=282.0  t=1.85s
  round  28/50: acc=0.9653  f1m=0.9652  uplink_kB=282.0  t=1.88s
  round  29/50: acc=0.9653  f1m=0.9653  uplink_kB=282.0  t=1.87s
  round  30/50: acc=0.9644  f1m=0.9644  uplink_kB=282.0  t=1.86s
  round  31/50: acc=0.9653  f1m=0.9653  uplink_kB=282.0  t=1.81s
  round  32/50: acc=0.9652  f1m=0.9651  uplink_kB=282.0  t=1.87s
  round  33/50: acc=0.9668  f1m=0.9667  uplink_kB=282.0  t=1.85s
  round  34/50: acc=0.9664  f1m=0.9664  uplink_kB=282.0  t=1.92s
  round  35/50: acc=0.9663  f1m=0.9663  uplink_kB=282.0  t=1.89s
  round  36/50: acc=0.9665  f1m=0.9665  uplink_kB=282.0  t=1.86s
  round  37/50: acc=0.9657  f1m=0.9657  uplink_kB=282.0  t=1.92s
  round  38/50: acc=0.9670  f1m=0.9670  uplink_kB=282.0  t=1.86s
  round  39/50: acc=0.9671  f1m=0.9671  uplink_kB=282.0  t=1.89s
  round  40/50: acc=0.9676  f1m=0.9676  uplink_kB=282.0  t=1.87s
  round  41/50: acc=0.9661  f1m=0.9661  uplink_kB=282.0  t=1.83s
  round  42/50: acc=0.9675  f1m=0.9675  uplink_kB=282.0  t=1.89s
  round  43/50: acc=0.9672  f1m=0.9672  uplink_kB=282.0  t=2.05s
  round  44/50: acc=0.9679  f1m=0.9679  uplink_kB=282.0  t=1.96s
  round  45/50: acc=0.9679  f1m=0.9678  uplink_kB=282.0  t=1.90s
  round  46/50: acc=0.9668  f1m=0.9668  uplink_kB=282.0  t=1.86s
  round  47/50: acc=0.9673  f1m=0.9673  uplink_kB=282.0  t=1.83s
  round  48/50: acc=0.9667  f1m=0.9667  uplink_kB=282.0  t=1.97s
  round  49/50: acc=0.9682  f1m=0.9682  uplink_kB=282.0  t=1.97s
  round  50/50: acc=0.9675  f1m=0.9675  uplink_kB=282.0  t=1.98s
[run] DONE -> /Users/agentra/Documents/hao/working/paper-lab/hao-paper-2026/iotj-fedkan-ids/repo/results/lrsweep_botiot/lrsweep_kan16_lr0p003__dir0.1__seed31/metrics.json  final_acc=0.9675
