[run] device=cpu  seed=43  out=/Users/agentra/Documents/hao/working/paper-lab/hao-paper-2026/iotj-fedkan-ids/repo/results/lrsweep_cseciic_mc/lrsweep_kan8_lr0p03__dir0.1__seed43
[run] model=kan  params=4,320
  round   1/50: acc=0.1713  f1m=0.0354  uplink_kB=190.8  t=5.92s
  round   2/50: acc=0.6969  f1m=0.3741  uplink_kB=190.8  t=5.37s
  round   3/50: acc=0.7451  f1m=0.3899  uplink_kB=190.8  t=5.26s
  round   4/50: acc=0.6718  f1m=0.4454  uplink_kB=190.8  t=5.28s
  round   5/50: acc=0.7925  f1m=0.4809  uplink_kB=190.8  t=5.34s
  round   6/50: acc=0.8268  f1m=0.5593  uplink_kB=190.8  t=5.40s
  round   7/50: acc=0.7420  f1m=0.5084  uplink_kB=190.8  t=5.39s
  round   8/50: acc=0.8457  f1m=0.5678  uplink_kB=190.8  t=5.30s
  round   9/50: acc=0.8403  f1m=0.5739  uplink_kB=190.8  t=5.32s
  round  10/50: acc=0.8242  f1m=0.5973  uplink_kB=190.8  t=5.29s
  round  11/50: acc=0.8454  f1m=0.6097  uplink_kB=190.8  t=5.32s
  round  12/50: acc=0.8020  f1m=0.5492  uplink_kB=190.8  t=5.28s
  round  13/50: acc=0.8388  f1m=0.5991  uplink_kB=190.8  t=5.38s
  round  14/50: acc=0.8484  f1m=0.6226  uplink_kB=190.8  t=5.35s
  round  15/50: acc=0.8541  f1m=0.7175  uplink_kB=190.8  t=5.25s
  round  16/50: acc=0.8533  f1m=0.6325  uplink_kB=190.8  t=5.21s
  round  17/50: acc=0.8420  f1m=0.6879  uplink_kB=190.8  t=5.24s
  round  18/50: acc=0.8559  f1m=0.6240  uplink_kB=190.8  t=5.38s
  round  19/50: acc=0.8368  f1m=0.6240  uplink_kB=190.8  t=5.30s
  round  20/50: acc=0.8603  f1m=0.6580  uplink_kB=190.8  t=5.24s
  round  21/50: acc=0.8347  f1m=0.6092  uplink_kB=190.8  t=5.25s
  round  22/50: acc=0.8313  f1m=0.5856  uplink_kB=190.8  t=5.35s
  round  23/50: acc=0.8585  f1m=0.6242  uplink_kB=190.8  t=5.21s
  round  24/50: acc=0.8519  f1m=0.5982  uplink_kB=190.8  t=5.31s
  round  25/50: acc=0.8367  f1m=0.6354  uplink_kB=190.8  t=5.65s
  round  26/50: acc=0.8368  f1m=0.6101  uplink_kB=190.8  t=5.38s
  round  27/50: acc=0.8256  f1m=0.5705  uplink_kB=190.8  t=5.45s
  round  28/50: acc=0.8298  f1m=0.6036  uplink_kB=190.8  t=5.90s
  round  29/50: acc=0.8352  f1m=0.6030  uplink_kB=190.8  t=5.86s
  round  30/50: acc=0.8051  f1m=0.5583  uplink_kB=190.8  t=5.56s
  round  31/50: acc=0.8356  f1m=0.6007  uplink_kB=190.8  t=5.73s
  round  32/50: acc=0.8300  f1m=0.5984  uplink_kB=190.8  t=5.60s
  round  33/50: acc=0.8353  f1m=0.6155  uplink_kB=190.8  t=5.46s
  round  34/50: acc=0.8353  f1m=0.6059  uplink_kB=190.8  t=5.32s
  round  35/50: acc=0.8549  f1m=0.7056  uplink_kB=190.8  t=5.43s
  round  36/50: acc=0.8267  f1m=0.5977  uplink_kB=190.8  t=5.49s
  round  37/50: acc=0.8386  f1m=0.6405  uplink_kB=190.8  t=5.36s
  round  38/50: acc=0.8628  f1m=0.6664  uplink_kB=190.8  t=5.30s
  round  39/50: acc=0.8303  f1m=0.5825  uplink_kB=190.8  t=5.37s
  round  40/50: acc=0.8543  f1m=0.6455  uplink_kB=190.8  t=5.33s
  round  41/50: acc=0.8366  f1m=0.6157  uplink_kB=190.8  t=5.29s
  round  42/50: acc=0.8302  f1m=0.6050  uplink_kB=190.8  t=5.33s
  round  43/50: acc=0.8414  f1m=0.6439  uplink_kB=190.8  t=5.28s
  round  44/50: acc=0.8565  f1m=0.6355  uplink_kB=190.8  t=5.40s
  round  45/50: acc=0.8317  f1m=0.5902  uplink_kB=190.8  t=5.32s
  round  46/50: acc=0.8306  f1m=0.6405  uplink_kB=190.8  t=5.29s
  round  47/50: acc=0.8365  f1m=0.6277  uplink_kB=190.8  t=5.39s
  round  48/50: acc=0.8348  f1m=0.6272  uplink_kB=190.8  t=5.34s
  round  49/50: acc=0.8354  f1m=0.6285  uplink_kB=190.8  t=5.52s
  round  50/50: acc=0.6994  f1m=0.5516  uplink_kB=190.8  t=5.78s
[run] DONE -> /Users/agentra/Documents/hao/working/paper-lab/hao-paper-2026/iotj-fedkan-ids/repo/results/lrsweep_cseciic_mc/lrsweep_kan8_lr0p03__dir0.1__seed43/metrics.json  final_acc=0.6994
