[run] device=cpu  seed=11  out=/Users/agentra/Documents/hao/working/paper-lab/hao-paper-2026/iotj-fedkan-ids/repo/results/mc_botiot/mc_kan8_lr0p01__dir0.1__seed11
[run] model=kan  params=3,520
  round   1/50: acc=0.3097  f1m=0.1500  uplink_kB=159.5  t=2.22s
  round   2/50: acc=0.2477  f1m=0.0802  uplink_kB=159.5  t=1.52s
  round   3/50: acc=0.6397  f1m=0.4532  uplink_kB=159.5  t=1.46s
  round   4/50: acc=0.7021  f1m=0.4909  uplink_kB=159.5  t=1.49s
  round   5/50: acc=0.7021  f1m=0.4934  uplink_kB=159.5  t=1.52s
  round   6/50: acc=0.7021  f1m=0.4934  uplink_kB=159.5  t=1.52s
  round   7/50: acc=0.7022  f1m=0.4911  uplink_kB=159.5  t=1.48s
  round   8/50: acc=0.7027  f1m=0.4943  uplink_kB=159.5  t=1.46s
  round   9/50: acc=0.6979  f1m=0.4946  uplink_kB=159.5  t=1.47s
  round  10/50: acc=0.7029  f1m=0.4946  uplink_kB=159.5  t=1.44s
  round  11/50: acc=0.7523  f1m=0.5714  uplink_kB=159.5  t=1.54s
  round  12/50: acc=0.7658  f1m=0.5892  uplink_kB=159.5  t=1.49s
  round  13/50: acc=0.7775  f1m=0.6033  uplink_kB=159.5  t=1.52s
  round  14/50: acc=0.7878  f1m=0.6111  uplink_kB=159.5  t=1.48s
  round  15/50: acc=0.7928  f1m=0.6215  uplink_kB=159.5  t=1.55s
  round  16/50: acc=0.7856  f1m=0.6133  uplink_kB=159.5  t=1.49s
  round  17/50: acc=0.8002  f1m=0.6243  uplink_kB=159.5  t=1.45s
  round  18/50: acc=0.8027  f1m=0.6275  uplink_kB=159.5  t=1.54s
  round  19/50: acc=0.7990  f1m=0.6258  uplink_kB=159.5  t=1.50s
  round  20/50: acc=0.8020  f1m=0.6281  uplink_kB=159.5  t=1.56s
  round  21/50: acc=0.8053  f1m=0.6330  uplink_kB=159.5  t=1.46s
  round  22/50: acc=0.8134  f1m=0.6424  uplink_kB=159.5  t=1.48s
  round  23/50: acc=0.8139  f1m=0.6430  uplink_kB=159.5  t=1.47s
  round  24/50: acc=0.8171  f1m=0.6466  uplink_kB=159.5  t=1.47s
  round  25/50: acc=0.8140  f1m=0.6432  uplink_kB=159.5  t=1.57s
  round  26/50: acc=0.8160  f1m=0.6464  uplink_kB=159.5  t=1.48s
  round  27/50: acc=0.8166  f1m=0.6461  uplink_kB=159.5  t=1.47s
  round  28/50: acc=0.8142  f1m=0.6448  uplink_kB=159.5  t=1.48s
  round  29/50: acc=0.8144  f1m=0.6439  uplink_kB=159.5  t=1.53s
  round  30/50: acc=0.8220  f1m=0.6527  uplink_kB=159.5  t=1.53s
  round  31/50: acc=0.8151  f1m=0.6449  uplink_kB=159.5  t=1.49s
  round  32/50: acc=0.8599  f1m=0.6892  uplink_kB=159.5  t=1.47s
  round  33/50: acc=0.8211  f1m=0.6481  uplink_kB=159.5  t=1.47s
  round  34/50: acc=0.8203  f1m=0.6502  uplink_kB=159.5  t=1.59s
  round  35/50: acc=0.8595  f1m=0.6868  uplink_kB=159.5  t=1.47s
  round  36/50: acc=0.8592  f1m=0.6872  uplink_kB=159.5  t=1.50s
  round  37/50: acc=0.8566  f1m=0.6867  uplink_kB=159.5  t=1.48s
  round  38/50: acc=0.8222  f1m=0.6513  uplink_kB=159.5  t=1.48s
  round  39/50: acc=0.8503  f1m=0.6827  uplink_kB=159.5  t=1.56s
  round  40/50: acc=0.8570  f1m=0.6853  uplink_kB=159.5  t=1.50s
  round  41/50: acc=0.8625  f1m=0.6932  uplink_kB=159.5  t=1.49s
  round  42/50: acc=0.8231  f1m=0.6537  uplink_kB=159.5  t=1.52s
  round  43/50: acc=0.8295  f1m=0.6612  uplink_kB=159.5  t=1.49s
  round  44/50: acc=0.8300  f1m=0.6617  uplink_kB=159.5  t=1.54s
  round  45/50: acc=0.8225  f1m=0.6545  uplink_kB=159.5  t=1.49s
  round  46/50: acc=0.8261  f1m=0.6612  uplink_kB=159.5  t=1.50s
  round  47/50: acc=0.8669  f1m=0.6965  uplink_kB=159.5  t=1.48s
  round  48/50: acc=0.8255  f1m=0.6600  uplink_kB=159.5  t=1.47s
  round  49/50: acc=0.8658  f1m=0.6957  uplink_kB=159.5  t=1.54s
  round  50/50: acc=0.8319  f1m=0.6643  uplink_kB=159.5  t=1.47s
[run] DONE -> /Users/agentra/Documents/hao/working/paper-lab/hao-paper-2026/iotj-fedkan-ids/repo/results/mc_botiot/mc_kan8_lr0p01__dir0.1__seed11/metrics.json  final_acc=0.8319
