[run] device=cpu  seed=11  out=/Users/agentra/Documents/hao/working/paper-lab/hao-paper-2026/iotj-fedkan-ids/repo/results/lrsweep_cseciic_mc/lrsweep_kan16_lr0p001__dir0.1__seed11
[run] model=kan  params=8,640
  round   1/50: acc=0.3270  f1m=0.0954  uplink_kB=363.3  t=6.65s
  round   2/50: acc=0.3053  f1m=0.0950  uplink_kB=363.3  t=6.11s
  round   3/50: acc=0.4070  f1m=0.1177  uplink_kB=363.3  t=6.10s
  round   4/50: acc=0.4450  f1m=0.1280  uplink_kB=363.3  t=6.11s
  round   5/50: acc=0.4790  f1m=0.1580  uplink_kB=363.3  t=6.12s
  round   6/50: acc=0.4994  f1m=0.1736  uplink_kB=363.3  t=6.19s
  round   7/50: acc=0.5468  f1m=0.2126  uplink_kB=363.3  t=6.14s
  round   8/50: acc=0.6767  f1m=0.3270  uplink_kB=363.3  t=6.12s
  round   9/50: acc=0.6903  f1m=0.3340  uplink_kB=363.3  t=6.10s
  round  10/50: acc=0.7049  f1m=0.3410  uplink_kB=363.3  t=6.16s
  round  11/50: acc=0.7087  f1m=0.3428  uplink_kB=363.3  t=6.12s
  round  12/50: acc=0.7169  f1m=0.3458  uplink_kB=363.3  t=6.11s
  round  13/50: acc=0.7267  f1m=0.3504  uplink_kB=363.3  t=6.11s
  round  14/50: acc=0.7307  f1m=0.3523  uplink_kB=363.3  t=6.14s
  round  15/50: acc=0.7441  f1m=0.3579  uplink_kB=363.3  t=6.14s
  round  16/50: acc=0.7535  f1m=0.3884  uplink_kB=363.3  t=6.12s
  round  17/50: acc=0.7692  f1m=0.3975  uplink_kB=363.3  t=6.08s
  round  18/50: acc=0.7864  f1m=0.4050  uplink_kB=363.3  t=6.11s
  round  19/50: acc=0.7992  f1m=0.4473  uplink_kB=363.3  t=6.12s
  round  20/50: acc=0.8022  f1m=0.4558  uplink_kB=363.3  t=6.23s
  round  21/50: acc=0.8033  f1m=0.4598  uplink_kB=363.3  t=6.13s
  round  22/50: acc=0.8063  f1m=0.4701  uplink_kB=363.3  t=6.20s
  round  23/50: acc=0.8065  f1m=0.4707  uplink_kB=363.3  t=7.17s
  round  24/50: acc=0.8080  f1m=0.4745  uplink_kB=363.3  t=6.16s
  round  25/50: acc=0.8082  f1m=0.4747  uplink_kB=363.3  t=5.97s
  round  26/50: acc=0.8086  f1m=0.4751  uplink_kB=363.3  t=6.09s
  round  27/50: acc=0.8319  f1m=0.5155  uplink_kB=363.3  t=6.19s
  round  28/50: acc=0.8325  f1m=0.5162  uplink_kB=363.3  t=6.06s
  round  29/50: acc=0.8327  f1m=0.5163  uplink_kB=363.3  t=6.15s
  round  30/50: acc=0.8328  f1m=0.5166  uplink_kB=363.3  t=6.11s
  round  31/50: acc=0.8334  f1m=0.5175  uplink_kB=363.3  t=6.28s
  round  32/50: acc=0.8336  f1m=0.5179  uplink_kB=363.3  t=6.31s
  round  33/50: acc=0.8360  f1m=0.5788  uplink_kB=363.3  t=6.28s
  round  34/50: acc=0.8359  f1m=0.5789  uplink_kB=363.3  t=6.20s
  round  35/50: acc=0.8362  f1m=0.5802  uplink_kB=363.3  t=6.11s
  round  36/50: acc=0.8363  f1m=0.5807  uplink_kB=363.3  t=6.38s
  round  37/50: acc=0.8370  f1m=0.5818  uplink_kB=363.3  t=6.80s
  round  38/50: acc=0.8372  f1m=0.5823  uplink_kB=363.3  t=6.27s
  round  39/50: acc=0.8377  f1m=0.5841  uplink_kB=363.3  t=6.29s
  round  40/50: acc=0.8378  f1m=0.5845  uplink_kB=363.3  t=6.17s
  round  41/50: acc=0.8381  f1m=0.5849  uplink_kB=363.3  t=6.25s
  round  42/50: acc=0.8386  f1m=0.5861  uplink_kB=363.3  t=6.20s
  round  43/50: acc=0.8397  f1m=0.5880  uplink_kB=363.3  t=6.18s
  round  44/50: acc=0.8400  f1m=0.5896  uplink_kB=363.3  t=6.19s
  round  45/50: acc=0.8410  f1m=0.5912  uplink_kB=363.3  t=6.12s
  round  46/50: acc=0.8432  f1m=0.6156  uplink_kB=363.3  t=6.19s
  round  47/50: acc=0.8438  f1m=0.6172  uplink_kB=363.3  t=6.14s
  round  48/50: acc=0.8451  f1m=0.6211  uplink_kB=363.3  t=6.17s
  round  49/50: acc=0.8452  f1m=0.6204  uplink_kB=363.3  t=6.12s
  round  50/50: acc=0.8456  f1m=0.6220  uplink_kB=363.3  t=6.12s
[run] DONE -> /Users/agentra/Documents/hao/working/paper-lab/hao-paper-2026/iotj-fedkan-ids/repo/results/lrsweep_cseciic_mc/lrsweep_kan16_lr0p001__dir0.1__seed11/metrics.json  final_acc=0.8456
