[run] device=cpu  seed=2024  out=/Users/agentra/Documents/hao/working/paper-lab/hao-paper-2026/iotj-fedkan-ids/repo/results/sensitivity_botiot/sens_G5__dir0.1__seed2024
[run] model=kan  params=3,280
  round   1/50: acc=0.5246  f1m=0.3841  uplink_kB=150.2  t=2.45s
  round   2/50: acc=0.5065  f1m=0.3457  uplink_kB=150.2  t=1.65s
  round   3/50: acc=0.6215  f1m=0.5574  uplink_kB=150.2  t=1.61s
  round   4/50: acc=0.6658  f1m=0.6232  uplink_kB=150.2  t=1.65s
  round   5/50: acc=0.6723  f1m=0.6324  uplink_kB=150.2  t=1.69s
  round   6/50: acc=0.6740  f1m=0.6348  uplink_kB=150.2  t=1.71s
  round   7/50: acc=0.6767  f1m=0.6386  uplink_kB=150.2  t=1.66s
  round   8/50: acc=0.6780  f1m=0.6403  uplink_kB=150.2  t=1.66s
  round   9/50: acc=0.6851  f1m=0.6501  uplink_kB=150.2  t=1.66s
  round  10/50: acc=0.7726  f1m=0.7600  uplink_kB=150.2  t=1.65s
  round  11/50: acc=0.7801  f1m=0.7688  uplink_kB=150.2  t=1.70s
  round  12/50: acc=0.7784  f1m=0.7669  uplink_kB=150.2  t=1.85s
  round  13/50: acc=0.7844  f1m=0.7737  uplink_kB=150.2  t=1.68s
  round  14/50: acc=0.7872  f1m=0.7770  uplink_kB=150.2  t=1.73s
  round  15/50: acc=0.7890  f1m=0.7790  uplink_kB=150.2  t=1.77s
  round  16/50: acc=0.7886  f1m=0.7785  uplink_kB=150.2  t=1.73s
  round  17/50: acc=0.7902  f1m=0.7804  uplink_kB=150.2  t=1.72s
  round  18/50: acc=0.7929  f1m=0.7835  uplink_kB=150.2  t=1.75s
  round  19/50: acc=0.7932  f1m=0.7839  uplink_kB=150.2  t=1.64s
  round  20/50: acc=0.7975  f1m=0.7887  uplink_kB=150.2  t=1.68s
  round  21/50: acc=0.7988  f1m=0.7902  uplink_kB=150.2  t=1.76s
  round  22/50: acc=0.7999  f1m=0.7915  uplink_kB=150.2  t=1.72s
  round  23/50: acc=0.8023  f1m=0.7942  uplink_kB=150.2  t=1.73s
  round  24/50: acc=0.8366  f1m=0.8321  uplink_kB=150.2  t=1.80s
  round  25/50: acc=0.7980  f1m=0.7893  uplink_kB=150.2  t=1.70s
  round  26/50: acc=0.8043  f1m=0.7964  uplink_kB=150.2  t=1.69s
  round  27/50: acc=0.8328  f1m=0.8279  uplink_kB=150.2  t=1.75s
  round  28/50: acc=0.8740  f1m=0.8731  uplink_kB=150.2  t=1.72s
  round  29/50: acc=0.8949  f1m=0.8945  uplink_kB=150.2  t=1.70s
  round  30/50: acc=0.8940  f1m=0.8935  uplink_kB=150.2  t=1.76s
  round  31/50: acc=0.8935  f1m=0.8930  uplink_kB=150.2  t=1.71s
  round  32/50: acc=0.8941  f1m=0.8937  uplink_kB=150.2  t=1.65s
  round  33/50: acc=0.8943  f1m=0.8938  uplink_kB=150.2  t=1.73s
  round  34/50: acc=0.8975  f1m=0.8971  uplink_kB=150.2  t=1.68s
  round  35/50: acc=0.8835  f1m=0.8828  uplink_kB=150.2  t=1.74s
  round  36/50: acc=0.9061  f1m=0.9059  uplink_kB=150.2  t=1.75s
  round  37/50: acc=0.9079  f1m=0.9077  uplink_kB=150.2  t=1.71s
  round  38/50: acc=0.9069  f1m=0.9066  uplink_kB=150.2  t=1.72s
  round  39/50: acc=0.9084  f1m=0.9082  uplink_kB=150.2  t=1.78s
  round  40/50: acc=0.9083  f1m=0.9081  uplink_kB=150.2  t=1.62s
  round  41/50: acc=0.9014  f1m=0.9011  uplink_kB=150.2  t=1.76s
  round  42/50: acc=0.9112  f1m=0.9110  uplink_kB=150.2  t=1.72s
  round  43/50: acc=0.9099  f1m=0.9097  uplink_kB=150.2  t=1.66s
  round  44/50: acc=0.9088  f1m=0.9086  uplink_kB=150.2  t=1.76s
  round  45/50: acc=0.9033  f1m=0.9030  uplink_kB=150.2  t=1.72s
  round  46/50: acc=0.9126  f1m=0.9124  uplink_kB=150.2  t=1.74s
  round  47/50: acc=0.9144  f1m=0.9143  uplink_kB=150.2  t=1.77s
  round  48/50: acc=0.9034  f1m=0.9032  uplink_kB=150.2  t=1.73s
  round  49/50: acc=0.9132  f1m=0.9131  uplink_kB=150.2  t=1.72s
  round  50/50: acc=0.9126  f1m=0.9124  uplink_kB=150.2  t=1.73s
[run] DONE -> /Users/agentra/Documents/hao/working/paper-lab/hao-paper-2026/iotj-fedkan-ids/repo/results/sensitivity_botiot/sens_G5__dir0.1__seed2024/metrics.json  final_acc=0.9126
