[run] device=cpu  seed=2026  out=/Users/agentra/Documents/hao/working/paper-lab/hao-paper-2026/iotj-fedkan-ids/repo/results/lrsweep_cseciic_mc50k/lrsweep_kan8_lr0p1__dir0.1__seed2026
[run] model=kan  params=4,320
  round   1/50: acc=0.2168  f1m=0.0859  uplink_kB=190.8  t=3.31s
  round   2/50: acc=0.4920  f1m=0.3265  uplink_kB=190.8  t=2.63s
  round   3/50: acc=0.3735  f1m=0.2503  uplink_kB=190.8  t=2.65s
  round   4/50: acc=0.6658  f1m=0.4316  uplink_kB=190.8  t=2.60s
  round   5/50: acc=0.5805  f1m=0.3763  uplink_kB=190.8  t=2.61s
  round   6/50: acc=0.5624  f1m=0.3573  uplink_kB=190.8  t=2.66s
  round   7/50: acc=0.5131  f1m=0.3352  uplink_kB=190.8  t=2.63s
  round   8/50: acc=0.5214  f1m=0.3119  uplink_kB=190.8  t=2.61s
  round   9/50: acc=0.5706  f1m=0.3570  uplink_kB=190.8  t=2.65s
  round  10/50: acc=0.5595  f1m=0.3254  uplink_kB=190.8  t=2.61s
  round  11/50: acc=0.4448  f1m=0.2702  uplink_kB=190.8  t=2.60s
  round  12/50: acc=0.6168  f1m=0.4627  uplink_kB=190.8  t=2.61s
  round  13/50: acc=0.5185  f1m=0.3164  uplink_kB=190.8  t=2.60s
  round  14/50: acc=0.5778  f1m=0.3547  uplink_kB=190.8  t=2.66s
  round  15/50: acc=0.5947  f1m=0.3672  uplink_kB=190.8  t=2.60s
  round  16/50: acc=0.4800  f1m=0.2378  uplink_kB=190.8  t=2.60s
  round  17/50: acc=0.6079  f1m=0.4614  uplink_kB=190.8  t=2.63s
  round  18/50: acc=0.5968  f1m=0.4419  uplink_kB=190.8  t=2.65s
  round  19/50: acc=0.5773  f1m=0.3897  uplink_kB=190.8  t=2.60s
  round  20/50: acc=0.5851  f1m=0.4308  uplink_kB=190.8  t=2.59s
  round  21/50: acc=0.6819  f1m=0.4985  uplink_kB=190.8  t=2.62s
  round  22/50: acc=0.5914  f1m=0.4500  uplink_kB=190.8  t=2.61s
  round  23/50: acc=0.4515  f1m=0.3308  uplink_kB=190.8  t=2.60s
  round  24/50: acc=0.5717  f1m=0.4096  uplink_kB=190.8  t=2.57s
  round  25/50: acc=0.5738  f1m=0.3731  uplink_kB=190.8  t=2.59s
  round  26/50: acc=0.5870  f1m=0.4129  uplink_kB=190.8  t=2.61s
  round  27/50: acc=0.5845  f1m=0.3851  uplink_kB=190.8  t=2.59s
  round  28/50: acc=0.5517  f1m=0.3977  uplink_kB=190.8  t=2.62s
  round  29/50: acc=0.5674  f1m=0.3510  uplink_kB=190.8  t=2.63s
  round  30/50: acc=0.5880  f1m=0.3508  uplink_kB=190.8  t=2.66s
  round  31/50: acc=0.5871  f1m=0.4047  uplink_kB=190.8  t=2.56s
  round  32/50: acc=0.5786  f1m=0.3828  uplink_kB=190.8  t=2.73s
  round  33/50: acc=0.5854  f1m=0.4225  uplink_kB=190.8  t=2.58s
  round  34/50: acc=0.5854  f1m=0.4216  uplink_kB=190.8  t=2.67s
  round  35/50: acc=0.5776  f1m=0.4032  uplink_kB=190.8  t=2.54s
  round  36/50: acc=0.5921  f1m=0.4266  uplink_kB=190.8  t=2.63s
  round  37/50: acc=0.6060  f1m=0.4377  uplink_kB=190.8  t=2.60s
  round  38/50: acc=0.5922  f1m=0.4356  uplink_kB=190.8  t=2.64s
  round  39/50: acc=0.6138  f1m=0.4654  uplink_kB=190.8  t=2.60s
  round  40/50: acc=0.5671  f1m=0.4011  uplink_kB=190.8  t=2.61s
  round  41/50: acc=0.5797  f1m=0.4152  uplink_kB=190.8  t=2.62s
  round  42/50: acc=0.5552  f1m=0.3555  uplink_kB=190.8  t=2.66s
  round  43/50: acc=0.5393  f1m=0.4149  uplink_kB=190.8  t=2.53s
  round  44/50: acc=0.5626  f1m=0.3993  uplink_kB=190.8  t=2.65s
  round  45/50: acc=0.6025  f1m=0.4924  uplink_kB=190.8  t=2.54s
  round  46/50: acc=0.5550  f1m=0.4080  uplink_kB=190.8  t=2.58s
  round  47/50: acc=0.5546  f1m=0.3604  uplink_kB=190.8  t=2.56s
  round  48/50: acc=0.5795  f1m=0.4115  uplink_kB=190.8  t=2.69s
  round  49/50: acc=0.5972  f1m=0.4787  uplink_kB=190.8  t=2.56s
  round  50/50: acc=0.5937  f1m=0.4469  uplink_kB=190.8  t=2.63s
[run] DONE -> /Users/agentra/Documents/hao/working/paper-lab/hao-paper-2026/iotj-fedkan-ids/repo/results/lrsweep_cseciic_mc50k/lrsweep_kan8_lr0p1__dir0.1__seed2026/metrics.json  final_acc=0.5937
