[run] device=cpu  seed=43  out=/Users/agentra/Documents/hao/working/paper-lab/hao-paper-2026/iotj-fedkan-ids/repo/results/lrsweep_botiot/lrsweep_kan8_lr0p01__dir0.1__seed43
[run] model=kan  params=3,280
  round   1/50: acc=0.6478  f1m=0.5972  uplink_kB=150.2  t=2.27s
  round   2/50: acc=0.6939  f1m=0.6619  uplink_kB=150.2  t=1.63s
  round   3/50: acc=0.8215  f1m=0.8157  uplink_kB=150.2  t=1.66s
  round   4/50: acc=0.7942  f1m=0.7851  uplink_kB=150.2  t=1.54s
  round   5/50: acc=0.8338  f1m=0.8291  uplink_kB=150.2  t=1.63s
  round   6/50: acc=0.8503  f1m=0.8469  uplink_kB=150.2  t=1.61s
  round   7/50: acc=0.8568  f1m=0.8538  uplink_kB=150.2  t=1.63s
  round   8/50: acc=0.8369  f1m=0.8345  uplink_kB=150.2  t=1.66s
  round   9/50: acc=0.8950  f1m=0.8946  uplink_kB=150.2  t=1.79s
  round  10/50: acc=0.8961  f1m=0.8958  uplink_kB=150.2  t=1.62s
  round  11/50: acc=0.9086  f1m=0.9084  uplink_kB=150.2  t=1.59s
  round  12/50: acc=0.9584  f1m=0.9584  uplink_kB=150.2  t=1.63s
  round  13/50: acc=0.9446  f1m=0.9446  uplink_kB=150.2  t=1.64s
  round  14/50: acc=0.8961  f1m=0.8950  uplink_kB=150.2  t=1.62s
  round  15/50: acc=0.9325  f1m=0.9324  uplink_kB=150.2  t=1.63s
  round  16/50: acc=0.9338  f1m=0.9337  uplink_kB=150.2  t=1.68s
  round  17/50: acc=0.9336  f1m=0.9336  uplink_kB=150.2  t=1.63s
  round  18/50: acc=0.9591  f1m=0.9591  uplink_kB=150.2  t=1.54s
  round  19/50: acc=0.9221  f1m=0.9217  uplink_kB=150.2  t=1.60s
  round  20/50: acc=0.9234  f1m=0.9230  uplink_kB=150.2  t=1.60s
  round  21/50: acc=0.9211  f1m=0.9206  uplink_kB=150.2  t=1.59s
  round  22/50: acc=0.9021  f1m=0.9018  uplink_kB=150.2  t=1.62s
  round  23/50: acc=0.9230  f1m=0.9225  uplink_kB=150.2  t=1.72s
  round  24/50: acc=0.9219  f1m=0.9214  uplink_kB=150.2  t=1.64s
  round  25/50: acc=0.9241  f1m=0.9236  uplink_kB=150.2  t=1.63s
  round  26/50: acc=0.9238  f1m=0.9234  uplink_kB=150.2  t=1.61s
  round  27/50: acc=0.9350  f1m=0.9347  uplink_kB=150.2  t=1.67s
  round  28/50: acc=0.9261  f1m=0.9257  uplink_kB=150.2  t=1.63s
  round  29/50: acc=0.9175  f1m=0.9169  uplink_kB=150.2  t=1.63s
  round  30/50: acc=0.9170  f1m=0.9164  uplink_kB=150.2  t=1.61s
  round  31/50: acc=0.9178  f1m=0.9172  uplink_kB=150.2  t=1.57s
  round  32/50: acc=0.9257  f1m=0.9253  uplink_kB=150.2  t=1.61s
  round  33/50: acc=0.9192  f1m=0.9187  uplink_kB=150.2  t=1.68s
  round  34/50: acc=0.9723  f1m=0.9723  uplink_kB=150.2  t=1.60s
  round  35/50: acc=0.9266  f1m=0.9262  uplink_kB=150.2  t=1.65s
  round  36/50: acc=0.9198  f1m=0.9192  uplink_kB=150.2  t=1.60s
  round  37/50: acc=0.9739  f1m=0.9739  uplink_kB=150.2  t=1.61s
  round  38/50: acc=0.9264  f1m=0.9260  uplink_kB=150.2  t=1.58s
  round  39/50: acc=0.9374  f1m=0.9371  uplink_kB=150.2  t=1.64s
  round  40/50: acc=0.9188  f1m=0.9183  uplink_kB=150.2  t=1.67s
  round  41/50: acc=0.9940  f1m=0.9940  uplink_kB=150.2  t=1.57s
  round  42/50: acc=0.9129  f1m=0.9123  uplink_kB=150.2  t=1.61s
  round  43/50: acc=0.9354  f1m=0.9351  uplink_kB=150.2  t=1.61s
  round  44/50: acc=0.9186  f1m=0.9180  uplink_kB=150.2  t=1.57s
  round  45/50: acc=0.9287  f1m=0.9284  uplink_kB=150.2  t=1.59s
  round  46/50: acc=0.8465  f1m=0.8427  uplink_kB=150.2  t=1.58s
  round  47/50: acc=0.9351  f1m=0.9349  uplink_kB=150.2  t=1.62s
  round  48/50: acc=0.8498  f1m=0.8463  uplink_kB=150.2  t=1.58s
  round  49/50: acc=0.9518  f1m=0.9517  uplink_kB=150.2  t=1.61s
  round  50/50: acc=0.9189  f1m=0.9183  uplink_kB=150.2  t=1.54s
[run] DONE -> /Users/agentra/Documents/hao/working/paper-lab/hao-paper-2026/iotj-fedkan-ids/repo/results/lrsweep_botiot/lrsweep_kan8_lr0p01__dir0.1__seed43/metrics.json  final_acc=0.9189
