[run] device=cpu  seed=23  out=/Users/agentra/Documents/hao/working/paper-lab/hao-paper-2026/iotj-fedkan-ids/repo/results/lrsweep_cseciic_mc50k/lrsweep_kan16_lr0p01__dir0.1__seed23
[run] model=kan  params=8,640
  round   1/50: acc=0.4830  f1m=0.2259  uplink_kB=363.3  t=3.64s
  round   2/50: acc=0.6001  f1m=0.4223  uplink_kB=363.3  t=3.00s
  round   3/50: acc=0.6016  f1m=0.4000  uplink_kB=363.3  t=3.07s
  round   4/50: acc=0.6050  f1m=0.4035  uplink_kB=363.3  t=2.99s
  round   5/50: acc=0.6049  f1m=0.4028  uplink_kB=363.3  t=3.01s
  round   6/50: acc=0.6130  f1m=0.4119  uplink_kB=363.3  t=2.98s
  round   7/50: acc=0.6145  f1m=0.4316  uplink_kB=363.3  t=3.01s
  round   8/50: acc=0.6158  f1m=0.4372  uplink_kB=363.3  t=2.95s
  round   9/50: acc=0.6762  f1m=0.4903  uplink_kB=363.3  t=3.02s
  round  10/50: acc=0.6312  f1m=0.4550  uplink_kB=363.3  t=2.95s
  round  11/50: acc=0.7090  f1m=0.5255  uplink_kB=363.3  t=3.06s
  round  12/50: acc=0.6951  f1m=0.5021  uplink_kB=363.3  t=3.07s
  round  13/50: acc=0.7257  f1m=0.5216  uplink_kB=363.3  t=3.15s
  round  14/50: acc=0.7381  f1m=0.5277  uplink_kB=363.3  t=3.07s
  round  15/50: acc=0.7376  f1m=0.5269  uplink_kB=363.3  t=3.10s
  round  16/50: acc=0.7388  f1m=0.5439  uplink_kB=363.3  t=2.98s
  round  17/50: acc=0.7376  f1m=0.5273  uplink_kB=363.3  t=3.12s
  round  18/50: acc=0.7472  f1m=0.5593  uplink_kB=363.3  t=3.08s
  round  19/50: acc=0.7379  f1m=0.5277  uplink_kB=363.3  t=3.07s
  round  20/50: acc=0.7405  f1m=0.5439  uplink_kB=363.3  t=2.96s
  round  21/50: acc=0.7387  f1m=0.5408  uplink_kB=363.3  t=3.11s
  round  22/50: acc=0.7405  f1m=0.5346  uplink_kB=363.3  t=3.04s
  round  23/50: acc=0.7487  f1m=0.5595  uplink_kB=363.3  t=3.14s
  round  24/50: acc=0.7810  f1m=0.5980  uplink_kB=363.3  t=3.11s
  round  25/50: acc=0.8007  f1m=0.6286  uplink_kB=363.3  t=3.07s
  round  26/50: acc=0.8053  f1m=0.6462  uplink_kB=363.3  t=3.02s
  round  27/50: acc=0.7863  f1m=0.6077  uplink_kB=363.3  t=3.25s
  round  28/50: acc=0.7435  f1m=0.5399  uplink_kB=363.3  t=2.98s
  round  29/50: acc=0.7927  f1m=0.6276  uplink_kB=363.3  t=3.11s
  round  30/50: acc=0.8039  f1m=0.6451  uplink_kB=363.3  t=3.06s
  round  31/50: acc=0.7617  f1m=0.5815  uplink_kB=363.3  t=3.10s
  round  32/50: acc=0.7910  f1m=0.6212  uplink_kB=363.3  t=3.00s
  round  33/50: acc=0.7429  f1m=0.5460  uplink_kB=363.3  t=3.14s
  round  34/50: acc=0.8000  f1m=0.6362  uplink_kB=363.3  t=3.05s
  round  35/50: acc=0.8059  f1m=0.6469  uplink_kB=363.3  t=3.12s
  round  36/50: acc=0.8034  f1m=0.6411  uplink_kB=363.3  t=3.03s
  round  37/50: acc=0.7802  f1m=0.6248  uplink_kB=363.3  t=3.08s
  round  38/50: acc=0.8051  f1m=0.6451  uplink_kB=363.3  t=2.98s
  round  39/50: acc=0.7446  f1m=0.5493  uplink_kB=363.3  t=3.12s
  round  40/50: acc=0.6615  f1m=0.4966  uplink_kB=363.3  t=3.10s
  round  41/50: acc=0.7534  f1m=0.5546  uplink_kB=363.3  t=3.00s
  round  42/50: acc=0.8050  f1m=0.6456  uplink_kB=363.3  t=3.08s
  round  43/50: acc=0.8081  f1m=0.6483  uplink_kB=363.3  t=3.07s
  round  44/50: acc=0.7428  f1m=0.5449  uplink_kB=363.3  t=3.05s
  round  45/50: acc=0.7845  f1m=0.6042  uplink_kB=363.3  t=3.06s
  round  46/50: acc=0.7430  f1m=0.5443  uplink_kB=363.3  t=3.12s
  round  47/50: acc=0.7817  f1m=0.6064  uplink_kB=363.3  t=2.98s
  round  48/50: acc=0.7420  f1m=0.5449  uplink_kB=363.3  t=3.13s
  round  49/50: acc=0.8029  f1m=0.6407  uplink_kB=363.3  t=3.04s
  round  50/50: acc=0.8016  f1m=0.6381  uplink_kB=363.3  t=3.04s
[run] DONE -> /Users/agentra/Documents/hao/working/paper-lab/hao-paper-2026/iotj-fedkan-ids/repo/results/lrsweep_cseciic_mc50k/lrsweep_kan16_lr0p01__dir0.1__seed23/metrics.json  final_acc=0.8016
