[run] device=cpu  seed=43  out=/Users/agentra/Documents/hao/working/paper-lab/hao-paper-2026/iotj-fedkan-ids/repo/results/lrsweep_botiot/lrsweep_kan16_lr0p003__dir0.1__seed43
[run] model=kan  params=6,560
  round   1/50: acc=0.6525  f1m=0.6041  uplink_kB=282.0  t=2.59s
  round   2/50: acc=0.6858  f1m=0.6509  uplink_kB=282.0  t=2.15s
  round   3/50: acc=0.7828  f1m=0.7719  uplink_kB=282.0  t=1.91s
  round   4/50: acc=0.7919  f1m=0.7824  uplink_kB=282.0  t=1.83s
  round   5/50: acc=0.7974  f1m=0.7887  uplink_kB=282.0  t=1.93s
  round   6/50: acc=0.8046  f1m=0.7967  uplink_kB=282.0  t=1.91s
  round   7/50: acc=0.8121  f1m=0.8051  uplink_kB=282.0  t=1.98s
  round   8/50: acc=0.8123  f1m=0.8054  uplink_kB=282.0  t=1.89s
  round   9/50: acc=0.8152  f1m=0.8086  uplink_kB=282.0  t=1.91s
  round  10/50: acc=0.8420  f1m=0.8379  uplink_kB=282.0  t=1.95s
  round  11/50: acc=0.8429  f1m=0.8390  uplink_kB=282.0  t=1.87s
  round  12/50: acc=0.8413  f1m=0.8373  uplink_kB=282.0  t=1.96s
  round  13/50: acc=0.8528  f1m=0.8495  uplink_kB=282.0  t=1.89s
  round  14/50: acc=0.8509  f1m=0.8476  uplink_kB=282.0  t=1.91s
  round  15/50: acc=0.8598  f1m=0.8569  uplink_kB=282.0  t=1.86s
  round  16/50: acc=0.8607  f1m=0.8579  uplink_kB=282.0  t=1.93s
  round  17/50: acc=0.8615  f1m=0.8587  uplink_kB=282.0  t=1.90s
  round  18/50: acc=0.8697  f1m=0.8674  uplink_kB=282.0  t=1.80s
  round  19/50: acc=0.8707  f1m=0.8685  uplink_kB=282.0  t=1.89s
  round  20/50: acc=0.8701  f1m=0.8679  uplink_kB=282.0  t=2.03s
  round  21/50: acc=0.8705  f1m=0.8683  uplink_kB=282.0  t=1.95s
  round  22/50: acc=0.8699  f1m=0.8677  uplink_kB=282.0  t=1.95s
  round  23/50: acc=0.8644  f1m=0.8619  uplink_kB=282.0  t=2.02s
  round  24/50: acc=0.8611  f1m=0.8584  uplink_kB=282.0  t=1.92s
  round  25/50: acc=0.8702  f1m=0.8680  uplink_kB=282.0  t=1.85s
  round  26/50: acc=0.8717  f1m=0.8696  uplink_kB=282.0  t=1.95s
  round  27/50: acc=0.8795  f1m=0.8777  uplink_kB=282.0  t=1.97s
  round  28/50: acc=0.8780  f1m=0.8762  uplink_kB=282.0  t=1.93s
  round  29/50: acc=0.8796  f1m=0.8779  uplink_kB=282.0  t=1.95s
  round  30/50: acc=0.8779  f1m=0.8761  uplink_kB=282.0  t=1.92s
  round  31/50: acc=0.8969  f1m=0.8959  uplink_kB=282.0  t=1.78s
  round  32/50: acc=0.8800  f1m=0.8783  uplink_kB=282.0  t=1.90s
  round  33/50: acc=0.8945  f1m=0.8934  uplink_kB=282.0  t=1.94s
  round  34/50: acc=0.8781  f1m=0.8763  uplink_kB=282.0  t=2.00s
  round  35/50: acc=0.8789  f1m=0.8772  uplink_kB=282.0  t=1.86s
  round  36/50: acc=0.8725  f1m=0.8704  uplink_kB=282.0  t=1.91s
  round  37/50: acc=0.8948  f1m=0.8936  uplink_kB=282.0  t=1.90s
  round  38/50: acc=0.9160  f1m=0.9159  uplink_kB=282.0  t=1.93s
  round  39/50: acc=0.8796  f1m=0.8779  uplink_kB=282.0  t=1.87s
  round  40/50: acc=0.9157  f1m=0.9156  uplink_kB=282.0  t=1.91s
  round  41/50: acc=0.9322  f1m=0.9322  uplink_kB=282.0  t=1.96s
  round  42/50: acc=0.9317  f1m=0.9316  uplink_kB=282.0  t=2.04s
  round  43/50: acc=0.9335  f1m=0.9335  uplink_kB=282.0  t=1.90s
  round  44/50: acc=0.9354  f1m=0.9354  uplink_kB=282.0  t=1.80s
  round  45/50: acc=0.9339  f1m=0.9338  uplink_kB=282.0  t=1.98s
  round  46/50: acc=0.9340  f1m=0.9340  uplink_kB=282.0  t=1.90s
  round  47/50: acc=0.9711  f1m=0.9711  uplink_kB=282.0  t=1.92s
  round  48/50: acc=0.9706  f1m=0.9706  uplink_kB=282.0  t=1.89s
  round  49/50: acc=0.9706  f1m=0.9706  uplink_kB=282.0  t=2.02s
  round  50/50: acc=0.9711  f1m=0.9711  uplink_kB=282.0  t=1.87s
[run] DONE -> /Users/agentra/Documents/hao/working/paper-lab/hao-paper-2026/iotj-fedkan-ids/repo/results/lrsweep_botiot/lrsweep_kan16_lr0p003__dir0.1__seed43/metrics.json  final_acc=0.9711
