[run] device=cpu  seed=17  out=/Users/agentra/Documents/hao/working/paper-lab/hao-paper-2026/iotj-fedkan-ids/repo/results/lrsweep_cseciic/lrsweep_kan8_lr0p001__dir0.1__seed17
[run] model=kan  params=3,280
  round   1/50: acc=0.5000  f1m=0.3333  uplink_kB=150.2  t=2.19s
  round   2/50: acc=0.5000  f1m=0.3333  uplink_kB=150.2  t=1.69s
  round   3/50: acc=0.5000  f1m=0.3333  uplink_kB=150.2  t=1.63s
  round   4/50: acc=0.5000  f1m=0.3333  uplink_kB=150.2  t=1.72s
  round   5/50: acc=0.5000  f1m=0.3333  uplink_kB=150.2  t=1.65s
  round   6/50: acc=0.5000  f1m=0.3333  uplink_kB=150.2  t=1.62s
  round   7/50: acc=0.5000  f1m=0.3333  uplink_kB=150.2  t=1.65s
  round   8/50: acc=0.5000  f1m=0.3333  uplink_kB=150.2  t=1.63s
  round   9/50: acc=0.5000  f1m=0.3333  uplink_kB=150.2  t=1.66s
  round  10/50: acc=0.5000  f1m=0.3333  uplink_kB=150.2  t=1.68s
  round  11/50: acc=0.5000  f1m=0.3333  uplink_kB=150.2  t=1.66s
  round  12/50: acc=0.5000  f1m=0.3333  uplink_kB=150.2  t=1.70s
  round  13/50: acc=0.5000  f1m=0.3333  uplink_kB=150.2  t=1.69s
  round  14/50: acc=0.5000  f1m=0.3333  uplink_kB=150.2  t=1.78s
  round  15/50: acc=0.5003  f1m=0.3340  uplink_kB=150.2  t=2.06s
  round  16/50: acc=0.5003  f1m=0.3351  uplink_kB=150.2  t=1.73s
  round  17/50: acc=0.5061  f1m=0.3509  uplink_kB=150.2  t=1.73s
  round  18/50: acc=0.5135  f1m=0.3842  uplink_kB=150.2  t=1.70s
  round  19/50: acc=0.5094  f1m=0.4270  uplink_kB=150.2  t=1.68s
  round  20/50: acc=0.5354  f1m=0.4945  uplink_kB=150.2  t=1.67s
  round  21/50: acc=0.4846  f1m=0.4802  uplink_kB=150.2  t=1.71s
  round  22/50: acc=0.4680  f1m=0.4678  uplink_kB=150.2  t=1.67s
  round  23/50: acc=0.4579  f1m=0.4512  uplink_kB=150.2  t=1.71s
  round  24/50: acc=0.4532  f1m=0.4299  uplink_kB=150.2  t=1.69s
  round  25/50: acc=0.4647  f1m=0.4318  uplink_kB=150.2  t=1.74s
  round  26/50: acc=0.4797  f1m=0.4312  uplink_kB=150.2  t=1.70s
  round  27/50: acc=0.5019  f1m=0.4490  uplink_kB=150.2  t=1.60s
  round  28/50: acc=0.5257  f1m=0.4680  uplink_kB=150.2  t=1.65s
  round  29/50: acc=0.5370  f1m=0.4807  uplink_kB=150.2  t=1.60s
  round  30/50: acc=0.5410  f1m=0.4797  uplink_kB=150.2  t=1.69s
  round  31/50: acc=0.5453  f1m=0.4793  uplink_kB=150.2  t=1.66s
  round  32/50: acc=0.5570  f1m=0.4915  uplink_kB=150.2  t=1.65s
  round  33/50: acc=0.5579  f1m=0.4873  uplink_kB=150.2  t=1.63s
  round  34/50: acc=0.5633  f1m=0.4949  uplink_kB=150.2  t=1.62s
  round  35/50: acc=0.5829  f1m=0.5233  uplink_kB=150.2  t=1.63s
  round  36/50: acc=0.5975  f1m=0.5421  uplink_kB=150.2  t=1.69s
  round  37/50: acc=0.6126  f1m=0.5592  uplink_kB=150.2  t=1.66s
  round  38/50: acc=0.6258  f1m=0.5804  uplink_kB=150.2  t=1.69s
  round  39/50: acc=0.6458  f1m=0.6061  uplink_kB=150.2  t=1.81s
  round  40/50: acc=0.6706  f1m=0.6389  uplink_kB=150.2  t=1.61s
  round  41/50: acc=0.6857  f1m=0.6585  uplink_kB=150.2  t=1.67s
  round  42/50: acc=0.6850  f1m=0.6567  uplink_kB=150.2  t=1.69s
  round  43/50: acc=0.6963  f1m=0.6718  uplink_kB=150.2  t=1.61s
  round  44/50: acc=0.7010  f1m=0.6772  uplink_kB=150.2  t=1.70s
  round  45/50: acc=0.7011  f1m=0.6783  uplink_kB=150.2  t=1.65s
  round  46/50: acc=0.7228  f1m=0.7045  uplink_kB=150.2  t=1.60s
  round  47/50: acc=0.7258  f1m=0.7079  uplink_kB=150.2  t=1.64s
  round  48/50: acc=0.7336  f1m=0.7173  uplink_kB=150.2  t=1.61s
  round  49/50: acc=0.7444  f1m=0.7306  uplink_kB=150.2  t=1.64s
  round  50/50: acc=0.7496  f1m=0.7366  uplink_kB=150.2  t=1.53s
[run] DONE -> /Users/agentra/Documents/hao/working/paper-lab/hao-paper-2026/iotj-fedkan-ids/repo/results/lrsweep_cseciic/lrsweep_kan8_lr0p001__dir0.1__seed17/metrics.json  final_acc=0.7496
