[run] device=cpu  seed=110  out=/Users/agentra/Documents/hao/working/paper-lab/hao-paper-2026/iotj-fedkan-ids/repo/results/lrsweep_cseciic_mc50k/lrsweep_kan8_lr0p01__dir0.1__seed110
[run] model=kan  params=4,320
  round   1/50: acc=0.1386  f1m=0.0305  uplink_kB=190.8  t=3.93s
  round   2/50: acc=0.4024  f1m=0.2068  uplink_kB=190.8  t=3.10s
  round   3/50: acc=0.4773  f1m=0.2802  uplink_kB=190.8  t=3.08s
  round   4/50: acc=0.6556  f1m=0.3902  uplink_kB=190.8  t=3.24s
  round   5/50: acc=0.7391  f1m=0.4600  uplink_kB=190.8  t=3.26s
  round   6/50: acc=0.7243  f1m=0.4597  uplink_kB=190.8  t=3.06s
  round   7/50: acc=0.7449  f1m=0.4686  uplink_kB=190.8  t=3.08s
  round   8/50: acc=0.7419  f1m=0.4661  uplink_kB=190.8  t=3.11s
  round   9/50: acc=0.7421  f1m=0.4668  uplink_kB=190.8  t=3.05s
  round  10/50: acc=0.7465  f1m=0.4636  uplink_kB=190.8  t=3.14s
  round  11/50: acc=0.7464  f1m=0.4589  uplink_kB=190.8  t=3.07s
  round  12/50: acc=0.7247  f1m=0.4501  uplink_kB=190.8  t=3.02s
  round  13/50: acc=0.7301  f1m=0.4541  uplink_kB=190.8  t=3.19s
  round  14/50: acc=0.7483  f1m=0.4772  uplink_kB=190.8  t=3.00s
  round  15/50: acc=0.7582  f1m=0.5098  uplink_kB=190.8  t=3.09s
  round  16/50: acc=0.7835  f1m=0.5665  uplink_kB=190.8  t=3.14s
  round  17/50: acc=0.8137  f1m=0.5914  uplink_kB=190.8  t=3.08s
  round  18/50: acc=0.8149  f1m=0.5988  uplink_kB=190.8  t=3.10s
  round  19/50: acc=0.8201  f1m=0.6059  uplink_kB=190.8  t=3.06s
  round  20/50: acc=0.8170  f1m=0.5981  uplink_kB=190.8  t=3.10s
  round  21/50: acc=0.8350  f1m=0.6820  uplink_kB=190.8  t=3.13s
  round  22/50: acc=0.8267  f1m=0.6668  uplink_kB=190.8  t=3.07s
  round  23/50: acc=0.8302  f1m=0.6754  uplink_kB=190.8  t=3.06s
  round  24/50: acc=0.8248  f1m=0.6674  uplink_kB=190.8  t=3.08s
  round  25/50: acc=0.8310  f1m=0.6762  uplink_kB=190.8  t=3.00s
  round  26/50: acc=0.8275  f1m=0.6701  uplink_kB=190.8  t=3.16s
  round  27/50: acc=0.8308  f1m=0.6751  uplink_kB=190.8  t=3.03s
  round  28/50: acc=0.8330  f1m=0.6827  uplink_kB=190.8  t=3.45s
  round  29/50: acc=0.8442  f1m=0.6954  uplink_kB=190.8  t=3.26s
  round  30/50: acc=0.8428  f1m=0.6946  uplink_kB=190.8  t=3.03s
  round  31/50: acc=0.8396  f1m=0.6882  uplink_kB=190.8  t=3.06s
  round  32/50: acc=0.8447  f1m=0.6960  uplink_kB=190.8  t=3.10s
  round  33/50: acc=0.8548  f1m=0.7064  uplink_kB=190.8  t=3.03s
  round  34/50: acc=0.8469  f1m=0.7079  uplink_kB=190.8  t=3.12s
  round  35/50: acc=0.8582  f1m=0.7217  uplink_kB=190.8  t=3.02s
  round  36/50: acc=0.8615  f1m=0.7153  uplink_kB=190.8  t=3.18s
  round  37/50: acc=0.8580  f1m=0.7213  uplink_kB=190.8  t=3.05s
  round  38/50: acc=0.8538  f1m=0.7157  uplink_kB=190.8  t=3.14s
  round  39/50: acc=0.8599  f1m=0.7232  uplink_kB=190.8  t=3.07s
  round  40/50: acc=0.8612  f1m=0.7284  uplink_kB=190.8  t=3.09s
  round  41/50: acc=0.8703  f1m=0.7342  uplink_kB=190.8  t=3.07s
  round  42/50: acc=0.8504  f1m=0.7120  uplink_kB=190.8  t=3.07s
  round  43/50: acc=0.8738  f1m=0.7310  uplink_kB=190.8  t=3.07s
  round  44/50: acc=0.8677  f1m=0.7273  uplink_kB=190.8  t=3.08s
  round  45/50: acc=0.8709  f1m=0.7299  uplink_kB=190.8  t=3.03s
  round  46/50: acc=0.8634  f1m=0.7221  uplink_kB=190.8  t=3.14s
  round  47/50: acc=0.8693  f1m=0.7288  uplink_kB=190.8  t=3.06s
  round  48/50: acc=0.8675  f1m=0.7284  uplink_kB=190.8  t=3.16s
  round  49/50: acc=0.8626  f1m=0.7223  uplink_kB=190.8  t=2.98s
  round  50/50: acc=0.8839  f1m=0.7437  uplink_kB=190.8  t=3.07s
[run] DONE -> /Users/agentra/Documents/hao/working/paper-lab/hao-paper-2026/iotj-fedkan-ids/repo/results/lrsweep_cseciic_mc50k/lrsweep_kan8_lr0p01__dir0.1__seed110/metrics.json  final_acc=0.8839
