[run] device=cpu  seed=107  out=/Users/agentra/Documents/hao/working/paper-lab/hao-paper-2026/iotj-fedkan-ids/repo/results/lrsweep_cseciic/lrsweep_kan8_lr0p003__dir0.1__seed107
[run] model=kan  params=3,280
  round   1/50: acc=0.9126  f1m=0.9121  uplink_kB=150.2  t=2.57s
  round   2/50: acc=0.9179  f1m=0.9178  uplink_kB=150.2  t=2.00s
  round   3/50: acc=0.9227  f1m=0.9226  uplink_kB=150.2  t=1.97s
  round   4/50: acc=0.8877  f1m=0.8874  uplink_kB=150.2  t=1.91s
  round   5/50: acc=0.8828  f1m=0.8823  uplink_kB=150.2  t=1.96s
  round   6/50: acc=0.8857  f1m=0.8853  uplink_kB=150.2  t=1.92s
  round   7/50: acc=0.8849  f1m=0.8845  uplink_kB=150.2  t=1.96s
  round   8/50: acc=0.8827  f1m=0.8822  uplink_kB=150.2  t=1.86s
  round   9/50: acc=0.8798  f1m=0.8793  uplink_kB=150.2  t=1.91s
  round  10/50: acc=0.8781  f1m=0.8775  uplink_kB=150.2  t=1.94s
  round  11/50: acc=0.8722  f1m=0.8714  uplink_kB=150.2  t=1.88s
  round  12/50: acc=0.8760  f1m=0.8753  uplink_kB=150.2  t=1.90s
  round  13/50: acc=0.8765  f1m=0.8758  uplink_kB=150.2  t=1.85s
  round  14/50: acc=0.8729  f1m=0.8722  uplink_kB=150.2  t=1.88s
  round  15/50: acc=0.8722  f1m=0.8714  uplink_kB=150.2  t=1.97s
  round  16/50: acc=0.8740  f1m=0.8733  uplink_kB=150.2  t=1.95s
  round  17/50: acc=0.8735  f1m=0.8727  uplink_kB=150.2  t=1.95s
  round  18/50: acc=0.8814  f1m=0.8807  uplink_kB=150.2  t=1.90s
  round  19/50: acc=0.8808  f1m=0.8801  uplink_kB=150.2  t=1.93s
  round  20/50: acc=0.8804  f1m=0.8797  uplink_kB=150.2  t=1.80s
  round  21/50: acc=0.8846  f1m=0.8840  uplink_kB=150.2  t=1.92s
  round  22/50: acc=0.8924  f1m=0.8919  uplink_kB=150.2  t=1.97s
  round  23/50: acc=0.9006  f1m=0.9003  uplink_kB=150.2  t=1.90s
  round  24/50: acc=0.9410  f1m=0.9410  uplink_kB=150.2  t=1.98s
  round  25/50: acc=0.9516  f1m=0.9516  uplink_kB=150.2  t=1.90s
  round  26/50: acc=0.9519  f1m=0.9519  uplink_kB=150.2  t=1.86s
  round  27/50: acc=0.9528  f1m=0.9528  uplink_kB=150.2  t=1.86s
  round  28/50: acc=0.9520  f1m=0.9520  uplink_kB=150.2  t=1.93s
  round  29/50: acc=0.9579  f1m=0.9579  uplink_kB=150.2  t=1.92s
  round  30/50: acc=0.9585  f1m=0.9585  uplink_kB=150.2  t=1.91s
  round  31/50: acc=0.9586  f1m=0.9586  uplink_kB=150.2  t=1.91s
  round  32/50: acc=0.9611  f1m=0.9611  uplink_kB=150.2  t=1.97s
  round  33/50: acc=0.9618  f1m=0.9618  uplink_kB=150.2  t=1.96s
  round  34/50: acc=0.9614  f1m=0.9614  uplink_kB=150.2  t=1.91s
  round  35/50: acc=0.9623  f1m=0.9623  uplink_kB=150.2  t=1.92s
  round  36/50: acc=0.9624  f1m=0.9624  uplink_kB=150.2  t=1.93s
  round  37/50: acc=0.9634  f1m=0.9634  uplink_kB=150.2  t=1.97s
  round  38/50: acc=0.9643  f1m=0.9643  uplink_kB=150.2  t=1.95s
  round  39/50: acc=0.9650  f1m=0.9650  uplink_kB=150.2  t=1.83s
  round  40/50: acc=0.9646  f1m=0.9646  uplink_kB=150.2  t=1.90s
  round  41/50: acc=0.9654  f1m=0.9654  uplink_kB=150.2  t=1.95s
  round  42/50: acc=0.9640  f1m=0.9640  uplink_kB=150.2  t=1.97s
  round  43/50: acc=0.9652  f1m=0.9652  uplink_kB=150.2  t=1.91s
  round  44/50: acc=0.9673  f1m=0.9673  uplink_kB=150.2  t=1.89s
  round  45/50: acc=0.9670  f1m=0.9670  uplink_kB=150.2  t=1.88s
  round  46/50: acc=0.9675  f1m=0.9675  uplink_kB=150.2  t=1.92s
  round  47/50: acc=0.9682  f1m=0.9682  uplink_kB=150.2  t=1.84s
  round  48/50: acc=0.9684  f1m=0.9684  uplink_kB=150.2  t=1.90s
  round  49/50: acc=0.9677  f1m=0.9677  uplink_kB=150.2  t=1.90s
  round  50/50: acc=0.9684  f1m=0.9684  uplink_kB=150.2  t=1.90s
[run] DONE -> /Users/agentra/Documents/hao/working/paper-lab/hao-paper-2026/iotj-fedkan-ids/repo/results/lrsweep_cseciic/lrsweep_kan8_lr0p003__dir0.1__seed107/metrics.json  final_acc=0.9684
