[run] device=cpu  seed=23  out=/Users/agentra/Documents/hao/working/paper-lab/hao-paper-2026/iotj-fedkan-ids/repo/results/lrsweep_toniot/lrsweep_mlp32_lr0p1__dir0.1__seed23
[run] model=mlp  params=1,346
  round   1/50: acc=0.5000  f1m=0.3333  uplink_kB=52.6  t=1.14s
  round   2/50: acc=0.5000  f1m=0.3335  uplink_kB=52.6  t=0.64s
  round   3/50: acc=0.5738  f1m=0.4930  uplink_kB=52.6  t=0.62s
  round   4/50: acc=0.6269  f1m=0.5861  uplink_kB=52.6  t=0.65s
  round   5/50: acc=0.6770  f1m=0.6634  uplink_kB=52.6  t=0.59s
  round   6/50: acc=0.7272  f1m=0.7205  uplink_kB=52.6  t=0.64s
  round   7/50: acc=0.7342  f1m=0.7260  uplink_kB=52.6  t=0.67s
  round   8/50: acc=0.6993  f1m=0.6842  uplink_kB=52.6  t=0.63s
  round   9/50: acc=0.7003  f1m=0.6867  uplink_kB=52.6  t=0.64s
  round  10/50: acc=0.6845  f1m=0.6658  uplink_kB=52.6  t=0.65s
  round  11/50: acc=0.6814  f1m=0.6602  uplink_kB=52.6  t=0.62s
  round  12/50: acc=0.6736  f1m=0.6455  uplink_kB=52.6  t=0.65s
  round  13/50: acc=0.6660  f1m=0.6344  uplink_kB=52.6  t=0.65s
  round  14/50: acc=0.6688  f1m=0.6374  uplink_kB=52.6  t=0.66s
  round  15/50: acc=0.6584  f1m=0.6230  uplink_kB=52.6  t=0.66s
  round  16/50: acc=0.6724  f1m=0.6415  uplink_kB=52.6  t=0.70s
  round  17/50: acc=0.6510  f1m=0.6115  uplink_kB=52.6  t=0.63s
  round  18/50: acc=0.6337  f1m=0.5853  uplink_kB=52.6  t=0.62s
  round  19/50: acc=0.6085  f1m=0.5437  uplink_kB=52.6  t=0.63s
  round  20/50: acc=0.6358  f1m=0.5873  uplink_kB=52.6  t=0.65s
  round  21/50: acc=0.6187  f1m=0.5613  uplink_kB=52.6  t=0.66s
  round  22/50: acc=0.6157  f1m=0.5564  uplink_kB=52.6  t=0.67s
  round  23/50: acc=0.6093  f1m=0.5462  uplink_kB=52.6  t=0.65s
  round  24/50: acc=0.6077  f1m=0.5440  uplink_kB=52.6  t=0.64s
  round  25/50: acc=0.6089  f1m=0.5455  uplink_kB=52.6  t=0.60s
  round  26/50: acc=0.5883  f1m=0.5084  uplink_kB=52.6  t=0.66s
  round  27/50: acc=0.5995  f1m=0.5272  uplink_kB=52.6  t=0.66s
  round  28/50: acc=0.6202  f1m=0.5636  uplink_kB=52.6  t=0.67s
  round  29/50: acc=0.5959  f1m=0.5227  uplink_kB=52.6  t=0.64s
  round  30/50: acc=0.5949  f1m=0.5192  uplink_kB=52.6  t=0.65s
  round  31/50: acc=0.6075  f1m=0.5405  uplink_kB=52.6  t=0.61s
  round  32/50: acc=0.6106  f1m=0.5481  uplink_kB=52.6  t=0.63s
  round  33/50: acc=0.6055  f1m=0.5401  uplink_kB=52.6  t=0.66s
  round  34/50: acc=0.6115  f1m=0.5496  uplink_kB=52.6  t=0.65s
  round  35/50: acc=0.6154  f1m=0.5546  uplink_kB=52.6  t=0.65s
  round  36/50: acc=0.6387  f1m=0.5915  uplink_kB=52.6  t=0.63s
  round  37/50: acc=0.6271  f1m=0.5739  uplink_kB=52.6  t=0.60s
  round  38/50: acc=0.6384  f1m=0.5913  uplink_kB=52.6  t=0.67s
  round  39/50: acc=0.6151  f1m=0.5544  uplink_kB=52.6  t=0.63s
  round  40/50: acc=0.6190  f1m=0.5599  uplink_kB=52.6  t=0.63s
  round  41/50: acc=0.6085  f1m=0.5435  uplink_kB=52.6  t=0.65s
  round  42/50: acc=0.6133  f1m=0.5515  uplink_kB=52.6  t=0.65s
  round  43/50: acc=0.6176  f1m=0.5571  uplink_kB=52.6  t=0.65s
  round  44/50: acc=0.6099  f1m=0.5449  uplink_kB=52.6  t=0.60s
  round  45/50: acc=0.6228  f1m=0.5666  uplink_kB=52.6  t=0.67s
  round  46/50: acc=0.6525  f1m=0.6133  uplink_kB=52.6  t=0.65s
  round  47/50: acc=0.6164  f1m=0.5568  uplink_kB=52.6  t=0.62s
  round  48/50: acc=0.6089  f1m=0.5433  uplink_kB=52.6  t=0.68s
  round  49/50: acc=0.5957  f1m=0.5209  uplink_kB=52.6  t=0.64s
  round  50/50: acc=0.6019  f1m=0.5321  uplink_kB=52.6  t=0.63s
[run] DONE -> /Users/agentra/Documents/hao/working/paper-lab/hao-paper-2026/iotj-fedkan-ids/repo/results/lrsweep_toniot/lrsweep_mlp32_lr0p1__dir0.1__seed23/metrics.json  final_acc=0.6019
