[run] device=cpu  seed=37  out=/Users/agentra/Documents/hao/working/paper-lab/hao-paper-2026/iotj-fedkan-ids/repo/results/lrsweep_cseciic_mc/lrsweep_mlp80_lr0p001__dir0.1__seed37
[run] model=mlp  params=4,415
  round   1/50: acc=0.3038  f1m=0.0948  uplink_kB=172.5  t=2.98s
  round   2/50: acc=0.4256  f1m=0.1419  uplink_kB=172.5  t=2.27s
  round   3/50: acc=0.5452  f1m=0.1905  uplink_kB=172.5  t=2.19s
  round   4/50: acc=0.5775  f1m=0.2425  uplink_kB=172.5  t=2.35s
  round   5/50: acc=0.5786  f1m=0.2432  uplink_kB=172.5  t=2.19s
  round   6/50: acc=0.5810  f1m=0.2446  uplink_kB=172.5  t=2.17s
  round   7/50: acc=0.5727  f1m=0.2376  uplink_kB=172.5  t=2.16s
  round   8/50: acc=0.5889  f1m=0.2518  uplink_kB=172.5  t=2.15s
  round   9/50: acc=0.5897  f1m=0.2546  uplink_kB=172.5  t=2.21s
  round  10/50: acc=0.5900  f1m=0.2561  uplink_kB=172.5  t=2.08s
  round  11/50: acc=0.5904  f1m=0.2575  uplink_kB=172.5  t=2.11s
  round  12/50: acc=0.5970  f1m=0.2641  uplink_kB=172.5  t=2.28s
  round  13/50: acc=0.6039  f1m=0.3009  uplink_kB=172.5  t=2.12s
  round  14/50: acc=0.6105  f1m=0.3241  uplink_kB=172.5  t=2.18s
  round  15/50: acc=0.6362  f1m=0.3799  uplink_kB=172.5  t=2.16s
  round  16/50: acc=0.6607  f1m=0.3934  uplink_kB=172.5  t=2.17s
  round  17/50: acc=0.7175  f1m=0.4234  uplink_kB=172.5  t=2.12s
  round  18/50: acc=0.7377  f1m=0.4568  uplink_kB=172.5  t=2.09s
  round  19/50: acc=0.7419  f1m=0.4602  uplink_kB=172.5  t=2.14s
  round  20/50: acc=0.7454  f1m=0.4632  uplink_kB=172.5  t=2.07s
  round  21/50: acc=0.7470  f1m=0.4644  uplink_kB=172.5  t=2.20s
  round  22/50: acc=0.7473  f1m=0.4652  uplink_kB=172.5  t=2.17s
  round  23/50: acc=0.7743  f1m=0.4931  uplink_kB=172.5  t=2.16s
  round  24/50: acc=0.7997  f1m=0.5512  uplink_kB=172.5  t=2.21s
  round  25/50: acc=0.8009  f1m=0.5520  uplink_kB=172.5  t=2.30s
  round  26/50: acc=0.8008  f1m=0.5516  uplink_kB=172.5  t=2.13s
  round  27/50: acc=0.8048  f1m=0.5557  uplink_kB=172.5  t=2.13s
  round  28/50: acc=0.8050  f1m=0.5564  uplink_kB=172.5  t=2.19s
  round  29/50: acc=0.8087  f1m=0.5562  uplink_kB=172.5  t=2.11s
  round  30/50: acc=0.8087  f1m=0.5565  uplink_kB=172.5  t=2.17s
  round  31/50: acc=0.8089  f1m=0.5570  uplink_kB=172.5  t=2.13s
  round  32/50: acc=0.8295  f1m=0.5677  uplink_kB=172.5  t=2.17s
  round  33/50: acc=0.8294  f1m=0.5678  uplink_kB=172.5  t=2.14s
  round  34/50: acc=0.8326  f1m=0.5692  uplink_kB=172.5  t=2.17s
  round  35/50: acc=0.8328  f1m=0.5694  uplink_kB=172.5  t=2.18s
  round  36/50: acc=0.8336  f1m=0.5696  uplink_kB=172.5  t=2.18s
  round  37/50: acc=0.8334  f1m=0.5696  uplink_kB=172.5  t=2.18s
  round  38/50: acc=0.8335  f1m=0.5695  uplink_kB=172.5  t=2.13s
  round  39/50: acc=0.8337  f1m=0.5698  uplink_kB=172.5  t=2.11s
  round  40/50: acc=0.8345  f1m=0.5705  uplink_kB=172.5  t=2.12s
  round  41/50: acc=0.8343  f1m=0.5704  uplink_kB=172.5  t=2.22s
  round  42/50: acc=0.8348  f1m=0.5707  uplink_kB=172.5  t=2.11s
  round  43/50: acc=0.8372  f1m=0.6320  uplink_kB=172.5  t=2.13s
  round  44/50: acc=0.8373  f1m=0.6332  uplink_kB=172.5  t=2.15s
  round  45/50: acc=0.8376  f1m=0.6340  uplink_kB=172.5  t=2.15s
  round  46/50: acc=0.8380  f1m=0.6356  uplink_kB=172.5  t=2.17s
  round  47/50: acc=0.8380  f1m=0.6357  uplink_kB=172.5  t=2.14s
  round  48/50: acc=0.8385  f1m=0.6361  uplink_kB=172.5  t=2.23s
  round  49/50: acc=0.8383  f1m=0.6372  uplink_kB=172.5  t=2.12s
  round  50/50: acc=0.8392  f1m=0.6407  uplink_kB=172.5  t=2.21s
[run] DONE -> /Users/agentra/Documents/hao/working/paper-lab/hao-paper-2026/iotj-fedkan-ids/repo/results/lrsweep_cseciic_mc/lrsweep_mlp80_lr0p001__dir0.1__seed37/metrics.json  final_acc=0.8392
