[run] device=cpu  seed=23  out=/Users/agentra/Documents/hao/working/paper-lab/hao-paper-2026/iotj-fedkan-ids/repo/results/lrsweep_cseciic_mc/lrsweep_mlp80_lr0p1__dir0.1__seed23
[run] model=mlp  params=4,415
  round   1/50: acc=0.2441  f1m=0.1269  uplink_kB=172.5  t=2.93s
  round   2/50: acc=0.2547  f1m=0.1172  uplink_kB=172.5  t=2.24s
  round   3/50: acc=0.5820  f1m=0.2880  uplink_kB=172.5  t=2.23s
  round   4/50: acc=0.6707  f1m=0.3964  uplink_kB=172.5  t=2.18s
  round   5/50: acc=0.7180  f1m=0.4293  uplink_kB=172.5  t=2.28s
  round   6/50: acc=0.6928  f1m=0.3466  uplink_kB=172.5  t=2.32s
  round   7/50: acc=0.8007  f1m=0.5028  uplink_kB=172.5  t=2.43s
  round   8/50: acc=0.7503  f1m=0.4712  uplink_kB=172.5  t=2.24s
  round   9/50: acc=0.7692  f1m=0.4821  uplink_kB=172.5  t=2.32s
  round  10/50: acc=0.7324  f1m=0.4620  uplink_kB=172.5  t=2.26s
  round  11/50: acc=0.7855  f1m=0.4840  uplink_kB=172.5  t=2.15s
  round  12/50: acc=0.7902  f1m=0.4927  uplink_kB=172.5  t=2.20s
  round  13/50: acc=0.7214  f1m=0.4056  uplink_kB=172.5  t=2.22s
  round  14/50: acc=0.8349  f1m=0.5027  uplink_kB=172.5  t=2.23s
  round  15/50: acc=0.7929  f1m=0.4442  uplink_kB=172.5  t=2.21s
  round  16/50: acc=0.6934  f1m=0.4154  uplink_kB=172.5  t=2.21s
  round  17/50: acc=0.7358  f1m=0.4482  uplink_kB=172.5  t=2.21s
  round  18/50: acc=0.8073  f1m=0.4631  uplink_kB=172.5  t=2.20s
  round  19/50: acc=0.7585  f1m=0.4237  uplink_kB=172.5  t=2.25s
  round  20/50: acc=0.8266  f1m=0.5468  uplink_kB=172.5  t=2.18s
  round  21/50: acc=0.8099  f1m=0.4740  uplink_kB=172.5  t=2.22s
  round  22/50: acc=0.8314  f1m=0.5075  uplink_kB=172.5  t=2.27s
  round  23/50: acc=0.8238  f1m=0.4972  uplink_kB=172.5  t=2.18s
  round  24/50: acc=0.8268  f1m=0.5523  uplink_kB=172.5  t=2.13s
  round  25/50: acc=0.8252  f1m=0.4936  uplink_kB=172.5  t=2.25s
  round  26/50: acc=0.8330  f1m=0.5032  uplink_kB=172.5  t=2.16s
  round  27/50: acc=0.8217  f1m=0.4988  uplink_kB=172.5  t=2.21s
  round  28/50: acc=0.8263  f1m=0.4952  uplink_kB=172.5  t=2.21s
  round  29/50: acc=0.8262  f1m=0.4933  uplink_kB=172.5  t=2.25s
  round  30/50: acc=0.6903  f1m=0.4121  uplink_kB=172.5  t=2.23s
  round  31/50: acc=0.8225  f1m=0.4870  uplink_kB=172.5  t=2.18s
  round  32/50: acc=0.8332  f1m=0.5059  uplink_kB=172.5  t=2.15s
  round  33/50: acc=0.8301  f1m=0.4934  uplink_kB=172.5  t=2.21s
  round  34/50: acc=0.8034  f1m=0.4800  uplink_kB=172.5  t=2.27s
  round  35/50: acc=0.8143  f1m=0.4926  uplink_kB=172.5  t=2.16s
  round  36/50: acc=0.8232  f1m=0.4768  uplink_kB=172.5  t=2.19s
  round  37/50: acc=0.8267  f1m=0.5026  uplink_kB=172.5  t=2.21s
  round  38/50: acc=0.8301  f1m=0.5018  uplink_kB=172.5  t=2.19s
  round  39/50: acc=0.8356  f1m=0.5010  uplink_kB=172.5  t=2.19s
  round  40/50: acc=0.8294  f1m=0.5020  uplink_kB=172.5  t=2.16s
  round  41/50: acc=0.8364  f1m=0.5029  uplink_kB=172.5  t=2.18s
  round  42/50: acc=0.8169  f1m=0.4927  uplink_kB=172.5  t=2.21s
  round  43/50: acc=0.8318  f1m=0.5034  uplink_kB=172.5  t=2.18s
  round  44/50: acc=0.8312  f1m=0.5020  uplink_kB=172.5  t=2.22s
  round  45/50: acc=0.7655  f1m=0.4553  uplink_kB=172.5  t=2.23s
  round  46/50: acc=0.8270  f1m=0.4999  uplink_kB=172.5  t=2.15s
  round  47/50: acc=0.6655  f1m=0.3693  uplink_kB=172.5  t=2.15s
  round  48/50: acc=0.7725  f1m=0.5128  uplink_kB=172.5  t=2.16s
  round  49/50: acc=0.8218  f1m=0.4969  uplink_kB=172.5  t=2.18s
  round  50/50: acc=0.8187  f1m=0.4936  uplink_kB=172.5  t=2.20s
[run] DONE -> /Users/agentra/Documents/hao/working/paper-lab/hao-paper-2026/iotj-fedkan-ids/repo/results/lrsweep_cseciic_mc/lrsweep_mlp80_lr0p1__dir0.1__seed23/metrics.json  final_acc=0.8187
