[run] device=cpu  seed=11  out=/Users/agentra/Documents/hao/working/paper-lab/hao-paper-2026/iotj-fedkan-ids/repo/results/lrsweep_cseciic_mc/lrsweep_mlp80_lr0p0003__dir0.1__seed11
[run] model=mlp  params=4,415
  round   1/50: acc=0.2576  f1m=0.0596  uplink_kB=172.5  t=2.89s
  round   2/50: acc=0.3211  f1m=0.1030  uplink_kB=172.5  t=2.15s
  round   3/50: acc=0.3729  f1m=0.1268  uplink_kB=172.5  t=2.11s
  round   4/50: acc=0.3702  f1m=0.1277  uplink_kB=172.5  t=2.13s
  round   5/50: acc=0.4044  f1m=0.1394  uplink_kB=172.5  t=2.11s
  round   6/50: acc=0.4404  f1m=0.1527  uplink_kB=172.5  t=2.16s
  round   7/50: acc=0.4449  f1m=0.1540  uplink_kB=172.5  t=2.11s
  round   8/50: acc=0.4479  f1m=0.1540  uplink_kB=172.5  t=2.14s
  round   9/50: acc=0.4484  f1m=0.1475  uplink_kB=172.5  t=2.10s
  round  10/50: acc=0.4495  f1m=0.1458  uplink_kB=172.5  t=2.14s
  round  11/50: acc=0.4511  f1m=0.1453  uplink_kB=172.5  t=2.22s
  round  12/50: acc=0.4534  f1m=0.1453  uplink_kB=172.5  t=2.12s
  round  13/50: acc=0.4544  f1m=0.1439  uplink_kB=172.5  t=2.14s
  round  14/50: acc=0.4547  f1m=0.1436  uplink_kB=172.5  t=2.15s
  round  15/50: acc=0.4551  f1m=0.1434  uplink_kB=172.5  t=2.13s
  round  16/50: acc=0.4544  f1m=0.1434  uplink_kB=172.5  t=2.19s
  round  17/50: acc=0.4546  f1m=0.1437  uplink_kB=172.5  t=2.16s
  round  18/50: acc=0.4548  f1m=0.1441  uplink_kB=172.5  t=2.19s
  round  19/50: acc=0.4550  f1m=0.1445  uplink_kB=172.5  t=2.17s
  round  20/50: acc=0.4568  f1m=0.1468  uplink_kB=172.5  t=2.25s
  round  21/50: acc=0.4629  f1m=0.1542  uplink_kB=172.5  t=2.16s
  round  22/50: acc=0.4680  f1m=0.1604  uplink_kB=172.5  t=2.18s
  round  23/50: acc=0.4703  f1m=0.1631  uplink_kB=172.5  t=2.15s
  round  24/50: acc=0.4701  f1m=0.1641  uplink_kB=172.5  t=2.20s
  round  25/50: acc=0.4702  f1m=0.1647  uplink_kB=172.5  t=2.19s
  round  26/50: acc=0.4799  f1m=0.1894  uplink_kB=172.5  t=2.17s
  round  27/50: acc=0.5176  f1m=0.2275  uplink_kB=172.5  t=2.25s
  round  28/50: acc=0.5177  f1m=0.2276  uplink_kB=172.5  t=2.14s
  round  29/50: acc=0.5177  f1m=0.2277  uplink_kB=172.5  t=2.24s
  round  30/50: acc=0.6109  f1m=0.2834  uplink_kB=172.5  t=2.16s
  round  31/50: acc=0.6115  f1m=0.2836  uplink_kB=172.5  t=2.14s
  round  32/50: acc=0.6118  f1m=0.2838  uplink_kB=172.5  t=2.13s
  round  33/50: acc=0.6122  f1m=0.2843  uplink_kB=172.5  t=2.18s
  round  34/50: acc=0.6133  f1m=0.2854  uplink_kB=172.5  t=2.14s
  round  35/50: acc=0.6144  f1m=0.2865  uplink_kB=172.5  t=2.11s
  round  36/50: acc=0.6167  f1m=0.2883  uplink_kB=172.5  t=2.20s
  round  37/50: acc=0.6191  f1m=0.2901  uplink_kB=172.5  t=2.11s
  round  38/50: acc=0.6217  f1m=0.2919  uplink_kB=172.5  t=2.13s
  round  39/50: acc=0.6234  f1m=0.2933  uplink_kB=172.5  t=2.12s
  round  40/50: acc=0.6248  f1m=0.2944  uplink_kB=172.5  t=2.20s
  round  41/50: acc=0.6272  f1m=0.2960  uplink_kB=172.5  t=2.15s
  round  42/50: acc=0.6305  f1m=0.2982  uplink_kB=172.5  t=2.17s
  round  43/50: acc=0.6338  f1m=0.3005  uplink_kB=172.5  t=2.20s
  round  44/50: acc=0.6349  f1m=0.3013  uplink_kB=172.5  t=2.25s
  round  45/50: acc=0.6395  f1m=0.3045  uplink_kB=172.5  t=2.57s
  round  46/50: acc=0.6425  f1m=0.3064  uplink_kB=172.5  t=2.25s
  round  47/50: acc=0.6454  f1m=0.3229  uplink_kB=172.5  t=2.14s
  round  48/50: acc=0.6481  f1m=0.3343  uplink_kB=172.5  t=2.15s
  round  49/50: acc=0.6508  f1m=0.3361  uplink_kB=172.5  t=2.23s
  round  50/50: acc=0.6524  f1m=0.3371  uplink_kB=172.5  t=2.18s
[run] DONE -> /Users/agentra/Documents/hao/working/paper-lab/hao-paper-2026/iotj-fedkan-ids/repo/results/lrsweep_cseciic_mc/lrsweep_mlp80_lr0p0003__dir0.1__seed11/metrics.json  final_acc=0.6524
