[run] device=cpu  seed=43  out=/Users/agentra/Documents/hao/working/paper-lab/hao-paper-2026/iotj-fedkan-ids/repo/results/lrsweep_botiot/lrsweep_mlp80_lr0p1__dir0.1__seed43
[run] model=mlp  params=3,362
  round   1/50: acc=0.5351  f1m=0.4053  uplink_kB=131.3  t=1.43s
  round   2/50: acc=0.6792  f1m=0.6419  uplink_kB=131.3  t=0.70s
  round   3/50: acc=0.7111  f1m=0.6844  uplink_kB=131.3  t=0.65s
  round   4/50: acc=0.6874  f1m=0.6531  uplink_kB=131.3  t=0.62s
  round   5/50: acc=0.8088  f1m=0.8014  uplink_kB=131.3  t=0.65s
  round   6/50: acc=0.7236  f1m=0.7003  uplink_kB=131.3  t=0.68s
  round   7/50: acc=0.8483  f1m=0.8447  uplink_kB=131.3  t=0.69s
  round   8/50: acc=0.7396  f1m=0.7203  uplink_kB=131.3  t=0.68s
  round   9/50: acc=0.8703  f1m=0.8680  uplink_kB=131.3  t=0.70s
  round  10/50: acc=0.7432  f1m=0.7247  uplink_kB=131.3  t=0.64s
  round  11/50: acc=0.8657  f1m=0.8631  uplink_kB=131.3  t=0.71s
  round  12/50: acc=0.8429  f1m=0.8388  uplink_kB=131.3  t=0.71s
  round  13/50: acc=0.8604  f1m=0.8575  uplink_kB=131.3  t=0.68s
  round  14/50: acc=0.8358  f1m=0.8311  uplink_kB=131.3  t=0.69s
  round  15/50: acc=0.9057  f1m=0.9049  uplink_kB=131.3  t=0.73s
  round  16/50: acc=0.8447  f1m=0.8407  uplink_kB=131.3  t=0.73s
  round  17/50: acc=0.8573  f1m=0.8542  uplink_kB=131.3  t=0.69s
  round  18/50: acc=0.8720  f1m=0.8699  uplink_kB=131.3  t=0.68s
  round  19/50: acc=0.8769  f1m=0.8750  uplink_kB=131.3  t=0.76s
  round  20/50: acc=0.8923  f1m=0.8910  uplink_kB=131.3  t=0.70s
  round  21/50: acc=0.8393  f1m=0.8350  uplink_kB=131.3  t=0.76s
  round  22/50: acc=0.9439  f1m=0.9437  uplink_kB=131.3  t=0.62s
  round  23/50: acc=0.8830  f1m=0.8813  uplink_kB=131.3  t=0.70s
  round  24/50: acc=0.8846  f1m=0.8830  uplink_kB=131.3  t=0.70s
  round  25/50: acc=0.8564  f1m=0.8534  uplink_kB=131.3  t=0.66s
  round  26/50: acc=0.8761  f1m=0.8741  uplink_kB=131.3  t=0.68s
  round  27/50: acc=0.9020  f1m=0.9010  uplink_kB=131.3  t=0.68s
  round  28/50: acc=0.8570  f1m=0.8539  uplink_kB=131.3  t=0.67s
  round  29/50: acc=0.9469  f1m=0.9468  uplink_kB=131.3  t=0.62s
  round  30/50: acc=0.9051  f1m=0.9043  uplink_kB=131.3  t=0.70s
  round  31/50: acc=0.9018  f1m=0.9008  uplink_kB=131.3  t=0.70s
  round  32/50: acc=0.9045  f1m=0.9036  uplink_kB=131.3  t=0.64s
  round  33/50: acc=0.8812  f1m=0.8794  uplink_kB=131.3  t=0.65s
  round  34/50: acc=0.9028  f1m=0.9018  uplink_kB=131.3  t=0.64s
  round  35/50: acc=0.9056  f1m=0.9048  uplink_kB=131.3  t=0.63s
  round  36/50: acc=0.9030  f1m=0.9020  uplink_kB=131.3  t=0.69s
  round  37/50: acc=0.9013  f1m=0.9003  uplink_kB=131.3  t=0.70s
  round  38/50: acc=0.9157  f1m=0.9151  uplink_kB=131.3  t=0.67s
  round  39/50: acc=0.9805  f1m=0.9805  uplink_kB=131.3  t=0.65s
  round  40/50: acc=0.9233  f1m=0.9228  uplink_kB=131.3  t=0.67s
  round  41/50: acc=0.9130  f1m=0.9123  uplink_kB=131.3  t=0.67s
  round  42/50: acc=0.9825  f1m=0.9825  uplink_kB=131.3  t=0.72s
  round  43/50: acc=0.8852  f1m=0.8836  uplink_kB=131.3  t=0.67s
  round  44/50: acc=0.8831  f1m=0.8814  uplink_kB=131.3  t=0.72s
  round  45/50: acc=0.9515  f1m=0.9513  uplink_kB=131.3  t=0.67s
  round  46/50: acc=0.9239  f1m=0.9234  uplink_kB=131.3  t=0.69s
  round  47/50: acc=0.9806  f1m=0.9806  uplink_kB=131.3  t=0.63s
  round  48/50: acc=0.9054  f1m=0.9045  uplink_kB=131.3  t=0.59s
  round  49/50: acc=0.9792  f1m=0.9792  uplink_kB=131.3  t=0.67s
  round  50/50: acc=0.9818  f1m=0.9818  uplink_kB=131.3  t=0.67s
[run] DONE -> /Users/agentra/Documents/hao/working/paper-lab/hao-paper-2026/iotj-fedkan-ids/repo/results/lrsweep_botiot/lrsweep_mlp80_lr0p1__dir0.1__seed43/metrics.json  final_acc=0.9818
