[run] device=cpu  seed=2024  out=/Users/agentra/Documents/hao/working/paper-lab/hao-paper-2026/iotj-fedkan-ids/repo/results/lrsweep_cseciic_mc50k/lrsweep_kan16_lr0p1__dir0.1__seed2024
[run] model=kan  params=8,640
  round   1/50: acc=0.4062  f1m=0.2045  uplink_kB=363.3  t=3.68s
  round   2/50: acc=0.6416  f1m=0.3833  uplink_kB=363.3  t=3.12s
  round   3/50: acc=0.5610  f1m=0.3320  uplink_kB=363.3  t=3.17s
  round   4/50: acc=0.5688  f1m=0.3501  uplink_kB=363.3  t=3.11s
  round   5/50: acc=0.6698  f1m=0.4030  uplink_kB=363.3  t=3.18s
  round   6/50: acc=0.3848  f1m=0.1941  uplink_kB=363.3  t=3.04s
  round   7/50: acc=0.6243  f1m=0.3692  uplink_kB=363.3  t=3.26s
  round   8/50: acc=0.5822  f1m=0.3297  uplink_kB=363.3  t=3.16s
  round   9/50: acc=0.4995  f1m=0.2424  uplink_kB=363.3  t=3.11s
  round  10/50: acc=0.5219  f1m=0.2667  uplink_kB=363.3  t=3.15s
  round  11/50: acc=0.5706  f1m=0.3702  uplink_kB=363.3  t=3.08s
  round  12/50: acc=0.5108  f1m=0.3278  uplink_kB=363.3  t=3.15s
  round  13/50: acc=0.6709  f1m=0.3983  uplink_kB=363.3  t=3.08s
  round  14/50: acc=0.6126  f1m=0.3796  uplink_kB=363.3  t=3.08s
  round  15/50: acc=0.5601  f1m=0.3390  uplink_kB=363.3  t=3.06s
  round  16/50: acc=0.5868  f1m=0.3722  uplink_kB=363.3  t=3.13s
  round  17/50: acc=0.4998  f1m=0.2690  uplink_kB=363.3  t=3.05s
  round  18/50: acc=0.6699  f1m=0.3964  uplink_kB=363.3  t=3.18s
  round  19/50: acc=0.6197  f1m=0.3789  uplink_kB=363.3  t=3.05s
  round  20/50: acc=0.5172  f1m=0.2672  uplink_kB=363.3  t=3.10s
  round  21/50: acc=0.6180  f1m=0.3781  uplink_kB=363.3  t=3.42s
  round  22/50: acc=0.5217  f1m=0.2897  uplink_kB=363.3  t=3.21s
  round  23/50: acc=0.5047  f1m=0.2441  uplink_kB=363.3  t=3.17s
  round  24/50: acc=0.6039  f1m=0.3692  uplink_kB=363.3  t=3.25s
  round  25/50: acc=0.5030  f1m=0.2415  uplink_kB=363.3  t=3.14s
  round  26/50: acc=0.5048  f1m=0.2513  uplink_kB=363.3  t=3.20s
  round  27/50: acc=0.6471  f1m=0.3211  uplink_kB=363.3  t=3.11s
  round  28/50: acc=0.6251  f1m=0.4007  uplink_kB=363.3  t=3.12s
  round  29/50: acc=0.5931  f1m=0.3450  uplink_kB=363.3  t=3.04s
  round  30/50: acc=0.6155  f1m=0.3170  uplink_kB=363.3  t=3.07s
  round  31/50: acc=0.6024  f1m=0.3104  uplink_kB=363.3  t=3.06s
  round  32/50: acc=0.5609  f1m=0.2873  uplink_kB=363.3  t=3.12s
  round  33/50: acc=0.5911  f1m=0.3037  uplink_kB=363.3  t=3.00s
  round  34/50: acc=0.5632  f1m=0.2845  uplink_kB=363.3  t=3.15s
  round  35/50: acc=0.6126  f1m=0.3148  uplink_kB=363.3  t=3.07s
  round  36/50: acc=0.4999  f1m=0.3004  uplink_kB=363.3  t=3.03s
  round  37/50: acc=0.6002  f1m=0.3113  uplink_kB=363.3  t=3.16s
  round  38/50: acc=0.5550  f1m=0.2763  uplink_kB=363.3  t=3.01s
  round  39/50: acc=0.5259  f1m=0.3648  uplink_kB=363.3  t=3.12s
  round  40/50: acc=0.4930  f1m=0.2536  uplink_kB=363.3  t=2.98s
  round  41/50: acc=0.5016  f1m=0.2903  uplink_kB=363.3  t=3.13s
  round  42/50: acc=0.5247  f1m=0.2701  uplink_kB=363.3  t=3.08s
  round  43/50: acc=0.5101  f1m=0.2642  uplink_kB=363.3  t=3.11s
  round  44/50: acc=0.5064  f1m=0.2448  uplink_kB=363.3  t=3.06s
  round  45/50: acc=0.5567  f1m=0.2637  uplink_kB=363.3  t=3.03s
  round  46/50: acc=0.5560  f1m=0.2577  uplink_kB=363.3  t=3.05s
  round  47/50: acc=0.5543  f1m=0.2566  uplink_kB=363.3  t=3.06s
  round  48/50: acc=0.5069  f1m=0.2886  uplink_kB=363.3  t=3.07s
  round  49/50: acc=0.4874  f1m=0.2513  uplink_kB=363.3  t=3.06s
  round  50/50: acc=0.5001  f1m=0.2803  uplink_kB=363.3  t=2.70s
[run] DONE -> /Users/agentra/Documents/hao/working/paper-lab/hao-paper-2026/iotj-fedkan-ids/repo/results/lrsweep_cseciic_mc50k/lrsweep_kan16_lr0p1__dir0.1__seed2024/metrics.json  final_acc=0.5001
