[run] device=cpu  seed=2026  out=/Users/agentra/Documents/hao/working/paper-lab/hao-paper-2026/iotj-fedkan-ids/repo/results/lrsweep_botiot/lrsweep_kan16_lr0p003__dir0.1__seed2026
[run] model=kan  params=6,560
  round   1/50: acc=0.4989  f1m=0.3328  uplink_kB=282.0  t=2.63s
  round   2/50: acc=0.4989  f1m=0.3328  uplink_kB=282.0  t=2.13s
  round   3/50: acc=0.4989  f1m=0.3328  uplink_kB=282.0  t=1.91s
  round   4/50: acc=0.4989  f1m=0.3328  uplink_kB=282.0  t=1.89s
  round   5/50: acc=0.4989  f1m=0.3328  uplink_kB=282.0  t=1.85s
  round   6/50: acc=0.4989  f1m=0.3328  uplink_kB=282.0  t=1.90s
  round   7/50: acc=0.4989  f1m=0.3328  uplink_kB=282.0  t=1.96s
  round   8/50: acc=0.4989  f1m=0.3328  uplink_kB=282.0  t=1.93s
  round   9/50: acc=0.4989  f1m=0.3328  uplink_kB=282.0  t=1.88s
  round  10/50: acc=0.4989  f1m=0.3328  uplink_kB=282.0  t=1.96s
  round  11/50: acc=0.4988  f1m=0.3328  uplink_kB=282.0  t=1.88s
  round  12/50: acc=0.4983  f1m=0.3326  uplink_kB=282.0  t=1.91s
  round  13/50: acc=0.4985  f1m=0.3327  uplink_kB=282.0  t=1.87s
  round  14/50: acc=0.4986  f1m=0.3327  uplink_kB=282.0  t=1.92s
  round  15/50: acc=0.5090  f1m=0.3560  uplink_kB=282.0  t=1.90s
  round  16/50: acc=0.5291  f1m=0.3983  uplink_kB=282.0  t=1.95s
  round  17/50: acc=0.5399  f1m=0.4196  uplink_kB=282.0  t=1.94s
  round  18/50: acc=0.5373  f1m=0.4141  uplink_kB=282.0  t=1.89s
  round  19/50: acc=0.6158  f1m=0.5515  uplink_kB=282.0  t=1.90s
  round  20/50: acc=0.5514  f1m=0.4410  uplink_kB=282.0  t=1.83s
  round  21/50: acc=0.5632  f1m=0.4623  uplink_kB=282.0  t=1.96s
  round  22/50: acc=0.7130  f1m=0.6882  uplink_kB=282.0  t=1.97s
  round  23/50: acc=0.6905  f1m=0.6587  uplink_kB=282.0  t=1.93s
  round  24/50: acc=0.7051  f1m=0.6779  uplink_kB=282.0  t=1.94s
  round  25/50: acc=0.7267  f1m=0.7054  uplink_kB=282.0  t=1.85s
  round  26/50: acc=0.7832  f1m=0.7730  uplink_kB=282.0  t=1.97s
  round  27/50: acc=0.7526  f1m=0.7369  uplink_kB=282.0  t=1.90s
  round  28/50: acc=0.7542  f1m=0.7387  uplink_kB=282.0  t=1.86s
  round  29/50: acc=0.8020  f1m=0.7942  uplink_kB=282.0  t=1.88s
  round  30/50: acc=0.8468  f1m=0.8433  uplink_kB=282.0  t=1.87s
  round  31/50: acc=0.8184  f1m=0.8124  uplink_kB=282.0  t=1.87s
  round  32/50: acc=0.7949  f1m=0.7861  uplink_kB=282.0  t=1.89s
  round  33/50: acc=0.8132  f1m=0.8066  uplink_kB=282.0  t=1.94s
  round  34/50: acc=0.8073  f1m=0.8000  uplink_kB=282.0  t=1.89s
  round  35/50: acc=0.8311  f1m=0.8263  uplink_kB=282.0  t=1.94s
  round  36/50: acc=0.8446  f1m=0.8408  uplink_kB=282.0  t=1.91s
  round  37/50: acc=0.8702  f1m=0.8681  uplink_kB=282.0  t=1.92s
  round  38/50: acc=0.9102  f1m=0.9095  uplink_kB=282.0  t=1.94s
  round  39/50: acc=0.8471  f1m=0.8436  uplink_kB=282.0  t=1.90s
  round  40/50: acc=0.9049  f1m=0.9040  uplink_kB=282.0  t=1.80s
  round  41/50: acc=0.9136  f1m=0.9130  uplink_kB=282.0  t=1.94s
  round  42/50: acc=0.9246  f1m=0.9242  uplink_kB=282.0  t=2.01s
  round  43/50: acc=0.9237  f1m=0.9233  uplink_kB=282.0  t=1.92s
  round  44/50: acc=0.9411  f1m=0.9409  uplink_kB=282.0  t=1.92s
  round  45/50: acc=0.9181  f1m=0.9176  uplink_kB=282.0  t=1.91s
  round  46/50: acc=0.9265  f1m=0.9261  uplink_kB=282.0  t=1.85s
  round  47/50: acc=0.9457  f1m=0.9455  uplink_kB=282.0  t=1.92s
  round  48/50: acc=0.9359  f1m=0.9356  uplink_kB=282.0  t=2.00s
  round  49/50: acc=0.9400  f1m=0.9398  uplink_kB=282.0  t=1.95s
  round  50/50: acc=0.9436  f1m=0.9434  uplink_kB=282.0  t=1.97s
[run] DONE -> /Users/agentra/Documents/hao/working/paper-lab/hao-paper-2026/iotj-fedkan-ids/repo/results/lrsweep_botiot/lrsweep_kan16_lr0p003__dir0.1__seed2026/metrics.json  final_acc=0.9436
