[run] device=cpu  seed=31  out=/Users/agentra/Documents/hao/working/paper-lab/hao-paper-2026/iotj-fedkan-ids/repo/results/lrsweep_cseciic/lrsweep_kan16_lr0p001__dir0.1__seed31
[run] model=kan  params=6,560
  round   1/50: acc=0.7427  f1m=0.7312  uplink_kB=282.0  t=2.47s
  round   2/50: acc=0.7865  f1m=0.7807  uplink_kB=282.0  t=1.90s
  round   3/50: acc=0.8289  f1m=0.8265  uplink_kB=282.0  t=1.92s
  round   4/50: acc=0.8891  f1m=0.8887  uplink_kB=282.0  t=1.89s
  round   5/50: acc=0.8949  f1m=0.8946  uplink_kB=282.0  t=1.91s
  round   6/50: acc=0.9037  f1m=0.9035  uplink_kB=282.0  t=1.86s
  round   7/50: acc=0.9044  f1m=0.9043  uplink_kB=282.0  t=1.90s
  round   8/50: acc=0.9051  f1m=0.9049  uplink_kB=282.0  t=1.88s
  round   9/50: acc=0.9069  f1m=0.9068  uplink_kB=282.0  t=1.88s
  round  10/50: acc=0.9002  f1m=0.9000  uplink_kB=282.0  t=1.90s
  round  11/50: acc=0.8904  f1m=0.8900  uplink_kB=282.0  t=1.92s
  round  12/50: acc=0.8858  f1m=0.8854  uplink_kB=282.0  t=1.89s
  round  13/50: acc=0.8870  f1m=0.8866  uplink_kB=282.0  t=1.90s
  round  14/50: acc=0.8855  f1m=0.8851  uplink_kB=282.0  t=1.82s
  round  15/50: acc=0.8860  f1m=0.8856  uplink_kB=282.0  t=1.88s
  round  16/50: acc=0.8906  f1m=0.8903  uplink_kB=282.0  t=1.89s
  round  17/50: acc=0.9039  f1m=0.9038  uplink_kB=282.0  t=1.88s
  round  18/50: acc=0.9030  f1m=0.9028  uplink_kB=282.0  t=1.88s
  round  19/50: acc=0.9077  f1m=0.9075  uplink_kB=282.0  t=1.89s
  round  20/50: acc=0.9156  f1m=0.9155  uplink_kB=282.0  t=1.91s
  round  21/50: acc=0.9317  f1m=0.9317  uplink_kB=282.0  t=1.85s
  round  22/50: acc=0.9452  f1m=0.9452  uplink_kB=282.0  t=1.89s
  round  23/50: acc=0.9467  f1m=0.9466  uplink_kB=282.0  t=1.91s
  round  24/50: acc=0.9473  f1m=0.9473  uplink_kB=282.0  t=1.93s
  round  25/50: acc=0.9502  f1m=0.9502  uplink_kB=282.0  t=1.92s
  round  26/50: acc=0.9528  f1m=0.9528  uplink_kB=282.0  t=1.91s
  round  27/50: acc=0.9561  f1m=0.9561  uplink_kB=282.0  t=1.93s
  round  28/50: acc=0.9572  f1m=0.9572  uplink_kB=282.0  t=2.11s
  round  29/50: acc=0.9573  f1m=0.9573  uplink_kB=282.0  t=2.26s
  round  30/50: acc=0.9593  f1m=0.9593  uplink_kB=282.0  t=1.98s
  round  31/50: acc=0.9599  f1m=0.9599  uplink_kB=282.0  t=2.07s
  round  32/50: acc=0.9605  f1m=0.9605  uplink_kB=282.0  t=1.96s
  round  33/50: acc=0.9640  f1m=0.9640  uplink_kB=282.0  t=1.90s
  round  34/50: acc=0.9636  f1m=0.9636  uplink_kB=282.0  t=2.05s
  round  35/50: acc=0.9639  f1m=0.9639  uplink_kB=282.0  t=1.94s
  round  36/50: acc=0.9648  f1m=0.9648  uplink_kB=282.0  t=1.91s
  round  37/50: acc=0.9647  f1m=0.9647  uplink_kB=282.0  t=1.89s
  round  38/50: acc=0.9654  f1m=0.9654  uplink_kB=282.0  t=1.87s
  round  39/50: acc=0.9659  f1m=0.9659  uplink_kB=282.0  t=1.91s
  round  40/50: acc=0.9665  f1m=0.9665  uplink_kB=282.0  t=1.92s
  round  41/50: acc=0.9658  f1m=0.9658  uplink_kB=282.0  t=1.94s
  round  42/50: acc=0.9663  f1m=0.9663  uplink_kB=282.0  t=1.94s
  round  43/50: acc=0.9664  f1m=0.9664  uplink_kB=282.0  t=1.89s
  round  44/50: acc=0.9667  f1m=0.9667  uplink_kB=282.0  t=1.94s
  round  45/50: acc=0.9679  f1m=0.9679  uplink_kB=282.0  t=1.87s
  round  46/50: acc=0.9668  f1m=0.9668  uplink_kB=282.0  t=1.93s
  round  47/50: acc=0.9673  f1m=0.9673  uplink_kB=282.0  t=2.00s
  round  48/50: acc=0.9676  f1m=0.9676  uplink_kB=282.0  t=1.94s
  round  49/50: acc=0.9667  f1m=0.9667  uplink_kB=282.0  t=1.89s
  round  50/50: acc=0.9674  f1m=0.9674  uplink_kB=282.0  t=1.95s
[run] DONE -> /Users/agentra/Documents/hao/working/paper-lab/hao-paper-2026/iotj-fedkan-ids/repo/results/lrsweep_cseciic/lrsweep_kan16_lr0p001__dir0.1__seed31/metrics.json  final_acc=0.9674
