[run] device=cpu  seed=29  out=/Users/agentra/Documents/hao/working/paper-lab/hao-paper-2026/iotj-fedkan-ids/repo/results/lrsweep_toniot/lrsweep_mlp80_lr0p01__dir0.1__seed29
[run] model=mlp  params=3,362
  round   1/50: acc=0.5145  f1m=0.4727  uplink_kB=131.3  t=1.17s
  round   2/50: acc=0.5329  f1m=0.4075  uplink_kB=131.3  t=0.66s
  round   3/50: acc=0.5392  f1m=0.4201  uplink_kB=131.3  t=0.68s
  round   4/50: acc=0.5403  f1m=0.4218  uplink_kB=131.3  t=0.66s
  round   5/50: acc=0.5416  f1m=0.4242  uplink_kB=131.3  t=0.59s
  round   6/50: acc=0.5425  f1m=0.4257  uplink_kB=131.3  t=0.65s
  round   7/50: acc=0.5394  f1m=0.4279  uplink_kB=131.3  t=0.63s
  round   8/50: acc=0.5451  f1m=0.4285  uplink_kB=131.3  t=0.65s
  round   9/50: acc=0.5512  f1m=0.4410  uplink_kB=131.3  t=0.66s
  round  10/50: acc=0.5519  f1m=0.4437  uplink_kB=131.3  t=0.65s
  round  11/50: acc=0.5520  f1m=0.4417  uplink_kB=131.3  t=0.63s
  round  12/50: acc=0.5615  f1m=0.4619  uplink_kB=131.3  t=0.61s
  round  13/50: acc=0.5641  f1m=0.4683  uplink_kB=131.3  t=0.65s
  round  14/50: acc=0.5638  f1m=0.4663  uplink_kB=131.3  t=0.66s
  round  15/50: acc=0.5650  f1m=0.4694  uplink_kB=131.3  t=0.69s
  round  16/50: acc=0.5655  f1m=0.4697  uplink_kB=131.3  t=0.67s
  round  17/50: acc=0.5575  f1m=0.4537  uplink_kB=131.3  t=0.66s
  round  18/50: acc=0.5622  f1m=0.4630  uplink_kB=131.3  t=0.66s
  round  19/50: acc=0.5606  f1m=0.4598  uplink_kB=131.3  t=0.65s
  round  20/50: acc=0.5684  f1m=0.4754  uplink_kB=131.3  t=0.59s
  round  21/50: acc=0.5682  f1m=0.4753  uplink_kB=131.3  t=0.63s
  round  22/50: acc=0.5670  f1m=0.4731  uplink_kB=131.3  t=0.65s
  round  23/50: acc=0.5692  f1m=0.4778  uplink_kB=131.3  t=0.67s
  round  24/50: acc=0.5715  f1m=0.4816  uplink_kB=131.3  t=0.68s
  round  25/50: acc=0.5711  f1m=0.4809  uplink_kB=131.3  t=0.65s
  round  26/50: acc=0.5713  f1m=0.4803  uplink_kB=131.3  t=0.66s
  round  27/50: acc=0.5721  f1m=0.4819  uplink_kB=131.3  t=0.60s
  round  28/50: acc=0.5706  f1m=0.4796  uplink_kB=131.3  t=0.66s
  round  29/50: acc=0.5703  f1m=0.4800  uplink_kB=131.3  t=0.69s
  round  30/50: acc=0.5714  f1m=0.4811  uplink_kB=131.3  t=0.69s
  round  31/50: acc=0.5712  f1m=0.4807  uplink_kB=131.3  t=0.67s
  round  32/50: acc=0.5723  f1m=0.4830  uplink_kB=131.3  t=0.70s
  round  33/50: acc=0.5731  f1m=0.4840  uplink_kB=131.3  t=0.66s
  round  34/50: acc=0.7897  f1m=0.7811  uplink_kB=131.3  t=0.62s
  round  35/50: acc=0.5785  f1m=0.4933  uplink_kB=131.3  t=0.65s
  round  36/50: acc=0.5713  f1m=0.4811  uplink_kB=131.3  t=0.66s
  round  37/50: acc=0.7906  f1m=0.7820  uplink_kB=131.3  t=0.64s
  round  38/50: acc=0.7908  f1m=0.7822  uplink_kB=131.3  t=0.66s
  round  39/50: acc=0.5713  f1m=0.4796  uplink_kB=131.3  t=0.64s
  round  40/50: acc=0.5747  f1m=0.4866  uplink_kB=131.3  t=0.66s
  round  41/50: acc=0.8039  f1m=0.7970  uplink_kB=131.3  t=0.59s
  round  42/50: acc=0.7920  f1m=0.7834  uplink_kB=131.3  t=0.66s
  round  43/50: acc=0.7967  f1m=0.7888  uplink_kB=131.3  t=0.66s
  round  44/50: acc=0.8001  f1m=0.7924  uplink_kB=131.3  t=0.66s
  round  45/50: acc=0.7920  f1m=0.7833  uplink_kB=131.3  t=0.65s
  round  46/50: acc=0.7991  f1m=0.7913  uplink_kB=131.3  t=0.66s
  round  47/50: acc=0.7992  f1m=0.7913  uplink_kB=131.3  t=0.60s
  round  48/50: acc=0.8018  f1m=0.7944  uplink_kB=131.3  t=0.65s
  round  49/50: acc=0.8022  f1m=0.7948  uplink_kB=131.3  t=0.66s
  round  50/50: acc=0.8028  f1m=0.7954  uplink_kB=131.3  t=0.66s
[run] DONE -> /Users/agentra/Documents/hao/working/paper-lab/hao-paper-2026/iotj-fedkan-ids/repo/results/lrsweep_toniot/lrsweep_mlp80_lr0p01__dir0.1__seed29/metrics.json  final_acc=0.8028
