[run] device=cpu  seed=31  out=/Users/agentra/Documents/hao/working/paper-lab/hao-paper-2026/iotj-fedkan-ids/repo/results/lrsweep_cseciic/lrsweep_mlp32_lr0p003__dir0.1__seed31
[run] model=mlp  params=1,346
  round   1/50: acc=0.7601  f1m=0.7511  uplink_kB=52.6  t=1.38s
  round   2/50: acc=0.7518  f1m=0.7415  uplink_kB=52.6  t=0.69s
  round   3/50: acc=0.7733  f1m=0.7660  uplink_kB=52.6  t=0.69s
  round   4/50: acc=0.7763  f1m=0.7692  uplink_kB=52.6  t=0.68s
  round   5/50: acc=0.7830  f1m=0.7760  uplink_kB=52.6  t=0.70s
  round   6/50: acc=0.7844  f1m=0.7775  uplink_kB=52.6  t=0.61s
  round   7/50: acc=0.7904  f1m=0.7841  uplink_kB=52.6  t=0.68s
  round   8/50: acc=0.7992  f1m=0.7938  uplink_kB=52.6  t=0.66s
  round   9/50: acc=0.8018  f1m=0.7967  uplink_kB=52.6  t=0.70s
  round  10/50: acc=0.7924  f1m=0.7863  uplink_kB=52.6  t=0.70s
  round  11/50: acc=0.7975  f1m=0.7920  uplink_kB=52.6  t=0.70s
  round  12/50: acc=0.8303  f1m=0.8274  uplink_kB=52.6  t=0.68s
  round  13/50: acc=0.8275  f1m=0.8244  uplink_kB=52.6  t=0.67s
  round  14/50: acc=0.8456  f1m=0.8435  uplink_kB=52.6  t=0.61s
  round  15/50: acc=0.8231  f1m=0.8197  uplink_kB=52.6  t=0.67s
  round  16/50: acc=0.8412  f1m=0.8389  uplink_kB=52.6  t=0.66s
  round  17/50: acc=0.8555  f1m=0.8538  uplink_kB=52.6  t=0.65s
  round  18/50: acc=0.8618  f1m=0.8604  uplink_kB=52.6  t=0.63s
  round  19/50: acc=0.8945  f1m=0.8940  uplink_kB=52.6  t=0.67s
  round  20/50: acc=0.8938  f1m=0.8933  uplink_kB=52.6  t=0.68s
  round  21/50: acc=0.8967  f1m=0.8963  uplink_kB=52.6  t=0.57s
  round  22/50: acc=0.8981  f1m=0.8978  uplink_kB=52.6  t=0.68s
  round  23/50: acc=0.8996  f1m=0.8993  uplink_kB=52.6  t=0.70s
  round  24/50: acc=0.9047  f1m=0.9045  uplink_kB=52.6  t=0.67s
  round  25/50: acc=0.9029  f1m=0.9026  uplink_kB=52.6  t=0.69s
  round  26/50: acc=0.8991  f1m=0.8987  uplink_kB=52.6  t=0.69s
  round  27/50: acc=0.9046  f1m=0.9043  uplink_kB=52.6  t=0.65s
  round  28/50: acc=0.9127  f1m=0.9125  uplink_kB=52.6  t=0.67s
  round  29/50: acc=0.9071  f1m=0.9069  uplink_kB=52.6  t=0.59s
  round  30/50: acc=0.9104  f1m=0.9102  uplink_kB=52.6  t=0.65s
  round  31/50: acc=0.9143  f1m=0.9141  uplink_kB=52.6  t=0.66s
  round  32/50: acc=0.9128  f1m=0.9127  uplink_kB=52.6  t=0.69s
  round  33/50: acc=0.9131  f1m=0.9129  uplink_kB=52.6  t=0.67s
  round  34/50: acc=0.9120  f1m=0.9118  uplink_kB=52.6  t=0.63s
  round  35/50: acc=0.9232  f1m=0.9231  uplink_kB=52.6  t=0.67s
  round  36/50: acc=0.9144  f1m=0.9143  uplink_kB=52.6  t=0.64s
  round  37/50: acc=0.9241  f1m=0.9240  uplink_kB=52.6  t=0.60s
  round  38/50: acc=0.9295  f1m=0.9295  uplink_kB=52.6  t=0.70s
  round  39/50: acc=0.9273  f1m=0.9273  uplink_kB=52.6  t=0.80s
  round  40/50: acc=0.9284  f1m=0.9284  uplink_kB=52.6  t=0.67s
  round  41/50: acc=0.9250  f1m=0.9250  uplink_kB=52.6  t=0.62s
  round  42/50: acc=0.9311  f1m=0.9310  uplink_kB=52.6  t=0.63s
  round  43/50: acc=0.9301  f1m=0.9301  uplink_kB=52.6  t=0.69s
  round  44/50: acc=0.9302  f1m=0.9301  uplink_kB=52.6  t=0.64s
  round  45/50: acc=0.9266  f1m=0.9265  uplink_kB=52.6  t=0.63s
  round  46/50: acc=0.9250  f1m=0.9249  uplink_kB=52.6  t=0.71s
  round  47/50: acc=0.9267  f1m=0.9266  uplink_kB=52.6  t=0.63s
  round  48/50: acc=0.9268  f1m=0.9267  uplink_kB=52.6  t=0.65s
  round  49/50: acc=0.9302  f1m=0.9302  uplink_kB=52.6  t=0.72s
  round  50/50: acc=0.9316  f1m=0.9316  uplink_kB=52.6  t=0.68s
[run] DONE -> /Users/agentra/Documents/hao/working/paper-lab/hao-paper-2026/iotj-fedkan-ids/repo/results/lrsweep_cseciic/lrsweep_mlp32_lr0p003__dir0.1__seed31/metrics.json  final_acc=0.9316
