[run] device=cpu  seed=43  out=/Users/agentra/Documents/hao/working/paper-lab/hao-paper-2026/iotj-fedkan-ids/repo/results/lrsweep_cseciic/lrsweep_kan8_lr0p003__dir0.1__seed43
[run] model=kan  params=3,280
  round   1/50: acc=0.7613  f1m=0.7524  uplink_kB=150.2  t=2.11s
  round   2/50: acc=0.7454  f1m=0.7341  uplink_kB=150.2  t=1.68s
  round   3/50: acc=0.7817  f1m=0.7753  uplink_kB=150.2  t=1.61s
  round   4/50: acc=0.7950  f1m=0.7899  uplink_kB=150.2  t=1.61s
  round   5/50: acc=0.8503  f1m=0.8489  uplink_kB=150.2  t=1.62s
  round   6/50: acc=0.8845  f1m=0.8844  uplink_kB=150.2  t=1.55s
  round   7/50: acc=0.9029  f1m=0.9029  uplink_kB=150.2  t=1.61s
  round   8/50: acc=0.9033  f1m=0.9033  uplink_kB=150.2  t=1.64s
  round   9/50: acc=0.9032  f1m=0.9032  uplink_kB=150.2  t=1.61s
  round  10/50: acc=0.9028  f1m=0.9028  uplink_kB=150.2  t=1.66s
  round  11/50: acc=0.9036  f1m=0.9036  uplink_kB=150.2  t=1.65s
  round  12/50: acc=0.9050  f1m=0.9050  uplink_kB=150.2  t=1.64s
  round  13/50: acc=0.9050  f1m=0.9050  uplink_kB=150.2  t=1.56s
  round  14/50: acc=0.9071  f1m=0.9070  uplink_kB=150.2  t=1.63s
  round  15/50: acc=0.9076  f1m=0.9076  uplink_kB=150.2  t=1.64s
  round  16/50: acc=0.9086  f1m=0.9086  uplink_kB=150.2  t=1.64s
  round  17/50: acc=0.9087  f1m=0.9087  uplink_kB=150.2  t=1.63s
  round  18/50: acc=0.9090  f1m=0.9090  uplink_kB=150.2  t=1.63s
  round  19/50: acc=0.9105  f1m=0.9105  uplink_kB=150.2  t=1.61s
  round  20/50: acc=0.9101  f1m=0.9101  uplink_kB=150.2  t=1.62s
  round  21/50: acc=0.9117  f1m=0.9117  uplink_kB=150.2  t=1.65s
  round  22/50: acc=0.9313  f1m=0.9313  uplink_kB=150.2  t=1.57s
  round  23/50: acc=0.9345  f1m=0.9345  uplink_kB=150.2  t=1.61s
  round  24/50: acc=0.9398  f1m=0.9398  uplink_kB=150.2  t=1.60s
  round  25/50: acc=0.9420  f1m=0.9420  uplink_kB=150.2  t=1.62s
  round  26/50: acc=0.9507  f1m=0.9507  uplink_kB=150.2  t=1.65s
  round  27/50: acc=0.9512  f1m=0.9512  uplink_kB=150.2  t=1.65s
  round  28/50: acc=0.9530  f1m=0.9530  uplink_kB=150.2  t=1.59s
  round  29/50: acc=0.9514  f1m=0.9514  uplink_kB=150.2  t=1.60s
  round  30/50: acc=0.9543  f1m=0.9543  uplink_kB=150.2  t=1.63s
  round  31/50: acc=0.9595  f1m=0.9595  uplink_kB=150.2  t=1.60s
  round  32/50: acc=0.9622  f1m=0.9622  uplink_kB=150.2  t=1.63s
  round  33/50: acc=0.9628  f1m=0.9628  uplink_kB=150.2  t=1.64s
  round  34/50: acc=0.9646  f1m=0.9646  uplink_kB=150.2  t=1.62s
  round  35/50: acc=0.9644  f1m=0.9644  uplink_kB=150.2  t=1.60s
  round  36/50: acc=0.9646  f1m=0.9646  uplink_kB=150.2  t=1.61s
  round  37/50: acc=0.9641  f1m=0.9641  uplink_kB=150.2  t=1.61s
  round  38/50: acc=0.9651  f1m=0.9651  uplink_kB=150.2  t=1.61s
  round  39/50: acc=0.9660  f1m=0.9660  uplink_kB=150.2  t=1.60s
  round  40/50: acc=0.9662  f1m=0.9661  uplink_kB=150.2  t=1.61s
  round  41/50: acc=0.9654  f1m=0.9654  uplink_kB=150.2  t=1.65s
  round  42/50: acc=0.9652  f1m=0.9652  uplink_kB=150.2  t=1.63s
  round  43/50: acc=0.9669  f1m=0.9669  uplink_kB=150.2  t=1.59s
  round  44/50: acc=0.9668  f1m=0.9668  uplink_kB=150.2  t=1.68s
  round  45/50: acc=0.9676  f1m=0.9676  uplink_kB=150.2  t=1.62s
  round  46/50: acc=0.9681  f1m=0.9681  uplink_kB=150.2  t=1.62s
  round  47/50: acc=0.9667  f1m=0.9667  uplink_kB=150.2  t=1.63s
  round  48/50: acc=0.9667  f1m=0.9667  uplink_kB=150.2  t=1.61s
  round  49/50: acc=0.9672  f1m=0.9672  uplink_kB=150.2  t=1.56s
  round  50/50: acc=0.9692  f1m=0.9692  uplink_kB=150.2  t=1.54s
[run] DONE -> /Users/agentra/Documents/hao/working/paper-lab/hao-paper-2026/iotj-fedkan-ids/repo/results/lrsweep_cseciic/lrsweep_kan8_lr0p003__dir0.1__seed43/metrics.json  final_acc=0.9692
