[run] device=cpu  seed=2026  out=/Users/agentra/Documents/hao/working/paper-lab/hao-paper-2026/iotj-fedkan-ids/repo/results/lrsweep_cseciic/lrsweep_mlp80_lr0p003__dir0.1__seed2026
[run] model=mlp  params=3,362
  round   1/50: acc=0.9197  f1m=0.9195  uplink_kB=131.3  t=1.34s
  round   2/50: acc=0.9240  f1m=0.9238  uplink_kB=131.3  t=0.63s
  round   3/50: acc=0.9252  f1m=0.9250  uplink_kB=131.3  t=0.66s
  round   4/50: acc=0.9268  f1m=0.9266  uplink_kB=131.3  t=0.67s
  round   5/50: acc=0.9284  f1m=0.9282  uplink_kB=131.3  t=0.69s
  round   6/50: acc=0.9326  f1m=0.9324  uplink_kB=131.3  t=0.62s
  round   7/50: acc=0.9345  f1m=0.9343  uplink_kB=131.3  t=0.66s
  round   8/50: acc=0.9341  f1m=0.9339  uplink_kB=131.3  t=0.73s
  round   9/50: acc=0.9394  f1m=0.9392  uplink_kB=131.3  t=0.69s
  round  10/50: acc=0.9406  f1m=0.9404  uplink_kB=131.3  t=0.65s
  round  11/50: acc=0.9413  f1m=0.9412  uplink_kB=131.3  t=0.68s
  round  12/50: acc=0.9415  f1m=0.9413  uplink_kB=131.3  t=0.64s
  round  13/50: acc=0.9416  f1m=0.9414  uplink_kB=131.3  t=0.68s
  round  14/50: acc=0.9417  f1m=0.9416  uplink_kB=131.3  t=0.67s
  round  15/50: acc=0.9433  f1m=0.9431  uplink_kB=131.3  t=0.67s
  round  16/50: acc=0.9430  f1m=0.9429  uplink_kB=131.3  t=0.68s
  round  17/50: acc=0.9428  f1m=0.9426  uplink_kB=131.3  t=0.66s
  round  18/50: acc=0.9430  f1m=0.9429  uplink_kB=131.3  t=0.65s
  round  19/50: acc=0.9429  f1m=0.9428  uplink_kB=131.3  t=0.68s
  round  20/50: acc=0.9432  f1m=0.9430  uplink_kB=131.3  t=0.70s
  round  21/50: acc=0.9433  f1m=0.9431  uplink_kB=131.3  t=0.70s
  round  22/50: acc=0.9434  f1m=0.9432  uplink_kB=131.3  t=0.69s
  round  23/50: acc=0.9437  f1m=0.9435  uplink_kB=131.3  t=0.69s
  round  24/50: acc=0.9438  f1m=0.9436  uplink_kB=131.3  t=0.64s
  round  25/50: acc=0.9642  f1m=0.9641  uplink_kB=131.3  t=0.70s
  round  26/50: acc=0.9445  f1m=0.9444  uplink_kB=131.3  t=0.81s
  round  27/50: acc=0.9446  f1m=0.9445  uplink_kB=131.3  t=0.67s
  round  28/50: acc=0.9445  f1m=0.9444  uplink_kB=131.3  t=0.71s
  round  29/50: acc=0.9645  f1m=0.9645  uplink_kB=131.3  t=0.70s
  round  30/50: acc=0.9447  f1m=0.9445  uplink_kB=131.3  t=0.60s
  round  31/50: acc=0.9658  f1m=0.9658  uplink_kB=131.3  t=0.67s
  round  32/50: acc=0.9647  f1m=0.9647  uplink_kB=131.3  t=0.63s
  round  33/50: acc=0.9445  f1m=0.9443  uplink_kB=131.3  t=0.64s
  round  34/50: acc=0.9644  f1m=0.9644  uplink_kB=131.3  t=0.69s
  round  35/50: acc=0.9648  f1m=0.9648  uplink_kB=131.3  t=0.69s
  round  36/50: acc=0.9444  f1m=0.9443  uplink_kB=131.3  t=0.60s
  round  37/50: acc=0.9447  f1m=0.9445  uplink_kB=131.3  t=0.68s
  round  38/50: acc=0.9646  f1m=0.9645  uplink_kB=131.3  t=0.68s
  round  39/50: acc=0.9431  f1m=0.9429  uplink_kB=131.3  t=0.68s
  round  40/50: acc=0.9432  f1m=0.9430  uplink_kB=131.3  t=0.66s
  round  41/50: acc=0.9431  f1m=0.9429  uplink_kB=131.3  t=0.69s
  round  42/50: acc=0.9659  f1m=0.9659  uplink_kB=131.3  t=0.57s
  round  43/50: acc=0.9647  f1m=0.9647  uplink_kB=131.3  t=0.67s
  round  44/50: acc=0.9647  f1m=0.9647  uplink_kB=131.3  t=0.67s
  round  45/50: acc=0.9449  f1m=0.9447  uplink_kB=131.3  t=0.66s
  round  46/50: acc=0.9642  f1m=0.9642  uplink_kB=131.3  t=0.64s
  round  47/50: acc=0.9649  f1m=0.9649  uplink_kB=131.3  t=0.67s
  round  48/50: acc=0.9648  f1m=0.9648  uplink_kB=131.3  t=0.67s
  round  49/50: acc=0.9439  f1m=0.9438  uplink_kB=131.3  t=0.60s
  round  50/50: acc=0.9651  f1m=0.9651  uplink_kB=131.3  t=0.67s
[run] DONE -> /Users/agentra/Documents/hao/working/paper-lab/hao-paper-2026/iotj-fedkan-ids/repo/results/lrsweep_cseciic/lrsweep_mlp80_lr0p003__dir0.1__seed2026/metrics.json  final_acc=0.9651
