[run] device=cpu  seed=31  out=/Users/agentra/Documents/hao/working/paper-lab/hao-paper-2026/iotj-fedkan-ids/repo/results/lrsweep_cseciic_mc50k/lrsweep_kan16_lr0p001__dir0.1__seed31
[run] model=kan  params=8,640
  round   1/50: acc=0.2391  f1m=0.0619  uplink_kB=363.3  t=3.72s
  round   2/50: acc=0.1219  f1m=0.0147  uplink_kB=363.3  t=2.99s
  round   3/50: acc=0.1295  f1m=0.0226  uplink_kB=363.3  t=3.01s
  round   4/50: acc=0.2421  f1m=0.0561  uplink_kB=363.3  t=3.02s
  round   5/50: acc=0.3348  f1m=0.1273  uplink_kB=363.3  t=3.04s
  round   6/50: acc=0.3199  f1m=0.1116  uplink_kB=363.3  t=3.03s
  round   7/50: acc=0.3192  f1m=0.1111  uplink_kB=363.3  t=3.09s
  round   8/50: acc=0.3350  f1m=0.1315  uplink_kB=363.3  t=2.98s
  round   9/50: acc=0.3534  f1m=0.1479  uplink_kB=363.3  t=3.04s
  round  10/50: acc=0.4047  f1m=0.1905  uplink_kB=363.3  t=2.98s
  round  11/50: acc=0.4457  f1m=0.2129  uplink_kB=363.3  t=3.08s
  round  12/50: acc=0.4614  f1m=0.2190  uplink_kB=363.3  t=2.97s
  round  13/50: acc=0.4658  f1m=0.2193  uplink_kB=363.3  t=3.05s
  round  14/50: acc=0.5688  f1m=0.2753  uplink_kB=363.3  t=3.02s
  round  15/50: acc=0.5703  f1m=0.2765  uplink_kB=363.3  t=3.02s
  round  16/50: acc=0.5694  f1m=0.2763  uplink_kB=363.3  t=3.00s
  round  17/50: acc=0.5679  f1m=0.2757  uplink_kB=363.3  t=3.09s
  round  18/50: acc=0.5679  f1m=0.2752  uplink_kB=363.3  t=2.96s
  round  19/50: acc=0.5677  f1m=0.2750  uplink_kB=363.3  t=3.05s
  round  20/50: acc=0.5687  f1m=0.2753  uplink_kB=363.3  t=3.00s
  round  21/50: acc=0.5677  f1m=0.2746  uplink_kB=363.3  t=3.10s
  round  22/50: acc=0.5695  f1m=0.2782  uplink_kB=363.3  t=2.96s
  round  23/50: acc=0.5727  f1m=0.2832  uplink_kB=363.3  t=3.07s
  round  24/50: acc=0.5752  f1m=0.2861  uplink_kB=363.3  t=3.02s
  round  25/50: acc=0.5754  f1m=0.2860  uplink_kB=363.3  t=3.00s
  round  26/50: acc=0.5758  f1m=0.2862  uplink_kB=363.3  t=3.06s
  round  27/50: acc=0.5757  f1m=0.2859  uplink_kB=363.3  t=3.01s
  round  28/50: acc=0.5760  f1m=0.2854  uplink_kB=363.3  t=3.02s
  round  29/50: acc=0.5798  f1m=0.2890  uplink_kB=363.3  t=3.05s
  round  30/50: acc=0.5800  f1m=0.2889  uplink_kB=363.3  t=3.04s
  round  31/50: acc=0.5807  f1m=0.2895  uplink_kB=363.3  t=3.03s
  round  32/50: acc=0.5820  f1m=0.2907  uplink_kB=363.3  t=2.94s
  round  33/50: acc=0.7002  f1m=0.4020  uplink_kB=363.3  t=3.08s
  round  34/50: acc=0.7065  f1m=0.4048  uplink_kB=363.3  t=2.95s
  round  35/50: acc=0.7066  f1m=0.4045  uplink_kB=363.3  t=3.04s
  round  36/50: acc=0.7162  f1m=0.4122  uplink_kB=363.3  t=3.01s
  round  37/50: acc=0.7167  f1m=0.4130  uplink_kB=363.3  t=3.04s
  round  38/50: acc=0.7168  f1m=0.4137  uplink_kB=363.3  t=3.03s
  round  39/50: acc=0.7301  f1m=0.4213  uplink_kB=363.3  t=3.02s
  round  40/50: acc=0.7392  f1m=0.4265  uplink_kB=363.3  t=3.01s
  round  41/50: acc=0.7408  f1m=0.4274  uplink_kB=363.3  t=3.05s
  round  42/50: acc=0.7543  f1m=0.4341  uplink_kB=363.3  t=2.95s
  round  43/50: acc=0.7550  f1m=0.4352  uplink_kB=363.3  t=3.05s
  round  44/50: acc=0.7558  f1m=0.4362  uplink_kB=363.3  t=3.00s
  round  45/50: acc=0.7583  f1m=0.4412  uplink_kB=363.3  t=3.01s
  round  46/50: acc=0.7589  f1m=0.4416  uplink_kB=363.3  t=3.07s
  round  47/50: acc=0.7612  f1m=0.4462  uplink_kB=363.3  t=2.95s
  round  48/50: acc=0.7635  f1m=0.4495  uplink_kB=363.3  t=3.03s
  round  49/50: acc=0.7654  f1m=0.4524  uplink_kB=363.3  t=2.93s
  round  50/50: acc=0.7704  f1m=0.4597  uplink_kB=363.3  t=3.09s
[run] DONE -> /Users/agentra/Documents/hao/working/paper-lab/hao-paper-2026/iotj-fedkan-ids/repo/results/lrsweep_cseciic_mc50k/lrsweep_kan16_lr0p001__dir0.1__seed31/metrics.json  final_acc=0.7704
