[run] device=cpu  seed=115  out=/Users/agentra/Documents/hao/working/paper-lab/hao-paper-2026/iotj-fedkan-ids/repo/results/lrsweep_toniot/lrsweep_mlp80_lr0p01__dir0.1__seed115
[run] model=mlp  params=3,362
  round   1/50: acc=0.5000  f1m=0.3333  uplink_kB=131.3  t=1.39s
  round   2/50: acc=0.5000  f1m=0.3333  uplink_kB=131.3  t=0.77s
  round   3/50: acc=0.5000  f1m=0.3333  uplink_kB=131.3  t=0.77s
  round   4/50: acc=0.5000  f1m=0.3333  uplink_kB=131.3  t=0.78s
  round   5/50: acc=0.5000  f1m=0.3333  uplink_kB=131.3  t=0.73s
  round   6/50: acc=0.5000  f1m=0.3333  uplink_kB=131.3  t=0.79s
  round   7/50: acc=0.5000  f1m=0.3333  uplink_kB=131.3  t=0.77s
  round   8/50: acc=0.5000  f1m=0.3333  uplink_kB=131.3  t=0.75s
  round   9/50: acc=0.5000  f1m=0.3333  uplink_kB=131.3  t=0.76s
  round  10/50: acc=0.5000  f1m=0.3333  uplink_kB=131.3  t=0.78s
  round  11/50: acc=0.5000  f1m=0.3333  uplink_kB=131.3  t=0.80s
  round  12/50: acc=0.5002  f1m=0.3338  uplink_kB=131.3  t=0.68s
  round  13/50: acc=0.5007  f1m=0.3350  uplink_kB=131.3  t=0.83s
  round  14/50: acc=0.5013  f1m=0.3367  uplink_kB=131.3  t=0.77s
  round  15/50: acc=0.5117  f1m=0.3594  uplink_kB=131.3  t=0.77s
  round  16/50: acc=0.5261  f1m=0.3897  uplink_kB=131.3  t=0.78s
  round  17/50: acc=0.5303  f1m=0.3984  uplink_kB=131.3  t=0.78s
  round  18/50: acc=0.5314  f1m=0.4006  uplink_kB=131.3  t=0.71s
  round  19/50: acc=0.5325  f1m=0.4027  uplink_kB=131.3  t=0.83s
  round  20/50: acc=0.5311  f1m=0.3996  uplink_kB=131.3  t=0.80s
  round  21/50: acc=0.5305  f1m=0.3984  uplink_kB=131.3  t=0.80s
  round  22/50: acc=0.5327  f1m=0.4031  uplink_kB=131.3  t=0.80s
  round  23/50: acc=0.5346  f1m=0.4073  uplink_kB=131.3  t=0.80s
  round  24/50: acc=0.5302  f1m=0.3978  uplink_kB=131.3  t=0.79s
  round  25/50: acc=0.5173  f1m=0.3713  uplink_kB=131.3  t=0.71s
  round  26/50: acc=0.5306  f1m=0.3986  uplink_kB=131.3  t=0.77s
  round  27/50: acc=0.5273  f1m=0.3921  uplink_kB=131.3  t=0.83s
  round  28/50: acc=0.5269  f1m=0.3912  uplink_kB=131.3  t=0.80s
  round  29/50: acc=0.5299  f1m=0.3973  uplink_kB=131.3  t=0.80s
  round  30/50: acc=0.5287  f1m=0.3949  uplink_kB=131.3  t=0.78s
  round  31/50: acc=0.5342  f1m=0.4059  uplink_kB=131.3  t=0.74s
  round  32/50: acc=0.5364  f1m=0.4107  uplink_kB=131.3  t=0.78s
  round  33/50: acc=0.5372  f1m=0.4125  uplink_kB=131.3  t=0.76s
  round  34/50: acc=0.5436  f1m=0.4250  uplink_kB=131.3  t=0.78s
  round  35/50: acc=0.5426  f1m=0.4231  uplink_kB=131.3  t=0.80s
  round  36/50: acc=0.5427  f1m=0.4231  uplink_kB=131.3  t=0.79s
  round  37/50: acc=0.5557  f1m=0.4478  uplink_kB=131.3  t=0.78s
  round  38/50: acc=0.5533  f1m=0.4433  uplink_kB=131.3  t=0.75s
  round  39/50: acc=0.5361  f1m=0.4101  uplink_kB=131.3  t=0.80s
  round  40/50: acc=0.5484  f1m=0.4340  uplink_kB=131.3  t=0.80s
  round  41/50: acc=0.5431  f1m=0.4237  uplink_kB=131.3  t=0.84s
  round  42/50: acc=0.5580  f1m=0.4519  uplink_kB=131.3  t=0.79s
  round  43/50: acc=0.5417  f1m=0.4209  uplink_kB=131.3  t=0.77s
  round  44/50: acc=0.5420  f1m=0.4217  uplink_kB=131.3  t=0.73s
  round  45/50: acc=0.5587  f1m=0.4533  uplink_kB=131.3  t=0.77s
  round  46/50: acc=0.5604  f1m=0.4564  uplink_kB=131.3  t=0.88s
  round  47/50: acc=0.5583  f1m=0.4525  uplink_kB=131.3  t=0.81s
  round  48/50: acc=0.5597  f1m=0.4551  uplink_kB=131.3  t=0.80s
  round  49/50: acc=0.5612  f1m=0.4581  uplink_kB=131.3  t=0.79s
  round  50/50: acc=0.5613  f1m=0.4582  uplink_kB=131.3  t=0.78s
[run] DONE -> /Users/agentra/Documents/hao/working/paper-lab/hao-paper-2026/iotj-fedkan-ids/repo/results/lrsweep_toniot/lrsweep_mlp80_lr0p01__dir0.1__seed115/metrics.json  final_acc=0.5613
