[run] device=cpu  seed=116  out=/Users/agentra/Documents/hao/working/paper-lab/hao-paper-2026/iotj-fedkan-ids/repo/results/lrsweep_toniot/lrsweep_kan8_lr0p01__dir0.1__seed116
[run] model=kan  params=3,280
  round   1/50: acc=0.5084  f1m=0.3518  uplink_kB=150.2  t=2.56s
  round   2/50: acc=0.7622  f1m=0.7622  uplink_kB=150.2  t=1.91s
  round   3/50: acc=0.7752  f1m=0.7750  uplink_kB=150.2  t=1.98s
  round   4/50: acc=0.8971  f1m=0.8969  uplink_kB=150.2  t=1.88s
  round   5/50: acc=0.9111  f1m=0.9110  uplink_kB=150.2  t=1.97s
  round   6/50: acc=0.9287  f1m=0.9286  uplink_kB=150.2  t=1.96s
  round   7/50: acc=0.9344  f1m=0.9344  uplink_kB=150.2  t=1.92s
  round   8/50: acc=0.9383  f1m=0.9382  uplink_kB=150.2  t=1.84s
  round   9/50: acc=0.9478  f1m=0.9478  uplink_kB=150.2  t=1.91s
  round  10/50: acc=0.9497  f1m=0.9497  uplink_kB=150.2  t=1.94s
  round  11/50: acc=0.9510  f1m=0.9510  uplink_kB=150.2  t=1.91s
  round  12/50: acc=0.9525  f1m=0.9524  uplink_kB=150.2  t=1.87s
  round  13/50: acc=0.9534  f1m=0.9534  uplink_kB=150.2  t=1.94s
  round  14/50: acc=0.9534  f1m=0.9533  uplink_kB=150.2  t=1.83s
  round  15/50: acc=0.9539  f1m=0.9539  uplink_kB=150.2  t=1.93s
  round  16/50: acc=0.9557  f1m=0.9556  uplink_kB=150.2  t=1.91s
  round  17/50: acc=0.9552  f1m=0.9552  uplink_kB=150.2  t=1.88s
  round  18/50: acc=0.9540  f1m=0.9540  uplink_kB=150.2  t=2.01s
  round  19/50: acc=0.9566  f1m=0.9566  uplink_kB=150.2  t=1.87s
  round  20/50: acc=0.9573  f1m=0.9573  uplink_kB=150.2  t=1.96s
  round  21/50: acc=0.9569  f1m=0.9569  uplink_kB=150.2  t=1.90s
  round  22/50: acc=0.9585  f1m=0.9585  uplink_kB=150.2  t=1.91s
  round  23/50: acc=0.9557  f1m=0.9557  uplink_kB=150.2  t=1.86s
  round  24/50: acc=0.9576  f1m=0.9576  uplink_kB=150.2  t=1.88s
  round  25/50: acc=0.9572  f1m=0.9572  uplink_kB=150.2  t=1.93s
  round  26/50: acc=0.9583  f1m=0.9583  uplink_kB=150.2  t=1.94s
  round  27/50: acc=0.9540  f1m=0.9540  uplink_kB=150.2  t=1.91s
  round  28/50: acc=0.9577  f1m=0.9576  uplink_kB=150.2  t=2.01s
  round  29/50: acc=0.9542  f1m=0.9542  uplink_kB=150.2  t=1.87s
  round  30/50: acc=0.9602  f1m=0.9601  uplink_kB=150.2  t=1.93s
  round  31/50: acc=0.9533  f1m=0.9532  uplink_kB=150.2  t=1.90s
  round  32/50: acc=0.9578  f1m=0.9578  uplink_kB=150.2  t=1.90s
  round  33/50: acc=0.9598  f1m=0.9598  uplink_kB=150.2  t=1.93s
  round  34/50: acc=0.9583  f1m=0.9583  uplink_kB=150.2  t=1.95s
  round  35/50: acc=0.9592  f1m=0.9592  uplink_kB=150.2  t=1.93s
  round  36/50: acc=0.9602  f1m=0.9601  uplink_kB=150.2  t=1.91s
  round  37/50: acc=0.9601  f1m=0.9600  uplink_kB=150.2  t=1.81s
  round  38/50: acc=0.9614  f1m=0.9614  uplink_kB=150.2  t=1.95s
  round  39/50: acc=0.9629  f1m=0.9629  uplink_kB=150.2  t=1.91s
  round  40/50: acc=0.9625  f1m=0.9625  uplink_kB=150.2  t=1.87s
  round  41/50: acc=0.9600  f1m=0.9600  uplink_kB=150.2  t=1.96s
  round  42/50: acc=0.9626  f1m=0.9626  uplink_kB=150.2  t=1.91s
  round  43/50: acc=0.9598  f1m=0.9598  uplink_kB=150.2  t=1.82s
  round  44/50: acc=0.9627  f1m=0.9627  uplink_kB=150.2  t=1.92s
  round  45/50: acc=0.9630  f1m=0.9630  uplink_kB=150.2  t=1.92s
  round  46/50: acc=0.9652  f1m=0.9652  uplink_kB=150.2  t=1.96s
  round  47/50: acc=0.9634  f1m=0.9634  uplink_kB=150.2  t=1.91s
  round  48/50: acc=0.9615  f1m=0.9615  uplink_kB=150.2  t=1.93s
  round  49/50: acc=0.9633  f1m=0.9633  uplink_kB=150.2  t=1.91s
  round  50/50: acc=0.9659  f1m=0.9659  uplink_kB=150.2  t=1.85s
[run] DONE -> /Users/agentra/Documents/hao/working/paper-lab/hao-paper-2026/iotj-fedkan-ids/repo/results/lrsweep_toniot/lrsweep_kan8_lr0p01__dir0.1__seed116/metrics.json  final_acc=0.9659
