[run] device=cpu  seed=42  out=/Users/agentra/Documents/hao/working/paper-lab/hao-paper-2026/iotj-fedkan-ids/repo/results/lrsweep_toniot/lrsweep_kan16_lr0p1__dir0.1__seed42
[run] model=kan  params=6,560
  round   1/50: acc=0.5000  f1m=0.3333  uplink_kB=282.0  t=2.53s
  round   2/50: acc=0.5002  f1m=0.3338  uplink_kB=282.0  t=1.89s
  round   3/50: acc=0.5927  f1m=0.5374  uplink_kB=282.0  t=1.89s
  round   4/50: acc=0.5047  f1m=0.3603  uplink_kB=282.0  t=1.89s
  round   5/50: acc=0.8205  f1m=0.8196  uplink_kB=282.0  t=1.82s
  round   6/50: acc=0.5611  f1m=0.5532  uplink_kB=282.0  t=1.90s
  round   7/50: acc=0.5002  f1m=0.3341  uplink_kB=282.0  t=1.89s
  round   8/50: acc=0.5000  f1m=0.3333  uplink_kB=282.0  t=1.87s
  round   9/50: acc=0.5005  f1m=0.3344  uplink_kB=282.0  t=1.86s
  round  10/50: acc=0.4987  f1m=0.3360  uplink_kB=282.0  t=1.90s
  round  11/50: acc=0.5979  f1m=0.5968  uplink_kB=282.0  t=1.90s
  round  12/50: acc=0.5000  f1m=0.3333  uplink_kB=282.0  t=1.89s
  round  13/50: acc=0.3673  f1m=0.3352  uplink_kB=282.0  t=1.86s
  round  14/50: acc=0.5218  f1m=0.4688  uplink_kB=282.0  t=1.90s
  round  15/50: acc=0.5065  f1m=0.3532  uplink_kB=282.0  t=1.90s
  round  16/50: acc=0.3724  f1m=0.3440  uplink_kB=282.0  t=1.87s
  round  17/50: acc=0.5260  f1m=0.4712  uplink_kB=282.0  t=1.85s
  round  18/50: acc=0.3195  f1m=0.3173  uplink_kB=282.0  t=1.91s
  round  19/50: acc=0.4638  f1m=0.4104  uplink_kB=282.0  t=1.84s
  round  20/50: acc=0.5273  f1m=0.4769  uplink_kB=282.0  t=1.87s
  round  21/50: acc=0.3417  f1m=0.3397  uplink_kB=282.0  t=1.89s
  round  22/50: acc=0.4256  f1m=0.3582  uplink_kB=282.0  t=1.87s
  round  23/50: acc=0.3213  f1m=0.3199  uplink_kB=282.0  t=1.88s
  round  24/50: acc=0.2330  f1m=0.2156  uplink_kB=282.0  t=1.94s
  round  25/50: acc=0.5436  f1m=0.5125  uplink_kB=282.0  t=1.82s
  round  26/50: acc=0.3247  f1m=0.3240  uplink_kB=282.0  t=1.92s
  round  27/50: acc=0.3278  f1m=0.3267  uplink_kB=282.0  t=1.82s
  round  28/50: acc=0.4836  f1m=0.3497  uplink_kB=282.0  t=1.88s
  round  29/50: acc=0.2960  f1m=0.2886  uplink_kB=282.0  t=1.91s
  round  30/50: acc=0.3221  f1m=0.3216  uplink_kB=282.0  t=1.92s
  round  31/50: acc=0.5050  f1m=0.3659  uplink_kB=282.0  t=1.94s
  round  32/50: acc=0.6219  f1m=0.5741  uplink_kB=282.0  t=1.84s
  round  33/50: acc=0.4860  f1m=0.3453  uplink_kB=282.0  t=1.89s
  round  34/50: acc=0.5024  f1m=0.3472  uplink_kB=282.0  t=1.85s
  round  35/50: acc=0.2115  f1m=0.1798  uplink_kB=282.0  t=1.87s
  round  36/50: acc=0.4934  f1m=0.3395  uplink_kB=282.0  t=1.93s
  round  37/50: acc=0.3390  f1m=0.3374  uplink_kB=282.0  t=1.90s
  round  38/50: acc=0.3382  f1m=0.3367  uplink_kB=282.0  t=1.90s
  round  39/50: acc=0.3750  f1m=0.3519  uplink_kB=282.0  t=1.93s
  round  40/50: acc=0.3005  f1m=0.2918  uplink_kB=282.0  t=1.85s
  round  41/50: acc=0.7633  f1m=0.7598  uplink_kB=282.0  t=1.91s
  round  42/50: acc=0.3374  f1m=0.3356  uplink_kB=282.0  t=1.88s
  round  43/50: acc=0.2096  f1m=0.1733  uplink_kB=282.0  t=1.89s
  round  44/50: acc=0.4999  f1m=0.3563  uplink_kB=282.0  t=1.88s
  round  45/50: acc=0.5000  f1m=0.3333  uplink_kB=282.0  t=1.85s
  round  46/50: acc=0.5000  f1m=0.3333  uplink_kB=282.0  t=1.92s
  round  47/50: acc=0.5000  f1m=0.3333  uplink_kB=282.0  t=1.85s
  round  48/50: acc=0.5000  f1m=0.3333  uplink_kB=282.0  t=1.85s
  round  49/50: acc=0.5000  f1m=0.3333  uplink_kB=282.0  t=1.90s
  round  50/50: acc=0.5000  f1m=0.3333  uplink_kB=282.0  t=1.79s
[run] DONE -> /Users/agentra/Documents/hao/working/paper-lab/hao-paper-2026/iotj-fedkan-ids/repo/results/lrsweep_toniot/lrsweep_kan16_lr0p1__dir0.1__seed42/metrics.json  final_acc=0.5000
