[run] device=cpu  seed=2026  out=/Users/agentra/Documents/hao/working/paper-lab/hao-paper-2026/iotj-fedkan-ids/repo/results/sensitivity_botiot/sens_h4__dir0.1__seed2026
[run] model=kan  params=1,640
  round   1/50: acc=0.4989  f1m=0.3328  uplink_kB=84.2  t=2.41s
  round   2/50: acc=0.4989  f1m=0.3328  uplink_kB=84.2  t=1.57s
  round   3/50: acc=0.4989  f1m=0.3328  uplink_kB=84.2  t=1.49s
  round   4/50: acc=0.4989  f1m=0.3328  uplink_kB=84.2  t=1.54s
  round   5/50: acc=0.4989  f1m=0.3328  uplink_kB=84.2  t=1.45s
  round   6/50: acc=0.4989  f1m=0.3328  uplink_kB=84.2  t=1.52s
  round   7/50: acc=0.4989  f1m=0.3328  uplink_kB=84.2  t=1.51s
  round   8/50: acc=0.4989  f1m=0.3328  uplink_kB=84.2  t=1.56s
  round   9/50: acc=0.4986  f1m=0.3328  uplink_kB=84.2  t=1.51s
  round  10/50: acc=0.7907  f1m=0.7816  uplink_kB=84.2  t=1.49s
  round  11/50: acc=0.7852  f1m=0.7753  uplink_kB=84.2  t=1.52s
  round  12/50: acc=0.7991  f1m=0.7912  uplink_kB=84.2  t=1.44s
  round  13/50: acc=0.7813  f1m=0.7706  uplink_kB=84.2  t=1.51s
  round  14/50: acc=0.8075  f1m=0.8004  uplink_kB=84.2  t=1.51s
  round  15/50: acc=0.8454  f1m=0.8419  uplink_kB=84.2  t=1.49s
  round  16/50: acc=0.8142  f1m=0.8078  uplink_kB=84.2  t=1.49s
  round  17/50: acc=0.8204  f1m=0.8147  uplink_kB=84.2  t=1.51s
  round  18/50: acc=0.8177  f1m=0.8116  uplink_kB=84.2  t=1.51s
  round  19/50: acc=0.9170  f1m=0.9165  uplink_kB=84.2  t=1.55s
  round  20/50: acc=0.8922  f1m=0.8910  uplink_kB=84.2  t=1.38s
  round  21/50: acc=0.8910  f1m=0.8898  uplink_kB=84.2  t=1.41s
  round  22/50: acc=0.9524  f1m=0.9523  uplink_kB=84.2  t=1.42s
  round  23/50: acc=0.9553  f1m=0.9553  uplink_kB=84.2  t=1.50s
  round  24/50: acc=0.9649  f1m=0.9649  uplink_kB=84.2  t=1.52s
  round  25/50: acc=0.9640  f1m=0.9640  uplink_kB=84.2  t=1.44s
  round  26/50: acc=0.9617  f1m=0.9617  uplink_kB=84.2  t=1.55s
  round  27/50: acc=0.9651  f1m=0.9650  uplink_kB=84.2  t=1.54s
  round  28/50: acc=0.9654  f1m=0.9654  uplink_kB=84.2  t=1.50s
  round  29/50: acc=0.9654  f1m=0.9654  uplink_kB=84.2  t=1.56s
  round  30/50: acc=0.9655  f1m=0.9655  uplink_kB=84.2  t=1.53s
  round  31/50: acc=0.9653  f1m=0.9653  uplink_kB=84.2  t=1.51s
  round  32/50: acc=0.9646  f1m=0.9645  uplink_kB=84.2  t=1.45s
  round  33/50: acc=0.9656  f1m=0.9655  uplink_kB=84.2  t=1.49s
  round  34/50: acc=0.9654  f1m=0.9654  uplink_kB=84.2  t=1.54s
  round  35/50: acc=0.9641  f1m=0.9640  uplink_kB=84.2  t=1.48s
  round  36/50: acc=0.9639  f1m=0.9638  uplink_kB=84.2  t=1.56s
  round  37/50: acc=0.9657  f1m=0.9656  uplink_kB=84.2  t=1.98s
  round  38/50: acc=0.9657  f1m=0.9657  uplink_kB=84.2  t=1.55s
  round  39/50: acc=0.9630  f1m=0.9629  uplink_kB=84.2  t=1.62s
  round  40/50: acc=0.9647  f1m=0.9647  uplink_kB=84.2  t=1.65s
  round  41/50: acc=0.9637  f1m=0.9637  uplink_kB=84.2  t=1.66s
  round  42/50: acc=0.9649  f1m=0.9649  uplink_kB=84.2  t=1.67s
  round  43/50: acc=0.9610  f1m=0.9610  uplink_kB=84.2  t=1.61s
  round  44/50: acc=0.9591  f1m=0.9591  uplink_kB=84.2  t=1.54s
  round  45/50: acc=0.9460  f1m=0.9458  uplink_kB=84.2  t=1.55s
  round  46/50: acc=0.9560  f1m=0.9560  uplink_kB=84.2  t=1.47s
  round  47/50: acc=0.9567  f1m=0.9567  uplink_kB=84.2  t=1.57s
  round  48/50: acc=0.9562  f1m=0.9561  uplink_kB=84.2  t=1.51s
  round  49/50: acc=0.9318  f1m=0.9315  uplink_kB=84.2  t=1.54s
  round  50/50: acc=0.9249  f1m=0.9245  uplink_kB=84.2  t=1.53s
[run] DONE -> /Users/agentra/Documents/hao/working/paper-lab/hao-paper-2026/iotj-fedkan-ids/repo/results/sensitivity_botiot/sens_h4__dir0.1__seed2026/metrics.json  final_acc=0.9249
