[run] device=cpu  seed=2026  out=/Users/agentra/Documents/hao/working/paper-lab/hao-paper-2026/iotj-fedkan-ids/repo/results/lrsweep_cseciic_mc/lrsweep_kan8_lr0p03__dir0.1__seed2026
[run] model=kan  params=4,320
  round   1/50: acc=0.4386  f1m=0.1311  uplink_kB=190.8  t=6.32s
  round   2/50: acc=0.5870  f1m=0.3352  uplink_kB=190.8  t=5.46s
  round   3/50: acc=0.7365  f1m=0.4676  uplink_kB=190.8  t=5.48s
  round   4/50: acc=0.8125  f1m=0.6381  uplink_kB=190.8  t=5.37s
  round   5/50: acc=0.8221  f1m=0.6102  uplink_kB=190.8  t=5.38s
  round   6/50: acc=0.8543  f1m=0.7094  uplink_kB=190.8  t=5.29s
  round   7/50: acc=0.8657  f1m=0.7246  uplink_kB=190.8  t=5.38s
  round   8/50: acc=0.8564  f1m=0.7066  uplink_kB=190.8  t=5.34s
  round   9/50: acc=0.8664  f1m=0.7343  uplink_kB=190.8  t=5.38s
  round  10/50: acc=0.8470  f1m=0.6482  uplink_kB=190.8  t=5.35s
  round  11/50: acc=0.8584  f1m=0.7267  uplink_kB=190.8  t=5.36s
  round  12/50: acc=0.8643  f1m=0.7040  uplink_kB=190.8  t=5.39s
  round  13/50: acc=0.8358  f1m=0.6314  uplink_kB=190.8  t=5.59s
  round  14/50: acc=0.8572  f1m=0.6647  uplink_kB=190.8  t=5.42s
  round  15/50: acc=0.8548  f1m=0.7070  uplink_kB=190.8  t=5.41s
  round  16/50: acc=0.8659  f1m=0.7295  uplink_kB=190.8  t=5.67s
  round  17/50: acc=0.8689  f1m=0.7288  uplink_kB=190.8  t=5.46s
  round  18/50: acc=0.8759  f1m=0.7379  uplink_kB=190.8  t=5.41s
  round  19/50: acc=0.8702  f1m=0.7362  uplink_kB=190.8  t=5.41s
  round  20/50: acc=0.8756  f1m=0.7426  uplink_kB=190.8  t=5.27s
  round  21/50: acc=0.8775  f1m=0.7503  uplink_kB=190.8  t=5.36s
  round  22/50: acc=0.8661  f1m=0.7068  uplink_kB=190.8  t=5.34s
  round  23/50: acc=0.8648  f1m=0.7380  uplink_kB=190.8  t=5.34s
  round  24/50: acc=0.8579  f1m=0.7244  uplink_kB=190.8  t=5.32s
  round  25/50: acc=0.8121  f1m=0.6081  uplink_kB=190.8  t=5.32s
  round  26/50: acc=0.8759  f1m=0.7266  uplink_kB=190.8  t=5.30s
  round  27/50: acc=0.8692  f1m=0.7375  uplink_kB=190.8  t=5.32s
  round  28/50: acc=0.8636  f1m=0.7301  uplink_kB=190.8  t=5.29s
  round  29/50: acc=0.8778  f1m=0.7379  uplink_kB=190.8  t=5.27s
  round  30/50: acc=0.8770  f1m=0.7444  uplink_kB=190.8  t=5.34s
  round  31/50: acc=0.8839  f1m=0.7464  uplink_kB=190.8  t=5.25s
  round  32/50: acc=0.8772  f1m=0.7326  uplink_kB=190.8  t=5.42s
  round  33/50: acc=0.8684  f1m=0.7095  uplink_kB=190.8  t=5.29s
  round  34/50: acc=0.8721  f1m=0.7425  uplink_kB=190.8  t=5.34s
  round  35/50: acc=0.8633  f1m=0.7349  uplink_kB=190.8  t=5.31s
  round  36/50: acc=0.8678  f1m=0.7399  uplink_kB=190.8  t=5.39s
  round  37/50: acc=0.8639  f1m=0.7271  uplink_kB=190.8  t=5.33s
  round  38/50: acc=0.8779  f1m=0.7451  uplink_kB=190.8  t=5.35s
  round  39/50: acc=0.8537  f1m=0.7144  uplink_kB=190.8  t=5.23s
  round  40/50: acc=0.8828  f1m=0.7447  uplink_kB=190.8  t=5.34s
  round  41/50: acc=0.8771  f1m=0.7419  uplink_kB=190.8  t=5.28s
  round  42/50: acc=0.8852  f1m=0.7556  uplink_kB=190.8  t=5.32s
  round  43/50: acc=0.8673  f1m=0.7372  uplink_kB=190.8  t=5.34s
  round  44/50: acc=0.8634  f1m=0.7112  uplink_kB=190.8  t=5.28s
  round  45/50: acc=0.8517  f1m=0.7213  uplink_kB=190.8  t=5.34s
  round  46/50: acc=0.8775  f1m=0.7168  uplink_kB=190.8  t=5.27s
  round  47/50: acc=0.8606  f1m=0.6710  uplink_kB=190.8  t=5.28s
  round  48/50: acc=0.8455  f1m=0.7078  uplink_kB=190.8  t=5.27s
  round  49/50: acc=0.8714  f1m=0.7359  uplink_kB=190.8  t=5.26s
  round  50/50: acc=0.8496  f1m=0.6986  uplink_kB=190.8  t=5.36s
[run] DONE -> /Users/agentra/Documents/hao/working/paper-lab/hao-paper-2026/iotj-fedkan-ids/repo/results/lrsweep_cseciic_mc/lrsweep_kan8_lr0p03__dir0.1__seed2026/metrics.json  final_acc=0.8496
