[run] device=cpu  seed=2026  out=/Users/agentra/Documents/hao/working/paper-lab/hao-paper-2026/iotj-fedkan-ids/repo/results/lrsweep_toniot/lrsweep_kan8_lr0p01__dir0.1__seed2026
[run] model=kan  params=3,280
  round   1/50: acc=0.7551  f1m=0.7550  uplink_kB=150.2  t=2.14s
  round   2/50: acc=0.7614  f1m=0.7553  uplink_kB=150.2  t=1.61s
  round   3/50: acc=0.8890  f1m=0.8889  uplink_kB=150.2  t=1.60s
  round   4/50: acc=0.9077  f1m=0.9077  uplink_kB=150.2  t=1.63s
  round   5/50: acc=0.9171  f1m=0.9171  uplink_kB=150.2  t=1.54s
  round   6/50: acc=0.9255  f1m=0.9255  uplink_kB=150.2  t=1.63s
  round   7/50: acc=0.9140  f1m=0.9139  uplink_kB=150.2  t=1.62s
  round   8/50: acc=0.9293  f1m=0.9293  uplink_kB=150.2  t=1.60s
  round   9/50: acc=0.9221  f1m=0.9220  uplink_kB=150.2  t=1.59s
  round  10/50: acc=0.9319  f1m=0.9319  uplink_kB=150.2  t=1.63s
  round  11/50: acc=0.9284  f1m=0.9283  uplink_kB=150.2  t=1.58s
  round  12/50: acc=0.9362  f1m=0.9361  uplink_kB=150.2  t=1.61s
  round  13/50: acc=0.9427  f1m=0.9426  uplink_kB=150.2  t=1.61s
  round  14/50: acc=0.9328  f1m=0.9328  uplink_kB=150.2  t=1.58s
  round  15/50: acc=0.9380  f1m=0.9380  uplink_kB=150.2  t=1.59s
  round  16/50: acc=0.9410  f1m=0.9410  uplink_kB=150.2  t=1.62s
  round  17/50: acc=0.9382  f1m=0.9382  uplink_kB=150.2  t=1.60s
  round  18/50: acc=0.9475  f1m=0.9475  uplink_kB=150.2  t=1.57s
  round  19/50: acc=0.9414  f1m=0.9414  uplink_kB=150.2  t=1.59s
  round  20/50: acc=0.9547  f1m=0.9547  uplink_kB=150.2  t=1.64s
  round  21/50: acc=0.9301  f1m=0.9301  uplink_kB=150.2  t=1.60s
  round  22/50: acc=0.9401  f1m=0.9401  uplink_kB=150.2  t=1.63s
  round  23/50: acc=0.9400  f1m=0.9400  uplink_kB=150.2  t=1.61s
  round  24/50: acc=0.9506  f1m=0.9506  uplink_kB=150.2  t=1.59s
  round  25/50: acc=0.9559  f1m=0.9559  uplink_kB=150.2  t=1.56s
  round  26/50: acc=0.9313  f1m=0.9312  uplink_kB=150.2  t=1.61s
  round  27/50: acc=0.9395  f1m=0.9395  uplink_kB=150.2  t=1.59s
  round  28/50: acc=0.9529  f1m=0.9529  uplink_kB=150.2  t=1.61s
  round  29/50: acc=0.9508  f1m=0.9508  uplink_kB=150.2  t=1.60s
  round  30/50: acc=0.9316  f1m=0.9316  uplink_kB=150.2  t=1.57s
  round  31/50: acc=0.9498  f1m=0.9498  uplink_kB=150.2  t=1.61s
  round  32/50: acc=0.9493  f1m=0.9493  uplink_kB=150.2  t=1.62s
  round  33/50: acc=0.9525  f1m=0.9525  uplink_kB=150.2  t=1.63s
  round  34/50: acc=0.9500  f1m=0.9500  uplink_kB=150.2  t=1.62s
  round  35/50: acc=0.9523  f1m=0.9523  uplink_kB=150.2  t=1.62s
  round  36/50: acc=0.9495  f1m=0.9495  uplink_kB=150.2  t=1.57s
  round  37/50: acc=0.9549  f1m=0.9549  uplink_kB=150.2  t=1.62s
  round  38/50: acc=0.9460  f1m=0.9460  uplink_kB=150.2  t=1.63s
  round  39/50: acc=0.9543  f1m=0.9543  uplink_kB=150.2  t=1.61s
  round  40/50: acc=0.9575  f1m=0.9575  uplink_kB=150.2  t=1.61s
  round  41/50: acc=0.9049  f1m=0.9046  uplink_kB=150.2  t=1.61s
  round  42/50: acc=0.9542  f1m=0.9542  uplink_kB=150.2  t=1.64s
  round  43/50: acc=0.8446  f1m=0.8422  uplink_kB=150.2  t=1.60s
  round  44/50: acc=0.9489  f1m=0.9489  uplink_kB=150.2  t=1.54s
  round  45/50: acc=0.8766  f1m=0.8760  uplink_kB=150.2  t=1.65s
  round  46/50: acc=0.9549  f1m=0.9549  uplink_kB=150.2  t=1.64s
  round  47/50: acc=0.9034  f1m=0.9032  uplink_kB=150.2  t=1.61s
  round  48/50: acc=0.9459  f1m=0.9459  uplink_kB=150.2  t=1.61s
  round  49/50: acc=0.8527  f1m=0.8512  uplink_kB=150.2  t=1.65s
  round  50/50: acc=0.9553  f1m=0.9553  uplink_kB=150.2  t=1.54s
[run] DONE -> /Users/agentra/Documents/hao/working/paper-lab/hao-paper-2026/iotj-fedkan-ids/repo/results/lrsweep_toniot/lrsweep_kan8_lr0p01__dir0.1__seed2026/metrics.json  final_acc=0.9553
