[run] device=cpu  seed=42  out=/Users/agentra/Documents/hao/working/paper-lab/hao-paper-2026/iotj-fedkan-ids/repo/results/sensitivity_botiot/sens_h16__dir0.1__seed42
[run] model=kan  params=6,560
  round   1/50: acc=0.5074  f1m=0.3514  uplink_kB=282.0  t=2.84s
  round   2/50: acc=0.9698  f1m=0.9698  uplink_kB=282.0  t=1.87s
  round   3/50: acc=0.9726  f1m=0.9725  uplink_kB=282.0  t=1.95s
  round   4/50: acc=0.9736  f1m=0.9736  uplink_kB=282.0  t=1.99s
  round   5/50: acc=0.9737  f1m=0.9737  uplink_kB=282.0  t=1.82s
  round   6/50: acc=0.9740  f1m=0.9740  uplink_kB=282.0  t=1.76s
  round   7/50: acc=0.9749  f1m=0.9749  uplink_kB=282.0  t=1.78s
  round   8/50: acc=0.9749  f1m=0.9749  uplink_kB=282.0  t=1.98s
  round   9/50: acc=0.9751  f1m=0.9751  uplink_kB=282.0  t=2.17s
  round  10/50: acc=0.9751  f1m=0.9751  uplink_kB=282.0  t=2.09s
  round  11/50: acc=0.9753  f1m=0.9753  uplink_kB=282.0  t=2.00s
  round  12/50: acc=0.9757  f1m=0.9756  uplink_kB=282.0  t=2.00s
  round  13/50: acc=0.9756  f1m=0.9756  uplink_kB=282.0  t=2.02s
  round  14/50: acc=0.9763  f1m=0.9762  uplink_kB=282.0  t=1.93s
  round  15/50: acc=0.9755  f1m=0.9755  uplink_kB=282.0  t=2.00s
  round  16/50: acc=0.9759  f1m=0.9759  uplink_kB=282.0  t=2.00s
  round  17/50: acc=0.9754  f1m=0.9753  uplink_kB=282.0  t=1.97s
  round  18/50: acc=0.9756  f1m=0.9756  uplink_kB=282.0  t=1.90s
  round  19/50: acc=0.9973  f1m=0.9973  uplink_kB=282.0  t=1.96s
  round  20/50: acc=0.9973  f1m=0.9973  uplink_kB=282.0  t=1.86s
  round  21/50: acc=0.9970  f1m=0.9970  uplink_kB=282.0  t=1.92s
  round  22/50: acc=0.9756  f1m=0.9756  uplink_kB=282.0  t=1.92s
  round  23/50: acc=0.9764  f1m=0.9764  uplink_kB=282.0  t=1.86s
  round  24/50: acc=0.9761  f1m=0.9761  uplink_kB=282.0  t=1.85s
  round  25/50: acc=0.9976  f1m=0.9976  uplink_kB=282.0  t=1.83s
  round  26/50: acc=0.9757  f1m=0.9757  uplink_kB=282.0  t=1.86s
  round  27/50: acc=0.9765  f1m=0.9765  uplink_kB=282.0  t=2.12s
  round  28/50: acc=0.9970  f1m=0.9970  uplink_kB=282.0  t=1.91s
  round  29/50: acc=0.9968  f1m=0.9968  uplink_kB=282.0  t=2.25s
  round  30/50: acc=0.9971  f1m=0.9971  uplink_kB=282.0  t=2.19s
  round  31/50: acc=0.9757  f1m=0.9757  uplink_kB=282.0  t=2.27s
  round  32/50: acc=0.9977  f1m=0.9977  uplink_kB=282.0  t=2.60s
  round  33/50: acc=0.9764  f1m=0.9764  uplink_kB=282.0  t=2.24s
  round  34/50: acc=0.9975  f1m=0.9975  uplink_kB=282.0  t=3.15s
  round  35/50: acc=0.9975  f1m=0.9975  uplink_kB=282.0  t=2.24s
  round  36/50: acc=0.9976  f1m=0.9976  uplink_kB=282.0  t=2.04s
  round  37/50: acc=0.9976  f1m=0.9976  uplink_kB=282.0  t=1.94s
  round  38/50: acc=0.9978  f1m=0.9978  uplink_kB=282.0  t=2.10s
  round  39/50: acc=0.9975  f1m=0.9975  uplink_kB=282.0  t=2.02s
  round  40/50: acc=0.9977  f1m=0.9977  uplink_kB=282.0  t=2.11s
  round  41/50: acc=0.9976  f1m=0.9976  uplink_kB=282.0  t=2.07s
  round  42/50: acc=0.9976  f1m=0.9976  uplink_kB=282.0  t=2.11s
  round  43/50: acc=0.9970  f1m=0.9970  uplink_kB=282.0  t=2.04s
  round  44/50: acc=0.9978  f1m=0.9978  uplink_kB=282.0  t=2.01s
  round  45/50: acc=0.9985  f1m=0.9985  uplink_kB=282.0  t=2.05s
  round  46/50: acc=0.9985  f1m=0.9985  uplink_kB=282.0  t=1.94s
  round  47/50: acc=0.9984  f1m=0.9984  uplink_kB=282.0  t=2.06s
  round  48/50: acc=0.9976  f1m=0.9976  uplink_kB=282.0  t=2.02s
  round  49/50: acc=0.9977  f1m=0.9977  uplink_kB=282.0  t=1.97s
  round  50/50: acc=0.9976  f1m=0.9976  uplink_kB=282.0  t=1.99s
[run] DONE -> /Users/agentra/Documents/hao/working/paper-lab/hao-paper-2026/iotj-fedkan-ids/repo/results/sensitivity_botiot/sens_h16__dir0.1__seed42/metrics.json  final_acc=0.9976
