[run] device=cpu  seed=29  out=/Users/agentra/Documents/hao/working/paper-lab/hao-paper-2026/iotj-fedkan-ids/repo/results/lrsweep_botiot/lrsweep_mlp80_lr0p03__dir0.1__seed29
[run] model=mlp  params=3,362
  round   1/50: acc=0.4989  f1m=0.3328  uplink_kB=131.3  t=1.37s
  round   2/50: acc=0.4975  f1m=0.3322  uplink_kB=131.3  t=0.70s
  round   3/50: acc=0.5700  f1m=0.4790  uplink_kB=131.3  t=0.69s
  round   4/50: acc=0.6914  f1m=0.6684  uplink_kB=131.3  t=0.69s
  round   5/50: acc=0.7075  f1m=0.6888  uplink_kB=131.3  t=0.70s
  round   6/50: acc=0.7624  f1m=0.7539  uplink_kB=131.3  t=0.65s
  round   7/50: acc=0.9362  f1m=0.9362  uplink_kB=131.3  t=0.67s
  round   8/50: acc=0.9393  f1m=0.9393  uplink_kB=131.3  t=0.73s
  round   9/50: acc=0.9393  f1m=0.9393  uplink_kB=131.3  t=0.72s
  round  10/50: acc=0.9441  f1m=0.9441  uplink_kB=131.3  t=0.68s
  round  11/50: acc=0.9440  f1m=0.9440  uplink_kB=131.3  t=0.68s
  round  12/50: acc=0.9372  f1m=0.9372  uplink_kB=131.3  t=0.62s
  round  13/50: acc=0.9371  f1m=0.9371  uplink_kB=131.3  t=0.70s
  round  14/50: acc=0.9371  f1m=0.9371  uplink_kB=131.3  t=0.68s
  round  15/50: acc=0.9372  f1m=0.9372  uplink_kB=131.3  t=0.71s
  round  16/50: acc=0.9373  f1m=0.9373  uplink_kB=131.3  t=0.65s
  round  17/50: acc=0.9374  f1m=0.9374  uplink_kB=131.3  t=0.67s
  round  18/50: acc=0.9378  f1m=0.9378  uplink_kB=131.3  t=0.74s
  round  19/50: acc=0.9372  f1m=0.9372  uplink_kB=131.3  t=0.70s
  round  20/50: acc=0.9308  f1m=0.9308  uplink_kB=131.3  t=0.69s
  round  21/50: acc=0.9296  f1m=0.9296  uplink_kB=131.3  t=0.69s
  round  22/50: acc=0.9241  f1m=0.9241  uplink_kB=131.3  t=0.69s
  round  23/50: acc=0.9247  f1m=0.9247  uplink_kB=131.3  t=0.65s
  round  24/50: acc=0.9243  f1m=0.9242  uplink_kB=131.3  t=0.70s
  round  25/50: acc=0.9247  f1m=0.9246  uplink_kB=131.3  t=0.70s
  round  26/50: acc=0.9250  f1m=0.9250  uplink_kB=131.3  t=0.72s
  round  27/50: acc=0.9253  f1m=0.9252  uplink_kB=131.3  t=0.68s
  round  28/50: acc=0.9253  f1m=0.9252  uplink_kB=131.3  t=0.73s
  round  29/50: acc=0.9253  f1m=0.9253  uplink_kB=131.3  t=0.75s
  round  30/50: acc=0.9255  f1m=0.9255  uplink_kB=131.3  t=0.70s
  round  31/50: acc=0.9256  f1m=0.9256  uplink_kB=131.3  t=0.67s
  round  32/50: acc=0.9256  f1m=0.9256  uplink_kB=131.3  t=0.75s
  round  33/50: acc=0.9255  f1m=0.9254  uplink_kB=131.3  t=0.68s
  round  34/50: acc=0.9258  f1m=0.9257  uplink_kB=131.3  t=0.70s
  round  35/50: acc=0.9255  f1m=0.9255  uplink_kB=131.3  t=0.66s
  round  36/50: acc=0.9255  f1m=0.9255  uplink_kB=131.3  t=0.74s
  round  37/50: acc=0.9255  f1m=0.9255  uplink_kB=131.3  t=0.66s
  round  38/50: acc=0.9254  f1m=0.9254  uplink_kB=131.3  t=0.66s
  round  39/50: acc=0.9255  f1m=0.9255  uplink_kB=131.3  t=0.70s
  round  40/50: acc=0.9168  f1m=0.9167  uplink_kB=131.3  t=0.69s
  round  41/50: acc=0.9262  f1m=0.9262  uplink_kB=131.3  t=0.70s
  round  42/50: acc=0.9169  f1m=0.9168  uplink_kB=131.3  t=0.70s
  round  43/50: acc=0.9260  f1m=0.9260  uplink_kB=131.3  t=0.64s
  round  44/50: acc=0.9260  f1m=0.9260  uplink_kB=131.3  t=0.68s
  round  45/50: acc=0.9261  f1m=0.9261  uplink_kB=131.3  t=0.65s
  round  46/50: acc=0.9264  f1m=0.9264  uplink_kB=131.3  t=0.66s
  round  47/50: acc=0.9175  f1m=0.9175  uplink_kB=131.3  t=0.65s
  round  48/50: acc=0.9270  f1m=0.9270  uplink_kB=131.3  t=0.64s
  round  49/50: acc=0.9271  f1m=0.9271  uplink_kB=131.3  t=0.61s
  round  50/50: acc=0.9274  f1m=0.9273  uplink_kB=131.3  t=0.76s
[run] DONE -> /Users/agentra/Documents/hao/working/paper-lab/hao-paper-2026/iotj-fedkan-ids/repo/results/lrsweep_botiot/lrsweep_mlp80_lr0p03__dir0.1__seed29/metrics.json  final_acc=0.9274
