[run] device=cpu  seed=42  out=/Users/agentra/Documents/hao/working/paper-lab/hao-paper-2026/iotj-fedkan-ids/repo/results/lrsweep_cseciic/lrsweep_kan16_lr0p1__dir0.1__seed42
[run] model=kan  params=6,560
  round   1/50: acc=0.5000  f1m=0.3333  uplink_kB=282.0  t=2.71s
  round   2/50: acc=0.8520  f1m=0.8488  uplink_kB=282.0  t=1.99s
  round   3/50: acc=0.5069  f1m=0.3488  uplink_kB=282.0  t=2.09s
  round   4/50: acc=0.9206  f1m=0.9203  uplink_kB=282.0  t=2.02s
  round   5/50: acc=0.5426  f1m=0.4222  uplink_kB=282.0  t=2.02s
  round   6/50: acc=0.6560  f1m=0.6102  uplink_kB=282.0  t=1.98s
  round   7/50: acc=0.5000  f1m=0.3333  uplink_kB=282.0  t=2.01s
  round   8/50: acc=0.5386  f1m=0.4146  uplink_kB=282.0  t=2.07s
  round   9/50: acc=0.5000  f1m=0.3333  uplink_kB=282.0  t=1.97s
  round  10/50: acc=0.5000  f1m=0.3333  uplink_kB=282.0  t=2.07s
  round  11/50: acc=0.5682  f1m=0.4693  uplink_kB=282.0  t=2.03s
  round  12/50: acc=0.6008  f1m=0.5252  uplink_kB=282.0  t=2.00s
  round  13/50: acc=0.9114  f1m=0.9107  uplink_kB=282.0  t=2.01s
  round  14/50: acc=0.6103  f1m=0.5405  uplink_kB=282.0  t=2.01s
  round  15/50: acc=0.9166  f1m=0.9161  uplink_kB=282.0  t=2.02s
  round  16/50: acc=0.8029  f1m=0.7950  uplink_kB=282.0  t=1.99s
  round  17/50: acc=0.9271  f1m=0.9267  uplink_kB=282.0  t=1.92s
  round  18/50: acc=0.6378  f1m=0.5831  uplink_kB=282.0  t=1.94s
  round  19/50: acc=0.9253  f1m=0.9249  uplink_kB=282.0  t=1.84s
  round  20/50: acc=0.5719  f1m=0.4759  uplink_kB=282.0  t=1.95s
  round  21/50: acc=0.9475  f1m=0.9474  uplink_kB=282.0  t=1.94s
  round  22/50: acc=0.6907  f1m=0.6580  uplink_kB=282.0  t=1.93s
  round  23/50: acc=0.9161  f1m=0.9155  uplink_kB=282.0  t=1.95s
  round  24/50: acc=0.9237  f1m=0.9234  uplink_kB=282.0  t=1.91s
  round  25/50: acc=0.7529  f1m=0.7368  uplink_kB=282.0  t=1.87s
  round  26/50: acc=0.7477  f1m=0.7383  uplink_kB=282.0  t=1.93s
  round  27/50: acc=0.5000  f1m=0.3333  uplink_kB=282.0  t=1.96s
  round  28/50: acc=0.9378  f1m=0.9377  uplink_kB=282.0  t=1.95s
  round  29/50: acc=0.5074  f1m=0.3496  uplink_kB=282.0  t=1.92s
  round  30/50: acc=0.8774  f1m=0.8755  uplink_kB=282.0  t=1.89s
  round  31/50: acc=0.5000  f1m=0.3333  uplink_kB=282.0  t=1.90s
  round  32/50: acc=0.9474  f1m=0.9474  uplink_kB=282.0  t=1.89s
  round  33/50: acc=0.7760  f1m=0.7642  uplink_kB=282.0  t=1.93s
  round  34/50: acc=0.8821  f1m=0.8804  uplink_kB=282.0  t=1.86s
  round  35/50: acc=0.9509  f1m=0.9508  uplink_kB=282.0  t=1.90s
  round  36/50: acc=0.7750  f1m=0.7630  uplink_kB=282.0  t=1.89s
  round  37/50: acc=0.8987  f1m=0.8978  uplink_kB=282.0  t=1.96s
  round  38/50: acc=0.8787  f1m=0.8769  uplink_kB=282.0  t=1.92s
  round  39/50: acc=0.8782  f1m=0.8763  uplink_kB=282.0  t=1.97s
  round  40/50: acc=0.9510  f1m=0.9509  uplink_kB=282.0  t=1.91s
  round  41/50: acc=0.7517  f1m=0.7358  uplink_kB=282.0  t=1.98s
  round  42/50: acc=0.9063  f1m=0.9055  uplink_kB=282.0  t=1.96s
  round  43/50: acc=0.9414  f1m=0.9413  uplink_kB=282.0  t=1.95s
  round  44/50: acc=0.5000  f1m=0.3333  uplink_kB=282.0  t=2.03s
  round  45/50: acc=0.9359  f1m=0.9357  uplink_kB=282.0  t=1.93s
  round  46/50: acc=0.8838  f1m=0.8822  uplink_kB=282.0  t=2.00s
  round  47/50: acc=0.8694  f1m=0.8682  uplink_kB=282.0  t=1.87s
  round  48/50: acc=0.8872  f1m=0.8857  uplink_kB=282.0  t=1.95s
  round  49/50: acc=0.9078  f1m=0.9071  uplink_kB=282.0  t=2.01s
  round  50/50: acc=0.8935  f1m=0.8923  uplink_kB=282.0  t=1.99s
[run] DONE -> /Users/agentra/Documents/hao/working/paper-lab/hao-paper-2026/iotj-fedkan-ids/repo/results/lrsweep_cseciic/lrsweep_kan16_lr0p1__dir0.1__seed42/metrics.json  final_acc=0.8935
