[run] device=cpu  seed=2024  out=/Users/agentra/Documents/hao/working/paper-lab/hao-paper-2026/iotj-fedkan-ids/repo/results/lrsweep_cseciic_mc/lrsweep_kan16_lr0p003__dir0.1__seed2024
[run] model=kan  params=8,640
  round   1/50: acc=0.4175  f1m=0.1234  uplink_kB=363.3  t=7.01s
  round   2/50: acc=0.4531  f1m=0.1506  uplink_kB=363.3  t=6.44s
  round   3/50: acc=0.5279  f1m=0.2827  uplink_kB=363.3  t=7.79s
  round   4/50: acc=0.6485  f1m=0.4047  uplink_kB=363.3  t=13.87s
  round   5/50: acc=0.6901  f1m=0.4412  uplink_kB=363.3  t=7.89s
  round   6/50: acc=0.8085  f1m=0.5090  uplink_kB=363.3  t=14.01s
  round   7/50: acc=0.8234  f1m=0.5312  uplink_kB=363.3  t=6.77s
  round   8/50: acc=0.8360  f1m=0.5620  uplink_kB=363.3  t=6.13s
  round   9/50: acc=0.8468  f1m=0.5771  uplink_kB=363.3  t=6.27s
  round  10/50: acc=0.8539  f1m=0.5857  uplink_kB=363.3  t=6.32s
  round  11/50: acc=0.8571  f1m=0.6545  uplink_kB=363.3  t=6.31s
  round  12/50: acc=0.8619  f1m=0.6573  uplink_kB=363.3  t=6.37s
  round  13/50: acc=0.8573  f1m=0.6568  uplink_kB=363.3  t=6.41s
  round  14/50: acc=0.8320  f1m=0.6444  uplink_kB=363.3  t=6.34s
  round  15/50: acc=0.7966  f1m=0.6366  uplink_kB=363.3  t=6.29s
  round  16/50: acc=0.8628  f1m=0.6585  uplink_kB=363.3  t=6.30s
  round  17/50: acc=0.8445  f1m=0.6506  uplink_kB=363.3  t=6.37s
  round  18/50: acc=0.8386  f1m=0.6526  uplink_kB=363.3  t=6.22s
  round  19/50: acc=0.8410  f1m=0.6532  uplink_kB=363.3  t=6.19s
  round  20/50: acc=0.8175  f1m=0.6480  uplink_kB=363.3  t=6.45s
  round  21/50: acc=0.7648  f1m=0.6266  uplink_kB=363.3  t=6.38s
  round  22/50: acc=0.7882  f1m=0.6365  uplink_kB=363.3  t=6.37s
  round  23/50: acc=0.7203  f1m=0.5973  uplink_kB=363.3  t=6.27s
  round  24/50: acc=0.7134  f1m=0.5935  uplink_kB=363.3  t=6.44s
  round  25/50: acc=0.7335  f1m=0.6059  uplink_kB=363.3  t=6.27s
  round  26/50: acc=0.7161  f1m=0.5966  uplink_kB=363.3  t=6.33s
  round  27/50: acc=0.7166  f1m=0.5982  uplink_kB=363.3  t=6.25s
  round  28/50: acc=0.7302  f1m=0.6087  uplink_kB=363.3  t=6.22s
  round  29/50: acc=0.7179  f1m=0.6140  uplink_kB=363.3  t=6.21s
  round  30/50: acc=0.7160  f1m=0.5959  uplink_kB=363.3  t=6.39s
  round  31/50: acc=0.7511  f1m=0.6217  uplink_kB=363.3  t=6.06s
  round  32/50: acc=0.8041  f1m=0.6458  uplink_kB=363.3  t=6.16s
  round  33/50: acc=0.7924  f1m=0.6400  uplink_kB=363.3  t=6.16s
  round  34/50: acc=0.7328  f1m=0.6087  uplink_kB=363.3  t=6.14s
  round  35/50: acc=0.8013  f1m=0.6428  uplink_kB=363.3  t=6.29s
  round  36/50: acc=0.7296  f1m=0.6074  uplink_kB=363.3  t=6.37s
  round  37/50: acc=0.7313  f1m=0.6084  uplink_kB=363.3  t=6.42s
  round  38/50: acc=0.8185  f1m=0.6493  uplink_kB=363.3  t=6.43s
  round  39/50: acc=0.7914  f1m=0.6380  uplink_kB=363.3  t=6.40s
  round  40/50: acc=0.8084  f1m=0.6437  uplink_kB=363.3  t=6.33s
  round  41/50: acc=0.7832  f1m=0.6353  uplink_kB=363.3  t=6.24s
  round  42/50: acc=0.8537  f1m=0.6597  uplink_kB=363.3  t=6.31s
  round  43/50: acc=0.8172  f1m=0.6969  uplink_kB=363.3  t=6.21s
  round  44/50: acc=0.8005  f1m=0.6908  uplink_kB=363.3  t=6.62s
  round  45/50: acc=0.8696  f1m=0.7132  uplink_kB=363.3  t=6.44s
  round  46/50: acc=0.8195  f1m=0.6904  uplink_kB=363.3  t=6.89s
  round  47/50: acc=0.8797  f1m=0.7265  uplink_kB=363.3  t=7.38s
  round  48/50: acc=0.8255  f1m=0.7000  uplink_kB=363.3  t=6.69s
  round  49/50: acc=0.8069  f1m=0.6457  uplink_kB=363.3  t=6.72s
  round  50/50: acc=0.7903  f1m=0.6885  uplink_kB=363.3  t=6.40s
[run] DONE -> /Users/agentra/Documents/hao/working/paper-lab/hao-paper-2026/iotj-fedkan-ids/repo/results/lrsweep_cseciic_mc/lrsweep_kan16_lr0p003__dir0.1__seed2024/metrics.json  final_acc=0.7903
