[run] device=cpu  seed=2026  out=/Users/agentra/Documents/hao/working/paper-lab/hao-paper-2026/iotj-fedkan-ids/repo/results/lrsweep_toniot/lrsweep_kan8_lr0p1__dir0.1__seed2026
[run] model=kan  params=3,280
  round   1/50: acc=0.7515  f1m=0.7514  uplink_kB=150.2  t=2.16s
  round   2/50: acc=0.7269  f1m=0.7261  uplink_kB=150.2  t=1.69s
  round   3/50: acc=0.6562  f1m=0.6446  uplink_kB=150.2  t=1.65s
  round   4/50: acc=0.4296  f1m=0.3558  uplink_kB=150.2  t=1.63s
  round   5/50: acc=0.8393  f1m=0.8363  uplink_kB=150.2  t=1.59s
  round   6/50: acc=0.5717  f1m=0.5080  uplink_kB=150.2  t=1.63s
  round   7/50: acc=0.5691  f1m=0.5212  uplink_kB=150.2  t=1.61s
  round   8/50: acc=0.7739  f1m=0.7726  uplink_kB=150.2  t=1.65s
  round   9/50: acc=0.6187  f1m=0.5569  uplink_kB=150.2  t=1.71s
  round  10/50: acc=0.5186  f1m=0.3749  uplink_kB=150.2  t=1.65s
  round  11/50: acc=0.8580  f1m=0.8563  uplink_kB=150.2  t=1.61s
  round  12/50: acc=0.5442  f1m=0.4425  uplink_kB=150.2  t=1.77s
  round  13/50: acc=0.8574  f1m=0.8556  uplink_kB=150.2  t=1.76s
  round  14/50: acc=0.5295  f1m=0.4129  uplink_kB=150.2  t=1.79s
  round  15/50: acc=0.5388  f1m=0.4296  uplink_kB=150.2  t=1.65s
  round  16/50: acc=0.5207  f1m=0.3922  uplink_kB=150.2  t=1.62s
  round  17/50: acc=0.5174  f1m=0.3815  uplink_kB=150.2  t=1.66s
  round  18/50: acc=0.5175  f1m=0.3814  uplink_kB=150.2  t=1.60s
  round  19/50: acc=0.8460  f1m=0.8436  uplink_kB=150.2  t=1.65s
  round  20/50: acc=0.5298  f1m=0.4110  uplink_kB=150.2  t=1.63s
  round  21/50: acc=0.5332  f1m=0.4147  uplink_kB=150.2  t=1.65s
  round  22/50: acc=0.5076  f1m=0.3551  uplink_kB=150.2  t=1.63s
  round  23/50: acc=0.5140  f1m=0.3721  uplink_kB=150.2  t=1.63s
  round  24/50: acc=0.5159  f1m=0.3749  uplink_kB=150.2  t=1.63s
  round  25/50: acc=0.5109  f1m=0.3604  uplink_kB=150.2  t=1.55s
  round  26/50: acc=0.5106  f1m=0.3618  uplink_kB=150.2  t=1.75s
  round  27/50: acc=0.5048  f1m=0.3466  uplink_kB=150.2  t=1.65s
  round  28/50: acc=0.5115  f1m=0.3640  uplink_kB=150.2  t=1.58s
  round  29/50: acc=0.5044  f1m=0.3455  uplink_kB=150.2  t=1.65s
  round  30/50: acc=0.5063  f1m=0.3513  uplink_kB=150.2  t=1.56s
  round  31/50: acc=0.5030  f1m=0.3437  uplink_kB=150.2  t=1.64s
  round  32/50: acc=0.5214  f1m=0.3897  uplink_kB=150.2  t=1.60s
  round  33/50: acc=0.5177  f1m=0.3811  uplink_kB=150.2  t=1.59s
  round  34/50: acc=0.5079  f1m=0.3554  uplink_kB=150.2  t=1.61s
  round  35/50: acc=0.5122  f1m=0.3685  uplink_kB=150.2  t=1.65s
  round  36/50: acc=0.5088  f1m=0.3581  uplink_kB=150.2  t=1.55s
  round  37/50: acc=0.5201  f1m=0.3858  uplink_kB=150.2  t=1.62s
  round  38/50: acc=0.5161  f1m=0.3764  uplink_kB=150.2  t=1.60s
  round  39/50: acc=0.5130  f1m=0.3736  uplink_kB=150.2  t=1.60s
  round  40/50: acc=0.5080  f1m=0.3569  uplink_kB=150.2  t=1.63s
  round  41/50: acc=0.5050  f1m=0.3485  uplink_kB=150.2  t=1.62s
  round  42/50: acc=0.5421  f1m=0.4332  uplink_kB=150.2  t=1.62s
  round  43/50: acc=0.5135  f1m=0.3704  uplink_kB=150.2  t=1.66s
  round  44/50: acc=0.8157  f1m=0.8110  uplink_kB=150.2  t=1.57s
  round  45/50: acc=0.5217  f1m=0.3914  uplink_kB=150.2  t=1.67s
  round  46/50: acc=0.7366  f1m=0.7197  uplink_kB=150.2  t=1.66s
  round  47/50: acc=0.5162  f1m=0.3789  uplink_kB=150.2  t=1.66s
  round  48/50: acc=0.5156  f1m=0.3753  uplink_kB=150.2  t=1.63s
  round  49/50: acc=0.5083  f1m=0.3589  uplink_kB=150.2  t=1.58s
  round  50/50: acc=0.5027  f1m=0.3417  uplink_kB=150.2  t=1.59s
[run] DONE -> /Users/agentra/Documents/hao/working/paper-lab/hao-paper-2026/iotj-fedkan-ids/repo/results/lrsweep_toniot/lrsweep_kan8_lr0p1__dir0.1__seed2026/metrics.json  final_acc=0.5027
