[run] device=cpu  seed=17  out=/Users/agentra/Documents/hao/working/paper-lab/hao-paper-2026/iotj-fedkan-ids/repo/results/mc_botiot/mc_mlp32_lr0p01__dir0.1__seed17
[run] model=mlp  params=1,445
  round   1/50: acc=0.8955  f1m=0.7198  uplink_kB=56.4  t=1.55s
  round   2/50: acc=0.8993  f1m=0.7231  uplink_kB=56.4  t=0.57s
  round   3/50: acc=0.9039  f1m=0.7270  uplink_kB=56.4  t=0.63s
  round   4/50: acc=0.9086  f1m=0.7311  uplink_kB=56.4  t=0.63s
  round   5/50: acc=0.9102  f1m=0.7327  uplink_kB=56.4  t=0.62s
  round   6/50: acc=0.9104  f1m=0.7330  uplink_kB=56.4  t=0.71s
  round   7/50: acc=0.9104  f1m=0.7330  uplink_kB=56.4  t=0.62s
  round   8/50: acc=0.9124  f1m=0.7347  uplink_kB=56.4  t=0.63s
  round   9/50: acc=0.9130  f1m=0.7351  uplink_kB=56.4  t=0.61s
  round  10/50: acc=0.9152  f1m=0.7370  uplink_kB=56.4  t=0.61s
  round  11/50: acc=0.9122  f1m=0.7345  uplink_kB=56.4  t=0.71s
  round  12/50: acc=0.9124  f1m=0.7347  uplink_kB=56.4  t=0.61s
  round  13/50: acc=0.9141  f1m=0.7361  uplink_kB=56.4  t=0.62s
  round  14/50: acc=0.9158  f1m=0.7375  uplink_kB=56.4  t=0.62s
  round  15/50: acc=0.9129  f1m=0.7351  uplink_kB=56.4  t=0.70s
  round  16/50: acc=0.9150  f1m=0.7368  uplink_kB=56.4  t=0.62s
  round  17/50: acc=0.9150  f1m=0.7368  uplink_kB=56.4  t=0.64s
  round  18/50: acc=0.9150  f1m=0.7368  uplink_kB=56.4  t=0.63s
  round  19/50: acc=0.9158  f1m=0.7375  uplink_kB=56.4  t=0.63s
  round  20/50: acc=0.9162  f1m=0.7377  uplink_kB=56.4  t=0.67s
  round  21/50: acc=0.9162  f1m=0.7378  uplink_kB=56.4  t=0.61s
  round  22/50: acc=0.9172  f1m=0.7386  uplink_kB=56.4  t=0.64s
  round  23/50: acc=0.9190  f1m=0.7400  uplink_kB=56.4  t=0.65s
  round  24/50: acc=0.9191  f1m=0.7401  uplink_kB=56.4  t=0.64s
  round  25/50: acc=0.9191  f1m=0.7401  uplink_kB=56.4  t=0.67s
  round  26/50: acc=0.9180  f1m=0.7393  uplink_kB=56.4  t=0.63s
  round  27/50: acc=0.9179  f1m=0.7392  uplink_kB=56.4  t=0.70s
  round  28/50: acc=0.9204  f1m=0.7412  uplink_kB=56.4  t=0.64s
  round  29/50: acc=0.9183  f1m=0.7395  uplink_kB=56.4  t=0.70s
  round  30/50: acc=0.9202  f1m=0.7408  uplink_kB=56.4  t=0.63s
  round  31/50: acc=0.9202  f1m=0.7408  uplink_kB=56.4  t=0.64s
  round  32/50: acc=0.9210  f1m=0.7415  uplink_kB=56.4  t=0.63s
  round  33/50: acc=0.9225  f1m=0.7427  uplink_kB=56.4  t=0.63s
  round  34/50: acc=0.9225  f1m=0.7427  uplink_kB=56.4  t=0.70s
  round  35/50: acc=0.9204  f1m=0.7410  uplink_kB=56.4  t=0.63s
  round  36/50: acc=0.9203  f1m=0.7408  uplink_kB=56.4  t=0.63s
  round  37/50: acc=0.9208  f1m=0.7413  uplink_kB=56.4  t=0.65s
  round  38/50: acc=0.9204  f1m=0.7409  uplink_kB=56.4  t=0.63s
  round  39/50: acc=0.9518  f1m=0.7658  uplink_kB=56.4  t=0.73s
  round  40/50: acc=0.9229  f1m=0.7431  uplink_kB=56.4  t=0.65s
  round  41/50: acc=0.9574  f1m=0.7703  uplink_kB=56.4  t=0.64s
  round  42/50: acc=0.9582  f1m=0.7709  uplink_kB=56.4  t=0.66s
  round  43/50: acc=0.9573  f1m=0.7702  uplink_kB=56.4  t=0.71s
  round  44/50: acc=0.9585  f1m=0.7712  uplink_kB=56.4  t=0.62s
  round  45/50: acc=0.9574  f1m=0.7703  uplink_kB=56.4  t=0.62s
  round  46/50: acc=0.9575  f1m=0.7704  uplink_kB=56.4  t=0.62s
  round  47/50: acc=0.9595  f1m=0.7719  uplink_kB=56.4  t=0.62s
  round  48/50: acc=0.9579  f1m=0.7707  uplink_kB=56.4  t=0.70s
  round  49/50: acc=0.9595  f1m=0.7720  uplink_kB=56.4  t=0.63s
  round  50/50: acc=0.9597  f1m=0.7721  uplink_kB=56.4  t=0.66s
[run] DONE -> /Users/agentra/Documents/hao/working/paper-lab/hao-paper-2026/iotj-fedkan-ids/repo/results/mc_botiot/mc_mlp32_lr0p01__dir0.1__seed17/metrics.json  final_acc=0.9597
