[run] device=cpu  seed=17  out=/Users/agentra/Documents/hao/working/paper-lab/hao-paper-2026/iotj-fedkan-ids/repo/results/lrsweep_botiot/lrsweep_mlp80_lr0p0003__dir0.1__seed17
[run] model=mlp  params=3,362
  round   1/50: acc=0.7780  f1m=0.7712  uplink_kB=131.3  t=1.35s
  round   2/50: acc=0.8816  f1m=0.8811  uplink_kB=131.3  t=0.67s
  round   3/50: acc=0.9240  f1m=0.9240  uplink_kB=131.3  t=0.64s
  round   4/50: acc=0.9325  f1m=0.9325  uplink_kB=131.3  t=0.76s
  round   5/50: acc=0.9359  f1m=0.9359  uplink_kB=131.3  t=0.63s
  round   6/50: acc=0.9356  f1m=0.9356  uplink_kB=131.3  t=0.71s
  round   7/50: acc=0.9357  f1m=0.9357  uplink_kB=131.3  t=0.65s
  round   8/50: acc=0.9368  f1m=0.9368  uplink_kB=131.3  t=0.69s
  round   9/50: acc=0.9389  f1m=0.9389  uplink_kB=131.3  t=0.64s
  round  10/50: acc=0.9483  f1m=0.9483  uplink_kB=131.3  t=0.67s
  round  11/50: acc=0.9493  f1m=0.9493  uplink_kB=131.3  t=0.68s
  round  12/50: acc=0.9510  f1m=0.9510  uplink_kB=131.3  t=0.62s
  round  13/50: acc=0.9528  f1m=0.9528  uplink_kB=131.3  t=0.66s
  round  14/50: acc=0.9610  f1m=0.9610  uplink_kB=131.3  t=0.68s
  round  15/50: acc=0.9671  f1m=0.9671  uplink_kB=131.3  t=0.68s
  round  16/50: acc=0.9680  f1m=0.9680  uplink_kB=131.3  t=0.71s
  round  17/50: acc=0.9688  f1m=0.9688  uplink_kB=131.3  t=0.66s
  round  18/50: acc=0.9689  f1m=0.9689  uplink_kB=131.3  t=0.63s
  round  19/50: acc=0.9690  f1m=0.9690  uplink_kB=131.3  t=0.71s
  round  20/50: acc=0.9690  f1m=0.9690  uplink_kB=131.3  t=0.69s
  round  21/50: acc=0.9690  f1m=0.9690  uplink_kB=131.3  t=0.66s
  round  22/50: acc=0.9691  f1m=0.9691  uplink_kB=131.3  t=0.68s
  round  23/50: acc=0.9710  f1m=0.9710  uplink_kB=131.3  t=0.65s
  round  24/50: acc=0.9711  f1m=0.9710  uplink_kB=131.3  t=0.64s
  round  25/50: acc=0.9711  f1m=0.9711  uplink_kB=131.3  t=0.63s
  round  26/50: acc=0.9712  f1m=0.9712  uplink_kB=131.3  t=0.66s
  round  27/50: acc=0.9713  f1m=0.9713  uplink_kB=131.3  t=0.73s
  round  28/50: acc=0.9713  f1m=0.9713  uplink_kB=131.3  t=0.66s
  round  29/50: acc=0.9713  f1m=0.9713  uplink_kB=131.3  t=0.66s
  round  30/50: acc=0.9713  f1m=0.9713  uplink_kB=131.3  t=0.66s
  round  31/50: acc=0.9713  f1m=0.9713  uplink_kB=131.3  t=0.67s
  round  32/50: acc=0.9714  f1m=0.9713  uplink_kB=131.3  t=0.63s
  round  33/50: acc=0.9727  f1m=0.9727  uplink_kB=131.3  t=0.69s
  round  34/50: acc=0.9727  f1m=0.9726  uplink_kB=131.3  t=0.66s
  round  35/50: acc=0.9727  f1m=0.9726  uplink_kB=131.3  t=0.64s
  round  36/50: acc=0.9726  f1m=0.9726  uplink_kB=131.3  t=0.65s
  round  37/50: acc=0.9726  f1m=0.9726  uplink_kB=131.3  t=0.71s
  round  38/50: acc=0.9726  f1m=0.9726  uplink_kB=131.3  t=0.69s
  round  39/50: acc=0.9726  f1m=0.9726  uplink_kB=131.3  t=0.62s
  round  40/50: acc=0.9726  f1m=0.9726  uplink_kB=131.3  t=0.74s
  round  41/50: acc=0.9726  f1m=0.9726  uplink_kB=131.3  t=0.65s
  round  42/50: acc=0.9726  f1m=0.9726  uplink_kB=131.3  t=0.71s
  round  43/50: acc=0.9726  f1m=0.9726  uplink_kB=131.3  t=0.68s
  round  44/50: acc=0.9726  f1m=0.9726  uplink_kB=131.3  t=0.65s
  round  45/50: acc=0.9734  f1m=0.9734  uplink_kB=131.3  t=0.66s
  round  46/50: acc=0.9734  f1m=0.9734  uplink_kB=131.3  t=0.68s
  round  47/50: acc=0.9734  f1m=0.9734  uplink_kB=131.3  t=0.70s
  round  48/50: acc=0.9734  f1m=0.9734  uplink_kB=131.3  t=0.66s
  round  49/50: acc=0.9734  f1m=0.9734  uplink_kB=131.3  t=0.70s
  round  50/50: acc=0.9734  f1m=0.9734  uplink_kB=131.3  t=0.70s
[run] DONE -> /Users/agentra/Documents/hao/working/paper-lab/hao-paper-2026/iotj-fedkan-ids/repo/results/lrsweep_botiot/lrsweep_mlp80_lr0p0003__dir0.1__seed17/metrics.json  final_acc=0.9734
