[run] device=cpu  seed=23  out=/Users/agentra/Documents/hao/working/paper-lab/hao-paper-2026/iotj-fedkan-ids/repo/results/lrsweep_cseciic_mc50k/lrsweep_kan16_lr0p001__dir0.1__seed23
[run] model=kan  params=8,640
  round   1/50: acc=0.2491  f1m=0.0762  uplink_kB=363.3  t=3.73s
  round   2/50: acc=0.4014  f1m=0.1530  uplink_kB=363.3  t=3.09s
  round   3/50: acc=0.4013  f1m=0.1638  uplink_kB=363.3  t=3.04s
  round   4/50: acc=0.4074  f1m=0.1678  uplink_kB=363.3  t=3.00s
  round   5/50: acc=0.4191  f1m=0.1699  uplink_kB=363.3  t=3.07s
  round   6/50: acc=0.4328  f1m=0.2091  uplink_kB=363.3  t=3.03s
  round   7/50: acc=0.4556  f1m=0.2300  uplink_kB=363.3  t=3.05s
  round   8/50: acc=0.5303  f1m=0.3054  uplink_kB=363.3  t=3.00s
  round   9/50: acc=0.5957  f1m=0.3577  uplink_kB=363.3  t=3.04s
  round  10/50: acc=0.6038  f1m=0.3597  uplink_kB=363.3  t=2.98s
  round  11/50: acc=0.6189  f1m=0.3755  uplink_kB=363.3  t=3.12s
  round  12/50: acc=0.6296  f1m=0.3813  uplink_kB=363.3  t=2.99s
  round  13/50: acc=0.6311  f1m=0.3812  uplink_kB=363.3  t=2.99s
  round  14/50: acc=0.6366  f1m=0.4461  uplink_kB=363.3  t=3.01s
  round  15/50: acc=0.6375  f1m=0.4475  uplink_kB=363.3  t=2.98s
  round  16/50: acc=0.6723  f1m=0.5285  uplink_kB=363.3  t=3.03s
  round  17/50: acc=0.6094  f1m=0.4300  uplink_kB=363.3  t=3.04s
  round  18/50: acc=0.6100  f1m=0.4300  uplink_kB=363.3  t=2.96s
  round  19/50: acc=0.6105  f1m=0.4301  uplink_kB=363.3  t=3.04s
  round  20/50: acc=0.6107  f1m=0.4300  uplink_kB=363.3  t=3.00s
  round  21/50: acc=0.6112  f1m=0.4297  uplink_kB=363.3  t=3.09s
  round  22/50: acc=0.6113  f1m=0.4295  uplink_kB=363.3  t=2.96s
  round  23/50: acc=0.6126  f1m=0.4315  uplink_kB=363.3  t=3.06s
  round  24/50: acc=0.6129  f1m=0.4318  uplink_kB=363.3  t=2.98s
  round  25/50: acc=0.6130  f1m=0.4319  uplink_kB=363.3  t=3.02s
  round  26/50: acc=0.6132  f1m=0.4323  uplink_kB=363.3  t=2.98s
  round  27/50: acc=0.6134  f1m=0.4322  uplink_kB=363.3  t=3.00s
  round  28/50: acc=0.6134  f1m=0.4325  uplink_kB=363.3  t=2.98s
  round  29/50: acc=0.6138  f1m=0.4330  uplink_kB=363.3  t=3.01s
  round  30/50: acc=0.6139  f1m=0.4334  uplink_kB=363.3  t=2.94s
  round  31/50: acc=0.6155  f1m=0.4355  uplink_kB=363.3  t=3.06s
  round  32/50: acc=0.6211  f1m=0.4421  uplink_kB=363.3  t=2.99s
  round  33/50: acc=0.6319  f1m=0.4531  uplink_kB=363.3  t=3.03s
  round  34/50: acc=0.6392  f1m=0.4594  uplink_kB=363.3  t=2.96s
  round  35/50: acc=0.6652  f1m=0.4801  uplink_kB=363.3  t=3.07s
  round  36/50: acc=0.6877  f1m=0.4947  uplink_kB=363.3  t=3.03s
  round  37/50: acc=0.6990  f1m=0.5014  uplink_kB=363.3  t=3.04s
  round  38/50: acc=0.7216  f1m=0.5142  uplink_kB=363.3  t=3.03s
  round  39/50: acc=0.7365  f1m=0.5222  uplink_kB=363.3  t=2.99s
  round  40/50: acc=0.7369  f1m=0.5227  uplink_kB=363.3  t=3.10s
  round  41/50: acc=0.7371  f1m=0.5226  uplink_kB=363.3  t=2.95s
  round  42/50: acc=0.7375  f1m=0.5229  uplink_kB=363.3  t=2.94s
  round  43/50: acc=0.7373  f1m=0.5226  uplink_kB=363.3  t=3.01s
  round  44/50: acc=0.7374  f1m=0.5235  uplink_kB=363.3  t=2.99s
  round  45/50: acc=0.7372  f1m=0.5232  uplink_kB=363.3  t=3.03s
  round  46/50: acc=0.7377  f1m=0.5234  uplink_kB=363.3  t=3.04s
  round  47/50: acc=0.7381  f1m=0.5248  uplink_kB=363.3  t=3.03s
  round  48/50: acc=0.7386  f1m=0.5254  uplink_kB=363.3  t=3.01s
  round  49/50: acc=0.7387  f1m=0.5257  uplink_kB=363.3  t=2.93s
  round  50/50: acc=0.7390  f1m=0.5264  uplink_kB=363.3  t=3.03s
[run] DONE -> /Users/agentra/Documents/hao/working/paper-lab/hao-paper-2026/iotj-fedkan-ids/repo/results/lrsweep_cseciic_mc50k/lrsweep_kan16_lr0p001__dir0.1__seed23/metrics.json  final_acc=0.7390
