[run] device=cpu  seed=31  out=/Users/agentra/Documents/hao/working/paper-lab/hao-paper-2026/iotj-fedkan-ids/repo/results/lrsweep_toniot/lrsweep_mlp80_lr0p03__dir0.1__seed31
[run] model=mlp  params=3,362
  round   1/50: acc=0.5463  f1m=0.4837  uplink_kB=131.3  t=1.28s
  round   2/50: acc=0.5224  f1m=0.3822  uplink_kB=131.3  t=0.76s
  round   3/50: acc=0.5374  f1m=0.4132  uplink_kB=131.3  t=0.71s
  round   4/50: acc=0.5348  f1m=0.4077  uplink_kB=131.3  t=0.66s
  round   5/50: acc=0.5327  f1m=0.4043  uplink_kB=131.3  t=0.67s
  round   6/50: acc=0.5328  f1m=0.4040  uplink_kB=131.3  t=0.64s
  round   7/50: acc=0.5395  f1m=0.4177  uplink_kB=131.3  t=0.67s
  round   8/50: acc=0.5375  f1m=0.4138  uplink_kB=131.3  t=0.65s
  round   9/50: acc=0.5365  f1m=0.4131  uplink_kB=131.3  t=0.69s
  round  10/50: acc=0.5422  f1m=0.4231  uplink_kB=131.3  t=0.68s
  round  11/50: acc=0.5423  f1m=0.4230  uplink_kB=131.3  t=0.67s
  round  12/50: acc=0.5420  f1m=0.4221  uplink_kB=131.3  t=0.68s
  round  13/50: acc=0.5511  f1m=0.4401  uplink_kB=131.3  t=0.67s
  round  14/50: acc=0.7562  f1m=0.7412  uplink_kB=131.3  t=0.61s
  round  15/50: acc=0.7643  f1m=0.7509  uplink_kB=131.3  t=0.67s
  round  16/50: acc=0.5446  f1m=0.4276  uplink_kB=131.3  t=0.65s
  round  17/50: acc=0.7666  f1m=0.7536  uplink_kB=131.3  t=0.68s
  round  18/50: acc=0.5459  f1m=0.4301  uplink_kB=131.3  t=0.70s
  round  19/50: acc=0.5457  f1m=0.4296  uplink_kB=131.3  t=0.68s
  round  20/50: acc=0.7614  f1m=0.7474  uplink_kB=131.3  t=0.69s
  round  21/50: acc=0.5579  f1m=0.4527  uplink_kB=131.3  t=0.61s
  round  22/50: acc=0.7779  f1m=0.7668  uplink_kB=131.3  t=0.68s
  round  23/50: acc=0.5445  f1m=0.4275  uplink_kB=131.3  t=0.67s
  round  24/50: acc=0.7613  f1m=0.7472  uplink_kB=131.3  t=0.67s
  round  25/50: acc=0.7655  f1m=0.7523  uplink_kB=131.3  t=0.67s
  round  26/50: acc=0.5568  f1m=0.4508  uplink_kB=131.3  t=0.66s
  round  27/50: acc=0.7699  f1m=0.7574  uplink_kB=131.3  t=0.68s
  round  28/50: acc=0.7664  f1m=0.7533  uplink_kB=131.3  t=0.67s
  round  29/50: acc=0.5620  f1m=0.4605  uplink_kB=131.3  t=0.61s
  round  30/50: acc=0.5566  f1m=0.4499  uplink_kB=131.3  t=0.69s
  round  31/50: acc=0.7759  f1m=0.7644  uplink_kB=131.3  t=0.67s
  round  32/50: acc=0.5555  f1m=0.4480  uplink_kB=131.3  t=0.68s
  round  33/50: acc=0.7753  f1m=0.7637  uplink_kB=131.3  t=0.67s
  round  34/50: acc=0.7710  f1m=0.7587  uplink_kB=131.3  t=0.71s
  round  35/50: acc=0.5597  f1m=0.4557  uplink_kB=131.3  t=0.65s
  round  36/50: acc=0.7791  f1m=0.7681  uplink_kB=131.3  t=0.66s
  round  37/50: acc=0.7681  f1m=0.7552  uplink_kB=131.3  t=0.63s
  round  38/50: acc=0.5525  f1m=0.4430  uplink_kB=131.3  t=0.65s
  round  39/50: acc=0.5463  f1m=0.4306  uplink_kB=131.3  t=0.68s
  round  40/50: acc=0.7774  f1m=0.7661  uplink_kB=131.3  t=0.69s
  round  41/50: acc=0.5612  f1m=0.4584  uplink_kB=131.3  t=0.67s
  round  42/50: acc=0.5661  f1m=0.4673  uplink_kB=131.3  t=0.67s
  round  43/50: acc=0.7766  f1m=0.7651  uplink_kB=131.3  t=0.67s
  round  44/50: acc=0.7790  f1m=0.7680  uplink_kB=131.3  t=0.66s
  round  45/50: acc=0.7810  f1m=0.7703  uplink_kB=131.3  t=0.62s
  round  46/50: acc=0.5622  f1m=0.4604  uplink_kB=131.3  t=0.67s
  round  47/50: acc=0.7872  f1m=0.7775  uplink_kB=131.3  t=0.67s
  round  48/50: acc=0.7761  f1m=0.7647  uplink_kB=131.3  t=0.66s
  round  49/50: acc=0.7732  f1m=0.7613  uplink_kB=131.3  t=0.65s
  round  50/50: acc=0.7762  f1m=0.7648  uplink_kB=131.3  t=0.63s
[run] DONE -> /Users/agentra/Documents/hao/working/paper-lab/hao-paper-2026/iotj-fedkan-ids/repo/results/lrsweep_toniot/lrsweep_mlp80_lr0p03__dir0.1__seed31/metrics.json  final_acc=0.7762
