[run] device=cpu  seed=17  out=/Users/agentra/Documents/hao/working/paper-lab/hao-paper-2026/iotj-fedkan-ids/repo/results/lrsweep_cseciic/lrsweep_mlp32_lr0p01__dir0.1__seed17
[run] model=mlp  params=1,346
  round   1/50: acc=0.5000  f1m=0.3333  uplink_kB=52.6  t=1.40s
  round   2/50: acc=0.5000  f1m=0.3333  uplink_kB=52.6  t=0.67s
  round   3/50: acc=0.5002  f1m=0.3339  uplink_kB=52.6  t=0.67s
  round   4/50: acc=0.5122  f1m=0.3605  uplink_kB=52.6  t=0.67s
  round   5/50: acc=0.6218  f1m=0.5595  uplink_kB=52.6  t=0.67s
  round   6/50: acc=0.6711  f1m=0.6323  uplink_kB=52.6  t=0.58s
  round   7/50: acc=0.7811  f1m=0.7710  uplink_kB=52.6  t=0.64s
  round   8/50: acc=0.8149  f1m=0.8094  uplink_kB=52.6  t=0.77s
  round   9/50: acc=0.8145  f1m=0.8090  uplink_kB=52.6  t=0.63s
  round  10/50: acc=0.8516  f1m=0.8492  uplink_kB=52.6  t=0.64s
  round  11/50: acc=0.9179  f1m=0.9177  uplink_kB=52.6  t=0.66s
  round  12/50: acc=0.9176  f1m=0.9174  uplink_kB=52.6  t=0.63s
  round  13/50: acc=0.9159  f1m=0.9157  uplink_kB=52.6  t=0.69s
  round  14/50: acc=0.9151  f1m=0.9149  uplink_kB=52.6  t=0.65s
  round  15/50: acc=0.9146  f1m=0.9144  uplink_kB=52.6  t=0.65s
  round  16/50: acc=0.9155  f1m=0.9154  uplink_kB=52.6  t=0.66s
  round  17/50: acc=0.9148  f1m=0.9147  uplink_kB=52.6  t=0.65s
  round  18/50: acc=0.9143  f1m=0.9141  uplink_kB=52.6  t=0.65s
  round  19/50: acc=0.9147  f1m=0.9145  uplink_kB=52.6  t=0.58s
  round  20/50: acc=0.9151  f1m=0.9149  uplink_kB=52.6  t=0.62s
  round  21/50: acc=0.9153  f1m=0.9151  uplink_kB=52.6  t=0.66s
  round  22/50: acc=0.9161  f1m=0.9159  uplink_kB=52.6  t=0.64s
  round  23/50: acc=0.9155  f1m=0.9153  uplink_kB=52.6  t=0.64s
  round  24/50: acc=0.9156  f1m=0.9155  uplink_kB=52.6  t=0.62s
  round  25/50: acc=0.9174  f1m=0.9172  uplink_kB=52.6  t=0.66s
  round  26/50: acc=0.9157  f1m=0.9155  uplink_kB=52.6  t=0.63s
  round  27/50: acc=0.9176  f1m=0.9174  uplink_kB=52.6  t=0.67s
  round  28/50: acc=0.9174  f1m=0.9173  uplink_kB=52.6  t=0.66s
  round  29/50: acc=0.9174  f1m=0.9173  uplink_kB=52.6  t=0.68s
  round  30/50: acc=0.9162  f1m=0.9160  uplink_kB=52.6  t=0.64s
  round  31/50: acc=0.9167  f1m=0.9166  uplink_kB=52.6  t=0.67s
  round  32/50: acc=0.9167  f1m=0.9165  uplink_kB=52.6  t=0.67s
  round  33/50: acc=0.9175  f1m=0.9173  uplink_kB=52.6  t=0.57s
  round  34/50: acc=0.9161  f1m=0.9160  uplink_kB=52.6  t=0.64s
  round  35/50: acc=0.9168  f1m=0.9166  uplink_kB=52.6  t=0.65s
  round  36/50: acc=0.9172  f1m=0.9170  uplink_kB=52.6  t=0.65s
  round  37/50: acc=0.9171  f1m=0.9169  uplink_kB=52.6  t=0.67s
  round  38/50: acc=0.9165  f1m=0.9163  uplink_kB=52.6  t=0.67s
  round  39/50: acc=0.9166  f1m=0.9164  uplink_kB=52.6  t=0.70s
  round  40/50: acc=0.9164  f1m=0.9162  uplink_kB=52.6  t=0.59s
  round  41/50: acc=0.9160  f1m=0.9158  uplink_kB=52.6  t=0.66s
  round  42/50: acc=0.9153  f1m=0.9151  uplink_kB=52.6  t=0.66s
  round  43/50: acc=0.9151  f1m=0.9149  uplink_kB=52.6  t=0.64s
  round  44/50: acc=0.9149  f1m=0.9147  uplink_kB=52.6  t=0.65s
  round  45/50: acc=0.9152  f1m=0.9150  uplink_kB=52.6  t=0.66s
  round  46/50: acc=0.9148  f1m=0.9146  uplink_kB=52.6  t=0.64s
  round  47/50: acc=0.9152  f1m=0.9150  uplink_kB=52.6  t=0.59s
  round  48/50: acc=0.9137  f1m=0.9135  uplink_kB=52.6  t=0.66s
  round  49/50: acc=0.9132  f1m=0.9130  uplink_kB=52.6  t=0.66s
  round  50/50: acc=0.9125  f1m=0.9124  uplink_kB=52.6  t=0.66s
[run] DONE -> /Users/agentra/Documents/hao/working/paper-lab/hao-paper-2026/iotj-fedkan-ids/repo/results/lrsweep_cseciic/lrsweep_mlp32_lr0p01__dir0.1__seed17/metrics.json  final_acc=0.9125
