[run] device=cpu  seed=2024  out=/Users/agentra/Documents/hao/working/paper-lab/hao-paper-2026/iotj-fedkan-ids/repo/results/mc_toniot/mc_mlp80_lr0p01__dir0.1__seed2024
[run] model=mlp  params=4,010
  round   1/50: acc=0.3389  f1m=0.1665  uplink_kB=156.6  t=1.49s
  round   2/50: acc=0.4192  f1m=0.2664  uplink_kB=156.6  t=0.81s
  round   3/50: acc=0.4367  f1m=0.2926  uplink_kB=156.6  t=0.77s
  round   4/50: acc=0.4845  f1m=0.3509  uplink_kB=156.6  t=0.76s
  round   5/50: acc=0.5460  f1m=0.4128  uplink_kB=156.6  t=0.92s
  round   6/50: acc=0.5391  f1m=0.4240  uplink_kB=156.6  t=0.79s
  round   7/50: acc=0.6087  f1m=0.4671  uplink_kB=156.6  t=0.77s
  round   8/50: acc=0.6304  f1m=0.4826  uplink_kB=156.6  t=0.76s
  round   9/50: acc=0.6198  f1m=0.4784  uplink_kB=156.6  t=0.80s
  round  10/50: acc=0.6366  f1m=0.4838  uplink_kB=156.6  t=0.77s
  round  11/50: acc=0.6484  f1m=0.5053  uplink_kB=156.6  t=0.77s
  round  12/50: acc=0.6714  f1m=0.5223  uplink_kB=156.6  t=0.78s
  round  13/50: acc=0.6923  f1m=0.5393  uplink_kB=156.6  t=0.78s
  round  14/50: acc=0.6736  f1m=0.5235  uplink_kB=156.6  t=0.78s
  round  15/50: acc=0.6833  f1m=0.5418  uplink_kB=156.6  t=0.83s
  round  16/50: acc=0.6848  f1m=0.5402  uplink_kB=156.6  t=0.77s
  round  17/50: acc=0.6827  f1m=0.5397  uplink_kB=156.6  t=0.79s
  round  18/50: acc=0.7027  f1m=0.5592  uplink_kB=156.6  t=0.79s
  round  19/50: acc=0.7005  f1m=0.5554  uplink_kB=156.6  t=0.78s
  round  20/50: acc=0.6955  f1m=0.5561  uplink_kB=156.6  t=0.77s
  round  21/50: acc=0.7028  f1m=0.5648  uplink_kB=156.6  t=0.83s
  round  22/50: acc=0.7031  f1m=0.5669  uplink_kB=156.6  t=0.77s
  round  23/50: acc=0.6764  f1m=0.5497  uplink_kB=156.6  t=0.75s
  round  24/50: acc=0.6852  f1m=0.5570  uplink_kB=156.6  t=0.73s
  round  25/50: acc=0.6897  f1m=0.5568  uplink_kB=156.6  t=0.74s
  round  26/50: acc=0.6745  f1m=0.5438  uplink_kB=156.6  t=0.75s
  round  27/50: acc=0.6840  f1m=0.5550  uplink_kB=156.6  t=0.76s
  round  28/50: acc=0.6748  f1m=0.5451  uplink_kB=156.6  t=0.71s
  round  29/50: acc=0.6744  f1m=0.5395  uplink_kB=156.6  t=0.73s
  round  30/50: acc=0.6541  f1m=0.5372  uplink_kB=156.6  t=0.69s
  round  31/50: acc=0.6649  f1m=0.5278  uplink_kB=156.6  t=0.67s
  round  32/50: acc=0.6474  f1m=0.5349  uplink_kB=156.6  t=0.67s
  round  33/50: acc=0.6680  f1m=0.5367  uplink_kB=156.6  t=0.66s
  round  34/50: acc=0.6846  f1m=0.5586  uplink_kB=156.6  t=0.66s
  round  35/50: acc=0.6548  f1m=0.5205  uplink_kB=156.6  t=0.66s
  round  36/50: acc=0.6805  f1m=0.5514  uplink_kB=156.6  t=0.69s
  round  37/50: acc=0.6739  f1m=0.5411  uplink_kB=156.6  t=0.66s
  round  38/50: acc=0.6851  f1m=0.5566  uplink_kB=156.6  t=0.66s
  round  39/50: acc=0.6813  f1m=0.5493  uplink_kB=156.6  t=0.65s
  round  40/50: acc=0.6836  f1m=0.5585  uplink_kB=156.6  t=0.66s
  round  41/50: acc=0.6759  f1m=0.5448  uplink_kB=156.6  t=0.66s
  round  42/50: acc=0.6882  f1m=0.5640  uplink_kB=156.6  t=0.65s
  round  43/50: acc=0.6819  f1m=0.5537  uplink_kB=156.6  t=0.65s
  round  44/50: acc=0.6886  f1m=0.5649  uplink_kB=156.6  t=0.66s
  round  45/50: acc=0.6820  f1m=0.5565  uplink_kB=156.6  t=0.68s
  round  46/50: acc=0.6949  f1m=0.5717  uplink_kB=156.6  t=0.66s
  round  47/50: acc=0.6910  f1m=0.5700  uplink_kB=156.6  t=0.66s
  round  48/50: acc=0.6860  f1m=0.5643  uplink_kB=156.6  t=0.66s
  round  49/50: acc=0.6882  f1m=0.5692  uplink_kB=156.6  t=0.66s
  round  50/50: acc=0.6710  f1m=0.5450  uplink_kB=156.6  t=0.67s
[run] DONE -> /Users/agentra/Documents/hao/working/paper-lab/hao-paper-2026/iotj-fedkan-ids/repo/results/mc_toniot/mc_mlp80_lr0p01__dir0.1__seed2024/metrics.json  final_acc=0.6710
