[run] device=cpu  seed=23  out=/Users/agentra/Documents/hao/working/paper-lab/hao-paper-2026/iotj-fedkan-ids/repo/results/lrsweep_cseciic_mc50k/lrsweep_kan16_lr0p03__dir0.1__seed23
[run] model=kan  params=8,640
  round   1/50: acc=0.4886  f1m=0.2606  uplink_kB=363.3  t=3.63s
  round   2/50: acc=0.6011  f1m=0.4013  uplink_kB=363.3  t=3.02s
  round   3/50: acc=0.7231  f1m=0.4866  uplink_kB=363.3  t=3.02s
  round   4/50: acc=0.6051  f1m=0.3995  uplink_kB=363.3  t=2.99s
  round   5/50: acc=0.6005  f1m=0.3800  uplink_kB=363.3  t=3.10s
  round   6/50: acc=0.6699  f1m=0.4557  uplink_kB=363.3  t=3.02s
  round   7/50: acc=0.7085  f1m=0.5084  uplink_kB=363.3  t=3.04s
  round   8/50: acc=0.7139  f1m=0.4878  uplink_kB=363.3  t=3.06s
  round   9/50: acc=0.7075  f1m=0.4848  uplink_kB=363.3  t=2.98s
  round  10/50: acc=0.6155  f1m=0.4329  uplink_kB=363.3  t=3.03s
  round  11/50: acc=0.7369  f1m=0.5251  uplink_kB=363.3  t=3.05s
  round  12/50: acc=0.6163  f1m=0.4582  uplink_kB=363.3  t=3.02s
  round  13/50: acc=0.7393  f1m=0.5313  uplink_kB=363.3  t=3.06s
  round  14/50: acc=0.7050  f1m=0.5137  uplink_kB=363.3  t=3.01s
  round  15/50: acc=0.7024  f1m=0.5060  uplink_kB=363.3  t=3.08s
  round  16/50: acc=0.7245  f1m=0.5362  uplink_kB=363.3  t=3.01s
  round  17/50: acc=0.6100  f1m=0.3965  uplink_kB=363.3  t=3.04s
  round  18/50: acc=0.7406  f1m=0.5443  uplink_kB=363.3  t=3.05s
  round  19/50: acc=0.7408  f1m=0.5422  uplink_kB=363.3  t=3.02s
  round  20/50: acc=0.6210  f1m=0.4690  uplink_kB=363.3  t=2.98s
  round  21/50: acc=0.6486  f1m=0.4751  uplink_kB=363.3  t=3.08s
  round  22/50: acc=0.7248  f1m=0.5105  uplink_kB=363.3  t=3.04s
  round  23/50: acc=0.7640  f1m=0.5678  uplink_kB=363.3  t=3.00s
  round  24/50: acc=0.7626  f1m=0.5521  uplink_kB=363.3  t=2.95s
  round  25/50: acc=0.7491  f1m=0.5577  uplink_kB=363.3  t=3.10s
  round  26/50: acc=0.7060  f1m=0.5263  uplink_kB=363.3  t=2.97s
  round  27/50: acc=0.6319  f1m=0.4891  uplink_kB=363.3  t=3.08s
  round  28/50: acc=0.7438  f1m=0.5380  uplink_kB=363.3  t=3.01s
  round  29/50: acc=0.7577  f1m=0.5591  uplink_kB=363.3  t=2.99s
  round  30/50: acc=0.7612  f1m=0.5594  uplink_kB=363.3  t=2.96s
  round  31/50: acc=0.7260  f1m=0.5285  uplink_kB=363.3  t=3.11s
  round  32/50: acc=0.6497  f1m=0.4822  uplink_kB=363.3  t=3.05s
  round  33/50: acc=0.6190  f1m=0.4398  uplink_kB=363.3  t=3.01s
  round  34/50: acc=0.6597  f1m=0.5133  uplink_kB=363.3  t=3.04s
  round  35/50: acc=0.7412  f1m=0.5383  uplink_kB=363.3  t=2.98s
  round  36/50: acc=0.7402  f1m=0.5309  uplink_kB=363.3  t=3.06s
  round  37/50: acc=0.7627  f1m=0.5583  uplink_kB=363.3  t=3.05s
  round  38/50: acc=0.6796  f1m=0.5139  uplink_kB=363.3  t=3.04s
  round  39/50: acc=0.6458  f1m=0.4894  uplink_kB=363.3  t=3.04s
  round  40/50: acc=0.6526  f1m=0.4919  uplink_kB=363.3  t=3.06s
  round  41/50: acc=0.7368  f1m=0.5410  uplink_kB=363.3  t=3.03s
  round  42/50: acc=0.7675  f1m=0.5584  uplink_kB=363.3  t=3.02s
  round  43/50: acc=0.6168  f1m=0.4608  uplink_kB=363.3  t=3.06s
  round  44/50: acc=0.7295  f1m=0.5304  uplink_kB=363.3  t=3.06s
  round  45/50: acc=0.7306  f1m=0.5236  uplink_kB=363.3  t=3.09s
  round  46/50: acc=0.7375  f1m=0.5354  uplink_kB=363.3  t=3.06s
  round  47/50: acc=0.7711  f1m=0.5549  uplink_kB=363.3  t=2.98s
  round  48/50: acc=0.7353  f1m=0.5298  uplink_kB=363.3  t=3.03s
  round  49/50: acc=0.6684  f1m=0.4996  uplink_kB=363.3  t=3.00s
  round  50/50: acc=0.7831  f1m=0.6168  uplink_kB=363.3  t=3.15s
[run] DONE -> /Users/agentra/Documents/hao/working/paper-lab/hao-paper-2026/iotj-fedkan-ids/repo/results/lrsweep_cseciic_mc50k/lrsweep_kan16_lr0p03__dir0.1__seed23/metrics.json  final_acc=0.7831
