[run] device=cpu  seed=17  out=/Users/agentra/Documents/hao/working/paper-lab/hao-paper-2026/iotj-fedkan-ids/repo/results/lrsweep_cseciic_mc/lrsweep_mlp32_lr0p003__dir0.1__seed17
[run] model=mlp  params=1,775
  round   1/50: acc=0.3939  f1m=0.1325  uplink_kB=69.3  t=2.88s
  round   2/50: acc=0.6246  f1m=0.3159  uplink_kB=69.3  t=2.18s
  round   3/50: acc=0.7059  f1m=0.4302  uplink_kB=69.3  t=2.10s
  round   4/50: acc=0.7206  f1m=0.4150  uplink_kB=69.3  t=2.13s
  round   5/50: acc=0.7381  f1m=0.4349  uplink_kB=69.3  t=2.13s
  round   6/50: acc=0.7389  f1m=0.4364  uplink_kB=69.3  t=2.16s
  round   7/50: acc=0.7398  f1m=0.4377  uplink_kB=69.3  t=2.09s
  round   8/50: acc=0.7474  f1m=0.4684  uplink_kB=69.3  t=2.12s
  round   9/50: acc=0.7490  f1m=0.4706  uplink_kB=69.3  t=2.13s
  round  10/50: acc=0.7512  f1m=0.4735  uplink_kB=69.3  t=2.18s
  round  11/50: acc=0.7668  f1m=0.5081  uplink_kB=69.3  t=2.09s
  round  12/50: acc=0.7703  f1m=0.4948  uplink_kB=69.3  t=2.07s
  round  13/50: acc=0.7745  f1m=0.5213  uplink_kB=69.3  t=2.11s
  round  14/50: acc=0.7779  f1m=0.5227  uplink_kB=69.3  t=2.16s
  round  15/50: acc=0.7851  f1m=0.5518  uplink_kB=69.3  t=2.09s
  round  16/50: acc=0.8035  f1m=0.5606  uplink_kB=69.3  t=2.11s
  round  17/50: acc=0.8042  f1m=0.5580  uplink_kB=69.3  t=2.07s
  round  18/50: acc=0.8096  f1m=0.5618  uplink_kB=69.3  t=2.15s
  round  19/50: acc=0.8118  f1m=0.5627  uplink_kB=69.3  t=2.09s
  round  20/50: acc=0.8143  f1m=0.5653  uplink_kB=69.3  t=2.06s
  round  21/50: acc=0.8163  f1m=0.5678  uplink_kB=69.3  t=2.07s
  round  22/50: acc=0.8149  f1m=0.5760  uplink_kB=69.3  t=2.17s
  round  23/50: acc=0.8196  f1m=0.5837  uplink_kB=69.3  t=2.05s
  round  24/50: acc=0.8170  f1m=0.5729  uplink_kB=69.3  t=2.06s
  round  25/50: acc=0.8247  f1m=0.5802  uplink_kB=69.3  t=2.13s
  round  26/50: acc=0.8227  f1m=0.5881  uplink_kB=69.3  t=2.16s
  round  27/50: acc=0.8256  f1m=0.5805  uplink_kB=69.3  t=2.11s
  round  28/50: acc=0.8258  f1m=0.5784  uplink_kB=69.3  t=2.11s
  round  29/50: acc=0.8281  f1m=0.5918  uplink_kB=69.3  t=2.09s
  round  30/50: acc=0.8295  f1m=0.5921  uplink_kB=69.3  t=2.17s
  round  31/50: acc=0.8303  f1m=0.5922  uplink_kB=69.3  t=2.07s
  round  32/50: acc=0.8313  f1m=0.5898  uplink_kB=69.3  t=2.11s
  round  33/50: acc=0.8269  f1m=0.5888  uplink_kB=69.3  t=2.20s
  round  34/50: acc=0.8332  f1m=0.6013  uplink_kB=69.3  t=2.12s
  round  35/50: acc=0.8305  f1m=0.5982  uplink_kB=69.3  t=2.15s
  round  36/50: acc=0.8327  f1m=0.5944  uplink_kB=69.3  t=2.12s
  round  37/50: acc=0.8294  f1m=0.6013  uplink_kB=69.3  t=2.12s
  round  38/50: acc=0.8337  f1m=0.6047  uplink_kB=69.3  t=2.12s
  round  39/50: acc=0.8368  f1m=0.5964  uplink_kB=69.3  t=2.23s
  round  40/50: acc=0.8365  f1m=0.6092  uplink_kB=69.3  t=2.14s
  round  41/50: acc=0.8341  f1m=0.6135  uplink_kB=69.3  t=2.12s
  round  42/50: acc=0.8298  f1m=0.6118  uplink_kB=69.3  t=2.09s
  round  43/50: acc=0.8334  f1m=0.6144  uplink_kB=69.3  t=2.12s
  round  44/50: acc=0.8339  f1m=0.6149  uplink_kB=69.3  t=2.15s
  round  45/50: acc=0.8329  f1m=0.6141  uplink_kB=69.3  t=2.11s
  round  46/50: acc=0.8316  f1m=0.6131  uplink_kB=69.3  t=2.12s
  round  47/50: acc=0.8340  f1m=0.6149  uplink_kB=69.3  t=2.11s
  round  48/50: acc=0.8329  f1m=0.6139  uplink_kB=69.3  t=2.09s
  round  49/50: acc=0.8364  f1m=0.6166  uplink_kB=69.3  t=2.12s
  round  50/50: acc=0.8347  f1m=0.6152  uplink_kB=69.3  t=2.08s
[run] DONE -> /Users/agentra/Documents/hao/working/paper-lab/hao-paper-2026/iotj-fedkan-ids/repo/results/lrsweep_cseciic_mc/lrsweep_mlp32_lr0p003__dir0.1__seed17/metrics.json  final_acc=0.8347
