[run] device=cpu  seed=23  out=/Users/agentra/Documents/hao/working/paper-lab/hao-paper-2026/iotj-fedkan-ids/repo/results/lrsweep_cseciic/lrsweep_mlp80_lr0p1__dir0.1__seed23
[run] model=mlp  params=3,362
  round   1/50: acc=0.5122  f1m=0.3600  uplink_kB=131.3  t=1.28s
  round   2/50: acc=0.8647  f1m=0.8622  uplink_kB=131.3  t=0.66s
  round   3/50: acc=0.8868  f1m=0.8853  uplink_kB=131.3  t=0.67s
  round   4/50: acc=0.9376  f1m=0.9375  uplink_kB=131.3  t=0.65s
  round   5/50: acc=0.8646  f1m=0.8621  uplink_kB=131.3  t=0.59s
  round   6/50: acc=0.9407  f1m=0.9406  uplink_kB=131.3  t=0.64s
  round   7/50: acc=0.9327  f1m=0.9324  uplink_kB=131.3  t=0.65s
  round   8/50: acc=0.5500  f1m=0.4371  uplink_kB=131.3  t=0.63s
  round   9/50: acc=0.9350  f1m=0.9347  uplink_kB=131.3  t=0.68s
  round  10/50: acc=0.9399  f1m=0.9397  uplink_kB=131.3  t=0.69s
  round  11/50: acc=0.9400  f1m=0.9399  uplink_kB=131.3  t=0.61s
  round  12/50: acc=0.9433  f1m=0.9431  uplink_kB=131.3  t=0.66s
  round  13/50: acc=0.8851  f1m=0.8837  uplink_kB=131.3  t=0.68s
  round  14/50: acc=0.9366  f1m=0.9364  uplink_kB=131.3  t=0.69s
  round  15/50: acc=0.9438  f1m=0.9437  uplink_kB=131.3  t=0.67s
  round  16/50: acc=0.9368  f1m=0.9366  uplink_kB=131.3  t=0.67s
  round  17/50: acc=0.9390  f1m=0.9388  uplink_kB=131.3  t=0.67s
  round  18/50: acc=0.8612  f1m=0.8585  uplink_kB=131.3  t=0.62s
  round  19/50: acc=0.9403  f1m=0.9401  uplink_kB=131.3  t=0.73s
  round  20/50: acc=0.9380  f1m=0.9378  uplink_kB=131.3  t=0.65s
  round  21/50: acc=0.9373  f1m=0.9371  uplink_kB=131.3  t=0.71s
  round  22/50: acc=0.9312  f1m=0.9309  uplink_kB=131.3  t=0.63s
  round  23/50: acc=0.9425  f1m=0.9424  uplink_kB=131.3  t=0.67s
  round  24/50: acc=0.8677  f1m=0.8654  uplink_kB=131.3  t=0.67s
  round  25/50: acc=0.9354  f1m=0.9352  uplink_kB=131.3  t=0.62s
  round  26/50: acc=0.8374  f1m=0.8330  uplink_kB=131.3  t=0.66s
  round  27/50: acc=0.8151  f1m=0.8087  uplink_kB=131.3  t=0.71s
  round  28/50: acc=0.9382  f1m=0.9379  uplink_kB=131.3  t=0.68s
  round  29/50: acc=0.8446  f1m=0.8408  uplink_kB=131.3  t=0.64s
  round  30/50: acc=0.9300  f1m=0.9297  uplink_kB=131.3  t=0.66s
  round  31/50: acc=0.9379  f1m=0.9377  uplink_kB=131.3  t=0.62s
  round  32/50: acc=0.8671  f1m=0.8647  uplink_kB=131.3  t=0.69s
  round  33/50: acc=0.9387  f1m=0.9385  uplink_kB=131.3  t=0.64s
  round  34/50: acc=0.8666  f1m=0.8642  uplink_kB=131.3  t=0.67s
  round  35/50: acc=0.9383  f1m=0.9381  uplink_kB=131.3  t=0.70s
  round  36/50: acc=0.9387  f1m=0.9385  uplink_kB=131.3  t=0.64s
  round  37/50: acc=0.9383  f1m=0.9381  uplink_kB=131.3  t=0.63s
  round  38/50: acc=0.8917  f1m=0.8904  uplink_kB=131.3  t=0.67s
  round  39/50: acc=0.9224  f1m=0.9220  uplink_kB=131.3  t=0.64s
  round  40/50: acc=0.7626  f1m=0.7486  uplink_kB=131.3  t=0.64s
  round  41/50: acc=0.8674  f1m=0.8651  uplink_kB=131.3  t=0.64s
  round  42/50: acc=0.8593  f1m=0.8565  uplink_kB=131.3  t=0.67s
  round  43/50: acc=0.8787  f1m=0.8769  uplink_kB=131.3  t=0.69s
  round  44/50: acc=0.9365  f1m=0.9363  uplink_kB=131.3  t=0.62s
  round  45/50: acc=0.9389  f1m=0.9387  uplink_kB=131.3  t=0.65s
  round  46/50: acc=0.9387  f1m=0.9385  uplink_kB=131.3  t=0.67s
  round  47/50: acc=0.9387  f1m=0.9385  uplink_kB=131.3  t=0.66s
  round  48/50: acc=0.9385  f1m=0.9383  uplink_kB=131.3  t=0.66s
  round  49/50: acc=0.9378  f1m=0.9376  uplink_kB=131.3  t=0.65s
  round  50/50: acc=0.9387  f1m=0.9385  uplink_kB=131.3  t=0.65s
[run] DONE -> /Users/agentra/Documents/hao/working/paper-lab/hao-paper-2026/iotj-fedkan-ids/repo/results/lrsweep_cseciic/lrsweep_mlp80_lr0p1__dir0.1__seed23/metrics.json  final_acc=0.9387
