[run] device=cpu  seed=110  out=/Users/agentra/Documents/hao/working/paper-lab/hao-paper-2026/iotj-fedkan-ids/repo/results/lrsweep_cseciic_mc50k/lrsweep_mlp80_lr0p01__dir0.1__seed110
[run] model=mlp  params=4,415
  round   1/50: acc=0.4026  f1m=0.1588  uplink_kB=172.5  t=2.26s
  round   2/50: acc=0.4120  f1m=0.1775  uplink_kB=172.5  t=1.20s
  round   3/50: acc=0.6589  f1m=0.4059  uplink_kB=172.5  t=1.30s
  round   4/50: acc=0.6830  f1m=0.4198  uplink_kB=172.5  t=1.25s
  round   5/50: acc=0.7185  f1m=0.4487  uplink_kB=172.5  t=1.34s
  round   6/50: acc=0.7390  f1m=0.4599  uplink_kB=172.5  t=1.19s
  round   7/50: acc=0.7361  f1m=0.4580  uplink_kB=172.5  t=1.34s
  round   8/50: acc=0.7200  f1m=0.4556  uplink_kB=172.5  t=1.27s
  round   9/50: acc=0.7487  f1m=0.4750  uplink_kB=172.5  t=1.17s
  round  10/50: acc=0.7583  f1m=0.5547  uplink_kB=172.5  t=1.24s
  round  11/50: acc=0.7802  f1m=0.5663  uplink_kB=172.5  t=1.18s
  round  12/50: acc=0.7778  f1m=0.6073  uplink_kB=172.5  t=1.25s
  round  13/50: acc=0.7820  f1m=0.5672  uplink_kB=172.5  t=1.20s
  round  14/50: acc=0.7789  f1m=0.6080  uplink_kB=172.5  t=1.25s
  round  15/50: acc=0.7596  f1m=0.5516  uplink_kB=172.5  t=1.21s
  round  16/50: acc=0.7843  f1m=0.5692  uplink_kB=172.5  t=1.24s
  round  17/50: acc=0.7822  f1m=0.6104  uplink_kB=172.5  t=1.17s
  round  18/50: acc=0.7998  f1m=0.6158  uplink_kB=172.5  t=1.23s
  round  19/50: acc=0.8091  f1m=0.6327  uplink_kB=172.5  t=1.18s
  round  20/50: acc=0.8004  f1m=0.6163  uplink_kB=172.5  t=1.26s
  round  21/50: acc=0.8265  f1m=0.6614  uplink_kB=172.5  t=1.20s
  round  22/50: acc=0.8072  f1m=0.6299  uplink_kB=172.5  t=1.26s
  round  23/50: acc=0.8118  f1m=0.6348  uplink_kB=172.5  t=1.22s
  round  24/50: acc=0.8182  f1m=0.6526  uplink_kB=172.5  t=1.26s
  round  25/50: acc=0.8332  f1m=0.6737  uplink_kB=172.5  t=1.21s
  round  26/50: acc=0.8305  f1m=0.6702  uplink_kB=172.5  t=1.28s
  round  27/50: acc=0.8246  f1m=0.6600  uplink_kB=172.5  t=1.25s
  round  28/50: acc=0.8145  f1m=0.6406  uplink_kB=172.5  t=1.28s
  round  29/50: acc=0.8359  f1m=0.6793  uplink_kB=172.5  t=1.23s
  round  30/50: acc=0.8183  f1m=0.6492  uplink_kB=172.5  t=1.26s
  round  31/50: acc=0.8357  f1m=0.6802  uplink_kB=172.5  t=1.21s
  round  32/50: acc=0.8365  f1m=0.6812  uplink_kB=172.5  t=1.32s
  round  33/50: acc=0.8469  f1m=0.6956  uplink_kB=172.5  t=1.23s
  round  34/50: acc=0.8442  f1m=0.6999  uplink_kB=172.5  t=1.28s
  round  35/50: acc=0.8561  f1m=0.7130  uplink_kB=172.5  t=1.18s
  round  36/50: acc=0.8489  f1m=0.7154  uplink_kB=172.5  t=1.27s
  round  37/50: acc=0.8495  f1m=0.7184  uplink_kB=172.5  t=1.18s
  round  38/50: acc=0.8547  f1m=0.7273  uplink_kB=172.5  t=1.29s
  round  39/50: acc=0.8570  f1m=0.7277  uplink_kB=172.5  t=1.20s
  round  40/50: acc=0.8588  f1m=0.7265  uplink_kB=172.5  t=1.23s
  round  41/50: acc=0.8451  f1m=0.7092  uplink_kB=172.5  t=1.21s
  round  42/50: acc=0.8645  f1m=0.7319  uplink_kB=172.5  t=1.24s
  round  43/50: acc=0.8496  f1m=0.7184  uplink_kB=172.5  t=1.19s
  round  44/50: acc=0.8619  f1m=0.7279  uplink_kB=172.5  t=1.27s
  round  45/50: acc=0.8579  f1m=0.7248  uplink_kB=172.5  t=1.15s
  round  46/50: acc=0.8675  f1m=0.7378  uplink_kB=172.5  t=1.24s
  round  47/50: acc=0.8685  f1m=0.7350  uplink_kB=172.5  t=1.20s
  round  48/50: acc=0.8748  f1m=0.7435  uplink_kB=172.5  t=1.26s
  round  49/50: acc=0.8650  f1m=0.7311  uplink_kB=172.5  t=1.20s
  round  50/50: acc=0.8812  f1m=0.7532  uplink_kB=172.5  t=1.25s
[run] DONE -> /Users/agentra/Documents/hao/working/paper-lab/hao-paper-2026/iotj-fedkan-ids/repo/results/lrsweep_cseciic_mc50k/lrsweep_mlp80_lr0p01__dir0.1__seed110/metrics.json  final_acc=0.8812
