[run] device=cpu  seed=43  out=/Users/agentra/Documents/hao/working/paper-lab/hao-paper-2026/iotj-fedkan-ids/repo/results/lrsweep_botiot/lrsweep_mlp80_lr0p001__dir0.1__seed43
[run] model=mlp  params=3,362
  round   1/50: acc=0.9272  f1m=0.9272  uplink_kB=131.3  t=1.31s
  round   2/50: acc=0.9288  f1m=0.9288  uplink_kB=131.3  t=0.67s
  round   3/50: acc=0.9298  f1m=0.9298  uplink_kB=131.3  t=0.69s
  round   4/50: acc=0.9301  f1m=0.9301  uplink_kB=131.3  t=0.62s
  round   5/50: acc=0.9304  f1m=0.9304  uplink_kB=131.3  t=0.64s
  round   6/50: acc=0.9360  f1m=0.9360  uplink_kB=131.3  t=0.69s
  round   7/50: acc=0.9367  f1m=0.9367  uplink_kB=131.3  t=0.65s
  round   8/50: acc=0.9372  f1m=0.9372  uplink_kB=131.3  t=0.67s
  round   9/50: acc=0.9392  f1m=0.9392  uplink_kB=131.3  t=0.71s
  round  10/50: acc=0.9422  f1m=0.9422  uplink_kB=131.3  t=0.59s
  round  11/50: acc=0.9446  f1m=0.9446  uplink_kB=131.3  t=0.71s
  round  12/50: acc=0.9456  f1m=0.9456  uplink_kB=131.3  t=0.68s
  round  13/50: acc=0.9462  f1m=0.9462  uplink_kB=131.3  t=0.66s
  round  14/50: acc=0.9467  f1m=0.9467  uplink_kB=131.3  t=0.68s
  round  15/50: acc=0.9473  f1m=0.9473  uplink_kB=131.3  t=0.67s
  round  16/50: acc=0.9481  f1m=0.9481  uplink_kB=131.3  t=0.66s
  round  17/50: acc=0.9543  f1m=0.9543  uplink_kB=131.3  t=0.60s
  round  18/50: acc=0.9564  f1m=0.9564  uplink_kB=131.3  t=0.67s
  round  19/50: acc=0.9573  f1m=0.9573  uplink_kB=131.3  t=0.67s
  round  20/50: acc=0.9582  f1m=0.9582  uplink_kB=131.3  t=0.70s
  round  21/50: acc=0.9589  f1m=0.9589  uplink_kB=131.3  t=0.69s
  round  22/50: acc=0.9590  f1m=0.9590  uplink_kB=131.3  t=0.65s
  round  23/50: acc=0.9604  f1m=0.9604  uplink_kB=131.3  t=0.81s
  round  24/50: acc=0.9625  f1m=0.9625  uplink_kB=131.3  t=0.68s
  round  25/50: acc=0.9616  f1m=0.9616  uplink_kB=131.3  t=0.67s
  round  26/50: acc=0.9635  f1m=0.9635  uplink_kB=131.3  t=0.68s
  round  27/50: acc=0.9640  f1m=0.9640  uplink_kB=131.3  t=0.66s
  round  28/50: acc=0.9656  f1m=0.9656  uplink_kB=131.3  t=0.65s
  round  29/50: acc=0.9649  f1m=0.9649  uplink_kB=131.3  t=0.66s
  round  30/50: acc=0.9654  f1m=0.9654  uplink_kB=131.3  t=0.71s
  round  31/50: acc=0.9653  f1m=0.9653  uplink_kB=131.3  t=0.70s
  round  32/50: acc=0.9653  f1m=0.9653  uplink_kB=131.3  t=0.71s
  round  33/50: acc=0.9661  f1m=0.9661  uplink_kB=131.3  t=0.70s
  round  34/50: acc=0.9669  f1m=0.9669  uplink_kB=131.3  t=0.66s
  round  35/50: acc=0.9683  f1m=0.9683  uplink_kB=131.3  t=0.63s
  round  36/50: acc=0.9685  f1m=0.9685  uplink_kB=131.3  t=0.67s
  round  37/50: acc=0.9688  f1m=0.9688  uplink_kB=131.3  t=0.68s
  round  38/50: acc=0.9691  f1m=0.9691  uplink_kB=131.3  t=0.64s
  round  39/50: acc=0.9691  f1m=0.9691  uplink_kB=131.3  t=0.69s
  round  40/50: acc=0.9697  f1m=0.9697  uplink_kB=131.3  t=0.66s
  round  41/50: acc=0.9690  f1m=0.9689  uplink_kB=131.3  t=0.69s
  round  42/50: acc=0.9687  f1m=0.9687  uplink_kB=131.3  t=0.69s
  round  43/50: acc=0.9687  f1m=0.9687  uplink_kB=131.3  t=0.69s
  round  44/50: acc=0.9687  f1m=0.9687  uplink_kB=131.3  t=0.69s
  round  45/50: acc=0.9695  f1m=0.9695  uplink_kB=131.3  t=0.65s
  round  46/50: acc=0.9691  f1m=0.9691  uplink_kB=131.3  t=0.69s
  round  47/50: acc=0.9696  f1m=0.9696  uplink_kB=131.3  t=0.71s
  round  48/50: acc=0.9693  f1m=0.9693  uplink_kB=131.3  t=0.62s
  round  49/50: acc=0.9696  f1m=0.9696  uplink_kB=131.3  t=0.70s
  round  50/50: acc=0.9698  f1m=0.9698  uplink_kB=131.3  t=0.63s
[run] DONE -> /Users/agentra/Documents/hao/working/paper-lab/hao-paper-2026/iotj-fedkan-ids/repo/results/lrsweep_botiot/lrsweep_mlp80_lr0p001__dir0.1__seed43/metrics.json  final_acc=0.9698
