[run] device=cpu  seed=112  out=/Users/agentra/Documents/hao/working/paper-lab/hao-paper-2026/iotj-fedkan-ids/repo/results/lrsweep_cseciic_mc50k/lrsweep_kan8_lr0p01__dir0.1__seed112
[run] model=kan  params=4,320
  round   1/50: acc=0.3606  f1m=0.1354  uplink_kB=190.8  t=4.04s
  round   2/50: acc=0.3672  f1m=0.1600  uplink_kB=190.8  t=3.09s
  round   3/50: acc=0.5735  f1m=0.2980  uplink_kB=190.8  t=3.12s
  round   4/50: acc=0.6083  f1m=0.3247  uplink_kB=190.8  t=3.05s
  round   5/50: acc=0.6536  f1m=0.3718  uplink_kB=190.8  t=3.17s
  round   6/50: acc=0.7194  f1m=0.4144  uplink_kB=190.8  t=3.04s
  round   7/50: acc=0.7398  f1m=0.4269  uplink_kB=190.8  t=3.01s
  round   8/50: acc=0.7464  f1m=0.4291  uplink_kB=190.8  t=3.06s
  round   9/50: acc=0.7524  f1m=0.4924  uplink_kB=190.8  t=3.09s
  round  10/50: acc=0.7559  f1m=0.4958  uplink_kB=190.8  t=3.05s
  round  11/50: acc=0.8157  f1m=0.5663  uplink_kB=190.8  t=3.15s
  round  12/50: acc=0.8198  f1m=0.5701  uplink_kB=190.8  t=3.05s
  round  13/50: acc=0.8230  f1m=0.5758  uplink_kB=190.8  t=3.15s
  round  14/50: acc=0.8554  f1m=0.6706  uplink_kB=190.8  t=3.03s
  round  15/50: acc=0.8327  f1m=0.6193  uplink_kB=190.8  t=3.11s
  round  16/50: acc=0.8477  f1m=0.6772  uplink_kB=190.8  t=3.03s
  round  17/50: acc=0.8473  f1m=0.6771  uplink_kB=190.8  t=3.10s
  round  18/50: acc=0.8723  f1m=0.7248  uplink_kB=190.8  t=2.99s
  round  19/50: acc=0.8622  f1m=0.7118  uplink_kB=190.8  t=3.16s
  round  20/50: acc=0.8697  f1m=0.7233  uplink_kB=190.8  t=3.09s
  round  21/50: acc=0.8665  f1m=0.7211  uplink_kB=190.8  t=3.17s
  round  22/50: acc=0.8693  f1m=0.7228  uplink_kB=190.8  t=3.05s
  round  23/50: acc=0.8846  f1m=0.7428  uplink_kB=190.8  t=3.13s
  round  24/50: acc=0.8834  f1m=0.7442  uplink_kB=190.8  t=3.16s
  round  25/50: acc=0.8706  f1m=0.7347  uplink_kB=190.8  t=3.40s
  round  26/50: acc=0.8864  f1m=0.7461  uplink_kB=190.8  t=3.13s
  round  27/50: acc=0.8782  f1m=0.7406  uplink_kB=190.8  t=3.08s
  round  28/50: acc=0.8858  f1m=0.7458  uplink_kB=190.8  t=3.19s
  round  29/50: acc=0.8843  f1m=0.7438  uplink_kB=190.8  t=3.02s
  round  30/50: acc=0.8843  f1m=0.7339  uplink_kB=190.8  t=3.13s
  round  31/50: acc=0.8742  f1m=0.7360  uplink_kB=190.8  t=3.03s
  round  32/50: acc=0.8865  f1m=0.7464  uplink_kB=190.8  t=3.08s
  round  33/50: acc=0.8819  f1m=0.7421  uplink_kB=190.8  t=3.10s
  round  34/50: acc=0.8900  f1m=0.7480  uplink_kB=190.8  t=3.11s
  round  35/50: acc=0.8812  f1m=0.7419  uplink_kB=190.8  t=3.06s
  round  36/50: acc=0.8849  f1m=0.7436  uplink_kB=190.8  t=3.11s
  round  37/50: acc=0.8805  f1m=0.7395  uplink_kB=190.8  t=3.06s
  round  38/50: acc=0.8854  f1m=0.7429  uplink_kB=190.8  t=3.14s
  round  39/50: acc=0.8794  f1m=0.7387  uplink_kB=190.8  t=3.04s
  round  40/50: acc=0.8862  f1m=0.7441  uplink_kB=190.8  t=3.12s
  round  41/50: acc=0.8809  f1m=0.7414  uplink_kB=190.8  t=3.07s
  round  42/50: acc=0.8897  f1m=0.7473  uplink_kB=190.8  t=3.07s
  round  43/50: acc=0.8858  f1m=0.7433  uplink_kB=190.8  t=3.00s
  round  44/50: acc=0.8878  f1m=0.7462  uplink_kB=190.8  t=3.19s
  round  45/50: acc=0.8797  f1m=0.7398  uplink_kB=190.8  t=3.01s
  round  46/50: acc=0.8862  f1m=0.7434  uplink_kB=190.8  t=3.10s
  round  47/50: acc=0.8872  f1m=0.7457  uplink_kB=190.8  t=3.10s
  round  48/50: acc=0.8889  f1m=0.7467  uplink_kB=190.8  t=3.10s
  round  49/50: acc=0.8857  f1m=0.7452  uplink_kB=190.8  t=3.08s
  round  50/50: acc=0.8880  f1m=0.7434  uplink_kB=190.8  t=3.17s
[run] DONE -> /Users/agentra/Documents/hao/working/paper-lab/hao-paper-2026/iotj-fedkan-ids/repo/results/lrsweep_cseciic_mc50k/lrsweep_kan8_lr0p01__dir0.1__seed112/metrics.json  final_acc=0.8880
