[run] device=cpu  seed=2024  out=/Users/agentra/Documents/hao/working/paper-lab/hao-paper-2026/iotj-fedkan-ids/repo/results/lrsweep_cseciic_mc/lrsweep_kan16_lr0p001__dir0.1__seed2024
[run] model=kan  params=8,640
  round   1/50: acc=0.3422  f1m=0.0966  uplink_kB=363.3  t=6.84s
  round   2/50: acc=0.3433  f1m=0.1047  uplink_kB=363.3  t=6.23s
  round   3/50: acc=0.4175  f1m=0.1269  uplink_kB=363.3  t=6.22s
  round   4/50: acc=0.4403  f1m=0.1420  uplink_kB=363.3  t=6.11s
  round   5/50: acc=0.4538  f1m=0.1581  uplink_kB=363.3  t=6.18s
  round   6/50: acc=0.4894  f1m=0.2197  uplink_kB=363.3  t=6.09s
  round   7/50: acc=0.5382  f1m=0.2959  uplink_kB=363.3  t=6.15s
  round   8/50: acc=0.6334  f1m=0.3488  uplink_kB=363.3  t=6.18s
  round   9/50: acc=0.6626  f1m=0.4036  uplink_kB=363.3  t=6.17s
  round  10/50: acc=0.6928  f1m=0.4380  uplink_kB=363.3  t=6.13s
  round  11/50: acc=0.7410  f1m=0.4735  uplink_kB=363.3  t=6.17s
  round  12/50: acc=0.7670  f1m=0.4856  uplink_kB=363.3  t=6.22s
  round  13/50: acc=0.7903  f1m=0.4953  uplink_kB=363.3  t=6.20s
  round  14/50: acc=0.8265  f1m=0.5165  uplink_kB=363.3  t=6.11s
  round  15/50: acc=0.8293  f1m=0.5238  uplink_kB=363.3  t=6.14s
  round  16/50: acc=0.8328  f1m=0.5322  uplink_kB=363.3  t=6.19s
  round  17/50: acc=0.8386  f1m=0.5426  uplink_kB=363.3  t=6.14s
  round  18/50: acc=0.8466  f1m=0.5821  uplink_kB=363.3  t=6.20s
  round  19/50: acc=0.8536  f1m=0.6104  uplink_kB=363.3  t=6.11s
  round  20/50: acc=0.8546  f1m=0.6128  uplink_kB=363.3  t=6.12s
  round  21/50: acc=0.8558  f1m=0.6168  uplink_kB=363.3  t=6.22s
  round  22/50: acc=0.8579  f1m=0.6800  uplink_kB=363.3  t=6.16s
  round  23/50: acc=0.8565  f1m=0.6788  uplink_kB=363.3  t=6.16s
  round  24/50: acc=0.8568  f1m=0.6832  uplink_kB=363.3  t=6.07s
  round  25/50: acc=0.8618  f1m=0.7038  uplink_kB=363.3  t=6.12s
  round  26/50: acc=0.8614  f1m=0.7048  uplink_kB=363.3  t=6.17s
  round  27/50: acc=0.8626  f1m=0.7081  uplink_kB=363.3  t=6.30s
  round  28/50: acc=0.8663  f1m=0.7217  uplink_kB=363.3  t=7.08s
  round  29/50: acc=0.8665  f1m=0.7233  uplink_kB=363.3  t=5.95s
  round  30/50: acc=0.8662  f1m=0.7241  uplink_kB=363.3  t=5.99s
  round  31/50: acc=0.8660  f1m=0.7242  uplink_kB=363.3  t=6.02s
  round  32/50: acc=0.8670  f1m=0.7260  uplink_kB=363.3  t=6.09s
  round  33/50: acc=0.8685  f1m=0.7292  uplink_kB=363.3  t=6.07s
  round  34/50: acc=0.8676  f1m=0.7297  uplink_kB=363.3  t=6.16s
  round  35/50: acc=0.8678  f1m=0.7297  uplink_kB=363.3  t=6.44s
  round  36/50: acc=0.8689  f1m=0.7307  uplink_kB=363.3  t=6.18s
  round  37/50: acc=0.8704  f1m=0.7309  uplink_kB=363.3  t=6.10s
  round  38/50: acc=0.8699  f1m=0.7321  uplink_kB=363.3  t=6.15s
  round  39/50: acc=0.8703  f1m=0.7329  uplink_kB=363.3  t=6.20s
  round  40/50: acc=0.8713  f1m=0.7335  uplink_kB=363.3  t=6.16s
  round  41/50: acc=0.8706  f1m=0.7342  uplink_kB=363.3  t=6.19s
  round  42/50: acc=0.8718  f1m=0.7356  uplink_kB=363.3  t=6.24s
  round  43/50: acc=0.8726  f1m=0.7362  uplink_kB=363.3  t=6.30s
  round  44/50: acc=0.8693  f1m=0.7349  uplink_kB=363.3  t=6.15s
  round  45/50: acc=0.8708  f1m=0.7351  uplink_kB=363.3  t=6.16s
  round  46/50: acc=0.8712  f1m=0.7352  uplink_kB=363.3  t=6.18s
  round  47/50: acc=0.8726  f1m=0.7358  uplink_kB=363.3  t=6.13s
  round  48/50: acc=0.8729  f1m=0.7376  uplink_kB=363.3  t=6.04s
  round  49/50: acc=0.8735  f1m=0.7379  uplink_kB=363.3  t=6.24s
  round  50/50: acc=0.8732  f1m=0.7382  uplink_kB=363.3  t=6.25s
[run] DONE -> /Users/agentra/Documents/hao/working/paper-lab/hao-paper-2026/iotj-fedkan-ids/repo/results/lrsweep_cseciic_mc/lrsweep_kan16_lr0p001__dir0.1__seed2024/metrics.json  final_acc=0.8732
