[run] device=cpu  seed=42  out=/Users/agentra/Documents/hao/working/paper-lab/hao-paper-2026/iotj-fedkan-ids/repo/results/lrsweep_cseciic_mc50k/lrsweep_mlp80_lr0p003__dir0.1__seed42
[run] model=mlp  params=4,415
  round   1/50: acc=0.2197  f1m=0.0588  uplink_kB=172.5  t=1.56s
  round   2/50: acc=0.3518  f1m=0.1353  uplink_kB=172.5  t=1.04s
  round   3/50: acc=0.5094  f1m=0.2675  uplink_kB=172.5  t=1.07s
  round   4/50: acc=0.5823  f1m=0.3152  uplink_kB=172.5  t=0.99s
  round   5/50: acc=0.6039  f1m=0.3370  uplink_kB=172.5  t=1.06s
  round   6/50: acc=0.6207  f1m=0.3544  uplink_kB=172.5  t=1.03s
  round   7/50: acc=0.6297  f1m=0.3652  uplink_kB=172.5  t=1.06s
  round   8/50: acc=0.6363  f1m=0.3731  uplink_kB=172.5  t=1.01s
  round   9/50: acc=0.6415  f1m=0.3794  uplink_kB=172.5  t=1.08s
  round  10/50: acc=0.6545  f1m=0.3880  uplink_kB=172.5  t=1.06s
  round  11/50: acc=0.6617  f1m=0.3930  uplink_kB=172.5  t=1.10s
  round  12/50: acc=0.6613  f1m=0.3928  uplink_kB=172.5  t=1.02s
  round  13/50: acc=0.6645  f1m=0.3956  uplink_kB=172.5  t=1.06s
  round  14/50: acc=0.6633  f1m=0.3954  uplink_kB=172.5  t=1.02s
  round  15/50: acc=0.6648  f1m=0.3967  uplink_kB=172.5  t=1.08s
  round  16/50: acc=0.6650  f1m=0.3968  uplink_kB=172.5  t=0.99s
  round  17/50: acc=0.6667  f1m=0.3982  uplink_kB=172.5  t=1.04s
  round  18/50: acc=0.6671  f1m=0.3984  uplink_kB=172.5  t=1.04s
  round  19/50: acc=0.6685  f1m=0.3995  uplink_kB=172.5  t=1.06s
  round  20/50: acc=0.6693  f1m=0.4000  uplink_kB=172.5  t=1.03s
  round  21/50: acc=0.6682  f1m=0.3994  uplink_kB=172.5  t=1.07s
  round  22/50: acc=0.6702  f1m=0.4007  uplink_kB=172.5  t=1.03s
  round  23/50: acc=0.6686  f1m=0.3996  uplink_kB=172.5  t=1.10s
  round  24/50: acc=0.6691  f1m=0.4001  uplink_kB=172.5  t=1.04s
  round  25/50: acc=0.6691  f1m=0.4002  uplink_kB=172.5  t=1.10s
  round  26/50: acc=0.6688  f1m=0.4005  uplink_kB=172.5  t=1.04s
  round  27/50: acc=0.6709  f1m=0.4023  uplink_kB=172.5  t=1.04s
  round  28/50: acc=0.6717  f1m=0.4032  uplink_kB=172.5  t=1.01s
  round  29/50: acc=0.6720  f1m=0.4039  uplink_kB=172.5  t=1.04s
  round  30/50: acc=0.6720  f1m=0.4040  uplink_kB=172.5  t=1.01s
  round  31/50: acc=0.6811  f1m=0.4401  uplink_kB=172.5  t=1.06s
  round  32/50: acc=0.6828  f1m=0.4433  uplink_kB=172.5  t=1.04s
  round  33/50: acc=0.6829  f1m=0.4446  uplink_kB=172.5  t=1.09s
  round  34/50: acc=0.6895  f1m=0.4614  uplink_kB=172.5  t=1.02s
  round  35/50: acc=0.6917  f1m=0.4639  uplink_kB=172.5  t=1.08s
  round  36/50: acc=0.6967  f1m=0.4687  uplink_kB=172.5  t=0.97s
  round  37/50: acc=0.6948  f1m=0.4672  uplink_kB=172.5  t=1.07s
  round  38/50: acc=0.6957  f1m=0.4685  uplink_kB=172.5  t=1.08s
  round  39/50: acc=0.6960  f1m=0.4689  uplink_kB=172.5  t=1.02s
  round  40/50: acc=0.6949  f1m=0.4678  uplink_kB=172.5  t=1.08s
  round  41/50: acc=0.6989  f1m=0.4720  uplink_kB=172.5  t=1.00s
  round  42/50: acc=0.6960  f1m=0.4699  uplink_kB=172.5  t=1.06s
  round  43/50: acc=0.6993  f1m=0.4746  uplink_kB=172.5  t=1.01s
  round  44/50: acc=0.7246  f1m=0.5416  uplink_kB=172.5  t=1.03s
  round  45/50: acc=0.8344  f1m=0.6227  uplink_kB=172.5  t=1.05s
  round  46/50: acc=0.8006  f1m=0.5423  uplink_kB=172.5  t=1.09s
  round  47/50: acc=0.7019  f1m=0.4764  uplink_kB=172.5  t=1.04s
  round  48/50: acc=0.7227  f1m=0.5894  uplink_kB=172.5  t=1.09s
  round  49/50: acc=0.8066  f1m=0.6083  uplink_kB=172.5  t=1.04s
  round  50/50: acc=0.7228  f1m=0.5906  uplink_kB=172.5  t=1.07s
[run] DONE -> /Users/agentra/Documents/hao/working/paper-lab/hao-paper-2026/iotj-fedkan-ids/repo/results/lrsweep_cseciic_mc50k/lrsweep_mlp80_lr0p003__dir0.1__seed42/metrics.json  final_acc=0.7228
