[run] device=cpu  seed=23  out=/Users/agentra/Documents/hao/working/paper-lab/hao-paper-2026/iotj-fedkan-ids/repo/results/lrsweep_cseciic/lrsweep_kan16_lr0p0003__dir0.1__seed23
[run] model=kan  params=6,560
  round   1/50: acc=0.7383  f1m=0.7245  uplink_kB=282.0  t=2.63s
  round   2/50: acc=0.7442  f1m=0.7315  uplink_kB=282.0  t=2.02s
  round   3/50: acc=0.7397  f1m=0.7278  uplink_kB=282.0  t=2.02s
  round   4/50: acc=0.7389  f1m=0.7275  uplink_kB=282.0  t=1.96s
  round   5/50: acc=0.7388  f1m=0.7278  uplink_kB=282.0  t=2.00s
  round   6/50: acc=0.7721  f1m=0.7656  uplink_kB=282.0  t=2.00s
  round   7/50: acc=0.7788  f1m=0.7731  uplink_kB=282.0  t=2.25s
  round   8/50: acc=0.7988  f1m=0.7950  uplink_kB=282.0  t=2.08s
  round   9/50: acc=0.8321  f1m=0.8303  uplink_kB=282.0  t=1.97s
  round  10/50: acc=0.8649  f1m=0.8643  uplink_kB=282.0  t=1.91s
  round  11/50: acc=0.9195  f1m=0.9195  uplink_kB=282.0  t=1.96s
  round  12/50: acc=0.9022  f1m=0.9022  uplink_kB=282.0  t=2.02s
  round  13/50: acc=0.9057  f1m=0.9056  uplink_kB=282.0  t=1.95s
  round  14/50: acc=0.9132  f1m=0.9130  uplink_kB=282.0  t=2.14s
  round  15/50: acc=0.9184  f1m=0.9182  uplink_kB=282.0  t=2.06s
  round  16/50: acc=0.9142  f1m=0.9140  uplink_kB=282.0  t=1.96s
  round  17/50: acc=0.9163  f1m=0.9161  uplink_kB=282.0  t=1.97s
  round  18/50: acc=0.9171  f1m=0.9169  uplink_kB=282.0  t=1.87s
  round  19/50: acc=0.9192  f1m=0.9190  uplink_kB=282.0  t=1.93s
  round  20/50: acc=0.9200  f1m=0.9199  uplink_kB=282.0  t=1.96s
  round  21/50: acc=0.9203  f1m=0.9202  uplink_kB=282.0  t=1.95s
  round  22/50: acc=0.9205  f1m=0.9203  uplink_kB=282.0  t=1.96s
  round  23/50: acc=0.9210  f1m=0.9208  uplink_kB=282.0  t=1.97s
  round  24/50: acc=0.9248  f1m=0.9246  uplink_kB=282.0  t=1.91s
  round  25/50: acc=0.9249  f1m=0.9248  uplink_kB=282.0  t=1.85s
  round  26/50: acc=0.9256  f1m=0.9254  uplink_kB=282.0  t=1.95s
  round  27/50: acc=0.9255  f1m=0.9253  uplink_kB=282.0  t=1.96s
  round  28/50: acc=0.9260  f1m=0.9258  uplink_kB=282.0  t=1.89s
  round  29/50: acc=0.9310  f1m=0.9309  uplink_kB=282.0  t=1.96s
  round  30/50: acc=0.9317  f1m=0.9316  uplink_kB=282.0  t=1.92s
  round  31/50: acc=0.9320  f1m=0.9319  uplink_kB=282.0  t=1.93s
  round  32/50: acc=0.9520  f1m=0.9520  uplink_kB=282.0  t=1.86s
  round  33/50: acc=0.9523  f1m=0.9523  uplink_kB=282.0  t=1.91s
  round  34/50: acc=0.9528  f1m=0.9528  uplink_kB=282.0  t=1.93s
  round  35/50: acc=0.9537  f1m=0.9537  uplink_kB=282.0  t=1.99s
  round  36/50: acc=0.9531  f1m=0.9531  uplink_kB=282.0  t=1.90s
  round  37/50: acc=0.9525  f1m=0.9525  uplink_kB=282.0  t=1.90s
  round  38/50: acc=0.9523  f1m=0.9523  uplink_kB=282.0  t=1.87s
  round  39/50: acc=0.9532  f1m=0.9531  uplink_kB=282.0  t=1.79s
  round  40/50: acc=0.9530  f1m=0.9530  uplink_kB=282.0  t=1.92s
  round  41/50: acc=0.9569  f1m=0.9569  uplink_kB=282.0  t=1.90s
  round  42/50: acc=0.9579  f1m=0.9579  uplink_kB=282.0  t=1.88s
  round  43/50: acc=0.9584  f1m=0.9584  uplink_kB=282.0  t=1.90s
  round  44/50: acc=0.9587  f1m=0.9587  uplink_kB=282.0  t=1.91s
  round  45/50: acc=0.9584  f1m=0.9584  uplink_kB=282.0  t=1.84s
  round  46/50: acc=0.9584  f1m=0.9584  uplink_kB=282.0  t=1.96s
  round  47/50: acc=0.9586  f1m=0.9586  uplink_kB=282.0  t=1.90s
  round  48/50: acc=0.9590  f1m=0.9590  uplink_kB=282.0  t=1.92s
  round  49/50: acc=0.9593  f1m=0.9593  uplink_kB=282.0  t=1.95s
  round  50/50: acc=0.9597  f1m=0.9597  uplink_kB=282.0  t=1.95s
[run] DONE -> /Users/agentra/Documents/hao/working/paper-lab/hao-paper-2026/iotj-fedkan-ids/repo/results/lrsweep_cseciic/lrsweep_kan16_lr0p0003__dir0.1__seed23/metrics.json  final_acc=0.9597
