[run] device=cpu  seed=17  out=/Users/agentra/Documents/hao/working/paper-lab/hao-paper-2026/iotj-fedkan-ids/repo/results/lrsweep_cseciic_mc/lrsweep_mlp80_lr0p003__dir0.1__seed17
[run] model=mlp  params=4,415
  round   1/50: acc=0.4006  f1m=0.2064  uplink_kB=172.5  t=2.92s
  round   2/50: acc=0.6763  f1m=0.3421  uplink_kB=172.5  t=2.22s
  round   3/50: acc=0.7273  f1m=0.4191  uplink_kB=172.5  t=2.15s
  round   4/50: acc=0.7339  f1m=0.4266  uplink_kB=172.5  t=2.29s
  round   5/50: acc=0.7481  f1m=0.4680  uplink_kB=172.5  t=2.29s
  round   6/50: acc=0.7648  f1m=0.5122  uplink_kB=172.5  t=2.17s
  round   7/50: acc=0.7702  f1m=0.5060  uplink_kB=172.5  t=2.13s
  round   8/50: acc=0.7739  f1m=0.4912  uplink_kB=172.5  t=2.16s
  round   9/50: acc=0.7725  f1m=0.4927  uplink_kB=172.5  t=2.15s
  round  10/50: acc=0.7826  f1m=0.5261  uplink_kB=172.5  t=2.22s
  round  11/50: acc=0.7947  f1m=0.5575  uplink_kB=172.5  t=2.20s
  round  12/50: acc=0.7878  f1m=0.5518  uplink_kB=172.5  t=2.18s
  round  13/50: acc=0.7898  f1m=0.5533  uplink_kB=172.5  t=2.25s
  round  14/50: acc=0.7940  f1m=0.5743  uplink_kB=172.5  t=2.17s
  round  15/50: acc=0.7981  f1m=0.5796  uplink_kB=172.5  t=2.12s
  round  16/50: acc=0.8121  f1m=0.5821  uplink_kB=172.5  t=2.18s
  round  17/50: acc=0.8200  f1m=0.5928  uplink_kB=172.5  t=2.17s
  round  18/50: acc=0.8242  f1m=0.5964  uplink_kB=172.5  t=2.18s
  round  19/50: acc=0.8294  f1m=0.5998  uplink_kB=172.5  t=2.22s
  round  20/50: acc=0.8263  f1m=0.5981  uplink_kB=172.5  t=2.24s
  round  21/50: acc=0.8231  f1m=0.5881  uplink_kB=172.5  t=2.29s
  round  22/50: acc=0.8264  f1m=0.5924  uplink_kB=172.5  t=2.18s
  round  23/50: acc=0.8292  f1m=0.5929  uplink_kB=172.5  t=2.34s
  round  24/50: acc=0.8279  f1m=0.5986  uplink_kB=172.5  t=2.21s
  round  25/50: acc=0.8343  f1m=0.6009  uplink_kB=172.5  t=2.16s
  round  26/50: acc=0.8276  f1m=0.5977  uplink_kB=172.5  t=2.24s
  round  27/50: acc=0.8246  f1m=0.5964  uplink_kB=172.5  t=2.16s
  round  28/50: acc=0.8288  f1m=0.6024  uplink_kB=172.5  t=2.17s
  round  29/50: acc=0.8281  f1m=0.6005  uplink_kB=172.5  t=2.14s
  round  30/50: acc=0.8329  f1m=0.6038  uplink_kB=172.5  t=2.19s
  round  31/50: acc=0.8312  f1m=0.6037  uplink_kB=172.5  t=2.15s
  round  32/50: acc=0.8351  f1m=0.6186  uplink_kB=172.5  t=2.15s
  round  33/50: acc=0.8351  f1m=0.6251  uplink_kB=172.5  t=2.20s
  round  34/50: acc=0.8370  f1m=0.6226  uplink_kB=172.5  t=2.14s
  round  35/50: acc=0.8352  f1m=0.6197  uplink_kB=172.5  t=2.17s
  round  36/50: acc=0.8390  f1m=0.6285  uplink_kB=172.5  t=2.13s
  round  37/50: acc=0.8367  f1m=0.6278  uplink_kB=172.5  t=2.17s
  round  38/50: acc=0.8346  f1m=0.6256  uplink_kB=172.5  t=2.14s
  round  39/50: acc=0.8399  f1m=0.6298  uplink_kB=172.5  t=2.17s
  round  40/50: acc=0.8367  f1m=0.6281  uplink_kB=172.5  t=2.19s
  round  41/50: acc=0.8365  f1m=0.6281  uplink_kB=172.5  t=2.18s
  round  42/50: acc=0.8404  f1m=0.6289  uplink_kB=172.5  t=2.14s
  round  43/50: acc=0.8374  f1m=0.6248  uplink_kB=172.5  t=2.15s
  round  44/50: acc=0.8332  f1m=0.6178  uplink_kB=172.5  t=2.19s
  round  45/50: acc=0.8350  f1m=0.6234  uplink_kB=172.5  t=2.14s
  round  46/50: acc=0.8349  f1m=0.6271  uplink_kB=172.5  t=2.11s
  round  47/50: acc=0.8366  f1m=0.6363  uplink_kB=172.5  t=2.14s
  round  48/50: acc=0.8348  f1m=0.6267  uplink_kB=172.5  t=2.21s
  round  49/50: acc=0.8375  f1m=0.6296  uplink_kB=172.5  t=2.17s
  round  50/50: acc=0.8371  f1m=0.6286  uplink_kB=172.5  t=2.33s
[run] DONE -> /Users/agentra/Documents/hao/working/paper-lab/hao-paper-2026/iotj-fedkan-ids/repo/results/lrsweep_cseciic_mc/lrsweep_mlp80_lr0p003__dir0.1__seed17/metrics.json  final_acc=0.8371
