[run] device=cpu  seed=105  out=/Users/agentra/Documents/hao/working/paper-lab/hao-paper-2026/iotj-fedkan-ids/repo/results/lrsweep_cseciic_mc50k/lrsweep_mlp80_lr0p01__dir0.1__seed105
[run] model=mlp  params=4,415
  round   1/50: acc=0.3570  f1m=0.1502  uplink_kB=172.5  t=2.13s
  round   2/50: acc=0.5191  f1m=0.3570  uplink_kB=172.5  t=1.26s
  round   3/50: acc=0.6187  f1m=0.4740  uplink_kB=172.5  t=1.37s
  round   4/50: acc=0.7032  f1m=0.5254  uplink_kB=172.5  t=1.29s
  round   5/50: acc=0.7345  f1m=0.5595  uplink_kB=172.5  t=1.36s
  round   6/50: acc=0.7275  f1m=0.5418  uplink_kB=172.5  t=1.26s
  round   7/50: acc=0.7514  f1m=0.5896  uplink_kB=172.5  t=1.37s
  round   8/50: acc=0.7340  f1m=0.5578  uplink_kB=172.5  t=1.30s
  round   9/50: acc=0.8122  f1m=0.6259  uplink_kB=172.5  t=1.26s
  round  10/50: acc=0.8163  f1m=0.6268  uplink_kB=172.5  t=1.24s
  round  11/50: acc=0.8183  f1m=0.6325  uplink_kB=172.5  t=1.31s
  round  12/50: acc=0.8373  f1m=0.6446  uplink_kB=172.5  t=1.24s
  round  13/50: acc=0.8394  f1m=0.6459  uplink_kB=172.5  t=1.31s
  round  14/50: acc=0.8169  f1m=0.6396  uplink_kB=172.5  t=1.33s
  round  15/50: acc=0.8406  f1m=0.6473  uplink_kB=172.5  t=1.28s
  round  16/50: acc=0.8390  f1m=0.6444  uplink_kB=172.5  t=1.27s
  round  17/50: acc=0.8411  f1m=0.6484  uplink_kB=172.5  t=1.32s
  round  18/50: acc=0.8419  f1m=0.6484  uplink_kB=172.5  t=1.30s
  round  19/50: acc=0.8456  f1m=0.6496  uplink_kB=172.5  t=1.34s
  round  20/50: acc=0.8286  f1m=0.6402  uplink_kB=172.5  t=1.35s
  round  21/50: acc=0.8452  f1m=0.6513  uplink_kB=172.5  t=1.27s
  round  22/50: acc=0.8453  f1m=0.6509  uplink_kB=172.5  t=1.34s
  round  23/50: acc=0.8432  f1m=0.6508  uplink_kB=172.5  t=1.28s
  round  24/50: acc=0.8463  f1m=0.6518  uplink_kB=172.5  t=1.35s
  round  25/50: acc=0.8440  f1m=0.6515  uplink_kB=172.5  t=1.28s
  round  26/50: acc=0.8456  f1m=0.6523  uplink_kB=172.5  t=1.33s
  round  27/50: acc=0.8469  f1m=0.6532  uplink_kB=172.5  t=1.29s
  round  28/50: acc=0.8419  f1m=0.6499  uplink_kB=172.5  t=1.34s
  round  29/50: acc=0.8462  f1m=0.6533  uplink_kB=172.5  t=1.27s
  round  30/50: acc=0.8456  f1m=0.6523  uplink_kB=172.5  t=1.35s
  round  31/50: acc=0.8412  f1m=0.6505  uplink_kB=172.5  t=1.31s
  round  32/50: acc=0.8447  f1m=0.6506  uplink_kB=172.5  t=1.32s
  round  33/50: acc=0.8461  f1m=0.6535  uplink_kB=172.5  t=1.32s
  round  34/50: acc=0.8373  f1m=0.6433  uplink_kB=172.5  t=1.34s
  round  35/50: acc=0.8467  f1m=0.6584  uplink_kB=172.5  t=1.28s
  round  36/50: acc=0.8457  f1m=0.6514  uplink_kB=172.5  t=1.36s
  round  37/50: acc=0.8510  f1m=0.6566  uplink_kB=172.5  t=1.28s
  round  38/50: acc=0.8460  f1m=0.6532  uplink_kB=172.5  t=1.31s
  round  39/50: acc=0.8474  f1m=0.6584  uplink_kB=172.5  t=1.23s
  round  40/50: acc=0.8520  f1m=0.6615  uplink_kB=172.5  t=1.35s
  round  41/50: acc=0.8502  f1m=0.6598  uplink_kB=172.5  t=1.26s
  round  42/50: acc=0.8461  f1m=0.6560  uplink_kB=172.5  t=1.30s
  round  43/50: acc=0.8521  f1m=0.6628  uplink_kB=172.5  t=1.26s
  round  44/50: acc=0.8493  f1m=0.6571  uplink_kB=172.5  t=1.32s
  round  45/50: acc=0.8540  f1m=0.6633  uplink_kB=172.5  t=1.26s
  round  46/50: acc=0.8497  f1m=0.6607  uplink_kB=172.5  t=1.33s
  round  47/50: acc=0.8676  f1m=0.7146  uplink_kB=172.5  t=1.26s
  round  48/50: acc=0.8515  f1m=0.6586  uplink_kB=172.5  t=1.33s
  round  49/50: acc=0.8502  f1m=0.6566  uplink_kB=172.5  t=1.20s
  round  50/50: acc=0.8497  f1m=0.6620  uplink_kB=172.5  t=1.32s
[run] DONE -> /Users/agentra/Documents/hao/working/paper-lab/hao-paper-2026/iotj-fedkan-ids/repo/results/lrsweep_cseciic_mc50k/lrsweep_mlp80_lr0p01__dir0.1__seed105/metrics.json  final_acc=0.8497
