[run] device=cpu  seed=42  out=/Users/agentra/Documents/hao/working/paper-lab/hao-paper-2026/iotj-fedkan-ids/repo/results/lrsweep_toniot/lrsweep_kan16_lr0p001__dir0.1__seed42
[run] model=kan  params=6,560
  round   1/50: acc=0.5000  f1m=0.3333  uplink_kB=282.0  t=2.36s
  round   2/50: acc=0.5000  f1m=0.3333  uplink_kB=282.0  t=1.88s
  round   3/50: acc=0.5000  f1m=0.3333  uplink_kB=282.0  t=1.90s
  round   4/50: acc=0.5000  f1m=0.3333  uplink_kB=282.0  t=1.89s
  round   5/50: acc=0.5000  f1m=0.3333  uplink_kB=282.0  t=1.86s
  round   6/50: acc=0.5000  f1m=0.3333  uplink_kB=282.0  t=1.87s
  round   7/50: acc=0.5000  f1m=0.3333  uplink_kB=282.0  t=1.89s
  round   8/50: acc=0.5000  f1m=0.3333  uplink_kB=282.0  t=1.89s
  round   9/50: acc=0.5000  f1m=0.3333  uplink_kB=282.0  t=1.90s
  round  10/50: acc=0.5000  f1m=0.3333  uplink_kB=282.0  t=1.90s
  round  11/50: acc=0.5000  f1m=0.3334  uplink_kB=282.0  t=1.89s
  round  12/50: acc=0.5003  f1m=0.3340  uplink_kB=282.0  t=1.91s
  round  13/50: acc=0.5008  f1m=0.3351  uplink_kB=282.0  t=1.81s
  round  14/50: acc=0.5010  f1m=0.3357  uplink_kB=282.0  t=1.86s
  round  15/50: acc=0.5016  f1m=0.3370  uplink_kB=282.0  t=1.87s
  round  16/50: acc=0.5025  f1m=0.3390  uplink_kB=282.0  t=1.89s
  round  17/50: acc=0.5033  f1m=0.3407  uplink_kB=282.0  t=1.87s
  round  18/50: acc=0.5067  f1m=0.3481  uplink_kB=282.0  t=1.91s
  round  19/50: acc=0.5106  f1m=0.3568  uplink_kB=282.0  t=1.83s
  round  20/50: acc=0.5115  f1m=0.3588  uplink_kB=282.0  t=1.90s
  round  21/50: acc=0.5126  f1m=0.3611  uplink_kB=282.0  t=1.91s
  round  22/50: acc=0.5133  f1m=0.3630  uplink_kB=282.0  t=1.89s
  round  23/50: acc=0.5137  f1m=0.3639  uplink_kB=282.0  t=1.89s
  round  24/50: acc=0.5139  f1m=0.3644  uplink_kB=282.0  t=1.89s
  round  25/50: acc=0.5142  f1m=0.3651  uplink_kB=282.0  t=1.82s
  round  26/50: acc=0.5149  f1m=0.3667  uplink_kB=282.0  t=1.90s
  round  27/50: acc=0.5150  f1m=0.3669  uplink_kB=282.0  t=1.93s
  round  28/50: acc=0.5151  f1m=0.3670  uplink_kB=282.0  t=1.92s
  round  29/50: acc=0.5151  f1m=0.3671  uplink_kB=282.0  t=1.90s
  round  30/50: acc=0.5150  f1m=0.3670  uplink_kB=282.0  t=1.89s
  round  31/50: acc=0.5151  f1m=0.3674  uplink_kB=282.0  t=1.88s
  round  32/50: acc=0.5151  f1m=0.3673  uplink_kB=282.0  t=1.88s
  round  33/50: acc=0.5153  f1m=0.3680  uplink_kB=282.0  t=1.86s
  round  34/50: acc=0.5153  f1m=0.3679  uplink_kB=282.0  t=1.84s
  round  35/50: acc=0.5155  f1m=0.3686  uplink_kB=282.0  t=1.90s
  round  36/50: acc=0.5156  f1m=0.3686  uplink_kB=282.0  t=1.88s
  round  37/50: acc=0.5156  f1m=0.3689  uplink_kB=282.0  t=1.93s
  round  38/50: acc=0.5157  f1m=0.3692  uplink_kB=282.0  t=1.88s
  round  39/50: acc=0.5161  f1m=0.3701  uplink_kB=282.0  t=1.90s
  round  40/50: acc=0.5161  f1m=0.3702  uplink_kB=282.0  t=1.86s
  round  41/50: acc=0.5163  f1m=0.3707  uplink_kB=282.0  t=1.88s
  round  42/50: acc=0.5162  f1m=0.3707  uplink_kB=282.0  t=1.90s
  round  43/50: acc=0.5351  f1m=0.4089  uplink_kB=282.0  t=1.90s
  round  44/50: acc=0.5426  f1m=0.4235  uplink_kB=282.0  t=1.89s
  round  45/50: acc=0.5455  f1m=0.4292  uplink_kB=282.0  t=1.88s
  round  46/50: acc=0.5504  f1m=0.4389  uplink_kB=282.0  t=1.91s
  round  47/50: acc=0.5506  f1m=0.4392  uplink_kB=282.0  t=1.84s
  round  48/50: acc=0.5513  f1m=0.4408  uplink_kB=282.0  t=1.88s
  round  49/50: acc=0.5512  f1m=0.4405  uplink_kB=282.0  t=1.90s
  round  50/50: acc=0.5519  f1m=0.4420  uplink_kB=282.0  t=1.89s
[run] DONE -> /Users/agentra/Documents/hao/working/paper-lab/hao-paper-2026/iotj-fedkan-ids/repo/results/lrsweep_toniot/lrsweep_kan16_lr0p001__dir0.1__seed42/metrics.json  final_acc=0.5519
