[run] device=cpu  seed=23  out=/Users/agentra/Documents/hao/working/paper-lab/hao-paper-2026/iotj-fedkan-ids/repo/results/lrsweep_cseciic_mc/lrsweep_kan16_lr0p1__dir0.1__seed23
[run] model=kan  params=8,640
  round   1/50: acc=0.5142  f1m=0.2234  uplink_kB=363.3  t=6.93s
  round   2/50: acc=0.4546  f1m=0.2246  uplink_kB=363.3  t=6.29s
  round   3/50: acc=0.6053  f1m=0.3354  uplink_kB=363.3  t=6.36s
  round   4/50: acc=0.5976  f1m=0.3679  uplink_kB=363.3  t=6.46s
  round   5/50: acc=0.6250  f1m=0.3403  uplink_kB=363.3  t=6.35s
  round   6/50: acc=0.6499  f1m=0.3522  uplink_kB=363.3  t=6.40s
  round   7/50: acc=0.6534  f1m=0.3396  uplink_kB=363.3  t=6.27s
  round   8/50: acc=0.6294  f1m=0.3550  uplink_kB=363.3  t=6.38s
  round   9/50: acc=0.6171  f1m=0.2906  uplink_kB=363.3  t=6.37s
  round  10/50: acc=0.5145  f1m=0.2976  uplink_kB=363.3  t=6.41s
  round  11/50: acc=0.7114  f1m=0.3474  uplink_kB=363.3  t=6.48s
  round  12/50: acc=0.5616  f1m=0.3477  uplink_kB=363.3  t=6.38s
  round  13/50: acc=0.7651  f1m=0.4212  uplink_kB=363.3  t=6.42s
  round  14/50: acc=0.4895  f1m=0.2571  uplink_kB=363.3  t=6.45s
  round  15/50: acc=0.4761  f1m=0.2553  uplink_kB=363.3  t=6.32s
  round  16/50: acc=0.6263  f1m=0.3830  uplink_kB=363.3  t=6.40s
  round  17/50: acc=0.6293  f1m=0.2928  uplink_kB=363.3  t=6.32s
  round  18/50: acc=0.5332  f1m=0.2766  uplink_kB=363.3  t=6.38s
  round  19/50: acc=0.5882  f1m=0.3106  uplink_kB=363.3  t=6.34s
  round  20/50: acc=0.7057  f1m=0.3468  uplink_kB=363.3  t=6.28s
  round  21/50: acc=0.4798  f1m=0.2302  uplink_kB=363.3  t=6.45s
  round  22/50: acc=0.4760  f1m=0.2210  uplink_kB=363.3  t=6.36s
  round  23/50: acc=0.4928  f1m=0.2507  uplink_kB=363.3  t=6.38s
  round  24/50: acc=0.6225  f1m=0.2964  uplink_kB=363.3  t=6.40s
  round  25/50: acc=0.5908  f1m=0.2922  uplink_kB=363.3  t=6.84s
  round  26/50: acc=0.3130  f1m=0.1411  uplink_kB=363.3  t=8.05s
  round  27/50: acc=0.2787  f1m=0.1313  uplink_kB=363.3  t=6.64s
  round  28/50: acc=0.4358  f1m=0.2478  uplink_kB=363.3  t=6.26s
  round  29/50: acc=0.1771  f1m=0.1243  uplink_kB=363.3  t=6.10s
  round  30/50: acc=0.1874  f1m=0.1333  uplink_kB=363.3  t=6.12s
  round  31/50: acc=0.3425  f1m=0.1731  uplink_kB=363.3  t=6.19s
  round  32/50: acc=0.2331  f1m=0.2055  uplink_kB=363.3  t=6.14s
  round  33/50: acc=0.2171  f1m=0.2021  uplink_kB=363.3  t=6.05s
  round  34/50: acc=0.2301  f1m=0.1531  uplink_kB=363.3  t=6.17s
  round  35/50: acc=0.3557  f1m=0.1585  uplink_kB=363.3  t=6.12s
  round  36/50: acc=0.1812  f1m=0.1283  uplink_kB=363.3  t=6.13s
  round  37/50: acc=0.1866  f1m=0.1255  uplink_kB=363.3  t=6.05s
  round  38/50: acc=0.2129  f1m=0.1477  uplink_kB=363.3  t=6.09s
  round  39/50: acc=0.2981  f1m=0.1398  uplink_kB=363.3  t=6.12s
  round  40/50: acc=0.3159  f1m=0.1530  uplink_kB=363.3  t=6.20s
  round  41/50: acc=0.1768  f1m=0.1244  uplink_kB=363.3  t=6.10s
  round  42/50: acc=0.3714  f1m=0.1739  uplink_kB=363.3  t=6.08s
  round  43/50: acc=0.2208  f1m=0.2050  uplink_kB=363.3  t=6.09s
  round  44/50: acc=0.3238  f1m=0.1576  uplink_kB=363.3  t=6.16s
  round  45/50: acc=0.1658  f1m=0.1092  uplink_kB=363.3  t=6.11s
  round  46/50: acc=0.1862  f1m=0.1329  uplink_kB=363.3  t=6.11s
  round  47/50: acc=0.2204  f1m=0.1929  uplink_kB=363.3  t=6.17s
  round  48/50: acc=0.1769  f1m=0.1245  uplink_kB=363.3  t=6.08s
  round  49/50: acc=0.1713  f1m=0.1137  uplink_kB=363.3  t=6.12s
  round  50/50: acc=0.2360  f1m=0.1633  uplink_kB=363.3  t=6.07s
[run] DONE -> /Users/agentra/Documents/hao/working/paper-lab/hao-paper-2026/iotj-fedkan-ids/repo/results/lrsweep_cseciic_mc/lrsweep_kan16_lr0p1__dir0.1__seed23/metrics.json  final_acc=0.2360
