[run] device=cpu  seed=17  out=/Users/agentra/Documents/hao/working/paper-lab/hao-paper-2026/iotj-fedkan-ids/repo/results/lrsweep_cseciic_mc/lrsweep_kan16_lr0p003__dir0.1__seed17
[run] model=kan  params=8,640
  round   1/50: acc=0.5543  f1m=0.2017  uplink_kB=363.3  t=6.93s
  round   2/50: acc=0.6845  f1m=0.3449  uplink_kB=363.3  t=6.15s
  round   3/50: acc=0.7399  f1m=0.4139  uplink_kB=363.3  t=6.09s
  round   4/50: acc=0.7535  f1m=0.4315  uplink_kB=363.3  t=6.18s
  round   5/50: acc=0.7798  f1m=0.5274  uplink_kB=363.3  t=6.19s
  round   6/50: acc=0.8084  f1m=0.5191  uplink_kB=363.3  t=6.13s
  round   7/50: acc=0.8159  f1m=0.5272  uplink_kB=363.3  t=6.15s
  round   8/50: acc=0.8197  f1m=0.5230  uplink_kB=363.3  t=6.24s
  round   9/50: acc=0.8250  f1m=0.5253  uplink_kB=363.3  t=6.13s
  round  10/50: acc=0.8390  f1m=0.5783  uplink_kB=363.3  t=6.15s
  round  11/50: acc=0.8414  f1m=0.6017  uplink_kB=363.3  t=6.16s
  round  12/50: acc=0.8409  f1m=0.6100  uplink_kB=363.3  t=6.22s
  round  13/50: acc=0.8413  f1m=0.5990  uplink_kB=363.3  t=6.18s
  round  14/50: acc=0.8479  f1m=0.6105  uplink_kB=363.3  t=6.18s
  round  15/50: acc=0.8526  f1m=0.6162  uplink_kB=363.3  t=6.11s
  round  16/50: acc=0.8539  f1m=0.6198  uplink_kB=363.3  t=6.16s
  round  17/50: acc=0.8584  f1m=0.6261  uplink_kB=363.3  t=6.15s
  round  18/50: acc=0.8538  f1m=0.6219  uplink_kB=363.3  t=6.16s
  round  19/50: acc=0.8572  f1m=0.6252  uplink_kB=363.3  t=6.22s
  round  20/50: acc=0.8573  f1m=0.6259  uplink_kB=363.3  t=6.08s
  round  21/50: acc=0.8583  f1m=0.6262  uplink_kB=363.3  t=6.16s
  round  22/50: acc=0.8586  f1m=0.6253  uplink_kB=363.3  t=6.12s
  round  23/50: acc=0.8584  f1m=0.6268  uplink_kB=363.3  t=6.17s
  round  24/50: acc=0.8563  f1m=0.6262  uplink_kB=363.3  t=6.12s
  round  25/50: acc=0.8584  f1m=0.6344  uplink_kB=363.3  t=6.32s
  round  26/50: acc=0.8581  f1m=0.6285  uplink_kB=363.3  t=6.12s
  round  27/50: acc=0.8547  f1m=0.6307  uplink_kB=363.3  t=6.25s
  round  28/50: acc=0.8596  f1m=0.6445  uplink_kB=363.3  t=7.07s
  round  29/50: acc=0.8560  f1m=0.6434  uplink_kB=363.3  t=5.88s
  round  30/50: acc=0.8579  f1m=0.6447  uplink_kB=363.3  t=6.00s
  round  31/50: acc=0.8594  f1m=0.6457  uplink_kB=363.3  t=6.04s
  round  32/50: acc=0.8566  f1m=0.6436  uplink_kB=363.3  t=6.05s
  round  33/50: acc=0.8589  f1m=0.6456  uplink_kB=363.3  t=6.05s
  round  34/50: acc=0.8575  f1m=0.6447  uplink_kB=363.3  t=6.19s
  round  35/50: acc=0.8594  f1m=0.6458  uplink_kB=363.3  t=6.42s
  round  36/50: acc=0.8557  f1m=0.6438  uplink_kB=363.3  t=6.12s
  round  37/50: acc=0.8583  f1m=0.6482  uplink_kB=363.3  t=6.19s
  round  38/50: acc=0.8875  f1m=0.7420  uplink_kB=363.3  t=6.20s
  round  39/50: acc=0.8830  f1m=0.7284  uplink_kB=363.3  t=6.23s
  round  40/50: acc=0.8920  f1m=0.7545  uplink_kB=363.3  t=6.08s
  round  41/50: acc=0.8580  f1m=0.6453  uplink_kB=363.3  t=6.26s
  round  42/50: acc=0.8777  f1m=0.7163  uplink_kB=363.3  t=6.28s
  round  43/50: acc=0.8587  f1m=0.6576  uplink_kB=363.3  t=6.12s
  round  44/50: acc=0.8898  f1m=0.7535  uplink_kB=363.3  t=6.19s
  round  45/50: acc=0.8910  f1m=0.7540  uplink_kB=363.3  t=6.06s
  round  46/50: acc=0.8904  f1m=0.7543  uplink_kB=363.3  t=6.16s
  round  47/50: acc=0.8905  f1m=0.7540  uplink_kB=363.3  t=6.14s
  round  48/50: acc=0.8899  f1m=0.7531  uplink_kB=363.3  t=6.15s
  round  49/50: acc=0.8917  f1m=0.7549  uplink_kB=363.3  t=6.22s
  round  50/50: acc=0.8937  f1m=0.7555  uplink_kB=363.3  t=6.35s
[run] DONE -> /Users/agentra/Documents/hao/working/paper-lab/hao-paper-2026/iotj-fedkan-ids/repo/results/lrsweep_cseciic_mc/lrsweep_kan16_lr0p003__dir0.1__seed17/metrics.json  final_acc=0.8937
