[run] device=cpu  seed=37  out=/Users/agentra/Documents/hao/working/paper-lab/hao-paper-2026/iotj-fedkan-ids/repo/results/sensitivity_botiot/sens_k5__dir0.1__seed37
[run] model=kan  params=3,936
  round   1/50: acc=0.6055  f1m=0.5319  uplink_kB=183.1  t=3.45s
  round   2/50: acc=0.8474  f1m=0.8439  uplink_kB=183.1  t=2.70s
  round   3/50: acc=0.8546  f1m=0.8515  uplink_kB=183.1  t=2.79s
  round   4/50: acc=0.8518  f1m=0.8484  uplink_kB=183.1  t=2.70s
  round   5/50: acc=0.8552  f1m=0.8521  uplink_kB=183.1  t=2.60s
  round   6/50: acc=0.8909  f1m=0.8896  uplink_kB=183.1  t=2.75s
  round   7/50: acc=0.9701  f1m=0.9700  uplink_kB=183.1  t=2.74s
  round   8/50: acc=0.8734  f1m=0.8714  uplink_kB=183.1  t=2.77s
  round   9/50: acc=0.8983  f1m=0.8973  uplink_kB=183.1  t=2.73s
  round  10/50: acc=0.8982  f1m=0.8972  uplink_kB=183.1  t=2.73s
  round  11/50: acc=0.9216  f1m=0.9212  uplink_kB=183.1  t=2.65s
  round  12/50: acc=0.9610  f1m=0.9610  uplink_kB=183.1  t=2.60s
  round  13/50: acc=0.9219  f1m=0.9215  uplink_kB=183.1  t=2.75s
  round  14/50: acc=0.9593  f1m=0.9593  uplink_kB=183.1  t=2.71s
  round  15/50: acc=0.9202  f1m=0.9197  uplink_kB=183.1  t=2.69s
  round  16/50: acc=0.9218  f1m=0.9213  uplink_kB=183.1  t=2.76s
  round  17/50: acc=0.9224  f1m=0.9220  uplink_kB=183.1  t=2.63s
  round  18/50: acc=0.9223  f1m=0.9219  uplink_kB=183.1  t=2.50s
  round  19/50: acc=0.9227  f1m=0.9222  uplink_kB=183.1  t=2.70s
  round  20/50: acc=0.9250  f1m=0.9246  uplink_kB=183.1  t=2.69s
  round  21/50: acc=0.9226  f1m=0.9221  uplink_kB=183.1  t=2.84s
  round  22/50: acc=0.9224  f1m=0.9219  uplink_kB=183.1  t=2.85s
  round  23/50: acc=0.9220  f1m=0.9215  uplink_kB=183.1  t=2.71s
  round  24/50: acc=0.9228  f1m=0.9224  uplink_kB=183.1  t=2.87s
  round  25/50: acc=0.9255  f1m=0.9251  uplink_kB=183.1  t=2.84s
  round  26/50: acc=0.9232  f1m=0.9227  uplink_kB=183.1  t=2.74s
  round  27/50: acc=0.9223  f1m=0.9219  uplink_kB=183.1  t=2.69s
  round  28/50: acc=0.9360  f1m=0.9357  uplink_kB=183.1  t=2.69s
  round  29/50: acc=0.9252  f1m=0.9248  uplink_kB=183.1  t=2.74s
  round  30/50: acc=0.9229  f1m=0.9225  uplink_kB=183.1  t=2.87s
  round  31/50: acc=0.9955  f1m=0.9955  uplink_kB=183.1  t=2.68s
  round  32/50: acc=0.9253  f1m=0.9249  uplink_kB=183.1  t=2.75s
  round  33/50: acc=0.9249  f1m=0.9245  uplink_kB=183.1  t=2.75s
  round  34/50: acc=0.9255  f1m=0.9251  uplink_kB=183.1  t=2.78s
  round  35/50: acc=0.9361  f1m=0.9359  uplink_kB=183.1  t=2.70s
  round  36/50: acc=0.9246  f1m=0.9241  uplink_kB=183.1  t=2.74s
  round  37/50: acc=0.9228  f1m=0.9224  uplink_kB=183.1  t=2.71s
  round  38/50: acc=0.9248  f1m=0.9244  uplink_kB=183.1  t=2.72s
  round  39/50: acc=0.9257  f1m=0.9253  uplink_kB=183.1  t=2.70s
  round  40/50: acc=0.9356  f1m=0.9353  uplink_kB=183.1  t=2.77s
  round  41/50: acc=0.9252  f1m=0.9248  uplink_kB=183.1  t=2.66s
  round  42/50: acc=0.9354  f1m=0.9351  uplink_kB=183.1  t=2.70s
  round  43/50: acc=0.9251  f1m=0.9246  uplink_kB=183.1  t=2.65s
  round  44/50: acc=0.9362  f1m=0.9360  uplink_kB=183.1  t=2.69s
  round  45/50: acc=0.9355  f1m=0.9352  uplink_kB=183.1  t=2.81s
  round  46/50: acc=0.9350  f1m=0.9347  uplink_kB=183.1  t=2.75s
  round  47/50: acc=0.9929  f1m=0.9929  uplink_kB=183.1  t=2.72s
  round  48/50: acc=0.9255  f1m=0.9251  uplink_kB=183.1  t=2.84s
  round  49/50: acc=0.9941  f1m=0.9941  uplink_kB=183.1  t=2.87s
  round  50/50: acc=0.9313  f1m=0.9310  uplink_kB=183.1  t=2.73s
[run] DONE -> /Users/agentra/Documents/hao/working/paper-lab/hao-paper-2026/iotj-fedkan-ids/repo/results/sensitivity_botiot/sens_k5__dir0.1__seed37/metrics.json  final_acc=0.9313
