[run] device=cpu  seed=11  out=/Users/agentra/Documents/hao/working/paper-lab/hao-paper-2026/iotj-fedkan-ids/repo/results/lrsweep_cseciic_mc/lrsweep_kan8_lr0p001__dir0.1__seed11
[run] model=kan  params=4,320
  round   1/50: acc=0.1545  f1m=0.0178  uplink_kB=190.8  t=5.97s
  round   2/50: acc=0.1545  f1m=0.0179  uplink_kB=190.8  t=5.34s
  round   3/50: acc=0.2478  f1m=0.0594  uplink_kB=190.8  t=5.27s
  round   4/50: acc=0.3199  f1m=0.0949  uplink_kB=190.8  t=5.34s
  round   5/50: acc=0.3267  f1m=0.1111  uplink_kB=190.8  t=5.29s
  round   6/50: acc=0.3545  f1m=0.1256  uplink_kB=190.8  t=5.32s
  round   7/50: acc=0.3864  f1m=0.1393  uplink_kB=190.8  t=5.50s
  round   8/50: acc=0.4425  f1m=0.1566  uplink_kB=190.8  t=5.42s
  round   9/50: acc=0.4656  f1m=0.1639  uplink_kB=190.8  t=5.27s
  round  10/50: acc=0.4795  f1m=0.1711  uplink_kB=190.8  t=5.91s
  round  11/50: acc=0.4855  f1m=0.1747  uplink_kB=190.8  t=5.13s
  round  12/50: acc=0.6128  f1m=0.2992  uplink_kB=190.8  t=5.36s
  round  13/50: acc=0.6176  f1m=0.2874  uplink_kB=190.8  t=5.48s
  round  14/50: acc=0.6185  f1m=0.2875  uplink_kB=190.8  t=5.51s
  round  15/50: acc=0.6198  f1m=0.2878  uplink_kB=190.8  t=5.62s
  round  16/50: acc=0.6215  f1m=0.2882  uplink_kB=190.8  t=5.52s
  round  17/50: acc=0.6230  f1m=0.2888  uplink_kB=190.8  t=5.47s
  round  18/50: acc=0.6240  f1m=0.2898  uplink_kB=190.8  t=5.53s
  round  19/50: acc=0.6252  f1m=0.2911  uplink_kB=190.8  t=5.59s
  round  20/50: acc=0.6263  f1m=0.2919  uplink_kB=190.8  t=5.56s
  round  21/50: acc=0.6334  f1m=0.2942  uplink_kB=190.8  t=5.54s
  round  22/50: acc=0.6349  f1m=0.2952  uplink_kB=190.8  t=5.47s
  round  23/50: acc=0.6369  f1m=0.2969  uplink_kB=190.8  t=5.65s
  round  24/50: acc=0.6417  f1m=0.3012  uplink_kB=190.8  t=5.56s
  round  25/50: acc=0.6488  f1m=0.3083  uplink_kB=190.8  t=5.58s
  round  26/50: acc=0.7168  f1m=0.3499  uplink_kB=190.8  t=5.57s
  round  27/50: acc=0.7798  f1m=0.3785  uplink_kB=190.8  t=5.45s
  round  28/50: acc=0.7863  f1m=0.4062  uplink_kB=190.8  t=5.45s
  round  29/50: acc=0.7949  f1m=0.4237  uplink_kB=190.8  t=5.46s
  round  30/50: acc=0.7991  f1m=0.4478  uplink_kB=190.8  t=5.55s
  round  31/50: acc=0.7996  f1m=0.4487  uplink_kB=190.8  t=5.49s
  round  32/50: acc=0.7999  f1m=0.4509  uplink_kB=190.8  t=5.44s
  round  33/50: acc=0.8009  f1m=0.4528  uplink_kB=190.8  t=5.50s
  round  34/50: acc=0.8015  f1m=0.4550  uplink_kB=190.8  t=5.49s
  round  35/50: acc=0.8023  f1m=0.4568  uplink_kB=190.8  t=6.12s
  round  36/50: acc=0.8043  f1m=0.4635  uplink_kB=190.8  t=6.09s
  round  37/50: acc=0.8063  f1m=0.4692  uplink_kB=190.8  t=5.42s
  round  38/50: acc=0.8111  f1m=0.4852  uplink_kB=190.8  t=5.43s
  round  39/50: acc=0.8130  f1m=0.4901  uplink_kB=190.8  t=5.65s
  round  40/50: acc=0.8144  f1m=0.4930  uplink_kB=190.8  t=5.42s
  round  41/50: acc=0.8149  f1m=0.4949  uplink_kB=190.8  t=5.56s
  round  42/50: acc=0.8157  f1m=0.4970  uplink_kB=190.8  t=5.45s
  round  43/50: acc=0.8169  f1m=0.5004  uplink_kB=190.8  t=5.49s
  round  44/50: acc=0.8179  f1m=0.5027  uplink_kB=190.8  t=5.71s
  round  45/50: acc=0.8190  f1m=0.5064  uplink_kB=190.8  t=5.84s
  round  46/50: acc=0.8196  f1m=0.5073  uplink_kB=190.8  t=5.48s
  round  47/50: acc=0.8194  f1m=0.5083  uplink_kB=190.8  t=5.37s
  round  48/50: acc=0.8205  f1m=0.5212  uplink_kB=190.8  t=5.35s
  round  49/50: acc=0.8205  f1m=0.5215  uplink_kB=190.8  t=5.29s
  round  50/50: acc=0.8212  f1m=0.5222  uplink_kB=190.8  t=5.03s
[run] DONE -> /Users/agentra/Documents/hao/working/paper-lab/hao-paper-2026/iotj-fedkan-ids/repo/results/lrsweep_cseciic_mc/lrsweep_kan8_lr0p001__dir0.1__seed11/metrics.json  final_acc=0.8212
