[run] device=cpu  seed=42  out=/Users/agentra/Documents/hao/working/paper-lab/hao-paper-2026/iotj-fedkan-ids/repo/results/lrsweep_cseciic/lrsweep_mlp32_lr0p1__dir0.1__seed42
[run] model=mlp  params=1,346
  round   1/50: acc=0.5000  f1m=0.3333  uplink_kB=52.6  t=1.32s
  round   2/50: acc=0.5000  f1m=0.3333  uplink_kB=52.6  t=0.70s
  round   3/50: acc=0.5000  f1m=0.3333  uplink_kB=52.6  t=0.69s
  round   4/50: acc=0.5000  f1m=0.3334  uplink_kB=52.6  t=0.65s
  round   5/50: acc=0.5001  f1m=0.3335  uplink_kB=52.6  t=0.73s
  round   6/50: acc=0.5000  f1m=0.3333  uplink_kB=52.6  t=0.63s
  round   7/50: acc=0.6637  f1m=0.6209  uplink_kB=52.6  t=0.69s
  round   8/50: acc=0.5011  f1m=0.3360  uplink_kB=52.6  t=0.79s
  round   9/50: acc=0.5006  f1m=0.3348  uplink_kB=52.6  t=0.70s
  round  10/50: acc=0.5363  f1m=0.4093  uplink_kB=52.6  t=0.70s
  round  11/50: acc=0.5000  f1m=0.3334  uplink_kB=52.6  t=0.69s
  round  12/50: acc=0.5743  f1m=0.4804  uplink_kB=52.6  t=0.68s
  round  13/50: acc=0.5522  f1m=0.4400  uplink_kB=52.6  t=0.63s
  round  14/50: acc=0.5826  f1m=0.4948  uplink_kB=52.6  t=0.68s
  round  15/50: acc=0.5775  f1m=0.4860  uplink_kB=52.6  t=0.68s
  round  16/50: acc=0.6427  f1m=0.5907  uplink_kB=52.6  t=0.66s
  round  17/50: acc=0.6358  f1m=0.5806  uplink_kB=52.6  t=0.66s
  round  18/50: acc=0.5748  f1m=0.4817  uplink_kB=52.6  t=0.63s
  round  19/50: acc=0.5744  f1m=0.4814  uplink_kB=52.6  t=0.66s
  round  20/50: acc=0.6268  f1m=0.5672  uplink_kB=52.6  t=0.62s
  round  21/50: acc=0.6897  f1m=0.6572  uplink_kB=52.6  t=0.65s
  round  22/50: acc=0.7265  f1m=0.7049  uplink_kB=52.6  t=0.64s
  round  23/50: acc=0.5594  f1m=0.4538  uplink_kB=52.6  t=0.64s
  round  24/50: acc=0.6642  f1m=0.6222  uplink_kB=52.6  t=0.64s
  round  25/50: acc=0.5396  f1m=0.4168  uplink_kB=52.6  t=0.64s
  round  26/50: acc=0.5802  f1m=0.4918  uplink_kB=52.6  t=0.60s
  round  27/50: acc=0.6979  f1m=0.6682  uplink_kB=52.6  t=0.63s
  round  28/50: acc=0.7129  f1m=0.6877  uplink_kB=52.6  t=0.67s
  round  29/50: acc=0.6535  f1m=0.6071  uplink_kB=52.6  t=0.69s
  round  30/50: acc=0.7682  f1m=0.7555  uplink_kB=52.6  t=0.71s
  round  31/50: acc=0.6754  f1m=0.6380  uplink_kB=52.6  t=0.65s
  round  32/50: acc=0.8093  f1m=0.8024  uplink_kB=52.6  t=0.63s
  round  33/50: acc=0.7636  f1m=0.7499  uplink_kB=52.6  t=0.67s
  round  34/50: acc=0.8234  f1m=0.8180  uplink_kB=52.6  t=0.65s
  round  35/50: acc=0.5005  f1m=0.3357  uplink_kB=52.6  t=0.66s
  round  36/50: acc=0.6114  f1m=0.5430  uplink_kB=52.6  t=0.65s
  round  37/50: acc=0.6742  f1m=0.6361  uplink_kB=52.6  t=0.68s
  round  38/50: acc=0.8310  f1m=0.8262  uplink_kB=52.6  t=0.65s
  round  39/50: acc=0.5997  f1m=0.5240  uplink_kB=52.6  t=0.66s
  round  40/50: acc=0.5196  f1m=0.3760  uplink_kB=52.6  t=0.72s
  round  41/50: acc=0.5897  f1m=0.5076  uplink_kB=52.6  t=0.68s
  round  42/50: acc=0.8104  f1m=0.8035  uplink_kB=52.6  t=0.70s
  round  43/50: acc=0.5884  f1m=0.5053  uplink_kB=52.6  t=0.69s
  round  44/50: acc=0.8368  f1m=0.8325  uplink_kB=52.6  t=0.71s
  round  45/50: acc=0.5042  f1m=0.3437  uplink_kB=52.6  t=0.65s
  round  46/50: acc=0.6270  f1m=0.5674  uplink_kB=52.6  t=0.69s
  round  47/50: acc=0.5664  f1m=0.4670  uplink_kB=52.6  t=0.72s
  round  48/50: acc=0.7222  f1m=0.6993  uplink_kB=52.6  t=0.70s
  round  49/50: acc=0.7843  f1m=0.7740  uplink_kB=52.6  t=0.69s
  round  50/50: acc=0.9099  f1m=0.9092  uplink_kB=52.6  t=0.70s
[run] DONE -> /Users/agentra/Documents/hao/working/paper-lab/hao-paper-2026/iotj-fedkan-ids/repo/results/lrsweep_cseciic/lrsweep_mlp32_lr0p1__dir0.1__seed42/metrics.json  final_acc=0.9099
