[run] device=cpu  seed=37  out=/Users/agentra/Documents/hao/working/paper-lab/hao-paper-2026/iotj-fedkan-ids/repo/results/mc_toniot/mc_kan8_lr0p01__dir0.1__seed37
[run] model=kan  params=3,920
  round   1/50: acc=0.2584  f1m=0.1092  uplink_kB=175.2  t=3.44s
  round   2/50: acc=0.4260  f1m=0.2387  uplink_kB=175.2  t=2.92s
  round   3/50: acc=0.4917  f1m=0.3810  uplink_kB=175.2  t=2.87s
  round   4/50: acc=0.5068  f1m=0.3920  uplink_kB=175.2  t=2.83s
  round   5/50: acc=0.5100  f1m=0.3970  uplink_kB=175.2  t=2.83s
  round   6/50: acc=0.5318  f1m=0.4083  uplink_kB=175.2  t=2.83s
  round   7/50: acc=0.5371  f1m=0.4211  uplink_kB=175.2  t=2.83s
  round   8/50: acc=0.5575  f1m=0.4427  uplink_kB=175.2  t=2.79s
  round   9/50: acc=0.5934  f1m=0.5229  uplink_kB=175.2  t=2.94s
  round  10/50: acc=0.6063  f1m=0.5303  uplink_kB=175.2  t=2.82s
  round  11/50: acc=0.6261  f1m=0.5519  uplink_kB=175.2  t=2.82s
  round  12/50: acc=0.6020  f1m=0.5247  uplink_kB=175.2  t=2.83s
  round  13/50: acc=0.6074  f1m=0.5265  uplink_kB=175.2  t=2.85s
  round  14/50: acc=0.5964  f1m=0.5224  uplink_kB=175.2  t=2.82s
  round  15/50: acc=0.6133  f1m=0.5390  uplink_kB=175.2  t=2.88s
  round  16/50: acc=0.6334  f1m=0.5582  uplink_kB=175.2  t=2.85s
  round  17/50: acc=0.6256  f1m=0.5561  uplink_kB=175.2  t=2.78s
  round  18/50: acc=0.6239  f1m=0.5546  uplink_kB=175.2  t=2.84s
  round  19/50: acc=0.6172  f1m=0.5482  uplink_kB=175.2  t=2.80s
  round  20/50: acc=0.6232  f1m=0.5555  uplink_kB=175.2  t=2.96s
  round  21/50: acc=0.6034  f1m=0.5463  uplink_kB=175.2  t=2.80s
  round  22/50: acc=0.6369  f1m=0.5784  uplink_kB=175.2  t=2.88s
  round  23/50: acc=0.6370  f1m=0.5715  uplink_kB=175.2  t=2.95s
  round  24/50: acc=0.6597  f1m=0.5990  uplink_kB=175.2  t=2.81s
  round  25/50: acc=0.6111  f1m=0.5539  uplink_kB=175.2  t=2.78s
  round  26/50: acc=0.6448  f1m=0.6088  uplink_kB=175.2  t=2.79s
  round  27/50: acc=0.6083  f1m=0.5506  uplink_kB=175.2  t=2.89s
  round  28/50: acc=0.6892  f1m=0.6315  uplink_kB=175.2  t=2.82s
  round  29/50: acc=0.6706  f1m=0.6158  uplink_kB=175.2  t=2.80s
  round  30/50: acc=0.6763  f1m=0.6240  uplink_kB=175.2  t=2.79s
  round  31/50: acc=0.6761  f1m=0.6282  uplink_kB=175.2  t=2.91s
  round  32/50: acc=0.6399  f1m=0.5919  uplink_kB=175.2  t=2.83s
  round  33/50: acc=0.6885  f1m=0.6397  uplink_kB=175.2  t=2.82s
  round  34/50: acc=0.6566  f1m=0.6077  uplink_kB=175.2  t=2.83s
  round  35/50: acc=0.6848  f1m=0.6390  uplink_kB=175.2  t=2.78s
  round  36/50: acc=0.6690  f1m=0.6244  uplink_kB=175.2  t=2.67s
  round  37/50: acc=0.6637  f1m=0.6181  uplink_kB=175.2  t=2.79s
  round  38/50: acc=0.6876  f1m=0.6455  uplink_kB=175.2  t=2.88s
  round  39/50: acc=0.6807  f1m=0.6357  uplink_kB=175.2  t=2.80s
  round  40/50: acc=0.6754  f1m=0.6362  uplink_kB=175.2  t=2.87s
  round  41/50: acc=0.6755  f1m=0.6363  uplink_kB=175.2  t=2.83s
  round  42/50: acc=0.6840  f1m=0.6434  uplink_kB=175.2  t=2.84s
  round  43/50: acc=0.6794  f1m=0.6379  uplink_kB=175.2  t=2.85s
  round  44/50: acc=0.6755  f1m=0.6343  uplink_kB=175.2  t=2.84s
  round  45/50: acc=0.6810  f1m=0.6354  uplink_kB=175.2  t=2.92s
  round  46/50: acc=0.6785  f1m=0.6349  uplink_kB=175.2  t=2.81s
  round  47/50: acc=0.6884  f1m=0.6536  uplink_kB=175.2  t=2.82s
  round  48/50: acc=0.6872  f1m=0.6523  uplink_kB=175.2  t=2.84s
  round  49/50: acc=0.6768  f1m=0.6469  uplink_kB=175.2  t=2.83s
  round  50/50: acc=0.6869  f1m=0.6595  uplink_kB=175.2  t=2.78s
[run] DONE -> /Users/agentra/Documents/hao/working/paper-lab/hao-paper-2026/iotj-fedkan-ids/repo/results/mc_toniot/mc_kan8_lr0p01__dir0.1__seed37/metrics.json  final_acc=0.6869
