[run] device=cpu  seed=11  out=/Users/agentra/Documents/hao/working/paper-lab/hao-paper-2026/iotj-fedkan-ids/repo/results/lrsweep_cseciic/lrsweep_kan8_lr0p1__dir0.1__seed11
[run] model=kan  params=3,280
  round   1/50: acc=0.5314  f1m=0.4004  uplink_kB=150.2  t=2.31s
  round   2/50: acc=0.5415  f1m=0.4315  uplink_kB=150.2  t=1.70s
  round   3/50: acc=0.6417  f1m=0.5901  uplink_kB=150.2  t=1.65s
  round   4/50: acc=0.6081  f1m=0.5426  uplink_kB=150.2  t=1.63s
  round   5/50: acc=0.7751  f1m=0.7680  uplink_kB=150.2  t=1.61s
  round   6/50: acc=0.7250  f1m=0.7174  uplink_kB=150.2  t=1.66s
  round   7/50: acc=0.9248  f1m=0.9247  uplink_kB=150.2  t=1.59s
  round   8/50: acc=0.9233  f1m=0.9232  uplink_kB=150.2  t=1.75s
  round   9/50: acc=0.7195  f1m=0.7023  uplink_kB=150.2  t=1.64s
  round  10/50: acc=0.9225  f1m=0.9222  uplink_kB=150.2  t=1.65s
  round  11/50: acc=0.7299  f1m=0.7210  uplink_kB=150.2  t=1.64s
  round  12/50: acc=0.9265  f1m=0.9262  uplink_kB=150.2  t=1.56s
  round  13/50: acc=0.5037  f1m=0.3415  uplink_kB=150.2  t=1.68s
  round  14/50: acc=0.9107  f1m=0.9104  uplink_kB=150.2  t=1.73s
  round  15/50: acc=0.6125  f1m=0.5646  uplink_kB=150.2  t=1.67s
  round  16/50: acc=0.7772  f1m=0.7655  uplink_kB=150.2  t=1.70s
  round  17/50: acc=0.5164  f1m=0.4241  uplink_kB=150.2  t=1.68s
  round  18/50: acc=0.9320  f1m=0.9318  uplink_kB=150.2  t=1.56s
  round  19/50: acc=0.8694  f1m=0.8693  uplink_kB=150.2  t=1.65s
  round  20/50: acc=0.3278  f1m=0.3275  uplink_kB=150.2  t=1.75s
  round  21/50: acc=0.9281  f1m=0.9278  uplink_kB=150.2  t=1.65s
  round  22/50: acc=0.0778  f1m=0.0724  uplink_kB=150.2  t=1.67s
  round  23/50: acc=0.5029  f1m=0.4146  uplink_kB=150.2  t=1.74s
  round  24/50: acc=0.1351  f1m=0.1318  uplink_kB=150.2  t=1.64s
  round  25/50: acc=0.1456  f1m=0.1453  uplink_kB=150.2  t=1.62s
  round  26/50: acc=0.5153  f1m=0.3779  uplink_kB=150.2  t=1.72s
  round  27/50: acc=0.0892  f1m=0.0874  uplink_kB=150.2  t=1.68s
  round  28/50: acc=0.6623  f1m=0.6243  uplink_kB=150.2  t=1.69s
  round  29/50: acc=0.0823  f1m=0.0794  uplink_kB=150.2  t=1.64s
  round  30/50: acc=0.7537  f1m=0.7488  uplink_kB=150.2  t=1.64s
  round  31/50: acc=0.0828  f1m=0.0801  uplink_kB=150.2  t=1.64s
  round  32/50: acc=0.5008  f1m=0.3354  uplink_kB=150.2  t=1.67s
  round  33/50: acc=0.0760  f1m=0.0710  uplink_kB=150.2  t=1.65s
  round  34/50: acc=0.6247  f1m=0.5631  uplink_kB=150.2  t=1.64s
  round  35/50: acc=0.0758  f1m=0.0725  uplink_kB=150.2  t=1.72s
  round  36/50: acc=0.9044  f1m=0.9035  uplink_kB=150.2  t=1.73s
  round  37/50: acc=0.4156  f1m=0.2937  uplink_kB=150.2  t=1.67s
  round  38/50: acc=0.5000  f1m=0.3333  uplink_kB=150.2  t=1.68s
  round  39/50: acc=0.3365  f1m=0.2519  uplink_kB=150.2  t=1.65s
  round  40/50: acc=0.4995  f1m=0.3332  uplink_kB=150.2  t=1.65s
  round  41/50: acc=0.0600  f1m=0.0599  uplink_kB=150.2  t=1.71s
  round  42/50: acc=0.5000  f1m=0.3333  uplink_kB=150.2  t=1.65s
  round  43/50: acc=0.0653  f1m=0.0628  uplink_kB=150.2  t=1.71s
  round  44/50: acc=0.8986  f1m=0.8975  uplink_kB=150.2  t=1.65s
  round  45/50: acc=0.4993  f1m=0.3330  uplink_kB=150.2  t=1.66s
  round  46/50: acc=0.5000  f1m=0.3333  uplink_kB=150.2  t=1.61s
  round  47/50: acc=0.0670  f1m=0.0639  uplink_kB=150.2  t=1.71s
  round  48/50: acc=0.8475  f1m=0.8438  uplink_kB=150.2  t=1.72s
  round  49/50: acc=0.3678  f1m=0.2690  uplink_kB=150.2  t=1.69s
  round  50/50: acc=0.5046  f1m=0.3436  uplink_kB=150.2  t=1.55s
[run] DONE -> /Users/agentra/Documents/hao/working/paper-lab/hao-paper-2026/iotj-fedkan-ids/repo/results/lrsweep_cseciic/lrsweep_kan8_lr0p1__dir0.1__seed11/metrics.json  final_acc=0.5046
