[run] device=cpu  seed=2024  out=/Users/agentra/Documents/hao/working/paper-lab/hao-paper-2026/iotj-fedkan-ids/repo/results/lrsweep_cseciic/lrsweep_mlp32_lr0p003__dir0.1__seed2024
[run] model=mlp  params=1,346
  round   1/50: acc=0.8988  f1m=0.8988  uplink_kB=52.6  t=1.30s
  round   2/50: acc=0.8953  f1m=0.8951  uplink_kB=52.6  t=0.67s
  round   3/50: acc=0.8886  f1m=0.8883  uplink_kB=52.6  t=0.69s
  round   4/50: acc=0.8926  f1m=0.8923  uplink_kB=52.6  t=0.66s
  round   5/50: acc=0.8971  f1m=0.8968  uplink_kB=52.6  t=0.66s
  round   6/50: acc=0.8983  f1m=0.8981  uplink_kB=52.6  t=0.61s
  round   7/50: acc=0.9033  f1m=0.9030  uplink_kB=52.6  t=0.69s
  round   8/50: acc=0.9027  f1m=0.9023  uplink_kB=52.6  t=0.70s
  round   9/50: acc=0.9032  f1m=0.9028  uplink_kB=52.6  t=0.72s
  round  10/50: acc=0.9060  f1m=0.9057  uplink_kB=52.6  t=0.70s
  round  11/50: acc=0.9199  f1m=0.9198  uplink_kB=52.6  t=0.68s
  round  12/50: acc=0.9201  f1m=0.9199  uplink_kB=52.6  t=0.63s
  round  13/50: acc=0.9215  f1m=0.9213  uplink_kB=52.6  t=0.73s
  round  14/50: acc=0.9213  f1m=0.9212  uplink_kB=52.6  t=0.68s
  round  15/50: acc=0.9250  f1m=0.9249  uplink_kB=52.6  t=0.66s
  round  16/50: acc=0.9216  f1m=0.9215  uplink_kB=52.6  t=0.64s
  round  17/50: acc=0.9297  f1m=0.9297  uplink_kB=52.6  t=0.66s
  round  18/50: acc=0.9244  f1m=0.9243  uplink_kB=52.6  t=0.68s
  round  19/50: acc=0.9259  f1m=0.9258  uplink_kB=52.6  t=0.69s
  round  20/50: acc=0.9256  f1m=0.9255  uplink_kB=52.6  t=0.60s
  round  21/50: acc=0.9270  f1m=0.9269  uplink_kB=52.6  t=0.71s
  round  22/50: acc=0.9274  f1m=0.9273  uplink_kB=52.6  t=0.68s
  round  23/50: acc=0.9360  f1m=0.9360  uplink_kB=52.6  t=0.69s
  round  24/50: acc=0.9357  f1m=0.9356  uplink_kB=52.6  t=0.69s
  round  25/50: acc=0.9363  f1m=0.9363  uplink_kB=52.6  t=0.64s
  round  26/50: acc=0.9339  f1m=0.9339  uplink_kB=52.6  t=0.76s
  round  27/50: acc=0.9359  f1m=0.9358  uplink_kB=52.6  t=0.66s
  round  28/50: acc=0.9376  f1m=0.9375  uplink_kB=52.6  t=0.69s
  round  29/50: acc=0.9334  f1m=0.9334  uplink_kB=52.6  t=0.67s
  round  30/50: acc=0.9322  f1m=0.9321  uplink_kB=52.6  t=0.71s
  round  31/50: acc=0.9351  f1m=0.9350  uplink_kB=52.6  t=0.66s
  round  32/50: acc=0.9370  f1m=0.9369  uplink_kB=52.6  t=0.60s
  round  33/50: acc=0.9354  f1m=0.9354  uplink_kB=52.6  t=0.63s
  round  34/50: acc=0.9350  f1m=0.9350  uplink_kB=52.6  t=0.71s
  round  35/50: acc=0.9364  f1m=0.9364  uplink_kB=52.6  t=0.73s
  round  36/50: acc=0.9394  f1m=0.9394  uplink_kB=52.6  t=0.63s
  round  37/50: acc=0.9377  f1m=0.9377  uplink_kB=52.6  t=0.64s
  round  38/50: acc=0.9393  f1m=0.9393  uplink_kB=52.6  t=0.87s
  round  39/50: acc=0.9361  f1m=0.9361  uplink_kB=52.6  t=0.61s
  round  40/50: acc=0.9365  f1m=0.9365  uplink_kB=52.6  t=0.68s
  round  41/50: acc=0.9367  f1m=0.9367  uplink_kB=52.6  t=0.69s
  round  42/50: acc=0.9368  f1m=0.9367  uplink_kB=52.6  t=0.65s
  round  43/50: acc=0.9370  f1m=0.9369  uplink_kB=52.6  t=0.67s
  round  44/50: acc=0.9397  f1m=0.9396  uplink_kB=52.6  t=0.64s
  round  45/50: acc=0.9396  f1m=0.9395  uplink_kB=52.6  t=0.67s
  round  46/50: acc=0.9395  f1m=0.9395  uplink_kB=52.6  t=0.64s
  round  47/50: acc=0.9395  f1m=0.9395  uplink_kB=52.6  t=0.70s
  round  48/50: acc=0.9393  f1m=0.9393  uplink_kB=52.6  t=0.68s
  round  49/50: acc=0.9394  f1m=0.9394  uplink_kB=52.6  t=0.67s
  round  50/50: acc=0.9381  f1m=0.9380  uplink_kB=52.6  t=0.73s
[run] DONE -> /Users/agentra/Documents/hao/working/paper-lab/hao-paper-2026/iotj-fedkan-ids/repo/results/lrsweep_cseciic/lrsweep_mlp32_lr0p003__dir0.1__seed2024/metrics.json  final_acc=0.9381
