[run] device=cpu  seed=2024  out=/Users/agentra/Documents/hao/working/paper-lab/hao-paper-2026/iotj-fedkan-ids/repo/results/lrsweep_toniot/lrsweep_mlp32_lr0p001__dir0.1__seed2024
[run] model=mlp  params=1,346
  round   1/50: acc=0.6036  f1m=0.5471  uplink_kB=52.6  t=1.13s
  round   2/50: acc=0.6489  f1m=0.6380  uplink_kB=52.6  t=0.67s
  round   3/50: acc=0.6918  f1m=0.6875  uplink_kB=52.6  t=0.63s
  round   4/50: acc=0.7135  f1m=0.7118  uplink_kB=52.6  t=0.63s
  round   5/50: acc=0.7126  f1m=0.7113  uplink_kB=52.6  t=0.63s
  round   6/50: acc=0.7169  f1m=0.7162  uplink_kB=52.6  t=0.59s
  round   7/50: acc=0.7227  f1m=0.7223  uplink_kB=52.6  t=0.65s
  round   8/50: acc=0.7252  f1m=0.7248  uplink_kB=52.6  t=0.65s
  round   9/50: acc=0.7287  f1m=0.7284  uplink_kB=52.6  t=0.67s
  round  10/50: acc=0.7308  f1m=0.7305  uplink_kB=52.6  t=0.66s
  round  11/50: acc=0.7329  f1m=0.7326  uplink_kB=52.6  t=0.65s
  round  12/50: acc=0.7342  f1m=0.7338  uplink_kB=52.6  t=0.61s
  round  13/50: acc=0.7355  f1m=0.7352  uplink_kB=52.6  t=0.67s
  round  14/50: acc=0.7369  f1m=0.7365  uplink_kB=52.6  t=0.65s
  round  15/50: acc=0.7376  f1m=0.7372  uplink_kB=52.6  t=0.64s
  round  16/50: acc=0.7396  f1m=0.7391  uplink_kB=52.6  t=0.65s
  round  17/50: acc=0.7407  f1m=0.7403  uplink_kB=52.6  t=0.64s
  round  18/50: acc=0.7428  f1m=0.7422  uplink_kB=52.6  t=0.66s
  round  19/50: acc=0.7434  f1m=0.7428  uplink_kB=52.6  t=0.66s
  round  20/50: acc=0.7452  f1m=0.7446  uplink_kB=52.6  t=0.60s
  round  21/50: acc=0.7458  f1m=0.7452  uplink_kB=52.6  t=0.65s
  round  22/50: acc=0.7470  f1m=0.7464  uplink_kB=52.6  t=0.69s
  round  23/50: acc=0.7478  f1m=0.7472  uplink_kB=52.6  t=0.66s
  round  24/50: acc=0.7479  f1m=0.7472  uplink_kB=52.6  t=0.64s
  round  25/50: acc=0.7483  f1m=0.7476  uplink_kB=52.6  t=0.61s
  round  26/50: acc=0.7484  f1m=0.7477  uplink_kB=52.6  t=0.64s
  round  27/50: acc=0.7479  f1m=0.7472  uplink_kB=52.6  t=0.66s
  round  28/50: acc=0.7486  f1m=0.7479  uplink_kB=52.6  t=0.65s
  round  29/50: acc=0.7486  f1m=0.7479  uplink_kB=52.6  t=0.64s
  round  30/50: acc=0.7494  f1m=0.7487  uplink_kB=52.6  t=0.67s
  round  31/50: acc=0.7497  f1m=0.7490  uplink_kB=52.6  t=0.63s
  round  32/50: acc=0.7498  f1m=0.7491  uplink_kB=52.6  t=0.59s
  round  33/50: acc=0.7519  f1m=0.7511  uplink_kB=52.6  t=0.64s
  round  34/50: acc=0.7527  f1m=0.7519  uplink_kB=52.6  t=0.64s
  round  35/50: acc=0.7528  f1m=0.7520  uplink_kB=52.6  t=0.64s
  round  36/50: acc=0.7529  f1m=0.7521  uplink_kB=52.6  t=0.65s
  round  37/50: acc=0.7525  f1m=0.7517  uplink_kB=52.6  t=0.65s
  round  38/50: acc=0.7532  f1m=0.7524  uplink_kB=52.6  t=0.64s
  round  39/50: acc=0.7526  f1m=0.7517  uplink_kB=52.6  t=0.58s
  round  40/50: acc=0.7529  f1m=0.7520  uplink_kB=52.6  t=0.63s
  round  41/50: acc=0.7521  f1m=0.7513  uplink_kB=52.6  t=0.63s
  round  42/50: acc=0.7524  f1m=0.7515  uplink_kB=52.6  t=0.64s
  round  43/50: acc=0.7520  f1m=0.7511  uplink_kB=52.6  t=0.66s
  round  44/50: acc=0.7520  f1m=0.7511  uplink_kB=52.6  t=0.65s
  round  45/50: acc=0.7519  f1m=0.7511  uplink_kB=52.6  t=0.65s
  round  46/50: acc=0.7522  f1m=0.7513  uplink_kB=52.6  t=0.60s
  round  47/50: acc=0.7544  f1m=0.7534  uplink_kB=52.6  t=0.65s
  round  48/50: acc=0.7523  f1m=0.7515  uplink_kB=52.6  t=0.65s
  round  49/50: acc=0.7549  f1m=0.7539  uplink_kB=52.6  t=0.66s
  round  50/50: acc=0.7541  f1m=0.7532  uplink_kB=52.6  t=0.66s
[run] DONE -> /Users/agentra/Documents/hao/working/paper-lab/hao-paper-2026/iotj-fedkan-ids/repo/results/lrsweep_toniot/lrsweep_mlp32_lr0p001__dir0.1__seed2024/metrics.json  final_acc=0.7541
