[run] device=cpu  seed=23  out=/Users/agentra/Documents/hao/working/paper-lab/hao-paper-2026/iotj-fedkan-ids/repo/results/lrsweep_botiot/lrsweep_kan16_lr0p03__dir0.1__seed23
[run] model=kan  params=6,560
  round   1/50: acc=0.4989  f1m=0.3328  uplink_kB=282.0  t=2.50s
  round   2/50: acc=0.9628  f1m=0.9628  uplink_kB=282.0  t=1.92s
  round   3/50: acc=0.9387  f1m=0.9385  uplink_kB=282.0  t=1.97s
  round   4/50: acc=0.9529  f1m=0.9528  uplink_kB=282.0  t=1.90s
  round   5/50: acc=0.9592  f1m=0.9592  uplink_kB=282.0  t=1.95s
  round   6/50: acc=0.9540  f1m=0.9539  uplink_kB=282.0  t=1.92s
  round   7/50: acc=0.9578  f1m=0.9577  uplink_kB=282.0  t=1.88s
  round   8/50: acc=0.9565  f1m=0.9564  uplink_kB=282.0  t=1.90s
  round   9/50: acc=0.9667  f1m=0.9667  uplink_kB=282.0  t=1.91s
  round  10/50: acc=0.9599  f1m=0.9598  uplink_kB=282.0  t=1.97s
  round  11/50: acc=0.9699  f1m=0.9699  uplink_kB=282.0  t=1.90s
  round  12/50: acc=0.9712  f1m=0.9712  uplink_kB=282.0  t=1.86s
  round  13/50: acc=0.9224  f1m=0.9220  uplink_kB=282.0  t=1.93s
  round  14/50: acc=0.9655  f1m=0.9655  uplink_kB=282.0  t=2.17s
  round  15/50: acc=0.9730  f1m=0.9730  uplink_kB=282.0  t=2.02s
  round  16/50: acc=0.9676  f1m=0.9676  uplink_kB=282.0  t=1.91s
  round  17/50: acc=0.9727  f1m=0.9726  uplink_kB=282.0  t=1.96s
  round  18/50: acc=0.9605  f1m=0.9604  uplink_kB=282.0  t=1.94s
  round  19/50: acc=0.9698  f1m=0.9698  uplink_kB=282.0  t=1.89s
  round  20/50: acc=0.9155  f1m=0.9152  uplink_kB=282.0  t=1.92s
  round  21/50: acc=0.9734  f1m=0.9734  uplink_kB=282.0  t=1.87s
  round  22/50: acc=0.9735  f1m=0.9735  uplink_kB=282.0  t=1.94s
  round  23/50: acc=0.9733  f1m=0.9733  uplink_kB=282.0  t=1.95s
  round  24/50: acc=0.9718  f1m=0.9718  uplink_kB=282.0  t=1.92s
  round  25/50: acc=0.9717  f1m=0.9717  uplink_kB=282.0  t=1.82s
  round  26/50: acc=0.9746  f1m=0.9746  uplink_kB=282.0  t=1.87s
  round  27/50: acc=0.9318  f1m=0.9315  uplink_kB=282.0  t=1.91s
  round  28/50: acc=0.9736  f1m=0.9736  uplink_kB=282.0  t=1.89s
  round  29/50: acc=0.7571  f1m=0.7422  uplink_kB=282.0  t=1.84s
  round  30/50: acc=0.9594  f1m=0.9593  uplink_kB=282.0  t=1.88s
  round  31/50: acc=0.9589  f1m=0.9588  uplink_kB=282.0  t=1.86s
  round  32/50: acc=0.9659  f1m=0.9659  uplink_kB=282.0  t=1.82s
  round  33/50: acc=0.9633  f1m=0.9633  uplink_kB=282.0  t=1.85s
  round  34/50: acc=0.9687  f1m=0.9686  uplink_kB=282.0  t=1.88s
  round  35/50: acc=0.9683  f1m=0.9683  uplink_kB=282.0  t=1.85s
  round  36/50: acc=0.9665  f1m=0.9665  uplink_kB=282.0  t=1.85s
  round  37/50: acc=0.9648  f1m=0.9648  uplink_kB=282.0  t=1.87s
  round  38/50: acc=0.9219  f1m=0.9215  uplink_kB=282.0  t=1.81s
  round  39/50: acc=0.9609  f1m=0.9608  uplink_kB=282.0  t=1.87s
  round  40/50: acc=0.9937  f1m=0.9937  uplink_kB=282.0  t=1.87s
  round  41/50: acc=0.9749  f1m=0.9749  uplink_kB=282.0  t=1.87s
  round  42/50: acc=0.9726  f1m=0.9726  uplink_kB=282.0  t=1.86s
  round  43/50: acc=0.9743  f1m=0.9743  uplink_kB=282.0  t=1.85s
  round  44/50: acc=0.9703  f1m=0.9703  uplink_kB=282.0  t=1.85s
  round  45/50: acc=0.9680  f1m=0.9680  uplink_kB=282.0  t=1.89s
  round  46/50: acc=0.9725  f1m=0.9725  uplink_kB=282.0  t=1.90s
  round  47/50: acc=0.9739  f1m=0.9739  uplink_kB=282.0  t=1.82s
  round  48/50: acc=0.9723  f1m=0.9722  uplink_kB=282.0  t=1.84s
  round  49/50: acc=0.9721  f1m=0.9721  uplink_kB=282.0  t=1.85s
  round  50/50: acc=0.9647  f1m=0.9646  uplink_kB=282.0  t=1.87s
[run] DONE -> /Users/agentra/Documents/hao/working/paper-lab/hao-paper-2026/iotj-fedkan-ids/repo/results/lrsweep_botiot/lrsweep_kan16_lr0p03__dir0.1__seed23/metrics.json  final_acc=0.9647
