[run] device=cpu  seed=23  out=/Users/agentra/Documents/hao/working/paper-lab/hao-paper-2026/iotj-fedkan-ids/repo/results/lrsweep_cseciic_mc/lrsweep_mlp80_lr0p0003__dir0.1__seed23
[run] model=mlp  params=4,415
  round   1/50: acc=0.2125  f1m=0.0581  uplink_kB=172.5  t=2.78s
  round   2/50: acc=0.3107  f1m=0.1003  uplink_kB=172.5  t=2.17s
  round   3/50: acc=0.3793  f1m=0.1089  uplink_kB=172.5  t=2.18s
  round   4/50: acc=0.3795  f1m=0.1079  uplink_kB=172.5  t=2.09s
  round   5/50: acc=0.3789  f1m=0.1092  uplink_kB=172.5  t=2.13s
  round   6/50: acc=0.3802  f1m=0.1102  uplink_kB=172.5  t=2.11s
  round   7/50: acc=0.3834  f1m=0.1131  uplink_kB=172.5  t=2.11s
  round   8/50: acc=0.4382  f1m=0.1566  uplink_kB=172.5  t=2.08s
  round   9/50: acc=0.4659  f1m=0.1748  uplink_kB=172.5  t=2.17s
  round  10/50: acc=0.4757  f1m=0.1821  uplink_kB=172.5  t=2.16s
  round  11/50: acc=0.4848  f1m=0.1892  uplink_kB=172.5  t=2.18s
  round  12/50: acc=0.4870  f1m=0.1967  uplink_kB=172.5  t=2.15s
  round  13/50: acc=0.4909  f1m=0.2063  uplink_kB=172.5  t=2.20s
  round  14/50: acc=0.5190  f1m=0.2899  uplink_kB=172.5  t=2.12s
  round  15/50: acc=0.4903  f1m=0.2393  uplink_kB=172.5  t=2.17s
  round  16/50: acc=0.4800  f1m=0.2317  uplink_kB=172.5  t=2.11s
  round  17/50: acc=0.4771  f1m=0.2283  uplink_kB=172.5  t=2.13s
  round  18/50: acc=0.4784  f1m=0.2293  uplink_kB=172.5  t=2.21s
  round  19/50: acc=0.4766  f1m=0.2277  uplink_kB=172.5  t=2.19s
  round  20/50: acc=0.4754  f1m=0.2259  uplink_kB=172.5  t=2.11s
  round  21/50: acc=0.4756  f1m=0.2257  uplink_kB=172.5  t=2.11s
  round  22/50: acc=0.4763  f1m=0.2257  uplink_kB=172.5  t=2.14s
  round  23/50: acc=0.4760  f1m=0.2254  uplink_kB=172.5  t=2.14s
  round  24/50: acc=0.4774  f1m=0.2263  uplink_kB=172.5  t=2.10s
  round  25/50: acc=0.4794  f1m=0.2276  uplink_kB=172.5  t=2.16s
  round  26/50: acc=0.4801  f1m=0.2281  uplink_kB=172.5  t=2.18s
  round  27/50: acc=0.4806  f1m=0.2286  uplink_kB=172.5  t=2.19s
  round  28/50: acc=0.4811  f1m=0.2290  uplink_kB=172.5  t=2.14s
  round  29/50: acc=0.4814  f1m=0.2292  uplink_kB=172.5  t=2.27s
  round  30/50: acc=0.4819  f1m=0.2295  uplink_kB=172.5  t=2.14s
  round  31/50: acc=0.4825  f1m=0.2300  uplink_kB=172.5  t=2.15s
  round  32/50: acc=0.4838  f1m=0.2312  uplink_kB=172.5  t=2.13s
  round  33/50: acc=0.4856  f1m=0.2335  uplink_kB=172.5  t=2.14s
  round  34/50: acc=0.4872  f1m=0.2347  uplink_kB=172.5  t=2.17s
  round  35/50: acc=0.4902  f1m=0.2370  uplink_kB=172.5  t=2.15s
  round  36/50: acc=0.4925  f1m=0.2388  uplink_kB=172.5  t=2.14s
  round  37/50: acc=0.4942  f1m=0.2402  uplink_kB=172.5  t=2.21s
  round  38/50: acc=0.4952  f1m=0.2409  uplink_kB=172.5  t=2.16s
  round  39/50: acc=0.4958  f1m=0.2413  uplink_kB=172.5  t=2.14s
  round  40/50: acc=0.4960  f1m=0.2415  uplink_kB=172.5  t=2.13s
  round  41/50: acc=0.4969  f1m=0.2421  uplink_kB=172.5  t=2.18s
  round  42/50: acc=0.4971  f1m=0.2424  uplink_kB=172.5  t=2.14s
  round  43/50: acc=0.4973  f1m=0.2425  uplink_kB=172.5  t=2.18s
  round  44/50: acc=0.4975  f1m=0.2427  uplink_kB=172.5  t=2.15s
  round  45/50: acc=0.4981  f1m=0.2430  uplink_kB=172.5  t=2.49s
  round  46/50: acc=0.4991  f1m=0.2436  uplink_kB=172.5  t=2.37s
  round  47/50: acc=0.4991  f1m=0.2436  uplink_kB=172.5  t=2.15s
  round  48/50: acc=0.4993  f1m=0.2437  uplink_kB=172.5  t=2.12s
  round  49/50: acc=0.4994  f1m=0.2440  uplink_kB=172.5  t=2.15s
  round  50/50: acc=0.4995  f1m=0.2441  uplink_kB=172.5  t=2.17s
[run] DONE -> /Users/agentra/Documents/hao/working/paper-lab/hao-paper-2026/iotj-fedkan-ids/repo/results/lrsweep_cseciic_mc/lrsweep_mlp80_lr0p0003__dir0.1__seed23/metrics.json  final_acc=0.4995
