[run] device=cpu  seed=31  out=/Users/agentra/Documents/hao/working/paper-lab/hao-paper-2026/iotj-fedkan-ids/repo/results/lrsweep_cseciic_mc50k/lrsweep_kan8_lr0p003__dir0.1__seed31
[run] model=kan  params=4,320
  round   1/50: acc=0.1703  f1m=0.0452  uplink_kB=190.8  t=3.26s
  round   2/50: acc=0.2185  f1m=0.0674  uplink_kB=190.8  t=2.55s
  round   3/50: acc=0.4446  f1m=0.2089  uplink_kB=190.8  t=2.59s
  round   4/50: acc=0.5016  f1m=0.2325  uplink_kB=190.8  t=2.53s
  round   5/50: acc=0.4895  f1m=0.2284  uplink_kB=190.8  t=2.75s
  round   6/50: acc=0.4942  f1m=0.2304  uplink_kB=190.8  t=2.60s
  round   7/50: acc=0.4998  f1m=0.2329  uplink_kB=190.8  t=2.67s
  round   8/50: acc=0.5271  f1m=0.2447  uplink_kB=190.8  t=2.50s
  round   9/50: acc=0.5397  f1m=0.2532  uplink_kB=190.8  t=2.67s
  round  10/50: acc=0.5477  f1m=0.2613  uplink_kB=190.8  t=2.55s
  round  11/50: acc=0.5515  f1m=0.2645  uplink_kB=190.8  t=2.65s
  round  12/50: acc=0.5577  f1m=0.2695  uplink_kB=190.8  t=2.55s
  round  13/50: acc=0.5656  f1m=0.2738  uplink_kB=190.8  t=2.58s
  round  14/50: acc=0.5672  f1m=0.2765  uplink_kB=190.8  t=2.54s
  round  15/50: acc=0.6157  f1m=0.3403  uplink_kB=190.8  t=2.65s
  round  16/50: acc=0.6329  f1m=0.3535  uplink_kB=190.8  t=2.53s
  round  17/50: acc=0.6431  f1m=0.3609  uplink_kB=190.8  t=2.73s
  round  18/50: acc=0.6430  f1m=0.3599  uplink_kB=190.8  t=2.57s
  round  19/50: acc=0.7157  f1m=0.4140  uplink_kB=190.8  t=2.65s
  round  20/50: acc=0.7314  f1m=0.4228  uplink_kB=190.8  t=2.57s
  round  21/50: acc=0.7069  f1m=0.4103  uplink_kB=190.8  t=2.60s
  round  22/50: acc=0.7130  f1m=0.4135  uplink_kB=190.8  t=2.55s
  round  23/50: acc=0.7370  f1m=0.4282  uplink_kB=190.8  t=2.68s
  round  24/50: acc=0.7082  f1m=0.4152  uplink_kB=190.8  t=2.58s
  round  25/50: acc=0.7404  f1m=0.4368  uplink_kB=190.8  t=2.72s
  round  26/50: acc=0.7401  f1m=0.4368  uplink_kB=190.8  t=2.54s
  round  27/50: acc=0.7417  f1m=0.4386  uplink_kB=190.8  t=2.62s
  round  28/50: acc=0.7433  f1m=0.4395  uplink_kB=190.8  t=2.58s
  round  29/50: acc=0.7468  f1m=0.4451  uplink_kB=190.8  t=2.60s
  round  30/50: acc=0.7489  f1m=0.4490  uplink_kB=190.8  t=2.52s
  round  31/50: acc=0.7563  f1m=0.4569  uplink_kB=190.8  t=2.63s
  round  32/50: acc=0.7796  f1m=0.4724  uplink_kB=190.8  t=2.53s
  round  33/50: acc=0.7821  f1m=0.4745  uplink_kB=190.8  t=2.66s
  round  34/50: acc=0.7902  f1m=0.4835  uplink_kB=190.8  t=2.56s
  round  35/50: acc=0.7912  f1m=0.4849  uplink_kB=190.8  t=2.65s
  round  36/50: acc=0.7999  f1m=0.4938  uplink_kB=190.8  t=2.54s
  round  37/50: acc=0.8017  f1m=0.4962  uplink_kB=190.8  t=2.65s
  round  38/50: acc=0.8056  f1m=0.4998  uplink_kB=190.8  t=2.62s
  round  39/50: acc=0.8078  f1m=0.5020  uplink_kB=190.8  t=2.64s
  round  40/50: acc=0.8105  f1m=0.5073  uplink_kB=190.8  t=2.54s
  round  41/50: acc=0.8142  f1m=0.5076  uplink_kB=190.8  t=2.61s
  round  42/50: acc=0.8226  f1m=0.5723  uplink_kB=190.8  t=2.54s
  round  43/50: acc=0.8231  f1m=0.5742  uplink_kB=190.8  t=2.62s
  round  44/50: acc=0.8253  f1m=0.5746  uplink_kB=190.8  t=2.56s
  round  45/50: acc=0.8346  f1m=0.6036  uplink_kB=190.8  t=2.56s
  round  46/50: acc=0.8354  f1m=0.6037  uplink_kB=190.8  t=2.55s
  round  47/50: acc=0.8606  f1m=0.6546  uplink_kB=190.8  t=2.58s
  round  48/50: acc=0.8613  f1m=0.6568  uplink_kB=190.8  t=2.62s
  round  49/50: acc=0.8621  f1m=0.6574  uplink_kB=190.8  t=2.50s
  round  50/50: acc=0.8623  f1m=0.6588  uplink_kB=190.8  t=2.56s
[run] DONE -> /Users/agentra/Documents/hao/working/paper-lab/hao-paper-2026/iotj-fedkan-ids/repo/results/lrsweep_cseciic_mc50k/lrsweep_kan8_lr0p003__dir0.1__seed31/metrics.json  final_acc=0.8623
