[run] device=cpu  seed=23  out=/Users/agentra/Documents/hao/working/paper-lab/hao-paper-2026/iotj-fedkan-ids/repo/results/lrsweep_toniot/lrsweep_mlp80_lr0p01__dir0.1__seed23
[run] model=mlp  params=3,362
  round   1/50: acc=0.5168  f1m=0.3704  uplink_kB=131.3  t=1.14s
  round   2/50: acc=0.5804  f1m=0.4940  uplink_kB=131.3  t=0.66s
  round   3/50: acc=0.6007  f1m=0.5327  uplink_kB=131.3  t=0.65s
  round   4/50: acc=0.7079  f1m=0.6887  uplink_kB=131.3  t=0.67s
  round   5/50: acc=0.7186  f1m=0.7018  uplink_kB=131.3  t=0.60s
  round   6/50: acc=0.7508  f1m=0.7406  uplink_kB=131.3  t=0.67s
  round   7/50: acc=0.7551  f1m=0.7464  uplink_kB=131.3  t=0.65s
  round   8/50: acc=0.7522  f1m=0.7427  uplink_kB=131.3  t=0.65s
  round   9/50: acc=0.7554  f1m=0.7469  uplink_kB=131.3  t=0.65s
  round  10/50: acc=0.7656  f1m=0.7589  uplink_kB=131.3  t=0.65s
  round  11/50: acc=0.7654  f1m=0.7586  uplink_kB=131.3  t=0.62s
  round  12/50: acc=0.8557  f1m=0.8548  uplink_kB=131.3  t=0.64s
  round  13/50: acc=0.8584  f1m=0.8574  uplink_kB=131.3  t=0.65s
  round  14/50: acc=0.8639  f1m=0.8630  uplink_kB=131.3  t=0.68s
  round  15/50: acc=0.8625  f1m=0.8615  uplink_kB=131.3  t=0.66s
  round  16/50: acc=0.8671  f1m=0.8660  uplink_kB=131.3  t=0.67s
  round  17/50: acc=0.8616  f1m=0.8601  uplink_kB=131.3  t=0.70s
  round  18/50: acc=0.8612  f1m=0.8597  uplink_kB=131.3  t=0.64s
  round  19/50: acc=0.8593  f1m=0.8576  uplink_kB=131.3  t=0.67s
  round  20/50: acc=0.8724  f1m=0.8713  uplink_kB=131.3  t=0.68s
  round  21/50: acc=0.8681  f1m=0.8667  uplink_kB=131.3  t=0.67s
  round  22/50: acc=0.7704  f1m=0.7606  uplink_kB=131.3  t=0.67s
  round  23/50: acc=0.8838  f1m=0.8829  uplink_kB=131.3  t=0.66s
  round  24/50: acc=0.7917  f1m=0.7849  uplink_kB=131.3  t=0.69s
  round  25/50: acc=0.8899  f1m=0.8892  uplink_kB=131.3  t=0.63s
  round  26/50: acc=0.8919  f1m=0.8912  uplink_kB=131.3  t=0.66s
  round  27/50: acc=0.8956  f1m=0.8950  uplink_kB=131.3  t=0.68s
  round  28/50: acc=0.8918  f1m=0.8911  uplink_kB=131.3  t=0.67s
  round  29/50: acc=0.8962  f1m=0.8956  uplink_kB=131.3  t=0.66s
  round  30/50: acc=0.9002  f1m=0.8997  uplink_kB=131.3  t=0.68s
  round  31/50: acc=0.9379  f1m=0.9379  uplink_kB=131.3  t=0.59s
  round  32/50: acc=0.9064  f1m=0.9061  uplink_kB=131.3  t=0.66s
  round  33/50: acc=0.8962  f1m=0.8956  uplink_kB=131.3  t=0.65s
  round  34/50: acc=0.8965  f1m=0.8959  uplink_kB=131.3  t=0.65s
  round  35/50: acc=0.8933  f1m=0.8926  uplink_kB=131.3  t=0.67s
  round  36/50: acc=0.8901  f1m=0.8893  uplink_kB=131.3  t=0.65s
  round  37/50: acc=0.9412  f1m=0.9411  uplink_kB=131.3  t=0.63s
  round  38/50: acc=0.9439  f1m=0.9438  uplink_kB=131.3  t=0.64s
  round  39/50: acc=0.9052  f1m=0.9048  uplink_kB=131.3  t=0.66s
  round  40/50: acc=0.9018  f1m=0.9013  uplink_kB=131.3  t=0.66s
  round  41/50: acc=0.9424  f1m=0.9423  uplink_kB=131.3  t=0.68s
  round  42/50: acc=0.9418  f1m=0.9418  uplink_kB=131.3  t=0.66s
  round  43/50: acc=0.9025  f1m=0.9020  uplink_kB=131.3  t=0.67s
  round  44/50: acc=0.9451  f1m=0.9451  uplink_kB=131.3  t=0.62s
  round  45/50: acc=0.9473  f1m=0.9472  uplink_kB=131.3  t=0.66s
  round  46/50: acc=0.9453  f1m=0.9452  uplink_kB=131.3  t=0.66s
  round  47/50: acc=0.9465  f1m=0.9465  uplink_kB=131.3  t=0.69s
  round  48/50: acc=0.9107  f1m=0.9103  uplink_kB=131.3  t=0.66s
  round  49/50: acc=0.9506  f1m=0.9505  uplink_kB=131.3  t=0.66s
  round  50/50: acc=0.9500  f1m=0.9500  uplink_kB=131.3  t=0.66s
[run] DONE -> /Users/agentra/Documents/hao/working/paper-lab/hao-paper-2026/iotj-fedkan-ids/repo/results/lrsweep_toniot/lrsweep_mlp80_lr0p01__dir0.1__seed23/metrics.json  final_acc=0.9500
