[run] device=cpu  seed=23  out=/Users/agentra/Documents/hao/working/paper-lab/hao-paper-2026/iotj-fedkan-ids/repo/results/sensitivity_botiot/sens_h4__dir0.1__seed23
[run] model=kan  params=1,640
  round   1/50: acc=0.4989  f1m=0.3328  uplink_kB=84.2  t=2.40s
  round   2/50: acc=0.5718  f1m=0.4828  uplink_kB=84.2  t=1.67s
  round   3/50: acc=0.9026  f1m=0.9024  uplink_kB=84.2  t=1.87s
  round   4/50: acc=0.9332  f1m=0.9331  uplink_kB=84.2  t=1.65s
  round   5/50: acc=0.9387  f1m=0.9387  uplink_kB=84.2  t=1.78s
  round   6/50: acc=0.9610  f1m=0.9610  uplink_kB=84.2  t=1.77s
  round   7/50: acc=0.9658  f1m=0.9658  uplink_kB=84.2  t=1.75s
  round   8/50: acc=0.9659  f1m=0.9659  uplink_kB=84.2  t=1.54s
  round   9/50: acc=0.9635  f1m=0.9634  uplink_kB=84.2  t=1.52s
  round  10/50: acc=0.9625  f1m=0.9625  uplink_kB=84.2  t=1.52s
  round  11/50: acc=0.9600  f1m=0.9599  uplink_kB=84.2  t=1.55s
  round  12/50: acc=0.9624  f1m=0.9624  uplink_kB=84.2  t=1.46s
  round  13/50: acc=0.9599  f1m=0.9599  uplink_kB=84.2  t=1.50s
  round  14/50: acc=0.9622  f1m=0.9622  uplink_kB=84.2  t=1.54s
  round  15/50: acc=0.9611  f1m=0.9611  uplink_kB=84.2  t=1.54s
  round  16/50: acc=0.9621  f1m=0.9620  uplink_kB=84.2  t=1.51s
  round  17/50: acc=0.9629  f1m=0.9629  uplink_kB=84.2  t=1.55s
  round  18/50: acc=0.9642  f1m=0.9641  uplink_kB=84.2  t=1.51s
  round  19/50: acc=0.9640  f1m=0.9640  uplink_kB=84.2  t=1.51s
  round  20/50: acc=0.9641  f1m=0.9641  uplink_kB=84.2  t=1.50s
  round  21/50: acc=0.9656  f1m=0.9656  uplink_kB=84.2  t=1.43s
  round  22/50: acc=0.9645  f1m=0.9645  uplink_kB=84.2  t=1.44s
  round  23/50: acc=0.9651  f1m=0.9650  uplink_kB=84.2  t=1.43s
  round  24/50: acc=0.9653  f1m=0.9652  uplink_kB=84.2  t=1.46s
  round  25/50: acc=0.9563  f1m=0.9563  uplink_kB=84.2  t=1.50s
  round  26/50: acc=0.9642  f1m=0.9642  uplink_kB=84.2  t=1.65s
  round  27/50: acc=0.9560  f1m=0.9560  uplink_kB=84.2  t=1.55s
  round  28/50: acc=0.9654  f1m=0.9654  uplink_kB=84.2  t=1.59s
  round  29/50: acc=0.9568  f1m=0.9568  uplink_kB=84.2  t=1.53s
  round  30/50: acc=0.9656  f1m=0.9655  uplink_kB=84.2  t=1.53s
  round  31/50: acc=0.9661  f1m=0.9661  uplink_kB=84.2  t=1.55s
  round  32/50: acc=0.9729  f1m=0.9729  uplink_kB=84.2  t=1.47s
  round  33/50: acc=0.9697  f1m=0.9697  uplink_kB=84.2  t=1.51s
  round  34/50: acc=0.9634  f1m=0.9634  uplink_kB=84.2  t=1.47s
  round  35/50: acc=0.9712  f1m=0.9712  uplink_kB=84.2  t=1.46s
  round  36/50: acc=0.9665  f1m=0.9665  uplink_kB=84.2  t=1.43s
  round  37/50: acc=0.9665  f1m=0.9664  uplink_kB=84.2  t=1.49s
  round  38/50: acc=0.9732  f1m=0.9732  uplink_kB=84.2  t=1.45s
  round  39/50: acc=0.9668  f1m=0.9668  uplink_kB=84.2  t=1.57s
  round  40/50: acc=0.9723  f1m=0.9723  uplink_kB=84.2  t=1.52s
  round  41/50: acc=0.9719  f1m=0.9719  uplink_kB=84.2  t=1.51s
  round  42/50: acc=0.9721  f1m=0.9721  uplink_kB=84.2  t=1.49s
  round  43/50: acc=0.9722  f1m=0.9722  uplink_kB=84.2  t=1.49s
  round  44/50: acc=0.9691  f1m=0.9691  uplink_kB=84.2  t=1.46s
  round  45/50: acc=0.9724  f1m=0.9724  uplink_kB=84.2  t=1.50s
  round  46/50: acc=0.9726  f1m=0.9726  uplink_kB=84.2  t=1.47s
  round  47/50: acc=0.9668  f1m=0.9668  uplink_kB=84.2  t=1.39s
  round  48/50: acc=0.9724  f1m=0.9724  uplink_kB=84.2  t=1.50s
  round  49/50: acc=0.9720  f1m=0.9720  uplink_kB=84.2  t=1.49s
  round  50/50: acc=0.9691  f1m=0.9691  uplink_kB=84.2  t=1.48s
[run] DONE -> /Users/agentra/Documents/hao/working/paper-lab/hao-paper-2026/iotj-fedkan-ids/repo/results/sensitivity_botiot/sens_h4__dir0.1__seed23/metrics.json  final_acc=0.9691
