[run] device=cpu  seed=37  out=/Users/agentra/Documents/hao/working/paper-lab/hao-paper-2026/iotj-fedkan-ids/repo/results/lrsweep_botiot/lrsweep_kan8_lr0p003__dir0.1__seed37
[run] model=kan  params=3,280
  round   1/50: acc=0.7521  f1m=0.7411  uplink_kB=150.2  t=2.26s
  round   2/50: acc=0.8932  f1m=0.8928  uplink_kB=150.2  t=1.71s
  round   3/50: acc=0.8993  f1m=0.8990  uplink_kB=150.2  t=1.60s
  round   4/50: acc=0.9059  f1m=0.9056  uplink_kB=150.2  t=1.63s
  round   5/50: acc=0.9433  f1m=0.9433  uplink_kB=150.2  t=1.57s
  round   6/50: acc=0.9355  f1m=0.9354  uplink_kB=150.2  t=1.64s
  round   7/50: acc=0.9685  f1m=0.9685  uplink_kB=150.2  t=1.64s
  round   8/50: acc=0.9215  f1m=0.9211  uplink_kB=150.2  t=1.58s
  round   9/50: acc=0.9215  f1m=0.9210  uplink_kB=150.2  t=1.68s
  round  10/50: acc=0.9213  f1m=0.9209  uplink_kB=150.2  t=1.61s
  round  11/50: acc=0.9214  f1m=0.9209  uplink_kB=150.2  t=1.61s
  round  12/50: acc=0.9603  f1m=0.9603  uplink_kB=150.2  t=1.53s
  round  13/50: acc=0.9219  f1m=0.9214  uplink_kB=150.2  t=1.67s
  round  14/50: acc=0.9608  f1m=0.9608  uplink_kB=150.2  t=1.56s
  round  15/50: acc=0.9218  f1m=0.9214  uplink_kB=150.2  t=1.60s
  round  16/50: acc=0.9598  f1m=0.9598  uplink_kB=150.2  t=1.67s
  round  17/50: acc=0.9217  f1m=0.9213  uplink_kB=150.2  t=1.65s
  round  18/50: acc=0.9601  f1m=0.9601  uplink_kB=150.2  t=1.66s
  round  19/50: acc=0.9010  f1m=0.9007  uplink_kB=150.2  t=1.59s
  round  20/50: acc=0.9715  f1m=0.9715  uplink_kB=150.2  t=1.58s
  round  21/50: acc=0.9603  f1m=0.9603  uplink_kB=150.2  t=1.62s
  round  22/50: acc=0.9610  f1m=0.9610  uplink_kB=150.2  t=1.63s
  round  23/50: acc=0.9711  f1m=0.9711  uplink_kB=150.2  t=1.62s
  round  24/50: acc=0.9613  f1m=0.9613  uplink_kB=150.2  t=1.65s
  round  25/50: acc=0.9638  f1m=0.9638  uplink_kB=150.2  t=1.61s
  round  26/50: acc=0.9738  f1m=0.9738  uplink_kB=150.2  t=1.57s
  round  27/50: acc=0.9717  f1m=0.9717  uplink_kB=150.2  t=1.59s
  round  28/50: acc=0.9740  f1m=0.9740  uplink_kB=150.2  t=1.62s
  round  29/50: acc=0.9727  f1m=0.9727  uplink_kB=150.2  t=1.62s
  round  30/50: acc=0.9717  f1m=0.9717  uplink_kB=150.2  t=1.62s
  round  31/50: acc=0.9719  f1m=0.9719  uplink_kB=150.2  t=1.65s
  round  32/50: acc=0.9741  f1m=0.9741  uplink_kB=150.2  t=1.64s
  round  33/50: acc=0.9717  f1m=0.9717  uplink_kB=150.2  t=1.63s
  round  34/50: acc=0.9742  f1m=0.9742  uplink_kB=150.2  t=1.60s
  round  35/50: acc=0.9743  f1m=0.9743  uplink_kB=150.2  t=1.61s
  round  36/50: acc=0.9718  f1m=0.9718  uplink_kB=150.2  t=1.64s
  round  37/50: acc=0.9717  f1m=0.9717  uplink_kB=150.2  t=1.68s
  round  38/50: acc=0.9742  f1m=0.9742  uplink_kB=150.2  t=1.61s
  round  39/50: acc=0.9743  f1m=0.9743  uplink_kB=150.2  t=1.62s
  round  40/50: acc=0.9743  f1m=0.9743  uplink_kB=150.2  t=1.60s
  round  41/50: acc=0.9743  f1m=0.9743  uplink_kB=150.2  t=1.52s
  round  42/50: acc=0.9745  f1m=0.9745  uplink_kB=150.2  t=1.63s
  round  43/50: acc=0.9926  f1m=0.9926  uplink_kB=150.2  t=1.63s
  round  44/50: acc=0.9746  f1m=0.9746  uplink_kB=150.2  t=1.64s
  round  45/50: acc=0.9365  f1m=0.9363  uplink_kB=150.2  t=1.58s
  round  46/50: acc=0.9747  f1m=0.9746  uplink_kB=150.2  t=1.54s
  round  47/50: acc=0.9746  f1m=0.9746  uplink_kB=150.2  t=1.60s
  round  48/50: acc=0.9367  f1m=0.9365  uplink_kB=150.2  t=1.63s
  round  49/50: acc=0.9370  f1m=0.9368  uplink_kB=150.2  t=1.57s
  round  50/50: acc=0.9954  f1m=0.9954  uplink_kB=150.2  t=1.68s
[run] DONE -> /Users/agentra/Documents/hao/working/paper-lab/hao-paper-2026/iotj-fedkan-ids/repo/results/lrsweep_botiot/lrsweep_kan8_lr0p003__dir0.1__seed37/metrics.json  final_acc=0.9954
