[run] device=cpu  seed=2026  out=/Users/agentra/Documents/hao/working/paper-lab/hao-paper-2026/iotj-fedkan-ids/repo/results/lrsweep_botiot/lrsweep_kan8_lr0p03__dir0.1__seed2026
[run] model=kan  params=3,280
  round   1/50: acc=0.4989  f1m=0.3328  uplink_kB=150.2  t=2.22s
  round   2/50: acc=0.4989  f1m=0.3328  uplink_kB=150.2  t=1.64s
  round   3/50: acc=0.4989  f1m=0.3328  uplink_kB=150.2  t=1.56s
  round   4/50: acc=0.4989  f1m=0.3328  uplink_kB=150.2  t=1.59s
  round   5/50: acc=0.5346  f1m=0.4078  uplink_kB=150.2  t=1.52s
  round   6/50: acc=0.6660  f1m=0.6249  uplink_kB=150.2  t=1.65s
  round   7/50: acc=0.7565  f1m=0.7415  uplink_kB=150.2  t=1.60s
  round   8/50: acc=0.7916  f1m=0.7824  uplink_kB=150.2  t=1.60s
  round   9/50: acc=0.8537  f1m=0.8506  uplink_kB=150.2  t=1.63s
  round  10/50: acc=0.8296  f1m=0.8246  uplink_kB=150.2  t=1.61s
  round  11/50: acc=0.8509  f1m=0.8477  uplink_kB=150.2  t=1.61s
  round  12/50: acc=0.8839  f1m=0.8824  uplink_kB=150.2  t=1.57s
  round  13/50: acc=0.9077  f1m=0.9069  uplink_kB=150.2  t=1.60s
  round  14/50: acc=0.9177  f1m=0.9171  uplink_kB=150.2  t=1.61s
  round  15/50: acc=0.9200  f1m=0.9196  uplink_kB=150.2  t=1.59s
  round  16/50: acc=0.9064  f1m=0.9056  uplink_kB=150.2  t=1.60s
  round  17/50: acc=0.9076  f1m=0.9068  uplink_kB=150.2  t=1.63s
  round  18/50: acc=0.9181  f1m=0.9176  uplink_kB=150.2  t=1.60s
  round  19/50: acc=0.8894  f1m=0.8880  uplink_kB=150.2  t=1.66s
  round  20/50: acc=0.9326  f1m=0.9323  uplink_kB=150.2  t=1.56s
  round  21/50: acc=0.8884  f1m=0.8871  uplink_kB=150.2  t=1.58s
  round  22/50: acc=0.9083  f1m=0.9075  uplink_kB=150.2  t=1.63s
  round  23/50: acc=0.8256  f1m=0.8202  uplink_kB=150.2  t=1.61s
  round  24/50: acc=0.9142  f1m=0.9136  uplink_kB=150.2  t=1.60s
  round  25/50: acc=0.9345  f1m=0.9343  uplink_kB=150.2  t=1.57s
  round  26/50: acc=0.8231  f1m=0.8175  uplink_kB=150.2  t=1.57s
  round  27/50: acc=0.8475  f1m=0.8440  uplink_kB=150.2  t=1.61s
  round  28/50: acc=0.8548  f1m=0.8518  uplink_kB=150.2  t=1.61s
  round  29/50: acc=0.8667  f1m=0.8643  uplink_kB=150.2  t=1.61s
  round  30/50: acc=0.9016  f1m=0.9007  uplink_kB=150.2  t=1.59s
  round  31/50: acc=0.8918  f1m=0.8906  uplink_kB=150.2  t=1.58s
  round  32/50: acc=0.9021  f1m=0.9012  uplink_kB=150.2  t=1.62s
  round  33/50: acc=0.9196  f1m=0.9191  uplink_kB=150.2  t=1.54s
  round  34/50: acc=0.9254  f1m=0.9250  uplink_kB=150.2  t=1.62s
  round  35/50: acc=0.9185  f1m=0.9180  uplink_kB=150.2  t=1.60s
  round  36/50: acc=0.9274  f1m=0.9270  uplink_kB=150.2  t=1.66s
  round  37/50: acc=0.9064  f1m=0.9056  uplink_kB=150.2  t=1.64s
  round  38/50: acc=0.9440  f1m=0.9438  uplink_kB=150.2  t=1.67s
  round  39/50: acc=0.7857  f1m=0.7756  uplink_kB=150.2  t=1.64s
  round  40/50: acc=0.7849  f1m=0.7747  uplink_kB=150.2  t=1.62s
  round  41/50: acc=0.8678  f1m=0.8655  uplink_kB=150.2  t=1.62s
  round  42/50: acc=0.8784  f1m=0.8766  uplink_kB=150.2  t=1.66s
  round  43/50: acc=0.9160  f1m=0.9154  uplink_kB=150.2  t=1.65s
  round  44/50: acc=0.9245  f1m=0.9241  uplink_kB=150.2  t=1.70s
  round  45/50: acc=0.9353  f1m=0.9351  uplink_kB=150.2  t=1.63s
  round  46/50: acc=0.9245  f1m=0.9241  uplink_kB=150.2  t=1.57s
  round  47/50: acc=0.9136  f1m=0.9130  uplink_kB=150.2  t=1.61s
  round  48/50: acc=0.8989  f1m=0.8979  uplink_kB=150.2  t=1.68s
  round  49/50: acc=0.8881  f1m=0.8868  uplink_kB=150.2  t=1.63s
  round  50/50: acc=0.9058  f1m=0.9050  uplink_kB=150.2  t=1.62s
[run] DONE -> /Users/agentra/Documents/hao/working/paper-lab/hao-paper-2026/iotj-fedkan-ids/repo/results/lrsweep_botiot/lrsweep_kan8_lr0p03__dir0.1__seed2026/metrics.json  final_acc=0.9058
