[run] device=cpu  seed=2024  out=/Users/agentra/Documents/hao/working/paper-lab/hao-paper-2026/iotj-fedkan-ids/repo/results/lrsweep_cseciic_mc/lrsweep_mlp32_lr0p1__dir0.1__seed2024
[run] model=mlp  params=1,775
  round   1/50: acc=0.2693  f1m=0.0953  uplink_kB=69.3  t=2.92s
  round   2/50: acc=0.3730  f1m=0.2284  uplink_kB=69.3  t=2.23s
  round   3/50: acc=0.4404  f1m=0.2292  uplink_kB=69.3  t=2.26s
  round   4/50: acc=0.4180  f1m=0.2849  uplink_kB=69.3  t=2.14s
  round   5/50: acc=0.4056  f1m=0.2789  uplink_kB=69.3  t=2.07s
  round   6/50: acc=0.4409  f1m=0.2911  uplink_kB=69.3  t=2.13s
  round   7/50: acc=0.6337  f1m=0.3988  uplink_kB=69.3  t=2.09s
  round   8/50: acc=0.5722  f1m=0.3712  uplink_kB=69.3  t=2.10s
  round   9/50: acc=0.5341  f1m=0.3547  uplink_kB=69.3  t=2.12s
  round  10/50: acc=0.7430  f1m=0.4699  uplink_kB=69.3  t=2.12s
  round  11/50: acc=0.7104  f1m=0.4540  uplink_kB=69.3  t=2.16s
  round  12/50: acc=0.6055  f1m=0.3364  uplink_kB=69.3  t=2.15s
  round  13/50: acc=0.7954  f1m=0.5543  uplink_kB=69.3  t=2.12s
  round  14/50: acc=0.6051  f1m=0.3842  uplink_kB=69.3  t=2.11s
  round  15/50: acc=0.6991  f1m=0.4512  uplink_kB=69.3  t=2.14s
  round  16/50: acc=0.6833  f1m=0.4523  uplink_kB=69.3  t=2.11s
  round  17/50: acc=0.7251  f1m=0.4709  uplink_kB=69.3  t=2.11s
  round  18/50: acc=0.7778  f1m=0.5516  uplink_kB=69.3  t=2.24s
  round  19/50: acc=0.7706  f1m=0.5449  uplink_kB=69.3  t=2.06s
  round  20/50: acc=0.7199  f1m=0.5252  uplink_kB=69.3  t=2.14s
  round  21/50: acc=0.7073  f1m=0.5085  uplink_kB=69.3  t=2.08s
  round  22/50: acc=0.7827  f1m=0.5436  uplink_kB=69.3  t=2.12s
  round  23/50: acc=0.7138  f1m=0.5154  uplink_kB=69.3  t=2.11s
  round  24/50: acc=0.7958  f1m=0.5495  uplink_kB=69.3  t=2.12s
  round  25/50: acc=0.7943  f1m=0.5671  uplink_kB=69.3  t=2.21s
  round  26/50: acc=0.7717  f1m=0.5395  uplink_kB=69.3  t=2.11s
  round  27/50: acc=0.6953  f1m=0.4984  uplink_kB=69.3  t=2.14s
  round  28/50: acc=0.7683  f1m=0.5400  uplink_kB=69.3  t=2.11s
  round  29/50: acc=0.6962  f1m=0.4694  uplink_kB=69.3  t=2.19s
  round  30/50: acc=0.7975  f1m=0.5547  uplink_kB=69.3  t=2.09s
  round  31/50: acc=0.7786  f1m=0.5527  uplink_kB=69.3  t=2.10s
  round  32/50: acc=0.7964  f1m=0.5670  uplink_kB=69.3  t=2.13s
  round  33/50: acc=0.7910  f1m=0.5647  uplink_kB=69.3  t=2.13s
  round  34/50: acc=0.7953  f1m=0.5703  uplink_kB=69.3  t=2.18s
  round  35/50: acc=0.7926  f1m=0.5394  uplink_kB=69.3  t=2.18s
  round  36/50: acc=0.7526  f1m=0.4859  uplink_kB=69.3  t=2.14s
  round  37/50: acc=0.6228  f1m=0.4783  uplink_kB=69.3  t=2.13s
  round  38/50: acc=0.6345  f1m=0.4821  uplink_kB=69.3  t=2.12s
  round  39/50: acc=0.6316  f1m=0.4833  uplink_kB=69.3  t=2.13s
  round  40/50: acc=0.6387  f1m=0.4886  uplink_kB=69.3  t=2.12s
  round  41/50: acc=0.6327  f1m=0.4886  uplink_kB=69.3  t=2.11s
  round  42/50: acc=0.4823  f1m=0.4140  uplink_kB=69.3  t=2.05s
  round  43/50: acc=0.4734  f1m=0.4039  uplink_kB=69.3  t=2.12s
  round  44/50: acc=0.7666  f1m=0.5466  uplink_kB=69.3  t=2.21s
  round  45/50: acc=0.7849  f1m=0.5646  uplink_kB=69.3  t=2.12s
  round  46/50: acc=0.7711  f1m=0.5591  uplink_kB=69.3  t=2.16s
  round  47/50: acc=0.4162  f1m=0.3717  uplink_kB=69.3  t=2.14s
  round  48/50: acc=0.7950  f1m=0.5653  uplink_kB=69.3  t=2.13s
  round  49/50: acc=0.7803  f1m=0.5544  uplink_kB=69.3  t=2.20s
  round  50/50: acc=0.6505  f1m=0.5020  uplink_kB=69.3  t=2.07s
[run] DONE -> /Users/agentra/Documents/hao/working/paper-lab/hao-paper-2026/iotj-fedkan-ids/repo/results/lrsweep_cseciic_mc/lrsweep_mlp32_lr0p1__dir0.1__seed2024/metrics.json  final_acc=0.6505
