[run] device=cpu  seed=17  out=/Users/agentra/Documents/hao/working/paper-lab/hao-paper-2026/iotj-fedkan-ids/repo/results/sensitivity_botiot/sens_k4__dir0.1__seed17
[run] model=kan  params=3,608
  round   1/50: acc=0.9633  f1m=0.9632  uplink_kB=166.6  t=3.03s
  round   2/50: acc=0.9706  f1m=0.9706  uplink_kB=166.6  t=2.16s
  round   3/50: acc=0.9718  f1m=0.9718  uplink_kB=166.6  t=2.15s
  round   4/50: acc=0.9723  f1m=0.9723  uplink_kB=166.6  t=2.24s
  round   5/50: acc=0.9733  f1m=0.9733  uplink_kB=166.6  t=2.14s
  round   6/50: acc=0.9728  f1m=0.9728  uplink_kB=166.6  t=2.15s
  round   7/50: acc=0.9742  f1m=0.9742  uplink_kB=166.6  t=2.20s
  round   8/50: acc=0.9744  f1m=0.9744  uplink_kB=166.6  t=2.23s
  round   9/50: acc=0.9745  f1m=0.9745  uplink_kB=166.6  t=2.03s
  round  10/50: acc=0.9742  f1m=0.9742  uplink_kB=166.6  t=2.09s
  round  11/50: acc=0.9751  f1m=0.9750  uplink_kB=166.6  t=2.43s
  round  12/50: acc=0.9967  f1m=0.9967  uplink_kB=166.6  t=2.06s
  round  13/50: acc=0.9744  f1m=0.9744  uplink_kB=166.6  t=2.08s
  round  14/50: acc=0.9753  f1m=0.9752  uplink_kB=166.6  t=2.50s
  round  15/50: acc=0.9974  f1m=0.9974  uplink_kB=166.6  t=2.12s
  round  16/50: acc=0.9974  f1m=0.9974  uplink_kB=166.6  t=2.18s
  round  17/50: acc=0.9976  f1m=0.9976  uplink_kB=166.6  t=2.21s
  round  18/50: acc=0.9976  f1m=0.9976  uplink_kB=166.6  t=2.09s
  round  19/50: acc=0.9975  f1m=0.9975  uplink_kB=166.6  t=2.13s
  round  20/50: acc=0.9975  f1m=0.9975  uplink_kB=166.6  t=2.05s
  round  21/50: acc=0.9975  f1m=0.9975  uplink_kB=166.6  t=2.10s
  round  22/50: acc=0.9969  f1m=0.9969  uplink_kB=166.6  t=2.02s
  round  23/50: acc=0.9976  f1m=0.9976  uplink_kB=166.6  t=1.96s
  round  24/50: acc=0.9975  f1m=0.9975  uplink_kB=166.6  t=2.12s
  round  25/50: acc=0.9975  f1m=0.9975  uplink_kB=166.6  t=2.01s
  round  26/50: acc=0.9976  f1m=0.9976  uplink_kB=166.6  t=2.17s
  round  27/50: acc=0.9976  f1m=0.9976  uplink_kB=166.6  t=2.12s
  round  28/50: acc=0.9977  f1m=0.9977  uplink_kB=166.6  t=2.03s
  round  29/50: acc=0.9971  f1m=0.9971  uplink_kB=166.6  t=2.11s
  round  30/50: acc=0.9977  f1m=0.9977  uplink_kB=166.6  t=2.07s
  round  31/50: acc=0.9978  f1m=0.9978  uplink_kB=166.6  t=2.07s
  round  32/50: acc=0.9976  f1m=0.9976  uplink_kB=166.6  t=2.01s
  round  33/50: acc=0.9977  f1m=0.9977  uplink_kB=166.6  t=2.06s
  round  34/50: acc=0.9976  f1m=0.9976  uplink_kB=166.6  t=2.15s
  round  35/50: acc=0.9977  f1m=0.9977  uplink_kB=166.6  t=2.12s
  round  36/50: acc=0.9977  f1m=0.9977  uplink_kB=166.6  t=2.08s
  round  37/50: acc=0.9981  f1m=0.9981  uplink_kB=166.6  t=2.14s
  round  38/50: acc=0.9976  f1m=0.9976  uplink_kB=166.6  t=2.07s
  round  39/50: acc=0.9976  f1m=0.9976  uplink_kB=166.6  t=2.09s
  round  40/50: acc=0.9980  f1m=0.9980  uplink_kB=166.6  t=2.08s
  round  41/50: acc=0.9979  f1m=0.9979  uplink_kB=166.6  t=2.12s
  round  42/50: acc=0.9976  f1m=0.9976  uplink_kB=166.6  t=2.04s
  round  43/50: acc=0.9980  f1m=0.9980  uplink_kB=166.6  t=2.11s
  round  44/50: acc=0.9979  f1m=0.9979  uplink_kB=166.6  t=2.06s
  round  45/50: acc=0.9981  f1m=0.9981  uplink_kB=166.6  t=2.07s
  round  46/50: acc=0.9979  f1m=0.9979  uplink_kB=166.6  t=2.02s
  round  47/50: acc=0.9976  f1m=0.9976  uplink_kB=166.6  t=2.04s
  round  48/50: acc=0.9977  f1m=0.9977  uplink_kB=166.6  t=2.08s
  round  49/50: acc=0.9976  f1m=0.9976  uplink_kB=166.6  t=2.06s
  round  50/50: acc=0.9978  f1m=0.9978  uplink_kB=166.6  t=2.09s
[run] DONE -> /Users/agentra/Documents/hao/working/paper-lab/hao-paper-2026/iotj-fedkan-ids/repo/results/sensitivity_botiot/sens_k4__dir0.1__seed17/metrics.json  final_acc=0.9978
