[run] device=cpu  seed=29  out=/Users/agentra/Documents/hao/working/paper-lab/hao-paper-2026/iotj-fedkan-ids/repo/results/lrsweep_cseciic_mc/lrsweep_mlp80_lr0p03__dir0.1__seed29
[run] model=mlp  params=4,415
  round   1/50: acc=0.4036  f1m=0.1357  uplink_kB=172.5  t=2.71s
  round   2/50: acc=0.4559  f1m=0.2821  uplink_kB=172.5  t=2.20s
  round   3/50: acc=0.4886  f1m=0.3067  uplink_kB=172.5  t=2.06s
  round   4/50: acc=0.5104  f1m=0.3530  uplink_kB=172.5  t=2.19s
  round   5/50: acc=0.5629  f1m=0.4037  uplink_kB=172.5  t=2.22s
  round   6/50: acc=0.5611  f1m=0.4844  uplink_kB=172.5  t=2.10s
  round   7/50: acc=0.5618  f1m=0.4057  uplink_kB=172.5  t=2.23s
  round   8/50: acc=0.5271  f1m=0.3960  uplink_kB=172.5  t=2.13s
  round   9/50: acc=0.5669  f1m=0.4636  uplink_kB=172.5  t=2.12s
  round  10/50: acc=0.5414  f1m=0.4580  uplink_kB=172.5  t=2.16s
  round  11/50: acc=0.5290  f1m=0.4433  uplink_kB=172.5  t=2.11s
  round  12/50: acc=0.5658  f1m=0.4296  uplink_kB=172.5  t=2.27s
  round  13/50: acc=0.6992  f1m=0.5739  uplink_kB=172.5  t=2.12s
  round  14/50: acc=0.5841  f1m=0.5428  uplink_kB=172.5  t=2.17s
  round  15/50: acc=0.6631  f1m=0.5827  uplink_kB=172.5  t=2.17s
  round  16/50: acc=0.6862  f1m=0.5684  uplink_kB=172.5  t=2.11s
  round  17/50: acc=0.7779  f1m=0.6591  uplink_kB=172.5  t=2.10s
  round  18/50: acc=0.7607  f1m=0.6364  uplink_kB=172.5  t=2.08s
  round  19/50: acc=0.7461  f1m=0.6138  uplink_kB=172.5  t=2.14s
  round  20/50: acc=0.7753  f1m=0.6221  uplink_kB=172.5  t=2.15s
  round  21/50: acc=0.7962  f1m=0.6080  uplink_kB=172.5  t=2.23s
  round  22/50: acc=0.8045  f1m=0.6727  uplink_kB=172.5  t=2.15s
  round  23/50: acc=0.8222  f1m=0.6820  uplink_kB=172.5  t=2.20s
  round  24/50: acc=0.8147  f1m=0.6470  uplink_kB=172.5  t=2.16s
  round  25/50: acc=0.8259  f1m=0.6317  uplink_kB=172.5  t=2.13s
  round  26/50: acc=0.8262  f1m=0.6632  uplink_kB=172.5  t=2.14s
  round  27/50: acc=0.8303  f1m=0.6443  uplink_kB=172.5  t=2.14s
  round  28/50: acc=0.8270  f1m=0.6446  uplink_kB=172.5  t=2.16s
  round  29/50: acc=0.8389  f1m=0.6986  uplink_kB=172.5  t=2.11s
  round  30/50: acc=0.8379  f1m=0.6715  uplink_kB=172.5  t=2.09s
  round  31/50: acc=0.8311  f1m=0.6644  uplink_kB=172.5  t=2.19s
  round  32/50: acc=0.8398  f1m=0.6860  uplink_kB=172.5  t=2.10s
  round  33/50: acc=0.8286  f1m=0.6426  uplink_kB=172.5  t=2.12s
  round  34/50: acc=0.8386  f1m=0.6864  uplink_kB=172.5  t=2.14s
  round  35/50: acc=0.8377  f1m=0.6935  uplink_kB=172.5  t=2.13s
  round  36/50: acc=0.8284  f1m=0.6398  uplink_kB=172.5  t=2.13s
  round  37/50: acc=0.8299  f1m=0.6529  uplink_kB=172.5  t=2.13s
  round  38/50: acc=0.8335  f1m=0.6513  uplink_kB=172.5  t=2.13s
  round  39/50: acc=0.8241  f1m=0.6613  uplink_kB=172.5  t=2.18s
  round  40/50: acc=0.8297  f1m=0.6815  uplink_kB=172.5  t=2.10s
  round  41/50: acc=0.8395  f1m=0.6855  uplink_kB=172.5  t=2.07s
  round  42/50: acc=0.8100  f1m=0.6427  uplink_kB=172.5  t=2.10s
  round  43/50: acc=0.8214  f1m=0.6694  uplink_kB=172.5  t=2.09s
  round  44/50: acc=0.8286  f1m=0.6697  uplink_kB=172.5  t=2.20s
  round  45/50: acc=0.8320  f1m=0.6866  uplink_kB=172.5  t=2.10s
  round  46/50: acc=0.8250  f1m=0.6744  uplink_kB=172.5  t=2.08s
  round  47/50: acc=0.8207  f1m=0.6608  uplink_kB=172.5  t=2.16s
  round  48/50: acc=0.8274  f1m=0.6883  uplink_kB=172.5  t=2.17s
  round  49/50: acc=0.8309  f1m=0.6745  uplink_kB=172.5  t=2.19s
  round  50/50: acc=0.8245  f1m=0.6692  uplink_kB=172.5  t=2.24s
[run] DONE -> /Users/agentra/Documents/hao/working/paper-lab/hao-paper-2026/iotj-fedkan-ids/repo/results/lrsweep_cseciic_mc/lrsweep_mlp80_lr0p03__dir0.1__seed29/metrics.json  final_acc=0.8245
