[run] device=cpu  seed=23  out=/Users/agentra/Documents/hao/working/paper-lab/hao-paper-2026/iotj-fedkan-ids/repo/results/lrsweep_cseciic_mc/lrsweep_kan8_lr0p003__dir0.1__seed23
[run] model=kan  params=4,320
  round   1/50: acc=0.1716  f1m=0.0356  uplink_kB=190.8  t=6.52s
  round   2/50: acc=0.4617  f1m=0.1941  uplink_kB=190.8  t=6.50s
  round   3/50: acc=0.4992  f1m=0.2567  uplink_kB=190.8  t=5.64s
  round   4/50: acc=0.5039  f1m=0.2523  uplink_kB=190.8  t=5.49s
  round   5/50: acc=0.4868  f1m=0.2324  uplink_kB=190.8  t=5.56s
  round   6/50: acc=0.4853  f1m=0.2317  uplink_kB=190.8  t=5.44s
  round   7/50: acc=0.4922  f1m=0.2362  uplink_kB=190.8  t=5.68s
  round   8/50: acc=0.5028  f1m=0.2579  uplink_kB=190.8  t=5.54s
  round   9/50: acc=0.5152  f1m=0.2756  uplink_kB=190.8  t=5.52s
  round  10/50: acc=0.5999  f1m=0.3305  uplink_kB=190.8  t=5.52s
  round  11/50: acc=0.6346  f1m=0.3772  uplink_kB=190.8  t=5.43s
  round  12/50: acc=0.6755  f1m=0.4078  uplink_kB=190.8  t=5.52s
  round  13/50: acc=0.7190  f1m=0.4349  uplink_kB=190.8  t=5.47s
  round  14/50: acc=0.7630  f1m=0.4568  uplink_kB=190.8  t=5.45s
  round  15/50: acc=0.8055  f1m=0.4788  uplink_kB=190.8  t=5.48s
  round  16/50: acc=0.8110  f1m=0.4823  uplink_kB=190.8  t=6.04s
  round  17/50: acc=0.8149  f1m=0.4848  uplink_kB=190.8  t=5.38s
  round  18/50: acc=0.8173  f1m=0.5000  uplink_kB=190.8  t=5.44s
  round  19/50: acc=0.8222  f1m=0.5029  uplink_kB=190.8  t=5.56s
  round  20/50: acc=0.8237  f1m=0.5536  uplink_kB=190.8  t=5.50s
  round  21/50: acc=0.8379  f1m=0.6004  uplink_kB=190.8  t=5.38s
  round  22/50: acc=0.8474  f1m=0.6316  uplink_kB=190.8  t=5.33s
  round  23/50: acc=0.8559  f1m=0.6528  uplink_kB=190.8  t=5.42s
  round  24/50: acc=0.8552  f1m=0.6486  uplink_kB=190.8  t=5.67s
  round  25/50: acc=0.8522  f1m=0.6389  uplink_kB=190.8  t=5.48s
  round  26/50: acc=0.8557  f1m=0.6404  uplink_kB=190.8  t=5.40s
  round  27/50: acc=0.8585  f1m=0.6353  uplink_kB=190.8  t=5.42s
  round  28/50: acc=0.8541  f1m=0.6288  uplink_kB=190.8  t=5.56s
  round  29/50: acc=0.8606  f1m=0.6371  uplink_kB=190.8  t=5.51s
  round  30/50: acc=0.8602  f1m=0.6335  uplink_kB=190.8  t=5.44s
  round  31/50: acc=0.8671  f1m=0.6584  uplink_kB=190.8  t=5.51s
  round  32/50: acc=0.8613  f1m=0.6376  uplink_kB=190.8  t=5.49s
  round  33/50: acc=0.8615  f1m=0.6379  uplink_kB=190.8  t=5.35s
  round  34/50: acc=0.8566  f1m=0.6311  uplink_kB=190.8  t=5.46s
  round  35/50: acc=0.8637  f1m=0.6400  uplink_kB=190.8  t=5.44s
  round  36/50: acc=0.8709  f1m=0.6623  uplink_kB=190.8  t=5.45s
  round  37/50: acc=0.8624  f1m=0.6360  uplink_kB=190.8  t=5.37s
  round  38/50: acc=0.8659  f1m=0.6505  uplink_kB=190.8  t=5.55s
  round  39/50: acc=0.8622  f1m=0.6363  uplink_kB=190.8  t=5.49s
  round  40/50: acc=0.8664  f1m=0.6508  uplink_kB=190.8  t=5.44s
  round  41/50: acc=0.8639  f1m=0.6424  uplink_kB=190.8  t=5.43s
  round  42/50: acc=0.8621  f1m=0.6378  uplink_kB=190.8  t=5.44s
  round  43/50: acc=0.8666  f1m=0.6463  uplink_kB=190.8  t=5.34s
  round  44/50: acc=0.8640  f1m=0.6585  uplink_kB=190.8  t=5.37s
  round  45/50: acc=0.8580  f1m=0.6430  uplink_kB=190.8  t=5.29s
  round  46/50: acc=0.8661  f1m=0.6615  uplink_kB=190.8  t=5.36s
  round  47/50: acc=0.8619  f1m=0.6469  uplink_kB=190.8  t=5.42s
  round  48/50: acc=0.8631  f1m=0.6523  uplink_kB=190.8  t=5.47s
  round  49/50: acc=0.8659  f1m=0.6613  uplink_kB=190.8  t=5.31s
  round  50/50: acc=0.8684  f1m=0.6647  uplink_kB=190.8  t=5.38s
[run] DONE -> /Users/agentra/Documents/hao/working/paper-lab/hao-paper-2026/iotj-fedkan-ids/repo/results/lrsweep_cseciic_mc/lrsweep_kan8_lr0p003__dir0.1__seed23/metrics.json  final_acc=0.8684
