[run] device=cpu  seed=101  out=/Users/agentra/Documents/hao/working/paper-lab/hao-paper-2026/iotj-fedkan-ids/repo/results/lrsweep_cseciic/lrsweep_mlp80_lr0p01__dir0.1__seed101
[run] model=mlp  params=3,362
  round   1/50: acc=0.7488  f1m=0.7367  uplink_kB=131.3  t=1.49s
  round   2/50: acc=0.8989  f1m=0.8989  uplink_kB=131.3  t=0.88s
  round   3/50: acc=0.8843  f1m=0.8839  uplink_kB=131.3  t=0.85s
  round   4/50: acc=0.7983  f1m=0.7935  uplink_kB=131.3  t=0.84s
  round   5/50: acc=0.7596  f1m=0.7502  uplink_kB=131.3  t=0.82s
  round   6/50: acc=0.7620  f1m=0.7516  uplink_kB=131.3  t=0.76s
  round   7/50: acc=0.7390  f1m=0.7243  uplink_kB=131.3  t=0.84s
  round   8/50: acc=0.7384  f1m=0.7235  uplink_kB=131.3  t=0.85s
  round   9/50: acc=0.7721  f1m=0.7631  uplink_kB=131.3  t=0.86s
  round  10/50: acc=0.7414  f1m=0.7271  uplink_kB=131.3  t=0.90s
  round  11/50: acc=0.7992  f1m=0.7935  uplink_kB=131.3  t=0.87s
  round  12/50: acc=0.7351  f1m=0.7194  uplink_kB=131.3  t=0.81s
  round  13/50: acc=0.7623  f1m=0.7517  uplink_kB=131.3  t=0.75s
  round  14/50: acc=0.8002  f1m=0.7946  uplink_kB=131.3  t=0.83s
  round  15/50: acc=0.7373  f1m=0.7220  uplink_kB=131.3  t=0.86s
  round  16/50: acc=0.7602  f1m=0.7491  uplink_kB=131.3  t=0.84s
  round  17/50: acc=0.7861  f1m=0.7788  uplink_kB=131.3  t=0.86s
  round  18/50: acc=0.8017  f1m=0.7962  uplink_kB=131.3  t=0.85s
  round  19/50: acc=0.7714  f1m=0.7619  uplink_kB=131.3  t=0.84s
  round  20/50: acc=0.7382  f1m=0.7229  uplink_kB=131.3  t=0.80s
  round  21/50: acc=0.7704  f1m=0.7609  uplink_kB=131.3  t=0.83s
  round  22/50: acc=0.7758  f1m=0.7670  uplink_kB=131.3  t=0.83s
  round  23/50: acc=0.8111  f1m=0.8064  uplink_kB=131.3  t=0.88s
  round  24/50: acc=0.7804  f1m=0.7722  uplink_kB=131.3  t=0.85s
  round  25/50: acc=0.8178  f1m=0.8138  uplink_kB=131.3  t=0.83s
  round  26/50: acc=0.8173  f1m=0.8132  uplink_kB=131.3  t=0.87s
  round  27/50: acc=0.8234  f1m=0.8198  uplink_kB=131.3  t=0.79s
  round  28/50: acc=0.8576  f1m=0.8560  uplink_kB=131.3  t=0.85s
  round  29/50: acc=0.8171  f1m=0.8130  uplink_kB=131.3  t=0.83s
  round  30/50: acc=0.8096  f1m=0.8047  uplink_kB=131.3  t=0.85s
  round  31/50: acc=0.8240  f1m=0.8204  uplink_kB=131.3  t=0.87s
  round  32/50: acc=0.8159  f1m=0.8117  uplink_kB=131.3  t=0.83s
  round  33/50: acc=0.8031  f1m=0.7976  uplink_kB=131.3  t=0.84s
  round  34/50: acc=0.8177  f1m=0.8136  uplink_kB=131.3  t=0.78s
  round  35/50: acc=0.8125  f1m=0.8079  uplink_kB=131.3  t=0.78s
  round  36/50: acc=0.8213  f1m=0.8176  uplink_kB=131.3  t=0.81s
  round  37/50: acc=0.8201  f1m=0.8162  uplink_kB=131.3  t=0.83s
  round  38/50: acc=0.8195  f1m=0.8155  uplink_kB=131.3  t=0.83s
  round  39/50: acc=0.8091  f1m=0.8041  uplink_kB=131.3  t=0.83s
  round  40/50: acc=0.8250  f1m=0.8215  uplink_kB=131.3  t=0.84s
  round  41/50: acc=0.8178  f1m=0.8137  uplink_kB=131.3  t=0.77s
  round  42/50: acc=0.8303  f1m=0.8272  uplink_kB=131.3  t=0.88s
  round  43/50: acc=0.8175  f1m=0.8133  uplink_kB=131.3  t=0.81s
  round  44/50: acc=0.8148  f1m=0.8104  uplink_kB=131.3  t=0.82s
  round  45/50: acc=0.8349  f1m=0.8321  uplink_kB=131.3  t=0.84s
  round  46/50: acc=0.8166  f1m=0.8124  uplink_kB=131.3  t=0.84s
  round  47/50: acc=0.8070  f1m=0.8019  uplink_kB=131.3  t=0.82s
  round  48/50: acc=0.8320  f1m=0.8290  uplink_kB=131.3  t=0.78s
  round  49/50: acc=0.7954  f1m=0.7890  uplink_kB=131.3  t=0.85s
  round  50/50: acc=0.8070  f1m=0.8018  uplink_kB=131.3  t=0.87s
[run] DONE -> /Users/agentra/Documents/hao/working/paper-lab/hao-paper-2026/iotj-fedkan-ids/repo/results/lrsweep_cseciic/lrsweep_mlp80_lr0p01__dir0.1__seed101/metrics.json  final_acc=0.8070
