[run] device=cpu  seed=11  out=/Users/agentra/Documents/hao/working/paper-lab/hao-paper-2026/iotj-fedkan-ids/repo/results/lrsweep_botiot/lrsweep_mlp80_lr0p01__dir0.1__seed11
[run] model=mlp  params=3,362
  round   1/50: acc=0.9122  f1m=0.9120  uplink_kB=131.3  t=1.43s
  round   2/50: acc=0.9064  f1m=0.9062  uplink_kB=131.3  t=0.71s
  round   3/50: acc=0.8553  f1m=0.8523  uplink_kB=131.3  t=0.71s
  round   4/50: acc=0.8577  f1m=0.8548  uplink_kB=131.3  t=0.71s
  round   5/50: acc=0.8612  f1m=0.8586  uplink_kB=131.3  t=0.65s
  round   6/50: acc=0.8614  f1m=0.8587  uplink_kB=131.3  t=0.69s
  round   7/50: acc=0.8597  f1m=0.8569  uplink_kB=131.3  t=0.65s
  round   8/50: acc=0.8439  f1m=0.8400  uplink_kB=131.3  t=0.70s
  round   9/50: acc=0.8450  f1m=0.8412  uplink_kB=131.3  t=0.73s
  round  10/50: acc=0.8601  f1m=0.8573  uplink_kB=131.3  t=0.71s
  round  11/50: acc=0.8542  f1m=0.8510  uplink_kB=131.3  t=0.65s
  round  12/50: acc=0.8584  f1m=0.8555  uplink_kB=131.3  t=0.64s
  round  13/50: acc=0.8728  f1m=0.8708  uplink_kB=131.3  t=0.71s
  round  14/50: acc=0.8746  f1m=0.8726  uplink_kB=131.3  t=0.70s
  round  15/50: acc=0.8752  f1m=0.8732  uplink_kB=131.3  t=0.67s
  round  16/50: acc=0.8815  f1m=0.8798  uplink_kB=131.3  t=0.65s
  round  17/50: acc=0.8930  f1m=0.8918  uplink_kB=131.3  t=0.62s
  round  18/50: acc=0.8782  f1m=0.8763  uplink_kB=131.3  t=0.68s
  round  19/50: acc=0.8844  f1m=0.8828  uplink_kB=131.3  t=0.73s
  round  20/50: acc=0.9163  f1m=0.9157  uplink_kB=131.3  t=0.69s
  round  21/50: acc=0.9183  f1m=0.9177  uplink_kB=131.3  t=0.77s
  round  22/50: acc=0.9196  f1m=0.9191  uplink_kB=131.3  t=0.82s
  round  23/50: acc=0.9206  f1m=0.9201  uplink_kB=131.3  t=0.74s
  round  24/50: acc=0.9195  f1m=0.9190  uplink_kB=131.3  t=0.74s
  round  25/50: acc=0.9179  f1m=0.9173  uplink_kB=131.3  t=0.71s
  round  26/50: acc=0.9796  f1m=0.9795  uplink_kB=131.3  t=0.76s
  round  27/50: acc=0.9797  f1m=0.9797  uplink_kB=131.3  t=0.89s
  round  28/50: acc=0.9803  f1m=0.9803  uplink_kB=131.3  t=0.79s
  round  29/50: acc=0.9804  f1m=0.9804  uplink_kB=131.3  t=0.77s
  round  30/50: acc=0.9798  f1m=0.9798  uplink_kB=131.3  t=0.69s
  round  31/50: acc=0.9206  f1m=0.9201  uplink_kB=131.3  t=0.67s
  round  32/50: acc=0.9801  f1m=0.9801  uplink_kB=131.3  t=0.69s
  round  33/50: acc=0.9906  f1m=0.9906  uplink_kB=131.3  t=0.72s
  round  34/50: acc=0.9913  f1m=0.9913  uplink_kB=131.3  t=0.71s
  round  35/50: acc=0.9912  f1m=0.9912  uplink_kB=131.3  t=0.70s
  round  36/50: acc=0.9914  f1m=0.9914  uplink_kB=131.3  t=0.69s
  round  37/50: acc=0.9913  f1m=0.9913  uplink_kB=131.3  t=0.74s
  round  38/50: acc=0.9913  f1m=0.9913  uplink_kB=131.3  t=0.73s
  round  39/50: acc=0.9926  f1m=0.9926  uplink_kB=131.3  t=0.78s
  round  40/50: acc=0.9911  f1m=0.9911  uplink_kB=131.3  t=0.79s
  round  41/50: acc=0.9924  f1m=0.9924  uplink_kB=131.3  t=0.82s
  round  42/50: acc=0.9922  f1m=0.9922  uplink_kB=131.3  t=0.75s
  round  43/50: acc=0.9221  f1m=0.9216  uplink_kB=131.3  t=0.70s
  round  44/50: acc=0.9208  f1m=0.9203  uplink_kB=131.3  t=0.78s
  round  45/50: acc=0.9210  f1m=0.9205  uplink_kB=131.3  t=0.71s
  round  46/50: acc=0.9224  f1m=0.9219  uplink_kB=131.3  t=0.69s
  round  47/50: acc=0.9211  f1m=0.9206  uplink_kB=131.3  t=0.84s
  round  48/50: acc=0.9212  f1m=0.9208  uplink_kB=131.3  t=0.76s
  round  49/50: acc=0.9213  f1m=0.9208  uplink_kB=131.3  t=0.68s
  round  50/50: acc=0.9224  f1m=0.9219  uplink_kB=131.3  t=0.70s
[run] DONE -> /Users/agentra/Documents/hao/working/paper-lab/hao-paper-2026/iotj-fedkan-ids/repo/results/lrsweep_botiot/lrsweep_mlp80_lr0p01__dir0.1__seed11/metrics.json  final_acc=0.9224
