[run] device=cpu  seed=42  out=/Users/agentra/Documents/hao/working/paper-lab/hao-paper-2026/iotj-fedkan-ids/repo/results/lrsweep_botiot/lrsweep_mlp80_lr0p0003__dir0.1__seed42
[run] model=mlp  params=3,362
  round   1/50: acc=0.8370  f1m=0.8347  uplink_kB=131.3  t=1.32s
  round   2/50: acc=0.8429  f1m=0.8409  uplink_kB=131.3  t=0.67s
  round   3/50: acc=0.8956  f1m=0.8953  uplink_kB=131.3  t=0.66s
  round   4/50: acc=0.9173  f1m=0.9173  uplink_kB=131.3  t=0.61s
  round   5/50: acc=0.9231  f1m=0.9231  uplink_kB=131.3  t=0.67s
  round   6/50: acc=0.9295  f1m=0.9295  uplink_kB=131.3  t=0.65s
  round   7/50: acc=0.9298  f1m=0.9298  uplink_kB=131.3  t=0.64s
  round   8/50: acc=0.9300  f1m=0.9300  uplink_kB=131.3  t=0.62s
  round   9/50: acc=0.9312  f1m=0.9312  uplink_kB=131.3  t=0.64s
  round  10/50: acc=0.9327  f1m=0.9327  uplink_kB=131.3  t=0.67s
  round  11/50: acc=0.9375  f1m=0.9375  uplink_kB=131.3  t=0.66s
  round  12/50: acc=0.9412  f1m=0.9412  uplink_kB=131.3  t=0.68s
  round  13/50: acc=0.9469  f1m=0.9469  uplink_kB=131.3  t=0.60s
  round  14/50: acc=0.9551  f1m=0.9551  uplink_kB=131.3  t=0.66s
  round  15/50: acc=0.9563  f1m=0.9563  uplink_kB=131.3  t=0.67s
  round  16/50: acc=0.9572  f1m=0.9572  uplink_kB=131.3  t=0.67s
  round  17/50: acc=0.9588  f1m=0.9588  uplink_kB=131.3  t=0.65s
  round  18/50: acc=0.9616  f1m=0.9616  uplink_kB=131.3  t=0.65s
  round  19/50: acc=0.9647  f1m=0.9647  uplink_kB=131.3  t=0.68s
  round  20/50: acc=0.9674  f1m=0.9674  uplink_kB=131.3  t=0.61s
  round  21/50: acc=0.9688  f1m=0.9688  uplink_kB=131.3  t=0.64s
  round  22/50: acc=0.9691  f1m=0.9691  uplink_kB=131.3  t=0.65s
  round  23/50: acc=0.9694  f1m=0.9694  uplink_kB=131.3  t=0.65s
  round  24/50: acc=0.9696  f1m=0.9696  uplink_kB=131.3  t=0.63s
  round  25/50: acc=0.9700  f1m=0.9700  uplink_kB=131.3  t=0.67s
  round  26/50: acc=0.9701  f1m=0.9701  uplink_kB=131.3  t=0.62s
  round  27/50: acc=0.9702  f1m=0.9702  uplink_kB=131.3  t=0.66s
  round  28/50: acc=0.9702  f1m=0.9702  uplink_kB=131.3  t=0.68s
  round  29/50: acc=0.9703  f1m=0.9702  uplink_kB=131.3  t=0.67s
  round  30/50: acc=0.9703  f1m=0.9702  uplink_kB=131.3  t=0.64s
  round  31/50: acc=0.9702  f1m=0.9702  uplink_kB=131.3  t=0.67s
  round  32/50: acc=0.9702  f1m=0.9702  uplink_kB=131.3  t=0.66s
  round  33/50: acc=0.9702  f1m=0.9702  uplink_kB=131.3  t=0.62s
  round  34/50: acc=0.9702  f1m=0.9702  uplink_kB=131.3  t=0.64s
  round  35/50: acc=0.9702  f1m=0.9702  uplink_kB=131.3  t=0.68s
  round  36/50: acc=0.9702  f1m=0.9702  uplink_kB=131.3  t=0.69s
  round  37/50: acc=0.9702  f1m=0.9702  uplink_kB=131.3  t=0.65s
  round  38/50: acc=0.9702  f1m=0.9702  uplink_kB=131.3  t=0.68s
  round  39/50: acc=0.9702  f1m=0.9702  uplink_kB=131.3  t=0.61s
  round  40/50: acc=0.9711  f1m=0.9711  uplink_kB=131.3  t=0.64s
  round  41/50: acc=0.9711  f1m=0.9710  uplink_kB=131.3  t=0.65s
  round  42/50: acc=0.9723  f1m=0.9723  uplink_kB=131.3  t=0.66s
  round  43/50: acc=0.9733  f1m=0.9733  uplink_kB=131.3  t=0.68s
  round  44/50: acc=0.9733  f1m=0.9733  uplink_kB=131.3  t=0.66s
  round  45/50: acc=0.9733  f1m=0.9733  uplink_kB=131.3  t=0.60s
  round  46/50: acc=0.9732  f1m=0.9732  uplink_kB=131.3  t=0.67s
  round  47/50: acc=0.9733  f1m=0.9733  uplink_kB=131.3  t=0.68s
  round  48/50: acc=0.9732  f1m=0.9732  uplink_kB=131.3  t=0.65s
  round  49/50: acc=0.9733  f1m=0.9733  uplink_kB=131.3  t=0.66s
  round  50/50: acc=0.9733  f1m=0.9733  uplink_kB=131.3  t=0.58s
[run] DONE -> /Users/agentra/Documents/hao/working/paper-lab/hao-paper-2026/iotj-fedkan-ids/repo/results/lrsweep_botiot/lrsweep_mlp80_lr0p0003__dir0.1__seed42/metrics.json  final_acc=0.9733
