[run] device=cpu  seed=2026  out=/Users/agentra/Documents/hao/working/paper-lab/hao-paper-2026/iotj-fedkan-ids/repo/results/lrsweep_cseciic_mc/lrsweep_mlp32_lr0p0003__dir0.1__seed2026
[run] model=mlp  params=1,775
  round   1/50: acc=0.2667  f1m=0.0880  uplink_kB=69.3  t=2.81s
  round   2/50: acc=0.2336  f1m=0.0593  uplink_kB=69.3  t=2.12s
  round   3/50: acc=0.1657  f1m=0.0278  uplink_kB=69.3  t=2.09s
  round   4/50: acc=0.1589  f1m=0.0215  uplink_kB=69.3  t=2.04s
  round   5/50: acc=0.1589  f1m=0.0218  uplink_kB=69.3  t=2.07s
  round   6/50: acc=0.2300  f1m=0.0650  uplink_kB=69.3  t=2.15s
  round   7/50: acc=0.2721  f1m=0.0842  uplink_kB=69.3  t=2.07s
  round   8/50: acc=0.3010  f1m=0.0941  uplink_kB=69.3  t=2.11s
  round   9/50: acc=0.3157  f1m=0.0983  uplink_kB=69.3  t=2.15s
  round  10/50: acc=0.3174  f1m=0.0962  uplink_kB=69.3  t=2.07s
  round  11/50: acc=0.3183  f1m=0.0965  uplink_kB=69.3  t=2.07s
  round  12/50: acc=0.3194  f1m=0.0973  uplink_kB=69.3  t=2.03s
  round  13/50: acc=0.3195  f1m=0.0975  uplink_kB=69.3  t=2.05s
  round  14/50: acc=0.3197  f1m=0.0983  uplink_kB=69.3  t=2.12s
  round  15/50: acc=0.4293  f1m=0.1635  uplink_kB=69.3  t=2.07s
  round  16/50: acc=0.4483  f1m=0.1700  uplink_kB=69.3  t=2.04s
  round  17/50: acc=0.4573  f1m=0.1756  uplink_kB=69.3  t=2.04s
  round  18/50: acc=0.4717  f1m=0.1798  uplink_kB=69.3  t=2.12s
  round  19/50: acc=0.4771  f1m=0.1811  uplink_kB=69.3  t=2.09s
  round  20/50: acc=0.4787  f1m=0.1810  uplink_kB=69.3  t=2.08s
  round  21/50: acc=0.4802  f1m=0.1817  uplink_kB=69.3  t=2.08s
  round  22/50: acc=0.4827  f1m=0.1819  uplink_kB=69.3  t=2.06s
  round  23/50: acc=0.4843  f1m=0.1810  uplink_kB=69.3  t=2.07s
  round  24/50: acc=0.4925  f1m=0.1834  uplink_kB=69.3  t=2.11s
  round  25/50: acc=0.5105  f1m=0.1925  uplink_kB=69.3  t=2.18s
  round  26/50: acc=0.5181  f1m=0.1965  uplink_kB=69.3  t=2.10s
  round  27/50: acc=0.5210  f1m=0.1980  uplink_kB=69.3  t=2.08s
  round  28/50: acc=0.5223  f1m=0.1984  uplink_kB=69.3  t=2.09s
  round  29/50: acc=0.5237  f1m=0.1988  uplink_kB=69.3  t=2.11s
  round  30/50: acc=0.5249  f1m=0.1993  uplink_kB=69.3  t=2.15s
  round  31/50: acc=0.5283  f1m=0.2008  uplink_kB=69.3  t=2.11s
  round  32/50: acc=0.5294  f1m=0.2013  uplink_kB=69.3  t=2.06s
  round  33/50: acc=0.5321  f1m=0.2025  uplink_kB=69.3  t=2.05s
  round  34/50: acc=0.5527  f1m=0.2122  uplink_kB=69.3  t=2.05s
  round  35/50: acc=0.5928  f1m=0.2291  uplink_kB=69.3  t=2.17s
  round  36/50: acc=0.6243  f1m=0.2599  uplink_kB=69.3  t=2.08s
  round  37/50: acc=0.6505  f1m=0.3031  uplink_kB=69.3  t=2.09s
  round  38/50: acc=0.6727  f1m=0.3551  uplink_kB=69.3  t=2.09s
  round  39/50: acc=0.6730  f1m=0.3548  uplink_kB=69.3  t=2.04s
  round  40/50: acc=0.6736  f1m=0.3547  uplink_kB=69.3  t=2.15s
  round  41/50: acc=0.6740  f1m=0.3550  uplink_kB=69.3  t=2.10s
  round  42/50: acc=0.6803  f1m=0.3614  uplink_kB=69.3  t=2.16s
  round  43/50: acc=0.6854  f1m=0.4238  uplink_kB=69.3  t=2.13s
  round  44/50: acc=0.7097  f1m=0.4339  uplink_kB=69.3  t=2.15s
  round  45/50: acc=0.7128  f1m=0.4365  uplink_kB=69.3  t=2.11s
  round  46/50: acc=0.7217  f1m=0.4869  uplink_kB=69.3  t=2.06s
  round  47/50: acc=0.7315  f1m=0.5184  uplink_kB=69.3  t=2.12s
  round  48/50: acc=0.7356  f1m=0.5222  uplink_kB=69.3  t=2.11s
  round  49/50: acc=0.7307  f1m=0.4948  uplink_kB=69.3  t=2.06s
  round  50/50: acc=0.7354  f1m=0.5080  uplink_kB=69.3  t=2.16s
[run] DONE -> /Users/agentra/Documents/hao/working/paper-lab/hao-paper-2026/iotj-fedkan-ids/repo/results/lrsweep_cseciic_mc/lrsweep_mlp32_lr0p0003__dir0.1__seed2026/metrics.json  final_acc=0.7354
