[run] device=cpu  seed=2024  out=/Users/agentra/Documents/hao/working/paper-lab/hao-paper-2026/iotj-fedkan-ids/repo/results/lrsweep_cseciic/lrsweep_mlp32_lr0p1__dir0.1__seed2024
[run] model=mlp  params=1,346
  round   1/50: acc=0.5775  f1m=0.4907  uplink_kB=52.6  t=1.29s
  round   2/50: acc=0.5206  f1m=0.3780  uplink_kB=52.6  t=0.72s
  round   3/50: acc=0.6754  f1m=0.6421  uplink_kB=52.6  t=0.67s
  round   4/50: acc=0.7286  f1m=0.7107  uplink_kB=52.6  t=0.70s
  round   5/50: acc=0.7150  f1m=0.6937  uplink_kB=52.6  t=0.70s
  round   6/50: acc=0.7220  f1m=0.7026  uplink_kB=52.6  t=0.61s
  round   7/50: acc=0.7387  f1m=0.7231  uplink_kB=52.6  t=0.68s
  round   8/50: acc=0.7764  f1m=0.7674  uplink_kB=52.6  t=0.84s
  round   9/50: acc=0.7305  f1m=0.7130  uplink_kB=52.6  t=0.66s
  round  10/50: acc=0.7953  f1m=0.7886  uplink_kB=52.6  t=0.65s
  round  11/50: acc=0.7918  f1m=0.7847  uplink_kB=52.6  t=0.70s
  round  12/50: acc=0.7861  f1m=0.7782  uplink_kB=52.6  t=0.61s
  round  13/50: acc=0.7831  f1m=0.7749  uplink_kB=52.6  t=0.66s
  round  14/50: acc=0.7498  f1m=0.7362  uplink_kB=52.6  t=0.66s
  round  15/50: acc=0.7645  f1m=0.7536  uplink_kB=52.6  t=0.63s
  round  16/50: acc=0.7550  f1m=0.7426  uplink_kB=52.6  t=0.64s
  round  17/50: acc=0.8286  f1m=0.8250  uplink_kB=52.6  t=0.66s
  round  18/50: acc=0.7815  f1m=0.7731  uplink_kB=52.6  t=0.65s
  round  19/50: acc=0.7649  f1m=0.7540  uplink_kB=52.6  t=0.64s
  round  20/50: acc=0.7677  f1m=0.7572  uplink_kB=52.6  t=0.60s
  round  21/50: acc=0.7291  f1m=0.7113  uplink_kB=52.6  t=0.66s
  round  22/50: acc=0.7796  f1m=0.7709  uplink_kB=52.6  t=0.69s
  round  23/50: acc=0.7399  f1m=0.7244  uplink_kB=52.6  t=0.68s
  round  24/50: acc=0.7648  f1m=0.7540  uplink_kB=52.6  t=0.63s
  round  25/50: acc=0.7462  f1m=0.7321  uplink_kB=52.6  t=0.62s
  round  26/50: acc=0.6885  f1m=0.6592  uplink_kB=52.6  t=0.65s
  round  27/50: acc=0.6755  f1m=0.6416  uplink_kB=52.6  t=0.65s
  round  28/50: acc=0.7125  f1m=0.6902  uplink_kB=52.6  t=0.64s
  round  29/50: acc=0.6758  f1m=0.6421  uplink_kB=52.6  t=0.65s
  round  30/50: acc=0.6541  f1m=0.6113  uplink_kB=52.6  t=0.71s
  round  31/50: acc=0.6901  f1m=0.6612  uplink_kB=52.6  t=0.66s
  round  32/50: acc=0.6405  f1m=0.5912  uplink_kB=52.6  t=0.64s
  round  33/50: acc=0.6851  f1m=0.6547  uplink_kB=52.6  t=0.66s
  round  34/50: acc=0.6976  f1m=0.6710  uplink_kB=52.6  t=0.67s
  round  35/50: acc=0.6938  f1m=0.6663  uplink_kB=52.6  t=0.65s
  round  36/50: acc=0.6803  f1m=0.6483  uplink_kB=52.6  t=0.65s
  round  37/50: acc=0.7098  f1m=0.6872  uplink_kB=52.6  t=0.68s
  round  38/50: acc=0.7460  f1m=0.7317  uplink_kB=52.6  t=0.68s
  round  39/50: acc=0.6687  f1m=0.6322  uplink_kB=52.6  t=0.65s
  round  40/50: acc=0.7299  f1m=0.7122  uplink_kB=52.6  t=0.68s
  round  41/50: acc=0.7113  f1m=0.6887  uplink_kB=52.6  t=0.70s
  round  42/50: acc=0.7095  f1m=0.6865  uplink_kB=52.6  t=0.65s
  round  43/50: acc=0.7619  f1m=0.7504  uplink_kB=52.6  t=0.67s
  round  44/50: acc=0.6614  f1m=0.6220  uplink_kB=52.6  t=0.67s
  round  45/50: acc=0.6385  f1m=0.5884  uplink_kB=52.6  t=0.68s
  round  46/50: acc=0.6941  f1m=0.6664  uplink_kB=52.6  t=0.63s
  round  47/50: acc=0.7186  f1m=0.6982  uplink_kB=52.6  t=0.67s
  round  48/50: acc=0.6103  f1m=0.5441  uplink_kB=52.6  t=0.68s
  round  49/50: acc=0.6118  f1m=0.5466  uplink_kB=52.6  t=0.64s
  round  50/50: acc=0.6206  f1m=0.5605  uplink_kB=52.6  t=0.67s
[run] DONE -> /Users/agentra/Documents/hao/working/paper-lab/hao-paper-2026/iotj-fedkan-ids/repo/results/lrsweep_cseciic/lrsweep_mlp32_lr0p1__dir0.1__seed2024/metrics.json  final_acc=0.6206
