[run] device=cpu  seed=23  out=/Users/agentra/Documents/hao/working/paper-lab/hao-paper-2026/iotj-fedkan-ids/repo/results/lrsweep_cseciic_mc50k/lrsweep_mlp80_lr0p03__dir0.1__seed23
[run] model=mlp  params=4,415
  round   1/50: acc=0.4553  f1m=0.2493  uplink_kB=172.5  t=1.72s
  round   2/50: acc=0.5708  f1m=0.3883  uplink_kB=172.5  t=1.06s
  round   3/50: acc=0.5978  f1m=0.3999  uplink_kB=172.5  t=1.12s
  round   4/50: acc=0.5943  f1m=0.3977  uplink_kB=172.5  t=1.01s
  round   5/50: acc=0.6026  f1m=0.4298  uplink_kB=172.5  t=1.14s
  round   6/50: acc=0.5898  f1m=0.4007  uplink_kB=172.5  t=1.07s
  round   7/50: acc=0.6244  f1m=0.4456  uplink_kB=172.5  t=1.20s
  round   8/50: acc=0.6219  f1m=0.4562  uplink_kB=172.5  t=1.05s
  round   9/50: acc=0.6324  f1m=0.4625  uplink_kB=172.5  t=1.11s
  round  10/50: acc=0.4544  f1m=0.3198  uplink_kB=172.5  t=1.05s
  round  11/50: acc=0.6052  f1m=0.4351  uplink_kB=172.5  t=1.14s
  round  12/50: acc=0.5705  f1m=0.4290  uplink_kB=172.5  t=1.06s
  round  13/50: acc=0.6297  f1m=0.4562  uplink_kB=172.5  t=1.12s
  round  14/50: acc=0.5307  f1m=0.3753  uplink_kB=172.5  t=1.14s
  round  15/50: acc=0.6312  f1m=0.4773  uplink_kB=172.5  t=1.11s
  round  16/50: acc=0.5640  f1m=0.4246  uplink_kB=172.5  t=1.10s
  round  17/50: acc=0.6326  f1m=0.4584  uplink_kB=172.5  t=1.14s
  round  18/50: acc=0.5165  f1m=0.3930  uplink_kB=172.5  t=1.03s
  round  19/50: acc=0.6564  f1m=0.4976  uplink_kB=172.5  t=1.17s
  round  20/50: acc=0.7158  f1m=0.5186  uplink_kB=172.5  t=1.08s
  round  21/50: acc=0.6381  f1m=0.4712  uplink_kB=172.5  t=1.14s
  round  22/50: acc=0.6930  f1m=0.4946  uplink_kB=172.5  t=1.08s
  round  23/50: acc=0.6378  f1m=0.4577  uplink_kB=172.5  t=1.16s
  round  24/50: acc=0.7265  f1m=0.5186  uplink_kB=172.5  t=1.06s
  round  25/50: acc=0.7526  f1m=0.5439  uplink_kB=172.5  t=1.12s
  round  26/50: acc=0.7278  f1m=0.5195  uplink_kB=172.5  t=1.08s
  round  27/50: acc=0.7557  f1m=0.5486  uplink_kB=172.5  t=1.14s
  round  28/50: acc=0.7471  f1m=0.5419  uplink_kB=172.5  t=1.10s
  round  29/50: acc=0.7551  f1m=0.5459  uplink_kB=172.5  t=1.41s
  round  30/50: acc=0.6440  f1m=0.4714  uplink_kB=172.5  t=1.39s
  round  31/50: acc=0.6764  f1m=0.4964  uplink_kB=172.5  t=1.32s
  round  32/50: acc=0.7190  f1m=0.5340  uplink_kB=172.5  t=1.42s
  round  33/50: acc=0.7248  f1m=0.5399  uplink_kB=172.5  t=1.16s
  round  34/50: acc=0.7487  f1m=0.5448  uplink_kB=172.5  t=1.25s
  round  35/50: acc=0.7534  f1m=0.5449  uplink_kB=172.5  t=1.33s
  round  36/50: acc=0.7566  f1m=0.5501  uplink_kB=172.5  t=0.96s
  round  37/50: acc=0.7577  f1m=0.5583  uplink_kB=172.5  t=1.02s
  round  38/50: acc=0.6554  f1m=0.5044  uplink_kB=172.5  t=1.06s
  round  39/50: acc=0.7521  f1m=0.5423  uplink_kB=172.5  t=1.06s
  round  40/50: acc=0.7363  f1m=0.5338  uplink_kB=172.5  t=1.04s
  round  41/50: acc=0.7589  f1m=0.5497  uplink_kB=172.5  t=1.09s
  round  42/50: acc=0.7593  f1m=0.5412  uplink_kB=172.5  t=1.00s
  round  43/50: acc=0.7594  f1m=0.5501  uplink_kB=172.5  t=1.08s
  round  44/50: acc=0.7672  f1m=0.5685  uplink_kB=172.5  t=1.07s
  round  45/50: acc=0.8212  f1m=0.6552  uplink_kB=172.5  t=1.08s
  round  46/50: acc=0.7798  f1m=0.5859  uplink_kB=172.5  t=1.04s
  round  47/50: acc=0.7981  f1m=0.5911  uplink_kB=172.5  t=1.08s
  round  48/50: acc=0.7566  f1m=0.5511  uplink_kB=172.5  t=1.05s
  round  49/50: acc=0.8198  f1m=0.6500  uplink_kB=172.5  t=1.11s
  round  50/50: acc=0.7661  f1m=0.5741  uplink_kB=172.5  t=1.06s
[run] DONE -> /Users/agentra/Documents/hao/working/paper-lab/hao-paper-2026/iotj-fedkan-ids/repo/results/lrsweep_cseciic_mc50k/lrsweep_mlp80_lr0p03__dir0.1__seed23/metrics.json  final_acc=0.7661
