[run] device=cpu  seed=2026  out=/Users/agentra/Documents/hao/working/paper-lab/hao-paper-2026/iotj-fedkan-ids/repo/results/lrsweep_toniot/lrsweep_mlp80_lr0p003__dir0.1__seed2026
[run] model=mlp  params=3,362
  round   1/50: acc=0.6493  f1m=0.6085  uplink_kB=131.3  t=1.17s
  round   2/50: acc=0.6807  f1m=0.6553  uplink_kB=131.3  t=0.70s
  round   3/50: acc=0.7190  f1m=0.7059  uplink_kB=131.3  t=0.67s
  round   4/50: acc=0.7385  f1m=0.7303  uplink_kB=131.3  t=0.73s
  round   5/50: acc=0.7547  f1m=0.7497  uplink_kB=131.3  t=0.71s
  round   6/50: acc=0.7600  f1m=0.7559  uplink_kB=131.3  t=0.62s
  round   7/50: acc=0.7597  f1m=0.7550  uplink_kB=131.3  t=0.68s
  round   8/50: acc=0.7634  f1m=0.7586  uplink_kB=131.3  t=0.70s
  round   9/50: acc=0.7715  f1m=0.7678  uplink_kB=131.3  t=0.65s
  round  10/50: acc=0.7737  f1m=0.7697  uplink_kB=131.3  t=0.66s
  round  11/50: acc=0.7742  f1m=0.7693  uplink_kB=131.3  t=0.68s
  round  12/50: acc=0.7739  f1m=0.7684  uplink_kB=131.3  t=0.61s
  round  13/50: acc=0.7754  f1m=0.7700  uplink_kB=131.3  t=0.65s
  round  14/50: acc=0.7756  f1m=0.7701  uplink_kB=131.3  t=0.64s
  round  15/50: acc=0.7800  f1m=0.7749  uplink_kB=131.3  t=0.64s
  round  16/50: acc=0.7815  f1m=0.7769  uplink_kB=131.3  t=0.64s
  round  17/50: acc=0.7836  f1m=0.7788  uplink_kB=131.3  t=0.64s
  round  18/50: acc=0.7900  f1m=0.7858  uplink_kB=131.3  t=0.60s
  round  19/50: acc=0.8778  f1m=0.8773  uplink_kB=131.3  t=0.64s
  round  20/50: acc=0.8796  f1m=0.8792  uplink_kB=131.3  t=0.66s
  round  21/50: acc=0.8834  f1m=0.8831  uplink_kB=131.3  t=0.66s
  round  22/50: acc=0.8831  f1m=0.8826  uplink_kB=131.3  t=0.65s
  round  23/50: acc=0.8867  f1m=0.8862  uplink_kB=131.3  t=0.66s
  round  24/50: acc=0.8859  f1m=0.8854  uplink_kB=131.3  t=0.61s
  round  25/50: acc=0.8853  f1m=0.8847  uplink_kB=131.3  t=0.68s
  round  26/50: acc=0.8831  f1m=0.8825  uplink_kB=131.3  t=0.66s
  round  27/50: acc=0.8816  f1m=0.8809  uplink_kB=131.3  t=0.67s
  round  28/50: acc=0.8936  f1m=0.8931  uplink_kB=131.3  t=0.67s
  round  29/50: acc=0.8970  f1m=0.8966  uplink_kB=131.3  t=0.67s
  round  30/50: acc=0.8907  f1m=0.8901  uplink_kB=131.3  t=0.60s
  round  31/50: acc=0.9007  f1m=0.9003  uplink_kB=131.3  t=0.67s
  round  32/50: acc=0.8918  f1m=0.8912  uplink_kB=131.3  t=0.63s
  round  33/50: acc=0.8905  f1m=0.8898  uplink_kB=131.3  t=0.64s
  round  34/50: acc=0.8922  f1m=0.8916  uplink_kB=131.3  t=0.65s
  round  35/50: acc=0.8906  f1m=0.8899  uplink_kB=131.3  t=0.68s
  round  36/50: acc=0.8942  f1m=0.8937  uplink_kB=131.3  t=0.59s
  round  37/50: acc=0.8993  f1m=0.8988  uplink_kB=131.3  t=0.67s
  round  38/50: acc=0.8949  f1m=0.8944  uplink_kB=131.3  t=0.66s
  round  39/50: acc=0.8863  f1m=0.8854  uplink_kB=131.3  t=0.71s
  round  40/50: acc=0.8906  f1m=0.8899  uplink_kB=131.3  t=0.67s
  round  41/50: acc=0.8921  f1m=0.8914  uplink_kB=131.3  t=0.66s
  round  42/50: acc=0.8858  f1m=0.8850  uplink_kB=131.3  t=0.62s
  round  43/50: acc=0.8902  f1m=0.8894  uplink_kB=131.3  t=0.67s
  round  44/50: acc=0.8911  f1m=0.8903  uplink_kB=131.3  t=0.65s
  round  45/50: acc=0.8892  f1m=0.8884  uplink_kB=131.3  t=0.66s
  round  46/50: acc=0.8868  f1m=0.8859  uplink_kB=131.3  t=0.67s
  round  47/50: acc=0.8948  f1m=0.8942  uplink_kB=131.3  t=0.66s
  round  48/50: acc=0.8920  f1m=0.8913  uplink_kB=131.3  t=0.65s
  round  49/50: acc=0.8860  f1m=0.8851  uplink_kB=131.3  t=0.61s
  round  50/50: acc=0.8915  f1m=0.8907  uplink_kB=131.3  t=0.67s
[run] DONE -> /Users/agentra/Documents/hao/working/paper-lab/hao-paper-2026/iotj-fedkan-ids/repo/results/lrsweep_toniot/lrsweep_mlp80_lr0p003__dir0.1__seed2026/metrics.json  final_acc=0.8915
