[run] device=cpu  seed=43  out=/Users/agentra/Documents/hao/working/paper-lab/hao-paper-2026/iotj-fedkan-ids/repo/results/lrsweep_cseciic_mc/lrsweep_kan8_lr0p0003__dir0.1__seed43
[run] model=kan  params=4,320
  round   1/50: acc=0.1191  f1m=0.0265  uplink_kB=190.8  t=6.10s
  round   2/50: acc=0.2773  f1m=0.0880  uplink_kB=190.8  t=5.49s
  round   3/50: acc=0.3090  f1m=0.0953  uplink_kB=190.8  t=5.52s
  round   4/50: acc=0.3395  f1m=0.1042  uplink_kB=190.8  t=5.47s
  round   5/50: acc=0.3541  f1m=0.1115  uplink_kB=190.8  t=5.41s
  round   6/50: acc=0.3618  f1m=0.1144  uplink_kB=190.8  t=5.52s
  round   7/50: acc=0.3669  f1m=0.1155  uplink_kB=190.8  t=5.44s
  round   8/50: acc=0.3707  f1m=0.1171  uplink_kB=190.8  t=5.46s
  round   9/50: acc=0.5032  f1m=0.1759  uplink_kB=190.8  t=5.58s
  round  10/50: acc=0.5204  f1m=0.1914  uplink_kB=190.8  t=5.64s
  round  11/50: acc=0.5192  f1m=0.1954  uplink_kB=190.8  t=5.98s
  round  12/50: acc=0.5205  f1m=0.1947  uplink_kB=190.8  t=5.21s
  round  13/50: acc=0.5267  f1m=0.1981  uplink_kB=190.8  t=5.35s
  round  14/50: acc=0.5442  f1m=0.2061  uplink_kB=190.8  t=5.41s
  round  15/50: acc=0.5707  f1m=0.2182  uplink_kB=190.8  t=5.77s
  round  16/50: acc=0.5784  f1m=0.2219  uplink_kB=190.8  t=5.52s
  round  17/50: acc=0.5808  f1m=0.2230  uplink_kB=190.8  t=5.62s
  round  18/50: acc=0.5760  f1m=0.2215  uplink_kB=190.8  t=5.62s
  round  19/50: acc=0.5609  f1m=0.2164  uplink_kB=190.8  t=5.71s
  round  20/50: acc=0.5616  f1m=0.2169  uplink_kB=190.8  t=5.55s
  round  21/50: acc=0.5633  f1m=0.2183  uplink_kB=190.8  t=5.72s
  round  22/50: acc=0.5692  f1m=0.2203  uplink_kB=190.8  t=5.80s
  round  23/50: acc=0.5866  f1m=0.2253  uplink_kB=190.8  t=5.54s
  round  24/50: acc=0.5884  f1m=0.2262  uplink_kB=190.8  t=5.58s
  round  25/50: acc=0.5884  f1m=0.2263  uplink_kB=190.8  t=5.80s
  round  26/50: acc=0.5883  f1m=0.2265  uplink_kB=190.8  t=5.64s
  round  27/50: acc=0.5885  f1m=0.2269  uplink_kB=190.8  t=5.60s
  round  28/50: acc=0.5885  f1m=0.2288  uplink_kB=190.8  t=5.48s
  round  29/50: acc=0.5918  f1m=0.2398  uplink_kB=190.8  t=5.55s
  round  30/50: acc=0.5935  f1m=0.2443  uplink_kB=190.8  t=5.49s
  round  31/50: acc=0.5949  f1m=0.2482  uplink_kB=190.8  t=5.48s
  round  32/50: acc=0.5980  f1m=0.2561  uplink_kB=190.8  t=5.62s
  round  33/50: acc=0.6010  f1m=0.2636  uplink_kB=190.8  t=5.49s
  round  34/50: acc=0.6029  f1m=0.2671  uplink_kB=190.8  t=5.54s
  round  35/50: acc=0.6114  f1m=0.2764  uplink_kB=190.8  t=5.45s
  round  36/50: acc=0.6293  f1m=0.2921  uplink_kB=190.8  t=5.92s
  round  37/50: acc=0.6615  f1m=0.3148  uplink_kB=190.8  t=6.33s
  round  38/50: acc=0.6962  f1m=0.3344  uplink_kB=190.8  t=5.56s
  round  39/50: acc=0.7122  f1m=0.3436  uplink_kB=190.8  t=5.54s
  round  40/50: acc=0.7289  f1m=0.3517  uplink_kB=190.8  t=5.50s
  round  41/50: acc=0.7656  f1m=0.3681  uplink_kB=190.8  t=5.57s
  round  42/50: acc=0.7665  f1m=0.3692  uplink_kB=190.8  t=5.46s
  round  43/50: acc=0.7694  f1m=0.3772  uplink_kB=190.8  t=5.76s
  round  44/50: acc=0.7993  f1m=0.4279  uplink_kB=190.8  t=5.41s
  round  45/50: acc=0.7998  f1m=0.4288  uplink_kB=190.8  t=5.59s
  round  46/50: acc=0.8030  f1m=0.4945  uplink_kB=190.8  t=6.09s
  round  47/50: acc=0.8030  f1m=0.4950  uplink_kB=190.8  t=5.62s
  round  48/50: acc=0.8033  f1m=0.4955  uplink_kB=190.8  t=5.43s
  round  49/50: acc=0.8032  f1m=0.4955  uplink_kB=190.8  t=5.45s
  round  50/50: acc=0.8036  f1m=0.4961  uplink_kB=190.8  t=5.43s
[run] DONE -> /Users/agentra/Documents/hao/working/paper-lab/hao-paper-2026/iotj-fedkan-ids/repo/results/lrsweep_cseciic_mc/lrsweep_kan8_lr0p0003__dir0.1__seed43/metrics.json  final_acc=0.8036
