[run] device=cpu  seed=29  out=/Users/agentra/Documents/hao/working/paper-lab/hao-paper-2026/iotj-fedkan-ids/repo/results/lrsweep_botiot/lrsweep_kan16_lr0p1__dir0.1__seed29
[run] model=kan  params=6,560
  round   1/50: acc=0.8829  f1m=0.8823  uplink_kB=282.0  t=2.51s
  round   2/50: acc=0.6766  f1m=0.6383  uplink_kB=282.0  t=1.93s
  round   3/50: acc=0.9229  f1m=0.9229  uplink_kB=282.0  t=1.87s
  round   4/50: acc=0.7767  f1m=0.7649  uplink_kB=282.0  t=1.92s
  round   5/50: acc=0.7059  f1m=0.6776  uplink_kB=282.0  t=1.84s
  round   6/50: acc=0.7867  f1m=0.7764  uplink_kB=282.0  t=1.79s
  round   7/50: acc=0.9359  f1m=0.9359  uplink_kB=282.0  t=1.88s
  round   8/50: acc=0.8980  f1m=0.8977  uplink_kB=282.0  t=1.83s
  round   9/50: acc=0.8000  f1m=0.7918  uplink_kB=282.0  t=1.85s
  round  10/50: acc=0.4989  f1m=0.3328  uplink_kB=282.0  t=1.85s
  round  11/50: acc=0.9078  f1m=0.9076  uplink_kB=282.0  t=1.85s
  round  12/50: acc=0.8392  f1m=0.8351  uplink_kB=282.0  t=1.91s
  round  13/50: acc=0.9076  f1m=0.9074  uplink_kB=282.0  t=1.87s
  round  14/50: acc=0.7653  f1m=0.7514  uplink_kB=282.0  t=1.88s
  round  15/50: acc=0.6873  f1m=0.6529  uplink_kB=282.0  t=1.87s
  round  16/50: acc=0.4989  f1m=0.3328  uplink_kB=282.0  t=1.85s
  round  17/50: acc=0.5733  f1m=0.4828  uplink_kB=282.0  t=1.82s
  round  18/50: acc=0.9310  f1m=0.9310  uplink_kB=282.0  t=1.86s
  round  19/50: acc=0.4989  f1m=0.3328  uplink_kB=282.0  t=1.90s
  round  20/50: acc=0.8098  f1m=0.8061  uplink_kB=282.0  t=1.85s
  round  21/50: acc=0.7951  f1m=0.7864  uplink_kB=282.0  t=1.88s
  round  22/50: acc=0.8441  f1m=0.8440  uplink_kB=282.0  t=1.86s
  round  23/50: acc=0.4989  f1m=0.3328  uplink_kB=282.0  t=1.80s
  round  24/50: acc=0.8130  f1m=0.8073  uplink_kB=282.0  t=1.89s
  round  25/50: acc=0.5114  f1m=0.3600  uplink_kB=282.0  t=1.89s
  round  26/50: acc=0.7999  f1m=0.7917  uplink_kB=282.0  t=1.87s
  round  27/50: acc=0.5002  f1m=0.3357  uplink_kB=282.0  t=1.89s
  round  28/50: acc=0.9009  f1m=0.9006  uplink_kB=282.0  t=1.85s
  round  29/50: acc=0.9245  f1m=0.9245  uplink_kB=282.0  t=1.91s
  round  30/50: acc=0.8147  f1m=0.8087  uplink_kB=282.0  t=1.85s
  round  31/50: acc=0.9369  f1m=0.9369  uplink_kB=282.0  t=1.89s
  round  32/50: acc=0.9265  f1m=0.9265  uplink_kB=282.0  t=1.88s
  round  33/50: acc=0.9266  f1m=0.9266  uplink_kB=282.0  t=1.83s
  round  34/50: acc=0.9006  f1m=0.9004  uplink_kB=282.0  t=1.90s
  round  35/50: acc=0.8963  f1m=0.8959  uplink_kB=282.0  t=1.84s
  round  36/50: acc=0.8738  f1m=0.8732  uplink_kB=282.0  t=1.88s
  round  37/50: acc=0.5640  f1m=0.4643  uplink_kB=282.0  t=1.83s
  round  38/50: acc=0.9356  f1m=0.9356  uplink_kB=282.0  t=1.79s
  round  39/50: acc=0.9228  f1m=0.9228  uplink_kB=282.0  t=1.87s
  round  40/50: acc=0.9303  f1m=0.9303  uplink_kB=282.0  t=1.86s
  round  41/50: acc=0.7903  f1m=0.7853  uplink_kB=282.0  t=1.87s
  round  42/50: acc=0.9132  f1m=0.9132  uplink_kB=282.0  t=1.85s
  round  43/50: acc=0.6155  f1m=0.5696  uplink_kB=282.0  t=1.78s
  round  44/50: acc=0.9260  f1m=0.9260  uplink_kB=282.0  t=1.89s
  round  45/50: acc=0.7551  f1m=0.7465  uplink_kB=282.0  t=1.85s
  round  46/50: acc=0.8225  f1m=0.8201  uplink_kB=282.0  t=1.85s
  round  47/50: acc=0.7528  f1m=0.7437  uplink_kB=282.0  t=1.85s
  round  48/50: acc=0.9605  f1m=0.9605  uplink_kB=282.0  t=1.86s
  round  49/50: acc=0.9291  f1m=0.9291  uplink_kB=282.0  t=1.87s
  round  50/50: acc=0.6024  f1m=0.5474  uplink_kB=282.0  t=1.81s
[run] DONE -> /Users/agentra/Documents/hao/working/paper-lab/hao-paper-2026/iotj-fedkan-ids/repo/results/lrsweep_botiot/lrsweep_kan16_lr0p1__dir0.1__seed29/metrics.json  final_acc=0.6024
