[run] device=cpu  seed=118  out=/Users/agentra/Documents/hao/working/paper-lab/hao-paper-2026/iotj-fedkan-ids/repo/results/lrsweep_toniot/lrsweep_mlp80_lr0p01__dir0.1__seed118
[run] model=mlp  params=3,362
  round   1/50: acc=0.6984  f1m=0.6973  uplink_kB=131.3  t=1.37s
  round   2/50: acc=0.7411  f1m=0.7390  uplink_kB=131.3  t=0.79s
  round   3/50: acc=0.7480  f1m=0.7463  uplink_kB=131.3  t=0.79s
  round   4/50: acc=0.7544  f1m=0.7532  uplink_kB=131.3  t=0.76s
  round   5/50: acc=0.7536  f1m=0.7527  uplink_kB=131.3  t=0.78s
  round   6/50: acc=0.7523  f1m=0.7515  uplink_kB=131.3  t=0.87s
  round   7/50: acc=0.7594  f1m=0.7583  uplink_kB=131.3  t=0.68s
  round   8/50: acc=0.7599  f1m=0.7588  uplink_kB=131.3  t=0.71s
  round   9/50: acc=0.7778  f1m=0.7759  uplink_kB=131.3  t=0.73s
  round  10/50: acc=0.8683  f1m=0.8683  uplink_kB=131.3  t=0.75s
  round  11/50: acc=0.8707  f1m=0.8706  uplink_kB=131.3  t=0.87s
  round  12/50: acc=0.8675  f1m=0.8674  uplink_kB=131.3  t=0.82s
  round  13/50: acc=0.8700  f1m=0.8698  uplink_kB=131.3  t=0.82s
  round  14/50: acc=0.8754  f1m=0.8753  uplink_kB=131.3  t=0.82s
  round  15/50: acc=0.8839  f1m=0.8839  uplink_kB=131.3  t=0.77s
  round  16/50: acc=0.8822  f1m=0.8820  uplink_kB=131.3  t=0.86s
  round  17/50: acc=0.8823  f1m=0.8821  uplink_kB=131.3  t=0.82s
  round  18/50: acc=0.8853  f1m=0.8851  uplink_kB=131.3  t=0.83s
  round  19/50: acc=0.9199  f1m=0.9199  uplink_kB=131.3  t=0.85s
  round  20/50: acc=0.9276  f1m=0.9276  uplink_kB=131.3  t=0.81s
  round  21/50: acc=0.9239  f1m=0.9239  uplink_kB=131.3  t=0.81s
  round  22/50: acc=0.9324  f1m=0.9324  uplink_kB=131.3  t=0.83s
  round  23/50: acc=0.9334  f1m=0.9334  uplink_kB=131.3  t=0.83s
  round  24/50: acc=0.9327  f1m=0.9327  uplink_kB=131.3  t=0.84s
  round  25/50: acc=0.9371  f1m=0.9371  uplink_kB=131.3  t=0.85s
  round  26/50: acc=0.9339  f1m=0.9339  uplink_kB=131.3  t=0.85s
  round  27/50: acc=0.9346  f1m=0.9346  uplink_kB=131.3  t=0.85s
  round  28/50: acc=0.9383  f1m=0.9382  uplink_kB=131.3  t=0.75s
  round  29/50: acc=0.9376  f1m=0.9376  uplink_kB=131.3  t=0.82s
  round  30/50: acc=0.9404  f1m=0.9404  uplink_kB=131.3  t=0.85s
  round  31/50: acc=0.9407  f1m=0.9407  uplink_kB=131.3  t=0.85s
  round  32/50: acc=0.9416  f1m=0.9416  uplink_kB=131.3  t=0.84s
  round  33/50: acc=0.9408  f1m=0.9408  uplink_kB=131.3  t=0.80s
  round  34/50: acc=0.9414  f1m=0.9414  uplink_kB=131.3  t=0.82s
  round  35/50: acc=0.9413  f1m=0.9413  uplink_kB=131.3  t=0.80s
  round  36/50: acc=0.9445  f1m=0.9445  uplink_kB=131.3  t=0.85s
  round  37/50: acc=0.9440  f1m=0.9440  uplink_kB=131.3  t=0.85s
  round  38/50: acc=0.9429  f1m=0.9429  uplink_kB=131.3  t=0.82s
  round  39/50: acc=0.9471  f1m=0.9471  uplink_kB=131.3  t=0.83s
  round  40/50: acc=0.9454  f1m=0.9454  uplink_kB=131.3  t=0.83s
  round  41/50: acc=0.9485  f1m=0.9485  uplink_kB=131.3  t=0.80s
  round  42/50: acc=0.9498  f1m=0.9498  uplink_kB=131.3  t=0.80s
  round  43/50: acc=0.9482  f1m=0.9482  uplink_kB=131.3  t=0.83s
  round  44/50: acc=0.9441  f1m=0.9441  uplink_kB=131.3  t=0.85s
  round  45/50: acc=0.9468  f1m=0.9468  uplink_kB=131.3  t=0.83s
  round  46/50: acc=0.9442  f1m=0.9441  uplink_kB=131.3  t=0.82s
  round  47/50: acc=0.9469  f1m=0.9469  uplink_kB=131.3  t=0.82s
  round  48/50: acc=0.9460  f1m=0.9460  uplink_kB=131.3  t=0.82s
  round  49/50: acc=0.9465  f1m=0.9464  uplink_kB=131.3  t=0.76s
  round  50/50: acc=0.9501  f1m=0.9501  uplink_kB=131.3  t=0.81s
[run] DONE -> /Users/agentra/Documents/hao/working/paper-lab/hao-paper-2026/iotj-fedkan-ids/repo/results/lrsweep_toniot/lrsweep_mlp80_lr0p01__dir0.1__seed118/metrics.json  final_acc=0.9501
