[run] device=cpu  seed=31  out=/Users/agentra/Documents/hao/working/paper-lab/hao-paper-2026/iotj-fedkan-ids/repo/results/lrsweep_cseciic_mc/lrsweep_mlp80_lr0p03__dir0.1__seed31
[run] model=mlp  params=4,415
  round   1/50: acc=0.1641  f1m=0.0492  uplink_kB=172.5  t=2.71s
  round   2/50: acc=0.5771  f1m=0.2921  uplink_kB=172.5  t=2.28s
  round   3/50: acc=0.6272  f1m=0.4001  uplink_kB=172.5  t=2.14s
  round   4/50: acc=0.6675  f1m=0.4614  uplink_kB=172.5  t=2.12s
  round   5/50: acc=0.6725  f1m=0.4387  uplink_kB=172.5  t=2.21s
  round   6/50: acc=0.6744  f1m=0.4346  uplink_kB=172.5  t=2.11s
  round   7/50: acc=0.6713  f1m=0.4444  uplink_kB=172.5  t=2.17s
  round   8/50: acc=0.6852  f1m=0.4524  uplink_kB=172.5  t=2.20s
  round   9/50: acc=0.6947  f1m=0.4688  uplink_kB=172.5  t=2.10s
  round  10/50: acc=0.7116  f1m=0.5220  uplink_kB=172.5  t=2.17s
  round  11/50: acc=0.6960  f1m=0.4673  uplink_kB=172.5  t=2.14s
  round  12/50: acc=0.7058  f1m=0.5061  uplink_kB=172.5  t=2.26s
  round  13/50: acc=0.6915  f1m=0.4964  uplink_kB=172.5  t=2.11s
  round  14/50: acc=0.7099  f1m=0.5214  uplink_kB=172.5  t=2.23s
  round  15/50: acc=0.7099  f1m=0.5120  uplink_kB=172.5  t=2.17s
  round  16/50: acc=0.6858  f1m=0.4647  uplink_kB=172.5  t=2.21s
  round  17/50: acc=0.7065  f1m=0.5024  uplink_kB=172.5  t=2.18s
  round  18/50: acc=0.7047  f1m=0.4822  uplink_kB=172.5  t=2.14s
  round  19/50: acc=0.7017  f1m=0.4764  uplink_kB=172.5  t=2.10s
  round  20/50: acc=0.7018  f1m=0.4786  uplink_kB=172.5  t=2.17s
  round  21/50: acc=0.6993  f1m=0.4723  uplink_kB=172.5  t=2.24s
  round  22/50: acc=0.7043  f1m=0.4830  uplink_kB=172.5  t=2.13s
  round  23/50: acc=0.6991  f1m=0.4723  uplink_kB=172.5  t=2.15s
  round  24/50: acc=0.7024  f1m=0.5192  uplink_kB=172.5  t=2.14s
  round  25/50: acc=0.7010  f1m=0.4778  uplink_kB=172.5  t=2.15s
  round  26/50: acc=0.7085  f1m=0.5141  uplink_kB=172.5  t=2.12s
  round  27/50: acc=0.6848  f1m=0.4764  uplink_kB=172.5  t=2.11s
  round  28/50: acc=0.7929  f1m=0.5280  uplink_kB=172.5  t=2.18s
  round  29/50: acc=0.6878  f1m=0.4676  uplink_kB=172.5  t=2.15s
  round  30/50: acc=0.6996  f1m=0.4881  uplink_kB=172.5  t=2.13s
  round  31/50: acc=0.7871  f1m=0.5694  uplink_kB=172.5  t=2.20s
  round  32/50: acc=0.6974  f1m=0.4806  uplink_kB=172.5  t=2.12s
  round  33/50: acc=0.8027  f1m=0.5634  uplink_kB=172.5  t=2.16s
  round  34/50: acc=0.8006  f1m=0.5510  uplink_kB=172.5  t=2.13s
  round  35/50: acc=0.8049  f1m=0.5658  uplink_kB=172.5  t=2.16s
  round  36/50: acc=0.7946  f1m=0.5324  uplink_kB=172.5  t=2.16s
  round  37/50: acc=0.7928  f1m=0.5366  uplink_kB=172.5  t=2.11s
  round  38/50: acc=0.7954  f1m=0.5496  uplink_kB=172.5  t=2.16s
  round  39/50: acc=0.8221  f1m=0.5925  uplink_kB=172.5  t=2.20s
  round  40/50: acc=0.7721  f1m=0.5317  uplink_kB=172.5  t=2.09s
  round  41/50: acc=0.8365  f1m=0.5829  uplink_kB=172.5  t=2.13s
  round  42/50: acc=0.8013  f1m=0.5343  uplink_kB=172.5  t=2.11s
  round  43/50: acc=0.8325  f1m=0.5809  uplink_kB=172.5  t=2.19s
  round  44/50: acc=0.8074  f1m=0.5836  uplink_kB=172.5  t=2.14s
  round  45/50: acc=0.7995  f1m=0.5514  uplink_kB=172.5  t=2.12s
  round  46/50: acc=0.7966  f1m=0.5389  uplink_kB=172.5  t=2.05s
  round  47/50: acc=0.8031  f1m=0.5600  uplink_kB=172.5  t=2.19s
  round  48/50: acc=0.7997  f1m=0.5433  uplink_kB=172.5  t=2.13s
  round  49/50: acc=0.8206  f1m=0.5615  uplink_kB=172.5  t=2.18s
  round  50/50: acc=0.8276  f1m=0.5572  uplink_kB=172.5  t=2.25s
[run] DONE -> /Users/agentra/Documents/hao/working/paper-lab/hao-paper-2026/iotj-fedkan-ids/repo/results/lrsweep_cseciic_mc/lrsweep_mlp80_lr0p03__dir0.1__seed31/metrics.json  final_acc=0.8276
