[run] device=cpu  seed=117  out=/Users/agentra/Documents/hao/working/paper-lab/hao-paper-2026/iotj-fedkan-ids/repo/results/lrsweep_cseciic/lrsweep_mlp80_lr0p01__dir0.1__seed117
[run] model=mlp  params=3,362
  round   1/50: acc=0.6315  f1m=0.5794  uplink_kB=131.3  t=1.51s
  round   2/50: acc=0.6005  f1m=0.5301  uplink_kB=131.3  t=0.86s
  round   3/50: acc=0.6305  f1m=0.5778  uplink_kB=131.3  t=0.81s
  round   4/50: acc=0.6862  f1m=0.6573  uplink_kB=131.3  t=0.83s
  round   5/50: acc=0.7520  f1m=0.7397  uplink_kB=131.3  t=0.79s
  round   6/50: acc=0.7644  f1m=0.7542  uplink_kB=131.3  t=0.74s
  round   7/50: acc=0.7464  f1m=0.7329  uplink_kB=131.3  t=0.78s
  round   8/50: acc=0.7679  f1m=0.7582  uplink_kB=131.3  t=0.81s
  round   9/50: acc=0.7884  f1m=0.7816  uplink_kB=131.3  t=0.79s
  round  10/50: acc=0.7832  f1m=0.7756  uplink_kB=131.3  t=0.77s
  round  11/50: acc=0.8446  f1m=0.8424  uplink_kB=131.3  t=0.80s
  round  12/50: acc=0.8574  f1m=0.8557  uplink_kB=131.3  t=0.78s
  round  13/50: acc=0.8871  f1m=0.8864  uplink_kB=131.3  t=0.73s
  round  14/50: acc=0.8985  f1m=0.8981  uplink_kB=131.3  t=0.79s
  round  15/50: acc=0.8989  f1m=0.8985  uplink_kB=131.3  t=0.80s
  round  16/50: acc=0.8988  f1m=0.8984  uplink_kB=131.3  t=0.76s
  round  17/50: acc=0.9005  f1m=0.9001  uplink_kB=131.3  t=0.80s
  round  18/50: acc=0.9122  f1m=0.9119  uplink_kB=131.3  t=0.76s
  round  19/50: acc=0.9134  f1m=0.9132  uplink_kB=131.3  t=0.74s
  round  20/50: acc=0.9131  f1m=0.9129  uplink_kB=131.3  t=0.77s
  round  21/50: acc=0.9150  f1m=0.9148  uplink_kB=131.3  t=0.80s
  round  22/50: acc=0.9151  f1m=0.9149  uplink_kB=131.3  t=0.79s
  round  23/50: acc=0.9178  f1m=0.9176  uplink_kB=131.3  t=0.81s
  round  24/50: acc=0.9168  f1m=0.9167  uplink_kB=131.3  t=0.82s
  round  25/50: acc=0.9174  f1m=0.9172  uplink_kB=131.3  t=0.80s
  round  26/50: acc=0.9142  f1m=0.9140  uplink_kB=131.3  t=0.70s
  round  27/50: acc=0.9159  f1m=0.9157  uplink_kB=131.3  t=0.77s
  round  28/50: acc=0.9298  f1m=0.9298  uplink_kB=131.3  t=0.82s
  round  29/50: acc=0.9203  f1m=0.9202  uplink_kB=131.3  t=0.77s
  round  30/50: acc=0.9222  f1m=0.9220  uplink_kB=131.3  t=0.77s
  round  31/50: acc=0.9314  f1m=0.9314  uplink_kB=131.3  t=0.78s
  round  32/50: acc=0.9259  f1m=0.9258  uplink_kB=131.3  t=0.70s
  round  33/50: acc=0.9208  f1m=0.9207  uplink_kB=131.3  t=0.79s
  round  34/50: acc=0.9293  f1m=0.9293  uplink_kB=131.3  t=0.81s
  round  35/50: acc=0.9328  f1m=0.9328  uplink_kB=131.3  t=0.79s
  round  36/50: acc=0.9208  f1m=0.9207  uplink_kB=131.3  t=0.86s
  round  37/50: acc=0.9362  f1m=0.9362  uplink_kB=131.3  t=0.76s
  round  38/50: acc=0.9247  f1m=0.9246  uplink_kB=131.3  t=0.83s
  round  39/50: acc=0.9336  f1m=0.9336  uplink_kB=131.3  t=0.82s
  round  40/50: acc=0.9323  f1m=0.9322  uplink_kB=131.3  t=0.92s
  round  41/50: acc=0.9229  f1m=0.9228  uplink_kB=131.3  t=0.81s
  round  42/50: acc=0.9293  f1m=0.9292  uplink_kB=131.3  t=0.84s
  round  43/50: acc=0.9178  f1m=0.9176  uplink_kB=131.3  t=0.83s
  round  44/50: acc=0.9340  f1m=0.9339  uplink_kB=131.3  t=0.84s
  round  45/50: acc=0.9327  f1m=0.9327  uplink_kB=131.3  t=0.83s
  round  46/50: acc=0.9351  f1m=0.9350  uplink_kB=131.3  t=0.75s
  round  47/50: acc=0.9330  f1m=0.9329  uplink_kB=131.3  t=0.84s
  round  48/50: acc=0.9340  f1m=0.9339  uplink_kB=131.3  t=0.81s
  round  49/50: acc=0.9327  f1m=0.9326  uplink_kB=131.3  t=0.83s
  round  50/50: acc=0.9303  f1m=0.9302  uplink_kB=131.3  t=0.82s
[run] DONE -> /Users/agentra/Documents/hao/working/paper-lab/hao-paper-2026/iotj-fedkan-ids/repo/results/lrsweep_cseciic/lrsweep_mlp80_lr0p01__dir0.1__seed117/metrics.json  final_acc=0.9303
