[run] device=cpu  seed=43  out=/Users/agentra/Documents/hao/working/paper-lab/hao-paper-2026/iotj-fedkan-ids/repo/results/lrsweep_cseciic_mc50k/lrsweep_mlp32_lr0p03__dir0.1__seed43
[run] model=mlp  params=1,775
  round   1/50: acc=0.3312  f1m=0.1228  uplink_kB=69.3  t=1.66s
  round   2/50: acc=0.5409  f1m=0.3108  uplink_kB=69.3  t=1.01s
  round   3/50: acc=0.5692  f1m=0.3214  uplink_kB=69.3  t=1.02s
  round   4/50: acc=0.5793  f1m=0.3222  uplink_kB=69.3  t=1.02s
  round   5/50: acc=0.6065  f1m=0.3882  uplink_kB=69.3  t=1.16s
  round   6/50: acc=0.6111  f1m=0.4070  uplink_kB=69.3  t=1.05s
  round   7/50: acc=0.7674  f1m=0.5813  uplink_kB=69.3  t=1.08s
  round   8/50: acc=0.6244  f1m=0.4216  uplink_kB=69.3  t=1.07s
  round   9/50: acc=0.7062  f1m=0.4900  uplink_kB=69.3  t=1.06s
  round  10/50: acc=0.6797  f1m=0.5147  uplink_kB=69.3  t=1.03s
  round  11/50: acc=0.7856  f1m=0.5971  uplink_kB=69.3  t=1.09s
  round  12/50: acc=0.6293  f1m=0.4449  uplink_kB=69.3  t=1.09s
  round  13/50: acc=0.6987  f1m=0.5415  uplink_kB=69.3  t=1.09s
  round  14/50: acc=0.7192  f1m=0.5090  uplink_kB=69.3  t=1.08s
  round  15/50: acc=0.7867  f1m=0.6134  uplink_kB=69.3  t=1.10s
  round  16/50: acc=0.8084  f1m=0.6226  uplink_kB=69.3  t=1.02s
  round  17/50: acc=0.7258  f1m=0.5225  uplink_kB=69.3  t=1.06s
  round  18/50: acc=0.7047  f1m=0.5057  uplink_kB=69.3  t=1.05s
  round  19/50: acc=0.7506  f1m=0.5372  uplink_kB=69.3  t=1.09s
  round  20/50: acc=0.7044  f1m=0.5153  uplink_kB=69.3  t=1.04s
  round  21/50: acc=0.8313  f1m=0.6610  uplink_kB=69.3  t=1.06s
  round  22/50: acc=0.6399  f1m=0.4756  uplink_kB=69.3  t=1.00s
  round  23/50: acc=0.7736  f1m=0.6010  uplink_kB=69.3  t=1.09s
  round  24/50: acc=0.7358  f1m=0.5442  uplink_kB=69.3  t=1.08s
  round  25/50: acc=0.6839  f1m=0.5354  uplink_kB=69.3  t=1.09s
  round  26/50: acc=0.8196  f1m=0.6539  uplink_kB=69.3  t=1.07s
  round  27/50: acc=0.7319  f1m=0.5396  uplink_kB=69.3  t=1.08s
  round  28/50: acc=0.8125  f1m=0.6494  uplink_kB=69.3  t=0.97s
  round  29/50: acc=0.7578  f1m=0.5620  uplink_kB=69.3  t=1.10s
  round  30/50: acc=0.6790  f1m=0.5040  uplink_kB=69.3  t=1.02s
  round  31/50: acc=0.7550  f1m=0.5541  uplink_kB=69.3  t=1.12s
  round  32/50: acc=0.7484  f1m=0.5308  uplink_kB=69.3  t=0.99s
  round  33/50: acc=0.8256  f1m=0.6633  uplink_kB=69.3  t=1.06s
  round  34/50: acc=0.7543  f1m=0.5532  uplink_kB=69.3  t=1.08s
  round  35/50: acc=0.7999  f1m=0.6320  uplink_kB=69.3  t=1.01s
  round  36/50: acc=0.7549  f1m=0.5513  uplink_kB=69.3  t=1.08s
  round  37/50: acc=0.8399  f1m=0.6912  uplink_kB=69.3  t=1.01s
  round  38/50: acc=0.7557  f1m=0.5545  uplink_kB=69.3  t=1.08s
  round  39/50: acc=0.8413  f1m=0.6893  uplink_kB=69.3  t=1.02s
  round  40/50: acc=0.7558  f1m=0.5529  uplink_kB=69.3  t=1.15s
  round  41/50: acc=0.8243  f1m=0.6596  uplink_kB=69.3  t=1.03s
  round  42/50: acc=0.8243  f1m=0.6628  uplink_kB=69.3  t=1.09s
  round  43/50: acc=0.7525  f1m=0.5553  uplink_kB=69.3  t=1.04s
  round  44/50: acc=0.8386  f1m=0.6862  uplink_kB=69.3  t=1.10s
  round  45/50: acc=0.7552  f1m=0.5539  uplink_kB=69.3  t=1.02s
  round  46/50: acc=0.7862  f1m=0.5983  uplink_kB=69.3  t=1.04s
  round  47/50: acc=0.7954  f1m=0.6247  uplink_kB=69.3  t=1.05s
  round  48/50: acc=0.8471  f1m=0.6914  uplink_kB=69.3  t=1.04s
  round  49/50: acc=0.8450  f1m=0.6897  uplink_kB=69.3  t=1.02s
  round  50/50: acc=0.8304  f1m=0.6642  uplink_kB=69.3  t=1.03s
[run] DONE -> /Users/agentra/Documents/hao/working/paper-lab/hao-paper-2026/iotj-fedkan-ids/repo/results/lrsweep_cseciic_mc50k/lrsweep_mlp32_lr0p03__dir0.1__seed43/metrics.json  final_acc=0.8304
