[run] device=cpu  seed=2026  out=/Users/agentra/Documents/hao/working/paper-lab/hao-paper-2026/iotj-fedkan-ids/repo/results/lrsweep_cseciic_mc50k/lrsweep_kan16_lr0p0003__dir0.1__seed2026
[run] model=kan  params=8,640
  round   1/50: acc=0.1245  f1m=0.0247  uplink_kB=363.3  t=3.62s
  round   2/50: acc=0.1361  f1m=0.0294  uplink_kB=363.3  t=3.01s
  round   3/50: acc=0.1791  f1m=0.0474  uplink_kB=363.3  t=3.12s
  round   4/50: acc=0.1783  f1m=0.0471  uplink_kB=363.3  t=2.96s
  round   5/50: acc=0.1784  f1m=0.0472  uplink_kB=363.3  t=3.30s
  round   6/50: acc=0.1805  f1m=0.0478  uplink_kB=363.3  t=2.95s
  round   7/50: acc=0.1832  f1m=0.0486  uplink_kB=363.3  t=2.87s
  round   8/50: acc=0.1854  f1m=0.0494  uplink_kB=363.3  t=2.81s
  round   9/50: acc=0.1866  f1m=0.0499  uplink_kB=363.3  t=2.92s
  round  10/50: acc=0.1869  f1m=0.0500  uplink_kB=363.3  t=6.86s
  round  11/50: acc=0.1870  f1m=0.0476  uplink_kB=363.3  t=2.91s
  round  12/50: acc=0.1871  f1m=0.0471  uplink_kB=363.3  t=2.82s
  round  13/50: acc=0.1874  f1m=0.0460  uplink_kB=363.3  t=2.89s
  round  14/50: acc=0.1875  f1m=0.0460  uplink_kB=363.3  t=2.87s
  round  15/50: acc=0.1875  f1m=0.0459  uplink_kB=363.3  t=2.92s
  round  16/50: acc=0.1876  f1m=0.0458  uplink_kB=363.3  t=6.12s
  round  17/50: acc=0.1877  f1m=0.0458  uplink_kB=363.3  t=2.87s
  round  18/50: acc=0.1879  f1m=0.0458  uplink_kB=363.3  t=2.84s
  round  19/50: acc=0.1887  f1m=0.0460  uplink_kB=363.3  t=2.85s
  round  20/50: acc=0.1898  f1m=0.0457  uplink_kB=363.3  t=2.87s
  round  21/50: acc=0.1913  f1m=0.0462  uplink_kB=363.3  t=4.14s
  round  22/50: acc=0.2098  f1m=0.0601  uplink_kB=363.3  t=5.60s
  round  23/50: acc=0.2183  f1m=0.0663  uplink_kB=363.3  t=2.88s
  round  24/50: acc=0.2215  f1m=0.0675  uplink_kB=363.3  t=2.86s
  round  25/50: acc=0.2395  f1m=0.0763  uplink_kB=363.3  t=2.91s
  round  26/50: acc=0.3321  f1m=0.1200  uplink_kB=363.3  t=2.83s
  round  27/50: acc=0.3326  f1m=0.1197  uplink_kB=363.3  t=2.91s
  round  28/50: acc=0.3329  f1m=0.1194  uplink_kB=363.3  t=6.84s
  round  29/50: acc=0.3981  f1m=0.1804  uplink_kB=363.3  t=2.88s
  round  30/50: acc=0.4454  f1m=0.2334  uplink_kB=363.3  t=2.89s
  round  31/50: acc=0.4459  f1m=0.2333  uplink_kB=363.3  t=3.09s
  round  32/50: acc=0.4523  f1m=0.2351  uplink_kB=363.3  t=3.01s
  round  33/50: acc=0.4600  f1m=0.2369  uplink_kB=363.3  t=2.88s
  round  34/50: acc=0.4621  f1m=0.2379  uplink_kB=363.3  t=3.05s
  round  35/50: acc=0.4625  f1m=0.2379  uplink_kB=363.3  t=2.99s
  round  36/50: acc=0.4769  f1m=0.2516  uplink_kB=363.3  t=2.94s
  round  37/50: acc=0.5057  f1m=0.2708  uplink_kB=363.3  t=3.01s
  round  38/50: acc=0.5067  f1m=0.2710  uplink_kB=363.3  t=3.04s
  round  39/50: acc=0.5070  f1m=0.2709  uplink_kB=363.3  t=2.97s
  round  40/50: acc=0.5074  f1m=0.2712  uplink_kB=363.3  t=3.01s
  round  41/50: acc=0.5084  f1m=0.2680  uplink_kB=363.3  t=3.02s
  round  42/50: acc=0.5086  f1m=0.2681  uplink_kB=363.3  t=3.02s
  round  43/50: acc=0.5133  f1m=0.3301  uplink_kB=363.3  t=2.98s
  round  44/50: acc=0.5134  f1m=0.3306  uplink_kB=363.3  t=3.02s
  round  45/50: acc=0.5140  f1m=0.3341  uplink_kB=363.3  t=2.97s
  round  46/50: acc=0.5168  f1m=0.3399  uplink_kB=363.3  t=3.02s
  round  47/50: acc=0.5173  f1m=0.3305  uplink_kB=363.3  t=2.97s
  round  48/50: acc=0.5073  f1m=0.3153  uplink_kB=363.3  t=3.07s
  round  49/50: acc=0.5184  f1m=0.3194  uplink_kB=363.3  t=2.97s
  round  50/50: acc=0.5320  f1m=0.3328  uplink_kB=363.3  t=3.06s
[run] DONE -> /Users/agentra/Documents/hao/working/paper-lab/hao-paper-2026/iotj-fedkan-ids/repo/results/lrsweep_cseciic_mc50k/lrsweep_kan16_lr0p0003__dir0.1__seed2026/metrics.json  final_acc=0.5320
