[run] device=cpu  seed=2026  out=/Users/agentra/Documents/hao/working/paper-lab/hao-paper-2026/iotj-fedkan-ids/repo/results/lrsweep_toniot/lrsweep_kan16_lr0p01__dir0.1__seed2026
[run] model=kan  params=6,560
  round   1/50: acc=0.6163  f1m=0.5592  uplink_kB=282.0  t=2.31s
  round   2/50: acc=0.8778  f1m=0.8775  uplink_kB=282.0  t=1.87s
  round   3/50: acc=0.8885  f1m=0.8884  uplink_kB=282.0  t=1.86s
  round   4/50: acc=0.9161  f1m=0.9161  uplink_kB=282.0  t=1.88s
  round   5/50: acc=0.9222  f1m=0.9222  uplink_kB=282.0  t=1.82s
  round   6/50: acc=0.9228  f1m=0.9227  uplink_kB=282.0  t=1.88s
  round   7/50: acc=0.9265  f1m=0.9265  uplink_kB=282.0  t=1.86s
  round   8/50: acc=0.9407  f1m=0.9407  uplink_kB=282.0  t=1.87s
  round   9/50: acc=0.9450  f1m=0.9450  uplink_kB=282.0  t=1.89s
  round  10/50: acc=0.9408  f1m=0.9408  uplink_kB=282.0  t=1.89s
  round  11/50: acc=0.9406  f1m=0.9406  uplink_kB=282.0  t=1.79s
  round  12/50: acc=0.9409  f1m=0.9409  uplink_kB=282.0  t=1.89s
  round  13/50: acc=0.9442  f1m=0.9442  uplink_kB=282.0  t=1.89s
  round  14/50: acc=0.9435  f1m=0.9435  uplink_kB=282.0  t=1.90s
  round  15/50: acc=0.9459  f1m=0.9459  uplink_kB=282.0  t=1.87s
  round  16/50: acc=0.9487  f1m=0.9487  uplink_kB=282.0  t=1.87s
  round  17/50: acc=0.9494  f1m=0.9494  uplink_kB=282.0  t=1.88s
  round  18/50: acc=0.9443  f1m=0.9443  uplink_kB=282.0  t=1.81s
  round  19/50: acc=0.9419  f1m=0.9419  uplink_kB=282.0  t=1.84s
  round  20/50: acc=0.9398  f1m=0.9398  uplink_kB=282.0  t=1.86s
  round  21/50: acc=0.9463  f1m=0.9463  uplink_kB=282.0  t=1.85s
  round  22/50: acc=0.9457  f1m=0.9457  uplink_kB=282.0  t=1.93s
  round  23/50: acc=0.9274  f1m=0.9274  uplink_kB=282.0  t=1.86s
  round  24/50: acc=0.9467  f1m=0.9467  uplink_kB=282.0  t=1.87s
  round  25/50: acc=0.9555  f1m=0.9555  uplink_kB=282.0  t=1.83s
  round  26/50: acc=0.9527  f1m=0.9527  uplink_kB=282.0  t=1.85s
  round  27/50: acc=0.9560  f1m=0.9560  uplink_kB=282.0  t=1.86s
  round  28/50: acc=0.9500  f1m=0.9500  uplink_kB=282.0  t=1.85s
  round  29/50: acc=0.9525  f1m=0.9525  uplink_kB=282.0  t=1.85s
  round  30/50: acc=0.9559  f1m=0.9559  uplink_kB=282.0  t=1.80s
  round  31/50: acc=0.9551  f1m=0.9551  uplink_kB=282.0  t=1.87s
  round  32/50: acc=0.9544  f1m=0.9544  uplink_kB=282.0  t=1.84s
  round  33/50: acc=0.9553  f1m=0.9553  uplink_kB=282.0  t=1.88s
  round  34/50: acc=0.9519  f1m=0.9518  uplink_kB=282.0  t=1.85s
  round  35/50: acc=0.9418  f1m=0.9418  uplink_kB=282.0  t=1.88s
  round  36/50: acc=0.8357  f1m=0.8328  uplink_kB=282.0  t=1.81s
  round  37/50: acc=0.9562  f1m=0.9562  uplink_kB=282.0  t=1.84s
  round  38/50: acc=0.9057  f1m=0.9052  uplink_kB=282.0  t=1.89s
  round  39/50: acc=0.9547  f1m=0.9547  uplink_kB=282.0  t=1.89s
  round  40/50: acc=0.9587  f1m=0.9587  uplink_kB=282.0  t=1.89s
  round  41/50: acc=0.9365  f1m=0.9364  uplink_kB=282.0  t=1.85s
  round  42/50: acc=0.9524  f1m=0.9524  uplink_kB=282.0  t=1.85s
  round  43/50: acc=0.9525  f1m=0.9525  uplink_kB=282.0  t=1.85s
  round  44/50: acc=0.9547  f1m=0.9547  uplink_kB=282.0  t=1.84s
  round  45/50: acc=0.9208  f1m=0.9206  uplink_kB=282.0  t=1.85s
  round  46/50: acc=0.9281  f1m=0.9280  uplink_kB=282.0  t=1.86s
  round  47/50: acc=0.9321  f1m=0.9320  uplink_kB=282.0  t=1.85s
  round  48/50: acc=0.8717  f1m=0.8702  uplink_kB=282.0  t=1.86s
  round  49/50: acc=0.9185  f1m=0.9184  uplink_kB=282.0  t=1.85s
  round  50/50: acc=0.8916  f1m=0.8914  uplink_kB=282.0  t=1.75s
[run] DONE -> /Users/agentra/Documents/hao/working/paper-lab/hao-paper-2026/iotj-fedkan-ids/repo/results/lrsweep_toniot/lrsweep_kan16_lr0p01__dir0.1__seed2026/metrics.json  final_acc=0.8916
