[run] device=cpu  seed=31  out=/Users/agentra/Documents/hao/working/paper-lab/hao-paper-2026/iotj-fedkan-ids/repo/results/lrsweep_botiot/lrsweep_mlp80_lr0p003__dir0.1__seed31
[run] model=mlp  params=3,362
  round   1/50: acc=0.7994  f1m=0.7950  uplink_kB=131.3  t=1.50s
  round   2/50: acc=0.9040  f1m=0.9040  uplink_kB=131.3  t=0.88s
  round   3/50: acc=0.9311  f1m=0.9311  uplink_kB=131.3  t=0.69s
  round   4/50: acc=0.9323  f1m=0.9323  uplink_kB=131.3  t=0.61s
  round   5/50: acc=0.9327  f1m=0.9327  uplink_kB=131.3  t=0.69s
  round   6/50: acc=0.9310  f1m=0.9310  uplink_kB=131.3  t=0.69s
  round   7/50: acc=0.9313  f1m=0.9313  uplink_kB=131.3  t=0.72s
  round   8/50: acc=0.9316  f1m=0.9316  uplink_kB=131.3  t=0.69s
  round   9/50: acc=0.9348  f1m=0.9348  uplink_kB=131.3  t=0.67s
  round  10/50: acc=0.9369  f1m=0.9369  uplink_kB=131.3  t=0.65s
  round  11/50: acc=0.9373  f1m=0.9373  uplink_kB=131.3  t=0.66s
  round  12/50: acc=0.9381  f1m=0.9381  uplink_kB=131.3  t=0.75s
  round  13/50: acc=0.9392  f1m=0.9392  uplink_kB=131.3  t=0.74s
  round  14/50: acc=0.9427  f1m=0.9427  uplink_kB=131.3  t=0.70s
  round  15/50: acc=0.9444  f1m=0.9444  uplink_kB=131.3  t=0.74s
  round  16/50: acc=0.9441  f1m=0.9441  uplink_kB=131.3  t=0.72s
  round  17/50: acc=0.9452  f1m=0.9452  uplink_kB=131.3  t=0.67s
  round  18/50: acc=0.9447  f1m=0.9447  uplink_kB=131.3  t=0.73s
  round  19/50: acc=0.9442  f1m=0.9442  uplink_kB=131.3  t=0.67s
  round  20/50: acc=0.9459  f1m=0.9459  uplink_kB=131.3  t=0.67s
  round  21/50: acc=0.9359  f1m=0.9359  uplink_kB=131.3  t=0.73s
  round  22/50: acc=0.9360  f1m=0.9360  uplink_kB=131.3  t=0.68s
  round  23/50: acc=0.9364  f1m=0.9364  uplink_kB=131.3  t=0.62s
  round  24/50: acc=0.9362  f1m=0.9362  uplink_kB=131.3  t=0.70s
  round  25/50: acc=0.9370  f1m=0.9369  uplink_kB=131.3  t=0.71s
  round  26/50: acc=0.9387  f1m=0.9386  uplink_kB=131.3  t=0.72s
  round  27/50: acc=0.9325  f1m=0.9325  uplink_kB=131.3  t=0.73s
  round  28/50: acc=0.9380  f1m=0.9380  uplink_kB=131.3  t=0.61s
  round  29/50: acc=0.9406  f1m=0.9406  uplink_kB=131.3  t=0.68s
  round  30/50: acc=0.9414  f1m=0.9414  uplink_kB=131.3  t=0.75s
  round  31/50: acc=0.9429  f1m=0.9429  uplink_kB=131.3  t=0.69s
  round  32/50: acc=0.9384  f1m=0.9384  uplink_kB=131.3  t=0.68s
  round  33/50: acc=0.9385  f1m=0.9385  uplink_kB=131.3  t=0.72s
  round  34/50: acc=0.9492  f1m=0.9492  uplink_kB=131.3  t=0.65s
  round  35/50: acc=0.9427  f1m=0.9427  uplink_kB=131.3  t=0.75s
  round  36/50: acc=0.9406  f1m=0.9406  uplink_kB=131.3  t=0.69s
  round  37/50: acc=0.9423  f1m=0.9423  uplink_kB=131.3  t=0.68s
  round  38/50: acc=0.9442  f1m=0.9442  uplink_kB=131.3  t=0.69s
  round  39/50: acc=0.9445  f1m=0.9445  uplink_kB=131.3  t=0.68s
  round  40/50: acc=0.9445  f1m=0.9445  uplink_kB=131.3  t=0.71s
  round  41/50: acc=0.9446  f1m=0.9446  uplink_kB=131.3  t=0.76s
  round  42/50: acc=0.9480  f1m=0.9480  uplink_kB=131.3  t=0.67s
  round  43/50: acc=0.9462  f1m=0.9462  uplink_kB=131.3  t=0.70s
  round  44/50: acc=0.9474  f1m=0.9474  uplink_kB=131.3  t=0.67s
  round  45/50: acc=0.9529  f1m=0.9529  uplink_kB=131.3  t=0.67s
  round  46/50: acc=0.9448  f1m=0.9448  uplink_kB=131.3  t=0.60s
  round  47/50: acc=0.9476  f1m=0.9476  uplink_kB=131.3  t=0.67s
  round  48/50: acc=0.9481  f1m=0.9481  uplink_kB=131.3  t=0.77s
  round  49/50: acc=0.9498  f1m=0.9498  uplink_kB=131.3  t=0.73s
  round  50/50: acc=0.9474  f1m=0.9474  uplink_kB=131.3  t=0.72s
[run] DONE -> /Users/agentra/Documents/hao/working/paper-lab/hao-paper-2026/iotj-fedkan-ids/repo/results/lrsweep_botiot/lrsweep_mlp80_lr0p003__dir0.1__seed31/metrics.json  final_acc=0.9474
