[run] device=cpu  seed=31  out=/Users/agentra/Documents/hao/working/paper-lab/hao-paper-2026/iotj-fedkan-ids/repo/results/lrsweep_cseciic/lrsweep_kan8_lr0p01__dir0.1__seed31
[run] model=kan  params=3,280
  round   1/50: acc=0.8560  f1m=0.8547  uplink_kB=150.2  t=2.09s
  round   2/50: acc=0.6922  f1m=0.6654  uplink_kB=150.2  t=1.57s
  round   3/50: acc=0.7552  f1m=0.7443  uplink_kB=150.2  t=1.60s
  round   4/50: acc=0.7866  f1m=0.7791  uplink_kB=150.2  t=1.63s
  round   5/50: acc=0.7670  f1m=0.7580  uplink_kB=150.2  t=1.60s
  round   6/50: acc=0.8228  f1m=0.8196  uplink_kB=150.2  t=1.53s
  round   7/50: acc=0.8613  f1m=0.8602  uplink_kB=150.2  t=1.61s
  round   8/50: acc=0.8783  f1m=0.8774  uplink_kB=150.2  t=1.60s
  round   9/50: acc=0.8985  f1m=0.8981  uplink_kB=150.2  t=1.60s
  round  10/50: acc=0.8910  f1m=0.8904  uplink_kB=150.2  t=1.61s
  round  11/50: acc=0.9447  f1m=0.9447  uplink_kB=150.2  t=1.60s
  round  12/50: acc=0.9524  f1m=0.9524  uplink_kB=150.2  t=1.77s
  round  13/50: acc=0.9173  f1m=0.9171  uplink_kB=150.2  t=1.88s
  round  14/50: acc=0.9621  f1m=0.9621  uplink_kB=150.2  t=1.63s
  round  15/50: acc=0.8558  f1m=0.8539  uplink_kB=150.2  t=1.64s
  round  16/50: acc=0.9677  f1m=0.9676  uplink_kB=150.2  t=1.61s
  round  17/50: acc=0.9579  f1m=0.9579  uplink_kB=150.2  t=1.61s
  round  18/50: acc=0.9644  f1m=0.9644  uplink_kB=150.2  t=1.62s
  round  19/50: acc=0.9682  f1m=0.9682  uplink_kB=150.2  t=1.61s
  round  20/50: acc=0.7961  f1m=0.7900  uplink_kB=150.2  t=1.58s
  round  21/50: acc=0.9677  f1m=0.9677  uplink_kB=150.2  t=1.55s
  round  22/50: acc=0.8175  f1m=0.8126  uplink_kB=150.2  t=1.61s
  round  23/50: acc=0.9713  f1m=0.9713  uplink_kB=150.2  t=1.59s
  round  24/50: acc=0.9436  f1m=0.9436  uplink_kB=150.2  t=1.59s
  round  25/50: acc=0.9722  f1m=0.9721  uplink_kB=150.2  t=1.57s
  round  26/50: acc=0.9505  f1m=0.9505  uplink_kB=150.2  t=1.60s
  round  27/50: acc=0.9717  f1m=0.9717  uplink_kB=150.2  t=1.61s
  round  28/50: acc=0.9658  f1m=0.9658  uplink_kB=150.2  t=1.63s
  round  29/50: acc=0.9736  f1m=0.9736  uplink_kB=150.2  t=1.57s
  round  30/50: acc=0.9317  f1m=0.9317  uplink_kB=150.2  t=1.61s
  round  31/50: acc=0.7887  f1m=0.7805  uplink_kB=150.2  t=1.63s
  round  32/50: acc=0.9648  f1m=0.9648  uplink_kB=150.2  t=1.60s
  round  33/50: acc=0.9390  f1m=0.9390  uplink_kB=150.2  t=1.59s
  round  34/50: acc=0.9739  f1m=0.9739  uplink_kB=150.2  t=1.62s
  round  35/50: acc=0.9633  f1m=0.9632  uplink_kB=150.2  t=1.58s
  round  36/50: acc=0.9729  f1m=0.9729  uplink_kB=150.2  t=1.60s
  round  37/50: acc=0.9727  f1m=0.9727  uplink_kB=150.2  t=1.58s
  round  38/50: acc=0.9667  f1m=0.9667  uplink_kB=150.2  t=1.61s
  round  39/50: acc=0.9745  f1m=0.9745  uplink_kB=150.2  t=1.59s
  round  40/50: acc=0.9724  f1m=0.9724  uplink_kB=150.2  t=1.59s
  round  41/50: acc=0.9721  f1m=0.9721  uplink_kB=150.2  t=1.59s
  round  42/50: acc=0.9717  f1m=0.9717  uplink_kB=150.2  t=1.64s
  round  43/50: acc=0.9734  f1m=0.9734  uplink_kB=150.2  t=1.61s
  round  44/50: acc=0.9742  f1m=0.9742  uplink_kB=150.2  t=1.63s
  round  45/50: acc=0.9746  f1m=0.9746  uplink_kB=150.2  t=1.60s
  round  46/50: acc=0.9743  f1m=0.9743  uplink_kB=150.2  t=1.59s
  round  47/50: acc=0.9712  f1m=0.9711  uplink_kB=150.2  t=1.63s
  round  48/50: acc=0.9734  f1m=0.9734  uplink_kB=150.2  t=1.61s
  round  49/50: acc=0.9744  f1m=0.9744  uplink_kB=150.2  t=1.62s
  round  50/50: acc=0.9746  f1m=0.9745  uplink_kB=150.2  t=1.51s
[run] DONE -> /Users/agentra/Documents/hao/working/paper-lab/hao-paper-2026/iotj-fedkan-ids/repo/results/lrsweep_cseciic/lrsweep_kan8_lr0p01__dir0.1__seed31/metrics.json  final_acc=0.9746
