[run] device=cpu  seed=29  out=/Users/agentra/Documents/hao/working/paper-lab/hao-paper-2026/iotj-fedkan-ids/repo/results/mc_toniot/mc_kan16_lr0p01__dir0.1__seed29
[run] model=kan  params=7,840
  round   1/50: acc=0.2840  f1m=0.1488  uplink_kB=332.0  t=3.89s
  round   2/50: acc=0.3340  f1m=0.2050  uplink_kB=332.0  t=3.29s
  round   3/50: acc=0.4391  f1m=0.3317  uplink_kB=332.0  t=3.23s
  round   4/50: acc=0.4857  f1m=0.3754  uplink_kB=332.0  t=3.26s
  round   5/50: acc=0.5320  f1m=0.4160  uplink_kB=332.0  t=3.25s
  round   6/50: acc=0.5541  f1m=0.4455  uplink_kB=332.0  t=3.32s
  round   7/50: acc=0.5740  f1m=0.5194  uplink_kB=332.0  t=3.75s
  round   8/50: acc=0.5905  f1m=0.5312  uplink_kB=332.0  t=4.82s
  round   9/50: acc=0.6652  f1m=0.6014  uplink_kB=332.0  t=8.88s
  round  10/50: acc=0.6623  f1m=0.5991  uplink_kB=332.0  t=14.98s
  round  11/50: acc=0.7259  f1m=0.6429  uplink_kB=332.0  t=15.47s
  round  12/50: acc=0.7277  f1m=0.6433  uplink_kB=332.0  t=4.51s
  round  13/50: acc=0.7376  f1m=0.6493  uplink_kB=332.0  t=3.58s
  round  14/50: acc=0.7372  f1m=0.6528  uplink_kB=332.0  t=3.26s
  round  15/50: acc=0.7412  f1m=0.6584  uplink_kB=332.0  t=3.29s
  round  16/50: acc=0.7475  f1m=0.6726  uplink_kB=332.0  t=3.44s
  round  17/50: acc=0.7462  f1m=0.6770  uplink_kB=332.0  t=3.52s
  round  18/50: acc=0.7527  f1m=0.6842  uplink_kB=332.0  t=3.28s
  round  19/50: acc=0.7253  f1m=0.6657  uplink_kB=332.0  t=3.21s
  round  20/50: acc=0.7298  f1m=0.6679  uplink_kB=332.0  t=3.37s
  round  21/50: acc=0.7493  f1m=0.6814  uplink_kB=332.0  t=3.33s
  round  22/50: acc=0.7250  f1m=0.6719  uplink_kB=332.0  t=3.35s
  round  23/50: acc=0.7568  f1m=0.6967  uplink_kB=332.0  t=3.51s
  round  24/50: acc=0.7294  f1m=0.6849  uplink_kB=332.0  t=3.58s
  round  25/50: acc=0.7516  f1m=0.6927  uplink_kB=332.0  t=3.28s
  round  26/50: acc=0.7304  f1m=0.6825  uplink_kB=332.0  t=3.50s
  round  27/50: acc=0.7375  f1m=0.6968  uplink_kB=332.0  t=3.30s
  round  28/50: acc=0.7546  f1m=0.7142  uplink_kB=332.0  t=3.35s
  round  29/50: acc=0.7376  f1m=0.7041  uplink_kB=332.0  t=3.32s
  round  30/50: acc=0.7479  f1m=0.7174  uplink_kB=332.0  t=3.39s
  round  31/50: acc=0.7387  f1m=0.7046  uplink_kB=332.0  t=3.28s
  round  32/50: acc=0.7537  f1m=0.7155  uplink_kB=332.0  t=3.59s
  round  33/50: acc=0.7454  f1m=0.7106  uplink_kB=332.0  t=3.46s
  round  34/50: acc=0.7502  f1m=0.7132  uplink_kB=332.0  t=3.46s
  round  35/50: acc=0.7462  f1m=0.7124  uplink_kB=332.0  t=3.34s
  round  36/50: acc=0.7577  f1m=0.6647  uplink_kB=332.0  t=3.38s
  round  37/50: acc=0.7578  f1m=0.7150  uplink_kB=332.0  t=3.47s
  round  38/50: acc=0.7602  f1m=0.7195  uplink_kB=332.0  t=3.39s
  round  39/50: acc=0.7616  f1m=0.7172  uplink_kB=332.0  t=3.37s
  round  40/50: acc=0.7612  f1m=0.7244  uplink_kB=332.0  t=3.39s
  round  41/50: acc=0.7586  f1m=0.7150  uplink_kB=332.0  t=3.40s
  round  42/50: acc=0.7710  f1m=0.7316  uplink_kB=332.0  t=3.42s
  round  43/50: acc=0.7641  f1m=0.7272  uplink_kB=332.0  t=3.36s
  round  44/50: acc=0.7758  f1m=0.7433  uplink_kB=332.0  t=3.39s
  round  45/50: acc=0.7715  f1m=0.7329  uplink_kB=332.0  t=3.32s
  round  46/50: acc=0.7682  f1m=0.6944  uplink_kB=332.0  t=3.39s
  round  47/50: acc=0.7767  f1m=0.7435  uplink_kB=332.0  t=3.42s
  round  48/50: acc=0.7638  f1m=0.7140  uplink_kB=332.0  t=3.40s
  round  49/50: acc=0.7718  f1m=0.7375  uplink_kB=332.0  t=3.34s
  round  50/50: acc=0.7612  f1m=0.7154  uplink_kB=332.0  t=3.46s
[run] DONE -> /Users/agentra/Documents/hao/working/paper-lab/hao-paper-2026/iotj-fedkan-ids/repo/results/mc_toniot/mc_kan16_lr0p01__dir0.1__seed29/metrics.json  final_acc=0.7612
