[run] device=cpu  seed=107  out=/Users/agentra/Documents/hao/working/paper-lab/hao-paper-2026/iotj-fedkan-ids/repo/results/lrsweep_cseciic_mc50k/lrsweep_mlp80_lr0p01__dir0.1__seed107
[run] model=mlp  params=4,415
  round   1/50: acc=0.2986  f1m=0.0903  uplink_kB=172.5  t=2.12s
  round   2/50: acc=0.4721  f1m=0.1951  uplink_kB=172.5  t=1.24s
  round   3/50: acc=0.6057  f1m=0.3457  uplink_kB=172.5  t=1.33s
  round   4/50: acc=0.6385  f1m=0.4024  uplink_kB=172.5  t=1.23s
  round   5/50: acc=0.6556  f1m=0.4300  uplink_kB=172.5  t=1.32s
  round   6/50: acc=0.6687  f1m=0.4491  uplink_kB=172.5  t=1.26s
  round   7/50: acc=0.6808  f1m=0.4642  uplink_kB=172.5  t=1.33s
  round   8/50: acc=0.6801  f1m=0.4605  uplink_kB=172.5  t=1.31s
  round   9/50: acc=0.6860  f1m=0.4691  uplink_kB=172.5  t=1.28s
  round  10/50: acc=0.6906  f1m=0.4722  uplink_kB=172.5  t=1.31s
  round  11/50: acc=0.7024  f1m=0.4833  uplink_kB=172.5  t=1.21s
  round  12/50: acc=0.6978  f1m=0.4797  uplink_kB=172.5  t=1.36s
  round  13/50: acc=0.6994  f1m=0.4892  uplink_kB=172.5  t=1.26s
  round  14/50: acc=0.7663  f1m=0.5323  uplink_kB=172.5  t=1.26s
  round  15/50: acc=0.7124  f1m=0.5022  uplink_kB=172.5  t=1.31s
  round  16/50: acc=0.7816  f1m=0.5468  uplink_kB=172.5  t=1.30s
  round  17/50: acc=0.7848  f1m=0.5498  uplink_kB=172.5  t=1.27s
  round  18/50: acc=0.7846  f1m=0.5492  uplink_kB=172.5  t=1.34s
  round  19/50: acc=0.7847  f1m=0.5493  uplink_kB=172.5  t=1.30s
  round  20/50: acc=0.8274  f1m=0.6200  uplink_kB=172.5  t=1.32s
  round  21/50: acc=0.7798  f1m=0.5450  uplink_kB=172.5  t=1.25s
  round  22/50: acc=0.8303  f1m=0.6126  uplink_kB=172.5  t=1.33s
  round  23/50: acc=0.8299  f1m=0.6181  uplink_kB=172.5  t=1.25s
  round  24/50: acc=0.8467  f1m=0.6115  uplink_kB=172.5  t=1.32s
  round  25/50: acc=0.8123  f1m=0.5654  uplink_kB=172.5  t=1.25s
  round  26/50: acc=0.8378  f1m=0.5825  uplink_kB=172.5  t=1.35s
  round  27/50: acc=0.8370  f1m=0.5811  uplink_kB=172.5  t=1.24s
  round  28/50: acc=0.8379  f1m=0.5817  uplink_kB=172.5  t=1.34s
  round  29/50: acc=0.8368  f1m=0.5880  uplink_kB=172.5  t=1.29s
  round  30/50: acc=0.8431  f1m=0.6096  uplink_kB=172.5  t=1.34s
  round  31/50: acc=0.8327  f1m=0.5862  uplink_kB=172.5  t=1.26s
  round  32/50: acc=0.8370  f1m=0.5858  uplink_kB=172.5  t=1.37s
  round  33/50: acc=0.8562  f1m=0.6388  uplink_kB=172.5  t=1.25s
  round  34/50: acc=0.8364  f1m=0.5852  uplink_kB=172.5  t=1.29s
  round  35/50: acc=0.8143  f1m=0.5796  uplink_kB=172.5  t=1.25s
  round  36/50: acc=0.8120  f1m=0.5712  uplink_kB=172.5  t=1.33s
  round  37/50: acc=0.8335  f1m=0.5830  uplink_kB=172.5  t=1.26s
  round  38/50: acc=0.8501  f1m=0.6334  uplink_kB=172.5  t=1.36s
  round  39/50: acc=0.8515  f1m=0.6370  uplink_kB=172.5  t=1.26s
  round  40/50: acc=0.8696  f1m=0.6646  uplink_kB=172.5  t=1.33s
  round  41/50: acc=0.8530  f1m=0.6359  uplink_kB=172.5  t=1.28s
  round  42/50: acc=0.8568  f1m=0.6392  uplink_kB=172.5  t=1.32s
  round  43/50: acc=0.8662  f1m=0.6612  uplink_kB=172.5  t=1.28s
  round  44/50: acc=0.8692  f1m=0.6602  uplink_kB=172.5  t=1.31s
  round  45/50: acc=0.8755  f1m=0.6841  uplink_kB=172.5  t=1.27s
  round  46/50: acc=0.8386  f1m=0.5867  uplink_kB=172.5  t=1.33s
  round  47/50: acc=0.8377  f1m=0.5957  uplink_kB=172.5  t=1.25s
  round  48/50: acc=0.8100  f1m=0.5821  uplink_kB=172.5  t=1.36s
  round  49/50: acc=0.8736  f1m=0.6818  uplink_kB=172.5  t=1.30s
  round  50/50: acc=0.8689  f1m=0.6774  uplink_kB=172.5  t=1.28s
[run] DONE -> /Users/agentra/Documents/hao/working/paper-lab/hao-paper-2026/iotj-fedkan-ids/repo/results/lrsweep_cseciic_mc50k/lrsweep_mlp80_lr0p01__dir0.1__seed107/metrics.json  final_acc=0.8689
