[run] device=cpu  seed=31  out=/Users/agentra/Documents/hao/working/paper-lab/hao-paper-2026/iotj-fedkan-ids/repo/results/mc_botiot/mc_mlp32_lr0p01__dir0.1__seed31
[run] model=mlp  params=1,445
  round   1/50: acc=0.4822  f1m=0.2626  uplink_kB=56.4  t=1.49s
  round   2/50: acc=0.4833  f1m=0.2621  uplink_kB=56.4  t=0.72s
  round   3/50: acc=0.4931  f1m=0.2806  uplink_kB=56.4  t=0.65s
  round   4/50: acc=0.7490  f1m=0.5634  uplink_kB=56.4  t=0.61s
  round   5/50: acc=0.8069  f1m=0.6354  uplink_kB=56.4  t=0.64s
  round   6/50: acc=0.8456  f1m=0.6747  uplink_kB=56.4  t=0.64s
  round   7/50: acc=0.8487  f1m=0.6777  uplink_kB=56.4  t=0.67s
  round   8/50: acc=0.8495  f1m=0.6786  uplink_kB=56.4  t=0.67s
  round   9/50: acc=0.8570  f1m=0.6905  uplink_kB=56.4  t=0.64s
  round  10/50: acc=0.8572  f1m=0.6912  uplink_kB=56.4  t=0.63s
  round  11/50: acc=0.8582  f1m=0.6930  uplink_kB=56.4  t=0.70s
  round  12/50: acc=0.8589  f1m=0.7198  uplink_kB=56.4  t=0.61s
  round  13/50: acc=0.8677  f1m=0.8227  uplink_kB=56.4  t=0.61s
  round  14/50: acc=0.8630  f1m=0.7949  uplink_kB=56.4  t=0.65s
  round  15/50: acc=0.8633  f1m=0.7954  uplink_kB=56.4  t=0.62s
  round  16/50: acc=0.8634  f1m=0.7950  uplink_kB=56.4  t=0.68s
  round  17/50: acc=0.8637  f1m=0.7948  uplink_kB=56.4  t=0.61s
  round  18/50: acc=0.8641  f1m=0.7957  uplink_kB=56.4  t=0.63s
  round  19/50: acc=0.8642  f1m=0.7955  uplink_kB=56.4  t=0.62s
  round  20/50: acc=0.8645  f1m=0.7959  uplink_kB=56.4  t=0.66s
  round  21/50: acc=0.8648  f1m=0.7957  uplink_kB=56.4  t=0.64s
  round  22/50: acc=0.8653  f1m=0.7969  uplink_kB=56.4  t=0.60s
  round  23/50: acc=0.8656  f1m=0.7968  uplink_kB=56.4  t=0.60s
  round  24/50: acc=0.8662  f1m=0.7978  uplink_kB=56.4  t=0.64s
  round  25/50: acc=0.8658  f1m=0.7971  uplink_kB=56.4  t=0.69s
  round  26/50: acc=0.8632  f1m=0.7955  uplink_kB=56.4  t=0.62s
  round  27/50: acc=0.8633  f1m=0.7967  uplink_kB=56.4  t=0.64s
  round  28/50: acc=0.8664  f1m=0.7994  uplink_kB=56.4  t=0.61s
  round  29/50: acc=0.8638  f1m=0.7986  uplink_kB=56.4  t=0.66s
  round  30/50: acc=0.8639  f1m=0.7995  uplink_kB=56.4  t=0.69s
  round  31/50: acc=0.8639  f1m=0.8003  uplink_kB=56.4  t=0.63s
  round  32/50: acc=0.8640  f1m=0.7998  uplink_kB=56.4  t=0.64s
  round  33/50: acc=0.8642  f1m=0.8007  uplink_kB=56.4  t=0.61s
  round  34/50: acc=0.8643  f1m=0.8011  uplink_kB=56.4  t=0.70s
  round  35/50: acc=0.8644  f1m=0.8015  uplink_kB=56.4  t=0.63s
  round  36/50: acc=0.8651  f1m=0.8032  uplink_kB=56.4  t=0.61s
  round  37/50: acc=0.8651  f1m=0.8038  uplink_kB=56.4  t=0.63s
  round  38/50: acc=0.8648  f1m=0.8038  uplink_kB=56.4  t=0.63s
  round  39/50: acc=0.8655  f1m=0.8069  uplink_kB=56.4  t=0.70s
  round  40/50: acc=0.8659  f1m=0.8066  uplink_kB=56.4  t=0.61s
  round  41/50: acc=0.8656  f1m=0.8093  uplink_kB=56.4  t=0.61s
  round  42/50: acc=0.8658  f1m=0.8099  uplink_kB=56.4  t=0.62s
  round  43/50: acc=0.8659  f1m=0.8115  uplink_kB=56.4  t=0.61s
  round  44/50: acc=0.8659  f1m=0.8111  uplink_kB=56.4  t=0.68s
  round  45/50: acc=0.8695  f1m=0.8375  uplink_kB=56.4  t=0.63s
  round  46/50: acc=0.8688  f1m=0.8362  uplink_kB=56.4  t=0.62s
  round  47/50: acc=0.8701  f1m=0.8396  uplink_kB=56.4  t=0.63s
  round  48/50: acc=0.8696  f1m=0.8396  uplink_kB=56.4  t=0.62s
  round  49/50: acc=0.8697  f1m=0.8405  uplink_kB=56.4  t=0.68s
  round  50/50: acc=0.8693  f1m=0.8401  uplink_kB=56.4  t=0.62s
[run] DONE -> /Users/agentra/Documents/hao/working/paper-lab/hao-paper-2026/iotj-fedkan-ids/repo/results/mc_botiot/mc_mlp32_lr0p01__dir0.1__seed31/metrics.json  final_acc=0.8693
