[run] device=cpu  seed=11  out=/Users/agentra/Documents/hao/working/paper-lab/hao-paper-2026/iotj-fedkan-ids/repo/results/lrsweep_botiot/lrsweep_kan16_lr0p1__dir0.1__seed11
[run] model=kan  params=6,560
  round   1/50: acc=0.5023  f1m=0.3364  uplink_kB=282.0  t=2.54s
  round   2/50: acc=0.9621  f1m=0.9621  uplink_kB=282.0  t=1.95s
  round   3/50: acc=0.5023  f1m=0.3364  uplink_kB=282.0  t=1.87s
  round   4/50: acc=0.6705  f1m=0.6310  uplink_kB=282.0  t=1.90s
  round   5/50: acc=0.8339  f1m=0.8292  uplink_kB=282.0  t=1.87s
  round   6/50: acc=0.6175  f1m=0.5511  uplink_kB=282.0  t=1.83s
  round   7/50: acc=0.9654  f1m=0.9653  uplink_kB=282.0  t=1.85s
  round   8/50: acc=0.6800  f1m=0.6430  uplink_kB=282.0  t=1.91s
  round   9/50: acc=0.9546  f1m=0.9545  uplink_kB=282.0  t=1.89s
  round  10/50: acc=0.8874  f1m=0.8861  uplink_kB=282.0  t=1.86s
  round  11/50: acc=0.9592  f1m=0.9592  uplink_kB=282.0  t=1.88s
  round  12/50: acc=0.8901  f1m=0.8888  uplink_kB=282.0  t=1.87s
  round  13/50: acc=0.7832  f1m=0.7724  uplink_kB=282.0  t=1.90s
  round  14/50: acc=0.7407  f1m=0.7218  uplink_kB=282.0  t=1.82s
  round  15/50: acc=0.8571  f1m=0.8541  uplink_kB=282.0  t=1.88s
  round  16/50: acc=0.8815  f1m=0.8798  uplink_kB=282.0  t=1.90s
  round  17/50: acc=0.9617  f1m=0.9617  uplink_kB=282.0  t=1.87s
  round  18/50: acc=0.9615  f1m=0.9615  uplink_kB=282.0  t=1.87s
  round  19/50: acc=0.9709  f1m=0.9709  uplink_kB=282.0  t=1.90s
  round  20/50: acc=0.9180  f1m=0.9175  uplink_kB=282.0  t=1.84s
  round  21/50: acc=0.9573  f1m=0.9573  uplink_kB=282.0  t=1.88s
  round  22/50: acc=0.9572  f1m=0.9572  uplink_kB=282.0  t=1.88s
  round  23/50: acc=0.9615  f1m=0.9614  uplink_kB=282.0  t=1.81s
  round  24/50: acc=0.7849  f1m=0.7746  uplink_kB=282.0  t=1.90s
  round  25/50: acc=0.9720  f1m=0.9719  uplink_kB=282.0  t=1.89s
  round  26/50: acc=0.7694  f1m=0.7563  uplink_kB=282.0  t=1.82s
  round  27/50: acc=0.8836  f1m=0.8821  uplink_kB=282.0  t=1.91s
  round  28/50: acc=0.7502  f1m=0.7334  uplink_kB=282.0  t=1.88s
  round  29/50: acc=0.9659  f1m=0.9659  uplink_kB=282.0  t=1.85s
  round  30/50: acc=0.9583  f1m=0.9583  uplink_kB=282.0  t=1.94s
  round  31/50: acc=0.7172  f1m=0.6924  uplink_kB=282.0  t=1.86s
  round  32/50: acc=0.7848  f1m=0.7743  uplink_kB=282.0  t=1.86s
  round  33/50: acc=0.9189  f1m=0.9184  uplink_kB=282.0  t=1.88s
  round  34/50: acc=0.9192  f1m=0.9187  uplink_kB=282.0  t=1.87s
  round  35/50: acc=0.9697  f1m=0.9697  uplink_kB=282.0  t=1.84s
  round  36/50: acc=0.9696  f1m=0.9696  uplink_kB=282.0  t=1.85s
  round  37/50: acc=0.9552  f1m=0.9552  uplink_kB=282.0  t=1.79s
  round  38/50: acc=0.7893  f1m=0.7834  uplink_kB=282.0  t=1.87s
  round  39/50: acc=0.9655  f1m=0.9655  uplink_kB=282.0  t=1.90s
  round  40/50: acc=0.9596  f1m=0.9596  uplink_kB=282.0  t=1.89s
  round  41/50: acc=0.6852  f1m=0.6510  uplink_kB=282.0  t=1.87s
  round  42/50: acc=0.9675  f1m=0.9675  uplink_kB=282.0  t=1.79s
  round  43/50: acc=0.6411  f1m=0.5886  uplink_kB=282.0  t=1.86s
  round  44/50: acc=0.9704  f1m=0.9704  uplink_kB=282.0  t=1.87s
  round  45/50: acc=0.9719  f1m=0.9719  uplink_kB=282.0  t=1.87s
  round  46/50: acc=0.9395  f1m=0.9395  uplink_kB=282.0  t=1.89s
  round  47/50: acc=0.9687  f1m=0.9687  uplink_kB=282.0  t=1.88s
  round  48/50: acc=0.9639  f1m=0.9639  uplink_kB=282.0  t=1.88s
  round  49/50: acc=0.9537  f1m=0.9537  uplink_kB=282.0  t=1.78s
  round  50/50: acc=0.9723  f1m=0.9723  uplink_kB=282.0  t=1.84s
[run] DONE -> /Users/agentra/Documents/hao/working/paper-lab/hao-paper-2026/iotj-fedkan-ids/repo/results/lrsweep_botiot/lrsweep_kan16_lr0p1__dir0.1__seed11/metrics.json  final_acc=0.9723
