[run] device=cpu  seed=23  out=/Users/agentra/Documents/hao/working/paper-lab/hao-paper-2026/iotj-fedkan-ids/repo/results/lrsweep_cseciic_mc/lrsweep_mlp80_lr0p01__dir0.1__seed23
[run] model=mlp  params=4,415
  round   1/50: acc=0.2792  f1m=0.1077  uplink_kB=172.5  t=2.95s
  round   2/50: acc=0.4789  f1m=0.2408  uplink_kB=172.5  t=2.24s
  round   3/50: acc=0.6373  f1m=0.3287  uplink_kB=172.5  t=2.28s
  round   4/50: acc=0.7834  f1m=0.4791  uplink_kB=172.5  t=2.40s
  round   5/50: acc=0.7986  f1m=0.4860  uplink_kB=172.5  t=2.24s
  round   6/50: acc=0.8163  f1m=0.5000  uplink_kB=172.5  t=2.25s
  round   7/50: acc=0.8226  f1m=0.5179  uplink_kB=172.5  t=2.12s
  round   8/50: acc=0.8488  f1m=0.5823  uplink_kB=172.5  t=2.09s
  round   9/50: acc=0.8465  f1m=0.5780  uplink_kB=172.5  t=2.82s
  round  10/50: acc=0.8495  f1m=0.5820  uplink_kB=172.5  t=2.25s
  round  11/50: acc=0.8552  f1m=0.6138  uplink_kB=172.5  t=2.15s
  round  12/50: acc=0.8492  f1m=0.5799  uplink_kB=172.5  t=2.19s
  round  13/50: acc=0.8615  f1m=0.6372  uplink_kB=172.5  t=2.20s
  round  14/50: acc=0.8569  f1m=0.6308  uplink_kB=172.5  t=2.11s
  round  15/50: acc=0.8666  f1m=0.6603  uplink_kB=172.5  t=2.16s
  round  16/50: acc=0.8674  f1m=0.6689  uplink_kB=172.5  t=2.16s
  round  17/50: acc=0.8673  f1m=0.6681  uplink_kB=172.5  t=2.12s
  round  18/50: acc=0.8646  f1m=0.6470  uplink_kB=172.5  t=2.24s
  round  19/50: acc=0.8677  f1m=0.6692  uplink_kB=172.5  t=2.16s
  round  20/50: acc=0.8651  f1m=0.6481  uplink_kB=172.5  t=2.22s
  round  21/50: acc=0.8730  f1m=0.6765  uplink_kB=172.5  t=2.19s
  round  22/50: acc=0.8652  f1m=0.6411  uplink_kB=172.5  t=2.30s
  round  23/50: acc=0.8762  f1m=0.6811  uplink_kB=172.5  t=2.11s
  round  24/50: acc=0.8726  f1m=0.6723  uplink_kB=172.5  t=2.15s
  round  25/50: acc=0.8761  f1m=0.6818  uplink_kB=172.5  t=2.23s
  round  26/50: acc=0.8637  f1m=0.6395  uplink_kB=172.5  t=2.19s
  round  27/50: acc=0.8772  f1m=0.6814  uplink_kB=172.5  t=2.16s
  round  28/50: acc=0.8694  f1m=0.6490  uplink_kB=172.5  t=2.24s
  round  29/50: acc=0.8761  f1m=0.6781  uplink_kB=172.5  t=2.19s
  round  30/50: acc=0.8783  f1m=0.6817  uplink_kB=172.5  t=2.13s
  round  31/50: acc=0.8749  f1m=0.6770  uplink_kB=172.5  t=2.17s
  round  32/50: acc=0.8792  f1m=0.6811  uplink_kB=172.5  t=2.14s
  round  33/50: acc=0.8795  f1m=0.6841  uplink_kB=172.5  t=2.12s
  round  34/50: acc=0.8769  f1m=0.6944  uplink_kB=172.5  t=2.28s
  round  35/50: acc=0.8712  f1m=0.6693  uplink_kB=172.5  t=2.18s
  round  36/50: acc=0.8791  f1m=0.6950  uplink_kB=172.5  t=2.16s
  round  37/50: acc=0.8701  f1m=0.6686  uplink_kB=172.5  t=2.17s
  round  38/50: acc=0.8789  f1m=0.6957  uplink_kB=172.5  t=2.09s
  round  39/50: acc=0.8714  f1m=0.6720  uplink_kB=172.5  t=2.16s
  round  40/50: acc=0.8778  f1m=0.6958  uplink_kB=172.5  t=2.14s
  round  41/50: acc=0.8725  f1m=0.7000  uplink_kB=172.5  t=2.23s
  round  42/50: acc=0.8821  f1m=0.7241  uplink_kB=172.5  t=2.17s
  round  43/50: acc=0.8736  f1m=0.6960  uplink_kB=172.5  t=2.12s
  round  44/50: acc=0.8824  f1m=0.7264  uplink_kB=172.5  t=2.18s
  round  45/50: acc=0.8818  f1m=0.7258  uplink_kB=172.5  t=2.21s
  round  46/50: acc=0.8807  f1m=0.7292  uplink_kB=172.5  t=2.17s
  round  47/50: acc=0.8872  f1m=0.7541  uplink_kB=172.5  t=2.21s
  round  48/50: acc=0.8831  f1m=0.7248  uplink_kB=172.5  t=2.17s
  round  49/50: acc=0.8865  f1m=0.7600  uplink_kB=172.5  t=2.14s
  round  50/50: acc=0.8822  f1m=0.7470  uplink_kB=172.5  t=2.26s
[run] DONE -> /Users/agentra/Documents/hao/working/paper-lab/hao-paper-2026/iotj-fedkan-ids/repo/results/lrsweep_cseciic_mc/lrsweep_mlp80_lr0p01__dir0.1__seed23/metrics.json  final_acc=0.8822
