[run] device=cpu  seed=111  out=/Users/agentra/Documents/hao/working/paper-lab/hao-paper-2026/iotj-fedkan-ids/repo/results/lrsweep_toniot/lrsweep_kan8_lr0p01__dir0.1__seed111
[run] model=kan  params=3,280
  round   1/50: acc=0.6501  f1m=0.6434  uplink_kB=150.2  t=2.63s
  round   2/50: acc=0.6526  f1m=0.6465  uplink_kB=150.2  t=1.98s
  round   3/50: acc=0.6707  f1m=0.6664  uplink_kB=150.2  t=1.95s
  round   4/50: acc=0.6777  f1m=0.6743  uplink_kB=150.2  t=1.93s
  round   5/50: acc=0.8553  f1m=0.8538  uplink_kB=150.2  t=1.90s
  round   6/50: acc=0.8578  f1m=0.8564  uplink_kB=150.2  t=1.87s
  round   7/50: acc=0.8565  f1m=0.8552  uplink_kB=150.2  t=1.91s
  round   8/50: acc=0.8698  f1m=0.8689  uplink_kB=150.2  t=1.91s
  round   9/50: acc=0.8670  f1m=0.8660  uplink_kB=150.2  t=1.89s
  round  10/50: acc=0.8828  f1m=0.8822  uplink_kB=150.2  t=1.88s
  round  11/50: acc=0.8784  f1m=0.8776  uplink_kB=150.2  t=1.89s
  round  12/50: acc=0.8786  f1m=0.8780  uplink_kB=150.2  t=1.86s
  round  13/50: acc=0.8834  f1m=0.8830  uplink_kB=150.2  t=1.82s
  round  14/50: acc=0.8826  f1m=0.8822  uplink_kB=150.2  t=1.89s
  round  15/50: acc=0.8888  f1m=0.8884  uplink_kB=150.2  t=1.87s
  round  16/50: acc=0.8915  f1m=0.8911  uplink_kB=150.2  t=1.87s
  round  17/50: acc=0.8928  f1m=0.8924  uplink_kB=150.2  t=1.88s
  round  18/50: acc=0.8923  f1m=0.8919  uplink_kB=150.2  t=1.91s
  round  19/50: acc=0.8973  f1m=0.8970  uplink_kB=150.2  t=1.81s
  round  20/50: acc=0.9028  f1m=0.9025  uplink_kB=150.2  t=1.87s
  round  21/50: acc=0.9057  f1m=0.9053  uplink_kB=150.2  t=1.93s
  round  22/50: acc=0.9058  f1m=0.9054  uplink_kB=150.2  t=1.87s
  round  23/50: acc=0.9032  f1m=0.9027  uplink_kB=150.2  t=1.90s
  round  24/50: acc=0.8974  f1m=0.8966  uplink_kB=150.2  t=1.92s
  round  25/50: acc=0.9028  f1m=0.9025  uplink_kB=150.2  t=1.80s
  round  26/50: acc=0.9062  f1m=0.9057  uplink_kB=150.2  t=1.87s
  round  27/50: acc=0.9162  f1m=0.9160  uplink_kB=150.2  t=1.92s
  round  28/50: acc=0.9034  f1m=0.9028  uplink_kB=150.2  t=1.91s
  round  29/50: acc=0.9095  f1m=0.9092  uplink_kB=150.2  t=1.92s
  round  30/50: acc=0.9172  f1m=0.9169  uplink_kB=150.2  t=1.87s
  round  31/50: acc=0.9163  f1m=0.9160  uplink_kB=150.2  t=1.90s
  round  32/50: acc=0.9007  f1m=0.9001  uplink_kB=150.2  t=1.83s
  round  33/50: acc=0.9198  f1m=0.9196  uplink_kB=150.2  t=1.92s
  round  34/50: acc=0.9166  f1m=0.9163  uplink_kB=150.2  t=1.89s
  round  35/50: acc=0.9210  f1m=0.9208  uplink_kB=150.2  t=1.92s
  round  36/50: acc=0.9118  f1m=0.9115  uplink_kB=150.2  t=1.89s
  round  37/50: acc=0.9199  f1m=0.9196  uplink_kB=150.2  t=1.90s
  round  38/50: acc=0.9176  f1m=0.9173  uplink_kB=150.2  t=1.89s
  round  39/50: acc=0.9265  f1m=0.9263  uplink_kB=150.2  t=1.79s
  round  40/50: acc=0.9119  f1m=0.9115  uplink_kB=150.2  t=1.92s
  round  41/50: acc=0.9042  f1m=0.9037  uplink_kB=150.2  t=1.87s
  round  42/50: acc=0.9328  f1m=0.9327  uplink_kB=150.2  t=1.85s
  round  43/50: acc=0.9145  f1m=0.9142  uplink_kB=150.2  t=1.90s
  round  44/50: acc=0.9383  f1m=0.9382  uplink_kB=150.2  t=1.92s
  round  45/50: acc=0.9222  f1m=0.9221  uplink_kB=150.2  t=1.88s
  round  46/50: acc=0.9388  f1m=0.9387  uplink_kB=150.2  t=1.83s
  round  47/50: acc=0.9296  f1m=0.9295  uplink_kB=150.2  t=1.88s
  round  48/50: acc=0.9437  f1m=0.9437  uplink_kB=150.2  t=1.90s
  round  49/50: acc=0.9230  f1m=0.9228  uplink_kB=150.2  t=1.90s
  round  50/50: acc=0.9420  f1m=0.9419  uplink_kB=150.2  t=1.83s
[run] DONE -> /Users/agentra/Documents/hao/working/paper-lab/hao-paper-2026/iotj-fedkan-ids/repo/results/lrsweep_toniot/lrsweep_kan8_lr0p01__dir0.1__seed111/metrics.json  final_acc=0.9420
