[run] device=cpu  seed=37  out=/Users/agentra/Documents/hao/working/paper-lab/hao-paper-2026/iotj-fedkan-ids/repo/results/lrsweep_cseciic_mc50k/lrsweep_kan8_lr0p003__dir0.1__seed37
[run] model=kan  params=4,320
  round   1/50: acc=0.2501  f1m=0.0808  uplink_kB=190.8  t=3.30s
  round   2/50: acc=0.2619  f1m=0.0796  uplink_kB=190.8  t=2.56s
  round   3/50: acc=0.2758  f1m=0.0829  uplink_kB=190.8  t=2.60s
  round   4/50: acc=0.2899  f1m=0.0889  uplink_kB=190.8  t=2.56s
  round   5/50: acc=0.3645  f1m=0.1440  uplink_kB=190.8  t=2.83s
  round   6/50: acc=0.4705  f1m=0.2138  uplink_kB=190.8  t=2.57s
  round   7/50: acc=0.4720  f1m=0.2177  uplink_kB=190.8  t=2.70s
  round   8/50: acc=0.4914  f1m=0.2412  uplink_kB=190.8  t=2.59s
  round   9/50: acc=0.5910  f1m=0.3071  uplink_kB=190.8  t=2.68s
  round  10/50: acc=0.6011  f1m=0.3115  uplink_kB=190.8  t=2.62s
  round  11/50: acc=0.6139  f1m=0.3182  uplink_kB=190.8  t=2.76s
  round  12/50: acc=0.6354  f1m=0.3289  uplink_kB=190.8  t=2.54s
  round  13/50: acc=0.6402  f1m=0.3311  uplink_kB=190.8  t=2.65s
  round  14/50: acc=0.6386  f1m=0.3307  uplink_kB=190.8  t=2.62s
  round  15/50: acc=0.6371  f1m=0.3301  uplink_kB=190.8  t=2.66s
  round  16/50: acc=0.6585  f1m=0.3543  uplink_kB=190.8  t=2.53s
  round  17/50: acc=0.6588  f1m=0.3555  uplink_kB=190.8  t=2.68s
  round  18/50: acc=0.6615  f1m=0.3576  uplink_kB=190.8  t=2.53s
  round  19/50: acc=0.6630  f1m=0.3596  uplink_kB=190.8  t=2.65s
  round  20/50: acc=0.7110  f1m=0.4016  uplink_kB=190.8  t=2.61s
  round  21/50: acc=0.7134  f1m=0.4062  uplink_kB=190.8  t=2.70s
  round  22/50: acc=0.7129  f1m=0.4063  uplink_kB=190.8  t=2.57s
  round  23/50: acc=0.7134  f1m=0.4077  uplink_kB=190.8  t=2.69s
  round  24/50: acc=0.7151  f1m=0.4053  uplink_kB=190.8  t=2.60s
  round  25/50: acc=0.7170  f1m=0.4066  uplink_kB=190.8  t=2.69s
  round  26/50: acc=0.7181  f1m=0.4050  uplink_kB=190.8  t=2.57s
  round  27/50: acc=0.7180  f1m=0.4058  uplink_kB=190.8  t=2.62s
  round  28/50: acc=0.7253  f1m=0.4133  uplink_kB=190.8  t=2.66s
  round  29/50: acc=0.7261  f1m=0.4133  uplink_kB=190.8  t=2.64s
  round  30/50: acc=0.7296  f1m=0.4177  uplink_kB=190.8  t=2.65s
  round  31/50: acc=0.7281  f1m=0.4172  uplink_kB=190.8  t=2.64s
  round  32/50: acc=0.7292  f1m=0.4184  uplink_kB=190.8  t=2.57s
  round  33/50: acc=0.7318  f1m=0.4212  uplink_kB=190.8  t=2.68s
  round  34/50: acc=0.7326  f1m=0.4212  uplink_kB=190.8  t=2.76s
  round  35/50: acc=0.7335  f1m=0.4226  uplink_kB=190.8  t=2.58s
  round  36/50: acc=0.7375  f1m=0.4278  uplink_kB=190.8  t=2.65s
  round  37/50: acc=0.7346  f1m=0.4230  uplink_kB=190.8  t=2.62s
  round  38/50: acc=0.7381  f1m=0.4294  uplink_kB=190.8  t=2.68s
  round  39/50: acc=0.7381  f1m=0.4296  uplink_kB=190.8  t=2.58s
  round  40/50: acc=0.7418  f1m=0.4354  uplink_kB=190.8  t=2.72s
  round  41/50: acc=0.7348  f1m=0.4303  uplink_kB=190.8  t=2.56s
  round  42/50: acc=0.7388  f1m=0.4372  uplink_kB=190.8  t=2.70s
  round  43/50: acc=0.7386  f1m=0.4367  uplink_kB=190.8  t=2.55s
  round  44/50: acc=0.7406  f1m=0.4404  uplink_kB=190.8  t=2.56s
  round  45/50: acc=0.7837  f1m=0.5089  uplink_kB=190.8  t=2.66s
  round  46/50: acc=0.7832  f1m=0.5085  uplink_kB=190.8  t=2.59s
  round  47/50: acc=0.7871  f1m=0.5145  uplink_kB=190.8  t=2.63s
  round  48/50: acc=0.7835  f1m=0.5109  uplink_kB=190.8  t=2.56s
  round  49/50: acc=0.8011  f1m=0.5313  uplink_kB=190.8  t=2.65s
  round  50/50: acc=0.7995  f1m=0.5323  uplink_kB=190.8  t=2.53s
[run] DONE -> /Users/agentra/Documents/hao/working/paper-lab/hao-paper-2026/iotj-fedkan-ids/repo/results/lrsweep_cseciic_mc50k/lrsweep_kan8_lr0p003__dir0.1__seed37/metrics.json  final_acc=0.7995
