[run] device=cpu  seed=11  out=/Users/agentra/Documents/hao/working/paper-lab/hao-paper-2026/iotj-fedkan-ids/repo/results/lrsweep_cseciic_mc50k/lrsweep_mlp80_lr0p03__dir0.1__seed11
[run] model=mlp  params=4,415
  round   1/50: acc=0.2546  f1m=0.1071  uplink_kB=172.5  t=1.61s
  round   2/50: acc=0.6221  f1m=0.3953  uplink_kB=172.5  t=1.04s
  round   3/50: acc=0.6153  f1m=0.3940  uplink_kB=172.5  t=1.10s
  round   4/50: acc=0.6824  f1m=0.5012  uplink_kB=172.5  t=1.04s
  round   5/50: acc=0.6995  f1m=0.4985  uplink_kB=172.5  t=1.09s
  round   6/50: acc=0.7419  f1m=0.6014  uplink_kB=172.5  t=1.03s
  round   7/50: acc=0.7675  f1m=0.5699  uplink_kB=172.5  t=1.10s
  round   8/50: acc=0.6515  f1m=0.4671  uplink_kB=172.5  t=0.98s
  round   9/50: acc=0.7797  f1m=0.5813  uplink_kB=172.5  t=1.09s
  round  10/50: acc=0.7452  f1m=0.6053  uplink_kB=172.5  t=1.06s
  round  11/50: acc=0.7055  f1m=0.5299  uplink_kB=172.5  t=1.05s
  round  12/50: acc=0.7827  f1m=0.6284  uplink_kB=172.5  t=1.05s
  round  13/50: acc=0.6926  f1m=0.5296  uplink_kB=172.5  t=1.08s
  round  14/50: acc=0.7312  f1m=0.5230  uplink_kB=172.5  t=1.02s
  round  15/50: acc=0.6668  f1m=0.5148  uplink_kB=172.5  t=1.07s
  round  16/50: acc=0.7613  f1m=0.5686  uplink_kB=172.5  t=1.08s
  round  17/50: acc=0.7037  f1m=0.5749  uplink_kB=172.5  t=1.12s
  round  18/50: acc=0.7903  f1m=0.6241  uplink_kB=172.5  t=1.07s
  round  19/50: acc=0.7599  f1m=0.5920  uplink_kB=172.5  t=1.11s
  round  20/50: acc=0.7616  f1m=0.5538  uplink_kB=172.5  t=1.06s
  round  21/50: acc=0.8141  f1m=0.6774  uplink_kB=172.5  t=1.09s
  round  22/50: acc=0.8228  f1m=0.7082  uplink_kB=172.5  t=1.01s
  round  23/50: acc=0.8086  f1m=0.6802  uplink_kB=172.5  t=1.06s
  round  24/50: acc=0.8280  f1m=0.6711  uplink_kB=172.5  t=1.02s
  round  25/50: acc=0.7659  f1m=0.6092  uplink_kB=172.5  t=1.07s
  round  26/50: acc=0.8600  f1m=0.7148  uplink_kB=172.5  t=1.06s
  round  27/50: acc=0.7622  f1m=0.5989  uplink_kB=172.5  t=1.06s
  round  28/50: acc=0.8703  f1m=0.7265  uplink_kB=172.5  t=1.07s
  round  29/50: acc=0.7431  f1m=0.5844  uplink_kB=172.5  t=1.10s
  round  30/50: acc=0.8700  f1m=0.7219  uplink_kB=172.5  t=1.13s
  round  31/50: acc=0.7990  f1m=0.6416  uplink_kB=172.5  t=1.03s
  round  32/50: acc=0.8501  f1m=0.6970  uplink_kB=172.5  t=1.10s
  round  33/50: acc=0.7770  f1m=0.6081  uplink_kB=172.5  t=1.07s
  round  34/50: acc=0.8395  f1m=0.7063  uplink_kB=172.5  t=1.11s
  round  35/50: acc=0.8112  f1m=0.6318  uplink_kB=172.5  t=1.06s
  round  36/50: acc=0.8592  f1m=0.7201  uplink_kB=172.5  t=1.23s
  round  37/50: acc=0.8172  f1m=0.6366  uplink_kB=172.5  t=1.03s
  round  38/50: acc=0.8737  f1m=0.7327  uplink_kB=172.5  t=1.07s
  round  39/50: acc=0.8590  f1m=0.7264  uplink_kB=172.5  t=1.03s
  round  40/50: acc=0.8840  f1m=0.7445  uplink_kB=172.5  t=1.07s
  round  41/50: acc=0.8377  f1m=0.6525  uplink_kB=172.5  t=1.05s
  round  42/50: acc=0.8283  f1m=0.6554  uplink_kB=172.5  t=1.50s
  round  43/50: acc=0.8465  f1m=0.7009  uplink_kB=172.5  t=1.22s
  round  44/50: acc=0.8198  f1m=0.6458  uplink_kB=172.5  t=1.10s
  round  45/50: acc=0.8824  f1m=0.7483  uplink_kB=172.5  t=1.01s
  round  46/50: acc=0.8777  f1m=0.7288  uplink_kB=172.5  t=1.08s
  round  47/50: acc=0.8731  f1m=0.7431  uplink_kB=172.5  t=1.07s
  round  48/50: acc=0.8811  f1m=0.7417  uplink_kB=172.5  t=0.96s
  round  49/50: acc=0.8295  f1m=0.6574  uplink_kB=172.5  t=0.94s
  round  50/50: acc=0.8534  f1m=0.6981  uplink_kB=172.5  t=1.14s
[run] DONE -> /Users/agentra/Documents/hao/working/paper-lab/hao-paper-2026/iotj-fedkan-ids/repo/results/lrsweep_cseciic_mc50k/lrsweep_mlp80_lr0p03__dir0.1__seed11/metrics.json  final_acc=0.8534
