[run] device=cpu  seed=37  out=/Users/agentra/Documents/hao/working/paper-lab/hao-paper-2026/iotj-fedkan-ids/repo/results/lrsweep_toniot/lrsweep_mlp80_lr0p001__dir0.1__seed37
[run] model=mlp  params=3,362
  round   1/50: acc=0.6745  f1m=0.6695  uplink_kB=131.3  t=1.12s
  round   2/50: acc=0.6713  f1m=0.6661  uplink_kB=131.3  t=0.66s
  round   3/50: acc=0.6794  f1m=0.6752  uplink_kB=131.3  t=0.66s
  round   4/50: acc=0.6857  f1m=0.6830  uplink_kB=131.3  t=0.66s
  round   5/50: acc=0.6959  f1m=0.6939  uplink_kB=131.3  t=0.65s
  round   6/50: acc=0.7005  f1m=0.6988  uplink_kB=131.3  t=0.61s
  round   7/50: acc=0.7364  f1m=0.7359  uplink_kB=131.3  t=0.66s
  round   8/50: acc=0.7353  f1m=0.7345  uplink_kB=131.3  t=0.66s
  round   9/50: acc=0.7352  f1m=0.7344  uplink_kB=131.3  t=0.65s
  round  10/50: acc=0.7371  f1m=0.7361  uplink_kB=131.3  t=0.68s
  round  11/50: acc=0.7382  f1m=0.7372  uplink_kB=131.3  t=0.69s
  round  12/50: acc=0.7418  f1m=0.7407  uplink_kB=131.3  t=0.68s
  round  13/50: acc=0.7440  f1m=0.7430  uplink_kB=131.3  t=0.64s
  round  14/50: acc=0.7452  f1m=0.7440  uplink_kB=131.3  t=0.67s
  round  15/50: acc=0.7467  f1m=0.7456  uplink_kB=131.3  t=0.68s
  round  16/50: acc=0.7486  f1m=0.7475  uplink_kB=131.3  t=0.67s
  round  17/50: acc=0.7487  f1m=0.7476  uplink_kB=131.3  t=0.67s
  round  18/50: acc=0.7500  f1m=0.7490  uplink_kB=131.3  t=0.69s
  round  19/50: acc=0.7500  f1m=0.7489  uplink_kB=131.3  t=0.61s
  round  20/50: acc=0.7527  f1m=0.7515  uplink_kB=131.3  t=0.66s
  round  21/50: acc=0.7525  f1m=0.7513  uplink_kB=131.3  t=0.66s
  round  22/50: acc=0.7533  f1m=0.7521  uplink_kB=131.3  t=0.68s
  round  23/50: acc=0.7560  f1m=0.7548  uplink_kB=131.3  t=0.65s
  round  24/50: acc=0.7588  f1m=0.7575  uplink_kB=131.3  t=0.64s
  round  25/50: acc=0.7630  f1m=0.7616  uplink_kB=131.3  t=0.62s
  round  26/50: acc=0.7623  f1m=0.7610  uplink_kB=131.3  t=0.68s
  round  27/50: acc=0.7633  f1m=0.7619  uplink_kB=131.3  t=0.66s
  round  28/50: acc=0.7630  f1m=0.7616  uplink_kB=131.3  t=0.68s
  round  29/50: acc=0.7664  f1m=0.7648  uplink_kB=131.3  t=0.63s
  round  30/50: acc=0.7672  f1m=0.7656  uplink_kB=131.3  t=0.66s
  round  31/50: acc=0.7672  f1m=0.7654  uplink_kB=131.3  t=0.64s
  round  32/50: acc=0.7675  f1m=0.7657  uplink_kB=131.3  t=0.60s
  round  33/50: acc=0.7675  f1m=0.7657  uplink_kB=131.3  t=0.64s
  round  34/50: acc=0.7674  f1m=0.7654  uplink_kB=131.3  t=0.66s
  round  35/50: acc=0.7674  f1m=0.7654  uplink_kB=131.3  t=0.66s
  round  36/50: acc=0.7676  f1m=0.7655  uplink_kB=131.3  t=0.67s
  round  37/50: acc=0.7676  f1m=0.7655  uplink_kB=131.3  t=0.66s
  round  38/50: acc=0.7672  f1m=0.7648  uplink_kB=131.3  t=0.64s
  round  39/50: acc=0.7685  f1m=0.7662  uplink_kB=131.3  t=0.69s
  round  40/50: acc=0.7646  f1m=0.7618  uplink_kB=131.3  t=0.62s
  round  41/50: acc=0.7664  f1m=0.7639  uplink_kB=131.3  t=0.64s
  round  42/50: acc=0.7649  f1m=0.7622  uplink_kB=131.3  t=0.66s
  round  43/50: acc=0.7666  f1m=0.7640  uplink_kB=131.3  t=0.66s
  round  44/50: acc=0.7664  f1m=0.7637  uplink_kB=131.3  t=0.65s
  round  45/50: acc=0.7692  f1m=0.7664  uplink_kB=131.3  t=0.68s
  round  46/50: acc=0.7685  f1m=0.7656  uplink_kB=131.3  t=0.65s
  round  47/50: acc=0.7697  f1m=0.7666  uplink_kB=131.3  t=0.62s
  round  48/50: acc=0.7703  f1m=0.7672  uplink_kB=131.3  t=0.67s
  round  49/50: acc=0.7701  f1m=0.7672  uplink_kB=131.3  t=0.67s
  round  50/50: acc=0.7710  f1m=0.7680  uplink_kB=131.3  t=0.65s
[run] DONE -> /Users/agentra/Documents/hao/working/paper-lab/hao-paper-2026/iotj-fedkan-ids/repo/results/lrsweep_toniot/lrsweep_mlp80_lr0p001__dir0.1__seed37/metrics.json  final_acc=0.7710
