[run] device=cpu  seed=11  out=/Users/agentra/Documents/hao/working/paper-lab/hao-paper-2026/iotj-fedkan-ids/repo/results/lrsweep_botiot/lrsweep_mlp80_lr0p001__dir0.1__seed11
[run] model=mlp  params=3,362
  round   1/50: acc=0.9280  f1m=0.9280  uplink_kB=131.3  t=1.36s
  round   2/50: acc=0.9303  f1m=0.9303  uplink_kB=131.3  t=0.65s
  round   3/50: acc=0.9284  f1m=0.9284  uplink_kB=131.3  t=0.70s
  round   4/50: acc=0.9284  f1m=0.9284  uplink_kB=131.3  t=0.67s
  round   5/50: acc=0.9286  f1m=0.9286  uplink_kB=131.3  t=0.59s
  round   6/50: acc=0.9286  f1m=0.9285  uplink_kB=131.3  t=0.68s
  round   7/50: acc=0.9286  f1m=0.9286  uplink_kB=131.3  t=0.66s
  round   8/50: acc=0.9286  f1m=0.9286  uplink_kB=131.3  t=0.64s
  round   9/50: acc=0.9320  f1m=0.9320  uplink_kB=131.3  t=0.66s
  round  10/50: acc=0.9321  f1m=0.9321  uplink_kB=131.3  t=0.65s
  round  11/50: acc=0.9344  f1m=0.9344  uplink_kB=131.3  t=0.68s
  round  12/50: acc=0.9347  f1m=0.9347  uplink_kB=131.3  t=0.61s
  round  13/50: acc=0.9352  f1m=0.9352  uplink_kB=131.3  t=0.66s
  round  14/50: acc=0.9355  f1m=0.9355  uplink_kB=131.3  t=0.66s
  round  15/50: acc=0.9361  f1m=0.9361  uplink_kB=131.3  t=0.66s
  round  16/50: acc=0.9363  f1m=0.9363  uplink_kB=131.3  t=0.66s
  round  17/50: acc=0.9373  f1m=0.9373  uplink_kB=131.3  t=0.61s
  round  18/50: acc=0.9388  f1m=0.9388  uplink_kB=131.3  t=0.66s
  round  19/50: acc=0.9418  f1m=0.9418  uplink_kB=131.3  t=0.64s
  round  20/50: acc=0.9490  f1m=0.9490  uplink_kB=131.3  t=0.65s
  round  21/50: acc=0.9495  f1m=0.9495  uplink_kB=131.3  t=0.64s
  round  22/50: acc=0.9504  f1m=0.9504  uplink_kB=131.3  t=0.69s
  round  23/50: acc=0.9528  f1m=0.9528  uplink_kB=131.3  t=0.63s
  round  24/50: acc=0.9533  f1m=0.9533  uplink_kB=131.3  t=0.66s
  round  25/50: acc=0.9540  f1m=0.9540  uplink_kB=131.3  t=0.64s
  round  26/50: acc=0.9543  f1m=0.9543  uplink_kB=131.3  t=0.66s
  round  27/50: acc=0.9545  f1m=0.9545  uplink_kB=131.3  t=0.68s
  round  28/50: acc=0.9547  f1m=0.9547  uplink_kB=131.3  t=0.68s
  round  29/50: acc=0.9562  f1m=0.9562  uplink_kB=131.3  t=0.64s
  round  30/50: acc=0.9569  f1m=0.9569  uplink_kB=131.3  t=0.61s
  round  31/50: acc=0.9569  f1m=0.9569  uplink_kB=131.3  t=0.67s
  round  32/50: acc=0.9579  f1m=0.9579  uplink_kB=131.3  t=0.63s
  round  33/50: acc=0.9584  f1m=0.9584  uplink_kB=131.3  t=0.65s
  round  34/50: acc=0.9601  f1m=0.9601  uplink_kB=131.3  t=0.68s
  round  35/50: acc=0.9609  f1m=0.9609  uplink_kB=131.3  t=0.66s
  round  36/50: acc=0.9608  f1m=0.9608  uplink_kB=131.3  t=0.64s
  round  37/50: acc=0.9616  f1m=0.9616  uplink_kB=131.3  t=0.66s
  round  38/50: acc=0.9623  f1m=0.9623  uplink_kB=131.3  t=0.69s
  round  39/50: acc=0.9630  f1m=0.9630  uplink_kB=131.3  t=0.70s
  round  40/50: acc=0.9632  f1m=0.9632  uplink_kB=131.3  t=0.67s
  round  41/50: acc=0.9644  f1m=0.9644  uplink_kB=131.3  t=0.68s
  round  42/50: acc=0.9650  f1m=0.9650  uplink_kB=131.3  t=0.70s
  round  43/50: acc=0.9656  f1m=0.9656  uplink_kB=131.3  t=0.61s
  round  44/50: acc=0.9658  f1m=0.9658  uplink_kB=131.3  t=0.73s
  round  45/50: acc=0.9646  f1m=0.9646  uplink_kB=131.3  t=0.64s
  round  46/50: acc=0.9652  f1m=0.9652  uplink_kB=131.3  t=0.65s
  round  47/50: acc=0.9654  f1m=0.9654  uplink_kB=131.3  t=0.63s
  round  48/50: acc=0.9658  f1m=0.9658  uplink_kB=131.3  t=0.65s
  round  49/50: acc=0.9654  f1m=0.9654  uplink_kB=131.3  t=0.64s
  round  50/50: acc=0.9668  f1m=0.9668  uplink_kB=131.3  t=0.69s
[run] DONE -> /Users/agentra/Documents/hao/working/paper-lab/hao-paper-2026/iotj-fedkan-ids/repo/results/lrsweep_botiot/lrsweep_mlp80_lr0p001__dir0.1__seed11/metrics.json  final_acc=0.9668
