[run] device=cpu  seed=29  out=/Users/agentra/Documents/hao/working/paper-lab/hao-paper-2026/iotj-fedkan-ids/repo/results/lrsweep_cseciic_mc50k/lrsweep_mlp32_lr0p003__dir0.1__seed29
[run] model=mlp  params=1,775
  round   1/50: acc=0.3209  f1m=0.1314  uplink_kB=69.3  t=1.52s
  round   2/50: acc=0.3186  f1m=0.1239  uplink_kB=69.3  t=1.03s
  round   3/50: acc=0.4264  f1m=0.1846  uplink_kB=69.3  t=1.03s
  round   4/50: acc=0.4580  f1m=0.1998  uplink_kB=69.3  t=1.00s
  round   5/50: acc=0.4827  f1m=0.2639  uplink_kB=69.3  t=1.05s
  round   6/50: acc=0.4961  f1m=0.2747  uplink_kB=69.3  t=1.02s
  round   7/50: acc=0.4973  f1m=0.2766  uplink_kB=69.3  t=1.07s
  round   8/50: acc=0.5025  f1m=0.2808  uplink_kB=69.3  t=0.96s
  round   9/50: acc=0.5193  f1m=0.2920  uplink_kB=69.3  t=1.05s
  round  10/50: acc=0.5408  f1m=0.3065  uplink_kB=69.3  t=1.07s
  round  11/50: acc=0.5611  f1m=0.3202  uplink_kB=69.3  t=1.01s
  round  12/50: acc=0.5766  f1m=0.3305  uplink_kB=69.3  t=1.04s
  round  13/50: acc=0.5890  f1m=0.3402  uplink_kB=69.3  t=1.04s
  round  14/50: acc=0.5977  f1m=0.3448  uplink_kB=69.3  t=1.04s
  round  15/50: acc=0.6054  f1m=0.3484  uplink_kB=69.3  t=1.00s
  round  16/50: acc=0.6106  f1m=0.3515  uplink_kB=69.3  t=1.06s
  round  17/50: acc=0.6226  f1m=0.3582  uplink_kB=69.3  t=1.00s
  round  18/50: acc=0.6294  f1m=0.3616  uplink_kB=69.3  t=1.06s
  round  19/50: acc=0.6323  f1m=0.3633  uplink_kB=69.3  t=1.00s
  round  20/50: acc=0.6459  f1m=0.3712  uplink_kB=69.3  t=1.09s
  round  21/50: acc=0.6540  f1m=0.3762  uplink_kB=69.3  t=1.01s
  round  22/50: acc=0.6548  f1m=0.3768  uplink_kB=69.3  t=1.09s
  round  23/50: acc=0.6549  f1m=0.3775  uplink_kB=69.3  t=1.00s
  round  24/50: acc=0.6600  f1m=0.3802  uplink_kB=69.3  t=1.05s
  round  25/50: acc=0.6604  f1m=0.3807  uplink_kB=69.3  t=0.96s
  round  26/50: acc=0.6605  f1m=0.3810  uplink_kB=69.3  t=1.05s
  round  27/50: acc=0.6610  f1m=0.3818  uplink_kB=69.3  t=0.98s
  round  28/50: acc=0.6616  f1m=0.3847  uplink_kB=69.3  t=1.06s
  round  29/50: acc=0.6640  f1m=0.3907  uplink_kB=69.3  t=1.02s
  round  30/50: acc=0.6692  f1m=0.4037  uplink_kB=69.3  t=1.06s
  round  31/50: acc=0.6743  f1m=0.4184  uplink_kB=69.3  t=1.05s
  round  32/50: acc=0.6785  f1m=0.4264  uplink_kB=69.3  t=1.07s
  round  33/50: acc=0.6815  f1m=0.4311  uplink_kB=69.3  t=1.06s
  round  34/50: acc=0.7272  f1m=0.4748  uplink_kB=69.3  t=1.06s
  round  35/50: acc=0.7282  f1m=0.4757  uplink_kB=69.3  t=1.02s
  round  36/50: acc=0.7297  f1m=0.4783  uplink_kB=69.3  t=1.03s
  round  37/50: acc=0.7304  f1m=0.4804  uplink_kB=69.3  t=0.97s
  round  38/50: acc=0.7331  f1m=0.4847  uplink_kB=69.3  t=1.03s
  round  39/50: acc=0.7343  f1m=0.4852  uplink_kB=69.3  t=1.02s
  round  40/50: acc=0.7336  f1m=0.4850  uplink_kB=69.3  t=1.04s
  round  41/50: acc=0.7348  f1m=0.4859  uplink_kB=69.3  t=0.98s
  round  42/50: acc=0.7346  f1m=0.4855  uplink_kB=69.3  t=1.12s
  round  43/50: acc=0.7348  f1m=0.4860  uplink_kB=69.3  t=1.04s
  round  44/50: acc=0.7348  f1m=0.4855  uplink_kB=69.3  t=1.07s
  round  45/50: acc=0.7345  f1m=0.4849  uplink_kB=69.3  t=1.25s
  round  46/50: acc=0.7351  f1m=0.4851  uplink_kB=69.3  t=1.03s
  round  47/50: acc=0.7361  f1m=0.4861  uplink_kB=69.3  t=0.99s
  round  48/50: acc=0.7808  f1m=0.5602  uplink_kB=69.3  t=1.04s
  round  49/50: acc=0.7816  f1m=0.5606  uplink_kB=69.3  t=1.06s
  round  50/50: acc=0.7814  f1m=0.5599  uplink_kB=69.3  t=0.99s
[run] DONE -> /Users/agentra/Documents/hao/working/paper-lab/hao-paper-2026/iotj-fedkan-ids/repo/results/lrsweep_cseciic_mc50k/lrsweep_mlp32_lr0p003__dir0.1__seed29/metrics.json  final_acc=0.7814
