[run] device=cpu  seed=37  out=/Users/agentra/Documents/hao/working/paper-lab/hao-paper-2026/iotj-fedkan-ids/repo/results/lrsweep_cseciic_mc50k/lrsweep_mlp32_lr0p0003__dir0.1__seed37
[run] model=mlp  params=1,775
  round   1/50: acc=0.0710  f1m=0.0136  uplink_kB=69.3  t=1.55s
  round   2/50: acc=0.0724  f1m=0.0188  uplink_kB=69.3  t=0.98s
  round   3/50: acc=0.1520  f1m=0.0627  uplink_kB=69.3  t=1.01s
  round   4/50: acc=0.1771  f1m=0.0578  uplink_kB=69.3  t=1.00s
  round   5/50: acc=0.1894  f1m=0.0600  uplink_kB=69.3  t=1.05s
  round   6/50: acc=0.1967  f1m=0.0671  uplink_kB=69.3  t=1.01s
  round   7/50: acc=0.2106  f1m=0.0635  uplink_kB=69.3  t=1.05s
  round   8/50: acc=0.2361  f1m=0.0576  uplink_kB=69.3  t=1.02s
  round   9/50: acc=0.2408  f1m=0.0594  uplink_kB=69.3  t=1.08s
  round  10/50: acc=0.2407  f1m=0.0588  uplink_kB=69.3  t=1.03s
  round  11/50: acc=0.2364  f1m=0.0542  uplink_kB=69.3  t=1.04s
  round  12/50: acc=0.2351  f1m=0.0527  uplink_kB=69.3  t=1.01s
  round  13/50: acc=0.2347  f1m=0.0524  uplink_kB=69.3  t=1.05s
  round  14/50: acc=0.2346  f1m=0.0524  uplink_kB=69.3  t=1.03s
  round  15/50: acc=0.2346  f1m=0.0526  uplink_kB=69.3  t=1.04s
  round  16/50: acc=0.2365  f1m=0.0548  uplink_kB=69.3  t=1.04s
  round  17/50: acc=0.2441  f1m=0.0625  uplink_kB=69.3  t=1.07s
  round  18/50: acc=0.2450  f1m=0.0636  uplink_kB=69.3  t=1.00s
  round  19/50: acc=0.2449  f1m=0.0637  uplink_kB=69.3  t=1.07s
  round  20/50: acc=0.2449  f1m=0.0640  uplink_kB=69.3  t=1.00s
  round  21/50: acc=0.2446  f1m=0.0642  uplink_kB=69.3  t=0.99s
  round  22/50: acc=0.2446  f1m=0.0642  uplink_kB=69.3  t=1.04s
  round  23/50: acc=0.2449  f1m=0.0643  uplink_kB=69.3  t=0.99s
  round  24/50: acc=0.2450  f1m=0.0643  uplink_kB=69.3  t=1.06s
  round  25/50: acc=0.2479  f1m=0.0666  uplink_kB=69.3  t=1.00s
  round  26/50: acc=0.2848  f1m=0.0918  uplink_kB=69.3  t=1.06s
  round  27/50: acc=0.3172  f1m=0.1071  uplink_kB=69.3  t=1.00s
  round  28/50: acc=0.3164  f1m=0.1068  uplink_kB=69.3  t=1.01s
  round  29/50: acc=0.3165  f1m=0.1068  uplink_kB=69.3  t=1.09s
  round  30/50: acc=0.3171  f1m=0.1069  uplink_kB=69.3  t=1.03s
  round  31/50: acc=0.3203  f1m=0.1079  uplink_kB=69.3  t=1.06s
  round  32/50: acc=0.3777  f1m=0.1521  uplink_kB=69.3  t=1.04s
  round  33/50: acc=0.4017  f1m=0.1661  uplink_kB=69.3  t=1.05s
  round  34/50: acc=0.4019  f1m=0.1646  uplink_kB=69.3  t=1.03s
  round  35/50: acc=0.4015  f1m=0.1637  uplink_kB=69.3  t=1.08s
  round  36/50: acc=0.4015  f1m=0.1632  uplink_kB=69.3  t=1.01s
  round  37/50: acc=0.4013  f1m=0.1625  uplink_kB=69.3  t=1.11s
  round  38/50: acc=0.4014  f1m=0.1621  uplink_kB=69.3  t=1.04s
  round  39/50: acc=0.4015  f1m=0.1617  uplink_kB=69.3  t=1.05s
  round  40/50: acc=0.4013  f1m=0.1614  uplink_kB=69.3  t=1.03s
  round  41/50: acc=0.4009  f1m=0.1611  uplink_kB=69.3  t=1.08s
  round  42/50: acc=0.4009  f1m=0.1610  uplink_kB=69.3  t=0.95s
  round  43/50: acc=0.4008  f1m=0.1610  uplink_kB=69.3  t=1.04s
  round  44/50: acc=0.4009  f1m=0.1610  uplink_kB=69.3  t=1.00s
  round  45/50: acc=0.4007  f1m=0.1610  uplink_kB=69.3  t=1.07s
  round  46/50: acc=0.4000  f1m=0.1608  uplink_kB=69.3  t=1.05s
  round  47/50: acc=0.4000  f1m=0.1609  uplink_kB=69.3  t=1.01s
  round  48/50: acc=0.4001  f1m=0.1609  uplink_kB=69.3  t=1.07s
  round  49/50: acc=0.4001  f1m=0.1609  uplink_kB=69.3  t=1.02s
  round  50/50: acc=0.4001  f1m=0.1610  uplink_kB=69.3  t=1.10s
[run] DONE -> /Users/agentra/Documents/hao/working/paper-lab/hao-paper-2026/iotj-fedkan-ids/repo/results/lrsweep_cseciic_mc50k/lrsweep_mlp32_lr0p0003__dir0.1__seed37/metrics.json  final_acc=0.4001
