[run] device=cpu  seed=31  out=/Users/agentra/Documents/hao/working/paper-lab/hao-paper-2026/iotj-fedkan-ids/repo/results/lrsweep_cseciic_mc50k/lrsweep_mlp32_lr0p003__dir0.1__seed31
[run] model=mlp  params=1,775
  round   1/50: acc=0.4135  f1m=0.1647  uplink_kB=69.3  t=1.75s
  round   2/50: acc=0.3712  f1m=0.1746  uplink_kB=69.3  t=0.97s
  round   3/50: acc=0.3715  f1m=0.1684  uplink_kB=69.3  t=1.06s
  round   4/50: acc=0.3738  f1m=0.1683  uplink_kB=69.3  t=0.96s
  round   5/50: acc=0.3786  f1m=0.1680  uplink_kB=69.3  t=1.04s
  round   6/50: acc=0.3799  f1m=0.1738  uplink_kB=69.3  t=0.96s
  round   7/50: acc=0.4543  f1m=0.2168  uplink_kB=69.3  t=1.23s
  round   8/50: acc=0.4843  f1m=0.2295  uplink_kB=69.3  t=1.01s
  round   9/50: acc=0.5159  f1m=0.2415  uplink_kB=69.3  t=1.13s
  round  10/50: acc=0.5243  f1m=0.2448  uplink_kB=69.3  t=0.97s
  round  11/50: acc=0.5374  f1m=0.2516  uplink_kB=69.3  t=1.01s
  round  12/50: acc=0.5409  f1m=0.2530  uplink_kB=69.3  t=0.96s
  round  13/50: acc=0.5496  f1m=0.2568  uplink_kB=69.3  t=1.00s
  round  14/50: acc=0.5581  f1m=0.2653  uplink_kB=69.3  t=1.12s
  round  15/50: acc=0.5621  f1m=0.2666  uplink_kB=69.3  t=1.00s
  round  16/50: acc=0.6398  f1m=0.3315  uplink_kB=69.3  t=1.01s
  round  17/50: acc=0.6428  f1m=0.3328  uplink_kB=69.3  t=0.95s
  round  18/50: acc=0.6435  f1m=0.3344  uplink_kB=69.3  t=0.94s
  round  19/50: acc=0.6176  f1m=0.3208  uplink_kB=69.3  t=0.98s
  round  20/50: acc=0.6145  f1m=0.3201  uplink_kB=69.3  t=0.97s
  round  21/50: acc=0.7066  f1m=0.4027  uplink_kB=69.3  t=0.94s
  round  22/50: acc=0.6825  f1m=0.3910  uplink_kB=69.3  t=1.18s
  round  23/50: acc=0.6818  f1m=0.3913  uplink_kB=69.3  t=0.97s
  round  24/50: acc=0.6970  f1m=0.3997  uplink_kB=69.3  t=0.97s
  round  25/50: acc=0.7071  f1m=0.4079  uplink_kB=69.3  t=0.94s
  round  26/50: acc=0.7097  f1m=0.4084  uplink_kB=69.3  t=0.98s
  round  27/50: acc=0.7050  f1m=0.4068  uplink_kB=69.3  t=0.94s
  round  28/50: acc=0.7060  f1m=0.4080  uplink_kB=69.3  t=0.96s
  round  29/50: acc=0.7179  f1m=0.4159  uplink_kB=69.3  t=1.12s
  round  30/50: acc=0.7126  f1m=0.4135  uplink_kB=69.3  t=1.06s
  round  31/50: acc=0.7210  f1m=0.4188  uplink_kB=69.3  t=0.93s
  round  32/50: acc=0.7198  f1m=0.4200  uplink_kB=69.3  t=0.94s
  round  33/50: acc=0.7269  f1m=0.4246  uplink_kB=69.3  t=0.97s
  round  34/50: acc=0.7203  f1m=0.4211  uplink_kB=69.3  t=1.00s
  round  35/50: acc=0.7284  f1m=0.4263  uplink_kB=69.3  t=0.92s
  round  36/50: acc=0.7256  f1m=0.4241  uplink_kB=69.3  t=0.99s
  round  37/50: acc=0.7291  f1m=0.4259  uplink_kB=69.3  t=1.19s
  round  38/50: acc=0.7309  f1m=0.4298  uplink_kB=69.3  t=0.94s
  round  39/50: acc=0.7586  f1m=0.4475  uplink_kB=69.3  t=1.00s
  round  40/50: acc=0.7379  f1m=0.4602  uplink_kB=69.3  t=0.98s
  round  41/50: acc=0.7317  f1m=0.4301  uplink_kB=69.3  t=0.93s
  round  42/50: acc=0.7437  f1m=0.4383  uplink_kB=69.3  t=0.97s
  round  43/50: acc=0.7612  f1m=0.4500  uplink_kB=69.3  t=0.95s
  round  44/50: acc=0.7603  f1m=0.4493  uplink_kB=69.3  t=1.18s
  round  45/50: acc=0.7760  f1m=0.4948  uplink_kB=69.3  t=1.06s
  round  46/50: acc=0.7732  f1m=0.4840  uplink_kB=69.3  t=1.00s
  round  47/50: acc=0.7828  f1m=0.5028  uplink_kB=69.3  t=0.96s
  round  48/50: acc=0.7831  f1m=0.5498  uplink_kB=69.3  t=1.00s
  round  49/50: acc=0.7901  f1m=0.5666  uplink_kB=69.3  t=0.93s
  round  50/50: acc=0.7942  f1m=0.5712  uplink_kB=69.3  t=0.98s
[run] DONE -> /Users/agentra/Documents/hao/working/paper-lab/hao-paper-2026/iotj-fedkan-ids/repo/results/lrsweep_cseciic_mc50k/lrsweep_mlp32_lr0p003__dir0.1__seed31/metrics.json  final_acc=0.7942
