[run] device=cpu  seed=42  out=/Users/agentra/Documents/hao/working/paper-lab/hao-paper-2026/iotj-fedkan-ids/repo/results/mc_botiot/mc_kan16_lr0p01__dir0.1__seed42
[run] model=kan  params=7,040
  round   1/50: acc=0.2473  f1m=0.0796  uplink_kB=300.8  t=2.51s
  round   2/50: acc=0.7823  f1m=0.6087  uplink_kB=300.8  t=1.48s
  round   3/50: acc=0.8415  f1m=0.6711  uplink_kB=300.8  t=1.12s
  round   4/50: acc=0.8566  f1m=0.6861  uplink_kB=300.8  t=1.39s
  round   5/50: acc=0.8581  f1m=0.6874  uplink_kB=300.8  t=1.47s
  round   6/50: acc=0.8633  f1m=0.6921  uplink_kB=300.8  t=1.87s
  round   7/50: acc=0.8649  f1m=0.6932  uplink_kB=300.8  t=1.68s
  round   8/50: acc=0.8699  f1m=0.6980  uplink_kB=300.8  t=1.61s
  round   9/50: acc=0.8756  f1m=0.7033  uplink_kB=300.8  t=1.58s
  round  10/50: acc=0.8893  f1m=0.7151  uplink_kB=300.8  t=1.61s
  round  11/50: acc=0.8900  f1m=0.7158  uplink_kB=300.8  t=1.69s
  round  12/50: acc=0.9092  f1m=0.7316  uplink_kB=300.8  t=1.62s
  round  13/50: acc=0.9094  f1m=0.7318  uplink_kB=300.8  t=1.54s
  round  14/50: acc=0.9097  f1m=0.7320  uplink_kB=300.8  t=1.62s
  round  15/50: acc=0.9133  f1m=0.7349  uplink_kB=300.8  t=1.64s
  round  16/50: acc=0.9139  f1m=0.7355  uplink_kB=300.8  t=1.62s
  round  17/50: acc=0.9107  f1m=0.7332  uplink_kB=300.8  t=1.62s
  round  18/50: acc=0.9137  f1m=0.7354  uplink_kB=300.8  t=1.60s
  round  19/50: acc=0.9106  f1m=0.7331  uplink_kB=300.8  t=1.60s
  round  20/50: acc=0.9143  f1m=0.7361  uplink_kB=300.8  t=1.67s
  round  21/50: acc=0.9145  f1m=0.7362  uplink_kB=300.8  t=1.65s
  round  22/50: acc=0.9117  f1m=0.7341  uplink_kB=300.8  t=1.65s
  round  23/50: acc=0.9009  f1m=0.7253  uplink_kB=300.8  t=1.60s
  round  24/50: acc=0.8939  f1m=0.7209  uplink_kB=300.8  t=1.71s
  round  25/50: acc=0.9121  f1m=0.7344  uplink_kB=300.8  t=1.59s
  round  26/50: acc=0.9132  f1m=0.7351  uplink_kB=300.8  t=1.71s
  round  27/50: acc=0.9153  f1m=0.7369  uplink_kB=300.8  t=1.76s
  round  28/50: acc=0.9158  f1m=0.7374  uplink_kB=300.8  t=1.58s
  round  29/50: acc=0.9156  f1m=0.7372  uplink_kB=300.8  t=1.62s
  round  30/50: acc=0.9131  f1m=0.7351  uplink_kB=300.8  t=1.59s
  round  31/50: acc=0.9158  f1m=0.7374  uplink_kB=300.8  t=1.75s
  round  32/50: acc=0.9133  f1m=0.7352  uplink_kB=300.8  t=1.71s
  round  33/50: acc=0.9129  f1m=0.7351  uplink_kB=300.8  t=1.64s
  round  34/50: acc=0.9135  f1m=0.7355  uplink_kB=300.8  t=1.56s
  round  35/50: acc=0.9156  f1m=0.7372  uplink_kB=300.8  t=1.66s
  round  36/50: acc=0.9156  f1m=0.7373  uplink_kB=300.8  t=1.69s
  round  37/50: acc=0.9157  f1m=0.7373  uplink_kB=300.8  t=1.61s
  round  38/50: acc=0.9132  f1m=0.7353  uplink_kB=300.8  t=1.60s
  round  39/50: acc=0.9162  f1m=0.7377  uplink_kB=300.8  t=1.62s
  round  40/50: acc=0.9189  f1m=0.7398  uplink_kB=300.8  t=1.60s
  round  41/50: acc=0.9156  f1m=0.7372  uplink_kB=300.8  t=1.68s
  round  42/50: acc=0.9154  f1m=0.7367  uplink_kB=300.8  t=1.63s
  round  43/50: acc=0.9160  f1m=0.7376  uplink_kB=300.8  t=1.61s
  round  44/50: acc=0.9154  f1m=0.7367  uplink_kB=300.8  t=1.62s
  round  45/50: acc=0.9141  f1m=0.7360  uplink_kB=300.8  t=1.59s
  round  46/50: acc=0.8115  f1m=0.6506  uplink_kB=300.8  t=1.65s
  round  47/50: acc=0.9158  f1m=0.7371  uplink_kB=300.8  t=1.64s
  round  48/50: acc=0.9158  f1m=0.7371  uplink_kB=300.8  t=1.61s
  round  49/50: acc=0.9159  f1m=0.7372  uplink_kB=300.8  t=1.61s
  round  50/50: acc=0.9164  f1m=0.7379  uplink_kB=300.8  t=1.66s
[run] DONE -> /Users/agentra/Documents/hao/working/paper-lab/hao-paper-2026/iotj-fedkan-ids/repo/results/mc_botiot/mc_kan16_lr0p01__dir0.1__seed42/metrics.json  final_acc=0.9164
