[run] device=cpu  seed=29  out=/Users/agentra/Documents/hao/working/paper-lab/hao-paper-2026/iotj-fedkan-ids/repo/results/lrsweep_botiot/lrsweep_kan8_lr0p03__dir0.1__seed29
[run] model=kan  params=3,280
  round   1/50: acc=0.4989  f1m=0.3328  uplink_kB=150.2  t=2.16s
  round   2/50: acc=0.6480  f1m=0.6480  uplink_kB=150.2  t=1.63s
  round   3/50: acc=0.6654  f1m=0.6226  uplink_kB=150.2  t=1.68s
  round   4/50: acc=0.6281  f1m=0.5676  uplink_kB=150.2  t=1.55s
  round   5/50: acc=0.6644  f1m=0.6211  uplink_kB=150.2  t=1.59s
  round   6/50: acc=0.6848  f1m=0.6495  uplink_kB=150.2  t=1.62s
  round   7/50: acc=0.7089  f1m=0.6815  uplink_kB=150.2  t=1.55s
  round   8/50: acc=0.7817  f1m=0.7706  uplink_kB=150.2  t=1.63s
  round   9/50: acc=0.7921  f1m=0.7828  uplink_kB=150.2  t=1.63s
  round  10/50: acc=0.7963  f1m=0.7876  uplink_kB=150.2  t=1.62s
  round  11/50: acc=0.7927  f1m=0.7834  uplink_kB=150.2  t=1.58s
  round  12/50: acc=0.7946  f1m=0.7855  uplink_kB=150.2  t=1.66s
  round  13/50: acc=0.7965  f1m=0.7877  uplink_kB=150.2  t=1.60s
  round  14/50: acc=0.8016  f1m=0.7935  uplink_kB=150.2  t=1.64s
  round  15/50: acc=0.8012  f1m=0.7930  uplink_kB=150.2  t=1.60s
  round  16/50: acc=0.8025  f1m=0.7944  uplink_kB=150.2  t=1.62s
  round  17/50: acc=0.8027  f1m=0.7947  uplink_kB=150.2  t=1.52s
  round  18/50: acc=0.8057  f1m=0.7981  uplink_kB=150.2  t=1.57s
  round  19/50: acc=0.8041  f1m=0.7963  uplink_kB=150.2  t=1.58s
  round  20/50: acc=0.8056  f1m=0.7980  uplink_kB=150.2  t=1.63s
  round  21/50: acc=0.8057  f1m=0.7980  uplink_kB=150.2  t=1.64s
  round  22/50: acc=0.8068  f1m=0.7993  uplink_kB=150.2  t=1.62s
  round  23/50: acc=0.8070  f1m=0.7995  uplink_kB=150.2  t=1.58s
  round  24/50: acc=0.8077  f1m=0.8003  uplink_kB=150.2  t=1.56s
  round  25/50: acc=0.8072  f1m=0.7997  uplink_kB=150.2  t=1.62s
  round  26/50: acc=0.8302  f1m=0.8251  uplink_kB=150.2  t=1.60s
  round  27/50: acc=0.8065  f1m=0.7989  uplink_kB=150.2  t=1.61s
  round  28/50: acc=0.8834  f1m=0.8822  uplink_kB=150.2  t=1.62s
  round  29/50: acc=0.8216  f1m=0.8158  uplink_kB=150.2  t=1.58s
  round  30/50: acc=0.8163  f1m=0.8098  uplink_kB=150.2  t=1.56s
  round  31/50: acc=0.8526  f1m=0.8493  uplink_kB=150.2  t=1.62s
  round  32/50: acc=0.8514  f1m=0.8480  uplink_kB=150.2  t=1.60s
  round  33/50: acc=0.8509  f1m=0.8475  uplink_kB=150.2  t=1.60s
  round  34/50: acc=0.8261  f1m=0.8206  uplink_kB=150.2  t=1.63s
  round  35/50: acc=0.8530  f1m=0.8497  uplink_kB=150.2  t=1.59s
  round  36/50: acc=0.8301  f1m=0.8250  uplink_kB=150.2  t=1.63s
  round  37/50: acc=0.8309  f1m=0.8258  uplink_kB=150.2  t=1.58s
  round  38/50: acc=0.8527  f1m=0.8494  uplink_kB=150.2  t=1.55s
  round  39/50: acc=0.8180  f1m=0.8116  uplink_kB=150.2  t=1.58s
  round  40/50: acc=0.8286  f1m=0.8233  uplink_kB=150.2  t=1.63s
  round  41/50: acc=0.8863  f1m=0.8851  uplink_kB=150.2  t=1.63s
  round  42/50: acc=0.8537  f1m=0.8505  uplink_kB=150.2  t=1.60s
  round  43/50: acc=0.8311  f1m=0.8261  uplink_kB=150.2  t=1.55s
  round  44/50: acc=0.8298  f1m=0.8246  uplink_kB=150.2  t=1.60s
  round  45/50: acc=0.8307  f1m=0.8256  uplink_kB=150.2  t=1.60s
  round  46/50: acc=0.8317  f1m=0.8267  uplink_kB=150.2  t=1.67s
  round  47/50: acc=0.8539  f1m=0.8507  uplink_kB=150.2  t=1.60s
  round  48/50: acc=0.8316  f1m=0.8266  uplink_kB=150.2  t=1.62s
  round  49/50: acc=0.8546  f1m=0.8514  uplink_kB=150.2  t=1.58s
  round  50/50: acc=0.8535  f1m=0.8502  uplink_kB=150.2  t=1.57s
[run] DONE -> /Users/agentra/Documents/hao/working/paper-lab/hao-paper-2026/iotj-fedkan-ids/repo/results/lrsweep_botiot/lrsweep_kan8_lr0p03__dir0.1__seed29/metrics.json  final_acc=0.8535
