[run] device=cpu  seed=17  out=/Users/agentra/Documents/hao/working/paper-lab/hao-paper-2026/iotj-fedkan-ids/repo/results/lrsweep_cseciic_mc50k/lrsweep_mlp32_lr0p03__dir0.1__seed17
[run] model=mlp  params=1,775
  round   1/50: acc=0.3536  f1m=0.1998  uplink_kB=69.3  t=1.69s
  round   2/50: acc=0.4289  f1m=0.2182  uplink_kB=69.3  t=1.04s
  round   3/50: acc=0.7086  f1m=0.4830  uplink_kB=69.3  t=1.09s
  round   4/50: acc=0.7113  f1m=0.4798  uplink_kB=69.3  t=0.98s
  round   5/50: acc=0.7300  f1m=0.4989  uplink_kB=69.3  t=1.04s
  round   6/50: acc=0.6505  f1m=0.4341  uplink_kB=69.3  t=1.00s
  round   7/50: acc=0.7275  f1m=0.5051  uplink_kB=69.3  t=1.03s
  round   8/50: acc=0.6768  f1m=0.4711  uplink_kB=69.3  t=1.04s
  round   9/50: acc=0.7738  f1m=0.5562  uplink_kB=69.3  t=1.10s
  round  10/50: acc=0.6651  f1m=0.4570  uplink_kB=69.3  t=1.02s
  round  11/50: acc=0.7591  f1m=0.5229  uplink_kB=69.3  t=1.12s
  round  12/50: acc=0.6521  f1m=0.4405  uplink_kB=69.3  t=1.04s
  round  13/50: acc=0.7226  f1m=0.5047  uplink_kB=69.3  t=1.11s
  round  14/50: acc=0.6976  f1m=0.4959  uplink_kB=69.3  t=1.00s
  round  15/50: acc=0.7385  f1m=0.5048  uplink_kB=69.3  t=1.06s
  round  16/50: acc=0.7660  f1m=0.5459  uplink_kB=69.3  t=1.13s
  round  17/50: acc=0.7652  f1m=0.5421  uplink_kB=69.3  t=1.07s
  round  18/50: acc=0.8056  f1m=0.5824  uplink_kB=69.3  t=1.08s
  round  19/50: acc=0.7460  f1m=0.5217  uplink_kB=69.3  t=1.07s
  round  20/50: acc=0.8098  f1m=0.6133  uplink_kB=69.3  t=1.06s
  round  21/50: acc=0.6748  f1m=0.4742  uplink_kB=69.3  t=1.09s
  round  22/50: acc=0.7885  f1m=0.5816  uplink_kB=69.3  t=1.00s
  round  23/50: acc=0.7439  f1m=0.5292  uplink_kB=69.3  t=1.08s
  round  24/50: acc=0.7479  f1m=0.5288  uplink_kB=69.3  t=1.04s
  round  25/50: acc=0.7092  f1m=0.5138  uplink_kB=69.3  t=1.10s
  round  26/50: acc=0.7927  f1m=0.5794  uplink_kB=69.3  t=1.04s
  round  27/50: acc=0.7895  f1m=0.6052  uplink_kB=69.3  t=1.10s
  round  28/50: acc=0.7942  f1m=0.5707  uplink_kB=69.3  t=1.01s
  round  29/50: acc=0.7795  f1m=0.6229  uplink_kB=69.3  t=1.07s
  round  30/50: acc=0.8069  f1m=0.5887  uplink_kB=69.3  t=0.97s
  round  31/50: acc=0.8443  f1m=0.6965  uplink_kB=69.3  t=1.10s
  round  32/50: acc=0.8039  f1m=0.5851  uplink_kB=69.3  t=1.03s
  round  33/50: acc=0.7964  f1m=0.5947  uplink_kB=69.3  t=1.07s
  round  34/50: acc=0.8040  f1m=0.5794  uplink_kB=69.3  t=0.98s
  round  35/50: acc=0.8497  f1m=0.6838  uplink_kB=69.3  t=1.09s
  round  36/50: acc=0.7820  f1m=0.5741  uplink_kB=69.3  t=1.06s
  round  37/50: acc=0.8063  f1m=0.5807  uplink_kB=69.3  t=1.13s
  round  38/50: acc=0.8515  f1m=0.6938  uplink_kB=69.3  t=1.05s
  round  39/50: acc=0.7978  f1m=0.5791  uplink_kB=69.3  t=1.13s
  round  40/50: acc=0.8614  f1m=0.7062  uplink_kB=69.3  t=1.01s
  round  41/50: acc=0.8115  f1m=0.6090  uplink_kB=69.3  t=1.07s
  round  42/50: acc=0.8655  f1m=0.6901  uplink_kB=69.3  t=1.07s
  round  43/50: acc=0.8167  f1m=0.5924  uplink_kB=69.3  t=1.08s
  round  44/50: acc=0.8388  f1m=0.6612  uplink_kB=69.3  t=1.01s
  round  45/50: acc=0.8150  f1m=0.5937  uplink_kB=69.3  t=1.06s
  round  46/50: acc=0.7874  f1m=0.6107  uplink_kB=69.3  t=0.99s
  round  47/50: acc=0.8097  f1m=0.5835  uplink_kB=69.3  t=1.05s
  round  48/50: acc=0.8325  f1m=0.6971  uplink_kB=69.3  t=1.05s
  round  49/50: acc=0.8128  f1m=0.6043  uplink_kB=69.3  t=0.99s
  round  50/50: acc=0.8302  f1m=0.6752  uplink_kB=69.3  t=1.08s
[run] DONE -> /Users/agentra/Documents/hao/working/paper-lab/hao-paper-2026/iotj-fedkan-ids/repo/results/lrsweep_cseciic_mc50k/lrsweep_mlp32_lr0p03__dir0.1__seed17/metrics.json  final_acc=0.8302
