[run] device=cpu  seed=42  out=/Users/agentra/Documents/hao/working/paper-lab/hao-paper-2026/iotj-fedkan-ids/repo/results/lrsweep_cseciic_mc/lrsweep_mlp32_lr0p0003__dir0.1__seed42
[run] model=mlp  params=1,775
  round   1/50: acc=0.2703  f1m=0.0709  uplink_kB=69.3  t=2.71s
  round   2/50: acc=0.1897  f1m=0.0421  uplink_kB=69.3  t=2.12s
  round   3/50: acc=0.2312  f1m=0.0651  uplink_kB=69.3  t=2.04s
  round   4/50: acc=0.2355  f1m=0.0648  uplink_kB=69.3  t=2.04s
  round   5/50: acc=0.2376  f1m=0.0659  uplink_kB=69.3  t=2.05s
  round   6/50: acc=0.2431  f1m=0.0692  uplink_kB=69.3  t=2.16s
  round   7/50: acc=0.2463  f1m=0.0710  uplink_kB=69.3  t=2.05s
  round   8/50: acc=0.2839  f1m=0.0900  uplink_kB=69.3  t=2.03s
  round   9/50: acc=0.2956  f1m=0.0977  uplink_kB=69.3  t=2.05s
  round  10/50: acc=0.3350  f1m=0.1192  uplink_kB=69.3  t=2.05s
  round  11/50: acc=0.3518  f1m=0.1263  uplink_kB=69.3  t=2.13s
  round  12/50: acc=0.3552  f1m=0.1235  uplink_kB=69.3  t=2.08s
  round  13/50: acc=0.3798  f1m=0.1335  uplink_kB=69.3  t=2.07s
  round  14/50: acc=0.3937  f1m=0.1374  uplink_kB=69.3  t=2.06s
  round  15/50: acc=0.3988  f1m=0.1388  uplink_kB=69.3  t=2.09s
  round  16/50: acc=0.4058  f1m=0.1417  uplink_kB=69.3  t=2.03s
  round  17/50: acc=0.4076  f1m=0.1420  uplink_kB=69.3  t=2.06s
  round  18/50: acc=0.4022  f1m=0.1409  uplink_kB=69.3  t=2.02s
  round  19/50: acc=0.3959  f1m=0.1424  uplink_kB=69.3  t=2.11s
  round  20/50: acc=0.3984  f1m=0.1458  uplink_kB=69.3  t=2.05s
  round  21/50: acc=0.4231  f1m=0.1573  uplink_kB=69.3  t=2.03s
  round  22/50: acc=0.4339  f1m=0.1625  uplink_kB=69.3  t=2.09s
  round  23/50: acc=0.4237  f1m=0.1590  uplink_kB=69.3  t=2.09s
  round  24/50: acc=0.4223  f1m=0.1577  uplink_kB=69.3  t=2.15s
  round  25/50: acc=0.4212  f1m=0.1572  uplink_kB=69.3  t=2.01s
  round  26/50: acc=0.4230  f1m=0.1575  uplink_kB=69.3  t=2.11s
  round  27/50: acc=0.4236  f1m=0.1580  uplink_kB=69.3  t=2.07s
  round  28/50: acc=0.4259  f1m=0.1588  uplink_kB=69.3  t=2.13s
  round  29/50: acc=0.4256  f1m=0.1587  uplink_kB=69.3  t=2.04s
  round  30/50: acc=0.4257  f1m=0.1588  uplink_kB=69.3  t=2.04s
  round  31/50: acc=0.4255  f1m=0.1588  uplink_kB=69.3  t=2.11s
  round  32/50: acc=0.4258  f1m=0.1589  uplink_kB=69.3  t=2.12s
  round  33/50: acc=0.4254  f1m=0.1589  uplink_kB=69.3  t=2.07s
  round  34/50: acc=0.4229  f1m=0.1580  uplink_kB=69.3  t=2.05s
  round  35/50: acc=0.4142  f1m=0.1548  uplink_kB=69.3  t=2.06s
  round  36/50: acc=0.4095  f1m=0.1536  uplink_kB=69.3  t=2.17s
  round  37/50: acc=0.4103  f1m=0.1540  uplink_kB=69.3  t=2.11s
  round  38/50: acc=0.4101  f1m=0.1544  uplink_kB=69.3  t=2.12s
  round  39/50: acc=0.4101  f1m=0.1545  uplink_kB=69.3  t=2.09s
  round  40/50: acc=0.4105  f1m=0.1550  uplink_kB=69.3  t=2.08s
  round  41/50: acc=0.4108  f1m=0.1556  uplink_kB=69.3  t=2.08s
  round  42/50: acc=0.4097  f1m=0.1557  uplink_kB=69.3  t=2.10s
  round  43/50: acc=0.4088  f1m=0.1560  uplink_kB=69.3  t=2.14s
  round  44/50: acc=0.4092  f1m=0.1564  uplink_kB=69.3  t=2.10s
  round  45/50: acc=0.4082  f1m=0.1562  uplink_kB=69.3  t=2.14s
  round  46/50: acc=0.3946  f1m=0.1498  uplink_kB=69.3  t=2.07s
  round  47/50: acc=0.4127  f1m=0.2026  uplink_kB=69.3  t=2.03s
  round  48/50: acc=0.4096  f1m=0.2024  uplink_kB=69.3  t=2.06s
  round  49/50: acc=0.4065  f1m=0.2020  uplink_kB=69.3  t=2.11s
  round  50/50: acc=0.3978  f1m=0.1993  uplink_kB=69.3  t=2.02s
[run] DONE -> /Users/agentra/Documents/hao/working/paper-lab/hao-paper-2026/iotj-fedkan-ids/repo/results/lrsweep_cseciic_mc/lrsweep_mlp32_lr0p0003__dir0.1__seed42/metrics.json  final_acc=0.3978
