[run] device=cpu  seed=101  out=/Users/agentra/Documents/hao/working/paper-lab/hao-paper-2026/iotj-fedkan-ids/repo/results/lrsweep_cseciic_mc50k/lrsweep_kan8_lr0p01__dir0.1__seed101
[run] model=kan  params=4,320
  round   1/50: acc=0.3554  f1m=0.1311  uplink_kB=190.8  t=3.48s
  round   2/50: acc=0.3583  f1m=0.1359  uplink_kB=190.8  t=2.87s
  round   3/50: acc=0.3687  f1m=0.1367  uplink_kB=190.8  t=2.87s
  round   4/50: acc=0.5842  f1m=0.3164  uplink_kB=190.8  t=3.01s
  round   5/50: acc=0.7239  f1m=0.4683  uplink_kB=190.8  t=3.17s
  round   6/50: acc=0.7312  f1m=0.4740  uplink_kB=190.8  t=3.09s
  round   7/50: acc=0.7316  f1m=0.4731  uplink_kB=190.8  t=3.11s
  round   8/50: acc=0.6732  f1m=0.4823  uplink_kB=190.8  t=3.03s
  round   9/50: acc=0.7077  f1m=0.5169  uplink_kB=190.8  t=3.15s
  round  10/50: acc=0.7083  f1m=0.5027  uplink_kB=190.8  t=3.26s
  round  11/50: acc=0.7113  f1m=0.4984  uplink_kB=190.8  t=3.33s
  round  12/50: acc=0.7177  f1m=0.5229  uplink_kB=190.8  t=3.19s
  round  13/50: acc=0.7297  f1m=0.5285  uplink_kB=190.8  t=3.12s
  round  14/50: acc=0.7252  f1m=0.5083  uplink_kB=190.8  t=3.16s
  round  15/50: acc=0.7309  f1m=0.5348  uplink_kB=190.8  t=3.12s
  round  16/50: acc=0.7303  f1m=0.5301  uplink_kB=190.8  t=3.01s
  round  17/50: acc=0.7259  f1m=0.5103  uplink_kB=190.8  t=3.26s
  round  18/50: acc=0.7265  f1m=0.5122  uplink_kB=190.8  t=3.11s
  round  19/50: acc=0.7274  f1m=0.5146  uplink_kB=190.8  t=3.14s
  round  20/50: acc=0.7278  f1m=0.5161  uplink_kB=190.8  t=3.08s
  round  21/50: acc=0.7325  f1m=0.5227  uplink_kB=190.8  t=3.12s
  round  22/50: acc=0.7324  f1m=0.5216  uplink_kB=190.8  t=3.20s
  round  23/50: acc=0.7202  f1m=0.5105  uplink_kB=190.8  t=3.12s
  round  24/50: acc=0.7243  f1m=0.5210  uplink_kB=190.8  t=3.10s
  round  25/50: acc=0.7391  f1m=0.5347  uplink_kB=190.8  t=3.21s
  round  26/50: acc=0.7255  f1m=0.5229  uplink_kB=190.8  t=3.18s
  round  27/50: acc=0.7207  f1m=0.5112  uplink_kB=190.8  t=3.16s
  round  28/50: acc=0.7239  f1m=0.5177  uplink_kB=190.8  t=3.08s
  round  29/50: acc=0.7442  f1m=0.5290  uplink_kB=190.8  t=3.35s
  round  30/50: acc=0.7545  f1m=0.5440  uplink_kB=190.8  t=3.20s
  round  31/50: acc=0.7616  f1m=0.5478  uplink_kB=190.8  t=3.09s
  round  32/50: acc=0.7743  f1m=0.5888  uplink_kB=190.8  t=3.24s
  round  33/50: acc=0.7635  f1m=0.5589  uplink_kB=190.8  t=3.06s
  round  34/50: acc=0.7723  f1m=0.5839  uplink_kB=190.8  t=3.17s
  round  35/50: acc=0.7820  f1m=0.5984  uplink_kB=190.8  t=3.05s
  round  36/50: acc=0.7779  f1m=0.5916  uplink_kB=190.8  t=3.09s
  round  37/50: acc=0.7812  f1m=0.5993  uplink_kB=190.8  t=3.00s
  round  38/50: acc=0.7857  f1m=0.6033  uplink_kB=190.8  t=3.07s
  round  39/50: acc=0.7740  f1m=0.5851  uplink_kB=190.8  t=3.04s
  round  40/50: acc=0.7780  f1m=0.5927  uplink_kB=190.8  t=3.14s
  round  41/50: acc=0.7807  f1m=0.5980  uplink_kB=190.8  t=3.05s
  round  42/50: acc=0.7835  f1m=0.6003  uplink_kB=190.8  t=3.14s
  round  43/50: acc=0.8386  f1m=0.6889  uplink_kB=190.8  t=3.08s
  round  44/50: acc=0.7809  f1m=0.6090  uplink_kB=190.8  t=3.10s
  round  45/50: acc=0.7719  f1m=0.5819  uplink_kB=190.8  t=3.11s
  round  46/50: acc=0.7931  f1m=0.6124  uplink_kB=190.8  t=3.00s
  round  47/50: acc=0.7884  f1m=0.6142  uplink_kB=190.8  t=3.11s
  round  48/50: acc=0.8431  f1m=0.6954  uplink_kB=190.8  t=3.02s
  round  49/50: acc=0.8075  f1m=0.6297  uplink_kB=190.8  t=3.13s
  round  50/50: acc=0.8324  f1m=0.6751  uplink_kB=190.8  t=3.17s
[run] DONE -> /Users/agentra/Documents/hao/working/paper-lab/hao-paper-2026/iotj-fedkan-ids/repo/results/lrsweep_cseciic_mc50k/lrsweep_kan8_lr0p01__dir0.1__seed101/metrics.json  final_acc=0.8324
