[run] device=cpu  seed=105  out=/Users/agentra/Documents/hao/working/paper-lab/hao-paper-2026/iotj-fedkan-ids/repo/results/lrsweep_toniot/lrsweep_kan8_lr0p01__dir0.1__seed105
[run] model=kan  params=3,280
  round   1/50: acc=0.5000  f1m=0.3333  uplink_kB=150.2  t=2.66s
  round   2/50: acc=0.5044  f1m=0.3431  uplink_kB=150.2  t=1.89s
  round   3/50: acc=0.5079  f1m=0.3507  uplink_kB=150.2  t=1.88s
  round   4/50: acc=0.5086  f1m=0.3545  uplink_kB=150.2  t=1.98s
  round   5/50: acc=0.5096  f1m=0.3574  uplink_kB=150.2  t=1.92s
  round   6/50: acc=0.5088  f1m=0.3585  uplink_kB=150.2  t=1.83s
  round   7/50: acc=0.5092  f1m=0.3594  uplink_kB=150.2  t=1.96s
  round   8/50: acc=0.5090  f1m=0.3603  uplink_kB=150.2  t=1.96s
  round   9/50: acc=0.5090  f1m=0.3604  uplink_kB=150.2  t=2.05s
  round  10/50: acc=0.5095  f1m=0.3607  uplink_kB=150.2  t=1.94s
  round  11/50: acc=0.5096  f1m=0.3596  uplink_kB=150.2  t=2.01s
  round  12/50: acc=0.5090  f1m=0.3594  uplink_kB=150.2  t=1.96s
  round  13/50: acc=0.5091  f1m=0.3594  uplink_kB=150.2  t=1.94s
  round  14/50: acc=0.5094  f1m=0.3590  uplink_kB=150.2  t=1.98s
  round  15/50: acc=0.5088  f1m=0.3575  uplink_kB=150.2  t=1.94s
  round  16/50: acc=0.5099  f1m=0.3571  uplink_kB=150.2  t=1.99s
  round  17/50: acc=0.5081  f1m=0.3527  uplink_kB=150.2  t=1.91s
  round  18/50: acc=0.5082  f1m=0.3521  uplink_kB=150.2  t=2.04s
  round  19/50: acc=0.5077  f1m=0.3508  uplink_kB=150.2  t=1.94s
  round  20/50: acc=0.5074  f1m=0.3501  uplink_kB=150.2  t=1.95s
  round  21/50: acc=0.5073  f1m=0.3498  uplink_kB=150.2  t=1.99s
  round  22/50: acc=0.5074  f1m=0.3500  uplink_kB=150.2  t=1.97s
  round  23/50: acc=0.5074  f1m=0.3497  uplink_kB=150.2  t=2.05s
  round  24/50: acc=0.5074  f1m=0.3498  uplink_kB=150.2  t=1.95s
  round  25/50: acc=0.5068  f1m=0.3483  uplink_kB=150.2  t=1.96s
  round  26/50: acc=0.5032  f1m=0.3404  uplink_kB=150.2  t=1.90s
  round  27/50: acc=0.5044  f1m=0.3431  uplink_kB=150.2  t=1.99s
  round  28/50: acc=0.5039  f1m=0.3420  uplink_kB=150.2  t=1.96s
  round  29/50: acc=0.5032  f1m=0.3404  uplink_kB=150.2  t=1.99s
  round  30/50: acc=0.5031  f1m=0.3403  uplink_kB=150.2  t=1.95s
  round  31/50: acc=0.5033  f1m=0.3407  uplink_kB=150.2  t=1.89s
  round  32/50: acc=0.5033  f1m=0.3407  uplink_kB=150.2  t=1.97s
  round  33/50: acc=0.5032  f1m=0.3405  uplink_kB=150.2  t=1.86s
  round  34/50: acc=0.5031  f1m=0.3403  uplink_kB=150.2  t=1.98s
  round  35/50: acc=0.5032  f1m=0.3404  uplink_kB=150.2  t=1.98s
  round  36/50: acc=0.5032  f1m=0.3404  uplink_kB=150.2  t=1.90s
  round  37/50: acc=0.5026  f1m=0.3393  uplink_kB=150.2  t=1.97s
  round  38/50: acc=0.5026  f1m=0.3393  uplink_kB=150.2  t=1.99s
  round  39/50: acc=0.5026  f1m=0.3391  uplink_kB=150.2  t=1.90s
  round  40/50: acc=0.5027  f1m=0.3394  uplink_kB=150.2  t=2.00s
  round  41/50: acc=0.5026  f1m=0.3393  uplink_kB=150.2  t=1.90s
  round  42/50: acc=0.5026  f1m=0.3392  uplink_kB=150.2  t=2.00s
  round  43/50: acc=0.5027  f1m=0.3394  uplink_kB=150.2  t=1.93s
  round  44/50: acc=0.5027  f1m=0.3394  uplink_kB=150.2  t=1.94s
  round  45/50: acc=0.5026  f1m=0.3392  uplink_kB=150.2  t=1.94s
  round  46/50: acc=0.5027  f1m=0.3394  uplink_kB=150.2  t=1.97s
  round  47/50: acc=0.5027  f1m=0.3393  uplink_kB=150.2  t=1.84s
  round  48/50: acc=0.5027  f1m=0.3394  uplink_kB=150.2  t=1.95s
  round  49/50: acc=0.5028  f1m=0.3397  uplink_kB=150.2  t=1.96s
  round  50/50: acc=0.5027  f1m=0.3394  uplink_kB=150.2  t=1.86s
[run] DONE -> /Users/agentra/Documents/hao/working/paper-lab/hao-paper-2026/iotj-fedkan-ids/repo/results/lrsweep_toniot/lrsweep_kan8_lr0p01__dir0.1__seed105/metrics.json  final_acc=0.5027
