[run] device=cpu  seed=2026  out=/Users/agentra/Documents/hao/working/paper-lab/hao-paper-2026/iotj-fedkan-ids/repo/results/lrsweep_cseciic_mc/lrsweep_kan8_lr0p1__dir0.1__seed2026
[run] model=kan  params=4,320
  round   1/50: acc=0.2674  f1m=0.0641  uplink_kB=190.8  t=6.38s
  round   2/50: acc=0.4941  f1m=0.2184  uplink_kB=190.8  t=5.56s
  round   3/50: acc=0.6400  f1m=0.3238  uplink_kB=190.8  t=5.54s
  round   4/50: acc=0.7464  f1m=0.4158  uplink_kB=190.8  t=5.58s
  round   5/50: acc=0.5909  f1m=0.3101  uplink_kB=190.8  t=5.57s
  round   6/50: acc=0.4484  f1m=0.2103  uplink_kB=190.8  t=5.38s
  round   7/50: acc=0.5280  f1m=0.3170  uplink_kB=190.8  t=5.72s
  round   8/50: acc=0.5255  f1m=0.3321  uplink_kB=190.8  t=5.35s
  round   9/50: acc=0.5657  f1m=0.3991  uplink_kB=190.8  t=5.30s
  round  10/50: acc=0.4621  f1m=0.2274  uplink_kB=190.8  t=5.42s
  round  11/50: acc=0.6289  f1m=0.3840  uplink_kB=190.8  t=5.42s
  round  12/50: acc=0.5015  f1m=0.2771  uplink_kB=190.8  t=5.37s
  round  13/50: acc=0.5752  f1m=0.2926  uplink_kB=190.8  t=5.34s
  round  14/50: acc=0.4476  f1m=0.2181  uplink_kB=190.8  t=5.45s
  round  15/50: acc=0.5815  f1m=0.2619  uplink_kB=190.8  t=5.36s
  round  16/50: acc=0.4494  f1m=0.2281  uplink_kB=190.8  t=5.38s
  round  17/50: acc=0.5756  f1m=0.2621  uplink_kB=190.8  t=6.32s
  round  18/50: acc=0.4535  f1m=0.2186  uplink_kB=190.8  t=6.30s
  round  19/50: acc=0.6002  f1m=0.2999  uplink_kB=190.8  t=5.89s
  round  20/50: acc=0.4396  f1m=0.1992  uplink_kB=190.8  t=5.66s
  round  21/50: acc=0.6320  f1m=0.4184  uplink_kB=190.8  t=5.55s
  round  22/50: acc=0.5835  f1m=0.2806  uplink_kB=190.8  t=5.61s
  round  23/50: acc=0.4400  f1m=0.2242  uplink_kB=190.8  t=5.45s
  round  24/50: acc=0.5605  f1m=0.2685  uplink_kB=190.8  t=5.66s
  round  25/50: acc=0.6106  f1m=0.3121  uplink_kB=190.8  t=5.63s
  round  26/50: acc=0.6142  f1m=0.3849  uplink_kB=190.8  t=5.72s
  round  27/50: acc=0.5089  f1m=0.2154  uplink_kB=190.8  t=5.50s
  round  28/50: acc=0.5596  f1m=0.2986  uplink_kB=190.8  t=5.68s
  round  29/50: acc=0.3898  f1m=0.1411  uplink_kB=190.8  t=5.47s
  round  30/50: acc=0.2343  f1m=0.0907  uplink_kB=190.8  t=5.53s
  round  31/50: acc=0.1783  f1m=0.1182  uplink_kB=190.8  t=5.47s
  round  32/50: acc=0.1335  f1m=0.0837  uplink_kB=190.8  t=5.48s
  round  33/50: acc=0.2592  f1m=0.1987  uplink_kB=190.8  t=5.44s
  round  34/50: acc=0.2767  f1m=0.1811  uplink_kB=190.8  t=5.44s
  round  35/50: acc=0.2687  f1m=0.1308  uplink_kB=190.8  t=5.45s
  round  36/50: acc=0.3008  f1m=0.1858  uplink_kB=190.8  t=5.58s
  round  37/50: acc=0.2962  f1m=0.1562  uplink_kB=190.8  t=5.34s
  round  38/50: acc=0.2219  f1m=0.1294  uplink_kB=190.8  t=5.62s
  round  39/50: acc=0.3175  f1m=0.1059  uplink_kB=190.8  t=5.54s
  round  40/50: acc=0.3172  f1m=0.1340  uplink_kB=190.8  t=5.53s
  round  41/50: acc=0.3580  f1m=0.1670  uplink_kB=190.8  t=5.80s
  round  42/50: acc=0.2883  f1m=0.1279  uplink_kB=190.8  t=5.73s
  round  43/50: acc=0.3403  f1m=0.1737  uplink_kB=190.8  t=5.61s
  round  44/50: acc=0.3337  f1m=0.2615  uplink_kB=190.8  t=5.51s
  round  45/50: acc=0.3199  f1m=0.1068  uplink_kB=190.8  t=5.48s
  round  46/50: acc=0.2134  f1m=0.0843  uplink_kB=190.8  t=5.53s
  round  47/50: acc=0.1767  f1m=0.0405  uplink_kB=190.8  t=5.50s
  round  48/50: acc=0.1788  f1m=0.0681  uplink_kB=190.8  t=5.45s
  round  49/50: acc=0.1757  f1m=0.0400  uplink_kB=190.8  t=5.43s
  round  50/50: acc=0.1744  f1m=0.0644  uplink_kB=190.8  t=4.93s
[run] DONE -> /Users/agentra/Documents/hao/working/paper-lab/hao-paper-2026/iotj-fedkan-ids/repo/results/lrsweep_cseciic_mc/lrsweep_kan8_lr0p1__dir0.1__seed2026/metrics.json  final_acc=0.1744
