[run] device=cpu  seed=109  out=/Users/agentra/Documents/hao/working/paper-lab/hao-paper-2026/iotj-fedkan-ids/repo/results/lrsweep_toniot/lrsweep_mlp80_lr0p01__dir0.1__seed109
[run] model=mlp  params=3,362
  round   1/50: acc=0.5000  f1m=0.3333  uplink_kB=131.3  t=1.46s
  round   2/50: acc=0.5000  f1m=0.3333  uplink_kB=131.3  t=0.81s
  round   3/50: acc=0.5023  f1m=0.3392  uplink_kB=131.3  t=0.84s
  round   4/50: acc=0.5245  f1m=0.4289  uplink_kB=131.3  t=0.75s
  round   5/50: acc=0.5873  f1m=0.5462  uplink_kB=131.3  t=0.73s
  round   6/50: acc=0.6592  f1m=0.6547  uplink_kB=131.3  t=0.74s
  round   7/50: acc=0.6591  f1m=0.6565  uplink_kB=131.3  t=0.85s
  round   8/50: acc=0.6792  f1m=0.6789  uplink_kB=131.3  t=0.80s
  round   9/50: acc=0.6805  f1m=0.6805  uplink_kB=131.3  t=0.78s
  round  10/50: acc=0.6789  f1m=0.6789  uplink_kB=131.3  t=0.77s
  round  11/50: acc=0.6811  f1m=0.6811  uplink_kB=131.3  t=0.80s
  round  12/50: acc=0.6786  f1m=0.6786  uplink_kB=131.3  t=0.71s
  round  13/50: acc=0.6792  f1m=0.6792  uplink_kB=131.3  t=0.78s
  round  14/50: acc=0.6827  f1m=0.6827  uplink_kB=131.3  t=0.79s
  round  15/50: acc=0.6825  f1m=0.6824  uplink_kB=131.3  t=0.77s
  round  16/50: acc=0.6831  f1m=0.6831  uplink_kB=131.3  t=0.81s
  round  17/50: acc=0.6839  f1m=0.6838  uplink_kB=131.3  t=0.78s
  round  18/50: acc=0.6852  f1m=0.6851  uplink_kB=131.3  t=0.81s
  round  19/50: acc=0.6863  f1m=0.6862  uplink_kB=131.3  t=0.75s
  round  20/50: acc=0.6901  f1m=0.6900  uplink_kB=131.3  t=0.76s
  round  21/50: acc=0.6856  f1m=0.6855  uplink_kB=131.3  t=0.80s
  round  22/50: acc=0.6832  f1m=0.6832  uplink_kB=131.3  t=0.79s
  round  23/50: acc=0.6862  f1m=0.6861  uplink_kB=131.3  t=0.71s
  round  24/50: acc=0.6859  f1m=0.6858  uplink_kB=131.3  t=0.78s
  round  25/50: acc=0.6858  f1m=0.6857  uplink_kB=131.3  t=0.77s
  round  26/50: acc=0.6902  f1m=0.6900  uplink_kB=131.3  t=0.71s
  round  27/50: acc=0.6913  f1m=0.6911  uplink_kB=131.3  t=0.76s
  round  28/50: acc=0.6882  f1m=0.6881  uplink_kB=131.3  t=0.78s
  round  29/50: acc=0.6914  f1m=0.6912  uplink_kB=131.3  t=0.78s
  round  30/50: acc=0.6924  f1m=0.6922  uplink_kB=131.3  t=0.81s
  round  31/50: acc=0.6933  f1m=0.6932  uplink_kB=131.3  t=0.80s
  round  32/50: acc=0.6957  f1m=0.6955  uplink_kB=131.3  t=0.77s
  round  33/50: acc=0.6991  f1m=0.6987  uplink_kB=131.3  t=0.71s
  round  34/50: acc=0.7005  f1m=0.7001  uplink_kB=131.3  t=0.80s
  round  35/50: acc=0.6997  f1m=0.6992  uplink_kB=131.3  t=0.76s
  round  36/50: acc=0.7031  f1m=0.7028  uplink_kB=131.3  t=0.76s
  round  37/50: acc=0.7030  f1m=0.7027  uplink_kB=131.3  t=0.76s
  round  38/50: acc=0.7082  f1m=0.7077  uplink_kB=131.3  t=0.77s
  round  39/50: acc=0.7084  f1m=0.7079  uplink_kB=131.3  t=0.74s
  round  40/50: acc=0.7088  f1m=0.7084  uplink_kB=131.3  t=0.72s
  round  41/50: acc=0.7107  f1m=0.7102  uplink_kB=131.3  t=0.79s
  round  42/50: acc=0.7068  f1m=0.7064  uplink_kB=131.3  t=0.77s
  round  43/50: acc=0.7105  f1m=0.7100  uplink_kB=131.3  t=0.78s
  round  44/50: acc=0.7102  f1m=0.7097  uplink_kB=131.3  t=0.77s
  round  45/50: acc=0.7098  f1m=0.7093  uplink_kB=131.3  t=0.70s
  round  46/50: acc=0.7094  f1m=0.7089  uplink_kB=131.3  t=0.83s
  round  47/50: acc=0.7097  f1m=0.7092  uplink_kB=131.3  t=0.80s
  round  48/50: acc=0.7089  f1m=0.7083  uplink_kB=131.3  t=0.80s
  round  49/50: acc=0.7077  f1m=0.7069  uplink_kB=131.3  t=0.80s
  round  50/50: acc=0.7089  f1m=0.7080  uplink_kB=131.3  t=0.78s
[run] DONE -> /Users/agentra/Documents/hao/working/paper-lab/hao-paper-2026/iotj-fedkan-ids/repo/results/lrsweep_toniot/lrsweep_mlp80_lr0p01__dir0.1__seed109/metrics.json  final_acc=0.7089
