[run] device=cpu  seed=109  out=/Users/agentra/Documents/hao/working/paper-lab/hao-paper-2026/iotj-fedkan-ids/repo/results/lrsweep_toniot/lrsweep_kan8_lr0p01__dir0.1__seed109
[run] model=kan  params=3,280
  round   1/50: acc=0.5000  f1m=0.3333  uplink_kB=150.2  t=2.63s
  round   2/50: acc=0.4998  f1m=0.3334  uplink_kB=150.2  t=1.89s
  round   3/50: acc=0.4913  f1m=0.3986  uplink_kB=150.2  t=2.00s
  round   4/50: acc=0.5567  f1m=0.5264  uplink_kB=150.2  t=1.95s
  round   5/50: acc=0.5444  f1m=0.5093  uplink_kB=150.2  t=1.94s
  round   6/50: acc=0.5494  f1m=0.5141  uplink_kB=150.2  t=1.86s
  round   7/50: acc=0.5606  f1m=0.5282  uplink_kB=150.2  t=1.91s
  round   8/50: acc=0.5619  f1m=0.5263  uplink_kB=150.2  t=1.90s
  round   9/50: acc=0.5758  f1m=0.5496  uplink_kB=150.2  t=1.93s
  round  10/50: acc=0.5896  f1m=0.5692  uplink_kB=150.2  t=1.95s
  round  11/50: acc=0.5913  f1m=0.5717  uplink_kB=150.2  t=1.94s
  round  12/50: acc=0.6003  f1m=0.5828  uplink_kB=150.2  t=1.87s
  round  13/50: acc=0.6067  f1m=0.5901  uplink_kB=150.2  t=1.93s
  round  14/50: acc=0.6100  f1m=0.5897  uplink_kB=150.2  t=1.89s
  round  15/50: acc=0.6170  f1m=0.5994  uplink_kB=150.2  t=1.94s
  round  16/50: acc=0.6211  f1m=0.6052  uplink_kB=150.2  t=1.91s
  round  17/50: acc=0.6182  f1m=0.6010  uplink_kB=150.2  t=1.91s
  round  18/50: acc=0.6212  f1m=0.6045  uplink_kB=150.2  t=1.90s
  round  19/50: acc=0.6373  f1m=0.6252  uplink_kB=150.2  t=1.90s
  round  20/50: acc=0.6211  f1m=0.6017  uplink_kB=150.2  t=1.90s
  round  21/50: acc=0.6289  f1m=0.6132  uplink_kB=150.2  t=1.95s
  round  22/50: acc=0.6277  f1m=0.6095  uplink_kB=150.2  t=1.92s
  round  23/50: acc=0.6227  f1m=0.5986  uplink_kB=150.2  t=1.92s
  round  24/50: acc=0.6195  f1m=0.5929  uplink_kB=150.2  t=1.93s
  round  25/50: acc=0.6211  f1m=0.5942  uplink_kB=150.2  t=1.82s
  round  26/50: acc=0.6214  f1m=0.5937  uplink_kB=150.2  t=1.93s
  round  27/50: acc=0.6348  f1m=0.6146  uplink_kB=150.2  t=1.83s
  round  28/50: acc=0.6248  f1m=0.5944  uplink_kB=150.2  t=1.93s
  round  29/50: acc=0.6208  f1m=0.5876  uplink_kB=150.2  t=1.94s
  round  30/50: acc=0.6109  f1m=0.5728  uplink_kB=150.2  t=1.91s
  round  31/50: acc=0.6265  f1m=0.5962  uplink_kB=150.2  t=1.86s
  round  32/50: acc=0.6220  f1m=0.5887  uplink_kB=150.2  t=1.87s
  round  33/50: acc=0.6188  f1m=0.5844  uplink_kB=150.2  t=1.98s
  round  34/50: acc=0.6060  f1m=0.5654  uplink_kB=150.2  t=1.91s
  round  35/50: acc=0.5917  f1m=0.5424  uplink_kB=150.2  t=1.92s
  round  36/50: acc=0.6093  f1m=0.5689  uplink_kB=150.2  t=1.91s
  round  37/50: acc=0.6033  f1m=0.5596  uplink_kB=150.2  t=1.89s
  round  38/50: acc=0.5853  f1m=0.5311  uplink_kB=150.2  t=1.88s
  round  39/50: acc=0.5784  f1m=0.5173  uplink_kB=150.2  t=1.95s
  round  40/50: acc=0.5637  f1m=0.4831  uplink_kB=150.2  t=1.94s
  round  41/50: acc=0.5776  f1m=0.5088  uplink_kB=150.2  t=1.85s
  round  42/50: acc=0.5739  f1m=0.5007  uplink_kB=150.2  t=1.90s
  round  43/50: acc=0.5715  f1m=0.4970  uplink_kB=150.2  t=1.94s
  round  44/50: acc=0.5799  f1m=0.5101  uplink_kB=150.2  t=1.92s
  round  45/50: acc=0.5753  f1m=0.5024  uplink_kB=150.2  t=2.02s
  round  46/50: acc=0.5607  f1m=0.4711  uplink_kB=150.2  t=1.87s
  round  47/50: acc=0.5616  f1m=0.4710  uplink_kB=150.2  t=1.91s
  round  48/50: acc=0.5679  f1m=0.4883  uplink_kB=150.2  t=1.94s
  round  49/50: acc=0.5652  f1m=0.4773  uplink_kB=150.2  t=1.95s
  round  50/50: acc=0.5686  f1m=0.4835  uplink_kB=150.2  t=1.89s
[run] DONE -> /Users/agentra/Documents/hao/working/paper-lab/hao-paper-2026/iotj-fedkan-ids/repo/results/lrsweep_toniot/lrsweep_kan8_lr0p01__dir0.1__seed109/metrics.json  final_acc=0.5686
