[run] device=cpu  seed=43  out=/Users/agentra/Documents/hao/working/paper-lab/hao-paper-2026/iotj-fedkan-ids/repo/results/sensitivity_botiot/sens_k5__dir0.1__seed43
[run] model=kan  params=3,936
  round   1/50: acc=0.6079  f1m=0.5358  uplink_kB=183.1  t=3.63s
  round   2/50: acc=0.6872  f1m=0.6530  uplink_kB=183.1  t=2.79s
  round   3/50: acc=0.8303  f1m=0.8253  uplink_kB=183.1  t=2.73s
  round   4/50: acc=0.7235  f1m=0.7004  uplink_kB=183.1  t=2.61s
  round   5/50: acc=0.8015  f1m=0.7934  uplink_kB=183.1  t=2.83s
  round   6/50: acc=0.8422  f1m=0.8382  uplink_kB=183.1  t=2.88s
  round   7/50: acc=0.8481  f1m=0.8446  uplink_kB=183.1  t=2.80s
  round   8/50: acc=0.8527  f1m=0.8495  uplink_kB=183.1  t=2.67s
  round   9/50: acc=0.8664  f1m=0.8640  uplink_kB=183.1  t=2.62s
  round  10/50: acc=0.8652  f1m=0.8628  uplink_kB=183.1  t=2.75s
  round  11/50: acc=0.8664  f1m=0.8640  uplink_kB=183.1  t=2.76s
  round  12/50: acc=0.8989  f1m=0.8985  uplink_kB=183.1  t=2.66s
  round  13/50: acc=0.9191  f1m=0.9190  uplink_kB=183.1  t=2.71s
  round  14/50: acc=0.9209  f1m=0.9208  uplink_kB=183.1  t=2.72s
  round  15/50: acc=0.9190  f1m=0.9189  uplink_kB=183.1  t=2.87s
  round  16/50: acc=0.9189  f1m=0.9188  uplink_kB=183.1  t=2.69s
  round  17/50: acc=0.9184  f1m=0.9183  uplink_kB=183.1  t=2.69s
  round  18/50: acc=0.9183  f1m=0.9182  uplink_kB=183.1  t=2.59s
  round  19/50: acc=0.9212  f1m=0.9212  uplink_kB=183.1  t=2.67s
  round  20/50: acc=0.9182  f1m=0.9181  uplink_kB=183.1  t=2.63s
  round  21/50: acc=0.9348  f1m=0.9348  uplink_kB=183.1  t=2.77s
  round  22/50: acc=0.9611  f1m=0.9611  uplink_kB=183.1  t=2.73s
  round  23/50: acc=0.9041  f1m=0.9038  uplink_kB=183.1  t=2.62s
  round  24/50: acc=0.9684  f1m=0.9684  uplink_kB=183.1  t=2.63s
  round  25/50: acc=0.9286  f1m=0.9285  uplink_kB=183.1  t=2.60s
  round  26/50: acc=0.9669  f1m=0.9668  uplink_kB=183.1  t=2.78s
  round  27/50: acc=0.9655  f1m=0.9655  uplink_kB=183.1  t=2.79s
  round  28/50: acc=0.9715  f1m=0.9715  uplink_kB=183.1  t=2.72s
  round  29/50: acc=0.9687  f1m=0.9687  uplink_kB=183.1  t=2.80s
  round  30/50: acc=0.9724  f1m=0.9724  uplink_kB=183.1  t=2.89s
  round  31/50: acc=0.8869  f1m=0.8863  uplink_kB=183.1  t=2.73s
  round  32/50: acc=0.9722  f1m=0.9721  uplink_kB=183.1  t=2.61s
  round  33/50: acc=0.9220  f1m=0.9216  uplink_kB=183.1  t=2.59s
  round  34/50: acc=0.9725  f1m=0.9725  uplink_kB=183.1  t=2.80s
  round  35/50: acc=0.9261  f1m=0.9257  uplink_kB=183.1  t=2.72s
  round  36/50: acc=0.9355  f1m=0.9352  uplink_kB=183.1  t=2.95s
  round  37/50: acc=0.9249  f1m=0.9245  uplink_kB=183.1  t=2.74s
  round  38/50: acc=0.9264  f1m=0.9260  uplink_kB=183.1  t=2.92s
  round  39/50: acc=0.9266  f1m=0.9262  uplink_kB=183.1  t=2.61s
  round  40/50: acc=0.9257  f1m=0.9253  uplink_kB=183.1  t=2.79s
  round  41/50: acc=0.9105  f1m=0.9097  uplink_kB=183.1  t=2.88s
  round  42/50: acc=0.9882  f1m=0.9882  uplink_kB=183.1  t=2.57s
  round  43/50: acc=0.9121  f1m=0.9114  uplink_kB=183.1  t=2.64s
  round  44/50: acc=0.9340  f1m=0.9338  uplink_kB=183.1  t=2.58s
  round  45/50: acc=0.9195  f1m=0.9189  uplink_kB=183.1  t=2.81s
  round  46/50: acc=0.9000  f1m=0.8989  uplink_kB=183.1  t=3.03s
  round  47/50: acc=0.9184  f1m=0.9179  uplink_kB=183.1  t=2.82s
  round  48/50: acc=0.9246  f1m=0.9242  uplink_kB=183.1  t=2.80s
  round  49/50: acc=0.9144  f1m=0.9138  uplink_kB=183.1  t=2.98s
  round  50/50: acc=0.9034  f1m=0.9024  uplink_kB=183.1  t=2.71s
[run] DONE -> /Users/agentra/Documents/hao/working/paper-lab/hao-paper-2026/iotj-fedkan-ids/repo/results/sensitivity_botiot/sens_k5__dir0.1__seed43/metrics.json  final_acc=0.9034
