[run] device=cpu  seed=37  out=/Users/agentra/Documents/hao/working/paper-lab/hao-paper-2026/iotj-fedkan-ids/repo/results/sensitivity_botiot/sens_k4__dir0.1__seed37
[run] model=kan  params=3,608
  round   1/50: acc=0.6795  f1m=0.6424  uplink_kB=166.6  t=2.97s
  round   2/50: acc=0.8491  f1m=0.8456  uplink_kB=166.6  t=2.05s
  round   3/50: acc=0.8678  f1m=0.8655  uplink_kB=166.6  t=2.06s
  round   4/50: acc=0.8635  f1m=0.8609  uplink_kB=166.6  t=2.13s
  round   5/50: acc=0.8981  f1m=0.8970  uplink_kB=166.6  t=2.01s
  round   6/50: acc=0.9010  f1m=0.9007  uplink_kB=166.6  t=2.14s
  round   7/50: acc=0.9156  f1m=0.9150  uplink_kB=166.6  t=2.04s
  round   8/50: acc=0.9215  f1m=0.9210  uplink_kB=166.6  t=2.08s
  round   9/50: acc=0.9214  f1m=0.9209  uplink_kB=166.6  t=2.10s
  round  10/50: acc=0.9218  f1m=0.9214  uplink_kB=166.6  t=2.01s
  round  11/50: acc=0.9217  f1m=0.9212  uplink_kB=166.6  t=2.10s
  round  12/50: acc=0.9709  f1m=0.9709  uplink_kB=166.6  t=1.91s
  round  13/50: acc=0.9225  f1m=0.9220  uplink_kB=166.6  t=2.04s
  round  14/50: acc=0.9736  f1m=0.9736  uplink_kB=166.6  t=2.13s
  round  15/50: acc=0.9332  f1m=0.9329  uplink_kB=166.6  t=2.13s
  round  16/50: acc=0.9328  f1m=0.9325  uplink_kB=166.6  t=2.02s
  round  17/50: acc=0.9756  f1m=0.9756  uplink_kB=166.6  t=2.05s
  round  18/50: acc=0.9257  f1m=0.9253  uplink_kB=166.6  t=2.03s
  round  19/50: acc=0.9350  f1m=0.9348  uplink_kB=166.6  t=2.07s
  round  20/50: acc=0.9361  f1m=0.9358  uplink_kB=166.6  t=1.99s
  round  21/50: acc=0.9357  f1m=0.9355  uplink_kB=166.6  t=2.08s
  round  22/50: acc=0.9251  f1m=0.9247  uplink_kB=166.6  t=2.06s
  round  23/50: acc=0.9743  f1m=0.9743  uplink_kB=166.6  t=2.03s
  round  24/50: acc=0.9357  f1m=0.9355  uplink_kB=166.6  t=2.11s
  round  25/50: acc=0.9361  f1m=0.9358  uplink_kB=166.6  t=2.10s
  round  26/50: acc=0.9371  f1m=0.9368  uplink_kB=166.6  t=1.94s
  round  27/50: acc=0.9351  f1m=0.9348  uplink_kB=166.6  t=1.97s
  round  28/50: acc=0.9367  f1m=0.9365  uplink_kB=166.6  t=1.96s
  round  29/50: acc=0.9353  f1m=0.9350  uplink_kB=166.6  t=2.07s
  round  30/50: acc=0.9944  f1m=0.9944  uplink_kB=166.6  t=2.07s
  round  31/50: acc=0.9347  f1m=0.9345  uplink_kB=166.6  t=2.08s
  round  32/50: acc=0.9275  f1m=0.9271  uplink_kB=166.6  t=2.07s
  round  33/50: acc=0.9957  f1m=0.9957  uplink_kB=166.6  t=2.09s
  round  34/50: acc=0.9364  f1m=0.9361  uplink_kB=166.6  t=2.03s
  round  35/50: acc=0.9361  f1m=0.9359  uplink_kB=166.6  t=2.06s
  round  36/50: acc=0.9283  f1m=0.9279  uplink_kB=166.6  t=2.07s
  round  37/50: acc=0.9184  f1m=0.9178  uplink_kB=166.6  t=2.03s
  round  38/50: acc=0.9293  f1m=0.9289  uplink_kB=166.6  t=2.04s
  round  39/50: acc=0.9185  f1m=0.9179  uplink_kB=166.6  t=2.06s
  round  40/50: acc=0.9933  f1m=0.9933  uplink_kB=166.6  t=2.15s
  round  41/50: acc=0.9962  f1m=0.9962  uplink_kB=166.6  t=1.91s
  round  42/50: acc=0.9932  f1m=0.9932  uplink_kB=166.6  t=2.10s
  round  43/50: acc=0.9283  f1m=0.9279  uplink_kB=166.6  t=2.16s
  round  44/50: acc=0.9960  f1m=0.9960  uplink_kB=166.6  t=2.17s
  round  45/50: acc=0.9953  f1m=0.9953  uplink_kB=166.6  t=2.11s
  round  46/50: acc=0.9368  f1m=0.9365  uplink_kB=166.6  t=2.04s
  round  47/50: acc=0.9287  f1m=0.9283  uplink_kB=166.6  t=2.08s
  round  48/50: acc=0.9961  f1m=0.9961  uplink_kB=166.6  t=2.08s
  round  49/50: acc=0.9962  f1m=0.9962  uplink_kB=166.6  t=2.04s
  round  50/50: acc=0.9950  f1m=0.9950  uplink_kB=166.6  t=2.11s
[run] DONE -> /Users/agentra/Documents/hao/working/paper-lab/hao-paper-2026/iotj-fedkan-ids/repo/results/sensitivity_botiot/sens_k4__dir0.1__seed37/metrics.json  final_acc=0.9950
