[run] device=cpu  seed=23  out=/Users/agentra/Documents/hao/working/paper-lab/hao-paper-2026/iotj-fedkan-ids/repo/results/lrsweep_toniot/lrsweep_mlp32_lr0p003__dir0.1__seed23
[run] model=mlp  params=1,346
  round   1/50: acc=0.5106  f1m=0.3566  uplink_kB=52.6  t=1.10s
  round   2/50: acc=0.5234  f1m=0.3871  uplink_kB=52.6  t=0.62s
  round   3/50: acc=0.6704  f1m=0.6410  uplink_kB=52.6  t=0.67s
  round   4/50: acc=0.7205  f1m=0.7112  uplink_kB=52.6  t=0.66s
  round   5/50: acc=0.7343  f1m=0.7286  uplink_kB=52.6  t=0.63s
  round   6/50: acc=0.7350  f1m=0.7305  uplink_kB=52.6  t=0.66s
  round   7/50: acc=0.7372  f1m=0.7329  uplink_kB=52.6  t=0.65s
  round   8/50: acc=0.7404  f1m=0.7364  uplink_kB=52.6  t=0.66s
  round   9/50: acc=0.7444  f1m=0.7410  uplink_kB=52.6  t=0.66s
  round  10/50: acc=0.7490  f1m=0.7463  uplink_kB=52.6  t=0.63s
  round  11/50: acc=0.7531  f1m=0.7501  uplink_kB=52.6  t=0.60s
  round  12/50: acc=0.7552  f1m=0.7523  uplink_kB=52.6  t=0.65s
  round  13/50: acc=0.7581  f1m=0.7540  uplink_kB=52.6  t=0.65s
  round  14/50: acc=0.7590  f1m=0.7545  uplink_kB=52.6  t=0.65s
  round  15/50: acc=0.7532  f1m=0.7472  uplink_kB=52.6  t=0.67s
  round  16/50: acc=0.7458  f1m=0.7382  uplink_kB=52.6  t=0.62s
  round  17/50: acc=0.7531  f1m=0.7471  uplink_kB=52.6  t=0.65s
  round  18/50: acc=0.7542  f1m=0.7484  uplink_kB=52.6  t=0.59s
  round  19/50: acc=0.7617  f1m=0.7569  uplink_kB=52.6  t=0.65s
  round  20/50: acc=0.7614  f1m=0.7566  uplink_kB=52.6  t=0.64s
  round  21/50: acc=0.7613  f1m=0.7561  uplink_kB=52.6  t=0.65s
  round  22/50: acc=0.7594  f1m=0.7539  uplink_kB=52.6  t=0.66s
  round  23/50: acc=0.7571  f1m=0.7510  uplink_kB=52.6  t=0.64s
  round  24/50: acc=0.7597  f1m=0.7543  uplink_kB=52.6  t=0.64s
  round  25/50: acc=0.7666  f1m=0.7622  uplink_kB=52.6  t=0.60s
  round  26/50: acc=0.7663  f1m=0.7618  uplink_kB=52.6  t=0.63s
  round  27/50: acc=0.7738  f1m=0.7702  uplink_kB=52.6  t=0.64s
  round  28/50: acc=0.7750  f1m=0.7717  uplink_kB=52.6  t=0.64s
  round  29/50: acc=0.7693  f1m=0.7652  uplink_kB=52.6  t=0.63s
  round  30/50: acc=0.7685  f1m=0.7641  uplink_kB=52.6  t=0.64s
  round  31/50: acc=0.7687  f1m=0.7639  uplink_kB=52.6  t=0.60s
  round  32/50: acc=0.8628  f1m=0.8626  uplink_kB=52.6  t=0.64s
  round  33/50: acc=0.8667  f1m=0.8666  uplink_kB=52.6  t=0.65s
  round  34/50: acc=0.8644  f1m=0.8642  uplink_kB=52.6  t=0.66s
  round  35/50: acc=0.8642  f1m=0.8639  uplink_kB=52.6  t=0.65s
  round  36/50: acc=0.8571  f1m=0.8565  uplink_kB=52.6  t=0.64s
  round  37/50: acc=0.8653  f1m=0.8651  uplink_kB=52.6  t=0.60s
  round  38/50: acc=0.8664  f1m=0.8663  uplink_kB=52.6  t=0.64s
  round  39/50: acc=0.8654  f1m=0.8652  uplink_kB=52.6  t=0.63s
  round  40/50: acc=0.8595  f1m=0.8590  uplink_kB=52.6  t=0.64s
  round  41/50: acc=0.8612  f1m=0.8608  uplink_kB=52.6  t=0.66s
  round  42/50: acc=0.8617  f1m=0.8612  uplink_kB=52.6  t=0.67s
  round  43/50: acc=0.8624  f1m=0.8619  uplink_kB=52.6  t=0.67s
  round  44/50: acc=0.8628  f1m=0.8623  uplink_kB=52.6  t=0.59s
  round  45/50: acc=0.8648  f1m=0.8644  uplink_kB=52.6  t=0.64s
  round  46/50: acc=0.8655  f1m=0.8650  uplink_kB=52.6  t=0.64s
  round  47/50: acc=0.8668  f1m=0.8664  uplink_kB=52.6  t=0.63s
  round  48/50: acc=0.8708  f1m=0.8706  uplink_kB=52.6  t=0.67s
  round  49/50: acc=0.8710  f1m=0.8706  uplink_kB=52.6  t=0.64s
  round  50/50: acc=0.8700  f1m=0.8696  uplink_kB=52.6  t=0.63s
[run] DONE -> /Users/agentra/Documents/hao/working/paper-lab/hao-paper-2026/iotj-fedkan-ids/repo/results/lrsweep_toniot/lrsweep_mlp32_lr0p003__dir0.1__seed23/metrics.json  final_acc=0.8700
