[run] device=cpu  seed=31  out=/Users/agentra/Documents/hao/working/paper-lab/hao-paper-2026/iotj-fedkan-ids/repo/results/lrsweep_cseciic_mc/lrsweep_kan16_lr0p1__dir0.1__seed31
[run] model=kan  params=8,640
  round   1/50: acc=0.1767  f1m=0.0354  uplink_kB=363.3  t=6.58s
  round   2/50: acc=0.3350  f1m=0.1318  uplink_kB=363.3  t=6.01s
  round   3/50: acc=0.5083  f1m=0.2496  uplink_kB=363.3  t=6.05s
  round   4/50: acc=0.4603  f1m=0.2137  uplink_kB=363.3  t=6.02s
  round   5/50: acc=0.5868  f1m=0.3073  uplink_kB=363.3  t=6.02s
  round   6/50: acc=0.5853  f1m=0.2720  uplink_kB=363.3  t=6.15s
  round   7/50: acc=0.4403  f1m=0.2218  uplink_kB=363.3  t=6.05s
  round   8/50: acc=0.4350  f1m=0.2979  uplink_kB=363.3  t=6.05s
  round   9/50: acc=0.6418  f1m=0.3807  uplink_kB=363.3  t=6.10s
  round  10/50: acc=0.5892  f1m=0.2693  uplink_kB=363.3  t=6.12s
  round  11/50: acc=0.6343  f1m=0.3567  uplink_kB=363.3  t=6.08s
  round  12/50: acc=0.5223  f1m=0.2994  uplink_kB=363.3  t=6.04s
  round  13/50: acc=0.5223  f1m=0.2764  uplink_kB=363.3  t=6.11s
  round  14/50: acc=0.3728  f1m=0.2266  uplink_kB=363.3  t=6.06s
  round  15/50: acc=0.5865  f1m=0.3205  uplink_kB=363.3  t=6.19s
  round  16/50: acc=0.4347  f1m=0.2523  uplink_kB=363.3  t=6.09s
  round  17/50: acc=0.5313  f1m=0.2882  uplink_kB=363.3  t=6.06s
  round  18/50: acc=0.5894  f1m=0.3234  uplink_kB=363.3  t=6.08s
  round  19/50: acc=0.6036  f1m=0.3354  uplink_kB=363.3  t=6.14s
  round  20/50: acc=0.4429  f1m=0.2338  uplink_kB=363.3  t=6.07s
  round  21/50: acc=0.2830  f1m=0.1916  uplink_kB=363.3  t=6.12s
  round  22/50: acc=0.3767  f1m=0.2203  uplink_kB=363.3  t=6.07s
  round  23/50: acc=0.5718  f1m=0.2778  uplink_kB=363.3  t=6.05s
  round  24/50: acc=0.4038  f1m=0.2270  uplink_kB=363.3  t=6.09s
  round  25/50: acc=0.5409  f1m=0.2681  uplink_kB=363.3  t=6.10s
  round  26/50: acc=0.5992  f1m=0.2978  uplink_kB=363.3  t=6.17s
  round  27/50: acc=0.5287  f1m=0.2421  uplink_kB=363.3  t=6.32s
  round  28/50: acc=0.6001  f1m=0.2735  uplink_kB=363.3  t=6.35s
  round  29/50: acc=0.6050  f1m=0.2761  uplink_kB=363.3  t=6.37s
  round  30/50: acc=0.4707  f1m=0.2096  uplink_kB=363.3  t=6.08s
  round  31/50: acc=0.1875  f1m=0.0856  uplink_kB=363.3  t=6.53s
  round  32/50: acc=0.2653  f1m=0.1316  uplink_kB=363.3  t=6.14s
  round  33/50: acc=0.1874  f1m=0.0843  uplink_kB=363.3  t=6.11s
  round  34/50: acc=0.1875  f1m=0.0847  uplink_kB=363.3  t=6.19s
  round  35/50: acc=0.1875  f1m=0.0845  uplink_kB=363.3  t=6.28s
  round  36/50: acc=0.1873  f1m=0.0840  uplink_kB=363.3  t=6.29s
  round  37/50: acc=0.1875  f1m=0.0847  uplink_kB=363.3  t=6.18s
  round  38/50: acc=0.1875  f1m=0.0847  uplink_kB=363.3  t=6.23s
  round  39/50: acc=0.1876  f1m=0.0847  uplink_kB=363.3  t=6.34s
  round  40/50: acc=0.1876  f1m=0.0847  uplink_kB=363.3  t=6.48s
  round  41/50: acc=0.1877  f1m=0.0848  uplink_kB=363.3  t=6.08s
  round  42/50: acc=0.1877  f1m=0.0848  uplink_kB=363.3  t=6.24s
  round  43/50: acc=0.1877  f1m=0.0848  uplink_kB=363.3  t=6.24s
  round  44/50: acc=0.1877  f1m=0.0848  uplink_kB=363.3  t=6.14s
  round  45/50: acc=0.1876  f1m=0.0847  uplink_kB=363.3  t=6.14s
  round  46/50: acc=0.1873  f1m=0.0838  uplink_kB=363.3  t=6.13s
  round  47/50: acc=0.1877  f1m=0.0848  uplink_kB=363.3  t=6.15s
  round  48/50: acc=0.1874  f1m=0.0843  uplink_kB=363.3  t=6.22s
  round  49/50: acc=0.1877  f1m=0.0848  uplink_kB=363.3  t=6.09s
  round  50/50: acc=0.1876  f1m=0.0847  uplink_kB=363.3  t=6.13s
[run] DONE -> /Users/agentra/Documents/hao/working/paper-lab/hao-paper-2026/iotj-fedkan-ids/repo/results/lrsweep_cseciic_mc/lrsweep_kan16_lr0p1__dir0.1__seed31/metrics.json  final_acc=0.1876
