[run] device=cpu  seed=31  out=/Users/agentra/Documents/hao/working/paper-lab/hao-paper-2026/iotj-fedkan-ids/repo/results/lrsweep_cseciic/lrsweep_kan8_lr0p001__dir0.1__seed31
[run] model=kan  params=3,280
  round   1/50: acc=0.8030  f1m=0.7989  uplink_kB=150.2  t=2.33s
  round   2/50: acc=0.8062  f1m=0.8023  uplink_kB=150.2  t=1.61s
  round   3/50: acc=0.8594  f1m=0.8584  uplink_kB=150.2  t=1.64s
  round   4/50: acc=0.9038  f1m=0.9037  uplink_kB=150.2  t=1.67s
  round   5/50: acc=0.9065  f1m=0.9064  uplink_kB=150.2  t=1.65s
  round   6/50: acc=0.9054  f1m=0.9052  uplink_kB=150.2  t=1.70s
  round   7/50: acc=0.9094  f1m=0.9093  uplink_kB=150.2  t=1.80s
  round   8/50: acc=0.9084  f1m=0.9083  uplink_kB=150.2  t=1.66s
  round   9/50: acc=0.9103  f1m=0.9102  uplink_kB=150.2  t=1.63s
  round  10/50: acc=0.9090  f1m=0.9089  uplink_kB=150.2  t=1.64s
  round  11/50: acc=0.9045  f1m=0.9043  uplink_kB=150.2  t=1.68s
  round  12/50: acc=0.8988  f1m=0.8985  uplink_kB=150.2  t=1.61s
  round  13/50: acc=0.8984  f1m=0.8981  uplink_kB=150.2  t=1.65s
  round  14/50: acc=0.8969  f1m=0.8966  uplink_kB=150.2  t=1.60s
  round  15/50: acc=0.8871  f1m=0.8867  uplink_kB=150.2  t=1.63s
  round  16/50: acc=0.8903  f1m=0.8899  uplink_kB=150.2  t=1.67s
  round  17/50: acc=0.8992  f1m=0.8989  uplink_kB=150.2  t=1.64s
  round  18/50: acc=0.8984  f1m=0.8981  uplink_kB=150.2  t=1.64s
  round  19/50: acc=0.8999  f1m=0.8997  uplink_kB=150.2  t=1.63s
  round  20/50: acc=0.9007  f1m=0.9005  uplink_kB=150.2  t=1.64s
  round  21/50: acc=0.9066  f1m=0.9063  uplink_kB=150.2  t=1.55s
  round  22/50: acc=0.9142  f1m=0.9141  uplink_kB=150.2  t=1.65s
  round  23/50: acc=0.9134  f1m=0.9133  uplink_kB=150.2  t=1.64s
  round  24/50: acc=0.9168  f1m=0.9167  uplink_kB=150.2  t=1.63s
  round  25/50: acc=0.9210  f1m=0.9209  uplink_kB=150.2  t=1.76s
  round  26/50: acc=0.9224  f1m=0.9223  uplink_kB=150.2  t=1.76s
  round  27/50: acc=0.9273  f1m=0.9272  uplink_kB=150.2  t=1.66s
  round  28/50: acc=0.9297  f1m=0.9297  uplink_kB=150.2  t=1.74s
  round  29/50: acc=0.9424  f1m=0.9424  uplink_kB=150.2  t=1.65s
  round  30/50: acc=0.9460  f1m=0.9460  uplink_kB=150.2  t=1.63s
  round  31/50: acc=0.9446  f1m=0.9446  uplink_kB=150.2  t=1.79s
  round  32/50: acc=0.9479  f1m=0.9479  uplink_kB=150.2  t=1.65s
  round  33/50: acc=0.9487  f1m=0.9487  uplink_kB=150.2  t=1.68s
  round  34/50: acc=0.9507  f1m=0.9507  uplink_kB=150.2  t=1.61s
  round  35/50: acc=0.9523  f1m=0.9523  uplink_kB=150.2  t=1.61s
  round  36/50: acc=0.9555  f1m=0.9555  uplink_kB=150.2  t=1.61s
  round  37/50: acc=0.9566  f1m=0.9566  uplink_kB=150.2  t=1.55s
  round  38/50: acc=0.9546  f1m=0.9546  uplink_kB=150.2  t=1.65s
  round  39/50: acc=0.9592  f1m=0.9592  uplink_kB=150.2  t=1.59s
  round  40/50: acc=0.9586  f1m=0.9586  uplink_kB=150.2  t=1.63s
  round  41/50: acc=0.9590  f1m=0.9590  uplink_kB=150.2  t=1.63s
  round  42/50: acc=0.9609  f1m=0.9609  uplink_kB=150.2  t=1.61s
  round  43/50: acc=0.9616  f1m=0.9616  uplink_kB=150.2  t=1.62s
  round  44/50: acc=0.9620  f1m=0.9620  uplink_kB=150.2  t=1.60s
  round  45/50: acc=0.9619  f1m=0.9619  uplink_kB=150.2  t=1.58s
  round  46/50: acc=0.9635  f1m=0.9635  uplink_kB=150.2  t=1.61s
  round  47/50: acc=0.9629  f1m=0.9629  uplink_kB=150.2  t=1.61s
  round  48/50: acc=0.9644  f1m=0.9644  uplink_kB=150.2  t=1.65s
  round  49/50: acc=0.9647  f1m=0.9647  uplink_kB=150.2  t=1.61s
  round  50/50: acc=0.9644  f1m=0.9644  uplink_kB=150.2  t=1.64s
[run] DONE -> /Users/agentra/Documents/hao/working/paper-lab/hao-paper-2026/iotj-fedkan-ids/repo/results/lrsweep_cseciic/lrsweep_kan8_lr0p001__dir0.1__seed31/metrics.json  final_acc=0.9644
