[run] device=cpu  seed=101  out=/Users/agentra/Documents/hao/working/paper-lab/hao-paper-2026/iotj-fedkan-ids/repo/results/lrsweep_toniot/lrsweep_kan8_lr0p01__dir0.1__seed101
[run] model=kan  params=3,280
  round   1/50: acc=0.5000  f1m=0.3333  uplink_kB=150.2  t=2.69s
  round   2/50: acc=0.6519  f1m=0.6466  uplink_kB=150.2  t=1.86s
  round   3/50: acc=0.7339  f1m=0.7153  uplink_kB=150.2  t=1.93s
  round   4/50: acc=0.7356  f1m=0.7176  uplink_kB=150.2  t=1.96s
  round   5/50: acc=0.7368  f1m=0.7192  uplink_kB=150.2  t=1.89s
  round   6/50: acc=0.6478  f1m=0.6395  uplink_kB=150.2  t=1.83s
  round   7/50: acc=0.7448  f1m=0.7293  uplink_kB=150.2  t=1.90s
  round   8/50: acc=0.7452  f1m=0.7300  uplink_kB=150.2  t=1.97s
  round   9/50: acc=0.7467  f1m=0.7320  uplink_kB=150.2  t=2.10s
  round  10/50: acc=0.7504  f1m=0.7365  uplink_kB=150.2  t=1.95s
  round  11/50: acc=0.7548  f1m=0.7422  uplink_kB=150.2  t=2.06s
  round  12/50: acc=0.6741  f1m=0.6701  uplink_kB=150.2  t=1.90s
  round  13/50: acc=0.7675  f1m=0.7570  uplink_kB=150.2  t=2.03s
  round  14/50: acc=0.7718  f1m=0.7627  uplink_kB=150.2  t=2.05s
  round  15/50: acc=0.7740  f1m=0.7653  uplink_kB=150.2  t=2.01s
  round  16/50: acc=0.7765  f1m=0.7679  uplink_kB=150.2  t=2.02s
  round  17/50: acc=0.7777  f1m=0.7690  uplink_kB=150.2  t=2.03s
  round  18/50: acc=0.7807  f1m=0.7726  uplink_kB=150.2  t=1.99s
  round  19/50: acc=0.7811  f1m=0.7730  uplink_kB=150.2  t=1.97s
  round  20/50: acc=0.7857  f1m=0.7787  uplink_kB=150.2  t=1.97s
  round  21/50: acc=0.7870  f1m=0.7802  uplink_kB=150.2  t=2.03s
  round  22/50: acc=0.7872  f1m=0.7799  uplink_kB=150.2  t=1.96s
  round  23/50: acc=0.7899  f1m=0.7839  uplink_kB=150.2  t=1.97s
  round  24/50: acc=0.7893  f1m=0.7822  uplink_kB=150.2  t=1.94s
  round  25/50: acc=0.7915  f1m=0.7856  uplink_kB=150.2  t=1.95s
  round  26/50: acc=0.7922  f1m=0.7868  uplink_kB=150.2  t=1.89s
  round  27/50: acc=0.7935  f1m=0.7880  uplink_kB=150.2  t=2.02s
  round  28/50: acc=0.7947  f1m=0.7884  uplink_kB=150.2  t=1.94s
  round  29/50: acc=0.7965  f1m=0.7906  uplink_kB=150.2  t=1.90s
  round  30/50: acc=0.7971  f1m=0.7913  uplink_kB=150.2  t=1.96s
  round  31/50: acc=0.7963  f1m=0.7903  uplink_kB=150.2  t=2.00s
  round  32/50: acc=0.8005  f1m=0.7950  uplink_kB=150.2  t=1.93s
  round  33/50: acc=0.7984  f1m=0.7924  uplink_kB=150.2  t=1.90s
  round  34/50: acc=0.5802  f1m=0.5056  uplink_kB=150.2  t=1.97s
  round  35/50: acc=0.7999  f1m=0.7942  uplink_kB=150.2  t=1.91s
  round  36/50: acc=0.7998  f1m=0.7945  uplink_kB=150.2  t=1.96s
  round  37/50: acc=0.5812  f1m=0.5095  uplink_kB=150.2  t=1.93s
  round  38/50: acc=0.5821  f1m=0.5131  uplink_kB=150.2  t=1.92s
  round  39/50: acc=0.5811  f1m=0.5069  uplink_kB=150.2  t=1.97s
  round  40/50: acc=0.5824  f1m=0.5105  uplink_kB=150.2  t=1.89s
  round  41/50: acc=0.5836  f1m=0.5122  uplink_kB=150.2  t=1.93s
  round  42/50: acc=0.5834  f1m=0.5114  uplink_kB=150.2  t=1.96s
  round  43/50: acc=0.5845  f1m=0.5136  uplink_kB=150.2  t=2.00s
  round  44/50: acc=0.5853  f1m=0.5186  uplink_kB=150.2  t=1.93s
  round  45/50: acc=0.5852  f1m=0.5179  uplink_kB=150.2  t=1.89s
  round  46/50: acc=0.5857  f1m=0.5191  uplink_kB=150.2  t=1.84s
  round  47/50: acc=0.5863  f1m=0.5180  uplink_kB=150.2  t=1.92s
  round  48/50: acc=0.5862  f1m=0.5163  uplink_kB=150.2  t=1.94s
  round  49/50: acc=0.5853  f1m=0.5140  uplink_kB=150.2  t=1.96s
  round  50/50: acc=0.5834  f1m=0.5094  uplink_kB=150.2  t=1.91s
[run] DONE -> /Users/agentra/Documents/hao/working/paper-lab/hao-paper-2026/iotj-fedkan-ids/repo/results/lrsweep_toniot/lrsweep_kan8_lr0p01__dir0.1__seed101/metrics.json  final_acc=0.5834
