[run] device=cpu  seed=2026  out=/Users/agentra/Documents/hao/working/paper-lab/hao-paper-2026/iotj-fedkan-ids/repo/results/lrsweep_botiot/lrsweep_kan16_lr0p1__dir0.1__seed2026
[run] model=kan  params=6,560
  round   1/50: acc=0.4989  f1m=0.3328  uplink_kB=282.0  t=2.46s
  round   2/50: acc=0.4989  f1m=0.3328  uplink_kB=282.0  t=1.90s
  round   3/50: acc=0.4989  f1m=0.3328  uplink_kB=282.0  t=1.85s
  round   4/50: acc=0.4989  f1m=0.3328  uplink_kB=282.0  t=1.86s
  round   5/50: acc=0.7809  f1m=0.7697  uplink_kB=282.0  t=1.86s
  round   6/50: acc=0.4989  f1m=0.3328  uplink_kB=282.0  t=1.83s
  round   7/50: acc=0.4989  f1m=0.3328  uplink_kB=282.0  t=1.87s
  round   8/50: acc=0.5002  f1m=0.3358  uplink_kB=282.0  t=1.91s
  round   9/50: acc=0.5009  f1m=0.3373  uplink_kB=282.0  t=1.88s
  round  10/50: acc=0.5002  f1m=0.3356  uplink_kB=282.0  t=1.87s
  round  11/50: acc=0.7297  f1m=0.7082  uplink_kB=282.0  t=1.92s
  round  12/50: acc=0.4989  f1m=0.3328  uplink_kB=282.0  t=1.77s
  round  13/50: acc=0.4989  f1m=0.3328  uplink_kB=282.0  t=1.85s
  round  14/50: acc=0.8311  f1m=0.8264  uplink_kB=282.0  t=1.87s
  round  15/50: acc=0.4989  f1m=0.3328  uplink_kB=282.0  t=1.88s
  round  16/50: acc=0.4989  f1m=0.3328  uplink_kB=282.0  t=1.87s
  round  17/50: acc=0.4989  f1m=0.3328  uplink_kB=282.0  t=1.91s
  round  18/50: acc=0.5512  f1m=0.5373  uplink_kB=282.0  t=1.84s
  round  19/50: acc=0.8003  f1m=0.7919  uplink_kB=282.0  t=1.93s
  round  20/50: acc=0.5138  f1m=0.3651  uplink_kB=282.0  t=1.84s
  round  21/50: acc=0.9361  f1m=0.9361  uplink_kB=282.0  t=1.86s
  round  22/50: acc=0.4989  f1m=0.3328  uplink_kB=282.0  t=1.88s
  round  23/50: acc=0.8234  f1m=0.8177  uplink_kB=282.0  t=1.91s
  round  24/50: acc=0.4989  f1m=0.3328  uplink_kB=282.0  t=1.93s
  round  25/50: acc=0.5195  f1m=0.3735  uplink_kB=282.0  t=1.84s
  round  26/50: acc=0.4989  f1m=0.3328  uplink_kB=282.0  t=1.86s
  round  27/50: acc=0.7100  f1m=0.6830  uplink_kB=282.0  t=1.92s
  round  28/50: acc=0.4989  f1m=0.3328  uplink_kB=282.0  t=1.88s
  round  29/50: acc=0.6066  f1m=0.5336  uplink_kB=282.0  t=1.88s
  round  30/50: acc=0.4989  f1m=0.3328  uplink_kB=282.0  t=1.91s
  round  31/50: acc=0.8028  f1m=0.7947  uplink_kB=282.0  t=1.90s
  round  32/50: acc=0.4989  f1m=0.3328  uplink_kB=282.0  t=1.93s
  round  33/50: acc=0.7942  f1m=0.7850  uplink_kB=282.0  t=1.90s
  round  34/50: acc=0.4989  f1m=0.3328  uplink_kB=282.0  t=1.90s
  round  35/50: acc=0.4989  f1m=0.3328  uplink_kB=282.0  t=1.96s
  round  36/50: acc=0.4989  f1m=0.3328  uplink_kB=282.0  t=1.92s
  round  37/50: acc=0.5006  f1m=0.3366  uplink_kB=282.0  t=1.90s
  round  38/50: acc=0.4989  f1m=0.3328  uplink_kB=282.0  t=1.93s
  round  39/50: acc=0.4991  f1m=0.3333  uplink_kB=282.0  t=1.87s
  round  40/50: acc=0.4989  f1m=0.3328  uplink_kB=282.0  t=1.83s
  round  41/50: acc=0.8039  f1m=0.7963  uplink_kB=282.0  t=1.96s
  round  42/50: acc=0.4989  f1m=0.3328  uplink_kB=282.0  t=1.91s
  round  43/50: acc=0.4995  f1m=0.3341  uplink_kB=282.0  t=1.87s
  round  44/50: acc=0.4989  f1m=0.3328  uplink_kB=282.0  t=1.87s
  round  45/50: acc=0.4989  f1m=0.3328  uplink_kB=282.0  t=1.93s
  round  46/50: acc=0.4989  f1m=0.3328  uplink_kB=282.0  t=1.92s
  round  47/50: acc=0.4991  f1m=0.3332  uplink_kB=282.0  t=2.00s
  round  48/50: acc=0.4989  f1m=0.3328  uplink_kB=282.0  t=1.92s
  round  49/50: acc=0.4989  f1m=0.3328  uplink_kB=282.0  t=1.97s
  round  50/50: acc=0.9092  f1m=0.9091  uplink_kB=282.0  t=1.86s
[run] DONE -> /Users/agentra/Documents/hao/working/paper-lab/hao-paper-2026/iotj-fedkan-ids/repo/results/lrsweep_botiot/lrsweep_kan16_lr0p1__dir0.1__seed2026/metrics.json  final_acc=0.9092
