[run] device=cpu  seed=2024  out=/Users/agentra/Documents/hao/working/paper-lab/hao-paper-2026/iotj-fedkan-ids/repo/results/lrsweep_cseciic_mc50k/lrsweep_mlp32_lr0p0003__dir0.1__seed2024
[run] model=mlp  params=1,775
  round   1/50: acc=0.2102  f1m=0.0651  uplink_kB=69.3  t=1.76s
  round   2/50: acc=0.2046  f1m=0.0629  uplink_kB=69.3  t=0.96s
  round   3/50: acc=0.1951  f1m=0.0558  uplink_kB=69.3  t=1.06s
  round   4/50: acc=0.2114  f1m=0.0660  uplink_kB=69.3  t=1.01s
  round   5/50: acc=0.2478  f1m=0.0797  uplink_kB=69.3  t=1.05s
  round   6/50: acc=0.2640  f1m=0.0999  uplink_kB=69.3  t=0.96s
  round   7/50: acc=0.2764  f1m=0.1109  uplink_kB=69.3  t=1.03s
  round   8/50: acc=0.2881  f1m=0.1219  uplink_kB=69.3  t=0.97s
  round   9/50: acc=0.1741  f1m=0.0737  uplink_kB=69.3  t=1.07s
  round  10/50: acc=0.1764  f1m=0.0719  uplink_kB=69.3  t=0.98s
  round  11/50: acc=0.1799  f1m=0.0713  uplink_kB=69.3  t=1.02s
  round  12/50: acc=0.1838  f1m=0.0720  uplink_kB=69.3  t=0.99s
  round  13/50: acc=0.1905  f1m=0.0738  uplink_kB=69.3  t=1.03s
  round  14/50: acc=0.1919  f1m=0.0733  uplink_kB=69.3  t=0.97s
  round  15/50: acc=0.1921  f1m=0.0729  uplink_kB=69.3  t=1.00s
  round  16/50: acc=0.1920  f1m=0.0725  uplink_kB=69.3  t=0.96s
  round  17/50: acc=0.1921  f1m=0.0722  uplink_kB=69.3  t=1.07s
  round  18/50: acc=0.1920  f1m=0.0718  uplink_kB=69.3  t=0.99s
  round  19/50: acc=0.1921  f1m=0.0717  uplink_kB=69.3  t=1.00s
  round  20/50: acc=0.1921  f1m=0.0713  uplink_kB=69.3  t=0.98s
  round  21/50: acc=0.1921  f1m=0.0712  uplink_kB=69.3  t=1.06s
  round  22/50: acc=0.1921  f1m=0.0714  uplink_kB=69.3  t=0.98s
  round  23/50: acc=0.1922  f1m=0.0712  uplink_kB=69.3  t=1.03s
  round  24/50: acc=0.1921  f1m=0.0708  uplink_kB=69.3  t=1.07s
  round  25/50: acc=0.1922  f1m=0.0707  uplink_kB=69.3  t=0.99s
  round  26/50: acc=0.1927  f1m=0.0703  uplink_kB=69.3  t=1.02s
  round  27/50: acc=0.1928  f1m=0.0697  uplink_kB=69.3  t=0.99s
  round  28/50: acc=0.1930  f1m=0.0693  uplink_kB=69.3  t=1.06s
  round  29/50: acc=0.1930  f1m=0.0690  uplink_kB=69.3  t=1.03s
  round  30/50: acc=0.1929  f1m=0.0688  uplink_kB=69.3  t=1.08s
  round  31/50: acc=0.1929  f1m=0.0686  uplink_kB=69.3  t=0.99s
  round  32/50: acc=0.1929  f1m=0.0686  uplink_kB=69.3  t=1.01s
  round  33/50: acc=0.1929  f1m=0.0685  uplink_kB=69.3  t=1.02s
  round  34/50: acc=0.1929  f1m=0.0685  uplink_kB=69.3  t=1.04s
  round  35/50: acc=0.2513  f1m=0.1261  uplink_kB=69.3  t=0.99s
  round  36/50: acc=0.2558  f1m=0.1233  uplink_kB=69.3  t=1.03s
  round  37/50: acc=0.2557  f1m=0.1231  uplink_kB=69.3  t=1.01s
  round  38/50: acc=0.2556  f1m=0.1229  uplink_kB=69.3  t=1.06s
  round  39/50: acc=0.2556  f1m=0.1228  uplink_kB=69.3  t=1.04s
  round  40/50: acc=0.2556  f1m=0.1225  uplink_kB=69.3  t=0.97s
  round  41/50: acc=0.2555  f1m=0.1214  uplink_kB=69.3  t=0.99s
  round  42/50: acc=0.2554  f1m=0.1206  uplink_kB=69.3  t=1.07s
  round  43/50: acc=0.2554  f1m=0.1201  uplink_kB=69.3  t=0.99s
  round  44/50: acc=0.2553  f1m=0.1200  uplink_kB=69.3  t=1.06s
  round  45/50: acc=0.2553  f1m=0.1200  uplink_kB=69.3  t=1.00s
  round  46/50: acc=0.2553  f1m=0.1200  uplink_kB=69.3  t=1.03s
  round  47/50: acc=0.2553  f1m=0.1200  uplink_kB=69.3  t=0.99s
  round  48/50: acc=0.2553  f1m=0.1197  uplink_kB=69.3  t=1.05s
  round  49/50: acc=0.2553  f1m=0.1196  uplink_kB=69.3  t=0.97s
  round  50/50: acc=0.2554  f1m=0.1196  uplink_kB=69.3  t=1.02s
[run] DONE -> /Users/agentra/Documents/hao/working/paper-lab/hao-paper-2026/iotj-fedkan-ids/repo/results/lrsweep_cseciic_mc50k/lrsweep_mlp32_lr0p0003__dir0.1__seed2024/metrics.json  final_acc=0.2554
