[run] device=cpu  seed=29  out=/Users/agentra/Documents/hao/working/paper-lab/hao-paper-2026/iotj-fedkan-ids/repo/results/lrsweep_cseciic_mc50k/lrsweep_mlp32_lr0p001__dir0.1__seed29
[run] model=mlp  params=1,775
  round   1/50: acc=0.1794  f1m=0.0482  uplink_kB=69.3  t=1.62s
  round   2/50: acc=0.1846  f1m=0.0492  uplink_kB=69.3  t=1.00s
  round   3/50: acc=0.2107  f1m=0.0762  uplink_kB=69.3  t=1.11s
  round   4/50: acc=0.2214  f1m=0.0811  uplink_kB=69.3  t=1.01s
  round   5/50: acc=0.2424  f1m=0.0988  uplink_kB=69.3  t=1.09s
  round   6/50: acc=0.4113  f1m=0.1813  uplink_kB=69.3  t=1.06s
  round   7/50: acc=0.4372  f1m=0.1871  uplink_kB=69.3  t=1.06s
  round   8/50: acc=0.4430  f1m=0.1896  uplink_kB=69.3  t=1.01s
  round   9/50: acc=0.4467  f1m=0.1943  uplink_kB=69.3  t=1.04s
  round  10/50: acc=0.4619  f1m=0.2271  uplink_kB=69.3  t=1.04s
  round  11/50: acc=0.4800  f1m=0.2624  uplink_kB=69.3  t=1.01s
  round  12/50: acc=0.4826  f1m=0.2630  uplink_kB=69.3  t=1.03s
  round  13/50: acc=0.4871  f1m=0.2644  uplink_kB=69.3  t=1.02s
  round  14/50: acc=0.4902  f1m=0.2648  uplink_kB=69.3  t=1.06s
  round  15/50: acc=0.4935  f1m=0.2661  uplink_kB=69.3  t=1.01s
  round  16/50: acc=0.4950  f1m=0.2714  uplink_kB=69.3  t=1.08s
  round  17/50: acc=0.4955  f1m=0.2719  uplink_kB=69.3  t=1.00s
  round  18/50: acc=0.4956  f1m=0.2718  uplink_kB=69.3  t=1.12s
  round  19/50: acc=0.4958  f1m=0.2723  uplink_kB=69.3  t=0.98s
  round  20/50: acc=0.4990  f1m=0.2762  uplink_kB=69.3  t=1.00s
  round  21/50: acc=0.5078  f1m=0.2801  uplink_kB=69.3  t=1.01s
  round  22/50: acc=0.5112  f1m=0.2830  uplink_kB=69.3  t=1.10s
  round  23/50: acc=0.5126  f1m=0.2848  uplink_kB=69.3  t=1.02s
  round  24/50: acc=0.5125  f1m=0.2848  uplink_kB=69.3  t=1.04s
  round  25/50: acc=0.5145  f1m=0.2869  uplink_kB=69.3  t=0.96s
  round  26/50: acc=0.5145  f1m=0.2868  uplink_kB=69.3  t=1.03s
  round  27/50: acc=0.5169  f1m=0.2888  uplink_kB=69.3  t=1.00s
  round  28/50: acc=0.5289  f1m=0.2929  uplink_kB=69.3  t=1.06s
  round  29/50: acc=0.5298  f1m=0.2941  uplink_kB=69.3  t=0.99s
  round  30/50: acc=0.5333  f1m=0.2981  uplink_kB=69.3  t=1.01s
  round  31/50: acc=0.5355  f1m=0.3001  uplink_kB=69.3  t=1.02s
  round  32/50: acc=0.5386  f1m=0.3029  uplink_kB=69.3  t=1.05s
  round  33/50: acc=0.5399  f1m=0.3041  uplink_kB=69.3  t=1.03s
  round  34/50: acc=0.5433  f1m=0.3073  uplink_kB=69.3  t=1.03s
  round  35/50: acc=0.5444  f1m=0.3088  uplink_kB=69.3  t=1.00s
  round  36/50: acc=0.5505  f1m=0.3131  uplink_kB=69.3  t=1.05s
  round  37/50: acc=0.5530  f1m=0.3154  uplink_kB=69.3  t=0.98s
  round  38/50: acc=0.5590  f1m=0.3207  uplink_kB=69.3  t=1.04s
  round  39/50: acc=0.5648  f1m=0.3253  uplink_kB=69.3  t=1.02s
  round  40/50: acc=0.5677  f1m=0.3276  uplink_kB=69.3  t=1.06s
  round  41/50: acc=0.5695  f1m=0.3294  uplink_kB=69.3  t=1.04s
  round  42/50: acc=0.5704  f1m=0.3302  uplink_kB=69.3  t=1.05s
  round  43/50: acc=0.5805  f1m=0.3372  uplink_kB=69.3  t=0.99s
  round  44/50: acc=0.5831  f1m=0.3394  uplink_kB=69.3  t=1.03s
  round  45/50: acc=0.5847  f1m=0.3413  uplink_kB=69.3  t=1.01s
  round  46/50: acc=0.5919  f1m=0.3463  uplink_kB=69.3  t=1.05s
  round  47/50: acc=0.5970  f1m=0.3510  uplink_kB=69.3  t=1.03s
  round  48/50: acc=0.6011  f1m=0.3535  uplink_kB=69.3  t=1.06s
  round  49/50: acc=0.6020  f1m=0.3541  uplink_kB=69.3  t=1.10s
  round  50/50: acc=0.6069  f1m=0.3593  uplink_kB=69.3  t=0.98s
[run] DONE -> /Users/agentra/Documents/hao/working/paper-lab/hao-paper-2026/iotj-fedkan-ids/repo/results/lrsweep_cseciic_mc50k/lrsweep_mlp32_lr0p001__dir0.1__seed29/metrics.json  final_acc=0.6069
