[run] device=cpu  seed=2024  out=/Users/agentra/Documents/hao/working/paper-lab/hao-paper-2026/iotj-fedkan-ids/repo/results/lrsweep_cseciic/lrsweep_mlp80_lr0p01__dir0.1__seed2024
[run] model=mlp  params=3,362
  round   1/50: acc=0.7174  f1m=0.6978  uplink_kB=131.3  t=1.36s
  round   2/50: acc=0.7581  f1m=0.7472  uplink_kB=131.3  t=0.70s
  round   3/50: acc=0.7898  f1m=0.7831  uplink_kB=131.3  t=0.69s
  round   4/50: acc=0.7846  f1m=0.7770  uplink_kB=131.3  t=0.74s
  round   5/50: acc=0.8179  f1m=0.8138  uplink_kB=131.3  t=0.73s
  round   6/50: acc=0.8465  f1m=0.8443  uplink_kB=131.3  t=0.65s
  round   7/50: acc=0.8977  f1m=0.8973  uplink_kB=131.3  t=0.66s
  round   8/50: acc=0.8613  f1m=0.8598  uplink_kB=131.3  t=0.67s
  round   9/50: acc=0.8993  f1m=0.8989  uplink_kB=131.3  t=0.66s
  round  10/50: acc=0.9084  f1m=0.9082  uplink_kB=131.3  t=0.71s
  round  11/50: acc=0.9055  f1m=0.9052  uplink_kB=131.3  t=0.69s
  round  12/50: acc=0.9205  f1m=0.9204  uplink_kB=131.3  t=0.64s
  round  13/50: acc=0.9173  f1m=0.9172  uplink_kB=131.3  t=0.71s
  round  14/50: acc=0.9157  f1m=0.9155  uplink_kB=131.3  t=0.73s
  round  15/50: acc=0.9306  f1m=0.9305  uplink_kB=131.3  t=0.67s
  round  16/50: acc=0.9056  f1m=0.9053  uplink_kB=131.3  t=0.63s
  round  17/50: acc=0.9303  f1m=0.9303  uplink_kB=131.3  t=0.71s
  round  18/50: acc=0.9017  f1m=0.9013  uplink_kB=131.3  t=0.71s
  round  19/50: acc=0.9230  f1m=0.9229  uplink_kB=131.3  t=0.71s
  round  20/50: acc=0.9199  f1m=0.9198  uplink_kB=131.3  t=0.64s
  round  21/50: acc=0.9337  f1m=0.9337  uplink_kB=131.3  t=0.66s
  round  22/50: acc=0.9346  f1m=0.9346  uplink_kB=131.3  t=0.69s
  round  23/50: acc=0.9232  f1m=0.9230  uplink_kB=131.3  t=0.72s
  round  24/50: acc=0.9235  f1m=0.9234  uplink_kB=131.3  t=0.65s
  round  25/50: acc=0.9345  f1m=0.9345  uplink_kB=131.3  t=0.62s
  round  26/50: acc=0.9323  f1m=0.9323  uplink_kB=131.3  t=0.69s
  round  27/50: acc=0.9352  f1m=0.9351  uplink_kB=131.3  t=0.72s
  round  28/50: acc=0.9368  f1m=0.9368  uplink_kB=131.3  t=0.68s
  round  29/50: acc=0.9301  f1m=0.9300  uplink_kB=131.3  t=0.72s
  round  30/50: acc=0.9191  f1m=0.9190  uplink_kB=131.3  t=0.65s
  round  31/50: acc=0.9384  f1m=0.9384  uplink_kB=131.3  t=0.68s
  round  32/50: acc=0.9379  f1m=0.9378  uplink_kB=131.3  t=0.66s
  round  33/50: acc=0.9407  f1m=0.9406  uplink_kB=131.3  t=0.70s
  round  34/50: acc=0.9430  f1m=0.9430  uplink_kB=131.3  t=0.73s
  round  35/50: acc=0.9359  f1m=0.9358  uplink_kB=131.3  t=0.66s
  round  36/50: acc=0.9257  f1m=0.9256  uplink_kB=131.3  t=0.70s
  round  37/50: acc=0.9333  f1m=0.9333  uplink_kB=131.3  t=0.70s
  round  38/50: acc=0.9325  f1m=0.9324  uplink_kB=131.3  t=0.71s
  round  39/50: acc=0.9378  f1m=0.9378  uplink_kB=131.3  t=0.63s
  round  40/50: acc=0.9249  f1m=0.9248  uplink_kB=131.3  t=0.74s
  round  41/50: acc=0.9392  f1m=0.9392  uplink_kB=131.3  t=0.85s
  round  42/50: acc=0.9293  f1m=0.9292  uplink_kB=131.3  t=0.72s
  round  43/50: acc=0.9265  f1m=0.9264  uplink_kB=131.3  t=0.65s
  round  44/50: acc=0.9328  f1m=0.9328  uplink_kB=131.3  t=0.71s
  round  45/50: acc=0.9352  f1m=0.9351  uplink_kB=131.3  t=0.67s
  round  46/50: acc=0.9420  f1m=0.9420  uplink_kB=131.3  t=0.65s
  round  47/50: acc=0.9403  f1m=0.9402  uplink_kB=131.3  t=0.69s
  round  48/50: acc=0.9397  f1m=0.9397  uplink_kB=131.3  t=0.70s
  round  49/50: acc=0.9461  f1m=0.9461  uplink_kB=131.3  t=0.73s
  round  50/50: acc=0.9455  f1m=0.9455  uplink_kB=131.3  t=0.66s
[run] DONE -> /Users/agentra/Documents/hao/working/paper-lab/hao-paper-2026/iotj-fedkan-ids/repo/results/lrsweep_cseciic/lrsweep_mlp80_lr0p01__dir0.1__seed2024/metrics.json  final_acc=0.9455
