[run] device=cpu  seed=105  out=/Users/agentra/Documents/hao/working/paper-lab/hao-paper-2026/iotj-fedkan-ids/repo/results/lrsweep_cseciic/lrsweep_mlp80_lr0p01__dir0.1__seed105
[run] model=mlp  params=3,362
  round   1/50: acc=0.6285  f1m=0.5753  uplink_kB=131.3  t=1.51s
  round   2/50: acc=0.7447  f1m=0.7315  uplink_kB=131.3  t=0.84s
  round   3/50: acc=0.7447  f1m=0.7315  uplink_kB=131.3  t=0.80s
  round   4/50: acc=0.7452  f1m=0.7321  uplink_kB=131.3  t=0.84s
  round   5/50: acc=0.7461  f1m=0.7332  uplink_kB=131.3  t=0.83s
  round   6/50: acc=0.7502  f1m=0.7379  uplink_kB=131.3  t=0.76s
  round   7/50: acc=0.7567  f1m=0.7455  uplink_kB=131.3  t=0.81s
  round   8/50: acc=0.7605  f1m=0.7511  uplink_kB=131.3  t=0.86s
  round   9/50: acc=0.7612  f1m=0.7508  uplink_kB=131.3  t=0.90s
  round  10/50: acc=0.7658  f1m=0.7562  uplink_kB=131.3  t=0.85s
  round  11/50: acc=0.7688  f1m=0.7597  uplink_kB=131.3  t=0.82s
  round  12/50: acc=0.7670  f1m=0.7576  uplink_kB=131.3  t=0.81s
  round  13/50: acc=0.7685  f1m=0.7593  uplink_kB=131.3  t=0.81s
  round  14/50: acc=0.7738  f1m=0.7653  uplink_kB=131.3  t=0.82s
  round  15/50: acc=0.7721  f1m=0.7633  uplink_kB=131.3  t=0.86s
  round  16/50: acc=0.7689  f1m=0.7598  uplink_kB=131.3  t=0.82s
  round  17/50: acc=0.7702  f1m=0.7613  uplink_kB=131.3  t=0.89s
  round  18/50: acc=0.7724  f1m=0.7637  uplink_kB=131.3  t=0.76s
  round  19/50: acc=0.7893  f1m=0.7827  uplink_kB=131.3  t=0.78s
  round  20/50: acc=0.7727  f1m=0.7641  uplink_kB=131.3  t=0.77s
  round  21/50: acc=0.7734  f1m=0.7649  uplink_kB=131.3  t=0.82s
  round  22/50: acc=0.7708  f1m=0.7618  uplink_kB=131.3  t=0.78s
  round  23/50: acc=0.7921  f1m=0.7858  uplink_kB=131.3  t=0.75s
  round  24/50: acc=0.7717  f1m=0.7629  uplink_kB=131.3  t=0.71s
  round  25/50: acc=0.7762  f1m=0.7680  uplink_kB=131.3  t=0.76s
  round  26/50: acc=0.8216  f1m=0.8180  uplink_kB=131.3  t=0.78s
  round  27/50: acc=0.7829  f1m=0.7758  uplink_kB=131.3  t=0.78s
  round  28/50: acc=0.7706  f1m=0.7617  uplink_kB=131.3  t=0.75s
  round  29/50: acc=0.7795  f1m=0.7719  uplink_kB=131.3  t=0.82s
  round  30/50: acc=0.8165  f1m=0.8126  uplink_kB=131.3  t=0.80s
  round  31/50: acc=0.7476  f1m=0.7352  uplink_kB=131.3  t=0.74s
  round  32/50: acc=0.8131  f1m=0.8090  uplink_kB=131.3  t=0.80s
  round  33/50: acc=0.7997  f1m=0.7944  uplink_kB=131.3  t=0.80s
  round  34/50: acc=0.7813  f1m=0.7740  uplink_kB=131.3  t=0.82s
  round  35/50: acc=0.7858  f1m=0.7791  uplink_kB=131.3  t=0.81s
  round  36/50: acc=0.7797  f1m=0.7724  uplink_kB=131.3  t=0.78s
  round  37/50: acc=0.8068  f1m=0.8023  uplink_kB=131.3  t=0.80s
  round  38/50: acc=0.7677  f1m=0.7589  uplink_kB=131.3  t=0.80s
  round  39/50: acc=0.7876  f1m=0.7813  uplink_kB=131.3  t=0.73s
  round  40/50: acc=0.7208  f1m=0.7031  uplink_kB=131.3  t=0.81s
  round  41/50: acc=0.7624  f1m=0.7528  uplink_kB=131.3  t=0.79s
  round  42/50: acc=0.7761  f1m=0.7683  uplink_kB=131.3  t=0.78s
  round  43/50: acc=0.7208  f1m=0.7030  uplink_kB=131.3  t=0.79s
  round  44/50: acc=0.8231  f1m=0.8199  uplink_kB=131.3  t=0.79s
  round  45/50: acc=0.7865  f1m=0.7800  uplink_kB=131.3  t=0.73s
  round  46/50: acc=0.8046  f1m=0.7999  uplink_kB=131.3  t=0.79s
  round  47/50: acc=0.7620  f1m=0.7524  uplink_kB=131.3  t=0.77s
  round  48/50: acc=0.7798  f1m=0.7725  uplink_kB=131.3  t=0.79s
  round  49/50: acc=0.7611  f1m=0.7512  uplink_kB=131.3  t=0.82s
  round  50/50: acc=0.8090  f1m=0.8047  uplink_kB=131.3  t=0.79s
[run] DONE -> /Users/agentra/Documents/hao/working/paper-lab/hao-paper-2026/iotj-fedkan-ids/repo/results/lrsweep_cseciic/lrsweep_mlp80_lr0p01__dir0.1__seed105/metrics.json  final_acc=0.8090
