[run] device=cpu  seed=23  out=/Users/agentra/Documents/hao/working/paper-lab/hao-paper-2026/iotj-fedkan-ids/repo/results/lrsweep_cseciic_mc/lrsweep_mlp32_lr0p01__dir0.1__seed23
[run] model=mlp  params=1,775
  round   1/50: acc=0.1505  f1m=0.0315  uplink_kB=69.3  t=2.89s
  round   2/50: acc=0.4902  f1m=0.2348  uplink_kB=69.3  t=2.24s
  round   3/50: acc=0.4850  f1m=0.2335  uplink_kB=69.3  t=2.17s
  round   4/50: acc=0.4973  f1m=0.2463  uplink_kB=69.3  t=2.10s
  round   5/50: acc=0.5425  f1m=0.3034  uplink_kB=69.3  t=2.13s
  round   6/50: acc=0.5765  f1m=0.3414  uplink_kB=69.3  t=2.06s
  round   7/50: acc=0.6548  f1m=0.4640  uplink_kB=69.3  t=2.09s
  round   8/50: acc=0.7524  f1m=0.5284  uplink_kB=69.3  t=2.15s
  round   9/50: acc=0.8033  f1m=0.5556  uplink_kB=69.3  t=2.21s
  round  10/50: acc=0.8114  f1m=0.5605  uplink_kB=69.3  t=2.12s
  round  11/50: acc=0.8381  f1m=0.5688  uplink_kB=69.3  t=2.05s
  round  12/50: acc=0.8461  f1m=0.5768  uplink_kB=69.3  t=2.07s
  round  13/50: acc=0.8470  f1m=0.5770  uplink_kB=69.3  t=2.15s
  round  14/50: acc=0.8500  f1m=0.5791  uplink_kB=69.3  t=2.14s
  round  15/50: acc=0.8481  f1m=0.5776  uplink_kB=69.3  t=2.14s
  round  16/50: acc=0.8499  f1m=0.5793  uplink_kB=69.3  t=2.11s
  round  17/50: acc=0.8538  f1m=0.6101  uplink_kB=69.3  t=2.14s
  round  18/50: acc=0.8590  f1m=0.6230  uplink_kB=69.3  t=2.15s
  round  19/50: acc=0.8555  f1m=0.6095  uplink_kB=69.3  t=2.13s
  round  20/50: acc=0.8534  f1m=0.5806  uplink_kB=69.3  t=2.14s
  round  21/50: acc=0.8627  f1m=0.6329  uplink_kB=69.3  t=2.10s
  round  22/50: acc=0.8664  f1m=0.6345  uplink_kB=69.3  t=2.15s
  round  23/50: acc=0.8618  f1m=0.6257  uplink_kB=69.3  t=2.13s
  round  24/50: acc=0.8638  f1m=0.6309  uplink_kB=69.3  t=2.13s
  round  25/50: acc=0.8603  f1m=0.6161  uplink_kB=69.3  t=2.12s
  round  26/50: acc=0.8646  f1m=0.6409  uplink_kB=69.3  t=2.09s
  round  27/50: acc=0.8670  f1m=0.6378  uplink_kB=69.3  t=2.14s
  round  28/50: acc=0.8665  f1m=0.6408  uplink_kB=69.3  t=2.07s
  round  29/50: acc=0.8680  f1m=0.6427  uplink_kB=69.3  t=2.15s
  round  30/50: acc=0.8668  f1m=0.6425  uplink_kB=69.3  t=2.13s
  round  31/50: acc=0.8752  f1m=0.6713  uplink_kB=69.3  t=2.13s
  round  32/50: acc=0.8755  f1m=0.6698  uplink_kB=69.3  t=2.16s
  round  33/50: acc=0.8750  f1m=0.6663  uplink_kB=69.3  t=2.08s
  round  34/50: acc=0.8695  f1m=0.6428  uplink_kB=69.3  t=2.14s
  round  35/50: acc=0.8768  f1m=0.6711  uplink_kB=69.3  t=2.12s
  round  36/50: acc=0.8765  f1m=0.6719  uplink_kB=69.3  t=2.10s
  round  37/50: acc=0.8777  f1m=0.6805  uplink_kB=69.3  t=2.16s
  round  38/50: acc=0.8699  f1m=0.6468  uplink_kB=69.3  t=2.11s
  round  39/50: acc=0.8786  f1m=0.6979  uplink_kB=69.3  t=2.14s
  round  40/50: acc=0.8771  f1m=0.6791  uplink_kB=69.3  t=2.16s
  round  41/50: acc=0.8790  f1m=0.6915  uplink_kB=69.3  t=2.31s
  round  42/50: acc=0.8776  f1m=0.6840  uplink_kB=69.3  t=2.30s
  round  43/50: acc=0.8706  f1m=0.6707  uplink_kB=69.3  t=2.12s
  round  44/50: acc=0.8784  f1m=0.6999  uplink_kB=69.3  t=2.15s
  round  45/50: acc=0.8788  f1m=0.7003  uplink_kB=69.3  t=2.17s
  round  46/50: acc=0.8800  f1m=0.7008  uplink_kB=69.3  t=2.13s
  round  47/50: acc=0.8756  f1m=0.6973  uplink_kB=69.3  t=2.29s
  round  48/50: acc=0.8763  f1m=0.6981  uplink_kB=69.3  t=2.32s
  round  49/50: acc=0.8793  f1m=0.7006  uplink_kB=69.3  t=2.13s
  round  50/50: acc=0.8802  f1m=0.7029  uplink_kB=69.3  t=2.19s
[run] DONE -> /Users/agentra/Documents/hao/working/paper-lab/hao-paper-2026/iotj-fedkan-ids/repo/results/lrsweep_cseciic_mc/lrsweep_mlp32_lr0p01__dir0.1__seed23/metrics.json  final_acc=0.8802
