[run] device=cpu  seed=2024  out=/Users/agentra/Documents/hao/working/paper-lab/hao-paper-2026/iotj-fedkan-ids/repo/results/lrsweep_botiot/lrsweep_kan16_lr0p003__dir0.1__seed2024
[run] model=kan  params=6,560
  round   1/50: acc=0.6919  f1m=0.6692  uplink_kB=282.0  t=2.61s
  round   2/50: acc=0.5138  f1m=0.3616  uplink_kB=282.0  t=2.14s
  round   3/50: acc=0.5110  f1m=0.3555  uplink_kB=282.0  t=1.93s
  round   4/50: acc=0.5102  f1m=0.3538  uplink_kB=282.0  t=1.90s
  round   5/50: acc=0.5110  f1m=0.3555  uplink_kB=282.0  t=1.89s
  round   6/50: acc=0.5123  f1m=0.3583  uplink_kB=282.0  t=1.90s
  round   7/50: acc=0.5155  f1m=0.3652  uplink_kB=282.0  t=1.96s
  round   8/50: acc=0.5601  f1m=0.4533  uplink_kB=282.0  t=1.88s
  round   9/50: acc=0.6228  f1m=0.5594  uplink_kB=282.0  t=1.91s
  round  10/50: acc=0.6581  f1m=0.6123  uplink_kB=282.0  t=1.97s
  round  11/50: acc=0.6656  f1m=0.6229  uplink_kB=282.0  t=1.94s
  round  12/50: acc=0.6702  f1m=0.6294  uplink_kB=282.0  t=1.86s
  round  13/50: acc=0.6756  f1m=0.6370  uplink_kB=282.0  t=1.83s
  round  14/50: acc=0.6765  f1m=0.6381  uplink_kB=282.0  t=1.84s
  round  15/50: acc=0.6775  f1m=0.6395  uplink_kB=282.0  t=1.85s
  round  16/50: acc=0.6793  f1m=0.6420  uplink_kB=282.0  t=1.83s
  round  17/50: acc=0.6813  f1m=0.6449  uplink_kB=282.0  t=1.90s
  round  18/50: acc=0.6818  f1m=0.6457  uplink_kB=282.0  t=1.90s
  round  19/50: acc=0.6820  f1m=0.6459  uplink_kB=282.0  t=1.80s
  round  20/50: acc=0.6843  f1m=0.6490  uplink_kB=282.0  t=2.01s
  round  21/50: acc=0.6900  f1m=0.6567  uplink_kB=282.0  t=1.98s
  round  22/50: acc=0.6925  f1m=0.6601  uplink_kB=282.0  t=1.92s
  round  23/50: acc=0.6941  f1m=0.6622  uplink_kB=282.0  t=1.99s
  round  24/50: acc=0.7044  f1m=0.6758  uplink_kB=282.0  t=1.91s
  round  25/50: acc=0.7800  f1m=0.7687  uplink_kB=282.0  t=1.83s
  round  26/50: acc=0.7845  f1m=0.7739  uplink_kB=282.0  t=1.92s
  round  27/50: acc=0.7868  f1m=0.7765  uplink_kB=282.0  t=1.93s
  round  28/50: acc=0.7862  f1m=0.7758  uplink_kB=282.0  t=1.87s
  round  29/50: acc=0.7902  f1m=0.7804  uplink_kB=282.0  t=1.86s
  round  30/50: acc=0.7905  f1m=0.7807  uplink_kB=282.0  t=1.90s
  round  31/50: acc=0.7898  f1m=0.7799  uplink_kB=282.0  t=1.87s
  round  32/50: acc=0.7898  f1m=0.7800  uplink_kB=282.0  t=1.88s
  round  33/50: acc=0.7906  f1m=0.7808  uplink_kB=282.0  t=1.89s
  round  34/50: acc=0.7921  f1m=0.7825  uplink_kB=282.0  t=1.84s
  round  35/50: acc=0.7933  f1m=0.7840  uplink_kB=282.0  t=1.92s
  round  36/50: acc=0.7930  f1m=0.7836  uplink_kB=282.0  t=1.89s
  round  37/50: acc=0.7930  f1m=0.7836  uplink_kB=282.0  t=1.89s
  round  38/50: acc=0.7917  f1m=0.7821  uplink_kB=282.0  t=1.93s
  round  39/50: acc=0.7912  f1m=0.7816  uplink_kB=282.0  t=1.93s
  round  40/50: acc=0.7922  f1m=0.7827  uplink_kB=282.0  t=1.85s
  round  41/50: acc=0.7921  f1m=0.7825  uplink_kB=282.0  t=1.89s
  round  42/50: acc=0.7928  f1m=0.7834  uplink_kB=282.0  t=2.01s
  round  43/50: acc=0.7931  f1m=0.7837  uplink_kB=282.0  t=1.93s
  round  44/50: acc=0.7926  f1m=0.7832  uplink_kB=282.0  t=1.92s
  round  45/50: acc=0.7944  f1m=0.7852  uplink_kB=282.0  t=1.85s
  round  46/50: acc=0.7937  f1m=0.7844  uplink_kB=282.0  t=1.88s
  round  47/50: acc=0.7939  f1m=0.7846  uplink_kB=282.0  t=1.84s
  round  48/50: acc=0.7951  f1m=0.7860  uplink_kB=282.0  t=1.94s
  round  49/50: acc=0.7961  f1m=0.7871  uplink_kB=282.0  t=1.98s
  round  50/50: acc=0.7955  f1m=0.7865  uplink_kB=282.0  t=1.99s
[run] DONE -> /Users/agentra/Documents/hao/working/paper-lab/hao-paper-2026/iotj-fedkan-ids/repo/results/lrsweep_botiot/lrsweep_kan16_lr0p003__dir0.1__seed2024/metrics.json  final_acc=0.7955
