[run] device=cpu  seed=43  out=/Users/agentra/Documents/hao/working/paper-lab/hao-paper-2026/iotj-fedkan-ids/repo/results/lrsweep_toniot/lrsweep_mlp80_lr0p03__dir0.1__seed43
[run] model=mlp  params=3,362
  round   1/50: acc=0.5992  f1m=0.5263  uplink_kB=131.3  t=1.29s
  round   2/50: acc=0.5643  f1m=0.4763  uplink_kB=131.3  t=0.71s
  round   3/50: acc=0.4700  f1m=0.4572  uplink_kB=131.3  t=0.68s
  round   4/50: acc=0.5362  f1m=0.4197  uplink_kB=131.3  t=0.60s
  round   5/50: acc=0.5279  f1m=0.4032  uplink_kB=131.3  t=0.67s
  round   6/50: acc=0.5246  f1m=0.3966  uplink_kB=131.3  t=0.66s
  round   7/50: acc=0.5271  f1m=0.4014  uplink_kB=131.3  t=0.68s
  round   8/50: acc=0.5285  f1m=0.4050  uplink_kB=131.3  t=0.66s
  round   9/50: acc=0.5244  f1m=0.3964  uplink_kB=131.3  t=0.67s
  round  10/50: acc=0.5381  f1m=0.4234  uplink_kB=131.3  t=0.68s
  round  11/50: acc=0.5564  f1m=0.4575  uplink_kB=131.3  t=0.61s
  round  12/50: acc=0.5581  f1m=0.4537  uplink_kB=131.3  t=0.66s
  round  13/50: acc=0.5484  f1m=0.4348  uplink_kB=131.3  t=0.67s
  round  14/50: acc=0.5379  f1m=0.4136  uplink_kB=131.3  t=0.67s
  round  15/50: acc=0.5528  f1m=0.4442  uplink_kB=131.3  t=0.66s
  round  16/50: acc=0.5523  f1m=0.4437  uplink_kB=131.3  t=0.67s
  round  17/50: acc=0.5598  f1m=0.4572  uplink_kB=131.3  t=0.61s
  round  18/50: acc=0.5613  f1m=0.4594  uplink_kB=131.3  t=0.69s
  round  19/50: acc=0.5531  f1m=0.4445  uplink_kB=131.3  t=0.67s
  round  20/50: acc=0.5425  f1m=0.4242  uplink_kB=131.3  t=0.67s
  round  21/50: acc=0.5705  f1m=0.4758  uplink_kB=131.3  t=0.68s
  round  22/50: acc=0.5617  f1m=0.4600  uplink_kB=131.3  t=0.66s
  round  23/50: acc=0.7786  f1m=0.7679  uplink_kB=131.3  t=0.66s
  round  24/50: acc=0.5568  f1m=0.4521  uplink_kB=131.3  t=0.61s
  round  25/50: acc=0.5589  f1m=0.4557  uplink_kB=131.3  t=0.66s
  round  26/50: acc=0.5555  f1m=0.4491  uplink_kB=131.3  t=0.64s
  round  27/50: acc=0.5613  f1m=0.4593  uplink_kB=131.3  t=0.64s
  round  28/50: acc=0.5589  f1m=0.4548  uplink_kB=131.3  t=0.64s
  round  29/50: acc=0.5568  f1m=0.4510  uplink_kB=131.3  t=0.63s
  round  30/50: acc=0.5608  f1m=0.4589  uplink_kB=131.3  t=0.68s
  round  31/50: acc=0.5602  f1m=0.4568  uplink_kB=131.3  t=0.60s
  round  32/50: acc=0.5620  f1m=0.4601  uplink_kB=131.3  t=0.65s
  round  33/50: acc=0.5655  f1m=0.4670  uplink_kB=131.3  t=0.68s
  round  34/50: acc=0.8222  f1m=0.8208  uplink_kB=131.3  t=0.66s
  round  35/50: acc=0.7819  f1m=0.7714  uplink_kB=131.3  t=0.67s
  round  36/50: acc=0.5770  f1m=0.4875  uplink_kB=131.3  t=0.68s
  round  37/50: acc=0.8660  f1m=0.8637  uplink_kB=131.3  t=0.67s
  round  38/50: acc=0.7748  f1m=0.7630  uplink_kB=131.3  t=0.61s
  round  39/50: acc=0.8709  f1m=0.8701  uplink_kB=131.3  t=0.67s
  round  40/50: acc=0.7803  f1m=0.7694  uplink_kB=131.3  t=0.68s
  round  41/50: acc=0.8202  f1m=0.8183  uplink_kB=131.3  t=0.66s
  round  42/50: acc=0.7884  f1m=0.7788  uplink_kB=131.3  t=0.66s
  round  43/50: acc=0.8313  f1m=0.8299  uplink_kB=131.3  t=0.66s
  round  44/50: acc=0.7780  f1m=0.7668  uplink_kB=131.3  t=0.66s
  round  45/50: acc=0.8619  f1m=0.8594  uplink_kB=131.3  t=0.63s
  round  46/50: acc=0.7843  f1m=0.7742  uplink_kB=131.3  t=0.60s
  round  47/50: acc=0.8558  f1m=0.8529  uplink_kB=131.3  t=0.64s
  round  48/50: acc=0.8157  f1m=0.8096  uplink_kB=131.3  t=0.67s
  round  49/50: acc=0.8601  f1m=0.8574  uplink_kB=131.3  t=0.63s
  round  50/50: acc=0.7875  f1m=0.7778  uplink_kB=131.3  t=0.68s
[run] DONE -> /Users/agentra/Documents/hao/working/paper-lab/hao-paper-2026/iotj-fedkan-ids/repo/results/lrsweep_toniot/lrsweep_mlp80_lr0p03__dir0.1__seed43/metrics.json  final_acc=0.7875
