[run] device=cpu  seed=2026  out=/Users/agentra/Documents/hao/working/paper-lab/hao-paper-2026/iotj-fedkan-ids/repo/results/lrsweep_toniot/lrsweep_kan16_lr0p003__dir0.1__seed2026
[run] model=kan  params=6,560
  round   1/50: acc=0.6468  f1m=0.6117  uplink_kB=282.0  t=2.32s
  round   2/50: acc=0.7382  f1m=0.7345  uplink_kB=282.0  t=1.85s
  round   3/50: acc=0.7473  f1m=0.7444  uplink_kB=282.0  t=1.86s
  round   4/50: acc=0.7885  f1m=0.7876  uplink_kB=282.0  t=1.86s
  round   5/50: acc=0.8898  f1m=0.8898  uplink_kB=282.0  t=1.80s
  round   6/50: acc=0.8948  f1m=0.8948  uplink_kB=282.0  t=1.86s
  round   7/50: acc=0.9016  f1m=0.9015  uplink_kB=282.0  t=1.85s
  round   8/50: acc=0.9035  f1m=0.9035  uplink_kB=282.0  t=1.83s
  round   9/50: acc=0.9010  f1m=0.9009  uplink_kB=282.0  t=1.86s
  round  10/50: acc=0.9128  f1m=0.9127  uplink_kB=282.0  t=1.86s
  round  11/50: acc=0.8951  f1m=0.8948  uplink_kB=282.0  t=1.79s
  round  12/50: acc=0.8769  f1m=0.8762  uplink_kB=282.0  t=1.86s
  round  13/50: acc=0.9013  f1m=0.9009  uplink_kB=282.0  t=1.83s
  round  14/50: acc=0.9280  f1m=0.9279  uplink_kB=282.0  t=1.90s
  round  15/50: acc=0.9306  f1m=0.9305  uplink_kB=282.0  t=1.85s
  round  16/50: acc=0.9259  f1m=0.9258  uplink_kB=282.0  t=1.94s
  round  17/50: acc=0.9340  f1m=0.9340  uplink_kB=282.0  t=1.87s
  round  18/50: acc=0.9393  f1m=0.9392  uplink_kB=282.0  t=1.81s
  round  19/50: acc=0.9458  f1m=0.9458  uplink_kB=282.0  t=1.87s
  round  20/50: acc=0.9487  f1m=0.9487  uplink_kB=282.0  t=1.86s
  round  21/50: acc=0.9481  f1m=0.9480  uplink_kB=282.0  t=1.85s
  round  22/50: acc=0.9494  f1m=0.9494  uplink_kB=282.0  t=1.87s
  round  23/50: acc=0.9508  f1m=0.9508  uplink_kB=282.0  t=1.84s
  round  24/50: acc=0.9533  f1m=0.9533  uplink_kB=282.0  t=1.87s
  round  25/50: acc=0.9529  f1m=0.9529  uplink_kB=282.0  t=1.75s
  round  26/50: acc=0.9504  f1m=0.9504  uplink_kB=282.0  t=1.86s
  round  27/50: acc=0.9537  f1m=0.9537  uplink_kB=282.0  t=1.83s
  round  28/50: acc=0.9532  f1m=0.9532  uplink_kB=282.0  t=1.88s
  round  29/50: acc=0.9564  f1m=0.9564  uplink_kB=282.0  t=1.87s
  round  30/50: acc=0.9562  f1m=0.9562  uplink_kB=282.0  t=1.81s
  round  31/50: acc=0.9551  f1m=0.9551  uplink_kB=282.0  t=1.85s
  round  32/50: acc=0.9564  f1m=0.9564  uplink_kB=282.0  t=1.87s
  round  33/50: acc=0.9562  f1m=0.9562  uplink_kB=282.0  t=1.83s
  round  34/50: acc=0.9579  f1m=0.9579  uplink_kB=282.0  t=1.86s
  round  35/50: acc=0.9573  f1m=0.9573  uplink_kB=282.0  t=1.86s
  round  36/50: acc=0.9579  f1m=0.9579  uplink_kB=282.0  t=1.82s
  round  37/50: acc=0.9585  f1m=0.9585  uplink_kB=282.0  t=1.85s
  round  38/50: acc=0.9544  f1m=0.9544  uplink_kB=282.0  t=1.86s
  round  39/50: acc=0.9573  f1m=0.9573  uplink_kB=282.0  t=1.86s
  round  40/50: acc=0.9567  f1m=0.9567  uplink_kB=282.0  t=1.85s
  round  41/50: acc=0.9570  f1m=0.9570  uplink_kB=282.0  t=1.89s
  round  42/50: acc=0.9581  f1m=0.9581  uplink_kB=282.0  t=1.86s
  round  43/50: acc=0.9569  f1m=0.9569  uplink_kB=282.0  t=1.83s
  round  44/50: acc=0.9592  f1m=0.9592  uplink_kB=282.0  t=1.82s
  round  45/50: acc=0.9573  f1m=0.9573  uplink_kB=282.0  t=1.84s
  round  46/50: acc=0.9585  f1m=0.9585  uplink_kB=282.0  t=1.88s
  round  47/50: acc=0.9559  f1m=0.9558  uplink_kB=282.0  t=1.89s
  round  48/50: acc=0.9569  f1m=0.9568  uplink_kB=282.0  t=1.85s
  round  49/50: acc=0.9586  f1m=0.9586  uplink_kB=282.0  t=1.87s
  round  50/50: acc=0.9583  f1m=0.9583  uplink_kB=282.0  t=1.78s
[run] DONE -> /Users/agentra/Documents/hao/working/paper-lab/hao-paper-2026/iotj-fedkan-ids/repo/results/lrsweep_toniot/lrsweep_kan16_lr0p003__dir0.1__seed2026/metrics.json  final_acc=0.9583
