[run] device=cpu  seed=17  out=/Users/agentra/Documents/hao/working/paper-lab/hao-paper-2026/iotj-fedkan-ids/repo/results/lrext_toniot/lrext_mlp80_lr0p3__dir0.1__seed17
[run] model=mlp  params=3,362
  round   1/50: acc=0.5000  f1m=0.3334  uplink_kB=131.3  t=1.68s
  round   2/50: acc=0.5000  f1m=0.3333  uplink_kB=131.3  t=0.89s
  round   3/50: acc=0.5000  f1m=0.3333  uplink_kB=131.3  t=0.90s
  round   4/50: acc=0.5000  f1m=0.3333  uplink_kB=131.3  t=0.92s
  round   5/50: acc=0.5000  f1m=0.3333  uplink_kB=131.3  t=0.89s
  round   6/50: acc=0.5000  f1m=0.3333  uplink_kB=131.3  t=0.89s
  round   7/50: acc=0.6256  f1m=0.6141  uplink_kB=131.3  t=0.92s
  round   8/50: acc=0.4873  f1m=0.4119  uplink_kB=131.3  t=0.91s
  round   9/50: acc=0.5889  f1m=0.5879  uplink_kB=131.3  t=0.88s
  round  10/50: acc=0.6310  f1m=0.6261  uplink_kB=131.3  t=0.96s
  round  11/50: acc=0.6251  f1m=0.6179  uplink_kB=131.3  t=0.95s
  round  12/50: acc=0.4945  f1m=0.3577  uplink_kB=131.3  t=0.88s
  round  13/50: acc=0.5030  f1m=0.3490  uplink_kB=131.3  t=0.92s
  round  14/50: acc=0.5049  f1m=0.3463  uplink_kB=131.3  t=0.93s
  round  15/50: acc=0.5039  f1m=0.3423  uplink_kB=131.3  t=0.92s
  round  16/50: acc=0.5033  f1m=0.3408  uplink_kB=131.3  t=0.97s
  round  17/50: acc=0.5033  f1m=0.3408  uplink_kB=131.3  t=1.03s
  round  18/50: acc=0.5027  f1m=0.3395  uplink_kB=131.3  t=0.86s
  round  19/50: acc=0.5027  f1m=0.3395  uplink_kB=131.3  t=0.83s
  round  20/50: acc=0.5025  f1m=0.3391  uplink_kB=131.3  t=0.85s
  round  21/50: acc=0.5027  f1m=0.3393  uplink_kB=131.3  t=0.84s
  round  22/50: acc=0.5008  f1m=0.3351  uplink_kB=131.3  t=0.83s
  round  23/50: acc=0.5005  f1m=0.3345  uplink_kB=131.3  t=0.84s
  round  24/50: acc=0.5006  f1m=0.3348  uplink_kB=131.3  t=0.85s
  round  25/50: acc=0.5002  f1m=0.3338  uplink_kB=131.3  t=0.83s
  round  26/50: acc=0.5002  f1m=0.3338  uplink_kB=131.3  t=0.75s
  round  27/50: acc=0.5002  f1m=0.3337  uplink_kB=131.3  t=0.84s
  round  28/50: acc=0.5001  f1m=0.3336  uplink_kB=131.3  t=0.83s
  round  29/50: acc=0.5001  f1m=0.3336  uplink_kB=131.3  t=0.92s
  round  30/50: acc=0.5001  f1m=0.3336  uplink_kB=131.3  t=0.85s
  round  31/50: acc=0.5002  f1m=0.3338  uplink_kB=131.3  t=0.85s
  round  32/50: acc=0.5001  f1m=0.3336  uplink_kB=131.3  t=0.83s
  round  33/50: acc=0.5001  f1m=0.3336  uplink_kB=131.3  t=0.77s
  round  34/50: acc=0.5001  f1m=0.3336  uplink_kB=131.3  t=0.83s
  round  35/50: acc=0.5002  f1m=0.3337  uplink_kB=131.3  t=0.85s
  round  36/50: acc=0.5002  f1m=0.3337  uplink_kB=131.3  t=0.91s
  round  37/50: acc=0.5002  f1m=0.3337  uplink_kB=131.3  t=0.86s
  round  38/50: acc=0.5001  f1m=0.3336  uplink_kB=131.3  t=0.87s
  round  39/50: acc=0.5001  f1m=0.3336  uplink_kB=131.3  t=0.86s
  round  40/50: acc=0.5002  f1m=0.3337  uplink_kB=131.3  t=0.79s
  round  41/50: acc=0.5002  f1m=0.3337  uplink_kB=131.3  t=0.87s
  round  42/50: acc=0.5002  f1m=0.3337  uplink_kB=131.3  t=0.87s
  round  43/50: acc=0.5002  f1m=0.3337  uplink_kB=131.3  t=0.84s
  round  44/50: acc=0.5001  f1m=0.3336  uplink_kB=131.3  t=0.85s
  round  45/50: acc=0.5001  f1m=0.3335  uplink_kB=131.3  t=0.85s
  round  46/50: acc=0.5000  f1m=0.3334  uplink_kB=131.3  t=0.86s
  round  47/50: acc=0.5001  f1m=0.3335  uplink_kB=131.3  t=0.80s
  round  48/50: acc=0.5001  f1m=0.3335  uplink_kB=131.3  t=0.84s
  round  49/50: acc=0.5001  f1m=0.3335  uplink_kB=131.3  t=0.83s
  round  50/50: acc=0.5001  f1m=0.3335  uplink_kB=131.3  t=0.84s
[run] DONE -> /Users/agentra/Documents/hao/working/paper-lab/hao-paper-2026/iotj-fedkan-ids/repo/results/lrext_toniot/lrext_mlp80_lr0p3__dir0.1__seed17/metrics.json  final_acc=0.5001
