[run] device=cpu  seed=2024  out=/Users/agentra/Documents/hao/working/paper-lab/hao-paper-2026/iotj-fedkan-ids/repo/results/lrsweep_cseciic_mc50k/lrsweep_mlp32_lr0p1__dir0.1__seed2024
[run] model=mlp  params=1,775
  round   1/50: acc=0.1625  f1m=0.0527  uplink_kB=69.3  t=1.63s
  round   2/50: acc=0.1738  f1m=0.0489  uplink_kB=69.3  t=1.01s
  round   3/50: acc=0.2789  f1m=0.0936  uplink_kB=69.3  t=1.04s
  round   4/50: acc=0.4423  f1m=0.2038  uplink_kB=69.3  t=1.03s
  round   5/50: acc=0.4760  f1m=0.2342  uplink_kB=69.3  t=1.09s
  round   6/50: acc=0.6017  f1m=0.3316  uplink_kB=69.3  t=1.10s
  round   7/50: acc=0.5660  f1m=0.3125  uplink_kB=69.3  t=1.09s
  round   8/50: acc=0.6129  f1m=0.3464  uplink_kB=69.3  t=1.04s
  round   9/50: acc=0.5321  f1m=0.2871  uplink_kB=69.3  t=1.07s
  round  10/50: acc=0.5494  f1m=0.2957  uplink_kB=69.3  t=1.03s
  round  11/50: acc=0.5472  f1m=0.2945  uplink_kB=69.3  t=1.05s
  round  12/50: acc=0.5553  f1m=0.2995  uplink_kB=69.3  t=0.97s
  round  13/50: acc=0.5576  f1m=0.3342  uplink_kB=69.3  t=1.07s
  round  14/50: acc=0.5622  f1m=0.3082  uplink_kB=69.3  t=1.02s
  round  15/50: acc=0.5615  f1m=0.3364  uplink_kB=69.3  t=1.05s
  round  16/50: acc=0.5541  f1m=0.3055  uplink_kB=69.3  t=1.02s
  round  17/50: acc=0.5587  f1m=0.3101  uplink_kB=69.3  t=1.05s
  round  18/50: acc=0.5651  f1m=0.3109  uplink_kB=69.3  t=1.00s
  round  19/50: acc=0.4459  f1m=0.2622  uplink_kB=69.3  t=1.09s
  round  20/50: acc=0.5648  f1m=0.3099  uplink_kB=69.3  t=1.02s
  round  21/50: acc=0.5612  f1m=0.3048  uplink_kB=69.3  t=1.05s
  round  22/50: acc=0.5537  f1m=0.2999  uplink_kB=69.3  t=1.05s
  round  23/50: acc=0.5477  f1m=0.3104  uplink_kB=69.3  t=1.06s
  round  24/50: acc=0.5557  f1m=0.3016  uplink_kB=69.3  t=1.01s
  round  25/50: acc=0.5620  f1m=0.3072  uplink_kB=69.3  t=1.02s
  round  26/50: acc=0.5101  f1m=0.2852  uplink_kB=69.3  t=1.09s
  round  27/50: acc=0.6434  f1m=0.3687  uplink_kB=69.3  t=1.02s
  round  28/50: acc=0.5607  f1m=0.3041  uplink_kB=69.3  t=1.06s
  round  29/50: acc=0.5606  f1m=0.3052  uplink_kB=69.3  t=1.03s
  round  30/50: acc=0.5667  f1m=0.3118  uplink_kB=69.3  t=1.07s
  round  31/50: acc=0.6628  f1m=0.4213  uplink_kB=69.3  t=1.08s
  round  32/50: acc=0.6065  f1m=0.3489  uplink_kB=69.3  t=1.12s
  round  33/50: acc=0.6357  f1m=0.3657  uplink_kB=69.3  t=1.07s
  round  34/50: acc=0.6158  f1m=0.3543  uplink_kB=69.3  t=1.06s
  round  35/50: acc=0.6341  f1m=0.3647  uplink_kB=69.3  t=1.03s
  round  36/50: acc=0.5713  f1m=0.2977  uplink_kB=69.3  t=1.11s
  round  37/50: acc=0.5998  f1m=0.3903  uplink_kB=69.3  t=1.03s
  round  38/50: acc=0.5905  f1m=0.3074  uplink_kB=69.3  t=1.10s
  round  39/50: acc=0.6387  f1m=0.3677  uplink_kB=69.3  t=1.10s
  round  40/50: acc=0.5717  f1m=0.2993  uplink_kB=69.3  t=1.03s
  round  41/50: acc=0.6089  f1m=0.3172  uplink_kB=69.3  t=1.07s
  round  42/50: acc=0.6320  f1m=0.3636  uplink_kB=69.3  t=1.06s
  round  43/50: acc=0.6481  f1m=0.3733  uplink_kB=69.3  t=1.04s
  round  44/50: acc=0.6648  f1m=0.3851  uplink_kB=69.3  t=1.05s
  round  45/50: acc=0.6539  f1m=0.3750  uplink_kB=69.3  t=1.01s
  round  46/50: acc=0.5100  f1m=0.2976  uplink_kB=69.3  t=1.11s
  round  47/50: acc=0.5956  f1m=0.3105  uplink_kB=69.3  t=1.04s
  round  48/50: acc=0.6153  f1m=0.3587  uplink_kB=69.3  t=1.09s
  round  49/50: acc=0.6035  f1m=0.3145  uplink_kB=69.3  t=0.99s
  round  50/50: acc=0.6707  f1m=0.3862  uplink_kB=69.3  t=1.05s
[run] DONE -> /Users/agentra/Documents/hao/working/paper-lab/hao-paper-2026/iotj-fedkan-ids/repo/results/lrsweep_cseciic_mc50k/lrsweep_mlp32_lr0p1__dir0.1__seed2024/metrics.json  final_acc=0.6707
