[run] device=cpu  seed=43  out=/Users/agentra/Documents/hao/working/paper-lab/hao-paper-2026/iotj-fedkan-ids/repo/results/lrsweep_cseciic_mc/lrsweep_kan16_lr0p03__dir0.1__seed43
[run] model=kan  params=8,640
  round   1/50: acc=0.2748  f1m=0.0937  uplink_kB=363.3  t=6.91s
  round   2/50: acc=0.6268  f1m=0.3459  uplink_kB=363.3  t=6.47s
  round   3/50: acc=0.6251  f1m=0.3037  uplink_kB=363.3  t=6.33s
  round   4/50: acc=0.6387  f1m=0.3274  uplink_kB=363.3  t=6.35s
  round   5/50: acc=0.7635  f1m=0.4933  uplink_kB=363.3  t=6.28s
  round   6/50: acc=0.7754  f1m=0.5349  uplink_kB=363.3  t=6.25s
  round   7/50: acc=0.6751  f1m=0.4939  uplink_kB=363.3  t=6.33s
  round   8/50: acc=0.7837  f1m=0.5381  uplink_kB=363.3  t=6.31s
  round   9/50: acc=0.7970  f1m=0.5573  uplink_kB=363.3  t=6.24s
  round  10/50: acc=0.8072  f1m=0.5445  uplink_kB=363.3  t=6.55s
  round  11/50: acc=0.8146  f1m=0.5547  uplink_kB=363.3  t=7.28s
  round  12/50: acc=0.7234  f1m=0.4939  uplink_kB=363.3  t=7.36s
  round  13/50: acc=0.8509  f1m=0.6475  uplink_kB=363.3  t=6.37s
  round  14/50: acc=0.7156  f1m=0.5524  uplink_kB=363.3  t=6.43s
  round  15/50: acc=0.8306  f1m=0.6324  uplink_kB=363.3  t=6.32s
  round  16/50: acc=0.8773  f1m=0.7394  uplink_kB=363.3  t=6.28s
  round  17/50: acc=0.8344  f1m=0.6323  uplink_kB=363.3  t=6.41s
  round  18/50: acc=0.8423  f1m=0.6511  uplink_kB=363.3  t=7.68s
  round  19/50: acc=0.8428  f1m=0.6489  uplink_kB=363.3  t=7.03s
  round  20/50: acc=0.8229  f1m=0.6331  uplink_kB=363.3  t=6.47s
  round  21/50: acc=0.7969  f1m=0.6111  uplink_kB=363.3  t=6.57s
  round  22/50: acc=0.8300  f1m=0.5978  uplink_kB=363.3  t=6.93s
  round  23/50: acc=0.8419  f1m=0.7030  uplink_kB=363.3  t=6.36s
  round  24/50: acc=0.8294  f1m=0.6356  uplink_kB=363.3  t=6.31s
  round  25/50: acc=0.8019  f1m=0.5846  uplink_kB=363.3  t=6.37s
  round  26/50: acc=0.8279  f1m=0.6788  uplink_kB=363.3  t=6.31s
  round  27/50: acc=0.8370  f1m=0.6358  uplink_kB=363.3  t=6.68s
  round  28/50: acc=0.8286  f1m=0.6585  uplink_kB=363.3  t=6.77s
  round  29/50: acc=0.8361  f1m=0.6218  uplink_kB=363.3  t=6.28s
  round  30/50: acc=0.8634  f1m=0.6514  uplink_kB=363.3  t=6.42s
  round  31/50: acc=0.8480  f1m=0.6441  uplink_kB=363.3  t=6.31s
  round  32/50: acc=0.8508  f1m=0.7164  uplink_kB=363.3  t=6.28s
  round  33/50: acc=0.8260  f1m=0.6494  uplink_kB=363.3  t=6.37s
  round  34/50: acc=0.8248  f1m=0.6235  uplink_kB=363.3  t=6.31s
  round  35/50: acc=0.8439  f1m=0.7051  uplink_kB=363.3  t=6.62s
  round  36/50: acc=0.8383  f1m=0.6435  uplink_kB=363.3  t=6.27s
  round  37/50: acc=0.8561  f1m=0.6752  uplink_kB=363.3  t=6.23s
  round  38/50: acc=0.8345  f1m=0.6385  uplink_kB=363.3  t=6.52s
  round  39/50: acc=0.8275  f1m=0.7109  uplink_kB=363.3  t=6.47s
  round  40/50: acc=0.8635  f1m=0.7373  uplink_kB=363.3  t=6.42s
  round  41/50: acc=0.8130  f1m=0.5851  uplink_kB=363.3  t=6.35s
  round  42/50: acc=0.8640  f1m=0.7298  uplink_kB=363.3  t=6.47s
  round  43/50: acc=0.8516  f1m=0.7244  uplink_kB=363.3  t=6.54s
  round  44/50: acc=0.8523  f1m=0.7245  uplink_kB=363.3  t=6.36s
  round  45/50: acc=0.8243  f1m=0.6042  uplink_kB=363.3  t=6.41s
  round  46/50: acc=0.8487  f1m=0.6986  uplink_kB=363.3  t=6.42s
  round  47/50: acc=0.8406  f1m=0.6682  uplink_kB=363.3  t=6.41s
  round  48/50: acc=0.8450  f1m=0.6888  uplink_kB=363.3  t=6.41s
  round  49/50: acc=0.8226  f1m=0.6467  uplink_kB=363.3  t=6.35s
  round  50/50: acc=0.8529  f1m=0.7256  uplink_kB=363.3  t=6.35s
[run] DONE -> /Users/agentra/Documents/hao/working/paper-lab/hao-paper-2026/iotj-fedkan-ids/repo/results/lrsweep_cseciic_mc/lrsweep_kan16_lr0p03__dir0.1__seed43/metrics.json  final_acc=0.8529
