[run] device=cpu  seed=42  out=/Users/agentra/Documents/hao/working/paper-lab/hao-paper-2026/iotj-fedkan-ids/repo/results/lrsweep_botiot/lrsweep_kan8_lr0p1__dir0.1__seed42
[run] model=kan  params=3,280
  round   1/50: acc=0.9490  f1m=0.9489  uplink_kB=150.2  t=2.31s
  round   2/50: acc=0.9646  f1m=0.9646  uplink_kB=150.2  t=1.65s
  round   3/50: acc=0.9732  f1m=0.9732  uplink_kB=150.2  t=1.65s
  round   4/50: acc=0.9660  f1m=0.9660  uplink_kB=150.2  t=1.64s
  round   5/50: acc=0.9668  f1m=0.9667  uplink_kB=150.2  t=1.62s
  round   6/50: acc=0.9669  f1m=0.9668  uplink_kB=150.2  t=1.54s
  round   7/50: acc=0.9645  f1m=0.9645  uplink_kB=150.2  t=1.62s
  round   8/50: acc=0.9671  f1m=0.9671  uplink_kB=150.2  t=1.63s
  round   9/50: acc=0.9673  f1m=0.9672  uplink_kB=150.2  t=1.69s
  round  10/50: acc=0.9724  f1m=0.9724  uplink_kB=150.2  t=1.65s
  round  11/50: acc=0.9727  f1m=0.9727  uplink_kB=150.2  t=1.61s
  round  12/50: acc=0.9712  f1m=0.9712  uplink_kB=150.2  t=1.60s
  round  13/50: acc=0.9723  f1m=0.9723  uplink_kB=150.2  t=1.72s
  round  14/50: acc=0.9726  f1m=0.9726  uplink_kB=150.2  t=1.63s
  round  15/50: acc=0.9725  f1m=0.9725  uplink_kB=150.2  t=1.65s
  round  16/50: acc=0.9725  f1m=0.9724  uplink_kB=150.2  t=1.62s
  round  17/50: acc=0.9726  f1m=0.9726  uplink_kB=150.2  t=1.63s
  round  18/50: acc=0.9726  f1m=0.9726  uplink_kB=150.2  t=1.62s
  round  19/50: acc=0.9724  f1m=0.9724  uplink_kB=150.2  t=1.65s
  round  20/50: acc=0.9725  f1m=0.9725  uplink_kB=150.2  t=1.59s
  round  21/50: acc=0.9724  f1m=0.9724  uplink_kB=150.2  t=1.64s
  round  22/50: acc=0.9722  f1m=0.9721  uplink_kB=150.2  t=1.66s
  round  23/50: acc=0.9714  f1m=0.9714  uplink_kB=150.2  t=1.63s
  round  24/50: acc=0.9731  f1m=0.9731  uplink_kB=150.2  t=1.67s
  round  25/50: acc=0.9628  f1m=0.9628  uplink_kB=150.2  t=1.60s
  round  26/50: acc=0.9167  f1m=0.9161  uplink_kB=150.2  t=1.64s
  round  27/50: acc=0.9074  f1m=0.9067  uplink_kB=150.2  t=1.63s
  round  28/50: acc=0.8551  f1m=0.8521  uplink_kB=150.2  t=1.63s
  round  29/50: acc=0.8454  f1m=0.8416  uplink_kB=150.2  t=1.61s
  round  30/50: acc=0.9312  f1m=0.9312  uplink_kB=150.2  t=1.69s
  round  31/50: acc=0.9079  f1m=0.9078  uplink_kB=150.2  t=1.62s
  round  32/50: acc=0.9315  f1m=0.9314  uplink_kB=150.2  t=1.57s
  round  33/50: acc=0.8769  f1m=0.8751  uplink_kB=150.2  t=1.69s
  round  34/50: acc=0.8771  f1m=0.8753  uplink_kB=150.2  t=1.70s
  round  35/50: acc=0.8706  f1m=0.8685  uplink_kB=150.2  t=1.67s
  round  36/50: acc=0.8869  f1m=0.8855  uplink_kB=150.2  t=1.62s
  round  37/50: acc=0.9725  f1m=0.9725  uplink_kB=150.2  t=1.63s
  round  38/50: acc=0.9160  f1m=0.9155  uplink_kB=150.2  t=1.65s
  round  39/50: acc=0.9726  f1m=0.9726  uplink_kB=150.2  t=1.57s
  round  40/50: acc=0.9726  f1m=0.9725  uplink_kB=150.2  t=1.67s
  round  41/50: acc=0.9727  f1m=0.9727  uplink_kB=150.2  t=1.61s
  round  42/50: acc=0.9720  f1m=0.9720  uplink_kB=150.2  t=1.67s
  round  43/50: acc=0.9726  f1m=0.9725  uplink_kB=150.2  t=1.63s
  round  44/50: acc=0.9726  f1m=0.9726  uplink_kB=150.2  t=1.63s
  round  45/50: acc=0.9727  f1m=0.9727  uplink_kB=150.2  t=1.64s
  round  46/50: acc=0.9726  f1m=0.9726  uplink_kB=150.2  t=1.72s
  round  47/50: acc=0.9726  f1m=0.9726  uplink_kB=150.2  t=1.66s
  round  48/50: acc=0.9725  f1m=0.9724  uplink_kB=150.2  t=1.71s
  round  49/50: acc=0.9723  f1m=0.9723  uplink_kB=150.2  t=1.65s
  round  50/50: acc=0.9726  f1m=0.9726  uplink_kB=150.2  t=1.63s
[run] DONE -> /Users/agentra/Documents/hao/working/paper-lab/hao-paper-2026/iotj-fedkan-ids/repo/results/lrsweep_botiot/lrsweep_kan8_lr0p1__dir0.1__seed42/metrics.json  final_acc=0.9726
