[run] device=cpu  seed=17  out=/Users/agentra/Documents/hao/working/paper-lab/hao-paper-2026/iotj-fedkan-ids/repo/results/lrsweep_cseciic_mc/lrsweep_mlp32_lr0p0003__dir0.1__seed17
[run] model=mlp  params=1,775
  round   1/50: acc=0.1898  f1m=0.0566  uplink_kB=69.3  t=2.76s
  round   2/50: acc=0.2191  f1m=0.0611  uplink_kB=69.3  t=2.11s
  round   3/50: acc=0.2190  f1m=0.0611  uplink_kB=69.3  t=2.17s
  round   4/50: acc=0.3933  f1m=0.1420  uplink_kB=69.3  t=2.24s
  round   5/50: acc=0.4366  f1m=0.1503  uplink_kB=69.3  t=2.11s
  round   6/50: acc=0.4545  f1m=0.1600  uplink_kB=69.3  t=2.23s
  round   7/50: acc=0.4610  f1m=0.1650  uplink_kB=69.3  t=2.11s
  round   8/50: acc=0.5067  f1m=0.1868  uplink_kB=69.3  t=2.09s
  round   9/50: acc=0.5318  f1m=0.1966  uplink_kB=69.3  t=2.08s
  round  10/50: acc=0.5375  f1m=0.1989  uplink_kB=69.3  t=2.13s
  round  11/50: acc=0.5409  f1m=0.1997  uplink_kB=69.3  t=2.05s
  round  12/50: acc=0.5450  f1m=0.2025  uplink_kB=69.3  t=2.07s
  round  13/50: acc=0.5595  f1m=0.2176  uplink_kB=69.3  t=2.07s
  round  14/50: acc=0.5826  f1m=0.2709  uplink_kB=69.3  t=2.09s
  round  15/50: acc=0.5845  f1m=0.2720  uplink_kB=69.3  t=2.10s
  round  16/50: acc=0.6155  f1m=0.2930  uplink_kB=69.3  t=2.08s
  round  17/50: acc=0.6484  f1m=0.3097  uplink_kB=69.3  t=2.04s
  round  18/50: acc=0.6834  f1m=0.3247  uplink_kB=69.3  t=2.10s
  round  19/50: acc=0.6914  f1m=0.3295  uplink_kB=69.3  t=2.09s
  round  20/50: acc=0.6957  f1m=0.3322  uplink_kB=69.3  t=2.10s
  round  21/50: acc=0.6965  f1m=0.3883  uplink_kB=69.3  t=2.09s
  round  22/50: acc=0.7023  f1m=0.3980  uplink_kB=69.3  t=2.09s
  round  23/50: acc=0.7014  f1m=0.4007  uplink_kB=69.3  t=2.04s
  round  24/50: acc=0.7022  f1m=0.4017  uplink_kB=69.3  t=2.05s
  round  25/50: acc=0.7091  f1m=0.4056  uplink_kB=69.3  t=2.06s
  round  26/50: acc=0.7103  f1m=0.4079  uplink_kB=69.3  t=2.06s
  round  27/50: acc=0.7131  f1m=0.4115  uplink_kB=69.3  t=2.06s
  round  28/50: acc=0.7147  f1m=0.4146  uplink_kB=69.3  t=2.08s
  round  29/50: acc=0.7178  f1m=0.4225  uplink_kB=69.3  t=2.07s
  round  30/50: acc=0.7192  f1m=0.4266  uplink_kB=69.3  t=2.15s
  round  31/50: acc=0.7168  f1m=0.4267  uplink_kB=69.3  t=2.11s
  round  32/50: acc=0.7197  f1m=0.4295  uplink_kB=69.3  t=2.10s
  round  33/50: acc=0.7228  f1m=0.4324  uplink_kB=69.3  t=2.10s
  round  34/50: acc=0.7222  f1m=0.4332  uplink_kB=69.3  t=2.02s
  round  35/50: acc=0.7247  f1m=0.4359  uplink_kB=69.3  t=2.09s
  round  36/50: acc=0.7163  f1m=0.4333  uplink_kB=69.3  t=2.08s
  round  37/50: acc=0.7250  f1m=0.4387  uplink_kB=69.3  t=2.09s
  round  38/50: acc=0.7251  f1m=0.4424  uplink_kB=69.3  t=2.06s
  round  39/50: acc=0.7250  f1m=0.4424  uplink_kB=69.3  t=2.15s
  round  40/50: acc=0.7263  f1m=0.4459  uplink_kB=69.3  t=2.07s
  round  41/50: acc=0.7289  f1m=0.4503  uplink_kB=69.3  t=2.04s
  round  42/50: acc=0.7297  f1m=0.4540  uplink_kB=69.3  t=2.04s
  round  43/50: acc=0.7303  f1m=0.4547  uplink_kB=69.3  t=2.07s
  round  44/50: acc=0.7361  f1m=0.4691  uplink_kB=69.3  t=2.14s
  round  45/50: acc=0.7419  f1m=0.4888  uplink_kB=69.3  t=2.03s
  round  46/50: acc=0.7427  f1m=0.4916  uplink_kB=69.3  t=2.05s
  round  47/50: acc=0.7490  f1m=0.5165  uplink_kB=69.3  t=2.07s
  round  48/50: acc=0.7527  f1m=0.5216  uplink_kB=69.3  t=2.12s
  round  49/50: acc=0.7535  f1m=0.5160  uplink_kB=69.3  t=2.07s
  round  50/50: acc=0.7586  f1m=0.5140  uplink_kB=69.3  t=2.08s
[run] DONE -> /Users/agentra/Documents/hao/working/paper-lab/hao-paper-2026/iotj-fedkan-ids/repo/results/lrsweep_cseciic_mc/lrsweep_mlp32_lr0p0003__dir0.1__seed17/metrics.json  final_acc=0.7586
