[run] device=cpu  seed=37  out=/Users/agentra/Documents/hao/working/paper-lab/hao-paper-2026/iotj-fedkan-ids/repo/results/lrsweep_cseciic/lrsweep_mlp80_lr0p03__dir0.1__seed37
[run] model=mlp  params=3,362
  round   1/50: acc=0.8656  f1m=0.8643  uplink_kB=131.3  t=1.33s
  round   2/50: acc=0.6673  f1m=0.6259  uplink_kB=131.3  t=0.71s
  round   3/50: acc=0.9333  f1m=0.9331  uplink_kB=131.3  t=0.70s
  round   4/50: acc=0.9331  f1m=0.9328  uplink_kB=131.3  t=0.71s
  round   5/50: acc=0.9159  f1m=0.9153  uplink_kB=131.3  t=0.67s
  round   6/50: acc=0.9373  f1m=0.9370  uplink_kB=131.3  t=0.64s
  round   7/50: acc=0.9338  f1m=0.9336  uplink_kB=131.3  t=0.70s
  round   8/50: acc=0.9374  f1m=0.9371  uplink_kB=131.3  t=0.72s
  round   9/50: acc=0.9337  f1m=0.9334  uplink_kB=131.3  t=0.68s
  round  10/50: acc=0.9289  f1m=0.9285  uplink_kB=131.3  t=0.69s
  round  11/50: acc=0.9592  f1m=0.9592  uplink_kB=131.3  t=0.71s
  round  12/50: acc=0.9554  f1m=0.9553  uplink_kB=131.3  t=0.71s
  round  13/50: acc=0.9439  f1m=0.9437  uplink_kB=131.3  t=0.68s
  round  14/50: acc=0.9437  f1m=0.9435  uplink_kB=131.3  t=0.71s
  round  15/50: acc=0.9453  f1m=0.9451  uplink_kB=131.3  t=0.71s
  round  16/50: acc=0.9439  f1m=0.9437  uplink_kB=131.3  t=0.67s
  round  17/50: acc=0.9440  f1m=0.9439  uplink_kB=131.3  t=0.72s
  round  18/50: acc=0.9410  f1m=0.9408  uplink_kB=131.3  t=0.70s
  round  19/50: acc=0.9452  f1m=0.9450  uplink_kB=131.3  t=0.64s
  round  20/50: acc=0.9146  f1m=0.9140  uplink_kB=131.3  t=0.72s
  round  21/50: acc=0.9452  f1m=0.9450  uplink_kB=131.3  t=0.75s
  round  22/50: acc=0.9452  f1m=0.9450  uplink_kB=131.3  t=0.67s
  round  23/50: acc=0.9512  f1m=0.9511  uplink_kB=131.3  t=0.69s
  round  24/50: acc=0.9454  f1m=0.9452  uplink_kB=131.3  t=0.71s
  round  25/50: acc=0.9442  f1m=0.9440  uplink_kB=131.3  t=0.71s
  round  26/50: acc=0.9418  f1m=0.9416  uplink_kB=131.3  t=0.75s
  round  27/50: acc=0.9448  f1m=0.9447  uplink_kB=131.3  t=0.71s
  round  28/50: acc=0.9434  f1m=0.9433  uplink_kB=131.3  t=0.69s
  round  29/50: acc=0.9446  f1m=0.9444  uplink_kB=131.3  t=0.71s
  round  30/50: acc=0.9409  f1m=0.9407  uplink_kB=131.3  t=0.66s
  round  31/50: acc=0.9441  f1m=0.9439  uplink_kB=131.3  t=0.69s
  round  32/50: acc=0.9449  f1m=0.9448  uplink_kB=131.3  t=0.64s
  round  33/50: acc=0.9455  f1m=0.9453  uplink_kB=131.3  t=0.67s
  round  34/50: acc=0.9657  f1m=0.9657  uplink_kB=131.3  t=0.69s
  round  35/50: acc=0.9501  f1m=0.9500  uplink_kB=131.3  t=0.67s
  round  36/50: acc=0.9643  f1m=0.9643  uplink_kB=131.3  t=0.68s
  round  37/50: acc=0.9502  f1m=0.9500  uplink_kB=131.3  t=0.65s
  round  38/50: acc=0.9408  f1m=0.9406  uplink_kB=131.3  t=0.68s
  round  39/50: acc=0.9504  f1m=0.9503  uplink_kB=131.3  t=0.68s
  round  40/50: acc=0.9708  f1m=0.9708  uplink_kB=131.3  t=0.62s
  round  41/50: acc=0.9709  f1m=0.9709  uplink_kB=131.3  t=0.68s
  round  42/50: acc=0.9627  f1m=0.9627  uplink_kB=131.3  t=0.68s
  round  43/50: acc=0.9708  f1m=0.9708  uplink_kB=131.3  t=0.69s
  round  44/50: acc=0.9648  f1m=0.9648  uplink_kB=131.3  t=0.71s
  round  45/50: acc=0.9449  f1m=0.9448  uplink_kB=131.3  t=0.68s
  round  46/50: acc=0.9497  f1m=0.9496  uplink_kB=131.3  t=0.68s
  round  47/50: acc=0.9432  f1m=0.9430  uplink_kB=131.3  t=0.60s
  round  48/50: acc=0.9503  f1m=0.9502  uplink_kB=131.3  t=0.69s
  round  49/50: acc=0.9708  f1m=0.9707  uplink_kB=131.3  t=0.67s
  round  50/50: acc=0.9505  f1m=0.9504  uplink_kB=131.3  t=0.67s
[run] DONE -> /Users/agentra/Documents/hao/working/paper-lab/hao-paper-2026/iotj-fedkan-ids/repo/results/lrsweep_cseciic/lrsweep_mlp80_lr0p03__dir0.1__seed37/metrics.json  final_acc=0.9505
