[run] device=cpu  seed=23  out=/Users/agentra/Documents/hao/working/paper-lab/hao-paper-2026/iotj-fedkan-ids/repo/results/lrsweep_cseciic_mc50k/lrsweep_kan8_lr0p1__dir0.1__seed23
[run] model=kan  params=4,320
  round   1/50: acc=0.3839  f1m=0.1868  uplink_kB=190.8  t=3.18s
  round   2/50: acc=0.5053  f1m=0.2549  uplink_kB=190.8  t=2.65s
  round   3/50: acc=0.4679  f1m=0.2778  uplink_kB=190.8  t=2.66s
  round   4/50: acc=0.5530  f1m=0.3607  uplink_kB=190.8  t=2.59s
  round   5/50: acc=0.5277  f1m=0.3441  uplink_kB=190.8  t=2.67s
  round   6/50: acc=0.5431  f1m=0.3579  uplink_kB=190.8  t=2.54s
  round   7/50: acc=0.5783  f1m=0.3781  uplink_kB=190.8  t=2.71s
  round   8/50: acc=0.5549  f1m=0.3828  uplink_kB=190.8  t=2.61s
  round   9/50: acc=0.3282  f1m=0.1849  uplink_kB=190.8  t=2.62s
  round  10/50: acc=0.3771  f1m=0.1526  uplink_kB=190.8  t=2.57s
  round  11/50: acc=0.4299  f1m=0.2148  uplink_kB=190.8  t=2.71s
  round  12/50: acc=0.4775  f1m=0.2554  uplink_kB=190.8  t=2.58s
  round  13/50: acc=0.4801  f1m=0.1952  uplink_kB=190.8  t=2.64s
  round  14/50: acc=0.3911  f1m=0.2179  uplink_kB=190.8  t=2.61s
  round  15/50: acc=0.5450  f1m=0.3131  uplink_kB=190.8  t=2.66s
  round  16/50: acc=0.4572  f1m=0.2939  uplink_kB=190.8  t=2.58s
  round  17/50: acc=0.4376  f1m=0.2837  uplink_kB=190.8  t=2.70s
  round  18/50: acc=0.5389  f1m=0.3062  uplink_kB=190.8  t=2.60s
  round  19/50: acc=0.4522  f1m=0.2460  uplink_kB=190.8  t=2.69s
  round  20/50: acc=0.4885  f1m=0.2565  uplink_kB=190.8  t=2.57s
  round  21/50: acc=0.5649  f1m=0.3336  uplink_kB=190.8  t=2.68s
  round  22/50: acc=0.5243  f1m=0.2743  uplink_kB=190.8  t=2.59s
  round  23/50: acc=0.5330  f1m=0.2484  uplink_kB=190.8  t=2.68s
  round  24/50: acc=0.5457  f1m=0.3191  uplink_kB=190.8  t=2.55s
  round  25/50: acc=0.5538  f1m=0.3265  uplink_kB=190.8  t=2.68s
  round  26/50: acc=0.5254  f1m=0.3119  uplink_kB=190.8  t=2.56s
  round  27/50: acc=0.5401  f1m=0.3132  uplink_kB=190.8  t=2.68s
  round  28/50: acc=0.5350  f1m=0.3134  uplink_kB=190.8  t=2.54s
  round  29/50: acc=0.5082  f1m=0.3178  uplink_kB=190.8  t=2.65s
  round  30/50: acc=0.5283  f1m=0.2479  uplink_kB=190.8  t=2.62s
  round  31/50: acc=0.5137  f1m=0.3349  uplink_kB=190.8  t=2.67s
  round  32/50: acc=0.5338  f1m=0.3250  uplink_kB=190.8  t=2.55s
  round  33/50: acc=0.4181  f1m=0.3196  uplink_kB=190.8  t=2.64s
  round  34/50: acc=0.5491  f1m=0.3701  uplink_kB=190.8  t=2.55s
  round  35/50: acc=0.5172  f1m=0.3383  uplink_kB=190.8  t=2.64s
  round  36/50: acc=0.5169  f1m=0.3469  uplink_kB=190.8  t=2.59s
  round  37/50: acc=0.5570  f1m=0.3726  uplink_kB=190.8  t=2.66s
  round  38/50: acc=0.5525  f1m=0.3655  uplink_kB=190.8  t=2.57s
  round  39/50: acc=0.5295  f1m=0.3097  uplink_kB=190.8  t=2.69s
  round  40/50: acc=0.5197  f1m=0.3077  uplink_kB=190.8  t=2.61s
  round  41/50: acc=0.5075  f1m=0.2802  uplink_kB=190.8  t=2.57s
  round  42/50: acc=0.3398  f1m=0.1875  uplink_kB=190.8  t=2.59s
  round  43/50: acc=0.4683  f1m=0.2203  uplink_kB=190.8  t=2.64s
  round  44/50: acc=0.5098  f1m=0.2793  uplink_kB=190.8  t=2.56s
  round  45/50: acc=0.4304  f1m=0.2259  uplink_kB=190.8  t=2.68s
  round  46/50: acc=0.4214  f1m=0.2203  uplink_kB=190.8  t=2.74s
  round  47/50: acc=0.4133  f1m=0.2347  uplink_kB=190.8  t=2.58s
  round  48/50: acc=0.3958  f1m=0.2474  uplink_kB=190.8  t=2.64s
  round  49/50: acc=0.4046  f1m=0.2403  uplink_kB=190.8  t=2.54s
  round  50/50: acc=0.3444  f1m=0.2062  uplink_kB=190.8  t=2.55s
[run] DONE -> /Users/agentra/Documents/hao/working/paper-lab/hao-paper-2026/iotj-fedkan-ids/repo/results/lrsweep_cseciic_mc50k/lrsweep_kan8_lr0p1__dir0.1__seed23/metrics.json  final_acc=0.3444
