[run] device=cpu  seed=43  out=/Users/agentra/Documents/hao/working/paper-lab/hao-paper-2026/iotj-fedkan-ids/repo/results/lrsweep_toniot/lrsweep_kan16_lr0p1__dir0.1__seed43
[run] model=kan  params=6,560
  round   1/50: acc=0.5760  f1m=0.5347  uplink_kB=282.0  t=2.41s
  round   2/50: acc=0.3483  f1m=0.3392  uplink_kB=282.0  t=1.84s
  round   3/50: acc=0.5000  f1m=0.3333  uplink_kB=282.0  t=1.85s
  round   4/50: acc=0.5015  f1m=0.3370  uplink_kB=282.0  t=1.91s
  round   5/50: acc=0.5037  f1m=0.3825  uplink_kB=282.0  t=1.93s
  round   6/50: acc=0.5003  f1m=0.3350  uplink_kB=282.0  t=1.81s
  round   7/50: acc=0.6338  f1m=0.6253  uplink_kB=282.0  t=1.87s
  round   8/50: acc=0.5131  f1m=0.3645  uplink_kB=282.0  t=1.87s
  round   9/50: acc=0.5000  f1m=0.3333  uplink_kB=282.0  t=1.90s
  round  10/50: acc=0.6362  f1m=0.6049  uplink_kB=282.0  t=1.84s
  round  11/50: acc=0.6627  f1m=0.6489  uplink_kB=282.0  t=1.89s
  round  12/50: acc=0.5176  f1m=0.3749  uplink_kB=282.0  t=1.88s
  round  13/50: acc=0.5069  f1m=0.3490  uplink_kB=282.0  t=1.83s
  round  14/50: acc=0.5005  f1m=0.3345  uplink_kB=282.0  t=1.88s
  round  15/50: acc=0.4996  f1m=0.3332  uplink_kB=282.0  t=1.89s
  round  16/50: acc=0.5000  f1m=0.3333  uplink_kB=282.0  t=1.94s
  round  17/50: acc=0.5012  f1m=0.3364  uplink_kB=282.0  t=1.83s
  round  18/50: acc=0.6566  f1m=0.6419  uplink_kB=282.0  t=1.90s
  round  19/50: acc=0.5000  f1m=0.3333  uplink_kB=282.0  t=1.82s
  round  20/50: acc=0.5158  f1m=0.3712  uplink_kB=282.0  t=1.89s
  round  21/50: acc=0.6682  f1m=0.6625  uplink_kB=282.0  t=1.89s
  round  22/50: acc=0.5020  f1m=0.3379  uplink_kB=282.0  t=1.82s
  round  23/50: acc=0.5003  f1m=0.3339  uplink_kB=282.0  t=1.88s
  round  24/50: acc=0.5021  f1m=0.3381  uplink_kB=282.0  t=1.88s
  round  25/50: acc=0.5028  f1m=0.3398  uplink_kB=282.0  t=1.90s
  round  26/50: acc=0.7136  f1m=0.6985  uplink_kB=282.0  t=1.92s
  round  27/50: acc=0.5001  f1m=0.3338  uplink_kB=282.0  t=1.88s
  round  28/50: acc=0.5000  f1m=0.3333  uplink_kB=282.0  t=1.81s
  round  29/50: acc=0.5077  f1m=0.3560  uplink_kB=282.0  t=1.85s
  round  30/50: acc=0.6539  f1m=0.6326  uplink_kB=282.0  t=1.86s
  round  31/50: acc=0.5002  f1m=0.3339  uplink_kB=282.0  t=1.85s
  round  32/50: acc=0.6121  f1m=0.5634  uplink_kB=282.0  t=1.89s
  round  33/50: acc=0.5082  f1m=0.3561  uplink_kB=282.0  t=1.84s
  round  34/50: acc=0.4999  f1m=0.3347  uplink_kB=282.0  t=1.83s
  round  35/50: acc=0.7577  f1m=0.7573  uplink_kB=282.0  t=1.80s
  round  36/50: acc=0.5972  f1m=0.5421  uplink_kB=282.0  t=1.89s
  round  37/50: acc=0.6933  f1m=0.6826  uplink_kB=282.0  t=1.84s
  round  38/50: acc=0.7130  f1m=0.7059  uplink_kB=282.0  t=1.88s
  round  39/50: acc=0.5617  f1m=0.4746  uplink_kB=282.0  t=1.83s
  round  40/50: acc=0.6425  f1m=0.6298  uplink_kB=282.0  t=1.87s
  round  41/50: acc=0.6596  f1m=0.6402  uplink_kB=282.0  t=1.83s
  round  42/50: acc=0.6075  f1m=0.5588  uplink_kB=282.0  t=1.85s
  round  43/50: acc=0.6438  f1m=0.6342  uplink_kB=282.0  t=1.78s
  round  44/50: acc=0.6663  f1m=0.6460  uplink_kB=282.0  t=1.89s
  round  45/50: acc=0.5000  f1m=0.3333  uplink_kB=282.0  t=1.89s
  round  46/50: acc=0.5000  f1m=0.3333  uplink_kB=282.0  t=1.90s
  round  47/50: acc=0.5000  f1m=0.3333  uplink_kB=282.0  t=1.87s
  round  48/50: acc=0.5000  f1m=0.3333  uplink_kB=282.0  t=1.87s
  round  49/50: acc=0.4999  f1m=0.3333  uplink_kB=282.0  t=1.79s
  round  50/50: acc=0.5000  f1m=0.3333  uplink_kB=282.0  t=1.84s
[run] DONE -> /Users/agentra/Documents/hao/working/paper-lab/hao-paper-2026/iotj-fedkan-ids/repo/results/lrsweep_toniot/lrsweep_kan16_lr0p1__dir0.1__seed43/metrics.json  final_acc=0.5000
