[run] device=cpu  seed=11  out=/Users/agentra/Documents/hao/working/paper-lab/hao-paper-2026/iotj-fedkan-ids/repo/results/lrsweep_botiot/lrsweep_mlp80_lr0p003__dir0.1__seed11
[run] model=mlp  params=3,362
  round   1/50: acc=0.9150  f1m=0.9149  uplink_kB=131.3  t=1.39s
  round   2/50: acc=0.9081  f1m=0.9079  uplink_kB=131.3  t=0.67s
  round   3/50: acc=0.9092  f1m=0.9091  uplink_kB=131.3  t=0.70s
  round   4/50: acc=0.9103  f1m=0.9102  uplink_kB=131.3  t=0.66s
  round   5/50: acc=0.9118  f1m=0.9116  uplink_kB=131.3  t=0.61s
  round   6/50: acc=0.9124  f1m=0.9122  uplink_kB=131.3  t=0.66s
  round   7/50: acc=0.9142  f1m=0.9141  uplink_kB=131.3  t=0.68s
  round   8/50: acc=0.9184  f1m=0.9183  uplink_kB=131.3  t=0.63s
  round   9/50: acc=0.9414  f1m=0.9413  uplink_kB=131.3  t=0.75s
  round  10/50: acc=0.9348  f1m=0.9347  uplink_kB=131.3  t=0.69s
  round  11/50: acc=0.8761  f1m=0.8753  uplink_kB=131.3  t=0.65s
  round  12/50: acc=0.8777  f1m=0.8769  uplink_kB=131.3  t=0.63s
  round  13/50: acc=0.8800  f1m=0.8793  uplink_kB=131.3  t=0.66s
  round  14/50: acc=0.9082  f1m=0.9075  uplink_kB=131.3  t=0.71s
  round  15/50: acc=0.9087  f1m=0.9080  uplink_kB=131.3  t=0.70s
  round  16/50: acc=0.9029  f1m=0.9020  uplink_kB=131.3  t=0.67s
  round  17/50: acc=0.9066  f1m=0.9058  uplink_kB=131.3  t=0.64s
  round  18/50: acc=0.9066  f1m=0.9058  uplink_kB=131.3  t=0.72s
  round  19/50: acc=0.9082  f1m=0.9075  uplink_kB=131.3  t=0.75s
  round  20/50: acc=0.9084  f1m=0.9076  uplink_kB=131.3  t=0.72s
  round  21/50: acc=0.9081  f1m=0.9073  uplink_kB=131.3  t=0.81s
  round  22/50: acc=0.9089  f1m=0.9082  uplink_kB=131.3  t=0.76s
  round  23/50: acc=0.9102  f1m=0.9095  uplink_kB=131.3  t=0.66s
  round  24/50: acc=0.9089  f1m=0.9082  uplink_kB=131.3  t=0.68s
  round  25/50: acc=0.9092  f1m=0.9085  uplink_kB=131.3  t=0.74s
  round  26/50: acc=0.9180  f1m=0.9175  uplink_kB=131.3  t=0.89s
  round  27/50: acc=0.9106  f1m=0.9099  uplink_kB=131.3  t=0.91s
  round  28/50: acc=0.9170  f1m=0.9164  uplink_kB=131.3  t=0.74s
  round  29/50: acc=0.9177  f1m=0.9172  uplink_kB=131.3  t=0.91s
  round  30/50: acc=0.9197  f1m=0.9192  uplink_kB=131.3  t=0.68s
  round  31/50: acc=0.9189  f1m=0.9184  uplink_kB=131.3  t=0.71s
  round  32/50: acc=0.9187  f1m=0.9182  uplink_kB=131.3  t=0.73s
  round  33/50: acc=0.9128  f1m=0.9122  uplink_kB=131.3  t=0.66s
  round  34/50: acc=0.9205  f1m=0.9201  uplink_kB=131.3  t=0.77s
  round  35/50: acc=0.9205  f1m=0.9201  uplink_kB=131.3  t=0.71s
  round  36/50: acc=0.9199  f1m=0.9194  uplink_kB=131.3  t=0.63s
  round  37/50: acc=0.9139  f1m=0.9132  uplink_kB=131.3  t=0.79s
  round  38/50: acc=0.9211  f1m=0.9207  uplink_kB=131.3  t=0.72s
  round  39/50: acc=0.9213  f1m=0.9209  uplink_kB=131.3  t=0.69s
  round  40/50: acc=0.9213  f1m=0.9208  uplink_kB=131.3  t=0.72s
  round  41/50: acc=0.9215  f1m=0.9211  uplink_kB=131.3  t=0.79s
  round  42/50: acc=0.9216  f1m=0.9211  uplink_kB=131.3  t=0.74s
  round  43/50: acc=0.9215  f1m=0.9211  uplink_kB=131.3  t=0.62s
  round  44/50: acc=0.9217  f1m=0.9212  uplink_kB=131.3  t=0.72s
  round  45/50: acc=0.9212  f1m=0.9208  uplink_kB=131.3  t=0.70s
  round  46/50: acc=0.9219  f1m=0.9215  uplink_kB=131.3  t=0.67s
  round  47/50: acc=0.9214  f1m=0.9209  uplink_kB=131.3  t=0.66s
  round  48/50: acc=0.9215  f1m=0.9210  uplink_kB=131.3  t=0.71s
  round  49/50: acc=0.9208  f1m=0.9203  uplink_kB=131.3  t=0.61s
  round  50/50: acc=0.9215  f1m=0.9210  uplink_kB=131.3  t=0.74s
[run] DONE -> /Users/agentra/Documents/hao/working/paper-lab/hao-paper-2026/iotj-fedkan-ids/repo/results/lrsweep_botiot/lrsweep_mlp80_lr0p003__dir0.1__seed11/metrics.json  final_acc=0.9215
