[run] device=cpu  seed=31  out=/Users/agentra/Documents/hao/working/paper-lab/hao-paper-2026/iotj-fedkan-ids/repo/results/lrsweep_cseciic_mc/lrsweep_kan16_lr0p01__dir0.1__seed31
[run] model=kan  params=8,640
  round   1/50: acc=0.2441  f1m=0.0787  uplink_kB=363.3  t=7.21s
  round   2/50: acc=0.5084  f1m=0.2243  uplink_kB=363.3  t=6.40s
  round   3/50: acc=0.6127  f1m=0.2929  uplink_kB=363.3  t=6.44s
  round   4/50: acc=0.6486  f1m=0.3989  uplink_kB=363.3  t=6.55s
  round   5/50: acc=0.6759  f1m=0.4881  uplink_kB=363.3  t=6.74s
  round   6/50: acc=0.6864  f1m=0.5072  uplink_kB=363.3  t=6.38s
  round   7/50: acc=0.7111  f1m=0.5290  uplink_kB=363.3  t=7.54s
  round   8/50: acc=0.7980  f1m=0.5660  uplink_kB=363.3  t=6.66s
  round   9/50: acc=0.8213  f1m=0.5768  uplink_kB=363.3  t=6.43s
  round  10/50: acc=0.8242  f1m=0.5690  uplink_kB=363.3  t=6.44s
  round  11/50: acc=0.8267  f1m=0.5768  uplink_kB=363.3  t=6.32s
  round  12/50: acc=0.7958  f1m=0.5550  uplink_kB=363.3  t=6.37s
  round  13/50: acc=0.8238  f1m=0.5534  uplink_kB=363.3  t=6.19s
  round  14/50: acc=0.8334  f1m=0.5817  uplink_kB=363.3  t=6.92s
  round  15/50: acc=0.8334  f1m=0.5871  uplink_kB=363.3  t=7.20s
  round  16/50: acc=0.8336  f1m=0.5835  uplink_kB=363.3  t=7.41s
  round  17/50: acc=0.8333  f1m=0.5829  uplink_kB=363.3  t=6.99s
  round  18/50: acc=0.8332  f1m=0.5824  uplink_kB=363.3  t=6.37s
  round  19/50: acc=0.8326  f1m=0.5791  uplink_kB=363.3  t=6.68s
  round  20/50: acc=0.8420  f1m=0.6124  uplink_kB=363.3  t=6.44s
  round  21/50: acc=0.8336  f1m=0.5815  uplink_kB=363.3  t=6.46s
  round  22/50: acc=0.8346  f1m=0.5831  uplink_kB=363.3  t=6.32s
  round  23/50: acc=0.8337  f1m=0.5792  uplink_kB=363.3  t=6.27s
  round  24/50: acc=0.8342  f1m=0.5796  uplink_kB=363.3  t=6.65s
  round  25/50: acc=0.8365  f1m=0.5905  uplink_kB=363.3  t=6.64s
  round  26/50: acc=0.8351  f1m=0.5832  uplink_kB=363.3  t=6.41s
  round  27/50: acc=0.8345  f1m=0.5831  uplink_kB=363.3  t=6.38s
  round  28/50: acc=0.8445  f1m=0.6194  uplink_kB=363.3  t=6.78s
  round  29/50: acc=0.8357  f1m=0.5991  uplink_kB=363.3  t=6.57s
  round  30/50: acc=0.8531  f1m=0.6804  uplink_kB=363.3  t=6.33s
  round  31/50: acc=0.8368  f1m=0.5936  uplink_kB=363.3  t=6.35s
  round  32/50: acc=0.8376  f1m=0.6206  uplink_kB=363.3  t=6.56s
  round  33/50: acc=0.8345  f1m=0.6019  uplink_kB=363.3  t=6.50s
  round  34/50: acc=0.8367  f1m=0.6047  uplink_kB=363.3  t=6.63s
  round  35/50: acc=0.8385  f1m=0.6156  uplink_kB=363.3  t=6.37s
  round  36/50: acc=0.8426  f1m=0.6116  uplink_kB=363.3  t=6.28s
  round  37/50: acc=0.8369  f1m=0.6068  uplink_kB=363.3  t=6.39s
  round  38/50: acc=0.8554  f1m=0.6786  uplink_kB=363.3  t=6.37s
  round  39/50: acc=0.8380  f1m=0.6124  uplink_kB=363.3  t=6.45s
  round  40/50: acc=0.8326  f1m=0.5886  uplink_kB=363.3  t=6.43s
  round  41/50: acc=0.8365  f1m=0.6015  uplink_kB=363.3  t=6.33s
  round  42/50: acc=0.8245  f1m=0.6129  uplink_kB=363.3  t=7.50s
  round  43/50: acc=0.8482  f1m=0.6593  uplink_kB=363.3  t=6.59s
  round  44/50: acc=0.8370  f1m=0.6142  uplink_kB=363.3  t=6.77s
  round  45/50: acc=0.8278  f1m=0.5743  uplink_kB=363.3  t=6.35s
  round  46/50: acc=0.8326  f1m=0.5842  uplink_kB=363.3  t=6.28s
  round  47/50: acc=0.8338  f1m=0.6700  uplink_kB=363.3  t=6.41s
  round  48/50: acc=0.8359  f1m=0.6003  uplink_kB=363.3  t=6.43s
  round  49/50: acc=0.8310  f1m=0.5779  uplink_kB=363.3  t=7.00s
  round  50/50: acc=0.8547  f1m=0.6896  uplink_kB=363.3  t=6.38s
[run] DONE -> /Users/agentra/Documents/hao/working/paper-lab/hao-paper-2026/iotj-fedkan-ids/repo/results/lrsweep_cseciic_mc/lrsweep_kan16_lr0p01__dir0.1__seed31/metrics.json  final_acc=0.8547
