[run] device=cpu  seed=31  out=/Users/agentra/Documents/hao/working/paper-lab/hao-paper-2026/iotj-fedkan-ids/repo/results/lrsweep_toniot/lrsweep_mlp80_lr0p1__dir0.1__seed31
[run] model=mlp  params=3,362
  round   1/50: acc=0.5048  f1m=0.3442  uplink_kB=131.3  t=1.15s
  round   2/50: acc=0.7269  f1m=0.7050  uplink_kB=131.3  t=0.66s
  round   3/50: acc=0.5070  f1m=0.3488  uplink_kB=131.3  t=0.66s
  round   4/50: acc=0.5085  f1m=0.3523  uplink_kB=131.3  t=0.65s
  round   5/50: acc=0.5097  f1m=0.3546  uplink_kB=131.3  t=0.67s
  round   6/50: acc=0.5067  f1m=0.3481  uplink_kB=131.3  t=0.60s
  round   7/50: acc=0.5182  f1m=0.3729  uplink_kB=131.3  t=0.64s
  round   8/50: acc=0.5147  f1m=0.3655  uplink_kB=131.3  t=0.65s
  round   9/50: acc=0.5131  f1m=0.3621  uplink_kB=131.3  t=0.63s
  round  10/50: acc=0.5156  f1m=0.3672  uplink_kB=131.3  t=0.67s
  round  11/50: acc=0.5091  f1m=0.3533  uplink_kB=131.3  t=0.64s
  round  12/50: acc=0.5093  f1m=0.3538  uplink_kB=131.3  t=0.68s
  round  13/50: acc=0.5080  f1m=0.3511  uplink_kB=131.3  t=0.65s
  round  14/50: acc=0.5082  f1m=0.3514  uplink_kB=131.3  t=0.60s
  round  15/50: acc=0.5078  f1m=0.3505  uplink_kB=131.3  t=0.66s
  round  16/50: acc=0.5086  f1m=0.3522  uplink_kB=131.3  t=0.67s
  round  17/50: acc=0.5085  f1m=0.3522  uplink_kB=131.3  t=0.66s
  round  18/50: acc=0.5074  f1m=0.3498  uplink_kB=131.3  t=0.64s
  round  19/50: acc=0.5082  f1m=0.3516  uplink_kB=131.3  t=0.64s
  round  20/50: acc=0.5079  f1m=0.3508  uplink_kB=131.3  t=0.66s
  round  21/50: acc=0.5077  f1m=0.3504  uplink_kB=131.3  t=0.62s
  round  22/50: acc=0.5094  f1m=0.3541  uplink_kB=131.3  t=0.66s
  round  23/50: acc=0.5152  f1m=0.3663  uplink_kB=131.3  t=0.66s
  round  24/50: acc=0.5022  f1m=0.3383  uplink_kB=131.3  t=0.67s
  round  25/50: acc=0.5050  f1m=0.3445  uplink_kB=131.3  t=0.66s
  round  26/50: acc=0.5076  f1m=0.3502  uplink_kB=131.3  t=0.67s
  round  27/50: acc=0.5142  f1m=0.3643  uplink_kB=131.3  t=0.66s
  round  28/50: acc=0.5075  f1m=0.3499  uplink_kB=131.3  t=0.69s
  round  29/50: acc=0.5073  f1m=0.3495  uplink_kB=131.3  t=0.60s
  round  30/50: acc=0.5140  f1m=0.3647  uplink_kB=131.3  t=0.65s
  round  31/50: acc=0.5095  f1m=0.3544  uplink_kB=131.3  t=0.66s
  round  32/50: acc=0.5055  f1m=0.3456  uplink_kB=131.3  t=0.66s
  round  33/50: acc=0.5054  f1m=0.3457  uplink_kB=131.3  t=0.68s
  round  34/50: acc=0.5060  f1m=0.3467  uplink_kB=131.3  t=0.67s
  round  35/50: acc=0.5106  f1m=0.3565  uplink_kB=131.3  t=0.66s
  round  36/50: acc=0.5116  f1m=0.3587  uplink_kB=131.3  t=0.66s
  round  37/50: acc=0.5053  f1m=0.3452  uplink_kB=131.3  t=0.60s
  round  38/50: acc=0.5133  f1m=0.3629  uplink_kB=131.3  t=0.66s
  round  39/50: acc=0.5105  f1m=0.3565  uplink_kB=131.3  t=0.65s
  round  40/50: acc=0.5090  f1m=0.3544  uplink_kB=131.3  t=0.67s
  round  41/50: acc=0.5130  f1m=0.3619  uplink_kB=131.3  t=0.66s
  round  42/50: acc=0.5132  f1m=0.3623  uplink_kB=131.3  t=0.65s
  round  43/50: acc=0.7282  f1m=0.7066  uplink_kB=131.3  t=0.69s
  round  44/50: acc=0.5039  f1m=0.3421  uplink_kB=131.3  t=0.66s
  round  45/50: acc=0.5080  f1m=0.3510  uplink_kB=131.3  t=0.62s
  round  46/50: acc=0.5129  f1m=0.3618  uplink_kB=131.3  t=0.67s
  round  47/50: acc=0.5067  f1m=0.3484  uplink_kB=131.3  t=0.66s
  round  48/50: acc=0.5066  f1m=0.3481  uplink_kB=131.3  t=0.67s
  round  49/50: acc=0.5064  f1m=0.3477  uplink_kB=131.3  t=0.65s
  round  50/50: acc=0.5065  f1m=0.3479  uplink_kB=131.3  t=0.66s
[run] DONE -> /Users/agentra/Documents/hao/working/paper-lab/hao-paper-2026/iotj-fedkan-ids/repo/results/lrsweep_toniot/lrsweep_mlp80_lr0p1__dir0.1__seed31/metrics.json  final_acc=0.5065
