[run] device=cpu  seed=2026  out=/Users/agentra/Documents/hao/working/paper-lab/hao-paper-2026/iotj-fedkan-ids/repo/results/lrsweep_cseciic_mc50k/lrsweep_mlp80_lr0p03__dir0.1__seed2026
[run] model=mlp  params=4,415
  round   1/50: acc=0.3674  f1m=0.1891  uplink_kB=172.5  t=1.78s
  round   2/50: acc=0.6508  f1m=0.4610  uplink_kB=172.5  t=1.13s
  round   3/50: acc=0.6789  f1m=0.4827  uplink_kB=172.5  t=1.13s
  round   4/50: acc=0.6971  f1m=0.5138  uplink_kB=172.5  t=1.13s
  round   5/50: acc=0.6671  f1m=0.5037  uplink_kB=172.5  t=1.12s
  round   6/50: acc=0.7426  f1m=0.5599  uplink_kB=172.5  t=1.11s
  round   7/50: acc=0.6176  f1m=0.4716  uplink_kB=172.5  t=1.17s
  round   8/50: acc=0.7067  f1m=0.5045  uplink_kB=172.5  t=1.08s
  round   9/50: acc=0.7915  f1m=0.6393  uplink_kB=172.5  t=1.17s
  round  10/50: acc=0.7157  f1m=0.5133  uplink_kB=172.5  t=1.08s
  round  11/50: acc=0.6981  f1m=0.5654  uplink_kB=172.5  t=1.10s
  round  12/50: acc=0.7289  f1m=0.5394  uplink_kB=172.5  t=1.06s
  round  13/50: acc=0.7532  f1m=0.6189  uplink_kB=172.5  t=1.12s
  round  14/50: acc=0.7259  f1m=0.5426  uplink_kB=172.5  t=1.09s
  round  15/50: acc=0.7925  f1m=0.6363  uplink_kB=172.5  t=1.20s
  round  16/50: acc=0.7306  f1m=0.5515  uplink_kB=172.5  t=1.14s
  round  17/50: acc=0.7383  f1m=0.6053  uplink_kB=172.5  t=1.20s
  round  18/50: acc=0.7773  f1m=0.5930  uplink_kB=172.5  t=1.07s
  round  19/50: acc=0.7783  f1m=0.5945  uplink_kB=172.5  t=1.16s
  round  20/50: acc=0.7358  f1m=0.5513  uplink_kB=172.5  t=1.32s
  round  21/50: acc=0.7447  f1m=0.5803  uplink_kB=172.5  t=1.30s
  round  22/50: acc=0.7330  f1m=0.5509  uplink_kB=172.5  t=1.22s
  round  23/50: acc=0.7305  f1m=0.5791  uplink_kB=172.5  t=1.20s
  round  24/50: acc=0.7340  f1m=0.5520  uplink_kB=172.5  t=1.69s
  round  25/50: acc=0.7686  f1m=0.6389  uplink_kB=172.5  t=1.22s
  round  26/50: acc=0.7809  f1m=0.6049  uplink_kB=172.5  t=1.25s
  round  27/50: acc=0.8738  f1m=0.7249  uplink_kB=172.5  t=1.38s
  round  28/50: acc=0.8350  f1m=0.6431  uplink_kB=172.5  t=1.28s
  round  29/50: acc=0.7928  f1m=0.6600  uplink_kB=172.5  t=1.29s
  round  30/50: acc=0.7370  f1m=0.5672  uplink_kB=172.5  t=1.14s
  round  31/50: acc=0.8461  f1m=0.7062  uplink_kB=172.5  t=1.31s
  round  32/50: acc=0.7991  f1m=0.6620  uplink_kB=172.5  t=1.34s
  round  33/50: acc=0.8127  f1m=0.6788  uplink_kB=172.5  t=1.36s
  round  34/50: acc=0.8080  f1m=0.6298  uplink_kB=172.5  t=1.24s
  round  35/50: acc=0.7769  f1m=0.6038  uplink_kB=172.5  t=1.37s
  round  36/50: acc=0.8341  f1m=0.6328  uplink_kB=172.5  t=1.22s
  round  37/50: acc=0.8239  f1m=0.6971  uplink_kB=172.5  t=1.51s
  round  38/50: acc=0.8401  f1m=0.6525  uplink_kB=172.5  t=1.17s
  round  39/50: acc=0.8676  f1m=0.7271  uplink_kB=172.5  t=1.20s
  round  40/50: acc=0.7855  f1m=0.6128  uplink_kB=172.5  t=1.26s
  round  41/50: acc=0.8609  f1m=0.7146  uplink_kB=172.5  t=1.13s
  round  42/50: acc=0.7649  f1m=0.5965  uplink_kB=172.5  t=1.17s
  round  43/50: acc=0.8492  f1m=0.7083  uplink_kB=172.5  t=1.11s
  round  44/50: acc=0.8445  f1m=0.6552  uplink_kB=172.5  t=1.09s
  round  45/50: acc=0.7809  f1m=0.6131  uplink_kB=172.5  t=1.13s
  round  46/50: acc=0.8449  f1m=0.6563  uplink_kB=172.5  t=1.08s
  round  47/50: acc=0.8717  f1m=0.7297  uplink_kB=172.5  t=1.13s
  round  48/50: acc=0.8238  f1m=0.6761  uplink_kB=172.5  t=1.12s
  round  49/50: acc=0.8716  f1m=0.7298  uplink_kB=172.5  t=1.21s
  round  50/50: acc=0.8193  f1m=0.6713  uplink_kB=172.5  t=1.14s
[run] DONE -> /Users/agentra/Documents/hao/working/paper-lab/hao-paper-2026/iotj-fedkan-ids/repo/results/lrsweep_cseciic_mc50k/lrsweep_mlp80_lr0p03__dir0.1__seed2026/metrics.json  final_acc=0.8193
