[run] device=cpu  seed=29  out=/Users/agentra/Documents/hao/working/paper-lab/hao-paper-2026/iotj-fedkan-ids/repo/results/lrsweep_toniot/lrsweep_mlp32_lr0p01__dir0.1__seed29
[run] model=mlp  params=1,346
  round   1/50: acc=0.5742  f1m=0.5655  uplink_kB=52.6  t=1.32s
  round   2/50: acc=0.5434  f1m=0.4328  uplink_kB=52.6  t=0.71s
  round   3/50: acc=0.5463  f1m=0.4377  uplink_kB=52.6  t=0.69s
  round   4/50: acc=0.5604  f1m=0.4645  uplink_kB=52.6  t=0.66s
  round   5/50: acc=0.5623  f1m=0.4674  uplink_kB=52.6  t=0.59s
  round   6/50: acc=0.5646  f1m=0.4720  uplink_kB=52.6  t=0.72s
  round   7/50: acc=0.5586  f1m=0.4613  uplink_kB=52.6  t=0.65s
  round   8/50: acc=0.5553  f1m=0.4555  uplink_kB=52.6  t=0.73s
  round   9/50: acc=0.5578  f1m=0.4601  uplink_kB=52.6  t=0.67s
  round  10/50: acc=0.5607  f1m=0.4654  uplink_kB=52.6  t=0.70s
  round  11/50: acc=0.5566  f1m=0.4576  uplink_kB=52.6  t=0.72s
  round  12/50: acc=0.5600  f1m=0.4645  uplink_kB=52.6  t=0.63s
  round  13/50: acc=0.5609  f1m=0.4657  uplink_kB=52.6  t=0.67s
  round  14/50: acc=0.5635  f1m=0.4698  uplink_kB=52.6  t=0.66s
  round  15/50: acc=0.5605  f1m=0.4638  uplink_kB=52.6  t=0.66s
  round  16/50: acc=0.6370  f1m=0.5872  uplink_kB=52.6  t=0.74s
  round  17/50: acc=0.5656  f1m=0.4732  uplink_kB=52.6  t=0.72s
  round  18/50: acc=0.5669  f1m=0.4755  uplink_kB=52.6  t=0.71s
  round  19/50: acc=0.5717  f1m=0.4834  uplink_kB=52.6  t=0.70s
  round  20/50: acc=0.5750  f1m=0.4896  uplink_kB=52.6  t=0.70s
  round  21/50: acc=0.5720  f1m=0.4841  uplink_kB=52.6  t=0.67s
  round  22/50: acc=0.5700  f1m=0.4807  uplink_kB=52.6  t=0.65s
  round  23/50: acc=0.5716  f1m=0.4838  uplink_kB=52.6  t=0.68s
  round  24/50: acc=0.5754  f1m=0.4904  uplink_kB=52.6  t=0.65s
  round  25/50: acc=0.5721  f1m=0.4839  uplink_kB=52.6  t=0.68s
  round  26/50: acc=0.5796  f1m=0.4968  uplink_kB=52.6  t=0.66s
  round  27/50: acc=0.5772  f1m=0.4931  uplink_kB=52.6  t=0.61s
  round  28/50: acc=0.5801  f1m=0.4978  uplink_kB=52.6  t=0.68s
  round  29/50: acc=0.5792  f1m=0.4962  uplink_kB=52.6  t=0.67s
  round  30/50: acc=0.5734  f1m=0.4861  uplink_kB=52.6  t=0.67s
  round  31/50: acc=0.5775  f1m=0.4932  uplink_kB=52.6  t=0.69s
  round  32/50: acc=0.5749  f1m=0.4886  uplink_kB=52.6  t=0.69s
  round  33/50: acc=0.5763  f1m=0.4909  uplink_kB=52.6  t=0.64s
  round  34/50: acc=0.5741  f1m=0.4868  uplink_kB=52.6  t=0.59s
  round  35/50: acc=0.5722  f1m=0.4839  uplink_kB=52.6  t=0.66s
  round  36/50: acc=0.5738  f1m=0.4865  uplink_kB=52.6  t=0.65s
  round  37/50: acc=0.5747  f1m=0.4883  uplink_kB=52.6  t=0.65s
  round  38/50: acc=0.5836  f1m=0.5037  uplink_kB=52.6  t=0.62s
  round  39/50: acc=0.5813  f1m=0.4998  uplink_kB=52.6  t=0.65s
  round  40/50: acc=0.7947  f1m=0.7870  uplink_kB=52.6  t=0.66s
  round  41/50: acc=0.5739  f1m=0.4867  uplink_kB=52.6  t=0.62s
  round  42/50: acc=0.7978  f1m=0.7904  uplink_kB=52.6  t=0.70s
  round  43/50: acc=0.7959  f1m=0.7884  uplink_kB=52.6  t=0.68s
  round  44/50: acc=0.8057  f1m=0.7993  uplink_kB=52.6  t=0.64s
  round  45/50: acc=0.8034  f1m=0.7966  uplink_kB=52.6  t=0.67s
  round  46/50: acc=0.8029  f1m=0.7959  uplink_kB=52.6  t=0.66s
  round  47/50: acc=0.7955  f1m=0.7876  uplink_kB=52.6  t=0.59s
  round  48/50: acc=0.7943  f1m=0.7864  uplink_kB=52.6  t=0.65s
  round  49/50: acc=0.8041  f1m=0.7973  uplink_kB=52.6  t=0.66s
  round  50/50: acc=0.5849  f1m=0.5047  uplink_kB=52.6  t=0.63s
[run] DONE -> /Users/agentra/Documents/hao/working/paper-lab/hao-paper-2026/iotj-fedkan-ids/repo/results/lrsweep_toniot/lrsweep_mlp32_lr0p01__dir0.1__seed29/metrics.json  final_acc=0.5849
