[run] device=cpu  seed=23  out=/Users/agentra/Documents/hao/working/paper-lab/hao-paper-2026/iotj-fedkan-ids/repo/results/lrsweep_botiot/lrsweep_kan16_lr0p01__dir0.1__seed23
[run] model=kan  params=6,560
  round   1/50: acc=0.4989  f1m=0.3328  uplink_kB=282.0  t=2.71s
  round   2/50: acc=0.8102  f1m=0.8037  uplink_kB=282.0  t=1.98s
  round   3/50: acc=0.8580  f1m=0.8553  uplink_kB=282.0  t=1.96s
  round   4/50: acc=0.9313  f1m=0.9310  uplink_kB=282.0  t=1.90s
  round   5/50: acc=0.9462  f1m=0.9461  uplink_kB=282.0  t=1.89s
  round   6/50: acc=0.9549  f1m=0.9549  uplink_kB=282.0  t=1.93s
  round   7/50: acc=0.9478  f1m=0.9477  uplink_kB=282.0  t=2.03s
  round   8/50: acc=0.9461  f1m=0.9460  uplink_kB=282.0  t=2.02s
  round   9/50: acc=0.9552  f1m=0.9551  uplink_kB=282.0  t=1.90s
  round  10/50: acc=0.9588  f1m=0.9588  uplink_kB=282.0  t=1.86s
  round  11/50: acc=0.9607  f1m=0.9606  uplink_kB=282.0  t=1.91s
  round  12/50: acc=0.9588  f1m=0.9588  uplink_kB=282.0  t=1.85s
  round  13/50: acc=0.9604  f1m=0.9603  uplink_kB=282.0  t=1.89s
  round  14/50: acc=0.9594  f1m=0.9594  uplink_kB=282.0  t=1.91s
  round  15/50: acc=0.9619  f1m=0.9619  uplink_kB=282.0  t=1.87s
  round  16/50: acc=0.9628  f1m=0.9628  uplink_kB=282.0  t=1.92s
  round  17/50: acc=0.9607  f1m=0.9606  uplink_kB=282.0  t=1.88s
  round  18/50: acc=0.9632  f1m=0.9631  uplink_kB=282.0  t=1.91s
  round  19/50: acc=0.9652  f1m=0.9651  uplink_kB=282.0  t=1.86s
  round  20/50: acc=0.9648  f1m=0.9647  uplink_kB=282.0  t=1.86s
  round  21/50: acc=0.9653  f1m=0.9653  uplink_kB=282.0  t=1.85s
  round  22/50: acc=0.9663  f1m=0.9663  uplink_kB=282.0  t=1.93s
  round  23/50: acc=0.9664  f1m=0.9664  uplink_kB=282.0  t=1.89s
  round  24/50: acc=0.9666  f1m=0.9665  uplink_kB=282.0  t=1.95s
  round  25/50: acc=0.9667  f1m=0.9667  uplink_kB=282.0  t=1.81s
  round  26/50: acc=0.9670  f1m=0.9670  uplink_kB=282.0  t=1.87s
  round  27/50: acc=0.9668  f1m=0.9668  uplink_kB=282.0  t=1.90s
  round  28/50: acc=0.9667  f1m=0.9667  uplink_kB=282.0  t=1.86s
  round  29/50: acc=0.9669  f1m=0.9668  uplink_kB=282.0  t=1.86s
  round  30/50: acc=0.9669  f1m=0.9669  uplink_kB=282.0  t=1.89s
  round  31/50: acc=0.9665  f1m=0.9665  uplink_kB=282.0  t=1.89s
  round  32/50: acc=0.9722  f1m=0.9722  uplink_kB=282.0  t=2.03s
  round  33/50: acc=0.9667  f1m=0.9666  uplink_kB=282.0  t=2.05s
  round  34/50: acc=0.9651  f1m=0.9651  uplink_kB=282.0  t=2.14s
  round  35/50: acc=0.9664  f1m=0.9663  uplink_kB=282.0  t=2.03s
  round  36/50: acc=0.9723  f1m=0.9723  uplink_kB=282.0  t=2.00s
  round  37/50: acc=0.9700  f1m=0.9700  uplink_kB=282.0  t=1.87s
  round  38/50: acc=0.9749  f1m=0.9749  uplink_kB=282.0  t=1.82s
  round  39/50: acc=0.9736  f1m=0.9735  uplink_kB=282.0  t=1.89s
  round  40/50: acc=0.9691  f1m=0.9690  uplink_kB=282.0  t=1.88s
  round  41/50: acc=0.9735  f1m=0.9735  uplink_kB=282.0  t=1.87s
  round  42/50: acc=0.9725  f1m=0.9725  uplink_kB=282.0  t=1.86s
  round  43/50: acc=0.9670  f1m=0.9670  uplink_kB=282.0  t=1.91s
  round  44/50: acc=0.9738  f1m=0.9738  uplink_kB=282.0  t=1.85s
  round  45/50: acc=0.9730  f1m=0.9730  uplink_kB=282.0  t=1.99s
  round  46/50: acc=0.9714  f1m=0.9713  uplink_kB=282.0  t=1.91s
  round  47/50: acc=0.9661  f1m=0.9661  uplink_kB=282.0  t=1.85s
  round  48/50: acc=0.9749  f1m=0.9749  uplink_kB=282.0  t=1.93s
  round  49/50: acc=0.9672  f1m=0.9671  uplink_kB=282.0  t=1.90s
  round  50/50: acc=0.9729  f1m=0.9728  uplink_kB=282.0  t=1.90s
[run] DONE -> /Users/agentra/Documents/hao/working/paper-lab/hao-paper-2026/iotj-fedkan-ids/repo/results/lrsweep_botiot/lrsweep_kan16_lr0p01__dir0.1__seed23/metrics.json  final_acc=0.9729
