[run] device=cpu  seed=2026  out=/Users/agentra/Documents/hao/working/paper-lab/hao-paper-2026/iotj-fedkan-ids/repo/results/sensitivity_botiot/sens_k4__dir0.1__seed2026
[run] model=kan  params=3,608
  round   1/50: acc=0.4989  f1m=0.3328  uplink_kB=166.6  t=3.00s
  round   2/50: acc=0.4989  f1m=0.3328  uplink_kB=166.6  t=2.07s
  round   3/50: acc=0.4989  f1m=0.3328  uplink_kB=166.6  t=2.07s
  round   4/50: acc=0.4989  f1m=0.3328  uplink_kB=166.6  t=2.04s
  round   5/50: acc=0.4989  f1m=0.3328  uplink_kB=166.6  t=1.98s
  round   6/50: acc=0.4989  f1m=0.3328  uplink_kB=166.6  t=2.09s
  round   7/50: acc=0.4975  f1m=0.3322  uplink_kB=166.6  t=2.19s
  round   8/50: acc=0.4984  f1m=0.3349  uplink_kB=166.6  t=2.09s
  round   9/50: acc=0.6437  f1m=0.5945  uplink_kB=166.6  t=2.01s
  round  10/50: acc=0.5006  f1m=0.3391  uplink_kB=166.6  t=2.03s
  round  11/50: acc=0.7778  f1m=0.7680  uplink_kB=166.6  t=2.00s
  round  12/50: acc=0.7276  f1m=0.7073  uplink_kB=166.6  t=2.11s
  round  13/50: acc=0.7578  f1m=0.7439  uplink_kB=166.6  t=2.08s
  round  14/50: acc=0.8344  f1m=0.8308  uplink_kB=166.6  t=2.13s
  round  15/50: acc=0.8254  f1m=0.8205  uplink_kB=166.6  t=2.11s
  round  16/50: acc=0.8806  f1m=0.8794  uplink_kB=166.6  t=2.22s
  round  17/50: acc=0.9158  f1m=0.9156  uplink_kB=166.6  t=2.30s
  round  18/50: acc=0.9382  f1m=0.9382  uplink_kB=166.6  t=2.18s
  round  19/50: acc=0.9401  f1m=0.9400  uplink_kB=166.6  t=2.26s
  round  20/50: acc=0.9508  f1m=0.9507  uplink_kB=166.6  t=2.22s
  round  21/50: acc=0.9544  f1m=0.9544  uplink_kB=166.6  t=2.17s
  round  22/50: acc=0.9594  f1m=0.9594  uplink_kB=166.6  t=2.17s
  round  23/50: acc=0.9613  f1m=0.9612  uplink_kB=166.6  t=2.16s
  round  24/50: acc=0.9617  f1m=0.9617  uplink_kB=166.6  t=2.18s
  round  25/50: acc=0.9619  f1m=0.9618  uplink_kB=166.6  t=2.08s
  round  26/50: acc=0.9646  f1m=0.9646  uplink_kB=166.6  t=2.11s
  round  27/50: acc=0.9665  f1m=0.9665  uplink_kB=166.6  t=2.13s
  round  28/50: acc=0.9665  f1m=0.9665  uplink_kB=166.6  t=2.12s
  round  29/50: acc=0.9667  f1m=0.9666  uplink_kB=166.6  t=2.07s
  round  30/50: acc=0.9651  f1m=0.9650  uplink_kB=166.6  t=2.07s
  round  31/50: acc=0.9650  f1m=0.9650  uplink_kB=166.6  t=2.12s
  round  32/50: acc=0.9589  f1m=0.9588  uplink_kB=166.6  t=2.08s
  round  33/50: acc=0.9647  f1m=0.9647  uplink_kB=166.6  t=2.06s
  round  34/50: acc=0.9660  f1m=0.9660  uplink_kB=166.6  t=2.09s
  round  35/50: acc=0.9667  f1m=0.9667  uplink_kB=166.6  t=2.08s
  round  36/50: acc=0.9667  f1m=0.9666  uplink_kB=166.6  t=2.08s
  round  37/50: acc=0.9660  f1m=0.9660  uplink_kB=166.6  t=2.09s
  round  38/50: acc=0.9650  f1m=0.9650  uplink_kB=166.6  t=2.03s
  round  39/50: acc=0.9668  f1m=0.9667  uplink_kB=166.6  t=1.98s
  round  40/50: acc=0.9668  f1m=0.9667  uplink_kB=166.6  t=1.90s
  round  41/50: acc=0.9651  f1m=0.9651  uplink_kB=166.6  t=1.97s
  round  42/50: acc=0.9652  f1m=0.9651  uplink_kB=166.6  t=2.09s
  round  43/50: acc=0.9661  f1m=0.9661  uplink_kB=166.6  t=2.17s
  round  44/50: acc=0.9668  f1m=0.9668  uplink_kB=166.6  t=2.21s
  round  45/50: acc=0.9659  f1m=0.9659  uplink_kB=166.6  t=2.15s
  round  46/50: acc=0.9655  f1m=0.9654  uplink_kB=166.6  t=2.07s
  round  47/50: acc=0.9665  f1m=0.9665  uplink_kB=166.6  t=2.10s
  round  48/50: acc=0.9668  f1m=0.9668  uplink_kB=166.6  t=2.19s
  round  49/50: acc=0.9668  f1m=0.9668  uplink_kB=166.6  t=2.13s
  round  50/50: acc=0.9669  f1m=0.9668  uplink_kB=166.6  t=2.22s
[run] DONE -> /Users/agentra/Documents/hao/working/paper-lab/hao-paper-2026/iotj-fedkan-ids/repo/results/sensitivity_botiot/sens_k4__dir0.1__seed2026/metrics.json  final_acc=0.9669
