[run] device=cpu  seed=2026  out=/Users/agentra/Documents/hao/working/paper-lab/hao-paper-2026/iotj-fedkan-ids/repo/results/lrsweep_cseciic/lrsweep_kan8_lr0p003__dir0.1__seed2026
[run] model=kan  params=3,280
  round   1/50: acc=0.9197  f1m=0.9195  uplink_kB=150.2  t=2.18s
  round   2/50: acc=0.9230  f1m=0.9228  uplink_kB=150.2  t=1.65s
  round   3/50: acc=0.9251  f1m=0.9249  uplink_kB=150.2  t=1.62s
  round   4/50: acc=0.9318  f1m=0.9316  uplink_kB=150.2  t=1.63s
  round   5/50: acc=0.9338  f1m=0.9336  uplink_kB=150.2  t=1.57s
  round   6/50: acc=0.9358  f1m=0.9356  uplink_kB=150.2  t=1.63s
  round   7/50: acc=0.9566  f1m=0.9565  uplink_kB=150.2  t=1.66s
  round   8/50: acc=0.9569  f1m=0.9569  uplink_kB=150.2  t=1.60s
  round   9/50: acc=0.9625  f1m=0.9624  uplink_kB=150.2  t=1.61s
  round  10/50: acc=0.9627  f1m=0.9626  uplink_kB=150.2  t=1.65s
  round  11/50: acc=0.9636  f1m=0.9635  uplink_kB=150.2  t=1.57s
  round  12/50: acc=0.9637  f1m=0.9636  uplink_kB=150.2  t=1.62s
  round  13/50: acc=0.9713  f1m=0.9713  uplink_kB=150.2  t=1.66s
  round  14/50: acc=0.9723  f1m=0.9723  uplink_kB=150.2  t=1.63s
  round  15/50: acc=0.9717  f1m=0.9717  uplink_kB=150.2  t=1.66s
  round  16/50: acc=0.9715  f1m=0.9714  uplink_kB=150.2  t=1.61s
  round  17/50: acc=0.9717  f1m=0.9717  uplink_kB=150.2  t=1.61s
  round  18/50: acc=0.9718  f1m=0.9718  uplink_kB=150.2  t=1.58s
  round  19/50: acc=0.9716  f1m=0.9716  uplink_kB=150.2  t=1.65s
  round  20/50: acc=0.9718  f1m=0.9718  uplink_kB=150.2  t=1.60s
  round  21/50: acc=0.9736  f1m=0.9736  uplink_kB=150.2  t=1.62s
  round  22/50: acc=0.9732  f1m=0.9731  uplink_kB=150.2  t=1.64s
  round  23/50: acc=0.9733  f1m=0.9733  uplink_kB=150.2  t=1.66s
  round  24/50: acc=0.9731  f1m=0.9730  uplink_kB=150.2  t=1.64s
  round  25/50: acc=0.9745  f1m=0.9745  uplink_kB=150.2  t=1.57s
  round  26/50: acc=0.9747  f1m=0.9747  uplink_kB=150.2  t=1.63s
  round  27/50: acc=0.9747  f1m=0.9747  uplink_kB=150.2  t=1.62s
  round  28/50: acc=0.9748  f1m=0.9748  uplink_kB=150.2  t=1.63s
  round  29/50: acc=0.9754  f1m=0.9754  uplink_kB=150.2  t=1.64s
  round  30/50: acc=0.9752  f1m=0.9752  uplink_kB=150.2  t=1.57s
  round  31/50: acc=0.9753  f1m=0.9753  uplink_kB=150.2  t=1.65s
  round  32/50: acc=0.9752  f1m=0.9752  uplink_kB=150.2  t=1.61s
  round  33/50: acc=0.9754  f1m=0.9754  uplink_kB=150.2  t=1.63s
  round  34/50: acc=0.9752  f1m=0.9752  uplink_kB=150.2  t=1.63s
  round  35/50: acc=0.9754  f1m=0.9754  uplink_kB=150.2  t=1.64s
  round  36/50: acc=0.9750  f1m=0.9750  uplink_kB=150.2  t=1.59s
  round  37/50: acc=0.9760  f1m=0.9760  uplink_kB=150.2  t=1.63s
  round  38/50: acc=0.9754  f1m=0.9754  uplink_kB=150.2  t=1.61s
  round  39/50: acc=0.9759  f1m=0.9759  uplink_kB=150.2  t=1.63s
  round  40/50: acc=0.9755  f1m=0.9754  uplink_kB=150.2  t=1.62s
  round  41/50: acc=0.9760  f1m=0.9760  uplink_kB=150.2  t=1.67s
  round  42/50: acc=0.9756  f1m=0.9756  uplink_kB=150.2  t=1.62s
  round  43/50: acc=0.9755  f1m=0.9754  uplink_kB=150.2  t=1.61s
  round  44/50: acc=0.9755  f1m=0.9755  uplink_kB=150.2  t=1.59s
  round  45/50: acc=0.9762  f1m=0.9762  uplink_kB=150.2  t=1.61s
  round  46/50: acc=0.9753  f1m=0.9753  uplink_kB=150.2  t=1.61s
  round  47/50: acc=0.9761  f1m=0.9761  uplink_kB=150.2  t=1.55s
  round  48/50: acc=0.9754  f1m=0.9754  uplink_kB=150.2  t=1.56s
  round  49/50: acc=0.9757  f1m=0.9757  uplink_kB=150.2  t=1.52s
  round  50/50: acc=0.9758  f1m=0.9758  uplink_kB=150.2  t=1.57s
[run] DONE -> /Users/agentra/Documents/hao/working/paper-lab/hao-paper-2026/iotj-fedkan-ids/repo/results/lrsweep_cseciic/lrsweep_kan8_lr0p003__dir0.1__seed2026/metrics.json  final_acc=0.9758
