[run] device=cpu  seed=37  out=/Users/agentra/Documents/hao/working/paper-lab/hao-paper-2026/iotj-fedkan-ids/repo/results/lrsweep_toniot/lrsweep_mlp80_lr0p01__dir0.1__seed37
[run] model=mlp  params=3,362
  round   1/50: acc=0.5319  f1m=0.4080  uplink_kB=131.3  t=1.13s
  round   2/50: acc=0.7255  f1m=0.7178  uplink_kB=131.3  t=0.68s
  round   3/50: acc=0.7371  f1m=0.7356  uplink_kB=131.3  t=0.67s
  round   4/50: acc=0.7394  f1m=0.7375  uplink_kB=131.3  t=0.66s
  round   5/50: acc=0.7537  f1m=0.7511  uplink_kB=131.3  t=0.69s
  round   6/50: acc=0.7429  f1m=0.7414  uplink_kB=131.3  t=0.61s
  round   7/50: acc=0.8452  f1m=0.8451  uplink_kB=131.3  t=0.67s
  round   8/50: acc=0.7564  f1m=0.7535  uplink_kB=131.3  t=0.68s
  round   9/50: acc=0.7564  f1m=0.7492  uplink_kB=131.3  t=0.66s
  round  10/50: acc=0.8689  f1m=0.8687  uplink_kB=131.3  t=0.67s
  round  11/50: acc=0.7594  f1m=0.7527  uplink_kB=131.3  t=0.69s
  round  12/50: acc=0.7588  f1m=0.7522  uplink_kB=131.3  t=0.68s
  round  13/50: acc=0.8457  f1m=0.8442  uplink_kB=131.3  t=0.64s
  round  14/50: acc=0.7622  f1m=0.7512  uplink_kB=131.3  t=0.66s
  round  15/50: acc=0.8786  f1m=0.8779  uplink_kB=131.3  t=0.67s
  round  16/50: acc=0.8775  f1m=0.8765  uplink_kB=131.3  t=0.68s
  round  17/50: acc=0.8582  f1m=0.8561  uplink_kB=131.3  t=0.66s
  round  18/50: acc=0.7722  f1m=0.7631  uplink_kB=131.3  t=0.66s
  round  19/50: acc=0.8280  f1m=0.8237  uplink_kB=131.3  t=0.63s
  round  20/50: acc=0.8802  f1m=0.8794  uplink_kB=131.3  t=0.67s
  round  21/50: acc=0.8539  f1m=0.8514  uplink_kB=131.3  t=0.65s
  round  22/50: acc=0.8558  f1m=0.8536  uplink_kB=131.3  t=0.66s
  round  23/50: acc=0.8494  f1m=0.8467  uplink_kB=131.3  t=0.68s
  round  24/50: acc=0.8536  f1m=0.8515  uplink_kB=131.3  t=0.66s
  round  25/50: acc=0.8188  f1m=0.8136  uplink_kB=131.3  t=0.61s
  round  26/50: acc=0.8714  f1m=0.8700  uplink_kB=131.3  t=0.65s
  round  27/50: acc=0.8591  f1m=0.8570  uplink_kB=131.3  t=0.64s
  round  28/50: acc=0.8580  f1m=0.8558  uplink_kB=131.3  t=0.66s
  round  29/50: acc=0.8448  f1m=0.8418  uplink_kB=131.3  t=0.63s
  round  30/50: acc=0.8539  f1m=0.8515  uplink_kB=131.3  t=0.67s
  round  31/50: acc=0.8559  f1m=0.8535  uplink_kB=131.3  t=0.64s
  round  32/50: acc=0.8992  f1m=0.8986  uplink_kB=131.3  t=0.59s
  round  33/50: acc=0.8512  f1m=0.8486  uplink_kB=131.3  t=0.65s
  round  34/50: acc=0.8430  f1m=0.8397  uplink_kB=131.3  t=0.68s
  round  35/50: acc=0.8696  f1m=0.8679  uplink_kB=131.3  t=0.67s
  round  36/50: acc=0.8629  f1m=0.8609  uplink_kB=131.3  t=0.68s
  round  37/50: acc=0.9231  f1m=0.9229  uplink_kB=131.3  t=0.67s
  round  38/50: acc=0.9133  f1m=0.9129  uplink_kB=131.3  t=0.69s
  round  39/50: acc=0.8765  f1m=0.8751  uplink_kB=131.3  t=0.67s
  round  40/50: acc=0.8857  f1m=0.8846  uplink_kB=131.3  t=0.62s
  round  41/50: acc=0.9267  f1m=0.9265  uplink_kB=131.3  t=0.67s
  round  42/50: acc=0.9140  f1m=0.9136  uplink_kB=131.3  t=0.66s
  round  43/50: acc=0.8943  f1m=0.8935  uplink_kB=131.3  t=0.65s
  round  44/50: acc=0.8609  f1m=0.8587  uplink_kB=131.3  t=0.66s
  round  45/50: acc=0.9126  f1m=0.9123  uplink_kB=131.3  t=0.65s
  round  46/50: acc=0.8493  f1m=0.8463  uplink_kB=131.3  t=0.69s
  round  47/50: acc=0.9270  f1m=0.9268  uplink_kB=131.3  t=0.62s
  round  48/50: acc=0.8757  f1m=0.8741  uplink_kB=131.3  t=0.66s
  round  49/50: acc=0.9243  f1m=0.9241  uplink_kB=131.3  t=0.72s
  round  50/50: acc=0.8678  f1m=0.8659  uplink_kB=131.3  t=0.64s
[run] DONE -> /Users/agentra/Documents/hao/working/paper-lab/hao-paper-2026/iotj-fedkan-ids/repo/results/lrsweep_toniot/lrsweep_mlp80_lr0p01__dir0.1__seed37/metrics.json  final_acc=0.8678
