[run] device=cpu  seed=2026  out=/Users/agentra/Documents/hao/working/paper-lab/hao-paper-2026/iotj-fedkan-ids/repo/results/lrsweep_botiot/lrsweep_mlp80_lr0p003__dir0.1__seed2026
[run] model=mlp  params=3,362
  round   1/50: acc=0.4989  f1m=0.3328  uplink_kB=131.3  t=1.52s
  round   2/50: acc=0.4989  f1m=0.3328  uplink_kB=131.3  t=0.85s
  round   3/50: acc=0.4989  f1m=0.3328  uplink_kB=131.3  t=0.71s
  round   4/50: acc=0.4989  f1m=0.3328  uplink_kB=131.3  t=0.71s
  round   5/50: acc=0.4989  f1m=0.3328  uplink_kB=131.3  t=0.72s
  round   6/50: acc=0.4989  f1m=0.3328  uplink_kB=131.3  t=0.61s
  round   7/50: acc=0.4989  f1m=0.3328  uplink_kB=131.3  t=0.68s
  round   8/50: acc=0.4989  f1m=0.3328  uplink_kB=131.3  t=0.72s
  round   9/50: acc=0.4988  f1m=0.3328  uplink_kB=131.3  t=0.66s
  round  10/50: acc=0.4973  f1m=0.3321  uplink_kB=131.3  t=0.67s
  round  11/50: acc=0.5159  f1m=0.3735  uplink_kB=131.3  t=0.72s
  round  12/50: acc=0.5403  f1m=0.4224  uplink_kB=131.3  t=0.72s
  round  13/50: acc=0.5624  f1m=0.4640  uplink_kB=131.3  t=0.66s
  round  14/50: acc=0.5672  f1m=0.4727  uplink_kB=131.3  t=0.72s
  round  15/50: acc=0.5681  f1m=0.4759  uplink_kB=131.3  t=0.67s
  round  16/50: acc=0.5665  f1m=0.4794  uplink_kB=131.3  t=0.75s
  round  17/50: acc=0.5686  f1m=0.4809  uplink_kB=131.3  t=0.66s
  round  18/50: acc=0.5666  f1m=0.4815  uplink_kB=131.3  t=0.68s
  round  19/50: acc=0.5682  f1m=0.4848  uplink_kB=131.3  t=0.72s
  round  20/50: acc=0.5675  f1m=0.4832  uplink_kB=131.3  t=0.64s
  round  21/50: acc=0.5677  f1m=0.4826  uplink_kB=131.3  t=0.78s
  round  22/50: acc=0.5699  f1m=0.4872  uplink_kB=131.3  t=0.68s
  round  23/50: acc=0.5811  f1m=0.5065  uplink_kB=131.3  t=0.67s
  round  24/50: acc=0.5769  f1m=0.4990  uplink_kB=131.3  t=0.69s
  round  25/50: acc=0.5758  f1m=0.4970  uplink_kB=131.3  t=0.71s
  round  26/50: acc=0.5947  f1m=0.5296  uplink_kB=131.3  t=0.65s
  round  27/50: acc=0.6029  f1m=0.5428  uplink_kB=131.3  t=0.68s
  round  28/50: acc=0.5900  f1m=0.5208  uplink_kB=131.3  t=0.73s
  round  29/50: acc=0.5934  f1m=0.5263  uplink_kB=131.3  t=0.75s
  round  30/50: acc=0.6060  f1m=0.5472  uplink_kB=131.3  t=0.75s
  round  31/50: acc=0.6073  f1m=0.5496  uplink_kB=131.3  t=0.74s
  round  32/50: acc=0.6100  f1m=0.5539  uplink_kB=131.3  t=0.68s
  round  33/50: acc=0.5970  f1m=0.5321  uplink_kB=131.3  t=0.68s
  round  34/50: acc=0.5906  f1m=0.5214  uplink_kB=131.3  t=0.78s
  round  35/50: acc=0.6000  f1m=0.5371  uplink_kB=131.3  t=0.70s
  round  36/50: acc=0.6163  f1m=0.5635  uplink_kB=131.3  t=0.72s
  round  37/50: acc=0.5944  f1m=0.5277  uplink_kB=131.3  t=0.70s
  round  38/50: acc=0.5877  f1m=0.5168  uplink_kB=131.3  t=0.65s
  round  39/50: acc=0.5942  f1m=0.5275  uplink_kB=131.3  t=0.61s
  round  40/50: acc=0.5868  f1m=0.5144  uplink_kB=131.3  t=0.67s
  round  41/50: acc=0.6011  f1m=0.5384  uplink_kB=131.3  t=0.72s
  round  42/50: acc=0.5964  f1m=0.5307  uplink_kB=131.3  t=0.69s
  round  43/50: acc=0.6080  f1m=0.5489  uplink_kB=131.3  t=0.73s
  round  44/50: acc=0.6067  f1m=0.5469  uplink_kB=131.3  t=0.67s
  round  45/50: acc=0.5954  f1m=0.5277  uplink_kB=131.3  t=0.61s
  round  46/50: acc=0.6070  f1m=0.5469  uplink_kB=131.3  t=0.69s
  round  47/50: acc=0.6042  f1m=0.5423  uplink_kB=131.3  t=0.74s
  round  48/50: acc=0.5796  f1m=0.5004  uplink_kB=131.3  t=0.82s
  round  49/50: acc=0.5773  f1m=0.4963  uplink_kB=131.3  t=0.69s
  round  50/50: acc=0.5934  f1m=0.5235  uplink_kB=131.3  t=0.67s
[run] DONE -> /Users/agentra/Documents/hao/working/paper-lab/hao-paper-2026/iotj-fedkan-ids/repo/results/lrsweep_botiot/lrsweep_mlp80_lr0p003__dir0.1__seed2026/metrics.json  final_acc=0.5934
