[run] device=cpu  seed=2024  out=/Users/agentra/Documents/hao/working/paper-lab/hao-paper-2026/iotj-fedkan-ids/repo/results/lrsweep_botiot/lrsweep_kan16_lr0p03__dir0.1__seed2024
[run] model=kan  params=6,560
  round   1/50: acc=0.5015  f1m=0.3348  uplink_kB=282.0  t=2.47s
  round   2/50: acc=0.5070  f1m=0.3469  uplink_kB=282.0  t=1.90s
  round   3/50: acc=0.6506  f1m=0.6014  uplink_kB=282.0  t=1.88s
  round   4/50: acc=0.6707  f1m=0.6300  uplink_kB=282.0  t=1.87s
  round   5/50: acc=0.6914  f1m=0.6586  uplink_kB=282.0  t=1.91s
  round   6/50: acc=0.6957  f1m=0.6642  uplink_kB=282.0  t=1.84s
  round   7/50: acc=0.7118  f1m=0.6853  uplink_kB=282.0  t=1.85s
  round   8/50: acc=0.7941  f1m=0.7849  uplink_kB=282.0  t=1.91s
  round   9/50: acc=0.7879  f1m=0.7777  uplink_kB=282.0  t=1.91s
  round  10/50: acc=0.7926  f1m=0.7831  uplink_kB=282.0  t=1.86s
  round  11/50: acc=0.8649  f1m=0.8637  uplink_kB=282.0  t=1.83s
  round  12/50: acc=0.8849  f1m=0.8843  uplink_kB=282.0  t=1.86s
  round  13/50: acc=0.9076  f1m=0.9074  uplink_kB=282.0  t=1.82s
  round  14/50: acc=0.9341  f1m=0.9341  uplink_kB=282.0  t=1.87s
  round  15/50: acc=0.9095  f1m=0.9093  uplink_kB=282.0  t=1.86s
  round  16/50: acc=0.9265  f1m=0.9265  uplink_kB=282.0  t=1.93s
  round  17/50: acc=0.9344  f1m=0.9344  uplink_kB=282.0  t=1.85s
  round  18/50: acc=0.9325  f1m=0.9325  uplink_kB=282.0  t=1.89s
  round  19/50: acc=0.9365  f1m=0.9364  uplink_kB=282.0  t=1.84s
  round  20/50: acc=0.9372  f1m=0.9371  uplink_kB=282.0  t=1.89s
  round  21/50: acc=0.9641  f1m=0.9640  uplink_kB=282.0  t=1.84s
  round  22/50: acc=0.9197  f1m=0.9196  uplink_kB=282.0  t=1.85s
  round  23/50: acc=0.9605  f1m=0.9605  uplink_kB=282.0  t=1.88s
  round  24/50: acc=0.9629  f1m=0.9629  uplink_kB=282.0  t=1.91s
  round  25/50: acc=0.9207  f1m=0.9206  uplink_kB=282.0  t=1.85s
  round  26/50: acc=0.9644  f1m=0.9644  uplink_kB=282.0  t=1.86s
  round  27/50: acc=0.9655  f1m=0.9655  uplink_kB=282.0  t=1.85s
  round  28/50: acc=0.9674  f1m=0.9673  uplink_kB=282.0  t=1.88s
  round  29/50: acc=0.9682  f1m=0.9682  uplink_kB=282.0  t=1.85s
  round  30/50: acc=0.9680  f1m=0.9680  uplink_kB=282.0  t=1.86s
  round  31/50: acc=0.9677  f1m=0.9677  uplink_kB=282.0  t=1.84s
  round  32/50: acc=0.9700  f1m=0.9699  uplink_kB=282.0  t=1.84s
  round  33/50: acc=0.9142  f1m=0.9137  uplink_kB=282.0  t=1.88s
  round  34/50: acc=0.9055  f1m=0.9047  uplink_kB=282.0  t=1.81s
  round  35/50: acc=0.9631  f1m=0.9631  uplink_kB=282.0  t=1.86s
  round  36/50: acc=0.9707  f1m=0.9707  uplink_kB=282.0  t=1.90s
  round  37/50: acc=0.9707  f1m=0.9707  uplink_kB=282.0  t=1.84s
  round  38/50: acc=0.9634  f1m=0.9634  uplink_kB=282.0  t=1.89s
  round  39/50: acc=0.7381  f1m=0.7185  uplink_kB=282.0  t=1.85s
  round  40/50: acc=0.8599  f1m=0.8572  uplink_kB=282.0  t=1.79s
  round  41/50: acc=0.8295  f1m=0.8244  uplink_kB=282.0  t=1.88s
  round  42/50: acc=0.8912  f1m=0.8899  uplink_kB=282.0  t=1.89s
  round  43/50: acc=0.9068  f1m=0.9061  uplink_kB=282.0  t=1.89s
  round  44/50: acc=0.9475  f1m=0.9475  uplink_kB=282.0  t=1.85s
  round  45/50: acc=0.9704  f1m=0.9703  uplink_kB=282.0  t=1.86s
  round  46/50: acc=0.9709  f1m=0.9709  uplink_kB=282.0  t=1.86s
  round  47/50: acc=0.9706  f1m=0.9706  uplink_kB=282.0  t=1.80s
  round  48/50: acc=0.9709  f1m=0.9709  uplink_kB=282.0  t=1.88s
  round  49/50: acc=0.9713  f1m=0.9713  uplink_kB=282.0  t=1.84s
  round  50/50: acc=0.9734  f1m=0.9734  uplink_kB=282.0  t=1.87s
[run] DONE -> /Users/agentra/Documents/hao/working/paper-lab/hao-paper-2026/iotj-fedkan-ids/repo/results/lrsweep_botiot/lrsweep_kan16_lr0p03__dir0.1__seed2024/metrics.json  final_acc=0.9734
