[run] device=cpu  seed=42  out=/Users/agentra/Documents/hao/working/paper-lab/hao-paper-2026/iotj-fedkan-ids/repo/results/lrsweep_toniot/lrsweep_kan16_lr0p03__dir0.1__seed42
[run] model=kan  params=6,560
  round   1/50: acc=0.5000  f1m=0.3333  uplink_kB=282.0  t=2.32s
  round   2/50: acc=0.6305  f1m=0.5780  uplink_kB=282.0  t=1.88s
  round   3/50: acc=0.6465  f1m=0.6167  uplink_kB=282.0  t=1.88s
  round   4/50: acc=0.6591  f1m=0.6373  uplink_kB=282.0  t=1.84s
  round   5/50: acc=0.7218  f1m=0.7189  uplink_kB=282.0  t=1.83s
  round   6/50: acc=0.6416  f1m=0.6130  uplink_kB=282.0  t=1.88s
  round   7/50: acc=0.7239  f1m=0.7194  uplink_kB=282.0  t=1.88s
  round   8/50: acc=0.7972  f1m=0.7963  uplink_kB=282.0  t=1.85s
  round   9/50: acc=0.7418  f1m=0.7386  uplink_kB=282.0  t=1.86s
  round  10/50: acc=0.7058  f1m=0.6915  uplink_kB=282.0  t=1.87s
  round  11/50: acc=0.6059  f1m=0.5584  uplink_kB=282.0  t=1.88s
  round  12/50: acc=0.8595  f1m=0.8593  uplink_kB=282.0  t=1.88s
  round  13/50: acc=0.5364  f1m=0.4261  uplink_kB=282.0  t=1.79s
  round  14/50: acc=0.6726  f1m=0.6504  uplink_kB=282.0  t=1.92s
  round  15/50: acc=0.5008  f1m=0.3389  uplink_kB=282.0  t=1.89s
  round  16/50: acc=0.5980  f1m=0.5306  uplink_kB=282.0  t=1.85s
  round  17/50: acc=0.5287  f1m=0.3976  uplink_kB=282.0  t=1.88s
  round  18/50: acc=0.5273  f1m=0.3974  uplink_kB=282.0  t=1.87s
  round  19/50: acc=0.6529  f1m=0.6139  uplink_kB=282.0  t=1.78s
  round  20/50: acc=0.5392  f1m=0.4289  uplink_kB=282.0  t=1.86s
  round  21/50: acc=0.7294  f1m=0.7157  uplink_kB=282.0  t=1.86s
  round  22/50: acc=0.7868  f1m=0.7831  uplink_kB=282.0  t=1.89s
  round  23/50: acc=0.5933  f1m=0.5265  uplink_kB=282.0  t=1.87s
  round  24/50: acc=0.8393  f1m=0.8379  uplink_kB=282.0  t=1.85s
  round  25/50: acc=0.7050  f1m=0.6830  uplink_kB=282.0  t=1.83s
  round  26/50: acc=0.8790  f1m=0.8787  uplink_kB=282.0  t=1.86s
  round  27/50: acc=0.6801  f1m=0.6491  uplink_kB=282.0  t=1.86s
  round  28/50: acc=0.8354  f1m=0.8349  uplink_kB=282.0  t=1.86s
  round  29/50: acc=0.7602  f1m=0.7526  uplink_kB=282.0  t=1.87s
  round  30/50: acc=0.7628  f1m=0.7515  uplink_kB=282.0  t=1.84s
  round  31/50: acc=0.5407  f1m=0.4240  uplink_kB=282.0  t=1.84s
  round  32/50: acc=0.7866  f1m=0.7825  uplink_kB=282.0  t=1.86s
  round  33/50: acc=0.7714  f1m=0.7621  uplink_kB=282.0  t=1.87s
  round  34/50: acc=0.7640  f1m=0.7549  uplink_kB=282.0  t=1.83s
  round  35/50: acc=0.6920  f1m=0.6648  uplink_kB=282.0  t=1.92s
  round  36/50: acc=0.5060  f1m=0.3534  uplink_kB=282.0  t=1.85s
  round  37/50: acc=0.5680  f1m=0.4759  uplink_kB=282.0  t=1.87s
  round  38/50: acc=0.6779  f1m=0.6503  uplink_kB=282.0  t=1.88s
  round  39/50: acc=0.7498  f1m=0.7354  uplink_kB=282.0  t=1.88s
  round  40/50: acc=0.6869  f1m=0.6574  uplink_kB=282.0  t=1.81s
  round  41/50: acc=0.6817  f1m=0.6519  uplink_kB=282.0  t=1.84s
  round  42/50: acc=0.8295  f1m=0.8266  uplink_kB=282.0  t=1.87s
  round  43/50: acc=0.7379  f1m=0.7209  uplink_kB=282.0  t=1.89s
  round  44/50: acc=0.6956  f1m=0.6682  uplink_kB=282.0  t=1.92s
  round  45/50: acc=0.7036  f1m=0.6815  uplink_kB=282.0  t=1.92s
  round  46/50: acc=0.7685  f1m=0.7575  uplink_kB=282.0  t=1.85s
  round  47/50: acc=0.6266  f1m=0.5727  uplink_kB=282.0  t=1.82s
  round  48/50: acc=0.7527  f1m=0.7429  uplink_kB=282.0  t=1.86s
  round  49/50: acc=0.6352  f1m=0.5908  uplink_kB=282.0  t=1.86s
  round  50/50: acc=0.8478  f1m=0.8464  uplink_kB=282.0  t=1.82s
[run] DONE -> /Users/agentra/Documents/hao/working/paper-lab/hao-paper-2026/iotj-fedkan-ids/repo/results/lrsweep_toniot/lrsweep_kan16_lr0p03__dir0.1__seed42/metrics.json  final_acc=0.8478
