[run] device=cpu  seed=37  out=/Users/agentra/Documents/hao/working/paper-lab/hao-paper-2026/iotj-fedkan-ids/repo/results/sensitivity_botiot/sens_h4__dir0.1__seed37
[run] model=kan  params=1,640
  round   1/50: acc=0.7968  f1m=0.7880  uplink_kB=84.2  t=2.32s
  round   2/50: acc=0.9054  f1m=0.9052  uplink_kB=84.2  t=1.60s
  round   3/50: acc=0.8994  f1m=0.8984  uplink_kB=84.2  t=1.55s
  round   4/50: acc=0.9213  f1m=0.9208  uplink_kB=84.2  t=1.54s
  round   5/50: acc=0.9214  f1m=0.9210  uplink_kB=84.2  t=1.47s
  round   6/50: acc=0.9209  f1m=0.9205  uplink_kB=84.2  t=1.55s
  round   7/50: acc=0.9605  f1m=0.9605  uplink_kB=84.2  t=1.48s
  round   8/50: acc=0.9210  f1m=0.9206  uplink_kB=84.2  t=1.54s
  round   9/50: acc=0.9592  f1m=0.9592  uplink_kB=84.2  t=1.46s
  round  10/50: acc=0.9594  f1m=0.9594  uplink_kB=84.2  t=1.43s
  round  11/50: acc=0.9591  f1m=0.9591  uplink_kB=84.2  t=1.43s
  round  12/50: acc=0.9698  f1m=0.9698  uplink_kB=84.2  t=1.43s
  round  13/50: acc=0.9239  f1m=0.9235  uplink_kB=84.2  t=1.55s
  round  14/50: acc=0.9246  f1m=0.9242  uplink_kB=84.2  t=1.54s
  round  15/50: acc=0.9241  f1m=0.9237  uplink_kB=84.2  t=1.53s
  round  16/50: acc=0.9226  f1m=0.9222  uplink_kB=84.2  t=1.51s
  round  17/50: acc=0.9244  f1m=0.9240  uplink_kB=84.2  t=1.49s
  round  18/50: acc=0.9240  f1m=0.9236  uplink_kB=84.2  t=1.49s
  round  19/50: acc=0.9242  f1m=0.9238  uplink_kB=84.2  t=1.51s
  round  20/50: acc=0.9218  f1m=0.9213  uplink_kB=84.2  t=1.45s
  round  21/50: acc=0.9248  f1m=0.9244  uplink_kB=84.2  t=1.50s
  round  22/50: acc=0.9250  f1m=0.9246  uplink_kB=84.2  t=1.51s
  round  23/50: acc=0.9248  f1m=0.9244  uplink_kB=84.2  t=1.52s
  round  24/50: acc=0.9356  f1m=0.9353  uplink_kB=84.2  t=1.49s
  round  25/50: acc=0.9351  f1m=0.9348  uplink_kB=84.2  t=1.53s
  round  26/50: acc=0.9350  f1m=0.9348  uplink_kB=84.2  t=1.52s
  round  27/50: acc=0.9946  f1m=0.9946  uplink_kB=84.2  t=1.52s
  round  28/50: acc=0.9328  f1m=0.9324  uplink_kB=84.2  t=1.50s
  round  29/50: acc=0.9932  f1m=0.9932  uplink_kB=84.2  t=1.73s
  round  30/50: acc=0.9953  f1m=0.9953  uplink_kB=84.2  t=1.52s
  round  31/50: acc=0.9945  f1m=0.9945  uplink_kB=84.2  t=1.50s
  round  32/50: acc=0.9956  f1m=0.9956  uplink_kB=84.2  t=1.59s
  round  33/50: acc=0.9883  f1m=0.9883  uplink_kB=84.2  t=1.78s
  round  34/50: acc=0.9366  f1m=0.9364  uplink_kB=84.2  t=1.67s
  round  35/50: acc=0.9892  f1m=0.9892  uplink_kB=84.2  t=1.54s
  round  36/50: acc=0.9941  f1m=0.9941  uplink_kB=84.2  t=1.58s
  round  37/50: acc=0.9952  f1m=0.9952  uplink_kB=84.2  t=1.50s
  round  38/50: acc=0.9340  f1m=0.9337  uplink_kB=84.2  t=1.54s
  round  39/50: acc=0.9958  f1m=0.9958  uplink_kB=84.2  t=1.48s
  round  40/50: acc=0.9892  f1m=0.9892  uplink_kB=84.2  t=1.52s
  round  41/50: acc=0.9948  f1m=0.9948  uplink_kB=84.2  t=1.51s
  round  42/50: acc=0.9948  f1m=0.9948  uplink_kB=84.2  t=1.55s
  round  43/50: acc=0.9931  f1m=0.9931  uplink_kB=84.2  t=1.50s
  round  44/50: acc=0.9958  f1m=0.9958  uplink_kB=84.2  t=1.49s
  round  45/50: acc=0.9969  f1m=0.9969  uplink_kB=84.2  t=1.47s
  round  46/50: acc=0.9960  f1m=0.9960  uplink_kB=84.2  t=1.46s
  round  47/50: acc=0.9942  f1m=0.9942  uplink_kB=84.2  t=1.52s
  round  48/50: acc=0.9883  f1m=0.9883  uplink_kB=84.2  t=1.54s
  round  49/50: acc=0.9963  f1m=0.9963  uplink_kB=84.2  t=1.53s
  round  50/50: acc=0.9955  f1m=0.9955  uplink_kB=84.2  t=1.53s
[run] DONE -> /Users/agentra/Documents/hao/working/paper-lab/hao-paper-2026/iotj-fedkan-ids/repo/results/sensitivity_botiot/sens_h4__dir0.1__seed37/metrics.json  final_acc=0.9955
