[run] device=cpu  seed=11  out=/Users/agentra/Documents/hao/working/paper-lab/hao-paper-2026/iotj-fedkan-ids/repo/results/lrsweep_botiot/lrsweep_mlp80_lr0p1__dir0.1__seed11
[run] model=mlp  params=3,362
  round   1/50: acc=0.4851  f1m=0.4039  uplink_kB=131.3  t=1.29s
  round   2/50: acc=0.5412  f1m=0.4173  uplink_kB=131.3  t=0.66s
  round   3/50: acc=0.6843  f1m=0.6489  uplink_kB=131.3  t=0.66s
  round   4/50: acc=0.7040  f1m=0.6752  uplink_kB=131.3  t=0.63s
  round   5/50: acc=0.7273  f1m=0.7051  uplink_kB=131.3  t=0.61s
  round   6/50: acc=0.7929  f1m=0.7834  uplink_kB=131.3  t=0.67s
  round   7/50: acc=0.8187  f1m=0.8124  uplink_kB=131.3  t=0.70s
  round   8/50: acc=0.8235  f1m=0.8177  uplink_kB=131.3  t=0.63s
  round   9/50: acc=0.8565  f1m=0.8535  uplink_kB=131.3  t=0.64s
  round  10/50: acc=0.8316  f1m=0.8266  uplink_kB=131.3  t=0.64s
  round  11/50: acc=0.8669  f1m=0.8644  uplink_kB=131.3  t=0.69s
  round  12/50: acc=0.8850  f1m=0.8834  uplink_kB=131.3  t=0.59s
  round  13/50: acc=0.8788  f1m=0.8769  uplink_kB=131.3  t=0.66s
  round  14/50: acc=0.8844  f1m=0.8827  uplink_kB=131.3  t=0.68s
  round  15/50: acc=0.8783  f1m=0.8764  uplink_kB=131.3  t=0.63s
  round  16/50: acc=0.9081  f1m=0.9073  uplink_kB=131.3  t=0.66s
  round  17/50: acc=0.9181  f1m=0.9176  uplink_kB=131.3  t=0.62s
  round  18/50: acc=0.8882  f1m=0.8867  uplink_kB=131.3  t=0.67s
  round  19/50: acc=0.8871  f1m=0.8856  uplink_kB=131.3  t=0.68s
  round  20/50: acc=0.8781  f1m=0.8762  uplink_kB=131.3  t=0.65s
  round  21/50: acc=0.9043  f1m=0.9034  uplink_kB=131.3  t=0.66s
  round  22/50: acc=0.9049  f1m=0.9040  uplink_kB=131.3  t=0.65s
  round  23/50: acc=0.9132  f1m=0.9125  uplink_kB=131.3  t=0.60s
  round  24/50: acc=0.8881  f1m=0.8867  uplink_kB=131.3  t=0.67s
  round  25/50: acc=0.9046  f1m=0.9037  uplink_kB=131.3  t=0.67s
  round  26/50: acc=0.9106  f1m=0.9099  uplink_kB=131.3  t=0.68s
  round  27/50: acc=0.9155  f1m=0.9148  uplink_kB=131.3  t=0.65s
  round  28/50: acc=0.9141  f1m=0.9134  uplink_kB=131.3  t=0.63s
  round  29/50: acc=0.9136  f1m=0.9130  uplink_kB=131.3  t=0.67s
  round  30/50: acc=0.9108  f1m=0.9101  uplink_kB=131.3  t=0.60s
  round  31/50: acc=0.9059  f1m=0.9050  uplink_kB=131.3  t=0.67s
  round  32/50: acc=0.9118  f1m=0.9110  uplink_kB=131.3  t=0.68s
  round  33/50: acc=0.9127  f1m=0.9120  uplink_kB=131.3  t=0.67s
  round  34/50: acc=0.9056  f1m=0.9047  uplink_kB=131.3  t=0.68s
  round  35/50: acc=0.9220  f1m=0.9215  uplink_kB=131.3  t=0.66s
  round  36/50: acc=0.9065  f1m=0.9056  uplink_kB=131.3  t=0.62s
  round  37/50: acc=0.9074  f1m=0.9066  uplink_kB=131.3  t=0.65s
  round  38/50: acc=0.9069  f1m=0.9061  uplink_kB=131.3  t=0.64s
  round  39/50: acc=0.9175  f1m=0.9169  uplink_kB=131.3  t=0.70s
  round  40/50: acc=0.9075  f1m=0.9066  uplink_kB=131.3  t=0.71s
  round  41/50: acc=0.9255  f1m=0.9251  uplink_kB=131.3  t=0.72s
  round  42/50: acc=0.9177  f1m=0.9171  uplink_kB=131.3  t=0.71s
  round  43/50: acc=0.9081  f1m=0.9073  uplink_kB=131.3  t=0.65s
  round  44/50: acc=0.9063  f1m=0.9054  uplink_kB=131.3  t=0.67s
  round  45/50: acc=0.9075  f1m=0.9067  uplink_kB=131.3  t=0.69s
  round  46/50: acc=0.9142  f1m=0.9135  uplink_kB=131.3  t=0.72s
  round  47/50: acc=0.9845  f1m=0.9845  uplink_kB=131.3  t=0.68s
  round  48/50: acc=0.9125  f1m=0.9118  uplink_kB=131.3  t=0.68s
  round  49/50: acc=0.9237  f1m=0.9232  uplink_kB=131.3  t=0.63s
  round  50/50: acc=0.9240  f1m=0.9235  uplink_kB=131.3  t=0.69s
[run] DONE -> /Users/agentra/Documents/hao/working/paper-lab/hao-paper-2026/iotj-fedkan-ids/repo/results/lrsweep_botiot/lrsweep_mlp80_lr0p1__dir0.1__seed11/metrics.json  final_acc=0.9240
