[run] device=cpu  seed=11  out=/Users/agentra/Documents/hao/working/paper-lab/hao-paper-2026/iotj-fedkan-ids/repo/results/lrsweep_cseciic/lrsweep_mlp80_lr0p003__dir0.1__seed11
[run] model=mlp  params=3,362
  round   1/50: acc=0.9003  f1m=0.9001  uplink_kB=131.3  t=1.26s
  round   2/50: acc=0.8122  f1m=0.8106  uplink_kB=131.3  t=0.74s
  round   3/50: acc=0.8062  f1m=0.8024  uplink_kB=131.3  t=0.71s
  round   4/50: acc=0.8181  f1m=0.8152  uplink_kB=131.3  t=0.72s
  round   5/50: acc=0.8822  f1m=0.8821  uplink_kB=131.3  t=0.64s
  round   6/50: acc=0.9066  f1m=0.9066  uplink_kB=131.3  t=0.69s
  round   7/50: acc=0.9117  f1m=0.9117  uplink_kB=131.3  t=0.71s
  round   8/50: acc=0.9115  f1m=0.9115  uplink_kB=131.3  t=0.71s
  round   9/50: acc=0.9224  f1m=0.9223  uplink_kB=131.3  t=0.72s
  round  10/50: acc=0.9121  f1m=0.9121  uplink_kB=131.3  t=0.72s
  round  11/50: acc=0.9231  f1m=0.9231  uplink_kB=131.3  t=0.71s
  round  12/50: acc=0.9230  f1m=0.9230  uplink_kB=131.3  t=0.66s
  round  13/50: acc=0.9238  f1m=0.9237  uplink_kB=131.3  t=0.67s
  round  14/50: acc=0.9235  f1m=0.9235  uplink_kB=131.3  t=0.67s
  round  15/50: acc=0.9236  f1m=0.9236  uplink_kB=131.3  t=0.67s
  round  16/50: acc=0.9235  f1m=0.9234  uplink_kB=131.3  t=0.69s
  round  17/50: acc=0.9234  f1m=0.9234  uplink_kB=131.3  t=0.71s
  round  18/50: acc=0.9223  f1m=0.9223  uplink_kB=131.3  t=0.66s
  round  19/50: acc=0.9228  f1m=0.9227  uplink_kB=131.3  t=0.68s
  round  20/50: acc=0.9226  f1m=0.9225  uplink_kB=131.3  t=0.69s
  round  21/50: acc=0.9232  f1m=0.9231  uplink_kB=131.3  t=0.72s
  round  22/50: acc=0.9231  f1m=0.9231  uplink_kB=131.3  t=0.73s
  round  23/50: acc=0.9232  f1m=0.9232  uplink_kB=131.3  t=0.74s
  round  24/50: acc=0.9227  f1m=0.9227  uplink_kB=131.3  t=0.65s
  round  25/50: acc=0.9228  f1m=0.9228  uplink_kB=131.3  t=0.68s
  round  26/50: acc=0.9232  f1m=0.9232  uplink_kB=131.3  t=0.69s
  round  27/50: acc=0.9239  f1m=0.9239  uplink_kB=131.3  t=0.68s
  round  28/50: acc=0.9245  f1m=0.9244  uplink_kB=131.3  t=0.68s
  round  29/50: acc=0.9244  f1m=0.9243  uplink_kB=131.3  t=0.71s
  round  30/50: acc=0.9244  f1m=0.9243  uplink_kB=131.3  t=0.68s
  round  31/50: acc=0.9253  f1m=0.9252  uplink_kB=131.3  t=0.71s
  round  32/50: acc=0.9235  f1m=0.9235  uplink_kB=131.3  t=0.65s
  round  33/50: acc=0.9256  f1m=0.9255  uplink_kB=131.3  t=0.70s
  round  34/50: acc=0.9248  f1m=0.9247  uplink_kB=131.3  t=0.72s
  round  35/50: acc=0.9246  f1m=0.9245  uplink_kB=131.3  t=0.74s
  round  36/50: acc=0.9247  f1m=0.9247  uplink_kB=131.3  t=0.71s
  round  37/50: acc=0.9243  f1m=0.9242  uplink_kB=131.3  t=0.65s
  round  38/50: acc=0.9252  f1m=0.9251  uplink_kB=131.3  t=0.69s
  round  39/50: acc=0.9242  f1m=0.9241  uplink_kB=131.3  t=0.69s
  round  40/50: acc=0.9263  f1m=0.9262  uplink_kB=131.3  t=0.72s
  round  41/50: acc=0.9262  f1m=0.9262  uplink_kB=131.3  t=0.74s
  round  42/50: acc=0.9241  f1m=0.9240  uplink_kB=131.3  t=0.71s
  round  43/50: acc=0.9257  f1m=0.9256  uplink_kB=131.3  t=0.66s
  round  44/50: acc=0.9269  f1m=0.9269  uplink_kB=131.3  t=0.71s
  round  45/50: acc=0.9259  f1m=0.9258  uplink_kB=131.3  t=0.69s
  round  46/50: acc=0.9313  f1m=0.9313  uplink_kB=131.3  t=0.71s
  round  47/50: acc=0.9315  f1m=0.9315  uplink_kB=131.3  t=0.72s
  round  48/50: acc=0.9303  f1m=0.9303  uplink_kB=131.3  t=0.75s
  round  49/50: acc=0.9301  f1m=0.9301  uplink_kB=131.3  t=0.65s
  round  50/50: acc=0.9299  f1m=0.9299  uplink_kB=131.3  t=0.72s
[run] DONE -> /Users/agentra/Documents/hao/working/paper-lab/hao-paper-2026/iotj-fedkan-ids/repo/results/lrsweep_cseciic/lrsweep_mlp80_lr0p003__dir0.1__seed11/metrics.json  final_acc=0.9299
