[run] device=cpu  seed=11  out=/Users/agentra/Documents/hao/working/paper-lab/hao-paper-2026/iotj-fedkan-ids/repo/results/lrsweep_botiot/lrsweep_kan16_lr0p0003__dir0.1__seed11
[run] model=kan  params=6,560
  round   1/50: acc=0.4989  f1m=0.3328  uplink_kB=282.0  t=2.58s
  round   2/50: acc=0.4989  f1m=0.3328  uplink_kB=282.0  t=2.03s
  round   3/50: acc=0.4989  f1m=0.3328  uplink_kB=282.0  t=1.91s
  round   4/50: acc=0.4989  f1m=0.3328  uplink_kB=282.0  t=1.93s
  round   5/50: acc=0.4989  f1m=0.3328  uplink_kB=282.0  t=1.87s
  round   6/50: acc=0.4989  f1m=0.3328  uplink_kB=282.0  t=1.82s
  round   7/50: acc=0.4989  f1m=0.3328  uplink_kB=282.0  t=1.90s
  round   8/50: acc=0.4986  f1m=0.3327  uplink_kB=282.0  t=1.92s
  round   9/50: acc=0.4975  f1m=0.3322  uplink_kB=282.0  t=1.89s
  round  10/50: acc=0.5041  f1m=0.3485  uplink_kB=282.0  t=2.03s
  round  11/50: acc=0.7969  f1m=0.7893  uplink_kB=282.0  t=2.17s
  round  12/50: acc=0.8005  f1m=0.7939  uplink_kB=282.0  t=1.91s
  round  13/50: acc=0.7917  f1m=0.7856  uplink_kB=282.0  t=2.00s
  round  14/50: acc=0.7883  f1m=0.7825  uplink_kB=282.0  t=1.83s
  round  15/50: acc=0.7848  f1m=0.7801  uplink_kB=282.0  t=1.91s
  round  16/50: acc=0.8111  f1m=0.8084  uplink_kB=282.0  t=1.96s
  round  17/50: acc=0.8344  f1m=0.8329  uplink_kB=282.0  t=1.89s
  round  18/50: acc=0.8532  f1m=0.8523  uplink_kB=282.0  t=1.98s
  round  19/50: acc=0.8687  f1m=0.8682  uplink_kB=282.0  t=1.91s
  round  20/50: acc=0.8806  f1m=0.8804  uplink_kB=282.0  t=1.80s
  round  21/50: acc=0.8893  f1m=0.8891  uplink_kB=282.0  t=1.95s
  round  22/50: acc=0.9002  f1m=0.9001  uplink_kB=282.0  t=2.05s
  round  23/50: acc=0.9077  f1m=0.9077  uplink_kB=282.0  t=2.14s
  round  24/50: acc=0.9146  f1m=0.9146  uplink_kB=282.0  t=2.32s
  round  25/50: acc=0.9203  f1m=0.9203  uplink_kB=282.0  t=2.24s
  round  26/50: acc=0.9238  f1m=0.9238  uplink_kB=282.0  t=2.12s
  round  27/50: acc=0.9274  f1m=0.9274  uplink_kB=282.0  t=2.14s
  round  28/50: acc=0.9287  f1m=0.9287  uplink_kB=282.0  t=2.15s
  round  29/50: acc=0.9303  f1m=0.9303  uplink_kB=282.0  t=2.08s
  round  30/50: acc=0.9311  f1m=0.9311  uplink_kB=282.0  t=2.21s
  round  31/50: acc=0.9314  f1m=0.9314  uplink_kB=282.0  t=2.11s
  round  32/50: acc=0.9320  f1m=0.9320  uplink_kB=282.0  t=2.05s
  round  33/50: acc=0.9321  f1m=0.9321  uplink_kB=282.0  t=2.20s
  round  34/50: acc=0.9322  f1m=0.9322  uplink_kB=282.0  t=2.17s
  round  35/50: acc=0.9321  f1m=0.9321  uplink_kB=282.0  t=2.13s
  round  36/50: acc=0.9302  f1m=0.9302  uplink_kB=282.0  t=1.97s
  round  37/50: acc=0.9304  f1m=0.9304  uplink_kB=282.0  t=1.83s
  round  38/50: acc=0.9304  f1m=0.9304  uplink_kB=282.0  t=1.95s
  round  39/50: acc=0.9306  f1m=0.9306  uplink_kB=282.0  t=1.87s
  round  40/50: acc=0.9307  f1m=0.9307  uplink_kB=282.0  t=1.93s
  round  41/50: acc=0.9308  f1m=0.9308  uplink_kB=282.0  t=1.85s
  round  42/50: acc=0.9307  f1m=0.9307  uplink_kB=282.0  t=1.96s
  round  43/50: acc=0.9308  f1m=0.9308  uplink_kB=282.0  t=2.10s
  round  44/50: acc=0.9309  f1m=0.9309  uplink_kB=282.0  t=2.20s
  round  45/50: acc=0.9310  f1m=0.9310  uplink_kB=282.0  t=2.24s
  round  46/50: acc=0.9313  f1m=0.9313  uplink_kB=282.0  t=2.19s
  round  47/50: acc=0.9313  f1m=0.9313  uplink_kB=282.0  t=2.15s
  round  48/50: acc=0.9321  f1m=0.9321  uplink_kB=282.0  t=2.10s
  round  49/50: acc=0.9344  f1m=0.9344  uplink_kB=282.0  t=2.03s
  round  50/50: acc=0.9372  f1m=0.9372  uplink_kB=282.0  t=2.09s
[run] DONE -> /Users/agentra/Documents/hao/working/paper-lab/hao-paper-2026/iotj-fedkan-ids/repo/results/lrsweep_botiot/lrsweep_kan16_lr0p0003__dir0.1__seed11/metrics.json  final_acc=0.9372
