[run] device=cpu  seed=2026  out=/Users/agentra/Documents/hao/working/paper-lab/hao-paper-2026/iotj-fedkan-ids/repo/results/lrsweep_botiot/lrsweep_kan8_lr0p003__dir0.1__seed2026
[run] model=kan  params=3,280
  round   1/50: acc=0.4989  f1m=0.3328  uplink_kB=150.2  t=2.26s
  round   2/50: acc=0.4989  f1m=0.3328  uplink_kB=150.2  t=1.60s
  round   3/50: acc=0.4989  f1m=0.3328  uplink_kB=150.2  t=1.58s
  round   4/50: acc=0.4989  f1m=0.3328  uplink_kB=150.2  t=1.58s
  round   5/50: acc=0.4989  f1m=0.3328  uplink_kB=150.2  t=1.58s
  round   6/50: acc=0.4989  f1m=0.3328  uplink_kB=150.2  t=1.59s
  round   7/50: acc=0.4989  f1m=0.3328  uplink_kB=150.2  t=1.61s
  round   8/50: acc=0.4989  f1m=0.3328  uplink_kB=150.2  t=1.63s
  round   9/50: acc=0.4989  f1m=0.3328  uplink_kB=150.2  t=1.67s
  round  10/50: acc=0.4989  f1m=0.3328  uplink_kB=150.2  t=1.62s
  round  11/50: acc=0.4989  f1m=0.3328  uplink_kB=150.2  t=1.63s
  round  12/50: acc=0.4989  f1m=0.3328  uplink_kB=150.2  t=1.61s
  round  13/50: acc=0.4989  f1m=0.3328  uplink_kB=150.2  t=1.63s
  round  14/50: acc=0.4987  f1m=0.3327  uplink_kB=150.2  t=1.62s
  round  15/50: acc=0.4988  f1m=0.3328  uplink_kB=150.2  t=1.67s
  round  16/50: acc=0.5066  f1m=0.3503  uplink_kB=150.2  t=1.64s
  round  17/50: acc=0.5068  f1m=0.3507  uplink_kB=150.2  t=1.63s
  round  18/50: acc=0.5403  f1m=0.4196  uplink_kB=150.2  t=1.66s
  round  19/50: acc=0.5465  f1m=0.4310  uplink_kB=150.2  t=1.62s
  round  20/50: acc=0.6111  f1m=0.5431  uplink_kB=150.2  t=1.56s
  round  21/50: acc=0.6636  f1m=0.6215  uplink_kB=150.2  t=1.64s
  round  22/50: acc=0.6899  f1m=0.6576  uplink_kB=150.2  t=1.64s
  round  23/50: acc=0.6479  f1m=0.5988  uplink_kB=150.2  t=1.64s
  round  24/50: acc=0.7362  f1m=0.7169  uplink_kB=150.2  t=1.68s
  round  25/50: acc=0.7479  f1m=0.7312  uplink_kB=150.2  t=1.58s
  round  26/50: acc=0.8050  f1m=0.7976  uplink_kB=150.2  t=1.63s
  round  27/50: acc=0.7993  f1m=0.7911  uplink_kB=150.2  t=1.66s
  round  28/50: acc=0.7733  f1m=0.7613  uplink_kB=150.2  t=1.63s
  round  29/50: acc=0.8566  f1m=0.8537  uplink_kB=150.2  t=1.61s
  round  30/50: acc=0.8742  f1m=0.8723  uplink_kB=150.2  t=1.65s
  round  31/50: acc=0.8816  f1m=0.8800  uplink_kB=150.2  t=1.65s
  round  32/50: acc=0.8492  f1m=0.8458  uplink_kB=150.2  t=1.62s
  round  33/50: acc=0.8888  f1m=0.8875  uplink_kB=150.2  t=1.54s
  round  34/50: acc=0.8886  f1m=0.8873  uplink_kB=150.2  t=1.60s
  round  35/50: acc=0.9078  f1m=0.9070  uplink_kB=150.2  t=1.60s
  round  36/50: acc=0.8941  f1m=0.8929  uplink_kB=150.2  t=1.64s
  round  37/50: acc=0.9072  f1m=0.9064  uplink_kB=150.2  t=1.62s
  round  38/50: acc=0.9082  f1m=0.9074  uplink_kB=150.2  t=1.63s
  round  39/50: acc=0.9011  f1m=0.9002  uplink_kB=150.2  t=1.58s
  round  40/50: acc=0.9117  f1m=0.9110  uplink_kB=150.2  t=1.57s
  round  41/50: acc=0.9109  f1m=0.9102  uplink_kB=150.2  t=1.64s
  round  42/50: acc=0.9242  f1m=0.9238  uplink_kB=150.2  t=1.63s
  round  43/50: acc=0.9180  f1m=0.9175  uplink_kB=150.2  t=1.62s
  round  44/50: acc=0.9273  f1m=0.9269  uplink_kB=150.2  t=1.64s
  round  45/50: acc=0.9320  f1m=0.9317  uplink_kB=150.2  t=1.63s
  round  46/50: acc=0.9320  f1m=0.9318  uplink_kB=150.2  t=1.53s
  round  47/50: acc=0.9463  f1m=0.9462  uplink_kB=150.2  t=1.62s
  round  48/50: acc=0.9439  f1m=0.9438  uplink_kB=150.2  t=1.63s
  round  49/50: acc=0.9503  f1m=0.9501  uplink_kB=150.2  t=1.59s
  round  50/50: acc=0.9504  f1m=0.9502  uplink_kB=150.2  t=1.60s
[run] DONE -> /Users/agentra/Documents/hao/working/paper-lab/hao-paper-2026/iotj-fedkan-ids/repo/results/lrsweep_botiot/lrsweep_kan8_lr0p003__dir0.1__seed2026/metrics.json  final_acc=0.9504
