[run] device=cpu  seed=31  out=/Users/agentra/Documents/hao/working/paper-lab/hao-paper-2026/iotj-fedkan-ids/repo/results/lrsweep_cseciic_mc50k/lrsweep_mlp80_lr0p1__dir0.1__seed31
[run] model=mlp  params=4,415
  round   1/50: acc=0.1035  f1m=0.0445  uplink_kB=172.5  t=1.75s
  round   2/50: acc=0.2905  f1m=0.1243  uplink_kB=172.5  t=1.07s
  round   3/50: acc=0.3895  f1m=0.1729  uplink_kB=172.5  t=1.18s
  round   4/50: acc=0.5019  f1m=0.2496  uplink_kB=172.5  t=1.06s
  round   5/50: acc=0.5343  f1m=0.2590  uplink_kB=172.5  t=1.16s
  round   6/50: acc=0.5688  f1m=0.2827  uplink_kB=172.5  t=1.09s
  round   7/50: acc=0.6306  f1m=0.3508  uplink_kB=172.5  t=1.12s
  round   8/50: acc=0.6201  f1m=0.3320  uplink_kB=172.5  t=1.06s
  round   9/50: acc=0.7271  f1m=0.4124  uplink_kB=172.5  t=1.15s
  round  10/50: acc=0.6910  f1m=0.3923  uplink_kB=172.5  t=1.08s
  round  11/50: acc=0.7528  f1m=0.4259  uplink_kB=172.5  t=1.13s
  round  12/50: acc=0.5755  f1m=0.2888  uplink_kB=172.5  t=1.06s
  round  13/50: acc=0.6974  f1m=0.4003  uplink_kB=172.5  t=1.14s
  round  14/50: acc=0.6319  f1m=0.3382  uplink_kB=172.5  t=1.19s
  round  15/50: acc=0.6906  f1m=0.3581  uplink_kB=172.5  t=1.17s
  round  16/50: acc=0.6326  f1m=0.3400  uplink_kB=172.5  t=1.17s
  round  17/50: acc=0.5852  f1m=0.3030  uplink_kB=172.5  t=1.05s
  round  18/50: acc=0.6600  f1m=0.3660  uplink_kB=172.5  t=1.06s
  round  19/50: acc=0.5727  f1m=0.2933  uplink_kB=172.5  t=1.10s
  round  20/50: acc=0.6480  f1m=0.3422  uplink_kB=172.5  t=1.34s
  round  21/50: acc=0.6625  f1m=0.3489  uplink_kB=172.5  t=1.19s
  round  22/50: acc=0.6961  f1m=0.3671  uplink_kB=172.5  t=1.24s
  round  23/50: acc=0.5815  f1m=0.2883  uplink_kB=172.5  t=1.17s
  round  24/50: acc=0.6431  f1m=0.3525  uplink_kB=172.5  t=1.33s
  round  25/50: acc=0.6993  f1m=0.3736  uplink_kB=172.5  t=1.19s
  round  26/50: acc=0.6695  f1m=0.3474  uplink_kB=172.5  t=1.19s
  round  27/50: acc=0.5737  f1m=0.2790  uplink_kB=172.5  t=1.10s
  round  28/50: acc=0.5911  f1m=0.3216  uplink_kB=172.5  t=1.21s
  round  29/50: acc=0.5750  f1m=0.2977  uplink_kB=172.5  t=1.10s
  round  30/50: acc=0.5743  f1m=0.2796  uplink_kB=172.5  t=1.24s
  round  31/50: acc=0.5741  f1m=0.2818  uplink_kB=172.5  t=1.20s
  round  32/50: acc=0.5981  f1m=0.3047  uplink_kB=172.5  t=1.28s
  round  33/50: acc=0.5827  f1m=0.2872  uplink_kB=172.5  t=1.15s
  round  34/50: acc=0.6703  f1m=0.3471  uplink_kB=172.5  t=1.15s
  round  35/50: acc=0.5761  f1m=0.2833  uplink_kB=172.5  t=1.16s
  round  36/50: acc=0.5748  f1m=0.2830  uplink_kB=172.5  t=1.22s
  round  37/50: acc=0.7012  f1m=0.3905  uplink_kB=172.5  t=1.07s
  round  38/50: acc=0.5957  f1m=0.3237  uplink_kB=172.5  t=1.07s
  round  39/50: acc=0.7189  f1m=0.4203  uplink_kB=172.5  t=1.07s
  round  40/50: acc=0.7467  f1m=0.4245  uplink_kB=172.5  t=1.09s
  round  41/50: acc=0.6364  f1m=0.3639  uplink_kB=172.5  t=1.05s
  round  42/50: acc=0.6438  f1m=0.3384  uplink_kB=172.5  t=1.09s
  round  43/50: acc=0.5972  f1m=0.3200  uplink_kB=172.5  t=1.08s
  round  44/50: acc=0.6362  f1m=0.3283  uplink_kB=172.5  t=1.12s
  round  45/50: acc=0.6971  f1m=0.3995  uplink_kB=172.5  t=1.08s
  round  46/50: acc=0.7189  f1m=0.4367  uplink_kB=172.5  t=1.10s
  round  47/50: acc=0.6531  f1m=0.3434  uplink_kB=172.5  t=1.01s
  round  48/50: acc=0.6728  f1m=0.3728  uplink_kB=172.5  t=1.15s
  round  49/50: acc=0.7657  f1m=0.4765  uplink_kB=172.5  t=1.05s
  round  50/50: acc=0.7301  f1m=0.4481  uplink_kB=172.5  t=1.12s
[run] DONE -> /Users/agentra/Documents/hao/working/paper-lab/hao-paper-2026/iotj-fedkan-ids/repo/results/lrsweep_cseciic_mc50k/lrsweep_mlp80_lr0p1__dir0.1__seed31/metrics.json  final_acc=0.7301
