[run] device=cpu  seed=2024  out=/Users/agentra/Documents/hao/working/paper-lab/hao-paper-2026/iotj-fedkan-ids/repo/results/lrsweep_toniot/lrsweep_mlp32_lr0p0003__dir0.1__seed2024
[run] model=mlp  params=1,346
  round   1/50: acc=0.5000  f1m=0.3333  uplink_kB=52.6  t=1.10s
  round   2/50: acc=0.5000  f1m=0.3333  uplink_kB=52.6  t=0.69s
  round   3/50: acc=0.5000  f1m=0.3333  uplink_kB=52.6  t=0.65s
  round   4/50: acc=0.5122  f1m=0.3605  uplink_kB=52.6  t=0.63s
  round   5/50: acc=0.5296  f1m=0.3984  uplink_kB=52.6  t=0.65s
  round   6/50: acc=0.5430  f1m=0.4314  uplink_kB=52.6  t=0.62s
  round   7/50: acc=0.5739  f1m=0.4925  uplink_kB=52.6  t=0.68s
  round   8/50: acc=0.6072  f1m=0.5518  uplink_kB=52.6  t=0.70s
  round   9/50: acc=0.6144  f1m=0.5687  uplink_kB=52.6  t=0.70s
  round  10/50: acc=0.6202  f1m=0.5794  uplink_kB=52.6  t=0.67s
  round  11/50: acc=0.6466  f1m=0.6172  uplink_kB=52.6  t=0.69s
  round  12/50: acc=0.6626  f1m=0.6390  uplink_kB=52.6  t=0.61s
  round  13/50: acc=0.6697  f1m=0.6490  uplink_kB=52.6  t=1.00s
  round  14/50: acc=0.6896  f1m=0.6740  uplink_kB=52.6  t=0.80s
  round  15/50: acc=0.6962  f1m=0.6828  uplink_kB=52.6  t=0.67s
  round  16/50: acc=0.7086  f1m=0.6979  uplink_kB=52.6  t=0.69s
  round  17/50: acc=0.7130  f1m=0.7030  uplink_kB=52.6  t=0.68s
  round  18/50: acc=0.7164  f1m=0.7069  uplink_kB=52.6  t=0.74s
  round  19/50: acc=0.7205  f1m=0.7119  uplink_kB=52.6  t=0.72s
  round  20/50: acc=0.7240  f1m=0.7160  uplink_kB=52.6  t=0.60s
  round  21/50: acc=0.7246  f1m=0.7167  uplink_kB=52.6  t=0.67s
  round  22/50: acc=0.7288  f1m=0.7216  uplink_kB=52.6  t=0.67s
  round  23/50: acc=0.7265  f1m=0.7189  uplink_kB=52.6  t=0.65s
  round  24/50: acc=0.7267  f1m=0.7190  uplink_kB=52.6  t=0.65s
  round  25/50: acc=0.7320  f1m=0.7252  uplink_kB=52.6  t=0.60s
  round  26/50: acc=0.7325  f1m=0.7257  uplink_kB=52.6  t=0.69s
  round  27/50: acc=0.7355  f1m=0.7293  uplink_kB=52.6  t=0.67s
  round  28/50: acc=0.7361  f1m=0.7299  uplink_kB=52.6  t=0.64s
  round  29/50: acc=0.7366  f1m=0.7305  uplink_kB=52.6  t=0.63s
  round  30/50: acc=0.7373  f1m=0.7313  uplink_kB=52.6  t=0.66s
  round  31/50: acc=0.7377  f1m=0.7317  uplink_kB=52.6  t=0.75s
  round  32/50: acc=0.7387  f1m=0.7328  uplink_kB=52.6  t=0.62s
  round  33/50: acc=0.7387  f1m=0.7330  uplink_kB=52.6  t=0.63s
  round  34/50: acc=0.7413  f1m=0.7359  uplink_kB=52.6  t=0.66s
  round  35/50: acc=0.7415  f1m=0.7360  uplink_kB=52.6  t=0.66s
  round  36/50: acc=0.7417  f1m=0.7362  uplink_kB=52.6  t=0.64s
  round  37/50: acc=0.7438  f1m=0.7386  uplink_kB=52.6  t=0.65s
  round  38/50: acc=0.7457  f1m=0.7410  uplink_kB=52.6  t=0.64s
  round  39/50: acc=0.7457  f1m=0.7410  uplink_kB=52.6  t=0.61s
  round  40/50: acc=0.7472  f1m=0.7428  uplink_kB=52.6  t=0.66s
  round  41/50: acc=0.7506  f1m=0.7467  uplink_kB=52.6  t=0.65s
  round  42/50: acc=0.7512  f1m=0.7474  uplink_kB=52.6  t=0.69s
  round  43/50: acc=0.7512  f1m=0.7473  uplink_kB=52.6  t=0.68s
  round  44/50: acc=0.7524  f1m=0.7486  uplink_kB=52.6  t=0.63s
  round  45/50: acc=0.7525  f1m=0.7487  uplink_kB=52.6  t=0.64s
  round  46/50: acc=0.7536  f1m=0.7499  uplink_kB=52.6  t=0.59s
  round  47/50: acc=0.7532  f1m=0.7494  uplink_kB=52.6  t=0.63s
  round  48/50: acc=0.7538  f1m=0.7501  uplink_kB=52.6  t=0.66s
  round  49/50: acc=0.7540  f1m=0.7503  uplink_kB=52.6  t=0.65s
  round  50/50: acc=0.7553  f1m=0.7517  uplink_kB=52.6  t=0.63s
[run] DONE -> /Users/agentra/Documents/hao/working/paper-lab/hao-paper-2026/iotj-fedkan-ids/repo/results/lrsweep_toniot/lrsweep_mlp32_lr0p0003__dir0.1__seed2024/metrics.json  final_acc=0.7553
