[run] device=cpu  seed=37  out=/Users/agentra/Documents/hao/working/paper-lab/hao-paper-2026/iotj-fedkan-ids/repo/results/lrsweep_cseciic_mc50k/lrsweep_mlp80_lr0p001__dir0.1__seed37
[run] model=mlp  params=4,415
  round   1/50: acc=0.1994  f1m=0.0608  uplink_kB=172.5  t=1.82s
  round   2/50: acc=0.3236  f1m=0.0993  uplink_kB=172.5  t=1.06s
  round   3/50: acc=0.2928  f1m=0.0884  uplink_kB=172.5  t=1.15s
  round   4/50: acc=0.2932  f1m=0.0887  uplink_kB=172.5  t=1.01s
  round   5/50: acc=0.3079  f1m=0.1003  uplink_kB=172.5  t=1.13s
  round   6/50: acc=0.3366  f1m=0.1175  uplink_kB=172.5  t=1.05s
  round   7/50: acc=0.4089  f1m=0.1841  uplink_kB=172.5  t=1.12s
  round   8/50: acc=0.4004  f1m=0.1811  uplink_kB=172.5  t=1.10s
  round   9/50: acc=0.4033  f1m=0.1828  uplink_kB=172.5  t=1.10s
  round  10/50: acc=0.4096  f1m=0.1860  uplink_kB=172.5  t=1.04s
  round  11/50: acc=0.4127  f1m=0.1876  uplink_kB=172.5  t=1.08s
  round  12/50: acc=0.4096  f1m=0.1863  uplink_kB=172.5  t=1.00s
  round  13/50: acc=0.4233  f1m=0.1905  uplink_kB=172.5  t=1.10s
  round  14/50: acc=0.4414  f1m=0.2053  uplink_kB=172.5  t=1.05s
  round  15/50: acc=0.5666  f1m=0.2775  uplink_kB=172.5  t=1.10s
  round  16/50: acc=0.5737  f1m=0.2807  uplink_kB=172.5  t=1.05s
  round  17/50: acc=0.5827  f1m=0.2851  uplink_kB=172.5  t=1.15s
  round  18/50: acc=0.5930  f1m=0.2890  uplink_kB=172.5  t=1.12s
  round  19/50: acc=0.5926  f1m=0.2885  uplink_kB=172.5  t=1.29s
  round  20/50: acc=0.6074  f1m=0.2959  uplink_kB=172.5  t=1.23s
  round  21/50: acc=0.6088  f1m=0.2965  uplink_kB=172.5  t=1.14s
  round  22/50: acc=0.6095  f1m=0.2968  uplink_kB=172.5  t=1.23s
  round  23/50: acc=0.6001  f1m=0.2925  uplink_kB=172.5  t=1.07s
  round  24/50: acc=0.6040  f1m=0.2943  uplink_kB=172.5  t=1.17s
  round  25/50: acc=0.6075  f1m=0.2961  uplink_kB=172.5  t=1.22s
  round  26/50: acc=0.6107  f1m=0.3038  uplink_kB=172.5  t=1.35s
  round  27/50: acc=0.6090  f1m=0.3030  uplink_kB=172.5  t=1.01s
  round  28/50: acc=0.6091  f1m=0.3031  uplink_kB=172.5  t=1.06s
  round  29/50: acc=0.6149  f1m=0.3117  uplink_kB=172.5  t=1.10s
  round  30/50: acc=0.6167  f1m=0.3129  uplink_kB=172.5  t=1.03s
  round  31/50: acc=0.6171  f1m=0.3131  uplink_kB=172.5  t=1.10s
  round  32/50: acc=0.6645  f1m=0.3627  uplink_kB=172.5  t=1.08s
  round  33/50: acc=0.6680  f1m=0.3655  uplink_kB=172.5  t=1.12s
  round  34/50: acc=0.6934  f1m=0.3906  uplink_kB=172.5  t=1.07s
  round  35/50: acc=0.7049  f1m=0.3968  uplink_kB=172.5  t=1.09s
  round  36/50: acc=0.7060  f1m=0.3974  uplink_kB=172.5  t=1.05s
  round  37/50: acc=0.7050  f1m=0.3969  uplink_kB=172.5  t=1.11s
  round  38/50: acc=0.7099  f1m=0.3996  uplink_kB=172.5  t=1.02s
  round  39/50: acc=0.7104  f1m=0.3999  uplink_kB=172.5  t=1.10s
  round  40/50: acc=0.7108  f1m=0.4002  uplink_kB=172.5  t=1.04s
  round  41/50: acc=0.7137  f1m=0.4017  uplink_kB=172.5  t=1.10s
  round  42/50: acc=0.7137  f1m=0.4018  uplink_kB=172.5  t=1.06s
  round  43/50: acc=0.7179  f1m=0.4041  uplink_kB=172.5  t=1.09s
  round  44/50: acc=0.7188  f1m=0.4048  uplink_kB=172.5  t=1.02s
  round  45/50: acc=0.7191  f1m=0.4050  uplink_kB=172.5  t=1.07s
  round  46/50: acc=0.7191  f1m=0.4050  uplink_kB=172.5  t=1.08s
  round  47/50: acc=0.7194  f1m=0.4052  uplink_kB=172.5  t=1.03s
  round  48/50: acc=0.7195  f1m=0.4053  uplink_kB=172.5  t=1.10s
  round  49/50: acc=0.7198  f1m=0.4055  uplink_kB=172.5  t=1.05s
  round  50/50: acc=0.7204  f1m=0.4061  uplink_kB=172.5  t=1.09s
[run] DONE -> /Users/agentra/Documents/hao/working/paper-lab/hao-paper-2026/iotj-fedkan-ids/repo/results/lrsweep_cseciic_mc50k/lrsweep_mlp80_lr0p001__dir0.1__seed37/metrics.json  final_acc=0.7204
