[run] device=cpu  seed=17  out=/Users/agentra/Documents/hao/working/paper-lab/hao-paper-2026/iotj-fedkan-ids/repo/results/lrsweep_cseciic/lrsweep_mlp80_lr0p1__dir0.1__seed17
[run] model=mlp  params=3,362
  round   1/50: acc=0.5000  f1m=0.3333  uplink_kB=131.3  t=1.29s
  round   2/50: acc=0.5000  f1m=0.3334  uplink_kB=131.3  t=0.69s
  round   3/50: acc=0.7711  f1m=0.7626  uplink_kB=131.3  t=0.69s
  round   4/50: acc=0.7610  f1m=0.7508  uplink_kB=131.3  t=0.66s
  round   5/50: acc=0.5092  f1m=0.3537  uplink_kB=131.3  t=0.65s
  round   6/50: acc=0.7556  f1m=0.7444  uplink_kB=131.3  t=0.61s
  round   7/50: acc=0.5026  f1m=0.3391  uplink_kB=131.3  t=0.65s
  round   8/50: acc=0.5450  f1m=0.4572  uplink_kB=131.3  t=0.66s
  round   9/50: acc=0.5313  f1m=0.4013  uplink_kB=131.3  t=0.69s
  round  10/50: acc=0.5274  f1m=0.3920  uplink_kB=131.3  t=0.67s
  round  11/50: acc=0.5275  f1m=0.3923  uplink_kB=131.3  t=0.67s
  round  12/50: acc=0.5281  f1m=0.3936  uplink_kB=131.3  t=0.62s
  round  13/50: acc=0.5259  f1m=0.3889  uplink_kB=131.3  t=0.68s
  round  14/50: acc=0.5170  f1m=0.3703  uplink_kB=131.3  t=0.66s
  round  15/50: acc=0.5147  f1m=0.3655  uplink_kB=131.3  t=0.64s
  round  16/50: acc=0.5276  f1m=0.3926  uplink_kB=131.3  t=0.68s
  round  17/50: acc=0.5453  f1m=0.4282  uplink_kB=131.3  t=0.66s
  round  18/50: acc=0.5427  f1m=0.4230  uplink_kB=131.3  t=0.67s
  round  19/50: acc=0.5525  f1m=0.4423  uplink_kB=131.3  t=0.66s
  round  20/50: acc=0.5443  f1m=0.4262  uplink_kB=131.3  t=0.69s
  round  21/50: acc=0.5511  f1m=0.4396  uplink_kB=131.3  t=0.70s
  round  22/50: acc=0.5381  f1m=0.4133  uplink_kB=131.3  t=0.69s
  round  23/50: acc=0.5293  f1m=0.3956  uplink_kB=131.3  t=0.62s
  round  24/50: acc=0.5291  f1m=0.3952  uplink_kB=131.3  t=0.65s
  round  25/50: acc=0.5273  f1m=0.3914  uplink_kB=131.3  t=0.67s
  round  26/50: acc=0.5321  f1m=0.4012  uplink_kB=131.3  t=0.65s
  round  27/50: acc=0.5233  f1m=0.3831  uplink_kB=131.3  t=0.65s
  round  28/50: acc=0.5507  f1m=0.4377  uplink_kB=131.3  t=0.70s
  round  29/50: acc=0.5539  f1m=0.4439  uplink_kB=131.3  t=0.68s
  round  30/50: acc=0.5516  f1m=0.4395  uplink_kB=131.3  t=0.68s
  round  31/50: acc=0.5504  f1m=0.4372  uplink_kB=131.3  t=0.66s
  round  32/50: acc=0.5428  f1m=0.4226  uplink_kB=131.3  t=0.68s
  round  33/50: acc=0.5521  f1m=0.4403  uplink_kB=131.3  t=0.63s
  round  34/50: acc=0.5543  f1m=0.4446  uplink_kB=131.3  t=0.67s
  round  35/50: acc=0.5533  f1m=0.4427  uplink_kB=131.3  t=0.64s
  round  36/50: acc=0.8362  f1m=0.8361  uplink_kB=131.3  t=0.66s
  round  37/50: acc=0.6755  f1m=0.6519  uplink_kB=131.3  t=0.65s
  round  38/50: acc=0.6899  f1m=0.6639  uplink_kB=131.3  t=0.66s
  round  39/50: acc=0.6459  f1m=0.5980  uplink_kB=131.3  t=0.68s
  round  40/50: acc=0.6462  f1m=0.5984  uplink_kB=131.3  t=0.64s
  round  41/50: acc=0.6458  f1m=0.5978  uplink_kB=131.3  t=0.68s
  round  42/50: acc=0.6522  f1m=0.6073  uplink_kB=131.3  t=0.66s
  round  43/50: acc=0.6649  f1m=0.6266  uplink_kB=131.3  t=0.68s
  round  44/50: acc=0.6740  f1m=0.6393  uplink_kB=131.3  t=0.66s
  round  45/50: acc=0.5720  f1m=0.4789  uplink_kB=131.3  t=0.64s
  round  46/50: acc=0.5891  f1m=0.5096  uplink_kB=131.3  t=0.67s
  round  47/50: acc=0.6045  f1m=0.5358  uplink_kB=131.3  t=0.63s
  round  48/50: acc=0.6182  f1m=0.5580  uplink_kB=131.3  t=0.67s
  round  49/50: acc=0.5685  f1m=0.4724  uplink_kB=131.3  t=0.69s
  round  50/50: acc=0.5808  f1m=0.4948  uplink_kB=131.3  t=0.71s
[run] DONE -> /Users/agentra/Documents/hao/working/paper-lab/hao-paper-2026/iotj-fedkan-ids/repo/results/lrsweep_cseciic/lrsweep_mlp80_lr0p1__dir0.1__seed17/metrics.json  final_acc=0.5808
