[run] device=cpu  seed=37  out=/Users/agentra/Documents/hao/working/paper-lab/hao-paper-2026/iotj-fedkan-ids/repo/results/lrsweep_toniot/lrsweep_mlp32_lr0p01__dir0.1__seed37
[run] model=mlp  params=1,346
  round   1/50: acc=0.6809  f1m=0.6794  uplink_kB=52.6  t=1.19s
  round   2/50: acc=0.6380  f1m=0.6301  uplink_kB=52.6  t=0.69s
  round   3/50: acc=0.6943  f1m=0.6935  uplink_kB=52.6  t=0.66s
  round   4/50: acc=0.7564  f1m=0.7539  uplink_kB=52.6  t=0.63s
  round   5/50: acc=0.7853  f1m=0.7849  uplink_kB=52.6  t=0.78s
  round   6/50: acc=0.7512  f1m=0.7492  uplink_kB=52.6  t=0.62s
  round   7/50: acc=0.7578  f1m=0.7556  uplink_kB=52.6  t=0.70s
  round   8/50: acc=0.7715  f1m=0.7666  uplink_kB=52.6  t=0.65s
  round   9/50: acc=0.7745  f1m=0.7715  uplink_kB=52.6  t=0.70s
  round  10/50: acc=0.7709  f1m=0.7650  uplink_kB=52.6  t=0.68s
  round  11/50: acc=0.7731  f1m=0.7686  uplink_kB=52.6  t=0.68s
  round  12/50: acc=0.7687  f1m=0.7633  uplink_kB=52.6  t=0.68s
  round  13/50: acc=0.7786  f1m=0.7735  uplink_kB=52.6  t=0.60s
  round  14/50: acc=0.7715  f1m=0.7647  uplink_kB=52.6  t=0.65s
  round  15/50: acc=0.8659  f1m=0.8654  uplink_kB=52.6  t=0.67s
  round  16/50: acc=0.8641  f1m=0.8629  uplink_kB=52.6  t=0.69s
  round  17/50: acc=0.8400  f1m=0.8375  uplink_kB=52.6  t=0.70s
  round  18/50: acc=0.8324  f1m=0.8293  uplink_kB=52.6  t=0.66s
  round  19/50: acc=0.8397  f1m=0.8371  uplink_kB=52.6  t=0.67s
  round  20/50: acc=0.8258  f1m=0.8221  uplink_kB=52.6  t=0.66s
  round  21/50: acc=0.8275  f1m=0.8238  uplink_kB=52.6  t=0.65s
  round  22/50: acc=0.8369  f1m=0.8341  uplink_kB=52.6  t=0.68s
  round  23/50: acc=0.8260  f1m=0.8219  uplink_kB=52.6  t=0.67s
  round  24/50: acc=0.8508  f1m=0.8486  uplink_kB=52.6  t=0.66s
  round  25/50: acc=0.8243  f1m=0.8203  uplink_kB=52.6  t=0.58s
  round  26/50: acc=0.8357  f1m=0.8327  uplink_kB=52.6  t=0.66s
  round  27/50: acc=0.8354  f1m=0.8325  uplink_kB=52.6  t=0.66s
  round  28/50: acc=0.8267  f1m=0.8226  uplink_kB=52.6  t=0.67s
  round  29/50: acc=0.8888  f1m=0.8880  uplink_kB=52.6  t=0.67s
  round  30/50: acc=0.8492  f1m=0.8471  uplink_kB=52.6  t=0.70s
  round  31/50: acc=0.8286  f1m=0.8248  uplink_kB=52.6  t=0.68s
  round  32/50: acc=0.8666  f1m=0.8653  uplink_kB=52.6  t=0.61s
  round  33/50: acc=0.9023  f1m=0.9019  uplink_kB=52.6  t=0.66s
  round  34/50: acc=0.9033  f1m=0.9029  uplink_kB=52.6  t=0.68s
  round  35/50: acc=0.8609  f1m=0.8593  uplink_kB=52.6  t=0.67s
  round  36/50: acc=0.8405  f1m=0.8375  uplink_kB=52.6  t=0.63s
  round  37/50: acc=0.8671  f1m=0.8656  uplink_kB=52.6  t=0.64s
  round  38/50: acc=0.9072  f1m=0.9067  uplink_kB=52.6  t=0.66s
  round  39/50: acc=0.8618  f1m=0.8601  uplink_kB=52.6  t=0.69s
  round  40/50: acc=0.8883  f1m=0.8875  uplink_kB=52.6  t=0.62s
  round  41/50: acc=0.8492  f1m=0.8469  uplink_kB=52.6  t=0.69s
  round  42/50: acc=0.8685  f1m=0.8669  uplink_kB=52.6  t=0.67s
  round  43/50: acc=0.8899  f1m=0.8891  uplink_kB=52.6  t=0.65s
  round  44/50: acc=0.8506  f1m=0.8483  uplink_kB=52.6  t=0.68s
  round  45/50: acc=0.8763  f1m=0.8749  uplink_kB=52.6  t=0.66s
  round  46/50: acc=0.9073  f1m=0.9068  uplink_kB=52.6  t=0.66s
  round  47/50: acc=0.8594  f1m=0.8574  uplink_kB=52.6  t=0.63s
  round  48/50: acc=0.8954  f1m=0.8947  uplink_kB=52.6  t=0.67s
  round  49/50: acc=0.8906  f1m=0.8898  uplink_kB=52.6  t=0.67s
  round  50/50: acc=0.8822  f1m=0.8810  uplink_kB=52.6  t=0.68s
[run] DONE -> /Users/agentra/Documents/hao/working/paper-lab/hao-paper-2026/iotj-fedkan-ids/repo/results/lrsweep_toniot/lrsweep_mlp32_lr0p01__dir0.1__seed37/metrics.json  final_acc=0.8822
