[run] device=cpu  seed=23  out=/Users/agentra/Documents/hao/working/paper-lab/hao-paper-2026/iotj-fedkan-ids/repo/results/lrsweep_cseciic_mc/lrsweep_kan16_lr0p001__dir0.1__seed23
[run] model=kan  params=8,640
  round   1/50: acc=0.2673  f1m=0.0869  uplink_kB=363.3  t=6.68s
  round   2/50: acc=0.2379  f1m=0.0703  uplink_kB=363.3  t=6.12s
  round   3/50: acc=0.4388  f1m=0.1469  uplink_kB=363.3  t=6.12s
  round   4/50: acc=0.5300  f1m=0.1857  uplink_kB=363.3  t=6.13s
  round   5/50: acc=0.5805  f1m=0.3288  uplink_kB=363.3  t=6.14s
  round   6/50: acc=0.5620  f1m=0.2385  uplink_kB=363.3  t=6.12s
  round   7/50: acc=0.5672  f1m=0.2597  uplink_kB=363.3  t=6.19s
  round   8/50: acc=0.5061  f1m=0.2469  uplink_kB=363.3  t=6.25s
  round   9/50: acc=0.5078  f1m=0.2518  uplink_kB=363.3  t=6.04s
  round  10/50: acc=0.4840  f1m=0.2353  uplink_kB=363.3  t=6.37s
  round  11/50: acc=0.4772  f1m=0.2278  uplink_kB=363.3  t=6.29s
  round  12/50: acc=0.4775  f1m=0.2274  uplink_kB=363.3  t=6.18s
  round  13/50: acc=0.4853  f1m=0.2331  uplink_kB=363.3  t=6.11s
  round  14/50: acc=0.5033  f1m=0.2567  uplink_kB=363.3  t=6.19s
  round  15/50: acc=0.5159  f1m=0.2969  uplink_kB=363.3  t=6.17s
  round  16/50: acc=0.5444  f1m=0.3570  uplink_kB=363.3  t=6.12s
  round  17/50: acc=0.5548  f1m=0.3656  uplink_kB=363.3  t=6.17s
  round  18/50: acc=0.5594  f1m=0.3758  uplink_kB=363.3  t=6.08s
  round  19/50: acc=0.6528  f1m=0.4263  uplink_kB=363.3  t=6.13s
  round  20/50: acc=0.6819  f1m=0.4812  uplink_kB=363.3  t=6.19s
  round  21/50: acc=0.6771  f1m=0.4545  uplink_kB=363.3  t=6.62s
  round  22/50: acc=0.6796  f1m=0.4567  uplink_kB=363.3  t=6.16s
  round  23/50: acc=0.6777  f1m=0.4548  uplink_kB=363.3  t=6.23s
  round  24/50: acc=0.6743  f1m=0.4345  uplink_kB=363.3  t=6.32s
  round  25/50: acc=0.6725  f1m=0.4055  uplink_kB=363.3  t=6.13s
  round  26/50: acc=0.6772  f1m=0.4075  uplink_kB=363.3  t=6.06s
  round  27/50: acc=0.6825  f1m=0.4387  uplink_kB=363.3  t=6.33s
  round  28/50: acc=0.6873  f1m=0.5158  uplink_kB=363.3  t=6.11s
  round  29/50: acc=0.7032  f1m=0.5247  uplink_kB=363.3  t=6.11s
  round  30/50: acc=0.7135  f1m=0.5295  uplink_kB=363.3  t=6.07s
  round  31/50: acc=0.7167  f1m=0.5312  uplink_kB=363.3  t=6.13s
  round  32/50: acc=0.7332  f1m=0.5450  uplink_kB=363.3  t=6.11s
  round  33/50: acc=0.7573  f1m=0.5627  uplink_kB=363.3  t=6.18s
  round  34/50: acc=0.7880  f1m=0.5822  uplink_kB=363.3  t=6.08s
  round  35/50: acc=0.8067  f1m=0.5977  uplink_kB=363.3  t=6.13s
  round  36/50: acc=0.8323  f1m=0.6138  uplink_kB=363.3  t=6.28s
  round  37/50: acc=0.8413  f1m=0.6203  uplink_kB=363.3  t=6.17s
  round  38/50: acc=0.8443  f1m=0.6226  uplink_kB=363.3  t=6.19s
  round  39/50: acc=0.8481  f1m=0.6083  uplink_kB=363.3  t=6.09s
  round  40/50: acc=0.8478  f1m=0.5813  uplink_kB=363.3  t=6.24s
  round  41/50: acc=0.8570  f1m=0.6332  uplink_kB=363.3  t=6.13s
  round  42/50: acc=0.8578  f1m=0.6339  uplink_kB=363.3  t=6.10s
  round  43/50: acc=0.8577  f1m=0.6338  uplink_kB=363.3  t=6.12s
  round  44/50: acc=0.8658  f1m=0.6626  uplink_kB=363.3  t=6.18s
  round  45/50: acc=0.8668  f1m=0.6634  uplink_kB=363.3  t=6.18s
  round  46/50: acc=0.8664  f1m=0.6631  uplink_kB=363.3  t=6.18s
  round  47/50: acc=0.8676  f1m=0.6638  uplink_kB=363.3  t=6.26s
  round  48/50: acc=0.8677  f1m=0.6640  uplink_kB=363.3  t=6.06s
  round  49/50: acc=0.8682  f1m=0.6645  uplink_kB=363.3  t=6.08s
  round  50/50: acc=0.8676  f1m=0.6641  uplink_kB=363.3  t=6.12s
[run] DONE -> /Users/agentra/Documents/hao/working/paper-lab/hao-paper-2026/iotj-fedkan-ids/repo/results/lrsweep_cseciic_mc/lrsweep_kan16_lr0p001__dir0.1__seed23/metrics.json  final_acc=0.8676
