[run] device=cpu  seed=11  out=/Users/agentra/Documents/hao/working/paper-lab/hao-paper-2026/iotj-fedkan-ids/repo/results/lrsweep_cseciic_mc50k/lrsweep_kan8_lr0p001__dir0.1__seed11
[run] model=kan  params=4,320
  round   1/50: acc=0.0529  f1m=0.0268  uplink_kB=190.8  t=3.86s
  round   2/50: acc=0.0591  f1m=0.0306  uplink_kB=190.8  t=2.87s
  round   3/50: acc=0.1318  f1m=0.0501  uplink_kB=190.8  t=3.00s
  round   4/50: acc=0.1874  f1m=0.0484  uplink_kB=190.8  t=2.98s
  round   5/50: acc=0.1889  f1m=0.0453  uplink_kB=190.8  t=3.00s
  round   6/50: acc=0.1940  f1m=0.0412  uplink_kB=190.8  t=2.93s
  round   7/50: acc=0.2286  f1m=0.0592  uplink_kB=190.8  t=2.97s
  round   8/50: acc=0.2629  f1m=0.0816  uplink_kB=190.8  t=3.08s
  round   9/50: acc=0.2809  f1m=0.0889  uplink_kB=190.8  t=3.07s
  round  10/50: acc=0.3572  f1m=0.1347  uplink_kB=190.8  t=3.25s
  round  11/50: acc=0.3352  f1m=0.1262  uplink_kB=190.8  t=3.53s
  round  12/50: acc=0.3469  f1m=0.1313  uplink_kB=190.8  t=2.84s
  round  13/50: acc=0.3417  f1m=0.1302  uplink_kB=190.8  t=2.76s
  round  14/50: acc=0.3758  f1m=0.1611  uplink_kB=190.8  t=2.76s
  round  15/50: acc=0.3905  f1m=0.1679  uplink_kB=190.8  t=2.54s
  round  16/50: acc=0.3971  f1m=0.1699  uplink_kB=190.8  t=2.61s
  round  17/50: acc=0.4163  f1m=0.1829  uplink_kB=190.8  t=2.65s
  round  18/50: acc=0.4876  f1m=0.2450  uplink_kB=190.8  t=2.67s
  round  19/50: acc=0.5362  f1m=0.2954  uplink_kB=190.8  t=2.71s
  round  20/50: acc=0.5485  f1m=0.3029  uplink_kB=190.8  t=2.69s
  round  21/50: acc=0.5582  f1m=0.3076  uplink_kB=190.8  t=2.66s
  round  22/50: acc=0.5687  f1m=0.3131  uplink_kB=190.8  t=2.64s
  round  23/50: acc=0.5861  f1m=0.3229  uplink_kB=190.8  t=2.57s
  round  24/50: acc=0.5914  f1m=0.3264  uplink_kB=190.8  t=2.65s
  round  25/50: acc=0.6943  f1m=0.3847  uplink_kB=190.8  t=2.61s
  round  26/50: acc=0.6947  f1m=0.3859  uplink_kB=190.8  t=2.64s
  round  27/50: acc=0.6959  f1m=0.3880  uplink_kB=190.8  t=2.58s
  round  28/50: acc=0.7015  f1m=0.4115  uplink_kB=190.8  t=2.64s
  round  29/50: acc=0.7130  f1m=0.4678  uplink_kB=190.8  t=2.70s
  round  30/50: acc=0.7222  f1m=0.4790  uplink_kB=190.8  t=2.75s
  round  31/50: acc=0.7290  f1m=0.4863  uplink_kB=190.8  t=2.60s
  round  32/50: acc=0.7349  f1m=0.4920  uplink_kB=190.8  t=2.60s
  round  33/50: acc=0.7392  f1m=0.4961  uplink_kB=190.8  t=2.60s
  round  34/50: acc=0.7456  f1m=0.5025  uplink_kB=190.8  t=2.62s
  round  35/50: acc=0.7498  f1m=0.5060  uplink_kB=190.8  t=2.54s
  round  36/50: acc=0.7530  f1m=0.5090  uplink_kB=190.8  t=2.59s
  round  37/50: acc=0.7548  f1m=0.5109  uplink_kB=190.8  t=2.53s
  round  38/50: acc=0.7561  f1m=0.5138  uplink_kB=190.8  t=2.59s
  round  39/50: acc=0.7670  f1m=0.5516  uplink_kB=190.8  t=2.56s
  round  40/50: acc=0.7686  f1m=0.5546  uplink_kB=190.8  t=2.61s
  round  41/50: acc=0.7685  f1m=0.5552  uplink_kB=190.8  t=2.57s
  round  42/50: acc=0.7682  f1m=0.5553  uplink_kB=190.8  t=2.63s
  round  43/50: acc=0.7674  f1m=0.5558  uplink_kB=190.8  t=2.61s
  round  44/50: acc=0.7721  f1m=0.5697  uplink_kB=190.8  t=2.56s
  round  45/50: acc=0.7766  f1m=0.5816  uplink_kB=190.8  t=2.59s
  round  46/50: acc=0.7767  f1m=0.5818  uplink_kB=190.8  t=2.65s
  round  47/50: acc=0.7773  f1m=0.5828  uplink_kB=190.8  t=2.54s
  round  48/50: acc=0.7779  f1m=0.5834  uplink_kB=190.8  t=2.59s
  round  49/50: acc=0.7782  f1m=0.5837  uplink_kB=190.8  t=2.56s
  round  50/50: acc=0.7783  f1m=0.5840  uplink_kB=190.8  t=2.63s
[run] DONE -> /Users/agentra/Documents/hao/working/paper-lab/hao-paper-2026/iotj-fedkan-ids/repo/results/lrsweep_cseciic_mc50k/lrsweep_kan8_lr0p001__dir0.1__seed11/metrics.json  final_acc=0.7783
