[run] device=cpu  seed=2026  out=/Users/agentra/Documents/hao/working/paper-lab/hao-paper-2026/iotj-fedkan-ids/repo/results/mc_botiot/mc_kan16_lr0p01__dir0.1__seed2026
[run] model=kan  params=7,040
  round   1/50: acc=0.4922  f1m=0.2926  uplink_kB=300.8  t=2.40s
  round   2/50: acc=0.4823  f1m=0.2603  uplink_kB=300.8  t=1.69s
  round   3/50: acc=0.4914  f1m=0.2952  uplink_kB=300.8  t=1.63s
  round   4/50: acc=0.5286  f1m=0.3520  uplink_kB=300.8  t=1.58s
  round   5/50: acc=0.6905  f1m=0.5478  uplink_kB=300.8  t=1.62s
  round   6/50: acc=0.8403  f1m=0.6728  uplink_kB=300.8  t=1.67s
  round   7/50: acc=0.8482  f1m=0.6782  uplink_kB=300.8  t=1.60s
  round   8/50: acc=0.8576  f1m=0.6869  uplink_kB=300.8  t=1.59s
  round   9/50: acc=0.8579  f1m=0.6869  uplink_kB=300.8  t=1.65s
  round  10/50: acc=0.8730  f1m=0.7003  uplink_kB=300.8  t=1.62s
  round  11/50: acc=0.8624  f1m=0.6910  uplink_kB=300.8  t=1.72s
  round  12/50: acc=0.8748  f1m=0.7022  uplink_kB=300.8  t=1.61s
  round  13/50: acc=0.8630  f1m=0.6918  uplink_kB=300.8  t=1.62s
  round  14/50: acc=0.8661  f1m=0.6959  uplink_kB=300.8  t=1.61s
  round  15/50: acc=0.8586  f1m=0.6887  uplink_kB=300.8  t=1.59s
  round  16/50: acc=0.8685  f1m=0.6983  uplink_kB=300.8  t=1.69s
  round  17/50: acc=0.8636  f1m=0.6931  uplink_kB=300.8  t=1.62s
  round  18/50: acc=0.8729  f1m=0.7018  uplink_kB=300.8  t=1.63s
  round  19/50: acc=0.8726  f1m=0.7009  uplink_kB=300.8  t=1.59s
  round  20/50: acc=0.8855  f1m=0.7119  uplink_kB=300.8  t=1.67s
  round  21/50: acc=0.8703  f1m=0.6999  uplink_kB=300.8  t=1.78s
  round  22/50: acc=0.8721  f1m=0.7011  uplink_kB=300.8  t=1.69s
  round  23/50: acc=0.8766  f1m=0.7044  uplink_kB=300.8  t=1.58s
  round  24/50: acc=0.8846  f1m=0.7120  uplink_kB=300.8  t=1.55s
  round  25/50: acc=0.8749  f1m=0.7037  uplink_kB=300.8  t=1.76s
  round  26/50: acc=0.8624  f1m=0.6949  uplink_kB=300.8  t=1.75s
  round  27/50: acc=0.8880  f1m=0.7144  uplink_kB=300.8  t=1.62s
  round  28/50: acc=0.8724  f1m=0.7031  uplink_kB=300.8  t=1.62s
  round  29/50: acc=0.8774  f1m=0.7068  uplink_kB=300.8  t=1.67s
  round  30/50: acc=0.8711  f1m=0.7023  uplink_kB=300.8  t=1.62s
  round  31/50: acc=0.8741  f1m=0.7032  uplink_kB=300.8  t=1.69s
  round  32/50: acc=0.8549  f1m=0.6896  uplink_kB=300.8  t=1.59s
  round  33/50: acc=0.8743  f1m=0.7033  uplink_kB=300.8  t=1.60s
  round  34/50: acc=0.8183  f1m=0.6599  uplink_kB=300.8  t=1.62s
  round  35/50: acc=0.9050  f1m=0.7286  uplink_kB=300.8  t=1.58s
  round  36/50: acc=0.8952  f1m=0.7213  uplink_kB=300.8  t=1.66s
  round  37/50: acc=0.8974  f1m=0.7221  uplink_kB=300.8  t=1.61s
  round  38/50: acc=0.8948  f1m=0.7203  uplink_kB=300.8  t=1.60s
  round  39/50: acc=0.8969  f1m=0.7225  uplink_kB=300.8  t=1.59s
  round  40/50: acc=0.7866  f1m=0.6333  uplink_kB=300.8  t=1.70s
  round  41/50: acc=0.9144  f1m=0.7356  uplink_kB=300.8  t=1.63s
  round  42/50: acc=0.7391  f1m=0.5800  uplink_kB=300.8  t=1.60s
  round  43/50: acc=0.8997  f1m=0.7238  uplink_kB=300.8  t=1.64s
  round  44/50: acc=0.8180  f1m=0.6594  uplink_kB=300.8  t=1.62s
  round  45/50: acc=0.9100  f1m=0.7324  uplink_kB=300.8  t=1.68s
  round  46/50: acc=0.9126  f1m=0.7344  uplink_kB=300.8  t=1.58s
  round  47/50: acc=0.9119  f1m=0.7339  uplink_kB=300.8  t=1.72s
  round  48/50: acc=0.9033  f1m=0.7268  uplink_kB=300.8  t=1.23s
  round  49/50: acc=0.8898  f1m=0.7157  uplink_kB=300.8  t=1.40s
  round  50/50: acc=0.9141  f1m=0.7356  uplink_kB=300.8  t=1.88s
[run] DONE -> /Users/agentra/Documents/hao/working/paper-lab/hao-paper-2026/iotj-fedkan-ids/repo/results/mc_botiot/mc_kan16_lr0p01__dir0.1__seed2026/metrics.json  final_acc=0.9141
