[run] device=cpu  seed=2024  out=/Users/agentra/Documents/hao/working/paper-lab/hao-paper-2026/iotj-fedkan-ids/repo/results/lrsweep_cseciic_mc50k/lrsweep_mlp80_lr0p003__dir0.1__seed2024
[run] model=mlp  params=4,415
  round   1/50: acc=0.1842  f1m=0.0473  uplink_kB=172.5  t=1.53s
  round   2/50: acc=0.3550  f1m=0.1515  uplink_kB=172.5  t=1.01s
  round   3/50: acc=0.3722  f1m=0.1800  uplink_kB=172.5  t=1.07s
  round   4/50: acc=0.3756  f1m=0.1797  uplink_kB=172.5  t=1.03s
  round   5/50: acc=0.5148  f1m=0.2688  uplink_kB=172.5  t=1.07s
  round   6/50: acc=0.6277  f1m=0.3668  uplink_kB=172.5  t=1.01s
  round   7/50: acc=0.6417  f1m=0.3758  uplink_kB=172.5  t=1.07s
  round   8/50: acc=0.6377  f1m=0.3687  uplink_kB=172.5  t=0.99s
  round   9/50: acc=0.6540  f1m=0.3786  uplink_kB=172.5  t=1.15s
  round  10/50: acc=0.6529  f1m=0.3769  uplink_kB=172.5  t=1.04s
  round  11/50: acc=0.6619  f1m=0.3862  uplink_kB=172.5  t=1.09s
  round  12/50: acc=0.6494  f1m=0.3723  uplink_kB=172.5  t=1.00s
  round  13/50: acc=0.6533  f1m=0.3761  uplink_kB=172.5  t=1.06s
  round  14/50: acc=0.6567  f1m=0.3795  uplink_kB=172.5  t=1.03s
  round  15/50: acc=0.6693  f1m=0.3926  uplink_kB=172.5  t=1.06s
  round  16/50: acc=0.6816  f1m=0.4034  uplink_kB=172.5  t=1.05s
  round  17/50: acc=0.6734  f1m=0.3955  uplink_kB=172.5  t=1.07s
  round  18/50: acc=0.6756  f1m=0.3974  uplink_kB=172.5  t=1.03s
  round  19/50: acc=0.6798  f1m=0.4014  uplink_kB=172.5  t=1.06s
  round  20/50: acc=0.6807  f1m=0.4021  uplink_kB=172.5  t=1.04s
  round  21/50: acc=0.7051  f1m=0.4219  uplink_kB=172.5  t=1.05s
  round  22/50: acc=0.7085  f1m=0.4245  uplink_kB=172.5  t=1.05s
  round  23/50: acc=0.7356  f1m=0.4434  uplink_kB=172.5  t=1.06s
  round  24/50: acc=0.7450  f1m=0.4498  uplink_kB=172.5  t=1.07s
  round  25/50: acc=0.7552  f1m=0.4559  uplink_kB=172.5  t=1.00s
  round  26/50: acc=0.7603  f1m=0.4595  uplink_kB=172.5  t=1.14s
  round  27/50: acc=0.7613  f1m=0.4602  uplink_kB=172.5  t=1.01s
  round  28/50: acc=0.7623  f1m=0.4610  uplink_kB=172.5  t=1.08s
  round  29/50: acc=0.7631  f1m=0.4615  uplink_kB=172.5  t=1.01s
  round  30/50: acc=0.7635  f1m=0.4618  uplink_kB=172.5  t=1.06s
  round  31/50: acc=0.7637  f1m=0.4620  uplink_kB=172.5  t=1.03s
  round  32/50: acc=0.7641  f1m=0.4622  uplink_kB=172.5  t=1.11s
  round  33/50: acc=0.7646  f1m=0.4626  uplink_kB=172.5  t=1.04s
  round  34/50: acc=0.7662  f1m=0.4635  uplink_kB=172.5  t=1.08s
  round  35/50: acc=0.7688  f1m=0.4653  uplink_kB=172.5  t=1.00s
  round  36/50: acc=0.7696  f1m=0.4658  uplink_kB=172.5  t=1.04s
  round  37/50: acc=0.7700  f1m=0.4660  uplink_kB=172.5  t=1.01s
  round  38/50: acc=0.7721  f1m=0.4673  uplink_kB=172.5  t=1.05s
  round  39/50: acc=0.7728  f1m=0.4680  uplink_kB=172.5  t=1.09s
  round  40/50: acc=0.7748  f1m=0.4694  uplink_kB=172.5  t=1.01s
  round  41/50: acc=0.7744  f1m=0.4683  uplink_kB=172.5  t=1.06s
  round  42/50: acc=0.7773  f1m=0.4707  uplink_kB=172.5  t=1.11s
  round  43/50: acc=0.7829  f1m=0.4725  uplink_kB=172.5  t=1.06s
  round  44/50: acc=0.7860  f1m=0.4742  uplink_kB=172.5  t=1.05s
  round  45/50: acc=0.7838  f1m=0.4730  uplink_kB=172.5  t=1.04s
  round  46/50: acc=0.7864  f1m=0.4745  uplink_kB=172.5  t=1.06s
  round  47/50: acc=0.7904  f1m=0.4766  uplink_kB=172.5  t=1.01s
  round  48/50: acc=0.7931  f1m=0.4782  uplink_kB=172.5  t=1.03s
  round  49/50: acc=0.7963  f1m=0.4799  uplink_kB=172.5  t=1.00s
  round  50/50: acc=0.7951  f1m=0.4791  uplink_kB=172.5  t=1.12s
[run] DONE -> /Users/agentra/Documents/hao/working/paper-lab/hao-paper-2026/iotj-fedkan-ids/repo/results/lrsweep_cseciic_mc50k/lrsweep_mlp80_lr0p003__dir0.1__seed2024/metrics.json  final_acc=0.7951
