[run] device=cpu  seed=37  out=/Users/agentra/Documents/hao/working/paper-lab/hao-paper-2026/iotj-fedkan-ids/repo/results/lrsweep_toniot/lrsweep_kan8_lr0p003__dir0.1__seed37
[run] model=kan  params=3,280
  round   1/50: acc=0.6357  f1m=0.6269  uplink_kB=150.2  t=2.16s
  round   2/50: acc=0.6414  f1m=0.6336  uplink_kB=150.2  t=1.73s
  round   3/50: acc=0.7357  f1m=0.7351  uplink_kB=150.2  t=1.65s
  round   4/50: acc=0.7182  f1m=0.7178  uplink_kB=150.2  t=1.65s
  round   5/50: acc=0.7217  f1m=0.7204  uplink_kB=150.2  t=1.81s
  round   6/50: acc=0.7273  f1m=0.7244  uplink_kB=150.2  t=1.66s
  round   7/50: acc=0.7320  f1m=0.7286  uplink_kB=150.2  t=1.78s
  round   8/50: acc=0.7347  f1m=0.7315  uplink_kB=150.2  t=1.70s
  round   9/50: acc=0.7352  f1m=0.7322  uplink_kB=150.2  t=1.62s
  round  10/50: acc=0.7377  f1m=0.7348  uplink_kB=150.2  t=1.63s
  round  11/50: acc=0.8684  f1m=0.8683  uplink_kB=150.2  t=1.55s
  round  12/50: acc=0.8640  f1m=0.8638  uplink_kB=150.2  t=1.58s
  round  13/50: acc=0.8759  f1m=0.8759  uplink_kB=150.2  t=1.53s
  round  14/50: acc=0.8828  f1m=0.8828  uplink_kB=150.2  t=1.60s
  round  15/50: acc=0.8873  f1m=0.8873  uplink_kB=150.2  t=1.59s
  round  16/50: acc=0.8944  f1m=0.8943  uplink_kB=150.2  t=1.60s
  round  17/50: acc=0.8996  f1m=0.8994  uplink_kB=150.2  t=1.59s
  round  18/50: acc=0.9099  f1m=0.9099  uplink_kB=150.2  t=1.58s
  round  19/50: acc=0.9112  f1m=0.9111  uplink_kB=150.2  t=1.52s
  round  20/50: acc=0.9160  f1m=0.9159  uplink_kB=150.2  t=1.55s
  round  21/50: acc=0.9167  f1m=0.9166  uplink_kB=150.2  t=1.58s
  round  22/50: acc=0.9144  f1m=0.9142  uplink_kB=150.2  t=1.61s
  round  23/50: acc=0.9201  f1m=0.9199  uplink_kB=150.2  t=1.59s
  round  24/50: acc=0.9216  f1m=0.9214  uplink_kB=150.2  t=1.59s
  round  25/50: acc=0.9252  f1m=0.9250  uplink_kB=150.2  t=1.54s
  round  26/50: acc=0.9239  f1m=0.9237  uplink_kB=150.2  t=1.62s
  round  27/50: acc=0.9356  f1m=0.9354  uplink_kB=150.2  t=1.60s
  round  28/50: acc=0.9268  f1m=0.9266  uplink_kB=150.2  t=1.59s
  round  29/50: acc=0.9306  f1m=0.9304  uplink_kB=150.2  t=1.59s
  round  30/50: acc=0.9394  f1m=0.9393  uplink_kB=150.2  t=1.59s
  round  31/50: acc=0.9408  f1m=0.9407  uplink_kB=150.2  t=1.55s
  round  32/50: acc=0.9359  f1m=0.9358  uplink_kB=150.2  t=1.60s
  round  33/50: acc=0.9336  f1m=0.9334  uplink_kB=150.2  t=1.60s
  round  34/50: acc=0.9428  f1m=0.9427  uplink_kB=150.2  t=1.61s
  round  35/50: acc=0.9438  f1m=0.9438  uplink_kB=150.2  t=1.58s
  round  36/50: acc=0.9384  f1m=0.9382  uplink_kB=150.2  t=1.59s
  round  37/50: acc=0.9332  f1m=0.9330  uplink_kB=150.2  t=1.53s
  round  38/50: acc=0.9397  f1m=0.9396  uplink_kB=150.2  t=1.61s
  round  39/50: acc=0.9467  f1m=0.9466  uplink_kB=150.2  t=1.59s
  round  40/50: acc=0.9477  f1m=0.9476  uplink_kB=150.2  t=1.58s
  round  41/50: acc=0.9448  f1m=0.9447  uplink_kB=150.2  t=1.57s
  round  42/50: acc=0.9517  f1m=0.9516  uplink_kB=150.2  t=1.60s
  round  43/50: acc=0.9444  f1m=0.9443  uplink_kB=150.2  t=1.60s
  round  44/50: acc=0.9421  f1m=0.9420  uplink_kB=150.2  t=1.56s
  round  45/50: acc=0.9529  f1m=0.9529  uplink_kB=150.2  t=1.61s
  round  46/50: acc=0.9518  f1m=0.9518  uplink_kB=150.2  t=1.61s
  round  47/50: acc=0.9522  f1m=0.9521  uplink_kB=150.2  t=1.60s
  round  48/50: acc=0.9469  f1m=0.9468  uplink_kB=150.2  t=1.63s
  round  49/50: acc=0.9478  f1m=0.9477  uplink_kB=150.2  t=1.62s
  round  50/50: acc=0.9510  f1m=0.9509  uplink_kB=150.2  t=1.53s
[run] DONE -> /Users/agentra/Documents/hao/working/paper-lab/hao-paper-2026/iotj-fedkan-ids/repo/results/lrsweep_toniot/lrsweep_kan8_lr0p003__dir0.1__seed37/metrics.json  final_acc=0.9510
