[run] device=cpu  seed=23  out=/Users/agentra/Documents/hao/working/paper-lab/hao-paper-2026/iotj-fedkan-ids/repo/results/scaffold_sgd/scaffold_sgd_kan8__dir0.1__seed23
[run] model=kan  params=3,280
  round   1/50: acc=0.5011  f1m=0.3339  uplink_kB=300.3  t=2.97s
  round   2/50: acc=0.5011  f1m=0.3338  uplink_kB=300.3  t=2.40s
  round   3/50: acc=0.5011  f1m=0.3338  uplink_kB=300.3  t=2.21s
  round   4/50: acc=0.5011  f1m=0.3338  uplink_kB=300.3  t=2.12s
  round   5/50: acc=0.4989  f1m=0.3328  uplink_kB=300.3  t=2.10s
  round   6/50: acc=0.5011  f1m=0.3338  uplink_kB=300.3  t=2.04s
  round   7/50: acc=0.4989  f1m=0.3328  uplink_kB=300.3  t=2.37s
  round   8/50: acc=0.4989  f1m=0.3328  uplink_kB=300.3  t=2.41s
  round   9/50: acc=0.4989  f1m=0.3328  uplink_kB=300.3  t=2.31s
  round  10/50: acc=0.4989  f1m=0.3328  uplink_kB=300.3  t=2.21s
  round  11/50: acc=0.4989  f1m=0.3328  uplink_kB=300.3  t=2.10s
  round  12/50: acc=0.4989  f1m=0.3328  uplink_kB=300.3  t=2.09s
  round  13/50: acc=0.4989  f1m=0.3328  uplink_kB=300.3  t=2.16s
  round  14/50: acc=0.4989  f1m=0.3328  uplink_kB=300.3  t=2.16s
  round  15/50: acc=0.4989  f1m=0.3328  uplink_kB=300.3  t=2.39s
  round  16/50: acc=0.4989  f1m=0.3328  uplink_kB=300.3  t=2.22s
  round  17/50: acc=0.4989  f1m=0.3328  uplink_kB=300.3  t=2.20s
  round  18/50: acc=0.4989  f1m=0.3328  uplink_kB=300.3  t=2.27s
  round  19/50: acc=0.4989  f1m=0.3328  uplink_kB=300.3  t=2.31s
  round  20/50: acc=0.4989  f1m=0.3328  uplink_kB=300.3  t=2.20s
  round  21/50: acc=0.4989  f1m=0.3328  uplink_kB=300.3  t=2.44s
  round  22/50: acc=0.4989  f1m=0.3328  uplink_kB=300.3  t=2.44s
  round  23/50: acc=0.4989  f1m=0.3328  uplink_kB=300.3  t=2.28s
  round  24/50: acc=0.4989  f1m=0.3328  uplink_kB=300.3  t=2.21s
  round  25/50: acc=0.4989  f1m=0.3328  uplink_kB=300.3  t=2.48s
  round  26/50: acc=0.4989  f1m=0.3328  uplink_kB=300.3  t=2.25s
  round  27/50: acc=0.4989  f1m=0.3328  uplink_kB=300.3  t=2.19s
  round  28/50: acc=0.4989  f1m=0.3328  uplink_kB=300.3  t=2.42s
  round  29/50: acc=0.4989  f1m=0.3328  uplink_kB=300.3  t=2.34s
  round  30/50: acc=0.4989  f1m=0.3328  uplink_kB=300.3  t=2.18s
  round  31/50: acc=0.4989  f1m=0.3328  uplink_kB=300.3  t=2.29s
  round  32/50: acc=0.4989  f1m=0.3328  uplink_kB=300.3  t=2.11s
  round  33/50: acc=0.4989  f1m=0.3328  uplink_kB=300.3  t=2.05s
  round  34/50: acc=0.4989  f1m=0.3328  uplink_kB=300.3  t=2.15s
  round  35/50: acc=0.4989  f1m=0.3328  uplink_kB=300.3  t=2.12s
  round  36/50: acc=0.4989  f1m=0.3328  uplink_kB=300.3  t=2.14s
  round  37/50: acc=0.4989  f1m=0.3328  uplink_kB=300.3  t=2.14s
  round  38/50: acc=0.4989  f1m=0.3328  uplink_kB=300.3  t=2.13s
  round  39/50: acc=0.4989  f1m=0.3328  uplink_kB=300.3  t=2.17s
  round  40/50: acc=0.4989  f1m=0.3328  uplink_kB=300.3  t=2.06s
  round  41/50: acc=0.4989  f1m=0.3328  uplink_kB=300.3  t=2.17s
  round  42/50: acc=0.4989  f1m=0.3328  uplink_kB=300.3  t=2.14s
  round  43/50: acc=0.4989  f1m=0.3328  uplink_kB=300.3  t=2.12s
  round  44/50: acc=0.4989  f1m=0.3328  uplink_kB=300.3  t=2.15s
  round  45/50: acc=0.4989  f1m=0.3328  uplink_kB=300.3  t=2.13s
  round  46/50: acc=0.4989  f1m=0.3328  uplink_kB=300.3  t=2.13s
  round  47/50: acc=0.4989  f1m=0.3328  uplink_kB=300.3  t=2.15s
  round  48/50: acc=0.4989  f1m=0.3328  uplink_kB=300.3  t=2.07s
  round  49/50: acc=0.4989  f1m=0.3328  uplink_kB=300.3  t=2.16s
  round  50/50: acc=0.4989  f1m=0.3328  uplink_kB=300.3  t=2.17s
[run] DONE -> /Users/agentra/Documents/hao/working/paper-lab/hao-paper-2026/iotj-fedkan-ids/repo/results/scaffold_sgd/scaffold_sgd_kan8__dir0.1__seed23/metrics.json  final_acc=0.4989
