[run] device=cpu  seed=42  out=/Users/agentra/Documents/hao/working/paper-lab/hao-paper-2026/iotj-fedkan-ids/repo/results/lrsweep_cseciic_mc50k/lrsweep_kan8_lr0p0003__dir0.1__seed42
[run] model=kan  params=4,320
  round   1/50: acc=0.1264  f1m=0.0234  uplink_kB=190.8  t=3.73s
  round   2/50: acc=0.1495  f1m=0.0382  uplink_kB=190.8  t=2.89s
  round   3/50: acc=0.2151  f1m=0.0692  uplink_kB=190.8  t=3.01s
  round   4/50: acc=0.2289  f1m=0.0730  uplink_kB=190.8  t=2.91s
  round   5/50: acc=0.2552  f1m=0.0802  uplink_kB=190.8  t=2.99s
  round   6/50: acc=0.2632  f1m=0.0848  uplink_kB=190.8  t=3.07s
  round   7/50: acc=0.2423  f1m=0.0840  uplink_kB=190.8  t=3.12s
  round   8/50: acc=0.2344  f1m=0.0792  uplink_kB=190.8  t=3.09s
  round   9/50: acc=0.2235  f1m=0.0553  uplink_kB=190.8  t=3.16s
  round  10/50: acc=0.2351  f1m=0.0568  uplink_kB=190.8  t=3.11s
  round  11/50: acc=0.2392  f1m=0.0566  uplink_kB=190.8  t=3.58s
  round  12/50: acc=0.2391  f1m=0.0560  uplink_kB=190.8  t=2.84s
  round  13/50: acc=0.2398  f1m=0.0565  uplink_kB=190.8  t=2.84s
  round  14/50: acc=0.2420  f1m=0.0579  uplink_kB=190.8  t=2.57s
  round  15/50: acc=0.2431  f1m=0.0586  uplink_kB=190.8  t=2.71s
  round  16/50: acc=0.2441  f1m=0.0592  uplink_kB=190.8  t=2.52s
  round  17/50: acc=0.2434  f1m=0.0596  uplink_kB=190.8  t=2.65s
  round  18/50: acc=0.2432  f1m=0.0596  uplink_kB=190.8  t=2.51s
  round  19/50: acc=0.2434  f1m=0.0603  uplink_kB=190.8  t=2.70s
  round  20/50: acc=0.2467  f1m=0.0648  uplink_kB=190.8  t=2.58s
  round  21/50: acc=0.2532  f1m=0.0725  uplink_kB=190.8  t=2.65s
  round  22/50: acc=0.2583  f1m=0.0773  uplink_kB=190.8  t=2.54s
  round  23/50: acc=0.2637  f1m=0.0817  uplink_kB=190.8  t=2.63s
  round  24/50: acc=0.2893  f1m=0.0976  uplink_kB=190.8  t=2.55s
  round  25/50: acc=0.3208  f1m=0.1141  uplink_kB=190.8  t=2.61s
  round  26/50: acc=0.3423  f1m=0.1237  uplink_kB=190.8  t=2.51s
  round  27/50: acc=0.3471  f1m=0.1260  uplink_kB=190.8  t=2.61s
  round  28/50: acc=0.3474  f1m=0.1260  uplink_kB=190.8  t=2.60s
  round  29/50: acc=0.3533  f1m=0.1336  uplink_kB=190.8  t=2.60s
  round  30/50: acc=0.3666  f1m=0.1489  uplink_kB=190.8  t=2.68s
  round  31/50: acc=0.3696  f1m=0.1487  uplink_kB=190.8  t=2.65s
  round  32/50: acc=0.3713  f1m=0.1488  uplink_kB=190.8  t=2.56s
  round  33/50: acc=0.3952  f1m=0.1710  uplink_kB=190.8  t=2.59s
  round  34/50: acc=0.3969  f1m=0.1728  uplink_kB=190.8  t=2.63s
  round  35/50: acc=0.4030  f1m=0.1800  uplink_kB=190.8  t=2.56s
  round  36/50: acc=0.4486  f1m=0.2342  uplink_kB=190.8  t=2.59s
  round  37/50: acc=0.4540  f1m=0.2493  uplink_kB=190.8  t=2.56s
  round  38/50: acc=0.4787  f1m=0.2813  uplink_kB=190.8  t=2.58s
  round  39/50: acc=0.4930  f1m=0.2959  uplink_kB=190.8  t=2.56s
  round  40/50: acc=0.5088  f1m=0.3070  uplink_kB=190.8  t=2.61s
  round  41/50: acc=0.5171  f1m=0.3137  uplink_kB=190.8  t=2.56s
  round  42/50: acc=0.5192  f1m=0.3162  uplink_kB=190.8  t=2.61s
  round  43/50: acc=0.5225  f1m=0.3196  uplink_kB=190.8  t=2.53s
  round  44/50: acc=0.5284  f1m=0.3247  uplink_kB=190.8  t=2.61s
  round  45/50: acc=0.5399  f1m=0.3317  uplink_kB=190.8  t=2.56s
  round  46/50: acc=0.5462  f1m=0.3362  uplink_kB=190.8  t=2.59s
  round  47/50: acc=0.5526  f1m=0.3413  uplink_kB=190.8  t=2.49s
  round  48/50: acc=0.5567  f1m=0.3446  uplink_kB=190.8  t=2.59s
  round  49/50: acc=0.5633  f1m=0.3494  uplink_kB=190.8  t=2.52s
  round  50/50: acc=0.5839  f1m=0.3632  uplink_kB=190.8  t=2.58s
[run] DONE -> /Users/agentra/Documents/hao/working/paper-lab/hao-paper-2026/iotj-fedkan-ids/repo/results/lrsweep_cseciic_mc50k/lrsweep_kan8_lr0p0003__dir0.1__seed42/metrics.json  final_acc=0.5839
