[run] device=cpu  seed=29  out=/Users/agentra/Documents/hao/working/paper-lab/hao-paper-2026/iotj-fedkan-ids/repo/results/lrsweep_toniot/lrsweep_mlp80_lr0p0003__dir0.1__seed29
[run] model=mlp  params=3,362
  round   1/50: acc=0.5000  f1m=0.3333  uplink_kB=131.3  t=1.15s
  round   2/50: acc=0.5000  f1m=0.3333  uplink_kB=131.3  t=0.70s
  round   3/50: acc=0.5000  f1m=0.3333  uplink_kB=131.3  t=0.67s
  round   4/50: acc=0.5002  f1m=0.3337  uplink_kB=131.3  t=0.70s
  round   5/50: acc=0.5125  f1m=0.3609  uplink_kB=131.3  t=0.60s
  round   6/50: acc=0.5175  f1m=0.3742  uplink_kB=131.3  t=0.67s
  round   7/50: acc=0.5330  f1m=0.4069  uplink_kB=131.3  t=0.69s
  round   8/50: acc=0.5438  f1m=0.4315  uplink_kB=131.3  t=0.67s
  round   9/50: acc=0.5700  f1m=0.4840  uplink_kB=131.3  t=0.68s
  round  10/50: acc=0.5890  f1m=0.5190  uplink_kB=131.3  t=0.69s
  round  11/50: acc=0.6098  f1m=0.5553  uplink_kB=131.3  t=0.69s
  round  12/50: acc=0.6120  f1m=0.5614  uplink_kB=131.3  t=0.62s
  round  13/50: acc=0.6140  f1m=0.5652  uplink_kB=131.3  t=0.68s
  round  14/50: acc=0.6184  f1m=0.5736  uplink_kB=131.3  t=0.68s
  round  15/50: acc=0.6270  f1m=0.5874  uplink_kB=131.3  t=0.68s
  round  16/50: acc=0.6391  f1m=0.6060  uplink_kB=131.3  t=0.70s
  round  17/50: acc=0.6632  f1m=0.6387  uplink_kB=131.3  t=0.68s
  round  18/50: acc=0.6728  f1m=0.6517  uplink_kB=131.3  t=0.69s
  round  19/50: acc=0.6741  f1m=0.6536  uplink_kB=131.3  t=0.70s
  round  20/50: acc=0.6742  f1m=0.6546  uplink_kB=131.3  t=0.63s
  round  21/50: acc=0.6940  f1m=0.6791  uplink_kB=131.3  t=0.69s
  round  22/50: acc=0.7005  f1m=0.6883  uplink_kB=131.3  t=0.69s
  round  23/50: acc=0.7114  f1m=0.7013  uplink_kB=131.3  t=0.66s
  round  24/50: acc=0.7168  f1m=0.7079  uplink_kB=131.3  t=0.65s
  round  25/50: acc=0.7193  f1m=0.7112  uplink_kB=131.3  t=0.63s
  round  26/50: acc=0.7208  f1m=0.7135  uplink_kB=131.3  t=0.69s
  round  27/50: acc=0.7225  f1m=0.7155  uplink_kB=131.3  t=0.60s
  round  28/50: acc=0.7248  f1m=0.7180  uplink_kB=131.3  t=0.67s
  round  29/50: acc=0.7270  f1m=0.7207  uplink_kB=131.3  t=0.69s
  round  30/50: acc=0.7285  f1m=0.7225  uplink_kB=131.3  t=0.68s
  round  31/50: acc=0.7291  f1m=0.7232  uplink_kB=131.3  t=0.69s
  round  32/50: acc=0.7288  f1m=0.7231  uplink_kB=131.3  t=0.68s
  round  33/50: acc=0.7293  f1m=0.7238  uplink_kB=131.3  t=0.65s
  round  34/50: acc=0.7295  f1m=0.7240  uplink_kB=131.3  t=0.63s
  round  35/50: acc=0.7313  f1m=0.7262  uplink_kB=131.3  t=0.66s
  round  36/50: acc=0.7316  f1m=0.7265  uplink_kB=131.3  t=0.68s
  round  37/50: acc=0.7316  f1m=0.7265  uplink_kB=131.3  t=0.67s
  round  38/50: acc=0.7318  f1m=0.7267  uplink_kB=131.3  t=0.67s
  round  39/50: acc=0.7318  f1m=0.7268  uplink_kB=131.3  t=0.67s
  round  40/50: acc=0.7320  f1m=0.7270  uplink_kB=131.3  t=0.67s
  round  41/50: acc=0.7321  f1m=0.7272  uplink_kB=131.3  t=0.62s
  round  42/50: acc=0.7321  f1m=0.7273  uplink_kB=131.3  t=0.67s
  round  43/50: acc=0.7321  f1m=0.7273  uplink_kB=131.3  t=0.66s
  round  44/50: acc=0.7324  f1m=0.7276  uplink_kB=131.3  t=0.69s
  round  45/50: acc=0.7325  f1m=0.7278  uplink_kB=131.3  t=0.69s
  round  46/50: acc=0.7330  f1m=0.7282  uplink_kB=131.3  t=0.66s
  round  47/50: acc=0.7330  f1m=0.7284  uplink_kB=131.3  t=0.60s
  round  48/50: acc=0.7355  f1m=0.7313  uplink_kB=131.3  t=0.69s
  round  49/50: acc=0.7352  f1m=0.7309  uplink_kB=131.3  t=0.67s
  round  50/50: acc=0.7356  f1m=0.7314  uplink_kB=131.3  t=0.67s
[run] DONE -> /Users/agentra/Documents/hao/working/paper-lab/hao-paper-2026/iotj-fedkan-ids/repo/results/lrsweep_toniot/lrsweep_mlp80_lr0p0003__dir0.1__seed29/metrics.json  final_acc=0.7356
