[run] device=cpu  seed=2024  out=/Users/agentra/Documents/hao/working/paper-lab/hao-paper-2026/iotj-fedkan-ids/repo/results/lrsweep_cseciic_mc/lrsweep_kan8_lr0p003__dir0.1__seed2024
[run] model=kan  params=4,320
  round   1/50: acc=0.1932  f1m=0.0771  uplink_kB=190.8  t=6.18s
  round   2/50: acc=0.4205  f1m=0.1768  uplink_kB=190.8  t=5.49s
  round   3/50: acc=0.4732  f1m=0.1940  uplink_kB=190.8  t=5.47s
  round   4/50: acc=0.5485  f1m=0.3195  uplink_kB=190.8  t=5.56s
  round   5/50: acc=0.5975  f1m=0.3706  uplink_kB=190.8  t=5.46s
  round   6/50: acc=0.7616  f1m=0.4627  uplink_kB=190.8  t=5.37s
  round   7/50: acc=0.8160  f1m=0.4895  uplink_kB=190.8  t=5.55s
  round   8/50: acc=0.8220  f1m=0.5178  uplink_kB=190.8  t=5.43s
  round   9/50: acc=0.8343  f1m=0.5428  uplink_kB=190.8  t=5.52s
  round  10/50: acc=0.8387  f1m=0.6120  uplink_kB=190.8  t=5.42s
  round  11/50: acc=0.8433  f1m=0.6251  uplink_kB=190.8  t=5.42s
  round  12/50: acc=0.8480  f1m=0.6313  uplink_kB=190.8  t=5.42s
  round  13/50: acc=0.8497  f1m=0.6338  uplink_kB=190.8  t=5.44s
  round  14/50: acc=0.8520  f1m=0.6371  uplink_kB=190.8  t=5.41s
  round  15/50: acc=0.8515  f1m=0.6358  uplink_kB=190.8  t=5.49s
  round  16/50: acc=0.8462  f1m=0.6366  uplink_kB=190.8  t=5.51s
  round  17/50: acc=0.8370  f1m=0.6364  uplink_kB=190.8  t=5.59s
  round  18/50: acc=0.8459  f1m=0.6392  uplink_kB=190.8  t=5.41s
  round  19/50: acc=0.8452  f1m=0.6397  uplink_kB=190.8  t=5.87s
  round  20/50: acc=0.8501  f1m=0.6387  uplink_kB=190.8  t=5.46s
  round  21/50: acc=0.8598  f1m=0.6441  uplink_kB=190.8  t=5.45s
  round  22/50: acc=0.8616  f1m=0.6474  uplink_kB=190.8  t=5.45s
  round  23/50: acc=0.8616  f1m=0.6478  uplink_kB=190.8  t=5.65s
  round  24/50: acc=0.8624  f1m=0.6507  uplink_kB=190.8  t=5.39s
  round  25/50: acc=0.8655  f1m=0.6546  uplink_kB=190.8  t=5.61s
  round  26/50: acc=0.8666  f1m=0.6567  uplink_kB=190.8  t=5.60s
  round  27/50: acc=0.8671  f1m=0.6672  uplink_kB=190.8  t=5.50s
  round  28/50: acc=0.8685  f1m=0.6716  uplink_kB=190.8  t=5.40s
  round  29/50: acc=0.8689  f1m=0.6701  uplink_kB=190.8  t=5.35s
  round  30/50: acc=0.8695  f1m=0.6728  uplink_kB=190.8  t=5.50s
  round  31/50: acc=0.8699  f1m=0.6729  uplink_kB=190.8  t=5.39s
  round  32/50: acc=0.8697  f1m=0.6730  uplink_kB=190.8  t=5.41s
  round  33/50: acc=0.8701  f1m=0.6740  uplink_kB=190.8  t=5.45s
  round  34/50: acc=0.8708  f1m=0.6788  uplink_kB=190.8  t=5.46s
  round  35/50: acc=0.8721  f1m=0.6794  uplink_kB=190.8  t=5.56s
  round  36/50: acc=0.8712  f1m=0.6790  uplink_kB=190.8  t=5.53s
  round  37/50: acc=0.8719  f1m=0.6791  uplink_kB=190.8  t=5.52s
  round  38/50: acc=0.8716  f1m=0.6789  uplink_kB=190.8  t=5.44s
  round  39/50: acc=0.8716  f1m=0.6793  uplink_kB=190.8  t=5.48s
  round  40/50: acc=0.8698  f1m=0.6746  uplink_kB=190.8  t=5.40s
  round  41/50: acc=0.8721  f1m=0.6795  uplink_kB=190.8  t=5.42s
  round  42/50: acc=0.8716  f1m=0.6790  uplink_kB=190.8  t=5.42s
  round  43/50: acc=0.8719  f1m=0.6780  uplink_kB=190.8  t=5.31s
  round  44/50: acc=0.8718  f1m=0.6766  uplink_kB=190.8  t=5.31s
  round  45/50: acc=0.8715  f1m=0.6765  uplink_kB=190.8  t=5.35s
  round  46/50: acc=0.8717  f1m=0.6778  uplink_kB=190.8  t=5.34s
  round  47/50: acc=0.7290  f1m=0.6395  uplink_kB=190.8  t=5.40s
  round  48/50: acc=0.8752  f1m=0.7045  uplink_kB=190.8  t=5.39s
  round  49/50: acc=0.8851  f1m=0.7545  uplink_kB=190.8  t=5.42s
  round  50/50: acc=0.8729  f1m=0.6875  uplink_kB=190.8  t=5.31s
[run] DONE -> /Users/agentra/Documents/hao/working/paper-lab/hao-paper-2026/iotj-fedkan-ids/repo/results/lrsweep_cseciic_mc/lrsweep_kan8_lr0p003__dir0.1__seed2024/metrics.json  final_acc=0.8729
