[run] device=cpu  seed=17  out=/Users/agentra/Documents/hao/working/paper-lab/hao-paper-2026/iotj-fedkan-ids/repo/results/lrext_cseciic/lrext_mlp80_lr0p3__dir0.1__seed17
[run] model=mlp  params=3,362
  round   1/50: acc=0.5000  f1m=0.3333  uplink_kB=131.3  t=1.65s
  round   2/50: acc=0.5000  f1m=0.3333  uplink_kB=131.3  t=0.90s
  round   3/50: acc=0.5000  f1m=0.3333  uplink_kB=131.3  t=0.89s
  round   4/50: acc=0.5220  f1m=0.4014  uplink_kB=131.3  t=0.95s
  round   5/50: acc=0.5002  f1m=0.3337  uplink_kB=131.3  t=0.89s
  round   6/50: acc=0.5001  f1m=0.3336  uplink_kB=131.3  t=0.81s
  round   7/50: acc=0.5000  f1m=0.3334  uplink_kB=131.3  t=0.88s
  round   8/50: acc=0.5000  f1m=0.3334  uplink_kB=131.3  t=0.93s
  round   9/50: acc=0.5044  f1m=0.3432  uplink_kB=131.3  t=0.95s
  round  10/50: acc=0.5002  f1m=0.3337  uplink_kB=131.3  t=0.89s
  round  11/50: acc=0.5000  f1m=0.3334  uplink_kB=131.3  t=0.88s
  round  12/50: acc=0.5007  f1m=0.3349  uplink_kB=131.3  t=0.81s
  round  13/50: acc=0.5002  f1m=0.3338  uplink_kB=131.3  t=0.88s
  round  14/50: acc=0.5000  f1m=0.3334  uplink_kB=131.3  t=0.87s
  round  15/50: acc=0.5000  f1m=0.3334  uplink_kB=131.3  t=0.90s
  round  16/50: acc=0.5291  f1m=0.3957  uplink_kB=131.3  t=0.88s
  round  17/50: acc=0.5288  f1m=0.3951  uplink_kB=131.3  t=0.92s
  round  18/50: acc=0.5275  f1m=0.3924  uplink_kB=131.3  t=0.87s
  round  19/50: acc=0.5273  f1m=0.3918  uplink_kB=131.3  t=0.83s
  round  20/50: acc=0.5254  f1m=0.3879  uplink_kB=131.3  t=0.93s
  round  21/50: acc=0.5273  f1m=0.3920  uplink_kB=131.3  t=1.01s
  round  22/50: acc=0.5239  f1m=0.3850  uplink_kB=131.3  t=0.87s
  round  23/50: acc=0.5177  f1m=0.3720  uplink_kB=131.3  t=0.90s
  round  24/50: acc=0.5196  f1m=0.3759  uplink_kB=131.3  t=0.88s
  round  25/50: acc=0.5124  f1m=0.3603  uplink_kB=131.3  t=0.88s
  round  26/50: acc=0.5179  f1m=0.3724  uplink_kB=131.3  t=0.84s
  round  27/50: acc=0.5113  f1m=0.3580  uplink_kB=131.3  t=0.94s
  round  28/50: acc=0.5089  f1m=0.3527  uplink_kB=131.3  t=0.88s
  round  29/50: acc=0.5095  f1m=0.3541  uplink_kB=131.3  t=0.86s
  round  30/50: acc=0.5086  f1m=0.3522  uplink_kB=131.3  t=0.87s
  round  31/50: acc=0.5089  f1m=0.3527  uplink_kB=131.3  t=0.87s
  round  32/50: acc=0.5082  f1m=0.3514  uplink_kB=131.3  t=0.92s
  round  33/50: acc=0.5087  f1m=0.3523  uplink_kB=131.3  t=0.80s
  round  34/50: acc=0.5042  f1m=0.3425  uplink_kB=131.3  t=0.88s
  round  35/50: acc=0.5054  f1m=0.3453  uplink_kB=131.3  t=0.88s
  round  36/50: acc=0.5045  f1m=0.3433  uplink_kB=131.3  t=0.88s
  round  37/50: acc=0.5027  f1m=0.3393  uplink_kB=131.3  t=0.88s
  round  38/50: acc=0.5030  f1m=0.3399  uplink_kB=131.3  t=0.87s
  round  39/50: acc=0.5000  f1m=0.3334  uplink_kB=131.3  t=0.85s
  round  40/50: acc=0.5001  f1m=0.3335  uplink_kB=131.3  t=0.79s
  round  41/50: acc=0.5000  f1m=0.3334  uplink_kB=131.3  t=0.86s
  round  42/50: acc=0.5000  f1m=0.3333  uplink_kB=131.3  t=0.90s
  round  43/50: acc=0.5001  f1m=0.3335  uplink_kB=131.3  t=0.94s
  round  44/50: acc=0.5000  f1m=0.3334  uplink_kB=131.3  t=0.91s
  round  45/50: acc=0.5000  f1m=0.3333  uplink_kB=131.3  t=0.89s
  round  46/50: acc=0.5000  f1m=0.3334  uplink_kB=131.3  t=0.88s
  round  47/50: acc=0.5273  f1m=0.3946  uplink_kB=131.3  t=0.83s
  round  48/50: acc=0.5279  f1m=0.3931  uplink_kB=131.3  t=0.87s
  round  49/50: acc=0.5265  f1m=0.3901  uplink_kB=131.3  t=0.86s
  round  50/50: acc=0.5297  f1m=0.3968  uplink_kB=131.3  t=0.86s
[run] DONE -> /Users/agentra/Documents/hao/working/paper-lab/hao-paper-2026/iotj-fedkan-ids/repo/results/lrext_cseciic/lrext_mlp80_lr0p3__dir0.1__seed17/metrics.json  final_acc=0.5297
