[run] device=cpu  seed=31  out=/Users/agentra/Documents/hao/working/paper-lab/hao-paper-2026/iotj-fedkan-ids/repo/results/lrsweep_botiot/lrsweep_kan16_lr0p0003__dir0.1__seed31
[run] model=kan  params=6,560
  round   1/50: acc=0.5011  f1m=0.3339  uplink_kB=282.0  t=2.53s
  round   2/50: acc=0.5011  f1m=0.3338  uplink_kB=282.0  t=1.99s
  round   3/50: acc=0.5011  f1m=0.3338  uplink_kB=282.0  t=1.94s
  round   4/50: acc=0.5011  f1m=0.3338  uplink_kB=282.0  t=1.92s
  round   5/50: acc=0.5011  f1m=0.3338  uplink_kB=282.0  t=1.89s
  round   6/50: acc=0.5011  f1m=0.3338  uplink_kB=282.0  t=1.90s
  round   7/50: acc=0.5011  f1m=0.3338  uplink_kB=282.0  t=1.92s
  round   8/50: acc=0.5011  f1m=0.3338  uplink_kB=282.0  t=1.99s
  round   9/50: acc=0.5011  f1m=0.3338  uplink_kB=282.0  t=1.97s
  round  10/50: acc=0.5011  f1m=0.3338  uplink_kB=282.0  t=2.03s
  round  11/50: acc=0.5011  f1m=0.3338  uplink_kB=282.0  t=2.22s
  round  12/50: acc=0.5011  f1m=0.3338  uplink_kB=282.0  t=1.84s
  round  13/50: acc=0.5011  f1m=0.3338  uplink_kB=282.0  t=1.94s
  round  14/50: acc=0.5011  f1m=0.3338  uplink_kB=282.0  t=1.96s
  round  15/50: acc=0.5011  f1m=0.3338  uplink_kB=282.0  t=1.99s
  round  16/50: acc=0.5011  f1m=0.3338  uplink_kB=282.0  t=1.92s
  round  17/50: acc=0.5011  f1m=0.3338  uplink_kB=282.0  t=1.94s
  round  18/50: acc=0.5011  f1m=0.3338  uplink_kB=282.0  t=1.93s
  round  19/50: acc=0.5011  f1m=0.3338  uplink_kB=282.0  t=1.97s
  round  20/50: acc=0.5011  f1m=0.3338  uplink_kB=282.0  t=1.92s
  round  21/50: acc=0.5011  f1m=0.3338  uplink_kB=282.0  t=1.90s
  round  22/50: acc=0.5017  f1m=0.3353  uplink_kB=282.0  t=2.08s
  round  23/50: acc=0.5028  f1m=0.3376  uplink_kB=282.0  t=2.12s
  round  24/50: acc=0.5040  f1m=0.3402  uplink_kB=282.0  t=2.17s
  round  25/50: acc=0.5057  f1m=0.3440  uplink_kB=282.0  t=2.26s
  round  26/50: acc=0.5073  f1m=0.3475  uplink_kB=282.0  t=2.13s
  round  27/50: acc=0.5089  f1m=0.3510  uplink_kB=282.0  t=2.14s
  round  28/50: acc=0.5104  f1m=0.3541  uplink_kB=282.0  t=2.19s
  round  29/50: acc=0.5119  f1m=0.3575  uplink_kB=282.0  t=2.13s
  round  30/50: acc=0.5139  f1m=0.3617  uplink_kB=282.0  t=2.19s
  round  31/50: acc=0.5247  f1m=0.3844  uplink_kB=282.0  t=2.04s
  round  32/50: acc=0.5280  f1m=0.3910  uplink_kB=282.0  t=2.21s
  round  33/50: acc=0.5398  f1m=0.4147  uplink_kB=282.0  t=2.12s
  round  34/50: acc=0.6371  f1m=0.5813  uplink_kB=282.0  t=2.09s
  round  35/50: acc=0.7472  f1m=0.7355  uplink_kB=282.0  t=2.24s
  round  36/50: acc=0.7524  f1m=0.7419  uplink_kB=282.0  t=1.91s
  round  37/50: acc=0.8420  f1m=0.8400  uplink_kB=282.0  t=1.92s
  round  38/50: acc=0.8448  f1m=0.8429  uplink_kB=282.0  t=1.90s
  round  39/50: acc=0.8472  f1m=0.8454  uplink_kB=282.0  t=1.86s
  round  40/50: acc=0.8489  f1m=0.8472  uplink_kB=282.0  t=1.87s
  round  41/50: acc=0.8505  f1m=0.8489  uplink_kB=282.0  t=1.90s
  round  42/50: acc=0.8517  f1m=0.8501  uplink_kB=282.0  t=2.15s
  round  43/50: acc=0.8538  f1m=0.8524  uplink_kB=282.0  t=2.10s
  round  44/50: acc=0.8549  f1m=0.8535  uplink_kB=282.0  t=2.13s
  round  45/50: acc=0.8553  f1m=0.8539  uplink_kB=282.0  t=2.22s
  round  46/50: acc=0.8555  f1m=0.8541  uplink_kB=282.0  t=2.07s
  round  47/50: acc=0.8537  f1m=0.8524  uplink_kB=282.0  t=2.07s
  round  48/50: acc=0.8588  f1m=0.8577  uplink_kB=282.0  t=2.05s
  round  49/50: acc=0.8826  f1m=0.8821  uplink_kB=282.0  t=2.13s
  round  50/50: acc=0.8833  f1m=0.8828  uplink_kB=282.0  t=2.02s
[run] DONE -> /Users/agentra/Documents/hao/working/paper-lab/hao-paper-2026/iotj-fedkan-ids/repo/results/lrsweep_botiot/lrsweep_kan16_lr0p0003__dir0.1__seed31/metrics.json  final_acc=0.8833
