[run] device=cpu  seed=11  out=/Users/agentra/Documents/hao/working/paper-lab/hao-paper-2026/iotj-fedkan-ids/repo/results/lrsweep_cseciic_mc50k/lrsweep_mlp32_lr0p01__dir0.1__seed11
[run] model=mlp  params=1,775
  round   1/50: acc=0.2658  f1m=0.0992  uplink_kB=69.3  t=1.87s
  round   2/50: acc=0.3352  f1m=0.1531  uplink_kB=69.3  t=1.18s
  round   3/50: acc=0.5176  f1m=0.3403  uplink_kB=69.3  t=1.07s
  round   4/50: acc=0.6152  f1m=0.4364  uplink_kB=69.3  t=1.01s
  round   5/50: acc=0.6237  f1m=0.4542  uplink_kB=69.3  t=1.17s
  round   6/50: acc=0.6171  f1m=0.4581  uplink_kB=69.3  t=0.99s
  round   7/50: acc=0.6280  f1m=0.4743  uplink_kB=69.3  t=1.01s
  round   8/50: acc=0.6582  f1m=0.5049  uplink_kB=69.3  t=1.05s
  round   9/50: acc=0.7021  f1m=0.5477  uplink_kB=69.3  t=0.98s
  round  10/50: acc=0.7585  f1m=0.5849  uplink_kB=69.3  t=1.00s
  round  11/50: acc=0.7670  f1m=0.5899  uplink_kB=69.3  t=1.07s
  round  12/50: acc=0.7661  f1m=0.5737  uplink_kB=69.3  t=1.01s
  round  13/50: acc=0.7719  f1m=0.5780  uplink_kB=69.3  t=1.09s
  round  14/50: acc=0.7704  f1m=0.5763  uplink_kB=69.3  t=0.97s
  round  15/50: acc=0.7743  f1m=0.5805  uplink_kB=69.3  t=1.06s
  round  16/50: acc=0.7739  f1m=0.5796  uplink_kB=69.3  t=0.97s
  round  17/50: acc=0.7715  f1m=0.5780  uplink_kB=69.3  t=1.01s
  round  18/50: acc=0.7760  f1m=0.5817  uplink_kB=69.3  t=1.22s
  round  19/50: acc=0.7738  f1m=0.5785  uplink_kB=69.3  t=1.12s
  round  20/50: acc=0.7781  f1m=0.5814  uplink_kB=69.3  t=0.98s
  round  21/50: acc=0.7867  f1m=0.5915  uplink_kB=69.3  t=1.06s
  round  22/50: acc=0.7823  f1m=0.5871  uplink_kB=69.3  t=1.02s
  round  23/50: acc=0.7916  f1m=0.5909  uplink_kB=69.3  t=1.00s
  round  24/50: acc=0.7959  f1m=0.5959  uplink_kB=69.3  t=1.04s
  round  25/50: acc=0.8719  f1m=0.7048  uplink_kB=69.3  t=1.12s
  round  26/50: acc=0.7980  f1m=0.5973  uplink_kB=69.3  t=1.03s
  round  27/50: acc=0.7997  f1m=0.5999  uplink_kB=69.3  t=1.06s
  round  28/50: acc=0.7993  f1m=0.6018  uplink_kB=69.3  t=1.00s
  round  29/50: acc=0.8440  f1m=0.6728  uplink_kB=69.3  t=1.11s
  round  30/50: acc=0.7978  f1m=0.6017  uplink_kB=69.3  t=1.07s
  round  31/50: acc=0.8107  f1m=0.6163  uplink_kB=69.3  t=1.04s
  round  32/50: acc=0.8294  f1m=0.6476  uplink_kB=69.3  t=1.00s
  round  33/50: acc=0.8619  f1m=0.6993  uplink_kB=69.3  t=0.99s
  round  34/50: acc=0.8734  f1m=0.7158  uplink_kB=69.3  t=1.08s
  round  35/50: acc=0.8650  f1m=0.7100  uplink_kB=69.3  t=1.02s
  round  36/50: acc=0.8680  f1m=0.7051  uplink_kB=69.3  t=1.09s
  round  37/50: acc=0.8677  f1m=0.7026  uplink_kB=69.3  t=1.04s
  round  38/50: acc=0.8661  f1m=0.7012  uplink_kB=69.3  t=1.12s
  round  39/50: acc=0.8698  f1m=0.7209  uplink_kB=69.3  t=1.01s
  round  40/50: acc=0.8564  f1m=0.6910  uplink_kB=69.3  t=1.06s
  round  41/50: acc=0.8730  f1m=0.7251  uplink_kB=69.3  t=1.02s
  round  42/50: acc=0.8307  f1m=0.6716  uplink_kB=69.3  t=1.03s
  round  43/50: acc=0.8688  f1m=0.7262  uplink_kB=69.3  t=1.02s
  round  44/50: acc=0.8648  f1m=0.7193  uplink_kB=69.3  t=1.06s
  round  45/50: acc=0.8608  f1m=0.7071  uplink_kB=69.3  t=0.99s
  round  46/50: acc=0.8683  f1m=0.7225  uplink_kB=69.3  t=1.08s
  round  47/50: acc=0.8633  f1m=0.7198  uplink_kB=69.3  t=1.02s
  round  48/50: acc=0.8750  f1m=0.7307  uplink_kB=69.3  t=1.10s
  round  49/50: acc=0.8731  f1m=0.7375  uplink_kB=69.3  t=1.06s
  round  50/50: acc=0.8732  f1m=0.7380  uplink_kB=69.3  t=1.11s
[run] DONE -> /Users/agentra/Documents/hao/working/paper-lab/hao-paper-2026/iotj-fedkan-ids/repo/results/lrsweep_cseciic_mc50k/lrsweep_mlp32_lr0p01__dir0.1__seed11/metrics.json  final_acc=0.8732
