[run] device=cpu  seed=37  out=/Users/agentra/Documents/hao/working/paper-lab/hao-paper-2026/iotj-fedkan-ids/repo/results/lrsweep_cseciic_mc50k/lrsweep_mlp80_lr0p0003__dir0.1__seed37
[run] model=mlp  params=4,415
  round   1/50: acc=0.1306  f1m=0.0231  uplink_kB=172.5  t=1.63s
  round   2/50: acc=0.1307  f1m=0.0216  uplink_kB=172.5  t=1.06s
  round   3/50: acc=0.1549  f1m=0.0406  uplink_kB=172.5  t=1.08s
  round   4/50: acc=0.1913  f1m=0.0557  uplink_kB=172.5  t=1.03s
  round   5/50: acc=0.1953  f1m=0.0572  uplink_kB=172.5  t=1.11s
  round   6/50: acc=0.1995  f1m=0.0518  uplink_kB=172.5  t=1.07s
  round   7/50: acc=0.2100  f1m=0.0558  uplink_kB=172.5  t=1.08s
  round   8/50: acc=0.2174  f1m=0.0586  uplink_kB=172.5  t=1.06s
  round   9/50: acc=0.2339  f1m=0.0647  uplink_kB=172.5  t=1.11s
  round  10/50: acc=0.2434  f1m=0.0685  uplink_kB=172.5  t=1.07s
  round  11/50: acc=0.2544  f1m=0.0726  uplink_kB=172.5  t=1.12s
  round  12/50: acc=0.2841  f1m=0.0835  uplink_kB=172.5  t=1.06s
  round  13/50: acc=0.3043  f1m=0.0906  uplink_kB=172.5  t=1.13s
  round  14/50: acc=0.3084  f1m=0.0917  uplink_kB=172.5  t=0.98s
  round  15/50: acc=0.3102  f1m=0.0923  uplink_kB=172.5  t=1.08s
  round  16/50: acc=0.3203  f1m=0.0969  uplink_kB=172.5  t=1.07s
  round  17/50: acc=0.3308  f1m=0.1003  uplink_kB=172.5  t=1.08s
  round  18/50: acc=0.3311  f1m=0.0992  uplink_kB=172.5  t=1.27s
  round  19/50: acc=0.3314  f1m=0.0986  uplink_kB=172.5  t=1.08s
  round  20/50: acc=0.3317  f1m=0.0985  uplink_kB=172.5  t=1.06s
  round  21/50: acc=0.3322  f1m=0.0985  uplink_kB=172.5  t=1.12s
  round  22/50: acc=0.3324  f1m=0.0985  uplink_kB=172.5  t=1.15s
  round  23/50: acc=0.3328  f1m=0.0987  uplink_kB=172.5  t=1.06s
  round  24/50: acc=0.3296  f1m=0.0979  uplink_kB=172.5  t=1.25s
  round  25/50: acc=0.3390  f1m=0.1158  uplink_kB=172.5  t=1.02s
  round  26/50: acc=0.3507  f1m=0.1287  uplink_kB=172.5  t=1.19s
  round  27/50: acc=0.3653  f1m=0.1421  uplink_kB=172.5  t=0.99s
  round  28/50: acc=0.3665  f1m=0.1426  uplink_kB=172.5  t=1.03s
  round  29/50: acc=0.3671  f1m=0.1427  uplink_kB=172.5  t=1.05s
  round  30/50: acc=0.3678  f1m=0.1429  uplink_kB=172.5  t=1.03s
  round  31/50: acc=0.3684  f1m=0.1431  uplink_kB=172.5  t=1.07s
  round  32/50: acc=0.3691  f1m=0.1434  uplink_kB=172.5  t=1.00s
  round  33/50: acc=0.3701  f1m=0.1437  uplink_kB=172.5  t=1.07s
  round  34/50: acc=0.3703  f1m=0.1438  uplink_kB=172.5  t=1.03s
  round  35/50: acc=0.3706  f1m=0.1443  uplink_kB=172.5  t=1.18s
  round  36/50: acc=0.3706  f1m=0.1443  uplink_kB=172.5  t=1.01s
  round  37/50: acc=0.3706  f1m=0.1443  uplink_kB=172.5  t=1.07s
  round  38/50: acc=0.3706  f1m=0.1443  uplink_kB=172.5  t=1.01s
  round  39/50: acc=0.3706  f1m=0.1443  uplink_kB=172.5  t=1.06s
  round  40/50: acc=0.3709  f1m=0.1447  uplink_kB=172.5  t=0.96s
  round  41/50: acc=0.3789  f1m=0.1538  uplink_kB=172.5  t=1.04s
  round  42/50: acc=0.3845  f1m=0.1571  uplink_kB=172.5  t=1.21s
  round  43/50: acc=0.3888  f1m=0.1615  uplink_kB=172.5  t=1.10s
  round  44/50: acc=0.3934  f1m=0.1660  uplink_kB=172.5  t=1.02s
  round  45/50: acc=0.3987  f1m=0.1707  uplink_kB=172.5  t=1.06s
  round  46/50: acc=0.4027  f1m=0.1741  uplink_kB=172.5  t=1.05s
  round  47/50: acc=0.4081  f1m=0.1785  uplink_kB=172.5  t=1.01s
  round  48/50: acc=0.4127  f1m=0.1822  uplink_kB=172.5  t=1.02s
  round  49/50: acc=0.4206  f1m=0.1883  uplink_kB=172.5  t=1.51s
  round  50/50: acc=0.4290  f1m=0.1958  uplink_kB=172.5  t=1.23s
[run] DONE -> /Users/agentra/Documents/hao/working/paper-lab/hao-paper-2026/iotj-fedkan-ids/repo/results/lrsweep_cseciic_mc50k/lrsweep_mlp80_lr0p0003__dir0.1__seed37/metrics.json  final_acc=0.4290
