[run] device=cpu  seed=11  out=/Users/agentra/Documents/hao/working/paper-lab/hao-paper-2026/iotj-fedkan-ids/repo/results/lrsweep_cseciic_mc50k/lrsweep_kan8_lr0p003__dir0.1__seed11
[run] model=kan  params=4,320
  round   1/50: acc=0.1208  f1m=0.0391  uplink_kB=190.8  t=3.23s
  round   2/50: acc=0.1336  f1m=0.0382  uplink_kB=190.8  t=2.50s
  round   3/50: acc=0.2525  f1m=0.0886  uplink_kB=190.8  t=2.57s
  round   4/50: acc=0.4224  f1m=0.1911  uplink_kB=190.8  t=2.50s
  round   5/50: acc=0.4659  f1m=0.2158  uplink_kB=190.8  t=2.54s
  round   6/50: acc=0.4972  f1m=0.2746  uplink_kB=190.8  t=2.52s
  round   7/50: acc=0.4784  f1m=0.2518  uplink_kB=190.8  t=2.59s
  round   8/50: acc=0.4915  f1m=0.2631  uplink_kB=190.8  t=2.59s
  round   9/50: acc=0.5841  f1m=0.3144  uplink_kB=190.8  t=2.53s
  round  10/50: acc=0.5904  f1m=0.3435  uplink_kB=190.8  t=2.60s
  round  11/50: acc=0.6011  f1m=0.3889  uplink_kB=190.8  t=2.54s
  round  12/50: acc=0.6094  f1m=0.4011  uplink_kB=190.8  t=2.60s
  round  13/50: acc=0.6173  f1m=0.4124  uplink_kB=190.8  t=2.51s
  round  14/50: acc=0.6277  f1m=0.4453  uplink_kB=190.8  t=2.59s
  round  15/50: acc=0.6340  f1m=0.4524  uplink_kB=190.8  t=2.51s
  round  16/50: acc=0.6382  f1m=0.4579  uplink_kB=190.8  t=2.61s
  round  17/50: acc=0.6419  f1m=0.4622  uplink_kB=190.8  t=2.51s
  round  18/50: acc=0.6489  f1m=0.4687  uplink_kB=190.8  t=2.61s
  round  19/50: acc=0.6520  f1m=0.4719  uplink_kB=190.8  t=2.54s
  round  20/50: acc=0.6837  f1m=0.5127  uplink_kB=190.8  t=2.62s
  round  21/50: acc=0.7438  f1m=0.5513  uplink_kB=190.8  t=2.52s
  round  22/50: acc=0.7610  f1m=0.5755  uplink_kB=190.8  t=2.58s
  round  23/50: acc=0.7642  f1m=0.5838  uplink_kB=190.8  t=2.56s
  round  24/50: acc=0.7682  f1m=0.5869  uplink_kB=190.8  t=2.63s
  round  25/50: acc=0.7692  f1m=0.5875  uplink_kB=190.8  t=2.55s
  round  26/50: acc=0.7700  f1m=0.5882  uplink_kB=190.8  t=2.59s
  round  27/50: acc=0.7703  f1m=0.5888  uplink_kB=190.8  t=2.57s
  round  28/50: acc=0.7709  f1m=0.5897  uplink_kB=190.8  t=2.60s
  round  29/50: acc=0.7720  f1m=0.5910  uplink_kB=190.8  t=2.53s
  round  30/50: acc=0.7728  f1m=0.5914  uplink_kB=190.8  t=2.58s
  round  31/50: acc=0.7737  f1m=0.5926  uplink_kB=190.8  t=2.71s
  round  32/50: acc=0.7747  f1m=0.5940  uplink_kB=190.8  t=2.63s
  round  33/50: acc=0.7711  f1m=0.5923  uplink_kB=190.8  t=2.61s
  round  34/50: acc=0.7773  f1m=0.6038  uplink_kB=190.8  t=2.68s
  round  35/50: acc=0.7764  f1m=0.6033  uplink_kB=190.8  t=2.67s
  round  36/50: acc=0.7434  f1m=0.5968  uplink_kB=190.8  t=2.68s
  round  37/50: acc=0.7530  f1m=0.6349  uplink_kB=190.8  t=2.55s
  round  38/50: acc=0.7546  f1m=0.6360  uplink_kB=190.8  t=2.63s
  round  39/50: acc=0.7701  f1m=0.6611  uplink_kB=190.8  t=2.67s
  round  40/50: acc=0.7562  f1m=0.6389  uplink_kB=190.8  t=2.60s
  round  41/50: acc=0.7587  f1m=0.6431  uplink_kB=190.8  t=2.54s
  round  42/50: acc=0.7897  f1m=0.6777  uplink_kB=190.8  t=2.61s
  round  43/50: acc=0.7894  f1m=0.6778  uplink_kB=190.8  t=2.52s
  round  44/50: acc=0.7907  f1m=0.6784  uplink_kB=190.8  t=2.60s
  round  45/50: acc=0.7919  f1m=0.6798  uplink_kB=190.8  t=2.54s
  round  46/50: acc=0.7798  f1m=0.6688  uplink_kB=190.8  t=2.59s
  round  47/50: acc=0.8230  f1m=0.7017  uplink_kB=190.8  t=2.55s
  round  48/50: acc=0.8250  f1m=0.7016  uplink_kB=190.8  t=2.56s
  round  49/50: acc=0.8051  f1m=0.6898  uplink_kB=190.8  t=2.50s
  round  50/50: acc=0.8243  f1m=0.7023  uplink_kB=190.8  t=2.54s
[run] DONE -> /Users/agentra/Documents/hao/working/paper-lab/hao-paper-2026/iotj-fedkan-ids/repo/results/lrsweep_cseciic_mc50k/lrsweep_kan8_lr0p003__dir0.1__seed11/metrics.json  final_acc=0.8243
