[run] device=cpu  seed=43  out=/Users/agentra/Documents/hao/working/paper-lab/hao-paper-2026/iotj-fedkan-ids/repo/results/mc_botiot/mc_kan16_lr0p01__dir0.1__seed43
[run] model=kan  params=7,040
  round   1/50: acc=0.6330  f1m=0.4566  uplink_kB=300.8  t=2.57s
  round   2/50: acc=0.6431  f1m=0.4792  uplink_kB=300.8  t=1.47s
  round   3/50: acc=0.8381  f1m=0.6739  uplink_kB=300.8  t=1.11s
  round   4/50: acc=0.8495  f1m=0.6815  uplink_kB=300.8  t=1.39s
  round   5/50: acc=0.8650  f1m=0.6944  uplink_kB=300.8  t=1.51s
  round   6/50: acc=0.8693  f1m=0.6983  uplink_kB=300.8  t=1.84s
  round   7/50: acc=0.8866  f1m=0.7134  uplink_kB=300.8  t=1.75s
  round   8/50: acc=0.8893  f1m=0.7157  uplink_kB=300.8  t=1.63s
  round   9/50: acc=0.9024  f1m=0.7265  uplink_kB=300.8  t=1.60s
  round  10/50: acc=0.9031  f1m=0.7272  uplink_kB=300.8  t=1.65s
  round  11/50: acc=0.9027  f1m=0.7269  uplink_kB=300.8  t=1.63s
  round  12/50: acc=0.9055  f1m=0.7292  uplink_kB=300.8  t=1.59s
  round  13/50: acc=0.9053  f1m=0.7290  uplink_kB=300.8  t=1.58s
  round  14/50: acc=0.9053  f1m=0.7290  uplink_kB=300.8  t=1.60s
  round  15/50: acc=0.9144  f1m=0.7363  uplink_kB=300.8  t=1.59s
  round  16/50: acc=0.9058  f1m=0.7294  uplink_kB=300.8  t=1.72s
  round  17/50: acc=0.9066  f1m=0.7301  uplink_kB=300.8  t=1.60s
  round  18/50: acc=0.9157  f1m=0.7374  uplink_kB=300.8  t=1.61s
  round  19/50: acc=0.9160  f1m=0.7377  uplink_kB=300.8  t=1.60s
  round  20/50: acc=0.9159  f1m=0.7377  uplink_kB=300.8  t=1.66s
  round  21/50: acc=0.9165  f1m=0.7381  uplink_kB=300.8  t=1.62s
  round  22/50: acc=0.9154  f1m=0.7372  uplink_kB=300.8  t=1.62s
  round  23/50: acc=0.9159  f1m=0.7376  uplink_kB=300.8  t=1.61s
  round  24/50: acc=0.9187  f1m=0.7398  uplink_kB=300.8  t=1.63s
  round  25/50: acc=0.9188  f1m=0.7399  uplink_kB=300.8  t=1.64s
  round  26/50: acc=0.9185  f1m=0.7397  uplink_kB=300.8  t=1.62s
  round  27/50: acc=0.9182  f1m=0.7394  uplink_kB=300.8  t=1.70s
  round  28/50: acc=0.9183  f1m=0.7395  uplink_kB=300.8  t=1.62s
  round  29/50: acc=0.9184  f1m=0.7392  uplink_kB=300.8  t=1.60s
  round  30/50: acc=0.9183  f1m=0.7392  uplink_kB=300.8  t=1.63s
  round  31/50: acc=0.9188  f1m=0.7396  uplink_kB=300.8  t=1.79s
  round  32/50: acc=0.9189  f1m=0.7396  uplink_kB=300.8  t=1.67s
  round  33/50: acc=0.9185  f1m=0.7393  uplink_kB=300.8  t=1.66s
  round  34/50: acc=0.9179  f1m=0.7388  uplink_kB=300.8  t=1.61s
  round  35/50: acc=0.9184  f1m=0.7393  uplink_kB=300.8  t=1.77s
  round  36/50: acc=0.9186  f1m=0.7394  uplink_kB=300.8  t=1.60s
  round  37/50: acc=0.9185  f1m=0.7394  uplink_kB=300.8  t=1.63s
  round  38/50: acc=0.9180  f1m=0.7392  uplink_kB=300.8  t=1.60s
  round  39/50: acc=0.9263  f1m=0.7457  uplink_kB=300.8  t=1.68s
  round  40/50: acc=0.9179  f1m=0.7392  uplink_kB=300.8  t=1.62s
  round  41/50: acc=0.9229  f1m=0.7432  uplink_kB=300.8  t=1.62s
  round  42/50: acc=0.9255  f1m=0.7451  uplink_kB=300.8  t=1.64s
  round  43/50: acc=0.9293  f1m=0.7481  uplink_kB=300.8  t=1.59s
  round  44/50: acc=0.9261  f1m=0.7456  uplink_kB=300.8  t=1.64s
  round  45/50: acc=0.9178  f1m=0.7391  uplink_kB=300.8  t=1.61s
  round  46/50: acc=0.9233  f1m=0.7435  uplink_kB=300.8  t=1.62s
  round  47/50: acc=0.9206  f1m=0.7409  uplink_kB=300.8  t=1.61s
  round  48/50: acc=0.9229  f1m=0.7430  uplink_kB=300.8  t=1.66s
  round  49/50: acc=0.9220  f1m=0.7421  uplink_kB=300.8  t=1.62s
  round  50/50: acc=0.9219  f1m=0.7423  uplink_kB=300.8  t=1.61s
[run] DONE -> /Users/agentra/Documents/hao/working/paper-lab/hao-paper-2026/iotj-fedkan-ids/repo/results/mc_botiot/mc_kan16_lr0p01__dir0.1__seed43/metrics.json  final_acc=0.9219
