[run] device=cpu  seed=37  out=/Users/agentra/Documents/hao/working/paper-lab/hao-paper-2026/iotj-fedkan-ids/repo/results/lrsweep_cseciic_mc50k/lrsweep_mlp80_lr0p01__dir0.1__seed37
[run] model=mlp  params=4,415
  round   1/50: acc=0.2617  f1m=0.0964  uplink_kB=172.5  t=1.50s
  round   2/50: acc=0.5438  f1m=0.2636  uplink_kB=172.5  t=1.03s
  round   3/50: acc=0.6184  f1m=0.3338  uplink_kB=172.5  t=1.04s
  round   4/50: acc=0.6404  f1m=0.3465  uplink_kB=172.5  t=1.04s
  round   5/50: acc=0.6778  f1m=0.3786  uplink_kB=172.5  t=1.02s
  round   6/50: acc=0.6809  f1m=0.3790  uplink_kB=172.5  t=0.99s
  round   7/50: acc=0.6932  f1m=0.3870  uplink_kB=172.5  t=1.08s
  round   8/50: acc=0.7086  f1m=0.3957  uplink_kB=172.5  t=1.02s
  round   9/50: acc=0.6997  f1m=0.3900  uplink_kB=172.5  t=1.04s
  round  10/50: acc=0.7198  f1m=0.4023  uplink_kB=172.5  t=1.00s
  round  11/50: acc=0.7102  f1m=0.3972  uplink_kB=172.5  t=1.09s
  round  12/50: acc=0.7169  f1m=0.4020  uplink_kB=172.5  t=1.01s
  round  13/50: acc=0.7479  f1m=0.4518  uplink_kB=172.5  t=1.07s
  round  14/50: acc=0.7715  f1m=0.4844  uplink_kB=172.5  t=1.03s
  round  15/50: acc=0.7542  f1m=0.4586  uplink_kB=172.5  t=1.09s
  round  16/50: acc=0.7898  f1m=0.5074  uplink_kB=172.5  t=1.04s
  round  17/50: acc=0.7898  f1m=0.5064  uplink_kB=172.5  t=1.10s
  round  18/50: acc=0.7921  f1m=0.5089  uplink_kB=172.5  t=1.04s
  round  19/50: acc=0.7915  f1m=0.5119  uplink_kB=172.5  t=1.06s
  round  20/50: acc=0.7941  f1m=0.5193  uplink_kB=172.5  t=1.05s
  round  21/50: acc=0.7969  f1m=0.5397  uplink_kB=172.5  t=0.98s
  round  22/50: acc=0.7995  f1m=0.5456  uplink_kB=172.5  t=1.08s
  round  23/50: acc=0.8095  f1m=0.5731  uplink_kB=172.5  t=1.01s
  round  24/50: acc=0.8057  f1m=0.5660  uplink_kB=172.5  t=1.10s
  round  25/50: acc=0.8129  f1m=0.5793  uplink_kB=172.5  t=1.01s
  round  26/50: acc=0.8018  f1m=0.5534  uplink_kB=172.5  t=1.08s
  round  27/50: acc=0.8097  f1m=0.5730  uplink_kB=172.5  t=1.00s
  round  28/50: acc=0.8113  f1m=0.5821  uplink_kB=172.5  t=1.06s
  round  29/50: acc=0.8123  f1m=0.5827  uplink_kB=172.5  t=1.08s
  round  30/50: acc=0.8114  f1m=0.5823  uplink_kB=172.5  t=1.00s
  round  31/50: acc=0.8120  f1m=0.5818  uplink_kB=172.5  t=1.05s
  round  32/50: acc=0.8141  f1m=0.5848  uplink_kB=172.5  t=1.04s
  round  33/50: acc=0.8119  f1m=0.5820  uplink_kB=172.5  t=1.07s
  round  34/50: acc=0.8124  f1m=0.5846  uplink_kB=172.5  t=1.03s
  round  35/50: acc=0.7943  f1m=0.5597  uplink_kB=172.5  t=1.08s
  round  36/50: acc=0.8174  f1m=0.5940  uplink_kB=172.5  t=0.99s
  round  37/50: acc=0.8203  f1m=0.5992  uplink_kB=172.5  t=1.06s
  round  38/50: acc=0.8161  f1m=0.5923  uplink_kB=172.5  t=1.00s
  round  39/50: acc=0.8216  f1m=0.6020  uplink_kB=172.5  t=1.08s
  round  40/50: acc=0.8191  f1m=0.5956  uplink_kB=172.5  t=1.00s
  round  41/50: acc=0.8178  f1m=0.5943  uplink_kB=172.5  t=1.07s
  round  42/50: acc=0.8199  f1m=0.5960  uplink_kB=172.5  t=1.02s
  round  43/50: acc=0.8188  f1m=0.5950  uplink_kB=172.5  t=1.07s
  round  44/50: acc=0.8232  f1m=0.6132  uplink_kB=172.5  t=1.03s
  round  45/50: acc=0.8191  f1m=0.6070  uplink_kB=172.5  t=1.04s
  round  46/50: acc=0.8178  f1m=0.6048  uplink_kB=172.5  t=1.08s
  round  47/50: acc=0.8206  f1m=0.5951  uplink_kB=172.5  t=1.02s
  round  48/50: acc=0.8231  f1m=0.6019  uplink_kB=172.5  t=1.04s
  round  49/50: acc=0.8193  f1m=0.6071  uplink_kB=172.5  t=1.01s
  round  50/50: acc=0.8206  f1m=0.6086  uplink_kB=172.5  t=1.08s
[run] DONE -> /Users/agentra/Documents/hao/working/paper-lab/hao-paper-2026/iotj-fedkan-ids/repo/results/lrsweep_cseciic_mc50k/lrsweep_mlp80_lr0p01__dir0.1__seed37/metrics.json  final_acc=0.8206
