[run] device=cpu  seed=2026  out=/Users/agentra/Documents/hao/working/paper-lab/hao-paper-2026/iotj-fedkan-ids/repo/results/lrsweep_cseciic_mc/lrsweep_mlp32_lr0p003__dir0.1__seed2026
[run] model=mlp  params=1,775
  round   1/50: acc=0.3388  f1m=0.0977  uplink_kB=69.3  t=2.74s
  round   2/50: acc=0.4338  f1m=0.1250  uplink_kB=69.3  t=2.06s
  round   3/50: acc=0.5914  f1m=0.2726  uplink_kB=69.3  t=2.04s
  round   4/50: acc=0.7119  f1m=0.3770  uplink_kB=69.3  t=2.06s
  round   5/50: acc=0.7364  f1m=0.5227  uplink_kB=69.3  t=2.06s
  round   6/50: acc=0.7478  f1m=0.5303  uplink_kB=69.3  t=2.10s
  round   7/50: acc=0.7640  f1m=0.5388  uplink_kB=69.3  t=2.08s
  round   8/50: acc=0.7733  f1m=0.5447  uplink_kB=69.3  t=2.07s
  round   9/50: acc=0.7837  f1m=0.5548  uplink_kB=69.3  t=2.15s
  round  10/50: acc=0.7837  f1m=0.5544  uplink_kB=69.3  t=2.11s
  round  11/50: acc=0.7920  f1m=0.5661  uplink_kB=69.3  t=2.08s
  round  12/50: acc=0.8150  f1m=0.6233  uplink_kB=69.3  t=2.13s
  round  13/50: acc=0.8206  f1m=0.6336  uplink_kB=69.3  t=2.22s
  round  14/50: acc=0.8221  f1m=0.6380  uplink_kB=69.3  t=2.20s
  round  15/50: acc=0.8269  f1m=0.6438  uplink_kB=69.3  t=2.25s
  round  16/50: acc=0.8294  f1m=0.6466  uplink_kB=69.3  t=2.06s
  round  17/50: acc=0.8337  f1m=0.6556  uplink_kB=69.3  t=2.07s
  round  18/50: acc=0.8355  f1m=0.6618  uplink_kB=69.3  t=2.08s
  round  19/50: acc=0.8362  f1m=0.6630  uplink_kB=69.3  t=2.11s
  round  20/50: acc=0.8371  f1m=0.6646  uplink_kB=69.3  t=2.09s
  round  21/50: acc=0.8383  f1m=0.6668  uplink_kB=69.3  t=2.12s
  round  22/50: acc=0.8396  f1m=0.6703  uplink_kB=69.3  t=2.13s
  round  23/50: acc=0.8398  f1m=0.6706  uplink_kB=69.3  t=2.10s
  round  24/50: acc=0.8428  f1m=0.6768  uplink_kB=69.3  t=2.10s
  round  25/50: acc=0.8462  f1m=0.6793  uplink_kB=69.3  t=2.22s
  round  26/50: acc=0.8459  f1m=0.6805  uplink_kB=69.3  t=2.21s
  round  27/50: acc=0.8469  f1m=0.6851  uplink_kB=69.3  t=2.07s
  round  28/50: acc=0.8459  f1m=0.6835  uplink_kB=69.3  t=2.17s
  round  29/50: acc=0.8567  f1m=0.6860  uplink_kB=69.3  t=2.09s
  round  30/50: acc=0.8493  f1m=0.6883  uplink_kB=69.3  t=2.21s
  round  31/50: acc=0.8544  f1m=0.6925  uplink_kB=69.3  t=2.10s
  round  32/50: acc=0.8536  f1m=0.6901  uplink_kB=69.3  t=2.08s
  round  33/50: acc=0.8544  f1m=0.6556  uplink_kB=69.3  t=2.11s
  round  34/50: acc=0.8552  f1m=0.6935  uplink_kB=69.3  t=2.12s
  round  35/50: acc=0.8562  f1m=0.6587  uplink_kB=69.3  t=2.10s
  round  36/50: acc=0.8568  f1m=0.6590  uplink_kB=69.3  t=2.12s
  round  37/50: acc=0.8544  f1m=0.6633  uplink_kB=69.3  t=2.10s
  round  38/50: acc=0.8543  f1m=0.6624  uplink_kB=69.3  t=2.12s
  round  39/50: acc=0.8576  f1m=0.6626  uplink_kB=69.3  t=2.12s
  round  40/50: acc=0.8578  f1m=0.6612  uplink_kB=69.3  t=2.10s
  round  41/50: acc=0.8575  f1m=0.6603  uplink_kB=69.3  t=2.09s
  round  42/50: acc=0.8555  f1m=0.6612  uplink_kB=69.3  t=2.14s
  round  43/50: acc=0.8578  f1m=0.6605  uplink_kB=69.3  t=2.14s
  round  44/50: acc=0.8576  f1m=0.6569  uplink_kB=69.3  t=2.11s
  round  45/50: acc=0.8574  f1m=0.6658  uplink_kB=69.3  t=2.16s
  round  46/50: acc=0.8584  f1m=0.6603  uplink_kB=69.3  t=2.12s
  round  47/50: acc=0.8592  f1m=0.6610  uplink_kB=69.3  t=2.12s
  round  48/50: acc=0.8588  f1m=0.6599  uplink_kB=69.3  t=2.07s
  round  49/50: acc=0.8600  f1m=0.6625  uplink_kB=69.3  t=2.09s
  round  50/50: acc=0.8599  f1m=0.6621  uplink_kB=69.3  t=2.09s
[run] DONE -> /Users/agentra/Documents/hao/working/paper-lab/hao-paper-2026/iotj-fedkan-ids/repo/results/lrsweep_cseciic_mc/lrsweep_mlp32_lr0p003__dir0.1__seed2026/metrics.json  final_acc=0.8599
