[run] device=cpu  seed=37  out=/Users/agentra/Documents/hao/working/paper-lab/hao-paper-2026/iotj-fedkan-ids/repo/results/lrsweep_cseciic_mc/lrsweep_mlp80_lr0p0003__dir0.1__seed37
[run] model=mlp  params=4,415
  round   1/50: acc=0.3421  f1m=0.1004  uplink_kB=172.5  t=2.90s
  round   2/50: acc=0.3461  f1m=0.0970  uplink_kB=172.5  t=2.14s
  round   3/50: acc=0.3619  f1m=0.1016  uplink_kB=172.5  t=2.10s
  round   4/50: acc=0.3960  f1m=0.1135  uplink_kB=172.5  t=2.09s
  round   5/50: acc=0.4157  f1m=0.1274  uplink_kB=172.5  t=2.12s
  round   6/50: acc=0.4637  f1m=0.1620  uplink_kB=172.5  t=2.10s
  round   7/50: acc=0.4648  f1m=0.1623  uplink_kB=172.5  t=2.12s
  round   8/50: acc=0.4676  f1m=0.1635  uplink_kB=172.5  t=2.11s
  round   9/50: acc=0.5014  f1m=0.2093  uplink_kB=172.5  t=2.18s
  round  10/50: acc=0.5014  f1m=0.2090  uplink_kB=172.5  t=2.09s
  round  11/50: acc=0.5017  f1m=0.2118  uplink_kB=172.5  t=2.16s
  round  12/50: acc=0.5137  f1m=0.2162  uplink_kB=172.5  t=2.15s
  round  13/50: acc=0.5492  f1m=0.2338  uplink_kB=172.5  t=2.18s
  round  14/50: acc=0.5658  f1m=0.2393  uplink_kB=172.5  t=2.11s
  round  15/50: acc=0.5718  f1m=0.2425  uplink_kB=172.5  t=2.16s
  round  16/50: acc=0.5707  f1m=0.2414  uplink_kB=172.5  t=2.25s
  round  17/50: acc=0.5718  f1m=0.2394  uplink_kB=172.5  t=2.13s
  round  18/50: acc=0.5713  f1m=0.2384  uplink_kB=172.5  t=2.09s
  round  19/50: acc=0.5703  f1m=0.2374  uplink_kB=172.5  t=2.14s
  round  20/50: acc=0.5703  f1m=0.2375  uplink_kB=172.5  t=2.16s
  round  21/50: acc=0.5705  f1m=0.2377  uplink_kB=172.5  t=2.19s
  round  22/50: acc=0.5707  f1m=0.2379  uplink_kB=172.5  t=2.10s
  round  23/50: acc=0.5715  f1m=0.2385  uplink_kB=172.5  t=2.09s
  round  24/50: acc=0.5721  f1m=0.2388  uplink_kB=172.5  t=2.15s
  round  25/50: acc=0.5723  f1m=0.2390  uplink_kB=172.5  t=2.23s
  round  26/50: acc=0.5729  f1m=0.2393  uplink_kB=172.5  t=2.09s
  round  27/50: acc=0.5734  f1m=0.2393  uplink_kB=172.5  t=2.23s
  round  28/50: acc=0.5760  f1m=0.2473  uplink_kB=172.5  t=2.27s
  round  29/50: acc=0.5958  f1m=0.3008  uplink_kB=172.5  t=2.21s
  round  30/50: acc=0.5961  f1m=0.3011  uplink_kB=172.5  t=2.10s
  round  31/50: acc=0.6056  f1m=0.3260  uplink_kB=172.5  t=2.16s
  round  32/50: acc=0.6063  f1m=0.3266  uplink_kB=172.5  t=2.17s
  round  33/50: acc=0.6065  f1m=0.3267  uplink_kB=172.5  t=2.11s
  round  34/50: acc=0.6067  f1m=0.3270  uplink_kB=172.5  t=2.08s
  round  35/50: acc=0.6070  f1m=0.3272  uplink_kB=172.5  t=2.09s
  round  36/50: acc=0.6073  f1m=0.3276  uplink_kB=172.5  t=2.11s
  round  37/50: acc=0.6076  f1m=0.3279  uplink_kB=172.5  t=2.20s
  round  38/50: acc=0.6079  f1m=0.3284  uplink_kB=172.5  t=2.14s
  round  39/50: acc=0.6084  f1m=0.3289  uplink_kB=172.5  t=2.13s
  round  40/50: acc=0.6094  f1m=0.3298  uplink_kB=172.5  t=2.12s
  round  41/50: acc=0.6103  f1m=0.3308  uplink_kB=172.5  t=2.17s
  round  42/50: acc=0.6111  f1m=0.3317  uplink_kB=172.5  t=2.15s
  round  43/50: acc=0.6119  f1m=0.3327  uplink_kB=172.5  t=2.26s
  round  44/50: acc=0.6294  f1m=0.3470  uplink_kB=172.5  t=2.20s
  round  45/50: acc=0.6306  f1m=0.3482  uplink_kB=172.5  t=2.32s
  round  46/50: acc=0.6350  f1m=0.3495  uplink_kB=172.5  t=2.47s
  round  47/50: acc=0.6371  f1m=0.3537  uplink_kB=172.5  t=2.15s
  round  48/50: acc=0.6399  f1m=0.3578  uplink_kB=172.5  t=2.17s
  round  49/50: acc=0.6431  f1m=0.3627  uplink_kB=172.5  t=2.19s
  round  50/50: acc=0.6442  f1m=0.3644  uplink_kB=172.5  t=2.19s
[run] DONE -> /Users/agentra/Documents/hao/working/paper-lab/hao-paper-2026/iotj-fedkan-ids/repo/results/lrsweep_cseciic_mc/lrsweep_mlp80_lr0p0003__dir0.1__seed37/metrics.json  final_acc=0.6442
