[run] device=cpu  seed=23  out=/Users/agentra/Documents/hao/working/paper-lab/hao-paper-2026/iotj-fedkan-ids/repo/results/lrsweep_cseciic/lrsweep_kan16_lr0p03__dir0.1__seed23
[run] model=kan  params=6,560
  round   1/50: acc=0.6207  f1m=0.5569  uplink_kB=282.0  t=2.57s
  round   2/50: acc=0.9535  f1m=0.9535  uplink_kB=282.0  t=1.98s
  round   3/50: acc=0.9383  f1m=0.9381  uplink_kB=282.0  t=1.90s
  round   4/50: acc=0.9455  f1m=0.9455  uplink_kB=282.0  t=1.98s
  round   5/50: acc=0.8635  f1m=0.8631  uplink_kB=282.0  t=1.86s
  round   6/50: acc=0.9572  f1m=0.9572  uplink_kB=282.0  t=1.97s
  round   7/50: acc=0.9359  f1m=0.9359  uplink_kB=282.0  t=1.94s
  round   8/50: acc=0.9508  f1m=0.9507  uplink_kB=282.0  t=1.96s
  round   9/50: acc=0.9187  f1m=0.9186  uplink_kB=282.0  t=1.92s
  round  10/50: acc=0.9644  f1m=0.9643  uplink_kB=282.0  t=1.93s
  round  11/50: acc=0.9704  f1m=0.9704  uplink_kB=282.0  t=1.93s
  round  12/50: acc=0.9747  f1m=0.9747  uplink_kB=282.0  t=1.90s
  round  13/50: acc=0.9197  f1m=0.9196  uplink_kB=282.0  t=1.94s
  round  14/50: acc=0.9732  f1m=0.9732  uplink_kB=282.0  t=1.94s
  round  15/50: acc=0.9011  f1m=0.9011  uplink_kB=282.0  t=1.95s
  round  16/50: acc=0.9403  f1m=0.9402  uplink_kB=282.0  t=1.96s
  round  17/50: acc=0.9428  f1m=0.9427  uplink_kB=282.0  t=2.02s
  round  18/50: acc=0.9489  f1m=0.9488  uplink_kB=282.0  t=1.90s
  round  19/50: acc=0.9680  f1m=0.9680  uplink_kB=282.0  t=1.96s
  round  20/50: acc=0.9727  f1m=0.9727  uplink_kB=282.0  t=1.95s
  round  21/50: acc=0.9723  f1m=0.9723  uplink_kB=282.0  t=1.95s
  round  22/50: acc=0.9743  f1m=0.9743  uplink_kB=282.0  t=1.91s
  round  23/50: acc=0.9652  f1m=0.9652  uplink_kB=282.0  t=1.90s
  round  24/50: acc=0.9738  f1m=0.9738  uplink_kB=282.0  t=1.95s
  round  25/50: acc=0.9674  f1m=0.9674  uplink_kB=282.0  t=1.87s
  round  26/50: acc=0.9723  f1m=0.9723  uplink_kB=282.0  t=1.89s
  round  27/50: acc=0.9710  f1m=0.9710  uplink_kB=282.0  t=1.93s
  round  28/50: acc=0.9748  f1m=0.9747  uplink_kB=282.0  t=1.95s
  round  29/50: acc=0.9738  f1m=0.9738  uplink_kB=282.0  t=1.93s
  round  30/50: acc=0.9700  f1m=0.9700  uplink_kB=282.0  t=1.95s
  round  31/50: acc=0.9630  f1m=0.9630  uplink_kB=282.0  t=1.94s
  round  32/50: acc=0.9721  f1m=0.9721  uplink_kB=282.0  t=1.94s
  round  33/50: acc=0.9692  f1m=0.9691  uplink_kB=282.0  t=2.01s
  round  34/50: acc=0.9723  f1m=0.9723  uplink_kB=282.0  t=1.96s
  round  35/50: acc=0.9535  f1m=0.9535  uplink_kB=282.0  t=1.98s
  round  36/50: acc=0.9620  f1m=0.9620  uplink_kB=282.0  t=2.00s
  round  37/50: acc=0.9671  f1m=0.9671  uplink_kB=282.0  t=1.99s
  round  38/50: acc=0.9693  f1m=0.9693  uplink_kB=282.0  t=2.04s
  round  39/50: acc=0.9539  f1m=0.9538  uplink_kB=282.0  t=1.88s
  round  40/50: acc=0.9299  f1m=0.9299  uplink_kB=282.0  t=1.94s
  round  41/50: acc=0.9735  f1m=0.9735  uplink_kB=282.0  t=1.95s
  round  42/50: acc=0.9281  f1m=0.9280  uplink_kB=282.0  t=1.94s
  round  43/50: acc=0.9766  f1m=0.9766  uplink_kB=282.0  t=1.96s
  round  44/50: acc=0.9748  f1m=0.9748  uplink_kB=282.0  t=1.96s
  round  45/50: acc=0.9709  f1m=0.9709  uplink_kB=282.0  t=1.89s
  round  46/50: acc=0.9772  f1m=0.9772  uplink_kB=282.0  t=1.96s
  round  47/50: acc=0.9771  f1m=0.9770  uplink_kB=282.0  t=1.95s
  round  48/50: acc=0.9101  f1m=0.9094  uplink_kB=282.0  t=2.09s
  round  49/50: acc=0.9462  f1m=0.9462  uplink_kB=282.0  t=1.97s
  round  50/50: acc=0.9690  f1m=0.9690  uplink_kB=282.0  t=1.95s
[run] DONE -> /Users/agentra/Documents/hao/working/paper-lab/hao-paper-2026/iotj-fedkan-ids/repo/results/lrsweep_cseciic/lrsweep_kan16_lr0p03__dir0.1__seed23/metrics.json  final_acc=0.9690
