[run] device=cpu  seed=29  out=/Users/agentra/Documents/hao/working/paper-lab/hao-paper-2026/iotj-fedkan-ids/repo/results/lrsweep_toniot/lrsweep_mlp80_lr0p1__dir0.1__seed29
[run] model=mlp  params=3,362
  round   1/50: acc=0.5000  f1m=0.3333  uplink_kB=131.3  t=1.12s
  round   2/50: acc=0.5037  f1m=0.3416  uplink_kB=131.3  t=0.67s
  round   3/50: acc=0.5280  f1m=0.3937  uplink_kB=131.3  t=0.66s
  round   4/50: acc=0.5238  f1m=0.3844  uplink_kB=131.3  t=0.66s
  round   5/50: acc=0.5136  f1m=0.3631  uplink_kB=131.3  t=0.63s
  round   6/50: acc=0.5363  f1m=0.4107  uplink_kB=131.3  t=0.67s
  round   7/50: acc=0.5286  f1m=0.3944  uplink_kB=131.3  t=0.69s
  round   8/50: acc=0.4023  f1m=0.3919  uplink_kB=131.3  t=0.65s
  round   9/50: acc=0.5317  f1m=0.4009  uplink_kB=131.3  t=0.68s
  round  10/50: acc=0.5352  f1m=0.4080  uplink_kB=131.3  t=0.70s
  round  11/50: acc=0.5331  f1m=0.4038  uplink_kB=131.3  t=0.65s
  round  12/50: acc=0.5423  f1m=0.4228  uplink_kB=131.3  t=0.60s
  round  13/50: acc=0.7601  f1m=0.7458  uplink_kB=131.3  t=0.64s
  round  14/50: acc=0.5367  f1m=0.4122  uplink_kB=131.3  t=0.65s
  round  15/50: acc=0.5352  f1m=0.4086  uplink_kB=131.3  t=0.65s
  round  16/50: acc=0.5338  f1m=0.4057  uplink_kB=131.3  t=0.65s
  round  17/50: acc=0.5301  f1m=0.3979  uplink_kB=131.3  t=0.66s
  round  18/50: acc=0.5342  f1m=0.4066  uplink_kB=131.3  t=0.67s
  round  19/50: acc=0.5294  f1m=0.3961  uplink_kB=131.3  t=0.67s
  round  20/50: acc=0.7543  f1m=0.7387  uplink_kB=131.3  t=0.60s
  round  21/50: acc=0.5277  f1m=0.3930  uplink_kB=131.3  t=0.67s
  round  22/50: acc=0.5300  f1m=0.3974  uplink_kB=131.3  t=0.65s
  round  23/50: acc=0.5178  f1m=0.3722  uplink_kB=131.3  t=0.67s
  round  24/50: acc=0.7405  f1m=0.7219  uplink_kB=131.3  t=0.64s
  round  25/50: acc=0.5124  f1m=0.3606  uplink_kB=131.3  t=0.67s
  round  26/50: acc=0.7378  f1m=0.7185  uplink_kB=131.3  t=0.67s
  round  27/50: acc=0.5121  f1m=0.3599  uplink_kB=131.3  t=0.60s
  round  28/50: acc=0.5119  f1m=0.3596  uplink_kB=131.3  t=0.64s
  round  29/50: acc=0.7353  f1m=0.7154  uplink_kB=131.3  t=0.63s
  round  30/50: acc=0.5134  f1m=0.3627  uplink_kB=131.3  t=0.65s
  round  31/50: acc=0.5103  f1m=0.3562  uplink_kB=131.3  t=0.64s
  round  32/50: acc=0.5152  f1m=0.3665  uplink_kB=131.3  t=0.67s
  round  33/50: acc=0.7386  f1m=0.7195  uplink_kB=131.3  t=0.64s
  round  34/50: acc=0.5200  f1m=0.3766  uplink_kB=131.3  t=0.61s
  round  35/50: acc=0.5196  f1m=0.3758  uplink_kB=131.3  t=0.66s
  round  36/50: acc=0.5118  f1m=0.3594  uplink_kB=131.3  t=0.67s
  round  37/50: acc=0.7380  f1m=0.7187  uplink_kB=131.3  t=0.66s
  round  38/50: acc=0.5102  f1m=0.3559  uplink_kB=131.3  t=0.66s
  round  39/50: acc=0.7351  f1m=0.7151  uplink_kB=131.3  t=0.66s
  round  40/50: acc=0.5168  f1m=0.3699  uplink_kB=131.3  t=0.67s
  round  41/50: acc=0.7373  f1m=0.7180  uplink_kB=131.3  t=0.60s
  round  42/50: acc=0.5124  f1m=0.3607  uplink_kB=131.3  t=0.65s
  round  43/50: acc=0.7353  f1m=0.7154  uplink_kB=131.3  t=0.66s
  round  44/50: acc=0.5181  f1m=0.3726  uplink_kB=131.3  t=0.65s
  round  45/50: acc=0.7345  f1m=0.7145  uplink_kB=131.3  t=0.64s
  round  46/50: acc=0.7368  f1m=0.7173  uplink_kB=131.3  t=0.65s
  round  47/50: acc=0.5163  f1m=0.3688  uplink_kB=131.3  t=0.60s
  round  48/50: acc=0.7350  f1m=0.7151  uplink_kB=131.3  t=0.68s
  round  49/50: acc=0.5114  f1m=0.3586  uplink_kB=131.3  t=0.67s
  round  50/50: acc=0.7383  f1m=0.7192  uplink_kB=131.3  t=0.67s
[run] DONE -> /Users/agentra/Documents/hao/working/paper-lab/hao-paper-2026/iotj-fedkan-ids/repo/results/lrsweep_toniot/lrsweep_mlp80_lr0p1__dir0.1__seed29/metrics.json  final_acc=0.7383
