[run] device=cpu  seed=17  out=/Users/agentra/Documents/hao/working/paper-lab/hao-paper-2026/iotj-fedkan-ids/repo/results/lrsweep_cseciic_mc/lrsweep_kan8_lr0p01__dir0.1__seed17
[run] model=kan  params=4,320
  round   1/50: acc=0.1377  f1m=0.0223  uplink_kB=190.8  t=6.04s
  round   2/50: acc=0.4952  f1m=0.2460  uplink_kB=190.8  t=5.37s
  round   3/50: acc=0.7507  f1m=0.4524  uplink_kB=190.8  t=5.33s
  round   4/50: acc=0.8125  f1m=0.5573  uplink_kB=190.8  t=5.41s
  round   5/50: acc=0.8199  f1m=0.5595  uplink_kB=190.8  t=5.39s
  round   6/50: acc=0.8371  f1m=0.5713  uplink_kB=190.8  t=5.26s
  round   7/50: acc=0.8380  f1m=0.5646  uplink_kB=190.8  t=5.36s
  round   8/50: acc=0.8426  f1m=0.5767  uplink_kB=190.8  t=5.36s
  round   9/50: acc=0.8447  f1m=0.6143  uplink_kB=190.8  t=5.44s
  round  10/50: acc=0.8366  f1m=0.6237  uplink_kB=190.8  t=5.39s
  round  11/50: acc=0.8543  f1m=0.6355  uplink_kB=190.8  t=5.38s
  round  12/50: acc=0.8536  f1m=0.6336  uplink_kB=190.8  t=5.33s
  round  13/50: acc=0.8510  f1m=0.6407  uplink_kB=190.8  t=5.44s
  round  14/50: acc=0.8583  f1m=0.6481  uplink_kB=190.8  t=5.35s
  round  15/50: acc=0.8608  f1m=0.6500  uplink_kB=190.8  t=5.36s
  round  16/50: acc=0.8608  f1m=0.6448  uplink_kB=190.8  t=5.43s
  round  17/50: acc=0.8614  f1m=0.6494  uplink_kB=190.8  t=5.48s
  round  18/50: acc=0.8587  f1m=0.6361  uplink_kB=190.8  t=5.41s
  round  19/50: acc=0.8605  f1m=0.6369  uplink_kB=190.8  t=5.29s
  round  20/50: acc=0.8602  f1m=0.6380  uplink_kB=190.8  t=5.36s
  round  21/50: acc=0.8611  f1m=0.6401  uplink_kB=190.8  t=5.45s
  round  22/50: acc=0.8599  f1m=0.6361  uplink_kB=190.8  t=5.47s
  round  23/50: acc=0.8604  f1m=0.6369  uplink_kB=190.8  t=5.39s
  round  24/50: acc=0.8626  f1m=0.6455  uplink_kB=190.8  t=5.47s
  round  25/50: acc=0.8572  f1m=0.6349  uplink_kB=190.8  t=5.43s
  round  26/50: acc=0.8629  f1m=0.6383  uplink_kB=190.8  t=5.52s
  round  27/50: acc=0.8627  f1m=0.6378  uplink_kB=190.8  t=5.60s
  round  28/50: acc=0.8620  f1m=0.6383  uplink_kB=190.8  t=5.60s
  round  29/50: acc=0.8584  f1m=0.6344  uplink_kB=190.8  t=5.52s
  round  30/50: acc=0.8572  f1m=0.6273  uplink_kB=190.8  t=5.54s
  round  31/50: acc=0.8618  f1m=0.6376  uplink_kB=190.8  t=5.50s
  round  32/50: acc=0.8639  f1m=0.6425  uplink_kB=190.8  t=5.46s
  round  33/50: acc=0.8622  f1m=0.6372  uplink_kB=190.8  t=5.45s
  round  34/50: acc=0.8635  f1m=0.6380  uplink_kB=190.8  t=5.73s
  round  35/50: acc=0.8634  f1m=0.6369  uplink_kB=190.8  t=5.53s
  round  36/50: acc=0.8609  f1m=0.6487  uplink_kB=190.8  t=5.54s
  round  37/50: acc=0.8633  f1m=0.6485  uplink_kB=190.8  t=5.67s
  round  38/50: acc=0.8620  f1m=0.6442  uplink_kB=190.8  t=5.68s
  round  39/50: acc=0.8629  f1m=0.6461  uplink_kB=190.8  t=5.42s
  round  40/50: acc=0.8630  f1m=0.6468  uplink_kB=190.8  t=5.62s
  round  41/50: acc=0.8592  f1m=0.6497  uplink_kB=190.8  t=5.54s
  round  42/50: acc=0.8643  f1m=0.6462  uplink_kB=190.8  t=5.66s
  round  43/50: acc=0.8644  f1m=0.6477  uplink_kB=190.8  t=5.60s
  round  44/50: acc=0.8571  f1m=0.6280  uplink_kB=190.8  t=5.58s
  round  45/50: acc=0.8913  f1m=0.7453  uplink_kB=190.8  t=5.35s
  round  46/50: acc=0.8557  f1m=0.6378  uplink_kB=190.8  t=5.41s
  round  47/50: acc=0.8546  f1m=0.6442  uplink_kB=190.8  t=5.39s
  round  48/50: acc=0.8588  f1m=0.6473  uplink_kB=190.8  t=5.67s
  round  49/50: acc=0.8556  f1m=0.6487  uplink_kB=190.8  t=5.51s
  round  50/50: acc=0.8871  f1m=0.7474  uplink_kB=190.8  t=5.48s
[run] DONE -> /Users/agentra/Documents/hao/working/paper-lab/hao-paper-2026/iotj-fedkan-ids/repo/results/lrsweep_cseciic_mc/lrsweep_kan8_lr0p01__dir0.1__seed17/metrics.json  final_acc=0.8871
