[run] device=cpu  seed=23  out=/Users/agentra/Documents/hao/working/paper-lab/hao-paper-2026/iotj-fedkan-ids/repo/results/lrsweep_botiot/lrsweep_kan16_lr0p1__dir0.1__seed23
[run] model=kan  params=6,560
  round   1/50: acc=0.4989  f1m=0.3328  uplink_kB=282.0  t=2.48s
  round   2/50: acc=0.9306  f1m=0.9306  uplink_kB=282.0  t=1.91s
  round   3/50: acc=0.6600  f1m=0.6162  uplink_kB=282.0  t=1.84s
  round   4/50: acc=0.9386  f1m=0.9386  uplink_kB=282.0  t=1.85s
  round   5/50: acc=0.9037  f1m=0.9028  uplink_kB=282.0  t=1.83s
  round   6/50: acc=0.9694  f1m=0.9694  uplink_kB=282.0  t=1.87s
  round   7/50: acc=0.9634  f1m=0.9634  uplink_kB=282.0  t=1.86s
  round   8/50: acc=0.5075  f1m=0.3516  uplink_kB=282.0  t=1.87s
  round   9/50: acc=0.9662  f1m=0.9662  uplink_kB=282.0  t=1.87s
  round  10/50: acc=0.5894  f1m=0.5072  uplink_kB=282.0  t=1.87s
  round  11/50: acc=0.9628  f1m=0.9628  uplink_kB=282.0  t=1.83s
  round  12/50: acc=0.8907  f1m=0.8894  uplink_kB=282.0  t=1.73s
  round  13/50: acc=0.9587  f1m=0.9586  uplink_kB=282.0  t=1.89s
  round  14/50: acc=0.9583  f1m=0.9582  uplink_kB=282.0  t=1.86s
  round  15/50: acc=0.9626  f1m=0.9626  uplink_kB=282.0  t=1.85s
  round  16/50: acc=0.9714  f1m=0.9714  uplink_kB=282.0  t=1.88s
  round  17/50: acc=0.9670  f1m=0.9670  uplink_kB=282.0  t=1.84s
  round  18/50: acc=0.6470  f1m=0.5974  uplink_kB=282.0  t=1.85s
  round  19/50: acc=0.9654  f1m=0.9654  uplink_kB=282.0  t=1.80s
  round  20/50: acc=0.9673  f1m=0.9673  uplink_kB=282.0  t=1.87s
  round  21/50: acc=0.9652  f1m=0.9652  uplink_kB=282.0  t=1.87s
  round  22/50: acc=0.9650  f1m=0.9650  uplink_kB=282.0  t=1.80s
  round  23/50: acc=0.9223  f1m=0.9219  uplink_kB=282.0  t=1.87s
  round  24/50: acc=0.9593  f1m=0.9593  uplink_kB=282.0  t=1.86s
  round  25/50: acc=0.9558  f1m=0.9557  uplink_kB=282.0  t=1.81s
  round  26/50: acc=0.8927  f1m=0.8915  uplink_kB=282.0  t=1.86s
  round  27/50: acc=0.9498  f1m=0.9497  uplink_kB=282.0  t=1.84s
  round  28/50: acc=0.9659  f1m=0.9659  uplink_kB=282.0  t=1.87s
  round  29/50: acc=0.9505  f1m=0.9504  uplink_kB=282.0  t=1.84s
  round  30/50: acc=0.9646  f1m=0.9646  uplink_kB=282.0  t=1.91s
  round  31/50: acc=0.5177  f1m=0.3733  uplink_kB=282.0  t=1.85s
  round  32/50: acc=0.9620  f1m=0.9620  uplink_kB=282.0  t=1.78s
  round  33/50: acc=0.9524  f1m=0.9523  uplink_kB=282.0  t=1.81s
  round  34/50: acc=0.9648  f1m=0.9648  uplink_kB=282.0  t=1.87s
  round  35/50: acc=0.9224  f1m=0.9220  uplink_kB=282.0  t=1.87s
  round  36/50: acc=0.9652  f1m=0.9651  uplink_kB=282.0  t=1.82s
  round  37/50: acc=0.9041  f1m=0.9032  uplink_kB=282.0  t=1.90s
  round  38/50: acc=0.9644  f1m=0.9644  uplink_kB=282.0  t=1.83s
  round  39/50: acc=0.9660  f1m=0.9659  uplink_kB=282.0  t=1.81s
  round  40/50: acc=0.9656  f1m=0.9656  uplink_kB=282.0  t=1.85s
  round  41/50: acc=0.9645  f1m=0.9644  uplink_kB=282.0  t=1.85s
  round  42/50: acc=0.9574  f1m=0.9574  uplink_kB=282.0  t=1.83s
  round  43/50: acc=0.9657  f1m=0.9656  uplink_kB=282.0  t=1.86s
  round  44/50: acc=0.9663  f1m=0.9663  uplink_kB=282.0  t=1.84s
  round  45/50: acc=0.9666  f1m=0.9666  uplink_kB=282.0  t=1.89s
  round  46/50: acc=0.9661  f1m=0.9660  uplink_kB=282.0  t=1.91s
  round  47/50: acc=0.9650  f1m=0.9649  uplink_kB=282.0  t=1.81s
  round  48/50: acc=0.9663  f1m=0.9662  uplink_kB=282.0  t=1.84s
  round  49/50: acc=0.9655  f1m=0.9655  uplink_kB=282.0  t=1.87s
  round  50/50: acc=0.9652  f1m=0.9651  uplink_kB=282.0  t=1.85s
[run] DONE -> /Users/agentra/Documents/hao/working/paper-lab/hao-paper-2026/iotj-fedkan-ids/repo/results/lrsweep_botiot/lrsweep_kan16_lr0p1__dir0.1__seed23/metrics.json  final_acc=0.9652
