[run] device=cpu  seed=43  out=/Users/agentra/Documents/hao/working/paper-lab/hao-paper-2026/iotj-fedkan-ids/repo/results/lrsweep_cseciic_mc/lrsweep_mlp80_lr0p001__dir0.1__seed43
[run] model=mlp  params=4,415
  round   1/50: acc=0.3748  f1m=0.1280  uplink_kB=172.5  t=2.98s
  round   2/50: acc=0.4003  f1m=0.1301  uplink_kB=172.5  t=2.24s
  round   3/50: acc=0.5001  f1m=0.1813  uplink_kB=172.5  t=2.13s
  round   4/50: acc=0.5311  f1m=0.1936  uplink_kB=172.5  t=2.30s
  round   5/50: acc=0.5718  f1m=0.2181  uplink_kB=172.5  t=2.14s
  round   6/50: acc=0.6634  f1m=0.2641  uplink_kB=172.5  t=2.18s
  round   7/50: acc=0.7250  f1m=0.3370  uplink_kB=172.5  t=2.17s
  round   8/50: acc=0.7453  f1m=0.4061  uplink_kB=172.5  t=2.17s
  round   9/50: acc=0.7459  f1m=0.4083  uplink_kB=172.5  t=2.15s
  round  10/50: acc=0.7468  f1m=0.4110  uplink_kB=172.5  t=2.14s
  round  11/50: acc=0.7423  f1m=0.4100  uplink_kB=172.5  t=2.19s
  round  12/50: acc=0.7637  f1m=0.4309  uplink_kB=172.5  t=2.18s
  round  13/50: acc=0.7653  f1m=0.4327  uplink_kB=172.5  t=2.19s
  round  14/50: acc=0.7702  f1m=0.4361  uplink_kB=172.5  t=2.14s
  round  15/50: acc=0.7676  f1m=0.4353  uplink_kB=172.5  t=2.20s
  round  16/50: acc=0.7704  f1m=0.4369  uplink_kB=172.5  t=2.16s
  round  17/50: acc=0.7697  f1m=0.4351  uplink_kB=172.5  t=2.14s
  round  18/50: acc=0.7685  f1m=0.4280  uplink_kB=172.5  t=2.10s
  round  19/50: acc=0.7677  f1m=0.4217  uplink_kB=172.5  t=2.21s
  round  20/50: acc=0.7741  f1m=0.4331  uplink_kB=172.5  t=2.15s
  round  21/50: acc=0.7747  f1m=0.4396  uplink_kB=172.5  t=2.20s
  round  22/50: acc=0.7752  f1m=0.4398  uplink_kB=172.5  t=2.18s
  round  23/50: acc=0.7738  f1m=0.4275  uplink_kB=172.5  t=2.25s
  round  24/50: acc=0.7733  f1m=0.4252  uplink_kB=172.5  t=2.21s
  round  25/50: acc=0.7739  f1m=0.4275  uplink_kB=172.5  t=2.21s
  round  26/50: acc=0.7759  f1m=0.4397  uplink_kB=172.5  t=2.20s
  round  27/50: acc=0.7985  f1m=0.5036  uplink_kB=172.5  t=2.20s
  round  28/50: acc=0.7997  f1m=0.5076  uplink_kB=172.5  t=2.11s
  round  29/50: acc=0.8004  f1m=0.5099  uplink_kB=172.5  t=2.13s
  round  30/50: acc=0.8017  f1m=0.5120  uplink_kB=172.5  t=2.24s
  round  31/50: acc=0.8064  f1m=0.5142  uplink_kB=172.5  t=2.17s
  round  32/50: acc=0.8070  f1m=0.5158  uplink_kB=172.5  t=2.18s
  round  33/50: acc=0.8079  f1m=0.5179  uplink_kB=172.5  t=2.20s
  round  34/50: acc=0.8094  f1m=0.5203  uplink_kB=172.5  t=2.20s
  round  35/50: acc=0.8087  f1m=0.5190  uplink_kB=172.5  t=2.16s
  round  36/50: acc=0.8102  f1m=0.5248  uplink_kB=172.5  t=2.25s
  round  37/50: acc=0.8103  f1m=0.5247  uplink_kB=172.5  t=2.18s
  round  38/50: acc=0.8103  f1m=0.5248  uplink_kB=172.5  t=2.16s
  round  39/50: acc=0.8134  f1m=0.5485  uplink_kB=172.5  t=2.12s
  round  40/50: acc=0.8144  f1m=0.5509  uplink_kB=172.5  t=2.18s
  round  41/50: acc=0.8161  f1m=0.5553  uplink_kB=172.5  t=2.13s
  round  42/50: acc=0.8168  f1m=0.5565  uplink_kB=172.5  t=2.13s
  round  43/50: acc=0.8186  f1m=0.5595  uplink_kB=172.5  t=2.14s
  round  44/50: acc=0.8257  f1m=0.5906  uplink_kB=172.5  t=2.18s
  round  45/50: acc=0.8257  f1m=0.5900  uplink_kB=172.5  t=2.12s
  round  46/50: acc=0.8271  f1m=0.5929  uplink_kB=172.5  t=2.15s
  round  47/50: acc=0.8265  f1m=0.5914  uplink_kB=172.5  t=2.08s
  round  48/50: acc=0.8266  f1m=0.5920  uplink_kB=172.5  t=2.22s
  round  49/50: acc=0.8271  f1m=0.5938  uplink_kB=172.5  t=2.19s
  round  50/50: acc=0.8275  f1m=0.5951  uplink_kB=172.5  t=2.23s
[run] DONE -> /Users/agentra/Documents/hao/working/paper-lab/hao-paper-2026/iotj-fedkan-ids/repo/results/lrsweep_cseciic_mc/lrsweep_mlp80_lr0p001__dir0.1__seed43/metrics.json  final_acc=0.8275
