[run] device=cpu  seed=31  out=/Users/agentra/Documents/hao/working/paper-lab/hao-paper-2026/iotj-fedkan-ids/repo/results/lrsweep_cseciic/lrsweep_mlp32_lr0p1__dir0.1__seed31
[run] model=mlp  params=1,346
  round   1/50: acc=0.5000  f1m=0.3333  uplink_kB=52.6  t=1.32s
  round   2/50: acc=0.5001  f1m=0.3335  uplink_kB=52.6  t=0.71s
  round   3/50: acc=0.5000  f1m=0.3334  uplink_kB=52.6  t=0.70s
  round   4/50: acc=0.5033  f1m=0.3409  uplink_kB=52.6  t=0.68s
  round   5/50: acc=0.5015  f1m=0.3368  uplink_kB=52.6  t=0.65s
  round   6/50: acc=0.5005  f1m=0.3345  uplink_kB=52.6  t=0.61s
  round   7/50: acc=0.5013  f1m=0.3362  uplink_kB=52.6  t=0.70s
  round   8/50: acc=0.5020  f1m=0.3377  uplink_kB=52.6  t=0.78s
  round   9/50: acc=0.5021  f1m=0.3380  uplink_kB=52.6  t=0.71s
  round  10/50: acc=0.5040  f1m=0.3423  uplink_kB=52.6  t=0.71s
  round  11/50: acc=0.5010  f1m=0.3356  uplink_kB=52.6  t=0.69s
  round  12/50: acc=0.5014  f1m=0.3364  uplink_kB=52.6  t=0.74s
  round  13/50: acc=0.6309  f1m=0.5763  uplink_kB=52.6  t=0.69s
  round  14/50: acc=0.5076  f1m=0.3501  uplink_kB=52.6  t=0.64s
  round  15/50: acc=0.5093  f1m=0.3539  uplink_kB=52.6  t=0.67s
  round  16/50: acc=0.5021  f1m=0.3380  uplink_kB=52.6  t=0.64s
  round  17/50: acc=0.5069  f1m=0.3487  uplink_kB=52.6  t=0.64s
  round  18/50: acc=0.5079  f1m=0.3509  uplink_kB=52.6  t=0.64s
  round  19/50: acc=0.5060  f1m=0.3467  uplink_kB=52.6  t=0.64s
  round  20/50: acc=0.5527  f1m=0.4419  uplink_kB=52.6  t=0.68s
  round  21/50: acc=0.5100  f1m=0.3556  uplink_kB=52.6  t=0.61s
  round  22/50: acc=0.5048  f1m=0.3441  uplink_kB=52.6  t=0.62s
  round  23/50: acc=0.5048  f1m=0.3442  uplink_kB=52.6  t=0.68s
  round  24/50: acc=0.5094  f1m=0.3541  uplink_kB=52.6  t=0.66s
  round  25/50: acc=0.5059  f1m=0.3467  uplink_kB=52.6  t=0.67s
  round  26/50: acc=0.5132  f1m=0.3625  uplink_kB=52.6  t=0.68s
  round  27/50: acc=0.5632  f1m=0.4622  uplink_kB=52.6  t=0.69s
  round  28/50: acc=0.5070  f1m=0.3490  uplink_kB=52.6  t=0.67s
  round  29/50: acc=0.7144  f1m=0.6918  uplink_kB=52.6  t=0.69s
  round  30/50: acc=0.5134  f1m=0.3628  uplink_kB=52.6  t=0.68s
  round  31/50: acc=0.6978  f1m=0.6701  uplink_kB=52.6  t=0.65s
  round  32/50: acc=0.5050  f1m=0.3446  uplink_kB=52.6  t=0.65s
  round  33/50: acc=0.5356  f1m=0.4087  uplink_kB=52.6  t=0.67s
  round  34/50: acc=0.5203  f1m=0.3773  uplink_kB=52.6  t=0.66s
  round  35/50: acc=0.5058  f1m=0.3465  uplink_kB=52.6  t=0.65s
  round  36/50: acc=0.5165  f1m=0.3692  uplink_kB=52.6  t=0.67s
  round  37/50: acc=0.5284  f1m=0.3942  uplink_kB=52.6  t=0.64s
  round  38/50: acc=0.5163  f1m=0.3688  uplink_kB=52.6  t=0.69s
  round  39/50: acc=0.5104  f1m=0.3563  uplink_kB=52.6  t=0.64s
  round  40/50: acc=0.5088  f1m=0.3529  uplink_kB=52.6  t=0.69s
  round  41/50: acc=0.5127  f1m=0.3612  uplink_kB=52.6  t=0.68s
  round  42/50: acc=0.5124  f1m=0.3606  uplink_kB=52.6  t=0.68s
  round  43/50: acc=0.5189  f1m=0.3746  uplink_kB=52.6  t=0.67s
  round  44/50: acc=0.5119  f1m=0.3595  uplink_kB=52.6  t=0.69s
  round  45/50: acc=0.5676  f1m=0.4694  uplink_kB=52.6  t=0.64s
  round  46/50: acc=0.5200  f1m=0.3768  uplink_kB=52.6  t=0.66s
  round  47/50: acc=0.5190  f1m=0.3748  uplink_kB=52.6  t=0.70s
  round  48/50: acc=0.5155  f1m=0.3672  uplink_kB=52.6  t=0.70s
  round  49/50: acc=0.5177  f1m=0.3720  uplink_kB=52.6  t=0.68s
  round  50/50: acc=0.5176  f1m=0.3719  uplink_kB=52.6  t=0.66s
[run] DONE -> /Users/agentra/Documents/hao/working/paper-lab/hao-paper-2026/iotj-fedkan-ids/repo/results/lrsweep_cseciic/lrsweep_mlp32_lr0p1__dir0.1__seed31/metrics.json  final_acc=0.5176
