[run] device=cpu  seed=11  out=/Users/agentra/Documents/hao/working/paper-lab/hao-paper-2026/iotj-fedkan-ids/repo/results/lrsweep_botiot/lrsweep_mlp32_lr0p01__dir0.1__seed11
[run] model=mlp  params=1,346
  round   1/50: acc=0.9104  f1m=0.9103  uplink_kB=52.6  t=1.32s
  round   2/50: acc=0.9069  f1m=0.9067  uplink_kB=52.6  t=0.66s
  round   3/50: acc=0.9024  f1m=0.9022  uplink_kB=52.6  t=0.70s
  round   4/50: acc=0.9051  f1m=0.9048  uplink_kB=52.6  t=0.66s
  round   5/50: acc=0.9014  f1m=0.9011  uplink_kB=52.6  t=0.62s
  round   6/50: acc=0.9021  f1m=0.9018  uplink_kB=52.6  t=0.64s
  round   7/50: acc=0.8658  f1m=0.8634  uplink_kB=52.6  t=0.69s
  round   8/50: acc=0.8741  f1m=0.8721  uplink_kB=52.6  t=0.67s
  round   9/50: acc=0.8681  f1m=0.8658  uplink_kB=52.6  t=0.67s
  round  10/50: acc=0.8704  f1m=0.8683  uplink_kB=52.6  t=0.63s
  round  11/50: acc=0.8916  f1m=0.8903  uplink_kB=52.6  t=0.66s
  round  12/50: acc=0.8930  f1m=0.8918  uplink_kB=52.6  t=0.63s
  round  13/50: acc=0.8950  f1m=0.8939  uplink_kB=52.6  t=0.63s
  round  14/50: acc=0.8968  f1m=0.8957  uplink_kB=52.6  t=0.64s
  round  15/50: acc=0.8952  f1m=0.8941  uplink_kB=52.6  t=0.68s
  round  16/50: acc=0.8986  f1m=0.8976  uplink_kB=52.6  t=0.69s
  round  17/50: acc=0.8947  f1m=0.8936  uplink_kB=52.6  t=0.60s
  round  18/50: acc=0.8985  f1m=0.8975  uplink_kB=52.6  t=0.67s
  round  19/50: acc=0.9076  f1m=0.9068  uplink_kB=52.6  t=0.68s
  round  20/50: acc=0.8982  f1m=0.8972  uplink_kB=52.6  t=0.68s
  round  21/50: acc=0.9060  f1m=0.9052  uplink_kB=52.6  t=0.67s
  round  22/50: acc=0.9086  f1m=0.9079  uplink_kB=52.6  t=0.70s
  round  23/50: acc=0.9086  f1m=0.9078  uplink_kB=52.6  t=0.65s
  round  24/50: acc=0.9170  f1m=0.9165  uplink_kB=52.6  t=0.65s
  round  25/50: acc=0.9178  f1m=0.9173  uplink_kB=52.6  t=0.65s
  round  26/50: acc=0.9196  f1m=0.9191  uplink_kB=52.6  t=0.69s
  round  27/50: acc=0.9178  f1m=0.9173  uplink_kB=52.6  t=0.66s
  round  28/50: acc=0.9186  f1m=0.9180  uplink_kB=52.6  t=0.68s
  round  29/50: acc=0.9187  f1m=0.9181  uplink_kB=52.6  t=0.70s
  round  30/50: acc=0.9199  f1m=0.9194  uplink_kB=52.6  t=0.61s
  round  31/50: acc=0.9201  f1m=0.9196  uplink_kB=52.6  t=0.65s
  round  32/50: acc=0.9206  f1m=0.9201  uplink_kB=52.6  t=0.66s
  round  33/50: acc=0.9200  f1m=0.9196  uplink_kB=52.6  t=0.65s
  round  34/50: acc=0.9202  f1m=0.9197  uplink_kB=52.6  t=0.65s
  round  35/50: acc=0.9202  f1m=0.9197  uplink_kB=52.6  t=0.67s
  round  36/50: acc=0.9791  f1m=0.9791  uplink_kB=52.6  t=0.62s
  round  37/50: acc=0.9203  f1m=0.9198  uplink_kB=52.6  t=0.66s
  round  38/50: acc=0.9804  f1m=0.9804  uplink_kB=52.6  t=0.71s
  round  39/50: acc=0.9805  f1m=0.9805  uplink_kB=52.6  t=0.68s
  round  40/50: acc=0.9798  f1m=0.9798  uplink_kB=52.6  t=0.66s
  round  41/50: acc=0.9802  f1m=0.9802  uplink_kB=52.6  t=0.67s
  round  42/50: acc=0.9598  f1m=0.9598  uplink_kB=52.6  t=0.65s
  round  43/50: acc=0.9801  f1m=0.9801  uplink_kB=52.6  t=0.59s
  round  44/50: acc=0.9804  f1m=0.9804  uplink_kB=52.6  t=0.68s
  round  45/50: acc=0.9805  f1m=0.9805  uplink_kB=52.6  t=0.71s
  round  46/50: acc=0.9600  f1m=0.9600  uplink_kB=52.6  t=0.66s
  round  47/50: acc=0.9799  f1m=0.9799  uplink_kB=52.6  t=0.64s
  round  48/50: acc=0.9803  f1m=0.9803  uplink_kB=52.6  t=0.65s
  round  49/50: acc=0.9804  f1m=0.9804  uplink_kB=52.6  t=0.61s
  round  50/50: acc=0.9799  f1m=0.9799  uplink_kB=52.6  t=0.66s
[run] DONE -> /Users/agentra/Documents/hao/working/paper-lab/hao-paper-2026/iotj-fedkan-ids/repo/results/lrsweep_botiot/lrsweep_mlp32_lr0p01__dir0.1__seed11/metrics.json  final_acc=0.9799
