[run] device=cpu  seed=2026  out=/Users/agentra/Documents/hao/working/paper-lab/hao-paper-2026/iotj-fedkan-ids/repo/results/lrsweep_cseciic_mc50k/lrsweep_kan8_lr0p001__dir0.1__seed2026
[run] model=kan  params=4,320
  round   1/50: acc=0.2096  f1m=0.0644  uplink_kB=190.8  t=3.20s
  round   2/50: acc=0.1196  f1m=0.0147  uplink_kB=190.8  t=2.54s
  round   3/50: acc=0.1217  f1m=0.0146  uplink_kB=190.8  t=2.61s
  round   4/50: acc=0.1217  f1m=0.0147  uplink_kB=190.8  t=2.51s
  round   5/50: acc=0.1217  f1m=0.0147  uplink_kB=190.8  t=2.56s
  round   6/50: acc=0.1217  f1m=0.0146  uplink_kB=190.8  t=2.52s
  round   7/50: acc=0.1395  f1m=0.0365  uplink_kB=190.8  t=2.54s
  round   8/50: acc=0.2268  f1m=0.1053  uplink_kB=190.8  t=2.52s
  round   9/50: acc=0.3484  f1m=0.1882  uplink_kB=190.8  t=2.58s
  round  10/50: acc=0.3751  f1m=0.1960  uplink_kB=190.8  t=2.52s
  round  11/50: acc=0.4510  f1m=0.2449  uplink_kB=190.8  t=2.57s
  round  12/50: acc=0.5009  f1m=0.2499  uplink_kB=190.8  t=2.52s
  round  13/50: acc=0.5042  f1m=0.2523  uplink_kB=190.8  t=2.59s
  round  14/50: acc=0.6081  f1m=0.3161  uplink_kB=190.8  t=2.54s
  round  15/50: acc=0.6227  f1m=0.3399  uplink_kB=190.8  t=2.56s
  round  16/50: acc=0.6315  f1m=0.3560  uplink_kB=190.8  t=2.54s
  round  17/50: acc=0.5776  f1m=0.3219  uplink_kB=190.8  t=2.60s
  round  18/50: acc=0.5725  f1m=0.3233  uplink_kB=190.8  t=2.51s
  round  19/50: acc=0.5631  f1m=0.3154  uplink_kB=190.8  t=2.61s
  round  20/50: acc=0.5780  f1m=0.3311  uplink_kB=190.8  t=2.51s
  round  21/50: acc=0.6194  f1m=0.3603  uplink_kB=190.8  t=2.55s
  round  22/50: acc=0.6413  f1m=0.3958  uplink_kB=190.8  t=2.55s
  round  23/50: acc=0.6302  f1m=0.4519  uplink_kB=190.8  t=2.58s
  round  24/50: acc=0.6351  f1m=0.4859  uplink_kB=190.8  t=2.49s
  round  25/50: acc=0.6304  f1m=0.4635  uplink_kB=190.8  t=2.60s
  round  26/50: acc=0.6380  f1m=0.4653  uplink_kB=190.8  t=2.57s
  round  27/50: acc=0.6520  f1m=0.4743  uplink_kB=190.8  t=2.59s
  round  28/50: acc=0.6557  f1m=0.4767  uplink_kB=190.8  t=2.51s
  round  29/50: acc=0.6600  f1m=0.4796  uplink_kB=190.8  t=2.59s
  round  30/50: acc=0.6647  f1m=0.4827  uplink_kB=190.8  t=2.56s
  round  31/50: acc=0.6652  f1m=0.4839  uplink_kB=190.8  t=2.57s
  round  32/50: acc=0.6684  f1m=0.4885  uplink_kB=190.8  t=2.78s
  round  33/50: acc=0.6712  f1m=0.4925  uplink_kB=190.8  t=2.59s
  round  34/50: acc=0.6722  f1m=0.4932  uplink_kB=190.8  t=2.67s
  round  35/50: acc=0.6764  f1m=0.4972  uplink_kB=190.8  t=2.67s
  round  36/50: acc=0.6796  f1m=0.5041  uplink_kB=190.8  t=2.62s
  round  37/50: acc=0.6834  f1m=0.5133  uplink_kB=190.8  t=2.59s
  round  38/50: acc=0.6930  f1m=0.5251  uplink_kB=190.8  t=2.62s
  round  39/50: acc=0.6944  f1m=0.5287  uplink_kB=190.8  t=2.69s
  round  40/50: acc=0.6978  f1m=0.5316  uplink_kB=190.8  t=2.54s
  round  41/50: acc=0.7001  f1m=0.5332  uplink_kB=190.8  t=2.58s
  round  42/50: acc=0.7038  f1m=0.5348  uplink_kB=190.8  t=2.59s
  round  43/50: acc=0.7067  f1m=0.5362  uplink_kB=190.8  t=2.50s
  round  44/50: acc=0.7141  f1m=0.5413  uplink_kB=190.8  t=2.57s
  round  45/50: acc=0.7164  f1m=0.5430  uplink_kB=190.8  t=2.54s
  round  46/50: acc=0.7196  f1m=0.5452  uplink_kB=190.8  t=2.58s
  round  47/50: acc=0.7219  f1m=0.5467  uplink_kB=190.8  t=2.59s
  round  48/50: acc=0.7239  f1m=0.5480  uplink_kB=190.8  t=2.59s
  round  49/50: acc=0.7261  f1m=0.5499  uplink_kB=190.8  t=2.53s
  round  50/50: acc=0.7285  f1m=0.5519  uplink_kB=190.8  t=2.56s
[run] DONE -> /Users/agentra/Documents/hao/working/paper-lab/hao-paper-2026/iotj-fedkan-ids/repo/results/lrsweep_cseciic_mc50k/lrsweep_kan8_lr0p001__dir0.1__seed2026/metrics.json  final_acc=0.7285
