[run] device=cpu  seed=31  out=/Users/agentra/Documents/hao/working/paper-lab/hao-paper-2026/iotj-fedkan-ids/repo/results/lrsweep_cseciic/lrsweep_mlp80_lr0p03__dir0.1__seed31
[run] model=mlp  params=3,362
  round   1/50: acc=0.6803  f1m=0.6499  uplink_kB=131.3  t=1.31s
  round   2/50: acc=0.5201  f1m=0.3775  uplink_kB=131.3  t=0.66s
  round   3/50: acc=0.7142  f1m=0.6939  uplink_kB=131.3  t=0.73s
  round   4/50: acc=0.6529  f1m=0.6113  uplink_kB=131.3  t=0.69s
  round   5/50: acc=0.7342  f1m=0.7186  uplink_kB=131.3  t=0.68s
  round   6/50: acc=0.7755  f1m=0.7672  uplink_kB=131.3  t=0.60s
  round   7/50: acc=0.7854  f1m=0.7783  uplink_kB=131.3  t=0.66s
  round   8/50: acc=0.8399  f1m=0.8375  uplink_kB=131.3  t=0.69s
  round   9/50: acc=0.8390  f1m=0.8366  uplink_kB=131.3  t=0.71s
  round  10/50: acc=0.7695  f1m=0.7603  uplink_kB=131.3  t=0.74s
  round  11/50: acc=0.8498  f1m=0.8478  uplink_kB=131.3  t=0.64s
  round  12/50: acc=0.7747  f1m=0.7661  uplink_kB=131.3  t=0.67s
  round  13/50: acc=0.8307  f1m=0.8277  uplink_kB=131.3  t=0.73s
  round  14/50: acc=0.8201  f1m=0.8162  uplink_kB=131.3  t=0.64s
  round  15/50: acc=0.8017  f1m=0.7961  uplink_kB=131.3  t=0.70s
  round  16/50: acc=0.8247  f1m=0.8214  uplink_kB=131.3  t=0.66s
  round  17/50: acc=0.8259  f1m=0.8224  uplink_kB=131.3  t=0.75s
  round  18/50: acc=0.7852  f1m=0.7779  uplink_kB=131.3  t=0.67s
  round  19/50: acc=0.7877  f1m=0.7808  uplink_kB=131.3  t=0.68s
  round  20/50: acc=0.8339  f1m=0.8309  uplink_kB=131.3  t=0.73s
  round  21/50: acc=0.7596  f1m=0.7488  uplink_kB=131.3  t=0.60s
  round  22/50: acc=0.8178  f1m=0.8138  uplink_kB=131.3  t=0.76s
  round  23/50: acc=0.8585  f1m=0.8569  uplink_kB=131.3  t=0.68s
  round  24/50: acc=0.7738  f1m=0.7650  uplink_kB=131.3  t=0.69s
  round  25/50: acc=0.7631  f1m=0.7527  uplink_kB=131.3  t=0.78s
  round  26/50: acc=0.8918  f1m=0.8912  uplink_kB=131.3  t=0.77s
  round  27/50: acc=0.7863  f1m=0.7792  uplink_kB=131.3  t=0.67s
  round  28/50: acc=0.8501  f1m=0.8481  uplink_kB=131.3  t=0.68s
  round  29/50: acc=0.8404  f1m=0.8378  uplink_kB=131.3  t=0.66s
  round  30/50: acc=0.8068  f1m=0.8018  uplink_kB=131.3  t=0.70s
  round  31/50: acc=0.7775  f1m=0.7692  uplink_kB=131.3  t=0.65s
  round  32/50: acc=0.7967  f1m=0.7907  uplink_kB=131.3  t=0.66s
  round  33/50: acc=0.8433  f1m=0.8410  uplink_kB=131.3  t=0.64s
  round  34/50: acc=0.7619  f1m=0.7515  uplink_kB=131.3  t=0.65s
  round  35/50: acc=0.7624  f1m=0.7519  uplink_kB=131.3  t=0.69s
  round  36/50: acc=0.7475  f1m=0.7345  uplink_kB=131.3  t=0.68s
  round  37/50: acc=0.8291  f1m=0.8258  uplink_kB=131.3  t=0.62s
  round  38/50: acc=0.6783  f1m=0.6458  uplink_kB=131.3  t=0.69s
  round  39/50: acc=0.7274  f1m=0.7100  uplink_kB=131.3  t=0.64s
  round  40/50: acc=0.7043  f1m=0.6806  uplink_kB=131.3  t=0.68s
  round  41/50: acc=0.7900  f1m=0.7828  uplink_kB=131.3  t=0.69s
  round  42/50: acc=0.6488  f1m=0.6037  uplink_kB=131.3  t=0.66s
  round  43/50: acc=0.6605  f1m=0.6205  uplink_kB=131.3  t=0.69s
  round  44/50: acc=0.7146  f1m=0.6918  uplink_kB=131.3  t=0.68s
  round  45/50: acc=0.6531  f1m=0.6101  uplink_kB=131.3  t=0.61s
  round  46/50: acc=0.6600  f1m=0.6193  uplink_kB=131.3  t=0.69s
  round  47/50: acc=0.6100  f1m=0.5422  uplink_kB=131.3  t=0.68s
  round  48/50: acc=0.6037  f1m=0.5321  uplink_kB=131.3  t=0.65s
  round  49/50: acc=0.5563  f1m=0.4488  uplink_kB=131.3  t=0.66s
  round  50/50: acc=0.5720  f1m=0.4773  uplink_kB=131.3  t=0.66s
[run] DONE -> /Users/agentra/Documents/hao/working/paper-lab/hao-paper-2026/iotj-fedkan-ids/repo/results/lrsweep_cseciic/lrsweep_mlp80_lr0p03__dir0.1__seed31/metrics.json  final_acc=0.5720
