[run] device=cpu  seed=102  out=/Users/agentra/Documents/hao/working/paper-lab/hao-paper-2026/iotj-fedkan-ids/repo/results/lrsweep_cseciic_mc50k/lrsweep_mlp80_lr0p01__dir0.1__seed102
[run] model=mlp  params=4,415
  round   1/50: acc=0.2451  f1m=0.0727  uplink_kB=172.5  t=2.22s
  round   2/50: acc=0.5470  f1m=0.2850  uplink_kB=172.5  t=1.29s
  round   3/50: acc=0.6536  f1m=0.4117  uplink_kB=172.5  t=1.34s
  round   4/50: acc=0.6907  f1m=0.4775  uplink_kB=172.5  t=1.37s
  round   5/50: acc=0.7156  f1m=0.4992  uplink_kB=172.5  t=1.33s
  round   6/50: acc=0.7085  f1m=0.4976  uplink_kB=172.5  t=1.31s
  round   7/50: acc=0.7232  f1m=0.5156  uplink_kB=172.5  t=1.29s
  round   8/50: acc=0.7310  f1m=0.5153  uplink_kB=172.5  t=1.25s
  round   9/50: acc=0.7410  f1m=0.5403  uplink_kB=172.5  t=1.32s
  round  10/50: acc=0.7337  f1m=0.5393  uplink_kB=172.5  t=1.28s
  round  11/50: acc=0.7422  f1m=0.5436  uplink_kB=172.5  t=1.32s
  round  12/50: acc=0.7383  f1m=0.5453  uplink_kB=172.5  t=1.29s
  round  13/50: acc=0.7639  f1m=0.5560  uplink_kB=172.5  t=1.36s
  round  14/50: acc=0.7663  f1m=0.5569  uplink_kB=172.5  t=1.26s
  round  15/50: acc=0.7687  f1m=0.5671  uplink_kB=172.5  t=1.32s
  round  16/50: acc=0.7679  f1m=0.5621  uplink_kB=172.5  t=1.28s
  round  17/50: acc=0.7727  f1m=0.5716  uplink_kB=172.5  t=1.37s
  round  18/50: acc=0.7737  f1m=0.5706  uplink_kB=172.5  t=1.28s
  round  19/50: acc=0.7820  f1m=0.5879  uplink_kB=172.5  t=1.31s
  round  20/50: acc=0.7744  f1m=0.5747  uplink_kB=172.5  t=1.28s
  round  21/50: acc=0.7854  f1m=0.5921  uplink_kB=172.5  t=1.35s
  round  22/50: acc=0.7744  f1m=0.5752  uplink_kB=172.5  t=1.28s
  round  23/50: acc=0.7867  f1m=0.5937  uplink_kB=172.5  t=1.35s
  round  24/50: acc=0.7774  f1m=0.5776  uplink_kB=172.5  t=1.26s
  round  25/50: acc=0.7948  f1m=0.6036  uplink_kB=172.5  t=1.37s
  round  26/50: acc=0.7887  f1m=0.5947  uplink_kB=172.5  t=1.25s
  round  27/50: acc=0.8059  f1m=0.6141  uplink_kB=172.5  t=1.38s
  round  28/50: acc=0.7776  f1m=0.5766  uplink_kB=172.5  t=1.27s
  round  29/50: acc=0.7926  f1m=0.6034  uplink_kB=172.5  t=1.33s
  round  30/50: acc=0.7857  f1m=0.5910  uplink_kB=172.5  t=1.30s
  round  31/50: acc=0.8017  f1m=0.6138  uplink_kB=172.5  t=1.36s
  round  32/50: acc=0.7865  f1m=0.5904  uplink_kB=172.5  t=1.25s
  round  33/50: acc=0.7987  f1m=0.6106  uplink_kB=172.5  t=1.33s
  round  34/50: acc=0.8452  f1m=0.6852  uplink_kB=172.5  t=1.35s
  round  35/50: acc=0.8107  f1m=0.6222  uplink_kB=172.5  t=1.31s
  round  36/50: acc=0.7897  f1m=0.5990  uplink_kB=172.5  t=1.35s
  round  37/50: acc=0.8091  f1m=0.6205  uplink_kB=172.5  t=1.29s
  round  38/50: acc=0.7937  f1m=0.6038  uplink_kB=172.5  t=1.33s
  round  39/50: acc=0.8077  f1m=0.6194  uplink_kB=172.5  t=1.28s
  round  40/50: acc=0.8538  f1m=0.6968  uplink_kB=172.5  t=1.33s
  round  41/50: acc=0.8126  f1m=0.6242  uplink_kB=172.5  t=1.23s
  round  42/50: acc=0.8617  f1m=0.7078  uplink_kB=172.5  t=1.41s
  round  43/50: acc=0.8158  f1m=0.6274  uplink_kB=172.5  t=1.29s
  round  44/50: acc=0.8522  f1m=0.6953  uplink_kB=172.5  t=1.39s
  round  45/50: acc=0.8164  f1m=0.6278  uplink_kB=172.5  t=1.38s
  round  46/50: acc=0.8472  f1m=0.6868  uplink_kB=172.5  t=1.44s
  round  47/50: acc=0.8178  f1m=0.6295  uplink_kB=172.5  t=1.28s
  round  48/50: acc=0.8551  f1m=0.6995  uplink_kB=172.5  t=1.32s
  round  49/50: acc=0.8107  f1m=0.6222  uplink_kB=172.5  t=1.24s
  round  50/50: acc=0.8565  f1m=0.6978  uplink_kB=172.5  t=1.32s
[run] DONE -> /Users/agentra/Documents/hao/working/paper-lab/hao-paper-2026/iotj-fedkan-ids/repo/results/lrsweep_cseciic_mc50k/lrsweep_mlp80_lr0p01__dir0.1__seed102/metrics.json  final_acc=0.8565
