[run] device=cpu  seed=37  out=/Users/agentra/Documents/hao/working/paper-lab/hao-paper-2026/iotj-fedkan-ids/repo/results/lrsweep_cseciic_mc50k/lrsweep_kan8_lr0p0003__dir0.1__seed37
[run] model=kan  params=4,320
  round   1/50: acc=0.2492  f1m=0.0990  uplink_kB=190.8  t=3.36s
  round   2/50: acc=0.2919  f1m=0.1034  uplink_kB=190.8  t=2.65s
  round   3/50: acc=0.2482  f1m=0.0879  uplink_kB=190.8  t=2.64s
  round   4/50: acc=0.1760  f1m=0.0683  uplink_kB=190.8  t=2.59s
  round   5/50: acc=0.2025  f1m=0.0615  uplink_kB=190.8  t=2.60s
  round   6/50: acc=0.2022  f1m=0.0589  uplink_kB=190.8  t=2.59s
  round   7/50: acc=0.2024  f1m=0.0588  uplink_kB=190.8  t=2.63s
  round   8/50: acc=0.2026  f1m=0.0588  uplink_kB=190.8  t=2.71s
  round   9/50: acc=0.2057  f1m=0.0598  uplink_kB=190.8  t=2.73s
  round  10/50: acc=0.2062  f1m=0.0599  uplink_kB=190.8  t=2.80s
  round  11/50: acc=0.2064  f1m=0.0587  uplink_kB=190.8  t=2.61s
  round  12/50: acc=0.2069  f1m=0.0580  uplink_kB=190.8  t=2.68s
  round  13/50: acc=0.2930  f1m=0.0943  uplink_kB=190.8  t=2.71s
  round  14/50: acc=0.3060  f1m=0.0911  uplink_kB=190.8  t=2.56s
  round  15/50: acc=0.3187  f1m=0.0937  uplink_kB=190.8  t=2.67s
  round  16/50: acc=0.3215  f1m=0.0942  uplink_kB=190.8  t=2.72s
  round  17/50: acc=0.3287  f1m=0.0965  uplink_kB=190.8  t=2.66s
  round  18/50: acc=0.3305  f1m=0.0972  uplink_kB=190.8  t=2.66s
  round  19/50: acc=0.3283  f1m=0.0967  uplink_kB=190.8  t=2.64s
  round  20/50: acc=0.3240  f1m=0.0990  uplink_kB=190.8  t=2.74s
  round  21/50: acc=0.3212  f1m=0.0984  uplink_kB=190.8  t=2.75s
  round  22/50: acc=0.3215  f1m=0.0986  uplink_kB=190.8  t=2.70s
  round  23/50: acc=0.3221  f1m=0.0997  uplink_kB=190.8  t=2.68s
  round  24/50: acc=0.3126  f1m=0.0966  uplink_kB=190.8  t=2.72s
  round  25/50: acc=0.3156  f1m=0.0977  uplink_kB=190.8  t=2.68s
  round  26/50: acc=0.3243  f1m=0.1007  uplink_kB=190.8  t=2.74s
  round  27/50: acc=0.3255  f1m=0.1011  uplink_kB=190.8  t=2.66s
  round  28/50: acc=0.3262  f1m=0.1012  uplink_kB=190.8  t=2.64s
  round  29/50: acc=0.3267  f1m=0.1013  uplink_kB=190.8  t=2.71s
  round  30/50: acc=0.3269  f1m=0.1013  uplink_kB=190.8  t=2.67s
  round  31/50: acc=0.3277  f1m=0.1015  uplink_kB=190.8  t=2.79s
  round  32/50: acc=0.3304  f1m=0.1021  uplink_kB=190.8  t=2.61s
  round  33/50: acc=0.3306  f1m=0.1021  uplink_kB=190.8  t=2.79s
  round  34/50: acc=0.3308  f1m=0.1022  uplink_kB=190.8  t=3.05s
  round  35/50: acc=0.3312  f1m=0.1023  uplink_kB=190.8  t=3.18s
  round  36/50: acc=0.3324  f1m=0.1026  uplink_kB=190.8  t=3.15s
  round  37/50: acc=0.3338  f1m=0.1029  uplink_kB=190.8  t=3.18s
  round  38/50: acc=0.3355  f1m=0.1031  uplink_kB=190.8  t=3.17s
  round  39/50: acc=0.3370  f1m=0.1033  uplink_kB=190.8  t=3.13s
  round  40/50: acc=0.3372  f1m=0.1032  uplink_kB=190.8  t=3.33s
  round  41/50: acc=0.3372  f1m=0.1032  uplink_kB=190.8  t=3.08s
  round  42/50: acc=0.3372  f1m=0.1031  uplink_kB=190.8  t=3.35s
  round  43/50: acc=0.3373  f1m=0.1047  uplink_kB=190.8  t=3.73s
  round  44/50: acc=0.3401  f1m=0.1112  uplink_kB=190.8  t=2.96s
  round  45/50: acc=0.3575  f1m=0.1318  uplink_kB=190.8  t=2.89s
  round  46/50: acc=0.3715  f1m=0.1447  uplink_kB=190.8  t=2.66s
  round  47/50: acc=0.3717  f1m=0.1451  uplink_kB=190.8  t=2.89s
  round  48/50: acc=0.3717  f1m=0.1451  uplink_kB=190.8  t=2.71s
  round  49/50: acc=0.3717  f1m=0.1451  uplink_kB=190.8  t=3.05s
  round  50/50: acc=0.3717  f1m=0.1451  uplink_kB=190.8  t=2.93s
[run] DONE -> /Users/agentra/Documents/hao/working/paper-lab/hao-paper-2026/iotj-fedkan-ids/repo/results/lrsweep_cseciic_mc50k/lrsweep_kan8_lr0p0003__dir0.1__seed37/metrics.json  final_acc=0.3717
