[run] device=cpu  seed=23  out=/Users/agentra/Documents/hao/working/paper-lab/hao-paper-2026/iotj-fedkan-ids/repo/results/lrsweep_cseciic_mc/lrsweep_kan16_lr0p003__dir0.1__seed23
[run] model=kan  params=8,640
  round   1/50: acc=0.3394  f1m=0.1690  uplink_kB=363.3  t=6.83s
  round   2/50: acc=0.5898  f1m=0.2887  uplink_kB=363.3  t=6.13s
  round   3/50: acc=0.5422  f1m=0.2820  uplink_kB=363.3  t=6.13s
  round   4/50: acc=0.5256  f1m=0.3172  uplink_kB=363.3  t=6.18s
  round   5/50: acc=0.5916  f1m=0.3832  uplink_kB=363.3  t=6.21s
  round   6/50: acc=0.6354  f1m=0.4078  uplink_kB=363.3  t=6.13s
  round   7/50: acc=0.6781  f1m=0.4833  uplink_kB=363.3  t=6.09s
  round   8/50: acc=0.6906  f1m=0.4905  uplink_kB=363.3  t=6.20s
  round   9/50: acc=0.7181  f1m=0.5094  uplink_kB=363.3  t=6.12s
  round  10/50: acc=0.7564  f1m=0.5328  uplink_kB=363.3  t=6.13s
  round  11/50: acc=0.8122  f1m=0.5619  uplink_kB=363.3  t=6.15s
  round  12/50: acc=0.8160  f1m=0.6237  uplink_kB=363.3  t=6.16s
  round  13/50: acc=0.8473  f1m=0.6477  uplink_kB=363.3  t=6.19s
  round  14/50: acc=0.8492  f1m=0.6493  uplink_kB=363.3  t=6.13s
  round  15/50: acc=0.8504  f1m=0.6505  uplink_kB=363.3  t=6.18s
  round  16/50: acc=0.8510  f1m=0.6513  uplink_kB=363.3  t=6.22s
  round  17/50: acc=0.8563  f1m=0.6542  uplink_kB=363.3  t=6.13s
  round  18/50: acc=0.8554  f1m=0.6538  uplink_kB=363.3  t=6.19s
  round  19/50: acc=0.8560  f1m=0.6541  uplink_kB=363.3  t=6.22s
  round  20/50: acc=0.8538  f1m=0.6542  uplink_kB=363.3  t=6.20s
  round  21/50: acc=0.8562  f1m=0.6570  uplink_kB=363.3  t=6.14s
  round  22/50: acc=0.8583  f1m=0.6631  uplink_kB=363.3  t=6.04s
  round  23/50: acc=0.8569  f1m=0.6639  uplink_kB=363.3  t=6.13s
  round  24/50: acc=0.8574  f1m=0.6673  uplink_kB=363.3  t=6.19s
  round  25/50: acc=0.8615  f1m=0.6702  uplink_kB=363.3  t=6.18s
  round  26/50: acc=0.8637  f1m=0.6722  uplink_kB=363.3  t=6.28s
  round  27/50: acc=0.8556  f1m=0.6436  uplink_kB=363.3  t=6.38s
  round  28/50: acc=0.8626  f1m=0.6870  uplink_kB=363.3  t=6.82s
  round  29/50: acc=0.8607  f1m=0.6920  uplink_kB=363.3  t=5.96s
  round  30/50: acc=0.8604  f1m=0.6919  uplink_kB=363.3  t=6.05s
  round  31/50: acc=0.8686  f1m=0.6979  uplink_kB=363.3  t=6.11s
  round  32/50: acc=0.8680  f1m=0.6975  uplink_kB=363.3  t=6.03s
  round  33/50: acc=0.8668  f1m=0.6978  uplink_kB=363.3  t=6.13s
  round  34/50: acc=0.8658  f1m=0.6967  uplink_kB=363.3  t=6.29s
  round  35/50: acc=0.8643  f1m=0.6982  uplink_kB=363.3  t=6.48s
  round  36/50: acc=0.8698  f1m=0.7240  uplink_kB=363.3  t=6.20s
  round  37/50: acc=0.8673  f1m=0.7000  uplink_kB=363.3  t=6.23s
  round  38/50: acc=0.8690  f1m=0.7026  uplink_kB=363.3  t=6.21s
  round  39/50: acc=0.8705  f1m=0.7025  uplink_kB=363.3  t=6.24s
  round  40/50: acc=0.8728  f1m=0.7053  uplink_kB=363.3  t=6.23s
  round  41/50: acc=0.8768  f1m=0.7087  uplink_kB=363.3  t=6.11s
  round  42/50: acc=0.8793  f1m=0.7105  uplink_kB=363.3  t=6.19s
  round  43/50: acc=0.8760  f1m=0.7032  uplink_kB=363.3  t=6.30s
  round  44/50: acc=0.8790  f1m=0.7090  uplink_kB=363.3  t=6.19s
  round  45/50: acc=0.8727  f1m=0.7008  uplink_kB=363.3  t=6.14s
  round  46/50: acc=0.8826  f1m=0.7422  uplink_kB=363.3  t=6.21s
  round  47/50: acc=0.8787  f1m=0.7094  uplink_kB=363.3  t=6.20s
  round  48/50: acc=0.8793  f1m=0.7072  uplink_kB=363.3  t=6.08s
  round  49/50: acc=0.8830  f1m=0.7113  uplink_kB=363.3  t=6.19s
  round  50/50: acc=0.8798  f1m=0.7107  uplink_kB=363.3  t=6.24s
[run] DONE -> /Users/agentra/Documents/hao/working/paper-lab/hao-paper-2026/iotj-fedkan-ids/repo/results/lrsweep_cseciic_mc/lrsweep_kan16_lr0p003__dir0.1__seed23/metrics.json  final_acc=0.8798
