[run] device=cpu  seed=29  out=/Users/agentra/Documents/hao/working/paper-lab/hao-paper-2026/iotj-fedkan-ids/repo/results/lrsweep_cseciic_mc/lrsweep_kan8_lr0p0003__dir0.1__seed29
[run] model=kan  params=4,320
  round   1/50: acc=0.2060  f1m=0.0573  uplink_kB=190.8  t=6.14s
  round   2/50: acc=0.2200  f1m=0.0581  uplink_kB=190.8  t=5.58s
  round   3/50: acc=0.2239  f1m=0.0546  uplink_kB=190.8  t=5.56s
  round   4/50: acc=0.2247  f1m=0.0547  uplink_kB=190.8  t=5.64s
  round   5/50: acc=0.2270  f1m=0.0563  uplink_kB=190.8  t=5.79s
  round   6/50: acc=0.2618  f1m=0.0746  uplink_kB=190.8  t=5.57s
  round   7/50: acc=0.2789  f1m=0.0859  uplink_kB=190.8  t=5.53s
  round   8/50: acc=0.3597  f1m=0.1286  uplink_kB=190.8  t=5.57s
  round   9/50: acc=0.4233  f1m=0.1417  uplink_kB=190.8  t=5.58s
  round  10/50: acc=0.4311  f1m=0.1450  uplink_kB=190.8  t=5.55s
  round  11/50: acc=0.4291  f1m=0.1585  uplink_kB=190.8  t=5.67s
  round  12/50: acc=0.4317  f1m=0.1659  uplink_kB=190.8  t=5.47s
  round  13/50: acc=0.4330  f1m=0.1685  uplink_kB=190.8  t=5.61s
  round  14/50: acc=0.4352  f1m=0.1706  uplink_kB=190.8  t=5.46s
  round  15/50: acc=0.4358  f1m=0.1710  uplink_kB=190.8  t=5.53s
  round  16/50: acc=0.4373  f1m=0.1724  uplink_kB=190.8  t=5.58s
  round  17/50: acc=0.4402  f1m=0.1755  uplink_kB=190.8  t=5.52s
  round  18/50: acc=0.4413  f1m=0.1763  uplink_kB=190.8  t=5.45s
  round  19/50: acc=0.4425  f1m=0.1771  uplink_kB=190.8  t=5.59s
  round  20/50: acc=0.4472  f1m=0.1803  uplink_kB=190.8  t=5.38s
  round  21/50: acc=0.4488  f1m=0.1815  uplink_kB=190.8  t=5.56s
  round  22/50: acc=0.4527  f1m=0.1843  uplink_kB=190.8  t=5.64s
  round  23/50: acc=0.4538  f1m=0.1853  uplink_kB=190.8  t=5.61s
  round  24/50: acc=0.4543  f1m=0.1858  uplink_kB=190.8  t=5.50s
  round  25/50: acc=0.4581  f1m=0.1890  uplink_kB=190.8  t=5.59s
  round  26/50: acc=0.4847  f1m=0.2444  uplink_kB=190.8  t=5.59s
  round  27/50: acc=0.4911  f1m=0.2503  uplink_kB=190.8  t=5.59s
  round  28/50: acc=0.4882  f1m=0.2461  uplink_kB=190.8  t=5.59s
  round  29/50: acc=0.4840  f1m=0.2437  uplink_kB=190.8  t=5.60s
  round  30/50: acc=0.4908  f1m=0.2483  uplink_kB=190.8  t=5.53s
  round  31/50: acc=0.4947  f1m=0.2517  uplink_kB=190.8  t=5.65s
  round  32/50: acc=0.4961  f1m=0.2529  uplink_kB=190.8  t=5.36s
  round  33/50: acc=0.4961  f1m=0.2529  uplink_kB=190.8  t=5.48s
  round  34/50: acc=0.5766  f1m=0.3027  uplink_kB=190.8  t=5.40s
  round  35/50: acc=0.5830  f1m=0.3057  uplink_kB=190.8  t=5.39s
  round  36/50: acc=0.5843  f1m=0.3061  uplink_kB=190.8  t=5.46s
  round  37/50: acc=0.5867  f1m=0.3071  uplink_kB=190.8  t=5.70s
  round  38/50: acc=0.5853  f1m=0.3061  uplink_kB=190.8  t=5.68s
  round  39/50: acc=0.5851  f1m=0.3054  uplink_kB=190.8  t=5.64s
  round  40/50: acc=0.5844  f1m=0.3036  uplink_kB=190.8  t=5.81s
  round  41/50: acc=0.5805  f1m=0.3007  uplink_kB=190.8  t=5.69s
  round  42/50: acc=0.5793  f1m=0.2995  uplink_kB=190.8  t=5.64s
  round  43/50: acc=0.5792  f1m=0.2992  uplink_kB=190.8  t=5.51s
  round  44/50: acc=0.5771  f1m=0.2976  uplink_kB=190.8  t=5.58s
  round  45/50: acc=0.5770  f1m=0.2967  uplink_kB=190.8  t=5.54s
  round  46/50: acc=0.5748  f1m=0.2955  uplink_kB=190.8  t=5.55s
  round  47/50: acc=0.5707  f1m=0.2934  uplink_kB=190.8  t=5.47s
  round  48/50: acc=0.5708  f1m=0.2934  uplink_kB=190.8  t=5.61s
  round  49/50: acc=0.5717  f1m=0.2943  uplink_kB=190.8  t=5.82s
  round  50/50: acc=0.5720  f1m=0.2945  uplink_kB=190.8  t=5.52s
[run] DONE -> /Users/agentra/Documents/hao/working/paper-lab/hao-paper-2026/iotj-fedkan-ids/repo/results/lrsweep_cseciic_mc/lrsweep_kan8_lr0p0003__dir0.1__seed29/metrics.json  final_acc=0.5720
