[run] device=cpu  seed=23  out=/Users/agentra/Documents/hao/working/paper-lab/hao-paper-2026/iotj-fedkan-ids/repo/results/lrsweep_cseciic_mc/lrsweep_mlp80_lr0p001__dir0.1__seed23
[run] model=mlp  params=4,415
  round   1/50: acc=0.2323  f1m=0.0533  uplink_kB=172.5  t=2.79s
  round   2/50: acc=0.3920  f1m=0.1130  uplink_kB=172.5  t=2.34s
  round   3/50: acc=0.4303  f1m=0.1633  uplink_kB=172.5  t=2.14s
  round   4/50: acc=0.4632  f1m=0.2165  uplink_kB=172.5  t=2.34s
  round   5/50: acc=0.4711  f1m=0.2193  uplink_kB=172.5  t=2.19s
  round   6/50: acc=0.4774  f1m=0.2230  uplink_kB=172.5  t=2.17s
  round   7/50: acc=0.4803  f1m=0.2252  uplink_kB=172.5  t=2.13s
  round   8/50: acc=0.4819  f1m=0.2295  uplink_kB=172.5  t=2.15s
  round   9/50: acc=0.4830  f1m=0.2316  uplink_kB=172.5  t=2.15s
  round  10/50: acc=0.4861  f1m=0.2340  uplink_kB=172.5  t=2.12s
  round  11/50: acc=0.4960  f1m=0.2420  uplink_kB=172.5  t=2.18s
  round  12/50: acc=0.4959  f1m=0.2423  uplink_kB=172.5  t=2.18s
  round  13/50: acc=0.4968  f1m=0.2430  uplink_kB=172.5  t=2.17s
  round  14/50: acc=0.4996  f1m=0.2549  uplink_kB=172.5  t=2.09s
  round  15/50: acc=0.5265  f1m=0.3355  uplink_kB=172.5  t=2.12s
  round  16/50: acc=0.4989  f1m=0.2448  uplink_kB=172.5  t=2.15s
  round  17/50: acc=0.5306  f1m=0.3435  uplink_kB=172.5  t=2.12s
  round  18/50: acc=0.5367  f1m=0.3536  uplink_kB=172.5  t=2.16s
  round  19/50: acc=0.5375  f1m=0.3544  uplink_kB=172.5  t=2.10s
  round  20/50: acc=0.5434  f1m=0.3696  uplink_kB=172.5  t=2.16s
  round  21/50: acc=0.5479  f1m=0.3756  uplink_kB=172.5  t=2.18s
  round  22/50: acc=0.5481  f1m=0.3756  uplink_kB=172.5  t=2.26s
  round  23/50: acc=0.5485  f1m=0.3760  uplink_kB=172.5  t=2.15s
  round  24/50: acc=0.5490  f1m=0.3763  uplink_kB=172.5  t=2.25s
  round  25/50: acc=0.5747  f1m=0.4190  uplink_kB=172.5  t=2.23s
  round  26/50: acc=0.6003  f1m=0.4390  uplink_kB=172.5  t=2.10s
  round  27/50: acc=0.6013  f1m=0.4398  uplink_kB=172.5  t=2.15s
  round  28/50: acc=0.6020  f1m=0.4400  uplink_kB=172.5  t=2.12s
  round  29/50: acc=0.6036  f1m=0.4413  uplink_kB=172.5  t=2.21s
  round  30/50: acc=0.6024  f1m=0.4401  uplink_kB=172.5  t=2.15s
  round  31/50: acc=0.6005  f1m=0.4278  uplink_kB=172.5  t=2.10s
  round  32/50: acc=0.6901  f1m=0.4873  uplink_kB=172.5  t=2.16s
  round  33/50: acc=0.7324  f1m=0.5186  uplink_kB=172.5  t=2.14s
  round  34/50: acc=0.7029  f1m=0.4979  uplink_kB=172.5  t=2.20s
  round  35/50: acc=0.7183  f1m=0.5093  uplink_kB=172.5  t=2.11s
  round  36/50: acc=0.7568  f1m=0.5418  uplink_kB=172.5  t=2.12s
  round  37/50: acc=0.7318  f1m=0.5313  uplink_kB=172.5  t=2.16s
  round  38/50: acc=0.7638  f1m=0.5514  uplink_kB=172.5  t=2.14s
  round  39/50: acc=0.7507  f1m=0.5338  uplink_kB=172.5  t=2.10s
  round  40/50: acc=0.7608  f1m=0.5486  uplink_kB=172.5  t=2.14s
  round  41/50: acc=0.7708  f1m=0.6008  uplink_kB=172.5  t=2.22s
  round  42/50: acc=0.7549  f1m=0.5904  uplink_kB=172.5  t=2.11s
  round  43/50: acc=0.7656  f1m=0.6013  uplink_kB=172.5  t=2.19s
  round  44/50: acc=0.7760  f1m=0.6087  uplink_kB=172.5  t=2.13s
  round  45/50: acc=0.7589  f1m=0.5986  uplink_kB=172.5  t=2.18s
  round  46/50: acc=0.7756  f1m=0.6086  uplink_kB=172.5  t=2.15s
  round  47/50: acc=0.7570  f1m=0.5976  uplink_kB=172.5  t=2.11s
  round  48/50: acc=0.7565  f1m=0.5938  uplink_kB=172.5  t=2.15s
  round  49/50: acc=0.7808  f1m=0.5878  uplink_kB=172.5  t=2.20s
  round  50/50: acc=0.7656  f1m=0.5785  uplink_kB=172.5  t=2.31s
[run] DONE -> /Users/agentra/Documents/hao/working/paper-lab/hao-paper-2026/iotj-fedkan-ids/repo/results/lrsweep_cseciic_mc/lrsweep_mlp80_lr0p001__dir0.1__seed23/metrics.json  final_acc=0.7656
