[run] device=cpu  seed=17  out=/Users/agentra/Documents/hao/working/paper-lab/hao-paper-2026/iotj-fedkan-ids/repo/results/lrsweep_cseciic/lrsweep_mlp80_lr0p03__dir0.1__seed17
[run] model=mlp  params=3,362
  round   1/50: acc=0.5000  f1m=0.3333  uplink_kB=131.3  t=1.28s
  round   2/50: acc=0.9213  f1m=0.9210  uplink_kB=131.3  t=0.67s
  round   3/50: acc=0.5000  f1m=0.3334  uplink_kB=131.3  t=0.67s
  round   4/50: acc=0.9231  f1m=0.9229  uplink_kB=131.3  t=0.69s
  round   5/50: acc=0.9191  f1m=0.9189  uplink_kB=131.3  t=0.74s
  round   6/50: acc=0.9197  f1m=0.9195  uplink_kB=131.3  t=0.64s
  round   7/50: acc=0.9219  f1m=0.9218  uplink_kB=131.3  t=0.67s
  round   8/50: acc=0.9280  f1m=0.9280  uplink_kB=131.3  t=0.66s
  round   9/50: acc=0.9271  f1m=0.9270  uplink_kB=131.3  t=0.68s
  round  10/50: acc=0.9176  f1m=0.9176  uplink_kB=131.3  t=0.64s
  round  11/50: acc=0.9090  f1m=0.9090  uplink_kB=131.3  t=0.71s
  round  12/50: acc=0.9030  f1m=0.9030  uplink_kB=131.3  t=0.67s
  round  13/50: acc=0.9008  f1m=0.9008  uplink_kB=131.3  t=0.70s
  round  14/50: acc=0.9008  f1m=0.9007  uplink_kB=131.3  t=0.72s
  round  15/50: acc=0.8970  f1m=0.8970  uplink_kB=131.3  t=0.68s
  round  16/50: acc=0.8983  f1m=0.8983  uplink_kB=131.3  t=0.70s
  round  17/50: acc=0.9028  f1m=0.9028  uplink_kB=131.3  t=0.68s
  round  18/50: acc=0.9095  f1m=0.9093  uplink_kB=131.3  t=0.67s
  round  19/50: acc=0.8958  f1m=0.8958  uplink_kB=131.3  t=0.63s
  round  20/50: acc=0.8885  f1m=0.8880  uplink_kB=131.3  t=0.69s
  round  21/50: acc=0.9022  f1m=0.9022  uplink_kB=131.3  t=0.70s
  round  22/50: acc=0.9072  f1m=0.9070  uplink_kB=131.3  t=0.65s
  round  23/50: acc=0.8891  f1m=0.8890  uplink_kB=131.3  t=0.66s
  round  24/50: acc=0.8940  f1m=0.8935  uplink_kB=131.3  t=0.72s
  round  25/50: acc=0.8415  f1m=0.8390  uplink_kB=131.3  t=0.69s
  round  26/50: acc=0.8771  f1m=0.8762  uplink_kB=131.3  t=0.64s
  round  27/50: acc=0.8168  f1m=0.8124  uplink_kB=131.3  t=0.65s
  round  28/50: acc=0.8722  f1m=0.8711  uplink_kB=131.3  t=0.66s
  round  29/50: acc=0.8214  f1m=0.8174  uplink_kB=131.3  t=0.69s
  round  30/50: acc=0.8116  f1m=0.8067  uplink_kB=131.3  t=0.68s
  round  31/50: acc=0.8514  f1m=0.8494  uplink_kB=131.3  t=0.69s
  round  32/50: acc=0.8496  f1m=0.8476  uplink_kB=131.3  t=0.69s
  round  33/50: acc=0.7943  f1m=0.7875  uplink_kB=131.3  t=0.67s
  round  34/50: acc=0.8267  f1m=0.8232  uplink_kB=131.3  t=0.70s
  round  35/50: acc=0.8364  f1m=0.8335  uplink_kB=131.3  t=0.67s
  round  36/50: acc=0.8526  f1m=0.8507  uplink_kB=131.3  t=0.71s
  round  37/50: acc=0.8272  f1m=0.8237  uplink_kB=131.3  t=0.65s
  round  38/50: acc=0.8047  f1m=0.7991  uplink_kB=131.3  t=0.71s
  round  39/50: acc=0.7412  f1m=0.7253  uplink_kB=131.3  t=0.67s
  round  40/50: acc=0.8158  f1m=0.8113  uplink_kB=131.3  t=0.66s
  round  41/50: acc=0.7919  f1m=0.7848  uplink_kB=131.3  t=0.81s
  round  42/50: acc=0.8282  f1m=0.8247  uplink_kB=131.3  t=0.68s
  round  43/50: acc=0.8102  f1m=0.8051  uplink_kB=131.3  t=0.71s
  round  44/50: acc=0.8144  f1m=0.8098  uplink_kB=131.3  t=0.65s
  round  45/50: acc=0.8000  f1m=0.7939  uplink_kB=131.3  t=0.67s
  round  46/50: acc=0.7462  f1m=0.7312  uplink_kB=131.3  t=0.70s
  round  47/50: acc=0.7762  f1m=0.7669  uplink_kB=131.3  t=0.66s
  round  48/50: acc=0.7340  f1m=0.7162  uplink_kB=131.3  t=0.70s
  round  49/50: acc=0.7296  f1m=0.7107  uplink_kB=131.3  t=0.72s
  round  50/50: acc=0.7703  f1m=0.7599  uplink_kB=131.3  t=0.68s
[run] DONE -> /Users/agentra/Documents/hao/working/paper-lab/hao-paper-2026/iotj-fedkan-ids/repo/results/lrsweep_cseciic/lrsweep_mlp80_lr0p03__dir0.1__seed17/metrics.json  final_acc=0.7703
