[run] device=cpu  seed=37  out=/Users/agentra/Documents/hao/working/paper-lab/hao-paper-2026/iotj-fedkan-ids/repo/results/lrsweep_toniot/lrsweep_mlp80_lr0p03__dir0.1__seed37
[run] model=mlp  params=3,362
  round   1/50: acc=0.5004  f1m=0.3380  uplink_kB=131.3  t=1.30s
  round   2/50: acc=0.7136  f1m=0.6974  uplink_kB=131.3  t=0.72s
  round   3/50: acc=0.7452  f1m=0.7442  uplink_kB=131.3  t=0.68s
  round   4/50: acc=0.7388  f1m=0.7363  uplink_kB=131.3  t=0.66s
  round   5/50: acc=0.7220  f1m=0.7018  uplink_kB=131.3  t=0.64s
  round   6/50: acc=0.8107  f1m=0.8069  uplink_kB=131.3  t=0.59s
  round   7/50: acc=0.8003  f1m=0.7950  uplink_kB=131.3  t=0.61s
  round   8/50: acc=0.8256  f1m=0.8226  uplink_kB=131.3  t=0.64s
  round   9/50: acc=0.7381  f1m=0.7242  uplink_kB=131.3  t=0.65s
  round  10/50: acc=0.7845  f1m=0.7775  uplink_kB=131.3  t=0.67s
  round  11/50: acc=0.7913  f1m=0.7850  uplink_kB=131.3  t=0.66s
  round  12/50: acc=0.7386  f1m=0.7237  uplink_kB=131.3  t=0.67s
  round  13/50: acc=0.6546  f1m=0.6110  uplink_kB=131.3  t=0.62s
  round  14/50: acc=0.6363  f1m=0.5839  uplink_kB=131.3  t=0.67s
  round  15/50: acc=0.7621  f1m=0.7536  uplink_kB=131.3  t=0.66s
  round  16/50: acc=0.7433  f1m=0.7300  uplink_kB=131.3  t=0.66s
  round  17/50: acc=0.7240  f1m=0.7052  uplink_kB=131.3  t=0.66s
  round  18/50: acc=0.6326  f1m=0.5783  uplink_kB=131.3  t=0.70s
  round  19/50: acc=0.6958  f1m=0.6681  uplink_kB=131.3  t=0.62s
  round  20/50: acc=0.7143  f1m=0.6937  uplink_kB=131.3  t=0.66s
  round  21/50: acc=0.8025  f1m=0.7969  uplink_kB=131.3  t=0.65s
  round  22/50: acc=0.7114  f1m=0.6910  uplink_kB=131.3  t=0.66s
  round  23/50: acc=0.6947  f1m=0.6664  uplink_kB=131.3  t=0.64s
  round  24/50: acc=0.8277  f1m=0.8241  uplink_kB=131.3  t=0.64s
  round  25/50: acc=0.7048  f1m=0.6788  uplink_kB=131.3  t=0.60s
  round  26/50: acc=0.8331  f1m=0.8298  uplink_kB=131.3  t=0.63s
  round  27/50: acc=0.6682  f1m=0.6296  uplink_kB=131.3  t=0.65s
  round  28/50: acc=0.8466  f1m=0.8437  uplink_kB=131.3  t=0.65s
  round  29/50: acc=0.7907  f1m=0.7833  uplink_kB=131.3  t=0.65s
  round  30/50: acc=0.7142  f1m=0.6928  uplink_kB=131.3  t=0.65s
  round  31/50: acc=0.6833  f1m=0.6505  uplink_kB=131.3  t=0.66s
  round  32/50: acc=0.9197  f1m=0.9194  uplink_kB=131.3  t=0.61s
  round  33/50: acc=0.7992  f1m=0.7917  uplink_kB=131.3  t=0.69s
  round  34/50: acc=0.8536  f1m=0.8514  uplink_kB=131.3  t=0.67s
  round  35/50: acc=0.8412  f1m=0.8379  uplink_kB=131.3  t=0.68s
  round  36/50: acc=0.8480  f1m=0.8455  uplink_kB=131.3  t=0.68s
  round  37/50: acc=0.8115  f1m=0.8054  uplink_kB=131.3  t=0.64s
  round  38/50: acc=0.7800  f1m=0.7707  uplink_kB=131.3  t=0.64s
  round  39/50: acc=0.8579  f1m=0.8557  uplink_kB=131.3  t=0.66s
  round  40/50: acc=0.8468  f1m=0.8438  uplink_kB=131.3  t=0.59s
  round  41/50: acc=0.9435  f1m=0.9435  uplink_kB=131.3  t=0.65s
  round  42/50: acc=0.8810  f1m=0.8797  uplink_kB=131.3  t=0.66s
  round  43/50: acc=0.8671  f1m=0.8655  uplink_kB=131.3  t=0.65s
  round  44/50: acc=0.8387  f1m=0.8351  uplink_kB=131.3  t=0.66s
  round  45/50: acc=0.9335  f1m=0.9334  uplink_kB=131.3  t=0.66s
  round  46/50: acc=0.9058  f1m=0.9053  uplink_kB=131.3  t=0.65s
  round  47/50: acc=0.9045  f1m=0.9041  uplink_kB=131.3  t=0.60s
  round  48/50: acc=0.7936  f1m=0.7852  uplink_kB=131.3  t=0.66s
  round  49/50: acc=0.8726  f1m=0.8714  uplink_kB=131.3  t=0.67s
  round  50/50: acc=0.8449  f1m=0.8418  uplink_kB=131.3  t=0.64s
[run] DONE -> /Users/agentra/Documents/hao/working/paper-lab/hao-paper-2026/iotj-fedkan-ids/repo/results/lrsweep_toniot/lrsweep_mlp80_lr0p03__dir0.1__seed37/metrics.json  final_acc=0.8449
