[run] device=cpu  seed=23  out=/Users/agentra/Documents/hao/working/paper-lab/hao-paper-2026/iotj-fedkan-ids/repo/results/lrsweep_botiot/lrsweep_mlp32_lr0p01__dir0.1__seed23
[run] model=mlp  params=1,346
  round   1/50: acc=0.4989  f1m=0.3328  uplink_kB=52.6  t=1.27s
  round   2/50: acc=0.5045  f1m=0.3452  uplink_kB=52.6  t=0.72s
  round   3/50: acc=0.6844  f1m=0.6518  uplink_kB=52.6  t=0.67s
  round   4/50: acc=0.8397  f1m=0.8364  uplink_kB=52.6  t=0.67s
  round   5/50: acc=0.8943  f1m=0.8936  uplink_kB=52.6  t=0.61s
  round   6/50: acc=0.9049  f1m=0.9043  uplink_kB=52.6  t=0.69s
  round   7/50: acc=0.9095  f1m=0.9090  uplink_kB=52.6  t=0.66s
  round   8/50: acc=0.9140  f1m=0.9135  uplink_kB=52.6  t=0.66s
  round   9/50: acc=0.9249  f1m=0.9246  uplink_kB=52.6  t=0.61s
  round  10/50: acc=0.9293  f1m=0.9290  uplink_kB=52.6  t=0.67s
  round  11/50: acc=0.9335  f1m=0.9333  uplink_kB=52.6  t=0.63s
  round  12/50: acc=0.9454  f1m=0.9453  uplink_kB=52.6  t=0.59s
  round  13/50: acc=0.9524  f1m=0.9523  uplink_kB=52.6  t=0.66s
  round  14/50: acc=0.9539  f1m=0.9538  uplink_kB=52.6  t=0.67s
  round  15/50: acc=0.9561  f1m=0.9560  uplink_kB=52.6  t=0.67s
  round  16/50: acc=0.9594  f1m=0.9593  uplink_kB=52.6  t=0.67s
  round  17/50: acc=0.9594  f1m=0.9593  uplink_kB=52.6  t=0.65s
  round  18/50: acc=0.9606  f1m=0.9605  uplink_kB=52.6  t=0.61s
  round  19/50: acc=0.9629  f1m=0.9629  uplink_kB=52.6  t=0.65s
  round  20/50: acc=0.9646  f1m=0.9646  uplink_kB=52.6  t=0.72s
  round  21/50: acc=0.9661  f1m=0.9660  uplink_kB=52.6  t=0.68s
  round  22/50: acc=0.9664  f1m=0.9663  uplink_kB=52.6  t=0.69s
  round  23/50: acc=0.9666  f1m=0.9665  uplink_kB=52.6  t=0.60s
  round  24/50: acc=0.9669  f1m=0.9669  uplink_kB=52.6  t=0.66s
  round  25/50: acc=0.9670  f1m=0.9669  uplink_kB=52.6  t=0.65s
  round  26/50: acc=0.9670  f1m=0.9670  uplink_kB=52.6  t=0.64s
  round  27/50: acc=0.9669  f1m=0.9668  uplink_kB=52.6  t=0.66s
  round  28/50: acc=0.9669  f1m=0.9668  uplink_kB=52.6  t=0.70s
  round  29/50: acc=0.9669  f1m=0.9669  uplink_kB=52.6  t=0.68s
  round  30/50: acc=0.9668  f1m=0.9668  uplink_kB=52.6  t=0.64s
  round  31/50: acc=0.9667  f1m=0.9667  uplink_kB=52.6  t=0.68s
  round  32/50: acc=0.9667  f1m=0.9666  uplink_kB=52.6  t=0.67s
  round  33/50: acc=0.9667  f1m=0.9667  uplink_kB=52.6  t=0.68s
  round  34/50: acc=0.9667  f1m=0.9667  uplink_kB=52.6  t=0.66s
  round  35/50: acc=0.9662  f1m=0.9661  uplink_kB=52.6  t=0.65s
  round  36/50: acc=0.9697  f1m=0.9697  uplink_kB=52.6  t=0.64s
  round  37/50: acc=0.9662  f1m=0.9662  uplink_kB=52.6  t=0.60s
  round  38/50: acc=0.9698  f1m=0.9698  uplink_kB=52.6  t=0.66s
  round  39/50: acc=0.9722  f1m=0.9722  uplink_kB=52.6  t=0.67s
  round  40/50: acc=0.9721  f1m=0.9721  uplink_kB=52.6  t=0.67s
  round  41/50: acc=0.9722  f1m=0.9722  uplink_kB=52.6  t=0.64s
  round  42/50: acc=0.9722  f1m=0.9721  uplink_kB=52.6  t=0.65s
  round  43/50: acc=0.9666  f1m=0.9665  uplink_kB=52.6  t=0.59s
  round  44/50: acc=0.9666  f1m=0.9665  uplink_kB=52.6  t=0.67s
  round  45/50: acc=0.9664  f1m=0.9664  uplink_kB=52.6  t=0.65s
  round  46/50: acc=0.9665  f1m=0.9665  uplink_kB=52.6  t=0.67s
  round  47/50: acc=0.9664  f1m=0.9664  uplink_kB=52.6  t=0.65s
  round  48/50: acc=0.9664  f1m=0.9664  uplink_kB=52.6  t=0.69s
  round  49/50: acc=0.9665  f1m=0.9665  uplink_kB=52.6  t=0.68s
  round  50/50: acc=0.9665  f1m=0.9665  uplink_kB=52.6  t=0.62s
[run] DONE -> /Users/agentra/Documents/hao/working/paper-lab/hao-paper-2026/iotj-fedkan-ids/repo/results/lrsweep_botiot/lrsweep_mlp32_lr0p01__dir0.1__seed23/metrics.json  final_acc=0.9665
