[run] device=cpu  seed=2024  out=/Users/agentra/Documents/hao/working/paper-lab/hao-paper-2026/iotj-fedkan-ids/repo/results/lrsweep_cseciic_mc/lrsweep_kan8_lr0p001__dir0.1__seed2024
[run] model=kan  params=4,320
  round   1/50: acc=0.2594  f1m=0.1001  uplink_kB=190.8  t=6.18s
  round   2/50: acc=0.2812  f1m=0.0800  uplink_kB=190.8  t=6.36s
  round   3/50: acc=0.2699  f1m=0.0726  uplink_kB=190.8  t=6.16s
  round   4/50: acc=0.4043  f1m=0.1209  uplink_kB=190.8  t=5.32s
  round   5/50: acc=0.5333  f1m=0.2061  uplink_kB=190.8  t=5.32s
  round   6/50: acc=0.5715  f1m=0.2354  uplink_kB=190.8  t=5.33s
  round   7/50: acc=0.6134  f1m=0.2605  uplink_kB=190.8  t=5.39s
  round   8/50: acc=0.6536  f1m=0.3229  uplink_kB=190.8  t=5.50s
  round   9/50: acc=0.6935  f1m=0.3476  uplink_kB=190.8  t=5.35s
  round  10/50: acc=0.7154  f1m=0.3597  uplink_kB=190.8  t=5.44s
  round  11/50: acc=0.7622  f1m=0.4280  uplink_kB=190.8  t=5.41s
  round  12/50: acc=0.7894  f1m=0.4875  uplink_kB=190.8  t=5.47s
  round  13/50: acc=0.8179  f1m=0.5018  uplink_kB=190.8  t=5.55s
  round  14/50: acc=0.8225  f1m=0.5059  uplink_kB=190.8  t=5.48s
  round  15/50: acc=0.8257  f1m=0.5125  uplink_kB=190.8  t=5.34s
  round  16/50: acc=0.8311  f1m=0.5239  uplink_kB=190.8  t=5.44s
  round  17/50: acc=0.8335  f1m=0.5310  uplink_kB=190.8  t=5.87s
  round  18/50: acc=0.8350  f1m=0.5346  uplink_kB=190.8  t=5.44s
  round  19/50: acc=0.8391  f1m=0.5504  uplink_kB=190.8  t=5.31s
  round  20/50: acc=0.8392  f1m=0.5542  uplink_kB=190.8  t=5.44s
  round  21/50: acc=0.8426  f1m=0.5609  uplink_kB=190.8  t=5.35s
  round  22/50: acc=0.8452  f1m=0.6242  uplink_kB=190.8  t=5.40s
  round  23/50: acc=0.8476  f1m=0.6262  uplink_kB=190.8  t=5.44s
  round  24/50: acc=0.8491  f1m=0.6278  uplink_kB=190.8  t=5.46s
  round  25/50: acc=0.8520  f1m=0.6300  uplink_kB=190.8  t=5.63s
  round  26/50: acc=0.8536  f1m=0.6315  uplink_kB=190.8  t=5.42s
  round  27/50: acc=0.8546  f1m=0.6321  uplink_kB=190.8  t=5.33s
  round  28/50: acc=0.8546  f1m=0.6328  uplink_kB=190.8  t=5.45s
  round  29/50: acc=0.8550  f1m=0.6352  uplink_kB=190.8  t=5.38s
  round  30/50: acc=0.8558  f1m=0.6375  uplink_kB=190.8  t=5.51s
  round  31/50: acc=0.8561  f1m=0.6387  uplink_kB=190.8  t=5.36s
  round  32/50: acc=0.8561  f1m=0.6397  uplink_kB=190.8  t=5.35s
  round  33/50: acc=0.8577  f1m=0.6419  uplink_kB=190.8  t=5.39s
  round  34/50: acc=0.8584  f1m=0.6427  uplink_kB=190.8  t=5.38s
  round  35/50: acc=0.8586  f1m=0.6434  uplink_kB=190.8  t=5.29s
  round  36/50: acc=0.8588  f1m=0.6441  uplink_kB=190.8  t=5.44s
  round  37/50: acc=0.8594  f1m=0.6468  uplink_kB=190.8  t=5.34s
  round  38/50: acc=0.8592  f1m=0.6463  uplink_kB=190.8  t=5.42s
  round  39/50: acc=0.8601  f1m=0.6482  uplink_kB=190.8  t=5.53s
  round  40/50: acc=0.8588  f1m=0.6472  uplink_kB=190.8  t=5.50s
  round  41/50: acc=0.8602  f1m=0.6486  uplink_kB=190.8  t=5.41s
  round  42/50: acc=0.8600  f1m=0.6539  uplink_kB=190.8  t=5.40s
  round  43/50: acc=0.8589  f1m=0.6520  uplink_kB=190.8  t=5.33s
  round  44/50: acc=0.8609  f1m=0.6538  uplink_kB=190.8  t=5.47s
  round  45/50: acc=0.8610  f1m=0.6536  uplink_kB=190.8  t=5.25s
  round  46/50: acc=0.8604  f1m=0.6541  uplink_kB=190.8  t=5.30s
  round  47/50: acc=0.8614  f1m=0.6573  uplink_kB=190.8  t=5.40s
  round  48/50: acc=0.8596  f1m=0.6544  uplink_kB=190.8  t=5.36s
  round  49/50: acc=0.8614  f1m=0.6553  uplink_kB=190.8  t=5.43s
  round  50/50: acc=0.8598  f1m=0.6611  uplink_kB=190.8  t=5.49s
[run] DONE -> /Users/agentra/Documents/hao/working/paper-lab/hao-paper-2026/iotj-fedkan-ids/repo/results/lrsweep_cseciic_mc/lrsweep_kan8_lr0p001__dir0.1__seed2024/metrics.json  final_acc=0.8598
