[run] device=cpu  seed=37  out=/Users/agentra/Documents/hao/working/paper-lab/hao-paper-2026/iotj-fedkan-ids/repo/results/lrsweep_toniot/lrsweep_mlp32_lr0p003__dir0.1__seed37
[run] model=mlp  params=1,346
  round   1/50: acc=0.5106  f1m=0.3585  uplink_kB=52.6  t=1.12s
  round   2/50: acc=0.6747  f1m=0.6695  uplink_kB=52.6  t=0.64s
  round   3/50: acc=0.6913  f1m=0.6882  uplink_kB=52.6  t=0.66s
  round   4/50: acc=0.6948  f1m=0.6922  uplink_kB=52.6  t=0.64s
  round   5/50: acc=0.6932  f1m=0.6910  uplink_kB=52.6  t=0.65s
  round   6/50: acc=0.6933  f1m=0.6915  uplink_kB=52.6  t=0.60s
  round   7/50: acc=0.7301  f1m=0.7297  uplink_kB=52.6  t=0.65s
  round   8/50: acc=0.7348  f1m=0.7341  uplink_kB=52.6  t=0.63s
  round   9/50: acc=0.7360  f1m=0.7353  uplink_kB=52.6  t=0.63s
  round  10/50: acc=0.7390  f1m=0.7382  uplink_kB=52.6  t=0.64s
  round  11/50: acc=0.7403  f1m=0.7394  uplink_kB=52.6  t=0.64s
  round  12/50: acc=0.7419  f1m=0.7411  uplink_kB=52.6  t=0.66s
  round  13/50: acc=0.7450  f1m=0.7440  uplink_kB=52.6  t=0.60s
  round  14/50: acc=0.7483  f1m=0.7472  uplink_kB=52.6  t=0.65s
  round  15/50: acc=0.7497  f1m=0.7486  uplink_kB=52.6  t=0.62s
  round  16/50: acc=0.7524  f1m=0.7512  uplink_kB=52.6  t=0.63s
  round  17/50: acc=0.7575  f1m=0.7565  uplink_kB=52.6  t=0.64s
  round  18/50: acc=0.7546  f1m=0.7530  uplink_kB=52.6  t=0.67s
  round  19/50: acc=0.7571  f1m=0.7555  uplink_kB=52.6  t=0.61s
  round  20/50: acc=0.7565  f1m=0.7547  uplink_kB=52.6  t=0.65s
  round  21/50: acc=0.7614  f1m=0.7598  uplink_kB=52.6  t=0.66s
  round  22/50: acc=0.7678  f1m=0.7659  uplink_kB=52.6  t=0.65s
  round  23/50: acc=0.7685  f1m=0.7667  uplink_kB=52.6  t=0.65s
  round  24/50: acc=0.7681  f1m=0.7663  uplink_kB=52.6  t=0.64s
  round  25/50: acc=0.7706  f1m=0.7687  uplink_kB=52.6  t=0.60s
  round  26/50: acc=0.7761  f1m=0.7739  uplink_kB=52.6  t=0.63s
  round  27/50: acc=0.7785  f1m=0.7763  uplink_kB=52.6  t=0.65s
  round  28/50: acc=0.7803  f1m=0.7781  uplink_kB=52.6  t=0.63s
  round  29/50: acc=0.7801  f1m=0.7780  uplink_kB=52.6  t=0.64s
  round  30/50: acc=0.7778  f1m=0.7756  uplink_kB=52.6  t=0.62s
  round  31/50: acc=0.7829  f1m=0.7799  uplink_kB=52.6  t=0.64s
  round  32/50: acc=0.7823  f1m=0.7796  uplink_kB=52.6  t=0.60s
  round  33/50: acc=0.7850  f1m=0.7818  uplink_kB=52.6  t=0.64s
  round  34/50: acc=0.8800  f1m=0.8799  uplink_kB=52.6  t=0.66s
  round  35/50: acc=0.8818  f1m=0.8817  uplink_kB=52.6  t=0.68s
  round  36/50: acc=0.8851  f1m=0.8849  uplink_kB=52.6  t=0.65s
  round  37/50: acc=0.8881  f1m=0.8880  uplink_kB=52.6  t=0.66s
  round  38/50: acc=0.8888  f1m=0.8887  uplink_kB=52.6  t=0.64s
  round  39/50: acc=0.8887  f1m=0.8886  uplink_kB=52.6  t=0.65s
  round  40/50: acc=0.8887  f1m=0.8885  uplink_kB=52.6  t=0.60s
  round  41/50: acc=0.8889  f1m=0.8888  uplink_kB=52.6  t=0.66s
  round  42/50: acc=0.8876  f1m=0.8874  uplink_kB=52.6  t=0.70s
  round  43/50: acc=0.8896  f1m=0.8895  uplink_kB=52.6  t=0.69s
  round  44/50: acc=0.8916  f1m=0.8914  uplink_kB=52.6  t=0.70s
  round  45/50: acc=0.8914  f1m=0.8913  uplink_kB=52.6  t=0.63s
  round  46/50: acc=0.8894  f1m=0.8892  uplink_kB=52.6  t=0.68s
  round  47/50: acc=0.8902  f1m=0.8899  uplink_kB=52.6  t=0.61s
  round  48/50: acc=0.8864  f1m=0.8861  uplink_kB=52.6  t=0.67s
  round  49/50: acc=0.8911  f1m=0.8909  uplink_kB=52.6  t=0.68s
  round  50/50: acc=0.8901  f1m=0.8898  uplink_kB=52.6  t=0.69s
[run] DONE -> /Users/agentra/Documents/hao/working/paper-lab/hao-paper-2026/iotj-fedkan-ids/repo/results/lrsweep_toniot/lrsweep_mlp32_lr0p003__dir0.1__seed37/metrics.json  final_acc=0.8901
