[run] device=cpu  seed=11  out=/Users/agentra/Documents/hao/working/paper-lab/hao-paper-2026/iotj-fedkan-ids/repo/results/sensitivity_botiot/sens_k5__dir0.1__seed11
[run] model=kan  params=3,936
  round   1/50: acc=0.4989  f1m=0.3328  uplink_kB=183.1  t=3.35s
  round   2/50: acc=0.8999  f1m=0.8996  uplink_kB=183.1  t=2.65s
  round   3/50: acc=0.9356  f1m=0.9356  uplink_kB=183.1  t=2.66s
  round   4/50: acc=0.9350  f1m=0.9350  uplink_kB=183.1  t=2.74s
  round   5/50: acc=0.9621  f1m=0.9621  uplink_kB=183.1  t=2.60s
  round   6/50: acc=0.9397  f1m=0.9397  uplink_kB=183.1  t=2.80s
  round   7/50: acc=0.9161  f1m=0.9155  uplink_kB=183.1  t=2.79s
  round   8/50: acc=0.8925  f1m=0.8913  uplink_kB=183.1  t=2.65s
  round   9/50: acc=0.9204  f1m=0.9200  uplink_kB=183.1  t=2.65s
  round  10/50: acc=0.9687  f1m=0.9687  uplink_kB=183.1  t=2.69s
  round  11/50: acc=0.9142  f1m=0.9136  uplink_kB=183.1  t=2.59s
  round  12/50: acc=0.9207  f1m=0.9203  uplink_kB=183.1  t=2.61s
  round  13/50: acc=0.9218  f1m=0.9214  uplink_kB=183.1  t=2.57s
  round  14/50: acc=0.9691  f1m=0.9691  uplink_kB=183.1  t=2.56s
  round  15/50: acc=0.9222  f1m=0.9217  uplink_kB=183.1  t=2.59s
  round  16/50: acc=0.9695  f1m=0.9694  uplink_kB=183.1  t=2.60s
  round  17/50: acc=0.9244  f1m=0.9239  uplink_kB=183.1  t=2.58s
  round  18/50: acc=0.9696  f1m=0.9696  uplink_kB=183.1  t=2.59s
  round  19/50: acc=0.9741  f1m=0.9741  uplink_kB=183.1  t=2.59s
  round  20/50: acc=0.9720  f1m=0.9720  uplink_kB=183.1  t=2.52s
  round  21/50: acc=0.9250  f1m=0.9246  uplink_kB=183.1  t=2.55s
  round  22/50: acc=0.9716  f1m=0.9716  uplink_kB=183.1  t=2.50s
  round  23/50: acc=0.9347  f1m=0.9344  uplink_kB=183.1  t=2.44s
  round  24/50: acc=0.9737  f1m=0.9737  uplink_kB=183.1  t=2.54s
  round  25/50: acc=0.9214  f1m=0.9209  uplink_kB=183.1  t=2.63s
  round  26/50: acc=0.9238  f1m=0.9233  uplink_kB=183.1  t=2.67s
  round  27/50: acc=0.9216  f1m=0.9211  uplink_kB=183.1  t=2.62s
  round  28/50: acc=0.9332  f1m=0.9329  uplink_kB=183.1  t=2.59s
  round  29/50: acc=0.9365  f1m=0.9362  uplink_kB=183.1  t=2.64s
  round  30/50: acc=0.9936  f1m=0.9936  uplink_kB=183.1  t=2.71s
  round  31/50: acc=0.9356  f1m=0.9354  uplink_kB=183.1  t=2.77s
  round  32/50: acc=0.9368  f1m=0.9366  uplink_kB=183.1  t=2.44s
  round  33/50: acc=0.9344  f1m=0.9342  uplink_kB=183.1  t=2.47s
  round  34/50: acc=0.9920  f1m=0.9920  uplink_kB=183.1  t=2.62s
  round  35/50: acc=0.9346  f1m=0.9344  uplink_kB=183.1  t=2.63s
  round  36/50: acc=0.9349  f1m=0.9346  uplink_kB=183.1  t=2.64s
  round  37/50: acc=0.9346  f1m=0.9343  uplink_kB=183.1  t=2.65s
  round  38/50: acc=0.9358  f1m=0.9356  uplink_kB=183.1  t=2.72s
  round  39/50: acc=0.9364  f1m=0.9361  uplink_kB=183.1  t=2.68s
  round  40/50: acc=0.9365  f1m=0.9363  uplink_kB=183.1  t=2.65s
  round  41/50: acc=0.9370  f1m=0.9367  uplink_kB=183.1  t=2.67s
  round  42/50: acc=0.9366  f1m=0.9364  uplink_kB=183.1  t=2.68s
  round  43/50: acc=0.9958  f1m=0.9958  uplink_kB=183.1  t=2.73s
  round  44/50: acc=0.9755  f1m=0.9755  uplink_kB=183.1  t=2.67s
  round  45/50: acc=0.9367  f1m=0.9365  uplink_kB=183.1  t=2.72s
  round  46/50: acc=0.9238  f1m=0.9233  uplink_kB=183.1  t=2.66s
  round  47/50: acc=0.9359  f1m=0.9356  uplink_kB=183.1  t=2.64s
  round  48/50: acc=0.9954  f1m=0.9954  uplink_kB=183.1  t=2.79s
  round  49/50: acc=0.9261  f1m=0.9257  uplink_kB=183.1  t=2.63s
  round  50/50: acc=0.9265  f1m=0.9261  uplink_kB=183.1  t=2.75s
[run] DONE -> /Users/agentra/Documents/hao/working/paper-lab/hao-paper-2026/iotj-fedkan-ids/repo/results/sensitivity_botiot/sens_k5__dir0.1__seed11/metrics.json  final_acc=0.9265
