[run] device=cpu  seed=43  out=/Users/agentra/Documents/hao/working/paper-lab/hao-paper-2026/iotj-fedkan-ids/repo/results/lrsweep_cseciic_mc50k/lrsweep_mlp80_lr0p03__dir0.1__seed43
[run] model=mlp  params=4,415
  round   1/50: acc=0.3122  f1m=0.1241  uplink_kB=172.5  t=1.66s
  round   2/50: acc=0.5700  f1m=0.3227  uplink_kB=172.5  t=1.04s
  round   3/50: acc=0.5801  f1m=0.3298  uplink_kB=172.5  t=1.16s
  round   4/50: acc=0.5627  f1m=0.3599  uplink_kB=172.5  t=1.24s
  round   5/50: acc=0.6000  f1m=0.3950  uplink_kB=172.5  t=1.46s
  round   6/50: acc=0.6237  f1m=0.4153  uplink_kB=172.5  t=1.43s
  round   7/50: acc=0.6179  f1m=0.4162  uplink_kB=172.5  t=1.38s
  round   8/50: acc=0.6278  f1m=0.4234  uplink_kB=172.5  t=1.26s
  round   9/50: acc=0.6247  f1m=0.4276  uplink_kB=172.5  t=1.11s
  round  10/50: acc=0.7098  f1m=0.4958  uplink_kB=172.5  t=1.37s
  round  11/50: acc=0.6305  f1m=0.4360  uplink_kB=172.5  t=1.16s
  round  12/50: acc=0.7272  f1m=0.5244  uplink_kB=172.5  t=1.03s
  round  13/50: acc=0.6897  f1m=0.4907  uplink_kB=172.5  t=1.15s
  round  14/50: acc=0.7938  f1m=0.6408  uplink_kB=172.5  t=1.07s
  round  15/50: acc=0.7382  f1m=0.5405  uplink_kB=172.5  t=1.13s
  round  16/50: acc=0.7535  f1m=0.5470  uplink_kB=172.5  t=1.01s
  round  17/50: acc=0.7201  f1m=0.5924  uplink_kB=172.5  t=1.07s
  round  18/50: acc=0.7760  f1m=0.5511  uplink_kB=172.5  t=1.03s
  round  19/50: acc=0.7636  f1m=0.5946  uplink_kB=172.5  t=1.11s
  round  20/50: acc=0.7606  f1m=0.5553  uplink_kB=172.5  t=1.04s
  round  21/50: acc=0.7889  f1m=0.6124  uplink_kB=172.5  t=1.10s
  round  22/50: acc=0.7389  f1m=0.5461  uplink_kB=172.5  t=1.08s
  round  23/50: acc=0.8413  f1m=0.6937  uplink_kB=172.5  t=1.13s
  round  24/50: acc=0.7361  f1m=0.5477  uplink_kB=172.5  t=1.04s
  round  25/50: acc=0.7817  f1m=0.5983  uplink_kB=172.5  t=1.12s
  round  26/50: acc=0.7319  f1m=0.5408  uplink_kB=172.5  t=1.06s
  round  27/50: acc=0.8069  f1m=0.6208  uplink_kB=172.5  t=1.14s
  round  28/50: acc=0.7142  f1m=0.5297  uplink_kB=172.5  t=1.04s
  round  29/50: acc=0.8282  f1m=0.6588  uplink_kB=172.5  t=0.92s
  round  30/50: acc=0.8188  f1m=0.6533  uplink_kB=172.5  t=0.99s
  round  31/50: acc=0.7455  f1m=0.5789  uplink_kB=172.5  t=1.10s
  round  32/50: acc=0.8196  f1m=0.6553  uplink_kB=172.5  t=1.19s
  round  33/50: acc=0.7392  f1m=0.5537  uplink_kB=172.5  t=1.13s
  round  34/50: acc=0.8483  f1m=0.6977  uplink_kB=172.5  t=1.17s
  round  35/50: acc=0.7639  f1m=0.6408  uplink_kB=172.5  t=1.06s
  round  36/50: acc=0.6924  f1m=0.5386  uplink_kB=172.5  t=1.12s
  round  37/50: acc=0.8081  f1m=0.6203  uplink_kB=172.5  t=1.11s
  round  38/50: acc=0.6843  f1m=0.5176  uplink_kB=172.5  t=1.08s
  round  39/50: acc=0.8653  f1m=0.7164  uplink_kB=172.5  t=1.10s
  round  40/50: acc=0.7388  f1m=0.5745  uplink_kB=172.5  t=1.15s
  round  41/50: acc=0.8107  f1m=0.6226  uplink_kB=172.5  t=1.06s
  round  42/50: acc=0.7602  f1m=0.5581  uplink_kB=172.5  t=1.14s
  round  43/50: acc=0.8633  f1m=0.7149  uplink_kB=172.5  t=1.06s
  round  44/50: acc=0.8317  f1m=0.6761  uplink_kB=172.5  t=1.15s
  round  45/50: acc=0.8687  f1m=0.7183  uplink_kB=172.5  t=1.08s
  round  46/50: acc=0.8234  f1m=0.6634  uplink_kB=172.5  t=1.15s
  round  47/50: acc=0.8766  f1m=0.7203  uplink_kB=172.5  t=1.12s
  round  48/50: acc=0.8341  f1m=0.6775  uplink_kB=172.5  t=1.21s
  round  49/50: acc=0.7060  f1m=0.5532  uplink_kB=172.5  t=1.09s
  round  50/50: acc=0.8479  f1m=0.7001  uplink_kB=172.5  t=1.34s
[run] DONE -> /Users/agentra/Documents/hao/working/paper-lab/hao-paper-2026/iotj-fedkan-ids/repo/results/lrsweep_cseciic_mc50k/lrsweep_mlp80_lr0p03__dir0.1__seed43/metrics.json  final_acc=0.8479
