[run] device=cpu  seed=42  out=/Users/agentra/Documents/hao/working/paper-lab/hao-paper-2026/iotj-fedkan-ids/repo/results/lrsweep_botiot/lrsweep_kan8_lr0p001__dir0.1__seed42
[run] model=kan  params=3,280
  round   1/50: acc=0.6681  f1m=0.6265  uplink_kB=150.2  t=2.34s
  round   2/50: acc=0.9206  f1m=0.9205  uplink_kB=150.2  t=1.69s
  round   3/50: acc=0.9358  f1m=0.9358  uplink_kB=150.2  t=1.70s
  round   4/50: acc=0.9392  f1m=0.9392  uplink_kB=150.2  t=1.66s
  round   5/50: acc=0.9464  f1m=0.9464  uplink_kB=150.2  t=1.70s
  round   6/50: acc=0.9627  f1m=0.9626  uplink_kB=150.2  t=1.61s
  round   7/50: acc=0.9641  f1m=0.9641  uplink_kB=150.2  t=1.71s
  round   8/50: acc=0.9650  f1m=0.9650  uplink_kB=150.2  t=1.69s
  round   9/50: acc=0.9649  f1m=0.9649  uplink_kB=150.2  t=1.63s
  round  10/50: acc=0.9648  f1m=0.9648  uplink_kB=150.2  t=1.69s
  round  11/50: acc=0.9696  f1m=0.9696  uplink_kB=150.2  t=1.68s
  round  12/50: acc=0.9717  f1m=0.9717  uplink_kB=150.2  t=1.55s
  round  13/50: acc=0.9667  f1m=0.9667  uplink_kB=150.2  t=1.70s
  round  14/50: acc=0.9717  f1m=0.9717  uplink_kB=150.2  t=1.69s
  round  15/50: acc=0.9716  f1m=0.9716  uplink_kB=150.2  t=1.68s
  round  16/50: acc=0.9718  f1m=0.9718  uplink_kB=150.2  t=1.67s
  round  17/50: acc=0.9718  f1m=0.9718  uplink_kB=150.2  t=1.76s
  round  18/50: acc=0.9718  f1m=0.9718  uplink_kB=150.2  t=1.57s
  round  19/50: acc=0.9718  f1m=0.9718  uplink_kB=150.2  t=1.65s
  round  20/50: acc=0.9721  f1m=0.9720  uplink_kB=150.2  t=1.64s
  round  21/50: acc=0.9721  f1m=0.9721  uplink_kB=150.2  t=1.67s
  round  22/50: acc=0.9721  f1m=0.9721  uplink_kB=150.2  t=1.62s
  round  23/50: acc=0.9730  f1m=0.9730  uplink_kB=150.2  t=1.71s
  round  24/50: acc=0.9731  f1m=0.9730  uplink_kB=150.2  t=1.63s
  round  25/50: acc=0.9732  f1m=0.9732  uplink_kB=150.2  t=1.57s
  round  26/50: acc=0.9732  f1m=0.9732  uplink_kB=150.2  t=1.69s
  round  27/50: acc=0.9732  f1m=0.9732  uplink_kB=150.2  t=1.71s
  round  28/50: acc=0.9733  f1m=0.9733  uplink_kB=150.2  t=1.63s
  round  29/50: acc=0.9733  f1m=0.9733  uplink_kB=150.2  t=1.68s
  round  30/50: acc=0.9734  f1m=0.9734  uplink_kB=150.2  t=1.67s
  round  31/50: acc=0.9735  f1m=0.9735  uplink_kB=150.2  t=1.69s
  round  32/50: acc=0.9734  f1m=0.9734  uplink_kB=150.2  t=1.59s
  round  33/50: acc=0.9735  f1m=0.9735  uplink_kB=150.2  t=1.64s
  round  34/50: acc=0.9735  f1m=0.9735  uplink_kB=150.2  t=1.63s
  round  35/50: acc=0.9736  f1m=0.9736  uplink_kB=150.2  t=1.67s
  round  36/50: acc=0.9736  f1m=0.9736  uplink_kB=150.2  t=1.65s
  round  37/50: acc=0.9737  f1m=0.9736  uplink_kB=150.2  t=1.65s
  round  38/50: acc=0.9736  f1m=0.9736  uplink_kB=150.2  t=1.67s
  round  39/50: acc=0.9737  f1m=0.9737  uplink_kB=150.2  t=1.56s
  round  40/50: acc=0.9737  f1m=0.9737  uplink_kB=150.2  t=1.61s
  round  41/50: acc=0.9739  f1m=0.9739  uplink_kB=150.2  t=1.67s
  round  42/50: acc=0.9740  f1m=0.9739  uplink_kB=150.2  t=1.66s
  round  43/50: acc=0.9740  f1m=0.9740  uplink_kB=150.2  t=1.68s
  round  44/50: acc=0.9751  f1m=0.9751  uplink_kB=150.2  t=1.72s
  round  45/50: acc=0.9751  f1m=0.9751  uplink_kB=150.2  t=1.68s
  round  46/50: acc=0.9751  f1m=0.9750  uplink_kB=150.2  t=1.62s
  round  47/50: acc=0.9751  f1m=0.9750  uplink_kB=150.2  t=1.62s
  round  48/50: acc=0.9750  f1m=0.9750  uplink_kB=150.2  t=1.65s
  round  49/50: acc=0.9750  f1m=0.9750  uplink_kB=150.2  t=1.54s
  round  50/50: acc=0.9751  f1m=0.9751  uplink_kB=150.2  t=1.65s
[run] DONE -> /Users/agentra/Documents/hao/working/paper-lab/hao-paper-2026/iotj-fedkan-ids/repo/results/lrsweep_botiot/lrsweep_kan8_lr0p001__dir0.1__seed42/metrics.json  final_acc=0.9751
