[run] device=cpu  seed=11  out=/Users/agentra/Documents/hao/working/paper-lab/hao-paper-2026/iotj-fedkan-ids/repo/results/lrsweep_toniot/lrsweep_mlp80_lr0p0003__dir0.1__seed11
[run] model=mlp  params=3,362
  round   1/50: acc=0.5000  f1m=0.3333  uplink_kB=131.3  t=1.17s
  round   2/50: acc=0.5000  f1m=0.3333  uplink_kB=131.3  t=0.67s
  round   3/50: acc=0.5000  f1m=0.3333  uplink_kB=131.3  t=0.67s
  round   4/50: acc=0.5000  f1m=0.3333  uplink_kB=131.3  t=0.64s
  round   5/50: acc=0.5000  f1m=0.3333  uplink_kB=131.3  t=0.61s
  round   6/50: acc=0.5000  f1m=0.3333  uplink_kB=131.3  t=0.68s
  round   7/50: acc=0.5000  f1m=0.3333  uplink_kB=131.3  t=0.66s
  round   8/50: acc=0.5000  f1m=0.3333  uplink_kB=131.3  t=0.64s
  round   9/50: acc=0.5000  f1m=0.3333  uplink_kB=131.3  t=0.65s
  round  10/50: acc=0.5000  f1m=0.3333  uplink_kB=131.3  t=0.67s
  round  11/50: acc=0.5000  f1m=0.3333  uplink_kB=131.3  t=0.65s
  round  12/50: acc=0.5000  f1m=0.3333  uplink_kB=131.3  t=0.61s
  round  13/50: acc=0.5010  f1m=0.3357  uplink_kB=131.3  t=0.71s
  round  14/50: acc=0.5059  f1m=0.3465  uplink_kB=131.3  t=0.69s
  round  15/50: acc=0.5108  f1m=0.3573  uplink_kB=131.3  t=0.65s
  round  16/50: acc=0.5125  f1m=0.3610  uplink_kB=131.3  t=0.64s
  round  17/50: acc=0.5137  f1m=0.3637  uplink_kB=131.3  t=0.67s
  round  18/50: acc=0.5142  f1m=0.3649  uplink_kB=131.3  t=0.62s
  round  19/50: acc=0.5144  f1m=0.3658  uplink_kB=131.3  t=0.68s
  round  20/50: acc=0.5146  f1m=0.3668  uplink_kB=131.3  t=0.66s
  round  21/50: acc=0.5148  f1m=0.3676  uplink_kB=131.3  t=0.73s
  round  22/50: acc=0.5158  f1m=0.3697  uplink_kB=131.3  t=0.66s
  round  23/50: acc=0.5167  f1m=0.3715  uplink_kB=131.3  t=0.67s
  round  24/50: acc=0.5174  f1m=0.3731  uplink_kB=131.3  t=0.62s
  round  25/50: acc=0.5178  f1m=0.3741  uplink_kB=131.3  t=0.63s
  round  26/50: acc=0.5202  f1m=0.3792  uplink_kB=131.3  t=0.65s
  round  27/50: acc=0.5206  f1m=0.3801  uplink_kB=131.3  t=0.67s
  round  28/50: acc=0.5218  f1m=0.3830  uplink_kB=131.3  t=0.68s
  round  29/50: acc=0.5225  f1m=0.3851  uplink_kB=131.3  t=0.69s
  round  30/50: acc=0.5239  f1m=0.3880  uplink_kB=131.3  t=0.67s
  round  31/50: acc=0.5244  f1m=0.3893  uplink_kB=131.3  t=0.69s
  round  32/50: acc=0.5272  f1m=0.3951  uplink_kB=131.3  t=0.63s
  round  33/50: acc=0.5294  f1m=0.3996  uplink_kB=131.3  t=0.68s
  round  34/50: acc=0.5295  f1m=0.3998  uplink_kB=131.3  t=0.69s
  round  35/50: acc=0.5302  f1m=0.4023  uplink_kB=131.3  t=0.71s
  round  36/50: acc=0.5306  f1m=0.4031  uplink_kB=131.3  t=0.68s
  round  37/50: acc=0.5306  f1m=0.4034  uplink_kB=131.3  t=0.64s
  round  38/50: acc=0.5307  f1m=0.4048  uplink_kB=131.3  t=0.64s
  round  39/50: acc=0.5318  f1m=0.4072  uplink_kB=131.3  t=0.65s
  round  40/50: acc=0.5324  f1m=0.4086  uplink_kB=131.3  t=0.67s
  round  41/50: acc=0.5337  f1m=0.4119  uplink_kB=131.3  t=0.66s
  round  42/50: acc=0.5355  f1m=0.4159  uplink_kB=131.3  t=0.68s
  round  43/50: acc=0.5394  f1m=0.4238  uplink_kB=131.3  t=0.62s
  round  44/50: acc=0.5405  f1m=0.4260  uplink_kB=131.3  t=0.67s
  round  45/50: acc=0.5410  f1m=0.4270  uplink_kB=131.3  t=0.67s
  round  46/50: acc=0.5407  f1m=0.4285  uplink_kB=131.3  t=0.72s
  round  47/50: acc=0.5409  f1m=0.4283  uplink_kB=131.3  t=0.66s
  round  48/50: acc=0.5450  f1m=0.4364  uplink_kB=131.3  t=0.67s
  round  49/50: acc=0.5453  f1m=0.4370  uplink_kB=131.3  t=0.62s
  round  50/50: acc=0.5452  f1m=0.4368  uplink_kB=131.3  t=0.66s
[run] DONE -> /Users/agentra/Documents/hao/working/paper-lab/hao-paper-2026/iotj-fedkan-ids/repo/results/lrsweep_toniot/lrsweep_mlp80_lr0p0003__dir0.1__seed11/metrics.json  final_acc=0.5452
