[run] device=cpu  seed=37  out=/Users/agentra/Documents/hao/working/paper-lab/hao-paper-2026/iotj-fedkan-ids/repo/results/mc_botiot/mc_kan16_lr0p01__dir0.1__seed37
[run] model=kan  params=7,040
  round   1/50: acc=0.2471  f1m=0.0793  uplink_kB=300.8  t=2.53s
  round   2/50: acc=0.4914  f1m=0.2968  uplink_kB=300.8  t=1.72s
  round   3/50: acc=0.5537  f1m=0.3833  uplink_kB=300.8  t=1.77s
  round   4/50: acc=0.7013  f1m=0.5520  uplink_kB=300.8  t=1.72s
  round   5/50: acc=0.7883  f1m=0.6137  uplink_kB=300.8  t=1.78s
  round   6/50: acc=0.7816  f1m=0.6091  uplink_kB=300.8  t=1.78s
  round   7/50: acc=0.7840  f1m=0.6109  uplink_kB=300.8  t=1.74s
  round   8/50: acc=0.7873  f1m=0.6132  uplink_kB=300.8  t=1.76s
  round   9/50: acc=0.8090  f1m=0.6346  uplink_kB=300.8  t=1.76s
  round  10/50: acc=0.8033  f1m=0.6300  uplink_kB=300.8  t=1.75s
  round  11/50: acc=0.7966  f1m=0.6165  uplink_kB=300.8  t=1.79s
  round  12/50: acc=0.8030  f1m=0.6298  uplink_kB=300.8  t=1.79s
  round  13/50: acc=0.8008  f1m=0.6282  uplink_kB=300.8  t=1.74s
  round  14/50: acc=0.7989  f1m=0.6269  uplink_kB=300.8  t=1.74s
  round  15/50: acc=0.8050  f1m=0.6310  uplink_kB=300.8  t=1.73s
  round  16/50: acc=0.7231  f1m=0.5716  uplink_kB=300.8  t=1.81s
  round  17/50: acc=0.7928  f1m=0.6225  uplink_kB=300.8  t=1.69s
  round  18/50: acc=0.7697  f1m=0.6065  uplink_kB=300.8  t=1.74s
  round  19/50: acc=0.7983  f1m=0.6264  uplink_kB=300.8  t=1.68s
  round  20/50: acc=0.7711  f1m=0.6073  uplink_kB=300.8  t=1.74s
  round  21/50: acc=0.7764  f1m=0.6111  uplink_kB=300.8  t=1.75s
  round  22/50: acc=0.7801  f1m=0.6140  uplink_kB=300.8  t=1.79s
  round  23/50: acc=0.7592  f1m=0.5994  uplink_kB=300.8  t=1.77s
  round  24/50: acc=0.7965  f1m=0.6250  uplink_kB=300.8  t=1.71s
  round  25/50: acc=0.7640  f1m=0.6033  uplink_kB=300.8  t=1.70s
  round  26/50: acc=0.7924  f1m=0.6223  uplink_kB=300.8  t=1.78s
  round  27/50: acc=0.7905  f1m=0.6210  uplink_kB=300.8  t=1.73s
  round  28/50: acc=0.7848  f1m=0.6183  uplink_kB=300.8  t=1.71s
  round  29/50: acc=0.7963  f1m=0.6251  uplink_kB=300.8  t=1.72s
  round  30/50: acc=0.8020  f1m=0.6302  uplink_kB=300.8  t=1.71s
  round  31/50: acc=0.8024  f1m=0.6305  uplink_kB=300.8  t=1.79s
  round  32/50: acc=0.8093  f1m=0.6349  uplink_kB=300.8  t=1.70s
  round  33/50: acc=0.8032  f1m=0.6314  uplink_kB=300.8  t=1.74s
  round  34/50: acc=0.7892  f1m=0.6210  uplink_kB=300.8  t=1.75s
  round  35/50: acc=0.8038  f1m=0.6302  uplink_kB=300.8  t=1.78s
  round  36/50: acc=0.8010  f1m=0.6282  uplink_kB=300.8  t=1.80s
  round  37/50: acc=0.8023  f1m=0.6291  uplink_kB=300.8  t=1.74s
  round  38/50: acc=0.7906  f1m=0.6212  uplink_kB=300.8  t=1.77s
  round  39/50: acc=0.8089  f1m=0.6353  uplink_kB=300.8  t=1.69s
  round  40/50: acc=0.7594  f1m=0.5993  uplink_kB=300.8  t=1.79s
  round  41/50: acc=0.8034  f1m=0.6304  uplink_kB=300.8  t=1.72s
  round  42/50: acc=0.7959  f1m=0.6212  uplink_kB=300.8  t=1.72s
  round  43/50: acc=0.8077  f1m=0.6340  uplink_kB=300.8  t=1.71s
  round  44/50: acc=0.7912  f1m=0.6211  uplink_kB=300.8  t=1.73s
  round  45/50: acc=0.7953  f1m=0.6243  uplink_kB=300.8  t=1.87s
  round  46/50: acc=0.8000  f1m=0.6223  uplink_kB=300.8  t=1.72s
  round  47/50: acc=0.7940  f1m=0.6230  uplink_kB=300.8  t=1.78s
  round  48/50: acc=0.8064  f1m=0.6328  uplink_kB=300.8  t=1.79s
  round  49/50: acc=0.7984  f1m=0.6277  uplink_kB=300.8  t=1.78s
  round  50/50: acc=0.8085  f1m=0.6339  uplink_kB=300.8  t=1.84s
[run] DONE -> /Users/agentra/Documents/hao/working/paper-lab/hao-paper-2026/iotj-fedkan-ids/repo/results/mc_botiot/mc_kan16_lr0p01__dir0.1__seed37/metrics.json  final_acc=0.8085
