[run] device=cpu  seed=17  out=/Users/agentra/Documents/hao/working/paper-lab/hao-paper-2026/iotj-fedkan-ids/repo/results/lrsweep_cseciic_mc/lrsweep_mlp80_lr0p03__dir0.1__seed17
[run] model=mlp  params=4,415
  round   1/50: acc=0.3807  f1m=0.1394  uplink_kB=172.5  t=2.94s
  round   2/50: acc=0.6414  f1m=0.3652  uplink_kB=172.5  t=2.28s
  round   3/50: acc=0.7778  f1m=0.5207  uplink_kB=172.5  t=2.19s
  round   4/50: acc=0.6571  f1m=0.4434  uplink_kB=172.5  t=2.29s
  round   5/50: acc=0.8046  f1m=0.5622  uplink_kB=172.5  t=2.22s
  round   6/50: acc=0.8278  f1m=0.5784  uplink_kB=172.5  t=2.28s
  round   7/50: acc=0.6780  f1m=0.5119  uplink_kB=172.5  t=2.14s
  round   8/50: acc=0.7691  f1m=0.5711  uplink_kB=172.5  t=2.14s
  round   9/50: acc=0.6681  f1m=0.4581  uplink_kB=172.5  t=2.11s
  round  10/50: acc=0.7964  f1m=0.5719  uplink_kB=172.5  t=2.19s
  round  11/50: acc=0.6655  f1m=0.4695  uplink_kB=172.5  t=2.19s
  round  12/50: acc=0.8300  f1m=0.5871  uplink_kB=172.5  t=2.19s
  round  13/50: acc=0.8036  f1m=0.5459  uplink_kB=172.5  t=2.40s
  round  14/50: acc=0.8283  f1m=0.6201  uplink_kB=172.5  t=2.79s
  round  15/50: acc=0.8304  f1m=0.5871  uplink_kB=172.5  t=2.29s
  round  16/50: acc=0.8190  f1m=0.5576  uplink_kB=172.5  t=2.27s
  round  17/50: acc=0.8328  f1m=0.6169  uplink_kB=172.5  t=2.12s
  round  18/50: acc=0.8381  f1m=0.5950  uplink_kB=172.5  t=2.35s
  round  19/50: acc=0.8230  f1m=0.5775  uplink_kB=172.5  t=2.15s
  round  20/50: acc=0.8384  f1m=0.5981  uplink_kB=172.5  t=2.17s
  round  21/50: acc=0.8535  f1m=0.6770  uplink_kB=172.5  t=2.21s
  round  22/50: acc=0.8384  f1m=0.6001  uplink_kB=172.5  t=2.45s
  round  23/50: acc=0.8281  f1m=0.5810  uplink_kB=172.5  t=2.33s
  round  24/50: acc=0.8466  f1m=0.6305  uplink_kB=172.5  t=2.25s
  round  25/50: acc=0.8408  f1m=0.6208  uplink_kB=172.5  t=2.22s
  round  26/50: acc=0.8797  f1m=0.7241  uplink_kB=172.5  t=2.26s
  round  27/50: acc=0.8292  f1m=0.6266  uplink_kB=172.5  t=2.28s
  round  28/50: acc=0.8454  f1m=0.6261  uplink_kB=172.5  t=2.35s
  round  29/50: acc=0.8340  f1m=0.6156  uplink_kB=172.5  t=2.21s
  round  30/50: acc=0.8494  f1m=0.6157  uplink_kB=172.5  t=2.27s
  round  31/50: acc=0.8433  f1m=0.6034  uplink_kB=172.5  t=2.28s
  round  32/50: acc=0.8412  f1m=0.6256  uplink_kB=172.5  t=2.39s
  round  33/50: acc=0.8481  f1m=0.6260  uplink_kB=172.5  t=2.43s
  round  34/50: acc=0.8547  f1m=0.6166  uplink_kB=172.5  t=2.21s
  round  35/50: acc=0.8450  f1m=0.6123  uplink_kB=172.5  t=2.21s
  round  36/50: acc=0.8485  f1m=0.6341  uplink_kB=172.5  t=2.25s
  round  37/50: acc=0.8512  f1m=0.6446  uplink_kB=172.5  t=2.24s
  round  38/50: acc=0.8392  f1m=0.5975  uplink_kB=172.5  t=2.18s
  round  39/50: acc=0.8488  f1m=0.6430  uplink_kB=172.5  t=2.22s
  round  40/50: acc=0.8441  f1m=0.5712  uplink_kB=172.5  t=2.18s
  round  41/50: acc=0.8395  f1m=0.5998  uplink_kB=172.5  t=2.09s
  round  42/50: acc=0.8529  f1m=0.6465  uplink_kB=172.5  t=2.10s
  round  43/50: acc=0.8511  f1m=0.6418  uplink_kB=172.5  t=2.21s
  round  44/50: acc=0.8403  f1m=0.5963  uplink_kB=172.5  t=2.21s
  round  45/50: acc=0.8575  f1m=0.6514  uplink_kB=172.5  t=2.22s
  round  46/50: acc=0.8515  f1m=0.6141  uplink_kB=172.5  t=2.18s
  round  47/50: acc=0.8641  f1m=0.6714  uplink_kB=172.5  t=2.17s
  round  48/50: acc=0.8462  f1m=0.6081  uplink_kB=172.5  t=2.14s
  round  49/50: acc=0.8531  f1m=0.6380  uplink_kB=172.5  t=2.16s
  round  50/50: acc=0.8583  f1m=0.6514  uplink_kB=172.5  t=2.26s
[run] DONE -> /Users/agentra/Documents/hao/working/paper-lab/hao-paper-2026/iotj-fedkan-ids/repo/results/lrsweep_cseciic_mc/lrsweep_mlp80_lr0p03__dir0.1__seed17/metrics.json  final_acc=0.8583
