[run] device=cpu  seed=29  out=/Users/agentra/Documents/hao/working/paper-lab/hao-paper-2026/iotj-fedkan-ids/repo/results/lrsweep_toniot/lrsweep_kan16_lr0p03__dir0.1__seed29
[run] model=kan  params=6,560
  round   1/50: acc=0.4950  f1m=0.3366  uplink_kB=282.0  t=2.29s
  round   2/50: acc=0.6126  f1m=0.6119  uplink_kB=282.0  t=1.88s
  round   3/50: acc=0.8406  f1m=0.8369  uplink_kB=282.0  t=1.86s
  round   4/50: acc=0.7569  f1m=0.7422  uplink_kB=282.0  t=1.87s
  round   5/50: acc=0.8493  f1m=0.8461  uplink_kB=282.0  t=1.84s
  round   6/50: acc=0.7578  f1m=0.7429  uplink_kB=282.0  t=1.88s
  round   7/50: acc=0.8446  f1m=0.8411  uplink_kB=282.0  t=1.86s
  round   8/50: acc=0.8527  f1m=0.8498  uplink_kB=282.0  t=1.86s
  round   9/50: acc=0.8419  f1m=0.8381  uplink_kB=282.0  t=1.87s
  round  10/50: acc=0.5810  f1m=0.4968  uplink_kB=282.0  t=1.87s
  round  11/50: acc=0.8528  f1m=0.8497  uplink_kB=282.0  t=1.88s
  round  12/50: acc=0.5369  f1m=0.4115  uplink_kB=282.0  t=1.83s
  round  13/50: acc=0.8494  f1m=0.8463  uplink_kB=282.0  t=1.87s
  round  14/50: acc=0.5701  f1m=0.4753  uplink_kB=282.0  t=1.88s
  round  15/50: acc=0.8374  f1m=0.8331  uplink_kB=282.0  t=1.89s
  round  16/50: acc=0.5499  f1m=0.4362  uplink_kB=282.0  t=1.92s
  round  17/50: acc=0.8409  f1m=0.8370  uplink_kB=282.0  t=1.87s
  round  18/50: acc=0.5484  f1m=0.4334  uplink_kB=282.0  t=1.89s
  round  19/50: acc=0.8726  f1m=0.8707  uplink_kB=282.0  t=1.82s
  round  20/50: acc=0.8450  f1m=0.8413  uplink_kB=282.0  t=1.87s
  round  21/50: acc=0.8445  f1m=0.8408  uplink_kB=282.0  t=1.86s
  round  22/50: acc=0.8437  f1m=0.8399  uplink_kB=282.0  t=1.89s
  round  23/50: acc=0.7282  f1m=0.7196  uplink_kB=282.0  t=1.86s
  round  24/50: acc=0.8553  f1m=0.8524  uplink_kB=282.0  t=1.87s
  round  25/50: acc=0.8391  f1m=0.8349  uplink_kB=282.0  t=1.81s
  round  26/50: acc=0.8512  f1m=0.8503  uplink_kB=282.0  t=1.88s
  round  27/50: acc=0.8398  f1m=0.8357  uplink_kB=282.0  t=1.88s
  round  28/50: acc=0.8442  f1m=0.8404  uplink_kB=282.0  t=1.88s
  round  29/50: acc=0.8599  f1m=0.8572  uplink_kB=282.0  t=1.86s
  round  30/50: acc=0.7926  f1m=0.7842  uplink_kB=282.0  t=1.84s
  round  31/50: acc=0.8289  f1m=0.8239  uplink_kB=282.0  t=1.87s
  round  32/50: acc=0.8488  f1m=0.8453  uplink_kB=282.0  t=1.79s
  round  33/50: acc=0.8522  f1m=0.8489  uplink_kB=282.0  t=1.87s
  round  34/50: acc=0.8717  f1m=0.8697  uplink_kB=282.0  t=1.89s
  round  35/50: acc=0.8752  f1m=0.8733  uplink_kB=282.0  t=1.90s
  round  36/50: acc=0.5385  f1m=0.4138  uplink_kB=282.0  t=1.88s
  round  37/50: acc=0.8542  f1m=0.8510  uplink_kB=282.0  t=1.90s
  round  38/50: acc=0.7692  f1m=0.7564  uplink_kB=282.0  t=1.79s
  round  39/50: acc=0.8573  f1m=0.8544  uplink_kB=282.0  t=1.89s
  round  40/50: acc=0.8523  f1m=0.8490  uplink_kB=282.0  t=1.87s
  round  41/50: acc=0.8669  f1m=0.8646  uplink_kB=282.0  t=1.86s
  round  42/50: acc=0.8576  f1m=0.8549  uplink_kB=282.0  t=1.89s
  round  43/50: acc=0.8893  f1m=0.8881  uplink_kB=282.0  t=1.94s
  round  44/50: acc=0.8745  f1m=0.8726  uplink_kB=282.0  t=1.90s
  round  45/50: acc=0.8536  f1m=0.8504  uplink_kB=282.0  t=1.88s
  round  46/50: acc=0.8676  f1m=0.8653  uplink_kB=282.0  t=1.83s
  round  47/50: acc=0.8513  f1m=0.8480  uplink_kB=282.0  t=1.86s
  round  48/50: acc=0.8885  f1m=0.8872  uplink_kB=282.0  t=1.88s
  round  49/50: acc=0.8894  f1m=0.8883  uplink_kB=282.0  t=1.86s
  round  50/50: acc=0.6159  f1m=0.5497  uplink_kB=282.0  t=1.80s
[run] DONE -> /Users/agentra/Documents/hao/working/paper-lab/hao-paper-2026/iotj-fedkan-ids/repo/results/lrsweep_toniot/lrsweep_kan16_lr0p03__dir0.1__seed29/metrics.json  final_acc=0.6159
