[run] device=cpu  seed=37  out=/Users/agentra/Documents/hao/working/paper-lab/hao-paper-2026/iotj-fedkan-ids/repo/results/mc_botiot/mc_mlp32_lr0p01__dir0.1__seed37
[run] model=mlp  params=1,445
  round   1/50: acc=0.2471  f1m=0.0793  uplink_kB=56.4  t=1.51s
  round   2/50: acc=0.4872  f1m=0.2950  uplink_kB=56.4  t=0.76s
  round   3/50: acc=0.4962  f1m=0.3099  uplink_kB=56.4  t=0.65s
  round   4/50: acc=0.5548  f1m=0.3792  uplink_kB=56.4  t=0.64s
  round   5/50: acc=0.5599  f1m=0.3839  uplink_kB=56.4  t=0.68s
  round   6/50: acc=0.5739  f1m=0.4058  uplink_kB=56.4  t=0.69s
  round   7/50: acc=0.6499  f1m=0.5057  uplink_kB=56.4  t=0.63s
  round   8/50: acc=0.7029  f1m=0.5524  uplink_kB=56.4  t=0.63s
  round   9/50: acc=0.7501  f1m=0.5884  uplink_kB=56.4  t=0.63s
  round  10/50: acc=0.7816  f1m=0.6099  uplink_kB=56.4  t=0.61s
  round  11/50: acc=0.8039  f1m=0.6312  uplink_kB=56.4  t=0.69s
  round  12/50: acc=0.8061  f1m=0.6325  uplink_kB=56.4  t=0.62s
  round  13/50: acc=0.8046  f1m=0.6308  uplink_kB=56.4  t=0.61s
  round  14/50: acc=0.7980  f1m=0.6260  uplink_kB=56.4  t=0.59s
  round  15/50: acc=0.7923  f1m=0.6220  uplink_kB=56.4  t=0.61s
  round  16/50: acc=0.7912  f1m=0.6212  uplink_kB=56.4  t=0.67s
  round  17/50: acc=0.7879  f1m=0.6188  uplink_kB=56.4  t=0.62s
  round  18/50: acc=0.7879  f1m=0.6188  uplink_kB=56.4  t=0.61s
  round  19/50: acc=0.7879  f1m=0.6188  uplink_kB=56.4  t=0.60s
  round  20/50: acc=0.7879  f1m=0.6188  uplink_kB=56.4  t=0.62s
  round  21/50: acc=0.7878  f1m=0.6188  uplink_kB=56.4  t=0.71s
  round  22/50: acc=0.7878  f1m=0.6187  uplink_kB=56.4  t=0.63s
  round  23/50: acc=0.7878  f1m=0.6187  uplink_kB=56.4  t=0.60s
  round  24/50: acc=0.7880  f1m=0.6188  uplink_kB=56.4  t=0.63s
  round  25/50: acc=0.7879  f1m=0.6188  uplink_kB=56.4  t=0.61s
  round  26/50: acc=0.7880  f1m=0.6188  uplink_kB=56.4  t=0.68s
  round  27/50: acc=0.7880  f1m=0.6188  uplink_kB=56.4  t=0.63s
  round  28/50: acc=0.7920  f1m=0.6217  uplink_kB=56.4  t=0.63s
  round  29/50: acc=0.7950  f1m=0.6239  uplink_kB=56.4  t=0.64s
  round  30/50: acc=0.7909  f1m=0.6210  uplink_kB=56.4  t=0.72s
  round  31/50: acc=0.7891  f1m=0.6197  uplink_kB=56.4  t=0.62s
  round  32/50: acc=0.7892  f1m=0.6197  uplink_kB=56.4  t=0.61s
  round  33/50: acc=0.7966  f1m=0.6250  uplink_kB=56.4  t=0.63s
  round  34/50: acc=0.8011  f1m=0.6283  uplink_kB=56.4  t=0.62s
  round  35/50: acc=0.8013  f1m=0.6284  uplink_kB=56.4  t=0.68s
  round  36/50: acc=0.8022  f1m=0.6290  uplink_kB=56.4  t=0.59s
  round  37/50: acc=0.8002  f1m=0.6276  uplink_kB=56.4  t=0.61s
  round  38/50: acc=0.8028  f1m=0.6294  uplink_kB=56.4  t=0.61s
  round  39/50: acc=0.8037  f1m=0.6301  uplink_kB=56.4  t=0.69s
  round  40/50: acc=0.8035  f1m=0.6299  uplink_kB=56.4  t=0.61s
  round  41/50: acc=0.8055  f1m=0.6314  uplink_kB=56.4  t=0.60s
  round  42/50: acc=0.8024  f1m=0.6291  uplink_kB=56.4  t=0.62s
  round  43/50: acc=0.8017  f1m=0.6287  uplink_kB=56.4  t=0.68s
  round  44/50: acc=0.8024  f1m=0.6291  uplink_kB=56.4  t=0.61s
  round  45/50: acc=0.8049  f1m=0.6310  uplink_kB=56.4  t=0.62s
  round  46/50: acc=0.7992  f1m=0.6268  uplink_kB=56.4  t=0.61s
  round  47/50: acc=0.8000  f1m=0.6274  uplink_kB=56.4  t=0.63s
  round  48/50: acc=0.8016  f1m=0.6286  uplink_kB=56.4  t=0.62s
  round  49/50: acc=0.8044  f1m=0.6306  uplink_kB=56.4  t=0.65s
  round  50/50: acc=0.8025  f1m=0.6292  uplink_kB=56.4  t=0.64s
[run] DONE -> /Users/agentra/Documents/hao/working/paper-lab/hao-paper-2026/iotj-fedkan-ids/repo/results/mc_botiot/mc_mlp32_lr0p01__dir0.1__seed37/metrics.json  final_acc=0.8025
