[run] device=cpu  seed=31  out=/Users/agentra/Documents/hao/working/paper-lab/hao-paper-2026/iotj-fedkan-ids/repo/results/lrsweep_cseciic_mc50k/lrsweep_mlp32_lr0p0003__dir0.1__seed31
[run] model=mlp  params=1,775
  round   1/50: acc=0.1217  f1m=0.0159  uplink_kB=69.3  t=1.54s
  round   2/50: acc=0.1217  f1m=0.0159  uplink_kB=69.3  t=0.99s
  round   3/50: acc=0.1384  f1m=0.0309  uplink_kB=69.3  t=1.04s
  round   4/50: acc=0.1882  f1m=0.0585  uplink_kB=69.3  t=0.98s
  round   5/50: acc=0.1898  f1m=0.0527  uplink_kB=69.3  t=1.04s
  round   6/50: acc=0.2136  f1m=0.0615  uplink_kB=69.3  t=1.00s
  round   7/50: acc=0.1218  f1m=0.0292  uplink_kB=69.3  t=1.07s
  round   8/50: acc=0.1228  f1m=0.0291  uplink_kB=69.3  t=1.00s
  round   9/50: acc=0.1245  f1m=0.0296  uplink_kB=69.3  t=1.02s
  round  10/50: acc=0.1264  f1m=0.0299  uplink_kB=69.3  t=0.98s
  round  11/50: acc=0.1295  f1m=0.0306  uplink_kB=69.3  t=1.03s
  round  12/50: acc=0.1442  f1m=0.0410  uplink_kB=69.3  t=1.03s
  round  13/50: acc=0.2075  f1m=0.0822  uplink_kB=69.3  t=1.07s
  round  14/50: acc=0.2075  f1m=0.0806  uplink_kB=69.3  t=0.99s
  round  15/50: acc=0.2071  f1m=0.0731  uplink_kB=69.3  t=1.02s
  round  16/50: acc=0.2107  f1m=0.0696  uplink_kB=69.3  t=1.03s
  round  17/50: acc=0.2105  f1m=0.0655  uplink_kB=69.3  t=0.99s
  round  18/50: acc=0.2114  f1m=0.0744  uplink_kB=69.3  t=0.97s
  round  19/50: acc=0.2125  f1m=0.0759  uplink_kB=69.3  t=1.03s
  round  20/50: acc=0.2120  f1m=0.0757  uplink_kB=69.3  t=1.03s
  round  21/50: acc=0.2123  f1m=0.0759  uplink_kB=69.3  t=1.00s
  round  22/50: acc=0.2135  f1m=0.0765  uplink_kB=69.3  t=1.05s
  round  23/50: acc=0.2135  f1m=0.0764  uplink_kB=69.3  t=0.97s
  round  24/50: acc=0.2143  f1m=0.0767  uplink_kB=69.3  t=1.05s
  round  25/50: acc=0.2142  f1m=0.0765  uplink_kB=69.3  t=1.00s
  round  26/50: acc=0.2142  f1m=0.0766  uplink_kB=69.3  t=1.04s
  round  27/50: acc=0.2142  f1m=0.0767  uplink_kB=69.3  t=1.00s
  round  28/50: acc=0.2148  f1m=0.0772  uplink_kB=69.3  t=1.02s
  round  29/50: acc=0.2212  f1m=0.0842  uplink_kB=69.3  t=0.98s
  round  30/50: acc=0.2402  f1m=0.1003  uplink_kB=69.3  t=1.05s
  round  31/50: acc=0.2601  f1m=0.1133  uplink_kB=69.3  t=1.01s
  round  32/50: acc=0.2695  f1m=0.1175  uplink_kB=69.3  t=1.00s
  round  33/50: acc=0.2721  f1m=0.1185  uplink_kB=69.3  t=1.02s
  round  34/50: acc=0.2739  f1m=0.1188  uplink_kB=69.3  t=1.03s
  round  35/50: acc=0.2886  f1m=0.1324  uplink_kB=69.3  t=0.97s
  round  36/50: acc=0.3209  f1m=0.1601  uplink_kB=69.3  t=1.02s
  round  37/50: acc=0.3391  f1m=0.1705  uplink_kB=69.3  t=0.99s
  round  38/50: acc=0.3527  f1m=0.1772  uplink_kB=69.3  t=0.99s
  round  39/50: acc=0.3599  f1m=0.1789  uplink_kB=69.3  t=1.03s
  round  40/50: acc=0.3684  f1m=0.1810  uplink_kB=69.3  t=1.01s
  round  41/50: acc=0.3826  f1m=0.1861  uplink_kB=69.3  t=1.01s
  round  42/50: acc=0.4037  f1m=0.1965  uplink_kB=69.3  t=1.01s
  round  43/50: acc=0.4107  f1m=0.1991  uplink_kB=69.3  t=0.98s
  round  44/50: acc=0.4151  f1m=0.2006  uplink_kB=69.3  t=1.05s
  round  45/50: acc=0.4363  f1m=0.2076  uplink_kB=69.3  t=1.02s
  round  46/50: acc=0.4423  f1m=0.2102  uplink_kB=69.3  t=1.08s
  round  47/50: acc=0.4434  f1m=0.2108  uplink_kB=69.3  t=0.96s
  round  48/50: acc=0.4440  f1m=0.2110  uplink_kB=69.3  t=1.05s
  round  49/50: acc=0.4519  f1m=0.2137  uplink_kB=69.3  t=0.98s
  round  50/50: acc=0.4522  f1m=0.2143  uplink_kB=69.3  t=1.08s
[run] DONE -> /Users/agentra/Documents/hao/working/paper-lab/hao-paper-2026/iotj-fedkan-ids/repo/results/lrsweep_cseciic_mc50k/lrsweep_mlp32_lr0p0003__dir0.1__seed31/metrics.json  final_acc=0.4522
