[run] device=cpu  seed=17  out=/Users/agentra/Documents/hao/working/paper-lab/hao-paper-2026/iotj-fedkan-ids/repo/results/mc_toniot/mc_kan8_lr0p01__dir0.1__seed17
[run] model=kan  params=3,920
  round   1/50: acc=0.1492  f1m=0.0504  uplink_kB=175.2  t=3.21s
  round   2/50: acc=0.2545  f1m=0.1181  uplink_kB=175.2  t=3.05s
  round   3/50: acc=0.3288  f1m=0.2510  uplink_kB=175.2  t=2.87s
  round   4/50: acc=0.4249  f1m=0.3246  uplink_kB=175.2  t=2.71s
  round   5/50: acc=0.4928  f1m=0.3862  uplink_kB=175.2  t=2.57s
  round   6/50: acc=0.5215  f1m=0.4049  uplink_kB=175.2  t=2.59s
  round   7/50: acc=0.5303  f1m=0.4113  uplink_kB=175.2  t=2.59s
  round   8/50: acc=0.5351  f1m=0.4140  uplink_kB=175.2  t=2.65s
  round   9/50: acc=0.6104  f1m=0.4886  uplink_kB=175.2  t=2.68s
  round  10/50: acc=0.6252  f1m=0.4987  uplink_kB=175.2  t=2.64s
  round  11/50: acc=0.6126  f1m=0.4905  uplink_kB=175.2  t=2.67s
  round  12/50: acc=0.6348  f1m=0.5072  uplink_kB=175.2  t=2.65s
  round  13/50: acc=0.6403  f1m=0.5149  uplink_kB=175.2  t=2.69s
  round  14/50: acc=0.6380  f1m=0.5133  uplink_kB=175.2  t=2.68s
  round  15/50: acc=0.6536  f1m=0.5234  uplink_kB=175.2  t=2.80s
  round  16/50: acc=0.6483  f1m=0.5202  uplink_kB=175.2  t=2.83s
  round  17/50: acc=0.6545  f1m=0.5215  uplink_kB=175.2  t=2.92s
  round  18/50: acc=0.6559  f1m=0.5212  uplink_kB=175.2  t=2.83s
  round  19/50: acc=0.6538  f1m=0.5210  uplink_kB=175.2  t=2.87s
  round  20/50: acc=0.6653  f1m=0.5318  uplink_kB=175.2  t=2.84s
  round  21/50: acc=0.6652  f1m=0.5345  uplink_kB=175.2  t=2.92s
  round  22/50: acc=0.6658  f1m=0.5375  uplink_kB=175.2  t=2.89s
  round  23/50: acc=0.6678  f1m=0.5382  uplink_kB=175.2  t=2.80s
  round  24/50: acc=0.6683  f1m=0.5390  uplink_kB=175.2  t=2.96s
  round  25/50: acc=0.6657  f1m=0.5374  uplink_kB=175.2  t=2.85s
  round  26/50: acc=0.6648  f1m=0.5369  uplink_kB=175.2  t=2.85s
  round  27/50: acc=0.6639  f1m=0.5359  uplink_kB=175.2  t=2.82s
  round  28/50: acc=0.6643  f1m=0.5373  uplink_kB=175.2  t=2.81s
  round  29/50: acc=0.6583  f1m=0.5343  uplink_kB=175.2  t=2.82s
  round  30/50: acc=0.6548  f1m=0.5271  uplink_kB=175.2  t=2.86s
  round  31/50: acc=0.6839  f1m=0.5548  uplink_kB=175.2  t=2.82s
  round  32/50: acc=0.6605  f1m=0.5436  uplink_kB=175.2  t=2.90s
  round  33/50: acc=0.6916  f1m=0.5739  uplink_kB=175.2  t=2.89s
  round  34/50: acc=0.6577  f1m=0.5459  uplink_kB=175.2  t=2.80s
  round  35/50: acc=0.6782  f1m=0.5567  uplink_kB=175.2  t=2.75s
  round  36/50: acc=0.6676  f1m=0.5527  uplink_kB=175.2  t=2.81s
  round  37/50: acc=0.6952  f1m=0.5729  uplink_kB=175.2  t=2.84s
  round  38/50: acc=0.6811  f1m=0.5643  uplink_kB=175.2  t=2.88s
  round  39/50: acc=0.7051  f1m=0.5933  uplink_kB=175.2  t=2.90s
  round  40/50: acc=0.7171  f1m=0.6053  uplink_kB=175.2  t=2.87s
  round  41/50: acc=0.6808  f1m=0.5612  uplink_kB=175.2  t=2.84s
  round  42/50: acc=0.7548  f1m=0.6326  uplink_kB=175.2  t=2.91s
  round  43/50: acc=0.7157  f1m=0.6506  uplink_kB=175.2  t=2.82s
  round  44/50: acc=0.6800  f1m=0.6200  uplink_kB=175.2  t=2.84s
  round  45/50: acc=0.7689  f1m=0.6973  uplink_kB=175.2  t=2.84s
  round  46/50: acc=0.6821  f1m=0.5741  uplink_kB=175.2  t=2.82s
  round  47/50: acc=0.8009  f1m=0.6741  uplink_kB=175.2  t=2.88s
  round  48/50: acc=0.7513  f1m=0.6949  uplink_kB=175.2  t=2.89s
  round  49/50: acc=0.7951  f1m=0.6771  uplink_kB=175.2  t=2.83s
  round  50/50: acc=0.7335  f1m=0.6900  uplink_kB=175.2  t=2.81s
[run] DONE -> /Users/agentra/Documents/hao/working/paper-lab/hao-paper-2026/iotj-fedkan-ids/repo/results/mc_toniot/mc_kan8_lr0p01__dir0.1__seed17/metrics.json  final_acc=0.7335
