[run] device=cpu  seed=17  out=/Users/agentra/Documents/hao/working/paper-lab/hao-paper-2026/iotj-fedkan-ids/repo/results/lrsweep_toniot/lrsweep_kan16_lr0p001__dir0.1__seed17
[run] model=kan  params=6,560
  round   1/50: acc=0.5000  f1m=0.3333  uplink_kB=282.0  t=2.42s
  round   2/50: acc=0.5000  f1m=0.3333  uplink_kB=282.0  t=1.93s
  round   3/50: acc=0.5000  f1m=0.3333  uplink_kB=282.0  t=1.90s
  round   4/50: acc=0.5000  f1m=0.3333  uplink_kB=282.0  t=1.88s
  round   5/50: acc=0.5000  f1m=0.3333  uplink_kB=282.0  t=1.92s
  round   6/50: acc=0.5000  f1m=0.3333  uplink_kB=282.0  t=1.83s
  round   7/50: acc=0.5000  f1m=0.3333  uplink_kB=282.0  t=1.91s
  round   8/50: acc=0.5019  f1m=0.3376  uplink_kB=282.0  t=1.86s
  round   9/50: acc=0.5051  f1m=0.3462  uplink_kB=282.0  t=1.91s
  round  10/50: acc=0.4966  f1m=0.3459  uplink_kB=282.0  t=1.89s
  round  11/50: acc=0.4295  f1m=0.3472  uplink_kB=282.0  t=1.90s
  round  12/50: acc=0.3703  f1m=0.3313  uplink_kB=282.0  t=1.90s
  round  13/50: acc=0.3519  f1m=0.3310  uplink_kB=282.0  t=1.89s
  round  14/50: acc=0.3551  f1m=0.3362  uplink_kB=282.0  t=1.83s
  round  15/50: acc=0.3619  f1m=0.3448  uplink_kB=282.0  t=1.89s
  round  16/50: acc=0.3649  f1m=0.3488  uplink_kB=282.0  t=1.89s
  round  17/50: acc=0.3682  f1m=0.3535  uplink_kB=282.0  t=1.89s
  round  18/50: acc=0.3699  f1m=0.3559  uplink_kB=282.0  t=1.89s
  round  19/50: acc=0.4009  f1m=0.4006  uplink_kB=282.0  t=1.88s
  round  20/50: acc=0.3999  f1m=0.3997  uplink_kB=282.0  t=1.85s
  round  21/50: acc=0.4011  f1m=0.4009  uplink_kB=282.0  t=1.86s
  round  22/50: acc=0.4052  f1m=0.4050  uplink_kB=282.0  t=1.89s
  round  23/50: acc=0.4103  f1m=0.4103  uplink_kB=282.0  t=1.89s
  round  24/50: acc=0.4129  f1m=0.4128  uplink_kB=282.0  t=1.90s
  round  25/50: acc=0.4148  f1m=0.4147  uplink_kB=282.0  t=1.90s
  round  26/50: acc=0.4172  f1m=0.4171  uplink_kB=282.0  t=1.89s
  round  27/50: acc=0.4227  f1m=0.4227  uplink_kB=282.0  t=1.81s
  round  28/50: acc=0.4281  f1m=0.4281  uplink_kB=282.0  t=1.89s
  round  29/50: acc=0.4373  f1m=0.4372  uplink_kB=282.0  t=1.87s
  round  30/50: acc=0.4383  f1m=0.4382  uplink_kB=282.0  t=1.89s
  round  31/50: acc=0.4416  f1m=0.4414  uplink_kB=282.0  t=1.90s
  round  32/50: acc=0.4445  f1m=0.4443  uplink_kB=282.0  t=1.89s
  round  33/50: acc=0.4470  f1m=0.4466  uplink_kB=282.0  t=1.90s
  round  34/50: acc=0.4474  f1m=0.4471  uplink_kB=282.0  t=1.84s
  round  35/50: acc=0.5734  f1m=0.5374  uplink_kB=282.0  t=1.92s
  round  36/50: acc=0.5771  f1m=0.5417  uplink_kB=282.0  t=1.92s
  round  37/50: acc=0.5790  f1m=0.5440  uplink_kB=282.0  t=1.89s
  round  38/50: acc=0.5849  f1m=0.5515  uplink_kB=282.0  t=1.90s
  round  39/50: acc=0.5867  f1m=0.5536  uplink_kB=282.0  t=1.89s
  round  40/50: acc=0.5901  f1m=0.5568  uplink_kB=282.0  t=1.82s
  round  41/50: acc=0.5907  f1m=0.5566  uplink_kB=282.0  t=1.90s
  round  42/50: acc=0.5888  f1m=0.5531  uplink_kB=282.0  t=1.88s
  round  43/50: acc=0.5926  f1m=0.5579  uplink_kB=282.0  t=1.89s
  round  44/50: acc=0.5954  f1m=0.5603  uplink_kB=282.0  t=1.90s
  round  45/50: acc=0.5976  f1m=0.5614  uplink_kB=282.0  t=1.90s
  round  46/50: acc=0.5964  f1m=0.5592  uplink_kB=282.0  t=1.86s
  round  47/50: acc=0.5982  f1m=0.5606  uplink_kB=282.0  t=1.92s
  round  48/50: acc=0.5984  f1m=0.5600  uplink_kB=282.0  t=1.91s
  round  49/50: acc=0.6018  f1m=0.5650  uplink_kB=282.0  t=1.85s
  round  50/50: acc=0.5999  f1m=0.5624  uplink_kB=282.0  t=1.74s
[run] DONE -> /Users/agentra/Documents/hao/working/paper-lab/hao-paper-2026/iotj-fedkan-ids/repo/results/lrsweep_toniot/lrsweep_kan16_lr0p001__dir0.1__seed17/metrics.json  final_acc=0.5999
