[run] device=cpu  seed=31  out=/Users/agentra/Documents/hao/working/paper-lab/hao-paper-2026/iotj-fedkan-ids/repo/results/lrsweep_cseciic_mc50k/lrsweep_mlp80_lr0p01__dir0.1__seed31
[run] model=mlp  params=4,415
  round   1/50: acc=0.3495  f1m=0.1411  uplink_kB=172.5  t=1.55s
  round   2/50: acc=0.5241  f1m=0.2471  uplink_kB=172.5  t=1.00s
  round   3/50: acc=0.6328  f1m=0.3224  uplink_kB=172.5  t=1.05s
  round   4/50: acc=0.6298  f1m=0.3236  uplink_kB=172.5  t=1.02s
  round   5/50: acc=0.6988  f1m=0.3995  uplink_kB=172.5  t=1.09s
  round   6/50: acc=0.7411  f1m=0.4533  uplink_kB=172.5  t=1.01s
  round   7/50: acc=0.7350  f1m=0.4367  uplink_kB=172.5  t=1.06s
  round   8/50: acc=0.7727  f1m=0.5272  uplink_kB=172.5  t=1.05s
  round   9/50: acc=0.7564  f1m=0.4857  uplink_kB=172.5  t=1.07s
  round  10/50: acc=0.7857  f1m=0.5259  uplink_kB=172.5  t=1.01s
  round  11/50: acc=0.7730  f1m=0.5027  uplink_kB=172.5  t=1.04s
  round  12/50: acc=0.7707  f1m=0.4861  uplink_kB=172.5  t=1.04s
  round  13/50: acc=0.7916  f1m=0.5617  uplink_kB=172.5  t=1.09s
  round  14/50: acc=0.8011  f1m=0.5881  uplink_kB=172.5  t=1.06s
  round  15/50: acc=0.8097  f1m=0.5983  uplink_kB=172.5  t=1.03s
  round  16/50: acc=0.8430  f1m=0.6701  uplink_kB=172.5  t=1.09s
  round  17/50: acc=0.8020  f1m=0.5880  uplink_kB=172.5  t=1.05s
  round  18/50: acc=0.8448  f1m=0.6741  uplink_kB=172.5  t=1.06s
  round  19/50: acc=0.8118  f1m=0.6020  uplink_kB=172.5  t=1.07s
  round  20/50: acc=0.8525  f1m=0.6836  uplink_kB=172.5  t=1.05s
  round  21/50: acc=0.8404  f1m=0.6346  uplink_kB=172.5  t=1.05s
  round  22/50: acc=0.8311  f1m=0.6471  uplink_kB=172.5  t=1.11s
  round  23/50: acc=0.8585  f1m=0.6845  uplink_kB=172.5  t=1.05s
  round  24/50: acc=0.8247  f1m=0.6218  uplink_kB=172.5  t=1.06s
  round  25/50: acc=0.8583  f1m=0.6921  uplink_kB=172.5  t=1.05s
  round  26/50: acc=0.8533  f1m=0.6843  uplink_kB=172.5  t=1.05s
  round  27/50: acc=0.8413  f1m=0.6567  uplink_kB=172.5  t=1.02s
  round  28/50: acc=0.8626  f1m=0.7160  uplink_kB=172.5  t=1.13s
  round  29/50: acc=0.8598  f1m=0.7090  uplink_kB=172.5  t=1.03s
  round  30/50: acc=0.8775  f1m=0.7377  uplink_kB=172.5  t=1.06s
  round  31/50: acc=0.8626  f1m=0.7116  uplink_kB=172.5  t=1.04s
  round  32/50: acc=0.8604  f1m=0.7102  uplink_kB=172.5  t=1.04s
  round  33/50: acc=0.8762  f1m=0.7357  uplink_kB=172.5  t=1.09s
  round  34/50: acc=0.8663  f1m=0.7183  uplink_kB=172.5  t=1.06s
  round  35/50: acc=0.8731  f1m=0.7353  uplink_kB=172.5  t=1.03s
  round  36/50: acc=0.8869  f1m=0.7469  uplink_kB=172.5  t=1.07s
  round  37/50: acc=0.8785  f1m=0.7424  uplink_kB=172.5  t=0.99s
  round  38/50: acc=0.8853  f1m=0.7487  uplink_kB=172.5  t=1.01s
  round  39/50: acc=0.8845  f1m=0.7451  uplink_kB=172.5  t=1.07s
  round  40/50: acc=0.8717  f1m=0.7284  uplink_kB=172.5  t=1.10s
  round  41/50: acc=0.8884  f1m=0.7473  uplink_kB=172.5  t=1.05s
  round  42/50: acc=0.8876  f1m=0.7489  uplink_kB=172.5  t=1.11s
  round  43/50: acc=0.8882  f1m=0.7462  uplink_kB=172.5  t=1.03s
  round  44/50: acc=0.8837  f1m=0.7443  uplink_kB=172.5  t=1.07s
  round  45/50: acc=0.8923  f1m=0.7536  uplink_kB=172.5  t=1.05s
  round  46/50: acc=0.8843  f1m=0.7454  uplink_kB=172.5  t=1.10s
  round  47/50: acc=0.8858  f1m=0.7304  uplink_kB=172.5  t=1.01s
  round  48/50: acc=0.8846  f1m=0.7448  uplink_kB=172.5  t=1.06s
  round  49/50: acc=0.8865  f1m=0.7371  uplink_kB=172.5  t=0.97s
  round  50/50: acc=0.8891  f1m=0.7386  uplink_kB=172.5  t=1.08s
[run] DONE -> /Users/agentra/Documents/hao/working/paper-lab/hao-paper-2026/iotj-fedkan-ids/repo/results/lrsweep_cseciic_mc50k/lrsweep_mlp80_lr0p01__dir0.1__seed31/metrics.json  final_acc=0.8891
