[run] device=cpu  seed=43  out=/Users/agentra/Documents/hao/working/paper-lab/hao-paper-2026/iotj-fedkan-ids/repo/results/sensitivity_botiot/sens_h32__dir0.1__seed43
[run] model=kan  params=13,120
  round   1/50: acc=0.5544  f1m=0.4427  uplink_kB=545.8  t=3.79s
  round   2/50: acc=0.7159  f1m=0.6907  uplink_kB=545.8  t=2.73s
  round   3/50: acc=0.7210  f1m=0.6973  uplink_kB=545.8  t=2.61s
  round   4/50: acc=0.8345  f1m=0.8299  uplink_kB=545.8  t=2.52s
  round   5/50: acc=0.8439  f1m=0.8400  uplink_kB=545.8  t=2.68s
  round   6/50: acc=0.8496  f1m=0.8461  uplink_kB=545.8  t=2.74s
  round   7/50: acc=0.8487  f1m=0.8451  uplink_kB=545.8  t=2.70s
  round   8/50: acc=0.8673  f1m=0.8650  uplink_kB=545.8  t=2.59s
  round   9/50: acc=0.9226  f1m=0.9225  uplink_kB=545.8  t=2.63s
  round  10/50: acc=0.8665  f1m=0.8641  uplink_kB=545.8  t=2.79s
  round  11/50: acc=0.8873  f1m=0.8859  uplink_kB=545.8  t=2.48s
  round  12/50: acc=0.8867  f1m=0.8852  uplink_kB=545.8  t=2.74s
  round  13/50: acc=0.9611  f1m=0.9611  uplink_kB=545.8  t=2.59s
  round  14/50: acc=0.9577  f1m=0.9577  uplink_kB=545.8  t=2.60s
  round  15/50: acc=0.9635  f1m=0.9635  uplink_kB=545.8  t=2.64s
  round  16/50: acc=0.9703  f1m=0.9703  uplink_kB=545.8  t=2.65s
  round  17/50: acc=0.9268  f1m=0.9265  uplink_kB=545.8  t=2.61s
  round  18/50: acc=0.9713  f1m=0.9713  uplink_kB=545.8  t=2.53s
  round  19/50: acc=0.9141  f1m=0.9134  uplink_kB=545.8  t=2.53s
  round  20/50: acc=0.9715  f1m=0.9714  uplink_kB=545.8  t=2.64s
  round  21/50: acc=0.9152  f1m=0.9146  uplink_kB=545.8  t=2.40s
  round  22/50: acc=0.9720  f1m=0.9720  uplink_kB=545.8  t=2.47s
  round  23/50: acc=0.9168  f1m=0.9162  uplink_kB=545.8  t=2.54s
  round  24/50: acc=0.9168  f1m=0.9162  uplink_kB=545.8  t=2.65s
  round  25/50: acc=0.9191  f1m=0.9185  uplink_kB=545.8  t=2.58s
  round  26/50: acc=0.9070  f1m=0.9062  uplink_kB=545.8  t=2.39s
  round  27/50: acc=0.9253  f1m=0.9249  uplink_kB=545.8  t=2.23s
  round  28/50: acc=0.9051  f1m=0.9043  uplink_kB=545.8  t=2.20s
  round  29/50: acc=0.9178  f1m=0.9172  uplink_kB=545.8  t=2.15s
  round  30/50: acc=0.9171  f1m=0.9165  uplink_kB=545.8  t=2.19s
  round  31/50: acc=0.9251  f1m=0.9247  uplink_kB=545.8  t=2.08s
  round  32/50: acc=0.9101  f1m=0.9093  uplink_kB=545.8  t=2.13s
  round  33/50: acc=0.9177  f1m=0.9171  uplink_kB=545.8  t=2.11s
  round  34/50: acc=0.9172  f1m=0.9167  uplink_kB=545.8  t=2.27s
  round  35/50: acc=0.9175  f1m=0.9170  uplink_kB=545.8  t=2.16s
  round  36/50: acc=0.9166  f1m=0.9160  uplink_kB=545.8  t=2.12s
  round  37/50: acc=0.9172  f1m=0.9167  uplink_kB=545.8  t=2.17s
  round  38/50: acc=0.9176  f1m=0.9170  uplink_kB=545.8  t=2.13s
  round  39/50: acc=0.8658  f1m=0.8633  uplink_kB=545.8  t=2.19s
  round  40/50: acc=0.9172  f1m=0.9166  uplink_kB=545.8  t=2.16s
  round  41/50: acc=0.8898  f1m=0.8884  uplink_kB=545.8  t=2.16s
  round  42/50: acc=0.9250  f1m=0.9246  uplink_kB=545.8  t=2.20s
  round  43/50: acc=0.9167  f1m=0.9161  uplink_kB=545.8  t=2.14s
  round  44/50: acc=0.8844  f1m=0.8828  uplink_kB=545.8  t=2.15s
  round  45/50: acc=0.8969  f1m=0.8957  uplink_kB=545.8  t=2.16s
  round  46/50: acc=0.8937  f1m=0.8924  uplink_kB=545.8  t=2.16s
  round  47/50: acc=0.8668  f1m=0.8644  uplink_kB=545.8  t=2.16s
  round  48/50: acc=0.8939  f1m=0.8926  uplink_kB=545.8  t=2.16s
  round  49/50: acc=0.8953  f1m=0.8941  uplink_kB=545.8  t=2.15s
  round  50/50: acc=0.8970  f1m=0.8959  uplink_kB=545.8  t=2.10s
[run] DONE -> /Users/agentra/Documents/hao/working/paper-lab/hao-paper-2026/iotj-fedkan-ids/repo/results/sensitivity_botiot/sens_h32__dir0.1__seed43/metrics.json  final_acc=0.8970
