[run] device=cpu  seed=29  out=/Users/agentra/Documents/hao/working/paper-lab/hao-paper-2026/iotj-fedkan-ids/repo/results/lrsweep_cseciic_mc50k/lrsweep_kan8_lr0p0003__dir0.1__seed29
[run] model=kan  params=4,320
  round   1/50: acc=0.2353  f1m=0.0999  uplink_kB=190.8  t=3.26s
  round   2/50: acc=0.1720  f1m=0.0561  uplink_kB=190.8  t=2.72s
  round   3/50: acc=0.1999  f1m=0.0718  uplink_kB=190.8  t=2.58s
  round   4/50: acc=0.3088  f1m=0.1095  uplink_kB=190.8  t=2.46s
  round   5/50: acc=0.3163  f1m=0.1138  uplink_kB=190.8  t=2.59s
  round   6/50: acc=0.3254  f1m=0.1198  uplink_kB=190.8  t=2.47s
  round   7/50: acc=0.3309  f1m=0.1217  uplink_kB=190.8  t=2.62s
  round   8/50: acc=0.3323  f1m=0.1223  uplink_kB=190.8  t=2.64s
  round   9/50: acc=0.3339  f1m=0.1229  uplink_kB=190.8  t=2.64s
  round  10/50: acc=0.3353  f1m=0.1186  uplink_kB=190.8  t=2.71s
  round  11/50: acc=0.3397  f1m=0.1208  uplink_kB=190.8  t=2.61s
  round  12/50: acc=0.3436  f1m=0.1225  uplink_kB=190.8  t=2.64s
  round  13/50: acc=0.3904  f1m=0.1389  uplink_kB=190.8  t=2.67s
  round  14/50: acc=0.4013  f1m=0.1472  uplink_kB=190.8  t=2.66s
  round  15/50: acc=0.3817  f1m=0.1477  uplink_kB=190.8  t=2.63s
  round  16/50: acc=0.3755  f1m=0.1449  uplink_kB=190.8  t=2.63s
  round  17/50: acc=0.3469  f1m=0.1359  uplink_kB=190.8  t=2.62s
  round  18/50: acc=0.3474  f1m=0.1361  uplink_kB=190.8  t=2.66s
  round  19/50: acc=0.3477  f1m=0.1362  uplink_kB=190.8  t=2.67s
  round  20/50: acc=0.3479  f1m=0.1364  uplink_kB=190.8  t=2.63s
  round  21/50: acc=0.3484  f1m=0.1366  uplink_kB=190.8  t=2.56s
  round  22/50: acc=0.3486  f1m=0.1366  uplink_kB=190.8  t=2.60s
  round  23/50: acc=0.3491  f1m=0.1368  uplink_kB=190.8  t=2.69s
  round  24/50: acc=0.3517  f1m=0.1377  uplink_kB=190.8  t=2.67s
  round  25/50: acc=0.3534  f1m=0.1384  uplink_kB=190.8  t=2.67s
  round  26/50: acc=0.3622  f1m=0.1421  uplink_kB=190.8  t=2.64s
  round  27/50: acc=0.3647  f1m=0.1432  uplink_kB=190.8  t=2.59s
  round  28/50: acc=0.3654  f1m=0.1440  uplink_kB=190.8  t=2.60s
  round  29/50: acc=0.3662  f1m=0.1484  uplink_kB=190.8  t=2.65s
  round  30/50: acc=0.3667  f1m=0.1539  uplink_kB=190.8  t=2.65s
  round  31/50: acc=0.3742  f1m=0.1587  uplink_kB=190.8  t=2.57s
  round  32/50: acc=0.3988  f1m=0.1734  uplink_kB=190.8  t=2.63s
  round  33/50: acc=0.4820  f1m=0.2113  uplink_kB=190.8  t=2.64s
  round  34/50: acc=0.4952  f1m=0.2169  uplink_kB=190.8  t=2.57s
  round  35/50: acc=0.5007  f1m=0.2225  uplink_kB=190.8  t=3.00s
  round  36/50: acc=0.5030  f1m=0.2246  uplink_kB=190.8  t=3.11s
  round  37/50: acc=0.5061  f1m=0.2272  uplink_kB=190.8  t=2.98s
  round  38/50: acc=0.5072  f1m=0.2281  uplink_kB=190.8  t=2.99s
  round  39/50: acc=0.5077  f1m=0.2286  uplink_kB=190.8  t=3.04s
  round  40/50: acc=0.5137  f1m=0.2555  uplink_kB=190.8  t=3.03s
  round  41/50: acc=0.5166  f1m=0.2658  uplink_kB=190.8  t=3.21s
  round  42/50: acc=0.5221  f1m=0.2836  uplink_kB=190.8  t=3.06s
  round  43/50: acc=0.5278  f1m=0.2953  uplink_kB=190.8  t=3.15s
  round  44/50: acc=0.5280  f1m=0.2959  uplink_kB=190.8  t=3.44s
  round  45/50: acc=0.5279  f1m=0.2963  uplink_kB=190.8  t=3.23s
  round  46/50: acc=0.5274  f1m=0.2963  uplink_kB=190.8  t=2.84s
  round  47/50: acc=0.5237  f1m=0.2897  uplink_kB=190.8  t=2.71s
  round  48/50: acc=0.5235  f1m=0.2897  uplink_kB=190.8  t=2.87s
  round  49/50: acc=0.5235  f1m=0.2890  uplink_kB=190.8  t=2.71s
  round  50/50: acc=0.5239  f1m=0.2894  uplink_kB=190.8  t=3.01s
[run] DONE -> /Users/agentra/Documents/hao/working/paper-lab/hao-paper-2026/iotj-fedkan-ids/repo/results/lrsweep_cseciic_mc50k/lrsweep_kan8_lr0p0003__dir0.1__seed29/metrics.json  final_acc=0.5239
