[run] device=cpu  seed=103  out=/Users/agentra/Documents/hao/working/paper-lab/hao-paper-2026/iotj-fedkan-ids/repo/results/lrsweep_cseciic/lrsweep_kan8_lr0p003__dir0.1__seed103
[run] model=kan  params=3,280
  round   1/50: acc=0.5000  f1m=0.3333  uplink_kB=150.2  t=2.43s
  round   2/50: acc=0.5000  f1m=0.3333  uplink_kB=150.2  t=1.78s
  round   3/50: acc=0.5000  f1m=0.3333  uplink_kB=150.2  t=1.85s
  round   4/50: acc=0.5000  f1m=0.3333  uplink_kB=150.2  t=1.80s
  round   5/50: acc=0.5000  f1m=0.3333  uplink_kB=150.2  t=1.81s
  round   6/50: acc=0.5000  f1m=0.3333  uplink_kB=150.2  t=1.79s
  round   7/50: acc=0.5205  f1m=0.3795  uplink_kB=150.2  t=1.85s
  round   8/50: acc=0.5410  f1m=0.4266  uplink_kB=150.2  t=1.78s
  round   9/50: acc=0.6479  f1m=0.6059  uplink_kB=150.2  t=1.85s
  round  10/50: acc=0.8738  f1m=0.8728  uplink_kB=150.2  t=1.84s
  round  11/50: acc=0.9032  f1m=0.9029  uplink_kB=150.2  t=1.81s
  round  12/50: acc=0.9111  f1m=0.9109  uplink_kB=150.2  t=1.74s
  round  13/50: acc=0.9138  f1m=0.9136  uplink_kB=150.2  t=1.82s
  round  14/50: acc=0.9145  f1m=0.9143  uplink_kB=150.2  t=1.79s
  round  15/50: acc=0.9145  f1m=0.9143  uplink_kB=150.2  t=1.82s
  round  16/50: acc=0.9150  f1m=0.9148  uplink_kB=150.2  t=1.84s
  round  17/50: acc=0.9151  f1m=0.9150  uplink_kB=150.2  t=1.88s
  round  18/50: acc=0.9151  f1m=0.9149  uplink_kB=150.2  t=1.77s
  round  19/50: acc=0.9150  f1m=0.9148  uplink_kB=150.2  t=1.84s
  round  20/50: acc=0.9150  f1m=0.9149  uplink_kB=150.2  t=2.03s
  round  21/50: acc=0.9149  f1m=0.9148  uplink_kB=150.2  t=1.99s
  round  22/50: acc=0.9149  f1m=0.9147  uplink_kB=150.2  t=1.93s
  round  23/50: acc=0.9151  f1m=0.9149  uplink_kB=150.2  t=1.93s
  round  24/50: acc=0.9152  f1m=0.9150  uplink_kB=150.2  t=1.94s
  round  25/50: acc=0.9151  f1m=0.9149  uplink_kB=150.2  t=1.91s
  round  26/50: acc=0.9159  f1m=0.9157  uplink_kB=150.2  t=1.84s
  round  27/50: acc=0.9162  f1m=0.9160  uplink_kB=150.2  t=1.88s
  round  28/50: acc=0.9162  f1m=0.9161  uplink_kB=150.2  t=1.97s
  round  29/50: acc=0.9165  f1m=0.9164  uplink_kB=150.2  t=1.96s
  round  30/50: acc=0.9160  f1m=0.9158  uplink_kB=150.2  t=1.95s
  round  31/50: acc=0.9157  f1m=0.9156  uplink_kB=150.2  t=1.94s
  round  32/50: acc=0.9158  f1m=0.9156  uplink_kB=150.2  t=1.91s
  round  33/50: acc=0.9156  f1m=0.9155  uplink_kB=150.2  t=1.87s
  round  34/50: acc=0.9159  f1m=0.9158  uplink_kB=150.2  t=1.84s
  round  35/50: acc=0.9161  f1m=0.9159  uplink_kB=150.2  t=1.97s
  round  36/50: acc=0.9180  f1m=0.9178  uplink_kB=150.2  t=1.91s
  round  37/50: acc=0.9179  f1m=0.9177  uplink_kB=150.2  t=1.90s
  round  38/50: acc=0.9189  f1m=0.9188  uplink_kB=150.2  t=1.90s
  round  39/50: acc=0.9202  f1m=0.9200  uplink_kB=150.2  t=1.91s
  round  40/50: acc=0.9198  f1m=0.9196  uplink_kB=150.2  t=1.94s
  round  41/50: acc=0.9198  f1m=0.9196  uplink_kB=150.2  t=1.87s
  round  42/50: acc=0.9201  f1m=0.9199  uplink_kB=150.2  t=1.90s
  round  43/50: acc=0.9201  f1m=0.9199  uplink_kB=150.2  t=1.92s
  round  44/50: acc=0.9193  f1m=0.9191  uplink_kB=150.2  t=1.95s
  round  45/50: acc=0.9186  f1m=0.9184  uplink_kB=150.2  t=1.94s
  round  46/50: acc=0.9197  f1m=0.9195  uplink_kB=150.2  t=1.92s
  round  47/50: acc=0.9194  f1m=0.9192  uplink_kB=150.2  t=1.83s
  round  48/50: acc=0.9193  f1m=0.9191  uplink_kB=150.2  t=1.91s
  round  49/50: acc=0.9198  f1m=0.9196  uplink_kB=150.2  t=1.93s
  round  50/50: acc=0.9191  f1m=0.9190  uplink_kB=150.2  t=1.94s
[run] DONE -> /Users/agentra/Documents/hao/working/paper-lab/hao-paper-2026/iotj-fedkan-ids/repo/results/lrsweep_cseciic/lrsweep_kan8_lr0p003__dir0.1__seed103/metrics.json  final_acc=0.9191
