[run] device=cpu  seed=37  out=/Users/agentra/Documents/hao/working/paper-lab/hao-paper-2026/iotj-fedkan-ids/repo/results/lrsweep_cseciic_mc50k/lrsweep_kan8_lr0p03__dir0.1__seed37
[run] model=kan  params=4,320
  round   1/50: acc=0.5510  f1m=0.2368  uplink_kB=190.8  t=3.31s
  round   2/50: acc=0.5783  f1m=0.2842  uplink_kB=190.8  t=2.66s
  round   3/50: acc=0.5898  f1m=0.3175  uplink_kB=190.8  t=2.70s
  round   4/50: acc=0.6809  f1m=0.3836  uplink_kB=190.8  t=2.63s
  round   5/50: acc=0.7148  f1m=0.4005  uplink_kB=190.8  t=2.64s
  round   6/50: acc=0.6681  f1m=0.3608  uplink_kB=190.8  t=2.68s
  round   7/50: acc=0.7182  f1m=0.4092  uplink_kB=190.8  t=2.65s
  round   8/50: acc=0.7180  f1m=0.4103  uplink_kB=190.8  t=2.64s
  round   9/50: acc=0.7227  f1m=0.4135  uplink_kB=190.8  t=2.66s
  round  10/50: acc=0.7247  f1m=0.4167  uplink_kB=190.8  t=2.69s
  round  11/50: acc=0.7279  f1m=0.4192  uplink_kB=190.8  t=2.64s
  round  12/50: acc=0.7254  f1m=0.4171  uplink_kB=190.8  t=2.67s
  round  13/50: acc=0.7290  f1m=0.4212  uplink_kB=190.8  t=2.63s
  round  14/50: acc=0.7292  f1m=0.4206  uplink_kB=190.8  t=2.60s
  round  15/50: acc=0.7300  f1m=0.4210  uplink_kB=190.8  t=2.68s
  round  16/50: acc=0.7408  f1m=0.4428  uplink_kB=190.8  t=2.68s
  round  17/50: acc=0.7589  f1m=0.4648  uplink_kB=190.8  t=2.62s
  round  18/50: acc=0.7625  f1m=0.4694  uplink_kB=190.8  t=2.65s
  round  19/50: acc=0.7930  f1m=0.5182  uplink_kB=190.8  t=2.61s
  round  20/50: acc=0.8200  f1m=0.5821  uplink_kB=190.8  t=2.59s
  round  21/50: acc=0.7955  f1m=0.5231  uplink_kB=190.8  t=2.64s
  round  22/50: acc=0.7442  f1m=0.4471  uplink_kB=190.8  t=2.61s
  round  23/50: acc=0.8083  f1m=0.5590  uplink_kB=190.8  t=2.63s
  round  24/50: acc=0.7829  f1m=0.5234  uplink_kB=190.8  t=2.59s
  round  25/50: acc=0.7457  f1m=0.4604  uplink_kB=190.8  t=2.67s
  round  26/50: acc=0.8043  f1m=0.5529  uplink_kB=190.8  t=2.59s
  round  27/50: acc=0.7946  f1m=0.5337  uplink_kB=190.8  t=2.62s
  round  28/50: acc=0.7826  f1m=0.5237  uplink_kB=190.8  t=2.59s
  round  29/50: acc=0.7949  f1m=0.5249  uplink_kB=190.8  t=2.70s
  round  30/50: acc=0.7883  f1m=0.5552  uplink_kB=190.8  t=2.63s
  round  31/50: acc=0.7992  f1m=0.5489  uplink_kB=190.8  t=2.67s
  round  32/50: acc=0.8036  f1m=0.5696  uplink_kB=190.8  t=2.57s
  round  33/50: acc=0.7748  f1m=0.4945  uplink_kB=190.8  t=2.68s
  round  34/50: acc=0.8035  f1m=0.5809  uplink_kB=190.8  t=2.59s
  round  35/50: acc=0.8431  f1m=0.6528  uplink_kB=190.8  t=2.63s
  round  36/50: acc=0.7741  f1m=0.5092  uplink_kB=190.8  t=2.70s
  round  37/50: acc=0.8058  f1m=0.5885  uplink_kB=190.8  t=2.57s
  round  38/50: acc=0.7809  f1m=0.5203  uplink_kB=190.8  t=2.65s
  round  39/50: acc=0.7965  f1m=0.5251  uplink_kB=190.8  t=2.63s
  round  40/50: acc=0.8396  f1m=0.6402  uplink_kB=190.8  t=2.62s
  round  41/50: acc=0.7746  f1m=0.5038  uplink_kB=190.8  t=2.60s
  round  42/50: acc=0.7400  f1m=0.4703  uplink_kB=190.8  t=2.61s
  round  43/50: acc=0.7370  f1m=0.4671  uplink_kB=190.8  t=2.66s
  round  44/50: acc=0.8224  f1m=0.6272  uplink_kB=190.8  t=2.54s
  round  45/50: acc=0.7496  f1m=0.5061  uplink_kB=190.8  t=2.67s
  round  46/50: acc=0.8554  f1m=0.7189  uplink_kB=190.8  t=2.54s
  round  47/50: acc=0.7908  f1m=0.5761  uplink_kB=190.8  t=2.69s
  round  48/50: acc=0.8314  f1m=0.6705  uplink_kB=190.8  t=2.62s
  round  49/50: acc=0.8066  f1m=0.6329  uplink_kB=190.8  t=2.72s
  round  50/50: acc=0.8164  f1m=0.6011  uplink_kB=190.8  t=2.64s
[run] DONE -> /Users/agentra/Documents/hao/working/paper-lab/hao-paper-2026/iotj-fedkan-ids/repo/results/lrsweep_cseciic_mc50k/lrsweep_kan8_lr0p03__dir0.1__seed37/metrics.json  final_acc=0.8164
