[run] device=cpu  seed=2024  out=/Users/agentra/Documents/hao/working/paper-lab/hao-paper-2026/iotj-fedkan-ids/repo/results/lrsweep_cseciic_mc50k/lrsweep_kan16_lr0p001__dir0.1__seed2024
[run] model=kan  params=8,640
  round   1/50: acc=0.1623  f1m=0.0535  uplink_kB=363.3  t=3.60s
  round   2/50: acc=0.1577  f1m=0.0447  uplink_kB=363.3  t=2.99s
  round   3/50: acc=0.1787  f1m=0.0591  uplink_kB=363.3  t=3.04s
  round   4/50: acc=0.2020  f1m=0.0741  uplink_kB=363.3  t=2.95s
  round   5/50: acc=0.2116  f1m=0.0767  uplink_kB=363.3  t=3.10s
  round   6/50: acc=0.2784  f1m=0.1332  uplink_kB=363.3  t=2.96s
  round   7/50: acc=0.2778  f1m=0.1187  uplink_kB=363.3  t=3.06s
  round   8/50: acc=0.3535  f1m=0.1766  uplink_kB=363.3  t=3.02s
  round   9/50: acc=0.3910  f1m=0.1934  uplink_kB=363.3  t=2.96s
  round  10/50: acc=0.3960  f1m=0.1953  uplink_kB=363.3  t=3.09s
  round  11/50: acc=0.3735  f1m=0.1736  uplink_kB=363.3  t=2.95s
  round  12/50: acc=0.3786  f1m=0.1842  uplink_kB=363.3  t=3.06s
  round  13/50: acc=0.3901  f1m=0.1922  uplink_kB=363.3  t=2.96s
  round  14/50: acc=0.4143  f1m=0.2039  uplink_kB=363.3  t=3.10s
  round  15/50: acc=0.4308  f1m=0.2111  uplink_kB=363.3  t=2.99s
  round  16/50: acc=0.4530  f1m=0.2182  uplink_kB=363.3  t=3.04s
  round  17/50: acc=0.5518  f1m=0.2857  uplink_kB=363.3  t=3.01s
  round  18/50: acc=0.5957  f1m=0.3391  uplink_kB=363.3  t=3.00s
  round  19/50: acc=0.6073  f1m=0.3451  uplink_kB=363.3  t=2.99s
  round  20/50: acc=0.6193  f1m=0.3503  uplink_kB=363.3  t=3.01s
  round  21/50: acc=0.6205  f1m=0.3508  uplink_kB=363.3  t=3.02s
  round  22/50: acc=0.6213  f1m=0.3512  uplink_kB=363.3  t=3.06s
  round  23/50: acc=0.6243  f1m=0.3529  uplink_kB=363.3  t=2.93s
  round  24/50: acc=0.6270  f1m=0.3542  uplink_kB=363.3  t=3.08s
  round  25/50: acc=0.6277  f1m=0.3540  uplink_kB=363.3  t=3.00s
  round  26/50: acc=0.6317  f1m=0.3563  uplink_kB=363.3  t=3.08s
  round  27/50: acc=0.6330  f1m=0.3572  uplink_kB=363.3  t=2.99s
  round  28/50: acc=0.6366  f1m=0.3599  uplink_kB=363.3  t=3.03s
  round  29/50: acc=0.6367  f1m=0.3603  uplink_kB=363.3  t=3.06s
  round  30/50: acc=0.6373  f1m=0.3606  uplink_kB=363.3  t=3.01s
  round  31/50: acc=0.6379  f1m=0.3604  uplink_kB=363.3  t=3.04s
  round  32/50: acc=0.6392  f1m=0.3612  uplink_kB=363.3  t=3.17s
  round  33/50: acc=0.6530  f1m=0.3716  uplink_kB=363.3  t=2.99s
  round  34/50: acc=0.6536  f1m=0.3724  uplink_kB=363.3  t=3.52s
  round  35/50: acc=0.6561  f1m=0.3747  uplink_kB=363.3  t=3.03s
  round  36/50: acc=0.6561  f1m=0.3747  uplink_kB=363.3  t=3.09s
  round  37/50: acc=0.6564  f1m=0.3750  uplink_kB=363.3  t=3.27s
  round  38/50: acc=0.6565  f1m=0.3750  uplink_kB=363.3  t=3.09s
  round  39/50: acc=0.6567  f1m=0.3752  uplink_kB=363.3  t=3.25s
  round  40/50: acc=0.6569  f1m=0.3760  uplink_kB=363.3  t=3.39s
  round  41/50: acc=0.6571  f1m=0.3761  uplink_kB=363.3  t=3.25s
  round  42/50: acc=0.6574  f1m=0.3770  uplink_kB=363.3  t=3.16s
  round  43/50: acc=0.6574  f1m=0.3773  uplink_kB=363.3  t=3.28s
  round  44/50: acc=0.6618  f1m=0.4386  uplink_kB=363.3  t=3.18s
  round  45/50: acc=0.6620  f1m=0.4388  uplink_kB=363.3  t=3.36s
  round  46/50: acc=0.6655  f1m=0.4404  uplink_kB=363.3  t=3.28s
  round  47/50: acc=0.6655  f1m=0.4406  uplink_kB=363.3  t=3.24s
  round  48/50: acc=0.6656  f1m=0.4406  uplink_kB=363.3  t=3.23s
  round  49/50: acc=0.6656  f1m=0.4407  uplink_kB=363.3  t=3.24s
  round  50/50: acc=0.6656  f1m=0.4408  uplink_kB=363.3  t=3.16s
[run] DONE -> /Users/agentra/Documents/hao/working/paper-lab/hao-paper-2026/iotj-fedkan-ids/repo/results/lrsweep_cseciic_mc50k/lrsweep_kan16_lr0p001__dir0.1__seed2024/metrics.json  final_acc=0.6656
