[run] device=cpu  seed=2024  out=/Users/agentra/Documents/hao/working/paper-lab/hao-paper-2026/iotj-fedkan-ids/repo/results/lrsweep_toniot/lrsweep_kan8_lr0p1__dir0.1__seed2024
[run] model=kan  params=3,280
  round   1/50: acc=0.6124  f1m=0.5840  uplink_kB=150.2  t=2.11s
  round   2/50: acc=0.8760  f1m=0.8759  uplink_kB=150.2  t=1.71s
  round   3/50: acc=0.4276  f1m=0.3547  uplink_kB=150.2  t=1.66s
  round   4/50: acc=0.8052  f1m=0.8002  uplink_kB=150.2  t=1.65s
  round   5/50: acc=0.8199  f1m=0.8150  uplink_kB=150.2  t=1.65s
  round   6/50: acc=0.8725  f1m=0.8712  uplink_kB=150.2  t=1.62s
  round   7/50: acc=0.8756  f1m=0.8743  uplink_kB=150.2  t=1.57s
  round   8/50: acc=0.8791  f1m=0.8781  uplink_kB=150.2  t=1.64s
  round   9/50: acc=0.8749  f1m=0.8742  uplink_kB=150.2  t=1.61s
  round  10/50: acc=0.8787  f1m=0.8778  uplink_kB=150.2  t=1.57s
  round  11/50: acc=0.8768  f1m=0.8760  uplink_kB=150.2  t=1.65s
  round  12/50: acc=0.8314  f1m=0.8313  uplink_kB=150.2  t=1.69s
  round  13/50: acc=0.8810  f1m=0.8802  uplink_kB=150.2  t=1.73s
  round  14/50: acc=0.8607  f1m=0.8604  uplink_kB=150.2  t=1.84s
  round  15/50: acc=0.8811  f1m=0.8802  uplink_kB=150.2  t=1.64s
  round  16/50: acc=0.8507  f1m=0.8507  uplink_kB=150.2  t=1.65s
  round  17/50: acc=0.8781  f1m=0.8774  uplink_kB=150.2  t=1.62s
  round  18/50: acc=0.8848  f1m=0.8841  uplink_kB=150.2  t=1.63s
  round  19/50: acc=0.8810  f1m=0.8801  uplink_kB=150.2  t=1.63s
  round  20/50: acc=0.8826  f1m=0.8818  uplink_kB=150.2  t=1.70s
  round  21/50: acc=0.8769  f1m=0.8759  uplink_kB=150.2  t=1.70s
  round  22/50: acc=0.8756  f1m=0.8746  uplink_kB=150.2  t=1.63s
  round  23/50: acc=0.8821  f1m=0.8813  uplink_kB=150.2  t=1.61s
  round  24/50: acc=0.8794  f1m=0.8787  uplink_kB=150.2  t=1.60s
  round  25/50: acc=0.8846  f1m=0.8843  uplink_kB=150.2  t=1.66s
  round  26/50: acc=0.8765  f1m=0.8760  uplink_kB=150.2  t=1.62s
  round  27/50: acc=0.8819  f1m=0.8812  uplink_kB=150.2  t=1.69s
  round  28/50: acc=0.8831  f1m=0.8823  uplink_kB=150.2  t=1.66s
  round  29/50: acc=0.8837  f1m=0.8831  uplink_kB=150.2  t=1.68s
  round  30/50: acc=0.8807  f1m=0.8796  uplink_kB=150.2  t=1.61s
  round  31/50: acc=0.8836  f1m=0.8828  uplink_kB=150.2  t=1.61s
  round  32/50: acc=0.8798  f1m=0.8788  uplink_kB=150.2  t=1.56s
  round  33/50: acc=0.8834  f1m=0.8825  uplink_kB=150.2  t=1.63s
  round  34/50: acc=0.8788  f1m=0.8777  uplink_kB=150.2  t=1.60s
  round  35/50: acc=0.8800  f1m=0.8791  uplink_kB=150.2  t=1.63s
  round  36/50: acc=0.8847  f1m=0.8839  uplink_kB=150.2  t=1.61s
  round  37/50: acc=0.8832  f1m=0.8825  uplink_kB=150.2  t=1.61s
  round  38/50: acc=0.8805  f1m=0.8796  uplink_kB=150.2  t=1.52s
  round  39/50: acc=0.8784  f1m=0.8778  uplink_kB=150.2  t=1.61s
  round  40/50: acc=0.8795  f1m=0.8788  uplink_kB=150.2  t=1.60s
  round  41/50: acc=0.8797  f1m=0.8792  uplink_kB=150.2  t=1.63s
  round  42/50: acc=0.8831  f1m=0.8822  uplink_kB=150.2  t=1.59s
  round  43/50: acc=0.8835  f1m=0.8827  uplink_kB=150.2  t=1.59s
  round  44/50: acc=0.8808  f1m=0.8801  uplink_kB=150.2  t=1.61s
  round  45/50: acc=0.8824  f1m=0.8816  uplink_kB=150.2  t=1.60s
  round  46/50: acc=0.8817  f1m=0.8810  uplink_kB=150.2  t=1.66s
  round  47/50: acc=0.8810  f1m=0.8803  uplink_kB=150.2  t=1.62s
  round  48/50: acc=0.8770  f1m=0.8765  uplink_kB=150.2  t=1.64s
  round  49/50: acc=0.8819  f1m=0.8811  uplink_kB=150.2  t=1.57s
  round  50/50: acc=0.8077  f1m=0.8076  uplink_kB=150.2  t=1.55s
[run] DONE -> /Users/agentra/Documents/hao/working/paper-lab/hao-paper-2026/iotj-fedkan-ids/repo/results/lrsweep_toniot/lrsweep_kan8_lr0p1__dir0.1__seed2024/metrics.json  final_acc=0.8077
