[run] device=cpu  seed=113  out=/Users/agentra/Documents/hao/working/paper-lab/hao-paper-2026/iotj-fedkan-ids/repo/results/lrsweep_toniot/lrsweep_mlp80_lr0p01__dir0.1__seed113
[run] model=mlp  params=3,362
  round   1/50: acc=0.5000  f1m=0.3333  uplink_kB=131.3  t=1.43s
  round   2/50: acc=0.7227  f1m=0.7197  uplink_kB=131.3  t=0.80s
  round   3/50: acc=0.7259  f1m=0.7256  uplink_kB=131.3  t=0.80s
  round   4/50: acc=0.7286  f1m=0.7284  uplink_kB=131.3  t=0.81s
  round   5/50: acc=0.7177  f1m=0.7176  uplink_kB=131.3  t=0.81s
  round   6/50: acc=0.7524  f1m=0.7522  uplink_kB=131.3  t=0.74s
  round   7/50: acc=0.6833  f1m=0.6803  uplink_kB=131.3  t=0.80s
  round   8/50: acc=0.7621  f1m=0.7621  uplink_kB=131.3  t=0.79s
  round   9/50: acc=0.7371  f1m=0.7370  uplink_kB=131.3  t=0.77s
  round  10/50: acc=0.7444  f1m=0.7442  uplink_kB=131.3  t=0.80s
  round  11/50: acc=0.7424  f1m=0.7423  uplink_kB=131.3  t=0.82s
  round  12/50: acc=0.7505  f1m=0.7502  uplink_kB=131.3  t=0.75s
  round  13/50: acc=0.7479  f1m=0.7477  uplink_kB=131.3  t=0.76s
  round  14/50: acc=0.7516  f1m=0.7514  uplink_kB=131.3  t=0.79s
  round  15/50: acc=0.7519  f1m=0.7517  uplink_kB=131.3  t=0.80s
  round  16/50: acc=0.7521  f1m=0.7519  uplink_kB=131.3  t=0.77s
  round  17/50: acc=0.7541  f1m=0.7538  uplink_kB=131.3  t=0.70s
  round  18/50: acc=0.7505  f1m=0.7503  uplink_kB=131.3  t=0.81s
  round  19/50: acc=0.7500  f1m=0.7498  uplink_kB=131.3  t=0.81s
  round  20/50: acc=0.7539  f1m=0.7536  uplink_kB=131.3  t=0.75s
  round  21/50: acc=0.8455  f1m=0.8448  uplink_kB=131.3  t=0.78s
  round  22/50: acc=0.8439  f1m=0.8434  uplink_kB=131.3  t=0.79s
  round  23/50: acc=0.7545  f1m=0.7542  uplink_kB=131.3  t=0.80s
  round  24/50: acc=0.8459  f1m=0.8454  uplink_kB=131.3  t=0.74s
  round  25/50: acc=0.8449  f1m=0.8443  uplink_kB=131.3  t=0.77s
  round  26/50: acc=0.8804  f1m=0.8793  uplink_kB=131.3  t=0.79s
  round  27/50: acc=0.8804  f1m=0.8792  uplink_kB=131.3  t=0.80s
  round  28/50: acc=0.8817  f1m=0.8806  uplink_kB=131.3  t=0.79s
  round  29/50: acc=0.8833  f1m=0.8822  uplink_kB=131.3  t=0.75s
  round  30/50: acc=0.8806  f1m=0.8794  uplink_kB=131.3  t=0.82s
  round  31/50: acc=0.8802  f1m=0.8791  uplink_kB=131.3  t=0.79s
  round  32/50: acc=0.8799  f1m=0.8787  uplink_kB=131.3  t=0.79s
  round  33/50: acc=0.8834  f1m=0.8823  uplink_kB=131.3  t=0.79s
  round  34/50: acc=0.8836  f1m=0.8825  uplink_kB=131.3  t=0.81s
  round  35/50: acc=0.8832  f1m=0.8821  uplink_kB=131.3  t=0.71s
  round  36/50: acc=0.8830  f1m=0.8819  uplink_kB=131.3  t=0.80s
  round  37/50: acc=0.8797  f1m=0.8784  uplink_kB=131.3  t=0.79s
  round  38/50: acc=0.8792  f1m=0.8779  uplink_kB=131.3  t=0.82s
  round  39/50: acc=0.8831  f1m=0.8820  uplink_kB=131.3  t=0.79s
  round  40/50: acc=0.8809  f1m=0.8796  uplink_kB=131.3  t=0.83s
  round  41/50: acc=0.8831  f1m=0.8820  uplink_kB=131.3  t=0.74s
  round  42/50: acc=0.8830  f1m=0.8819  uplink_kB=131.3  t=0.83s
  round  43/50: acc=0.8829  f1m=0.8817  uplink_kB=131.3  t=0.77s
  round  44/50: acc=0.8826  f1m=0.8814  uplink_kB=131.3  t=0.79s
  round  45/50: acc=0.8824  f1m=0.8812  uplink_kB=131.3  t=0.79s
  round  46/50: acc=0.8816  f1m=0.8803  uplink_kB=131.3  t=0.88s
  round  47/50: acc=0.8833  f1m=0.8821  uplink_kB=131.3  t=0.80s
  round  48/50: acc=0.8846  f1m=0.8835  uplink_kB=131.3  t=0.73s
  round  49/50: acc=0.8852  f1m=0.8841  uplink_kB=131.3  t=0.83s
  round  50/50: acc=0.8840  f1m=0.8828  uplink_kB=131.3  t=0.78s
[run] DONE -> /Users/agentra/Documents/hao/working/paper-lab/hao-paper-2026/iotj-fedkan-ids/repo/results/lrsweep_toniot/lrsweep_mlp80_lr0p01__dir0.1__seed113/metrics.json  final_acc=0.8840
