[run] device=cpu  seed=104  out=/Users/agentra/Documents/hao/working/paper-lab/hao-paper-2026/iotj-fedkan-ids/repo/results/lrsweep_toniot/lrsweep_kan8_lr0p01__dir0.1__seed104
[run] model=kan  params=3,280
  round   1/50: acc=0.6828  f1m=0.6616  uplink_kB=150.2  t=2.64s
  round   2/50: acc=0.9341  f1m=0.9341  uplink_kB=150.2  t=1.90s
  round   3/50: acc=0.9315  f1m=0.9314  uplink_kB=150.2  t=1.94s
  round   4/50: acc=0.9483  f1m=0.9482  uplink_kB=150.2  t=1.92s
  round   5/50: acc=0.9466  f1m=0.9466  uplink_kB=150.2  t=1.88s
  round   6/50: acc=0.9614  f1m=0.9614  uplink_kB=150.2  t=1.85s
  round   7/50: acc=0.9587  f1m=0.9587  uplink_kB=150.2  t=1.86s
  round   8/50: acc=0.9589  f1m=0.9589  uplink_kB=150.2  t=1.95s
  round   9/50: acc=0.9629  f1m=0.9629  uplink_kB=150.2  t=1.99s
  round  10/50: acc=0.9625  f1m=0.9625  uplink_kB=150.2  t=1.94s
  round  11/50: acc=0.9669  f1m=0.9669  uplink_kB=150.2  t=2.02s
  round  12/50: acc=0.9654  f1m=0.9654  uplink_kB=150.2  t=1.92s
  round  13/50: acc=0.9673  f1m=0.9672  uplink_kB=150.2  t=2.13s
  round  14/50: acc=0.9648  f1m=0.9648  uplink_kB=150.2  t=1.91s
  round  15/50: acc=0.9674  f1m=0.9674  uplink_kB=150.2  t=1.98s
  round  16/50: acc=0.9659  f1m=0.9659  uplink_kB=150.2  t=1.98s
  round  17/50: acc=0.9660  f1m=0.9660  uplink_kB=150.2  t=2.01s
  round  18/50: acc=0.9686  f1m=0.9686  uplink_kB=150.2  t=1.99s
  round  19/50: acc=0.9683  f1m=0.9683  uplink_kB=150.2  t=1.97s
  round  20/50: acc=0.9705  f1m=0.9705  uplink_kB=150.2  t=2.04s
  round  21/50: acc=0.9687  f1m=0.9687  uplink_kB=150.2  t=1.98s
  round  22/50: acc=0.9675  f1m=0.9675  uplink_kB=150.2  t=1.91s
  round  23/50: acc=0.9659  f1m=0.9659  uplink_kB=150.2  t=2.01s
  round  24/50: acc=0.9730  f1m=0.9730  uplink_kB=150.2  t=1.93s
  round  25/50: acc=0.9655  f1m=0.9655  uplink_kB=150.2  t=1.94s
  round  26/50: acc=0.9696  f1m=0.9696  uplink_kB=150.2  t=2.04s
  round  27/50: acc=0.9632  f1m=0.9632  uplink_kB=150.2  t=2.06s
  round  28/50: acc=0.9697  f1m=0.9697  uplink_kB=150.2  t=2.01s
  round  29/50: acc=0.9693  f1m=0.9693  uplink_kB=150.2  t=1.95s
  round  30/50: acc=0.9685  f1m=0.9685  uplink_kB=150.2  t=1.87s
  round  31/50: acc=0.9659  f1m=0.9659  uplink_kB=150.2  t=2.04s
  round  32/50: acc=0.9716  f1m=0.9716  uplink_kB=150.2  t=1.98s
  round  33/50: acc=0.9674  f1m=0.9674  uplink_kB=150.2  t=1.99s
  round  34/50: acc=0.9679  f1m=0.9679  uplink_kB=150.2  t=2.02s
  round  35/50: acc=0.9691  f1m=0.9691  uplink_kB=150.2  t=1.94s
  round  36/50: acc=0.9658  f1m=0.9658  uplink_kB=150.2  t=1.94s
  round  37/50: acc=0.9692  f1m=0.9691  uplink_kB=150.2  t=1.98s
  round  38/50: acc=0.9717  f1m=0.9717  uplink_kB=150.2  t=1.94s
  round  39/50: acc=0.9699  f1m=0.9699  uplink_kB=150.2  t=1.97s
  round  40/50: acc=0.9697  f1m=0.9697  uplink_kB=150.2  t=1.95s
  round  41/50: acc=0.9711  f1m=0.9711  uplink_kB=150.2  t=1.95s
  round  42/50: acc=0.9689  f1m=0.9689  uplink_kB=150.2  t=1.88s
  round  43/50: acc=0.9710  f1m=0.9710  uplink_kB=150.2  t=1.96s
  round  44/50: acc=0.9666  f1m=0.9666  uplink_kB=150.2  t=1.91s
  round  45/50: acc=0.9712  f1m=0.9712  uplink_kB=150.2  t=1.95s
  round  46/50: acc=0.9706  f1m=0.9706  uplink_kB=150.2  t=1.93s
  round  47/50: acc=0.9702  f1m=0.9702  uplink_kB=150.2  t=1.94s
  round  48/50: acc=0.9708  f1m=0.9707  uplink_kB=150.2  t=1.83s
  round  49/50: acc=0.9666  f1m=0.9666  uplink_kB=150.2  t=1.95s
  round  50/50: acc=0.9726  f1m=0.9726  uplink_kB=150.2  t=1.95s
[run] DONE -> /Users/agentra/Documents/hao/working/paper-lab/hao-paper-2026/iotj-fedkan-ids/repo/results/lrsweep_toniot/lrsweep_kan8_lr0p01__dir0.1__seed104/metrics.json  final_acc=0.9726
