[run] device=cpu  seed=37  out=/Users/agentra/Documents/hao/working/paper-lab/hao-paper-2026/iotj-fedkan-ids/repo/results/lrsweep_toniot/lrsweep_kan8_lr0p03__dir0.1__seed37
[run] model=kan  params=3,280
  round   1/50: acc=0.7380  f1m=0.7376  uplink_kB=150.2  t=2.14s
  round   2/50: acc=0.7202  f1m=0.7109  uplink_kB=150.2  t=1.62s
  round   3/50: acc=0.8394  f1m=0.8394  uplink_kB=150.2  t=1.60s
  round   4/50: acc=0.7540  f1m=0.7502  uplink_kB=150.2  t=1.59s
  round   5/50: acc=0.8690  f1m=0.8688  uplink_kB=150.2  t=1.60s
  round   6/50: acc=0.8426  f1m=0.8422  uplink_kB=150.2  t=1.59s
  round   7/50: acc=0.8786  f1m=0.8782  uplink_kB=150.2  t=1.62s
  round   8/50: acc=0.8392  f1m=0.8371  uplink_kB=150.2  t=1.61s
  round   9/50: acc=0.8751  f1m=0.8741  uplink_kB=150.2  t=1.62s
  round  10/50: acc=0.7146  f1m=0.6904  uplink_kB=150.2  t=1.61s
  round  11/50: acc=0.8735  f1m=0.8730  uplink_kB=150.2  t=1.63s
  round  12/50: acc=0.9061  f1m=0.9060  uplink_kB=150.2  t=1.61s
  round  13/50: acc=0.8604  f1m=0.8591  uplink_kB=150.2  t=1.54s
  round  14/50: acc=0.9385  f1m=0.9385  uplink_kB=150.2  t=1.61s
  round  15/50: acc=0.8161  f1m=0.8105  uplink_kB=150.2  t=1.63s
  round  16/50: acc=0.8508  f1m=0.8492  uplink_kB=150.2  t=1.58s
  round  17/50: acc=0.9204  f1m=0.9202  uplink_kB=150.2  t=1.64s
  round  18/50: acc=0.8684  f1m=0.8672  uplink_kB=150.2  t=1.61s
  round  19/50: acc=0.9122  f1m=0.9118  uplink_kB=150.2  t=1.57s
  round  20/50: acc=0.9146  f1m=0.9146  uplink_kB=150.2  t=1.65s
  round  21/50: acc=0.7224  f1m=0.7107  uplink_kB=150.2  t=1.63s
  round  22/50: acc=0.9479  f1m=0.9479  uplink_kB=150.2  t=1.59s
  round  23/50: acc=0.8215  f1m=0.8189  uplink_kB=150.2  t=1.60s
  round  24/50: acc=0.9075  f1m=0.9072  uplink_kB=150.2  t=1.65s
  round  25/50: acc=0.7753  f1m=0.7663  uplink_kB=150.2  t=1.59s
  round  26/50: acc=0.9114  f1m=0.9112  uplink_kB=150.2  t=1.63s
  round  27/50: acc=0.7656  f1m=0.7553  uplink_kB=150.2  t=1.64s
  round  28/50: acc=0.8290  f1m=0.8265  uplink_kB=150.2  t=1.63s
  round  29/50: acc=0.7923  f1m=0.7839  uplink_kB=150.2  t=1.63s
  round  30/50: acc=0.9413  f1m=0.9412  uplink_kB=150.2  t=1.64s
  round  31/50: acc=0.8017  f1m=0.7948  uplink_kB=150.2  t=1.58s
  round  32/50: acc=0.8676  f1m=0.8673  uplink_kB=150.2  t=1.62s
  round  33/50: acc=0.8930  f1m=0.8923  uplink_kB=150.2  t=1.60s
  round  34/50: acc=0.9320  f1m=0.9319  uplink_kB=150.2  t=1.60s
  round  35/50: acc=0.8624  f1m=0.8602  uplink_kB=150.2  t=1.63s
  round  36/50: acc=0.9333  f1m=0.9331  uplink_kB=150.2  t=1.61s
  round  37/50: acc=0.7512  f1m=0.7369  uplink_kB=150.2  t=1.55s
  round  38/50: acc=0.9198  f1m=0.9194  uplink_kB=150.2  t=1.61s
  round  39/50: acc=0.7812  f1m=0.7713  uplink_kB=150.2  t=1.61s
  round  40/50: acc=0.9083  f1m=0.9078  uplink_kB=150.2  t=1.63s
  round  41/50: acc=0.7598  f1m=0.7463  uplink_kB=150.2  t=1.66s
  round  42/50: acc=0.9366  f1m=0.9365  uplink_kB=150.2  t=1.63s
  round  43/50: acc=0.8422  f1m=0.8388  uplink_kB=150.2  t=1.61s
  round  44/50: acc=0.9158  f1m=0.9154  uplink_kB=150.2  t=1.57s
  round  45/50: acc=0.8157  f1m=0.8097  uplink_kB=150.2  t=1.62s
  round  46/50: acc=0.8363  f1m=0.8326  uplink_kB=150.2  t=1.60s
  round  47/50: acc=0.8875  f1m=0.8863  uplink_kB=150.2  t=1.65s
  round  48/50: acc=0.8488  f1m=0.8456  uplink_kB=150.2  t=1.62s
  round  49/50: acc=0.8817  f1m=0.8802  uplink_kB=150.2  t=1.66s
  round  50/50: acc=0.7958  f1m=0.7876  uplink_kB=150.2  t=1.51s
[run] DONE -> /Users/agentra/Documents/hao/working/paper-lab/hao-paper-2026/iotj-fedkan-ids/repo/results/lrsweep_toniot/lrsweep_kan8_lr0p03__dir0.1__seed37/metrics.json  final_acc=0.7958
