[run] device=cpu  seed=114  out=/Users/agentra/Documents/hao/working/paper-lab/hao-paper-2026/iotj-fedkan-ids/repo/results/lrsweep_cseciic_mc50k/lrsweep_mlp80_lr0p01__dir0.1__seed114
[run] model=mlp  params=4,415
  round   1/50: acc=0.3237  f1m=0.1095  uplink_kB=172.5  t=2.11s
  round   2/50: acc=0.4927  f1m=0.2757  uplink_kB=172.5  t=1.21s
  round   3/50: acc=0.6296  f1m=0.3973  uplink_kB=172.5  t=1.32s
  round   4/50: acc=0.6595  f1m=0.4667  uplink_kB=172.5  t=1.27s
  round   5/50: acc=0.7381  f1m=0.5140  uplink_kB=172.5  t=1.32s
  round   6/50: acc=0.7387  f1m=0.5213  uplink_kB=172.5  t=1.21s
  round   7/50: acc=0.7456  f1m=0.5267  uplink_kB=172.5  t=1.28s
  round   8/50: acc=0.7567  f1m=0.5685  uplink_kB=172.5  t=1.23s
  round   9/50: acc=0.7732  f1m=0.5815  uplink_kB=172.5  t=1.23s
  round  10/50: acc=0.7768  f1m=0.5814  uplink_kB=172.5  t=1.23s
  round  11/50: acc=0.7666  f1m=0.5707  uplink_kB=172.5  t=1.30s
  round  12/50: acc=0.7885  f1m=0.6057  uplink_kB=172.5  t=1.23s
  round  13/50: acc=0.7832  f1m=0.5979  uplink_kB=172.5  t=1.25s
  round  14/50: acc=0.7870  f1m=0.5902  uplink_kB=172.5  t=1.21s
  round  15/50: acc=0.7936  f1m=0.6100  uplink_kB=172.5  t=1.28s
  round  16/50: acc=0.7976  f1m=0.6114  uplink_kB=172.5  t=1.20s
  round  17/50: acc=0.7979  f1m=0.6055  uplink_kB=172.5  t=1.26s
  round  18/50: acc=0.8025  f1m=0.6086  uplink_kB=172.5  t=1.20s
  round  19/50: acc=0.8004  f1m=0.6082  uplink_kB=172.5  t=1.31s
  round  20/50: acc=0.7978  f1m=0.6095  uplink_kB=172.5  t=1.20s
  round  21/50: acc=0.8030  f1m=0.6151  uplink_kB=172.5  t=1.27s
  round  22/50: acc=0.8008  f1m=0.6192  uplink_kB=172.5  t=1.23s
  round  23/50: acc=0.7999  f1m=0.6124  uplink_kB=172.5  t=1.27s
  round  24/50: acc=0.8126  f1m=0.6268  uplink_kB=172.5  t=1.21s
  round  25/50: acc=0.8054  f1m=0.6196  uplink_kB=172.5  t=1.27s
  round  26/50: acc=0.8118  f1m=0.6286  uplink_kB=172.5  t=1.21s
  round  27/50: acc=0.8098  f1m=0.6265  uplink_kB=172.5  t=1.23s
  round  28/50: acc=0.8128  f1m=0.6312  uplink_kB=172.5  t=1.28s
  round  29/50: acc=0.8152  f1m=0.6306  uplink_kB=172.5  t=1.28s
  round  30/50: acc=0.8202  f1m=0.6378  uplink_kB=172.5  t=1.19s
  round  31/50: acc=0.8062  f1m=0.6224  uplink_kB=172.5  t=1.22s
  round  32/50: acc=0.8231  f1m=0.6392  uplink_kB=172.5  t=1.35s
  round  33/50: acc=0.8153  f1m=0.6337  uplink_kB=172.5  t=1.20s
  round  34/50: acc=0.8222  f1m=0.6421  uplink_kB=172.5  t=1.25s
  round  35/50: acc=0.8203  f1m=0.6359  uplink_kB=172.5  t=1.24s
  round  36/50: acc=0.8196  f1m=0.6391  uplink_kB=172.5  t=1.28s
  round  37/50: acc=0.8232  f1m=0.6409  uplink_kB=172.5  t=1.21s
  round  38/50: acc=0.8189  f1m=0.6385  uplink_kB=172.5  t=1.29s
  round  39/50: acc=0.8109  f1m=0.6285  uplink_kB=172.5  t=1.23s
  round  40/50: acc=0.8248  f1m=0.6435  uplink_kB=172.5  t=1.24s
  round  41/50: acc=0.8087  f1m=0.6280  uplink_kB=172.5  t=1.20s
  round  42/50: acc=0.8273  f1m=0.6430  uplink_kB=172.5  t=1.25s
  round  43/50: acc=0.8219  f1m=0.6402  uplink_kB=172.5  t=1.27s
  round  44/50: acc=0.8253  f1m=0.6411  uplink_kB=172.5  t=1.20s
  round  45/50: acc=0.8297  f1m=0.6490  uplink_kB=172.5  t=1.20s
  round  46/50: acc=0.8270  f1m=0.6481  uplink_kB=172.5  t=1.25s
  round  47/50: acc=0.8703  f1m=0.7171  uplink_kB=172.5  t=1.20s
  round  48/50: acc=0.8306  f1m=0.6568  uplink_kB=172.5  t=1.24s
  round  49/50: acc=0.8332  f1m=0.6502  uplink_kB=172.5  t=1.20s
  round  50/50: acc=0.8315  f1m=0.6526  uplink_kB=172.5  t=1.29s
[run] DONE -> /Users/agentra/Documents/hao/working/paper-lab/hao-paper-2026/iotj-fedkan-ids/repo/results/lrsweep_cseciic_mc50k/lrsweep_mlp80_lr0p01__dir0.1__seed114/metrics.json  final_acc=0.8315
