[run] device=cpu  seed=2026  out=/Users/agentra/Documents/hao/working/paper-lab/hao-paper-2026/iotj-fedkan-ids/repo/results/lrsweep_cseciic/lrsweep_kan8_lr0p0003__dir0.1__seed2026
[run] model=kan  params=3,280
  round   1/50: acc=0.5249  f1m=0.3874  uplink_kB=150.2  t=2.18s
  round   2/50: acc=0.6009  f1m=0.5355  uplink_kB=150.2  t=1.62s
  round   3/50: acc=0.9105  f1m=0.9103  uplink_kB=150.2  t=1.63s
  round   4/50: acc=0.9095  f1m=0.9093  uplink_kB=150.2  t=1.63s
  round   5/50: acc=0.9074  f1m=0.9072  uplink_kB=150.2  t=1.68s
  round   6/50: acc=0.9057  f1m=0.9055  uplink_kB=150.2  t=1.66s
  round   7/50: acc=0.9057  f1m=0.9055  uplink_kB=150.2  t=1.65s
  round   8/50: acc=0.9079  f1m=0.9077  uplink_kB=150.2  t=1.66s
  round   9/50: acc=0.9097  f1m=0.9095  uplink_kB=150.2  t=1.64s
  round  10/50: acc=0.9106  f1m=0.9104  uplink_kB=150.2  t=1.71s
  round  11/50: acc=0.9111  f1m=0.9109  uplink_kB=150.2  t=1.59s
  round  12/50: acc=0.9117  f1m=0.9115  uplink_kB=150.2  t=1.64s
  round  13/50: acc=0.9129  f1m=0.9127  uplink_kB=150.2  t=1.65s
  round  14/50: acc=0.9136  f1m=0.9134  uplink_kB=150.2  t=1.70s
  round  15/50: acc=0.9146  f1m=0.9143  uplink_kB=150.2  t=2.05s
  round  16/50: acc=0.9151  f1m=0.9149  uplink_kB=150.2  t=1.85s
  round  17/50: acc=0.9156  f1m=0.9153  uplink_kB=150.2  t=1.75s
  round  18/50: acc=0.9161  f1m=0.9159  uplink_kB=150.2  t=1.69s
  round  19/50: acc=0.9164  f1m=0.9161  uplink_kB=150.2  t=1.75s
  round  20/50: acc=0.9165  f1m=0.9163  uplink_kB=150.2  t=1.67s
  round  21/50: acc=0.9166  f1m=0.9163  uplink_kB=150.2  t=1.74s
  round  22/50: acc=0.9168  f1m=0.9166  uplink_kB=150.2  t=1.69s
  round  23/50: acc=0.9175  f1m=0.9173  uplink_kB=150.2  t=1.75s
  round  24/50: acc=0.9186  f1m=0.9184  uplink_kB=150.2  t=1.66s
  round  25/50: acc=0.9205  f1m=0.9203  uplink_kB=150.2  t=1.64s
  round  26/50: acc=0.9208  f1m=0.9206  uplink_kB=150.2  t=1.74s
  round  27/50: acc=0.9221  f1m=0.9218  uplink_kB=150.2  t=1.67s
  round  28/50: acc=0.9227  f1m=0.9225  uplink_kB=150.2  t=1.69s
  round  29/50: acc=0.9235  f1m=0.9232  uplink_kB=150.2  t=1.73s
  round  30/50: acc=0.9237  f1m=0.9235  uplink_kB=150.2  t=1.63s
  round  31/50: acc=0.9242  f1m=0.9240  uplink_kB=150.2  t=1.66s
  round  32/50: acc=0.9247  f1m=0.9244  uplink_kB=150.2  t=1.61s
  round  33/50: acc=0.9249  f1m=0.9247  uplink_kB=150.2  t=1.72s
  round  34/50: acc=0.9292  f1m=0.9291  uplink_kB=150.2  t=1.67s
  round  35/50: acc=0.9305  f1m=0.9303  uplink_kB=150.2  t=1.72s
  round  36/50: acc=0.9308  f1m=0.9306  uplink_kB=150.2  t=1.63s
  round  37/50: acc=0.9309  f1m=0.9308  uplink_kB=150.2  t=1.72s
  round  38/50: acc=0.9311  f1m=0.9309  uplink_kB=150.2  t=1.72s
  round  39/50: acc=0.9315  f1m=0.9313  uplink_kB=150.2  t=1.75s
  round  40/50: acc=0.9317  f1m=0.9315  uplink_kB=150.2  t=1.64s
  round  41/50: acc=0.9315  f1m=0.9313  uplink_kB=150.2  t=1.70s
  round  42/50: acc=0.9356  f1m=0.9354  uplink_kB=150.2  t=1.71s
  round  43/50: acc=0.9557  f1m=0.9557  uplink_kB=150.2  t=1.69s
  round  44/50: acc=0.9557  f1m=0.9557  uplink_kB=150.2  t=1.55s
  round  45/50: acc=0.9557  f1m=0.9556  uplink_kB=150.2  t=1.68s
  round  46/50: acc=0.9559  f1m=0.9559  uplink_kB=150.2  t=1.63s
  round  47/50: acc=0.9564  f1m=0.9563  uplink_kB=150.2  t=1.61s
  round  48/50: acc=0.9567  f1m=0.9566  uplink_kB=150.2  t=1.62s
  round  49/50: acc=0.9565  f1m=0.9565  uplink_kB=150.2  t=1.62s
  round  50/50: acc=0.9565  f1m=0.9564  uplink_kB=150.2  t=1.56s
[run] DONE -> /Users/agentra/Documents/hao/working/paper-lab/hao-paper-2026/iotj-fedkan-ids/repo/results/lrsweep_cseciic/lrsweep_kan8_lr0p0003__dir0.1__seed2026/metrics.json  final_acc=0.9565
