[run] device=cpu  seed=2024  out=/Users/agentra/Documents/hao/working/paper-lab/hao-paper-2026/iotj-fedkan-ids/repo/results/sensitivity_botiot/sens_h16__dir0.1__seed2024
[run] model=kan  params=6,560
  round   1/50: acc=0.5015  f1m=0.3348  uplink_kB=282.0  t=2.86s
  round   2/50: acc=0.5250  f1m=0.3850  uplink_kB=282.0  t=1.91s
  round   3/50: acc=0.6687  f1m=0.6273  uplink_kB=282.0  t=1.97s
  round   4/50: acc=0.6740  f1m=0.6346  uplink_kB=282.0  t=2.07s
  round   5/50: acc=0.6758  f1m=0.6372  uplink_kB=282.0  t=2.01s
  round   6/50: acc=0.6759  f1m=0.6373  uplink_kB=282.0  t=1.95s
  round   7/50: acc=0.6807  f1m=0.6441  uplink_kB=282.0  t=1.95s
  round   8/50: acc=0.7536  f1m=0.7375  uplink_kB=282.0  t=1.94s
  round   9/50: acc=0.7591  f1m=0.7441  uplink_kB=282.0  t=1.93s
  round  10/50: acc=0.7755  f1m=0.7634  uplink_kB=282.0  t=2.00s
  round  11/50: acc=0.7737  f1m=0.7613  uplink_kB=282.0  t=1.91s
  round  12/50: acc=0.7868  f1m=0.7765  uplink_kB=282.0  t=1.87s
  round  13/50: acc=0.7897  f1m=0.7799  uplink_kB=282.0  t=1.93s
  round  14/50: acc=0.7909  f1m=0.7812  uplink_kB=282.0  t=1.90s
  round  15/50: acc=0.7908  f1m=0.7811  uplink_kB=282.0  t=1.89s
  round  16/50: acc=0.7948  f1m=0.7856  uplink_kB=282.0  t=2.06s
  round  17/50: acc=0.7960  f1m=0.7870  uplink_kB=282.0  t=2.10s
  round  18/50: acc=0.7961  f1m=0.7872  uplink_kB=282.0  t=2.30s
  round  19/50: acc=0.8006  f1m=0.7922  uplink_kB=282.0  t=2.04s
  round  20/50: acc=0.8053  f1m=0.7976  uplink_kB=282.0  t=2.05s
  round  21/50: acc=0.8410  f1m=0.8369  uplink_kB=282.0  t=2.84s
  round  22/50: acc=0.8090  f1m=0.8017  uplink_kB=282.0  t=2.16s
  round  23/50: acc=0.8428  f1m=0.8388  uplink_kB=282.0  t=3.02s
  round  24/50: acc=0.8234  f1m=0.8201  uplink_kB=282.0  t=2.42s
  round  25/50: acc=0.8936  f1m=0.8931  uplink_kB=282.0  t=1.91s
  round  26/50: acc=0.8952  f1m=0.8948  uplink_kB=282.0  t=1.97s
  round  27/50: acc=0.8984  f1m=0.8980  uplink_kB=282.0  t=2.06s
  round  28/50: acc=0.8988  f1m=0.8984  uplink_kB=282.0  t=2.02s
  round  29/50: acc=0.9121  f1m=0.9120  uplink_kB=282.0  t=2.25s
  round  30/50: acc=0.8986  f1m=0.8983  uplink_kB=282.0  t=2.04s
  round  31/50: acc=0.9123  f1m=0.9121  uplink_kB=282.0  t=2.10s
  round  32/50: acc=0.9059  f1m=0.9056  uplink_kB=282.0  t=1.95s
  round  33/50: acc=0.9138  f1m=0.9136  uplink_kB=282.0  t=2.01s
  round  34/50: acc=0.9167  f1m=0.9166  uplink_kB=282.0  t=2.09s
  round  35/50: acc=0.9171  f1m=0.9170  uplink_kB=282.0  t=1.99s
  round  36/50: acc=0.9150  f1m=0.9149  uplink_kB=282.0  t=1.92s
  round  37/50: acc=0.9167  f1m=0.9166  uplink_kB=282.0  t=1.97s
  round  38/50: acc=0.9163  f1m=0.9162  uplink_kB=282.0  t=1.98s
  round  39/50: acc=0.9164  f1m=0.9163  uplink_kB=282.0  t=1.94s
  round  40/50: acc=0.9413  f1m=0.9413  uplink_kB=282.0  t=1.89s
  round  41/50: acc=0.9173  f1m=0.9172  uplink_kB=282.0  t=1.92s
  round  42/50: acc=0.9413  f1m=0.9413  uplink_kB=282.0  t=1.84s
  round  43/50: acc=0.9417  f1m=0.9417  uplink_kB=282.0  t=1.89s
  round  44/50: acc=0.9168  f1m=0.9166  uplink_kB=282.0  t=1.85s
  round  45/50: acc=0.9586  f1m=0.9586  uplink_kB=282.0  t=1.93s
  round  46/50: acc=0.9407  f1m=0.9406  uplink_kB=282.0  t=1.89s
  round  47/50: acc=0.9585  f1m=0.9585  uplink_kB=282.0  t=1.96s
  round  48/50: acc=0.9422  f1m=0.9422  uplink_kB=282.0  t=2.20s
  round  49/50: acc=0.9594  f1m=0.9594  uplink_kB=282.0  t=2.20s
  round  50/50: acc=0.9596  f1m=0.9596  uplink_kB=282.0  t=2.06s
[run] DONE -> /Users/agentra/Documents/hao/working/paper-lab/hao-paper-2026/iotj-fedkan-ids/repo/results/sensitivity_botiot/sens_h16__dir0.1__seed2024/metrics.json  final_acc=0.9596
