[run] device=cpu  seed=37  out=/Users/agentra/Documents/hao/working/paper-lab/hao-paper-2026/iotj-fedkan-ids/repo/results/lrsweep_cseciic/lrsweep_mlp32_lr0p01__dir0.1__seed37
[run] model=mlp  params=1,346
  round   1/50: acc=0.9227  f1m=0.9225  uplink_kB=52.6  t=1.36s
  round   2/50: acc=0.9234  f1m=0.9232  uplink_kB=52.6  t=0.68s
  round   3/50: acc=0.9274  f1m=0.9271  uplink_kB=52.6  t=0.66s
  round   4/50: acc=0.9279  f1m=0.9276  uplink_kB=52.6  t=0.63s
  round   5/50: acc=0.9383  f1m=0.9380  uplink_kB=52.6  t=0.64s
  round   6/50: acc=0.9344  f1m=0.9341  uplink_kB=52.6  t=0.57s
  round   7/50: acc=0.9326  f1m=0.9323  uplink_kB=52.6  t=0.64s
  round   8/50: acc=0.9359  f1m=0.9356  uplink_kB=52.6  t=0.80s
  round   9/50: acc=0.9405  f1m=0.9403  uplink_kB=52.6  t=0.65s
  round  10/50: acc=0.9424  f1m=0.9422  uplink_kB=52.6  t=0.65s
  round  11/50: acc=0.9409  f1m=0.9407  uplink_kB=52.6  t=0.64s
  round  12/50: acc=0.9410  f1m=0.9408  uplink_kB=52.6  t=0.66s
  round  13/50: acc=0.9411  f1m=0.9409  uplink_kB=52.6  t=0.61s
  round  14/50: acc=0.9415  f1m=0.9413  uplink_kB=52.6  t=0.68s
  round  15/50: acc=0.9624  f1m=0.9624  uplink_kB=52.6  t=0.62s
  round  16/50: acc=0.9673  f1m=0.9673  uplink_kB=52.6  t=0.65s
  round  17/50: acc=0.9674  f1m=0.9673  uplink_kB=52.6  t=0.67s
  round  18/50: acc=0.9674  f1m=0.9673  uplink_kB=52.6  t=0.63s
  round  19/50: acc=0.9680  f1m=0.9680  uplink_kB=52.6  t=0.60s
  round  20/50: acc=0.9636  f1m=0.9635  uplink_kB=52.6  t=0.62s
  round  21/50: acc=0.9642  f1m=0.9642  uplink_kB=52.6  t=0.64s
  round  22/50: acc=0.9643  f1m=0.9642  uplink_kB=52.6  t=0.67s
  round  23/50: acc=0.9627  f1m=0.9627  uplink_kB=52.6  t=0.66s
  round  24/50: acc=0.9644  f1m=0.9644  uplink_kB=52.6  t=0.65s
  round  25/50: acc=0.9647  f1m=0.9646  uplink_kB=52.6  t=0.64s
  round  26/50: acc=0.9647  f1m=0.9647  uplink_kB=52.6  t=0.69s
  round  27/50: acc=0.9656  f1m=0.9655  uplink_kB=52.6  t=0.67s
  round  28/50: acc=0.9655  f1m=0.9654  uplink_kB=52.6  t=0.69s
  round  29/50: acc=0.9651  f1m=0.9651  uplink_kB=52.6  t=0.68s
  round  30/50: acc=0.9705  f1m=0.9705  uplink_kB=52.6  t=0.69s
  round  31/50: acc=0.9654  f1m=0.9653  uplink_kB=52.6  t=0.70s
  round  32/50: acc=0.9651  f1m=0.9651  uplink_kB=52.6  t=0.64s
  round  33/50: acc=0.9706  f1m=0.9706  uplink_kB=52.6  t=0.65s
  round  34/50: acc=0.9651  f1m=0.9651  uplink_kB=52.6  t=0.68s
  round  35/50: acc=0.9655  f1m=0.9655  uplink_kB=52.6  t=0.67s
  round  36/50: acc=0.9653  f1m=0.9653  uplink_kB=52.6  t=0.65s
  round  37/50: acc=0.9714  f1m=0.9713  uplink_kB=52.6  t=0.67s
  round  38/50: acc=0.9745  f1m=0.9744  uplink_kB=52.6  t=0.64s
  round  39/50: acc=0.9749  f1m=0.9749  uplink_kB=52.6  t=0.64s
  round  40/50: acc=0.9708  f1m=0.9708  uplink_kB=52.6  t=0.59s
  round  41/50: acc=0.9702  f1m=0.9702  uplink_kB=52.6  t=0.64s
  round  42/50: acc=0.9710  f1m=0.9710  uplink_kB=52.6  t=0.66s
  round  43/50: acc=0.9710  f1m=0.9710  uplink_kB=52.6  t=0.66s
  round  44/50: acc=0.9725  f1m=0.9725  uplink_kB=52.6  t=0.66s
  round  45/50: acc=0.9719  f1m=0.9719  uplink_kB=52.6  t=0.65s
  round  46/50: acc=0.9707  f1m=0.9707  uplink_kB=52.6  t=0.67s
  round  47/50: acc=0.9712  f1m=0.9711  uplink_kB=52.6  t=0.61s
  round  48/50: acc=0.9712  f1m=0.9712  uplink_kB=52.6  t=0.65s
  round  49/50: acc=0.9736  f1m=0.9736  uplink_kB=52.6  t=0.68s
  round  50/50: acc=0.9720  f1m=0.9720  uplink_kB=52.6  t=0.63s
[run] DONE -> /Users/agentra/Documents/hao/working/paper-lab/hao-paper-2026/iotj-fedkan-ids/repo/results/lrsweep_cseciic/lrsweep_mlp32_lr0p01__dir0.1__seed37/metrics.json  final_acc=0.9720
