[run] device=cpu  seed=31  out=/Users/agentra/Documents/hao/working/paper-lab/hao-paper-2026/iotj-fedkan-ids/repo/results/lrsweep_cseciic/lrsweep_kan8_lr0p0003__dir0.1__seed31
[run] model=kan  params=3,280
  round   1/50: acc=0.5117  f1m=0.3590  uplink_kB=150.2  t=2.16s
  round   2/50: acc=0.5000  f1m=0.3333  uplink_kB=150.2  t=1.64s
  round   3/50: acc=0.5006  f1m=0.3348  uplink_kB=150.2  t=1.65s
  round   4/50: acc=0.7848  f1m=0.7747  uplink_kB=150.2  t=1.62s
  round   5/50: acc=0.9179  f1m=0.9176  uplink_kB=150.2  t=1.64s
  round   6/50: acc=0.9138  f1m=0.9136  uplink_kB=150.2  t=1.58s
  round   7/50: acc=0.9126  f1m=0.9124  uplink_kB=150.2  t=1.64s
  round   8/50: acc=0.9136  f1m=0.9134  uplink_kB=150.2  t=1.67s
  round   9/50: acc=0.9160  f1m=0.9158  uplink_kB=150.2  t=1.66s
  round  10/50: acc=0.9163  f1m=0.9161  uplink_kB=150.2  t=1.64s
  round  11/50: acc=0.9169  f1m=0.9168  uplink_kB=150.2  t=1.68s
  round  12/50: acc=0.9174  f1m=0.9172  uplink_kB=150.2  t=1.64s
  round  13/50: acc=0.9181  f1m=0.9179  uplink_kB=150.2  t=1.66s
  round  14/50: acc=0.9185  f1m=0.9183  uplink_kB=150.2  t=1.61s
  round  15/50: acc=0.9190  f1m=0.9188  uplink_kB=150.2  t=1.64s
  round  16/50: acc=0.9196  f1m=0.9195  uplink_kB=150.2  t=1.65s
  round  17/50: acc=0.9199  f1m=0.9197  uplink_kB=150.2  t=1.67s
  round  18/50: acc=0.9253  f1m=0.9252  uplink_kB=150.2  t=1.68s
  round  19/50: acc=0.9302  f1m=0.9301  uplink_kB=150.2  t=1.66s
  round  20/50: acc=0.9309  f1m=0.9307  uplink_kB=150.2  t=1.68s
  round  21/50: acc=0.9310  f1m=0.9308  uplink_kB=150.2  t=1.63s
  round  22/50: acc=0.9309  f1m=0.9308  uplink_kB=150.2  t=1.66s
  round  23/50: acc=0.9299  f1m=0.9298  uplink_kB=150.2  t=1.67s
  round  24/50: acc=0.9302  f1m=0.9301  uplink_kB=150.2  t=1.69s
  round  25/50: acc=0.9300  f1m=0.9299  uplink_kB=150.2  t=1.68s
  round  26/50: acc=0.9299  f1m=0.9298  uplink_kB=150.2  t=1.65s
  round  27/50: acc=0.9488  f1m=0.9488  uplink_kB=150.2  t=1.69s
  round  28/50: acc=0.9484  f1m=0.9484  uplink_kB=150.2  t=1.68s
  round  29/50: acc=0.9480  f1m=0.9480  uplink_kB=150.2  t=1.60s
  round  30/50: acc=0.9489  f1m=0.9489  uplink_kB=150.2  t=1.64s
  round  31/50: acc=0.9487  f1m=0.9487  uplink_kB=150.2  t=1.64s
  round  32/50: acc=0.9537  f1m=0.9537  uplink_kB=150.2  t=1.68s
  round  33/50: acc=0.9539  f1m=0.9539  uplink_kB=150.2  t=1.64s
  round  34/50: acc=0.9539  f1m=0.9539  uplink_kB=150.2  t=1.66s
  round  35/50: acc=0.9555  f1m=0.9555  uplink_kB=150.2  t=1.66s
  round  36/50: acc=0.9556  f1m=0.9555  uplink_kB=150.2  t=1.67s
  round  37/50: acc=0.9559  f1m=0.9559  uplink_kB=150.2  t=1.59s
  round  38/50: acc=0.9557  f1m=0.9557  uplink_kB=150.2  t=1.66s
  round  39/50: acc=0.9564  f1m=0.9564  uplink_kB=150.2  t=1.66s
  round  40/50: acc=0.9564  f1m=0.9564  uplink_kB=150.2  t=1.63s
  round  41/50: acc=0.9568  f1m=0.9568  uplink_kB=150.2  t=1.65s
  round  42/50: acc=0.9568  f1m=0.9568  uplink_kB=150.2  t=1.67s
  round  43/50: acc=0.9571  f1m=0.9570  uplink_kB=150.2  t=1.70s
  round  44/50: acc=0.9571  f1m=0.9571  uplink_kB=150.2  t=1.70s
  round  45/50: acc=0.9571  f1m=0.9571  uplink_kB=150.2  t=1.59s
  round  46/50: acc=0.9569  f1m=0.9569  uplink_kB=150.2  t=1.71s
  round  47/50: acc=0.9567  f1m=0.9566  uplink_kB=150.2  t=1.77s
  round  48/50: acc=0.9628  f1m=0.9628  uplink_kB=150.2  t=1.71s
  round  49/50: acc=0.9628  f1m=0.9628  uplink_kB=150.2  t=1.71s
  round  50/50: acc=0.9631  f1m=0.9631  uplink_kB=150.2  t=1.67s
[run] DONE -> /Users/agentra/Documents/hao/working/paper-lab/hao-paper-2026/iotj-fedkan-ids/repo/results/lrsweep_cseciic/lrsweep_kan8_lr0p0003__dir0.1__seed31/metrics.json  final_acc=0.9631
