[run] device=cpu  seed=11  out=/Users/agentra/Documents/hao/working/paper-lab/hao-paper-2026/iotj-fedkan-ids/repo/results/lrsweep_toniot/lrsweep_kan8_lr0p003__dir0.1__seed11
[run] model=kan  params=3,280
  round   1/50: acc=0.5000  f1m=0.3333  uplink_kB=150.2  t=2.12s
  round   2/50: acc=0.5011  f1m=0.3358  uplink_kB=150.2  t=1.67s
  round   3/50: acc=0.5079  f1m=0.3508  uplink_kB=150.2  t=1.73s
  round   4/50: acc=0.5132  f1m=0.3621  uplink_kB=150.2  t=1.65s
  round   5/50: acc=0.5139  f1m=0.3637  uplink_kB=150.2  t=1.59s
  round   6/50: acc=0.5152  f1m=0.3673  uplink_kB=150.2  t=1.62s
  round   7/50: acc=0.5167  f1m=0.3709  uplink_kB=150.2  t=1.54s
  round   8/50: acc=0.5162  f1m=0.3716  uplink_kB=150.2  t=1.66s
  round   9/50: acc=0.5158  f1m=0.3726  uplink_kB=150.2  t=1.63s
  round  10/50: acc=0.5149  f1m=0.3792  uplink_kB=150.2  t=1.60s
  round  11/50: acc=0.5177  f1m=0.3957  uplink_kB=150.2  t=1.60s
  round  12/50: acc=0.5175  f1m=0.3951  uplink_kB=150.2  t=1.55s
  round  13/50: acc=0.5194  f1m=0.4024  uplink_kB=150.2  t=1.61s
  round  14/50: acc=0.5152  f1m=0.3952  uplink_kB=150.2  t=1.61s
  round  15/50: acc=0.5101  f1m=0.3908  uplink_kB=150.2  t=1.62s
  round  16/50: acc=0.5100  f1m=0.3870  uplink_kB=150.2  t=1.62s
  round  17/50: acc=0.5094  f1m=0.3891  uplink_kB=150.2  t=1.64s
  round  18/50: acc=0.4989  f1m=0.3837  uplink_kB=150.2  t=1.58s
  round  19/50: acc=0.5230  f1m=0.4446  uplink_kB=150.2  t=1.65s
  round  20/50: acc=0.4918  f1m=0.3881  uplink_kB=150.2  t=1.62s
  round  21/50: acc=0.4911  f1m=0.3838  uplink_kB=150.2  t=1.61s
  round  22/50: acc=0.5032  f1m=0.4156  uplink_kB=150.2  t=1.64s
  round  23/50: acc=0.5187  f1m=0.4393  uplink_kB=150.2  t=1.59s
  round  24/50: acc=0.5209  f1m=0.4436  uplink_kB=150.2  t=1.65s
  round  25/50: acc=0.5196  f1m=0.4448  uplink_kB=150.2  t=1.58s
  round  26/50: acc=0.5350  f1m=0.4821  uplink_kB=150.2  t=1.62s
  round  27/50: acc=0.5339  f1m=0.4736  uplink_kB=150.2  t=1.64s
  round  28/50: acc=0.5548  f1m=0.5143  uplink_kB=150.2  t=1.62s
  round  29/50: acc=0.5944  f1m=0.5718  uplink_kB=150.2  t=1.63s
  round  30/50: acc=0.5734  f1m=0.5380  uplink_kB=150.2  t=1.62s
  round  31/50: acc=0.5746  f1m=0.5363  uplink_kB=150.2  t=1.58s
  round  32/50: acc=0.5682  f1m=0.5228  uplink_kB=150.2  t=1.64s
  round  33/50: acc=0.5810  f1m=0.5455  uplink_kB=150.2  t=1.61s
  round  34/50: acc=0.5903  f1m=0.5654  uplink_kB=150.2  t=1.63s
  round  35/50: acc=0.5982  f1m=0.5729  uplink_kB=150.2  t=1.63s
  round  36/50: acc=0.6070  f1m=0.5837  uplink_kB=150.2  t=1.58s
  round  37/50: acc=0.6164  f1m=0.5957  uplink_kB=150.2  t=1.64s
  round  38/50: acc=0.6246  f1m=0.6067  uplink_kB=150.2  t=1.57s
  round  39/50: acc=0.6188  f1m=0.5980  uplink_kB=150.2  t=1.65s
  round  40/50: acc=0.6204  f1m=0.6014  uplink_kB=150.2  t=1.63s
  round  41/50: acc=0.6592  f1m=0.6474  uplink_kB=150.2  t=1.62s
  round  42/50: acc=0.6228  f1m=0.6022  uplink_kB=150.2  t=1.63s
  round  43/50: acc=0.6058  f1m=0.6042  uplink_kB=150.2  t=1.68s
  round  44/50: acc=0.6250  f1m=0.6048  uplink_kB=150.2  t=1.66s
  round  45/50: acc=0.6659  f1m=0.6569  uplink_kB=150.2  t=1.85s
  round  46/50: acc=0.6708  f1m=0.6631  uplink_kB=150.2  t=1.88s
  round  47/50: acc=0.6199  f1m=0.5996  uplink_kB=150.2  t=1.66s
  round  48/50: acc=0.6566  f1m=0.6444  uplink_kB=150.2  t=1.66s
  round  49/50: acc=0.6540  f1m=0.6402  uplink_kB=150.2  t=1.67s
  round  50/50: acc=0.6570  f1m=0.6444  uplink_kB=150.2  t=1.78s
[run] DONE -> /Users/agentra/Documents/hao/working/paper-lab/hao-paper-2026/iotj-fedkan-ids/repo/results/lrsweep_toniot/lrsweep_kan8_lr0p003__dir0.1__seed11/metrics.json  final_acc=0.6570
