[run] device=cpu  seed=29  out=/Users/agentra/Documents/hao/working/paper-lab/hao-paper-2026/iotj-fedkan-ids/repo/results/lrsweep_cseciic_mc/lrsweep_kan8_lr0p1__dir0.1__seed29
[run] model=kan  params=4,320
  round   1/50: acc=0.4040  f1m=0.1479  uplink_kB=190.8  t=6.35s
  round   2/50: acc=0.4550  f1m=0.2389  uplink_kB=190.8  t=5.46s
  round   3/50: acc=0.4116  f1m=0.2564  uplink_kB=190.8  t=5.33s
  round   4/50: acc=0.2912  f1m=0.1463  uplink_kB=190.8  t=5.35s
  round   5/50: acc=0.4571  f1m=0.2693  uplink_kB=190.8  t=5.39s
  round   6/50: acc=0.2497  f1m=0.0987  uplink_kB=190.8  t=5.32s
  round   7/50: acc=0.4292  f1m=0.1732  uplink_kB=190.8  t=5.27s
  round   8/50: acc=0.4072  f1m=0.1648  uplink_kB=190.8  t=5.42s
  round   9/50: acc=0.2439  f1m=0.0909  uplink_kB=190.8  t=5.38s
  round  10/50: acc=0.3466  f1m=0.1725  uplink_kB=190.8  t=5.25s
  round  11/50: acc=0.3533  f1m=0.1234  uplink_kB=190.8  t=5.36s
  round  12/50: acc=0.2989  f1m=0.1172  uplink_kB=190.8  t=5.39s
  round  13/50: acc=0.3646  f1m=0.1506  uplink_kB=190.8  t=5.67s
  round  14/50: acc=0.4261  f1m=0.1520  uplink_kB=190.8  t=5.33s
  round  15/50: acc=0.3173  f1m=0.1033  uplink_kB=190.8  t=5.48s
  round  16/50: acc=0.1598  f1m=0.0829  uplink_kB=190.8  t=5.40s
  round  17/50: acc=0.1457  f1m=0.0714  uplink_kB=190.8  t=5.43s
  round  18/50: acc=0.1457  f1m=0.0714  uplink_kB=190.8  t=5.39s
  round  19/50: acc=0.1456  f1m=0.0714  uplink_kB=190.8  t=5.35s
  round  20/50: acc=0.1457  f1m=0.0714  uplink_kB=190.8  t=5.23s
  round  21/50: acc=0.1456  f1m=0.0714  uplink_kB=190.8  t=5.21s
  round  22/50: acc=0.1457  f1m=0.0713  uplink_kB=190.8  t=5.33s
  round  23/50: acc=0.1959  f1m=0.0894  uplink_kB=190.8  t=5.34s
  round  24/50: acc=0.2641  f1m=0.1062  uplink_kB=190.8  t=5.31s
  round  25/50: acc=0.2499  f1m=0.0845  uplink_kB=190.8  t=5.32s
  round  26/50: acc=0.3577  f1m=0.1420  uplink_kB=190.8  t=5.30s
  round  27/50: acc=0.4042  f1m=0.1451  uplink_kB=190.8  t=5.28s
  round  28/50: acc=0.4038  f1m=0.1375  uplink_kB=190.8  t=5.31s
  round  29/50: acc=0.4022  f1m=0.1340  uplink_kB=190.8  t=5.35s
  round  30/50: acc=0.3935  f1m=0.1300  uplink_kB=190.8  t=5.38s
  round  31/50: acc=0.3960  f1m=0.1308  uplink_kB=190.8  t=5.29s
  round  32/50: acc=0.4043  f1m=0.1454  uplink_kB=190.8  t=5.31s
  round  33/50: acc=0.4318  f1m=0.1653  uplink_kB=190.8  t=5.29s
  round  34/50: acc=0.4043  f1m=0.1401  uplink_kB=190.8  t=5.26s
  round  35/50: acc=0.4035  f1m=0.1369  uplink_kB=190.8  t=5.35s
  round  36/50: acc=0.4042  f1m=0.1449  uplink_kB=190.8  t=5.25s
  round  37/50: acc=0.4033  f1m=0.1429  uplink_kB=190.8  t=5.46s
  round  38/50: acc=0.2499  f1m=0.0845  uplink_kB=190.8  t=5.33s
  round  39/50: acc=0.3973  f1m=0.1344  uplink_kB=190.8  t=5.26s
  round  40/50: acc=0.3892  f1m=0.1332  uplink_kB=190.8  t=5.31s
  round  41/50: acc=0.4035  f1m=0.1398  uplink_kB=190.8  t=5.34s
  round  42/50: acc=0.2517  f1m=0.0866  uplink_kB=190.8  t=5.28s
  round  43/50: acc=0.3022  f1m=0.0770  uplink_kB=190.8  t=5.31s
  round  44/50: acc=0.2607  f1m=0.0802  uplink_kB=190.8  t=5.25s
  round  45/50: acc=0.3040  f1m=0.0833  uplink_kB=190.8  t=5.29s
  round  46/50: acc=0.1890  f1m=0.0542  uplink_kB=190.8  t=5.27s
  round  47/50: acc=0.2778  f1m=0.0714  uplink_kB=190.8  t=5.29s
  round  48/50: acc=0.3035  f1m=0.0777  uplink_kB=190.8  t=5.28s
  round  49/50: acc=0.2788  f1m=0.0749  uplink_kB=190.8  t=5.31s
  round  50/50: acc=0.2730  f1m=0.0705  uplink_kB=190.8  t=5.32s
[run] DONE -> /Users/agentra/Documents/hao/working/paper-lab/hao-paper-2026/iotj-fedkan-ids/repo/results/lrsweep_cseciic_mc/lrsweep_kan8_lr0p1__dir0.1__seed29/metrics.json  final_acc=0.2730
