[run] device=cpu  seed=42  out=/Users/agentra/Documents/hao/working/paper-lab/hao-paper-2026/iotj-fedkan-ids/repo/results/lrsweep_botiot/lrsweep_kan16_lr0p1__dir0.1__seed42
[run] model=kan  params=6,560
  round   1/50: acc=0.9131  f1m=0.9130  uplink_kB=282.0  t=2.44s
  round   2/50: acc=0.9323  f1m=0.9323  uplink_kB=282.0  t=1.94s
  round   3/50: acc=0.9650  f1m=0.9650  uplink_kB=282.0  t=1.92s
  round   4/50: acc=0.9674  f1m=0.9673  uplink_kB=282.0  t=1.88s
  round   5/50: acc=0.5077  f1m=0.3521  uplink_kB=282.0  t=1.92s
  round   6/50: acc=0.9647  f1m=0.9647  uplink_kB=282.0  t=1.80s
  round   7/50: acc=0.8218  f1m=0.8158  uplink_kB=282.0  t=1.84s
  round   8/50: acc=0.9685  f1m=0.9685  uplink_kB=282.0  t=1.88s
  round   9/50: acc=0.9670  f1m=0.9670  uplink_kB=282.0  t=1.88s
  round  10/50: acc=0.9712  f1m=0.9712  uplink_kB=282.0  t=1.86s
  round  11/50: acc=0.9705  f1m=0.9704  uplink_kB=282.0  t=1.90s
  round  12/50: acc=0.9726  f1m=0.9725  uplink_kB=282.0  t=1.83s
  round  13/50: acc=0.9726  f1m=0.9726  uplink_kB=282.0  t=1.90s
  round  14/50: acc=0.9724  f1m=0.9724  uplink_kB=282.0  t=1.86s
  round  15/50: acc=0.9725  f1m=0.9725  uplink_kB=282.0  t=1.84s
  round  16/50: acc=0.9726  f1m=0.9726  uplink_kB=282.0  t=1.92s
  round  17/50: acc=0.9726  f1m=0.9725  uplink_kB=282.0  t=1.86s
  round  18/50: acc=0.9725  f1m=0.9725  uplink_kB=282.0  t=1.80s
  round  19/50: acc=0.9725  f1m=0.9725  uplink_kB=282.0  t=1.90s
  round  20/50: acc=0.9726  f1m=0.9726  uplink_kB=282.0  t=1.90s
  round  21/50: acc=0.9724  f1m=0.9724  uplink_kB=282.0  t=1.94s
  round  22/50: acc=0.9725  f1m=0.9725  uplink_kB=282.0  t=1.88s
  round  23/50: acc=0.9725  f1m=0.9725  uplink_kB=282.0  t=1.92s
  round  24/50: acc=0.9725  f1m=0.9725  uplink_kB=282.0  t=1.96s
  round  25/50: acc=0.9724  f1m=0.9724  uplink_kB=282.0  t=1.84s
  round  26/50: acc=0.9726  f1m=0.9726  uplink_kB=282.0  t=1.94s
  round  27/50: acc=0.9726  f1m=0.9725  uplink_kB=282.0  t=1.91s
  round  28/50: acc=0.9724  f1m=0.9724  uplink_kB=282.0  t=1.96s
  round  29/50: acc=0.9726  f1m=0.9726  uplink_kB=282.0  t=1.95s
  round  30/50: acc=0.9726  f1m=0.9726  uplink_kB=282.0  t=1.98s
  round  31/50: acc=0.9723  f1m=0.9723  uplink_kB=282.0  t=1.90s
  round  32/50: acc=0.9719  f1m=0.9719  uplink_kB=282.0  t=1.88s
  round  33/50: acc=0.9722  f1m=0.9722  uplink_kB=282.0  t=1.99s
  round  34/50: acc=0.9722  f1m=0.9722  uplink_kB=282.0  t=1.91s
  round  35/50: acc=0.9721  f1m=0.9721  uplink_kB=282.0  t=1.94s
  round  36/50: acc=0.9083  f1m=0.9076  uplink_kB=282.0  t=1.90s
  round  37/50: acc=0.8346  f1m=0.8318  uplink_kB=282.0  t=1.87s
  round  38/50: acc=0.9717  f1m=0.9717  uplink_kB=282.0  t=1.95s
  round  39/50: acc=0.9711  f1m=0.9711  uplink_kB=282.0  t=1.85s
  round  40/50: acc=0.9721  f1m=0.9721  uplink_kB=282.0  t=1.94s
  round  41/50: acc=0.9730  f1m=0.9730  uplink_kB=282.0  t=1.91s
  round  42/50: acc=0.9723  f1m=0.9723  uplink_kB=282.0  t=1.91s
  round  43/50: acc=0.9733  f1m=0.9733  uplink_kB=282.0  t=1.95s
  round  44/50: acc=0.9725  f1m=0.9725  uplink_kB=282.0  t=1.88s
  round  45/50: acc=0.9183  f1m=0.9178  uplink_kB=282.0  t=1.91s
  round  46/50: acc=0.9721  f1m=0.9721  uplink_kB=282.0  t=1.88s
  round  47/50: acc=0.8532  f1m=0.8499  uplink_kB=282.0  t=2.05s
  round  48/50: acc=0.9722  f1m=0.9721  uplink_kB=282.0  t=1.94s
  round  49/50: acc=0.9712  f1m=0.9712  uplink_kB=282.0  t=1.89s
  round  50/50: acc=0.9165  f1m=0.9159  uplink_kB=282.0  t=1.89s
[run] DONE -> /Users/agentra/Documents/hao/working/paper-lab/hao-paper-2026/iotj-fedkan-ids/repo/results/lrsweep_botiot/lrsweep_kan16_lr0p1__dir0.1__seed42/metrics.json  final_acc=0.9165
