[run] device=cpu  seed=2026  out=/Users/agentra/Documents/hao/working/paper-lab/hao-paper-2026/iotj-fedkan-ids/repo/results/lrsweep_cseciic_mc/lrsweep_kan8_lr0p001__dir0.1__seed2026
[run] model=kan  params=4,320
  round   1/50: acc=0.2719  f1m=0.0841  uplink_kB=190.8  t=6.22s
  round   2/50: acc=0.3555  f1m=0.1010  uplink_kB=190.8  t=6.65s
  round   3/50: acc=0.2640  f1m=0.0746  uplink_kB=190.8  t=6.18s
  round   4/50: acc=0.4061  f1m=0.1355  uplink_kB=190.8  t=5.53s
  round   5/50: acc=0.4239  f1m=0.1370  uplink_kB=190.8  t=5.50s
  round   6/50: acc=0.4259  f1m=0.1277  uplink_kB=190.8  t=5.50s
  round   7/50: acc=0.4594  f1m=0.1871  uplink_kB=190.8  t=5.62s
  round   8/50: acc=0.4710  f1m=0.1992  uplink_kB=190.8  t=5.66s
  round   9/50: acc=0.5760  f1m=0.2654  uplink_kB=190.8  t=5.48s
  round  10/50: acc=0.5793  f1m=0.2652  uplink_kB=190.8  t=5.63s
  round  11/50: acc=0.5813  f1m=0.2685  uplink_kB=190.8  t=5.57s
  round  12/50: acc=0.6212  f1m=0.3306  uplink_kB=190.8  t=5.66s
  round  13/50: acc=0.6218  f1m=0.3280  uplink_kB=190.8  t=5.61s
  round  14/50: acc=0.6129  f1m=0.3100  uplink_kB=190.8  t=5.65s
  round  15/50: acc=0.6233  f1m=0.3177  uplink_kB=190.8  t=5.47s
  round  16/50: acc=0.6888  f1m=0.4186  uplink_kB=190.8  t=6.02s
  round  17/50: acc=0.7329  f1m=0.5115  uplink_kB=190.8  t=5.55s
  round  18/50: acc=0.7101  f1m=0.4274  uplink_kB=190.8  t=5.66s
  round  19/50: acc=0.7401  f1m=0.4874  uplink_kB=190.8  t=5.66s
  round  20/50: acc=0.7591  f1m=0.4955  uplink_kB=190.8  t=5.53s
  round  21/50: acc=0.7667  f1m=0.5006  uplink_kB=190.8  t=5.47s
  round  22/50: acc=0.7673  f1m=0.5017  uplink_kB=190.8  t=5.47s
  round  23/50: acc=0.7682  f1m=0.5033  uplink_kB=190.8  t=5.54s
  round  24/50: acc=0.7671  f1m=0.5051  uplink_kB=190.8  t=5.80s
  round  25/50: acc=0.7679  f1m=0.5057  uplink_kB=190.8  t=5.55s
  round  26/50: acc=0.7702  f1m=0.5099  uplink_kB=190.8  t=5.48s
  round  27/50: acc=0.7705  f1m=0.5112  uplink_kB=190.8  t=5.46s
  round  28/50: acc=0.7728  f1m=0.5170  uplink_kB=190.8  t=5.67s
  round  29/50: acc=0.7745  f1m=0.5228  uplink_kB=190.8  t=5.54s
  round  30/50: acc=0.7749  f1m=0.5268  uplink_kB=190.8  t=5.41s
  round  31/50: acc=0.7764  f1m=0.5319  uplink_kB=190.8  t=5.52s
  round  32/50: acc=0.7770  f1m=0.5368  uplink_kB=190.8  t=5.54s
  round  33/50: acc=0.7807  f1m=0.5422  uplink_kB=190.8  t=5.49s
  round  34/50: acc=0.7834  f1m=0.5464  uplink_kB=190.8  t=5.50s
  round  35/50: acc=0.7859  f1m=0.5510  uplink_kB=190.8  t=5.54s
  round  36/50: acc=0.7877  f1m=0.5548  uplink_kB=190.8  t=5.51s
  round  37/50: acc=0.7903  f1m=0.5664  uplink_kB=190.8  t=5.48s
  round  38/50: acc=0.7937  f1m=0.5753  uplink_kB=190.8  t=5.45s
  round  39/50: acc=0.8019  f1m=0.6069  uplink_kB=190.8  t=5.51s
  round  40/50: acc=0.8042  f1m=0.6112  uplink_kB=190.8  t=5.62s
  round  41/50: acc=0.8194  f1m=0.6533  uplink_kB=190.8  t=5.48s
  round  42/50: acc=0.8075  f1m=0.6169  uplink_kB=190.8  t=5.62s
  round  43/50: acc=0.8145  f1m=0.6355  uplink_kB=190.8  t=5.38s
  round  44/50: acc=0.8065  f1m=0.6028  uplink_kB=190.8  t=5.43s
  round  45/50: acc=0.8190  f1m=0.6409  uplink_kB=190.8  t=5.59s
  round  46/50: acc=0.8159  f1m=0.6279  uplink_kB=190.8  t=5.33s
  round  47/50: acc=0.8128  f1m=0.6094  uplink_kB=190.8  t=5.48s
  round  48/50: acc=0.8265  f1m=0.6515  uplink_kB=190.8  t=5.54s
  round  49/50: acc=0.8235  f1m=0.6352  uplink_kB=190.8  t=5.55s
  round  50/50: acc=0.8182  f1m=0.6075  uplink_kB=190.8  t=5.41s
[run] DONE -> /Users/agentra/Documents/hao/working/paper-lab/hao-paper-2026/iotj-fedkan-ids/repo/results/lrsweep_cseciic_mc/lrsweep_kan8_lr0p001__dir0.1__seed2026/metrics.json  final_acc=0.8182
