[run] device=cpu  seed=29  out=/Users/agentra/Documents/hao/working/paper-lab/hao-paper-2026/iotj-fedkan-ids/repo/results/lrsweep_cseciic_mc/lrsweep_kan16_lr0p0003__dir0.1__seed29
[run] model=kan  params=8,640
  round   1/50: acc=0.1571  f1m=0.0306  uplink_kB=363.3  t=7.07s
  round   2/50: acc=0.1824  f1m=0.0522  uplink_kB=363.3  t=6.31s
  round   3/50: acc=0.2083  f1m=0.0754  uplink_kB=363.3  t=6.31s
  round   4/50: acc=0.4378  f1m=0.1652  uplink_kB=363.3  t=6.36s
  round   5/50: acc=0.3930  f1m=0.1283  uplink_kB=363.3  t=6.26s
  round   6/50: acc=0.3809  f1m=0.1138  uplink_kB=363.3  t=6.54s
  round   7/50: acc=0.3848  f1m=0.1269  uplink_kB=363.3  t=6.43s
  round   8/50: acc=0.3944  f1m=0.1346  uplink_kB=363.3  t=6.67s
  round   9/50: acc=0.3958  f1m=0.1349  uplink_kB=363.3  t=6.62s
  round  10/50: acc=0.3973  f1m=0.1362  uplink_kB=363.3  t=6.59s
  round  11/50: acc=0.4027  f1m=0.1393  uplink_kB=363.3  t=6.45s
  round  12/50: acc=0.4037  f1m=0.1399  uplink_kB=363.3  t=6.37s
  round  13/50: acc=0.4059  f1m=0.1424  uplink_kB=363.3  t=6.60s
  round  14/50: acc=0.4095  f1m=0.1485  uplink_kB=363.3  t=6.32s
  round  15/50: acc=0.4119  f1m=0.1493  uplink_kB=363.3  t=6.16s
  round  16/50: acc=0.4471  f1m=0.2073  uplink_kB=363.3  t=6.23s
  round  17/50: acc=0.4481  f1m=0.2082  uplink_kB=363.3  t=6.28s
  round  18/50: acc=0.4575  f1m=0.2166  uplink_kB=363.3  t=6.19s
  round  19/50: acc=0.4775  f1m=0.2341  uplink_kB=363.3  t=6.09s
  round  20/50: acc=0.4984  f1m=0.2496  uplink_kB=363.3  t=6.22s
  round  21/50: acc=0.5072  f1m=0.2554  uplink_kB=363.3  t=6.28s
  round  22/50: acc=0.5179  f1m=0.2616  uplink_kB=363.3  t=6.44s
  round  23/50: acc=0.5201  f1m=0.2632  uplink_kB=363.3  t=6.24s
  round  24/50: acc=0.5221  f1m=0.2645  uplink_kB=363.3  t=6.16s
  round  25/50: acc=0.5190  f1m=0.2627  uplink_kB=363.3  t=6.23s
  round  26/50: acc=0.5983  f1m=0.3108  uplink_kB=363.3  t=6.34s
  round  27/50: acc=0.5982  f1m=0.3104  uplink_kB=363.3  t=6.23s
  round  28/50: acc=0.6024  f1m=0.3143  uplink_kB=363.3  t=6.25s
  round  29/50: acc=0.6041  f1m=0.3191  uplink_kB=363.3  t=6.28s
  round  30/50: acc=0.6021  f1m=0.3181  uplink_kB=363.3  t=6.05s
  round  31/50: acc=0.6065  f1m=0.3595  uplink_kB=363.3  t=6.14s
  round  32/50: acc=0.6040  f1m=0.3695  uplink_kB=363.3  t=6.17s
  round  33/50: acc=0.6020  f1m=0.3782  uplink_kB=363.3  t=6.28s
  round  34/50: acc=0.5930  f1m=0.3712  uplink_kB=363.3  t=6.14s
  round  35/50: acc=0.5893  f1m=0.3694  uplink_kB=363.3  t=6.18s
  round  36/50: acc=0.5954  f1m=0.4018  uplink_kB=363.3  t=6.21s
  round  37/50: acc=0.6004  f1m=0.4168  uplink_kB=363.3  t=6.28s
  round  38/50: acc=0.6117  f1m=0.4389  uplink_kB=363.3  t=6.12s
  round  39/50: acc=0.6339  f1m=0.4477  uplink_kB=363.3  t=6.15s
  round  40/50: acc=0.6380  f1m=0.4494  uplink_kB=363.3  t=6.17s
  round  41/50: acc=0.6397  f1m=0.4504  uplink_kB=363.3  t=6.26s
  round  42/50: acc=0.6453  f1m=0.4527  uplink_kB=363.3  t=6.13s
  round  43/50: acc=0.6487  f1m=0.4659  uplink_kB=363.3  t=6.22s
  round  44/50: acc=0.6488  f1m=0.4656  uplink_kB=363.3  t=6.16s
  round  45/50: acc=0.6691  f1m=0.4944  uplink_kB=363.3  t=6.18s
  round  46/50: acc=0.6691  f1m=0.4940  uplink_kB=363.3  t=6.18s
  round  47/50: acc=0.6681  f1m=0.4899  uplink_kB=363.3  t=6.15s
  round  48/50: acc=0.6680  f1m=0.4897  uplink_kB=363.3  t=6.10s
  round  49/50: acc=0.6680  f1m=0.4900  uplink_kB=363.3  t=6.23s
  round  50/50: acc=0.6678  f1m=0.4897  uplink_kB=363.3  t=6.02s
[run] DONE -> /Users/agentra/Documents/hao/working/paper-lab/hao-paper-2026/iotj-fedkan-ids/repo/results/lrsweep_cseciic_mc/lrsweep_kan16_lr0p0003__dir0.1__seed29/metrics.json  final_acc=0.6678
