[run] device=cpu  seed=117  out=/Users/agentra/Documents/hao/working/paper-lab/hao-paper-2026/iotj-fedkan-ids/repo/results/lrsweep_cseciic/lrsweep_kan8_lr0p003__dir0.1__seed117
[run] model=kan  params=3,280
  round   1/50: acc=0.8131  f1m=0.8096  uplink_kB=150.2  t=2.67s
  round   2/50: acc=0.7461  f1m=0.7349  uplink_kB=150.2  t=2.00s
  round   3/50: acc=0.7461  f1m=0.7349  uplink_kB=150.2  t=1.92s
  round   4/50: acc=0.7458  f1m=0.7343  uplink_kB=150.2  t=1.92s
  round   5/50: acc=0.7495  f1m=0.7386  uplink_kB=150.2  t=1.97s
  round   6/50: acc=0.7602  f1m=0.7510  uplink_kB=150.2  t=1.91s
  round   7/50: acc=0.7647  f1m=0.7561  uplink_kB=150.2  t=1.88s
  round   8/50: acc=0.7727  f1m=0.7650  uplink_kB=150.2  t=1.89s
  round   9/50: acc=0.7847  f1m=0.7784  uplink_kB=150.2  t=1.91s
  round  10/50: acc=0.7971  f1m=0.7921  uplink_kB=150.2  t=1.89s
  round  11/50: acc=0.8093  f1m=0.8054  uplink_kB=150.2  t=1.95s
  round  12/50: acc=0.8218  f1m=0.8188  uplink_kB=150.2  t=1.88s
  round  13/50: acc=0.8375  f1m=0.8354  uplink_kB=150.2  t=1.82s
  round  14/50: acc=0.8729  f1m=0.8721  uplink_kB=150.2  t=1.96s
  round  15/50: acc=0.8732  f1m=0.8725  uplink_kB=150.2  t=1.92s
  round  16/50: acc=0.8738  f1m=0.8731  uplink_kB=150.2  t=1.92s
  round  17/50: acc=0.8815  f1m=0.8809  uplink_kB=150.2  t=1.89s
  round  18/50: acc=0.8825  f1m=0.8819  uplink_kB=150.2  t=1.92s
  round  19/50: acc=0.8813  f1m=0.8808  uplink_kB=150.2  t=1.83s
  round  20/50: acc=0.8834  f1m=0.8829  uplink_kB=150.2  t=1.90s
  round  21/50: acc=0.8802  f1m=0.8797  uplink_kB=150.2  t=1.86s
  round  22/50: acc=0.8833  f1m=0.8828  uplink_kB=150.2  t=1.80s
  round  23/50: acc=0.8861  f1m=0.8857  uplink_kB=150.2  t=1.84s
  round  24/50: acc=0.8893  f1m=0.8889  uplink_kB=150.2  t=1.80s
  round  25/50: acc=0.8861  f1m=0.8856  uplink_kB=150.2  t=1.75s
  round  26/50: acc=0.8865  f1m=0.8860  uplink_kB=150.2  t=1.84s
  round  27/50: acc=0.8847  f1m=0.8842  uplink_kB=150.2  t=1.84s
  round  28/50: acc=0.8864  f1m=0.8860  uplink_kB=150.2  t=1.79s
  round  29/50: acc=0.8888  f1m=0.8884  uplink_kB=150.2  t=1.81s
  round  30/50: acc=0.8892  f1m=0.8887  uplink_kB=150.2  t=1.82s
  round  31/50: acc=0.8923  f1m=0.8919  uplink_kB=150.2  t=1.78s
  round  32/50: acc=0.8899  f1m=0.8895  uplink_kB=150.2  t=1.86s
  round  33/50: acc=0.8897  f1m=0.8893  uplink_kB=150.2  t=1.79s
  round  34/50: acc=0.8875  f1m=0.8871  uplink_kB=150.2  t=1.85s
  round  35/50: acc=0.8933  f1m=0.8930  uplink_kB=150.2  t=1.78s
  round  36/50: acc=0.8945  f1m=0.8942  uplink_kB=150.2  t=1.82s
  round  37/50: acc=0.8924  f1m=0.8920  uplink_kB=150.2  t=1.81s
  round  38/50: acc=0.8900  f1m=0.8896  uplink_kB=150.2  t=1.79s
  round  39/50: acc=0.8923  f1m=0.8920  uplink_kB=150.2  t=1.79s
  round  40/50: acc=0.8922  f1m=0.8919  uplink_kB=150.2  t=1.74s
  round  41/50: acc=0.8891  f1m=0.8887  uplink_kB=150.2  t=1.84s
  round  42/50: acc=0.8903  f1m=0.8899  uplink_kB=150.2  t=1.80s
  round  43/50: acc=0.8931  f1m=0.8928  uplink_kB=150.2  t=1.81s
  round  44/50: acc=0.8942  f1m=0.8939  uplink_kB=150.2  t=1.78s
  round  45/50: acc=0.8940  f1m=0.8936  uplink_kB=150.2  t=1.86s
  round  46/50: acc=0.8902  f1m=0.8898  uplink_kB=150.2  t=1.84s
  round  47/50: acc=0.8868  f1m=0.8863  uplink_kB=150.2  t=1.81s
  round  48/50: acc=0.8947  f1m=0.8944  uplink_kB=150.2  t=1.75s
  round  49/50: acc=0.8828  f1m=0.8823  uplink_kB=150.2  t=1.81s
  round  50/50: acc=0.8840  f1m=0.8835  uplink_kB=150.2  t=1.83s
[run] DONE -> /Users/agentra/Documents/hao/working/paper-lab/hao-paper-2026/iotj-fedkan-ids/repo/results/lrsweep_cseciic/lrsweep_kan8_lr0p003__dir0.1__seed117/metrics.json  final_acc=0.8840
