[run] device=cpu  seed=17  out=/Users/agentra/Documents/hao/working/paper-lab/hao-paper-2026/iotj-fedkan-ids/repo/results/lrsweep_cseciic_mc50k/lrsweep_mlp32_lr0p003__dir0.1__seed17
[run] model=mlp  params=1,775
  round   1/50: acc=0.3085  f1m=0.0953  uplink_kB=69.3  t=1.55s
  round   2/50: acc=0.3703  f1m=0.1507  uplink_kB=69.3  t=1.01s
  round   3/50: acc=0.3707  f1m=0.1469  uplink_kB=69.3  t=1.06s
  round   4/50: acc=0.4374  f1m=0.1896  uplink_kB=69.3  t=1.03s
  round   5/50: acc=0.4997  f1m=0.2228  uplink_kB=69.3  t=1.02s
  round   6/50: acc=0.5252  f1m=0.2663  uplink_kB=69.3  t=1.02s
  round   7/50: acc=0.5688  f1m=0.3083  uplink_kB=69.3  t=1.14s
  round   8/50: acc=0.5721  f1m=0.3104  uplink_kB=69.3  t=1.02s
  round   9/50: acc=0.5759  f1m=0.3155  uplink_kB=69.3  t=1.06s
  round  10/50: acc=0.5805  f1m=0.3290  uplink_kB=69.3  t=1.02s
  round  11/50: acc=0.5845  f1m=0.3323  uplink_kB=69.3  t=1.05s
  round  12/50: acc=0.5898  f1m=0.3416  uplink_kB=69.3  t=0.99s
  round  13/50: acc=0.5907  f1m=0.3417  uplink_kB=69.3  t=1.08s
  round  14/50: acc=0.6403  f1m=0.4060  uplink_kB=69.3  t=1.03s
  round  15/50: acc=0.6409  f1m=0.4117  uplink_kB=69.3  t=0.99s
  round  16/50: acc=0.6459  f1m=0.4343  uplink_kB=69.3  t=1.06s
  round  17/50: acc=0.6438  f1m=0.4300  uplink_kB=69.3  t=1.08s
  round  18/50: acc=0.6438  f1m=0.4307  uplink_kB=69.3  t=0.98s
  round  19/50: acc=0.6555  f1m=0.4394  uplink_kB=69.3  t=1.07s
  round  20/50: acc=0.6558  f1m=0.4402  uplink_kB=69.3  t=1.01s
  round  21/50: acc=0.6558  f1m=0.4395  uplink_kB=69.3  t=1.10s
  round  22/50: acc=0.6559  f1m=0.4396  uplink_kB=69.3  t=1.02s
  round  23/50: acc=0.6568  f1m=0.4382  uplink_kB=69.3  t=1.06s
  round  24/50: acc=0.6572  f1m=0.4357  uplink_kB=69.3  t=1.02s
  round  25/50: acc=0.6590  f1m=0.4395  uplink_kB=69.3  t=1.06s
  round  26/50: acc=0.6658  f1m=0.4495  uplink_kB=69.3  t=1.03s
  round  27/50: acc=0.6617  f1m=0.4421  uplink_kB=69.3  t=1.04s
  round  28/50: acc=0.7455  f1m=0.5139  uplink_kB=69.3  t=0.98s
  round  29/50: acc=0.7422  f1m=0.5105  uplink_kB=69.3  t=1.04s
  round  30/50: acc=0.7469  f1m=0.5174  uplink_kB=69.3  t=1.02s
  round  31/50: acc=0.7467  f1m=0.5163  uplink_kB=69.3  t=1.06s
  round  32/50: acc=0.7479  f1m=0.5183  uplink_kB=69.3  t=1.04s
  round  33/50: acc=0.7483  f1m=0.5186  uplink_kB=69.3  t=1.09s
  round  34/50: acc=0.7479  f1m=0.5187  uplink_kB=69.3  t=1.02s
  round  35/50: acc=0.7533  f1m=0.5297  uplink_kB=69.3  t=1.08s
  round  36/50: acc=0.7483  f1m=0.5227  uplink_kB=69.3  t=1.00s
  round  37/50: acc=0.7519  f1m=0.5245  uplink_kB=69.3  t=1.04s
  round  38/50: acc=0.7503  f1m=0.5231  uplink_kB=69.3  t=1.02s
  round  39/50: acc=0.7516  f1m=0.5219  uplink_kB=69.3  t=1.04s
  round  40/50: acc=0.7527  f1m=0.5247  uplink_kB=69.3  t=1.01s
  round  41/50: acc=0.7519  f1m=0.5235  uplink_kB=69.3  t=1.07s
  round  42/50: acc=0.7548  f1m=0.5295  uplink_kB=69.3  t=0.99s
  round  43/50: acc=0.7535  f1m=0.5256  uplink_kB=69.3  t=1.07s
  round  44/50: acc=0.7596  f1m=0.5361  uplink_kB=69.3  t=1.03s
  round  45/50: acc=0.7600  f1m=0.5377  uplink_kB=69.3  t=1.09s
  round  46/50: acc=0.7616  f1m=0.5381  uplink_kB=69.3  t=1.04s
  round  47/50: acc=0.7582  f1m=0.5342  uplink_kB=69.3  t=1.06s
  round  48/50: acc=0.7544  f1m=0.5283  uplink_kB=69.3  t=1.10s
  round  49/50: acc=0.7586  f1m=0.5373  uplink_kB=69.3  t=1.05s
  round  50/50: acc=0.7670  f1m=0.5471  uplink_kB=69.3  t=1.08s
[run] DONE -> /Users/agentra/Documents/hao/working/paper-lab/hao-paper-2026/iotj-fedkan-ids/repo/results/lrsweep_cseciic_mc50k/lrsweep_mlp32_lr0p003__dir0.1__seed17/metrics.json  final_acc=0.7670
