[run] device=cpu  seed=11  out=/Users/agentra/Documents/hao/working/paper-lab/hao-paper-2026/iotj-fedkan-ids/repo/results/lrsweep_cseciic_mc/lrsweep_mlp32_lr0p03__dir0.1__seed11
[run] model=mlp  params=1,775
  round   1/50: acc=0.1780  f1m=0.0448  uplink_kB=69.3  t=3.38s
  round   2/50: acc=0.6074  f1m=0.2864  uplink_kB=69.3  t=2.57s
  round   3/50: acc=0.7437  f1m=0.3837  uplink_kB=69.3  t=2.14s
  round   4/50: acc=0.8281  f1m=0.5119  uplink_kB=69.3  t=2.10s
  round   5/50: acc=0.8290  f1m=0.5110  uplink_kB=69.3  t=2.09s
  round   6/50: acc=0.8079  f1m=0.5121  uplink_kB=69.3  t=2.15s
  round   7/50: acc=0.8384  f1m=0.5566  uplink_kB=69.3  t=2.11s
  round   8/50: acc=0.8053  f1m=0.5111  uplink_kB=69.3  t=2.12s
  round   9/50: acc=0.8330  f1m=0.5354  uplink_kB=69.3  t=2.19s
  round  10/50: acc=0.8255  f1m=0.5226  uplink_kB=69.3  t=2.10s
  round  11/50: acc=0.8437  f1m=0.5964  uplink_kB=69.3  t=2.15s
  round  12/50: acc=0.8427  f1m=0.6162  uplink_kB=69.3  t=2.09s
  round  13/50: acc=0.8455  f1m=0.6068  uplink_kB=69.3  t=2.08s
  round  14/50: acc=0.8395  f1m=0.6048  uplink_kB=69.3  t=2.12s
  round  15/50: acc=0.8504  f1m=0.6209  uplink_kB=69.3  t=2.61s
  round  16/50: acc=0.8574  f1m=0.6298  uplink_kB=69.3  t=2.90s
  round  17/50: acc=0.8523  f1m=0.6456  uplink_kB=69.3  t=2.71s
  round  18/50: acc=0.8552  f1m=0.6255  uplink_kB=69.3  t=2.14s
  round  19/50: acc=0.8499  f1m=0.6178  uplink_kB=69.3  t=2.11s
  round  20/50: acc=0.8503  f1m=0.6521  uplink_kB=69.3  t=2.13s
  round  21/50: acc=0.8457  f1m=0.6098  uplink_kB=69.3  t=2.13s
  round  22/50: acc=0.8539  f1m=0.6290  uplink_kB=69.3  t=2.12s
  round  23/50: acc=0.8536  f1m=0.6324  uplink_kB=69.3  t=2.13s
  round  24/50: acc=0.8522  f1m=0.6235  uplink_kB=69.3  t=2.11s
  round  25/50: acc=0.8495  f1m=0.6208  uplink_kB=69.3  t=2.22s
  round  26/50: acc=0.8563  f1m=0.6342  uplink_kB=69.3  t=2.35s
  round  27/50: acc=0.8576  f1m=0.6358  uplink_kB=69.3  t=2.18s
  round  28/50: acc=0.8552  f1m=0.6283  uplink_kB=69.3  t=2.09s
  round  29/50: acc=0.8566  f1m=0.6338  uplink_kB=69.3  t=2.13s
  round  30/50: acc=0.8472  f1m=0.6117  uplink_kB=69.3  t=2.15s
  round  31/50: acc=0.8485  f1m=0.6167  uplink_kB=69.3  t=2.07s
  round  32/50: acc=0.8477  f1m=0.6209  uplink_kB=69.3  t=2.05s
  round  33/50: acc=0.8458  f1m=0.6121  uplink_kB=69.3  t=2.15s
  round  34/50: acc=0.8455  f1m=0.6092  uplink_kB=69.3  t=2.06s
  round  35/50: acc=0.8558  f1m=0.6358  uplink_kB=69.3  t=2.08s
  round  36/50: acc=0.8487  f1m=0.6203  uplink_kB=69.3  t=2.17s
  round  37/50: acc=0.8509  f1m=0.6217  uplink_kB=69.3  t=2.13s
  round  38/50: acc=0.8490  f1m=0.6173  uplink_kB=69.3  t=2.10s
  round  39/50: acc=0.8553  f1m=0.6324  uplink_kB=69.3  t=2.06s
  round  40/50: acc=0.8502  f1m=0.6287  uplink_kB=69.3  t=2.13s
  round  41/50: acc=0.8359  f1m=0.5595  uplink_kB=69.3  t=2.08s
  round  42/50: acc=0.8478  f1m=0.6183  uplink_kB=69.3  t=2.17s
  round  43/50: acc=0.8511  f1m=0.6239  uplink_kB=69.3  t=2.24s
  round  44/50: acc=0.8438  f1m=0.6014  uplink_kB=69.3  t=2.20s
  round  45/50: acc=0.8464  f1m=0.6385  uplink_kB=69.3  t=2.21s
  round  46/50: acc=0.8462  f1m=0.6206  uplink_kB=69.3  t=2.09s
  round  47/50: acc=0.8564  f1m=0.6544  uplink_kB=69.3  t=2.13s
  round  48/50: acc=0.8489  f1m=0.6484  uplink_kB=69.3  t=2.08s
  round  49/50: acc=0.8534  f1m=0.6490  uplink_kB=69.3  t=2.14s
  round  50/50: acc=0.8579  f1m=0.6641  uplink_kB=69.3  t=2.09s
[run] DONE -> /Users/agentra/Documents/hao/working/paper-lab/hao-paper-2026/iotj-fedkan-ids/repo/results/lrsweep_cseciic_mc/lrsweep_mlp32_lr0p03__dir0.1__seed11/metrics.json  final_acc=0.8579
