[run] device=cpu  seed=29  out=/Users/agentra/Documents/hao/working/paper-lab/hao-paper-2026/iotj-fedkan-ids/repo/results/lrsweep_cseciic_mc/lrsweep_mlp32_lr0p01__dir0.1__seed29
[run] model=mlp  params=1,775
  round   1/50: acc=0.2495  f1m=0.0823  uplink_kB=69.3  t=2.90s
  round   2/50: acc=0.4235  f1m=0.1937  uplink_kB=69.3  t=2.13s
  round   3/50: acc=0.4655  f1m=0.2711  uplink_kB=69.3  t=2.19s
  round   4/50: acc=0.4968  f1m=0.3039  uplink_kB=69.3  t=2.08s
  round   5/50: acc=0.5861  f1m=0.3779  uplink_kB=69.3  t=2.17s
  round   6/50: acc=0.5600  f1m=0.3709  uplink_kB=69.3  t=2.13s
  round   7/50: acc=0.6147  f1m=0.4013  uplink_kB=69.3  t=2.08s
  round   8/50: acc=0.6171  f1m=0.4063  uplink_kB=69.3  t=2.11s
  round   9/50: acc=0.6078  f1m=0.4606  uplink_kB=69.3  t=2.09s
  round  10/50: acc=0.6071  f1m=0.4672  uplink_kB=69.3  t=2.11s
  round  11/50: acc=0.6136  f1m=0.4779  uplink_kB=69.3  t=2.15s
  round  12/50: acc=0.6269  f1m=0.4801  uplink_kB=69.3  t=2.19s
  round  13/50: acc=0.6332  f1m=0.4622  uplink_kB=69.3  t=2.05s
  round  14/50: acc=0.6309  f1m=0.4587  uplink_kB=69.3  t=2.08s
  round  15/50: acc=0.6428  f1m=0.5232  uplink_kB=69.3  t=2.17s
  round  16/50: acc=0.6426  f1m=0.5082  uplink_kB=69.3  t=2.07s
  round  17/50: acc=0.6620  f1m=0.5208  uplink_kB=69.3  t=2.08s
  round  18/50: acc=0.6580  f1m=0.5172  uplink_kB=69.3  t=2.10s
  round  19/50: acc=0.6097  f1m=0.4875  uplink_kB=69.3  t=2.13s
  round  20/50: acc=0.6371  f1m=0.5021  uplink_kB=69.3  t=2.12s
  round  21/50: acc=0.6615  f1m=0.4972  uplink_kB=69.3  t=2.12s
  round  22/50: acc=0.6580  f1m=0.5339  uplink_kB=69.3  t=2.17s
  round  23/50: acc=0.6725  f1m=0.5159  uplink_kB=69.3  t=2.14s
  round  24/50: acc=0.7178  f1m=0.5478  uplink_kB=69.3  t=2.12s
  round  25/50: acc=0.7020  f1m=0.5272  uplink_kB=69.3  t=2.09s
  round  26/50: acc=0.7322  f1m=0.5062  uplink_kB=69.3  t=2.10s
  round  27/50: acc=0.7442  f1m=0.5337  uplink_kB=69.3  t=2.13s
  round  28/50: acc=0.7696  f1m=0.5487  uplink_kB=69.3  t=2.07s
  round  29/50: acc=0.7673  f1m=0.5818  uplink_kB=69.3  t=2.08s
  round  30/50: acc=0.7686  f1m=0.5866  uplink_kB=69.3  t=2.14s
  round  31/50: acc=0.7394  f1m=0.5645  uplink_kB=69.3  t=2.21s
  round  32/50: acc=0.7720  f1m=0.5863  uplink_kB=69.3  t=2.07s
  round  33/50: acc=0.7998  f1m=0.6388  uplink_kB=69.3  t=2.09s
  round  34/50: acc=0.8032  f1m=0.6124  uplink_kB=69.3  t=2.12s
  round  35/50: acc=0.8031  f1m=0.6142  uplink_kB=69.3  t=2.14s
  round  36/50: acc=0.8026  f1m=0.6260  uplink_kB=69.3  t=2.07s
  round  37/50: acc=0.7999  f1m=0.6110  uplink_kB=69.3  t=2.11s
  round  38/50: acc=0.7905  f1m=0.6153  uplink_kB=69.3  t=2.12s
  round  39/50: acc=0.7824  f1m=0.6006  uplink_kB=69.3  t=2.11s
  round  40/50: acc=0.7823  f1m=0.5999  uplink_kB=69.3  t=2.05s
  round  41/50: acc=0.7182  f1m=0.5642  uplink_kB=69.3  t=2.16s
  round  42/50: acc=0.7826  f1m=0.5972  uplink_kB=69.3  t=2.23s
  round  43/50: acc=0.7781  f1m=0.5969  uplink_kB=69.3  t=2.24s
  round  44/50: acc=0.7842  f1m=0.6083  uplink_kB=69.3  t=2.22s
  round  45/50: acc=0.7868  f1m=0.6102  uplink_kB=69.3  t=2.13s
  round  46/50: acc=0.7905  f1m=0.6189  uplink_kB=69.3  t=2.13s
  round  47/50: acc=0.7993  f1m=0.5936  uplink_kB=69.3  t=2.23s
  round  48/50: acc=0.8099  f1m=0.6132  uplink_kB=69.3  t=2.47s
  round  49/50: acc=0.7912  f1m=0.6057  uplink_kB=69.3  t=2.13s
  round  50/50: acc=0.8082  f1m=0.6129  uplink_kB=69.3  t=2.10s
[run] DONE -> /Users/agentra/Documents/hao/working/paper-lab/hao-paper-2026/iotj-fedkan-ids/repo/results/lrsweep_cseciic_mc/lrsweep_mlp32_lr0p01__dir0.1__seed29/metrics.json  final_acc=0.8082
