[run] device=cpu  seed=110  out=/Users/agentra/Documents/hao/working/paper-lab/hao-paper-2026/iotj-fedkan-ids/repo/results/lrsweep_cseciic/lrsweep_mlp80_lr0p01__dir0.1__seed110
[run] model=mlp  params=3,362
  round   1/50: acc=0.5000  f1m=0.3333  uplink_kB=131.3  t=1.43s
  round   2/50: acc=0.5000  f1m=0.3333  uplink_kB=131.3  t=0.83s
  round   3/50: acc=0.5009  f1m=0.3354  uplink_kB=131.3  t=0.82s
  round   4/50: acc=0.7122  f1m=0.6863  uplink_kB=131.3  t=0.78s
  round   5/50: acc=0.8613  f1m=0.8587  uplink_kB=131.3  t=0.72s
  round   6/50: acc=0.8816  f1m=0.8800  uplink_kB=131.3  t=0.79s
  round   7/50: acc=0.8911  f1m=0.8899  uplink_kB=131.3  t=0.81s
  round   8/50: acc=0.9076  f1m=0.9069  uplink_kB=131.3  t=0.80s
  round   9/50: acc=0.9070  f1m=0.9063  uplink_kB=131.3  t=0.79s
  round  10/50: acc=0.9169  f1m=0.9165  uplink_kB=131.3  t=0.78s
  round  11/50: acc=0.9163  f1m=0.9159  uplink_kB=131.3  t=0.80s
  round  12/50: acc=0.9150  f1m=0.9145  uplink_kB=131.3  t=0.78s
  round  13/50: acc=0.9192  f1m=0.9188  uplink_kB=131.3  t=0.80s
  round  14/50: acc=0.9197  f1m=0.9193  uplink_kB=131.3  t=0.82s
  round  15/50: acc=0.9207  f1m=0.9203  uplink_kB=131.3  t=0.84s
  round  16/50: acc=0.9203  f1m=0.9199  uplink_kB=131.3  t=0.78s
  round  17/50: acc=0.9193  f1m=0.9189  uplink_kB=131.3  t=0.80s
  round  18/50: acc=0.9196  f1m=0.9193  uplink_kB=131.3  t=0.79s
  round  19/50: acc=0.9201  f1m=0.9198  uplink_kB=131.3  t=0.73s
  round  20/50: acc=0.9200  f1m=0.9197  uplink_kB=131.3  t=0.78s
  round  21/50: acc=0.9187  f1m=0.9183  uplink_kB=131.3  t=0.79s
  round  22/50: acc=0.9202  f1m=0.9198  uplink_kB=131.3  t=0.78s
  round  23/50: acc=0.9207  f1m=0.9204  uplink_kB=131.3  t=0.78s
  round  24/50: acc=0.9193  f1m=0.9189  uplink_kB=131.3  t=0.78s
  round  25/50: acc=0.9203  f1m=0.9199  uplink_kB=131.3  t=0.78s
  round  26/50: acc=0.9208  f1m=0.9205  uplink_kB=131.3  t=0.74s
  round  27/50: acc=0.9207  f1m=0.9204  uplink_kB=131.3  t=0.78s
  round  28/50: acc=0.9198  f1m=0.9195  uplink_kB=131.3  t=0.78s
  round  29/50: acc=0.9191  f1m=0.9188  uplink_kB=131.3  t=0.80s
  round  30/50: acc=0.9206  f1m=0.9203  uplink_kB=131.3  t=0.81s
  round  31/50: acc=0.9203  f1m=0.9199  uplink_kB=131.3  t=0.84s
  round  32/50: acc=0.9209  f1m=0.9206  uplink_kB=131.3  t=0.79s
  round  33/50: acc=0.9212  f1m=0.9209  uplink_kB=131.3  t=0.76s
  round  34/50: acc=0.9203  f1m=0.9200  uplink_kB=131.3  t=0.81s
  round  35/50: acc=0.9200  f1m=0.9197  uplink_kB=131.3  t=0.84s
  round  36/50: acc=0.9210  f1m=0.9207  uplink_kB=131.3  t=0.79s
  round  37/50: acc=0.9210  f1m=0.9207  uplink_kB=131.3  t=0.84s
  round  38/50: acc=0.9215  f1m=0.9212  uplink_kB=131.3  t=0.85s
  round  39/50: acc=0.9243  f1m=0.9241  uplink_kB=131.3  t=0.77s
  round  40/50: acc=0.9244  f1m=0.9241  uplink_kB=131.3  t=0.78s
  round  41/50: acc=0.9246  f1m=0.9244  uplink_kB=131.3  t=0.82s
  round  42/50: acc=0.9254  f1m=0.9252  uplink_kB=131.3  t=0.81s
  round  43/50: acc=0.9256  f1m=0.9253  uplink_kB=131.3  t=0.79s
  round  44/50: acc=0.9257  f1m=0.9255  uplink_kB=131.3  t=0.83s
  round  45/50: acc=0.9261  f1m=0.9258  uplink_kB=131.3  t=0.72s
  round  46/50: acc=0.9255  f1m=0.9253  uplink_kB=131.3  t=0.79s
  round  47/50: acc=0.9258  f1m=0.9256  uplink_kB=131.3  t=0.82s
  round  48/50: acc=0.9250  f1m=0.9248  uplink_kB=131.3  t=0.83s
  round  49/50: acc=0.9252  f1m=0.9250  uplink_kB=131.3  t=0.82s
  round  50/50: acc=0.9251  f1m=0.9248  uplink_kB=131.3  t=0.73s
[run] DONE -> /Users/agentra/Documents/hao/working/paper-lab/hao-paper-2026/iotj-fedkan-ids/repo/results/lrsweep_cseciic/lrsweep_mlp80_lr0p01__dir0.1__seed110/metrics.json  final_acc=0.9251
