[run] device=cpu  seed=37  out=/Users/agentra/Documents/hao/working/paper-lab/hao-paper-2026/iotj-fedkan-ids/repo/results/mc_toniot/mc_mlp80_lr0p01__dir0.1__seed37
[run] model=mlp  params=4,010
  round   1/50: acc=0.2167  f1m=0.1021  uplink_kB=156.6  t=1.76s
  round   2/50: acc=0.4694  f1m=0.3504  uplink_kB=156.6  t=1.23s
  round   3/50: acc=0.5312  f1m=0.3980  uplink_kB=156.6  t=1.23s
  round   4/50: acc=0.5129  f1m=0.3873  uplink_kB=156.6  t=1.17s
  round   5/50: acc=0.5564  f1m=0.4238  uplink_kB=156.6  t=1.20s
  round   6/50: acc=0.5419  f1m=0.4323  uplink_kB=156.6  t=1.19s
  round   7/50: acc=0.5687  f1m=0.5051  uplink_kB=156.6  t=1.20s
  round   8/50: acc=0.6106  f1m=0.5565  uplink_kB=156.6  t=1.19s
  round   9/50: acc=0.6076  f1m=0.5473  uplink_kB=156.6  t=1.24s
  round  10/50: acc=0.6208  f1m=0.5613  uplink_kB=156.6  t=1.24s
  round  11/50: acc=0.6284  f1m=0.5695  uplink_kB=156.6  t=1.15s
  round  12/50: acc=0.6413  f1m=0.5779  uplink_kB=156.6  t=1.24s
  round  13/50: acc=0.6733  f1m=0.6174  uplink_kB=156.6  t=1.15s
  round  14/50: acc=0.6743  f1m=0.6244  uplink_kB=156.6  t=1.22s
  round  15/50: acc=0.6451  f1m=0.5825  uplink_kB=156.6  t=1.24s
  round  16/50: acc=0.6607  f1m=0.6109  uplink_kB=156.6  t=1.10s
  round  17/50: acc=0.6618  f1m=0.6021  uplink_kB=156.6  t=1.21s
  round  18/50: acc=0.6526  f1m=0.5945  uplink_kB=156.6  t=1.19s
  round  19/50: acc=0.6616  f1m=0.6058  uplink_kB=156.6  t=1.20s
  round  20/50: acc=0.6698  f1m=0.6165  uplink_kB=156.6  t=1.21s
  round  21/50: acc=0.6718  f1m=0.6302  uplink_kB=156.6  t=1.24s
  round  22/50: acc=0.6577  f1m=0.6311  uplink_kB=156.6  t=1.21s
  round  23/50: acc=0.6798  f1m=0.6501  uplink_kB=156.6  t=1.11s
  round  24/50: acc=0.6842  f1m=0.6527  uplink_kB=156.6  t=1.14s
  round  25/50: acc=0.6808  f1m=0.6545  uplink_kB=156.6  t=1.14s
  round  26/50: acc=0.6722  f1m=0.6488  uplink_kB=156.6  t=1.23s
  round  27/50: acc=0.6949  f1m=0.6571  uplink_kB=156.6  t=1.16s
  round  28/50: acc=0.6800  f1m=0.6563  uplink_kB=156.6  t=1.29s
  round  29/50: acc=0.6985  f1m=0.6690  uplink_kB=156.6  t=1.17s
  round  30/50: acc=0.6811  f1m=0.6534  uplink_kB=156.6  t=1.20s
  round  31/50: acc=0.6935  f1m=0.6674  uplink_kB=156.6  t=1.16s
  round  32/50: acc=0.6978  f1m=0.6639  uplink_kB=156.6  t=1.21s
  round  33/50: acc=0.7369  f1m=0.7232  uplink_kB=156.6  t=1.17s
  round  34/50: acc=0.6960  f1m=0.6736  uplink_kB=156.6  t=1.17s
  round  35/50: acc=0.7045  f1m=0.6702  uplink_kB=156.6  t=1.27s
  round  36/50: acc=0.6934  f1m=0.6691  uplink_kB=156.6  t=1.17s
  round  37/50: acc=0.7039  f1m=0.6646  uplink_kB=156.6  t=1.23s
  round  38/50: acc=0.6993  f1m=0.6679  uplink_kB=156.6  t=1.19s
  round  39/50: acc=0.7096  f1m=0.6775  uplink_kB=156.6  t=1.23s
  round  40/50: acc=0.6851  f1m=0.6579  uplink_kB=156.6  t=1.26s
  round  41/50: acc=0.6986  f1m=0.6663  uplink_kB=156.6  t=1.57s
  round  42/50: acc=0.6936  f1m=0.6629  uplink_kB=156.6  t=1.15s
  round  43/50: acc=0.7144  f1m=0.6781  uplink_kB=156.6  t=1.21s
  round  44/50: acc=0.6901  f1m=0.6646  uplink_kB=156.6  t=1.22s
  round  45/50: acc=0.7161  f1m=0.6806  uplink_kB=156.6  t=1.15s
  round  46/50: acc=0.7023  f1m=0.6727  uplink_kB=156.6  t=1.17s
  round  47/50: acc=0.7103  f1m=0.6765  uplink_kB=156.6  t=1.25s
  round  48/50: acc=0.7104  f1m=0.6758  uplink_kB=156.6  t=1.21s
  round  49/50: acc=0.7222  f1m=0.6832  uplink_kB=156.6  t=1.20s
  round  50/50: acc=0.7021  f1m=0.6754  uplink_kB=156.6  t=0.99s
[run] DONE -> /Users/agentra/Documents/hao/working/paper-lab/hao-paper-2026/iotj-fedkan-ids/repo/results/mc_toniot/mc_mlp80_lr0p01__dir0.1__seed37/metrics.json  final_acc=0.7021
