[run] device=cpu  seed=101  out=/Users/agentra/Documents/hao/working/paper-lab/hao-paper-2026/iotj-fedkan-ids/repo/results/lrsweep_toniot/lrsweep_mlp80_lr0p01__dir0.1__seed101
[run] model=mlp  params=3,362
  round   1/50: acc=0.5374  f1m=0.4439  uplink_kB=131.3  t=1.46s
  round   2/50: acc=0.6760  f1m=0.6756  uplink_kB=131.3  t=0.80s
  round   3/50: acc=0.6803  f1m=0.6772  uplink_kB=131.3  t=0.85s
  round   4/50: acc=0.6506  f1m=0.6443  uplink_kB=131.3  t=0.82s
  round   5/50: acc=0.6470  f1m=0.6398  uplink_kB=131.3  t=0.84s
  round   6/50: acc=0.6468  f1m=0.6394  uplink_kB=131.3  t=0.80s
  round   7/50: acc=0.6450  f1m=0.6373  uplink_kB=131.3  t=0.83s
  round   8/50: acc=0.7384  f1m=0.7226  uplink_kB=131.3  t=0.81s
  round   9/50: acc=0.5193  f1m=0.3913  uplink_kB=131.3  t=0.82s
  round  10/50: acc=0.5207  f1m=0.3942  uplink_kB=131.3  t=0.80s
  round  11/50: acc=0.5198  f1m=0.3924  uplink_kB=131.3  t=0.81s
  round  12/50: acc=0.5268  f1m=0.4069  uplink_kB=131.3  t=0.80s
  round  13/50: acc=0.5239  f1m=0.4007  uplink_kB=131.3  t=0.76s
  round  14/50: acc=0.5324  f1m=0.4175  uplink_kB=131.3  t=0.78s
  round  15/50: acc=0.5307  f1m=0.4142  uplink_kB=131.3  t=0.80s
  round  16/50: acc=0.5298  f1m=0.4121  uplink_kB=131.3  t=0.86s
  round  17/50: acc=0.5327  f1m=0.4180  uplink_kB=131.3  t=0.82s
  round  18/50: acc=0.5328  f1m=0.4182  uplink_kB=131.3  t=0.84s
  round  19/50: acc=0.5355  f1m=0.4235  uplink_kB=131.3  t=0.81s
  round  20/50: acc=0.5375  f1m=0.4273  uplink_kB=131.3  t=0.74s
  round  21/50: acc=0.5397  f1m=0.4315  uplink_kB=131.3  t=0.88s
  round  22/50: acc=0.5391  f1m=0.4302  uplink_kB=131.3  t=0.88s
  round  23/50: acc=0.5403  f1m=0.4325  uplink_kB=131.3  t=0.82s
  round  24/50: acc=0.5416  f1m=0.4357  uplink_kB=131.3  t=0.80s
  round  25/50: acc=0.5417  f1m=0.4355  uplink_kB=131.3  t=0.82s
  round  26/50: acc=0.5413  f1m=0.4348  uplink_kB=131.3  t=0.86s
  round  27/50: acc=0.5397  f1m=0.4310  uplink_kB=131.3  t=0.74s
  round  28/50: acc=0.5408  f1m=0.4332  uplink_kB=131.3  t=0.82s
  round  29/50: acc=0.5447  f1m=0.4416  uplink_kB=131.3  t=0.80s
  round  30/50: acc=0.5449  f1m=0.4432  uplink_kB=131.3  t=0.80s
  round  31/50: acc=0.5404  f1m=0.4326  uplink_kB=131.3  t=0.82s
  round  32/50: acc=0.5416  f1m=0.4349  uplink_kB=131.3  t=0.81s
  round  33/50: acc=0.5412  f1m=0.4336  uplink_kB=131.3  t=0.81s
  round  34/50: acc=0.5457  f1m=0.4433  uplink_kB=131.3  t=0.76s
  round  35/50: acc=0.5464  f1m=0.4454  uplink_kB=131.3  t=0.85s
  round  36/50: acc=0.5468  f1m=0.4452  uplink_kB=131.3  t=0.83s
  round  37/50: acc=0.5477  f1m=0.4479  uplink_kB=131.3  t=0.83s
  round  38/50: acc=0.5481  f1m=0.4479  uplink_kB=131.3  t=0.82s
  round  39/50: acc=0.5473  f1m=0.4453  uplink_kB=131.3  t=0.82s
  round  40/50: acc=0.5480  f1m=0.4469  uplink_kB=131.3  t=0.83s
  round  41/50: acc=0.5465  f1m=0.4438  uplink_kB=131.3  t=0.76s
  round  42/50: acc=0.5482  f1m=0.4477  uplink_kB=131.3  t=0.75s
  round  43/50: acc=0.5490  f1m=0.4495  uplink_kB=131.3  t=0.84s
  round  44/50: acc=0.5498  f1m=0.4528  uplink_kB=131.3  t=0.84s
  round  45/50: acc=0.5501  f1m=0.4519  uplink_kB=131.3  t=0.85s
  round  46/50: acc=0.5504  f1m=0.4542  uplink_kB=131.3  t=0.85s
  round  47/50: acc=0.5504  f1m=0.4526  uplink_kB=131.3  t=0.83s
  round  48/50: acc=0.5499  f1m=0.4528  uplink_kB=131.3  t=0.80s
  round  49/50: acc=0.5504  f1m=0.4535  uplink_kB=131.3  t=0.80s
  round  50/50: acc=0.5506  f1m=0.4525  uplink_kB=131.3  t=0.81s
[run] DONE -> /Users/agentra/Documents/hao/working/paper-lab/hao-paper-2026/iotj-fedkan-ids/repo/results/lrsweep_toniot/lrsweep_mlp80_lr0p01__dir0.1__seed101/metrics.json  final_acc=0.5506
