[run] device=cpu  seed=23  out=/Users/agentra/Documents/hao/working/paper-lab/hao-paper-2026/iotj-fedkan-ids/repo/results/lrsweep_cseciic_mc50k/lrsweep_mlp32_lr0p01__dir0.1__seed23
[run] model=mlp  params=1,775
  round   1/50: acc=0.3429  f1m=0.1350  uplink_kB=69.3  t=1.87s
  round   2/50: acc=0.5353  f1m=0.2909  uplink_kB=69.3  t=1.19s
  round   3/50: acc=0.5856  f1m=0.4047  uplink_kB=69.3  t=1.07s
  round   4/50: acc=0.5933  f1m=0.4207  uplink_kB=69.3  t=1.05s
  round   5/50: acc=0.5944  f1m=0.4199  uplink_kB=69.3  t=1.19s
  round   6/50: acc=0.5944  f1m=0.4200  uplink_kB=69.3  t=1.00s
  round   7/50: acc=0.5988  f1m=0.4207  uplink_kB=69.3  t=1.20s
  round   8/50: acc=0.6005  f1m=0.4201  uplink_kB=69.3  t=0.94s
  round   9/50: acc=0.6036  f1m=0.4249  uplink_kB=69.3  t=0.98s
  round  10/50: acc=0.6207  f1m=0.4447  uplink_kB=69.3  t=1.00s
  round  11/50: acc=0.6234  f1m=0.4466  uplink_kB=69.3  t=1.01s
  round  12/50: acc=0.6762  f1m=0.4872  uplink_kB=69.3  t=0.98s
  round  13/50: acc=0.6786  f1m=0.4877  uplink_kB=69.3  t=1.09s
  round  14/50: acc=0.6855  f1m=0.4933  uplink_kB=69.3  t=0.95s
  round  15/50: acc=0.7250  f1m=0.5151  uplink_kB=69.3  t=1.03s
  round  16/50: acc=0.7320  f1m=0.5191  uplink_kB=69.3  t=0.99s
  round  17/50: acc=0.7327  f1m=0.5193  uplink_kB=69.3  t=1.05s
  round  18/50: acc=0.7196  f1m=0.5114  uplink_kB=69.3  t=1.27s
  round  19/50: acc=0.7333  f1m=0.5205  uplink_kB=69.3  t=1.08s
  round  20/50: acc=0.7331  f1m=0.5199  uplink_kB=69.3  t=0.96s
  round  21/50: acc=0.7311  f1m=0.5162  uplink_kB=69.3  t=1.02s
  round  22/50: acc=0.7316  f1m=0.5167  uplink_kB=69.3  t=1.00s
  round  23/50: acc=0.7313  f1m=0.5168  uplink_kB=69.3  t=1.09s
  round  24/50: acc=0.7299  f1m=0.5156  uplink_kB=69.3  t=1.03s
  round  25/50: acc=0.7323  f1m=0.5177  uplink_kB=69.3  t=1.14s
  round  26/50: acc=0.7289  f1m=0.5148  uplink_kB=69.3  t=1.02s
  round  27/50: acc=0.7294  f1m=0.5147  uplink_kB=69.3  t=1.09s
  round  28/50: acc=0.7308  f1m=0.5161  uplink_kB=69.3  t=1.01s
  round  29/50: acc=0.7327  f1m=0.5178  uplink_kB=69.3  t=1.11s
  round  30/50: acc=0.7322  f1m=0.5171  uplink_kB=69.3  t=1.02s
  round  31/50: acc=0.7316  f1m=0.5165  uplink_kB=69.3  t=1.08s
  round  32/50: acc=0.7299  f1m=0.5157  uplink_kB=69.3  t=1.07s
  round  33/50: acc=0.7315  f1m=0.5176  uplink_kB=69.3  t=1.14s
  round  34/50: acc=0.7298  f1m=0.5160  uplink_kB=69.3  t=1.02s
  round  35/50: acc=0.7320  f1m=0.5178  uplink_kB=69.3  t=1.06s
  round  36/50: acc=0.7299  f1m=0.5162  uplink_kB=69.3  t=1.06s
  round  37/50: acc=0.7313  f1m=0.5177  uplink_kB=69.3  t=1.08s
  round  38/50: acc=0.7322  f1m=0.5190  uplink_kB=69.3  t=1.13s
  round  39/50: acc=0.7324  f1m=0.5182  uplink_kB=69.3  t=1.00s
  round  40/50: acc=0.7349  f1m=0.5238  uplink_kB=69.3  t=1.05s
  round  41/50: acc=0.7326  f1m=0.5183  uplink_kB=69.3  t=1.11s
  round  42/50: acc=0.7335  f1m=0.5206  uplink_kB=69.3  t=1.06s
  round  43/50: acc=0.7326  f1m=0.5189  uplink_kB=69.3  t=1.06s
  round  44/50: acc=0.7321  f1m=0.5179  uplink_kB=69.3  t=1.02s
  round  45/50: acc=0.7319  f1m=0.5183  uplink_kB=69.3  t=1.11s
  round  46/50: acc=0.7318  f1m=0.5190  uplink_kB=69.3  t=1.02s
  round  47/50: acc=0.7347  f1m=0.5223  uplink_kB=69.3  t=1.09s
  round  48/50: acc=0.7338  f1m=0.5206  uplink_kB=69.3  t=1.00s
  round  49/50: acc=0.7365  f1m=0.5276  uplink_kB=69.3  t=1.07s
  round  50/50: acc=0.7336  f1m=0.5215  uplink_kB=69.3  t=1.03s
[run] DONE -> /Users/agentra/Documents/hao/working/paper-lab/hao-paper-2026/iotj-fedkan-ids/repo/results/lrsweep_cseciic_mc50k/lrsweep_mlp32_lr0p01__dir0.1__seed23/metrics.json  final_acc=0.7336
