[run] device=cpu  seed=2024  out=/Users/agentra/Documents/hao/working/paper-lab/hao-paper-2026/iotj-fedkan-ids/repo/results/lrsweep_cseciic/lrsweep_mlp80_lr0p003__dir0.1__seed2024
[run] model=mlp  params=3,362
  round   1/50: acc=0.8197  f1m=0.8165  uplink_kB=131.3  t=1.41s
  round   2/50: acc=0.8968  f1m=0.8964  uplink_kB=131.3  t=0.70s
  round   3/50: acc=0.8988  f1m=0.8984  uplink_kB=131.3  t=0.68s
  round   4/50: acc=0.8965  f1m=0.8961  uplink_kB=131.3  t=0.73s
  round   5/50: acc=0.8986  f1m=0.8983  uplink_kB=131.3  t=0.66s
  round   6/50: acc=0.9001  f1m=0.8997  uplink_kB=131.3  t=0.62s
  round   7/50: acc=0.9015  f1m=0.9012  uplink_kB=131.3  t=0.69s
  round   8/50: acc=0.9028  f1m=0.9026  uplink_kB=131.3  t=0.70s
  round   9/50: acc=0.9052  f1m=0.9049  uplink_kB=131.3  t=0.67s
  round  10/50: acc=0.9195  f1m=0.9194  uplink_kB=131.3  t=0.67s
  round  11/50: acc=0.9327  f1m=0.9326  uplink_kB=131.3  t=0.71s
  round  12/50: acc=0.9248  f1m=0.9247  uplink_kB=131.3  t=0.67s
  round  13/50: acc=0.9317  f1m=0.9316  uplink_kB=131.3  t=0.69s
  round  14/50: acc=0.9324  f1m=0.9324  uplink_kB=131.3  t=0.67s
  round  15/50: acc=0.9353  f1m=0.9352  uplink_kB=131.3  t=0.67s
  round  16/50: acc=0.9320  f1m=0.9320  uplink_kB=131.3  t=0.72s
  round  17/50: acc=0.9302  f1m=0.9302  uplink_kB=131.3  t=0.71s
  round  18/50: acc=0.9325  f1m=0.9325  uplink_kB=131.3  t=0.69s
  round  19/50: acc=0.9335  f1m=0.9335  uplink_kB=131.3  t=0.66s
  round  20/50: acc=0.9273  f1m=0.9272  uplink_kB=131.3  t=0.59s
  round  21/50: acc=0.9384  f1m=0.9383  uplink_kB=131.3  t=0.70s
  round  22/50: acc=0.9376  f1m=0.9375  uplink_kB=131.3  t=0.68s
  round  23/50: acc=0.9371  f1m=0.9371  uplink_kB=131.3  t=0.70s
  round  24/50: acc=0.9369  f1m=0.9368  uplink_kB=131.3  t=0.67s
  round  25/50: acc=0.9404  f1m=0.9404  uplink_kB=131.3  t=0.75s
  round  26/50: acc=0.9420  f1m=0.9420  uplink_kB=131.3  t=0.70s
  round  27/50: acc=0.9418  f1m=0.9418  uplink_kB=131.3  t=0.69s
  round  28/50: acc=0.9420  f1m=0.9420  uplink_kB=131.3  t=0.68s
  round  29/50: acc=0.9406  f1m=0.9406  uplink_kB=131.3  t=0.70s
  round  30/50: acc=0.9389  f1m=0.9389  uplink_kB=131.3  t=0.66s
  round  31/50: acc=0.9447  f1m=0.9447  uplink_kB=131.3  t=0.69s
  round  32/50: acc=0.9458  f1m=0.9458  uplink_kB=131.3  t=0.60s
  round  33/50: acc=0.9475  f1m=0.9475  uplink_kB=131.3  t=0.69s
  round  34/50: acc=0.9458  f1m=0.9458  uplink_kB=131.3  t=0.68s
  round  35/50: acc=0.9470  f1m=0.9470  uplink_kB=131.3  t=0.66s
  round  36/50: acc=0.9456  f1m=0.9456  uplink_kB=131.3  t=0.67s
  round  37/50: acc=0.9435  f1m=0.9435  uplink_kB=131.3  t=0.66s
  round  38/50: acc=0.9415  f1m=0.9415  uplink_kB=131.3  t=0.71s
  round  39/50: acc=0.9472  f1m=0.9472  uplink_kB=131.3  t=0.62s
  round  40/50: acc=0.9435  f1m=0.9435  uplink_kB=131.3  t=0.67s
  round  41/50: acc=0.9451  f1m=0.9451  uplink_kB=131.3  t=0.70s
  round  42/50: acc=0.9468  f1m=0.9468  uplink_kB=131.3  t=0.67s
  round  43/50: acc=0.9438  f1m=0.9438  uplink_kB=131.3  t=0.66s
  round  44/50: acc=0.9479  f1m=0.9479  uplink_kB=131.3  t=0.72s
  round  45/50: acc=0.9474  f1m=0.9474  uplink_kB=131.3  t=0.67s
  round  46/50: acc=0.9514  f1m=0.9514  uplink_kB=131.3  t=0.63s
  round  47/50: acc=0.9535  f1m=0.9535  uplink_kB=131.3  t=0.67s
  round  48/50: acc=0.9518  f1m=0.9518  uplink_kB=131.3  t=0.67s
  round  49/50: acc=0.9548  f1m=0.9548  uplink_kB=131.3  t=0.64s
  round  50/50: acc=0.9540  f1m=0.9540  uplink_kB=131.3  t=0.69s
[run] DONE -> /Users/agentra/Documents/hao/working/paper-lab/hao-paper-2026/iotj-fedkan-ids/repo/results/lrsweep_cseciic/lrsweep_mlp80_lr0p003__dir0.1__seed2024/metrics.json  final_acc=0.9540
