[run] device=cpu  seed=17  out=/Users/agentra/Documents/hao/working/paper-lab/hao-paper-2026/iotj-fedkan-ids/repo/results/lrsweep_cseciic_mc50k/lrsweep_kan16_lr0p03__dir0.1__seed17
[run] model=kan  params=8,640
  round   1/50: acc=0.3937  f1m=0.2070  uplink_kB=363.3  t=3.69s
  round   2/50: acc=0.6275  f1m=0.3773  uplink_kB=363.3  t=2.97s
  round   3/50: acc=0.6446  f1m=0.4328  uplink_kB=363.3  t=3.04s
  round   4/50: acc=0.7257  f1m=0.4993  uplink_kB=363.3  t=2.99s
  round   5/50: acc=0.6782  f1m=0.4938  uplink_kB=363.3  t=3.11s
  round   6/50: acc=0.7482  f1m=0.5264  uplink_kB=363.3  t=2.93s
  round   7/50: acc=0.7631  f1m=0.5528  uplink_kB=363.3  t=3.50s
  round   8/50: acc=0.7520  f1m=0.5302  uplink_kB=363.3  t=3.06s
  round   9/50: acc=0.7110  f1m=0.5336  uplink_kB=363.3  t=3.02s
  round  10/50: acc=0.7088  f1m=0.5344  uplink_kB=363.3  t=3.02s
  round  11/50: acc=0.8130  f1m=0.6084  uplink_kB=363.3  t=3.03s
  round  12/50: acc=0.7752  f1m=0.5650  uplink_kB=363.3  t=3.08s
  round  13/50: acc=0.7996  f1m=0.6109  uplink_kB=363.3  t=3.05s
  round  14/50: acc=0.7873  f1m=0.5826  uplink_kB=363.3  t=3.14s
  round  15/50: acc=0.8282  f1m=0.6134  uplink_kB=363.3  t=3.11s
  round  16/50: acc=0.7476  f1m=0.5993  uplink_kB=363.3  t=3.15s
  round  17/50: acc=0.8015  f1m=0.5872  uplink_kB=363.3  t=3.12s
  round  18/50: acc=0.8065  f1m=0.6221  uplink_kB=363.3  t=3.20s
  round  19/50: acc=0.8272  f1m=0.6163  uplink_kB=363.3  t=3.08s
  round  20/50: acc=0.8009  f1m=0.6462  uplink_kB=363.3  t=3.14s
  round  21/50: acc=0.7680  f1m=0.5727  uplink_kB=363.3  t=3.12s
  round  22/50: acc=0.8642  f1m=0.7066  uplink_kB=363.3  t=3.09s
  round  23/50: acc=0.8558  f1m=0.6816  uplink_kB=363.3  t=3.12s
  round  24/50: acc=0.8502  f1m=0.7186  uplink_kB=363.3  t=3.13s
  round  25/50: acc=0.7241  f1m=0.6181  uplink_kB=363.3  t=3.12s
  round  26/50: acc=0.8260  f1m=0.6240  uplink_kB=363.3  t=3.04s
  round  27/50: acc=0.8107  f1m=0.5995  uplink_kB=363.3  t=3.12s
  round  28/50: acc=0.8094  f1m=0.6063  uplink_kB=363.3  t=3.11s
  round  29/50: acc=0.6846  f1m=0.5360  uplink_kB=363.3  t=3.12s
  round  30/50: acc=0.7901  f1m=0.6576  uplink_kB=363.3  t=3.15s
  round  31/50: acc=0.7916  f1m=0.6481  uplink_kB=363.3  t=3.10s
  round  32/50: acc=0.6976  f1m=0.5297  uplink_kB=363.3  t=3.14s
  round  33/50: acc=0.8583  f1m=0.6932  uplink_kB=363.3  t=2.98s
  round  34/50: acc=0.8056  f1m=0.6039  uplink_kB=363.3  t=3.14s
  round  35/50: acc=0.7404  f1m=0.6202  uplink_kB=363.3  t=3.01s
  round  36/50: acc=0.7448  f1m=0.5541  uplink_kB=363.3  t=3.10s
  round  37/50: acc=0.7618  f1m=0.5822  uplink_kB=363.3  t=3.05s
  round  38/50: acc=0.8346  f1m=0.6548  uplink_kB=363.3  t=3.11s
  round  39/50: acc=0.8188  f1m=0.6667  uplink_kB=363.3  t=3.05s
  round  40/50: acc=0.7646  f1m=0.6481  uplink_kB=363.3  t=3.11s
  round  41/50: acc=0.8786  f1m=0.7332  uplink_kB=363.3  t=3.07s
  round  42/50: acc=0.8772  f1m=0.7130  uplink_kB=363.3  t=3.07s
  round  43/50: acc=0.8127  f1m=0.6006  uplink_kB=363.3  t=3.03s
  round  44/50: acc=0.8421  f1m=0.7085  uplink_kB=363.3  t=3.08s
  round  45/50: acc=0.8695  f1m=0.7023  uplink_kB=363.3  t=3.06s
  round  46/50: acc=0.8348  f1m=0.6278  uplink_kB=363.3  t=3.04s
  round  47/50: acc=0.7889  f1m=0.5732  uplink_kB=363.3  t=3.02s
  round  48/50: acc=0.7764  f1m=0.5962  uplink_kB=363.3  t=3.06s
  round  49/50: acc=0.8126  f1m=0.6268  uplink_kB=363.3  t=3.01s
  round  50/50: acc=0.8820  f1m=0.7302  uplink_kB=363.3  t=3.12s
[run] DONE -> /Users/agentra/Documents/hao/working/paper-lab/hao-paper-2026/iotj-fedkan-ids/repo/results/lrsweep_cseciic_mc50k/lrsweep_kan16_lr0p03__dir0.1__seed17/metrics.json  final_acc=0.8820
