[run] device=cpu  seed=37  out=/Users/agentra/Documents/hao/working/paper-lab/hao-paper-2026/iotj-fedkan-ids/repo/results/lrsweep_cseciic_mc50k/lrsweep_kan16_lr0p0003__dir0.1__seed37
[run] model=kan  params=8,640
  round   1/50: acc=0.1402  f1m=0.0327  uplink_kB=363.3  t=3.73s
  round   2/50: acc=0.1741  f1m=0.0515  uplink_kB=363.3  t=3.02s
  round   3/50: acc=0.1826  f1m=0.0544  uplink_kB=363.3  t=3.10s
  round   4/50: acc=0.1681  f1m=0.0492  uplink_kB=363.3  t=3.01s
  round   5/50: acc=0.1923  f1m=0.0537  uplink_kB=363.3  t=3.10s
  round   6/50: acc=0.2002  f1m=0.0595  uplink_kB=363.3  t=2.96s
  round   7/50: acc=0.2348  f1m=0.0749  uplink_kB=363.3  t=3.13s
  round   8/50: acc=0.1362  f1m=0.0482  uplink_kB=363.3  t=2.98s
  round   9/50: acc=0.2073  f1m=0.0602  uplink_kB=363.3  t=3.11s
  round  10/50: acc=0.2092  f1m=0.0603  uplink_kB=363.3  t=3.00s
  round  11/50: acc=0.1977  f1m=0.0548  uplink_kB=363.3  t=3.03s
  round  12/50: acc=0.1899  f1m=0.0506  uplink_kB=363.3  t=2.96s
  round  13/50: acc=0.1892  f1m=0.0500  uplink_kB=363.3  t=3.04s
  round  14/50: acc=0.1912  f1m=0.0507  uplink_kB=363.3  t=3.06s
  round  15/50: acc=0.1896  f1m=0.0504  uplink_kB=363.3  t=3.03s
  round  16/50: acc=0.1900  f1m=0.0509  uplink_kB=363.3  t=3.04s
  round  17/50: acc=0.1974  f1m=0.0583  uplink_kB=363.3  t=3.06s
  round  18/50: acc=0.1986  f1m=0.0594  uplink_kB=363.3  t=2.97s
  round  19/50: acc=0.1990  f1m=0.0575  uplink_kB=363.3  t=3.09s
  round  20/50: acc=0.1992  f1m=0.0557  uplink_kB=363.3  t=2.93s
  round  21/50: acc=0.1994  f1m=0.0557  uplink_kB=363.3  t=3.10s
  round  22/50: acc=0.2014  f1m=0.0564  uplink_kB=363.3  t=3.01s
  round  23/50: acc=0.2015  f1m=0.0564  uplink_kB=363.3  t=3.04s
  round  24/50: acc=0.2020  f1m=0.0566  uplink_kB=363.3  t=3.01s
  round  25/50: acc=0.2031  f1m=0.0573  uplink_kB=363.3  t=3.05s
  round  26/50: acc=0.2052  f1m=0.0580  uplink_kB=363.3  t=3.01s
  round  27/50: acc=0.2060  f1m=0.0582  uplink_kB=363.3  t=3.04s
  round  28/50: acc=0.2067  f1m=0.0583  uplink_kB=363.3  t=2.99s
  round  29/50: acc=0.2073  f1m=0.0554  uplink_kB=363.3  t=3.03s
  round  30/50: acc=0.2467  f1m=0.0742  uplink_kB=363.3  t=2.95s
  round  31/50: acc=0.3020  f1m=0.0940  uplink_kB=363.3  t=3.13s
  round  32/50: acc=0.3218  f1m=0.1089  uplink_kB=363.3  t=2.97s
  round  33/50: acc=0.4594  f1m=0.2065  uplink_kB=363.3  t=3.10s
  round  34/50: acc=0.4626  f1m=0.2070  uplink_kB=363.3  t=3.06s
  round  35/50: acc=0.4639  f1m=0.2073  uplink_kB=363.3  t=2.97s
  round  36/50: acc=0.4604  f1m=0.2062  uplink_kB=363.3  t=3.05s
  round  37/50: acc=0.4609  f1m=0.2066  uplink_kB=363.3  t=3.02s
  round  38/50: acc=0.4613  f1m=0.2069  uplink_kB=363.3  t=3.02s
  round  39/50: acc=0.4618  f1m=0.2072  uplink_kB=363.3  t=3.04s
  round  40/50: acc=0.4627  f1m=0.2077  uplink_kB=363.3  t=2.99s
  round  41/50: acc=0.4843  f1m=0.2294  uplink_kB=363.3  t=2.97s
  round  42/50: acc=0.4845  f1m=0.2296  uplink_kB=363.3  t=3.01s
  round  43/50: acc=0.4849  f1m=0.2298  uplink_kB=363.3  t=3.05s
  round  44/50: acc=0.4852  f1m=0.2300  uplink_kB=363.3  t=3.00s
  round  45/50: acc=0.4854  f1m=0.2301  uplink_kB=363.3  t=3.05s
  round  46/50: acc=0.4856  f1m=0.2302  uplink_kB=363.3  t=3.00s
  round  47/50: acc=0.4856  f1m=0.2302  uplink_kB=363.3  t=3.02s
  round  48/50: acc=0.4858  f1m=0.2302  uplink_kB=363.3  t=3.04s
  round  49/50: acc=0.4866  f1m=0.2305  uplink_kB=363.3  t=3.02s
  round  50/50: acc=0.4873  f1m=0.2307  uplink_kB=363.3  t=3.03s
[run] DONE -> /Users/agentra/Documents/hao/working/paper-lab/hao-paper-2026/iotj-fedkan-ids/repo/results/lrsweep_cseciic_mc50k/lrsweep_kan16_lr0p0003__dir0.1__seed37/metrics.json  final_acc=0.4873
