[run] device=cpu  seed=17  out=/Users/agentra/Documents/hao/working/paper-lab/hao-paper-2026/iotj-fedkan-ids/repo/results/lrsweep_cseciic_mc50k/lrsweep_mlp80_lr0p001__dir0.1__seed17
[run] model=mlp  params=4,415
  round   1/50: acc=0.2638  f1m=0.0927  uplink_kB=172.5  t=1.71s
  round   2/50: acc=0.2855  f1m=0.0945  uplink_kB=172.5  t=1.06s
  round   3/50: acc=0.2991  f1m=0.0980  uplink_kB=172.5  t=1.08s
  round   4/50: acc=0.4628  f1m=0.2013  uplink_kB=172.5  t=1.07s
  round   5/50: acc=0.4911  f1m=0.2155  uplink_kB=172.5  t=1.07s
  round   6/50: acc=0.4937  f1m=0.2195  uplink_kB=172.5  t=1.05s
  round   7/50: acc=0.4942  f1m=0.2190  uplink_kB=172.5  t=1.10s
  round   8/50: acc=0.4948  f1m=0.2188  uplink_kB=172.5  t=1.06s
  round   9/50: acc=0.4950  f1m=0.2186  uplink_kB=172.5  t=1.10s
  round  10/50: acc=0.4967  f1m=0.2203  uplink_kB=172.5  t=1.08s
  round  11/50: acc=0.5044  f1m=0.2274  uplink_kB=172.5  t=1.09s
  round  12/50: acc=0.5434  f1m=0.2819  uplink_kB=172.5  t=1.04s
  round  13/50: acc=0.5550  f1m=0.3008  uplink_kB=172.5  t=1.05s
  round  14/50: acc=0.5550  f1m=0.2994  uplink_kB=172.5  t=1.05s
  round  15/50: acc=0.5571  f1m=0.2997  uplink_kB=172.5  t=1.01s
  round  16/50: acc=0.5601  f1m=0.3041  uplink_kB=172.5  t=1.03s
  round  17/50: acc=0.5630  f1m=0.3060  uplink_kB=172.5  t=1.11s
  round  18/50: acc=0.6115  f1m=0.3668  uplink_kB=172.5  t=1.01s
  round  19/50: acc=0.6188  f1m=0.3720  uplink_kB=172.5  t=1.09s
  round  20/50: acc=0.6186  f1m=0.3712  uplink_kB=172.5  t=1.04s
  round  21/50: acc=0.6206  f1m=0.3716  uplink_kB=172.5  t=1.09s
  round  22/50: acc=0.6293  f1m=0.3839  uplink_kB=172.5  t=1.01s
  round  23/50: acc=0.6285  f1m=0.3820  uplink_kB=172.5  t=1.09s
  round  24/50: acc=0.6285  f1m=0.3816  uplink_kB=172.5  t=1.03s
  round  25/50: acc=0.6293  f1m=0.3822  uplink_kB=172.5  t=1.05s
  round  26/50: acc=0.6339  f1m=0.3854  uplink_kB=172.5  t=1.01s
  round  27/50: acc=0.6388  f1m=0.4471  uplink_kB=172.5  t=1.07s
  round  28/50: acc=0.6411  f1m=0.4501  uplink_kB=172.5  t=1.04s
  round  29/50: acc=0.6418  f1m=0.4510  uplink_kB=172.5  t=1.10s
  round  30/50: acc=0.6422  f1m=0.4521  uplink_kB=172.5  t=0.93s
  round  31/50: acc=0.6437  f1m=0.4349  uplink_kB=172.5  t=1.14s
  round  32/50: acc=0.6438  f1m=0.4315  uplink_kB=172.5  t=1.17s
  round  33/50: acc=0.6444  f1m=0.4323  uplink_kB=172.5  t=1.16s
  round  34/50: acc=0.6543  f1m=0.4389  uplink_kB=172.5  t=1.08s
  round  35/50: acc=0.6544  f1m=0.4371  uplink_kB=172.5  t=1.09s
  round  36/50: acc=0.6551  f1m=0.4368  uplink_kB=172.5  t=1.04s
  round  37/50: acc=0.6550  f1m=0.4366  uplink_kB=172.5  t=1.10s
  round  38/50: acc=0.6550  f1m=0.4356  uplink_kB=172.5  t=1.10s
  round  39/50: acc=0.6558  f1m=0.4374  uplink_kB=172.5  t=1.14s
  round  40/50: acc=0.6566  f1m=0.4386  uplink_kB=172.5  t=1.07s
  round  41/50: acc=0.6570  f1m=0.4399  uplink_kB=172.5  t=1.07s
  round  42/50: acc=0.6576  f1m=0.4424  uplink_kB=172.5  t=1.03s
  round  43/50: acc=0.6577  f1m=0.4417  uplink_kB=172.5  t=1.11s
  round  44/50: acc=0.6575  f1m=0.4424  uplink_kB=172.5  t=1.04s
  round  45/50: acc=0.6595  f1m=0.4462  uplink_kB=172.5  t=1.12s
  round  46/50: acc=0.6583  f1m=0.4441  uplink_kB=172.5  t=1.01s
  round  47/50: acc=0.6600  f1m=0.4494  uplink_kB=172.5  t=1.09s
  round  48/50: acc=0.6666  f1m=0.4734  uplink_kB=172.5  t=1.11s
  round  49/50: acc=0.6671  f1m=0.4782  uplink_kB=172.5  t=1.10s
  round  50/50: acc=0.6622  f1m=0.4551  uplink_kB=172.5  t=1.28s
[run] DONE -> /Users/agentra/Documents/hao/working/paper-lab/hao-paper-2026/iotj-fedkan-ids/repo/results/lrsweep_cseciic_mc50k/lrsweep_mlp80_lr0p001__dir0.1__seed17/metrics.json  final_acc=0.6622
