[run] device=cpu  seed=43  out=/Users/agentra/Documents/hao/working/paper-lab/hao-paper-2026/iotj-fedkan-ids/repo/results/lrsweep_cseciic_mc50k/lrsweep_kan8_lr0p003__dir0.1__seed43
[run] model=kan  params=4,320
  round   1/50: acc=0.1853  f1m=0.0490  uplink_kB=190.8  t=3.14s
  round   2/50: acc=0.1861  f1m=0.0494  uplink_kB=190.8  t=2.51s
  round   3/50: acc=0.1880  f1m=0.0469  uplink_kB=190.8  t=2.58s
  round   4/50: acc=0.3750  f1m=0.1390  uplink_kB=190.8  t=2.52s
  round   5/50: acc=0.3653  f1m=0.1431  uplink_kB=190.8  t=2.74s
  round   6/50: acc=0.3560  f1m=0.1421  uplink_kB=190.8  t=2.54s
  round   7/50: acc=0.3902  f1m=0.1666  uplink_kB=190.8  t=2.67s
  round   8/50: acc=0.4309  f1m=0.2529  uplink_kB=190.8  t=2.59s
  round   9/50: acc=0.4772  f1m=0.2991  uplink_kB=190.8  t=2.68s
  round  10/50: acc=0.5771  f1m=0.3568  uplink_kB=190.8  t=2.53s
  round  11/50: acc=0.5754  f1m=0.3435  uplink_kB=190.8  t=2.72s
  round  12/50: acc=0.5840  f1m=0.3478  uplink_kB=190.8  t=2.53s
  round  13/50: acc=0.5897  f1m=0.3502  uplink_kB=190.8  t=2.61s
  round  14/50: acc=0.5920  f1m=0.3525  uplink_kB=190.8  t=2.52s
  round  15/50: acc=0.5962  f1m=0.3603  uplink_kB=190.8  t=2.64s
  round  16/50: acc=0.6001  f1m=0.3752  uplink_kB=190.8  t=2.57s
  round  17/50: acc=0.6029  f1m=0.3843  uplink_kB=190.8  t=2.68s
  round  18/50: acc=0.6097  f1m=0.4133  uplink_kB=190.8  t=2.55s
  round  19/50: acc=0.6105  f1m=0.4146  uplink_kB=190.8  t=2.58s
  round  20/50: acc=0.6200  f1m=0.4239  uplink_kB=190.8  t=2.58s
  round  21/50: acc=0.6251  f1m=0.4298  uplink_kB=190.8  t=2.66s
  round  22/50: acc=0.6271  f1m=0.4324  uplink_kB=190.8  t=2.53s
  round  23/50: acc=0.6304  f1m=0.4352  uplink_kB=190.8  t=2.71s
  round  24/50: acc=0.6820  f1m=0.4709  uplink_kB=190.8  t=2.55s
  round  25/50: acc=0.7008  f1m=0.4825  uplink_kB=190.8  t=2.67s
  round  26/50: acc=0.7012  f1m=0.4830  uplink_kB=190.8  t=2.52s
  round  27/50: acc=0.7016  f1m=0.4837  uplink_kB=190.8  t=2.62s
  round  28/50: acc=0.7021  f1m=0.4847  uplink_kB=190.8  t=2.51s
  round  29/50: acc=0.7022  f1m=0.4848  uplink_kB=190.8  t=2.64s
  round  30/50: acc=0.7026  f1m=0.4854  uplink_kB=190.8  t=2.54s
  round  31/50: acc=0.7045  f1m=0.4884  uplink_kB=190.8  t=2.68s
  round  32/50: acc=0.7038  f1m=0.4871  uplink_kB=190.8  t=2.59s
  round  33/50: acc=0.7032  f1m=0.4860  uplink_kB=190.8  t=2.61s
  round  34/50: acc=0.7161  f1m=0.5195  uplink_kB=190.8  t=2.52s
  round  35/50: acc=0.7215  f1m=0.5292  uplink_kB=190.8  t=2.65s
  round  36/50: acc=0.7225  f1m=0.5284  uplink_kB=190.8  t=2.54s
  round  37/50: acc=0.7359  f1m=0.5387  uplink_kB=190.8  t=2.64s
  round  38/50: acc=0.7371  f1m=0.5374  uplink_kB=190.8  t=2.54s
  round  39/50: acc=0.7444  f1m=0.5438  uplink_kB=190.8  t=2.64s
  round  40/50: acc=0.7843  f1m=0.6084  uplink_kB=190.8  t=2.60s
  round  41/50: acc=0.7444  f1m=0.5437  uplink_kB=190.8  t=2.61s
  round  42/50: acc=0.7897  f1m=0.6175  uplink_kB=190.8  t=2.60s
  round  43/50: acc=0.7894  f1m=0.6167  uplink_kB=190.8  t=2.58s
  round  44/50: acc=0.7954  f1m=0.6259  uplink_kB=190.8  t=2.60s
  round  45/50: acc=0.7995  f1m=0.6317  uplink_kB=190.8  t=2.65s
  round  46/50: acc=0.7956  f1m=0.6264  uplink_kB=190.8  t=2.59s
  round  47/50: acc=0.8163  f1m=0.6553  uplink_kB=190.8  t=2.58s
  round  48/50: acc=0.8199  f1m=0.6597  uplink_kB=190.8  t=2.54s
  round  49/50: acc=0.8063  f1m=0.6406  uplink_kB=190.8  t=2.56s
  round  50/50: acc=0.8085  f1m=0.6433  uplink_kB=190.8  t=2.56s
[run] DONE -> /Users/agentra/Documents/hao/working/paper-lab/hao-paper-2026/iotj-fedkan-ids/repo/results/lrsweep_cseciic_mc50k/lrsweep_kan8_lr0p003__dir0.1__seed43/metrics.json  final_acc=0.8085
