[run] device=cpu  seed=42  out=/Users/agentra/Documents/hao/working/paper-lab/hao-paper-2026/iotj-fedkan-ids/repo/results/lrsweep_cseciic_mc/lrsweep_kan16_lr0p03__dir0.1__seed42
[run] model=kan  params=8,640
  round   1/50: acc=0.2748  f1m=0.0573  uplink_kB=363.3  t=7.13s
  round   2/50: acc=0.4667  f1m=0.2532  uplink_kB=363.3  t=6.39s
  round   3/50: acc=0.5768  f1m=0.3953  uplink_kB=363.3  t=6.36s
  round   4/50: acc=0.7418  f1m=0.5043  uplink_kB=363.3  t=6.29s
  round   5/50: acc=0.7029  f1m=0.4774  uplink_kB=363.3  t=6.53s
  round   6/50: acc=0.8293  f1m=0.5631  uplink_kB=363.3  t=6.37s
  round   7/50: acc=0.7805  f1m=0.5340  uplink_kB=363.3  t=6.35s
  round   8/50: acc=0.8493  f1m=0.5853  uplink_kB=363.3  t=6.38s
  round   9/50: acc=0.7087  f1m=0.4808  uplink_kB=363.3  t=6.38s
  round  10/50: acc=0.8595  f1m=0.5794  uplink_kB=363.3  t=6.53s
  round  11/50: acc=0.7280  f1m=0.4995  uplink_kB=363.3  t=7.31s
  round  12/50: acc=0.8625  f1m=0.5905  uplink_kB=363.3  t=7.27s
  round  13/50: acc=0.7936  f1m=0.5432  uplink_kB=363.3  t=6.36s
  round  14/50: acc=0.8580  f1m=0.5834  uplink_kB=363.3  t=6.45s
  round  15/50: acc=0.8479  f1m=0.5791  uplink_kB=363.3  t=6.23s
  round  16/50: acc=0.8505  f1m=0.5897  uplink_kB=363.3  t=6.42s
  round  17/50: acc=0.7763  f1m=0.5379  uplink_kB=363.3  t=6.64s
  round  18/50: acc=0.8537  f1m=0.5870  uplink_kB=363.3  t=7.54s
  round  19/50: acc=0.8620  f1m=0.5928  uplink_kB=363.3  t=6.88s
  round  20/50: acc=0.8609  f1m=0.6093  uplink_kB=363.3  t=6.46s
  round  21/50: acc=0.8495  f1m=0.5856  uplink_kB=363.3  t=6.76s
  round  22/50: acc=0.8443  f1m=0.6099  uplink_kB=363.3  t=6.86s
  round  23/50: acc=0.8613  f1m=0.6103  uplink_kB=363.3  t=6.34s
  round  24/50: acc=0.8576  f1m=0.6608  uplink_kB=363.3  t=6.59s
  round  25/50: acc=0.8665  f1m=0.6721  uplink_kB=363.3  t=6.27s
  round  26/50: acc=0.8618  f1m=0.6599  uplink_kB=363.3  t=6.48s
  round  27/50: acc=0.8651  f1m=0.6637  uplink_kB=363.3  t=6.88s
  round  28/50: acc=0.8619  f1m=0.6832  uplink_kB=363.3  t=6.45s
  round  29/50: acc=0.8747  f1m=0.6750  uplink_kB=363.3  t=6.32s
  round  30/50: acc=0.8638  f1m=0.6614  uplink_kB=363.3  t=6.38s
  round  31/50: acc=0.8573  f1m=0.7296  uplink_kB=363.3  t=6.32s
  round  32/50: acc=0.8666  f1m=0.6827  uplink_kB=363.3  t=6.32s
  round  33/50: acc=0.8638  f1m=0.6709  uplink_kB=363.3  t=6.46s
  round  34/50: acc=0.8661  f1m=0.6828  uplink_kB=363.3  t=6.54s
  round  35/50: acc=0.8363  f1m=0.5939  uplink_kB=363.3  t=6.58s
  round  36/50: acc=0.8697  f1m=0.7391  uplink_kB=363.3  t=6.28s
  round  37/50: acc=0.8689  f1m=0.6709  uplink_kB=363.3  t=6.36s
  round  38/50: acc=0.8623  f1m=0.6569  uplink_kB=363.3  t=6.64s
  round  39/50: acc=0.8608  f1m=0.6696  uplink_kB=363.3  t=6.34s
  round  40/50: acc=0.8635  f1m=0.7345  uplink_kB=363.3  t=6.37s
  round  41/50: acc=0.8572  f1m=0.7110  uplink_kB=363.3  t=6.41s
  round  42/50: acc=0.8579  f1m=0.6580  uplink_kB=363.3  t=6.36s
  round  43/50: acc=0.8560  f1m=0.6594  uplink_kB=363.3  t=6.50s
  round  44/50: acc=0.8609  f1m=0.7285  uplink_kB=363.3  t=6.42s
  round  45/50: acc=0.8692  f1m=0.7379  uplink_kB=363.3  t=6.49s
  round  46/50: acc=0.7232  f1m=0.6088  uplink_kB=363.3  t=6.49s
  round  47/50: acc=0.7403  f1m=0.5710  uplink_kB=363.3  t=6.50s
  round  48/50: acc=0.8657  f1m=0.6398  uplink_kB=363.3  t=6.44s
  round  49/50: acc=0.8615  f1m=0.7287  uplink_kB=363.3  t=6.47s
  round  50/50: acc=0.8567  f1m=0.6532  uplink_kB=363.3  t=6.13s
[run] DONE -> /Users/agentra/Documents/hao/working/paper-lab/hao-paper-2026/iotj-fedkan-ids/repo/results/lrsweep_cseciic_mc/lrsweep_kan16_lr0p03__dir0.1__seed42/metrics.json  final_acc=0.8567
