[run] device=cpu  seed=31  out=/Users/agentra/Documents/hao/working/paper-lab/hao-paper-2026/iotj-fedkan-ids/repo/results/lrsweep_cseciic_mc/lrsweep_kan8_lr0p0003__dir0.1__seed31
[run] model=kan  params=4,320
  round   1/50: acc=0.2807  f1m=0.0599  uplink_kB=190.8  t=6.37s
  round   2/50: acc=0.1545  f1m=0.0178  uplink_kB=190.8  t=5.70s
  round   3/50: acc=0.1545  f1m=0.0178  uplink_kB=190.8  t=5.81s
  round   4/50: acc=0.1545  f1m=0.0178  uplink_kB=190.8  t=5.84s
  round   5/50: acc=0.1545  f1m=0.0178  uplink_kB=190.8  t=5.72s
  round   6/50: acc=0.1545  f1m=0.0178  uplink_kB=190.8  t=5.76s
  round   7/50: acc=0.1545  f1m=0.0178  uplink_kB=190.8  t=5.70s
  round   8/50: acc=0.1545  f1m=0.0178  uplink_kB=190.8  t=5.77s
  round   9/50: acc=0.1545  f1m=0.0178  uplink_kB=190.8  t=5.77s
  round  10/50: acc=0.1545  f1m=0.0178  uplink_kB=190.8  t=5.78s
  round  11/50: acc=0.1545  f1m=0.0181  uplink_kB=190.8  t=5.88s
  round  12/50: acc=0.1661  f1m=0.0267  uplink_kB=190.8  t=5.65s
  round  13/50: acc=0.2106  f1m=0.0509  uplink_kB=190.8  t=5.66s
  round  14/50: acc=0.2645  f1m=0.0687  uplink_kB=190.8  t=5.68s
  round  15/50: acc=0.2999  f1m=0.0766  uplink_kB=190.8  t=5.78s
  round  16/50: acc=0.4397  f1m=0.1297  uplink_kB=190.8  t=5.74s
  round  17/50: acc=0.4386  f1m=0.1292  uplink_kB=190.8  t=5.73s
  round  18/50: acc=0.4395  f1m=0.1296  uplink_kB=190.8  t=5.89s
  round  19/50: acc=0.4469  f1m=0.1294  uplink_kB=190.8  t=5.77s
  round  20/50: acc=0.4520  f1m=0.1308  uplink_kB=190.8  t=5.67s
  round  21/50: acc=0.4534  f1m=0.1317  uplink_kB=190.8  t=5.72s
  round  22/50: acc=0.4558  f1m=0.1327  uplink_kB=190.8  t=5.66s
  round  23/50: acc=0.4537  f1m=0.1361  uplink_kB=190.8  t=5.88s
  round  24/50: acc=0.4552  f1m=0.1372  uplink_kB=190.8  t=5.74s
  round  25/50: acc=0.4772  f1m=0.1532  uplink_kB=190.8  t=5.81s
  round  26/50: acc=0.4732  f1m=0.2113  uplink_kB=190.8  t=5.81s
  round  27/50: acc=0.4732  f1m=0.2114  uplink_kB=190.8  t=5.75s
  round  28/50: acc=0.4726  f1m=0.2121  uplink_kB=190.8  t=5.70s
  round  29/50: acc=0.4729  f1m=0.2165  uplink_kB=190.8  t=5.62s
  round  30/50: acc=0.4733  f1m=0.2168  uplink_kB=190.8  t=5.93s
  round  31/50: acc=0.4734  f1m=0.2196  uplink_kB=190.8  t=5.75s
  round  32/50: acc=0.4736  f1m=0.2159  uplink_kB=190.8  t=5.71s
  round  33/50: acc=0.4735  f1m=0.1991  uplink_kB=190.8  t=5.62s
  round  34/50: acc=0.4735  f1m=0.1846  uplink_kB=190.8  t=5.60s
  round  35/50: acc=0.4736  f1m=0.1766  uplink_kB=190.8  t=5.73s
  round  36/50: acc=0.4742  f1m=0.1753  uplink_kB=190.8  t=5.65s
  round  37/50: acc=0.4748  f1m=0.1750  uplink_kB=190.8  t=5.83s
  round  38/50: acc=0.4750  f1m=0.1752  uplink_kB=190.8  t=5.93s
  round  39/50: acc=0.4757  f1m=0.1755  uplink_kB=190.8  t=5.90s
  round  40/50: acc=0.4760  f1m=0.1756  uplink_kB=190.8  t=5.81s
  round  41/50: acc=0.4761  f1m=0.1758  uplink_kB=190.8  t=5.75s
  round  42/50: acc=0.4786  f1m=0.1853  uplink_kB=190.8  t=5.65s
  round  43/50: acc=0.5030  f1m=0.2385  uplink_kB=190.8  t=5.81s
  round  44/50: acc=0.5152  f1m=0.2516  uplink_kB=190.8  t=5.69s
  round  45/50: acc=0.5263  f1m=0.2650  uplink_kB=190.8  t=5.67s
  round  46/50: acc=0.5285  f1m=0.2672  uplink_kB=190.8  t=5.73s
  round  47/50: acc=0.5293  f1m=0.2676  uplink_kB=190.8  t=5.80s
  round  48/50: acc=0.5300  f1m=0.2669  uplink_kB=190.8  t=5.83s
  round  49/50: acc=0.5347  f1m=0.2763  uplink_kB=190.8  t=5.56s
  round  50/50: acc=0.5352  f1m=0.2765  uplink_kB=190.8  t=5.58s
[run] DONE -> /Users/agentra/Documents/hao/working/paper-lab/hao-paper-2026/iotj-fedkan-ids/repo/results/lrsweep_cseciic_mc/lrsweep_kan8_lr0p0003__dir0.1__seed31/metrics.json  final_acc=0.5352
