[run] device=cpu  seed=106  out=/Users/agentra/Documents/hao/working/paper-lab/hao-paper-2026/iotj-fedkan-ids/repo/results/lrsweep_cseciic/lrsweep_kan8_lr0p003__dir0.1__seed106
[run] model=kan  params=3,280
  round   1/50: acc=0.4996  f1m=0.3335  uplink_kB=150.2  t=2.55s
  round   2/50: acc=0.5051  f1m=0.3458  uplink_kB=150.2  t=2.07s
  round   3/50: acc=0.5157  f1m=0.3680  uplink_kB=150.2  t=1.92s
  round   4/50: acc=0.5390  f1m=0.4153  uplink_kB=150.2  t=1.95s
  round   5/50: acc=0.5789  f1m=0.4892  uplink_kB=150.2  t=1.95s
  round   6/50: acc=0.6322  f1m=0.5759  uplink_kB=150.2  t=1.84s
  round   7/50: acc=0.7668  f1m=0.7542  uplink_kB=150.2  t=1.83s
  round   8/50: acc=0.8282  f1m=0.8235  uplink_kB=150.2  t=1.88s
  round   9/50: acc=0.9096  f1m=0.9090  uplink_kB=150.2  t=1.92s
  round  10/50: acc=0.9098  f1m=0.9093  uplink_kB=150.2  t=1.94s
  round  11/50: acc=0.9164  f1m=0.9160  uplink_kB=150.2  t=1.94s
  round  12/50: acc=0.9208  f1m=0.9205  uplink_kB=150.2  t=1.91s
  round  13/50: acc=0.9229  f1m=0.9226  uplink_kB=150.2  t=1.84s
  round  14/50: acc=0.9230  f1m=0.9228  uplink_kB=150.2  t=1.92s
  round  15/50: acc=0.9227  f1m=0.9225  uplink_kB=150.2  t=1.93s
  round  16/50: acc=0.9221  f1m=0.9218  uplink_kB=150.2  t=1.92s
  round  17/50: acc=0.9220  f1m=0.9217  uplink_kB=150.2  t=1.91s
  round  18/50: acc=0.9218  f1m=0.9216  uplink_kB=150.2  t=1.93s
  round  19/50: acc=0.9218  f1m=0.9216  uplink_kB=150.2  t=1.86s
  round  20/50: acc=0.9217  f1m=0.9215  uplink_kB=150.2  t=1.83s
  round  21/50: acc=0.9216  f1m=0.9213  uplink_kB=150.2  t=1.93s
  round  22/50: acc=0.9214  f1m=0.9212  uplink_kB=150.2  t=1.92s
  round  23/50: acc=0.9208  f1m=0.9205  uplink_kB=150.2  t=1.88s
  round  24/50: acc=0.9204  f1m=0.9202  uplink_kB=150.2  t=1.92s
  round  25/50: acc=0.9203  f1m=0.9201  uplink_kB=150.2  t=1.86s
  round  26/50: acc=0.9203  f1m=0.9200  uplink_kB=150.2  t=1.98s
  round  27/50: acc=0.9198  f1m=0.9196  uplink_kB=150.2  t=1.92s
  round  28/50: acc=0.9197  f1m=0.9195  uplink_kB=150.2  t=1.94s
  round  29/50: acc=0.9199  f1m=0.9197  uplink_kB=150.2  t=1.92s
  round  30/50: acc=0.9199  f1m=0.9197  uplink_kB=150.2  t=1.92s
  round  31/50: acc=0.9196  f1m=0.9194  uplink_kB=150.2  t=1.85s
  round  32/50: acc=0.9194  f1m=0.9192  uplink_kB=150.2  t=1.79s
  round  33/50: acc=0.9194  f1m=0.9192  uplink_kB=150.2  t=2.03s
  round  34/50: acc=0.9192  f1m=0.9189  uplink_kB=150.2  t=1.89s
  round  35/50: acc=0.9191  f1m=0.9189  uplink_kB=150.2  t=1.91s
  round  36/50: acc=0.9193  f1m=0.9191  uplink_kB=150.2  t=1.89s
  round  37/50: acc=0.9195  f1m=0.9193  uplink_kB=150.2  t=1.91s
  round  38/50: acc=0.9193  f1m=0.9191  uplink_kB=150.2  t=1.93s
  round  39/50: acc=0.9194  f1m=0.9192  uplink_kB=150.2  t=1.82s
  round  40/50: acc=0.9198  f1m=0.9196  uplink_kB=150.2  t=1.88s
  round  41/50: acc=0.9235  f1m=0.9233  uplink_kB=150.2  t=1.88s
  round  42/50: acc=0.9234  f1m=0.9232  uplink_kB=150.2  t=1.90s
  round  43/50: acc=0.9234  f1m=0.9232  uplink_kB=150.2  t=1.92s
  round  44/50: acc=0.9236  f1m=0.9234  uplink_kB=150.2  t=1.92s
  round  45/50: acc=0.9238  f1m=0.9236  uplink_kB=150.2  t=1.85s
  round  46/50: acc=0.9236  f1m=0.9234  uplink_kB=150.2  t=1.87s
  round  47/50: acc=0.9228  f1m=0.9226  uplink_kB=150.2  t=1.90s
  round  48/50: acc=0.9270  f1m=0.9269  uplink_kB=150.2  t=1.88s
  round  49/50: acc=0.9258  f1m=0.9257  uplink_kB=150.2  t=1.88s
  round  50/50: acc=0.9236  f1m=0.9235  uplink_kB=150.2  t=1.85s
[run] DONE -> /Users/agentra/Documents/hao/working/paper-lab/hao-paper-2026/iotj-fedkan-ids/repo/results/lrsweep_cseciic/lrsweep_kan8_lr0p003__dir0.1__seed106/metrics.json  final_acc=0.9236
