[run] device=cpu  seed=17  out=/Users/agentra/Documents/hao/working/paper-lab/hao-paper-2026/iotj-fedkan-ids/repo/results/lrsweep_toniot/lrsweep_mlp80_lr0p01__dir0.1__seed17
[run] model=mlp  params=3,362
  round   1/50: acc=0.5000  f1m=0.3333  uplink_kB=131.3  t=1.19s
  round   2/50: acc=0.5000  f1m=0.3333  uplink_kB=131.3  t=0.64s
  round   3/50: acc=0.5000  f1m=0.3333  uplink_kB=131.3  t=0.65s
  round   4/50: acc=0.5023  f1m=0.3389  uplink_kB=131.3  t=0.69s
  round   5/50: acc=0.5025  f1m=0.3395  uplink_kB=131.3  t=0.67s
  round   6/50: acc=0.5025  f1m=0.3410  uplink_kB=131.3  t=0.62s
  round   7/50: acc=0.5270  f1m=0.4063  uplink_kB=131.3  t=0.67s
  round   8/50: acc=0.5322  f1m=0.4257  uplink_kB=131.3  t=0.66s
  round   9/50: acc=0.5629  f1m=0.4840  uplink_kB=131.3  t=0.68s
  round  10/50: acc=0.5657  f1m=0.4887  uplink_kB=131.3  t=0.66s
  round  11/50: acc=0.5670  f1m=0.4912  uplink_kB=131.3  t=0.67s
  round  12/50: acc=0.5727  f1m=0.5019  uplink_kB=131.3  t=0.61s
  round  13/50: acc=0.5748  f1m=0.5065  uplink_kB=131.3  t=0.68s
  round  14/50: acc=0.5775  f1m=0.5099  uplink_kB=131.3  t=0.70s
  round  15/50: acc=0.5797  f1m=0.5157  uplink_kB=131.3  t=0.67s
  round  16/50: acc=0.5829  f1m=0.5236  uplink_kB=131.3  t=0.67s
  round  17/50: acc=0.5859  f1m=0.5330  uplink_kB=131.3  t=0.68s
  round  18/50: acc=0.5827  f1m=0.5435  uplink_kB=131.3  t=0.71s
  round  19/50: acc=0.5844  f1m=0.5425  uplink_kB=131.3  t=0.62s
  round  20/50: acc=0.5853  f1m=0.5422  uplink_kB=131.3  t=0.67s
  round  21/50: acc=0.5841  f1m=0.5393  uplink_kB=131.3  t=0.66s
  round  22/50: acc=0.5893  f1m=0.5502  uplink_kB=131.3  t=0.68s
  round  23/50: acc=0.5884  f1m=0.5494  uplink_kB=131.3  t=0.68s
  round  24/50: acc=0.6097  f1m=0.5810  uplink_kB=131.3  t=0.67s
  round  25/50: acc=0.6127  f1m=0.5850  uplink_kB=131.3  t=0.66s
  round  26/50: acc=0.6149  f1m=0.5888  uplink_kB=131.3  t=0.62s
  round  27/50: acc=0.6137  f1m=0.5839  uplink_kB=131.3  t=0.67s
  round  28/50: acc=0.6165  f1m=0.5885  uplink_kB=131.3  t=0.65s
  round  29/50: acc=0.6142  f1m=0.5841  uplink_kB=131.3  t=0.71s
  round  30/50: acc=0.6059  f1m=0.5710  uplink_kB=131.3  t=0.68s
  round  31/50: acc=0.6077  f1m=0.5740  uplink_kB=131.3  t=0.68s
  round  32/50: acc=0.6152  f1m=0.5846  uplink_kB=131.3  t=0.68s
  round  33/50: acc=0.6148  f1m=0.5840  uplink_kB=131.3  t=0.63s
  round  34/50: acc=0.6185  f1m=0.5911  uplink_kB=131.3  t=0.68s
  round  35/50: acc=0.6177  f1m=0.5910  uplink_kB=131.3  t=0.68s
  round  36/50: acc=0.6189  f1m=0.5913  uplink_kB=131.3  t=0.68s
  round  37/50: acc=0.6208  f1m=0.5936  uplink_kB=131.3  t=0.69s
  round  38/50: acc=0.6211  f1m=0.5907  uplink_kB=131.3  t=0.66s
  round  39/50: acc=0.6209  f1m=0.5904  uplink_kB=131.3  t=0.67s
  round  40/50: acc=0.6225  f1m=0.5931  uplink_kB=131.3  t=0.62s
  round  41/50: acc=0.6213  f1m=0.5899  uplink_kB=131.3  t=0.68s
  round  42/50: acc=0.6222  f1m=0.5914  uplink_kB=131.3  t=0.67s
  round  43/50: acc=0.6219  f1m=0.5885  uplink_kB=131.3  t=0.67s
  round  44/50: acc=0.6235  f1m=0.5943  uplink_kB=131.3  t=0.65s
  round  45/50: acc=0.6237  f1m=0.5942  uplink_kB=131.3  t=0.65s
  round  46/50: acc=0.6240  f1m=0.5937  uplink_kB=131.3  t=0.65s
  round  47/50: acc=0.6248  f1m=0.5956  uplink_kB=131.3  t=0.62s
  round  48/50: acc=0.6271  f1m=0.6000  uplink_kB=131.3  t=0.67s
  round  49/50: acc=0.6279  f1m=0.6007  uplink_kB=131.3  t=0.69s
  round  50/50: acc=0.6281  f1m=0.6025  uplink_kB=131.3  t=0.66s
[run] DONE -> /Users/agentra/Documents/hao/working/paper-lab/hao-paper-2026/iotj-fedkan-ids/repo/results/lrsweep_toniot/lrsweep_mlp80_lr0p01__dir0.1__seed17/metrics.json  final_acc=0.6281
