[run] device=cpu  seed=116  out=/Users/agentra/Documents/hao/working/paper-lab/hao-paper-2026/iotj-fedkan-ids/repo/results/lrsweep_toniot/lrsweep_mlp80_lr0p01__dir0.1__seed116
[run] model=mlp  params=3,362
  round   1/50: acc=0.6940  f1m=0.6917  uplink_kB=131.3  t=1.34s
  round   2/50: acc=0.7579  f1m=0.7570  uplink_kB=131.3  t=0.77s
  round   3/50: acc=0.7648  f1m=0.7642  uplink_kB=131.3  t=0.77s
  round   4/50: acc=0.7722  f1m=0.7714  uplink_kB=131.3  t=0.77s
  round   5/50: acc=0.8857  f1m=0.8857  uplink_kB=131.3  t=0.80s
  round   6/50: acc=0.8699  f1m=0.8697  uplink_kB=131.3  t=0.78s
  round   7/50: acc=0.9207  f1m=0.9205  uplink_kB=131.3  t=0.75s
  round   8/50: acc=0.9217  f1m=0.9215  uplink_kB=131.3  t=0.79s
  round   9/50: acc=0.9267  f1m=0.9266  uplink_kB=131.3  t=0.78s
  round  10/50: acc=0.9269  f1m=0.9268  uplink_kB=131.3  t=0.75s
  round  11/50: acc=0.9310  f1m=0.9308  uplink_kB=131.3  t=0.80s
  round  12/50: acc=0.9334  f1m=0.9333  uplink_kB=131.3  t=0.75s
  round  13/50: acc=0.9321  f1m=0.9320  uplink_kB=131.3  t=0.76s
  round  14/50: acc=0.9340  f1m=0.9340  uplink_kB=131.3  t=0.82s
  round  15/50: acc=0.9282  f1m=0.9280  uplink_kB=131.3  t=0.80s
  round  16/50: acc=0.9321  f1m=0.9319  uplink_kB=131.3  t=0.78s
  round  17/50: acc=0.9284  f1m=0.9282  uplink_kB=131.3  t=0.77s
  round  18/50: acc=0.9331  f1m=0.9329  uplink_kB=131.3  t=0.82s
  round  19/50: acc=0.9418  f1m=0.9417  uplink_kB=131.3  t=0.79s
  round  20/50: acc=0.9420  f1m=0.9419  uplink_kB=131.3  t=0.73s
  round  21/50: acc=0.9416  f1m=0.9415  uplink_kB=131.3  t=0.82s
  round  22/50: acc=0.9519  f1m=0.9519  uplink_kB=131.3  t=0.79s
  round  23/50: acc=0.9517  f1m=0.9517  uplink_kB=131.3  t=0.81s
  round  24/50: acc=0.9492  f1m=0.9491  uplink_kB=131.3  t=0.78s
  round  25/50: acc=0.9511  f1m=0.9510  uplink_kB=131.3  t=0.80s
  round  26/50: acc=0.9437  f1m=0.9436  uplink_kB=131.3  t=0.73s
  round  27/50: acc=0.9542  f1m=0.9542  uplink_kB=131.3  t=0.79s
  round  28/50: acc=0.9541  f1m=0.9540  uplink_kB=131.3  t=0.76s
  round  29/50: acc=0.9551  f1m=0.9551  uplink_kB=131.3  t=0.81s
  round  30/50: acc=0.9531  f1m=0.9530  uplink_kB=131.3  t=0.79s
  round  31/50: acc=0.9555  f1m=0.9554  uplink_kB=131.3  t=0.81s
  round  32/50: acc=0.9508  f1m=0.9508  uplink_kB=131.3  t=0.71s
  round  33/50: acc=0.9548  f1m=0.9548  uplink_kB=131.3  t=0.77s
  round  34/50: acc=0.9520  f1m=0.9520  uplink_kB=131.3  t=0.77s
  round  35/50: acc=0.9510  f1m=0.9510  uplink_kB=131.3  t=0.78s
  round  36/50: acc=0.9569  f1m=0.9569  uplink_kB=131.3  t=0.79s
  round  37/50: acc=0.9564  f1m=0.9564  uplink_kB=131.3  t=0.81s
  round  38/50: acc=0.9494  f1m=0.9493  uplink_kB=131.3  t=0.72s
  round  39/50: acc=0.9547  f1m=0.9547  uplink_kB=131.3  t=0.76s
  round  40/50: acc=0.9514  f1m=0.9514  uplink_kB=131.3  t=0.80s
  round  41/50: acc=0.9554  f1m=0.9554  uplink_kB=131.3  t=0.80s
  round  42/50: acc=0.9497  f1m=0.9497  uplink_kB=131.3  t=0.80s
  round  43/50: acc=0.9580  f1m=0.9580  uplink_kB=131.3  t=0.81s
  round  44/50: acc=0.9535  f1m=0.9534  uplink_kB=131.3  t=0.82s
  round  45/50: acc=0.9578  f1m=0.9577  uplink_kB=131.3  t=0.77s
  round  46/50: acc=0.9553  f1m=0.9553  uplink_kB=131.3  t=0.83s
  round  47/50: acc=0.9474  f1m=0.9473  uplink_kB=131.3  t=0.76s
  round  48/50: acc=0.9463  f1m=0.9463  uplink_kB=131.3  t=0.77s
  round  49/50: acc=0.9503  f1m=0.9503  uplink_kB=131.3  t=0.80s
  round  50/50: acc=0.9529  f1m=0.9528  uplink_kB=131.3  t=0.77s
[run] DONE -> /Users/agentra/Documents/hao/working/paper-lab/hao-paper-2026/iotj-fedkan-ids/repo/results/lrsweep_toniot/lrsweep_mlp80_lr0p01__dir0.1__seed116/metrics.json  final_acc=0.9529
