[run] device=cpu  seed=29  out=/Users/agentra/Documents/hao/working/paper-lab/hao-paper-2026/iotj-fedkan-ids/repo/results/lrsweep_botiot/lrsweep_mlp80_lr0p01__dir0.1__seed29
[run] model=mlp  params=3,362
  round   1/50: acc=0.4252  f1m=0.3678  uplink_kB=131.3  t=1.39s
  round   2/50: acc=0.7065  f1m=0.6838  uplink_kB=131.3  t=0.66s
  round   3/50: acc=0.7039  f1m=0.6811  uplink_kB=131.3  t=0.71s
  round   4/50: acc=0.6955  f1m=0.6705  uplink_kB=131.3  t=0.66s
  round   5/50: acc=0.7083  f1m=0.6891  uplink_kB=131.3  t=0.72s
  round   6/50: acc=0.7085  f1m=0.6898  uplink_kB=131.3  t=0.63s
  round   7/50: acc=0.7082  f1m=0.6897  uplink_kB=131.3  t=0.69s
  round   8/50: acc=0.7054  f1m=0.6872  uplink_kB=131.3  t=0.67s
  round   9/50: acc=0.7056  f1m=0.6874  uplink_kB=131.3  t=0.72s
  round  10/50: acc=0.7053  f1m=0.6871  uplink_kB=131.3  t=0.68s
  round  11/50: acc=0.7053  f1m=0.6872  uplink_kB=131.3  t=0.68s
  round  12/50: acc=0.7051  f1m=0.6870  uplink_kB=131.3  t=0.66s
  round  13/50: acc=0.7050  f1m=0.6869  uplink_kB=131.3  t=0.71s
  round  14/50: acc=0.7052  f1m=0.6871  uplink_kB=131.3  t=0.72s
  round  15/50: acc=0.7051  f1m=0.6870  uplink_kB=131.3  t=0.72s
  round  16/50: acc=0.7051  f1m=0.6871  uplink_kB=131.3  t=0.76s
  round  17/50: acc=0.7051  f1m=0.6871  uplink_kB=131.3  t=0.66s
  round  18/50: acc=0.7052  f1m=0.6871  uplink_kB=131.3  t=0.70s
  round  19/50: acc=0.7081  f1m=0.6907  uplink_kB=131.3  t=0.68s
  round  20/50: acc=0.7100  f1m=0.6930  uplink_kB=131.3  t=0.72s
  round  21/50: acc=0.7099  f1m=0.6930  uplink_kB=131.3  t=0.82s
  round  22/50: acc=0.7100  f1m=0.6931  uplink_kB=131.3  t=0.84s
  round  23/50: acc=0.7099  f1m=0.6930  uplink_kB=131.3  t=0.73s
  round  24/50: acc=0.7351  f1m=0.7231  uplink_kB=131.3  t=0.73s
  round  25/50: acc=0.7100  f1m=0.6932  uplink_kB=131.3  t=0.69s
  round  26/50: acc=0.7103  f1m=0.6935  uplink_kB=131.3  t=0.73s
  round  27/50: acc=0.7102  f1m=0.6933  uplink_kB=131.3  t=0.89s
  round  28/50: acc=0.7097  f1m=0.6927  uplink_kB=131.3  t=0.85s
  round  29/50: acc=0.7039  f1m=0.6878  uplink_kB=131.3  t=0.68s
  round  30/50: acc=0.7092  f1m=0.6920  uplink_kB=131.3  t=0.67s
  round  31/50: acc=0.7080  f1m=0.6905  uplink_kB=131.3  t=0.69s
  round  32/50: acc=0.7022  f1m=0.6833  uplink_kB=131.3  t=0.66s
  round  33/50: acc=0.7007  f1m=0.6837  uplink_kB=131.3  t=0.66s
  round  34/50: acc=0.7001  f1m=0.6830  uplink_kB=131.3  t=0.73s
  round  35/50: acc=0.7007  f1m=0.6838  uplink_kB=131.3  t=0.72s
  round  36/50: acc=0.6997  f1m=0.6827  uplink_kB=131.3  t=0.70s
  round  37/50: acc=0.7020  f1m=0.6860  uplink_kB=131.3  t=0.65s
  round  38/50: acc=0.6988  f1m=0.6823  uplink_kB=131.3  t=0.73s
  round  39/50: acc=0.7040  f1m=0.6907  uplink_kB=131.3  t=0.79s
  round  40/50: acc=0.6937  f1m=0.6785  uplink_kB=131.3  t=0.76s
  round  41/50: acc=0.6877  f1m=0.6711  uplink_kB=131.3  t=0.78s
  round  42/50: acc=0.6800  f1m=0.6613  uplink_kB=131.3  t=0.77s
  round  43/50: acc=0.6839  f1m=0.6663  uplink_kB=131.3  t=0.70s
  round  44/50: acc=0.6797  f1m=0.6611  uplink_kB=131.3  t=0.72s
  round  45/50: acc=0.6805  f1m=0.6623  uplink_kB=131.3  t=0.73s
  round  46/50: acc=0.6774  f1m=0.6584  uplink_kB=131.3  t=0.69s
  round  47/50: acc=0.6861  f1m=0.6695  uplink_kB=131.3  t=0.82s
  round  48/50: acc=0.6822  f1m=0.6646  uplink_kB=131.3  t=0.76s
  round  49/50: acc=0.6712  f1m=0.6507  uplink_kB=131.3  t=0.64s
  round  50/50: acc=0.6794  f1m=0.6613  uplink_kB=131.3  t=0.72s
[run] DONE -> /Users/agentra/Documents/hao/working/paper-lab/hao-paper-2026/iotj-fedkan-ids/repo/results/lrsweep_botiot/lrsweep_mlp80_lr0p01__dir0.1__seed29/metrics.json  final_acc=0.6794
