[run] device=cpu  seed=31  out=/Users/agentra/Documents/hao/working/paper-lab/hao-paper-2026/iotj-fedkan-ids/repo/results/lrsweep_botiot/lrsweep_mlp80_lr0p03__dir0.1__seed31
[run] model=mlp  params=3,362
  round   1/50: acc=0.9083  f1m=0.9081  uplink_kB=131.3  t=1.37s
  round   2/50: acc=0.9356  f1m=0.9355  uplink_kB=131.3  t=0.70s
  round   3/50: acc=0.9379  f1m=0.9379  uplink_kB=131.3  t=0.68s
  round   4/50: acc=0.9451  f1m=0.9451  uplink_kB=131.3  t=0.62s
  round   5/50: acc=0.9613  f1m=0.9613  uplink_kB=131.3  t=0.71s
  round   6/50: acc=0.9562  f1m=0.9562  uplink_kB=131.3  t=0.77s
  round   7/50: acc=0.9552  f1m=0.9552  uplink_kB=131.3  t=0.70s
  round   8/50: acc=0.9660  f1m=0.9660  uplink_kB=131.3  t=0.73s
  round   9/50: acc=0.9648  f1m=0.9648  uplink_kB=131.3  t=0.70s
  round  10/50: acc=0.9661  f1m=0.9661  uplink_kB=131.3  t=0.62s
  round  11/50: acc=0.9676  f1m=0.9676  uplink_kB=131.3  t=0.72s
  round  12/50: acc=0.9716  f1m=0.9715  uplink_kB=131.3  t=0.64s
  round  13/50: acc=0.9686  f1m=0.9686  uplink_kB=131.3  t=0.68s
  round  14/50: acc=0.9713  f1m=0.9713  uplink_kB=131.3  t=0.69s
  round  15/50: acc=0.9812  f1m=0.9812  uplink_kB=131.3  t=0.71s
  round  16/50: acc=0.9706  f1m=0.9706  uplink_kB=131.3  t=0.61s
  round  17/50: acc=0.9734  f1m=0.9734  uplink_kB=131.3  t=0.71s
  round  18/50: acc=0.9694  f1m=0.9694  uplink_kB=131.3  t=0.71s
  round  19/50: acc=0.9716  f1m=0.9716  uplink_kB=131.3  t=0.65s
  round  20/50: acc=0.9690  f1m=0.9690  uplink_kB=131.3  t=0.68s
  round  21/50: acc=0.9935  f1m=0.9935  uplink_kB=131.3  t=0.64s
  round  22/50: acc=0.9734  f1m=0.9734  uplink_kB=131.3  t=0.65s
  round  23/50: acc=0.9945  f1m=0.9945  uplink_kB=131.3  t=0.62s
  round  24/50: acc=0.9740  f1m=0.9740  uplink_kB=131.3  t=0.65s
  round  25/50: acc=0.9920  f1m=0.9920  uplink_kB=131.3  t=0.68s
  round  26/50: acc=0.9941  f1m=0.9941  uplink_kB=131.3  t=0.68s
  round  27/50: acc=0.9944  f1m=0.9944  uplink_kB=131.3  t=0.69s
  round  28/50: acc=0.9736  f1m=0.9736  uplink_kB=131.3  t=0.64s
  round  29/50: acc=0.9945  f1m=0.9945  uplink_kB=131.3  t=0.79s
  round  30/50: acc=0.9932  f1m=0.9932  uplink_kB=131.3  t=0.70s
  round  31/50: acc=0.9942  f1m=0.9942  uplink_kB=131.3  t=0.68s
  round  32/50: acc=0.9928  f1m=0.9928  uplink_kB=131.3  t=0.69s
  round  33/50: acc=0.9947  f1m=0.9947  uplink_kB=131.3  t=0.67s
  round  34/50: acc=0.9955  f1m=0.9955  uplink_kB=131.3  t=0.63s
  round  35/50: acc=0.9951  f1m=0.9951  uplink_kB=131.3  t=0.66s
  round  36/50: acc=0.9954  f1m=0.9954  uplink_kB=131.3  t=0.65s
  round  37/50: acc=0.9956  f1m=0.9956  uplink_kB=131.3  t=0.66s
  round  38/50: acc=0.9954  f1m=0.9954  uplink_kB=131.3  t=0.69s
  round  39/50: acc=0.9350  f1m=0.9348  uplink_kB=131.3  t=0.69s
  round  40/50: acc=0.9747  f1m=0.9747  uplink_kB=131.3  t=0.66s
  round  41/50: acc=0.9353  f1m=0.9351  uplink_kB=131.3  t=0.68s
  round  42/50: acc=0.9327  f1m=0.9325  uplink_kB=131.3  t=0.63s
  round  43/50: acc=0.9741  f1m=0.9741  uplink_kB=131.3  t=0.69s
  round  44/50: acc=0.9956  f1m=0.9956  uplink_kB=131.3  t=0.66s
  round  45/50: acc=0.9738  f1m=0.9737  uplink_kB=131.3  t=0.66s
  round  46/50: acc=0.9333  f1m=0.9330  uplink_kB=131.3  t=0.59s
  round  47/50: acc=0.9744  f1m=0.9744  uplink_kB=131.3  t=0.65s
  round  48/50: acc=0.9359  f1m=0.9357  uplink_kB=131.3  t=0.65s
  round  49/50: acc=0.9962  f1m=0.9962  uplink_kB=131.3  t=0.65s
  round  50/50: acc=0.9959  f1m=0.9959  uplink_kB=131.3  t=0.67s
[run] DONE -> /Users/agentra/Documents/hao/working/paper-lab/hao-paper-2026/iotj-fedkan-ids/repo/results/lrsweep_botiot/lrsweep_mlp80_lr0p03__dir0.1__seed31/metrics.json  final_acc=0.9959
