[run] device=cpu  seed=43  out=/Users/agentra/Documents/hao/working/paper-lab/hao-paper-2026/iotj-fedkan-ids/repo/results/lrsweep_botiot/lrsweep_kan8_lr0p0003__dir0.1__seed43
[run] model=kan  params=3,280
  round   1/50: acc=0.4989  f1m=0.3328  uplink_kB=150.2  t=2.30s
  round   2/50: acc=0.4989  f1m=0.3328  uplink_kB=150.2  t=1.62s
  round   3/50: acc=0.4989  f1m=0.3328  uplink_kB=150.2  t=1.63s
  round   4/50: acc=0.4989  f1m=0.3328  uplink_kB=150.2  t=1.59s
  round   5/50: acc=0.4970  f1m=0.3320  uplink_kB=150.2  t=1.72s
  round   6/50: acc=0.7230  f1m=0.7026  uplink_kB=150.2  t=1.71s
  round   7/50: acc=0.7952  f1m=0.7903  uplink_kB=150.2  t=1.67s
  round   8/50: acc=0.8635  f1m=0.8627  uplink_kB=150.2  t=1.67s
  round   9/50: acc=0.8949  f1m=0.8948  uplink_kB=150.2  t=1.66s
  round  10/50: acc=0.9142  f1m=0.9142  uplink_kB=150.2  t=1.66s
  round  11/50: acc=0.9275  f1m=0.9275  uplink_kB=150.2  t=1.60s
  round  12/50: acc=0.9360  f1m=0.9360  uplink_kB=150.2  t=1.67s
  round  13/50: acc=0.9327  f1m=0.9327  uplink_kB=150.2  t=1.71s
  round  14/50: acc=0.9328  f1m=0.9328  uplink_kB=150.2  t=1.68s
  round  15/50: acc=0.9328  f1m=0.9328  uplink_kB=150.2  t=1.65s
  round  16/50: acc=0.9327  f1m=0.9327  uplink_kB=150.2  t=1.61s
  round  17/50: acc=0.9308  f1m=0.9308  uplink_kB=150.2  t=1.63s
  round  18/50: acc=0.9312  f1m=0.9312  uplink_kB=150.2  t=1.62s
  round  19/50: acc=0.9314  f1m=0.9314  uplink_kB=150.2  t=1.63s
  round  20/50: acc=0.9316  f1m=0.9316  uplink_kB=150.2  t=1.67s
  round  21/50: acc=0.9316  f1m=0.9316  uplink_kB=150.2  t=1.71s
  round  22/50: acc=0.9320  f1m=0.9320  uplink_kB=150.2  t=1.68s
  round  23/50: acc=0.9323  f1m=0.9323  uplink_kB=150.2  t=1.70s
  round  24/50: acc=0.9327  f1m=0.9327  uplink_kB=150.2  t=1.64s
  round  25/50: acc=0.9330  f1m=0.9330  uplink_kB=150.2  t=1.62s
  round  26/50: acc=0.9370  f1m=0.9370  uplink_kB=150.2  t=1.59s
  round  27/50: acc=0.9416  f1m=0.9416  uplink_kB=150.2  t=1.71s
  round  28/50: acc=0.9420  f1m=0.9420  uplink_kB=150.2  t=1.69s
  round  29/50: acc=0.9428  f1m=0.9428  uplink_kB=150.2  t=1.69s
  round  30/50: acc=0.9433  f1m=0.9433  uplink_kB=150.2  t=1.64s
  round  31/50: acc=0.9471  f1m=0.9471  uplink_kB=150.2  t=1.57s
  round  32/50: acc=0.9478  f1m=0.9478  uplink_kB=150.2  t=1.64s
  round  33/50: acc=0.9570  f1m=0.9570  uplink_kB=150.2  t=1.65s
  round  34/50: acc=0.9587  f1m=0.9587  uplink_kB=150.2  t=1.62s
  round  35/50: acc=0.9599  f1m=0.9599  uplink_kB=150.2  t=1.63s
  round  36/50: acc=0.9603  f1m=0.9603  uplink_kB=150.2  t=1.64s
  round  37/50: acc=0.9613  f1m=0.9613  uplink_kB=150.2  t=1.60s
  round  38/50: acc=0.9619  f1m=0.9619  uplink_kB=150.2  t=1.64s
  round  39/50: acc=0.9648  f1m=0.9648  uplink_kB=150.2  t=1.67s
  round  40/50: acc=0.9660  f1m=0.9660  uplink_kB=150.2  t=1.66s
  round  41/50: acc=0.9660  f1m=0.9660  uplink_kB=150.2  t=1.67s
  round  42/50: acc=0.9661  f1m=0.9661  uplink_kB=150.2  t=1.66s
  round  43/50: acc=0.9664  f1m=0.9664  uplink_kB=150.2  t=1.64s
  round  44/50: acc=0.9677  f1m=0.9677  uplink_kB=150.2  t=1.56s
  round  45/50: acc=0.9680  f1m=0.9680  uplink_kB=150.2  t=1.67s
  round  46/50: acc=0.9682  f1m=0.9682  uplink_kB=150.2  t=1.67s
  round  47/50: acc=0.9684  f1m=0.9683  uplink_kB=150.2  t=1.67s
  round  48/50: acc=0.9684  f1m=0.9684  uplink_kB=150.2  t=1.64s
  round  49/50: acc=0.9684  f1m=0.9684  uplink_kB=150.2  t=1.66s
  round  50/50: acc=0.9685  f1m=0.9685  uplink_kB=150.2  t=1.64s
[run] DONE -> /Users/agentra/Documents/hao/working/paper-lab/hao-paper-2026/iotj-fedkan-ids/repo/results/lrsweep_botiot/lrsweep_kan8_lr0p0003__dir0.1__seed43/metrics.json  final_acc=0.9685
