[run] device=cpu  seed=118  out=/Users/agentra/Documents/hao/working/paper-lab/hao-paper-2026/iotj-fedkan-ids/repo/results/lrsweep_cseciic_mc50k/lrsweep_kan8_lr0p01__dir0.1__seed118
[run] model=kan  params=4,320
  round   1/50: acc=0.2108  f1m=0.0675  uplink_kB=190.8  t=3.86s
  round   2/50: acc=0.3402  f1m=0.2122  uplink_kB=190.8  t=3.05s
  round   3/50: acc=0.4443  f1m=0.2668  uplink_kB=190.8  t=3.26s
  round   4/50: acc=0.5575  f1m=0.3316  uplink_kB=190.8  t=2.93s
  round   5/50: acc=0.5881  f1m=0.3629  uplink_kB=190.8  t=2.95s
  round   6/50: acc=0.6666  f1m=0.4344  uplink_kB=190.8  t=2.86s
  round   7/50: acc=0.6836  f1m=0.4432  uplink_kB=190.8  t=2.92s
  round   8/50: acc=0.7214  f1m=0.4846  uplink_kB=190.8  t=2.85s
  round   9/50: acc=0.6899  f1m=0.4718  uplink_kB=190.8  t=2.89s
  round  10/50: acc=0.7581  f1m=0.5269  uplink_kB=190.8  t=2.81s
  round  11/50: acc=0.7425  f1m=0.5158  uplink_kB=190.8  t=2.85s
  round  12/50: acc=0.7834  f1m=0.5499  uplink_kB=190.8  t=2.84s
  round  13/50: acc=0.7835  f1m=0.5449  uplink_kB=190.8  t=2.87s
  round  14/50: acc=0.8004  f1m=0.5862  uplink_kB=190.8  t=2.81s
  round  15/50: acc=0.8115  f1m=0.5948  uplink_kB=190.8  t=2.89s
  round  16/50: acc=0.8067  f1m=0.5897  uplink_kB=190.8  t=2.87s
  round  17/50: acc=0.8148  f1m=0.6109  uplink_kB=190.8  t=2.98s
  round  18/50: acc=0.8235  f1m=0.6253  uplink_kB=190.8  t=2.86s
  round  19/50: acc=0.8251  f1m=0.6277  uplink_kB=190.8  t=2.94s
  round  20/50: acc=0.8269  f1m=0.6282  uplink_kB=190.8  t=2.94s
  round  21/50: acc=0.8327  f1m=0.6287  uplink_kB=190.8  t=2.89s
  round  22/50: acc=0.8391  f1m=0.6386  uplink_kB=190.8  t=2.96s
  round  23/50: acc=0.8375  f1m=0.6383  uplink_kB=190.8  t=2.83s
  round  24/50: acc=0.8366  f1m=0.6384  uplink_kB=190.8  t=3.06s
  round  25/50: acc=0.8401  f1m=0.6394  uplink_kB=190.8  t=2.90s
  round  26/50: acc=0.8411  f1m=0.6467  uplink_kB=190.8  t=2.93s
  round  27/50: acc=0.8298  f1m=0.6302  uplink_kB=190.8  t=2.99s
  round  28/50: acc=0.8368  f1m=0.6428  uplink_kB=190.8  t=3.15s
  round  29/50: acc=0.8437  f1m=0.6523  uplink_kB=190.8  t=2.84s
  round  30/50: acc=0.8430  f1m=0.6481  uplink_kB=190.8  t=2.93s
  round  31/50: acc=0.8622  f1m=0.7015  uplink_kB=190.8  t=2.84s
  round  32/50: acc=0.8450  f1m=0.6501  uplink_kB=190.8  t=2.88s
  round  33/50: acc=0.8446  f1m=0.6494  uplink_kB=190.8  t=2.81s
  round  34/50: acc=0.8445  f1m=0.6518  uplink_kB=190.8  t=2.87s
  round  35/50: acc=0.8447  f1m=0.6562  uplink_kB=190.8  t=2.80s
  round  36/50: acc=0.8421  f1m=0.6523  uplink_kB=190.8  t=2.93s
  round  37/50: acc=0.8436  f1m=0.6526  uplink_kB=190.8  t=2.82s
  round  38/50: acc=0.8449  f1m=0.6546  uplink_kB=190.8  t=2.87s
  round  39/50: acc=0.8473  f1m=0.6585  uplink_kB=190.8  t=2.84s
  round  40/50: acc=0.8468  f1m=0.6555  uplink_kB=190.8  t=2.87s
  round  41/50: acc=0.8416  f1m=0.6521  uplink_kB=190.8  t=2.82s
  round  42/50: acc=0.8438  f1m=0.6533  uplink_kB=190.8  t=2.89s
  round  43/50: acc=0.8338  f1m=0.6458  uplink_kB=190.8  t=2.90s
  round  44/50: acc=0.8432  f1m=0.6535  uplink_kB=190.8  t=2.87s
  round  45/50: acc=0.8470  f1m=0.6573  uplink_kB=190.8  t=2.87s
  round  46/50: acc=0.8477  f1m=0.6586  uplink_kB=190.8  t=2.86s
  round  47/50: acc=0.8491  f1m=0.6594  uplink_kB=190.8  t=2.84s
  round  48/50: acc=0.8459  f1m=0.6563  uplink_kB=190.8  t=2.92s
  round  49/50: acc=0.8447  f1m=0.6558  uplink_kB=190.8  t=2.81s
  round  50/50: acc=0.8237  f1m=0.6345  uplink_kB=190.8  t=2.85s
[run] DONE -> /Users/agentra/Documents/hao/working/paper-lab/hao-paper-2026/iotj-fedkan-ids/repo/results/lrsweep_cseciic_mc50k/lrsweep_kan8_lr0p01__dir0.1__seed118/metrics.json  final_acc=0.8237
