[run] device=cpu  seed=43  out=/Users/agentra/Documents/hao/working/paper-lab/hao-paper-2026/iotj-fedkan-ids/repo/results/lrsweep_botiot/lrsweep_mlp80_lr0p003__dir0.1__seed43
[run] model=mlp  params=3,362
  round   1/50: acc=0.9066  f1m=0.9064  uplink_kB=131.3  t=1.46s
  round   2/50: acc=0.9064  f1m=0.9062  uplink_kB=131.3  t=0.86s
  round   3/50: acc=0.9001  f1m=0.8998  uplink_kB=131.3  t=0.70s
  round   4/50: acc=0.9023  f1m=0.9021  uplink_kB=131.3  t=0.67s
  round   5/50: acc=0.9063  f1m=0.9060  uplink_kB=131.3  t=0.68s
  round   6/50: acc=0.8984  f1m=0.8981  uplink_kB=131.3  t=0.68s
  round   7/50: acc=0.9005  f1m=0.9002  uplink_kB=131.3  t=0.68s
  round   8/50: acc=0.9003  f1m=0.9000  uplink_kB=131.3  t=0.71s
  round   9/50: acc=0.8456  f1m=0.8436  uplink_kB=131.3  t=0.72s
  round  10/50: acc=0.8474  f1m=0.8456  uplink_kB=131.3  t=0.60s
  round  11/50: acc=0.8703  f1m=0.8681  uplink_kB=131.3  t=0.69s
  round  12/50: acc=0.8965  f1m=0.8954  uplink_kB=131.3  t=0.72s
  round  13/50: acc=0.8980  f1m=0.8970  uplink_kB=131.3  t=0.75s
  round  14/50: acc=0.8987  f1m=0.8976  uplink_kB=131.3  t=0.67s
  round  15/50: acc=0.8745  f1m=0.8725  uplink_kB=131.3  t=0.71s
  round  16/50: acc=0.8748  f1m=0.8728  uplink_kB=131.3  t=0.78s
  round  17/50: acc=0.8753  f1m=0.8733  uplink_kB=131.3  t=0.64s
  round  18/50: acc=0.8753  f1m=0.8734  uplink_kB=131.3  t=0.69s
  round  19/50: acc=0.9012  f1m=0.9003  uplink_kB=131.3  t=0.72s
  round  20/50: acc=0.9019  f1m=0.9010  uplink_kB=131.3  t=0.69s
  round  21/50: acc=0.9018  f1m=0.9009  uplink_kB=131.3  t=0.75s
  round  22/50: acc=0.9004  f1m=0.8994  uplink_kB=131.3  t=0.63s
  round  23/50: acc=0.9023  f1m=0.9014  uplink_kB=131.3  t=0.70s
  round  24/50: acc=0.9035  f1m=0.9026  uplink_kB=131.3  t=0.68s
  round  25/50: acc=0.8985  f1m=0.8974  uplink_kB=131.3  t=0.73s
  round  26/50: acc=0.9013  f1m=0.9003  uplink_kB=131.3  t=0.72s
  round  27/50: acc=0.9079  f1m=0.9071  uplink_kB=131.3  t=0.68s
  round  28/50: acc=0.9115  f1m=0.9108  uplink_kB=131.3  t=0.75s
  round  29/50: acc=0.9091  f1m=0.9084  uplink_kB=131.3  t=0.69s
  round  30/50: acc=0.9104  f1m=0.9097  uplink_kB=131.3  t=0.77s
  round  31/50: acc=0.9104  f1m=0.9097  uplink_kB=131.3  t=0.70s
  round  32/50: acc=0.9117  f1m=0.9110  uplink_kB=131.3  t=0.71s
  round  33/50: acc=0.9123  f1m=0.9116  uplink_kB=131.3  t=0.73s
  round  34/50: acc=0.9119  f1m=0.9112  uplink_kB=131.3  t=0.72s
  round  35/50: acc=0.9133  f1m=0.9126  uplink_kB=131.3  t=0.67s
  round  36/50: acc=0.9126  f1m=0.9119  uplink_kB=131.3  t=0.72s
  round  37/50: acc=0.9102  f1m=0.9094  uplink_kB=131.3  t=0.69s
  round  38/50: acc=0.9131  f1m=0.9124  uplink_kB=131.3  t=0.70s
  round  39/50: acc=0.9140  f1m=0.9133  uplink_kB=131.3  t=0.69s
  round  40/50: acc=0.9153  f1m=0.9147  uplink_kB=131.3  t=0.69s
  round  41/50: acc=0.9150  f1m=0.9144  uplink_kB=131.3  t=0.75s
  round  42/50: acc=0.9111  f1m=0.9104  uplink_kB=131.3  t=0.71s
  round  43/50: acc=0.9062  f1m=0.9054  uplink_kB=131.3  t=0.78s
  round  44/50: acc=0.9113  f1m=0.9106  uplink_kB=131.3  t=0.69s
  round  45/50: acc=0.9136  f1m=0.9129  uplink_kB=131.3  t=0.73s
  round  46/50: acc=0.9148  f1m=0.9141  uplink_kB=131.3  t=0.71s
  round  47/50: acc=0.9158  f1m=0.9151  uplink_kB=131.3  t=0.71s
  round  48/50: acc=0.9135  f1m=0.9128  uplink_kB=131.3  t=0.77s
  round  49/50: acc=0.9114  f1m=0.9107  uplink_kB=131.3  t=0.66s
  round  50/50: acc=0.9154  f1m=0.9148  uplink_kB=131.3  t=0.69s
[run] DONE -> /Users/agentra/Documents/hao/working/paper-lab/hao-paper-2026/iotj-fedkan-ids/repo/results/lrsweep_botiot/lrsweep_mlp80_lr0p003__dir0.1__seed43/metrics.json  final_acc=0.9154
