[run] device=cpu  seed=2024  out=/Users/agentra/Documents/hao/working/paper-lab/hao-paper-2026/iotj-fedkan-ids/repo/results/lrsweep_cseciic/lrsweep_kan16_lr0p003__dir0.1__seed2024
[run] model=kan  params=6,560
  round   1/50: acc=0.7470  f1m=0.7356  uplink_kB=282.0  t=2.75s
  round   2/50: acc=0.8847  f1m=0.8842  uplink_kB=282.0  t=2.19s
  round   3/50: acc=0.9037  f1m=0.9036  uplink_kB=282.0  t=2.13s
  round   4/50: acc=0.9075  f1m=0.9074  uplink_kB=282.0  t=1.97s
  round   5/50: acc=0.9135  f1m=0.9134  uplink_kB=282.0  t=1.97s
  round   6/50: acc=0.9431  f1m=0.9431  uplink_kB=282.0  t=1.95s
  round   7/50: acc=0.9515  f1m=0.9515  uplink_kB=282.0  t=1.99s
  round   8/50: acc=0.9586  f1m=0.9586  uplink_kB=282.0  t=2.04s
  round   9/50: acc=0.9645  f1m=0.9645  uplink_kB=282.0  t=2.07s
  round  10/50: acc=0.9655  f1m=0.9655  uplink_kB=282.0  t=1.96s
  round  11/50: acc=0.9664  f1m=0.9664  uplink_kB=282.0  t=2.10s
  round  12/50: acc=0.9672  f1m=0.9672  uplink_kB=282.0  t=1.92s
  round  13/50: acc=0.9683  f1m=0.9683  uplink_kB=282.0  t=2.02s
  round  14/50: acc=0.9695  f1m=0.9695  uplink_kB=282.0  t=2.07s
  round  15/50: acc=0.9705  f1m=0.9705  uplink_kB=282.0  t=1.98s
  round  16/50: acc=0.9713  f1m=0.9713  uplink_kB=282.0  t=2.07s
  round  17/50: acc=0.9724  f1m=0.9724  uplink_kB=282.0  t=2.11s
  round  18/50: acc=0.9729  f1m=0.9729  uplink_kB=282.0  t=2.14s
  round  19/50: acc=0.9735  f1m=0.9735  uplink_kB=282.0  t=2.04s
  round  20/50: acc=0.9730  f1m=0.9730  uplink_kB=282.0  t=2.08s
  round  21/50: acc=0.9735  f1m=0.9735  uplink_kB=282.0  t=2.20s
  round  22/50: acc=0.9740  f1m=0.9740  uplink_kB=282.0  t=2.12s
  round  23/50: acc=0.9745  f1m=0.9745  uplink_kB=282.0  t=2.10s
  round  24/50: acc=0.9751  f1m=0.9751  uplink_kB=282.0  t=2.11s
  round  25/50: acc=0.9746  f1m=0.9746  uplink_kB=282.0  t=2.15s
  round  26/50: acc=0.9738  f1m=0.9737  uplink_kB=282.0  t=2.05s
  round  27/50: acc=0.9744  f1m=0.9744  uplink_kB=282.0  t=2.08s
  round  28/50: acc=0.9747  f1m=0.9746  uplink_kB=282.0  t=2.10s
  round  29/50: acc=0.9747  f1m=0.9747  uplink_kB=282.0  t=2.13s
  round  30/50: acc=0.9745  f1m=0.9745  uplink_kB=282.0  t=2.09s
  round  31/50: acc=0.9739  f1m=0.9739  uplink_kB=282.0  t=2.06s
  round  32/50: acc=0.9732  f1m=0.9732  uplink_kB=282.0  t=2.06s
  round  33/50: acc=0.9752  f1m=0.9751  uplink_kB=282.0  t=2.05s
  round  34/50: acc=0.9745  f1m=0.9745  uplink_kB=282.0  t=2.08s
  round  35/50: acc=0.9730  f1m=0.9730  uplink_kB=282.0  t=2.14s
  round  36/50: acc=0.9749  f1m=0.9749  uplink_kB=282.0  t=2.15s
  round  37/50: acc=0.9740  f1m=0.9740  uplink_kB=282.0  t=2.15s
  round  38/50: acc=0.9756  f1m=0.9756  uplink_kB=282.0  t=1.99s
  round  39/50: acc=0.9740  f1m=0.9740  uplink_kB=282.0  t=2.05s
  round  40/50: acc=0.9754  f1m=0.9754  uplink_kB=282.0  t=2.10s
  round  41/50: acc=0.9752  f1m=0.9752  uplink_kB=282.0  t=2.10s
  round  42/50: acc=0.9746  f1m=0.9746  uplink_kB=282.0  t=2.14s
  round  43/50: acc=0.9742  f1m=0.9742  uplink_kB=282.0  t=2.11s
  round  44/50: acc=0.9748  f1m=0.9748  uplink_kB=282.0  t=2.06s
  round  45/50: acc=0.9761  f1m=0.9761  uplink_kB=282.0  t=2.10s
  round  46/50: acc=0.9762  f1m=0.9762  uplink_kB=282.0  t=2.11s
  round  47/50: acc=0.9762  f1m=0.9761  uplink_kB=282.0  t=2.11s
  round  48/50: acc=0.9760  f1m=0.9760  uplink_kB=282.0  t=2.04s
  round  49/50: acc=0.9767  f1m=0.9767  uplink_kB=282.0  t=2.04s
  round  50/50: acc=0.9755  f1m=0.9755  uplink_kB=282.0  t=2.08s
[run] DONE -> /Users/agentra/Documents/hao/working/paper-lab/hao-paper-2026/iotj-fedkan-ids/repo/results/lrsweep_cseciic/lrsweep_kan16_lr0p003__dir0.1__seed2024/metrics.json  final_acc=0.9755
