[run] device=cpu  seed=17  out=/Users/agentra/Documents/hao/working/paper-lab/hao-paper-2026/iotj-fedkan-ids/repo/results/lrsweep_cseciic/lrsweep_mlp32_lr0p1__dir0.1__seed17
[run] model=mlp  params=1,346
  round   1/50: acc=0.2661  f1m=0.2285  uplink_kB=52.6  t=1.39s
  round   2/50: acc=0.5000  f1m=0.3335  uplink_kB=52.6  t=0.67s
  round   3/50: acc=0.8269  f1m=0.8235  uplink_kB=52.6  t=0.69s
  round   4/50: acc=0.8187  f1m=0.8146  uplink_kB=52.6  t=0.67s
  round   5/50: acc=0.8722  f1m=0.8715  uplink_kB=52.6  t=0.68s
  round   6/50: acc=0.7638  f1m=0.7591  uplink_kB=52.6  t=0.63s
  round   7/50: acc=0.9217  f1m=0.9216  uplink_kB=52.6  t=0.66s
  round   8/50: acc=0.6734  f1m=0.6436  uplink_kB=52.6  t=0.66s
  round   9/50: acc=0.9072  f1m=0.9071  uplink_kB=52.6  t=0.67s
  round  10/50: acc=0.6982  f1m=0.6756  uplink_kB=52.6  t=0.69s
  round  11/50: acc=0.8915  f1m=0.8913  uplink_kB=52.6  t=0.68s
  round  12/50: acc=0.8363  f1m=0.8345  uplink_kB=52.6  t=1.01s
  round  13/50: acc=0.7986  f1m=0.7935  uplink_kB=52.6  t=0.80s
  round  14/50: acc=0.6059  f1m=0.5392  uplink_kB=52.6  t=0.77s
  round  15/50: acc=0.6483  f1m=0.6043  uplink_kB=52.6  t=0.74s
  round  16/50: acc=0.5519  f1m=0.4428  uplink_kB=52.6  t=0.75s
  round  17/50: acc=0.5298  f1m=0.3984  uplink_kB=52.6  t=0.70s
  round  18/50: acc=0.5153  f1m=0.3673  uplink_kB=52.6  t=0.70s
  round  19/50: acc=0.5809  f1m=0.4964  uplink_kB=52.6  t=0.63s
  round  20/50: acc=0.5528  f1m=0.4436  uplink_kB=52.6  t=0.68s
  round  21/50: acc=0.5229  f1m=0.3828  uplink_kB=52.6  t=0.65s
  round  22/50: acc=0.5839  f1m=0.5016  uplink_kB=52.6  t=0.64s
  round  23/50: acc=0.5202  f1m=0.3771  uplink_kB=52.6  t=0.67s
  round  24/50: acc=0.5132  f1m=0.3623  uplink_kB=52.6  t=0.66s
  round  25/50: acc=0.5174  f1m=0.3713  uplink_kB=52.6  t=0.63s
  round  26/50: acc=0.5139  f1m=0.3638  uplink_kB=52.6  t=0.62s
  round  27/50: acc=0.5128  f1m=0.3613  uplink_kB=52.6  t=0.63s
  round  28/50: acc=0.5116  f1m=0.3588  uplink_kB=52.6  t=0.73s
  round  29/50: acc=0.5410  f1m=0.4212  uplink_kB=52.6  t=0.68s
  round  30/50: acc=0.5401  f1m=0.4191  uplink_kB=52.6  t=0.70s
  round  31/50: acc=0.5756  f1m=0.4862  uplink_kB=52.6  t=0.67s
  round  32/50: acc=0.5417  f1m=0.4221  uplink_kB=52.6  t=0.68s
  round  33/50: acc=0.5852  f1m=0.5032  uplink_kB=52.6  t=0.59s
  round  34/50: acc=0.5730  f1m=0.4817  uplink_kB=52.6  t=0.72s
  round  35/50: acc=0.5650  f1m=0.4669  uplink_kB=52.6  t=0.67s
  round  36/50: acc=0.5550  f1m=0.4482  uplink_kB=52.6  t=0.68s
  round  37/50: acc=0.5960  f1m=0.5237  uplink_kB=52.6  t=0.68s
  round  38/50: acc=0.5952  f1m=0.5201  uplink_kB=52.6  t=0.70s
  round  39/50: acc=0.5766  f1m=0.4877  uplink_kB=52.6  t=0.66s
  round  40/50: acc=0.6262  f1m=0.5705  uplink_kB=52.6  t=0.61s
  round  41/50: acc=0.6235  f1m=0.5661  uplink_kB=52.6  t=0.66s
  round  42/50: acc=0.5745  f1m=0.4842  uplink_kB=52.6  t=0.68s
  round  43/50: acc=0.5885  f1m=0.5088  uplink_kB=52.6  t=0.67s
  round  44/50: acc=0.6000  f1m=0.5282  uplink_kB=52.6  t=0.68s
  round  45/50: acc=0.5765  f1m=0.4879  uplink_kB=52.6  t=0.66s
  round  46/50: acc=0.6521  f1m=0.6118  uplink_kB=52.6  t=0.68s
  round  47/50: acc=0.6096  f1m=0.5448  uplink_kB=52.6  t=0.60s
  round  48/50: acc=0.6072  f1m=0.5408  uplink_kB=52.6  t=0.66s
  round  49/50: acc=0.5792  f1m=0.4927  uplink_kB=52.6  t=0.66s
  round  50/50: acc=0.5698  f1m=0.4755  uplink_kB=52.6  t=0.71s
[run] DONE -> /Users/agentra/Documents/hao/working/paper-lab/hao-paper-2026/iotj-fedkan-ids/repo/results/lrsweep_cseciic/lrsweep_mlp32_lr0p1__dir0.1__seed17/metrics.json  final_acc=0.5698
