[run] device=cpu  seed=29  out=/Users/agentra/Documents/hao/working/paper-lab/hao-paper-2026/iotj-fedkan-ids/repo/results/lrsweep_cseciic/lrsweep_mlp80_lr0p003__dir0.1__seed29
[run] model=mlp  params=3,362
  round   1/50: acc=0.7523  f1m=0.7408  uplink_kB=131.3  t=1.38s
  round   2/50: acc=0.7580  f1m=0.7471  uplink_kB=131.3  t=0.71s
  round   3/50: acc=0.7712  f1m=0.7625  uplink_kB=131.3  t=0.69s
  round   4/50: acc=0.7793  f1m=0.7718  uplink_kB=131.3  t=0.74s
  round   5/50: acc=0.7883  f1m=0.7816  uplink_kB=131.3  t=0.65s
  round   6/50: acc=0.8041  f1m=0.7990  uplink_kB=131.3  t=0.71s
  round   7/50: acc=0.8151  f1m=0.8110  uplink_kB=131.3  t=0.70s
  round   8/50: acc=0.8202  f1m=0.8165  uplink_kB=131.3  t=0.70s
  round   9/50: acc=0.8149  f1m=0.8107  uplink_kB=131.3  t=0.67s
  round  10/50: acc=0.7909  f1m=0.7842  uplink_kB=131.3  t=0.73s
  round  11/50: acc=0.8298  f1m=0.8266  uplink_kB=131.3  t=0.66s
  round  12/50: acc=0.8245  f1m=0.8210  uplink_kB=131.3  t=0.62s
  round  13/50: acc=0.8642  f1m=0.8629  uplink_kB=131.3  t=0.67s
  round  14/50: acc=0.8606  f1m=0.8591  uplink_kB=131.3  t=0.65s
  round  15/50: acc=0.8718  f1m=0.8707  uplink_kB=131.3  t=0.69s
  round  16/50: acc=0.8828  f1m=0.8821  uplink_kB=131.3  t=0.69s
  round  17/50: acc=0.8859  f1m=0.8852  uplink_kB=131.3  t=0.68s
  round  18/50: acc=0.8850  f1m=0.8844  uplink_kB=131.3  t=0.67s
  round  19/50: acc=0.8859  f1m=0.8852  uplink_kB=131.3  t=0.69s
  round  20/50: acc=0.8911  f1m=0.8906  uplink_kB=131.3  t=0.66s
  round  21/50: acc=0.8875  f1m=0.8869  uplink_kB=131.3  t=0.69s
  round  22/50: acc=0.8865  f1m=0.8858  uplink_kB=131.3  t=0.70s
  round  23/50: acc=0.8936  f1m=0.8932  uplink_kB=131.3  t=0.68s
  round  24/50: acc=0.8865  f1m=0.8859  uplink_kB=131.3  t=0.68s
  round  25/50: acc=0.8848  f1m=0.8841  uplink_kB=131.3  t=0.68s
  round  26/50: acc=0.8858  f1m=0.8851  uplink_kB=131.3  t=0.68s
  round  27/50: acc=0.8954  f1m=0.8950  uplink_kB=131.3  t=0.66s
  round  28/50: acc=0.8963  f1m=0.8959  uplink_kB=131.3  t=0.66s
  round  29/50: acc=0.8887  f1m=0.8882  uplink_kB=131.3  t=0.69s
  round  30/50: acc=0.8840  f1m=0.8833  uplink_kB=131.3  t=0.71s
  round  31/50: acc=0.8968  f1m=0.8964  uplink_kB=131.3  t=0.68s
  round  32/50: acc=0.9076  f1m=0.9073  uplink_kB=131.3  t=0.70s
  round  33/50: acc=0.9040  f1m=0.9037  uplink_kB=131.3  t=0.71s
  round  34/50: acc=0.9031  f1m=0.9028  uplink_kB=131.3  t=0.61s
  round  35/50: acc=0.9246  f1m=0.9245  uplink_kB=131.3  t=0.72s
  round  36/50: acc=0.9126  f1m=0.9124  uplink_kB=131.3  t=0.69s
  round  37/50: acc=0.9086  f1m=0.9083  uplink_kB=131.3  t=0.71s
  round  38/50: acc=0.9142  f1m=0.9141  uplink_kB=131.3  t=0.67s
  round  39/50: acc=0.9197  f1m=0.9196  uplink_kB=131.3  t=0.71s
  round  40/50: acc=0.9212  f1m=0.9211  uplink_kB=131.3  t=0.70s
  round  41/50: acc=0.9223  f1m=0.9222  uplink_kB=131.3  t=0.65s
  round  42/50: acc=0.9116  f1m=0.9114  uplink_kB=131.3  t=0.73s
  round  43/50: acc=0.9216  f1m=0.9215  uplink_kB=131.3  t=0.68s
  round  44/50: acc=0.9214  f1m=0.9213  uplink_kB=131.3  t=0.69s
  round  45/50: acc=0.9217  f1m=0.9215  uplink_kB=131.3  t=0.68s
  round  46/50: acc=0.9226  f1m=0.9225  uplink_kB=131.3  t=0.73s
  round  47/50: acc=0.9217  f1m=0.9215  uplink_kB=131.3  t=0.63s
  round  48/50: acc=0.9243  f1m=0.9242  uplink_kB=131.3  t=0.66s
  round  49/50: acc=0.9233  f1m=0.9232  uplink_kB=131.3  t=0.72s
  round  50/50: acc=0.9245  f1m=0.9244  uplink_kB=131.3  t=0.69s
[run] DONE -> /Users/agentra/Documents/hao/working/paper-lab/hao-paper-2026/iotj-fedkan-ids/repo/results/lrsweep_cseciic/lrsweep_mlp80_lr0p003__dir0.1__seed29/metrics.json  final_acc=0.9245
