[run] device=cpu  seed=2024  out=/Users/agentra/Documents/hao/working/paper-lab/hao-paper-2026/iotj-fedkan-ids/repo/results/lrsweep_cseciic_mc50k/lrsweep_kan8_lr0p0003__dir0.1__seed2024
[run] model=kan  params=4,320
  round   1/50: acc=0.0722  f1m=0.0285  uplink_kB=190.8  t=3.84s
  round   2/50: acc=0.0680  f1m=0.0128  uplink_kB=190.8  t=2.98s
  round   3/50: acc=0.0683  f1m=0.0113  uplink_kB=190.8  t=2.97s
  round   4/50: acc=0.0698  f1m=0.0109  uplink_kB=190.8  t=2.97s
  round   5/50: acc=0.0704  f1m=0.0116  uplink_kB=190.8  t=2.98s
  round   6/50: acc=0.0713  f1m=0.0125  uplink_kB=190.8  t=3.05s
  round   7/50: acc=0.0715  f1m=0.0126  uplink_kB=190.8  t=3.07s
  round   8/50: acc=0.0716  f1m=0.0127  uplink_kB=190.8  t=3.17s
  round   9/50: acc=0.0718  f1m=0.0129  uplink_kB=190.8  t=3.10s
  round  10/50: acc=0.0721  f1m=0.0131  uplink_kB=190.8  t=3.16s
  round  11/50: acc=0.0729  f1m=0.0133  uplink_kB=190.8  t=3.54s
  round  12/50: acc=0.0751  f1m=0.0149  uplink_kB=190.8  t=2.92s
  round  13/50: acc=0.0859  f1m=0.0219  uplink_kB=190.8  t=2.85s
  round  14/50: acc=0.1201  f1m=0.0359  uplink_kB=190.8  t=2.70s
  round  15/50: acc=0.1250  f1m=0.0370  uplink_kB=190.8  t=2.64s
  round  16/50: acc=0.1390  f1m=0.0348  uplink_kB=190.8  t=2.72s
  round  17/50: acc=0.1463  f1m=0.0348  uplink_kB=190.8  t=2.63s
  round  18/50: acc=0.1554  f1m=0.0369  uplink_kB=190.8  t=2.69s
  round  19/50: acc=0.1746  f1m=0.0402  uplink_kB=190.8  t=2.63s
  round  20/50: acc=0.1759  f1m=0.0404  uplink_kB=190.8  t=2.75s
  round  21/50: acc=0.1764  f1m=0.0405  uplink_kB=190.8  t=2.60s
  round  22/50: acc=0.1789  f1m=0.0402  uplink_kB=190.8  t=2.66s
  round  23/50: acc=0.1814  f1m=0.0398  uplink_kB=190.8  t=2.51s
  round  24/50: acc=0.1823  f1m=0.0405  uplink_kB=190.8  t=2.64s
  round  25/50: acc=0.1824  f1m=0.0419  uplink_kB=190.8  t=2.54s
  round  26/50: acc=0.1823  f1m=0.0434  uplink_kB=190.8  t=2.63s
  round  27/50: acc=0.1823  f1m=0.0449  uplink_kB=190.8  t=2.54s
  round  28/50: acc=0.1819  f1m=0.0460  uplink_kB=190.8  t=2.68s
  round  29/50: acc=0.1814  f1m=0.0466  uplink_kB=190.8  t=2.65s
  round  30/50: acc=0.1803  f1m=0.0466  uplink_kB=190.8  t=2.70s
  round  31/50: acc=0.1785  f1m=0.0463  uplink_kB=190.8  t=2.59s
  round  32/50: acc=0.1775  f1m=0.0461  uplink_kB=190.8  t=2.61s
  round  33/50: acc=0.1769  f1m=0.0460  uplink_kB=190.8  t=2.50s
  round  34/50: acc=0.1769  f1m=0.0462  uplink_kB=190.8  t=2.62s
  round  35/50: acc=0.1767  f1m=0.0462  uplink_kB=190.8  t=2.64s
  round  36/50: acc=0.1769  f1m=0.0464  uplink_kB=190.8  t=2.58s
  round  37/50: acc=0.1771  f1m=0.0467  uplink_kB=190.8  t=2.60s
  round  38/50: acc=0.1775  f1m=0.0472  uplink_kB=190.8  t=2.65s
  round  39/50: acc=0.1789  f1m=0.0480  uplink_kB=190.8  t=2.64s
  round  40/50: acc=0.1808  f1m=0.0488  uplink_kB=190.8  t=2.51s
  round  41/50: acc=0.1821  f1m=0.0493  uplink_kB=190.8  t=2.58s
  round  42/50: acc=0.2295  f1m=0.1030  uplink_kB=190.8  t=2.54s
  round  43/50: acc=0.2459  f1m=0.1089  uplink_kB=190.8  t=2.61s
  round  44/50: acc=0.2461  f1m=0.1038  uplink_kB=190.8  t=2.58s
  round  45/50: acc=0.2461  f1m=0.1037  uplink_kB=190.8  t=2.63s
  round  46/50: acc=0.2462  f1m=0.1036  uplink_kB=190.8  t=2.55s
  round  47/50: acc=0.2463  f1m=0.1036  uplink_kB=190.8  t=2.64s
  round  48/50: acc=0.2464  f1m=0.1035  uplink_kB=190.8  t=2.57s
  round  49/50: acc=0.2468  f1m=0.1027  uplink_kB=190.8  t=2.59s
  round  50/50: acc=0.2470  f1m=0.1028  uplink_kB=190.8  t=2.55s
[run] DONE -> /Users/agentra/Documents/hao/working/paper-lab/hao-paper-2026/iotj-fedkan-ids/repo/results/lrsweep_cseciic_mc50k/lrsweep_kan8_lr0p0003__dir0.1__seed2024/metrics.json  final_acc=0.2470
