[run] device=cpu  seed=113  out=/Users/agentra/Documents/hao/working/paper-lab/hao-paper-2026/iotj-fedkan-ids/repo/results/lrsweep_cseciic_mc50k/lrsweep_mlp80_lr0p01__dir0.1__seed113
[run] model=mlp  params=4,415
  round   1/50: acc=0.2876  f1m=0.1087  uplink_kB=172.5  t=2.13s
  round   2/50: acc=0.5898  f1m=0.3126  uplink_kB=172.5  t=1.19s
  round   3/50: acc=0.6319  f1m=0.3540  uplink_kB=172.5  t=1.34s
  round   4/50: acc=0.6938  f1m=0.4135  uplink_kB=172.5  t=1.28s
  round   5/50: acc=0.6982  f1m=0.4153  uplink_kB=172.5  t=1.31s
  round   6/50: acc=0.6994  f1m=0.4175  uplink_kB=172.5  t=1.30s
  round   7/50: acc=0.7223  f1m=0.4349  uplink_kB=172.5  t=1.30s
  round   8/50: acc=0.7322  f1m=0.4806  uplink_kB=172.5  t=1.27s
  round   9/50: acc=0.7406  f1m=0.4898  uplink_kB=172.5  t=1.18s
  round  10/50: acc=0.7435  f1m=0.4973  uplink_kB=172.5  t=1.18s
  round  11/50: acc=0.7614  f1m=0.5437  uplink_kB=172.5  t=1.29s
  round  12/50: acc=0.7568  f1m=0.5211  uplink_kB=172.5  t=1.22s
  round  13/50: acc=0.7687  f1m=0.5569  uplink_kB=172.5  t=1.26s
  round  14/50: acc=0.7666  f1m=0.5552  uplink_kB=172.5  t=1.22s
  round  15/50: acc=0.7654  f1m=0.5569  uplink_kB=172.5  t=1.25s
  round  16/50: acc=0.7740  f1m=0.5676  uplink_kB=172.5  t=1.17s
  round  17/50: acc=0.7781  f1m=0.5648  uplink_kB=172.5  t=1.24s
  round  18/50: acc=0.7803  f1m=0.5764  uplink_kB=172.5  t=1.23s
  round  19/50: acc=0.7786  f1m=0.5746  uplink_kB=172.5  t=1.21s
  round  20/50: acc=0.7861  f1m=0.5832  uplink_kB=172.5  t=1.19s
  round  21/50: acc=0.7768  f1m=0.5727  uplink_kB=172.5  t=1.25s
  round  22/50: acc=0.7866  f1m=0.5842  uplink_kB=172.5  t=1.26s
  round  23/50: acc=0.7789  f1m=0.5752  uplink_kB=172.5  t=1.19s
  round  24/50: acc=0.7870  f1m=0.5843  uplink_kB=172.5  t=1.28s
  round  25/50: acc=0.7983  f1m=0.6010  uplink_kB=172.5  t=1.19s
  round  26/50: acc=0.7887  f1m=0.5872  uplink_kB=172.5  t=1.25s
  round  27/50: acc=0.7930  f1m=0.5917  uplink_kB=172.5  t=1.17s
  round  28/50: acc=0.7902  f1m=0.5890  uplink_kB=172.5  t=1.21s
  round  29/50: acc=0.7921  f1m=0.5925  uplink_kB=172.5  t=1.21s
  round  30/50: acc=0.7995  f1m=0.5997  uplink_kB=172.5  t=1.24s
  round  31/50: acc=0.7982  f1m=0.5980  uplink_kB=172.5  t=1.21s
  round  32/50: acc=0.8059  f1m=0.6081  uplink_kB=172.5  t=1.32s
  round  33/50: acc=0.8050  f1m=0.6071  uplink_kB=172.5  t=1.20s
  round  34/50: acc=0.8130  f1m=0.6152  uplink_kB=172.5  t=1.29s
  round  35/50: acc=0.8075  f1m=0.6101  uplink_kB=172.5  t=1.22s
  round  36/50: acc=0.7938  f1m=0.5968  uplink_kB=172.5  t=1.19s
  round  37/50: acc=0.8084  f1m=0.6146  uplink_kB=172.5  t=1.25s
  round  38/50: acc=0.8141  f1m=0.6205  uplink_kB=172.5  t=1.23s
  round  39/50: acc=0.8086  f1m=0.6097  uplink_kB=172.5  t=1.26s
  round  40/50: acc=0.8131  f1m=0.6194  uplink_kB=172.5  t=1.26s
  round  41/50: acc=0.8039  f1m=0.6098  uplink_kB=172.5  t=1.15s
  round  42/50: acc=0.8189  f1m=0.6225  uplink_kB=172.5  t=1.25s
  round  43/50: acc=0.8129  f1m=0.6170  uplink_kB=172.5  t=1.18s
  round  44/50: acc=0.8222  f1m=0.6276  uplink_kB=172.5  t=1.28s
  round  45/50: acc=0.8172  f1m=0.6219  uplink_kB=172.5  t=1.20s
  round  46/50: acc=0.8145  f1m=0.6196  uplink_kB=172.5  t=1.27s
  round  47/50: acc=0.8247  f1m=0.6275  uplink_kB=172.5  t=1.22s
  round  48/50: acc=0.8176  f1m=0.6245  uplink_kB=172.5  t=1.22s
  round  49/50: acc=0.8167  f1m=0.6196  uplink_kB=172.5  t=1.18s
  round  50/50: acc=0.8176  f1m=0.6218  uplink_kB=172.5  t=1.19s
[run] DONE -> /Users/agentra/Documents/hao/working/paper-lab/hao-paper-2026/iotj-fedkan-ids/repo/results/lrsweep_cseciic_mc50k/lrsweep_mlp80_lr0p01__dir0.1__seed113/metrics.json  final_acc=0.8176
