[run] device=cpu  seed=17  out=/Users/agentra/Documents/hao/working/paper-lab/hao-paper-2026/iotj-fedkan-ids/repo/results/lrsweep_cseciic_mc50k/lrsweep_kan16_lr0p0003__dir0.1__seed17
[run] model=kan  params=8,640
  round   1/50: acc=0.1217  f1m=0.0145  uplink_kB=363.3  t=3.74s
  round   2/50: acc=0.1217  f1m=0.0145  uplink_kB=363.3  t=3.00s
  round   3/50: acc=0.1221  f1m=0.0149  uplink_kB=363.3  t=3.01s
  round   4/50: acc=0.1281  f1m=0.0198  uplink_kB=363.3  t=3.08s
  round   5/50: acc=0.1917  f1m=0.0459  uplink_kB=363.3  t=3.06s
  round   6/50: acc=0.2430  f1m=0.0536  uplink_kB=363.3  t=2.99s
  round   7/50: acc=0.2431  f1m=0.0530  uplink_kB=363.3  t=3.15s
  round   8/50: acc=0.2432  f1m=0.0529  uplink_kB=363.3  t=3.05s
  round   9/50: acc=0.2432  f1m=0.0527  uplink_kB=363.3  t=2.99s
  round  10/50: acc=0.2433  f1m=0.0528  uplink_kB=363.3  t=3.09s
  round  11/50: acc=0.2461  f1m=0.0575  uplink_kB=363.3  t=3.04s
  round  12/50: acc=0.2735  f1m=0.0852  uplink_kB=363.3  t=3.11s
  round  13/50: acc=0.3804  f1m=0.1565  uplink_kB=363.3  t=3.04s
  round  14/50: acc=0.3929  f1m=0.1637  uplink_kB=363.3  t=3.11s
  round  15/50: acc=0.4021  f1m=0.1690  uplink_kB=363.3  t=2.99s
  round  16/50: acc=0.4100  f1m=0.1735  uplink_kB=363.3  t=3.05s
  round  17/50: acc=0.4263  f1m=0.1822  uplink_kB=363.3  t=3.02s
  round  18/50: acc=0.4341  f1m=0.1861  uplink_kB=363.3  t=3.07s
  round  19/50: acc=0.4439  f1m=0.1908  uplink_kB=363.3  t=2.99s
  round  20/50: acc=0.4648  f1m=0.2000  uplink_kB=363.3  t=3.04s
  round  21/50: acc=0.4801  f1m=0.2060  uplink_kB=363.3  t=3.02s
  round  22/50: acc=0.4830  f1m=0.2071  uplink_kB=363.3  t=3.03s
  round  23/50: acc=0.4876  f1m=0.2086  uplink_kB=363.3  t=3.06s
  round  24/50: acc=0.4893  f1m=0.2093  uplink_kB=363.3  t=3.02s
  round  25/50: acc=0.4909  f1m=0.2099  uplink_kB=363.3  t=3.08s
  round  26/50: acc=0.4933  f1m=0.2111  uplink_kB=363.3  t=3.00s
  round  27/50: acc=0.4935  f1m=0.2114  uplink_kB=363.3  t=3.08s
  round  28/50: acc=0.4935  f1m=0.2115  uplink_kB=363.3  t=3.01s
  round  29/50: acc=0.4935  f1m=0.2117  uplink_kB=363.3  t=3.07s
  round  30/50: acc=0.4935  f1m=0.2119  uplink_kB=363.3  t=3.07s
  round  31/50: acc=0.4936  f1m=0.2121  uplink_kB=363.3  t=3.05s
  round  32/50: acc=0.4936  f1m=0.2122  uplink_kB=363.3  t=3.04s
  round  33/50: acc=0.4937  f1m=0.2124  uplink_kB=363.3  t=3.06s
  round  34/50: acc=0.4940  f1m=0.2127  uplink_kB=363.3  t=3.03s
  round  35/50: acc=0.4944  f1m=0.2131  uplink_kB=363.3  t=2.97s
  round  36/50: acc=0.4949  f1m=0.2138  uplink_kB=363.3  t=3.10s
  round  37/50: acc=0.4950  f1m=0.2141  uplink_kB=363.3  t=2.97s
  round  38/50: acc=0.4951  f1m=0.2141  uplink_kB=363.3  t=3.10s
  round  39/50: acc=0.4951  f1m=0.2142  uplink_kB=363.3  t=3.09s
  round  40/50: acc=0.4953  f1m=0.2149  uplink_kB=363.3  t=3.05s
  round  41/50: acc=0.4954  f1m=0.2151  uplink_kB=363.3  t=2.97s
  round  42/50: acc=0.4954  f1m=0.2156  uplink_kB=363.3  t=3.03s
  round  43/50: acc=0.4955  f1m=0.2166  uplink_kB=363.3  t=3.07s
  round  44/50: acc=0.4956  f1m=0.2179  uplink_kB=363.3  t=3.08s
  round  45/50: acc=0.4958  f1m=0.2180  uplink_kB=363.3  t=2.96s
  round  46/50: acc=0.5003  f1m=0.2208  uplink_kB=363.3  t=3.14s
  round  47/50: acc=0.5005  f1m=0.2217  uplink_kB=363.3  t=2.99s
  round  48/50: acc=0.5013  f1m=0.2224  uplink_kB=363.3  t=3.07s
  round  49/50: acc=0.5018  f1m=0.2229  uplink_kB=363.3  t=3.00s
  round  50/50: acc=0.5022  f1m=0.2233  uplink_kB=363.3  t=2.94s
[run] DONE -> /Users/agentra/Documents/hao/working/paper-lab/hao-paper-2026/iotj-fedkan-ids/repo/results/lrsweep_cseciic_mc50k/lrsweep_kan16_lr0p0003__dir0.1__seed17/metrics.json  final_acc=0.5022
