[run] device=cpu  seed=2026  out=/Users/agentra/Documents/hao/working/paper-lab/hao-paper-2026/iotj-fedkan-ids/repo/results/lrsweep_cseciic_mc/lrsweep_kan8_lr0p01__dir0.1__seed2026
[run] model=kan  params=4,320
  round   1/50: acc=0.2876  f1m=0.0596  uplink_kB=190.8  t=6.13s
  round   2/50: acc=0.6298  f1m=0.2854  uplink_kB=190.8  t=5.54s
  round   3/50: acc=0.7458  f1m=0.4439  uplink_kB=190.8  t=5.50s
  round   4/50: acc=0.7822  f1m=0.5240  uplink_kB=190.8  t=5.46s
  round   5/50: acc=0.8047  f1m=0.6098  uplink_kB=190.8  t=5.53s
  round   6/50: acc=0.8417  f1m=0.7007  uplink_kB=190.8  t=5.55s
  round   7/50: acc=0.8547  f1m=0.7212  uplink_kB=190.8  t=5.42s
  round   8/50: acc=0.8387  f1m=0.6990  uplink_kB=190.8  t=5.42s
  round   9/50: acc=0.8529  f1m=0.7263  uplink_kB=190.8  t=5.44s
  round  10/50: acc=0.8625  f1m=0.7312  uplink_kB=190.8  t=5.40s
  round  11/50: acc=0.8588  f1m=0.7279  uplink_kB=190.8  t=5.47s
  round  12/50: acc=0.8699  f1m=0.7367  uplink_kB=190.8  t=5.38s
  round  13/50: acc=0.8668  f1m=0.7146  uplink_kB=190.8  t=5.85s
  round  14/50: acc=0.8751  f1m=0.7403  uplink_kB=190.8  t=5.46s
  round  15/50: acc=0.8793  f1m=0.7430  uplink_kB=190.8  t=5.50s
  round  16/50: acc=0.8768  f1m=0.7414  uplink_kB=190.8  t=5.36s
  round  17/50: acc=0.8797  f1m=0.7443  uplink_kB=190.8  t=5.45s
  round  18/50: acc=0.8783  f1m=0.7422  uplink_kB=190.8  t=5.38s
  round  19/50: acc=0.8817  f1m=0.7416  uplink_kB=190.8  t=5.29s
  round  20/50: acc=0.8825  f1m=0.7470  uplink_kB=190.8  t=5.41s
  round  21/50: acc=0.8777  f1m=0.7382  uplink_kB=190.8  t=5.76s
  round  22/50: acc=0.8845  f1m=0.7482  uplink_kB=190.8  t=5.44s
  round  23/50: acc=0.8817  f1m=0.7466  uplink_kB=190.8  t=5.53s
  round  24/50: acc=0.8861  f1m=0.7556  uplink_kB=190.8  t=5.48s
  round  25/50: acc=0.8634  f1m=0.7249  uplink_kB=190.8  t=5.33s
  round  26/50: acc=0.8827  f1m=0.7483  uplink_kB=190.8  t=5.49s
  round  27/50: acc=0.8766  f1m=0.7395  uplink_kB=190.8  t=5.36s
  round  28/50: acc=0.8862  f1m=0.7574  uplink_kB=190.8  t=5.51s
  round  29/50: acc=0.8781  f1m=0.7263  uplink_kB=190.8  t=5.59s
  round  30/50: acc=0.8873  f1m=0.7523  uplink_kB=190.8  t=5.34s
  round  31/50: acc=0.8659  f1m=0.7373  uplink_kB=190.8  t=5.41s
  round  32/50: acc=0.8858  f1m=0.7511  uplink_kB=190.8  t=5.42s
  round  33/50: acc=0.8835  f1m=0.7512  uplink_kB=190.8  t=5.34s
  round  34/50: acc=0.8882  f1m=0.7521  uplink_kB=190.8  t=5.44s
  round  35/50: acc=0.8866  f1m=0.7572  uplink_kB=190.8  t=5.39s
  round  36/50: acc=0.8674  f1m=0.7341  uplink_kB=190.8  t=5.74s
  round  37/50: acc=0.8884  f1m=0.7535  uplink_kB=190.8  t=5.29s
  round  38/50: acc=0.8852  f1m=0.7544  uplink_kB=190.8  t=5.34s
  round  39/50: acc=0.8883  f1m=0.7492  uplink_kB=190.8  t=5.52s
  round  40/50: acc=0.8883  f1m=0.7630  uplink_kB=190.8  t=5.37s
  round  41/50: acc=0.8757  f1m=0.7417  uplink_kB=190.8  t=5.37s
  round  42/50: acc=0.8607  f1m=0.7291  uplink_kB=190.8  t=5.35s
  round  43/50: acc=0.8910  f1m=0.7563  uplink_kB=190.8  t=5.35s
  round  44/50: acc=0.8835  f1m=0.7519  uplink_kB=190.8  t=5.38s
  round  45/50: acc=0.8819  f1m=0.7498  uplink_kB=190.8  t=5.42s
  round  46/50: acc=0.8915  f1m=0.7568  uplink_kB=190.8  t=5.30s
  round  47/50: acc=0.8800  f1m=0.7588  uplink_kB=190.8  t=5.30s
  round  48/50: acc=0.8882  f1m=0.7650  uplink_kB=190.8  t=5.68s
  round  49/50: acc=0.8896  f1m=0.7681  uplink_kB=190.8  t=5.37s
  round  50/50: acc=0.8866  f1m=0.7683  uplink_kB=190.8  t=5.42s
[run] DONE -> /Users/agentra/Documents/hao/working/paper-lab/hao-paper-2026/iotj-fedkan-ids/repo/results/lrsweep_cseciic_mc/lrsweep_kan8_lr0p01__dir0.1__seed2026/metrics.json  final_acc=0.8866
