[run] device=cpu  seed=31  out=/Users/agentra/Documents/hao/working/paper-lab/hao-paper-2026/iotj-fedkan-ids/repo/results/lrsweep_cseciic_mc/lrsweep_mlp80_lr0p001__dir0.1__seed31
[run] model=mlp  params=4,415
  round   1/50: acc=0.1836  f1m=0.0377  uplink_kB=172.5  t=2.83s
  round   2/50: acc=0.3250  f1m=0.0908  uplink_kB=172.5  t=2.31s
  round   3/50: acc=0.4491  f1m=0.1255  uplink_kB=172.5  t=2.22s
  round   4/50: acc=0.4489  f1m=0.1255  uplink_kB=172.5  t=2.38s
  round   5/50: acc=0.4528  f1m=0.1345  uplink_kB=172.5  t=2.21s
  round   6/50: acc=0.4552  f1m=0.1353  uplink_kB=172.5  t=2.14s
  round   7/50: acc=0.4650  f1m=0.1515  uplink_kB=172.5  t=2.13s
  round   8/50: acc=0.5048  f1m=0.2362  uplink_kB=172.5  t=2.22s
  round   9/50: acc=0.5078  f1m=0.2404  uplink_kB=172.5  t=2.14s
  round  10/50: acc=0.5079  f1m=0.2402  uplink_kB=172.5  t=2.13s
  round  11/50: acc=0.5084  f1m=0.2407  uplink_kB=172.5  t=2.12s
  round  12/50: acc=0.5099  f1m=0.2443  uplink_kB=172.5  t=2.23s
  round  13/50: acc=0.6049  f1m=0.3004  uplink_kB=172.5  t=2.19s
  round  14/50: acc=0.6144  f1m=0.3251  uplink_kB=172.5  t=2.15s
  round  15/50: acc=0.6148  f1m=0.3383  uplink_kB=172.5  t=2.13s
  round  16/50: acc=0.6171  f1m=0.3911  uplink_kB=172.5  t=2.17s
  round  17/50: acc=0.6170  f1m=0.3903  uplink_kB=172.5  t=2.20s
  round  18/50: acc=0.6169  f1m=0.3808  uplink_kB=172.5  t=2.18s
  round  19/50: acc=0.6171  f1m=0.3800  uplink_kB=172.5  t=2.17s
  round  20/50: acc=0.6178  f1m=0.3814  uplink_kB=172.5  t=2.17s
  round  21/50: acc=0.6415  f1m=0.4015  uplink_kB=172.5  t=2.25s
  round  22/50: acc=0.6416  f1m=0.4017  uplink_kB=172.5  t=2.20s
  round  23/50: acc=0.6541  f1m=0.4404  uplink_kB=172.5  t=2.19s
  round  24/50: acc=0.6727  f1m=0.4648  uplink_kB=172.5  t=2.26s
  round  25/50: acc=0.6728  f1m=0.4620  uplink_kB=172.5  t=2.27s
  round  26/50: acc=0.6730  f1m=0.4597  uplink_kB=172.5  t=2.21s
  round  27/50: acc=0.6730  f1m=0.4596  uplink_kB=172.5  t=2.16s
  round  28/50: acc=0.6733  f1m=0.4601  uplink_kB=172.5  t=2.18s
  round  29/50: acc=0.6734  f1m=0.4599  uplink_kB=172.5  t=2.22s
  round  30/50: acc=0.6738  f1m=0.4606  uplink_kB=172.5  t=2.20s
  round  31/50: acc=0.6740  f1m=0.4612  uplink_kB=172.5  t=2.18s
  round  32/50: acc=0.6738  f1m=0.4611  uplink_kB=172.5  t=2.17s
  round  33/50: acc=0.6741  f1m=0.4531  uplink_kB=172.5  t=2.22s
  round  34/50: acc=0.6742  f1m=0.4462  uplink_kB=172.5  t=2.23s
  round  35/50: acc=0.6744  f1m=0.4491  uplink_kB=172.5  t=2.19s
  round  36/50: acc=0.6749  f1m=0.4453  uplink_kB=172.5  t=2.19s
  round  37/50: acc=0.6747  f1m=0.4462  uplink_kB=172.5  t=2.15s
  round  38/50: acc=0.6746  f1m=0.4460  uplink_kB=172.5  t=2.14s
  round  39/50: acc=0.6906  f1m=0.4576  uplink_kB=172.5  t=2.21s
  round  40/50: acc=0.6936  f1m=0.4650  uplink_kB=172.5  t=2.13s
  round  41/50: acc=0.6937  f1m=0.4620  uplink_kB=172.5  t=2.16s
  round  42/50: acc=0.6943  f1m=0.4612  uplink_kB=172.5  t=2.20s
  round  43/50: acc=0.6948  f1m=0.4629  uplink_kB=172.5  t=2.21s
  round  44/50: acc=0.6960  f1m=0.4628  uplink_kB=172.5  t=2.16s
  round  45/50: acc=0.6965  f1m=0.4633  uplink_kB=172.5  t=2.20s
  round  46/50: acc=0.6964  f1m=0.4629  uplink_kB=172.5  t=2.15s
  round  47/50: acc=0.6966  f1m=0.4705  uplink_kB=172.5  t=2.28s
  round  48/50: acc=0.6969  f1m=0.4705  uplink_kB=172.5  t=2.12s
  round  49/50: acc=0.6969  f1m=0.4705  uplink_kB=172.5  t=2.23s
  round  50/50: acc=0.6973  f1m=0.4708  uplink_kB=172.5  t=2.27s
[run] DONE -> /Users/agentra/Documents/hao/working/paper-lab/hao-paper-2026/iotj-fedkan-ids/repo/results/lrsweep_cseciic_mc/lrsweep_mlp80_lr0p001__dir0.1__seed31/metrics.json  final_acc=0.6973
