[run] device=cpu  seed=31  out=/Users/agentra/Documents/hao/working/paper-lab/hao-paper-2026/iotj-fedkan-ids/repo/results/lrsweep_cseciic_mc/lrsweep_mlp32_lr0p0003__dir0.1__seed31
[run] model=mlp  params=1,775
  round   1/50: acc=0.1545  f1m=0.0190  uplink_kB=69.3  t=2.86s
  round   2/50: acc=0.2874  f1m=0.0856  uplink_kB=69.3  t=2.14s
  round   3/50: acc=0.3067  f1m=0.0854  uplink_kB=69.3  t=2.14s
  round   4/50: acc=0.4200  f1m=0.1195  uplink_kB=69.3  t=2.16s
  round   5/50: acc=0.2996  f1m=0.0611  uplink_kB=69.3  t=2.20s
  round   6/50: acc=0.2998  f1m=0.0633  uplink_kB=69.3  t=2.12s
  round   7/50: acc=0.4258  f1m=0.1203  uplink_kB=69.3  t=2.03s
  round   8/50: acc=0.4529  f1m=0.1275  uplink_kB=69.3  t=2.17s
  round   9/50: acc=0.4509  f1m=0.1274  uplink_kB=69.3  t=2.06s
  round  10/50: acc=0.4507  f1m=0.1274  uplink_kB=69.3  t=2.05s
  round  11/50: acc=0.4487  f1m=0.1270  uplink_kB=69.3  t=2.04s
  round  12/50: acc=0.4445  f1m=0.1260  uplink_kB=69.3  t=2.07s
  round  13/50: acc=0.4411  f1m=0.1252  uplink_kB=69.3  t=2.06s
  round  14/50: acc=0.4406  f1m=0.1249  uplink_kB=69.3  t=2.07s
  round  15/50: acc=0.4406  f1m=0.1249  uplink_kB=69.3  t=2.08s
  round  16/50: acc=0.4407  f1m=0.1248  uplink_kB=69.3  t=2.05s
  round  17/50: acc=0.4410  f1m=0.1250  uplink_kB=69.3  t=2.07s
  round  18/50: acc=0.4411  f1m=0.1250  uplink_kB=69.3  t=2.07s
  round  19/50: acc=0.4413  f1m=0.1250  uplink_kB=69.3  t=2.08s
  round  20/50: acc=0.4418  f1m=0.1251  uplink_kB=69.3  t=2.10s
  round  21/50: acc=0.4427  f1m=0.1253  uplink_kB=69.3  t=2.07s
  round  22/50: acc=0.4442  f1m=0.1256  uplink_kB=69.3  t=2.04s
  round  23/50: acc=0.4468  f1m=0.1261  uplink_kB=69.3  t=2.09s
  round  24/50: acc=0.4477  f1m=0.1264  uplink_kB=69.3  t=2.07s
  round  25/50: acc=0.4487  f1m=0.1266  uplink_kB=69.3  t=2.07s
  round  26/50: acc=0.4492  f1m=0.1267  uplink_kB=69.3  t=2.05s
  round  27/50: acc=0.4512  f1m=0.1273  uplink_kB=69.3  t=2.07s
  round  28/50: acc=0.4516  f1m=0.1274  uplink_kB=69.3  t=2.09s
  round  29/50: acc=0.4519  f1m=0.1275  uplink_kB=69.3  t=2.11s
  round  30/50: acc=0.4521  f1m=0.1273  uplink_kB=69.3  t=2.12s
  round  31/50: acc=0.4522  f1m=0.1273  uplink_kB=69.3  t=2.11s
  round  32/50: acc=0.4523  f1m=0.1273  uplink_kB=69.3  t=2.10s
  round  33/50: acc=0.4524  f1m=0.1274  uplink_kB=69.3  t=2.08s
  round  34/50: acc=0.4524  f1m=0.1274  uplink_kB=69.3  t=2.11s
  round  35/50: acc=0.4525  f1m=0.1274  uplink_kB=69.3  t=2.03s
  round  36/50: acc=0.4524  f1m=0.1274  uplink_kB=69.3  t=2.04s
  round  37/50: acc=0.4525  f1m=0.1274  uplink_kB=69.3  t=2.10s
  round  38/50: acc=0.4530  f1m=0.1277  uplink_kB=69.3  t=2.07s
  round  39/50: acc=0.4537  f1m=0.1287  uplink_kB=69.3  t=2.10s
  round  40/50: acc=0.4582  f1m=0.1360  uplink_kB=69.3  t=2.03s
  round  41/50: acc=0.4609  f1m=0.1407  uplink_kB=69.3  t=2.06s
  round  42/50: acc=0.4666  f1m=0.1592  uplink_kB=69.3  t=2.04s
  round  43/50: acc=0.4713  f1m=0.1740  uplink_kB=69.3  t=2.16s
  round  44/50: acc=0.4730  f1m=0.1758  uplink_kB=69.3  t=2.05s
  round  45/50: acc=0.4738  f1m=0.1762  uplink_kB=69.3  t=2.05s
  round  46/50: acc=0.4752  f1m=0.1805  uplink_kB=69.3  t=2.07s
  round  47/50: acc=0.4757  f1m=0.1819  uplink_kB=69.3  t=2.13s
  round  48/50: acc=0.4978  f1m=0.2320  uplink_kB=69.3  t=2.04s
  round  49/50: acc=0.4991  f1m=0.2339  uplink_kB=69.3  t=2.08s
  round  50/50: acc=0.4994  f1m=0.2349  uplink_kB=69.3  t=2.14s
[run] DONE -> /Users/agentra/Documents/hao/working/paper-lab/hao-paper-2026/iotj-fedkan-ids/repo/results/lrsweep_cseciic_mc/lrsweep_mlp32_lr0p0003__dir0.1__seed31/metrics.json  final_acc=0.4994
