[run] device=cpu  seed=11  out=/Users/agentra/Documents/hao/working/paper-lab/hao-paper-2026/iotj-fedkan-ids/repo/results/lrsweep_cseciic_mc50k/lrsweep_kan8_lr0p01__dir0.1__seed11
[run] model=kan  params=4,320
  round   1/50: acc=0.2306  f1m=0.0856  uplink_kB=190.8  t=3.36s
  round   2/50: acc=0.4494  f1m=0.2520  uplink_kB=190.8  t=2.53s
  round   3/50: acc=0.4565  f1m=0.2523  uplink_kB=190.8  t=2.60s
  round   4/50: acc=0.5682  f1m=0.3821  uplink_kB=190.8  t=2.64s
  round   5/50: acc=0.5981  f1m=0.4123  uplink_kB=190.8  t=2.59s
  round   6/50: acc=0.6393  f1m=0.4529  uplink_kB=190.8  t=2.54s
  round   7/50: acc=0.6426  f1m=0.4538  uplink_kB=190.8  t=2.58s
  round   8/50: acc=0.6631  f1m=0.5073  uplink_kB=190.8  t=2.60s
  round   9/50: acc=0.6669  f1m=0.5126  uplink_kB=190.8  t=2.58s
  round  10/50: acc=0.6735  f1m=0.5194  uplink_kB=190.8  t=2.62s
  round  11/50: acc=0.7204  f1m=0.5449  uplink_kB=190.8  t=2.56s
  round  12/50: acc=0.7571  f1m=0.5831  uplink_kB=190.8  t=2.64s
  round  13/50: acc=0.8323  f1m=0.6958  uplink_kB=190.8  t=2.58s
  round  14/50: acc=0.8368  f1m=0.6918  uplink_kB=190.8  t=2.68s
  round  15/50: acc=0.7764  f1m=0.5862  uplink_kB=190.8  t=2.58s
  round  16/50: acc=0.8487  f1m=0.6882  uplink_kB=190.8  t=2.64s
  round  17/50: acc=0.8593  f1m=0.7273  uplink_kB=190.8  t=2.55s
  round  18/50: acc=0.8613  f1m=0.7180  uplink_kB=190.8  t=2.67s
  round  19/50: acc=0.8801  f1m=0.7438  uplink_kB=190.8  t=2.56s
  round  20/50: acc=0.8704  f1m=0.7319  uplink_kB=190.8  t=2.62s
  round  21/50: acc=0.8774  f1m=0.7409  uplink_kB=190.8  t=2.61s
  round  22/50: acc=0.8850  f1m=0.7536  uplink_kB=190.8  t=2.60s
  round  23/50: acc=0.8799  f1m=0.7485  uplink_kB=190.8  t=2.60s
  round  24/50: acc=0.8860  f1m=0.7484  uplink_kB=190.8  t=2.64s
  round  25/50: acc=0.8487  f1m=0.6686  uplink_kB=190.8  t=2.55s
  round  26/50: acc=0.8882  f1m=0.7513  uplink_kB=190.8  t=2.59s
  round  27/50: acc=0.8486  f1m=0.6691  uplink_kB=190.8  t=2.59s
  round  28/50: acc=0.8899  f1m=0.7542  uplink_kB=190.8  t=2.75s
  round  29/50: acc=0.8431  f1m=0.6639  uplink_kB=190.8  t=2.57s
  round  30/50: acc=0.8904  f1m=0.7558  uplink_kB=190.8  t=2.61s
  round  31/50: acc=0.8821  f1m=0.7435  uplink_kB=190.8  t=2.62s
  round  32/50: acc=0.8908  f1m=0.7565  uplink_kB=190.8  t=2.59s
  round  33/50: acc=0.8822  f1m=0.7502  uplink_kB=190.8  t=2.57s
  round  34/50: acc=0.8897  f1m=0.7560  uplink_kB=190.8  t=2.64s
  round  35/50: acc=0.8835  f1m=0.7496  uplink_kB=190.8  t=2.54s
  round  36/50: acc=0.8698  f1m=0.7276  uplink_kB=190.8  t=2.61s
  round  37/50: acc=0.8896  f1m=0.7610  uplink_kB=190.8  t=2.58s
  round  38/50: acc=0.8807  f1m=0.7466  uplink_kB=190.8  t=2.62s
  round  39/50: acc=0.8766  f1m=0.7316  uplink_kB=190.8  t=2.61s
  round  40/50: acc=0.8908  f1m=0.7562  uplink_kB=190.8  t=2.60s
  round  41/50: acc=0.8957  f1m=0.7649  uplink_kB=190.8  t=2.59s
  round  42/50: acc=0.8927  f1m=0.7571  uplink_kB=190.8  t=2.61s
  round  43/50: acc=0.8947  f1m=0.7655  uplink_kB=190.8  t=2.61s
  round  44/50: acc=0.8930  f1m=0.7580  uplink_kB=190.8  t=2.65s
  round  45/50: acc=0.8924  f1m=0.7633  uplink_kB=190.8  t=2.63s
  round  46/50: acc=0.8972  f1m=0.7676  uplink_kB=190.8  t=2.59s
  round  47/50: acc=0.8905  f1m=0.7595  uplink_kB=190.8  t=2.58s
  round  48/50: acc=0.8939  f1m=0.7647  uplink_kB=190.8  t=2.64s
  round  49/50: acc=0.8900  f1m=0.7605  uplink_kB=190.8  t=2.53s
  round  50/50: acc=0.8896  f1m=0.7569  uplink_kB=190.8  t=2.60s
[run] DONE -> /Users/agentra/Documents/hao/working/paper-lab/hao-paper-2026/iotj-fedkan-ids/repo/results/lrsweep_cseciic_mc50k/lrsweep_kan8_lr0p01__dir0.1__seed11/metrics.json  final_acc=0.8896
