[run] device=cpu  seed=31  out=/Users/agentra/Documents/hao/working/paper-lab/hao-paper-2026/iotj-fedkan-ids/repo/results/lrsweep_botiot/lrsweep_mlp32_lr0p01__dir0.1__seed31
[run] model=mlp  params=1,346
  round   1/50: acc=0.6413  f1m=0.5989  uplink_kB=52.6  t=1.28s
  round   2/50: acc=0.9272  f1m=0.9272  uplink_kB=52.6  t=0.73s
  round   3/50: acc=0.9335  f1m=0.9334  uplink_kB=52.6  t=0.65s
  round   4/50: acc=0.9308  f1m=0.9308  uplink_kB=52.6  t=0.59s
  round   5/50: acc=0.9335  f1m=0.9335  uplink_kB=52.6  t=0.66s
  round   6/50: acc=0.9366  f1m=0.9366  uplink_kB=52.6  t=0.65s
  round   7/50: acc=0.9365  f1m=0.9365  uplink_kB=52.6  t=0.69s
  round   8/50: acc=0.9396  f1m=0.9396  uplink_kB=52.6  t=0.61s
  round   9/50: acc=0.9409  f1m=0.9409  uplink_kB=52.6  t=0.66s
  round  10/50: acc=0.9434  f1m=0.9434  uplink_kB=52.6  t=0.60s
  round  11/50: acc=0.9443  f1m=0.9443  uplink_kB=52.6  t=0.64s
  round  12/50: acc=0.9452  f1m=0.9452  uplink_kB=52.6  t=0.67s
  round  13/50: acc=0.9463  f1m=0.9463  uplink_kB=52.6  t=0.67s
  round  14/50: acc=0.9456  f1m=0.9456  uplink_kB=52.6  t=0.61s
  round  15/50: acc=0.9468  f1m=0.9468  uplink_kB=52.6  t=0.66s
  round  16/50: acc=0.9500  f1m=0.9500  uplink_kB=52.6  t=0.59s
  round  17/50: acc=0.9430  f1m=0.9429  uplink_kB=52.6  t=0.64s
  round  18/50: acc=0.9523  f1m=0.9523  uplink_kB=52.6  t=0.63s
  round  19/50: acc=0.9508  f1m=0.9508  uplink_kB=52.6  t=0.64s
  round  20/50: acc=0.9416  f1m=0.9416  uplink_kB=52.6  t=0.61s
  round  21/50: acc=0.9400  f1m=0.9400  uplink_kB=52.6  t=0.67s
  round  22/50: acc=0.9476  f1m=0.9476  uplink_kB=52.6  t=0.64s
  round  23/50: acc=0.9410  f1m=0.9410  uplink_kB=52.6  t=0.68s
  round  24/50: acc=0.9421  f1m=0.9421  uplink_kB=52.6  t=0.64s
  round  25/50: acc=0.9431  f1m=0.9431  uplink_kB=52.6  t=0.69s
  round  26/50: acc=0.9579  f1m=0.9579  uplink_kB=52.6  t=0.69s
  round  27/50: acc=0.9640  f1m=0.9640  uplink_kB=52.6  t=0.60s
  round  28/50: acc=0.9635  f1m=0.9635  uplink_kB=52.6  t=0.65s
  round  29/50: acc=0.9491  f1m=0.9491  uplink_kB=52.6  t=0.70s
  round  30/50: acc=0.9659  f1m=0.9659  uplink_kB=52.6  t=0.68s
  round  31/50: acc=0.9506  f1m=0.9506  uplink_kB=52.6  t=0.62s
  round  32/50: acc=0.9669  f1m=0.9669  uplink_kB=52.6  t=0.66s
  round  33/50: acc=0.9655  f1m=0.9655  uplink_kB=52.6  t=0.62s
  round  34/50: acc=0.9605  f1m=0.9605  uplink_kB=52.6  t=0.64s
  round  35/50: acc=0.9516  f1m=0.9516  uplink_kB=52.6  t=0.71s
  round  36/50: acc=0.9586  f1m=0.9586  uplink_kB=52.6  t=0.71s
  round  37/50: acc=0.9679  f1m=0.9679  uplink_kB=52.6  t=0.63s
  round  38/50: acc=0.9596  f1m=0.9596  uplink_kB=52.6  t=0.67s
  round  39/50: acc=0.9590  f1m=0.9590  uplink_kB=52.6  t=0.62s
  round  40/50: acc=0.9686  f1m=0.9686  uplink_kB=52.6  t=0.65s
  round  41/50: acc=0.9541  f1m=0.9541  uplink_kB=52.6  t=0.65s
  round  42/50: acc=0.9696  f1m=0.9696  uplink_kB=52.6  t=0.65s
  round  43/50: acc=0.9601  f1m=0.9601  uplink_kB=52.6  t=0.66s
  round  44/50: acc=0.9588  f1m=0.9588  uplink_kB=52.6  t=0.60s
  round  45/50: acc=0.9607  f1m=0.9607  uplink_kB=52.6  t=0.66s
  round  46/50: acc=0.9701  f1m=0.9700  uplink_kB=52.6  t=0.69s
  round  47/50: acc=0.9701  f1m=0.9701  uplink_kB=52.6  t=0.64s
  round  48/50: acc=0.9699  f1m=0.9699  uplink_kB=52.6  t=0.64s
  round  49/50: acc=0.9700  f1m=0.9700  uplink_kB=52.6  t=0.64s
  round  50/50: acc=0.9697  f1m=0.9697  uplink_kB=52.6  t=0.61s
[run] DONE -> /Users/agentra/Documents/hao/working/paper-lab/hao-paper-2026/iotj-fedkan-ids/repo/results/lrsweep_botiot/lrsweep_mlp32_lr0p01__dir0.1__seed31/metrics.json  final_acc=0.9697
