[run] device=cpu  seed=37  out=/Users/agentra/Documents/hao/working/paper-lab/hao-paper-2026/iotj-fedkan-ids/repo/results/lrsweep_cseciic_mc/lrsweep_mlp32_lr0p1__dir0.1__seed37
[run] model=mlp  params=1,775
  round   1/50: acc=0.1588  f1m=0.0336  uplink_kB=69.3  t=2.84s
  round   2/50: acc=0.2664  f1m=0.1038  uplink_kB=69.3  t=2.18s
  round   3/50: acc=0.4580  f1m=0.1911  uplink_kB=69.3  t=2.35s
  round   4/50: acc=0.7281  f1m=0.4136  uplink_kB=69.3  t=2.11s
  round   5/50: acc=0.5640  f1m=0.2698  uplink_kB=69.3  t=2.16s
  round   6/50: acc=0.7343  f1m=0.4316  uplink_kB=69.3  t=2.08s
  round   7/50: acc=0.6777  f1m=0.3688  uplink_kB=69.3  t=2.09s
  round   8/50: acc=0.6450  f1m=0.4038  uplink_kB=69.3  t=2.14s
  round   9/50: acc=0.7807  f1m=0.4890  uplink_kB=69.3  t=2.10s
  round  10/50: acc=0.7433  f1m=0.4633  uplink_kB=69.3  t=2.10s
  round  11/50: acc=0.7833  f1m=0.5097  uplink_kB=69.3  t=2.13s
  round  12/50: acc=0.7940  f1m=0.4969  uplink_kB=69.3  t=2.10s
  round  13/50: acc=0.6525  f1m=0.3938  uplink_kB=69.3  t=2.09s
  round  14/50: acc=0.5905  f1m=0.2918  uplink_kB=69.3  t=2.11s
  round  15/50: acc=0.6502  f1m=0.4151  uplink_kB=69.3  t=2.15s
  round  16/50: acc=0.6056  f1m=0.2845  uplink_kB=69.3  t=2.16s
  round  17/50: acc=0.7966  f1m=0.4839  uplink_kB=69.3  t=2.13s
  round  18/50: acc=0.7528  f1m=0.3940  uplink_kB=69.3  t=2.21s
  round  19/50: acc=0.7717  f1m=0.4417  uplink_kB=69.3  t=2.13s
  round  20/50: acc=0.7744  f1m=0.4702  uplink_kB=69.3  t=2.10s
  round  21/50: acc=0.7105  f1m=0.3362  uplink_kB=69.3  t=2.13s
  round  22/50: acc=0.7856  f1m=0.4760  uplink_kB=69.3  t=2.03s
  round  23/50: acc=0.7274  f1m=0.4404  uplink_kB=69.3  t=2.08s
  round  24/50: acc=0.7923  f1m=0.4790  uplink_kB=69.3  t=2.10s
  round  25/50: acc=0.6212  f1m=0.3504  uplink_kB=69.3  t=2.16s
  round  26/50: acc=0.7760  f1m=0.4557  uplink_kB=69.3  t=2.12s
  round  27/50: acc=0.7481  f1m=0.4495  uplink_kB=69.3  t=2.15s
  round  28/50: acc=0.7496  f1m=0.3571  uplink_kB=69.3  t=2.15s
  round  29/50: acc=0.7619  f1m=0.3834  uplink_kB=69.3  t=2.12s
  round  30/50: acc=0.7425  f1m=0.3686  uplink_kB=69.3  t=2.12s
  round  31/50: acc=0.7779  f1m=0.4222  uplink_kB=69.3  t=2.11s
  round  32/50: acc=0.7503  f1m=0.3955  uplink_kB=69.3  t=2.16s
  round  33/50: acc=0.7777  f1m=0.4270  uplink_kB=69.3  t=2.09s
  round  34/50: acc=0.7338  f1m=0.3459  uplink_kB=69.3  t=2.07s
  round  35/50: acc=0.5619  f1m=0.2708  uplink_kB=69.3  t=2.11s
  round  36/50: acc=0.7452  f1m=0.3819  uplink_kB=69.3  t=2.10s
  round  37/50: acc=0.6696  f1m=0.3489  uplink_kB=69.3  t=2.17s
  round  38/50: acc=0.6328  f1m=0.3195  uplink_kB=69.3  t=2.08s
  round  39/50: acc=0.7366  f1m=0.3308  uplink_kB=69.3  t=2.11s
  round  40/50: acc=0.7658  f1m=0.3897  uplink_kB=69.3  t=2.13s
  round  41/50: acc=0.7396  f1m=0.3294  uplink_kB=69.3  t=2.16s
  round  42/50: acc=0.7322  f1m=0.3250  uplink_kB=69.3  t=2.07s
  round  43/50: acc=0.7369  f1m=0.3322  uplink_kB=69.3  t=2.05s
  round  44/50: acc=0.7371  f1m=0.3281  uplink_kB=69.3  t=2.13s
  round  45/50: acc=0.7640  f1m=0.3823  uplink_kB=69.3  t=2.08s
  round  46/50: acc=0.7594  f1m=0.3791  uplink_kB=69.3  t=2.11s
  round  47/50: acc=0.7647  f1m=0.3839  uplink_kB=69.3  t=2.10s
  round  48/50: acc=0.7394  f1m=0.3495  uplink_kB=69.3  t=2.19s
  round  49/50: acc=0.7647  f1m=0.4060  uplink_kB=69.3  t=2.09s
  round  50/50: acc=0.7354  f1m=0.3666  uplink_kB=69.3  t=2.07s
[run] DONE -> /Users/agentra/Documents/hao/working/paper-lab/hao-paper-2026/iotj-fedkan-ids/repo/results/lrsweep_cseciic_mc/lrsweep_mlp32_lr0p1__dir0.1__seed37/metrics.json  final_acc=0.7354
