[run] device=cpu  seed=43  out=/Users/agentra/Documents/hao/working/paper-lab/hao-paper-2026/iotj-fedkan-ids/repo/results/sensitivity_botiot/sens_G10__dir0.1__seed43
[run] model=kan  params=4,920
  round   1/50: acc=0.6710  f1m=0.6304  uplink_kB=223.4  t=2.95s
  round   2/50: acc=0.8003  f1m=0.7920  uplink_kB=223.4  t=2.23s
  round   3/50: acc=0.9054  f1m=0.9052  uplink_kB=223.4  t=2.24s
  round   4/50: acc=0.8459  f1m=0.8422  uplink_kB=223.4  t=5.29s
  round   5/50: acc=0.9570  f1m=0.9570  uplink_kB=223.4  t=4.10s
  round   6/50: acc=0.9317  f1m=0.9317  uplink_kB=223.4  t=2.15s
  round   7/50: acc=0.9617  f1m=0.9617  uplink_kB=223.4  t=2.28s
  round   8/50: acc=0.9614  f1m=0.9614  uplink_kB=223.4  t=2.08s
  round   9/50: acc=0.9590  f1m=0.9590  uplink_kB=223.4  t=2.10s
  round  10/50: acc=0.9679  f1m=0.9679  uplink_kB=223.4  t=2.70s
  round  11/50: acc=0.9593  f1m=0.9593  uplink_kB=223.4  t=2.22s
  round  12/50: acc=0.9635  f1m=0.9635  uplink_kB=223.4  t=2.33s
  round  13/50: acc=0.9077  f1m=0.9069  uplink_kB=223.4  t=2.23s
  round  14/50: acc=0.9168  f1m=0.9163  uplink_kB=223.4  t=2.33s
  round  15/50: acc=0.9916  f1m=0.9916  uplink_kB=223.4  t=2.26s
  round  16/50: acc=0.9152  f1m=0.9146  uplink_kB=223.4  t=2.24s
  round  17/50: acc=0.9904  f1m=0.9904  uplink_kB=223.4  t=2.23s
  round  18/50: acc=0.9164  f1m=0.9158  uplink_kB=223.4  t=2.20s
  round  19/50: acc=0.9585  f1m=0.9585  uplink_kB=223.4  t=2.31s
  round  20/50: acc=0.9146  f1m=0.9139  uplink_kB=223.4  t=2.25s
  round  21/50: acc=0.9144  f1m=0.9138  uplink_kB=223.4  t=2.32s
  round  22/50: acc=0.9616  f1m=0.9615  uplink_kB=223.4  t=2.30s
  round  23/50: acc=0.9089  f1m=0.9082  uplink_kB=223.4  t=2.36s
  round  24/50: acc=0.9164  f1m=0.9158  uplink_kB=223.4  t=2.28s
  round  25/50: acc=0.9233  f1m=0.9228  uplink_kB=223.4  t=2.23s
  round  26/50: acc=0.8844  f1m=0.8828  uplink_kB=223.4  t=2.36s
  round  27/50: acc=0.9908  f1m=0.9908  uplink_kB=223.4  t=2.31s
  round  28/50: acc=0.8885  f1m=0.8871  uplink_kB=223.4  t=2.34s
  round  29/50: acc=0.9176  f1m=0.9170  uplink_kB=223.4  t=2.26s
  round  30/50: acc=0.9103  f1m=0.9095  uplink_kB=223.4  t=2.33s
  round  31/50: acc=0.9875  f1m=0.9875  uplink_kB=223.4  t=2.24s
  round  32/50: acc=0.9179  f1m=0.9173  uplink_kB=223.4  t=2.35s
  round  33/50: acc=0.8953  f1m=0.8941  uplink_kB=223.4  t=2.28s
  round  34/50: acc=0.8125  f1m=0.8055  uplink_kB=223.4  t=2.30s
  round  35/50: acc=0.9145  f1m=0.9139  uplink_kB=223.4  t=2.31s
  round  36/50: acc=0.7646  f1m=0.7506  uplink_kB=223.4  t=2.25s
  round  37/50: acc=0.9172  f1m=0.9167  uplink_kB=223.4  t=2.28s
  round  38/50: acc=0.9149  f1m=0.9143  uplink_kB=223.4  t=2.25s
  round  39/50: acc=0.8726  f1m=0.8704  uplink_kB=223.4  t=2.31s
  round  40/50: acc=0.9963  f1m=0.9963  uplink_kB=223.4  t=2.14s
  round  41/50: acc=0.8768  f1m=0.8749  uplink_kB=223.4  t=2.31s
  round  42/50: acc=0.9872  f1m=0.9872  uplink_kB=223.4  t=2.31s
  round  43/50: acc=0.9097  f1m=0.9089  uplink_kB=223.4  t=2.24s
  round  44/50: acc=0.8633  f1m=0.8606  uplink_kB=223.4  t=2.35s
  round  45/50: acc=0.9153  f1m=0.9146  uplink_kB=223.4  t=2.26s
  round  46/50: acc=0.8032  f1m=0.7984  uplink_kB=223.4  t=2.36s
  round  47/50: acc=0.9109  f1m=0.9102  uplink_kB=223.4  t=2.37s
  round  48/50: acc=0.9855  f1m=0.9855  uplink_kB=223.4  t=2.35s
  round  49/50: acc=0.8862  f1m=0.8847  uplink_kB=223.4  t=2.39s
  round  50/50: acc=0.9873  f1m=0.9873  uplink_kB=223.4  t=2.30s
[run] DONE -> /Users/agentra/Documents/hao/working/paper-lab/hao-paper-2026/iotj-fedkan-ids/repo/results/sensitivity_botiot/sens_G10__dir0.1__seed43/metrics.json  final_acc=0.9873
