[run] device=cpu  seed=2024  out=/Users/agentra/Documents/hao/working/paper-lab/hao-paper-2026/iotj-fedkan-ids/repo/results/lrsweep_cseciic_mc50k/lrsweep_mlp80_lr0p03__dir0.1__seed2024
[run] model=mlp  params=4,415
  round   1/50: acc=0.2297  f1m=0.0700  uplink_kB=172.5  t=1.84s
  round   2/50: acc=0.4796  f1m=0.2216  uplink_kB=172.5  t=1.19s
  round   3/50: acc=0.7419  f1m=0.4461  uplink_kB=172.5  t=1.14s
  round   4/50: acc=0.6624  f1m=0.3875  uplink_kB=172.5  t=1.15s
  round   5/50: acc=0.7334  f1m=0.4404  uplink_kB=172.5  t=1.15s
  round   6/50: acc=0.6543  f1m=0.3837  uplink_kB=172.5  t=1.10s
  round   7/50: acc=0.7702  f1m=0.5289  uplink_kB=172.5  t=1.13s
  round   8/50: acc=0.7647  f1m=0.5295  uplink_kB=172.5  t=1.08s
  round   9/50: acc=0.7374  f1m=0.4409  uplink_kB=172.5  t=1.13s
  round  10/50: acc=0.7640  f1m=0.5274  uplink_kB=172.5  t=1.08s
  round  11/50: acc=0.7698  f1m=0.5307  uplink_kB=172.5  t=1.16s
  round  12/50: acc=0.7557  f1m=0.5166  uplink_kB=172.5  t=1.10s
  round  13/50: acc=0.7786  f1m=0.5728  uplink_kB=172.5  t=1.15s
  round  14/50: acc=0.7830  f1m=0.5638  uplink_kB=172.5  t=1.11s
  round  15/50: acc=0.7913  f1m=0.5955  uplink_kB=172.5  t=1.16s
  round  16/50: acc=0.8072  f1m=0.6013  uplink_kB=172.5  t=1.09s
  round  17/50: acc=0.7812  f1m=0.5953  uplink_kB=172.5  t=1.24s
  round  18/50: acc=0.7696  f1m=0.5480  uplink_kB=172.5  t=1.11s
  round  19/50: acc=0.8061  f1m=0.5404  uplink_kB=172.5  t=1.31s
  round  20/50: acc=0.7443  f1m=0.5442  uplink_kB=172.5  t=1.20s
  round  21/50: acc=0.8231  f1m=0.6280  uplink_kB=172.5  t=1.25s
  round  22/50: acc=0.7315  f1m=0.5598  uplink_kB=172.5  t=1.19s
  round  23/50: acc=0.8262  f1m=0.6324  uplink_kB=172.5  t=1.61s
  round  24/50: acc=0.8201  f1m=0.6572  uplink_kB=172.5  t=1.35s
  round  25/50: acc=0.8252  f1m=0.6754  uplink_kB=172.5  t=1.18s
  round  26/50: acc=0.8048  f1m=0.6498  uplink_kB=172.5  t=1.29s
  round  27/50: acc=0.8263  f1m=0.6348  uplink_kB=172.5  t=1.33s
  round  28/50: acc=0.7966  f1m=0.6096  uplink_kB=172.5  t=1.39s
  round  29/50: acc=0.8583  f1m=0.7085  uplink_kB=172.5  t=1.16s
  round  30/50: acc=0.8167  f1m=0.6491  uplink_kB=172.5  t=1.19s
  round  31/50: acc=0.8506  f1m=0.6923  uplink_kB=172.5  t=1.27s
  round  32/50: acc=0.8182  f1m=0.6271  uplink_kB=172.5  t=1.34s
  round  33/50: acc=0.8689  f1m=0.7230  uplink_kB=172.5  t=1.27s
  round  34/50: acc=0.8062  f1m=0.6140  uplink_kB=172.5  t=1.33s
  round  35/50: acc=0.8787  f1m=0.7364  uplink_kB=172.5  t=1.30s
  round  36/50: acc=0.8098  f1m=0.6223  uplink_kB=172.5  t=1.23s
  round  37/50: acc=0.8454  f1m=0.6543  uplink_kB=172.5  t=1.37s
  round  38/50: acc=0.8465  f1m=0.6931  uplink_kB=172.5  t=1.26s
  round  39/50: acc=0.8413  f1m=0.6887  uplink_kB=172.5  t=1.26s
  round  40/50: acc=0.8486  f1m=0.6952  uplink_kB=172.5  t=1.23s
  round  41/50: acc=0.8350  f1m=0.6395  uplink_kB=172.5  t=1.13s
  round  42/50: acc=0.7990  f1m=0.6255  uplink_kB=172.5  t=1.18s
  round  43/50: acc=0.8313  f1m=0.6437  uplink_kB=172.5  t=1.10s
  round  44/50: acc=0.8368  f1m=0.6963  uplink_kB=172.5  t=1.19s
  round  45/50: acc=0.7999  f1m=0.6090  uplink_kB=172.5  t=1.10s
  round  46/50: acc=0.8125  f1m=0.6350  uplink_kB=172.5  t=1.13s
  round  47/50: acc=0.8393  f1m=0.6510  uplink_kB=172.5  t=1.09s
  round  48/50: acc=0.8002  f1m=0.6249  uplink_kB=172.5  t=1.20s
  round  49/50: acc=0.8521  f1m=0.7134  uplink_kB=172.5  t=1.18s
  round  50/50: acc=0.8478  f1m=0.7016  uplink_kB=172.5  t=1.16s
[run] DONE -> /Users/agentra/Documents/hao/working/paper-lab/hao-paper-2026/iotj-fedkan-ids/repo/results/lrsweep_cseciic_mc50k/lrsweep_mlp80_lr0p03__dir0.1__seed2024/metrics.json  final_acc=0.8478
