[run] device=cpu  seed=23  out=/Users/agentra/Documents/hao/working/paper-lab/hao-paper-2026/iotj-fedkan-ids/repo/results/lrsweep_cseciic/lrsweep_mlp32_lr0p03__dir0.1__seed23
[run] model=mlp  params=1,346
  round   1/50: acc=0.9233  f1m=0.9231  uplink_kB=52.6  t=1.27s
  round   2/50: acc=0.9274  f1m=0.9271  uplink_kB=52.6  t=0.63s
  round   3/50: acc=0.9296  f1m=0.9293  uplink_kB=52.6  t=0.64s
  round   4/50: acc=0.9289  f1m=0.9286  uplink_kB=52.6  t=0.64s
  round   5/50: acc=0.9327  f1m=0.9325  uplink_kB=52.6  t=0.59s
  round   6/50: acc=0.9410  f1m=0.9408  uplink_kB=52.6  t=0.62s
  round   7/50: acc=0.9428  f1m=0.9426  uplink_kB=52.6  t=0.61s
  round   8/50: acc=0.9612  f1m=0.9612  uplink_kB=52.6  t=0.62s
  round   9/50: acc=0.9435  f1m=0.9434  uplink_kB=52.6  t=0.66s
  round  10/50: acc=0.9628  f1m=0.9628  uplink_kB=52.6  t=0.66s
  round  11/50: acc=0.9637  f1m=0.9637  uplink_kB=52.6  t=0.58s
  round  12/50: acc=0.9639  f1m=0.9638  uplink_kB=52.6  t=0.64s
  round  13/50: acc=0.9643  f1m=0.9642  uplink_kB=52.6  t=0.67s
  round  14/50: acc=0.9643  f1m=0.9642  uplink_kB=52.6  t=0.66s
  round  15/50: acc=0.9645  f1m=0.9645  uplink_kB=52.6  t=0.62s
  round  16/50: acc=0.9657  f1m=0.9656  uplink_kB=52.6  t=0.63s
  round  17/50: acc=0.9650  f1m=0.9649  uplink_kB=52.6  t=0.66s
  round  18/50: acc=0.9655  f1m=0.9655  uplink_kB=52.6  t=0.59s
  round  19/50: acc=0.9653  f1m=0.9653  uplink_kB=52.6  t=0.66s
  round  20/50: acc=0.9618  f1m=0.9618  uplink_kB=52.6  t=0.63s
  round  21/50: acc=0.9623  f1m=0.9622  uplink_kB=52.6  t=0.65s
  round  22/50: acc=0.9422  f1m=0.9420  uplink_kB=52.6  t=0.64s
  round  23/50: acc=0.9615  f1m=0.9614  uplink_kB=52.6  t=0.64s
  round  24/50: acc=0.9655  f1m=0.9655  uplink_kB=52.6  t=0.65s
  round  25/50: acc=0.9657  f1m=0.9657  uplink_kB=52.6  t=0.62s
  round  26/50: acc=0.9614  f1m=0.9613  uplink_kB=52.6  t=0.65s
  round  27/50: acc=0.9617  f1m=0.9617  uplink_kB=52.6  t=0.64s
  round  28/50: acc=0.9614  f1m=0.9614  uplink_kB=52.6  t=0.67s
  round  29/50: acc=0.9615  f1m=0.9615  uplink_kB=52.6  t=0.66s
  round  30/50: acc=0.9616  f1m=0.9616  uplink_kB=52.6  t=0.63s
  round  31/50: acc=0.9664  f1m=0.9664  uplink_kB=52.6  t=0.60s
  round  32/50: acc=0.9697  f1m=0.9697  uplink_kB=52.6  t=0.65s
  round  33/50: acc=0.9664  f1m=0.9663  uplink_kB=52.6  t=0.66s
  round  34/50: acc=0.9637  f1m=0.9637  uplink_kB=52.6  t=0.66s
  round  35/50: acc=0.9408  f1m=0.9406  uplink_kB=52.6  t=0.67s
  round  36/50: acc=0.9665  f1m=0.9665  uplink_kB=52.6  t=0.64s
  round  37/50: acc=0.9682  f1m=0.9682  uplink_kB=52.6  t=0.60s
  round  38/50: acc=0.9619  f1m=0.9619  uplink_kB=52.6  t=0.65s
  round  39/50: acc=0.9663  f1m=0.9663  uplink_kB=52.6  t=0.64s
  round  40/50: acc=0.9589  f1m=0.9588  uplink_kB=52.6  t=0.63s
  round  41/50: acc=0.9666  f1m=0.9666  uplink_kB=52.6  t=0.63s
  round  42/50: acc=0.9408  f1m=0.9406  uplink_kB=52.6  t=0.64s
  round  43/50: acc=0.9659  f1m=0.9659  uplink_kB=52.6  t=0.66s
  round  44/50: acc=0.9666  f1m=0.9666  uplink_kB=52.6  t=0.61s
  round  45/50: acc=0.9647  f1m=0.9647  uplink_kB=52.6  t=0.63s
  round  46/50: acc=0.9654  f1m=0.9654  uplink_kB=52.6  t=0.65s
  round  47/50: acc=0.9657  f1m=0.9657  uplink_kB=52.6  t=0.67s
  round  48/50: acc=0.9663  f1m=0.9663  uplink_kB=52.6  t=0.66s
  round  49/50: acc=0.9674  f1m=0.9673  uplink_kB=52.6  t=0.66s
  round  50/50: acc=0.9664  f1m=0.9663  uplink_kB=52.6  t=0.65s
[run] DONE -> /Users/agentra/Documents/hao/working/paper-lab/hao-paper-2026/iotj-fedkan-ids/repo/results/lrsweep_cseciic/lrsweep_mlp32_lr0p03__dir0.1__seed23/metrics.json  final_acc=0.9664
