[run] device=cpu  seed=11  out=/Users/agentra/Documents/hao/working/paper-lab/hao-paper-2026/iotj-fedkan-ids/repo/results/lrsweep_cseciic_mc/lrsweep_mlp32_lr0p01__dir0.1__seed11
[run] model=mlp  params=1,775
  round   1/50: acc=0.1687  f1m=0.0299  uplink_kB=69.3  t=2.79s
  round   2/50: acc=0.4502  f1m=0.1618  uplink_kB=69.3  t=2.21s
  round   3/50: acc=0.6931  f1m=0.3354  uplink_kB=69.3  t=2.19s
  round   4/50: acc=0.7745  f1m=0.3720  uplink_kB=69.3  t=2.08s
  round   5/50: acc=0.7817  f1m=0.4027  uplink_kB=69.3  t=2.04s
  round   6/50: acc=0.7912  f1m=0.4268  uplink_kB=69.3  t=2.12s
  round   7/50: acc=0.7986  f1m=0.4547  uplink_kB=69.3  t=2.12s
  round   8/50: acc=0.8225  f1m=0.4961  uplink_kB=69.3  t=2.11s
  round   9/50: acc=0.8249  f1m=0.4987  uplink_kB=69.3  t=2.02s
  round  10/50: acc=0.8185  f1m=0.4963  uplink_kB=69.3  t=2.09s
  round  11/50: acc=0.8272  f1m=0.4994  uplink_kB=69.3  t=2.16s
  round  12/50: acc=0.8274  f1m=0.5018  uplink_kB=69.3  t=2.16s
  round  13/50: acc=0.8309  f1m=0.5129  uplink_kB=69.3  t=2.15s
  round  14/50: acc=0.8308  f1m=0.5141  uplink_kB=69.3  t=2.11s
  round  15/50: acc=0.8312  f1m=0.5276  uplink_kB=69.3  t=2.12s
  round  16/50: acc=0.8308  f1m=0.5253  uplink_kB=69.3  t=2.17s
  round  17/50: acc=0.8318  f1m=0.5262  uplink_kB=69.3  t=2.08s
  round  18/50: acc=0.8320  f1m=0.5168  uplink_kB=69.3  t=2.13s
  round  19/50: acc=0.8346  f1m=0.5804  uplink_kB=69.3  t=2.10s
  round  20/50: acc=0.8364  f1m=0.5871  uplink_kB=69.3  t=2.15s
  round  21/50: acc=0.8352  f1m=0.5819  uplink_kB=69.3  t=2.07s
  round  22/50: acc=0.8374  f1m=0.6077  uplink_kB=69.3  t=2.10s
  round  23/50: acc=0.8360  f1m=0.6005  uplink_kB=69.3  t=2.12s
  round  24/50: acc=0.8388  f1m=0.6088  uplink_kB=69.3  t=2.08s
  round  25/50: acc=0.8373  f1m=0.5844  uplink_kB=69.3  t=2.17s
  round  26/50: acc=0.8374  f1m=0.5853  uplink_kB=69.3  t=2.11s
  round  27/50: acc=0.8410  f1m=0.6154  uplink_kB=69.3  t=2.13s
  round  28/50: acc=0.8413  f1m=0.5951  uplink_kB=69.3  t=2.12s
  round  29/50: acc=0.8402  f1m=0.5922  uplink_kB=69.3  t=2.15s
  round  30/50: acc=0.8431  f1m=0.6192  uplink_kB=69.3  t=2.07s
  round  31/50: acc=0.8440  f1m=0.6030  uplink_kB=69.3  t=2.07s
  round  32/50: acc=0.8422  f1m=0.5963  uplink_kB=69.3  t=2.13s
  round  33/50: acc=0.8422  f1m=0.5976  uplink_kB=69.3  t=2.17s
  round  34/50: acc=0.8459  f1m=0.6078  uplink_kB=69.3  t=2.09s
  round  35/50: acc=0.8494  f1m=0.6173  uplink_kB=69.3  t=2.09s
  round  36/50: acc=0.8466  f1m=0.6119  uplink_kB=69.3  t=2.16s
  round  37/50: acc=0.8421  f1m=0.5978  uplink_kB=69.3  t=2.09s
  round  38/50: acc=0.8464  f1m=0.6094  uplink_kB=69.3  t=2.11s
  round  39/50: acc=0.8512  f1m=0.6407  uplink_kB=69.3  t=2.08s
  round  40/50: acc=0.8505  f1m=0.6209  uplink_kB=69.3  t=2.20s
  round  41/50: acc=0.8476  f1m=0.6130  uplink_kB=69.3  t=2.20s
  round  42/50: acc=0.8560  f1m=0.6509  uplink_kB=69.3  t=2.22s
  round  43/50: acc=0.8506  f1m=0.6385  uplink_kB=69.3  t=2.20s
  round  44/50: acc=0.8506  f1m=0.6387  uplink_kB=69.3  t=2.12s
  round  45/50: acc=0.8520  f1m=0.6432  uplink_kB=69.3  t=2.17s
  round  46/50: acc=0.8573  f1m=0.6519  uplink_kB=69.3  t=2.14s
  round  47/50: acc=0.8509  f1m=0.6392  uplink_kB=69.3  t=2.28s
  round  48/50: acc=0.8536  f1m=0.6448  uplink_kB=69.3  t=2.48s
  round  49/50: acc=0.8504  f1m=0.6360  uplink_kB=69.3  t=2.12s
  round  50/50: acc=0.8570  f1m=0.6521  uplink_kB=69.3  t=2.11s
[run] DONE -> /Users/agentra/Documents/hao/working/paper-lab/hao-paper-2026/iotj-fedkan-ids/repo/results/lrsweep_cseciic_mc/lrsweep_mlp32_lr0p01__dir0.1__seed11/metrics.json  final_acc=0.8570
