[run] device=cpu  seed=37  out=/Users/agentra/Documents/hao/working/paper-lab/hao-paper-2026/iotj-fedkan-ids/repo/results/lrsweep_cseciic/lrsweep_kan16_lr0p003__dir0.1__seed37
[run] model=kan  params=6,560
  round   1/50: acc=0.9116  f1m=0.9113  uplink_kB=282.0  t=2.60s
  round   2/50: acc=0.9201  f1m=0.9199  uplink_kB=282.0  t=2.15s
  round   3/50: acc=0.9253  f1m=0.9250  uplink_kB=282.0  t=2.05s
  round   4/50: acc=0.9286  f1m=0.9283  uplink_kB=282.0  t=1.94s
  round   5/50: acc=0.9352  f1m=0.9349  uplink_kB=282.0  t=1.92s
  round   6/50: acc=0.9358  f1m=0.9355  uplink_kB=282.0  t=1.89s
  round   7/50: acc=0.9561  f1m=0.9560  uplink_kB=282.0  t=1.94s
  round   8/50: acc=0.9624  f1m=0.9624  uplink_kB=282.0  t=1.96s
  round   9/50: acc=0.9637  f1m=0.9637  uplink_kB=282.0  t=2.06s
  round  10/50: acc=0.9640  f1m=0.9639  uplink_kB=282.0  t=1.98s
  round  11/50: acc=0.9642  f1m=0.9642  uplink_kB=282.0  t=1.96s
  round  12/50: acc=0.9643  f1m=0.9642  uplink_kB=282.0  t=1.92s
  round  13/50: acc=0.9690  f1m=0.9690  uplink_kB=282.0  t=1.85s
  round  14/50: acc=0.9696  f1m=0.9695  uplink_kB=282.0  t=1.98s
  round  15/50: acc=0.9652  f1m=0.9651  uplink_kB=282.0  t=1.99s
  round  16/50: acc=0.9749  f1m=0.9749  uplink_kB=282.0  t=1.96s
  round  17/50: acc=0.9750  f1m=0.9750  uplink_kB=282.0  t=2.07s
  round  18/50: acc=0.9751  f1m=0.9751  uplink_kB=282.0  t=2.08s
  round  19/50: acc=0.9753  f1m=0.9753  uplink_kB=282.0  t=2.00s
  round  20/50: acc=0.9758  f1m=0.9757  uplink_kB=282.0  t=2.08s
  round  21/50: acc=0.9759  f1m=0.9759  uplink_kB=282.0  t=2.14s
  round  22/50: acc=0.9759  f1m=0.9759  uplink_kB=282.0  t=2.08s
  round  23/50: acc=0.9760  f1m=0.9760  uplink_kB=282.0  t=2.05s
  round  24/50: acc=0.9714  f1m=0.9714  uplink_kB=282.0  t=2.07s
  round  25/50: acc=0.9762  f1m=0.9762  uplink_kB=282.0  t=2.02s
  round  26/50: acc=0.9762  f1m=0.9762  uplink_kB=282.0  t=2.07s
  round  27/50: acc=0.9763  f1m=0.9763  uplink_kB=282.0  t=2.06s
  round  28/50: acc=0.9763  f1m=0.9763  uplink_kB=282.0  t=2.08s
  round  29/50: acc=0.9763  f1m=0.9763  uplink_kB=282.0  t=2.14s
  round  30/50: acc=0.9765  f1m=0.9765  uplink_kB=282.0  t=2.06s
  round  31/50: acc=0.9766  f1m=0.9765  uplink_kB=282.0  t=1.99s
  round  32/50: acc=0.9766  f1m=0.9766  uplink_kB=282.0  t=2.08s
  round  33/50: acc=0.9766  f1m=0.9766  uplink_kB=282.0  t=2.09s
  round  34/50: acc=0.9767  f1m=0.9766  uplink_kB=282.0  t=1.99s
  round  35/50: acc=0.9767  f1m=0.9766  uplink_kB=282.0  t=2.06s
  round  36/50: acc=0.9767  f1m=0.9767  uplink_kB=282.0  t=2.13s
  round  37/50: acc=0.9767  f1m=0.9767  uplink_kB=282.0  t=2.04s
  round  38/50: acc=0.9768  f1m=0.9767  uplink_kB=282.0  t=2.08s
  round  39/50: acc=0.9768  f1m=0.9768  uplink_kB=282.0  t=2.10s
  round  40/50: acc=0.9768  f1m=0.9767  uplink_kB=282.0  t=2.05s
  round  41/50: acc=0.9768  f1m=0.9768  uplink_kB=282.0  t=2.14s
  round  42/50: acc=0.9766  f1m=0.9765  uplink_kB=282.0  t=2.11s
  round  43/50: acc=0.9767  f1m=0.9767  uplink_kB=282.0  t=2.03s
  round  44/50: acc=0.9768  f1m=0.9768  uplink_kB=282.0  t=2.00s
  round  45/50: acc=0.9768  f1m=0.9768  uplink_kB=282.0  t=2.08s
  round  46/50: acc=0.9768  f1m=0.9768  uplink_kB=282.0  t=2.12s
  round  47/50: acc=0.9767  f1m=0.9767  uplink_kB=282.0  t=2.08s
  round  48/50: acc=0.9767  f1m=0.9767  uplink_kB=282.0  t=2.03s
  round  49/50: acc=0.9767  f1m=0.9767  uplink_kB=282.0  t=2.10s
  round  50/50: acc=0.9770  f1m=0.9770  uplink_kB=282.0  t=2.01s
[run] DONE -> /Users/agentra/Documents/hao/working/paper-lab/hao-paper-2026/iotj-fedkan-ids/repo/results/lrsweep_cseciic/lrsweep_kan16_lr0p003__dir0.1__seed37/metrics.json  final_acc=0.9770
