[run] device=cpu  seed=2026  out=/Users/agentra/Documents/hao/working/paper-lab/hao-paper-2026/iotj-fedkan-ids/repo/results/lrsweep_cseciic/lrsweep_mlp80_lr0p03__dir0.1__seed2026
[run] model=mlp  params=3,362
  round   1/50: acc=0.9151  f1m=0.9145  uplink_kB=131.3  t=1.35s
  round   2/50: acc=0.9333  f1m=0.9330  uplink_kB=131.3  t=0.65s
  round   3/50: acc=0.9405  f1m=0.9404  uplink_kB=131.3  t=0.67s
  round   4/50: acc=0.9287  f1m=0.9284  uplink_kB=131.3  t=0.66s
  round   5/50: acc=0.9628  f1m=0.9627  uplink_kB=131.3  t=0.65s
  round   6/50: acc=0.9639  f1m=0.9639  uplink_kB=131.3  t=0.62s
  round   7/50: acc=0.9635  f1m=0.9635  uplink_kB=131.3  t=0.68s
  round   8/50: acc=0.9633  f1m=0.9632  uplink_kB=131.3  t=0.66s
  round   9/50: acc=0.9635  f1m=0.9635  uplink_kB=131.3  t=0.67s
  round  10/50: acc=0.9645  f1m=0.9645  uplink_kB=131.3  t=0.70s
  round  11/50: acc=0.9639  f1m=0.9638  uplink_kB=131.3  t=0.70s
  round  12/50: acc=0.9651  f1m=0.9651  uplink_kB=131.3  t=0.61s
  round  13/50: acc=0.9598  f1m=0.9598  uplink_kB=131.3  t=0.68s
  round  14/50: acc=0.9637  f1m=0.9636  uplink_kB=131.3  t=0.68s
  round  15/50: acc=0.9595  f1m=0.9594  uplink_kB=131.3  t=0.66s
  round  16/50: acc=0.9703  f1m=0.9703  uplink_kB=131.3  t=0.66s
  round  17/50: acc=0.9610  f1m=0.9609  uplink_kB=131.3  t=0.68s
  round  18/50: acc=0.9697  f1m=0.9697  uplink_kB=131.3  t=0.64s
  round  19/50: acc=0.9659  f1m=0.9658  uplink_kB=131.3  t=0.75s
  round  20/50: acc=0.9651  f1m=0.9651  uplink_kB=131.3  t=0.69s
  round  21/50: acc=0.9608  f1m=0.9608  uplink_kB=131.3  t=0.68s
  round  22/50: acc=0.9614  f1m=0.9613  uplink_kB=131.3  t=0.69s
  round  23/50: acc=0.9660  f1m=0.9660  uplink_kB=131.3  t=0.66s
  round  24/50: acc=0.9621  f1m=0.9620  uplink_kB=131.3  t=0.61s
  round  25/50: acc=0.9671  f1m=0.9671  uplink_kB=131.3  t=0.67s
  round  26/50: acc=0.9654  f1m=0.9653  uplink_kB=131.3  t=0.67s
  round  27/50: acc=0.9658  f1m=0.9658  uplink_kB=131.3  t=0.67s
  round  28/50: acc=0.9616  f1m=0.9616  uplink_kB=131.3  t=0.69s
  round  29/50: acc=0.9696  f1m=0.9696  uplink_kB=131.3  t=0.67s
  round  30/50: acc=0.9671  f1m=0.9670  uplink_kB=131.3  t=0.61s
  round  31/50: acc=0.9707  f1m=0.9707  uplink_kB=131.3  t=0.66s
  round  32/50: acc=0.9664  f1m=0.9664  uplink_kB=131.3  t=0.69s
  round  33/50: acc=0.9750  f1m=0.9750  uplink_kB=131.3  t=0.66s
  round  34/50: acc=0.9749  f1m=0.9749  uplink_kB=131.3  t=0.68s
  round  35/50: acc=0.9747  f1m=0.9747  uplink_kB=131.3  t=0.67s
  round  36/50: acc=0.9715  f1m=0.9714  uplink_kB=131.3  t=0.61s
  round  37/50: acc=0.9715  f1m=0.9715  uplink_kB=131.3  t=0.66s
  round  38/50: acc=0.9749  f1m=0.9749  uplink_kB=131.3  t=0.66s
  round  39/50: acc=0.9657  f1m=0.9656  uplink_kB=131.3  t=0.65s
  round  40/50: acc=0.9704  f1m=0.9704  uplink_kB=131.3  t=0.67s
  round  41/50: acc=0.9667  f1m=0.9666  uplink_kB=131.3  t=0.69s
  round  42/50: acc=0.9751  f1m=0.9750  uplink_kB=131.3  t=0.66s
  round  43/50: acc=0.9703  f1m=0.9702  uplink_kB=131.3  t=0.69s
  round  44/50: acc=0.9755  f1m=0.9755  uplink_kB=131.3  t=0.70s
  round  45/50: acc=0.9757  f1m=0.9757  uplink_kB=131.3  t=0.69s
  round  46/50: acc=0.9754  f1m=0.9754  uplink_kB=131.3  t=0.70s
  round  47/50: acc=0.9755  f1m=0.9755  uplink_kB=131.3  t=0.69s
  round  48/50: acc=0.9750  f1m=0.9750  uplink_kB=131.3  t=0.69s
  round  49/50: acc=0.9753  f1m=0.9753  uplink_kB=131.3  t=0.63s
  round  50/50: acc=0.9720  f1m=0.9720  uplink_kB=131.3  t=0.70s
[run] DONE -> /Users/agentra/Documents/hao/working/paper-lab/hao-paper-2026/iotj-fedkan-ids/repo/results/lrsweep_cseciic/lrsweep_mlp80_lr0p03__dir0.1__seed2026/metrics.json  final_acc=0.9720
