[run] device=cpu  seed=17  out=/Users/agentra/Documents/hao/working/paper-lab/hao-paper-2026/iotj-fedkan-ids/repo/results/lrsweep_cseciic_mc50k/lrsweep_kan8_lr0p001__dir0.1__seed17
[run] model=kan  params=4,320
  round   1/50: acc=0.1460  f1m=0.0292  uplink_kB=190.8  t=3.84s
  round   2/50: acc=0.1635  f1m=0.0356  uplink_kB=190.8  t=2.99s
  round   3/50: acc=0.1659  f1m=0.0361  uplink_kB=190.8  t=3.10s
  round   4/50: acc=0.1670  f1m=0.0359  uplink_kB=190.8  t=3.08s
  round   5/50: acc=0.2616  f1m=0.0839  uplink_kB=190.8  t=2.96s
  round   6/50: acc=0.3519  f1m=0.1118  uplink_kB=190.8  t=2.97s
  round   7/50: acc=0.4314  f1m=0.1810  uplink_kB=190.8  t=3.10s
  round   8/50: acc=0.4678  f1m=0.2014  uplink_kB=190.8  t=3.23s
  round   9/50: acc=0.4854  f1m=0.2093  uplink_kB=190.8  t=3.26s
  round  10/50: acc=0.4898  f1m=0.2118  uplink_kB=190.8  t=3.29s
  round  11/50: acc=0.4954  f1m=0.2242  uplink_kB=190.8  t=3.36s
  round  12/50: acc=0.5027  f1m=0.2288  uplink_kB=190.8  t=2.82s
  round  13/50: acc=0.5051  f1m=0.2297  uplink_kB=190.8  t=2.87s
  round  14/50: acc=0.5101  f1m=0.2349  uplink_kB=190.8  t=2.77s
  round  15/50: acc=0.5128  f1m=0.2394  uplink_kB=190.8  t=2.71s
  round  16/50: acc=0.5239  f1m=0.2470  uplink_kB=190.8  t=2.67s
  round  17/50: acc=0.5303  f1m=0.2520  uplink_kB=190.8  t=2.72s
  round  18/50: acc=0.5384  f1m=0.2770  uplink_kB=190.8  t=2.74s
  round  19/50: acc=0.5448  f1m=0.2838  uplink_kB=190.8  t=2.63s
  round  20/50: acc=0.5684  f1m=0.2983  uplink_kB=190.8  t=2.68s
  round  21/50: acc=0.5700  f1m=0.3024  uplink_kB=190.8  t=2.59s
  round  22/50: acc=0.5771  f1m=0.3090  uplink_kB=190.8  t=2.65s
  round  23/50: acc=0.5920  f1m=0.3391  uplink_kB=190.8  t=2.63s
  round  24/50: acc=0.5925  f1m=0.3394  uplink_kB=190.8  t=2.60s
  round  25/50: acc=0.5930  f1m=0.3398  uplink_kB=190.8  t=2.61s
  round  26/50: acc=0.6073  f1m=0.3633  uplink_kB=190.8  t=2.60s
  round  27/50: acc=0.6108  f1m=0.3675  uplink_kB=190.8  t=2.62s
  round  28/50: acc=0.6112  f1m=0.3676  uplink_kB=190.8  t=2.62s
  round  29/50: acc=0.6101  f1m=0.3657  uplink_kB=190.8  t=2.69s
  round  30/50: acc=0.6570  f1m=0.4081  uplink_kB=190.8  t=2.77s
  round  31/50: acc=0.6563  f1m=0.4053  uplink_kB=190.8  t=2.59s
  round  32/50: acc=0.6564  f1m=0.4052  uplink_kB=190.8  t=2.69s
  round  33/50: acc=0.6570  f1m=0.4058  uplink_kB=190.8  t=2.58s
  round  34/50: acc=0.6573  f1m=0.4061  uplink_kB=190.8  t=2.62s
  round  35/50: acc=0.6579  f1m=0.4067  uplink_kB=190.8  t=2.58s
  round  36/50: acc=0.6579  f1m=0.4069  uplink_kB=190.8  t=2.62s
  round  37/50: acc=0.6582  f1m=0.4073  uplink_kB=190.8  t=2.56s
  round  38/50: acc=0.6581  f1m=0.4075  uplink_kB=190.8  t=2.62s
  round  39/50: acc=0.6576  f1m=0.4072  uplink_kB=190.8  t=2.54s
  round  40/50: acc=0.6578  f1m=0.4078  uplink_kB=190.8  t=2.60s
  round  41/50: acc=0.6583  f1m=0.4086  uplink_kB=190.8  t=2.59s
  round  42/50: acc=0.6586  f1m=0.4092  uplink_kB=190.8  t=2.57s
  round  43/50: acc=0.6597  f1m=0.4106  uplink_kB=190.8  t=2.52s
  round  44/50: acc=0.6603  f1m=0.4119  uplink_kB=190.8  t=2.61s
  round  45/50: acc=0.6617  f1m=0.4143  uplink_kB=190.8  t=2.55s
  round  46/50: acc=0.6626  f1m=0.4161  uplink_kB=190.8  t=2.66s
  round  47/50: acc=0.6648  f1m=0.4196  uplink_kB=190.8  t=2.57s
  round  48/50: acc=0.6666  f1m=0.4228  uplink_kB=190.8  t=2.62s
  round  49/50: acc=0.6702  f1m=0.4279  uplink_kB=190.8  t=2.61s
  round  50/50: acc=0.6723  f1m=0.4314  uplink_kB=190.8  t=2.52s
[run] DONE -> /Users/agentra/Documents/hao/working/paper-lab/hao-paper-2026/iotj-fedkan-ids/repo/results/lrsweep_cseciic_mc50k/lrsweep_kan8_lr0p001__dir0.1__seed17/metrics.json  final_acc=0.6723
