[run] device=cpu  seed=43  out=/Users/agentra/Documents/hao/working/paper-lab/hao-paper-2026/iotj-fedkan-ids/repo/results/lrext_cseciic_mc50k/lrext_kan8_lr1__dir0.1__seed43
[run] model=kan  params=4,320
  round   1/50: acc=0.0052  f1m=0.0007  uplink_kB=190.8  t=4.26s
  round   2/50: acc=0.0562  f1m=0.0282  uplink_kB=190.8  t=3.38s
  round   3/50: acc=0.0563  f1m=0.0282  uplink_kB=190.8  t=3.52s
  round   4/50: acc=0.0564  f1m=0.0283  uplink_kB=190.8  t=3.20s
  round   5/50: acc=0.0564  f1m=0.0283  uplink_kB=190.8  t=3.44s
  round   6/50: acc=0.0565  f1m=0.0283  uplink_kB=190.8  t=3.32s
  round   7/50: acc=0.0565  f1m=0.0283  uplink_kB=190.8  t=3.26s
  round   8/50: acc=0.0565  f1m=0.0283  uplink_kB=190.8  t=3.29s
  round   9/50: acc=0.0565  f1m=0.0283  uplink_kB=190.8  t=3.44s
  round  10/50: acc=0.0566  f1m=0.0283  uplink_kB=190.8  t=3.16s
  round  11/50: acc=0.0566  f1m=0.0283  uplink_kB=190.8  t=3.30s
  round  12/50: acc=0.0568  f1m=0.0284  uplink_kB=190.8  t=3.25s
  round  13/50: acc=0.0568  f1m=0.0284  uplink_kB=190.8  t=3.20s
  round  14/50: acc=0.0569  f1m=0.0284  uplink_kB=190.8  t=3.17s
  round  15/50: acc=0.0570  f1m=0.0284  uplink_kB=190.8  t=3.39s
  round  16/50: acc=0.0570  f1m=0.0284  uplink_kB=190.8  t=3.21s
  round  17/50: acc=0.0570  f1m=0.0285  uplink_kB=190.8  t=3.26s
  round  18/50: acc=0.0570  f1m=0.0285  uplink_kB=190.8  t=3.29s
  round  19/50: acc=0.0570  f1m=0.0285  uplink_kB=190.8  t=3.24s
  round  20/50: acc=0.0570  f1m=0.0285  uplink_kB=190.8  t=3.25s
  round  21/50: acc=0.0570  f1m=0.0285  uplink_kB=190.8  t=3.33s
  round  22/50: acc=0.0570  f1m=0.0285  uplink_kB=190.8  t=3.25s
  round  23/50: acc=0.0570  f1m=0.0285  uplink_kB=190.8  t=3.26s
  round  24/50: acc=0.0570  f1m=0.0285  uplink_kB=190.8  t=3.34s
  round  25/50: acc=0.0571  f1m=0.0285  uplink_kB=190.8  t=3.32s
  round  26/50: acc=0.0571  f1m=0.0285  uplink_kB=190.8  t=3.23s
  round  27/50: acc=0.0571  f1m=0.0285  uplink_kB=190.8  t=3.40s
  round  28/50: acc=0.0571  f1m=0.0285  uplink_kB=190.8  t=3.38s
  round  29/50: acc=0.0571  f1m=0.0285  uplink_kB=190.8  t=3.31s
  round  30/50: acc=0.0571  f1m=0.0285  uplink_kB=190.8  t=3.16s
  round  31/50: acc=0.0571  f1m=0.0285  uplink_kB=190.8  t=3.24s
  round  32/50: acc=0.0571  f1m=0.0285  uplink_kB=190.8  t=3.07s
  round  33/50: acc=0.0571  f1m=0.0285  uplink_kB=190.8  t=3.27s
  round  34/50: acc=0.0572  f1m=0.0285  uplink_kB=190.8  t=3.15s
  round  35/50: acc=0.0572  f1m=0.0285  uplink_kB=190.8  t=3.21s
  round  36/50: acc=0.0572  f1m=0.0285  uplink_kB=190.8  t=3.14s
  round  37/50: acc=0.0572  f1m=0.0285  uplink_kB=190.8  t=3.21s
  round  38/50: acc=0.0572  f1m=0.0285  uplink_kB=190.8  t=3.15s
  round  39/50: acc=0.0572  f1m=0.0285  uplink_kB=190.8  t=3.21s
  round  40/50: acc=0.0573  f1m=0.0285  uplink_kB=190.8  t=3.14s
  round  41/50: acc=0.0573  f1m=0.0285  uplink_kB=190.8  t=3.19s
  round  42/50: acc=0.0573  f1m=0.0285  uplink_kB=190.8  t=3.15s
  round  43/50: acc=0.0573  f1m=0.0285  uplink_kB=190.8  t=3.20s
  round  44/50: acc=0.0573  f1m=0.0285  uplink_kB=190.8  t=3.14s
  round  45/50: acc=0.0573  f1m=0.0285  uplink_kB=190.8  t=3.18s
  round  46/50: acc=0.0573  f1m=0.0285  uplink_kB=190.8  t=3.16s
  round  47/50: acc=0.0573  f1m=0.0285  uplink_kB=190.8  t=3.23s
  round  48/50: acc=0.0573  f1m=0.0285  uplink_kB=190.8  t=3.11s
  round  49/50: acc=0.0573  f1m=0.0286  uplink_kB=190.8  t=3.25s
  round  50/50: acc=0.0574  f1m=0.0286  uplink_kB=190.8  t=3.08s
[run] DONE -> /Users/agentra/Documents/hao/working/paper-lab/hao-paper-2026/iotj-fedkan-ids/repo/results/lrext_cseciic_mc50k/lrext_kan8_lr1__dir0.1__seed43/metrics.json  final_acc=0.0574
