[run] device=cpu  seed=31  out=/Users/agentra/Documents/hao/working/paper-lab/hao-paper-2026/iotj-fedkan-ids/repo/results/lrsweep_toniot/lrsweep_kan16_lr0p0003__dir0.1__seed31
[run] model=kan  params=6,560
  round   1/50: acc=0.5000  f1m=0.3333  uplink_kB=282.0  t=2.37s
  round   2/50: acc=0.5000  f1m=0.3333  uplink_kB=282.0  t=1.95s
  round   3/50: acc=0.5101  f1m=0.3560  uplink_kB=282.0  t=1.89s
  round   4/50: acc=0.5355  f1m=0.4129  uplink_kB=282.0  t=1.91s
  round   5/50: acc=0.5932  f1m=0.5271  uplink_kB=282.0  t=1.89s
  round   6/50: acc=0.6152  f1m=0.5687  uplink_kB=282.0  t=1.83s
  round   7/50: acc=0.6318  f1m=0.5991  uplink_kB=282.0  t=1.89s
  round   8/50: acc=0.6387  f1m=0.6106  uplink_kB=282.0  t=1.89s
  round   9/50: acc=0.6511  f1m=0.6274  uplink_kB=282.0  t=1.91s
  round  10/50: acc=0.6851  f1m=0.6713  uplink_kB=282.0  t=1.92s
  round  11/50: acc=0.6978  f1m=0.6871  uplink_kB=282.0  t=1.93s
  round  12/50: acc=0.7238  f1m=0.7169  uplink_kB=282.0  t=1.88s
  round  13/50: acc=0.7362  f1m=0.7306  uplink_kB=282.0  t=1.91s
  round  14/50: acc=0.7405  f1m=0.7357  uplink_kB=282.0  t=1.88s
  round  15/50: acc=0.7427  f1m=0.7381  uplink_kB=282.0  t=1.89s
  round  16/50: acc=0.7449  f1m=0.7407  uplink_kB=282.0  t=1.89s
  round  17/50: acc=0.7467  f1m=0.7428  uplink_kB=282.0  t=1.93s
  round  18/50: acc=0.7486  f1m=0.7449  uplink_kB=282.0  t=1.92s
  round  19/50: acc=0.7493  f1m=0.7460  uplink_kB=282.0  t=1.91s
  round  20/50: acc=0.7500  f1m=0.7472  uplink_kB=282.0  t=1.92s
  round  21/50: acc=0.7514  f1m=0.7487  uplink_kB=282.0  t=1.82s
  round  22/50: acc=0.7512  f1m=0.7487  uplink_kB=282.0  t=1.93s
  round  23/50: acc=0.7522  f1m=0.7496  uplink_kB=282.0  t=1.88s
  round  24/50: acc=0.7532  f1m=0.7507  uplink_kB=282.0  t=1.92s
  round  25/50: acc=0.7537  f1m=0.7512  uplink_kB=282.0  t=1.87s
  round  26/50: acc=0.7894  f1m=0.7886  uplink_kB=282.0  t=1.94s
  round  27/50: acc=0.7900  f1m=0.7892  uplink_kB=282.0  t=1.96s
  round  28/50: acc=0.7928  f1m=0.7923  uplink_kB=282.0  t=1.98s
  round  29/50: acc=0.7931  f1m=0.7927  uplink_kB=282.0  t=1.90s
  round  30/50: acc=0.7936  f1m=0.7931  uplink_kB=282.0  t=2.04s
  round  31/50: acc=0.8858  f1m=0.8856  uplink_kB=282.0  t=1.99s
  round  32/50: acc=0.8868  f1m=0.8866  uplink_kB=282.0  t=1.97s
  round  33/50: acc=0.8868  f1m=0.8865  uplink_kB=282.0  t=1.98s
  round  34/50: acc=0.8874  f1m=0.8871  uplink_kB=282.0  t=1.92s
  round  35/50: acc=0.8881  f1m=0.8879  uplink_kB=282.0  t=1.92s
  round  36/50: acc=0.8880  f1m=0.8877  uplink_kB=282.0  t=1.91s
  round  37/50: acc=0.8880  f1m=0.8878  uplink_kB=282.0  t=1.80s
  round  38/50: acc=0.8896  f1m=0.8893  uplink_kB=282.0  t=1.90s
  round  39/50: acc=0.8897  f1m=0.8894  uplink_kB=282.0  t=1.91s
  round  40/50: acc=0.8901  f1m=0.8898  uplink_kB=282.0  t=1.90s
  round  41/50: acc=0.8905  f1m=0.8902  uplink_kB=282.0  t=1.90s
  round  42/50: acc=0.8902  f1m=0.8900  uplink_kB=282.0  t=1.90s
  round  43/50: acc=0.8904  f1m=0.8901  uplink_kB=282.0  t=1.97s
  round  44/50: acc=0.8876  f1m=0.8872  uplink_kB=282.0  t=1.93s
  round  45/50: acc=0.8852  f1m=0.8850  uplink_kB=282.0  t=1.86s
  round  46/50: acc=0.8853  f1m=0.8851  uplink_kB=282.0  t=1.90s
  round  47/50: acc=0.8914  f1m=0.8911  uplink_kB=282.0  t=1.91s
  round  48/50: acc=0.8918  f1m=0.8915  uplink_kB=282.0  t=1.95s
  round  49/50: acc=0.8922  f1m=0.8919  uplink_kB=282.0  t=1.89s
  round  50/50: acc=0.8920  f1m=0.8917  uplink_kB=282.0  t=1.73s
[run] DONE -> /Users/agentra/Documents/hao/working/paper-lab/hao-paper-2026/iotj-fedkan-ids/repo/results/lrsweep_toniot/lrsweep_kan16_lr0p0003__dir0.1__seed31/metrics.json  final_acc=0.8920
