[run] device=cpu  seed=2026  out=/Users/agentra/Documents/hao/working/paper-lab/hao-paper-2026/iotj-fedkan-ids/repo/results/lrext_cseciic_mc50k/lrext_mlp80_lr0p3__dir0.1__seed2026
[run] model=mlp  params=4,415
  round   1/50: acc=0.0682  f1m=0.0085  uplink_kB=172.5  t=2.35s
  round   2/50: acc=0.1217  f1m=0.0145  uplink_kB=172.5  t=1.45s
  round   3/50: acc=0.1217  f1m=0.0145  uplink_kB=172.5  t=1.68s
  round   4/50: acc=0.1217  f1m=0.0145  uplink_kB=172.5  t=1.46s
  round   5/50: acc=0.1217  f1m=0.0145  uplink_kB=172.5  t=1.53s
  round   6/50: acc=0.1217  f1m=0.0145  uplink_kB=172.5  t=1.43s
  round   7/50: acc=0.1217  f1m=0.0145  uplink_kB=172.5  t=1.40s
  round   8/50: acc=0.1217  f1m=0.0145  uplink_kB=172.5  t=1.35s
  round   9/50: acc=0.1217  f1m=0.0145  uplink_kB=172.5  t=1.41s
  round  10/50: acc=0.1217  f1m=0.0145  uplink_kB=172.5  t=1.31s
  round  11/50: acc=0.1217  f1m=0.0145  uplink_kB=172.5  t=1.52s
  round  12/50: acc=0.1217  f1m=0.0145  uplink_kB=172.5  t=1.33s
  round  13/50: acc=0.1217  f1m=0.0145  uplink_kB=172.5  t=1.41s
  round  14/50: acc=0.1217  f1m=0.0145  uplink_kB=172.5  t=1.40s
  round  15/50: acc=0.1217  f1m=0.0145  uplink_kB=172.5  t=1.37s
  round  16/50: acc=0.1217  f1m=0.0145  uplink_kB=172.5  t=1.42s
  round  17/50: acc=0.1217  f1m=0.0145  uplink_kB=172.5  t=1.41s
  round  18/50: acc=0.1217  f1m=0.0145  uplink_kB=172.5  t=1.36s
  round  19/50: acc=0.1217  f1m=0.0145  uplink_kB=172.5  t=1.43s
  round  20/50: acc=0.1217  f1m=0.0145  uplink_kB=172.5  t=1.43s
  round  21/50: acc=0.1217  f1m=0.0145  uplink_kB=172.5  t=1.41s
  round  22/50: acc=0.1217  f1m=0.0145  uplink_kB=172.5  t=1.47s
  round  23/50: acc=0.1217  f1m=0.0145  uplink_kB=172.5  t=1.44s
  round  24/50: acc=0.1217  f1m=0.0145  uplink_kB=172.5  t=1.32s
  round  25/50: acc=0.1217  f1m=0.0145  uplink_kB=172.5  t=1.45s
  round  26/50: acc=0.1217  f1m=0.0145  uplink_kB=172.5  t=1.35s
  round  27/50: acc=0.1217  f1m=0.0145  uplink_kB=172.5  t=1.39s
  round  28/50: acc=0.1217  f1m=0.0145  uplink_kB=172.5  t=1.31s
  round  29/50: acc=0.1217  f1m=0.0145  uplink_kB=172.5  t=1.35s
  round  30/50: acc=0.1217  f1m=0.0145  uplink_kB=172.5  t=1.33s
  round  31/50: acc=0.1217  f1m=0.0145  uplink_kB=172.5  t=1.33s
  round  32/50: acc=0.1217  f1m=0.0145  uplink_kB=172.5  t=1.29s
  round  33/50: acc=0.1217  f1m=0.0145  uplink_kB=172.5  t=1.37s
  round  34/50: acc=0.1217  f1m=0.0145  uplink_kB=172.5  t=1.45s
  round  35/50: acc=0.1217  f1m=0.0145  uplink_kB=172.5  t=1.48s
  round  36/50: acc=0.1217  f1m=0.0145  uplink_kB=172.5  t=1.48s
  round  37/50: acc=0.1217  f1m=0.0145  uplink_kB=172.5  t=1.49s
  round  38/50: acc=0.1217  f1m=0.0145  uplink_kB=172.5  t=1.44s
  round  39/50: acc=0.1217  f1m=0.0145  uplink_kB=172.5  t=1.51s
  round  40/50: acc=0.1217  f1m=0.0145  uplink_kB=172.5  t=1.42s
  round  41/50: acc=0.1217  f1m=0.0145  uplink_kB=172.5  t=1.36s
  round  42/50: acc=0.1217  f1m=0.0145  uplink_kB=172.5  t=1.34s
  round  43/50: acc=0.1217  f1m=0.0145  uplink_kB=172.5  t=1.50s
  round  44/50: acc=0.1217  f1m=0.0145  uplink_kB=172.5  t=1.40s
  round  45/50: acc=0.1217  f1m=0.0145  uplink_kB=172.5  t=1.48s
  round  46/50: acc=0.1217  f1m=0.0145  uplink_kB=172.5  t=1.43s
  round  47/50: acc=0.1217  f1m=0.0145  uplink_kB=172.5  t=1.48s
  round  48/50: acc=0.1217  f1m=0.0145  uplink_kB=172.5  t=1.38s
  round  49/50: acc=0.1217  f1m=0.0145  uplink_kB=172.5  t=1.51s
  round  50/50: acc=0.1217  f1m=0.0145  uplink_kB=172.5  t=1.34s
[run] DONE -> /Users/agentra/Documents/hao/working/paper-lab/hao-paper-2026/iotj-fedkan-ids/repo/results/lrext_cseciic_mc50k/lrext_mlp80_lr0p3__dir0.1__seed2026/metrics.json  final_acc=0.1217
