[run] device=cpu  seed=2026  out=/Users/agentra/Documents/hao/working/paper-lab/hao-paper-2026/iotj-fedkan-ids/repo/results/lrsweep_cseciic_mc50k/lrsweep_mlp80_lr0p0003__dir0.1__seed2026
[run] model=mlp  params=4,415
  round   1/50: acc=0.1221  f1m=0.0171  uplink_kB=172.5  t=1.63s
  round   2/50: acc=0.2105  f1m=0.0573  uplink_kB=172.5  t=1.03s
  round   3/50: acc=0.1642  f1m=0.0506  uplink_kB=172.5  t=1.03s
  round   4/50: acc=0.1864  f1m=0.0469  uplink_kB=172.5  t=1.01s
  round   5/50: acc=0.1931  f1m=0.0462  uplink_kB=172.5  t=1.24s
  round   6/50: acc=0.2127  f1m=0.0654  uplink_kB=172.5  t=1.06s
  round   7/50: acc=0.2133  f1m=0.0654  uplink_kB=172.5  t=1.09s
  round   8/50: acc=0.2140  f1m=0.0645  uplink_kB=172.5  t=0.94s
  round   9/50: acc=0.2141  f1m=0.0635  uplink_kB=172.5  t=1.02s
  round  10/50: acc=0.2140  f1m=0.0627  uplink_kB=172.5  t=1.00s
  round  11/50: acc=0.3189  f1m=0.1098  uplink_kB=172.5  t=1.05s
  round  12/50: acc=0.3207  f1m=0.1081  uplink_kB=172.5  t=1.30s
  round  13/50: acc=0.3252  f1m=0.1094  uplink_kB=172.5  t=1.24s
  round  14/50: acc=0.3324  f1m=0.1157  uplink_kB=172.5  t=1.13s
  round  15/50: acc=0.3366  f1m=0.1200  uplink_kB=172.5  t=1.16s
  round  16/50: acc=0.3853  f1m=0.1721  uplink_kB=172.5  t=1.07s
  round  17/50: acc=0.3904  f1m=0.1734  uplink_kB=172.5  t=1.03s
  round  18/50: acc=0.3937  f1m=0.1785  uplink_kB=172.5  t=1.01s
  round  19/50: acc=0.4053  f1m=0.1870  uplink_kB=172.5  t=1.05s
  round  20/50: acc=0.4146  f1m=0.1984  uplink_kB=172.5  t=1.03s
  round  21/50: acc=0.4828  f1m=0.2775  uplink_kB=172.5  t=1.06s
  round  22/50: acc=0.4933  f1m=0.3327  uplink_kB=172.5  t=1.07s
  round  23/50: acc=0.5010  f1m=0.3545  uplink_kB=172.5  t=1.16s
  round  24/50: acc=0.4950  f1m=0.3475  uplink_kB=172.5  t=1.07s
  round  25/50: acc=0.4945  f1m=0.3469  uplink_kB=172.5  t=1.03s
  round  26/50: acc=0.4944  f1m=0.3256  uplink_kB=172.5  t=0.98s
  round  27/50: acc=0.4946  f1m=0.3243  uplink_kB=172.5  t=1.09s
  round  28/50: acc=0.4961  f1m=0.3213  uplink_kB=172.5  t=1.03s
  round  29/50: acc=0.4983  f1m=0.3227  uplink_kB=172.5  t=1.08s
  round  30/50: acc=0.4990  f1m=0.3247  uplink_kB=172.5  t=1.02s
  round  31/50: acc=0.4989  f1m=0.3242  uplink_kB=172.5  t=1.16s
  round  32/50: acc=0.5072  f1m=0.3460  uplink_kB=172.5  t=1.03s
  round  33/50: acc=0.5077  f1m=0.3459  uplink_kB=172.5  t=1.16s
  round  34/50: acc=0.5114  f1m=0.3482  uplink_kB=172.5  t=1.07s
  round  35/50: acc=0.5142  f1m=0.3508  uplink_kB=172.5  t=1.09s
  round  36/50: acc=0.5160  f1m=0.3520  uplink_kB=172.5  t=1.03s
  round  37/50: acc=0.5193  f1m=0.3546  uplink_kB=172.5  t=1.06s
  round  38/50: acc=0.5257  f1m=0.3651  uplink_kB=172.5  t=1.00s
  round  39/50: acc=0.5267  f1m=0.3654  uplink_kB=172.5  t=1.03s
  round  40/50: acc=0.5308  f1m=0.3679  uplink_kB=172.5  t=1.05s
  round  41/50: acc=0.5318  f1m=0.3684  uplink_kB=172.5  t=1.08s
  round  42/50: acc=0.5408  f1m=0.3737  uplink_kB=172.5  t=1.04s
  round  43/50: acc=0.5411  f1m=0.3735  uplink_kB=172.5  t=1.10s
  round  44/50: acc=0.5411  f1m=0.3734  uplink_kB=172.5  t=1.02s
  round  45/50: acc=0.5414  f1m=0.3736  uplink_kB=172.5  t=1.08s
  round  46/50: acc=0.5414  f1m=0.3735  uplink_kB=172.5  t=1.03s
  round  47/50: acc=0.5416  f1m=0.3736  uplink_kB=172.5  t=1.10s
  round  48/50: acc=0.5417  f1m=0.3737  uplink_kB=172.5  t=0.99s
  round  49/50: acc=0.5419  f1m=0.3737  uplink_kB=172.5  t=1.10s
  round  50/50: acc=0.5420  f1m=0.3733  uplink_kB=172.5  t=1.02s
[run] DONE -> /Users/agentra/Documents/hao/working/paper-lab/hao-paper-2026/iotj-fedkan-ids/repo/results/lrsweep_cseciic_mc50k/lrsweep_mlp80_lr0p0003__dir0.1__seed2026/metrics.json  final_acc=0.5420
