[run] device=cpu  seed=116  out=/Users/agentra/Documents/hao/working/paper-lab/hao-paper-2026/iotj-fedkan-ids/repo/results/lrsweep_cseciic/lrsweep_mlp80_lr0p01__dir0.1__seed116
[run] model=mlp  params=3,362
  round   1/50: acc=0.9170  f1m=0.9168  uplink_kB=131.3  t=1.46s
  round   2/50: acc=0.9536  f1m=0.9536  uplink_kB=131.3  t=0.86s
  round   3/50: acc=0.9566  f1m=0.9566  uplink_kB=131.3  t=0.76s
  round   4/50: acc=0.9552  f1m=0.9552  uplink_kB=131.3  t=0.86s
  round   5/50: acc=0.9576  f1m=0.9576  uplink_kB=131.3  t=0.80s
  round   6/50: acc=0.9609  f1m=0.9609  uplink_kB=131.3  t=0.78s
  round   7/50: acc=0.9626  f1m=0.9626  uplink_kB=131.3  t=0.78s
  round   8/50: acc=0.9632  f1m=0.9632  uplink_kB=131.3  t=0.77s
  round   9/50: acc=0.9635  f1m=0.9635  uplink_kB=131.3  t=0.78s
  round  10/50: acc=0.9597  f1m=0.9597  uplink_kB=131.3  t=0.77s
  round  11/50: acc=0.9644  f1m=0.9644  uplink_kB=131.3  t=0.77s
  round  12/50: acc=0.9637  f1m=0.9637  uplink_kB=131.3  t=0.78s
  round  13/50: acc=0.9667  f1m=0.9667  uplink_kB=131.3  t=0.79s
  round  14/50: acc=0.9658  f1m=0.9658  uplink_kB=131.3  t=0.79s
  round  15/50: acc=0.9651  f1m=0.9651  uplink_kB=131.3  t=0.77s
  round  16/50: acc=0.9677  f1m=0.9677  uplink_kB=131.3  t=0.74s
  round  17/50: acc=0.9684  f1m=0.9684  uplink_kB=131.3  t=0.76s
  round  18/50: acc=0.9683  f1m=0.9683  uplink_kB=131.3  t=0.79s
  round  19/50: acc=0.9716  f1m=0.9716  uplink_kB=131.3  t=0.80s
  round  20/50: acc=0.9703  f1m=0.9703  uplink_kB=131.3  t=0.74s
  round  21/50: acc=0.9702  f1m=0.9702  uplink_kB=131.3  t=0.79s
  round  22/50: acc=0.9741  f1m=0.9741  uplink_kB=131.3  t=0.78s
  round  23/50: acc=0.9742  f1m=0.9742  uplink_kB=131.3  t=0.77s
  round  24/50: acc=0.9747  f1m=0.9747  uplink_kB=131.3  t=0.78s
  round  25/50: acc=0.9742  f1m=0.9742  uplink_kB=131.3  t=0.81s
  round  26/50: acc=0.9745  f1m=0.9745  uplink_kB=131.3  t=0.70s
  round  27/50: acc=0.9741  f1m=0.9741  uplink_kB=131.3  t=0.77s
  round  28/50: acc=0.9739  f1m=0.9739  uplink_kB=131.3  t=0.77s
  round  29/50: acc=0.9740  f1m=0.9740  uplink_kB=131.3  t=0.78s
  round  30/50: acc=0.9745  f1m=0.9745  uplink_kB=131.3  t=0.83s
  round  31/50: acc=0.9746  f1m=0.9746  uplink_kB=131.3  t=0.78s
  round  32/50: acc=0.9756  f1m=0.9756  uplink_kB=131.3  t=0.72s
  round  33/50: acc=0.9763  f1m=0.9763  uplink_kB=131.3  t=0.79s
  round  34/50: acc=0.9765  f1m=0.9765  uplink_kB=131.3  t=0.80s
  round  35/50: acc=0.9743  f1m=0.9743  uplink_kB=131.3  t=0.78s
  round  36/50: acc=0.9750  f1m=0.9750  uplink_kB=131.3  t=0.80s
  round  37/50: acc=0.9756  f1m=0.9756  uplink_kB=131.3  t=0.80s
  round  38/50: acc=0.9758  f1m=0.9758  uplink_kB=131.3  t=0.79s
  round  39/50: acc=0.9759  f1m=0.9759  uplink_kB=131.3  t=0.81s
  round  40/50: acc=0.9752  f1m=0.9752  uplink_kB=131.3  t=0.82s
  round  41/50: acc=0.9758  f1m=0.9758  uplink_kB=131.3  t=0.86s
  round  42/50: acc=0.9754  f1m=0.9754  uplink_kB=131.3  t=0.86s
  round  43/50: acc=0.9744  f1m=0.9744  uplink_kB=131.3  t=0.80s
  round  44/50: acc=0.9768  f1m=0.9767  uplink_kB=131.3  t=0.83s
  round  45/50: acc=0.9768  f1m=0.9768  uplink_kB=131.3  t=0.75s
  round  46/50: acc=0.9764  f1m=0.9764  uplink_kB=131.3  t=0.81s
  round  47/50: acc=0.9754  f1m=0.9754  uplink_kB=131.3  t=0.84s
  round  48/50: acc=0.9755  f1m=0.9755  uplink_kB=131.3  t=0.82s
  round  49/50: acc=0.9756  f1m=0.9756  uplink_kB=131.3  t=0.80s
  round  50/50: acc=0.9749  f1m=0.9749  uplink_kB=131.3  t=0.82s
[run] DONE -> /Users/agentra/Documents/hao/working/paper-lab/hao-paper-2026/iotj-fedkan-ids/repo/results/lrsweep_cseciic/lrsweep_mlp80_lr0p01__dir0.1__seed116/metrics.json  final_acc=0.9749
