[run] device=cpu  seed=2026  out=/Users/agentra/Documents/hao/working/paper-lab/hao-paper-2026/iotj-fedkan-ids/repo/results/sensitivity_botiot/sens_G5__dir0.1__seed2026
[run] model=kan  params=3,280
  round   1/50: acc=0.4989  f1m=0.3328  uplink_kB=150.2  t=2.49s
  round   2/50: acc=0.4989  f1m=0.3328  uplink_kB=150.2  t=1.69s
  round   3/50: acc=0.4989  f1m=0.3328  uplink_kB=150.2  t=1.65s
  round   4/50: acc=0.4989  f1m=0.3328  uplink_kB=150.2  t=1.68s
  round   5/50: acc=0.4989  f1m=0.3328  uplink_kB=150.2  t=1.61s
  round   6/50: acc=0.4989  f1m=0.3328  uplink_kB=150.2  t=1.76s
  round   7/50: acc=0.5182  f1m=0.3756  uplink_kB=150.2  t=1.73s
  round   8/50: acc=0.5981  f1m=0.5228  uplink_kB=150.2  t=1.74s
  round   9/50: acc=0.7519  f1m=0.7366  uplink_kB=150.2  t=1.60s
  round  10/50: acc=0.6611  f1m=0.6181  uplink_kB=150.2  t=1.66s
  round  11/50: acc=0.8795  f1m=0.8780  uplink_kB=150.2  t=1.73s
  round  12/50: acc=0.8687  f1m=0.8666  uplink_kB=150.2  t=1.83s
  round  13/50: acc=0.8851  f1m=0.8837  uplink_kB=150.2  t=1.74s
  round  14/50: acc=0.9284  f1m=0.9281  uplink_kB=150.2  t=1.72s
  round  15/50: acc=0.9315  f1m=0.9312  uplink_kB=150.2  t=1.75s
  round  16/50: acc=0.9577  f1m=0.9576  uplink_kB=150.2  t=1.70s
  round  17/50: acc=0.9619  f1m=0.9619  uplink_kB=150.2  t=1.79s
  round  18/50: acc=0.9638  f1m=0.9638  uplink_kB=150.2  t=1.76s
  round  19/50: acc=0.9171  f1m=0.9165  uplink_kB=150.2  t=1.72s
  round  20/50: acc=0.9479  f1m=0.9478  uplink_kB=150.2  t=1.69s
  round  21/50: acc=0.9580  f1m=0.9580  uplink_kB=150.2  t=1.75s
  round  22/50: acc=0.9645  f1m=0.9644  uplink_kB=150.2  t=1.73s
  round  23/50: acc=0.9657  f1m=0.9657  uplink_kB=150.2  t=1.77s
  round  24/50: acc=0.9640  f1m=0.9640  uplink_kB=150.2  t=1.73s
  round  25/50: acc=0.9638  f1m=0.9638  uplink_kB=150.2  t=1.63s
  round  26/50: acc=0.9640  f1m=0.9640  uplink_kB=150.2  t=1.75s
  round  27/50: acc=0.9642  f1m=0.9641  uplink_kB=150.2  t=1.73s
  round  28/50: acc=0.9642  f1m=0.9641  uplink_kB=150.2  t=1.72s
  round  29/50: acc=0.9642  f1m=0.9642  uplink_kB=150.2  t=1.79s
  round  30/50: acc=0.9643  f1m=0.9643  uplink_kB=150.2  t=1.75s
  round  31/50: acc=0.9644  f1m=0.9644  uplink_kB=150.2  t=1.72s
  round  32/50: acc=0.9649  f1m=0.9649  uplink_kB=150.2  t=1.77s
  round  33/50: acc=0.9578  f1m=0.9578  uplink_kB=150.2  t=1.66s
  round  34/50: acc=0.9650  f1m=0.9649  uplink_kB=150.2  t=1.77s
  round  35/50: acc=0.9650  f1m=0.9650  uplink_kB=150.2  t=1.73s
  round  36/50: acc=0.9650  f1m=0.9650  uplink_kB=150.2  t=1.72s
  round  37/50: acc=0.9581  f1m=0.9581  uplink_kB=150.2  t=1.71s
  round  38/50: acc=0.9581  f1m=0.9581  uplink_kB=150.2  t=1.81s
  round  39/50: acc=0.9582  f1m=0.9582  uplink_kB=150.2  t=1.72s
  round  40/50: acc=0.9651  f1m=0.9651  uplink_kB=150.2  t=1.67s
  round  41/50: acc=0.9650  f1m=0.9650  uplink_kB=150.2  t=1.80s
  round  42/50: acc=0.9650  f1m=0.9650  uplink_kB=150.2  t=1.71s
  round  43/50: acc=0.9650  f1m=0.9650  uplink_kB=150.2  t=1.73s
  round  44/50: acc=0.9651  f1m=0.9650  uplink_kB=150.2  t=1.68s
  round  45/50: acc=0.9650  f1m=0.9650  uplink_kB=150.2  t=1.71s
  round  46/50: acc=0.9668  f1m=0.9667  uplink_kB=150.2  t=1.69s
  round  47/50: acc=0.9650  f1m=0.9649  uplink_kB=150.2  t=1.67s
  round  48/50: acc=0.9650  f1m=0.9650  uplink_kB=150.2  t=1.74s
  round  49/50: acc=0.9650  f1m=0.9650  uplink_kB=150.2  t=1.74s
  round  50/50: acc=0.9650  f1m=0.9650  uplink_kB=150.2  t=1.73s
[run] DONE -> /Users/agentra/Documents/hao/working/paper-lab/hao-paper-2026/iotj-fedkan-ids/repo/results/sensitivity_botiot/sens_G5__dir0.1__seed2026/metrics.json  final_acc=0.9650
