[run] device=cpu  seed=17  out=/Users/agentra/Documents/hao/working/paper-lab/hao-paper-2026/iotj-fedkan-ids/repo/results/lrsweep_cseciic_mc50k/lrsweep_kan16_lr0p001__dir0.1__seed17
[run] model=kan  params=8,640
  round   1/50: acc=0.1217  f1m=0.0145  uplink_kB=363.3  t=3.61s
  round   2/50: acc=0.1275  f1m=0.0194  uplink_kB=363.3  t=3.06s
  round   3/50: acc=0.2047  f1m=0.0530  uplink_kB=363.3  t=3.16s
  round   4/50: acc=0.3205  f1m=0.1268  uplink_kB=363.3  t=2.99s
  round   5/50: acc=0.4081  f1m=0.1794  uplink_kB=363.3  t=3.24s
  round   6/50: acc=0.4777  f1m=0.2086  uplink_kB=363.3  t=2.96s
  round   7/50: acc=0.4943  f1m=0.2135  uplink_kB=363.3  t=2.89s
  round   8/50: acc=0.4946  f1m=0.2142  uplink_kB=363.3  t=2.92s
  round   9/50: acc=0.5073  f1m=0.2265  uplink_kB=363.3  t=2.92s
  round  10/50: acc=0.5085  f1m=0.2277  uplink_kB=363.3  t=7.00s
  round  11/50: acc=0.5086  f1m=0.2340  uplink_kB=363.3  t=2.92s
  round  12/50: acc=0.5058  f1m=0.2330  uplink_kB=363.3  t=2.92s
  round  13/50: acc=0.4973  f1m=0.2293  uplink_kB=363.3  t=2.84s
  round  14/50: acc=0.5033  f1m=0.2383  uplink_kB=363.3  t=2.87s
  round  15/50: acc=0.5136  f1m=0.2737  uplink_kB=363.3  t=2.85s
  round  16/50: acc=0.5235  f1m=0.2930  uplink_kB=363.3  t=6.19s
  round  17/50: acc=0.5320  f1m=0.3011  uplink_kB=363.3  t=2.80s
  round  18/50: acc=0.5622  f1m=0.3204  uplink_kB=363.3  t=2.88s
  round  19/50: acc=0.5646  f1m=0.3222  uplink_kB=363.3  t=2.82s
  round  20/50: acc=0.5692  f1m=0.3249  uplink_kB=363.3  t=2.97s
  round  21/50: acc=0.5699  f1m=0.3245  uplink_kB=363.3  t=5.36s
  round  22/50: acc=0.6230  f1m=0.3911  uplink_kB=363.3  t=4.43s
  round  23/50: acc=0.6325  f1m=0.3982  uplink_kB=363.3  t=2.87s
  round  24/50: acc=0.6358  f1m=0.4006  uplink_kB=363.3  t=2.78s
  round  25/50: acc=0.6386  f1m=0.4027  uplink_kB=363.3  t=2.89s
  round  26/50: acc=0.6322  f1m=0.3968  uplink_kB=363.3  t=2.87s
  round  27/50: acc=0.6343  f1m=0.3982  uplink_kB=363.3  t=2.96s
  round  28/50: acc=0.6356  f1m=0.3988  uplink_kB=363.3  t=6.91s
  round  29/50: acc=0.6377  f1m=0.4013  uplink_kB=363.3  t=2.87s
  round  30/50: acc=0.6534  f1m=0.4107  uplink_kB=363.3  t=2.86s
  round  31/50: acc=0.6599  f1m=0.4150  uplink_kB=363.3  t=3.17s
  round  32/50: acc=0.6617  f1m=0.4161  uplink_kB=363.3  t=3.09s
  round  33/50: acc=0.6632  f1m=0.4177  uplink_kB=363.3  t=2.90s
  round  34/50: acc=0.6654  f1m=0.4196  uplink_kB=363.3  t=3.03s
  round  35/50: acc=0.6654  f1m=0.4197  uplink_kB=363.3  t=3.03s
  round  36/50: acc=0.6656  f1m=0.4201  uplink_kB=363.3  t=3.03s
  round  37/50: acc=0.6659  f1m=0.4205  uplink_kB=363.3  t=3.06s
  round  38/50: acc=0.6662  f1m=0.4210  uplink_kB=363.3  t=2.99s
  round  39/50: acc=0.6669  f1m=0.4220  uplink_kB=363.3  t=2.97s
  round  40/50: acc=0.6677  f1m=0.4234  uplink_kB=363.3  t=3.05s
  round  41/50: acc=0.6736  f1m=0.4860  uplink_kB=363.3  t=3.00s
  round  42/50: acc=0.6747  f1m=0.4885  uplink_kB=363.3  t=3.01s
  round  43/50: acc=0.6761  f1m=0.4908  uplink_kB=363.3  t=2.98s
  round  44/50: acc=0.6803  f1m=0.4968  uplink_kB=363.3  t=3.02s
  round  45/50: acc=0.6971  f1m=0.5148  uplink_kB=363.3  t=3.00s
  round  46/50: acc=0.7086  f1m=0.5267  uplink_kB=363.3  t=3.04s
  round  47/50: acc=0.7328  f1m=0.5459  uplink_kB=363.3  t=3.00s
  round  48/50: acc=0.7524  f1m=0.5609  uplink_kB=363.3  t=3.05s
  round  49/50: acc=0.7534  f1m=0.5621  uplink_kB=363.3  t=3.00s
  round  50/50: acc=0.7721  f1m=0.5740  uplink_kB=363.3  t=3.01s
[run] DONE -> /Users/agentra/Documents/hao/working/paper-lab/hao-paper-2026/iotj-fedkan-ids/repo/results/lrsweep_cseciic_mc50k/lrsweep_kan16_lr0p001__dir0.1__seed17/metrics.json  final_acc=0.7721
