[run] device=cpu  seed=37  out=/Users/agentra/Documents/hao/working/paper-lab/hao-paper-2026/iotj-fedkan-ids/repo/results/lrsweep_toniot/lrsweep_mlp32_lr0p001__dir0.1__seed37
[run] model=mlp  params=1,346
  round   1/50: acc=0.5000  f1m=0.3333  uplink_kB=52.6  t=1.22s
  round   2/50: acc=0.5000  f1m=0.3333  uplink_kB=52.6  t=0.65s
  round   3/50: acc=0.5000  f1m=0.3333  uplink_kB=52.6  t=0.64s
  round   4/50: acc=0.5003  f1m=0.3340  uplink_kB=52.6  t=0.62s
  round   5/50: acc=0.5016  f1m=0.3368  uplink_kB=52.6  t=0.63s
  round   6/50: acc=0.5083  f1m=0.3516  uplink_kB=52.6  t=0.60s
  round   7/50: acc=0.5267  f1m=0.3923  uplink_kB=52.6  t=0.65s
  round   8/50: acc=0.5371  f1m=0.4145  uplink_kB=52.6  t=0.63s
  round   9/50: acc=0.5471  f1m=0.4352  uplink_kB=52.6  t=0.64s
  round  10/50: acc=0.6827  f1m=0.6782  uplink_kB=52.6  t=0.64s
  round  11/50: acc=0.6873  f1m=0.6834  uplink_kB=52.6  t=0.62s
  round  12/50: acc=0.6904  f1m=0.6869  uplink_kB=52.6  t=0.62s
  round  13/50: acc=0.6915  f1m=0.6885  uplink_kB=52.6  t=0.58s
  round  14/50: acc=0.6897  f1m=0.6872  uplink_kB=52.6  t=0.63s
  round  15/50: acc=0.6901  f1m=0.6878  uplink_kB=52.6  t=0.64s
  round  16/50: acc=0.6906  f1m=0.6884  uplink_kB=52.6  t=0.64s
  round  17/50: acc=0.7271  f1m=0.7269  uplink_kB=52.6  t=0.64s
  round  18/50: acc=0.7275  f1m=0.7272  uplink_kB=52.6  t=0.65s
  round  19/50: acc=0.7262  f1m=0.7259  uplink_kB=52.6  t=0.61s
  round  20/50: acc=0.7260  f1m=0.7256  uplink_kB=52.6  t=0.64s
  round  21/50: acc=0.7268  f1m=0.7265  uplink_kB=52.6  t=0.65s
  round  22/50: acc=0.7297  f1m=0.7293  uplink_kB=52.6  t=0.66s
  round  23/50: acc=0.7305  f1m=0.7301  uplink_kB=52.6  t=0.65s
  round  24/50: acc=0.7312  f1m=0.7308  uplink_kB=52.6  t=0.65s
  round  25/50: acc=0.7326  f1m=0.7321  uplink_kB=52.6  t=0.60s
  round  26/50: acc=0.7352  f1m=0.7346  uplink_kB=52.6  t=0.62s
  round  27/50: acc=0.7359  f1m=0.7353  uplink_kB=52.6  t=0.65s
  round  28/50: acc=0.7366  f1m=0.7360  uplink_kB=52.6  t=0.62s
  round  29/50: acc=0.7372  f1m=0.7365  uplink_kB=52.6  t=0.60s
  round  30/50: acc=0.7380  f1m=0.7374  uplink_kB=52.6  t=0.64s
  round  31/50: acc=0.7382  f1m=0.7375  uplink_kB=52.6  t=0.63s
  round  32/50: acc=0.7398  f1m=0.7391  uplink_kB=52.6  t=0.62s
  round  33/50: acc=0.7404  f1m=0.7397  uplink_kB=52.6  t=0.64s
  round  34/50: acc=0.7413  f1m=0.7406  uplink_kB=52.6  t=0.64s
  round  35/50: acc=0.7446  f1m=0.7439  uplink_kB=52.6  t=0.64s
  round  36/50: acc=0.7452  f1m=0.7444  uplink_kB=52.6  t=0.62s
  round  37/50: acc=0.7460  f1m=0.7452  uplink_kB=52.6  t=0.62s
  round  38/50: acc=0.7466  f1m=0.7459  uplink_kB=52.6  t=0.64s
  round  39/50: acc=0.7472  f1m=0.7464  uplink_kB=52.6  t=0.64s
  round  40/50: acc=0.7489  f1m=0.7482  uplink_kB=52.6  t=0.60s
  round  41/50: acc=0.7493  f1m=0.7486  uplink_kB=52.6  t=0.65s
  round  42/50: acc=0.7504  f1m=0.7496  uplink_kB=52.6  t=0.65s
  round  43/50: acc=0.7512  f1m=0.7504  uplink_kB=52.6  t=0.64s
  round  44/50: acc=0.7523  f1m=0.7515  uplink_kB=52.6  t=0.66s
  round  45/50: acc=0.7531  f1m=0.7523  uplink_kB=52.6  t=0.64s
  round  46/50: acc=0.7538  f1m=0.7530  uplink_kB=52.6  t=0.63s
  round  47/50: acc=0.7550  f1m=0.7542  uplink_kB=52.6  t=0.59s
  round  48/50: acc=0.7566  f1m=0.7558  uplink_kB=52.6  t=0.64s
  round  49/50: acc=0.7568  f1m=0.7560  uplink_kB=52.6  t=0.64s
  round  50/50: acc=0.7573  f1m=0.7565  uplink_kB=52.6  t=0.66s
[run] DONE -> /Users/agentra/Documents/hao/working/paper-lab/hao-paper-2026/iotj-fedkan-ids/repo/results/lrsweep_toniot/lrsweep_mlp32_lr0p001__dir0.1__seed37/metrics.json  final_acc=0.7573
