[run] device=cpu  seed=42  out=/Users/agentra/Documents/hao/working/paper-lab/hao-paper-2026/iotj-fedkan-ids/repo/results/lrsweep_botiot/lrsweep_mlp32_lr0p0003__dir0.1__seed42
[run] model=mlp  params=1,346
  round   1/50: acc=0.6840  f1m=0.6484  uplink_kB=52.6  t=1.48s
  round   2/50: acc=0.6629  f1m=0.6190  uplink_kB=52.6  t=0.72s
  round   3/50: acc=0.7665  f1m=0.7527  uplink_kB=52.6  t=0.66s
  round   4/50: acc=0.7803  f1m=0.7689  uplink_kB=52.6  t=0.61s
  round   5/50: acc=0.8637  f1m=0.8625  uplink_kB=52.6  t=0.67s
  round   6/50: acc=0.8912  f1m=0.8909  uplink_kB=52.6  t=0.67s
  round   7/50: acc=0.9120  f1m=0.9119  uplink_kB=52.6  t=0.67s
  round   8/50: acc=0.9246  f1m=0.9246  uplink_kB=52.6  t=0.66s
  round   9/50: acc=0.9276  f1m=0.9275  uplink_kB=52.6  t=0.68s
  round  10/50: acc=0.9288  f1m=0.9288  uplink_kB=52.6  t=0.68s
  round  11/50: acc=0.9294  f1m=0.9294  uplink_kB=52.6  t=0.66s
  round  12/50: acc=0.9298  f1m=0.9297  uplink_kB=52.6  t=0.66s
  round  13/50: acc=0.9303  f1m=0.9303  uplink_kB=52.6  t=0.62s
  round  14/50: acc=0.9310  f1m=0.9310  uplink_kB=52.6  t=0.63s
  round  15/50: acc=0.9317  f1m=0.9317  uplink_kB=52.6  t=0.65s
  round  16/50: acc=0.9352  f1m=0.9352  uplink_kB=52.6  t=0.66s
  round  17/50: acc=0.9384  f1m=0.9384  uplink_kB=52.6  t=0.67s
  round  18/50: acc=0.9398  f1m=0.9398  uplink_kB=52.6  t=0.69s
  round  19/50: acc=0.9433  f1m=0.9433  uplink_kB=52.6  t=0.67s
  round  20/50: acc=0.9463  f1m=0.9463  uplink_kB=52.6  t=0.60s
  round  21/50: acc=0.9543  f1m=0.9543  uplink_kB=52.6  t=0.65s
  round  22/50: acc=0.9562  f1m=0.9562  uplink_kB=52.6  t=0.67s
  round  23/50: acc=0.9561  f1m=0.9561  uplink_kB=52.6  t=0.63s
  round  24/50: acc=0.9569  f1m=0.9569  uplink_kB=52.6  t=0.63s
  round  25/50: acc=0.9586  f1m=0.9586  uplink_kB=52.6  t=0.66s
  round  26/50: acc=0.9616  f1m=0.9616  uplink_kB=52.6  t=0.61s
  round  27/50: acc=0.9664  f1m=0.9664  uplink_kB=52.6  t=0.73s
  round  28/50: acc=0.9674  f1m=0.9674  uplink_kB=52.6  t=0.70s
  round  29/50: acc=0.9681  f1m=0.9681  uplink_kB=52.6  t=0.70s
  round  30/50: acc=0.9684  f1m=0.9684  uplink_kB=52.6  t=0.64s
  round  31/50: acc=0.9690  f1m=0.9690  uplink_kB=52.6  t=0.71s
  round  32/50: acc=0.9693  f1m=0.9693  uplink_kB=52.6  t=0.67s
  round  33/50: acc=0.9695  f1m=0.9694  uplink_kB=52.6  t=0.60s
  round  34/50: acc=0.9695  f1m=0.9695  uplink_kB=52.6  t=0.67s
  round  35/50: acc=0.9696  f1m=0.9696  uplink_kB=52.6  t=0.70s
  round  36/50: acc=0.9697  f1m=0.9697  uplink_kB=52.6  t=0.65s
  round  37/50: acc=0.9697  f1m=0.9697  uplink_kB=52.6  t=0.68s
  round  38/50: acc=0.9698  f1m=0.9698  uplink_kB=52.6  t=0.66s
  round  39/50: acc=0.9698  f1m=0.9698  uplink_kB=52.6  t=0.62s
  round  40/50: acc=0.9699  f1m=0.9699  uplink_kB=52.6  t=0.69s
  round  41/50: acc=0.9699  f1m=0.9699  uplink_kB=52.6  t=0.65s
  round  42/50: acc=0.9699  f1m=0.9699  uplink_kB=52.6  t=0.67s
  round  43/50: acc=0.9698  f1m=0.9698  uplink_kB=52.6  t=0.64s
  round  44/50: acc=0.9708  f1m=0.9708  uplink_kB=52.6  t=0.64s
  round  45/50: acc=0.9709  f1m=0.9708  uplink_kB=52.6  t=0.65s
  round  46/50: acc=0.9708  f1m=0.9708  uplink_kB=52.6  t=0.67s
  round  47/50: acc=0.9708  f1m=0.9708  uplink_kB=52.6  t=0.66s
  round  48/50: acc=0.9709  f1m=0.9709  uplink_kB=52.6  t=0.70s
  round  49/50: acc=0.9709  f1m=0.9709  uplink_kB=52.6  t=0.69s
  round  50/50: acc=0.9709  f1m=0.9709  uplink_kB=52.6  t=0.63s
[run] DONE -> /Users/agentra/Documents/hao/working/paper-lab/hao-paper-2026/iotj-fedkan-ids/repo/results/lrsweep_botiot/lrsweep_mlp32_lr0p0003__dir0.1__seed42/metrics.json  final_acc=0.9709
