[run] device=cpu  seed=37  out=/Users/agentra/Documents/hao/working/paper-lab/hao-paper-2026/iotj-fedkan-ids/repo/results/lrsweep_botiot/lrsweep_mlp80_lr0p03__dir0.1__seed37
[run] model=mlp  params=3,362
  round   1/50: acc=0.6765  f1m=0.6383  uplink_kB=131.3  t=1.33s
  round   2/50: acc=0.8641  f1m=0.8616  uplink_kB=131.3  t=0.65s
  round   3/50: acc=0.8953  f1m=0.8941  uplink_kB=131.3  t=0.65s
  round   4/50: acc=0.9168  f1m=0.9163  uplink_kB=131.3  t=0.67s
  round   5/50: acc=0.9108  f1m=0.9101  uplink_kB=131.3  t=0.67s
  round   6/50: acc=0.9124  f1m=0.9117  uplink_kB=131.3  t=0.67s
  round   7/50: acc=0.9044  f1m=0.9035  uplink_kB=131.3  t=0.72s
  round   8/50: acc=0.9124  f1m=0.9117  uplink_kB=131.3  t=0.76s
  round   9/50: acc=0.9198  f1m=0.9193  uplink_kB=131.3  t=0.68s
  round  10/50: acc=0.9198  f1m=0.9193  uplink_kB=131.3  t=0.64s
  round  11/50: acc=0.9228  f1m=0.9224  uplink_kB=131.3  t=0.70s
  round  12/50: acc=0.9237  f1m=0.9232  uplink_kB=131.3  t=0.69s
  round  13/50: acc=0.9302  f1m=0.9299  uplink_kB=131.3  t=0.66s
  round  14/50: acc=0.9305  f1m=0.9302  uplink_kB=131.3  t=0.63s
  round  15/50: acc=0.9304  f1m=0.9301  uplink_kB=131.3  t=0.66s
  round  16/50: acc=0.9324  f1m=0.9321  uplink_kB=131.3  t=0.69s
  round  17/50: acc=0.9246  f1m=0.9241  uplink_kB=131.3  t=0.63s
  round  18/50: acc=0.9905  f1m=0.9905  uplink_kB=131.3  t=0.64s
  round  19/50: acc=0.9837  f1m=0.9837  uplink_kB=131.3  t=0.69s
  round  20/50: acc=0.9901  f1m=0.9901  uplink_kB=131.3  t=0.70s
  round  21/50: acc=0.9311  f1m=0.9308  uplink_kB=131.3  t=0.66s
  round  22/50: acc=0.9920  f1m=0.9920  uplink_kB=131.3  t=0.65s
  round  23/50: acc=0.9249  f1m=0.9245  uplink_kB=131.3  t=0.70s
  round  24/50: acc=0.9924  f1m=0.9924  uplink_kB=131.3  t=0.70s
  round  25/50: acc=0.9332  f1m=0.9329  uplink_kB=131.3  t=0.67s
  round  26/50: acc=0.9830  f1m=0.9830  uplink_kB=131.3  t=0.64s
  round  27/50: acc=0.9896  f1m=0.9896  uplink_kB=131.3  t=0.63s
  round  28/50: acc=0.9907  f1m=0.9907  uplink_kB=131.3  t=0.62s
  round  29/50: acc=0.9923  f1m=0.9923  uplink_kB=131.3  t=0.64s
  round  30/50: acc=0.9920  f1m=0.9920  uplink_kB=131.3  t=0.79s
  round  31/50: acc=0.9845  f1m=0.9845  uplink_kB=131.3  t=0.66s
  round  32/50: acc=0.9909  f1m=0.9909  uplink_kB=131.3  t=0.68s
  round  33/50: acc=0.9948  f1m=0.9948  uplink_kB=131.3  t=0.64s
  round  34/50: acc=0.9927  f1m=0.9927  uplink_kB=131.3  t=0.60s
  round  35/50: acc=0.9923  f1m=0.9923  uplink_kB=131.3  t=0.67s
  round  36/50: acc=0.9911  f1m=0.9911  uplink_kB=131.3  t=0.71s
  round  37/50: acc=0.9935  f1m=0.9935  uplink_kB=131.3  t=0.66s
  round  38/50: acc=0.9947  f1m=0.9947  uplink_kB=131.3  t=0.65s
  round  39/50: acc=0.9942  f1m=0.9942  uplink_kB=131.3  t=0.67s
  round  40/50: acc=0.9952  f1m=0.9952  uplink_kB=131.3  t=0.64s
  round  41/50: acc=0.9940  f1m=0.9940  uplink_kB=131.3  t=0.68s
  round  42/50: acc=0.9915  f1m=0.9915  uplink_kB=131.3  t=0.63s
  round  43/50: acc=0.9952  f1m=0.9952  uplink_kB=131.3  t=0.65s
  round  44/50: acc=0.9909  f1m=0.9909  uplink_kB=131.3  t=0.64s
  round  45/50: acc=0.9939  f1m=0.9939  uplink_kB=131.3  t=0.66s
  round  46/50: acc=0.9927  f1m=0.9927  uplink_kB=131.3  t=0.67s
  round  47/50: acc=0.9933  f1m=0.9933  uplink_kB=131.3  t=0.66s
  round  48/50: acc=0.9949  f1m=0.9949  uplink_kB=131.3  t=0.64s
  round  49/50: acc=0.9860  f1m=0.9860  uplink_kB=131.3  t=0.63s
  round  50/50: acc=0.9967  f1m=0.9967  uplink_kB=131.3  t=0.66s
[run] DONE -> /Users/agentra/Documents/hao/working/paper-lab/hao-paper-2026/iotj-fedkan-ids/repo/results/lrsweep_botiot/lrsweep_mlp80_lr0p03__dir0.1__seed37/metrics.json  final_acc=0.9967
