[run] device=cpu  seed=31  out=/Users/agentra/Documents/hao/working/paper-lab/hao-paper-2026/iotj-fedkan-ids/repo/results/lrsweep_cseciic/lrsweep_kan16_lr0p0003__dir0.1__seed31
[run] model=kan  params=6,560
  round   1/50: acc=0.5000  f1m=0.3334  uplink_kB=282.0  t=2.63s
  round   2/50: acc=0.5152  f1m=0.3665  uplink_kB=282.0  t=2.01s
  round   3/50: acc=0.9109  f1m=0.9104  uplink_kB=282.0  t=2.07s
  round   4/50: acc=0.9116  f1m=0.9114  uplink_kB=282.0  t=1.98s
  round   5/50: acc=0.9113  f1m=0.9111  uplink_kB=282.0  t=2.24s
  round   6/50: acc=0.9115  f1m=0.9113  uplink_kB=282.0  t=1.90s
  round   7/50: acc=0.9115  f1m=0.9113  uplink_kB=282.0  t=1.99s
  round   8/50: acc=0.9130  f1m=0.9128  uplink_kB=282.0  t=1.96s
  round   9/50: acc=0.9159  f1m=0.9158  uplink_kB=282.0  t=1.96s
  round  10/50: acc=0.9166  f1m=0.9165  uplink_kB=282.0  t=2.13s
  round  11/50: acc=0.9171  f1m=0.9169  uplink_kB=282.0  t=2.00s
  round  12/50: acc=0.9174  f1m=0.9172  uplink_kB=282.0  t=2.13s
  round  13/50: acc=0.9180  f1m=0.9178  uplink_kB=282.0  t=2.04s
  round  14/50: acc=0.9227  f1m=0.9226  uplink_kB=282.0  t=1.95s
  round  15/50: acc=0.9266  f1m=0.9265  uplink_kB=282.0  t=2.01s
  round  16/50: acc=0.9273  f1m=0.9271  uplink_kB=282.0  t=1.95s
  round  17/50: acc=0.9262  f1m=0.9261  uplink_kB=282.0  t=1.90s
  round  18/50: acc=0.9258  f1m=0.9257  uplink_kB=282.0  t=1.94s
  round  19/50: acc=0.9256  f1m=0.9255  uplink_kB=282.0  t=1.92s
  round  20/50: acc=0.9263  f1m=0.9261  uplink_kB=282.0  t=1.97s
  round  21/50: acc=0.9262  f1m=0.9261  uplink_kB=282.0  t=1.95s
  round  22/50: acc=0.9271  f1m=0.9270  uplink_kB=282.0  t=1.98s
  round  23/50: acc=0.9463  f1m=0.9463  uplink_kB=282.0  t=1.94s
  round  24/50: acc=0.9461  f1m=0.9461  uplink_kB=282.0  t=1.94s
  round  25/50: acc=0.9502  f1m=0.9502  uplink_kB=282.0  t=1.88s
  round  26/50: acc=0.9498  f1m=0.9498  uplink_kB=282.0  t=1.93s
  round  27/50: acc=0.9499  f1m=0.9499  uplink_kB=282.0  t=1.94s
  round  28/50: acc=0.9495  f1m=0.9495  uplink_kB=282.0  t=1.95s
  round  29/50: acc=0.9488  f1m=0.9488  uplink_kB=282.0  t=1.83s
  round  30/50: acc=0.9492  f1m=0.9492  uplink_kB=282.0  t=1.95s
  round  31/50: acc=0.9490  f1m=0.9490  uplink_kB=282.0  t=1.89s
  round  32/50: acc=0.9487  f1m=0.9487  uplink_kB=282.0  t=2.01s
  round  33/50: acc=0.9490  f1m=0.9490  uplink_kB=282.0  t=1.93s
  round  34/50: acc=0.9488  f1m=0.9488  uplink_kB=282.0  t=1.92s
  round  35/50: acc=0.9485  f1m=0.9485  uplink_kB=282.0  t=1.86s
  round  36/50: acc=0.9484  f1m=0.9484  uplink_kB=282.0  t=1.82s
  round  37/50: acc=0.9484  f1m=0.9484  uplink_kB=282.0  t=1.83s
  round  38/50: acc=0.9491  f1m=0.9491  uplink_kB=282.0  t=1.92s
  round  39/50: acc=0.9493  f1m=0.9492  uplink_kB=282.0  t=1.89s
  round  40/50: acc=0.9489  f1m=0.9489  uplink_kB=282.0  t=1.92s
  round  41/50: acc=0.9485  f1m=0.9485  uplink_kB=282.0  t=1.91s
  round  42/50: acc=0.9487  f1m=0.9487  uplink_kB=282.0  t=1.96s
  round  43/50: acc=0.9488  f1m=0.9488  uplink_kB=282.0  t=1.89s
  round  44/50: acc=0.9487  f1m=0.9487  uplink_kB=282.0  t=1.96s
  round  45/50: acc=0.9502  f1m=0.9502  uplink_kB=282.0  t=1.86s
  round  46/50: acc=0.9493  f1m=0.9493  uplink_kB=282.0  t=1.98s
  round  47/50: acc=0.9498  f1m=0.9498  uplink_kB=282.0  t=1.96s
  round  48/50: acc=0.9500  f1m=0.9500  uplink_kB=282.0  t=1.89s
  round  49/50: acc=0.9554  f1m=0.9554  uplink_kB=282.0  t=1.82s
  round  50/50: acc=0.9547  f1m=0.9547  uplink_kB=282.0  t=1.78s
[run] DONE -> /Users/agentra/Documents/hao/working/paper-lab/hao-paper-2026/iotj-fedkan-ids/repo/results/lrsweep_cseciic/lrsweep_kan16_lr0p0003__dir0.1__seed31/metrics.json  final_acc=0.9547
