[run] device=cpu  seed=17  out=/Users/agentra/Documents/hao/working/paper-lab/hao-paper-2026/iotj-fedkan-ids/repo/results/lrsweep_cseciic_mc50k/lrsweep_kan16_lr0p1__dir0.1__seed17
[run] model=kan  params=8,640
  round   1/50: acc=0.2529  f1m=0.1037  uplink_kB=363.3  t=3.57s
  round   2/50: acc=0.5626  f1m=0.3355  uplink_kB=363.3  t=3.00s
  round   3/50: acc=0.5478  f1m=0.3207  uplink_kB=363.3  t=3.11s
  round   4/50: acc=0.6190  f1m=0.4373  uplink_kB=363.3  t=3.07s
  round   5/50: acc=0.5151  f1m=0.3238  uplink_kB=363.3  t=3.30s
  round   6/50: acc=0.6186  f1m=0.4166  uplink_kB=363.3  t=3.08s
  round   7/50: acc=0.4781  f1m=0.2759  uplink_kB=363.3  t=3.05s
  round   8/50: acc=0.5319  f1m=0.3280  uplink_kB=363.3  t=3.09s
  round   9/50: acc=0.5669  f1m=0.3688  uplink_kB=363.3  t=3.46s
  round  10/50: acc=0.5266  f1m=0.2688  uplink_kB=363.3  t=3.17s
  round  11/50: acc=0.5193  f1m=0.2693  uplink_kB=363.3  t=2.92s
  round  12/50: acc=0.5031  f1m=0.2789  uplink_kB=363.3  t=3.02s
  round  13/50: acc=0.5326  f1m=0.2575  uplink_kB=363.3  t=2.96s
  round  14/50: acc=0.4916  f1m=0.2803  uplink_kB=363.3  t=3.06s
  round  15/50: acc=0.6088  f1m=0.3381  uplink_kB=363.3  t=3.07s
  round  16/50: acc=0.6207  f1m=0.3363  uplink_kB=363.3  t=3.07s
  round  17/50: acc=0.5673  f1m=0.3313  uplink_kB=363.3  t=3.02s
  round  18/50: acc=0.6136  f1m=0.3269  uplink_kB=363.3  t=3.07s
  round  19/50: acc=0.5983  f1m=0.3376  uplink_kB=363.3  t=3.05s
  round  20/50: acc=0.5390  f1m=0.2905  uplink_kB=363.3  t=3.12s
  round  21/50: acc=0.5124  f1m=0.2764  uplink_kB=363.3  t=3.08s
  round  22/50: acc=0.5038  f1m=0.2786  uplink_kB=363.3  t=3.09s
  round  23/50: acc=0.4490  f1m=0.2473  uplink_kB=363.3  t=3.16s
  round  24/50: acc=0.5865  f1m=0.2964  uplink_kB=363.3  t=3.15s
  round  25/50: acc=0.4723  f1m=0.3237  uplink_kB=363.3  t=3.25s
  round  26/50: acc=0.5699  f1m=0.3119  uplink_kB=363.3  t=3.11s
  round  27/50: acc=0.4520  f1m=0.2592  uplink_kB=363.3  t=3.15s
  round  28/50: acc=0.5603  f1m=0.3094  uplink_kB=363.3  t=3.16s
  round  29/50: acc=0.5427  f1m=0.3421  uplink_kB=363.3  t=3.23s
  round  30/50: acc=0.3872  f1m=0.2248  uplink_kB=363.3  t=3.11s
  round  31/50: acc=0.4016  f1m=0.2416  uplink_kB=363.3  t=3.16s
  round  32/50: acc=0.4911  f1m=0.3029  uplink_kB=363.3  t=3.16s
  round  33/50: acc=0.5608  f1m=0.3200  uplink_kB=363.3  t=3.10s
  round  34/50: acc=0.5712  f1m=0.3302  uplink_kB=363.3  t=3.19s
  round  35/50: acc=0.4579  f1m=0.3237  uplink_kB=363.3  t=3.06s
  round  36/50: acc=0.5514  f1m=0.3196  uplink_kB=363.3  t=3.19s
  round  37/50: acc=0.5309  f1m=0.3343  uplink_kB=363.3  t=3.09s
  round  38/50: acc=0.5119  f1m=0.2679  uplink_kB=363.3  t=3.16s
  round  39/50: acc=0.5238  f1m=0.3302  uplink_kB=363.3  t=3.02s
  round  40/50: acc=0.4936  f1m=0.2946  uplink_kB=363.3  t=3.11s
  round  41/50: acc=0.3351  f1m=0.1968  uplink_kB=363.3  t=3.09s
  round  42/50: acc=0.4452  f1m=0.2392  uplink_kB=363.3  t=3.15s
  round  43/50: acc=0.2550  f1m=0.1881  uplink_kB=363.3  t=3.08s
  round  44/50: acc=0.4961  f1m=0.2546  uplink_kB=363.3  t=3.11s
  round  45/50: acc=0.3918  f1m=0.2040  uplink_kB=363.3  t=3.06s
  round  46/50: acc=0.4015  f1m=0.2311  uplink_kB=363.3  t=3.14s
  round  47/50: acc=0.4107  f1m=0.2391  uplink_kB=363.3  t=3.07s
  round  48/50: acc=0.3705  f1m=0.1848  uplink_kB=363.3  t=3.08s
  round  49/50: acc=0.3767  f1m=0.1847  uplink_kB=363.3  t=3.03s
  round  50/50: acc=0.4632  f1m=0.2453  uplink_kB=363.3  t=2.99s
[run] DONE -> /Users/agentra/Documents/hao/working/paper-lab/hao-paper-2026/iotj-fedkan-ids/repo/results/lrsweep_cseciic_mc50k/lrsweep_kan16_lr0p1__dir0.1__seed17/metrics.json  final_acc=0.4632
