[run] device=cpu  seed=37  out=/Users/agentra/Documents/hao/working/paper-lab/hao-paper-2026/iotj-fedkan-ids/repo/results/lrsweep_cseciic_mc50k/lrsweep_kan8_lr0p01__dir0.1__seed37
[run] model=kan  params=4,320
  round   1/50: acc=0.1748  f1m=0.0611  uplink_kB=190.8  t=3.23s
  round   2/50: acc=0.3846  f1m=0.1596  uplink_kB=190.8  t=2.51s
  round   3/50: acc=0.5994  f1m=0.2981  uplink_kB=190.8  t=2.71s
  round   4/50: acc=0.6375  f1m=0.3293  uplink_kB=190.8  t=2.54s
  round   5/50: acc=0.6373  f1m=0.3304  uplink_kB=190.8  t=2.62s
  round   6/50: acc=0.6385  f1m=0.3310  uplink_kB=190.8  t=2.62s
  round   7/50: acc=0.7129  f1m=0.3988  uplink_kB=190.8  t=2.66s
  round   8/50: acc=0.7209  f1m=0.4058  uplink_kB=190.8  t=2.58s
  round   9/50: acc=0.7229  f1m=0.4077  uplink_kB=190.8  t=2.64s
  round  10/50: acc=0.7247  f1m=0.4090  uplink_kB=190.8  t=2.59s
  round  11/50: acc=0.7254  f1m=0.4092  uplink_kB=190.8  t=2.65s
  round  12/50: acc=0.7275  f1m=0.4108  uplink_kB=190.8  t=2.58s
  round  13/50: acc=0.7279  f1m=0.4174  uplink_kB=190.8  t=2.69s
  round  14/50: acc=0.7301  f1m=0.4186  uplink_kB=190.8  t=2.58s
  round  15/50: acc=0.7295  f1m=0.4189  uplink_kB=190.8  t=2.69s
  round  16/50: acc=0.7309  f1m=0.4202  uplink_kB=190.8  t=2.57s
  round  17/50: acc=0.7945  f1m=0.5192  uplink_kB=190.8  t=2.67s
  round  18/50: acc=0.7954  f1m=0.5211  uplink_kB=190.8  t=2.54s
  round  19/50: acc=0.7326  f1m=0.4230  uplink_kB=190.8  t=2.66s
  round  20/50: acc=0.7948  f1m=0.5266  uplink_kB=190.8  t=2.59s
  round  21/50: acc=0.7305  f1m=0.4202  uplink_kB=190.8  t=2.66s
  round  22/50: acc=0.7754  f1m=0.5024  uplink_kB=190.8  t=2.57s
  round  23/50: acc=0.7320  f1m=0.4316  uplink_kB=190.8  t=2.66s
  round  24/50: acc=0.7756  f1m=0.4986  uplink_kB=190.8  t=2.53s
  round  25/50: acc=0.7331  f1m=0.4354  uplink_kB=190.8  t=2.62s
  round  26/50: acc=0.7378  f1m=0.4430  uplink_kB=190.8  t=2.54s
  round  27/50: acc=0.8055  f1m=0.5672  uplink_kB=190.8  t=2.72s
  round  28/50: acc=0.8111  f1m=0.5764  uplink_kB=190.8  t=2.79s
  round  29/50: acc=0.8158  f1m=0.5833  uplink_kB=190.8  t=2.68s
  round  30/50: acc=0.8207  f1m=0.5914  uplink_kB=190.8  t=2.59s
  round  31/50: acc=0.7943  f1m=0.5602  uplink_kB=190.8  t=2.68s
  round  32/50: acc=0.8300  f1m=0.6041  uplink_kB=190.8  t=2.62s
  round  33/50: acc=0.7992  f1m=0.5683  uplink_kB=190.8  t=2.58s
  round  34/50: acc=0.8201  f1m=0.5926  uplink_kB=190.8  t=2.71s
  round  35/50: acc=0.8186  f1m=0.5910  uplink_kB=190.8  t=2.55s
  round  36/50: acc=0.8314  f1m=0.6052  uplink_kB=190.8  t=2.70s
  round  37/50: acc=0.8218  f1m=0.5941  uplink_kB=190.8  t=2.58s
  round  38/50: acc=0.8224  f1m=0.5869  uplink_kB=190.8  t=2.66s
  round  39/50: acc=0.8362  f1m=0.6100  uplink_kB=190.8  t=2.61s
  round  40/50: acc=0.8437  f1m=0.6179  uplink_kB=190.8  t=2.68s
  round  41/50: acc=0.8519  f1m=0.6831  uplink_kB=190.8  t=2.56s
  round  42/50: acc=0.8516  f1m=0.6468  uplink_kB=190.8  t=2.66s
  round  43/50: acc=0.8536  f1m=0.6833  uplink_kB=190.8  t=2.56s
  round  44/50: acc=0.8510  f1m=0.6783  uplink_kB=190.8  t=2.58s
  round  45/50: acc=0.8655  f1m=0.7189  uplink_kB=190.8  t=2.60s
  round  46/50: acc=0.8466  f1m=0.6876  uplink_kB=190.8  t=2.61s
  round  47/50: acc=0.8647  f1m=0.7124  uplink_kB=190.8  t=2.66s
  round  48/50: acc=0.8632  f1m=0.7160  uplink_kB=190.8  t=2.63s
  round  49/50: acc=0.8655  f1m=0.7180  uplink_kB=190.8  t=2.65s
  round  50/50: acc=0.8659  f1m=0.7065  uplink_kB=190.8  t=2.42s
[run] DONE -> /Users/agentra/Documents/hao/working/paper-lab/hao-paper-2026/iotj-fedkan-ids/repo/results/lrsweep_cseciic_mc50k/lrsweep_kan8_lr0p01__dir0.1__seed37/metrics.json  final_acc=0.8659
