[run] device=cpu  seed=42  out=/Users/agentra/Documents/hao/working/paper-lab/hao-paper-2026/iotj-fedkan-ids/repo/results/lrsweep_cseciic_mc50k/lrsweep_mlp80_lr0p03__dir0.1__seed42
[run] model=mlp  params=4,415
  round   1/50: acc=0.3702  f1m=0.1340  uplink_kB=172.5  t=1.61s
  round   2/50: acc=0.6073  f1m=0.3312  uplink_kB=172.5  t=1.13s
  round   3/50: acc=0.6157  f1m=0.3370  uplink_kB=172.5  t=1.08s
  round   4/50: acc=0.6074  f1m=0.3287  uplink_kB=172.5  t=1.13s
  round   5/50: acc=0.6605  f1m=0.3934  uplink_kB=172.5  t=1.11s
  round   6/50: acc=0.6876  f1m=0.4011  uplink_kB=172.5  t=1.02s
  round   7/50: acc=0.6740  f1m=0.4098  uplink_kB=172.5  t=1.09s
  round   8/50: acc=0.7595  f1m=0.4606  uplink_kB=172.5  t=1.06s
  round   9/50: acc=0.7934  f1m=0.5484  uplink_kB=172.5  t=1.10s
  round  10/50: acc=0.7475  f1m=0.4787  uplink_kB=172.5  t=1.08s
  round  11/50: acc=0.8146  f1m=0.5732  uplink_kB=172.5  t=1.16s
  round  12/50: acc=0.6403  f1m=0.4220  uplink_kB=172.5  t=1.09s
  round  13/50: acc=0.8126  f1m=0.5564  uplink_kB=172.5  t=1.14s
  round  14/50: acc=0.7635  f1m=0.5144  uplink_kB=172.5  t=1.09s
  round  15/50: acc=0.7973  f1m=0.5940  uplink_kB=172.5  t=1.12s
  round  16/50: acc=0.8279  f1m=0.6772  uplink_kB=172.5  t=1.12s
  round  17/50: acc=0.8227  f1m=0.6470  uplink_kB=172.5  t=1.08s
  round  18/50: acc=0.7957  f1m=0.6166  uplink_kB=172.5  t=1.10s
  round  19/50: acc=0.8576  f1m=0.6776  uplink_kB=172.5  t=1.15s
  round  20/50: acc=0.8185  f1m=0.6238  uplink_kB=172.5  t=1.07s
  round  21/50: acc=0.8490  f1m=0.7061  uplink_kB=172.5  t=1.06s
  round  22/50: acc=0.8201  f1m=0.5754  uplink_kB=172.5  t=1.12s
  round  23/50: acc=0.8523  f1m=0.6985  uplink_kB=172.5  t=1.11s
  round  24/50: acc=0.8401  f1m=0.5936  uplink_kB=172.5  t=1.05s
  round  25/50: acc=0.8503  f1m=0.7032  uplink_kB=172.5  t=1.14s
  round  26/50: acc=0.8855  f1m=0.7416  uplink_kB=172.5  t=1.31s
  round  27/50: acc=0.8621  f1m=0.6579  uplink_kB=172.5  t=1.38s
  round  28/50: acc=0.8776  f1m=0.7376  uplink_kB=172.5  t=1.23s
  round  29/50: acc=0.8526  f1m=0.6626  uplink_kB=172.5  t=1.47s
  round  30/50: acc=0.8593  f1m=0.7084  uplink_kB=172.5  t=1.23s
  round  31/50: acc=0.8405  f1m=0.5914  uplink_kB=172.5  t=1.24s
  round  32/50: acc=0.8182  f1m=0.5801  uplink_kB=172.5  t=1.19s
  round  33/50: acc=0.8233  f1m=0.6324  uplink_kB=172.5  t=1.11s
  round  34/50: acc=0.8662  f1m=0.7283  uplink_kB=172.5  t=1.02s
  round  35/50: acc=0.8558  f1m=0.6662  uplink_kB=172.5  t=1.16s
  round  36/50: acc=0.8698  f1m=0.7267  uplink_kB=172.5  t=1.05s
  round  37/50: acc=0.8442  f1m=0.6577  uplink_kB=172.5  t=1.15s
  round  38/50: acc=0.8716  f1m=0.7298  uplink_kB=172.5  t=1.14s
  round  39/50: acc=0.8510  f1m=0.6642  uplink_kB=172.5  t=1.07s
  round  40/50: acc=0.8854  f1m=0.7496  uplink_kB=172.5  t=1.11s
  round  41/50: acc=0.8874  f1m=0.7501  uplink_kB=172.5  t=1.06s
  round  42/50: acc=0.8633  f1m=0.6956  uplink_kB=172.5  t=1.10s
  round  43/50: acc=0.8485  f1m=0.6594  uplink_kB=172.5  t=1.05s
  round  44/50: acc=0.8877  f1m=0.7444  uplink_kB=172.5  t=1.12s
  round  45/50: acc=0.8419  f1m=0.6604  uplink_kB=172.5  t=1.08s
  round  46/50: acc=0.8885  f1m=0.6947  uplink_kB=172.5  t=1.10s
  round  47/50: acc=0.8647  f1m=0.7135  uplink_kB=172.5  t=1.07s
  round  48/50: acc=0.8506  f1m=0.6736  uplink_kB=172.5  t=1.12s
  round  49/50: acc=0.8566  f1m=0.6753  uplink_kB=172.5  t=1.09s
  round  50/50: acc=0.8548  f1m=0.6720  uplink_kB=172.5  t=1.03s
[run] DONE -> /Users/agentra/Documents/hao/working/paper-lab/hao-paper-2026/iotj-fedkan-ids/repo/results/lrsweep_cseciic_mc50k/lrsweep_mlp80_lr0p03__dir0.1__seed42/metrics.json  final_acc=0.8548
