[run] device=cpu  seed=2024  out=/Users/agentra/Documents/hao/working/paper-lab/hao-paper-2026/iotj-fedkan-ids/repo/results/lrsweep_cseciic/lrsweep_mlp32_lr0p001__dir0.1__seed2024
[run] model=mlp  params=1,346
  round   1/50: acc=0.8648  f1m=0.8647  uplink_kB=52.6  t=1.36s
  round   2/50: acc=0.9002  f1m=0.9002  uplink_kB=52.6  t=0.70s
  round   3/50: acc=0.9192  f1m=0.9192  uplink_kB=52.6  t=0.66s
  round   4/50: acc=0.9218  f1m=0.9217  uplink_kB=52.6  t=0.78s
  round   5/50: acc=0.9140  f1m=0.9139  uplink_kB=52.6  t=0.66s
  round   6/50: acc=0.9185  f1m=0.9184  uplink_kB=52.6  t=0.64s
  round   7/50: acc=0.9228  f1m=0.9228  uplink_kB=52.6  t=0.68s
  round   8/50: acc=0.9273  f1m=0.9272  uplink_kB=52.6  t=0.78s
  round   9/50: acc=0.9252  f1m=0.9251  uplink_kB=52.6  t=0.68s
  round  10/50: acc=0.9246  f1m=0.9245  uplink_kB=52.6  t=0.67s
  round  11/50: acc=0.9246  f1m=0.9246  uplink_kB=52.6  t=0.65s
  round  12/50: acc=0.9239  f1m=0.9239  uplink_kB=52.6  t=0.64s
  round  13/50: acc=0.9228  f1m=0.9228  uplink_kB=52.6  t=0.68s
  round  14/50: acc=0.9224  f1m=0.9224  uplink_kB=52.6  t=0.70s
  round  15/50: acc=0.9415  f1m=0.9415  uplink_kB=52.6  t=0.71s
  round  16/50: acc=0.9404  f1m=0.9404  uplink_kB=52.6  t=0.66s
  round  17/50: acc=0.9410  f1m=0.9410  uplink_kB=52.6  t=0.66s
  round  18/50: acc=0.9411  f1m=0.9411  uplink_kB=52.6  t=0.63s
  round  19/50: acc=0.9409  f1m=0.9409  uplink_kB=52.6  t=0.63s
  round  20/50: acc=0.9428  f1m=0.9428  uplink_kB=52.6  t=0.61s
  round  21/50: acc=0.9424  f1m=0.9424  uplink_kB=52.6  t=0.67s
  round  22/50: acc=0.9420  f1m=0.9420  uplink_kB=52.6  t=0.71s
  round  23/50: acc=0.9429  f1m=0.9429  uplink_kB=52.6  t=0.66s
  round  24/50: acc=0.9427  f1m=0.9427  uplink_kB=52.6  t=0.71s
  round  25/50: acc=0.9479  f1m=0.9479  uplink_kB=52.6  t=0.63s
  round  26/50: acc=0.9484  f1m=0.9484  uplink_kB=52.6  t=0.71s
  round  27/50: acc=0.9490  f1m=0.9490  uplink_kB=52.6  t=0.67s
  round  28/50: acc=0.9500  f1m=0.9500  uplink_kB=52.6  t=0.68s
  round  29/50: acc=0.9491  f1m=0.9491  uplink_kB=52.6  t=0.68s
  round  30/50: acc=0.9496  f1m=0.9496  uplink_kB=52.6  t=0.68s
  round  31/50: acc=0.9495  f1m=0.9495  uplink_kB=52.6  t=0.72s
  round  32/50: acc=0.9502  f1m=0.9502  uplink_kB=52.6  t=0.61s
  round  33/50: acc=0.9507  f1m=0.9507  uplink_kB=52.6  t=0.66s
  round  34/50: acc=0.9503  f1m=0.9502  uplink_kB=52.6  t=0.65s
  round  35/50: acc=0.9508  f1m=0.9508  uplink_kB=52.6  t=0.68s
  round  36/50: acc=0.9515  f1m=0.9515  uplink_kB=52.6  t=0.71s
  round  37/50: acc=0.9510  f1m=0.9510  uplink_kB=52.6  t=0.66s
  round  38/50: acc=0.9513  f1m=0.9512  uplink_kB=52.6  t=0.66s
  round  39/50: acc=0.9517  f1m=0.9517  uplink_kB=52.6  t=0.67s
  round  40/50: acc=0.9520  f1m=0.9520  uplink_kB=52.6  t=0.77s
  round  41/50: acc=0.9519  f1m=0.9519  uplink_kB=52.6  t=0.73s
  round  42/50: acc=0.9519  f1m=0.9519  uplink_kB=52.6  t=0.67s
  round  43/50: acc=0.9526  f1m=0.9526  uplink_kB=52.6  t=0.67s
  round  44/50: acc=0.9522  f1m=0.9522  uplink_kB=52.6  t=0.64s
  round  45/50: acc=0.9518  f1m=0.9518  uplink_kB=52.6  t=0.67s
  round  46/50: acc=0.9526  f1m=0.9526  uplink_kB=52.6  t=0.64s
  round  47/50: acc=0.9525  f1m=0.9525  uplink_kB=52.6  t=0.82s
  round  48/50: acc=0.9521  f1m=0.9521  uplink_kB=52.6  t=0.66s
  round  49/50: acc=0.9524  f1m=0.9524  uplink_kB=52.6  t=0.68s
  round  50/50: acc=0.9527  f1m=0.9527  uplink_kB=52.6  t=0.66s
[run] DONE -> /Users/agentra/Documents/hao/working/paper-lab/hao-paper-2026/iotj-fedkan-ids/repo/results/lrsweep_cseciic/lrsweep_mlp32_lr0p001__dir0.1__seed2024/metrics.json  final_acc=0.9527
