[run] device=cpu  seed=29  out=/Users/agentra/Documents/hao/working/paper-lab/hao-paper-2026/iotj-fedkan-ids/repo/results/lrsweep_toniot/lrsweep_kan16_lr0p0003__dir0.1__seed29
[run] model=kan  params=6,560
  round   1/50: acc=0.5000  f1m=0.3333  uplink_kB=282.0  t=2.37s
  round   2/50: acc=0.5000  f1m=0.3333  uplink_kB=282.0  t=1.88s
  round   3/50: acc=0.5000  f1m=0.3333  uplink_kB=282.0  t=1.89s
  round   4/50: acc=0.5000  f1m=0.3333  uplink_kB=282.0  t=1.88s
  round   5/50: acc=0.5000  f1m=0.3333  uplink_kB=282.0  t=1.84s
  round   6/50: acc=0.5000  f1m=0.3333  uplink_kB=282.0  t=1.85s
  round   7/50: acc=0.5000  f1m=0.3333  uplink_kB=282.0  t=1.85s
  round   8/50: acc=0.5007  f1m=0.3350  uplink_kB=282.0  t=1.91s
  round   9/50: acc=0.5109  f1m=0.3575  uplink_kB=282.0  t=1.89s
  round  10/50: acc=0.5157  f1m=0.3691  uplink_kB=282.0  t=1.88s
  round  11/50: acc=0.5259  f1m=0.3916  uplink_kB=282.0  t=1.90s
  round  12/50: acc=0.5357  f1m=0.4151  uplink_kB=282.0  t=1.82s
  round  13/50: acc=0.5450  f1m=0.4360  uplink_kB=282.0  t=1.87s
  round  14/50: acc=0.5586  f1m=0.4616  uplink_kB=282.0  t=1.90s
  round  15/50: acc=0.5628  f1m=0.4700  uplink_kB=282.0  t=1.87s
  round  16/50: acc=0.5794  f1m=0.5016  uplink_kB=282.0  t=1.86s
  round  17/50: acc=0.5838  f1m=0.5093  uplink_kB=282.0  t=1.87s
  round  18/50: acc=0.5862  f1m=0.5137  uplink_kB=282.0  t=1.87s
  round  19/50: acc=0.5943  f1m=0.5277  uplink_kB=282.0  t=1.83s
  round  20/50: acc=0.5975  f1m=0.5340  uplink_kB=282.0  t=1.87s
  round  21/50: acc=0.6012  f1m=0.5402  uplink_kB=282.0  t=1.88s
  round  22/50: acc=0.6231  f1m=0.5739  uplink_kB=282.0  t=1.89s
  round  23/50: acc=0.6407  f1m=0.5997  uplink_kB=282.0  t=1.87s
  round  24/50: acc=0.6444  f1m=0.6052  uplink_kB=282.0  t=1.85s
  round  25/50: acc=0.6600  f1m=0.6271  uplink_kB=282.0  t=1.81s
  round  26/50: acc=0.6697  f1m=0.6407  uplink_kB=282.0  t=1.86s
  round  27/50: acc=0.6785  f1m=0.6526  uplink_kB=282.0  t=1.92s
  round  28/50: acc=0.6854  f1m=0.6621  uplink_kB=282.0  t=1.93s
  round  29/50: acc=0.6901  f1m=0.6684  uplink_kB=282.0  t=2.02s
  round  30/50: acc=0.6955  f1m=0.6757  uplink_kB=282.0  t=1.95s
  round  31/50: acc=0.7010  f1m=0.6829  uplink_kB=282.0  t=1.97s
  round  32/50: acc=0.7022  f1m=0.6845  uplink_kB=282.0  t=1.95s
  round  33/50: acc=0.7029  f1m=0.6857  uplink_kB=282.0  t=1.95s
  round  34/50: acc=0.7070  f1m=0.6912  uplink_kB=282.0  t=1.90s
  round  35/50: acc=0.7106  f1m=0.6957  uplink_kB=282.0  t=1.91s
  round  36/50: acc=0.7196  f1m=0.7065  uplink_kB=282.0  t=1.87s
  round  37/50: acc=0.7225  f1m=0.7101  uplink_kB=282.0  t=1.85s
  round  38/50: acc=0.7234  f1m=0.7113  uplink_kB=282.0  t=1.81s
  round  39/50: acc=0.7345  f1m=0.7250  uplink_kB=282.0  t=1.91s
  round  40/50: acc=0.7352  f1m=0.7259  uplink_kB=282.0  t=1.88s
  round  41/50: acc=0.7384  f1m=0.7300  uplink_kB=282.0  t=1.84s
  round  42/50: acc=0.7408  f1m=0.7330  uplink_kB=282.0  t=1.85s
  round  43/50: acc=0.7421  f1m=0.7346  uplink_kB=282.0  t=1.86s
  round  44/50: acc=0.7450  f1m=0.7381  uplink_kB=282.0  t=1.90s
  round  45/50: acc=0.7487  f1m=0.7427  uplink_kB=282.0  t=1.90s
  round  46/50: acc=0.7496  f1m=0.7438  uplink_kB=282.0  t=1.81s
  round  47/50: acc=0.7503  f1m=0.7447  uplink_kB=282.0  t=1.84s
  round  48/50: acc=0.7484  f1m=0.7431  uplink_kB=282.0  t=1.89s
  round  49/50: acc=0.7502  f1m=0.7452  uplink_kB=282.0  t=1.89s
  round  50/50: acc=0.7534  f1m=0.7487  uplink_kB=282.0  t=1.85s
[run] DONE -> /Users/agentra/Documents/hao/working/paper-lab/hao-paper-2026/iotj-fedkan-ids/repo/results/lrsweep_toniot/lrsweep_kan16_lr0p0003__dir0.1__seed29/metrics.json  final_acc=0.7534
