[run] device=cpu  seed=23  out=/Users/agentra/Documents/hao/working/paper-lab/hao-paper-2026/iotj-fedkan-ids/repo/results/mc_botiot/mc_kan8_lr0p01__dir0.1__seed23
[run] model=kan  params=3,520
  round   1/50: acc=0.3717  f1m=0.2182  uplink_kB=159.5  t=2.33s
  round   2/50: acc=0.6998  f1m=0.4955  uplink_kB=159.5  t=1.58s
  round   3/50: acc=0.7166  f1m=0.5046  uplink_kB=159.5  t=1.46s
  round   4/50: acc=0.7152  f1m=0.5027  uplink_kB=159.5  t=1.50s
  round   5/50: acc=0.7167  f1m=0.5021  uplink_kB=159.5  t=1.47s
  round   6/50: acc=0.7185  f1m=0.5035  uplink_kB=159.5  t=1.54s
  round   7/50: acc=0.7255  f1m=0.5081  uplink_kB=159.5  t=1.47s
  round   8/50: acc=0.7291  f1m=0.5123  uplink_kB=159.5  t=1.48s
  round   9/50: acc=0.7527  f1m=0.6683  uplink_kB=159.5  t=1.49s
  round  10/50: acc=0.7660  f1m=0.6877  uplink_kB=159.5  t=1.49s
  round  11/50: acc=0.8637  f1m=0.8091  uplink_kB=159.5  t=1.55s
  round  12/50: acc=0.7698  f1m=0.7088  uplink_kB=159.5  t=1.50s
  round  13/50: acc=0.7685  f1m=0.7066  uplink_kB=159.5  t=1.44s
  round  14/50: acc=0.7705  f1m=0.7109  uplink_kB=159.5  t=1.51s
  round  15/50: acc=0.7664  f1m=0.7118  uplink_kB=159.5  t=1.58s
  round  16/50: acc=0.7702  f1m=0.7130  uplink_kB=159.5  t=1.48s
  round  17/50: acc=0.7649  f1m=0.7100  uplink_kB=159.5  t=1.48s
  round  18/50: acc=0.7712  f1m=0.7145  uplink_kB=159.5  t=1.44s
  round  19/50: acc=0.7697  f1m=0.7118  uplink_kB=159.5  t=1.49s
  round  20/50: acc=0.7702  f1m=0.7129  uplink_kB=159.5  t=1.59s
  round  21/50: acc=0.7707  f1m=0.7136  uplink_kB=159.5  t=1.51s
  round  22/50: acc=0.7719  f1m=0.7131  uplink_kB=159.5  t=1.49s
  round  23/50: acc=0.7744  f1m=0.7202  uplink_kB=159.5  t=1.45s
  round  24/50: acc=0.7741  f1m=0.7166  uplink_kB=159.5  t=1.50s
  round  25/50: acc=0.7752  f1m=0.7184  uplink_kB=159.5  t=1.55s
  round  26/50: acc=0.7801  f1m=0.7262  uplink_kB=159.5  t=1.52s
  round  27/50: acc=0.7746  f1m=0.7197  uplink_kB=159.5  t=1.51s
  round  28/50: acc=0.7707  f1m=0.7105  uplink_kB=159.5  t=1.49s
  round  29/50: acc=0.7964  f1m=0.7511  uplink_kB=159.5  t=1.56s
  round  30/50: acc=0.7711  f1m=0.7138  uplink_kB=159.5  t=1.55s
  round  31/50: acc=0.7710  f1m=0.7157  uplink_kB=159.5  t=1.47s
  round  32/50: acc=0.7788  f1m=0.7192  uplink_kB=159.5  t=1.51s
  round  33/50: acc=0.7698  f1m=0.7135  uplink_kB=159.5  t=1.49s
  round  34/50: acc=0.7737  f1m=0.7265  uplink_kB=159.5  t=1.41s
  round  35/50: acc=0.7690  f1m=0.7112  uplink_kB=159.5  t=1.58s
  round  36/50: acc=0.7721  f1m=0.7318  uplink_kB=159.5  t=1.47s
  round  37/50: acc=0.7718  f1m=0.7413  uplink_kB=159.5  t=1.47s
  round  38/50: acc=0.7769  f1m=0.7456  uplink_kB=159.5  t=1.49s
  round  39/50: acc=0.7723  f1m=0.7458  uplink_kB=159.5  t=1.57s
  round  40/50: acc=0.7734  f1m=0.7507  uplink_kB=159.5  t=1.46s
  round  41/50: acc=0.7623  f1m=0.7320  uplink_kB=159.5  t=1.47s
  round  42/50: acc=0.7749  f1m=0.7487  uplink_kB=159.5  t=1.47s
  round  43/50: acc=0.7722  f1m=0.7439  uplink_kB=159.5  t=1.57s
  round  44/50: acc=0.7747  f1m=0.7526  uplink_kB=159.5  t=1.52s
  round  45/50: acc=0.7724  f1m=0.7453  uplink_kB=159.5  t=1.49s
  round  46/50: acc=0.7726  f1m=0.7474  uplink_kB=159.5  t=1.51s
  round  47/50: acc=0.7737  f1m=0.7496  uplink_kB=159.5  t=1.50s
  round  48/50: acc=0.7745  f1m=0.7458  uplink_kB=159.5  t=1.54s
  round  49/50: acc=0.7718  f1m=0.7447  uplink_kB=159.5  t=1.51s
  round  50/50: acc=0.7776  f1m=0.7514  uplink_kB=159.5  t=1.49s
[run] DONE -> /Users/agentra/Documents/hao/working/paper-lab/hao-paper-2026/iotj-fedkan-ids/repo/results/mc_botiot/mc_kan8_lr0p01__dir0.1__seed23/metrics.json  final_acc=0.7776
