[run] device=cpu  seed=23  out=/Users/agentra/Documents/hao/working/paper-lab/hao-paper-2026/iotj-fedkan-ids/repo/results/lrsweep_cseciic_mc/lrsweep_mlp32_lr0p03__dir0.1__seed23
[run] model=mlp  params=1,775
  round   1/50: acc=0.1544  f1m=0.0338  uplink_kB=69.3  t=2.85s
  round   2/50: acc=0.5903  f1m=0.2904  uplink_kB=69.3  t=2.29s
  round   3/50: acc=0.6216  f1m=0.3125  uplink_kB=69.3  t=2.10s
  round   4/50: acc=0.7135  f1m=0.3912  uplink_kB=69.3  t=2.20s
  round   5/50: acc=0.7884  f1m=0.5176  uplink_kB=69.3  t=2.25s
  round   6/50: acc=0.7782  f1m=0.4960  uplink_kB=69.3  t=2.15s
  round   7/50: acc=0.8210  f1m=0.5347  uplink_kB=69.3  t=2.09s
  round   8/50: acc=0.7861  f1m=0.5085  uplink_kB=69.3  t=2.08s
  round   9/50: acc=0.8273  f1m=0.5536  uplink_kB=69.3  t=2.16s
  round  10/50: acc=0.8527  f1m=0.6364  uplink_kB=69.3  t=2.08s
  round  11/50: acc=0.8420  f1m=0.5679  uplink_kB=69.3  t=2.57s
  round  12/50: acc=0.8461  f1m=0.5749  uplink_kB=69.3  t=2.13s
  round  13/50: acc=0.8399  f1m=0.5634  uplink_kB=69.3  t=2.17s
  round  14/50: acc=0.8583  f1m=0.6147  uplink_kB=69.3  t=2.11s
  round  15/50: acc=0.8479  f1m=0.5758  uplink_kB=69.3  t=2.13s
  round  16/50: acc=0.8543  f1m=0.6244  uplink_kB=69.3  t=2.14s
  round  17/50: acc=0.8403  f1m=0.5677  uplink_kB=69.3  t=2.14s
  round  18/50: acc=0.8653  f1m=0.6528  uplink_kB=69.3  t=2.19s
  round  19/50: acc=0.8606  f1m=0.6352  uplink_kB=69.3  t=2.11s
  round  20/50: acc=0.8697  f1m=0.6649  uplink_kB=69.3  t=2.09s
  round  21/50: acc=0.8696  f1m=0.6645  uplink_kB=69.3  t=2.09s
  round  22/50: acc=0.8651  f1m=0.6407  uplink_kB=69.3  t=2.15s
  round  23/50: acc=0.8707  f1m=0.6573  uplink_kB=69.3  t=2.15s
  round  24/50: acc=0.8607  f1m=0.6316  uplink_kB=69.3  t=2.15s
  round  25/50: acc=0.8748  f1m=0.6744  uplink_kB=69.3  t=2.17s
  round  26/50: acc=0.8627  f1m=0.6419  uplink_kB=69.3  t=2.09s
  round  27/50: acc=0.8726  f1m=0.6870  uplink_kB=69.3  t=2.06s
  round  28/50: acc=0.8640  f1m=0.6444  uplink_kB=69.3  t=2.09s
  round  29/50: acc=0.8768  f1m=0.6769  uplink_kB=69.3  t=2.21s
  round  30/50: acc=0.8750  f1m=0.6729  uplink_kB=69.3  t=2.09s
  round  31/50: acc=0.8753  f1m=0.6700  uplink_kB=69.3  t=2.08s
  round  32/50: acc=0.8621  f1m=0.6146  uplink_kB=69.3  t=2.09s
  round  33/50: acc=0.8723  f1m=0.6717  uplink_kB=69.3  t=2.14s
  round  34/50: acc=0.8723  f1m=0.6640  uplink_kB=69.3  t=2.20s
  round  35/50: acc=0.8340  f1m=0.5728  uplink_kB=69.3  t=2.10s
  round  36/50: acc=0.8653  f1m=0.6370  uplink_kB=69.3  t=2.09s
  round  37/50: acc=0.8745  f1m=0.6741  uplink_kB=69.3  t=2.17s
  round  38/50: acc=0.8787  f1m=0.6690  uplink_kB=69.3  t=2.14s
  round  39/50: acc=0.8753  f1m=0.6688  uplink_kB=69.3  t=2.12s
  round  40/50: acc=0.8798  f1m=0.6680  uplink_kB=69.3  t=2.12s
  round  41/50: acc=0.8774  f1m=0.6667  uplink_kB=69.3  t=2.17s
  round  42/50: acc=0.8786  f1m=0.6746  uplink_kB=69.3  t=2.09s
  round  43/50: acc=0.8790  f1m=0.6762  uplink_kB=69.3  t=2.08s
  round  44/50: acc=0.8773  f1m=0.6733  uplink_kB=69.3  t=2.05s
  round  45/50: acc=0.8704  f1m=0.6478  uplink_kB=69.3  t=2.37s
  round  46/50: acc=0.8679  f1m=0.6651  uplink_kB=69.3  t=2.13s
  round  47/50: acc=0.8767  f1m=0.6782  uplink_kB=69.3  t=2.11s
  round  48/50: acc=0.8781  f1m=0.6673  uplink_kB=69.3  t=2.13s
  round  49/50: acc=0.8732  f1m=0.6625  uplink_kB=69.3  t=2.13s
  round  50/50: acc=0.8748  f1m=0.6753  uplink_kB=69.3  t=2.23s
[run] DONE -> /Users/agentra/Documents/hao/working/paper-lab/hao-paper-2026/iotj-fedkan-ids/repo/results/lrsweep_cseciic_mc/lrsweep_mlp32_lr0p03__dir0.1__seed23/metrics.json  final_acc=0.8748
