[run] device=cpu  seed=110  out=/Users/agentra/Documents/hao/working/paper-lab/hao-paper-2026/iotj-fedkan-ids/repo/results/lrsweep_toniot/lrsweep_kan8_lr0p01__dir0.1__seed110
[run] model=kan  params=3,280
  round   1/50: acc=0.4999  f1m=0.3333  uplink_kB=150.2  t=2.63s
  round   2/50: acc=0.4921  f1m=0.3385  uplink_kB=150.2  t=1.96s
  round   3/50: acc=0.4998  f1m=0.3343  uplink_kB=150.2  t=1.90s
  round   4/50: acc=0.6444  f1m=0.6244  uplink_kB=150.2  t=1.93s
  round   5/50: acc=0.6547  f1m=0.6376  uplink_kB=150.2  t=1.86s
  round   6/50: acc=0.6599  f1m=0.6460  uplink_kB=150.2  t=1.90s
  round   7/50: acc=0.6696  f1m=0.6598  uplink_kB=150.2  t=1.91s
  round   8/50: acc=0.6701  f1m=0.6578  uplink_kB=150.2  t=1.91s
  round   9/50: acc=0.6769  f1m=0.6662  uplink_kB=150.2  t=1.90s
  round  10/50: acc=0.6930  f1m=0.6844  uplink_kB=150.2  t=1.92s
  round  11/50: acc=0.7100  f1m=0.7044  uplink_kB=150.2  t=1.89s
  round  12/50: acc=0.7113  f1m=0.7044  uplink_kB=150.2  t=1.87s
  round  13/50: acc=0.7099  f1m=0.7019  uplink_kB=150.2  t=1.89s
  round  14/50: acc=0.7192  f1m=0.7129  uplink_kB=150.2  t=1.92s
  round  15/50: acc=0.7223  f1m=0.7158  uplink_kB=150.2  t=1.88s
  round  16/50: acc=0.7274  f1m=0.7221  uplink_kB=150.2  t=1.92s
  round  17/50: acc=0.7281  f1m=0.7229  uplink_kB=150.2  t=1.95s
  round  18/50: acc=0.7268  f1m=0.7226  uplink_kB=150.2  t=1.98s
  round  19/50: acc=0.7304  f1m=0.7249  uplink_kB=150.2  t=1.81s
  round  20/50: acc=0.7310  f1m=0.7273  uplink_kB=150.2  t=1.91s
  round  21/50: acc=0.7311  f1m=0.7277  uplink_kB=150.2  t=1.88s
  round  22/50: acc=0.7306  f1m=0.7270  uplink_kB=150.2  t=1.93s
  round  23/50: acc=0.8207  f1m=0.8207  uplink_kB=150.2  t=1.92s
  round  24/50: acc=0.8200  f1m=0.8200  uplink_kB=150.2  t=1.89s
  round  25/50: acc=0.8229  f1m=0.8229  uplink_kB=150.2  t=1.99s
  round  26/50: acc=0.8602  f1m=0.8600  uplink_kB=150.2  t=1.84s
  round  27/50: acc=0.8590  f1m=0.8589  uplink_kB=150.2  t=1.96s
  round  28/50: acc=0.8611  f1m=0.8610  uplink_kB=150.2  t=1.93s
  round  29/50: acc=0.8690  f1m=0.8688  uplink_kB=150.2  t=1.93s
  round  30/50: acc=0.8619  f1m=0.8617  uplink_kB=150.2  t=1.91s
  round  31/50: acc=0.8635  f1m=0.8634  uplink_kB=150.2  t=1.82s
  round  32/50: acc=0.8632  f1m=0.8630  uplink_kB=150.2  t=1.94s
  round  33/50: acc=0.8635  f1m=0.8633  uplink_kB=150.2  t=1.94s
  round  34/50: acc=0.8636  f1m=0.8633  uplink_kB=150.2  t=1.96s
  round  35/50: acc=0.8635  f1m=0.8634  uplink_kB=150.2  t=1.93s
  round  36/50: acc=0.8630  f1m=0.8628  uplink_kB=150.2  t=1.89s
  round  37/50: acc=0.8612  f1m=0.8606  uplink_kB=150.2  t=1.92s
  round  38/50: acc=0.8645  f1m=0.8642  uplink_kB=150.2  t=1.81s
  round  39/50: acc=0.8582  f1m=0.8575  uplink_kB=150.2  t=1.88s
  round  40/50: acc=0.8597  f1m=0.8592  uplink_kB=150.2  t=1.88s
  round  41/50: acc=0.8334  f1m=0.8334  uplink_kB=150.2  t=1.92s
  round  42/50: acc=0.8342  f1m=0.8342  uplink_kB=150.2  t=1.92s
  round  43/50: acc=0.8317  f1m=0.8317  uplink_kB=150.2  t=1.91s
  round  44/50: acc=0.8352  f1m=0.8352  uplink_kB=150.2  t=1.90s
  round  45/50: acc=0.8277  f1m=0.8277  uplink_kB=150.2  t=1.95s
  round  46/50: acc=0.8272  f1m=0.8272  uplink_kB=150.2  t=1.87s
  round  47/50: acc=0.7430  f1m=0.7403  uplink_kB=150.2  t=1.83s
  round  48/50: acc=0.7427  f1m=0.7401  uplink_kB=150.2  t=1.92s
  round  49/50: acc=0.8344  f1m=0.8343  uplink_kB=150.2  t=1.92s
  round  50/50: acc=0.8327  f1m=0.8326  uplink_kB=150.2  t=1.93s
[run] DONE -> /Users/agentra/Documents/hao/working/paper-lab/hao-paper-2026/iotj-fedkan-ids/repo/results/lrsweep_toniot/lrsweep_kan8_lr0p01__dir0.1__seed110/metrics.json  final_acc=0.8327
