[run] device=cpu  seed=31  out=/Users/agentra/Documents/hao/working/paper-lab/hao-paper-2026/iotj-fedkan-ids/repo/results/sensitivity_botiot/sens_G5__dir0.1__seed31
[run] model=kan  params=3,280
  round   1/50: acc=0.5304  f1m=0.4028  uplink_kB=150.2  t=2.24s
  round   2/50: acc=0.9295  f1m=0.9295  uplink_kB=150.2  t=1.77s
  round   3/50: acc=0.9298  f1m=0.9298  uplink_kB=150.2  t=1.65s
  round   4/50: acc=0.9301  f1m=0.9301  uplink_kB=150.2  t=1.62s
  round   5/50: acc=0.9234  f1m=0.9233  uplink_kB=150.2  t=1.53s
  round   6/50: acc=0.9293  f1m=0.9293  uplink_kB=150.2  t=1.63s
  round   7/50: acc=0.9361  f1m=0.9361  uplink_kB=150.2  t=1.87s
  round   8/50: acc=0.9383  f1m=0.9382  uplink_kB=150.2  t=1.57s
  round   9/50: acc=0.9445  f1m=0.9445  uplink_kB=150.2  t=1.63s
  round  10/50: acc=0.9493  f1m=0.9493  uplink_kB=150.2  t=1.83s
  round  11/50: acc=0.9651  f1m=0.9651  uplink_kB=150.2  t=1.78s
  round  12/50: acc=0.9673  f1m=0.9673  uplink_kB=150.2  t=1.64s
  round  13/50: acc=0.9672  f1m=0.9672  uplink_kB=150.2  t=1.69s
  round  14/50: acc=0.9678  f1m=0.9678  uplink_kB=150.2  t=1.64s
  round  15/50: acc=0.9687  f1m=0.9687  uplink_kB=150.2  t=1.61s
  round  16/50: acc=0.9681  f1m=0.9681  uplink_kB=150.2  t=1.66s
  round  17/50: acc=0.9685  f1m=0.9685  uplink_kB=150.2  t=1.60s
  round  18/50: acc=0.9699  f1m=0.9699  uplink_kB=150.2  t=1.60s
  round  19/50: acc=0.9699  f1m=0.9699  uplink_kB=150.2  t=1.65s
  round  20/50: acc=0.9695  f1m=0.9695  uplink_kB=150.2  t=1.65s
  round  21/50: acc=0.9699  f1m=0.9699  uplink_kB=150.2  t=1.65s
  round  22/50: acc=0.9699  f1m=0.9699  uplink_kB=150.2  t=1.68s
  round  23/50: acc=0.9699  f1m=0.9699  uplink_kB=150.2  t=1.65s
  round  24/50: acc=0.9719  f1m=0.9719  uplink_kB=150.2  t=1.66s
  round  25/50: acc=0.9719  f1m=0.9719  uplink_kB=150.2  t=1.67s
  round  26/50: acc=0.9700  f1m=0.9700  uplink_kB=150.2  t=1.64s
  round  27/50: acc=0.9720  f1m=0.9720  uplink_kB=150.2  t=1.66s
  round  28/50: acc=0.9720  f1m=0.9720  uplink_kB=150.2  t=1.68s
  round  29/50: acc=0.9722  f1m=0.9722  uplink_kB=150.2  t=1.65s
  round  30/50: acc=0.9702  f1m=0.9702  uplink_kB=150.2  t=1.67s
  round  31/50: acc=0.9722  f1m=0.9722  uplink_kB=150.2  t=1.59s
  round  32/50: acc=0.9707  f1m=0.9707  uplink_kB=150.2  t=1.60s
  round  33/50: acc=0.9724  f1m=0.9724  uplink_kB=150.2  t=1.64s
  round  34/50: acc=0.9725  f1m=0.9725  uplink_kB=150.2  t=1.66s
  round  35/50: acc=0.9706  f1m=0.9706  uplink_kB=150.2  t=1.64s
  round  36/50: acc=0.9724  f1m=0.9724  uplink_kB=150.2  t=1.60s
  round  37/50: acc=0.9723  f1m=0.9723  uplink_kB=150.2  t=1.66s
  round  38/50: acc=0.9706  f1m=0.9706  uplink_kB=150.2  t=1.68s
  round  39/50: acc=0.9705  f1m=0.9705  uplink_kB=150.2  t=1.64s
  round  40/50: acc=0.9706  f1m=0.9706  uplink_kB=150.2  t=1.65s
  round  41/50: acc=0.9704  f1m=0.9704  uplink_kB=150.2  t=1.60s
  round  42/50: acc=0.9725  f1m=0.9725  uplink_kB=150.2  t=1.62s
  round  43/50: acc=0.9726  f1m=0.9726  uplink_kB=150.2  t=1.67s
  round  44/50: acc=0.9724  f1m=0.9724  uplink_kB=150.2  t=1.67s
  round  45/50: acc=0.9728  f1m=0.9728  uplink_kB=150.2  t=1.62s
  round  46/50: acc=0.9727  f1m=0.9726  uplink_kB=150.2  t=1.65s
  round  47/50: acc=0.9727  f1m=0.9727  uplink_kB=150.2  t=1.58s
  round  48/50: acc=0.9726  f1m=0.9726  uplink_kB=150.2  t=1.66s
  round  49/50: acc=0.9719  f1m=0.9718  uplink_kB=150.2  t=1.63s
  round  50/50: acc=0.9717  f1m=0.9717  uplink_kB=150.2  t=1.67s
[run] DONE -> /Users/agentra/Documents/hao/working/paper-lab/hao-paper-2026/iotj-fedkan-ids/repo/results/sensitivity_botiot/sens_G5__dir0.1__seed31/metrics.json  final_acc=0.9717
