[run] device=cpu  seed=2024  out=/Users/agentra/Documents/hao/working/paper-lab/hao-paper-2026/iotj-fedkan-ids/repo/results/lrsweep_toniot/lrsweep_mlp80_lr0p03__dir0.1__seed2024
[run] model=mlp  params=3,362
  round   1/50: acc=0.7549  f1m=0.7509  uplink_kB=131.3  t=1.23s
  round   2/50: acc=0.5205  f1m=0.3891  uplink_kB=131.3  t=0.68s
  round   3/50: acc=0.5462  f1m=0.4345  uplink_kB=131.3  t=0.66s
  round   4/50: acc=0.5426  f1m=0.4261  uplink_kB=131.3  t=0.68s
  round   5/50: acc=0.5540  f1m=0.4457  uplink_kB=131.3  t=0.67s
  round   6/50: acc=0.5616  f1m=0.4628  uplink_kB=131.3  t=0.62s
  round   7/50: acc=0.8544  f1m=0.8517  uplink_kB=131.3  t=0.67s
  round   8/50: acc=0.5683  f1m=0.4745  uplink_kB=131.3  t=0.66s
  round   9/50: acc=0.8568  f1m=0.8542  uplink_kB=131.3  t=0.67s
  round  10/50: acc=0.5729  f1m=0.4823  uplink_kB=131.3  t=0.68s
  round  11/50: acc=0.8639  f1m=0.8618  uplink_kB=131.3  t=0.69s
  round  12/50: acc=0.7907  f1m=0.7820  uplink_kB=131.3  t=0.64s
  round  13/50: acc=0.7952  f1m=0.7871  uplink_kB=131.3  t=0.67s
  round  14/50: acc=0.7955  f1m=0.7872  uplink_kB=131.3  t=0.66s
  round  15/50: acc=0.7959  f1m=0.7879  uplink_kB=131.3  t=0.67s
  round  16/50: acc=0.7925  f1m=0.7837  uplink_kB=131.3  t=0.65s
  round  17/50: acc=0.7975  f1m=0.7897  uplink_kB=131.3  t=0.64s
  round  18/50: acc=0.7992  f1m=0.7916  uplink_kB=131.3  t=0.64s
  round  19/50: acc=0.7981  f1m=0.7901  uplink_kB=131.3  t=0.66s
  round  20/50: acc=0.7930  f1m=0.7843  uplink_kB=131.3  t=0.60s
  round  21/50: acc=0.7965  f1m=0.7886  uplink_kB=131.3  t=0.66s
  round  22/50: acc=0.8003  f1m=0.7927  uplink_kB=131.3  t=0.66s
  round  23/50: acc=0.8692  f1m=0.8672  uplink_kB=131.3  t=0.66s
  round  24/50: acc=0.8066  f1m=0.8000  uplink_kB=131.3  t=0.66s
  round  25/50: acc=0.8714  f1m=0.8697  uplink_kB=131.3  t=0.63s
  round  26/50: acc=0.7948  f1m=0.7864  uplink_kB=131.3  t=0.65s
  round  27/50: acc=0.8689  f1m=0.8669  uplink_kB=131.3  t=0.68s
  round  28/50: acc=0.8753  f1m=0.8737  uplink_kB=131.3  t=0.66s
  round  29/50: acc=0.8754  f1m=0.8737  uplink_kB=131.3  t=0.66s
  round  30/50: acc=0.8757  f1m=0.8740  uplink_kB=131.3  t=0.65s
  round  31/50: acc=0.8033  f1m=0.7963  uplink_kB=131.3  t=0.68s
  round  32/50: acc=0.8769  f1m=0.8753  uplink_kB=131.3  t=0.64s
  round  33/50: acc=0.8761  f1m=0.8744  uplink_kB=131.3  t=0.67s
  round  34/50: acc=0.8039  f1m=0.7969  uplink_kB=131.3  t=0.66s
  round  35/50: acc=0.8838  f1m=0.8825  uplink_kB=131.3  t=0.65s
  round  36/50: acc=0.8743  f1m=0.8726  uplink_kB=131.3  t=0.65s
  round  37/50: acc=0.8797  f1m=0.8782  uplink_kB=131.3  t=0.67s
  round  38/50: acc=0.8759  f1m=0.8743  uplink_kB=131.3  t=0.66s
  round  39/50: acc=0.8743  f1m=0.8725  uplink_kB=131.3  t=0.62s
  round  40/50: acc=0.8692  f1m=0.8672  uplink_kB=131.3  t=0.69s
  round  41/50: acc=0.8801  f1m=0.8786  uplink_kB=131.3  t=0.65s
  round  42/50: acc=0.8061  f1m=0.7991  uplink_kB=131.3  t=0.66s
  round  43/50: acc=0.8834  f1m=0.8821  uplink_kB=131.3  t=0.70s
  round  44/50: acc=0.8721  f1m=0.8703  uplink_kB=131.3  t=0.68s
  round  45/50: acc=0.8705  f1m=0.8685  uplink_kB=131.3  t=0.67s
  round  46/50: acc=0.8780  f1m=0.8764  uplink_kB=131.3  t=0.62s
  round  47/50: acc=0.8809  f1m=0.8794  uplink_kB=131.3  t=0.69s
  round  48/50: acc=0.8831  f1m=0.8817  uplink_kB=131.3  t=0.67s
  round  49/50: acc=0.8828  f1m=0.8814  uplink_kB=131.3  t=0.69s
  round  50/50: acc=0.8724  f1m=0.8705  uplink_kB=131.3  t=0.68s
[run] DONE -> /Users/agentra/Documents/hao/working/paper-lab/hao-paper-2026/iotj-fedkan-ids/repo/results/lrsweep_toniot/lrsweep_mlp80_lr0p03__dir0.1__seed2024/metrics.json  final_acc=0.8724
