[run] device=cpu  seed=17  out=/Users/agentra/Documents/hao/working/paper-lab/hao-paper-2026/iotj-fedkan-ids/repo/results/lrsweep_cseciic/lrsweep_mlp80_lr0p01__dir0.1__seed17
[run] model=mlp  params=3,362
  round   1/50: acc=0.5000  f1m=0.3333  uplink_kB=131.3  t=1.46s
  round   2/50: acc=0.5060  f1m=0.3466  uplink_kB=131.3  t=0.71s
  round   3/50: acc=0.5783  f1m=0.4876  uplink_kB=131.3  t=0.71s
  round   4/50: acc=0.7804  f1m=0.7698  uplink_kB=131.3  t=0.68s
  round   5/50: acc=0.8082  f1m=0.8015  uplink_kB=131.3  t=0.66s
  round   6/50: acc=0.8488  f1m=0.8457  uplink_kB=131.3  t=0.62s
  round   7/50: acc=0.8776  f1m=0.8760  uplink_kB=131.3  t=0.66s
  round   8/50: acc=0.9188  f1m=0.9185  uplink_kB=131.3  t=0.69s
  round   9/50: acc=0.9169  f1m=0.9166  uplink_kB=131.3  t=0.67s
  round  10/50: acc=0.9183  f1m=0.9180  uplink_kB=131.3  t=0.69s
  round  11/50: acc=0.9180  f1m=0.9178  uplink_kB=131.3  t=0.68s
  round  12/50: acc=0.9180  f1m=0.9177  uplink_kB=131.3  t=0.65s
  round  13/50: acc=0.9176  f1m=0.9173  uplink_kB=131.3  t=0.67s
  round  14/50: acc=0.9187  f1m=0.9185  uplink_kB=131.3  t=0.68s
  round  15/50: acc=0.9183  f1m=0.9180  uplink_kB=131.3  t=0.67s
  round  16/50: acc=0.9184  f1m=0.9182  uplink_kB=131.3  t=0.74s
  round  17/50: acc=0.9184  f1m=0.9182  uplink_kB=131.3  t=0.67s
  round  18/50: acc=0.9171  f1m=0.9169  uplink_kB=131.3  t=0.70s
  round  19/50: acc=0.9178  f1m=0.9176  uplink_kB=131.3  t=0.63s
  round  20/50: acc=0.9174  f1m=0.9172  uplink_kB=131.3  t=0.67s
  round  21/50: acc=0.9182  f1m=0.9180  uplink_kB=131.3  t=0.69s
  round  22/50: acc=0.9165  f1m=0.9163  uplink_kB=131.3  t=0.70s
  round  23/50: acc=0.9154  f1m=0.9152  uplink_kB=131.3  t=0.70s
  round  24/50: acc=0.9167  f1m=0.9165  uplink_kB=131.3  t=0.69s
  round  25/50: acc=0.9157  f1m=0.9155  uplink_kB=131.3  t=0.64s
  round  26/50: acc=0.9159  f1m=0.9158  uplink_kB=131.3  t=0.62s
  round  27/50: acc=0.9151  f1m=0.9149  uplink_kB=131.3  t=0.67s
  round  28/50: acc=0.9155  f1m=0.9153  uplink_kB=131.3  t=0.66s
  round  29/50: acc=0.9158  f1m=0.9156  uplink_kB=131.3  t=0.67s
  round  30/50: acc=0.9168  f1m=0.9167  uplink_kB=131.3  t=0.69s
  round  31/50: acc=0.9171  f1m=0.9169  uplink_kB=131.3  t=0.70s
  round  32/50: acc=0.9152  f1m=0.9151  uplink_kB=131.3  t=0.66s
  round  33/50: acc=0.9150  f1m=0.9148  uplink_kB=131.3  t=0.62s
  round  34/50: acc=0.9156  f1m=0.9154  uplink_kB=131.3  t=0.67s
  round  35/50: acc=0.9151  f1m=0.9150  uplink_kB=131.3  t=0.69s
  round  36/50: acc=0.9150  f1m=0.9148  uplink_kB=131.3  t=0.74s
  round  37/50: acc=0.9163  f1m=0.9161  uplink_kB=131.3  t=0.69s
  round  38/50: acc=0.9167  f1m=0.9166  uplink_kB=131.3  t=0.69s
  round  39/50: acc=0.9089  f1m=0.9088  uplink_kB=131.3  t=0.68s
  round  40/50: acc=0.9106  f1m=0.9104  uplink_kB=131.3  t=0.63s
  round  41/50: acc=0.9088  f1m=0.9087  uplink_kB=131.3  t=0.66s
  round  42/50: acc=0.9081  f1m=0.9080  uplink_kB=131.3  t=0.68s
  round  43/50: acc=0.8893  f1m=0.8893  uplink_kB=131.3  t=0.65s
  round  44/50: acc=0.9127  f1m=0.9125  uplink_kB=131.3  t=0.68s
  round  45/50: acc=0.8930  f1m=0.8930  uplink_kB=131.3  t=0.67s
  round  46/50: acc=0.8874  f1m=0.8873  uplink_kB=131.3  t=0.69s
  round  47/50: acc=0.9095  f1m=0.9094  uplink_kB=131.3  t=0.65s
  round  48/50: acc=0.8974  f1m=0.8973  uplink_kB=131.3  t=0.69s
  round  49/50: acc=0.8715  f1m=0.8715  uplink_kB=131.3  t=0.72s
  round  50/50: acc=0.8957  f1m=0.8956  uplink_kB=131.3  t=0.70s
[run] DONE -> /Users/agentra/Documents/hao/working/paper-lab/hao-paper-2026/iotj-fedkan-ids/repo/results/lrsweep_cseciic/lrsweep_mlp80_lr0p01__dir0.1__seed17/metrics.json  final_acc=0.8957
