[run] device=cpu  seed=37  out=/Users/agentra/Documents/hao/working/paper-lab/hao-paper-2026/iotj-fedkan-ids/repo/results/lrsweep_cseciic/lrsweep_mlp80_lr0p003__dir0.1__seed37
[run] model=mlp  params=3,362
  round   1/50: acc=0.9204  f1m=0.9201  uplink_kB=131.3  t=1.41s
  round   2/50: acc=0.9220  f1m=0.9217  uplink_kB=131.3  t=0.70s
  round   3/50: acc=0.9231  f1m=0.9228  uplink_kB=131.3  t=0.69s
  round   4/50: acc=0.9252  f1m=0.9249  uplink_kB=131.3  t=0.72s
  round   5/50: acc=0.9271  f1m=0.9268  uplink_kB=131.3  t=0.70s
  round   6/50: acc=0.9366  f1m=0.9364  uplink_kB=131.3  t=0.61s
  round   7/50: acc=0.9338  f1m=0.9335  uplink_kB=131.3  t=0.73s
  round   8/50: acc=0.9400  f1m=0.9399  uplink_kB=131.3  t=0.69s
  round   9/50: acc=0.9405  f1m=0.9403  uplink_kB=131.3  t=0.66s
  round  10/50: acc=0.9411  f1m=0.9409  uplink_kB=131.3  t=0.69s
  round  11/50: acc=0.9412  f1m=0.9410  uplink_kB=131.3  t=0.69s
  round  12/50: acc=0.9614  f1m=0.9614  uplink_kB=131.3  t=0.69s
  round  13/50: acc=0.9426  f1m=0.9424  uplink_kB=131.3  t=0.66s
  round  14/50: acc=0.9422  f1m=0.9420  uplink_kB=131.3  t=0.68s
  round  15/50: acc=0.9629  f1m=0.9629  uplink_kB=131.3  t=0.70s
  round  16/50: acc=0.9417  f1m=0.9416  uplink_kB=131.3  t=0.68s
  round  17/50: acc=0.9688  f1m=0.9687  uplink_kB=131.3  t=0.67s
  round  18/50: acc=0.9437  f1m=0.9436  uplink_kB=131.3  t=0.68s
  round  19/50: acc=0.9631  f1m=0.9631  uplink_kB=131.3  t=0.62s
  round  20/50: acc=0.9688  f1m=0.9688  uplink_kB=131.3  t=0.68s
  round  21/50: acc=0.9690  f1m=0.9689  uplink_kB=131.3  t=0.67s
  round  22/50: acc=0.9530  f1m=0.9529  uplink_kB=131.3  t=0.68s
  round  23/50: acc=0.9692  f1m=0.9692  uplink_kB=131.3  t=0.71s
  round  24/50: acc=0.9692  f1m=0.9692  uplink_kB=131.3  t=0.73s
  round  25/50: acc=0.9693  f1m=0.9693  uplink_kB=131.3  t=0.73s
  round  26/50: acc=0.9663  f1m=0.9663  uplink_kB=131.3  t=0.65s
  round  27/50: acc=0.9696  f1m=0.9696  uplink_kB=131.3  t=0.69s
  round  28/50: acc=0.9655  f1m=0.9654  uplink_kB=131.3  t=0.68s
  round  29/50: acc=0.9697  f1m=0.9696  uplink_kB=131.3  t=0.70s
  round  30/50: acc=0.9694  f1m=0.9694  uplink_kB=131.3  t=0.68s
  round  31/50: acc=0.9698  f1m=0.9698  uplink_kB=131.3  t=0.66s
  round  32/50: acc=0.9693  f1m=0.9693  uplink_kB=131.3  t=0.60s
  round  33/50: acc=0.9698  f1m=0.9697  uplink_kB=131.3  t=0.66s
  round  34/50: acc=0.9699  f1m=0.9699  uplink_kB=131.3  t=0.65s
  round  35/50: acc=0.9700  f1m=0.9700  uplink_kB=131.3  t=0.66s
  round  36/50: acc=0.9695  f1m=0.9695  uplink_kB=131.3  t=0.67s
  round  37/50: acc=0.9699  f1m=0.9699  uplink_kB=131.3  t=0.70s
  round  38/50: acc=0.9700  f1m=0.9699  uplink_kB=131.3  t=0.71s
  round  39/50: acc=0.9698  f1m=0.9698  uplink_kB=131.3  t=0.66s
  round  40/50: acc=0.9702  f1m=0.9702  uplink_kB=131.3  t=0.64s
  round  41/50: acc=0.9696  f1m=0.9696  uplink_kB=131.3  t=0.68s
  round  42/50: acc=0.9745  f1m=0.9745  uplink_kB=131.3  t=0.68s
  round  43/50: acc=0.9700  f1m=0.9700  uplink_kB=131.3  t=0.66s
  round  44/50: acc=0.9747  f1m=0.9746  uplink_kB=131.3  t=0.70s
  round  45/50: acc=0.9742  f1m=0.9742  uplink_kB=131.3  t=0.67s
  round  46/50: acc=0.9751  f1m=0.9750  uplink_kB=131.3  t=0.67s
  round  47/50: acc=0.9699  f1m=0.9698  uplink_kB=131.3  t=0.61s
  round  48/50: acc=0.9751  f1m=0.9751  uplink_kB=131.3  t=0.66s
  round  49/50: acc=0.9750  f1m=0.9749  uplink_kB=131.3  t=0.67s
  round  50/50: acc=0.9756  f1m=0.9756  uplink_kB=131.3  t=0.66s
[run] DONE -> /Users/agentra/Documents/hao/working/paper-lab/hao-paper-2026/iotj-fedkan-ids/repo/results/lrsweep_cseciic/lrsweep_mlp80_lr0p003__dir0.1__seed37/metrics.json  final_acc=0.9756
