[run] device=cpu  seed=23  out=/Users/agentra/Documents/hao/working/paper-lab/hao-paper-2026/iotj-fedkan-ids/repo/results/mc_botiot/mc_mlp80_lr0p01__dir0.1__seed23
[run] model=mlp  params=3,605
  round   1/50: acc=0.7076  f1m=0.4953  uplink_kB=140.8  t=1.46s
  round   2/50: acc=0.7097  f1m=0.4965  uplink_kB=140.8  t=0.60s
  round   3/50: acc=0.7232  f1m=0.5064  uplink_kB=140.8  t=0.65s
  round   4/50: acc=0.7304  f1m=0.5114  uplink_kB=140.8  t=0.60s
  round   5/50: acc=0.7334  f1m=0.5135  uplink_kB=140.8  t=0.66s
  round   6/50: acc=0.7424  f1m=0.5273  uplink_kB=140.8  t=0.77s
  round   7/50: acc=0.7597  f1m=0.5571  uplink_kB=140.8  t=0.64s
  round   8/50: acc=0.7603  f1m=0.5814  uplink_kB=140.8  t=0.62s
  round   9/50: acc=0.7611  f1m=0.5880  uplink_kB=140.8  t=0.59s
  round  10/50: acc=0.7677  f1m=0.7094  uplink_kB=140.8  t=0.64s
  round  11/50: acc=0.7697  f1m=0.7112  uplink_kB=140.8  t=0.61s
  round  12/50: acc=0.7698  f1m=0.7128  uplink_kB=140.8  t=0.57s
  round  13/50: acc=0.7692  f1m=0.7101  uplink_kB=140.8  t=0.59s
  round  14/50: acc=0.7686  f1m=0.7089  uplink_kB=140.8  t=0.60s
  round  15/50: acc=0.7702  f1m=0.7062  uplink_kB=140.8  t=0.66s
  round  16/50: acc=0.7718  f1m=0.7068  uplink_kB=140.8  t=0.72s
  round  17/50: acc=0.7701  f1m=0.7032  uplink_kB=140.8  t=0.65s
  round  18/50: acc=0.7690  f1m=0.7060  uplink_kB=140.8  t=0.63s
  round  19/50: acc=0.7679  f1m=0.7031  uplink_kB=140.8  t=0.67s
  round  20/50: acc=0.7687  f1m=0.7098  uplink_kB=140.8  t=0.61s
  round  21/50: acc=0.7679  f1m=0.7034  uplink_kB=140.8  t=0.63s
  round  22/50: acc=0.7685  f1m=0.7082  uplink_kB=140.8  t=0.64s
  round  23/50: acc=0.7686  f1m=0.7092  uplink_kB=140.8  t=0.68s
  round  24/50: acc=0.7689  f1m=0.7151  uplink_kB=140.8  t=0.91s
  round  25/50: acc=0.7701  f1m=0.7212  uplink_kB=140.8  t=0.67s
  round  26/50: acc=0.7728  f1m=0.7395  uplink_kB=140.8  t=0.59s
  round  27/50: acc=0.7739  f1m=0.7432  uplink_kB=140.8  t=0.56s
  round  28/50: acc=0.7727  f1m=0.7354  uplink_kB=140.8  t=0.60s
  round  29/50: acc=0.7749  f1m=0.7396  uplink_kB=140.8  t=0.63s
  round  30/50: acc=0.7744  f1m=0.7410  uplink_kB=140.8  t=0.58s
  round  31/50: acc=0.7743  f1m=0.7406  uplink_kB=140.8  t=0.57s
  round  32/50: acc=0.7762  f1m=0.7496  uplink_kB=140.8  t=0.57s
  round  33/50: acc=0.7741  f1m=0.7420  uplink_kB=140.8  t=0.60s
  round  34/50: acc=0.7733  f1m=0.7387  uplink_kB=140.8  t=0.56s
  round  35/50: acc=0.7735  f1m=0.7380  uplink_kB=140.8  t=0.63s
  round  36/50: acc=0.7731  f1m=0.7379  uplink_kB=140.8  t=0.56s
  round  37/50: acc=0.7749  f1m=0.7414  uplink_kB=140.8  t=0.63s
  round  38/50: acc=0.7735  f1m=0.7400  uplink_kB=140.8  t=0.60s
  round  39/50: acc=0.7734  f1m=0.7382  uplink_kB=140.8  t=0.59s
  round  40/50: acc=0.7728  f1m=0.7360  uplink_kB=140.8  t=0.64s
  round  41/50: acc=0.7738  f1m=0.7421  uplink_kB=140.8  t=0.59s
  round  42/50: acc=0.7733  f1m=0.7444  uplink_kB=140.8  t=0.60s
  round  43/50: acc=0.7734  f1m=0.7404  uplink_kB=140.8  t=0.57s
  round  44/50: acc=0.7731  f1m=0.7396  uplink_kB=140.8  t=0.55s
  round  45/50: acc=0.7733  f1m=0.7401  uplink_kB=140.8  t=0.69s
  round  46/50: acc=0.7733  f1m=0.7389  uplink_kB=140.8  t=0.59s
  round  47/50: acc=0.7733  f1m=0.7465  uplink_kB=140.8  t=0.58s
  round  48/50: acc=0.7874  f1m=0.7611  uplink_kB=140.8  t=0.60s
  round  49/50: acc=0.7875  f1m=0.7619  uplink_kB=140.8  t=0.63s
  round  50/50: acc=0.7728  f1m=0.7386  uplink_kB=140.8  t=0.58s
[run] DONE -> /Users/agentra/Documents/hao/working/paper-lab/hao-paper-2026/iotj-fedkan-ids/repo/results/mc_botiot/mc_mlp80_lr0p01__dir0.1__seed23/metrics.json  final_acc=0.7728
