[run] device=cpu  seed=11  out=/Users/agentra/Documents/hao/working/paper-lab/hao-paper-2026/iotj-fedkan-ids/repo/results/lrsweep_botiot/lrsweep_kan8_lr0p001__dir0.1__seed11
[run] model=kan  params=3,280
  round   1/50: acc=0.4989  f1m=0.3328  uplink_kB=150.2  t=2.34s
  round   2/50: acc=0.4975  f1m=0.3322  uplink_kB=150.2  t=1.66s
  round   3/50: acc=0.7899  f1m=0.7838  uplink_kB=150.2  t=1.67s
  round   4/50: acc=0.8968  f1m=0.8968  uplink_kB=150.2  t=1.65s
  round   5/50: acc=0.9157  f1m=0.9157  uplink_kB=150.2  t=1.60s
  round   6/50: acc=0.9156  f1m=0.9156  uplink_kB=150.2  t=1.57s
  round   7/50: acc=0.9157  f1m=0.9157  uplink_kB=150.2  t=1.62s
  round   8/50: acc=0.9162  f1m=0.9162  uplink_kB=150.2  t=1.63s
  round   9/50: acc=0.9200  f1m=0.9199  uplink_kB=150.2  t=1.62s
  round  10/50: acc=0.9260  f1m=0.9260  uplink_kB=150.2  t=1.72s
  round  11/50: acc=0.9261  f1m=0.9261  uplink_kB=150.2  t=1.68s
  round  12/50: acc=0.9263  f1m=0.9263  uplink_kB=150.2  t=1.58s
  round  13/50: acc=0.9321  f1m=0.9321  uplink_kB=150.2  t=1.63s
  round  14/50: acc=0.9101  f1m=0.9100  uplink_kB=150.2  t=1.57s
  round  15/50: acc=0.9106  f1m=0.9104  uplink_kB=150.2  t=1.62s
  round  16/50: acc=0.9043  f1m=0.9041  uplink_kB=150.2  t=1.70s
  round  17/50: acc=0.9051  f1m=0.9049  uplink_kB=150.2  t=1.63s
  round  18/50: acc=0.9061  f1m=0.9059  uplink_kB=150.2  t=1.63s
  round  19/50: acc=0.9122  f1m=0.9120  uplink_kB=150.2  t=1.63s
  round  20/50: acc=0.9143  f1m=0.9142  uplink_kB=150.2  t=1.61s
  round  21/50: acc=0.9159  f1m=0.9158  uplink_kB=150.2  t=1.64s
  round  22/50: acc=0.9005  f1m=0.9003  uplink_kB=150.2  t=1.59s
  round  23/50: acc=0.9201  f1m=0.9201  uplink_kB=150.2  t=1.67s
  round  24/50: acc=0.9234  f1m=0.9233  uplink_kB=150.2  t=1.68s
  round  25/50: acc=0.9256  f1m=0.9256  uplink_kB=150.2  t=1.63s
  round  26/50: acc=0.9319  f1m=0.9319  uplink_kB=150.2  t=1.62s
  round  27/50: acc=0.9183  f1m=0.9182  uplink_kB=150.2  t=1.66s
  round  28/50: acc=0.9189  f1m=0.9188  uplink_kB=150.2  t=1.63s
  round  29/50: acc=0.9573  f1m=0.9573  uplink_kB=150.2  t=1.67s
  round  30/50: acc=0.9579  f1m=0.9579  uplink_kB=150.2  t=1.63s
  round  31/50: acc=0.9584  f1m=0.9584  uplink_kB=150.2  t=1.65s
  round  32/50: acc=0.9498  f1m=0.9498  uplink_kB=150.2  t=1.56s
  round  33/50: acc=0.9503  f1m=0.9503  uplink_kB=150.2  t=1.62s
  round  34/50: acc=0.9503  f1m=0.9503  uplink_kB=150.2  t=1.63s
  round  35/50: acc=0.9496  f1m=0.9496  uplink_kB=150.2  t=1.66s
  round  36/50: acc=0.9118  f1m=0.9112  uplink_kB=150.2  t=1.63s
  round  37/50: acc=0.9516  f1m=0.9516  uplink_kB=150.2  t=1.58s
  round  38/50: acc=0.8923  f1m=0.8918  uplink_kB=150.2  t=1.65s
  round  39/50: acc=0.9128  f1m=0.9121  uplink_kB=150.2  t=1.64s
  round  40/50: acc=0.9131  f1m=0.9125  uplink_kB=150.2  t=1.64s
  round  41/50: acc=0.9516  f1m=0.9516  uplink_kB=150.2  t=1.68s
  round  42/50: acc=0.9135  f1m=0.9129  uplink_kB=150.2  t=1.57s
  round  43/50: acc=0.9136  f1m=0.9130  uplink_kB=150.2  t=1.68s
  round  44/50: acc=0.9141  f1m=0.9135  uplink_kB=150.2  t=1.61s
  round  45/50: acc=0.9142  f1m=0.9136  uplink_kB=150.2  t=1.61s
  round  46/50: acc=0.9143  f1m=0.9137  uplink_kB=150.2  t=1.69s
  round  47/50: acc=0.9143  f1m=0.9137  uplink_kB=150.2  t=1.67s
  round  48/50: acc=0.9217  f1m=0.9213  uplink_kB=150.2  t=1.65s
  round  49/50: acc=0.9143  f1m=0.9137  uplink_kB=150.2  t=1.59s
  round  50/50: acc=0.9215  f1m=0.9211  uplink_kB=150.2  t=1.64s
[run] DONE -> /Users/agentra/Documents/hao/working/paper-lab/hao-paper-2026/iotj-fedkan-ids/repo/results/lrsweep_botiot/lrsweep_kan8_lr0p001__dir0.1__seed11/metrics.json  final_acc=0.9215
