[run] device=cpu  seed=11  out=/Users/agentra/Documents/hao/working/paper-lab/hao-paper-2026/iotj-fedkan-ids/repo/results/lrsweep_cseciic_mc50k/lrsweep_kan8_lr0p1__dir0.1__seed11
[run] model=kan  params=4,320
  round   1/50: acc=0.2238  f1m=0.0652  uplink_kB=190.8  t=3.24s
  round   2/50: acc=0.5206  f1m=0.2529  uplink_kB=190.8  t=2.63s
  round   3/50: acc=0.3020  f1m=0.1669  uplink_kB=190.8  t=2.63s
  round   4/50: acc=0.2841  f1m=0.1346  uplink_kB=190.8  t=2.55s
  round   5/50: acc=0.5618  f1m=0.3685  uplink_kB=190.8  t=2.55s
  round   6/50: acc=0.4795  f1m=0.2902  uplink_kB=190.8  t=2.58s
  round   7/50: acc=0.6748  f1m=0.4993  uplink_kB=190.8  t=2.63s
  round   8/50: acc=0.5431  f1m=0.3215  uplink_kB=190.8  t=2.66s
  round   9/50: acc=0.6437  f1m=0.4153  uplink_kB=190.8  t=2.52s
  round  10/50: acc=0.4279  f1m=0.2381  uplink_kB=190.8  t=2.69s
  round  11/50: acc=0.6672  f1m=0.4050  uplink_kB=190.8  t=2.59s
  round  12/50: acc=0.4632  f1m=0.3364  uplink_kB=190.8  t=2.65s
  round  13/50: acc=0.6357  f1m=0.4085  uplink_kB=190.8  t=2.56s
  round  14/50: acc=0.7022  f1m=0.4337  uplink_kB=190.8  t=2.63s
  round  15/50: acc=0.7481  f1m=0.4979  uplink_kB=190.8  t=2.61s
  round  16/50: acc=0.6655  f1m=0.4352  uplink_kB=190.8  t=2.64s
  round  17/50: acc=0.7237  f1m=0.4703  uplink_kB=190.8  t=2.55s
  round  18/50: acc=0.3829  f1m=0.2570  uplink_kB=190.8  t=2.64s
  round  19/50: acc=0.5892  f1m=0.3414  uplink_kB=190.8  t=2.55s
  round  20/50: acc=0.6544  f1m=0.4829  uplink_kB=190.8  t=2.71s
  round  21/50: acc=0.7907  f1m=0.4924  uplink_kB=190.8  t=2.56s
  round  22/50: acc=0.5660  f1m=0.3187  uplink_kB=190.8  t=2.61s
  round  23/50: acc=0.7303  f1m=0.4745  uplink_kB=190.8  t=2.58s
  round  24/50: acc=0.5971  f1m=0.3397  uplink_kB=190.8  t=2.65s
  round  25/50: acc=0.6061  f1m=0.3512  uplink_kB=190.8  t=2.54s
  round  26/50: acc=0.4818  f1m=0.2393  uplink_kB=190.8  t=2.65s
  round  27/50: acc=0.3799  f1m=0.2128  uplink_kB=190.8  t=2.55s
  round  28/50: acc=0.3843  f1m=0.2028  uplink_kB=190.8  t=2.58s
  round  29/50: acc=0.3803  f1m=0.1779  uplink_kB=190.8  t=2.55s
  round  30/50: acc=0.4020  f1m=0.2032  uplink_kB=190.8  t=2.61s
  round  31/50: acc=0.4409  f1m=0.2733  uplink_kB=190.8  t=2.58s
  round  32/50: acc=0.2975  f1m=0.1587  uplink_kB=190.8  t=2.64s
  round  33/50: acc=0.3871  f1m=0.2100  uplink_kB=190.8  t=2.56s
  round  34/50: acc=0.2817  f1m=0.1192  uplink_kB=190.8  t=2.58s
  round  35/50: acc=0.5399  f1m=0.2696  uplink_kB=190.8  t=2.62s
  round  36/50: acc=0.4228  f1m=0.1789  uplink_kB=190.8  t=2.67s
  round  37/50: acc=0.5310  f1m=0.2528  uplink_kB=190.8  t=2.60s
  round  38/50: acc=0.3805  f1m=0.1677  uplink_kB=190.8  t=2.57s
  round  39/50: acc=0.1786  f1m=0.0933  uplink_kB=190.8  t=2.58s
  round  40/50: acc=0.4389  f1m=0.1899  uplink_kB=190.8  t=2.61s
  round  41/50: acc=0.3559  f1m=0.1322  uplink_kB=190.8  t=2.58s
  round  42/50: acc=0.1924  f1m=0.0822  uplink_kB=190.8  t=2.60s
  round  43/50: acc=0.1335  f1m=0.0516  uplink_kB=190.8  t=2.57s
  round  44/50: acc=0.1697  f1m=0.0850  uplink_kB=190.8  t=2.59s
  round  45/50: acc=0.0953  f1m=0.0323  uplink_kB=190.8  t=2.53s
  round  46/50: acc=0.0921  f1m=0.0240  uplink_kB=190.8  t=2.69s
  round  47/50: acc=0.1006  f1m=0.0251  uplink_kB=190.8  t=2.64s
  round  48/50: acc=0.1135  f1m=0.0558  uplink_kB=190.8  t=2.60s
  round  49/50: acc=0.1279  f1m=0.0544  uplink_kB=190.8  t=2.53s
  round  50/50: acc=0.1384  f1m=0.0560  uplink_kB=190.8  t=2.61s
[run] DONE -> /Users/agentra/Documents/hao/working/paper-lab/hao-paper-2026/iotj-fedkan-ids/repo/results/lrsweep_cseciic_mc50k/lrsweep_kan8_lr0p1__dir0.1__seed11/metrics.json  final_acc=0.1384
