[run] device=cpu  seed=42  out=/Users/agentra/Documents/hao/working/paper-lab/hao-paper-2026/iotj-fedkan-ids/repo/results/sensitivity_botiot/sens_G3__dir0.1__seed42
[run] model=kan  params=2,624
  round   1/50: acc=0.5066  f1m=0.3496  uplink_kB=120.9  t=2.34s
  round   2/50: acc=0.9685  f1m=0.9685  uplink_kB=120.9  t=1.71s
  round   3/50: acc=0.9702  f1m=0.9702  uplink_kB=120.9  t=1.67s
  round   4/50: acc=0.9722  f1m=0.9721  uplink_kB=120.9  t=1.78s
  round   5/50: acc=0.9724  f1m=0.9723  uplink_kB=120.9  t=1.63s
  round   6/50: acc=0.9732  f1m=0.9732  uplink_kB=120.9  t=1.62s
  round   7/50: acc=0.9734  f1m=0.9734  uplink_kB=120.9  t=1.82s
  round   8/50: acc=0.9733  f1m=0.9733  uplink_kB=120.9  t=1.69s
  round   9/50: acc=0.9748  f1m=0.9748  uplink_kB=120.9  t=1.73s
  round  10/50: acc=0.9732  f1m=0.9732  uplink_kB=120.9  t=1.74s
  round  11/50: acc=0.9716  f1m=0.9716  uplink_kB=120.9  t=1.75s
  round  12/50: acc=0.9744  f1m=0.9744  uplink_kB=120.9  t=1.92s
  round  13/50: acc=0.9747  f1m=0.9747  uplink_kB=120.9  t=1.74s
  round  14/50: acc=0.9750  f1m=0.9750  uplink_kB=120.9  t=1.71s
  round  15/50: acc=0.9748  f1m=0.9748  uplink_kB=120.9  t=1.80s
  round  16/50: acc=0.9963  f1m=0.9963  uplink_kB=120.9  t=1.67s
  round  17/50: acc=0.9962  f1m=0.9962  uplink_kB=120.9  t=1.71s
  round  18/50: acc=0.9752  f1m=0.9752  uplink_kB=120.9  t=1.67s
  round  19/50: acc=0.9751  f1m=0.9751  uplink_kB=120.9  t=1.68s
  round  20/50: acc=0.9753  f1m=0.9752  uplink_kB=120.9  t=1.65s
  round  21/50: acc=0.9739  f1m=0.9739  uplink_kB=120.9  t=1.75s
  round  22/50: acc=0.9753  f1m=0.9752  uplink_kB=120.9  t=1.65s
  round  23/50: acc=0.9749  f1m=0.9749  uplink_kB=120.9  t=1.69s
  round  24/50: acc=0.9968  f1m=0.9968  uplink_kB=120.9  t=1.69s
  round  25/50: acc=0.9748  f1m=0.9748  uplink_kB=120.9  t=1.62s
  round  26/50: acc=0.9751  f1m=0.9751  uplink_kB=120.9  t=1.70s
  round  27/50: acc=0.9968  f1m=0.9968  uplink_kB=120.9  t=1.67s
  round  28/50: acc=0.9966  f1m=0.9966  uplink_kB=120.9  t=1.67s
  round  29/50: acc=0.9959  f1m=0.9959  uplink_kB=120.9  t=1.67s
  round  30/50: acc=0.9750  f1m=0.9750  uplink_kB=120.9  t=1.72s
  round  31/50: acc=0.9967  f1m=0.9967  uplink_kB=120.9  t=1.67s
  round  32/50: acc=0.9760  f1m=0.9760  uplink_kB=120.9  t=1.59s
  round  33/50: acc=0.9967  f1m=0.9967  uplink_kB=120.9  t=1.73s
  round  34/50: acc=0.9750  f1m=0.9750  uplink_kB=120.9  t=1.73s
  round  35/50: acc=0.9968  f1m=0.9968  uplink_kB=120.9  t=1.65s
  round  36/50: acc=0.9967  f1m=0.9967  uplink_kB=120.9  t=1.71s
  round  37/50: acc=0.9968  f1m=0.9968  uplink_kB=120.9  t=1.74s
  round  38/50: acc=0.9966  f1m=0.9966  uplink_kB=120.9  t=1.66s
  round  39/50: acc=0.9967  f1m=0.9967  uplink_kB=120.9  t=1.62s
  round  40/50: acc=0.9970  f1m=0.9970  uplink_kB=120.9  t=1.67s
  round  41/50: acc=0.9971  f1m=0.9971  uplink_kB=120.9  t=1.67s
  round  42/50: acc=0.9972  f1m=0.9972  uplink_kB=120.9  t=1.71s
  round  43/50: acc=0.9971  f1m=0.9971  uplink_kB=120.9  t=1.71s
  round  44/50: acc=0.9756  f1m=0.9756  uplink_kB=120.9  t=1.61s
  round  45/50: acc=0.9974  f1m=0.9974  uplink_kB=120.9  t=1.70s
  round  46/50: acc=0.9970  f1m=0.9970  uplink_kB=120.9  t=1.63s
  round  47/50: acc=0.9975  f1m=0.9975  uplink_kB=120.9  t=1.68s
  round  48/50: acc=0.9973  f1m=0.9973  uplink_kB=120.9  t=1.71s
  round  49/50: acc=0.9965  f1m=0.9965  uplink_kB=120.9  t=1.68s
  round  50/50: acc=0.9971  f1m=0.9971  uplink_kB=120.9  t=1.84s
[run] DONE -> /Users/agentra/Documents/hao/working/paper-lab/hao-paper-2026/iotj-fedkan-ids/repo/results/sensitivity_botiot/sens_G3__dir0.1__seed42/metrics.json  final_acc=0.9971
