[run] device=cpu  seed=37  out=/Users/agentra/Documents/hao/working/paper-lab/hao-paper-2026/iotj-fedkan-ids/repo/results/lrsweep_cseciic_mc50k/lrsweep_mlp32_lr0p003__dir0.1__seed37
[run] model=mlp  params=1,775
  round   1/50: acc=0.3130  f1m=0.1051  uplink_kB=69.3  t=1.80s
  round   2/50: acc=0.3018  f1m=0.1031  uplink_kB=69.3  t=0.98s
  round   3/50: acc=0.3064  f1m=0.1042  uplink_kB=69.3  t=1.06s
  round   4/50: acc=0.3460  f1m=0.1441  uplink_kB=69.3  t=1.00s
  round   5/50: acc=0.3466  f1m=0.1441  uplink_kB=69.3  t=1.03s
  round   6/50: acc=0.3525  f1m=0.1490  uplink_kB=69.3  t=0.98s
  round   7/50: acc=0.5429  f1m=0.2673  uplink_kB=69.3  t=1.29s
  round   8/50: acc=0.5820  f1m=0.2849  uplink_kB=69.3  t=1.06s
  round   9/50: acc=0.5911  f1m=0.2885  uplink_kB=69.3  t=1.06s
  round  10/50: acc=0.5944  f1m=0.2897  uplink_kB=69.3  t=0.96s
  round  11/50: acc=0.5950  f1m=0.2896  uplink_kB=69.3  t=1.01s
  round  12/50: acc=0.5980  f1m=0.2924  uplink_kB=69.3  t=0.97s
  round  13/50: acc=0.5997  f1m=0.2933  uplink_kB=69.3  t=0.99s
  round  14/50: acc=0.5974  f1m=0.2928  uplink_kB=69.3  t=1.19s
  round  15/50: acc=0.6490  f1m=0.3511  uplink_kB=69.3  t=0.99s
  round  16/50: acc=0.6558  f1m=0.3547  uplink_kB=69.3  t=1.00s
  round  17/50: acc=0.6572  f1m=0.3555  uplink_kB=69.3  t=1.03s
  round  18/50: acc=0.6573  f1m=0.3556  uplink_kB=69.3  t=0.98s
  round  19/50: acc=0.6644  f1m=0.3603  uplink_kB=69.3  t=0.99s
  round  20/50: acc=0.6650  f1m=0.3605  uplink_kB=69.3  t=1.00s
  round  21/50: acc=0.6828  f1m=0.3717  uplink_kB=69.3  t=1.13s
  round  22/50: acc=0.6808  f1m=0.3707  uplink_kB=69.3  t=1.04s
  round  23/50: acc=0.6808  f1m=0.3706  uplink_kB=69.3  t=0.96s
  round  24/50: acc=0.6884  f1m=0.3747  uplink_kB=69.3  t=0.99s
  round  25/50: acc=0.6890  f1m=0.3750  uplink_kB=69.3  t=0.93s
  round  26/50: acc=0.6918  f1m=0.3785  uplink_kB=69.3  t=0.99s
  round  27/50: acc=0.6960  f1m=0.3811  uplink_kB=69.3  t=0.94s
  round  28/50: acc=0.6968  f1m=0.3815  uplink_kB=69.3  t=0.94s
  round  29/50: acc=0.7187  f1m=0.4040  uplink_kB=69.3  t=1.15s
  round  30/50: acc=0.7193  f1m=0.4044  uplink_kB=69.3  t=0.92s
  round  31/50: acc=0.7201  f1m=0.4049  uplink_kB=69.3  t=1.01s
  round  32/50: acc=0.7201  f1m=0.4050  uplink_kB=69.3  t=0.95s
  round  33/50: acc=0.7206  f1m=0.4052  uplink_kB=69.3  t=0.98s
  round  34/50: acc=0.7213  f1m=0.4059  uplink_kB=69.3  t=0.94s
  round  35/50: acc=0.7219  f1m=0.4064  uplink_kB=69.3  t=1.03s
  round  36/50: acc=0.7217  f1m=0.4062  uplink_kB=69.3  t=1.16s
  round  37/50: acc=0.7219  f1m=0.4063  uplink_kB=69.3  t=1.02s
  round  38/50: acc=0.7219  f1m=0.4064  uplink_kB=69.3  t=1.00s
  round  39/50: acc=0.7220  f1m=0.4064  uplink_kB=69.3  t=1.01s
  round  40/50: acc=0.7224  f1m=0.4067  uplink_kB=69.3  t=0.94s
  round  41/50: acc=0.7228  f1m=0.4071  uplink_kB=69.3  t=0.96s
  round  42/50: acc=0.7233  f1m=0.4076  uplink_kB=69.3  t=0.94s
  round  43/50: acc=0.7229  f1m=0.4073  uplink_kB=69.3  t=0.97s
  round  44/50: acc=0.7227  f1m=0.4072  uplink_kB=69.3  t=1.17s
  round  45/50: acc=0.7227  f1m=0.4071  uplink_kB=69.3  t=1.02s
  round  46/50: acc=0.7227  f1m=0.4071  uplink_kB=69.3  t=1.01s
  round  47/50: acc=0.7231  f1m=0.4074  uplink_kB=69.3  t=0.95s
  round  48/50: acc=0.7260  f1m=0.4095  uplink_kB=69.3  t=0.97s
  round  49/50: acc=0.7263  f1m=0.4096  uplink_kB=69.3  t=0.93s
  round  50/50: acc=0.7256  f1m=0.4091  uplink_kB=69.3  t=0.99s
[run] DONE -> /Users/agentra/Documents/hao/working/paper-lab/hao-paper-2026/iotj-fedkan-ids/repo/results/lrsweep_cseciic_mc50k/lrsweep_mlp32_lr0p003__dir0.1__seed37/metrics.json  final_acc=0.7256
