[run] device=cpu  seed=23  out=/Users/agentra/Documents/hao/working/paper-lab/hao-paper-2026/iotj-fedkan-ids/repo/results/lrsweep_botiot/lrsweep_mlp32_lr0p003__dir0.1__seed23
[run] model=mlp  params=1,346
  round   1/50: acc=0.5003  f1m=0.3360  uplink_kB=52.6  t=1.35s
  round   2/50: acc=0.5456  f1m=0.4329  uplink_kB=52.6  t=0.69s
  round   3/50: acc=0.6453  f1m=0.6022  uplink_kB=52.6  t=0.68s
  round   4/50: acc=0.8239  f1m=0.8201  uplink_kB=52.6  t=0.70s
  round   5/50: acc=0.8858  f1m=0.8852  uplink_kB=52.6  t=0.61s
  round   6/50: acc=0.9139  f1m=0.9137  uplink_kB=52.6  t=0.66s
  round   7/50: acc=0.9237  f1m=0.9236  uplink_kB=52.6  t=0.66s
  round   8/50: acc=0.9294  f1m=0.9294  uplink_kB=52.6  t=0.65s
  round   9/50: acc=0.9313  f1m=0.9312  uplink_kB=52.6  t=0.66s
  round  10/50: acc=0.9351  f1m=0.9351  uplink_kB=52.6  t=0.66s
  round  11/50: acc=0.9367  f1m=0.9366  uplink_kB=52.6  t=0.69s
  round  12/50: acc=0.9368  f1m=0.9368  uplink_kB=52.6  t=0.61s
  round  13/50: acc=0.9401  f1m=0.9400  uplink_kB=52.6  t=0.63s
  round  14/50: acc=0.9416  f1m=0.9416  uplink_kB=52.6  t=0.66s
  round  15/50: acc=0.9419  f1m=0.9418  uplink_kB=52.6  t=0.64s
  round  16/50: acc=0.9408  f1m=0.9407  uplink_kB=52.6  t=0.65s
  round  17/50: acc=0.9406  f1m=0.9406  uplink_kB=52.6  t=0.65s
  round  18/50: acc=0.9395  f1m=0.9395  uplink_kB=52.6  t=0.63s
  round  19/50: acc=0.9425  f1m=0.9424  uplink_kB=52.6  t=0.69s
  round  20/50: acc=0.9435  f1m=0.9434  uplink_kB=52.6  t=0.65s
  round  21/50: acc=0.9432  f1m=0.9432  uplink_kB=52.6  t=0.63s
  round  22/50: acc=0.9415  f1m=0.9414  uplink_kB=52.6  t=0.63s
  round  23/50: acc=0.9380  f1m=0.9379  uplink_kB=52.6  t=0.63s
  round  24/50: acc=0.9425  f1m=0.9425  uplink_kB=52.6  t=0.65s
  round  25/50: acc=0.9414  f1m=0.9413  uplink_kB=52.6  t=0.65s
  round  26/50: acc=0.9412  f1m=0.9410  uplink_kB=52.6  t=0.66s
  round  27/50: acc=0.9438  f1m=0.9437  uplink_kB=52.6  t=0.68s
  round  28/50: acc=0.9443  f1m=0.9442  uplink_kB=52.6  t=0.67s
  round  29/50: acc=0.9459  f1m=0.9458  uplink_kB=52.6  t=0.66s
  round  30/50: acc=0.9464  f1m=0.9463  uplink_kB=52.6  t=0.62s
  round  31/50: acc=0.9467  f1m=0.9466  uplink_kB=52.6  t=0.69s
  round  32/50: acc=0.9463  f1m=0.9462  uplink_kB=52.6  t=0.68s
  round  33/50: acc=0.9470  f1m=0.9469  uplink_kB=52.6  t=0.68s
  round  34/50: acc=0.9497  f1m=0.9496  uplink_kB=52.6  t=0.64s
  round  35/50: acc=0.9530  f1m=0.9529  uplink_kB=52.6  t=0.69s
  round  36/50: acc=0.9524  f1m=0.9523  uplink_kB=52.6  t=0.68s
  round  37/50: acc=0.9528  f1m=0.9527  uplink_kB=52.6  t=0.59s
  round  38/50: acc=0.9551  f1m=0.9550  uplink_kB=52.6  t=0.65s
  round  39/50: acc=0.9562  f1m=0.9561  uplink_kB=52.6  t=0.64s
  round  40/50: acc=0.9574  f1m=0.9573  uplink_kB=52.6  t=0.68s
  round  41/50: acc=0.9607  f1m=0.9606  uplink_kB=52.6  t=0.63s
  round  42/50: acc=0.9653  f1m=0.9652  uplink_kB=52.6  t=0.63s
  round  43/50: acc=0.9653  f1m=0.9653  uplink_kB=52.6  t=0.62s
  round  44/50: acc=0.9654  f1m=0.9654  uplink_kB=52.6  t=0.69s
  round  45/50: acc=0.9659  f1m=0.9659  uplink_kB=52.6  t=0.69s
  round  46/50: acc=0.9670  f1m=0.9670  uplink_kB=52.6  t=0.69s
  round  47/50: acc=0.9678  f1m=0.9678  uplink_kB=52.6  t=0.63s
  round  48/50: acc=0.9668  f1m=0.9668  uplink_kB=52.6  t=0.65s
  round  49/50: acc=0.9683  f1m=0.9682  uplink_kB=52.6  t=0.70s
  round  50/50: acc=0.9686  f1m=0.9686  uplink_kB=52.6  t=0.64s
[run] DONE -> /Users/agentra/Documents/hao/working/paper-lab/hao-paper-2026/iotj-fedkan-ids/repo/results/lrsweep_botiot/lrsweep_mlp32_lr0p003__dir0.1__seed23/metrics.json  final_acc=0.9686
