[run] device=cpu  seed=42  out=/Users/agentra/Documents/hao/working/paper-lab/hao-paper-2026/iotj-fedkan-ids/repo/results/lrsweep_cseciic_mc50k/lrsweep_mlp32_lr0p0003__dir0.1__seed42
[run] model=mlp  params=1,775
  round   1/50: acc=0.1390  f1m=0.0348  uplink_kB=69.3  t=1.81s
  round   2/50: acc=0.1285  f1m=0.0240  uplink_kB=69.3  t=1.01s
  round   3/50: acc=0.1304  f1m=0.0253  uplink_kB=69.3  t=1.04s
  round   4/50: acc=0.1916  f1m=0.0583  uplink_kB=69.3  t=0.98s
  round   5/50: acc=0.1942  f1m=0.0591  uplink_kB=69.3  t=1.06s
  round   6/50: acc=0.1942  f1m=0.0591  uplink_kB=69.3  t=0.98s
  round   7/50: acc=0.1956  f1m=0.0596  uplink_kB=69.3  t=1.07s
  round   8/50: acc=0.1966  f1m=0.0601  uplink_kB=69.3  t=0.97s
  round   9/50: acc=0.2063  f1m=0.0672  uplink_kB=69.3  t=1.05s
  round  10/50: acc=0.2169  f1m=0.0742  uplink_kB=69.3  t=0.97s
  round  11/50: acc=0.2209  f1m=0.0763  uplink_kB=69.3  t=1.04s
  round  12/50: acc=0.2356  f1m=0.0820  uplink_kB=69.3  t=0.98s
  round  13/50: acc=0.2484  f1m=0.0824  uplink_kB=69.3  t=1.01s
  round  14/50: acc=0.2553  f1m=0.0862  uplink_kB=69.3  t=0.96s
  round  15/50: acc=0.2769  f1m=0.1040  uplink_kB=69.3  t=1.00s
  round  16/50: acc=0.3194  f1m=0.1324  uplink_kB=69.3  t=1.01s
  round  17/50: acc=0.3583  f1m=0.1555  uplink_kB=69.3  t=1.02s
  round  18/50: acc=0.3820  f1m=0.1661  uplink_kB=69.3  t=0.97s
  round  19/50: acc=0.3876  f1m=0.1705  uplink_kB=69.3  t=1.03s
  round  20/50: acc=0.4312  f1m=0.2224  uplink_kB=69.3  t=0.97s
  round  21/50: acc=0.4333  f1m=0.2239  uplink_kB=69.3  t=1.06s
  round  22/50: acc=0.4335  f1m=0.2240  uplink_kB=69.3  t=0.96s
  round  23/50: acc=0.4351  f1m=0.2241  uplink_kB=69.3  t=1.03s
  round  24/50: acc=0.4355  f1m=0.2240  uplink_kB=69.3  t=0.97s
  round  25/50: acc=0.4317  f1m=0.2200  uplink_kB=69.3  t=1.04s
  round  26/50: acc=0.4310  f1m=0.2187  uplink_kB=69.3  t=0.99s
  round  27/50: acc=0.4389  f1m=0.2225  uplink_kB=69.3  t=1.01s
  round  28/50: acc=0.4401  f1m=0.2213  uplink_kB=69.3  t=0.98s
  round  29/50: acc=0.4430  f1m=0.2220  uplink_kB=69.3  t=1.05s
  round  30/50: acc=0.4445  f1m=0.2227  uplink_kB=69.3  t=0.98s
  round  31/50: acc=0.4532  f1m=0.2265  uplink_kB=69.3  t=1.03s
  round  32/50: acc=0.4538  f1m=0.2267  uplink_kB=69.3  t=0.97s
  round  33/50: acc=0.4541  f1m=0.2271  uplink_kB=69.3  t=1.04s
  round  34/50: acc=0.4581  f1m=0.2266  uplink_kB=69.3  t=0.99s
  round  35/50: acc=0.4680  f1m=0.2302  uplink_kB=69.3  t=1.03s
  round  36/50: acc=0.4874  f1m=0.2417  uplink_kB=69.3  t=1.01s
  round  37/50: acc=0.5272  f1m=0.2922  uplink_kB=69.3  t=1.05s
  round  38/50: acc=0.5328  f1m=0.2958  uplink_kB=69.3  t=1.00s
  round  39/50: acc=0.5366  f1m=0.2969  uplink_kB=69.3  t=0.97s
  round  40/50: acc=0.5500  f1m=0.3050  uplink_kB=69.3  t=1.05s
  round  41/50: acc=0.5518  f1m=0.3064  uplink_kB=69.3  t=0.99s
  round  42/50: acc=0.5556  f1m=0.3078  uplink_kB=69.3  t=1.02s
  round  43/50: acc=0.5570  f1m=0.3086  uplink_kB=69.3  t=0.97s
  round  44/50: acc=0.5582  f1m=0.3091  uplink_kB=69.3  t=1.05s
  round  45/50: acc=0.5607  f1m=0.3102  uplink_kB=69.3  t=1.01s
  round  46/50: acc=0.5574  f1m=0.3087  uplink_kB=69.3  t=1.06s
  round  47/50: acc=0.5586  f1m=0.3085  uplink_kB=69.3  t=0.99s
  round  48/50: acc=0.5595  f1m=0.3098  uplink_kB=69.3  t=1.01s
  round  49/50: acc=0.5600  f1m=0.3106  uplink_kB=69.3  t=0.96s
  round  50/50: acc=0.5613  f1m=0.3129  uplink_kB=69.3  t=1.03s
[run] DONE -> /Users/agentra/Documents/hao/working/paper-lab/hao-paper-2026/iotj-fedkan-ids/repo/results/lrsweep_cseciic_mc50k/lrsweep_mlp32_lr0p0003__dir0.1__seed42/metrics.json  final_acc=0.5613
