[run] device=cpu  seed=37  out=/Users/agentra/Documents/hao/working/paper-lab/hao-paper-2026/iotj-fedkan-ids/repo/results/lrsweep_botiot/lrsweep_kan16_lr0p1__dir0.1__seed37
[run] model=kan  params=6,560
  round   1/50: acc=0.7110  f1m=0.6844  uplink_kB=282.0  t=2.51s
  round   2/50: acc=0.9004  f1m=0.8995  uplink_kB=282.0  t=1.98s
  round   3/50: acc=0.9150  f1m=0.9144  uplink_kB=282.0  t=1.84s
  round   4/50: acc=0.7260  f1m=0.7035  uplink_kB=282.0  t=1.87s
  round   5/50: acc=0.9071  f1m=0.9063  uplink_kB=282.0  t=1.88s
  round   6/50: acc=0.9702  f1m=0.9702  uplink_kB=282.0  t=1.85s
  round   7/50: acc=0.8710  f1m=0.8688  uplink_kB=282.0  t=1.86s
  round   8/50: acc=0.9401  f1m=0.9401  uplink_kB=282.0  t=1.86s
  round   9/50: acc=0.9038  f1m=0.9029  uplink_kB=282.0  t=1.90s
  round  10/50: acc=0.9703  f1m=0.9703  uplink_kB=282.0  t=1.91s
  round  11/50: acc=0.9646  f1m=0.9646  uplink_kB=282.0  t=1.86s
  round  12/50: acc=0.9725  f1m=0.9725  uplink_kB=282.0  t=1.83s
  round  13/50: acc=0.9709  f1m=0.9709  uplink_kB=282.0  t=1.93s
  round  14/50: acc=0.9130  f1m=0.9129  uplink_kB=282.0  t=1.84s
  round  15/50: acc=0.9146  f1m=0.9140  uplink_kB=282.0  t=1.87s
  round  16/50: acc=0.9177  f1m=0.9172  uplink_kB=282.0  t=1.88s
  round  17/50: acc=0.9644  f1m=0.9644  uplink_kB=282.0  t=1.85s
  round  18/50: acc=0.9632  f1m=0.9631  uplink_kB=282.0  t=1.84s
  round  19/50: acc=0.9654  f1m=0.9654  uplink_kB=282.0  t=1.88s
  round  20/50: acc=0.9626  f1m=0.9625  uplink_kB=282.0  t=1.79s
  round  21/50: acc=0.9654  f1m=0.9654  uplink_kB=282.0  t=1.89s
  round  22/50: acc=0.9657  f1m=0.9656  uplink_kB=282.0  t=1.87s
  round  23/50: acc=0.9661  f1m=0.9661  uplink_kB=282.0  t=1.93s
  round  24/50: acc=0.9630  f1m=0.9630  uplink_kB=282.0  t=1.89s
  round  25/50: acc=0.9173  f1m=0.9167  uplink_kB=282.0  t=1.92s
  round  26/50: acc=0.9658  f1m=0.9658  uplink_kB=282.0  t=1.91s
  round  27/50: acc=0.9666  f1m=0.9666  uplink_kB=282.0  t=2.01s
  round  28/50: acc=0.9656  f1m=0.9656  uplink_kB=282.0  t=1.85s
  round  29/50: acc=0.9640  f1m=0.9640  uplink_kB=282.0  t=1.86s
  round  30/50: acc=0.9182  f1m=0.9177  uplink_kB=282.0  t=1.98s
  round  31/50: acc=0.9534  f1m=0.9534  uplink_kB=282.0  t=1.94s
  round  32/50: acc=0.9666  f1m=0.9666  uplink_kB=282.0  t=1.89s
  round  33/50: acc=0.9174  f1m=0.9169  uplink_kB=282.0  t=1.90s
  round  34/50: acc=0.9639  f1m=0.9639  uplink_kB=282.0  t=1.86s
  round  35/50: acc=0.9637  f1m=0.9637  uplink_kB=282.0  t=1.95s
  round  36/50: acc=0.9653  f1m=0.9653  uplink_kB=282.0  t=1.91s
  round  37/50: acc=0.9661  f1m=0.9661  uplink_kB=282.0  t=1.87s
  round  38/50: acc=0.9656  f1m=0.9656  uplink_kB=282.0  t=1.96s
  round  39/50: acc=0.9545  f1m=0.9545  uplink_kB=282.0  t=1.90s
  round  40/50: acc=0.9661  f1m=0.9661  uplink_kB=282.0  t=1.91s
  round  41/50: acc=0.9726  f1m=0.9726  uplink_kB=282.0  t=1.85s
  round  42/50: acc=0.9733  f1m=0.9733  uplink_kB=282.0  t=1.88s
  round  43/50: acc=0.9732  f1m=0.9732  uplink_kB=282.0  t=2.00s
  round  44/50: acc=0.9730  f1m=0.9730  uplink_kB=282.0  t=1.88s
  round  45/50: acc=0.9687  f1m=0.9687  uplink_kB=282.0  t=1.88s
  round  46/50: acc=0.9940  f1m=0.9940  uplink_kB=282.0  t=1.95s
  round  47/50: acc=0.9931  f1m=0.9931  uplink_kB=282.0  t=2.01s
  round  48/50: acc=0.9900  f1m=0.9900  uplink_kB=282.0  t=1.91s
  round  49/50: acc=0.9728  f1m=0.9728  uplink_kB=282.0  t=1.95s
  round  50/50: acc=0.9729  f1m=0.9729  uplink_kB=282.0  t=1.92s
[run] DONE -> /Users/agentra/Documents/hao/working/paper-lab/hao-paper-2026/iotj-fedkan-ids/repo/results/lrsweep_botiot/lrsweep_kan16_lr0p1__dir0.1__seed37/metrics.json  final_acc=0.9729
