[run] device=cpu  seed=37  out=/Users/agentra/Documents/hao/working/paper-lab/hao-paper-2026/iotj-fedkan-ids/repo/results/mc_toniot/mc_kan16_lr0p01__dir0.1__seed37
[run] model=kan  params=7,840
  round   1/50: acc=0.2862  f1m=0.1559  uplink_kB=332.0  t=3.91s
  round   2/50: acc=0.4548  f1m=0.2812  uplink_kB=332.0  t=3.28s
  round   3/50: acc=0.5035  f1m=0.3832  uplink_kB=332.0  t=3.24s
  round   4/50: acc=0.5705  f1m=0.4399  uplink_kB=332.0  t=3.33s
  round   5/50: acc=0.5686  f1m=0.4358  uplink_kB=332.0  t=3.23s
  round   6/50: acc=0.5759  f1m=0.5052  uplink_kB=332.0  t=3.52s
  round   7/50: acc=0.5709  f1m=0.4965  uplink_kB=332.0  t=4.90s
  round   8/50: acc=0.5981  f1m=0.5288  uplink_kB=332.0  t=3.55s
  round   9/50: acc=0.5920  f1m=0.5181  uplink_kB=332.0  t=11.59s
  round  10/50: acc=0.6130  f1m=0.5453  uplink_kB=332.0  t=15.31s
  round  11/50: acc=0.6055  f1m=0.5380  uplink_kB=332.0  t=13.62s
  round  12/50: acc=0.6580  f1m=0.6004  uplink_kB=332.0  t=3.24s
  round  13/50: acc=0.6323  f1m=0.5713  uplink_kB=332.0  t=3.58s
  round  14/50: acc=0.6499  f1m=0.5958  uplink_kB=332.0  t=3.27s
  round  15/50: acc=0.6610  f1m=0.6024  uplink_kB=332.0  t=3.33s
  round  16/50: acc=0.6494  f1m=0.5941  uplink_kB=332.0  t=3.38s
  round  17/50: acc=0.6626  f1m=0.6115  uplink_kB=332.0  t=3.28s
  round  18/50: acc=0.6806  f1m=0.6328  uplink_kB=332.0  t=3.34s
  round  19/50: acc=0.6692  f1m=0.6263  uplink_kB=332.0  t=3.29s
  round  20/50: acc=0.6843  f1m=0.6410  uplink_kB=332.0  t=3.28s
  round  21/50: acc=0.7954  f1m=0.7479  uplink_kB=332.0  t=3.45s
  round  22/50: acc=0.8126  f1m=0.7638  uplink_kB=332.0  t=3.39s
  round  23/50: acc=0.8087  f1m=0.7619  uplink_kB=332.0  t=3.68s
  round  24/50: acc=0.8065  f1m=0.7532  uplink_kB=332.0  t=3.45s
  round  25/50: acc=0.8202  f1m=0.7630  uplink_kB=332.0  t=3.41s
  round  26/50: acc=0.8107  f1m=0.7612  uplink_kB=332.0  t=3.68s
  round  27/50: acc=0.8142  f1m=0.7740  uplink_kB=332.0  t=3.44s
  round  28/50: acc=0.8184  f1m=0.7785  uplink_kB=332.0  t=3.23s
  round  29/50: acc=0.8244  f1m=0.7837  uplink_kB=332.0  t=3.43s
  round  30/50: acc=0.8115  f1m=0.7737  uplink_kB=332.0  t=3.32s
  round  31/50: acc=0.8137  f1m=0.7782  uplink_kB=332.0  t=3.42s
  round  32/50: acc=0.8200  f1m=0.7804  uplink_kB=332.0  t=3.62s
  round  33/50: acc=0.8132  f1m=0.7810  uplink_kB=332.0  t=3.39s
  round  34/50: acc=0.8001  f1m=0.7633  uplink_kB=332.0  t=3.42s
  round  35/50: acc=0.8286  f1m=0.7918  uplink_kB=332.0  t=3.39s
  round  36/50: acc=0.8183  f1m=0.7822  uplink_kB=332.0  t=3.32s
  round  37/50: acc=0.8124  f1m=0.7792  uplink_kB=332.0  t=3.26s
  round  38/50: acc=0.8146  f1m=0.7830  uplink_kB=332.0  t=3.41s
  round  39/50: acc=0.8045  f1m=0.7767  uplink_kB=332.0  t=3.51s
  round  40/50: acc=0.8032  f1m=0.7718  uplink_kB=332.0  t=3.34s
  round  41/50: acc=0.8265  f1m=0.7956  uplink_kB=332.0  t=3.34s
  round  42/50: acc=0.8273  f1m=0.7931  uplink_kB=332.0  t=3.34s
  round  43/50: acc=0.8206  f1m=0.7903  uplink_kB=332.0  t=3.26s
  round  44/50: acc=0.8258  f1m=0.7963  uplink_kB=332.0  t=3.30s
  round  45/50: acc=0.8140  f1m=0.7869  uplink_kB=332.0  t=3.42s
  round  46/50: acc=0.8407  f1m=0.8111  uplink_kB=332.0  t=3.40s
  round  47/50: acc=0.8175  f1m=0.7911  uplink_kB=332.0  t=3.26s
  round  48/50: acc=0.8290  f1m=0.8024  uplink_kB=332.0  t=3.35s
  round  49/50: acc=0.8417  f1m=0.8065  uplink_kB=332.0  t=3.42s
  round  50/50: acc=0.8444  f1m=0.8107  uplink_kB=332.0  t=3.28s
[run] DONE -> /Users/agentra/Documents/hao/working/paper-lab/hao-paper-2026/iotj-fedkan-ids/repo/results/mc_toniot/mc_kan16_lr0p01__dir0.1__seed37/metrics.json  final_acc=0.8444
