[run] device=cpu  seed=29  out=/Users/agentra/Documents/hao/working/paper-lab/hao-paper-2026/iotj-fedkan-ids/repo/results/lrsweep_cseciic_mc50k/lrsweep_mlp80_lr0p1__dir0.1__seed29
[run] model=mlp  params=4,415
  round   1/50: acc=0.1983  f1m=0.0696  uplink_kB=172.5  t=2.12s
  round   2/50: acc=0.3651  f1m=0.1556  uplink_kB=172.5  t=1.22s
  round   3/50: acc=0.3471  f1m=0.1637  uplink_kB=172.5  t=1.25s
  round   4/50: acc=0.4908  f1m=0.2375  uplink_kB=172.5  t=1.25s
  round   5/50: acc=0.5120  f1m=0.2551  uplink_kB=172.5  t=1.30s
  round   6/50: acc=0.5921  f1m=0.2926  uplink_kB=172.5  t=1.29s
  round   7/50: acc=0.4777  f1m=0.2414  uplink_kB=172.5  t=1.25s
  round   8/50: acc=0.6326  f1m=0.3561  uplink_kB=172.5  t=1.32s
  round   9/50: acc=0.6182  f1m=0.4359  uplink_kB=172.5  t=1.34s
  round  10/50: acc=0.6756  f1m=0.4289  uplink_kB=172.5  t=1.44s
  round  11/50: acc=0.6555  f1m=0.4096  uplink_kB=172.5  t=1.30s
  round  12/50: acc=0.7563  f1m=0.5091  uplink_kB=172.5  t=1.23s
  round  13/50: acc=0.6785  f1m=0.4344  uplink_kB=172.5  t=1.19s
  round  14/50: acc=0.7224  f1m=0.4911  uplink_kB=172.5  t=1.21s
  round  15/50: acc=0.7787  f1m=0.5492  uplink_kB=172.5  t=1.08s
  round  16/50: acc=0.7879  f1m=0.5672  uplink_kB=172.5  t=1.15s
  round  17/50: acc=0.8009  f1m=0.5795  uplink_kB=172.5  t=1.13s
  round  18/50: acc=0.7290  f1m=0.4799  uplink_kB=172.5  t=1.13s
  round  19/50: acc=0.8326  f1m=0.6108  uplink_kB=172.5  t=1.13s
  round  20/50: acc=0.8113  f1m=0.6130  uplink_kB=172.5  t=1.15s
  round  21/50: acc=0.7773  f1m=0.5376  uplink_kB=172.5  t=1.08s
  round  22/50: acc=0.7593  f1m=0.5091  uplink_kB=172.5  t=1.18s
  round  23/50: acc=0.7718  f1m=0.5652  uplink_kB=172.5  t=1.17s
  round  24/50: acc=0.7984  f1m=0.5982  uplink_kB=172.5  t=1.17s
  round  25/50: acc=0.8183  f1m=0.5955  uplink_kB=172.5  t=1.04s
  round  26/50: acc=0.7944  f1m=0.5731  uplink_kB=172.5  t=1.04s
  round  27/50: acc=0.8200  f1m=0.6096  uplink_kB=172.5  t=0.80s
  round  28/50: acc=0.8185  f1m=0.6109  uplink_kB=172.5  t=1.24s
  round  29/50: acc=0.8155  f1m=0.6150  uplink_kB=172.5  t=1.18s
  round  30/50: acc=0.7931  f1m=0.5498  uplink_kB=172.5  t=1.15s
  round  31/50: acc=0.8144  f1m=0.5957  uplink_kB=172.5  t=1.10s
  round  32/50: acc=0.8217  f1m=0.6251  uplink_kB=172.5  t=1.19s
  round  33/50: acc=0.8156  f1m=0.6144  uplink_kB=172.5  t=1.04s
  round  34/50: acc=0.8152  f1m=0.6163  uplink_kB=172.5  t=1.11s
  round  35/50: acc=0.7802  f1m=0.5506  uplink_kB=172.5  t=1.06s
  round  36/50: acc=0.8101  f1m=0.5902  uplink_kB=172.5  t=1.14s
  round  37/50: acc=0.8161  f1m=0.6224  uplink_kB=172.5  t=1.06s
  round  38/50: acc=0.8246  f1m=0.6227  uplink_kB=172.5  t=1.15s
  round  39/50: acc=0.8218  f1m=0.5705  uplink_kB=172.5  t=1.03s
  round  40/50: acc=0.8449  f1m=0.6394  uplink_kB=172.5  t=1.11s
  round  41/50: acc=0.7875  f1m=0.5141  uplink_kB=172.5  t=1.11s
  round  42/50: acc=0.8458  f1m=0.6451  uplink_kB=172.5  t=1.22s
  round  43/50: acc=0.8216  f1m=0.5664  uplink_kB=172.5  t=1.11s
  round  44/50: acc=0.8377  f1m=0.6226  uplink_kB=172.5  t=1.15s
  round  45/50: acc=0.8282  f1m=0.6056  uplink_kB=172.5  t=1.11s
  round  46/50: acc=0.7903  f1m=0.5649  uplink_kB=172.5  t=1.15s
  round  47/50: acc=0.8245  f1m=0.5790  uplink_kB=172.5  t=1.06s
  round  48/50: acc=0.8176  f1m=0.5631  uplink_kB=172.5  t=1.35s
  round  49/50: acc=0.8147  f1m=0.5912  uplink_kB=172.5  t=1.36s
  round  50/50: acc=0.8596  f1m=0.6519  uplink_kB=172.5  t=1.17s
[run] DONE -> /Users/agentra/Documents/hao/working/paper-lab/hao-paper-2026/iotj-fedkan-ids/repo/results/lrsweep_cseciic_mc50k/lrsweep_mlp80_lr0p1__dir0.1__seed29/metrics.json  final_acc=0.8596
