[run] device=cpu  seed=31  out=/Users/agentra/Documents/hao/working/paper-lab/hao-paper-2026/iotj-fedkan-ids/repo/results/lrsweep_botiot/lrsweep_kan8_lr0p003__dir0.1__seed31
[run] model=kan  params=3,280
  round   1/50: acc=0.5110  f1m=0.3573  uplink_kB=150.2  t=2.23s
  round   2/50: acc=0.9197  f1m=0.9196  uplink_kB=150.2  t=1.70s
  round   3/50: acc=0.9278  f1m=0.9278  uplink_kB=150.2  t=1.62s
  round   4/50: acc=0.9323  f1m=0.9323  uplink_kB=150.2  t=1.64s
  round   5/50: acc=0.9287  f1m=0.9287  uplink_kB=150.2  t=1.63s
  round   6/50: acc=0.9295  f1m=0.9295  uplink_kB=150.2  t=1.62s
  round   7/50: acc=0.9297  f1m=0.9296  uplink_kB=150.2  t=1.64s
  round   8/50: acc=0.9293  f1m=0.9293  uplink_kB=150.2  t=1.61s
  round   9/50: acc=0.9296  f1m=0.9296  uplink_kB=150.2  t=1.63s
  round  10/50: acc=0.9274  f1m=0.9273  uplink_kB=150.2  t=1.61s
  round  11/50: acc=0.9341  f1m=0.9341  uplink_kB=150.2  t=1.67s
  round  12/50: acc=0.9379  f1m=0.9379  uplink_kB=150.2  t=1.61s
  round  13/50: acc=0.9393  f1m=0.9393  uplink_kB=150.2  t=1.61s
  round  14/50: acc=0.9404  f1m=0.9404  uplink_kB=150.2  t=1.61s
  round  15/50: acc=0.9440  f1m=0.9440  uplink_kB=150.2  t=1.63s
  round  16/50: acc=0.9481  f1m=0.9481  uplink_kB=150.2  t=1.63s
  round  17/50: acc=0.9478  f1m=0.9478  uplink_kB=150.2  t=1.61s
  round  18/50: acc=0.9568  f1m=0.9568  uplink_kB=150.2  t=1.56s
  round  19/50: acc=0.9566  f1m=0.9566  uplink_kB=150.2  t=1.64s
  round  20/50: acc=0.9568  f1m=0.9568  uplink_kB=150.2  t=1.60s
  round  21/50: acc=0.9566  f1m=0.9566  uplink_kB=150.2  t=1.63s
  round  22/50: acc=0.9567  f1m=0.9567  uplink_kB=150.2  t=1.61s
  round  23/50: acc=0.9566  f1m=0.9566  uplink_kB=150.2  t=1.60s
  round  24/50: acc=0.9584  f1m=0.9583  uplink_kB=150.2  t=1.59s
  round  25/50: acc=0.9566  f1m=0.9566  uplink_kB=150.2  t=1.61s
  round  26/50: acc=0.9590  f1m=0.9590  uplink_kB=150.2  t=1.66s
  round  27/50: acc=0.9670  f1m=0.9670  uplink_kB=150.2  t=1.64s
  round  28/50: acc=0.9586  f1m=0.9586  uplink_kB=150.2  t=1.64s
  round  29/50: acc=0.9586  f1m=0.9586  uplink_kB=150.2  t=1.63s
  round  30/50: acc=0.9667  f1m=0.9667  uplink_kB=150.2  t=1.59s
  round  31/50: acc=0.9658  f1m=0.9658  uplink_kB=150.2  t=1.57s
  round  32/50: acc=0.9674  f1m=0.9674  uplink_kB=150.2  t=1.59s
  round  33/50: acc=0.9661  f1m=0.9661  uplink_kB=150.2  t=1.59s
  round  34/50: acc=0.9674  f1m=0.9674  uplink_kB=150.2  t=1.62s
  round  35/50: acc=0.9672  f1m=0.9672  uplink_kB=150.2  t=1.63s
  round  36/50: acc=0.9673  f1m=0.9673  uplink_kB=150.2  t=1.53s
  round  37/50: acc=0.9674  f1m=0.9674  uplink_kB=150.2  t=1.66s
  round  38/50: acc=0.9670  f1m=0.9670  uplink_kB=150.2  t=1.59s
  round  39/50: acc=0.9674  f1m=0.9674  uplink_kB=150.2  t=1.59s
  round  40/50: acc=0.9672  f1m=0.9672  uplink_kB=150.2  t=1.65s
  round  41/50: acc=0.9668  f1m=0.9668  uplink_kB=150.2  t=1.60s
  round  42/50: acc=0.9684  f1m=0.9684  uplink_kB=150.2  t=1.65s
  round  43/50: acc=0.9672  f1m=0.9672  uplink_kB=150.2  t=1.64s
  round  44/50: acc=0.9578  f1m=0.9578  uplink_kB=150.2  t=1.62s
  round  45/50: acc=0.9689  f1m=0.9688  uplink_kB=150.2  t=1.62s
  round  46/50: acc=0.9685  f1m=0.9684  uplink_kB=150.2  t=1.63s
  round  47/50: acc=0.9681  f1m=0.9681  uplink_kB=150.2  t=1.62s
  round  48/50: acc=0.9685  f1m=0.9685  uplink_kB=150.2  t=1.59s
  round  49/50: acc=0.9675  f1m=0.9675  uplink_kB=150.2  t=1.61s
  round  50/50: acc=0.9691  f1m=0.9691  uplink_kB=150.2  t=1.62s
[run] DONE -> /Users/agentra/Documents/hao/working/paper-lab/hao-paper-2026/iotj-fedkan-ids/repo/results/lrsweep_botiot/lrsweep_kan8_lr0p003__dir0.1__seed31/metrics.json  final_acc=0.9691
