[run] device=cpu  seed=2024  out=/Users/agentra/Documents/hao/working/paper-lab/hao-paper-2026/iotj-fedkan-ids/repo/results/lrsweep_botiot/lrsweep_mlp80_lr0p03__dir0.1__seed2024
[run] model=mlp  params=3,362
  round   1/50: acc=0.6920  f1m=0.6595  uplink_kB=131.3  t=1.30s
  round   2/50: acc=0.6654  f1m=0.6227  uplink_kB=131.3  t=0.66s
  round   3/50: acc=0.6758  f1m=0.6372  uplink_kB=131.3  t=0.67s
  round   4/50: acc=0.6839  f1m=0.6483  uplink_kB=131.3  t=0.66s
  round   5/50: acc=0.6954  f1m=0.6639  uplink_kB=131.3  t=0.62s
  round   6/50: acc=0.7075  f1m=0.6799  uplink_kB=131.3  t=0.68s
  round   7/50: acc=0.7166  f1m=0.6916  uplink_kB=131.3  t=0.69s
  round   8/50: acc=0.7274  f1m=0.7053  uplink_kB=131.3  t=0.66s
  round   9/50: acc=0.7368  f1m=0.7170  uplink_kB=131.3  t=0.68s
  round  10/50: acc=0.7374  f1m=0.7177  uplink_kB=131.3  t=0.69s
  round  11/50: acc=0.8046  f1m=0.7967  uplink_kB=131.3  t=0.61s
  round  12/50: acc=0.8074  f1m=0.7999  uplink_kB=131.3  t=0.65s
  round  13/50: acc=0.8057  f1m=0.7980  uplink_kB=131.3  t=0.65s
  round  14/50: acc=0.8164  f1m=0.8099  uplink_kB=131.3  t=0.67s
  round  15/50: acc=0.8171  f1m=0.8107  uplink_kB=131.3  t=0.68s
  round  16/50: acc=0.8185  f1m=0.8122  uplink_kB=131.3  t=0.65s
  round  17/50: acc=0.8217  f1m=0.8157  uplink_kB=131.3  t=0.61s
  round  18/50: acc=0.8191  f1m=0.8129  uplink_kB=131.3  t=0.63s
  round  19/50: acc=0.8438  f1m=0.8399  uplink_kB=131.3  t=0.65s
  round  20/50: acc=0.8170  f1m=0.8106  uplink_kB=131.3  t=0.67s
  round  21/50: acc=0.8184  f1m=0.8121  uplink_kB=131.3  t=0.66s
  round  22/50: acc=0.8463  f1m=0.8425  uplink_kB=131.3  t=0.67s
  round  23/50: acc=0.8247  f1m=0.8190  uplink_kB=131.3  t=0.64s
  round  24/50: acc=0.8500  f1m=0.8465  uplink_kB=131.3  t=0.59s
  round  25/50: acc=0.8245  f1m=0.8189  uplink_kB=131.3  t=0.62s
  round  26/50: acc=0.8501  f1m=0.8466  uplink_kB=131.3  t=0.65s
  round  27/50: acc=0.8319  f1m=0.8270  uplink_kB=131.3  t=0.66s
  round  28/50: acc=0.8498  f1m=0.8463  uplink_kB=131.3  t=0.67s
  round  29/50: acc=0.8272  f1m=0.8218  uplink_kB=131.3  t=0.66s
  round  30/50: acc=0.8243  f1m=0.8187  uplink_kB=131.3  t=0.62s
  round  31/50: acc=0.8513  f1m=0.8479  uplink_kB=131.3  t=0.64s
  round  32/50: acc=0.8283  f1m=0.8230  uplink_kB=131.3  t=0.67s
  round  33/50: acc=0.8540  f1m=0.8508  uplink_kB=131.3  t=0.67s
  round  34/50: acc=0.8540  f1m=0.8507  uplink_kB=131.3  t=0.66s
  round  35/50: acc=0.8336  f1m=0.8288  uplink_kB=131.3  t=0.67s
  round  36/50: acc=0.8312  f1m=0.8262  uplink_kB=131.3  t=0.62s
  round  37/50: acc=0.8618  f1m=0.8591  uplink_kB=131.3  t=0.69s
  round  38/50: acc=0.8617  f1m=0.8590  uplink_kB=131.3  t=0.67s
  round  39/50: acc=0.8360  f1m=0.8314  uplink_kB=131.3  t=0.64s
  round  40/50: acc=0.8596  f1m=0.8567  uplink_kB=131.3  t=0.67s
  round  41/50: acc=0.8606  f1m=0.8578  uplink_kB=131.3  t=0.71s
  round  42/50: acc=0.8611  f1m=0.8583  uplink_kB=131.3  t=0.62s
  round  43/50: acc=0.8353  f1m=0.8306  uplink_kB=131.3  t=0.75s
  round  44/50: acc=0.8621  f1m=0.8594  uplink_kB=131.3  t=0.69s
  round  45/50: acc=0.8626  f1m=0.8599  uplink_kB=131.3  t=0.72s
  round  46/50: acc=0.8635  f1m=0.8609  uplink_kB=131.3  t=0.68s
  round  47/50: acc=0.8653  f1m=0.8628  uplink_kB=131.3  t=0.68s
  round  48/50: acc=0.8642  f1m=0.8616  uplink_kB=131.3  t=0.67s
  round  49/50: acc=0.8629  f1m=0.8602  uplink_kB=131.3  t=0.70s
  round  50/50: acc=0.8664  f1m=0.8639  uplink_kB=131.3  t=0.63s
[run] DONE -> /Users/agentra/Documents/hao/working/paper-lab/hao-paper-2026/iotj-fedkan-ids/repo/results/lrsweep_botiot/lrsweep_mlp80_lr0p03__dir0.1__seed2024/metrics.json  final_acc=0.8664
