[run] device=cpu  seed=17  out=/Users/agentra/Documents/hao/working/paper-lab/hao-paper-2026/iotj-fedkan-ids/repo/results/mc_toniot/mc_mlp80_lr0p01__dir0.1__seed17
[run] model=mlp  params=4,010
  round   1/50: acc=0.3073  f1m=0.2408  uplink_kB=156.6  t=1.77s
  round   2/50: acc=0.3769  f1m=0.2493  uplink_kB=156.6  t=1.19s
  round   3/50: acc=0.4686  f1m=0.3611  uplink_kB=156.6  t=1.14s
  round   4/50: acc=0.5971  f1m=0.4758  uplink_kB=156.6  t=1.29s
  round   5/50: acc=0.5534  f1m=0.4293  uplink_kB=156.6  t=1.13s
  round   6/50: acc=0.5508  f1m=0.4309  uplink_kB=156.6  t=1.18s
  round   7/50: acc=0.5569  f1m=0.4358  uplink_kB=156.6  t=1.17s
  round   8/50: acc=0.5714  f1m=0.4543  uplink_kB=156.6  t=1.14s
  round   9/50: acc=0.5689  f1m=0.4548  uplink_kB=156.6  t=1.18s
  round  10/50: acc=0.6261  f1m=0.5057  uplink_kB=156.6  t=1.16s
  round  11/50: acc=0.6338  f1m=0.5131  uplink_kB=156.6  t=1.18s
  round  12/50: acc=0.5677  f1m=0.4543  uplink_kB=156.6  t=1.23s
  round  13/50: acc=0.6475  f1m=0.5324  uplink_kB=156.6  t=1.19s
  round  14/50: acc=0.6609  f1m=0.5498  uplink_kB=156.6  t=1.19s
  round  15/50: acc=0.6627  f1m=0.5514  uplink_kB=156.6  t=1.18s
  round  16/50: acc=0.6967  f1m=0.5875  uplink_kB=156.6  t=1.21s
  round  17/50: acc=0.7212  f1m=0.6061  uplink_kB=156.6  t=1.14s
  round  18/50: acc=0.7434  f1m=0.6258  uplink_kB=156.6  t=1.16s
  round  19/50: acc=0.7413  f1m=0.6203  uplink_kB=156.6  t=1.17s
  round  20/50: acc=0.7452  f1m=0.6224  uplink_kB=156.6  t=1.22s
  round  21/50: acc=0.7408  f1m=0.6208  uplink_kB=156.6  t=1.16s
  round  22/50: acc=0.7515  f1m=0.6327  uplink_kB=156.6  t=1.12s
  round  23/50: acc=0.7402  f1m=0.6197  uplink_kB=156.6  t=1.21s
  round  24/50: acc=0.7571  f1m=0.6347  uplink_kB=156.6  t=1.17s
  round  25/50: acc=0.7355  f1m=0.6131  uplink_kB=156.6  t=1.17s
  round  26/50: acc=0.7771  f1m=0.6564  uplink_kB=156.6  t=1.30s
  round  27/50: acc=0.7749  f1m=0.6477  uplink_kB=156.6  t=1.15s
  round  28/50: acc=0.7634  f1m=0.6373  uplink_kB=156.6  t=1.20s
  round  29/50: acc=0.7559  f1m=0.6364  uplink_kB=156.6  t=1.20s
  round  30/50: acc=0.7963  f1m=0.6723  uplink_kB=156.6  t=1.21s
  round  31/50: acc=0.7771  f1m=0.6564  uplink_kB=156.6  t=1.18s
  round  32/50: acc=0.7832  f1m=0.6617  uplink_kB=156.6  t=1.20s
  round  33/50: acc=0.7853  f1m=0.6621  uplink_kB=156.6  t=1.20s
  round  34/50: acc=0.7795  f1m=0.6643  uplink_kB=156.6  t=1.21s
  round  35/50: acc=0.8006  f1m=0.7292  uplink_kB=156.6  t=1.21s
  round  36/50: acc=0.7880  f1m=0.7199  uplink_kB=156.6  t=1.25s
  round  37/50: acc=0.8061  f1m=0.7341  uplink_kB=156.6  t=1.14s
  round  38/50: acc=0.7905  f1m=0.7190  uplink_kB=156.6  t=1.15s
  round  39/50: acc=0.8069  f1m=0.7350  uplink_kB=156.6  t=1.22s
  round  40/50: acc=0.7761  f1m=0.7095  uplink_kB=156.6  t=1.22s
  round  41/50: acc=0.8098  f1m=0.7370  uplink_kB=156.6  t=1.21s
  round  42/50: acc=0.7777  f1m=0.7130  uplink_kB=156.6  t=1.20s
  round  43/50: acc=0.8080  f1m=0.7417  uplink_kB=156.6  t=1.39s
  round  44/50: acc=0.7868  f1m=0.7204  uplink_kB=156.6  t=1.23s
  round  45/50: acc=0.7925  f1m=0.7305  uplink_kB=156.6  t=1.20s
  round  46/50: acc=0.7873  f1m=0.7243  uplink_kB=156.6  t=1.15s
  round  47/50: acc=0.7961  f1m=0.7351  uplink_kB=156.6  t=1.19s
  round  48/50: acc=0.7903  f1m=0.6846  uplink_kB=156.6  t=1.26s
  round  49/50: acc=0.8122  f1m=0.7479  uplink_kB=156.6  t=1.18s
  round  50/50: acc=0.7993  f1m=0.7384  uplink_kB=156.6  t=1.22s
[run] DONE -> /Users/agentra/Documents/hao/working/paper-lab/hao-paper-2026/iotj-fedkan-ids/repo/results/mc_toniot/mc_mlp80_lr0p01__dir0.1__seed17/metrics.json  final_acc=0.7993
