[run] device=cpu  seed=110  out=/Users/agentra/Documents/hao/working/paper-lab/hao-paper-2026/iotj-fedkan-ids/repo/results/lrsweep_cseciic/lrsweep_kan8_lr0p003__dir0.1__seed110
[run] model=kan  params=3,280
  round   1/50: acc=0.5000  f1m=0.3333  uplink_kB=150.2  t=2.65s
  round   2/50: acc=0.7364  f1m=0.7239  uplink_kB=150.2  t=1.97s
  round   3/50: acc=0.7996  f1m=0.7966  uplink_kB=150.2  t=1.93s
  round   4/50: acc=0.8698  f1m=0.8695  uplink_kB=150.2  t=1.97s
  round   5/50: acc=0.8957  f1m=0.8950  uplink_kB=150.2  t=1.86s
  round   6/50: acc=0.9078  f1m=0.9073  uplink_kB=150.2  t=1.91s
  round   7/50: acc=0.9087  f1m=0.9082  uplink_kB=150.2  t=1.89s
  round   8/50: acc=0.9093  f1m=0.9089  uplink_kB=150.2  t=1.94s
  round   9/50: acc=0.9102  f1m=0.9098  uplink_kB=150.2  t=1.91s
  round  10/50: acc=0.9119  f1m=0.9115  uplink_kB=150.2  t=1.92s
  round  11/50: acc=0.9213  f1m=0.9211  uplink_kB=150.2  t=1.95s
  round  12/50: acc=0.9206  f1m=0.9203  uplink_kB=150.2  t=1.83s
  round  13/50: acc=0.9196  f1m=0.9194  uplink_kB=150.2  t=1.90s
  round  14/50: acc=0.9201  f1m=0.9199  uplink_kB=150.2  t=1.96s
  round  15/50: acc=0.9198  f1m=0.9196  uplink_kB=150.2  t=1.92s
  round  16/50: acc=0.9200  f1m=0.9197  uplink_kB=150.2  t=1.95s
  round  17/50: acc=0.9195  f1m=0.9193  uplink_kB=150.2  t=1.96s
  round  18/50: acc=0.9198  f1m=0.9196  uplink_kB=150.2  t=1.85s
  round  19/50: acc=0.9208  f1m=0.9206  uplink_kB=150.2  t=1.87s
  round  20/50: acc=0.9209  f1m=0.9207  uplink_kB=150.2  t=1.95s
  round  21/50: acc=0.9206  f1m=0.9204  uplink_kB=150.2  t=2.25s
  round  22/50: acc=0.9203  f1m=0.9201  uplink_kB=150.2  t=2.01s
  round  23/50: acc=0.9207  f1m=0.9204  uplink_kB=150.2  t=1.93s
  round  24/50: acc=0.9207  f1m=0.9204  uplink_kB=150.2  t=1.92s
  round  25/50: acc=0.9206  f1m=0.9204  uplink_kB=150.2  t=1.92s
  round  26/50: acc=0.9207  f1m=0.9204  uplink_kB=150.2  t=1.83s
  round  27/50: acc=0.9213  f1m=0.9210  uplink_kB=150.2  t=1.90s
  round  28/50: acc=0.9213  f1m=0.9210  uplink_kB=150.2  t=1.93s
  round  29/50: acc=0.9213  f1m=0.9211  uplink_kB=150.2  t=1.93s
  round  30/50: acc=0.9214  f1m=0.9212  uplink_kB=150.2  t=1.93s
  round  31/50: acc=0.9215  f1m=0.9213  uplink_kB=150.2  t=1.87s
  round  32/50: acc=0.9217  f1m=0.9214  uplink_kB=150.2  t=1.93s
  round  33/50: acc=0.9219  f1m=0.9217  uplink_kB=150.2  t=1.88s
  round  34/50: acc=0.9218  f1m=0.9216  uplink_kB=150.2  t=1.87s
  round  35/50: acc=0.9219  f1m=0.9217  uplink_kB=150.2  t=1.95s
  round  36/50: acc=0.9226  f1m=0.9224  uplink_kB=150.2  t=1.95s
  round  37/50: acc=0.9258  f1m=0.9256  uplink_kB=150.2  t=1.94s
  round  38/50: acc=0.9252  f1m=0.9250  uplink_kB=150.2  t=1.91s
  round  39/50: acc=0.9257  f1m=0.9255  uplink_kB=150.2  t=1.95s
  round  40/50: acc=0.9273  f1m=0.9272  uplink_kB=150.2  t=1.89s
  round  41/50: acc=0.9259  f1m=0.9257  uplink_kB=150.2  t=1.88s
  round  42/50: acc=0.9294  f1m=0.9293  uplink_kB=150.2  t=1.93s
  round  43/50: acc=0.9293  f1m=0.9292  uplink_kB=150.2  t=1.91s
  round  44/50: acc=0.9291  f1m=0.9289  uplink_kB=150.2  t=1.93s
  round  45/50: acc=0.9302  f1m=0.9301  uplink_kB=150.2  t=1.94s
  round  46/50: acc=0.9257  f1m=0.9256  uplink_kB=150.2  t=1.92s
  round  47/50: acc=0.9291  f1m=0.9290  uplink_kB=150.2  t=1.94s
  round  48/50: acc=0.9276  f1m=0.9275  uplink_kB=150.2  t=1.93s
  round  49/50: acc=0.9303  f1m=0.9301  uplink_kB=150.2  t=1.92s
  round  50/50: acc=0.9302  f1m=0.9300  uplink_kB=150.2  t=1.93s
[run] DONE -> /Users/agentra/Documents/hao/working/paper-lab/hao-paper-2026/iotj-fedkan-ids/repo/results/lrsweep_cseciic/lrsweep_kan8_lr0p003__dir0.1__seed110/metrics.json  final_acc=0.9302
