[run] device=cpu  seed=43  out=/Users/agentra/Documents/hao/working/paper-lab/hao-paper-2026/iotj-fedkan-ids/repo/results/lrsweep_botiot/lrsweep_kan8_lr0p001__dir0.1__seed43
[run] model=kan  params=3,280
  round   1/50: acc=0.7919  f1m=0.7858  uplink_kB=150.2  t=2.38s
  round   2/50: acc=0.8879  f1m=0.8875  uplink_kB=150.2  t=1.67s
  round   3/50: acc=0.8877  f1m=0.8874  uplink_kB=150.2  t=1.62s
  round   4/50: acc=0.8936  f1m=0.8934  uplink_kB=150.2  t=1.54s
  round   5/50: acc=0.9246  f1m=0.9245  uplink_kB=150.2  t=1.64s
  round   6/50: acc=0.9057  f1m=0.9055  uplink_kB=150.2  t=1.65s
  round   7/50: acc=0.8980  f1m=0.8977  uplink_kB=150.2  t=1.62s
  round   8/50: acc=0.8992  f1m=0.8989  uplink_kB=150.2  t=1.65s
  round   9/50: acc=0.8995  f1m=0.8992  uplink_kB=150.2  t=1.67s
  round  10/50: acc=0.8851  f1m=0.8846  uplink_kB=150.2  t=1.61s
  round  11/50: acc=0.8922  f1m=0.8918  uplink_kB=150.2  t=1.65s
  round  12/50: acc=0.8950  f1m=0.8946  uplink_kB=150.2  t=1.60s
  round  13/50: acc=0.8978  f1m=0.8975  uplink_kB=150.2  t=1.67s
  round  14/50: acc=0.9002  f1m=0.8999  uplink_kB=150.2  t=1.62s
  round  15/50: acc=0.9014  f1m=0.9011  uplink_kB=150.2  t=1.65s
  round  16/50: acc=0.9030  f1m=0.9027  uplink_kB=150.2  t=1.62s
  round  17/50: acc=0.8928  f1m=0.8924  uplink_kB=150.2  t=1.69s
  round  18/50: acc=0.8961  f1m=0.8957  uplink_kB=150.2  t=1.70s
  round  19/50: acc=0.8986  f1m=0.8983  uplink_kB=150.2  t=1.63s
  round  20/50: acc=0.8406  f1m=0.8384  uplink_kB=150.2  t=1.60s
  round  21/50: acc=0.8619  f1m=0.8593  uplink_kB=150.2  t=1.70s
  round  22/50: acc=0.8625  f1m=0.8599  uplink_kB=150.2  t=1.59s
  round  23/50: acc=0.8487  f1m=0.8469  uplink_kB=150.2  t=1.61s
  round  24/50: acc=0.8627  f1m=0.8601  uplink_kB=150.2  t=1.63s
  round  25/50: acc=0.8629  f1m=0.8603  uplink_kB=150.2  t=1.58s
  round  26/50: acc=0.8633  f1m=0.8608  uplink_kB=150.2  t=1.64s
  round  27/50: acc=0.8638  f1m=0.8613  uplink_kB=150.2  t=1.62s
  round  28/50: acc=0.8710  f1m=0.8688  uplink_kB=150.2  t=1.64s
  round  29/50: acc=0.8720  f1m=0.8699  uplink_kB=150.2  t=1.65s
  round  30/50: acc=0.8719  f1m=0.8698  uplink_kB=150.2  t=1.62s
  round  31/50: acc=0.8652  f1m=0.8628  uplink_kB=150.2  t=1.59s
  round  32/50: acc=0.8651  f1m=0.8627  uplink_kB=150.2  t=1.64s
  round  33/50: acc=0.8721  f1m=0.8701  uplink_kB=150.2  t=1.58s
  round  34/50: acc=0.8723  f1m=0.8702  uplink_kB=150.2  t=1.64s
  round  35/50: acc=0.8724  f1m=0.8703  uplink_kB=150.2  t=1.63s
  round  36/50: acc=0.8664  f1m=0.8640  uplink_kB=150.2  t=1.68s
  round  37/50: acc=0.8803  f1m=0.8786  uplink_kB=150.2  t=1.64s
  round  38/50: acc=0.8798  f1m=0.8781  uplink_kB=150.2  t=1.61s
  round  39/50: acc=0.8656  f1m=0.8632  uplink_kB=150.2  t=1.68s
  round  40/50: acc=0.8731  f1m=0.8711  uplink_kB=150.2  t=1.65s
  round  41/50: acc=0.8713  f1m=0.8692  uplink_kB=150.2  t=1.58s
  round  42/50: acc=0.8725  f1m=0.8705  uplink_kB=150.2  t=1.69s
  round  43/50: acc=0.8791  f1m=0.8773  uplink_kB=150.2  t=1.64s
  round  44/50: acc=0.8791  f1m=0.8774  uplink_kB=150.2  t=1.59s
  round  45/50: acc=0.8725  f1m=0.8705  uplink_kB=150.2  t=1.70s
  round  46/50: acc=0.8725  f1m=0.8704  uplink_kB=150.2  t=1.63s
  round  47/50: acc=0.8786  f1m=0.8769  uplink_kB=150.2  t=1.61s
  round  48/50: acc=0.8729  f1m=0.8709  uplink_kB=150.2  t=1.59s
  round  49/50: acc=0.8716  f1m=0.8695  uplink_kB=150.2  t=1.60s
  round  50/50: acc=0.8730  f1m=0.8710  uplink_kB=150.2  t=1.51s
[run] DONE -> /Users/agentra/Documents/hao/working/paper-lab/hao-paper-2026/iotj-fedkan-ids/repo/results/lrsweep_botiot/lrsweep_kan8_lr0p001__dir0.1__seed43/metrics.json  final_acc=0.8730
