[run] device=cpu  seed=2026  out=/Users/agentra/Documents/hao/working/paper-lab/hao-paper-2026/iotj-fedkan-ids/repo/results/lrsweep_cseciic/lrsweep_kan8_lr0p001__dir0.1__seed2026
[run] model=kan  params=3,280
  round   1/50: acc=0.7174  f1m=0.6957  uplink_kB=150.2  t=2.20s
  round   2/50: acc=0.9127  f1m=0.9124  uplink_kB=150.2  t=1.67s
  round   3/50: acc=0.9161  f1m=0.9158  uplink_kB=150.2  t=1.62s
  round   4/50: acc=0.9175  f1m=0.9173  uplink_kB=150.2  t=1.57s
  round   5/50: acc=0.9175  f1m=0.9173  uplink_kB=150.2  t=1.56s
  round   6/50: acc=0.9180  f1m=0.9177  uplink_kB=150.2  t=1.63s
  round   7/50: acc=0.9208  f1m=0.9206  uplink_kB=150.2  t=1.59s
  round   8/50: acc=0.9217  f1m=0.9215  uplink_kB=150.2  t=1.57s
  round   9/50: acc=0.9266  f1m=0.9264  uplink_kB=150.2  t=1.60s
  round  10/50: acc=0.9280  f1m=0.9279  uplink_kB=150.2  t=1.62s
  round  11/50: acc=0.9326  f1m=0.9324  uplink_kB=150.2  t=1.60s
  round  12/50: acc=0.9533  f1m=0.9533  uplink_kB=150.2  t=1.62s
  round  13/50: acc=0.9539  f1m=0.9539  uplink_kB=150.2  t=1.61s
  round  14/50: acc=0.9583  f1m=0.9583  uplink_kB=150.2  t=1.61s
  round  15/50: acc=0.9593  f1m=0.9592  uplink_kB=150.2  t=1.62s
  round  16/50: acc=0.9598  f1m=0.9598  uplink_kB=150.2  t=1.59s
  round  17/50: acc=0.9612  f1m=0.9612  uplink_kB=150.2  t=1.62s
  round  18/50: acc=0.9659  f1m=0.9659  uplink_kB=150.2  t=1.59s
  round  19/50: acc=0.9663  f1m=0.9663  uplink_kB=150.2  t=1.60s
  round  20/50: acc=0.9669  f1m=0.9669  uplink_kB=150.2  t=1.63s
  round  21/50: acc=0.9678  f1m=0.9678  uplink_kB=150.2  t=1.60s
  round  22/50: acc=0.9684  f1m=0.9684  uplink_kB=150.2  t=1.60s
  round  23/50: acc=0.9686  f1m=0.9685  uplink_kB=150.2  t=1.60s
  round  24/50: acc=0.9690  f1m=0.9690  uplink_kB=150.2  t=1.61s
  round  25/50: acc=0.9705  f1m=0.9705  uplink_kB=150.2  t=1.54s
  round  26/50: acc=0.9711  f1m=0.9711  uplink_kB=150.2  t=1.57s
  round  27/50: acc=0.9714  f1m=0.9714  uplink_kB=150.2  t=1.63s
  round  28/50: acc=0.9712  f1m=0.9712  uplink_kB=150.2  t=1.60s
  round  29/50: acc=0.9715  f1m=0.9715  uplink_kB=150.2  t=1.63s
  round  30/50: acc=0.9717  f1m=0.9716  uplink_kB=150.2  t=1.58s
  round  31/50: acc=0.9721  f1m=0.9721  uplink_kB=150.2  t=1.60s
  round  32/50: acc=0.9723  f1m=0.9723  uplink_kB=150.2  t=1.63s
  round  33/50: acc=0.9725  f1m=0.9725  uplink_kB=150.2  t=1.63s
  round  34/50: acc=0.9726  f1m=0.9726  uplink_kB=150.2  t=1.58s
  round  35/50: acc=0.9725  f1m=0.9725  uplink_kB=150.2  t=1.63s
  round  36/50: acc=0.9724  f1m=0.9724  uplink_kB=150.2  t=1.57s
  round  37/50: acc=0.9727  f1m=0.9727  uplink_kB=150.2  t=1.61s
  round  38/50: acc=0.9727  f1m=0.9727  uplink_kB=150.2  t=1.60s
  round  39/50: acc=0.9728  f1m=0.9728  uplink_kB=150.2  t=1.61s
  round  40/50: acc=0.9732  f1m=0.9731  uplink_kB=150.2  t=1.63s
  round  41/50: acc=0.9731  f1m=0.9731  uplink_kB=150.2  t=1.60s
  round  42/50: acc=0.9733  f1m=0.9733  uplink_kB=150.2  t=1.63s
  round  43/50: acc=0.9735  f1m=0.9735  uplink_kB=150.2  t=1.60s
  round  44/50: acc=0.9742  f1m=0.9742  uplink_kB=150.2  t=1.53s
  round  45/50: acc=0.9736  f1m=0.9736  uplink_kB=150.2  t=1.62s
  round  46/50: acc=0.9737  f1m=0.9737  uplink_kB=150.2  t=1.62s
  round  47/50: acc=0.9745  f1m=0.9745  uplink_kB=150.2  t=1.61s
  round  48/50: acc=0.9743  f1m=0.9743  uplink_kB=150.2  t=1.63s
  round  49/50: acc=0.9745  f1m=0.9745  uplink_kB=150.2  t=1.62s
  round  50/50: acc=0.9745  f1m=0.9744  uplink_kB=150.2  t=1.55s
[run] DONE -> /Users/agentra/Documents/hao/working/paper-lab/hao-paper-2026/iotj-fedkan-ids/repo/results/lrsweep_cseciic/lrsweep_kan8_lr0p001__dir0.1__seed2026/metrics.json  final_acc=0.9745
