[run] device=cpu  seed=11  out=/Users/agentra/Documents/hao/working/paper-lab/hao-paper-2026/iotj-fedkan-ids/repo/results/lrsweep_toniot/lrsweep_kan16_lr0p03__dir0.1__seed11
[run] model=kan  params=6,560
  round   1/50: acc=0.5000  f1m=0.3333  uplink_kB=282.0  t=2.39s
  round   2/50: acc=0.7257  f1m=0.7076  uplink_kB=282.0  t=1.89s
  round   3/50: acc=0.5205  f1m=0.3794  uplink_kB=282.0  t=1.90s
  round   4/50: acc=0.6996  f1m=0.6976  uplink_kB=282.0  t=1.86s
  round   5/50: acc=0.5114  f1m=0.3589  uplink_kB=282.0  t=1.86s
  round   6/50: acc=0.6896  f1m=0.6817  uplink_kB=282.0  t=1.87s
  round   7/50: acc=0.7686  f1m=0.7592  uplink_kB=282.0  t=1.81s
  round   8/50: acc=0.7366  f1m=0.7321  uplink_kB=282.0  t=1.90s
  round   9/50: acc=0.7862  f1m=0.7836  uplink_kB=282.0  t=1.88s
  round  10/50: acc=0.7564  f1m=0.7553  uplink_kB=282.0  t=1.84s
  round  11/50: acc=0.7583  f1m=0.7578  uplink_kB=282.0  t=1.87s
  round  12/50: acc=0.7867  f1m=0.7785  uplink_kB=282.0  t=1.81s
  round  13/50: acc=0.6566  f1m=0.6453  uplink_kB=282.0  t=1.89s
  round  14/50: acc=0.7575  f1m=0.7548  uplink_kB=282.0  t=1.90s
  round  15/50: acc=0.5446  f1m=0.5409  uplink_kB=282.0  t=1.90s
  round  16/50: acc=0.8263  f1m=0.8261  uplink_kB=282.0  t=1.87s
  round  17/50: acc=0.8047  f1m=0.8032  uplink_kB=282.0  t=1.85s
  round  18/50: acc=0.7222  f1m=0.7130  uplink_kB=282.0  t=1.83s
  round  19/50: acc=0.6846  f1m=0.6846  uplink_kB=282.0  t=1.88s
  round  20/50: acc=0.6172  f1m=0.5735  uplink_kB=282.0  t=1.92s
  round  21/50: acc=0.7720  f1m=0.7718  uplink_kB=282.0  t=1.92s
  round  22/50: acc=0.4551  f1m=0.4548  uplink_kB=282.0  t=1.89s
  round  23/50: acc=0.6622  f1m=0.6474  uplink_kB=282.0  t=1.86s
  round  24/50: acc=0.8442  f1m=0.8442  uplink_kB=282.0  t=1.91s
  round  25/50: acc=0.7876  f1m=0.7868  uplink_kB=282.0  t=1.83s
  round  26/50: acc=0.3867  f1m=0.3677  uplink_kB=282.0  t=1.87s
  round  27/50: acc=0.6600  f1m=0.6486  uplink_kB=282.0  t=1.85s
  round  28/50: acc=0.5590  f1m=0.4711  uplink_kB=282.0  t=1.86s
  round  29/50: acc=0.6587  f1m=0.6423  uplink_kB=282.0  t=1.89s
  round  30/50: acc=0.6546  f1m=0.6205  uplink_kB=282.0  t=1.88s
  round  31/50: acc=0.7167  f1m=0.7154  uplink_kB=282.0  t=1.83s
  round  32/50: acc=0.6558  f1m=0.6262  uplink_kB=282.0  t=1.86s
  round  33/50: acc=0.6888  f1m=0.6858  uplink_kB=282.0  t=1.87s
  round  34/50: acc=0.6732  f1m=0.6433  uplink_kB=282.0  t=1.86s
  round  35/50: acc=0.6467  f1m=0.6354  uplink_kB=282.0  t=1.89s
  round  36/50: acc=0.7436  f1m=0.7369  uplink_kB=282.0  t=1.88s
  round  37/50: acc=0.5895  f1m=0.5887  uplink_kB=282.0  t=1.88s
  round  38/50: acc=0.7909  f1m=0.7852  uplink_kB=282.0  t=1.82s
  round  39/50: acc=0.8569  f1m=0.8562  uplink_kB=282.0  t=1.89s
  round  40/50: acc=0.8181  f1m=0.8159  uplink_kB=282.0  t=1.85s
  round  41/50: acc=0.7248  f1m=0.7232  uplink_kB=282.0  t=1.88s
  round  42/50: acc=0.5929  f1m=0.5296  uplink_kB=282.0  t=1.88s
  round  43/50: acc=0.7845  f1m=0.7842  uplink_kB=282.0  t=1.88s
  round  44/50: acc=0.8448  f1m=0.8437  uplink_kB=282.0  t=1.79s
  round  45/50: acc=0.7153  f1m=0.7152  uplink_kB=282.0  t=1.85s
  round  46/50: acc=0.8433  f1m=0.8427  uplink_kB=282.0  t=1.89s
  round  47/50: acc=0.7710  f1m=0.7674  uplink_kB=282.0  t=1.89s
  round  48/50: acc=0.8544  f1m=0.8534  uplink_kB=282.0  t=1.87s
  round  49/50: acc=0.8639  f1m=0.8634  uplink_kB=282.0  t=1.88s
  round  50/50: acc=0.8679  f1m=0.8671  uplink_kB=282.0  t=1.79s
[run] DONE -> /Users/agentra/Documents/hao/working/paper-lab/hao-paper-2026/iotj-fedkan-ids/repo/results/lrsweep_toniot/lrsweep_kan16_lr0p03__dir0.1__seed11/metrics.json  final_acc=0.8679
