[run] device=cpu  seed=37  out=/Users/agentra/Documents/hao/working/paper-lab/hao-paper-2026/iotj-fedkan-ids/repo/results/lrsweep_toniot/lrsweep_kan16_lr0p01__dir0.1__seed37
[run] model=kan  params=6,560
  round   1/50: acc=0.6510  f1m=0.6280  uplink_kB=282.0  t=2.36s
  round   2/50: acc=0.8649  f1m=0.8632  uplink_kB=282.0  t=1.86s
  round   3/50: acc=0.7405  f1m=0.7362  uplink_kB=282.0  t=1.87s
  round   4/50: acc=0.8873  f1m=0.8873  uplink_kB=282.0  t=1.87s
  round   5/50: acc=0.8918  f1m=0.8917  uplink_kB=282.0  t=1.87s
  round   6/50: acc=0.8973  f1m=0.8971  uplink_kB=282.0  t=1.82s
  round   7/50: acc=0.9156  f1m=0.9155  uplink_kB=282.0  t=1.84s
  round   8/50: acc=0.9149  f1m=0.9147  uplink_kB=282.0  t=1.88s
  round   9/50: acc=0.9134  f1m=0.9130  uplink_kB=282.0  t=1.87s
  round  10/50: acc=0.9322  f1m=0.9320  uplink_kB=282.0  t=1.84s
  round  11/50: acc=0.9116  f1m=0.9111  uplink_kB=282.0  t=1.88s
  round  12/50: acc=0.9317  f1m=0.9315  uplink_kB=282.0  t=1.85s
  round  13/50: acc=0.9185  f1m=0.9183  uplink_kB=282.0  t=1.81s
  round  14/50: acc=0.9212  f1m=0.9208  uplink_kB=282.0  t=1.85s
  round  15/50: acc=0.9087  f1m=0.9083  uplink_kB=282.0  t=1.82s
  round  16/50: acc=0.8849  f1m=0.8836  uplink_kB=282.0  t=1.86s
  round  17/50: acc=0.9063  f1m=0.9059  uplink_kB=282.0  t=1.86s
  round  18/50: acc=0.9422  f1m=0.9421  uplink_kB=282.0  t=1.84s
  round  19/50: acc=0.9018  f1m=0.9010  uplink_kB=282.0  t=1.80s
  round  20/50: acc=0.9471  f1m=0.9470  uplink_kB=282.0  t=1.88s
  round  21/50: acc=0.9225  f1m=0.9223  uplink_kB=282.0  t=1.87s
  round  22/50: acc=0.9061  f1m=0.9054  uplink_kB=282.0  t=1.93s
  round  23/50: acc=0.9486  f1m=0.9486  uplink_kB=282.0  t=1.87s
  round  24/50: acc=0.9414  f1m=0.9412  uplink_kB=282.0  t=1.90s
  round  25/50: acc=0.9107  f1m=0.9103  uplink_kB=282.0  t=1.84s
  round  26/50: acc=0.9393  f1m=0.9392  uplink_kB=282.0  t=1.89s
  round  27/50: acc=0.9308  f1m=0.9306  uplink_kB=282.0  t=1.88s
  round  28/50: acc=0.9445  f1m=0.9444  uplink_kB=282.0  t=1.86s
  round  29/50: acc=0.9119  f1m=0.9114  uplink_kB=282.0  t=1.86s
  round  30/50: acc=0.8936  f1m=0.8925  uplink_kB=282.0  t=1.84s
  round  31/50: acc=0.9606  f1m=0.9606  uplink_kB=282.0  t=1.82s
  round  32/50: acc=0.9240  f1m=0.9237  uplink_kB=282.0  t=1.87s
  round  33/50: acc=0.9548  f1m=0.9548  uplink_kB=282.0  t=1.87s
  round  34/50: acc=0.9308  f1m=0.9306  uplink_kB=282.0  t=1.87s
  round  35/50: acc=0.9552  f1m=0.9552  uplink_kB=282.0  t=1.87s
  round  36/50: acc=0.9505  f1m=0.9504  uplink_kB=282.0  t=1.86s
  round  37/50: acc=0.9410  f1m=0.9409  uplink_kB=282.0  t=1.84s
  round  38/50: acc=0.9503  f1m=0.9502  uplink_kB=282.0  t=1.87s
  round  39/50: acc=0.9277  f1m=0.9274  uplink_kB=282.0  t=1.90s
  round  40/50: acc=0.9570  f1m=0.9569  uplink_kB=282.0  t=1.88s
  round  41/50: acc=0.9449  f1m=0.9448  uplink_kB=282.0  t=1.87s
  round  42/50: acc=0.9501  f1m=0.9500  uplink_kB=282.0  t=1.87s
  round  43/50: acc=0.9236  f1m=0.9233  uplink_kB=282.0  t=1.93s
  round  44/50: acc=0.9592  f1m=0.9592  uplink_kB=282.0  t=1.82s
  round  45/50: acc=0.9410  f1m=0.9408  uplink_kB=282.0  t=1.88s
  round  46/50: acc=0.9411  f1m=0.9409  uplink_kB=282.0  t=1.88s
  round  47/50: acc=0.9522  f1m=0.9521  uplink_kB=282.0  t=1.91s
  round  48/50: acc=0.9389  f1m=0.9387  uplink_kB=282.0  t=1.87s
  round  49/50: acc=0.9307  f1m=0.9305  uplink_kB=282.0  t=1.87s
  round  50/50: acc=0.9560  f1m=0.9560  uplink_kB=282.0  t=1.77s
[run] DONE -> /Users/agentra/Documents/hao/working/paper-lab/hao-paper-2026/iotj-fedkan-ids/repo/results/lrsweep_toniot/lrsweep_kan16_lr0p01__dir0.1__seed37/metrics.json  final_acc=0.9560
