[run] device=cpu  seed=29  out=/Users/agentra/Documents/hao/working/paper-lab/hao-paper-2026/iotj-fedkan-ids/repo/results/lrsweep_cseciic_mc/lrsweep_kan16_lr0p1__dir0.1__seed29
[run] model=kan  params=8,640
  round   1/50: acc=0.3167  f1m=0.1218  uplink_kB=363.3  t=7.03s
  round   2/50: acc=0.2914  f1m=0.1306  uplink_kB=363.3  t=6.46s
  round   3/50: acc=0.4758  f1m=0.2784  uplink_kB=363.3  t=6.46s
  round   4/50: acc=0.4265  f1m=0.2139  uplink_kB=363.3  t=6.52s
  round   5/50: acc=0.4291  f1m=0.2404  uplink_kB=363.3  t=6.40s
  round   6/50: acc=0.4429  f1m=0.2375  uplink_kB=363.3  t=6.48s
  round   7/50: acc=0.4553  f1m=0.2369  uplink_kB=363.3  t=6.43s
  round   8/50: acc=0.6081  f1m=0.3550  uplink_kB=363.3  t=6.35s
  round   9/50: acc=0.4504  f1m=0.2274  uplink_kB=363.3  t=6.50s
  round  10/50: acc=0.4213  f1m=0.1865  uplink_kB=363.3  t=6.39s
  round  11/50: acc=0.2824  f1m=0.0733  uplink_kB=363.3  t=6.42s
  round  12/50: acc=0.4214  f1m=0.1748  uplink_kB=363.3  t=6.30s
  round  13/50: acc=0.4269  f1m=0.1734  uplink_kB=363.3  t=6.45s
  round  14/50: acc=0.4509  f1m=0.2467  uplink_kB=363.3  t=6.55s
  round  15/50: acc=0.4441  f1m=0.2620  uplink_kB=363.3  t=6.38s
  round  16/50: acc=0.4273  f1m=0.1627  uplink_kB=363.3  t=6.40s
  round  17/50: acc=0.4203  f1m=0.1863  uplink_kB=363.3  t=6.55s
  round  18/50: acc=0.5349  f1m=0.2480  uplink_kB=363.3  t=6.46s
  round  19/50: acc=0.3731  f1m=0.1330  uplink_kB=363.3  t=6.53s
  round  20/50: acc=0.2720  f1m=0.0976  uplink_kB=363.3  t=6.53s
  round  21/50: acc=0.3026  f1m=0.1043  uplink_kB=363.3  t=6.30s
  round  22/50: acc=0.3734  f1m=0.1201  uplink_kB=363.3  t=6.52s
  round  23/50: acc=0.3540  f1m=0.1142  uplink_kB=363.3  t=6.46s
  round  24/50: acc=0.3496  f1m=0.1029  uplink_kB=363.3  t=6.44s
  round  25/50: acc=0.3491  f1m=0.1100  uplink_kB=363.3  t=7.21s
  round  26/50: acc=0.3760  f1m=0.1199  uplink_kB=363.3  t=8.04s
  round  27/50: acc=0.3506  f1m=0.1049  uplink_kB=363.3  t=6.49s
  round  28/50: acc=0.3738  f1m=0.1201  uplink_kB=363.3  t=6.14s
  round  29/50: acc=0.3590  f1m=0.1377  uplink_kB=363.3  t=6.21s
  round  30/50: acc=0.3494  f1m=0.0998  uplink_kB=363.3  t=6.15s
  round  31/50: acc=0.3490  f1m=0.1004  uplink_kB=363.3  t=6.18s
  round  32/50: acc=0.3550  f1m=0.1110  uplink_kB=363.3  t=6.20s
  round  33/50: acc=0.2083  f1m=0.0849  uplink_kB=363.3  t=6.23s
  round  34/50: acc=0.3487  f1m=0.1041  uplink_kB=363.3  t=6.17s
  round  35/50: acc=0.3547  f1m=0.1057  uplink_kB=363.3  t=6.18s
  round  36/50: acc=0.3496  f1m=0.1044  uplink_kB=363.3  t=6.10s
  round  37/50: acc=0.2251  f1m=0.0801  uplink_kB=363.3  t=6.22s
  round  38/50: acc=0.3429  f1m=0.1130  uplink_kB=363.3  t=6.18s
  round  39/50: acc=0.3353  f1m=0.1030  uplink_kB=363.3  t=6.11s
  round  40/50: acc=0.3484  f1m=0.1010  uplink_kB=363.3  t=6.12s
  round  41/50: acc=0.1219  f1m=0.0285  uplink_kB=363.3  t=6.21s
  round  42/50: acc=0.1129  f1m=0.0164  uplink_kB=363.3  t=6.11s
  round  43/50: acc=0.1130  f1m=0.0138  uplink_kB=363.3  t=6.13s
  round  44/50: acc=0.1158  f1m=0.0163  uplink_kB=363.3  t=6.13s
  round  45/50: acc=0.1146  f1m=0.0160  uplink_kB=363.3  t=6.18s
  round  46/50: acc=0.1129  f1m=0.0135  uplink_kB=363.3  t=6.09s
  round  47/50: acc=0.1129  f1m=0.0135  uplink_kB=363.3  t=6.14s
  round  48/50: acc=0.1582  f1m=0.0487  uplink_kB=363.3  t=6.15s
  round  49/50: acc=0.1103  f1m=0.0135  uplink_kB=363.3  t=6.18s
  round  50/50: acc=0.1172  f1m=0.0191  uplink_kB=363.3  t=5.93s
[run] DONE -> /Users/agentra/Documents/hao/working/paper-lab/hao-paper-2026/iotj-fedkan-ids/repo/results/lrsweep_cseciic_mc/lrsweep_kan16_lr0p1__dir0.1__seed29/metrics.json  final_acc=0.1172
