[run] device=cpu  seed=43  out=/Users/agentra/Documents/hao/working/paper-lab/hao-paper-2026/iotj-fedkan-ids/repo/results/lrsweep_cseciic_mc50k/lrsweep_mlp32_lr0p0003__dir0.1__seed43
[run] model=mlp  params=1,775
  round   1/50: acc=0.1217  f1m=0.0149  uplink_kB=69.3  t=1.83s
  round   2/50: acc=0.1217  f1m=0.0148  uplink_kB=69.3  t=1.00s
  round   3/50: acc=0.1313  f1m=0.0241  uplink_kB=69.3  t=1.07s
  round   4/50: acc=0.1681  f1m=0.0443  uplink_kB=69.3  t=1.01s
  round   5/50: acc=0.1764  f1m=0.0470  uplink_kB=69.3  t=1.05s
  round   6/50: acc=0.1817  f1m=0.0486  uplink_kB=69.3  t=1.03s
  round   7/50: acc=0.1830  f1m=0.0490  uplink_kB=69.3  t=1.03s
  round   8/50: acc=0.1837  f1m=0.0491  uplink_kB=69.3  t=0.98s
  round   9/50: acc=0.1838  f1m=0.0492  uplink_kB=69.3  t=1.07s
  round  10/50: acc=0.1839  f1m=0.0493  uplink_kB=69.3  t=1.03s
  round  11/50: acc=0.1839  f1m=0.0489  uplink_kB=69.3  t=1.05s
  round  12/50: acc=0.1857  f1m=0.0523  uplink_kB=69.3  t=0.98s
  round  13/50: acc=0.2324  f1m=0.1016  uplink_kB=69.3  t=1.07s
  round  14/50: acc=0.2324  f1m=0.1011  uplink_kB=69.3  t=1.03s
  round  15/50: acc=0.2325  f1m=0.0811  uplink_kB=69.3  t=1.06s
  round  16/50: acc=0.2326  f1m=0.0813  uplink_kB=69.3  t=1.03s
  round  17/50: acc=0.3335  f1m=0.1447  uplink_kB=69.3  t=1.04s
  round  18/50: acc=0.3342  f1m=0.1451  uplink_kB=69.3  t=1.04s
  round  19/50: acc=0.3304  f1m=0.1431  uplink_kB=69.3  t=1.06s
  round  20/50: acc=0.3305  f1m=0.1432  uplink_kB=69.3  t=1.01s
  round  21/50: acc=0.3305  f1m=0.1432  uplink_kB=69.3  t=1.06s
  round  22/50: acc=0.3308  f1m=0.1441  uplink_kB=69.3  t=1.00s
  round  23/50: acc=0.3311  f1m=0.1441  uplink_kB=69.3  t=1.08s
  round  24/50: acc=0.3311  f1m=0.1430  uplink_kB=69.3  t=1.02s
  round  25/50: acc=0.3312  f1m=0.1425  uplink_kB=69.3  t=1.10s
  round  26/50: acc=0.3315  f1m=0.1420  uplink_kB=69.3  t=1.00s
  round  27/50: acc=0.3315  f1m=0.1419  uplink_kB=69.3  t=1.04s
  round  28/50: acc=0.3318  f1m=0.1418  uplink_kB=69.3  t=0.99s
  round  29/50: acc=0.3319  f1m=0.1418  uplink_kB=69.3  t=1.03s
  round  30/50: acc=0.3319  f1m=0.1416  uplink_kB=69.3  t=1.00s
  round  31/50: acc=0.3319  f1m=0.1415  uplink_kB=69.3  t=1.06s
  round  32/50: acc=0.3319  f1m=0.1426  uplink_kB=69.3  t=1.03s
  round  33/50: acc=0.3320  f1m=0.1441  uplink_kB=69.3  t=1.07s
  round  34/50: acc=0.3322  f1m=0.1443  uplink_kB=69.3  t=1.06s
  round  35/50: acc=0.3391  f1m=0.1490  uplink_kB=69.3  t=1.02s
  round  36/50: acc=0.3648  f1m=0.1641  uplink_kB=69.3  t=1.08s
  round  37/50: acc=0.3741  f1m=0.1685  uplink_kB=69.3  t=1.03s
  round  38/50: acc=0.3807  f1m=0.1716  uplink_kB=69.3  t=1.07s
  round  39/50: acc=0.3928  f1m=0.1768  uplink_kB=69.3  t=1.04s
  round  40/50: acc=0.4071  f1m=0.1822  uplink_kB=69.3  t=1.07s
  round  41/50: acc=0.4222  f1m=0.1885  uplink_kB=69.3  t=1.01s
  round  42/50: acc=0.4375  f1m=0.1942  uplink_kB=69.3  t=1.10s
  round  43/50: acc=0.4465  f1m=0.1976  uplink_kB=69.3  t=1.07s
  round  44/50: acc=0.4584  f1m=0.2021  uplink_kB=69.3  t=1.07s
  round  45/50: acc=0.4657  f1m=0.2046  uplink_kB=69.3  t=1.01s
  round  46/50: acc=0.4688  f1m=0.2058  uplink_kB=69.3  t=1.06s
  round  47/50: acc=0.4723  f1m=0.2071  uplink_kB=69.3  t=1.04s
  round  48/50: acc=0.4743  f1m=0.2078  uplink_kB=69.3  t=1.08s
  round  49/50: acc=0.4758  f1m=0.2085  uplink_kB=69.3  t=1.05s
  round  50/50: acc=0.4788  f1m=0.2103  uplink_kB=69.3  t=1.10s
[run] DONE -> /Users/agentra/Documents/hao/working/paper-lab/hao-paper-2026/iotj-fedkan-ids/repo/results/lrsweep_cseciic_mc50k/lrsweep_mlp32_lr0p0003__dir0.1__seed43/metrics.json  final_acc=0.4788
