[run] device=cpu  seed=31  out=/Users/agentra/Documents/hao/working/paper-lab/hao-paper-2026/iotj-fedkan-ids/repo/results/lrsweep_cseciic_mc50k/lrsweep_mlp80_lr0p001__dir0.1__seed31
[run] model=mlp  params=4,415
  round   1/50: acc=0.2202  f1m=0.0719  uplink_kB=172.5  t=1.86s
  round   2/50: acc=0.3153  f1m=0.1132  uplink_kB=172.5  t=1.04s
  round   3/50: acc=0.3191  f1m=0.1270  uplink_kB=172.5  t=1.11s
  round   4/50: acc=0.3206  f1m=0.1315  uplink_kB=172.5  t=1.05s
  round   5/50: acc=0.3224  f1m=0.1404  uplink_kB=172.5  t=1.10s
  round   6/50: acc=0.3243  f1m=0.1465  uplink_kB=172.5  t=1.05s
  round   7/50: acc=0.3252  f1m=0.1478  uplink_kB=172.5  t=1.14s
  round   8/50: acc=0.3242  f1m=0.1482  uplink_kB=172.5  t=1.01s
  round   9/50: acc=0.5070  f1m=0.2502  uplink_kB=172.5  t=1.14s
  round  10/50: acc=0.5204  f1m=0.2549  uplink_kB=172.5  t=1.02s
  round  11/50: acc=0.5177  f1m=0.2535  uplink_kB=172.5  t=1.06s
  round  12/50: acc=0.5234  f1m=0.2551  uplink_kB=172.5  t=1.02s
  round  13/50: acc=0.5241  f1m=0.2509  uplink_kB=172.5  t=1.09s
  round  14/50: acc=0.5283  f1m=0.2523  uplink_kB=172.5  t=1.03s
  round  15/50: acc=0.5448  f1m=0.2586  uplink_kB=172.5  t=1.08s
  round  16/50: acc=0.5492  f1m=0.2607  uplink_kB=172.5  t=1.09s
  round  17/50: acc=0.5501  f1m=0.2608  uplink_kB=172.5  t=1.02s
  round  18/50: acc=0.5508  f1m=0.2610  uplink_kB=172.5  t=1.17s
  round  19/50: acc=0.5501  f1m=0.2591  uplink_kB=172.5  t=1.28s
  round  20/50: acc=0.5507  f1m=0.2593  uplink_kB=172.5  t=1.26s
  round  21/50: acc=0.5535  f1m=0.2627  uplink_kB=172.5  t=1.07s
  round  22/50: acc=0.5548  f1m=0.2629  uplink_kB=172.5  t=1.15s
  round  23/50: acc=0.5575  f1m=0.2640  uplink_kB=172.5  t=1.12s
  round  24/50: acc=0.5668  f1m=0.2749  uplink_kB=172.5  t=1.17s
  round  25/50: acc=0.5673  f1m=0.2751  uplink_kB=172.5  t=1.23s
  round  26/50: acc=0.5700  f1m=0.2770  uplink_kB=172.5  t=1.31s
  round  27/50: acc=0.5712  f1m=0.2769  uplink_kB=172.5  t=1.08s
  round  28/50: acc=0.5717  f1m=0.2761  uplink_kB=172.5  t=1.11s
  round  29/50: acc=0.5716  f1m=0.2757  uplink_kB=172.5  t=1.06s
  round  30/50: acc=0.5719  f1m=0.2751  uplink_kB=172.5  t=1.09s
  round  31/50: acc=0.5724  f1m=0.2763  uplink_kB=172.5  t=1.05s
  round  32/50: acc=0.5730  f1m=0.2775  uplink_kB=172.5  t=1.02s
  round  33/50: acc=0.5784  f1m=0.2819  uplink_kB=172.5  t=1.04s
  round  34/50: acc=0.5791  f1m=0.2823  uplink_kB=172.5  t=1.07s
  round  35/50: acc=0.6397  f1m=0.3276  uplink_kB=172.5  t=1.05s
  round  36/50: acc=0.6466  f1m=0.3355  uplink_kB=172.5  t=1.08s
  round  37/50: acc=0.6400  f1m=0.3318  uplink_kB=172.5  t=1.02s
  round  38/50: acc=0.6466  f1m=0.3356  uplink_kB=172.5  t=0.97s
  round  39/50: acc=0.6935  f1m=0.3951  uplink_kB=172.5  t=1.07s
  round  40/50: acc=0.6938  f1m=0.3949  uplink_kB=172.5  t=1.06s
  round  41/50: acc=0.6940  f1m=0.3954  uplink_kB=172.5  t=1.00s
  round  42/50: acc=0.6943  f1m=0.3955  uplink_kB=172.5  t=1.07s
  round  43/50: acc=0.6940  f1m=0.3949  uplink_kB=172.5  t=1.06s
  round  44/50: acc=0.6973  f1m=0.3979  uplink_kB=172.5  t=1.10s
  round  45/50: acc=0.6979  f1m=0.3987  uplink_kB=172.5  t=1.01s
  round  46/50: acc=0.7013  f1m=0.4000  uplink_kB=172.5  t=1.06s
  round  47/50: acc=0.7031  f1m=0.4012  uplink_kB=172.5  t=1.04s
  round  48/50: acc=0.7070  f1m=0.4042  uplink_kB=172.5  t=1.08s
  round  49/50: acc=0.7101  f1m=0.4071  uplink_kB=172.5  t=1.02s
  round  50/50: acc=0.7103  f1m=0.4073  uplink_kB=172.5  t=1.12s
[run] DONE -> /Users/agentra/Documents/hao/working/paper-lab/hao-paper-2026/iotj-fedkan-ids/repo/results/lrsweep_cseciic_mc50k/lrsweep_mlp80_lr0p001__dir0.1__seed31/metrics.json  final_acc=0.7103
