[run] device=cpu  seed=11  out=/Users/agentra/Documents/hao/working/paper-lab/hao-paper-2026/iotj-fedkan-ids/repo/results/lrsweep_toniot/lrsweep_mlp80_lr0p003__dir0.1__seed11
[run] model=mlp  params=3,362
  round   1/50: acc=0.6318  f1m=0.6240  uplink_kB=131.3  t=1.12s
  round   2/50: acc=0.6418  f1m=0.6407  uplink_kB=131.3  t=0.67s
  round   3/50: acc=0.6539  f1m=0.6480  uplink_kB=131.3  t=0.69s
  round   4/50: acc=0.6541  f1m=0.6482  uplink_kB=131.3  t=0.69s
  round   5/50: acc=0.6530  f1m=0.6470  uplink_kB=131.3  t=0.62s
  round   6/50: acc=0.6531  f1m=0.6472  uplink_kB=131.3  t=0.67s
  round   7/50: acc=0.6536  f1m=0.6477  uplink_kB=131.3  t=0.66s
  round   8/50: acc=0.6572  f1m=0.6517  uplink_kB=131.3  t=0.69s
  round   9/50: acc=0.6578  f1m=0.6523  uplink_kB=131.3  t=0.65s
  round  10/50: acc=0.6581  f1m=0.6527  uplink_kB=131.3  t=0.69s
  round  11/50: acc=0.6593  f1m=0.6542  uplink_kB=131.3  t=0.69s
  round  12/50: acc=0.6597  f1m=0.6545  uplink_kB=131.3  t=0.62s
  round  13/50: acc=0.6596  f1m=0.6546  uplink_kB=131.3  t=0.68s
  round  14/50: acc=0.6601  f1m=0.6550  uplink_kB=131.3  t=0.67s
  round  15/50: acc=0.6651  f1m=0.6605  uplink_kB=131.3  t=0.66s
  round  16/50: acc=0.6783  f1m=0.6749  uplink_kB=131.3  t=0.69s
  round  17/50: acc=0.6803  f1m=0.6771  uplink_kB=131.3  t=0.68s
  round  18/50: acc=0.6818  f1m=0.6789  uplink_kB=131.3  t=0.61s
  round  19/50: acc=0.6822  f1m=0.6792  uplink_kB=131.3  t=0.68s
  round  20/50: acc=0.6844  f1m=0.6816  uplink_kB=131.3  t=0.67s
  round  21/50: acc=0.6853  f1m=0.6825  uplink_kB=131.3  t=0.66s
  round  22/50: acc=0.6867  f1m=0.6840  uplink_kB=131.3  t=0.69s
  round  23/50: acc=0.6871  f1m=0.6845  uplink_kB=131.3  t=0.67s
  round  24/50: acc=0.7609  f1m=0.7608  uplink_kB=131.3  t=0.63s
  round  25/50: acc=0.7265  f1m=0.7264  uplink_kB=131.3  t=0.67s
  round  26/50: acc=0.7263  f1m=0.7262  uplink_kB=131.3  t=0.67s
  round  27/50: acc=0.7303  f1m=0.7301  uplink_kB=131.3  t=0.69s
  round  28/50: acc=0.7279  f1m=0.7277  uplink_kB=131.3  t=0.68s
  round  29/50: acc=0.7311  f1m=0.7309  uplink_kB=131.3  t=0.68s
  round  30/50: acc=0.7316  f1m=0.7314  uplink_kB=131.3  t=0.66s
  round  31/50: acc=0.7325  f1m=0.7323  uplink_kB=131.3  t=0.66s
  round  32/50: acc=0.7318  f1m=0.7316  uplink_kB=131.3  t=0.61s
  round  33/50: acc=0.7315  f1m=0.7312  uplink_kB=131.3  t=0.65s
  round  34/50: acc=0.7333  f1m=0.7330  uplink_kB=131.3  t=0.65s
  round  35/50: acc=0.7333  f1m=0.7330  uplink_kB=131.3  t=0.70s
  round  36/50: acc=0.7334  f1m=0.7330  uplink_kB=131.3  t=0.72s
  round  37/50: acc=0.7331  f1m=0.7327  uplink_kB=131.3  t=0.64s
  round  38/50: acc=0.7339  f1m=0.7336  uplink_kB=131.3  t=0.72s
  round  39/50: acc=0.7342  f1m=0.7339  uplink_kB=131.3  t=0.69s
  round  40/50: acc=0.7358  f1m=0.7355  uplink_kB=131.3  t=0.69s
  round  41/50: acc=0.7371  f1m=0.7368  uplink_kB=131.3  t=0.68s
  round  42/50: acc=0.7374  f1m=0.7370  uplink_kB=131.3  t=0.66s
  round  43/50: acc=0.7406  f1m=0.7400  uplink_kB=131.3  t=0.64s
  round  44/50: acc=0.7400  f1m=0.7394  uplink_kB=131.3  t=0.78s
  round  45/50: acc=0.7426  f1m=0.7418  uplink_kB=131.3  t=0.70s
  round  46/50: acc=0.7413  f1m=0.7408  uplink_kB=131.3  t=0.66s
  round  47/50: acc=0.7477  f1m=0.7467  uplink_kB=131.3  t=0.65s
  round  48/50: acc=0.7420  f1m=0.7415  uplink_kB=131.3  t=0.69s
  round  49/50: acc=0.7440  f1m=0.7432  uplink_kB=131.3  t=0.64s
  round  50/50: acc=0.7484  f1m=0.7475  uplink_kB=131.3  t=0.75s
[run] DONE -> /Users/agentra/Documents/hao/working/paper-lab/hao-paper-2026/iotj-fedkan-ids/repo/results/lrsweep_toniot/lrsweep_mlp80_lr0p003__dir0.1__seed11/metrics.json  final_acc=0.7484
