[run] device=cpu  seed=29  out=/Users/agentra/Documents/hao/working/paper-lab/hao-paper-2026/iotj-fedkan-ids/repo/results/lrsweep_cseciic/lrsweep_mlp32_lr0p001__dir0.1__seed29
[run] model=mlp  params=1,346
  round   1/50: acc=0.9033  f1m=0.9033  uplink_kB=52.6  t=1.29s
  round   2/50: acc=0.9128  f1m=0.9127  uplink_kB=52.6  t=0.65s
  round   3/50: acc=0.9081  f1m=0.9080  uplink_kB=52.6  t=0.66s
  round   4/50: acc=0.9063  f1m=0.9063  uplink_kB=52.6  t=0.64s
  round   5/50: acc=0.8979  f1m=0.8979  uplink_kB=52.6  t=0.67s
  round   6/50: acc=0.9133  f1m=0.9133  uplink_kB=52.6  t=0.71s
  round   7/50: acc=0.9118  f1m=0.9118  uplink_kB=52.6  t=0.68s
  round   8/50: acc=0.9159  f1m=0.9158  uplink_kB=52.6  t=0.68s
  round   9/50: acc=0.9188  f1m=0.9188  uplink_kB=52.6  t=0.68s
  round  10/50: acc=0.9224  f1m=0.9224  uplink_kB=52.6  t=0.88s
  round  11/50: acc=0.9234  f1m=0.9234  uplink_kB=52.6  t=0.74s
  round  12/50: acc=0.9227  f1m=0.9227  uplink_kB=52.6  t=0.65s
  round  13/50: acc=0.9205  f1m=0.9205  uplink_kB=52.6  t=0.74s
  round  14/50: acc=0.9212  f1m=0.9212  uplink_kB=52.6  t=0.73s
  round  15/50: acc=0.9210  f1m=0.9210  uplink_kB=52.6  t=0.66s
  round  16/50: acc=0.9185  f1m=0.9185  uplink_kB=52.6  t=0.68s
  round  17/50: acc=0.9224  f1m=0.9224  uplink_kB=52.6  t=0.67s
  round  18/50: acc=0.9203  f1m=0.9202  uplink_kB=52.6  t=0.70s
  round  19/50: acc=0.9203  f1m=0.9202  uplink_kB=52.6  t=0.72s
  round  20/50: acc=0.9204  f1m=0.9204  uplink_kB=52.6  t=0.60s
  round  21/50: acc=0.9193  f1m=0.9193  uplink_kB=52.6  t=0.72s
  round  22/50: acc=0.9193  f1m=0.9193  uplink_kB=52.6  t=0.69s
  round  23/50: acc=0.9202  f1m=0.9202  uplink_kB=52.6  t=0.66s
  round  24/50: acc=0.9193  f1m=0.9193  uplink_kB=52.6  t=0.70s
  round  25/50: acc=0.9179  f1m=0.9179  uplink_kB=52.6  t=0.66s
  round  26/50: acc=0.9178  f1m=0.9178  uplink_kB=52.6  t=0.70s
  round  27/50: acc=0.9180  f1m=0.9179  uplink_kB=52.6  t=0.64s
  round  28/50: acc=0.9172  f1m=0.9172  uplink_kB=52.6  t=0.69s
  round  29/50: acc=0.9180  f1m=0.9179  uplink_kB=52.6  t=0.63s
  round  30/50: acc=0.9369  f1m=0.9369  uplink_kB=52.6  t=0.67s
  round  31/50: acc=0.9372  f1m=0.9372  uplink_kB=52.6  t=0.64s
  round  32/50: acc=0.9375  f1m=0.9375  uplink_kB=52.6  t=0.70s
  round  33/50: acc=0.9377  f1m=0.9377  uplink_kB=52.6  t=0.67s
  round  34/50: acc=0.9376  f1m=0.9376  uplink_kB=52.6  t=0.72s
  round  35/50: acc=0.9377  f1m=0.9377  uplink_kB=52.6  t=0.71s
  round  36/50: acc=0.9420  f1m=0.9420  uplink_kB=52.6  t=0.66s
  round  37/50: acc=0.9426  f1m=0.9426  uplink_kB=52.6  t=0.66s
  round  38/50: acc=0.9423  f1m=0.9423  uplink_kB=52.6  t=0.63s
  round  39/50: acc=0.9422  f1m=0.9422  uplink_kB=52.6  t=0.68s
  round  40/50: acc=0.9404  f1m=0.9404  uplink_kB=52.6  t=0.67s
  round  41/50: acc=0.9413  f1m=0.9413  uplink_kB=52.6  t=0.64s
  round  42/50: acc=0.9421  f1m=0.9421  uplink_kB=52.6  t=0.69s
  round  43/50: acc=0.9423  f1m=0.9422  uplink_kB=52.6  t=0.66s
  round  44/50: acc=0.9423  f1m=0.9423  uplink_kB=52.6  t=0.70s
  round  45/50: acc=0.9406  f1m=0.9406  uplink_kB=52.6  t=0.71s
  round  46/50: acc=0.9425  f1m=0.9425  uplink_kB=52.6  t=0.67s
  round  47/50: acc=0.9427  f1m=0.9427  uplink_kB=52.6  t=0.62s
  round  48/50: acc=0.9433  f1m=0.9433  uplink_kB=52.6  t=0.69s
  round  49/50: acc=0.9432  f1m=0.9432  uplink_kB=52.6  t=0.72s
  round  50/50: acc=0.9426  f1m=0.9426  uplink_kB=52.6  t=0.69s
[run] DONE -> /Users/agentra/Documents/hao/working/paper-lab/hao-paper-2026/iotj-fedkan-ids/repo/results/lrsweep_cseciic/lrsweep_mlp32_lr0p001__dir0.1__seed29/metrics.json  final_acc=0.9426
