[run] device=cpu  seed=37  out=/Users/agentra/Documents/hao/working/paper-lab/hao-paper-2026/iotj-fedkan-ids/repo/results/lrsweep_cseciic_mc/lrsweep_kan8_lr0p03__dir0.1__seed37
[run] model=kan  params=4,320
  round   1/50: acc=0.5462  f1m=0.2000  uplink_kB=190.8  t=6.07s
  round   2/50: acc=0.7495  f1m=0.3568  uplink_kB=190.8  t=5.34s
  round   3/50: acc=0.6672  f1m=0.3400  uplink_kB=190.8  t=5.31s
  round   4/50: acc=0.7696  f1m=0.4617  uplink_kB=190.8  t=5.27s
  round   5/50: acc=0.7552  f1m=0.4820  uplink_kB=190.8  t=5.38s
  round   6/50: acc=0.7838  f1m=0.5136  uplink_kB=190.8  t=5.40s
  round   7/50: acc=0.7994  f1m=0.5588  uplink_kB=190.8  t=5.36s
  round   8/50: acc=0.8454  f1m=0.6977  uplink_kB=190.8  t=5.34s
  round   9/50: acc=0.8329  f1m=0.6684  uplink_kB=190.8  t=5.31s
  round  10/50: acc=0.8310  f1m=0.6603  uplink_kB=190.8  t=5.31s
  round  11/50: acc=0.8279  f1m=0.5941  uplink_kB=190.8  t=5.34s
  round  12/50: acc=0.8391  f1m=0.6782  uplink_kB=190.8  t=5.36s
  round  13/50: acc=0.8432  f1m=0.6881  uplink_kB=190.8  t=5.30s
  round  14/50: acc=0.8350  f1m=0.5984  uplink_kB=190.8  t=5.25s
  round  15/50: acc=0.8437  f1m=0.6258  uplink_kB=190.8  t=5.30s
  round  16/50: acc=0.8715  f1m=0.7144  uplink_kB=190.8  t=5.36s
  round  17/50: acc=0.8438  f1m=0.6279  uplink_kB=190.8  t=5.36s
  round  18/50: acc=0.8276  f1m=0.5947  uplink_kB=190.8  t=5.33s
  round  19/50: acc=0.8747  f1m=0.7311  uplink_kB=190.8  t=5.30s
  round  20/50: acc=0.8723  f1m=0.7366  uplink_kB=190.8  t=5.27s
  round  21/50: acc=0.8353  f1m=0.6472  uplink_kB=190.8  t=5.40s
  round  22/50: acc=0.8662  f1m=0.7184  uplink_kB=190.8  t=5.27s
  round  23/50: acc=0.8473  f1m=0.7025  uplink_kB=190.8  t=5.26s
  round  24/50: acc=0.8716  f1m=0.7316  uplink_kB=190.8  t=5.35s
  round  25/50: acc=0.8760  f1m=0.7330  uplink_kB=190.8  t=5.67s
  round  26/50: acc=0.8768  f1m=0.7372  uplink_kB=190.8  t=5.37s
  round  27/50: acc=0.8507  f1m=0.7075  uplink_kB=190.8  t=5.40s
  round  28/50: acc=0.8473  f1m=0.6952  uplink_kB=190.8  t=6.03s
  round  29/50: acc=0.8272  f1m=0.6526  uplink_kB=190.8  t=5.82s
  round  30/50: acc=0.8526  f1m=0.7059  uplink_kB=190.8  t=5.49s
  round  31/50: acc=0.8376  f1m=0.6813  uplink_kB=190.8  t=5.68s
  round  32/50: acc=0.8424  f1m=0.6137  uplink_kB=190.8  t=5.54s
  round  33/50: acc=0.8679  f1m=0.6625  uplink_kB=190.8  t=5.37s
  round  34/50: acc=0.8442  f1m=0.6452  uplink_kB=190.8  t=5.44s
  round  35/50: acc=0.8415  f1m=0.6442  uplink_kB=190.8  t=5.40s
  round  36/50: acc=0.8373  f1m=0.6517  uplink_kB=190.8  t=5.53s
  round  37/50: acc=0.8696  f1m=0.7188  uplink_kB=190.8  t=5.43s
  round  38/50: acc=0.8533  f1m=0.7165  uplink_kB=190.8  t=5.33s
  round  39/50: acc=0.8663  f1m=0.7203  uplink_kB=190.8  t=5.41s
  round  40/50: acc=0.8530  f1m=0.7132  uplink_kB=190.8  t=5.38s
  round  41/50: acc=0.8759  f1m=0.7316  uplink_kB=190.8  t=5.41s
  round  42/50: acc=0.8164  f1m=0.5535  uplink_kB=190.8  t=5.40s
  round  43/50: acc=0.8390  f1m=0.7165  uplink_kB=190.8  t=5.34s
  round  44/50: acc=0.8511  f1m=0.7045  uplink_kB=190.8  t=5.35s
  round  45/50: acc=0.8435  f1m=0.6380  uplink_kB=190.8  t=5.28s
  round  46/50: acc=0.8791  f1m=0.7342  uplink_kB=190.8  t=5.31s
  round  47/50: acc=0.8666  f1m=0.7247  uplink_kB=190.8  t=5.25s
  round  48/50: acc=0.8716  f1m=0.7181  uplink_kB=190.8  t=5.50s
  round  49/50: acc=0.8316  f1m=0.6333  uplink_kB=190.8  t=5.46s
  round  50/50: acc=0.8127  f1m=0.5997  uplink_kB=190.8  t=5.98s
[run] DONE -> /Users/agentra/Documents/hao/working/paper-lab/hao-paper-2026/iotj-fedkan-ids/repo/results/lrsweep_cseciic_mc/lrsweep_kan8_lr0p03__dir0.1__seed37/metrics.json  final_acc=0.8127
