[run] device=cpu  seed=29  out=/Users/agentra/Documents/hao/working/paper-lab/hao-paper-2026/iotj-fedkan-ids/repo/results/lrsweep_cseciic_mc50k/lrsweep_kan8_lr0p01__dir0.1__seed29
[run] model=kan  params=4,320
  round   1/50: acc=0.1920  f1m=0.0629  uplink_kB=190.8  t=3.28s
  round   2/50: acc=0.4592  f1m=0.2076  uplink_kB=190.8  t=2.56s
  round   3/50: acc=0.4719  f1m=0.2181  uplink_kB=190.8  t=2.62s
  round   4/50: acc=0.5748  f1m=0.2805  uplink_kB=190.8  t=2.56s
  round   5/50: acc=0.5988  f1m=0.3351  uplink_kB=190.8  t=2.62s
  round   6/50: acc=0.7120  f1m=0.4649  uplink_kB=190.8  t=2.57s
  round   7/50: acc=0.7455  f1m=0.5125  uplink_kB=190.8  t=2.58s
  round   8/50: acc=0.7382  f1m=0.4970  uplink_kB=190.8  t=2.63s
  round   9/50: acc=0.8041  f1m=0.5795  uplink_kB=190.8  t=2.55s
  round  10/50: acc=0.7915  f1m=0.5594  uplink_kB=190.8  t=2.61s
  round  11/50: acc=0.8176  f1m=0.6007  uplink_kB=190.8  t=2.57s
  round  12/50: acc=0.8189  f1m=0.5989  uplink_kB=190.8  t=2.57s
  round  13/50: acc=0.8223  f1m=0.6030  uplink_kB=190.8  t=2.58s
  round  14/50: acc=0.8352  f1m=0.6201  uplink_kB=190.8  t=2.58s
  round  15/50: acc=0.8468  f1m=0.6422  uplink_kB=190.8  t=2.60s
  round  16/50: acc=0.8527  f1m=0.6486  uplink_kB=190.8  t=2.52s
  round  17/50: acc=0.8504  f1m=0.6432  uplink_kB=190.8  t=2.60s
  round  18/50: acc=0.8570  f1m=0.6462  uplink_kB=190.8  t=2.66s
  round  19/50: acc=0.8542  f1m=0.6485  uplink_kB=190.8  t=2.58s
  round  20/50: acc=0.8362  f1m=0.6286  uplink_kB=190.8  t=2.56s
  round  21/50: acc=0.8419  f1m=0.6354  uplink_kB=190.8  t=2.57s
  round  22/50: acc=0.8724  f1m=0.6699  uplink_kB=190.8  t=2.63s
  round  23/50: acc=0.8390  f1m=0.6344  uplink_kB=190.8  t=2.59s
  round  24/50: acc=0.8746  f1m=0.6698  uplink_kB=190.8  t=2.63s
  round  25/50: acc=0.8393  f1m=0.6380  uplink_kB=190.8  t=2.62s
  round  26/50: acc=0.8709  f1m=0.6727  uplink_kB=190.8  t=2.57s
  round  27/50: acc=0.8380  f1m=0.6401  uplink_kB=190.8  t=2.62s
  round  28/50: acc=0.8529  f1m=0.6642  uplink_kB=190.8  t=2.68s
  round  29/50: acc=0.8784  f1m=0.6809  uplink_kB=190.8  t=2.63s
  round  30/50: acc=0.8385  f1m=0.6419  uplink_kB=190.8  t=2.53s
  round  31/50: acc=0.8444  f1m=0.6561  uplink_kB=190.8  t=2.61s
  round  32/50: acc=0.8523  f1m=0.6613  uplink_kB=190.8  t=2.53s
  round  33/50: acc=0.8600  f1m=0.6604  uplink_kB=190.8  t=2.60s
  round  34/50: acc=0.8579  f1m=0.6610  uplink_kB=190.8  t=2.51s
  round  35/50: acc=0.8581  f1m=0.6590  uplink_kB=190.8  t=2.68s
  round  36/50: acc=0.8503  f1m=0.6446  uplink_kB=190.8  t=2.56s
  round  37/50: acc=0.8470  f1m=0.6457  uplink_kB=190.8  t=2.62s
  round  38/50: acc=0.8758  f1m=0.6792  uplink_kB=190.8  t=2.54s
  round  39/50: acc=0.8480  f1m=0.6594  uplink_kB=190.8  t=2.63s
  round  40/50: acc=0.8564  f1m=0.6676  uplink_kB=190.8  t=2.56s
  round  41/50: acc=0.8412  f1m=0.6504  uplink_kB=190.8  t=2.66s
  round  42/50: acc=0.8452  f1m=0.6569  uplink_kB=190.8  t=2.57s
  round  43/50: acc=0.8483  f1m=0.6531  uplink_kB=190.8  t=2.55s
  round  44/50: acc=0.8595  f1m=0.6658  uplink_kB=190.8  t=2.58s
  round  45/50: acc=0.8501  f1m=0.7124  uplink_kB=190.8  t=2.58s
  round  46/50: acc=0.8853  f1m=0.7468  uplink_kB=190.8  t=2.60s
  round  47/50: acc=0.8607  f1m=0.6701  uplink_kB=190.8  t=2.52s
  round  48/50: acc=0.8621  f1m=0.7241  uplink_kB=190.8  t=2.61s
  round  49/50: acc=0.8762  f1m=0.7403  uplink_kB=190.8  t=2.63s
  round  50/50: acc=0.8440  f1m=0.7156  uplink_kB=190.8  t=2.58s
[run] DONE -> /Users/agentra/Documents/hao/working/paper-lab/hao-paper-2026/iotj-fedkan-ids/repo/results/lrsweep_cseciic_mc50k/lrsweep_kan8_lr0p01__dir0.1__seed29/metrics.json  final_acc=0.8440
