[run] device=cpu  seed=23  out=/Users/agentra/Documents/hao/working/paper-lab/hao-paper-2026/iotj-fedkan-ids/repo/results/lrsweep_cseciic/lrsweep_mlp80_lr0p0003__dir0.1__seed23
[run] model=mlp  params=3,362
  round   1/50: acc=0.7353  f1m=0.7314  uplink_kB=131.3  t=1.41s
  round   2/50: acc=0.7392  f1m=0.7289  uplink_kB=131.3  t=0.71s
  round   3/50: acc=0.7691  f1m=0.7628  uplink_kB=131.3  t=0.67s
  round   4/50: acc=0.7813  f1m=0.7784  uplink_kB=131.3  t=0.68s
  round   5/50: acc=0.8017  f1m=0.8001  uplink_kB=131.3  t=0.65s
  round   6/50: acc=0.8433  f1m=0.8429  uplink_kB=131.3  t=0.67s
  round   7/50: acc=0.8822  f1m=0.8822  uplink_kB=131.3  t=0.65s
  round   8/50: acc=0.9197  f1m=0.9196  uplink_kB=131.3  t=0.67s
  round   9/50: acc=0.9212  f1m=0.9211  uplink_kB=131.3  t=0.67s
  round  10/50: acc=0.9186  f1m=0.9184  uplink_kB=131.3  t=0.68s
  round  11/50: acc=0.9145  f1m=0.9143  uplink_kB=131.3  t=0.61s
  round  12/50: acc=0.9140  f1m=0.9138  uplink_kB=131.3  t=0.69s
  round  13/50: acc=0.9141  f1m=0.9139  uplink_kB=131.3  t=0.72s
  round  14/50: acc=0.9149  f1m=0.9147  uplink_kB=131.3  t=0.69s
  round  15/50: acc=0.9154  f1m=0.9152  uplink_kB=131.3  t=0.68s
  round  16/50: acc=0.9157  f1m=0.9154  uplink_kB=131.3  t=0.68s
  round  17/50: acc=0.9174  f1m=0.9173  uplink_kB=131.3  t=0.69s
  round  18/50: acc=0.9163  f1m=0.9161  uplink_kB=131.3  t=0.67s
  round  19/50: acc=0.9149  f1m=0.9148  uplink_kB=131.3  t=0.66s
  round  20/50: acc=0.9145  f1m=0.9143  uplink_kB=131.3  t=0.69s
  round  21/50: acc=0.9147  f1m=0.9146  uplink_kB=131.3  t=0.66s
  round  22/50: acc=0.9147  f1m=0.9146  uplink_kB=131.3  t=0.68s
  round  23/50: acc=0.9152  f1m=0.9150  uplink_kB=131.3  t=0.67s
  round  24/50: acc=0.9150  f1m=0.9149  uplink_kB=131.3  t=0.68s
  round  25/50: acc=0.9150  f1m=0.9149  uplink_kB=131.3  t=0.67s
  round  26/50: acc=0.9150  f1m=0.9149  uplink_kB=131.3  t=0.67s
  round  27/50: acc=0.9155  f1m=0.9153  uplink_kB=131.3  t=0.74s
  round  28/50: acc=0.9158  f1m=0.9157  uplink_kB=131.3  t=0.74s
  round  29/50: acc=0.9159  f1m=0.9157  uplink_kB=131.3  t=0.68s
  round  30/50: acc=0.9176  f1m=0.9175  uplink_kB=131.3  t=0.69s
  round  31/50: acc=0.9202  f1m=0.9201  uplink_kB=131.3  t=0.61s
  round  32/50: acc=0.9217  f1m=0.9216  uplink_kB=131.3  t=0.68s
  round  33/50: acc=0.9219  f1m=0.9218  uplink_kB=131.3  t=0.72s
  round  34/50: acc=0.9217  f1m=0.9216  uplink_kB=131.3  t=0.68s
  round  35/50: acc=0.9218  f1m=0.9217  uplink_kB=131.3  t=0.69s
  round  36/50: acc=0.9214  f1m=0.9213  uplink_kB=131.3  t=0.76s
  round  37/50: acc=0.9217  f1m=0.9216  uplink_kB=131.3  t=0.65s
  round  38/50: acc=0.9217  f1m=0.9216  uplink_kB=131.3  t=0.65s
  round  39/50: acc=0.9217  f1m=0.9216  uplink_kB=131.3  t=0.71s
  round  40/50: acc=0.9268  f1m=0.9268  uplink_kB=131.3  t=0.74s
  round  41/50: acc=0.9274  f1m=0.9273  uplink_kB=131.3  t=0.65s
  round  42/50: acc=0.9352  f1m=0.9352  uplink_kB=131.3  t=0.68s
  round  43/50: acc=0.9489  f1m=0.9489  uplink_kB=131.3  t=0.69s
  round  44/50: acc=0.9485  f1m=0.9484  uplink_kB=131.3  t=0.62s
  round  45/50: acc=0.9483  f1m=0.9483  uplink_kB=131.3  t=0.68s
  round  46/50: acc=0.9493  f1m=0.9493  uplink_kB=131.3  t=0.66s
  round  47/50: acc=0.9487  f1m=0.9487  uplink_kB=131.3  t=0.68s
  round  48/50: acc=0.9495  f1m=0.9495  uplink_kB=131.3  t=0.68s
  round  49/50: acc=0.9540  f1m=0.9540  uplink_kB=131.3  t=0.68s
  round  50/50: acc=0.9547  f1m=0.9547  uplink_kB=131.3  t=0.64s
[run] DONE -> /Users/agentra/Documents/hao/working/paper-lab/hao-paper-2026/iotj-fedkan-ids/repo/results/lrsweep_cseciic/lrsweep_mlp80_lr0p0003__dir0.1__seed23/metrics.json  final_acc=0.9547
