[run] device=cpu  seed=42  out=/Users/agentra/Documents/hao/working/paper-lab/hao-paper-2026/iotj-fedkan-ids/repo/results/lrsweep_botiot/lrsweep_kan16_lr0p001__dir0.1__seed42
[run] model=kan  params=6,560
  round   1/50: acc=0.9167  f1m=0.9167  uplink_kB=282.0  t=2.57s
  round   2/50: acc=0.9378  f1m=0.9378  uplink_kB=282.0  t=1.91s
  round   3/50: acc=0.9396  f1m=0.9396  uplink_kB=282.0  t=1.88s
  round   4/50: acc=0.9508  f1m=0.9508  uplink_kB=282.0  t=1.85s
  round   5/50: acc=0.9600  f1m=0.9600  uplink_kB=282.0  t=1.85s
  round   6/50: acc=0.9648  f1m=0.9648  uplink_kB=282.0  t=2.08s
  round   7/50: acc=0.9650  f1m=0.9650  uplink_kB=282.0  t=1.83s
  round   8/50: acc=0.9650  f1m=0.9650  uplink_kB=282.0  t=1.85s
  round   9/50: acc=0.9644  f1m=0.9644  uplink_kB=282.0  t=1.92s
  round  10/50: acc=0.9693  f1m=0.9693  uplink_kB=282.0  t=1.89s
  round  11/50: acc=0.9715  f1m=0.9714  uplink_kB=282.0  t=1.87s
  round  12/50: acc=0.9715  f1m=0.9715  uplink_kB=282.0  t=1.88s
  round  13/50: acc=0.9715  f1m=0.9715  uplink_kB=282.0  t=1.81s
  round  14/50: acc=0.9716  f1m=0.9716  uplink_kB=282.0  t=1.87s
  round  15/50: acc=0.9718  f1m=0.9718  uplink_kB=282.0  t=1.86s
  round  16/50: acc=0.9719  f1m=0.9719  uplink_kB=282.0  t=1.83s
  round  17/50: acc=0.9720  f1m=0.9720  uplink_kB=282.0  t=1.91s
  round  18/50: acc=0.9730  f1m=0.9730  uplink_kB=282.0  t=1.80s
  round  19/50: acc=0.9730  f1m=0.9730  uplink_kB=282.0  t=1.84s
  round  20/50: acc=0.9731  f1m=0.9731  uplink_kB=282.0  t=1.89s
  round  21/50: acc=0.9730  f1m=0.9730  uplink_kB=282.0  t=1.86s
  round  22/50: acc=0.9731  f1m=0.9731  uplink_kB=282.0  t=1.87s
  round  23/50: acc=0.9732  f1m=0.9731  uplink_kB=282.0  t=1.91s
  round  24/50: acc=0.9732  f1m=0.9732  uplink_kB=282.0  t=1.81s
  round  25/50: acc=0.9731  f1m=0.9731  uplink_kB=282.0  t=1.78s
  round  26/50: acc=0.9734  f1m=0.9734  uplink_kB=282.0  t=1.82s
  round  27/50: acc=0.9731  f1m=0.9731  uplink_kB=282.0  t=1.86s
  round  28/50: acc=0.9731  f1m=0.9731  uplink_kB=282.0  t=1.86s
  round  29/50: acc=0.9732  f1m=0.9732  uplink_kB=282.0  t=1.85s
  round  30/50: acc=0.9732  f1m=0.9731  uplink_kB=282.0  t=1.84s
  round  31/50: acc=0.9732  f1m=0.9732  uplink_kB=282.0  t=1.88s
  round  32/50: acc=0.9732  f1m=0.9732  uplink_kB=282.0  t=1.80s
  round  33/50: acc=0.9732  f1m=0.9732  uplink_kB=282.0  t=1.83s
  round  34/50: acc=0.9735  f1m=0.9735  uplink_kB=282.0  t=1.83s
  round  35/50: acc=0.9733  f1m=0.9733  uplink_kB=282.0  t=2.01s
  round  36/50: acc=0.9732  f1m=0.9732  uplink_kB=282.0  t=1.81s
  round  37/50: acc=0.9739  f1m=0.9739  uplink_kB=282.0  t=3.56s
  round  38/50: acc=0.9739  f1m=0.9739  uplink_kB=282.0  t=2.08s
  round  39/50: acc=0.9738  f1m=0.9738  uplink_kB=282.0  t=2.90s
  round  40/50: acc=0.9749  f1m=0.9749  uplink_kB=282.0  t=4.42s
  round  41/50: acc=0.9749  f1m=0.9749  uplink_kB=282.0  t=6.34s
  round  42/50: acc=0.9748  f1m=0.9748  uplink_kB=282.0  t=7.92s
  round  43/50: acc=0.9749  f1m=0.9749  uplink_kB=282.0  t=8.09s
  round  44/50: acc=0.9750  f1m=0.9750  uplink_kB=282.0  t=8.41s
  round  45/50: acc=0.9751  f1m=0.9751  uplink_kB=282.0  t=6.17s
  round  46/50: acc=0.9751  f1m=0.9750  uplink_kB=282.0  t=4.68s
  round  47/50: acc=0.9751  f1m=0.9751  uplink_kB=282.0  t=1.78s
  round  48/50: acc=0.9751  f1m=0.9751  uplink_kB=282.0  t=3.28s
  round  49/50: acc=0.9751  f1m=0.9751  uplink_kB=282.0  t=3.89s
  round  50/50: acc=0.9750  f1m=0.9750  uplink_kB=282.0  t=6.42s
[run] DONE -> /Users/agentra/Documents/hao/working/paper-lab/hao-paper-2026/iotj-fedkan-ids/repo/results/lrsweep_botiot/lrsweep_kan16_lr0p001__dir0.1__seed42/metrics.json  final_acc=0.9750
