[run] device=cpu  seed=29  out=/Users/agentra/Documents/hao/working/paper-lab/hao-paper-2026/iotj-fedkan-ids/repo/results/lrsweep_cseciic_mc/lrsweep_mlp80_lr0p1__dir0.1__seed29
[run] model=mlp  params=4,415
  round   1/50: acc=0.1298  f1m=0.0255  uplink_kB=172.5  t=2.78s
  round   2/50: acc=0.4215  f1m=0.1825  uplink_kB=172.5  t=2.11s
  round   3/50: acc=0.4216  f1m=0.1722  uplink_kB=172.5  t=2.17s
  round   4/50: acc=0.4447  f1m=0.2373  uplink_kB=172.5  t=2.17s
  round   5/50: acc=0.4542  f1m=0.2375  uplink_kB=172.5  t=2.18s
  round   6/50: acc=0.5247  f1m=0.4014  uplink_kB=172.5  t=2.20s
  round   7/50: acc=0.4924  f1m=0.3111  uplink_kB=172.5  t=2.43s
  round   8/50: acc=0.4973  f1m=0.3091  uplink_kB=172.5  t=2.21s
  round   9/50: acc=0.5121  f1m=0.4485  uplink_kB=172.5  t=2.21s
  round  10/50: acc=0.5132  f1m=0.4476  uplink_kB=172.5  t=2.26s
  round  11/50: acc=0.5119  f1m=0.4156  uplink_kB=172.5  t=2.16s
  round  12/50: acc=0.5126  f1m=0.4451  uplink_kB=172.5  t=2.23s
  round  13/50: acc=0.5184  f1m=0.4397  uplink_kB=172.5  t=2.09s
  round  14/50: acc=0.5139  f1m=0.4416  uplink_kB=172.5  t=2.16s
  round  15/50: acc=0.5035  f1m=0.4546  uplink_kB=172.5  t=2.14s
  round  16/50: acc=0.4998  f1m=0.4570  uplink_kB=172.5  t=2.14s
  round  17/50: acc=0.4540  f1m=0.3339  uplink_kB=172.5  t=2.11s
  round  18/50: acc=0.4787  f1m=0.3660  uplink_kB=172.5  t=2.13s
  round  19/50: acc=0.4864  f1m=0.3843  uplink_kB=172.5  t=2.18s
  round  20/50: acc=0.5086  f1m=0.4632  uplink_kB=172.5  t=2.18s
  round  21/50: acc=0.5171  f1m=0.4675  uplink_kB=172.5  t=2.13s
  round  22/50: acc=0.4948  f1m=0.4460  uplink_kB=172.5  t=2.19s
  round  23/50: acc=0.4183  f1m=0.3867  uplink_kB=172.5  t=2.19s
  round  24/50: acc=0.5202  f1m=0.4165  uplink_kB=172.5  t=2.15s
  round  25/50: acc=0.4010  f1m=0.4412  uplink_kB=172.5  t=2.11s
  round  26/50: acc=0.5298  f1m=0.4933  uplink_kB=172.5  t=2.12s
  round  27/50: acc=0.5105  f1m=0.4140  uplink_kB=172.5  t=2.21s
  round  28/50: acc=0.5076  f1m=0.4053  uplink_kB=172.5  t=2.13s
  round  29/50: acc=0.5140  f1m=0.4108  uplink_kB=172.5  t=2.09s
  round  30/50: acc=0.5312  f1m=0.4936  uplink_kB=172.5  t=2.15s
  round  31/50: acc=0.5119  f1m=0.4110  uplink_kB=172.5  t=2.21s
  round  32/50: acc=0.5140  f1m=0.4086  uplink_kB=172.5  t=2.09s
  round  33/50: acc=0.4745  f1m=0.3751  uplink_kB=172.5  t=2.09s
  round  34/50: acc=0.5048  f1m=0.3263  uplink_kB=172.5  t=2.13s
  round  35/50: acc=0.4916  f1m=0.3779  uplink_kB=172.5  t=2.21s
  round  36/50: acc=0.5036  f1m=0.3291  uplink_kB=172.5  t=2.11s
  round  37/50: acc=0.5081  f1m=0.3328  uplink_kB=172.5  t=2.17s
  round  38/50: acc=0.5022  f1m=0.3246  uplink_kB=172.5  t=2.11s
  round  39/50: acc=0.4977  f1m=0.3185  uplink_kB=172.5  t=2.23s
  round  40/50: acc=0.5195  f1m=0.3398  uplink_kB=172.5  t=2.18s
  round  41/50: acc=0.5362  f1m=0.3519  uplink_kB=172.5  t=2.15s
  round  42/50: acc=0.5050  f1m=0.3337  uplink_kB=172.5  t=2.08s
  round  43/50: acc=0.5033  f1m=0.3211  uplink_kB=172.5  t=2.18s
  round  44/50: acc=0.4730  f1m=0.3619  uplink_kB=172.5  t=2.16s
  round  45/50: acc=0.5190  f1m=0.3491  uplink_kB=172.5  t=2.15s
  round  46/50: acc=0.5183  f1m=0.3420  uplink_kB=172.5  t=2.14s
  round  47/50: acc=0.5189  f1m=0.3504  uplink_kB=172.5  t=2.12s
  round  48/50: acc=0.5181  f1m=0.3624  uplink_kB=172.5  t=2.10s
  round  49/50: acc=0.5175  f1m=0.3446  uplink_kB=172.5  t=2.15s
  round  50/50: acc=0.5158  f1m=0.3508  uplink_kB=172.5  t=2.11s
[run] DONE -> /Users/agentra/Documents/hao/working/paper-lab/hao-paper-2026/iotj-fedkan-ids/repo/results/lrsweep_cseciic_mc/lrsweep_mlp80_lr0p1__dir0.1__seed29/metrics.json  final_acc=0.5158
