[run] device=cpu  seed=2024  out=/Users/agentra/Documents/hao/working/paper-lab/hao-paper-2026/iotj-fedkan-ids/repo/results/lrsweep_botiot/lrsweep_mlp32_lr0p03__dir0.1__seed2024
[run] model=mlp  params=1,346
  round   1/50: acc=0.7795  f1m=0.7724  uplink_kB=52.6  t=1.37s
  round   2/50: acc=0.7320  f1m=0.7178  uplink_kB=52.6  t=0.71s
  round   3/50: acc=0.6259  f1m=0.5642  uplink_kB=52.6  t=0.67s
  round   4/50: acc=0.6513  f1m=0.6024  uplink_kB=52.6  t=0.66s
  round   5/50: acc=0.6785  f1m=0.6409  uplink_kB=52.6  t=0.61s
  round   6/50: acc=0.6908  f1m=0.6577  uplink_kB=52.6  t=0.64s
  round   7/50: acc=0.6976  f1m=0.6668  uplink_kB=52.6  t=0.64s
  round   8/50: acc=0.7094  f1m=0.6824  uplink_kB=52.6  t=0.70s
  round   9/50: acc=0.7032  f1m=0.6742  uplink_kB=52.6  t=0.66s
  round  10/50: acc=0.7079  f1m=0.6805  uplink_kB=52.6  t=0.67s
  round  11/50: acc=0.7281  f1m=0.7062  uplink_kB=52.6  t=0.62s
  round  12/50: acc=0.8273  f1m=0.8219  uplink_kB=52.6  t=0.67s
  round  13/50: acc=0.8277  f1m=0.8224  uplink_kB=52.6  t=0.64s
  round  14/50: acc=0.8056  f1m=0.7978  uplink_kB=52.6  t=0.66s
  round  15/50: acc=0.8308  f1m=0.8258  uplink_kB=52.6  t=0.65s
  round  16/50: acc=0.8311  f1m=0.8261  uplink_kB=52.6  t=0.69s
  round  17/50: acc=0.8321  f1m=0.8272  uplink_kB=52.6  t=0.61s
  round  18/50: acc=0.8324  f1m=0.8275  uplink_kB=52.6  t=0.70s
  round  19/50: acc=0.8330  f1m=0.8282  uplink_kB=52.6  t=0.64s
  round  20/50: acc=0.8340  f1m=0.8293  uplink_kB=52.6  t=0.63s
  round  21/50: acc=0.8365  f1m=0.8319  uplink_kB=52.6  t=0.63s
  round  22/50: acc=0.8376  f1m=0.8332  uplink_kB=52.6  t=0.67s
  round  23/50: acc=0.8458  f1m=0.8420  uplink_kB=52.6  t=0.65s
  round  24/50: acc=0.8449  f1m=0.8411  uplink_kB=52.6  t=0.63s
  round  25/50: acc=0.8450  f1m=0.8411  uplink_kB=52.6  t=0.67s
  round  26/50: acc=0.8468  f1m=0.8430  uplink_kB=52.6  t=0.75s
  round  27/50: acc=0.8465  f1m=0.8427  uplink_kB=52.6  t=0.69s
  round  28/50: acc=0.8449  f1m=0.8410  uplink_kB=52.6  t=0.69s
  round  29/50: acc=0.8478  f1m=0.8442  uplink_kB=52.6  t=0.70s
  round  30/50: acc=0.8486  f1m=0.8449  uplink_kB=52.6  t=0.64s
  round  31/50: acc=0.8485  f1m=0.8449  uplink_kB=52.6  t=0.69s
  round  32/50: acc=0.8495  f1m=0.8459  uplink_kB=52.6  t=0.69s
  round  33/50: acc=0.8510  f1m=0.8475  uplink_kB=52.6  t=0.68s
  round  34/50: acc=0.8508  f1m=0.8473  uplink_kB=52.6  t=0.66s
  round  35/50: acc=0.8511  f1m=0.8477  uplink_kB=52.6  t=0.68s
  round  36/50: acc=0.8530  f1m=0.8497  uplink_kB=52.6  t=0.60s
  round  37/50: acc=0.8528  f1m=0.8495  uplink_kB=52.6  t=0.69s
  round  38/50: acc=0.8515  f1m=0.8481  uplink_kB=52.6  t=0.66s
  round  39/50: acc=0.8506  f1m=0.8472  uplink_kB=52.6  t=0.68s
  round  40/50: acc=0.8519  f1m=0.8485  uplink_kB=52.6  t=0.66s
  round  41/50: acc=0.8540  f1m=0.8507  uplink_kB=52.6  t=0.66s
  round  42/50: acc=0.8514  f1m=0.8480  uplink_kB=52.6  t=0.62s
  round  43/50: acc=0.8540  f1m=0.8508  uplink_kB=52.6  t=0.64s
  round  44/50: acc=0.8533  f1m=0.8500  uplink_kB=52.6  t=0.68s
  round  45/50: acc=0.8527  f1m=0.8494  uplink_kB=52.6  t=0.68s
  round  46/50: acc=0.8565  f1m=0.8534  uplink_kB=52.6  t=0.70s
  round  47/50: acc=0.8575  f1m=0.8545  uplink_kB=52.6  t=0.71s
  round  48/50: acc=0.8542  f1m=0.8510  uplink_kB=52.6  t=0.69s
  round  49/50: acc=0.8333  f1m=0.8284  uplink_kB=52.6  t=0.67s
  round  50/50: acc=0.8587  f1m=0.8558  uplink_kB=52.6  t=0.65s
[run] DONE -> /Users/agentra/Documents/hao/working/paper-lab/hao-paper-2026/iotj-fedkan-ids/repo/results/lrsweep_botiot/lrsweep_mlp32_lr0p03__dir0.1__seed2024/metrics.json  final_acc=0.8587
