[run] device=cpu  seed=29  out=/Users/agentra/Documents/hao/working/paper-lab/hao-paper-2026/iotj-fedkan-ids/repo/results/lrsweep_botiot/lrsweep_mlp32_lr0p01__dir0.1__seed29
[run] model=mlp  params=1,346
  round   1/50: acc=0.5856  f1m=0.4986  uplink_kB=52.6  t=1.26s
  round   2/50: acc=0.7134  f1m=0.6972  uplink_kB=52.6  t=0.68s
  round   3/50: acc=0.6102  f1m=0.6073  uplink_kB=52.6  t=0.63s
  round   4/50: acc=0.7047  f1m=0.6850  uplink_kB=52.6  t=0.66s
  round   5/50: acc=0.6879  f1m=0.6634  uplink_kB=52.6  t=0.65s
  round   6/50: acc=0.6647  f1m=0.6322  uplink_kB=52.6  t=0.60s
  round   7/50: acc=0.6603  f1m=0.6272  uplink_kB=52.6  t=0.62s
  round   8/50: acc=0.6618  f1m=0.6297  uplink_kB=52.6  t=0.67s
  round   9/50: acc=0.6763  f1m=0.6490  uplink_kB=52.6  t=0.66s
  round  10/50: acc=0.6762  f1m=0.6491  uplink_kB=52.6  t=0.70s
  round  11/50: acc=0.6777  f1m=0.6510  uplink_kB=52.6  t=0.66s
  round  12/50: acc=0.6934  f1m=0.6712  uplink_kB=52.6  t=0.59s
  round  13/50: acc=0.7028  f1m=0.6831  uplink_kB=52.6  t=0.67s
  round  14/50: acc=0.7045  f1m=0.6853  uplink_kB=52.6  t=0.65s
  round  15/50: acc=0.7044  f1m=0.6852  uplink_kB=52.6  t=0.67s
  round  16/50: acc=0.7030  f1m=0.6844  uplink_kB=52.6  t=0.61s
  round  17/50: acc=0.7024  f1m=0.6836  uplink_kB=52.6  t=0.59s
  round  18/50: acc=0.7032  f1m=0.6845  uplink_kB=52.6  t=0.66s
  round  19/50: acc=0.7022  f1m=0.6834  uplink_kB=52.6  t=0.61s
  round  20/50: acc=0.7063  f1m=0.6885  uplink_kB=52.6  t=0.69s
  round  21/50: acc=0.7050  f1m=0.6869  uplink_kB=52.6  t=0.65s
  round  22/50: acc=0.7032  f1m=0.6847  uplink_kB=52.6  t=0.69s
  round  23/50: acc=0.7028  f1m=0.6843  uplink_kB=52.6  t=0.64s
  round  24/50: acc=0.7076  f1m=0.6901  uplink_kB=52.6  t=0.69s
  round  25/50: acc=0.7212  f1m=0.7065  uplink_kB=52.6  t=0.67s
  round  26/50: acc=0.7112  f1m=0.6945  uplink_kB=52.6  t=0.67s
  round  27/50: acc=0.7083  f1m=0.6910  uplink_kB=52.6  t=0.70s
  round  28/50: acc=0.6995  f1m=0.6801  uplink_kB=52.6  t=0.67s
  round  29/50: acc=0.7291  f1m=0.7160  uplink_kB=52.6  t=0.64s
  round  30/50: acc=0.7102  f1m=0.6934  uplink_kB=52.6  t=0.69s
  round  31/50: acc=0.7090  f1m=0.6919  uplink_kB=52.6  t=0.67s
  round  32/50: acc=0.7422  f1m=0.7313  uplink_kB=52.6  t=0.67s
  round  33/50: acc=0.7213  f1m=0.7068  uplink_kB=52.6  t=0.64s
  round  34/50: acc=0.7281  f1m=0.7149  uplink_kB=52.6  t=0.62s
  round  35/50: acc=0.7019  f1m=0.6833  uplink_kB=52.6  t=0.66s
  round  36/50: acc=0.7375  f1m=0.7259  uplink_kB=52.6  t=0.67s
  round  37/50: acc=0.7129  f1m=0.6967  uplink_kB=52.6  t=0.63s
  round  38/50: acc=0.7297  f1m=0.7168  uplink_kB=52.6  t=0.72s
  round  39/50: acc=0.7061  f1m=0.6885  uplink_kB=52.6  t=0.63s
  round  40/50: acc=0.7005  f1m=0.6815  uplink_kB=52.6  t=0.64s
  round  41/50: acc=0.6999  f1m=0.6808  uplink_kB=52.6  t=0.70s
  round  42/50: acc=0.6984  f1m=0.6789  uplink_kB=52.6  t=0.68s
  round  43/50: acc=0.7060  f1m=0.6884  uplink_kB=52.6  t=0.61s
  round  44/50: acc=0.7012  f1m=0.6824  uplink_kB=52.6  t=0.66s
  round  45/50: acc=0.7168  f1m=0.7015  uplink_kB=52.6  t=0.69s
  round  46/50: acc=0.7438  f1m=0.7346  uplink_kB=52.6  t=0.66s
  round  47/50: acc=0.7029  f1m=0.6846  uplink_kB=52.6  t=0.67s
  round  48/50: acc=0.7026  f1m=0.6864  uplink_kB=52.6  t=0.67s
  round  49/50: acc=0.7439  f1m=0.7350  uplink_kB=52.6  t=0.62s
  round  50/50: acc=0.7306  f1m=0.7196  uplink_kB=52.6  t=0.69s
[run] DONE -> /Users/agentra/Documents/hao/working/paper-lab/hao-paper-2026/iotj-fedkan-ids/repo/results/lrsweep_botiot/lrsweep_mlp32_lr0p01__dir0.1__seed29/metrics.json  final_acc=0.7306
