[run] device=cpu  seed=11  out=/Users/agentra/Documents/hao/working/paper-lab/hao-paper-2026/iotj-fedkan-ids/repo/results/lrsweep_cseciic_mc50k/lrsweep_mlp80_lr0p001__dir0.1__seed11
[run] model=mlp  params=4,415
  round   1/50: acc=0.2385  f1m=0.0639  uplink_kB=172.5  t=1.55s
  round   2/50: acc=0.3041  f1m=0.0897  uplink_kB=172.5  t=1.04s
  round   3/50: acc=0.3013  f1m=0.0888  uplink_kB=172.5  t=1.08s
  round   4/50: acc=0.3121  f1m=0.0912  uplink_kB=172.5  t=1.20s
  round   5/50: acc=0.3424  f1m=0.1048  uplink_kB=172.5  t=1.10s
  round   6/50: acc=0.3474  f1m=0.1139  uplink_kB=172.5  t=1.02s
  round   7/50: acc=0.4924  f1m=0.2279  uplink_kB=172.5  t=1.07s
  round   8/50: acc=0.5105  f1m=0.2647  uplink_kB=172.5  t=1.02s
  round   9/50: acc=0.5091  f1m=0.2635  uplink_kB=172.5  t=1.07s
  round  10/50: acc=0.5079  f1m=0.2628  uplink_kB=172.5  t=0.99s
  round  11/50: acc=0.5068  f1m=0.2620  uplink_kB=172.5  t=1.46s
  round  12/50: acc=0.5098  f1m=0.2661  uplink_kB=172.5  t=1.16s
  round  13/50: acc=0.5384  f1m=0.3496  uplink_kB=172.5  t=1.21s
  round  14/50: acc=0.5875  f1m=0.3858  uplink_kB=172.5  t=1.06s
  round  15/50: acc=0.6255  f1m=0.4054  uplink_kB=172.5  t=1.13s
  round  16/50: acc=0.6449  f1m=0.4198  uplink_kB=172.5  t=0.98s
  round  17/50: acc=0.6639  f1m=0.4305  uplink_kB=172.5  t=1.06s
  round  18/50: acc=0.6470  f1m=0.4203  uplink_kB=172.5  t=1.02s
  round  19/50: acc=0.6534  f1m=0.4354  uplink_kB=172.5  t=1.11s
  round  20/50: acc=0.6572  f1m=0.4510  uplink_kB=172.5  t=1.01s
  round  21/50: acc=0.6484  f1m=0.4529  uplink_kB=172.5  t=1.11s
  round  22/50: acc=0.6634  f1m=0.4758  uplink_kB=172.5  t=1.02s
  round  23/50: acc=0.6637  f1m=0.4743  uplink_kB=172.5  t=1.11s
  round  24/50: acc=0.6642  f1m=0.4742  uplink_kB=172.5  t=1.01s
  round  25/50: acc=0.6708  f1m=0.4874  uplink_kB=172.5  t=1.09s
  round  26/50: acc=0.6738  f1m=0.4928  uplink_kB=172.5  t=1.01s
  round  27/50: acc=0.6763  f1m=0.4947  uplink_kB=172.5  t=1.08s
  round  28/50: acc=0.6804  f1m=0.4993  uplink_kB=172.5  t=1.05s
  round  29/50: acc=0.6864  f1m=0.5038  uplink_kB=172.5  t=1.13s
  round  30/50: acc=0.6913  f1m=0.5113  uplink_kB=172.5  t=1.12s
  round  31/50: acc=0.6951  f1m=0.5142  uplink_kB=172.5  t=1.07s
  round  32/50: acc=0.6963  f1m=0.5150  uplink_kB=172.5  t=1.16s
  round  33/50: acc=0.6978  f1m=0.5179  uplink_kB=172.5  t=1.10s
  round  34/50: acc=0.6966  f1m=0.5156  uplink_kB=172.5  t=1.14s
  round  35/50: acc=0.6994  f1m=0.5207  uplink_kB=172.5  t=1.03s
  round  36/50: acc=0.7019  f1m=0.5237  uplink_kB=172.5  t=1.05s
  round  37/50: acc=0.7037  f1m=0.5258  uplink_kB=172.5  t=1.05s
  round  38/50: acc=0.7057  f1m=0.5271  uplink_kB=172.5  t=1.08s
  round  39/50: acc=0.7081  f1m=0.5299  uplink_kB=172.5  t=1.01s
  round  40/50: acc=0.7083  f1m=0.5276  uplink_kB=172.5  t=1.08s
  round  41/50: acc=0.7113  f1m=0.5328  uplink_kB=172.5  t=1.03s
  round  42/50: acc=0.7146  f1m=0.5371  uplink_kB=172.5  t=1.14s
  round  43/50: acc=0.7117  f1m=0.5298  uplink_kB=172.5  t=1.07s
  round  44/50: acc=0.7156  f1m=0.5343  uplink_kB=172.5  t=1.09s
  round  45/50: acc=0.7166  f1m=0.5307  uplink_kB=172.5  t=1.04s
  round  46/50: acc=0.7151  f1m=0.5238  uplink_kB=172.5  t=1.08s
  round  47/50: acc=0.7181  f1m=0.5257  uplink_kB=172.5  t=1.05s
  round  48/50: acc=0.7190  f1m=0.5279  uplink_kB=172.5  t=1.16s
  round  49/50: acc=0.7183  f1m=0.5256  uplink_kB=172.5  t=1.09s
  round  50/50: acc=0.7185  f1m=0.5253  uplink_kB=172.5  t=1.12s
[run] DONE -> /Users/agentra/Documents/hao/working/paper-lab/hao-paper-2026/iotj-fedkan-ids/repo/results/lrsweep_cseciic_mc50k/lrsweep_mlp80_lr0p001__dir0.1__seed11/metrics.json  final_acc=0.7185
