[run] device=cpu  seed=11  out=/Users/agentra/Documents/hao/working/paper-lab/hao-paper-2026/iotj-fedkan-ids/repo/results/lrsweep_cseciic_mc/lrsweep_kan8_lr0p1__dir0.1__seed11
[run] model=kan  params=4,320
  round   1/50: acc=0.1718  f1m=0.0315  uplink_kB=190.8  t=6.18s
  round   2/50: acc=0.4915  f1m=0.1965  uplink_kB=190.8  t=5.42s
  round   3/50: acc=0.5327  f1m=0.2438  uplink_kB=190.8  t=5.37s
  round   4/50: acc=0.6220  f1m=0.2959  uplink_kB=190.8  t=5.36s
  round   5/50: acc=0.6217  f1m=0.3537  uplink_kB=190.8  t=5.36s
  round   6/50: acc=0.7450  f1m=0.3575  uplink_kB=190.8  t=5.35s
  round   7/50: acc=0.6797  f1m=0.4302  uplink_kB=190.8  t=5.30s
  round   8/50: acc=0.7913  f1m=0.4190  uplink_kB=190.8  t=5.45s
  round   9/50: acc=0.7972  f1m=0.4490  uplink_kB=190.8  t=5.45s
  round  10/50: acc=0.7638  f1m=0.4231  uplink_kB=190.8  t=5.32s
  round  11/50: acc=0.7845  f1m=0.4705  uplink_kB=190.8  t=5.42s
  round  12/50: acc=0.8255  f1m=0.5116  uplink_kB=190.8  t=5.46s
  round  13/50: acc=0.7943  f1m=0.4548  uplink_kB=190.8  t=5.64s
  round  14/50: acc=0.7672  f1m=0.4874  uplink_kB=190.8  t=5.45s
  round  15/50: acc=0.8189  f1m=0.4786  uplink_kB=190.8  t=5.51s
  round  16/50: acc=0.8084  f1m=0.4647  uplink_kB=190.8  t=5.67s
  round  17/50: acc=0.7046  f1m=0.3792  uplink_kB=190.8  t=5.42s
  round  18/50: acc=0.8032  f1m=0.4652  uplink_kB=190.8  t=5.39s
  round  19/50: acc=0.6548  f1m=0.3969  uplink_kB=190.8  t=5.37s
  round  20/50: acc=0.7695  f1m=0.4300  uplink_kB=190.8  t=5.34s
  round  21/50: acc=0.6955  f1m=0.3732  uplink_kB=190.8  t=5.35s
  round  22/50: acc=0.8215  f1m=0.4832  uplink_kB=190.8  t=5.40s
  round  23/50: acc=0.7941  f1m=0.4614  uplink_kB=190.8  t=5.41s
  round  24/50: acc=0.6868  f1m=0.4222  uplink_kB=190.8  t=5.38s
  round  25/50: acc=0.7500  f1m=0.4010  uplink_kB=190.8  t=5.32s
  round  26/50: acc=0.6309  f1m=0.3296  uplink_kB=190.8  t=5.42s
  round  27/50: acc=0.7344  f1m=0.3992  uplink_kB=190.8  t=5.29s
  round  28/50: acc=0.7644  f1m=0.3872  uplink_kB=190.8  t=5.38s
  round  29/50: acc=0.7910  f1m=0.4189  uplink_kB=190.8  t=5.25s
  round  30/50: acc=0.7578  f1m=0.4249  uplink_kB=190.8  t=5.31s
  round  31/50: acc=0.7922  f1m=0.4201  uplink_kB=190.8  t=5.36s
  round  32/50: acc=0.6823  f1m=0.3184  uplink_kB=190.8  t=5.29s
  round  33/50: acc=0.7543  f1m=0.3699  uplink_kB=190.8  t=5.27s
  round  34/50: acc=0.7486  f1m=0.3504  uplink_kB=190.8  t=5.29s
  round  35/50: acc=0.7509  f1m=0.3803  uplink_kB=190.8  t=5.30s
  round  36/50: acc=0.6251  f1m=0.3058  uplink_kB=190.8  t=5.38s
  round  37/50: acc=0.7561  f1m=0.3674  uplink_kB=190.8  t=5.33s
  round  38/50: acc=0.7605  f1m=0.3559  uplink_kB=190.8  t=5.30s
  round  39/50: acc=0.6096  f1m=0.3059  uplink_kB=190.8  t=5.30s
  round  40/50: acc=0.7872  f1m=0.4247  uplink_kB=190.8  t=5.34s
  round  41/50: acc=0.7716  f1m=0.4336  uplink_kB=190.8  t=5.37s
  round  42/50: acc=0.7622  f1m=0.3805  uplink_kB=190.8  t=5.25s
  round  43/50: acc=0.7024  f1m=0.3515  uplink_kB=190.8  t=5.34s
  round  44/50: acc=0.7373  f1m=0.3633  uplink_kB=190.8  t=5.28s
  round  45/50: acc=0.5905  f1m=0.3586  uplink_kB=190.8  t=5.29s
  round  46/50: acc=0.6074  f1m=0.2901  uplink_kB=190.8  t=5.42s
  round  47/50: acc=0.6295  f1m=0.3380  uplink_kB=190.8  t=5.25s
  round  48/50: acc=0.6041  f1m=0.3111  uplink_kB=190.8  t=5.31s
  round  49/50: acc=0.6304  f1m=0.3741  uplink_kB=190.8  t=5.25s
  round  50/50: acc=0.6584  f1m=0.3074  uplink_kB=190.8  t=5.29s
[run] DONE -> /Users/agentra/Documents/hao/working/paper-lab/hao-paper-2026/iotj-fedkan-ids/repo/results/lrsweep_cseciic_mc/lrsweep_kan8_lr0p1__dir0.1__seed11/metrics.json  final_acc=0.6584
