[run] device=cpu  seed=11  out=/Users/agentra/Documents/hao/working/paper-lab/hao-paper-2026/iotj-fedkan-ids/repo/results/lrsweep_botiot/lrsweep_mlp32_lr0p1__dir0.1__seed11
[run] model=mlp  params=1,346
  round   1/50: acc=0.5363  f1m=0.4078  uplink_kB=52.6  t=1.34s
  round   2/50: acc=0.7354  f1m=0.7153  uplink_kB=52.6  t=0.67s
  round   3/50: acc=0.8181  f1m=0.8118  uplink_kB=52.6  t=0.65s
  round   4/50: acc=0.8231  f1m=0.8173  uplink_kB=52.6  t=0.67s
  round   5/50: acc=0.8183  f1m=0.8120  uplink_kB=52.6  t=0.61s
  round   6/50: acc=0.8176  f1m=0.8112  uplink_kB=52.6  t=0.65s
  round   7/50: acc=0.8292  f1m=0.8240  uplink_kB=52.6  t=0.63s
  round   8/50: acc=0.8348  f1m=0.8301  uplink_kB=52.6  t=0.69s
  round   9/50: acc=0.8431  f1m=0.8390  uplink_kB=52.6  t=0.65s
  round  10/50: acc=0.8447  f1m=0.8408  uplink_kB=52.6  t=0.69s
  round  11/50: acc=0.8487  f1m=0.8451  uplink_kB=52.6  t=0.65s
  round  12/50: acc=0.8489  f1m=0.8453  uplink_kB=52.6  t=0.60s
  round  13/50: acc=0.8528  f1m=0.8495  uplink_kB=52.6  t=0.67s
  round  14/50: acc=0.8618  f1m=0.8590  uplink_kB=52.6  t=0.68s
  round  15/50: acc=0.8752  f1m=0.8732  uplink_kB=52.6  t=0.68s
  round  16/50: acc=0.8567  f1m=0.8536  uplink_kB=52.6  t=0.67s
  round  17/50: acc=0.8779  f1m=0.8760  uplink_kB=52.6  t=0.62s
  round  18/50: acc=0.8879  f1m=0.8865  uplink_kB=52.6  t=0.66s
  round  19/50: acc=0.8837  f1m=0.8821  uplink_kB=52.6  t=0.63s
  round  20/50: acc=0.9052  f1m=0.9043  uplink_kB=52.6  t=0.69s
  round  21/50: acc=0.9112  f1m=0.9105  uplink_kB=52.6  t=0.67s
  round  22/50: acc=0.9115  f1m=0.9108  uplink_kB=52.6  t=0.67s
  round  23/50: acc=0.9575  f1m=0.9575  uplink_kB=52.6  t=0.65s
  round  24/50: acc=0.9139  f1m=0.9133  uplink_kB=52.6  t=0.64s
  round  25/50: acc=0.9105  f1m=0.9098  uplink_kB=52.6  t=0.69s
  round  26/50: acc=0.9105  f1m=0.9098  uplink_kB=52.6  t=0.64s
  round  27/50: acc=0.9627  f1m=0.9627  uplink_kB=52.6  t=0.66s
  round  28/50: acc=0.9131  f1m=0.9125  uplink_kB=52.6  t=0.63s
  round  29/50: acc=0.9629  f1m=0.9629  uplink_kB=52.6  t=0.66s
  round  30/50: acc=0.9749  f1m=0.9749  uplink_kB=52.6  t=0.60s
  round  31/50: acc=0.9632  f1m=0.9632  uplink_kB=52.6  t=0.69s
  round  32/50: acc=0.9700  f1m=0.9700  uplink_kB=52.6  t=0.66s
  round  33/50: acc=0.9635  f1m=0.9635  uplink_kB=52.6  t=0.68s
  round  34/50: acc=0.9694  f1m=0.9693  uplink_kB=52.6  t=0.69s
  round  35/50: acc=0.9704  f1m=0.9704  uplink_kB=52.6  t=0.65s
  round  36/50: acc=0.9636  f1m=0.9636  uplink_kB=52.6  t=0.66s
  round  37/50: acc=0.9708  f1m=0.9708  uplink_kB=52.6  t=0.67s
  round  38/50: acc=0.9640  f1m=0.9640  uplink_kB=52.6  t=0.67s
  round  39/50: acc=0.8968  f1m=0.8958  uplink_kB=52.6  t=0.68s
  round  40/50: acc=0.9687  f1m=0.9687  uplink_kB=52.6  t=0.66s
  round  41/50: acc=0.9751  f1m=0.9751  uplink_kB=52.6  t=0.66s
  round  42/50: acc=0.9633  f1m=0.9633  uplink_kB=52.6  t=0.66s
  round  43/50: acc=0.9214  f1m=0.9210  uplink_kB=52.6  t=0.61s
  round  44/50: acc=0.9142  f1m=0.9136  uplink_kB=52.6  t=0.67s
  round  45/50: acc=0.9850  f1m=0.9850  uplink_kB=52.6  t=0.69s
  round  46/50: acc=0.9713  f1m=0.9713  uplink_kB=52.6  t=0.69s
  round  47/50: acc=0.9194  f1m=0.9189  uplink_kB=52.6  t=0.67s
  round  48/50: acc=0.9062  f1m=0.9053  uplink_kB=52.6  t=0.68s
  round  49/50: acc=0.9148  f1m=0.9141  uplink_kB=52.6  t=0.58s
  round  50/50: acc=0.9076  f1m=0.9068  uplink_kB=52.6  t=0.69s
[run] DONE -> /Users/agentra/Documents/hao/working/paper-lab/hao-paper-2026/iotj-fedkan-ids/repo/results/lrsweep_botiot/lrsweep_mlp32_lr0p1__dir0.1__seed11/metrics.json  final_acc=0.9076
