[run] device=cpu  seed=29  out=/Users/agentra/Documents/hao/working/paper-lab/hao-paper-2026/iotj-fedkan-ids/repo/results/lrsweep_toniot/lrsweep_kan8_lr0p003__dir0.1__seed29
[run] model=kan  params=3,280
  round   1/50: acc=0.6405  f1m=0.6311  uplink_kB=150.2  t=2.16s
  round   2/50: acc=0.6588  f1m=0.6569  uplink_kB=150.2  t=1.73s
  round   3/50: acc=0.6524  f1m=0.6464  uplink_kB=150.2  t=1.65s
  round   4/50: acc=0.6578  f1m=0.6521  uplink_kB=150.2  t=1.62s
  round   5/50: acc=0.6737  f1m=0.6686  uplink_kB=150.2  t=1.53s
  round   6/50: acc=0.6830  f1m=0.6790  uplink_kB=150.2  t=1.59s
  round   7/50: acc=0.6900  f1m=0.6868  uplink_kB=150.2  t=1.60s
  round   8/50: acc=0.7845  f1m=0.7762  uplink_kB=150.2  t=1.64s
  round   9/50: acc=0.8639  f1m=0.8623  uplink_kB=150.2  t=1.62s
  round  10/50: acc=0.8645  f1m=0.8629  uplink_kB=150.2  t=1.62s
  round  11/50: acc=0.8623  f1m=0.8610  uplink_kB=150.2  t=1.58s
  round  12/50: acc=0.5574  f1m=0.4595  uplink_kB=150.2  t=1.59s
  round  13/50: acc=0.8621  f1m=0.8602  uplink_kB=150.2  t=1.60s
  round  14/50: acc=0.5522  f1m=0.4552  uplink_kB=150.2  t=1.63s
  round  15/50: acc=0.5469  f1m=0.4416  uplink_kB=150.2  t=1.62s
  round  16/50: acc=0.7842  f1m=0.7759  uplink_kB=150.2  t=1.63s
  round  17/50: acc=0.5510  f1m=0.4525  uplink_kB=150.2  t=1.61s
  round  18/50: acc=0.5466  f1m=0.4405  uplink_kB=150.2  t=1.59s
  round  19/50: acc=0.8595  f1m=0.8576  uplink_kB=150.2  t=1.54s
  round  20/50: acc=0.5422  f1m=0.4439  uplink_kB=150.2  t=1.67s
  round  21/50: acc=0.5521  f1m=0.4518  uplink_kB=150.2  t=1.62s
  round  22/50: acc=0.8566  f1m=0.8550  uplink_kB=150.2  t=1.64s
  round  23/50: acc=0.5527  f1m=0.4529  uplink_kB=150.2  t=1.61s
  round  24/50: acc=0.8647  f1m=0.8634  uplink_kB=150.2  t=1.61s
  round  25/50: acc=0.5537  f1m=0.4539  uplink_kB=150.2  t=1.56s
  round  26/50: acc=0.8627  f1m=0.8613  uplink_kB=150.2  t=1.58s
  round  27/50: acc=0.8595  f1m=0.8579  uplink_kB=150.2  t=1.63s
  round  28/50: acc=0.8514  f1m=0.8495  uplink_kB=150.2  t=1.61s
  round  29/50: acc=0.8504  f1m=0.8484  uplink_kB=150.2  t=1.59s
  round  30/50: acc=0.7740  f1m=0.7633  uplink_kB=150.2  t=1.62s
  round  31/50: acc=0.8609  f1m=0.8593  uplink_kB=150.2  t=1.68s
  round  32/50: acc=0.8640  f1m=0.8626  uplink_kB=150.2  t=1.59s
  round  33/50: acc=0.7863  f1m=0.7771  uplink_kB=150.2  t=1.60s
  round  34/50: acc=0.8673  f1m=0.8660  uplink_kB=150.2  t=1.64s
  round  35/50: acc=0.8613  f1m=0.8590  uplink_kB=150.2  t=1.59s
  round  36/50: acc=0.8714  f1m=0.8698  uplink_kB=150.2  t=1.64s
  round  37/50: acc=0.8623  f1m=0.8602  uplink_kB=150.2  t=1.59s
  round  38/50: acc=0.8688  f1m=0.8670  uplink_kB=150.2  t=1.57s
  round  39/50: acc=0.8642  f1m=0.8621  uplink_kB=150.2  t=1.60s
  round  40/50: acc=0.8696  f1m=0.8679  uplink_kB=150.2  t=1.60s
  round  41/50: acc=0.8634  f1m=0.8613  uplink_kB=150.2  t=1.61s
  round  42/50: acc=0.8739  f1m=0.8723  uplink_kB=150.2  t=1.61s
  round  43/50: acc=0.8662  f1m=0.8642  uplink_kB=150.2  t=1.67s
  round  44/50: acc=0.8726  f1m=0.8709  uplink_kB=150.2  t=1.84s
  round  45/50: acc=0.8627  f1m=0.8604  uplink_kB=150.2  t=1.86s
  round  46/50: acc=0.8707  f1m=0.8689  uplink_kB=150.2  t=1.73s
  round  47/50: acc=0.8643  f1m=0.8621  uplink_kB=150.2  t=1.67s
  round  48/50: acc=0.8739  f1m=0.8722  uplink_kB=150.2  t=1.62s
  round  49/50: acc=0.8658  f1m=0.8636  uplink_kB=150.2  t=1.77s
  round  50/50: acc=0.8763  f1m=0.8747  uplink_kB=150.2  t=1.70s
[run] DONE -> /Users/agentra/Documents/hao/working/paper-lab/hao-paper-2026/iotj-fedkan-ids/repo/results/lrsweep_toniot/lrsweep_kan8_lr0p003__dir0.1__seed29/metrics.json  final_acc=0.8763
