[run] device=cpu  seed=29  out=/Users/agentra/Documents/hao/working/paper-lab/hao-paper-2026/iotj-fedkan-ids/repo/results/lrsweep_cseciic_mc/lrsweep_kan16_lr0p001__dir0.1__seed29
[run] model=kan  params=8,640
  round   1/50: acc=0.3926  f1m=0.1295  uplink_kB=363.3  t=6.76s
  round   2/50: acc=0.3895  f1m=0.1190  uplink_kB=363.3  t=6.35s
  round   3/50: acc=0.3918  f1m=0.1242  uplink_kB=363.3  t=6.25s
  round   4/50: acc=0.4005  f1m=0.1359  uplink_kB=363.3  t=6.22s
  round   5/50: acc=0.4119  f1m=0.1496  uplink_kB=363.3  t=6.25s
  round   6/50: acc=0.4500  f1m=0.2106  uplink_kB=363.3  t=6.18s
  round   7/50: acc=0.4597  f1m=0.2167  uplink_kB=363.3  t=6.22s
  round   8/50: acc=0.4745  f1m=0.2282  uplink_kB=363.3  t=6.24s
  round   9/50: acc=0.4762  f1m=0.2302  uplink_kB=363.3  t=6.42s
  round  10/50: acc=0.4874  f1m=0.2594  uplink_kB=363.3  t=6.32s
  round  11/50: acc=0.4952  f1m=0.3105  uplink_kB=363.3  t=6.43s
  round  12/50: acc=0.5215  f1m=0.3620  uplink_kB=363.3  t=6.38s
  round  13/50: acc=0.5225  f1m=0.3627  uplink_kB=363.3  t=6.36s
  round  14/50: acc=0.5329  f1m=0.3726  uplink_kB=363.3  t=6.28s
  round  15/50: acc=0.5886  f1m=0.4071  uplink_kB=363.3  t=6.25s
  round  16/50: acc=0.6160  f1m=0.4209  uplink_kB=363.3  t=6.32s
  round  17/50: acc=0.6187  f1m=0.4221  uplink_kB=363.3  t=6.37s
  round  18/50: acc=0.6207  f1m=0.4246  uplink_kB=363.3  t=6.25s
  round  19/50: acc=0.6354  f1m=0.4293  uplink_kB=363.3  t=6.29s
  round  20/50: acc=0.6474  f1m=0.4350  uplink_kB=363.3  t=6.75s
  round  21/50: acc=0.6447  f1m=0.4352  uplink_kB=363.3  t=6.51s
  round  22/50: acc=0.6441  f1m=0.4358  uplink_kB=363.3  t=6.48s
  round  23/50: acc=0.6645  f1m=0.5044  uplink_kB=363.3  t=6.39s
  round  24/50: acc=0.6619  f1m=0.5019  uplink_kB=363.3  t=6.20s
  round  25/50: acc=0.6614  f1m=0.5032  uplink_kB=363.3  t=6.23s
  round  26/50: acc=0.6627  f1m=0.5061  uplink_kB=363.3  t=6.34s
  round  27/50: acc=0.6635  f1m=0.5070  uplink_kB=363.3  t=6.47s
  round  28/50: acc=0.6625  f1m=0.5076  uplink_kB=363.3  t=6.18s
  round  29/50: acc=0.6645  f1m=0.5086  uplink_kB=363.3  t=6.32s
  round  30/50: acc=0.6644  f1m=0.5084  uplink_kB=363.3  t=6.15s
  round  31/50: acc=0.6645  f1m=0.5084  uplink_kB=363.3  t=6.22s
  round  32/50: acc=0.6695  f1m=0.5092  uplink_kB=363.3  t=6.30s
  round  33/50: acc=0.6698  f1m=0.5095  uplink_kB=363.3  t=6.17s
  round  34/50: acc=0.6658  f1m=0.5091  uplink_kB=363.3  t=6.25s
  round  35/50: acc=0.6662  f1m=0.5095  uplink_kB=363.3  t=6.17s
  round  36/50: acc=0.6671  f1m=0.5105  uplink_kB=363.3  t=6.17s
  round  37/50: acc=0.6677  f1m=0.5110  uplink_kB=363.3  t=6.37s
  round  38/50: acc=0.6697  f1m=0.5126  uplink_kB=363.3  t=6.29s
  round  39/50: acc=0.6721  f1m=0.5148  uplink_kB=363.3  t=6.24s
  round  40/50: acc=0.6780  f1m=0.5171  uplink_kB=363.3  t=6.29s
  round  41/50: acc=0.6770  f1m=0.5163  uplink_kB=363.3  t=6.36s
  round  42/50: acc=0.6764  f1m=0.5162  uplink_kB=363.3  t=6.23s
  round  43/50: acc=0.6849  f1m=0.5682  uplink_kB=363.3  t=6.23s
  round  44/50: acc=0.6816  f1m=0.5590  uplink_kB=363.3  t=6.15s
  round  45/50: acc=0.6820  f1m=0.5597  uplink_kB=363.3  t=6.33s
  round  46/50: acc=0.6855  f1m=0.5695  uplink_kB=363.3  t=6.22s
  round  47/50: acc=0.6831  f1m=0.5672  uplink_kB=363.3  t=6.19s
  round  48/50: acc=0.6823  f1m=0.5664  uplink_kB=363.3  t=6.13s
  round  49/50: acc=0.6837  f1m=0.5683  uplink_kB=363.3  t=6.25s
  round  50/50: acc=0.6821  f1m=0.5673  uplink_kB=363.3  t=6.05s
[run] DONE -> /Users/agentra/Documents/hao/working/paper-lab/hao-paper-2026/iotj-fedkan-ids/repo/results/lrsweep_cseciic_mc/lrsweep_kan16_lr0p001__dir0.1__seed29/metrics.json  final_acc=0.6821
