[run] device=cpu  seed=29  out=/Users/agentra/Documents/hao/working/paper-lab/hao-paper-2026/iotj-fedkan-ids/repo/results/lrsweep_cseciic_mc/lrsweep_kan8_lr0p01__dir0.1__seed29
[run] model=kan  params=4,320
  round   1/50: acc=0.2500  f1m=0.0807  uplink_kB=190.8  t=5.92s
  round   2/50: acc=0.4181  f1m=0.1513  uplink_kB=190.8  t=5.31s
  round   3/50: acc=0.4784  f1m=0.2762  uplink_kB=190.8  t=5.29s
  round   4/50: acc=0.5014  f1m=0.3071  uplink_kB=190.8  t=5.30s
  round   5/50: acc=0.5142  f1m=0.3632  uplink_kB=190.8  t=5.35s
  round   6/50: acc=0.5216  f1m=0.4045  uplink_kB=190.8  t=5.28s
  round   7/50: acc=0.6338  f1m=0.5606  uplink_kB=190.8  t=5.28s
  round   8/50: acc=0.7263  f1m=0.6122  uplink_kB=190.8  t=5.25s
  round   9/50: acc=0.7102  f1m=0.5979  uplink_kB=190.8  t=5.39s
  round  10/50: acc=0.7901  f1m=0.6598  uplink_kB=190.8  t=5.24s
  round  11/50: acc=0.8135  f1m=0.6627  uplink_kB=190.8  t=5.33s
  round  12/50: acc=0.8110  f1m=0.6502  uplink_kB=190.8  t=5.23s
  round  13/50: acc=0.7926  f1m=0.6314  uplink_kB=190.8  t=5.42s
  round  14/50: acc=0.7945  f1m=0.6394  uplink_kB=190.8  t=5.36s
  round  15/50: acc=0.7958  f1m=0.6474  uplink_kB=190.8  t=5.29s
  round  16/50: acc=0.7906  f1m=0.6416  uplink_kB=190.8  t=5.27s
  round  17/50: acc=0.7971  f1m=0.6566  uplink_kB=190.8  t=5.35s
  round  18/50: acc=0.7972  f1m=0.6768  uplink_kB=190.8  t=5.27s
  round  19/50: acc=0.7888  f1m=0.6380  uplink_kB=190.8  t=5.29s
  round  20/50: acc=0.8016  f1m=0.6637  uplink_kB=190.8  t=5.31s
  round  21/50: acc=0.8037  f1m=0.6781  uplink_kB=190.8  t=5.31s
  round  22/50: acc=0.8152  f1m=0.6860  uplink_kB=190.8  t=5.45s
  round  23/50: acc=0.8234  f1m=0.6805  uplink_kB=190.8  t=5.40s
  round  24/50: acc=0.8185  f1m=0.6878  uplink_kB=190.8  t=5.43s
  round  25/50: acc=0.8035  f1m=0.6811  uplink_kB=190.8  t=5.26s
  round  26/50: acc=0.8187  f1m=0.6978  uplink_kB=190.8  t=5.54s
  round  27/50: acc=0.8343  f1m=0.7051  uplink_kB=190.8  t=5.55s
  round  28/50: acc=0.8229  f1m=0.6994  uplink_kB=190.8  t=5.43s
  round  29/50: acc=0.8313  f1m=0.7132  uplink_kB=190.8  t=5.47s
  round  30/50: acc=0.8141  f1m=0.6911  uplink_kB=190.8  t=5.39s
  round  31/50: acc=0.8117  f1m=0.6725  uplink_kB=190.8  t=5.38s
  round  32/50: acc=0.7950  f1m=0.6890  uplink_kB=190.8  t=5.56s
  round  33/50: acc=0.8157  f1m=0.6982  uplink_kB=190.8  t=5.51s
  round  34/50: acc=0.7701  f1m=0.6201  uplink_kB=190.8  t=5.59s
  round  35/50: acc=0.8106  f1m=0.6735  uplink_kB=190.8  t=5.53s
  round  36/50: acc=0.7724  f1m=0.6609  uplink_kB=190.8  t=5.48s
  round  37/50: acc=0.7965  f1m=0.6488  uplink_kB=190.8  t=5.71s
  round  38/50: acc=0.6639  f1m=0.5400  uplink_kB=190.8  t=5.49s
  round  39/50: acc=0.7920  f1m=0.6923  uplink_kB=190.8  t=5.51s
  round  40/50: acc=0.8175  f1m=0.7089  uplink_kB=190.8  t=5.55s
  round  41/50: acc=0.7711  f1m=0.6664  uplink_kB=190.8  t=5.60s
  round  42/50: acc=0.7433  f1m=0.5751  uplink_kB=190.8  t=5.52s
  round  43/50: acc=0.8161  f1m=0.6998  uplink_kB=190.8  t=5.44s
  round  44/50: acc=0.8017  f1m=0.6851  uplink_kB=190.8  t=5.54s
  round  45/50: acc=0.7570  f1m=0.6106  uplink_kB=190.8  t=5.43s
  round  46/50: acc=0.6897  f1m=0.6301  uplink_kB=190.8  t=5.45s
  round  47/50: acc=0.8178  f1m=0.6898  uplink_kB=190.8  t=5.38s
  round  48/50: acc=0.6610  f1m=0.5326  uplink_kB=190.8  t=5.52s
  round  49/50: acc=0.5695  f1m=0.5675  uplink_kB=190.8  t=5.69s
  round  50/50: acc=0.6521  f1m=0.5262  uplink_kB=190.8  t=5.49s
[run] DONE -> /Users/agentra/Documents/hao/working/paper-lab/hao-paper-2026/iotj-fedkan-ids/repo/results/lrsweep_cseciic_mc/lrsweep_kan8_lr0p01__dir0.1__seed29/metrics.json  final_acc=0.6521
