[run] device=cpu  seed=31  out=/Users/agentra/Documents/hao/working/paper-lab/hao-paper-2026/iotj-fedkan-ids/repo/results/lrsweep_cseciic_mc/lrsweep_kan16_lr0p03__dir0.1__seed31
[run] model=kan  params=8,640
  round   1/50: acc=0.1545  f1m=0.0178  uplink_kB=363.3  t=6.79s
  round   2/50: acc=0.6302  f1m=0.3363  uplink_kB=363.3  t=6.48s
  round   3/50: acc=0.6667  f1m=0.4068  uplink_kB=363.3  t=6.38s
  round   4/50: acc=0.6389  f1m=0.3774  uplink_kB=363.3  t=6.38s
  round   5/50: acc=0.6777  f1m=0.4904  uplink_kB=363.3  t=6.41s
  round   6/50: acc=0.7977  f1m=0.5444  uplink_kB=363.3  t=6.44s
  round   7/50: acc=0.6747  f1m=0.4444  uplink_kB=363.3  t=6.34s
  round   8/50: acc=0.6752  f1m=0.4980  uplink_kB=363.3  t=6.41s
  round   9/50: acc=0.8205  f1m=0.5684  uplink_kB=363.3  t=6.32s
  round  10/50: acc=0.8217  f1m=0.5684  uplink_kB=363.3  t=6.70s
  round  11/50: acc=0.7802  f1m=0.4994  uplink_kB=363.3  t=7.35s
  round  12/50: acc=0.8189  f1m=0.5745  uplink_kB=363.3  t=7.24s
  round  13/50: acc=0.8209  f1m=0.5685  uplink_kB=363.3  t=6.48s
  round  14/50: acc=0.8235  f1m=0.5658  uplink_kB=363.3  t=6.34s
  round  15/50: acc=0.8029  f1m=0.5073  uplink_kB=363.3  t=6.43s
  round  16/50: acc=0.8159  f1m=0.5139  uplink_kB=363.3  t=6.36s
  round  17/50: acc=0.8136  f1m=0.5723  uplink_kB=363.3  t=6.61s
  round  18/50: acc=0.8286  f1m=0.5742  uplink_kB=363.3  t=7.64s
  round  19/50: acc=0.6894  f1m=0.4627  uplink_kB=363.3  t=6.91s
  round  20/50: acc=0.8299  f1m=0.5857  uplink_kB=363.3  t=6.45s
  round  21/50: acc=0.6328  f1m=0.4828  uplink_kB=363.3  t=6.62s
  round  22/50: acc=0.8191  f1m=0.5405  uplink_kB=363.3  t=6.94s
  round  23/50: acc=0.8235  f1m=0.5788  uplink_kB=363.3  t=6.35s
  round  24/50: acc=0.5443  f1m=0.4526  uplink_kB=363.3  t=6.50s
  round  25/50: acc=0.8197  f1m=0.5876  uplink_kB=363.3  t=6.26s
  round  26/50: acc=0.8022  f1m=0.5368  uplink_kB=363.3  t=6.37s
  round  27/50: acc=0.8263  f1m=0.5870  uplink_kB=363.3  t=6.87s
  round  28/50: acc=0.6882  f1m=0.4980  uplink_kB=363.3  t=6.54s
  round  29/50: acc=0.6799  f1m=0.4622  uplink_kB=363.3  t=6.33s
  round  30/50: acc=0.8101  f1m=0.5806  uplink_kB=363.3  t=6.26s
  round  31/50: acc=0.7933  f1m=0.5599  uplink_kB=363.3  t=6.30s
  round  32/50: acc=0.7741  f1m=0.5652  uplink_kB=363.3  t=6.31s
  round  33/50: acc=0.6848  f1m=0.5126  uplink_kB=363.3  t=6.48s
  round  34/50: acc=0.6822  f1m=0.4822  uplink_kB=363.3  t=6.32s
  round  35/50: acc=0.7294  f1m=0.5818  uplink_kB=363.3  t=6.64s
  round  36/50: acc=0.8360  f1m=0.6187  uplink_kB=363.3  t=6.38s
  round  37/50: acc=0.8090  f1m=0.5675  uplink_kB=363.3  t=6.33s
  round  38/50: acc=0.5409  f1m=0.4524  uplink_kB=363.3  t=6.69s
  round  39/50: acc=0.8139  f1m=0.5795  uplink_kB=363.3  t=6.70s
  round  40/50: acc=0.7581  f1m=0.4957  uplink_kB=363.3  t=6.44s
  round  41/50: acc=0.8205  f1m=0.6172  uplink_kB=363.3  t=6.46s
  round  42/50: acc=0.8195  f1m=0.6230  uplink_kB=363.3  t=6.45s
  round  43/50: acc=0.8136  f1m=0.5872  uplink_kB=363.3  t=6.37s
  round  44/50: acc=0.7035  f1m=0.5639  uplink_kB=363.3  t=6.44s
  round  45/50: acc=0.7930  f1m=0.5749  uplink_kB=363.3  t=6.39s
  round  46/50: acc=0.7559  f1m=0.5817  uplink_kB=363.3  t=6.36s
  round  47/50: acc=0.7792  f1m=0.5575  uplink_kB=363.3  t=6.50s
  round  48/50: acc=0.6799  f1m=0.4953  uplink_kB=363.3  t=6.43s
  round  49/50: acc=0.7933  f1m=0.5513  uplink_kB=363.3  t=6.40s
  round  50/50: acc=0.7011  f1m=0.5587  uplink_kB=363.3  t=6.24s
[run] DONE -> /Users/agentra/Documents/hao/working/paper-lab/hao-paper-2026/iotj-fedkan-ids/repo/results/lrsweep_cseciic_mc/lrsweep_kan16_lr0p03__dir0.1__seed31/metrics.json  final_acc=0.7011
