[run] device=cpu  seed=29  out=/Users/agentra/Documents/hao/working/paper-lab/hao-paper-2026/iotj-fedkan-ids/repo/results/lrsweep_cseciic/lrsweep_mlp80_lr0p03__dir0.1__seed29
[run] model=mlp  params=3,362
  round   1/50: acc=0.5046  f1m=0.3434  uplink_kB=131.3  t=1.41s
  round   2/50: acc=0.5166  f1m=0.3694  uplink_kB=131.3  t=0.66s
  round   3/50: acc=0.5499  f1m=0.4386  uplink_kB=131.3  t=0.69s
  round   4/50: acc=0.5186  f1m=0.3735  uplink_kB=131.3  t=0.70s
  round   5/50: acc=0.5143  f1m=0.3646  uplink_kB=131.3  t=0.64s
  round   6/50: acc=0.5316  f1m=0.4015  uplink_kB=131.3  t=0.65s
  round   7/50: acc=0.5304  f1m=0.3989  uplink_kB=131.3  t=0.68s
  round   8/50: acc=0.6188  f1m=0.5592  uplink_kB=131.3  t=0.72s
  round   9/50: acc=0.6773  f1m=0.6453  uplink_kB=131.3  t=0.71s
  round  10/50: acc=0.6718  f1m=0.6377  uplink_kB=131.3  t=0.69s
  round  11/50: acc=0.7454  f1m=0.7321  uplink_kB=131.3  t=0.68s
  round  12/50: acc=0.7292  f1m=0.7124  uplink_kB=131.3  t=0.61s
  round  13/50: acc=0.7304  f1m=0.7137  uplink_kB=131.3  t=0.71s
  round  14/50: acc=0.7739  f1m=0.7648  uplink_kB=131.3  t=0.70s
  round  15/50: acc=0.7711  f1m=0.7616  uplink_kB=131.3  t=0.68s
  round  16/50: acc=0.8548  f1m=0.8530  uplink_kB=131.3  t=0.70s
  round  17/50: acc=0.8127  f1m=0.8082  uplink_kB=131.3  t=0.75s
  round  18/50: acc=0.8379  f1m=0.8352  uplink_kB=131.3  t=0.68s
  round  19/50: acc=0.8165  f1m=0.8123  uplink_kB=131.3  t=0.68s
  round  20/50: acc=0.8870  f1m=0.8863  uplink_kB=131.3  t=0.63s
  round  21/50: acc=0.8771  f1m=0.8762  uplink_kB=131.3  t=0.68s
  round  22/50: acc=0.9040  f1m=0.9037  uplink_kB=131.3  t=0.71s
  round  23/50: acc=0.9186  f1m=0.9184  uplink_kB=131.3  t=0.69s
  round  24/50: acc=0.9033  f1m=0.9030  uplink_kB=131.3  t=0.68s
  round  25/50: acc=0.9033  f1m=0.9030  uplink_kB=131.3  t=0.74s
  round  26/50: acc=0.9111  f1m=0.9109  uplink_kB=131.3  t=0.74s
  round  27/50: acc=0.9177  f1m=0.9175  uplink_kB=131.3  t=0.59s
  round  28/50: acc=0.9204  f1m=0.9203  uplink_kB=131.3  t=0.66s
  round  29/50: acc=0.9165  f1m=0.9164  uplink_kB=131.3  t=0.69s
  round  30/50: acc=0.9088  f1m=0.9085  uplink_kB=131.3  t=0.66s
  round  31/50: acc=0.9169  f1m=0.9167  uplink_kB=131.3  t=0.68s
  round  32/50: acc=0.9197  f1m=0.9196  uplink_kB=131.3  t=0.65s
  round  33/50: acc=0.9191  f1m=0.9190  uplink_kB=131.3  t=0.69s
  round  34/50: acc=0.9223  f1m=0.9222  uplink_kB=131.3  t=0.60s
  round  35/50: acc=0.9217  f1m=0.9216  uplink_kB=131.3  t=0.71s
  round  36/50: acc=0.9210  f1m=0.9209  uplink_kB=131.3  t=0.69s
  round  37/50: acc=0.9231  f1m=0.9230  uplink_kB=131.3  t=0.68s
  round  38/50: acc=0.9226  f1m=0.9225  uplink_kB=131.3  t=0.66s
  round  39/50: acc=0.9233  f1m=0.9232  uplink_kB=131.3  t=0.64s
  round  40/50: acc=0.9216  f1m=0.9215  uplink_kB=131.3  t=0.67s
  round  41/50: acc=0.9205  f1m=0.9204  uplink_kB=131.3  t=0.60s
  round  42/50: acc=0.9173  f1m=0.9171  uplink_kB=131.3  t=0.66s
  round  43/50: acc=0.9228  f1m=0.9227  uplink_kB=131.3  t=0.66s
  round  44/50: acc=0.9234  f1m=0.9233  uplink_kB=131.3  t=0.65s
  round  45/50: acc=0.9296  f1m=0.9296  uplink_kB=131.3  t=0.67s
  round  46/50: acc=0.9221  f1m=0.9220  uplink_kB=131.3  t=0.64s
  round  47/50: acc=0.9213  f1m=0.9211  uplink_kB=131.3  t=0.61s
  round  48/50: acc=0.9353  f1m=0.9353  uplink_kB=131.3  t=0.67s
  round  49/50: acc=0.9312  f1m=0.9311  uplink_kB=131.3  t=0.69s
  round  50/50: acc=0.9286  f1m=0.9285  uplink_kB=131.3  t=0.68s
[run] DONE -> /Users/agentra/Documents/hao/working/paper-lab/hao-paper-2026/iotj-fedkan-ids/repo/results/lrsweep_cseciic/lrsweep_mlp80_lr0p03__dir0.1__seed29/metrics.json  final_acc=0.9286
