[run] device=cpu  seed=42  out=/Users/agentra/Documents/hao/working/paper-lab/hao-paper-2026/iotj-fedkan-ids/repo/results/mc_botiot/mc_mlp32_lr0p01__dir0.1__seed42
[run] model=mlp  params=1,445
  round   1/50: acc=0.2790  f1m=0.1479  uplink_kB=56.4  t=1.56s
  round   2/50: acc=0.7622  f1m=0.6085  uplink_kB=56.4  t=0.63s
  round   3/50: acc=0.8417  f1m=0.6752  uplink_kB=56.4  t=0.65s
  round   4/50: acc=0.8569  f1m=0.6875  uplink_kB=56.4  t=0.63s
  round   5/50: acc=0.8616  f1m=0.6915  uplink_kB=56.4  t=0.64s
  round   6/50: acc=0.8593  f1m=0.6914  uplink_kB=56.4  t=0.69s
  round   7/50: acc=0.8704  f1m=0.6994  uplink_kB=56.4  t=0.60s
  round   8/50: acc=0.8596  f1m=0.6917  uplink_kB=56.4  t=0.67s
  round   9/50: acc=0.8637  f1m=0.6943  uplink_kB=56.4  t=0.63s
  round  10/50: acc=0.8734  f1m=0.7014  uplink_kB=56.4  t=0.69s
  round  11/50: acc=0.8751  f1m=0.7028  uplink_kB=56.4  t=0.61s
  round  12/50: acc=0.8774  f1m=0.7046  uplink_kB=56.4  t=0.61s
  round  13/50: acc=0.8746  f1m=0.7029  uplink_kB=56.4  t=0.63s
  round  14/50: acc=0.8745  f1m=0.7036  uplink_kB=56.4  t=0.60s
  round  15/50: acc=0.8893  f1m=0.7156  uplink_kB=56.4  t=0.68s
  round  16/50: acc=0.8999  f1m=0.7245  uplink_kB=56.4  t=0.61s
  round  17/50: acc=0.9063  f1m=0.7294  uplink_kB=56.4  t=0.64s
  round  18/50: acc=0.9063  f1m=0.7294  uplink_kB=56.4  t=0.62s
  round  19/50: acc=0.9080  f1m=0.7308  uplink_kB=56.4  t=0.62s
  round  20/50: acc=0.9050  f1m=0.7284  uplink_kB=56.4  t=0.65s
  round  21/50: acc=0.9091  f1m=0.7317  uplink_kB=56.4  t=0.61s
  round  22/50: acc=0.9093  f1m=0.7319  uplink_kB=56.4  t=0.64s
  round  23/50: acc=0.9092  f1m=0.7319  uplink_kB=56.4  t=0.59s
  round  24/50: acc=0.9094  f1m=0.7320  uplink_kB=56.4  t=0.61s
  round  25/50: acc=0.9096  f1m=0.7322  uplink_kB=56.4  t=0.66s
  round  26/50: acc=0.9102  f1m=0.7327  uplink_kB=56.4  t=0.62s
  round  27/50: acc=0.9097  f1m=0.7323  uplink_kB=56.4  t=0.61s
  round  28/50: acc=0.9101  f1m=0.7327  uplink_kB=56.4  t=0.60s
  round  29/50: acc=0.9103  f1m=0.7328  uplink_kB=56.4  t=0.68s
  round  30/50: acc=0.9107  f1m=0.7331  uplink_kB=56.4  t=0.64s
  round  31/50: acc=0.9111  f1m=0.7335  uplink_kB=56.4  t=0.62s
  round  32/50: acc=0.9114  f1m=0.7338  uplink_kB=56.4  t=0.63s
  round  33/50: acc=0.9116  f1m=0.7339  uplink_kB=56.4  t=0.61s
  round  34/50: acc=0.9132  f1m=0.7352  uplink_kB=56.4  t=0.70s
  round  35/50: acc=0.9098  f1m=0.7325  uplink_kB=56.4  t=0.62s
  round  36/50: acc=0.9134  f1m=0.7354  uplink_kB=56.4  t=0.62s
  round  37/50: acc=0.9133  f1m=0.7354  uplink_kB=56.4  t=0.62s
  round  38/50: acc=0.9134  f1m=0.7354  uplink_kB=56.4  t=0.68s
  round  39/50: acc=0.9104  f1m=0.7332  uplink_kB=56.4  t=0.59s
  round  40/50: acc=0.9142  f1m=0.7361  uplink_kB=56.4  t=0.59s
  round  41/50: acc=0.8881  f1m=0.7167  uplink_kB=56.4  t=0.61s
  round  42/50: acc=0.9138  f1m=0.7359  uplink_kB=56.4  t=0.63s
  round  43/50: acc=0.8987  f1m=0.7247  uplink_kB=56.4  t=0.69s
  round  44/50: acc=0.9011  f1m=0.7264  uplink_kB=56.4  t=0.60s
  round  45/50: acc=0.9019  f1m=0.7272  uplink_kB=56.4  t=0.62s
  round  46/50: acc=0.9120  f1m=0.7346  uplink_kB=56.4  t=0.61s
  round  47/50: acc=0.9103  f1m=0.7334  uplink_kB=56.4  t=0.61s
  round  48/50: acc=0.8901  f1m=0.7183  uplink_kB=56.4  t=0.68s
  round  49/50: acc=0.8465  f1m=0.6838  uplink_kB=56.4  t=0.61s
  round  50/50: acc=0.9134  f1m=0.7357  uplink_kB=56.4  t=0.61s
[run] DONE -> /Users/agentra/Documents/hao/working/paper-lab/hao-paper-2026/iotj-fedkan-ids/repo/results/mc_botiot/mc_mlp32_lr0p01__dir0.1__seed42/metrics.json  final_acc=0.9134
