[run] device=cpu  seed=31  out=/Users/agentra/Documents/hao/working/paper-lab/hao-paper-2026/iotj-fedkan-ids/repo/results/lrsweep_toniot/lrsweep_mlp32_lr0p1__dir0.1__seed31
[run] model=mlp  params=1,346
  round   1/50: acc=0.5042  f1m=0.3427  uplink_kB=52.6  t=1.12s
  round   2/50: acc=0.5077  f1m=0.3504  uplink_kB=52.6  t=0.64s
  round   3/50: acc=0.5096  f1m=0.3546  uplink_kB=52.6  t=0.64s
  round   4/50: acc=0.5104  f1m=0.3563  uplink_kB=52.6  t=0.64s
  round   5/50: acc=0.5092  f1m=0.3535  uplink_kB=52.6  t=0.64s
  round   6/50: acc=0.5153  f1m=0.3666  uplink_kB=52.6  t=0.60s
  round   7/50: acc=0.5084  f1m=0.3520  uplink_kB=52.6  t=0.65s
  round   8/50: acc=0.5089  f1m=0.3530  uplink_kB=52.6  t=0.64s
  round   9/50: acc=0.5128  f1m=0.3613  uplink_kB=52.6  t=0.63s
  round  10/50: acc=0.5198  f1m=0.3760  uplink_kB=52.6  t=0.62s
  round  11/50: acc=0.5107  f1m=0.3569  uplink_kB=52.6  t=0.63s
  round  12/50: acc=0.5118  f1m=0.3593  uplink_kB=52.6  t=0.62s
  round  13/50: acc=0.5092  f1m=0.3536  uplink_kB=52.6  t=0.64s
  round  14/50: acc=0.5100  f1m=0.3553  uplink_kB=52.6  t=0.60s
  round  15/50: acc=0.5105  f1m=0.3565  uplink_kB=52.6  t=0.63s
  round  16/50: acc=0.5092  f1m=0.3535  uplink_kB=52.6  t=0.64s
  round  17/50: acc=0.5145  f1m=0.3649  uplink_kB=52.6  t=0.64s
  round  18/50: acc=0.5087  f1m=0.3526  uplink_kB=52.6  t=0.68s
  round  19/50: acc=0.5265  f1m=0.3898  uplink_kB=52.6  t=0.67s
  round  20/50: acc=0.5094  f1m=0.3540  uplink_kB=52.6  t=0.67s
  round  21/50: acc=0.5220  f1m=0.3806  uplink_kB=52.6  t=0.62s
  round  22/50: acc=0.5114  f1m=0.3583  uplink_kB=52.6  t=0.64s
  round  23/50: acc=0.5105  f1m=0.3565  uplink_kB=52.6  t=0.66s
  round  24/50: acc=0.5254  f1m=0.3877  uplink_kB=52.6  t=0.65s
  round  25/50: acc=0.5096  f1m=0.3546  uplink_kB=52.6  t=0.65s
  round  26/50: acc=0.5115  f1m=0.3586  uplink_kB=52.6  t=0.67s
  round  27/50: acc=0.5224  f1m=0.3816  uplink_kB=52.6  t=0.69s
  round  28/50: acc=0.5119  f1m=0.3594  uplink_kB=52.6  t=0.68s
  round  29/50: acc=0.5252  f1m=0.3873  uplink_kB=52.6  t=0.60s
  round  30/50: acc=0.5150  f1m=0.3661  uplink_kB=52.6  t=0.66s
  round  31/50: acc=0.5158  f1m=0.3676  uplink_kB=52.6  t=0.65s
  round  32/50: acc=0.5140  f1m=0.3639  uplink_kB=52.6  t=0.62s
  round  33/50: acc=0.5127  f1m=0.3610  uplink_kB=52.6  t=0.63s
  round  34/50: acc=0.5222  f1m=0.3811  uplink_kB=52.6  t=0.63s
  round  35/50: acc=0.5230  f1m=0.3827  uplink_kB=52.6  t=0.66s
  round  36/50: acc=0.5233  f1m=0.3833  uplink_kB=52.6  t=0.66s
  round  37/50: acc=0.5334  f1m=0.4039  uplink_kB=52.6  t=0.62s
  round  38/50: acc=0.5172  f1m=0.3707  uplink_kB=52.6  t=0.65s
  round  39/50: acc=0.5154  f1m=0.3669  uplink_kB=52.6  t=0.66s
  round  40/50: acc=0.5276  f1m=0.3920  uplink_kB=52.6  t=0.65s
  round  41/50: acc=0.5287  f1m=0.3944  uplink_kB=52.6  t=0.67s
  round  42/50: acc=0.5323  f1m=0.4017  uplink_kB=52.6  t=0.62s
  round  43/50: acc=0.5276  f1m=0.3920  uplink_kB=52.6  t=0.64s
  round  44/50: acc=0.5277  f1m=0.3925  uplink_kB=52.6  t=0.65s
  round  45/50: acc=0.5214  f1m=0.3798  uplink_kB=52.6  t=0.60s
  round  46/50: acc=0.5273  f1m=0.3917  uplink_kB=52.6  t=0.62s
  round  47/50: acc=0.7318  f1m=0.7111  uplink_kB=52.6  t=0.65s
  round  48/50: acc=0.7331  f1m=0.7126  uplink_kB=52.6  t=0.65s
  round  49/50: acc=0.5226  f1m=0.3819  uplink_kB=52.6  t=0.65s
  round  50/50: acc=0.5114  f1m=0.3583  uplink_kB=52.6  t=0.66s
[run] DONE -> /Users/agentra/Documents/hao/working/paper-lab/hao-paper-2026/iotj-fedkan-ids/repo/results/lrsweep_toniot/lrsweep_mlp32_lr0p1__dir0.1__seed31/metrics.json  final_acc=0.5114
