[run] device=cpu  seed=42  out=/Users/agentra/Documents/hao/working/paper-lab/hao-paper-2026/iotj-fedkan-ids/repo/results/lrsweep_cseciic_mc/lrsweep_mlp32_lr0p01__dir0.1__seed42
[run] model=mlp  params=1,775
  round   1/50: acc=0.2869  f1m=0.0662  uplink_kB=69.3  t=3.31s
  round   2/50: acc=0.3362  f1m=0.1093  uplink_kB=69.3  t=2.54s
  round   3/50: acc=0.4518  f1m=0.2309  uplink_kB=69.3  t=2.16s
  round   4/50: acc=0.5663  f1m=0.3642  uplink_kB=69.3  t=2.09s
  round   5/50: acc=0.6592  f1m=0.4078  uplink_kB=69.3  t=2.11s
  round   6/50: acc=0.7079  f1m=0.4457  uplink_kB=69.3  t=2.15s
  round   7/50: acc=0.7354  f1m=0.5086  uplink_kB=69.3  t=2.18s
  round   8/50: acc=0.7662  f1m=0.5282  uplink_kB=69.3  t=2.11s
  round   9/50: acc=0.7671  f1m=0.5288  uplink_kB=69.3  t=2.28s
  round  10/50: acc=0.7764  f1m=0.5244  uplink_kB=69.3  t=2.15s
  round  11/50: acc=0.7738  f1m=0.5267  uplink_kB=69.3  t=2.17s
  round  12/50: acc=0.7748  f1m=0.5273  uplink_kB=69.3  t=2.13s
  round  13/50: acc=0.8062  f1m=0.5464  uplink_kB=69.3  t=2.12s
  round  14/50: acc=0.8022  f1m=0.5455  uplink_kB=69.3  t=2.17s
  round  15/50: acc=0.7924  f1m=0.5391  uplink_kB=69.3  t=2.75s
  round  16/50: acc=0.7742  f1m=0.5279  uplink_kB=69.3  t=2.92s
  round  17/50: acc=0.8217  f1m=0.5568  uplink_kB=69.3  t=2.62s
  round  18/50: acc=0.8302  f1m=0.5626  uplink_kB=69.3  t=2.18s
  round  19/50: acc=0.8324  f1m=0.5640  uplink_kB=69.3  t=2.21s
  round  20/50: acc=0.8313  f1m=0.5644  uplink_kB=69.3  t=2.12s
  round  21/50: acc=0.8342  f1m=0.5669  uplink_kB=69.3  t=2.13s
  round  22/50: acc=0.8402  f1m=0.5708  uplink_kB=69.3  t=2.10s
  round  23/50: acc=0.8403  f1m=0.5717  uplink_kB=69.3  t=2.13s
  round  24/50: acc=0.8431  f1m=0.5730  uplink_kB=69.3  t=2.22s
  round  25/50: acc=0.8396  f1m=0.5718  uplink_kB=69.3  t=2.09s
  round  26/50: acc=0.8420  f1m=0.5730  uplink_kB=69.3  t=2.38s
  round  27/50: acc=0.8450  f1m=0.5747  uplink_kB=69.3  t=2.09s
  round  28/50: acc=0.8404  f1m=0.5720  uplink_kB=69.3  t=2.23s
  round  29/50: acc=0.8461  f1m=0.5758  uplink_kB=69.3  t=2.11s
  round  30/50: acc=0.8465  f1m=0.5758  uplink_kB=69.3  t=2.09s
  round  31/50: acc=0.8564  f1m=0.5846  uplink_kB=69.3  t=2.13s
  round  32/50: acc=0.8499  f1m=0.5793  uplink_kB=69.3  t=2.21s
  round  33/50: acc=0.8524  f1m=0.5808  uplink_kB=69.3  t=2.10s
  round  34/50: acc=0.8579  f1m=0.5861  uplink_kB=69.3  t=2.13s
  round  35/50: acc=0.8629  f1m=0.5906  uplink_kB=69.3  t=2.08s
  round  36/50: acc=0.8505  f1m=0.5792  uplink_kB=69.3  t=2.11s
  round  37/50: acc=0.8638  f1m=0.5919  uplink_kB=69.3  t=2.16s
  round  38/50: acc=0.8539  f1m=0.5827  uplink_kB=69.3  t=2.13s
  round  39/50: acc=0.8650  f1m=0.5925  uplink_kB=69.3  t=2.13s
  round  40/50: acc=0.8594  f1m=0.5878  uplink_kB=69.3  t=2.14s
  round  41/50: acc=0.8545  f1m=0.5840  uplink_kB=69.3  t=2.14s
  round  42/50: acc=0.8625  f1m=0.5908  uplink_kB=69.3  t=2.26s
  round  43/50: acc=0.8637  f1m=0.5913  uplink_kB=69.3  t=2.13s
  round  44/50: acc=0.8643  f1m=0.5917  uplink_kB=69.3  t=2.22s
  round  45/50: acc=0.8614  f1m=0.5892  uplink_kB=69.3  t=2.21s
  round  46/50: acc=0.8536  f1m=0.5831  uplink_kB=69.3  t=2.11s
  round  47/50: acc=0.8637  f1m=0.5920  uplink_kB=69.3  t=2.12s
  round  48/50: acc=0.8630  f1m=0.5913  uplink_kB=69.3  t=2.13s
  round  49/50: acc=0.8637  f1m=0.5904  uplink_kB=69.3  t=2.13s
  round  50/50: acc=0.8606  f1m=0.5898  uplink_kB=69.3  t=2.09s
[run] DONE -> /Users/agentra/Documents/hao/working/paper-lab/hao-paper-2026/iotj-fedkan-ids/repo/results/lrsweep_cseciic_mc/lrsweep_mlp32_lr0p01__dir0.1__seed42/metrics.json  final_acc=0.8606
