[run] device=cpu  seed=17  out=/Users/agentra/Documents/hao/working/paper-lab/hao-paper-2026/iotj-fedkan-ids/repo/results/sensitivity_botiot/sens_h16__dir0.1__seed17
[run] model=kan  params=6,560
  round   1/50: acc=0.9634  f1m=0.9634  uplink_kB=282.0  t=2.59s
  round   2/50: acc=0.9708  f1m=0.9708  uplink_kB=282.0  t=1.91s
  round   3/50: acc=0.9727  f1m=0.9727  uplink_kB=282.0  t=1.88s
  round   4/50: acc=0.9730  f1m=0.9729  uplink_kB=282.0  t=1.89s
  round   5/50: acc=0.9739  f1m=0.9739  uplink_kB=282.0  t=1.78s
  round   6/50: acc=0.9744  f1m=0.9744  uplink_kB=282.0  t=1.93s
  round   7/50: acc=0.9746  f1m=0.9745  uplink_kB=282.0  t=1.88s
  round   8/50: acc=0.9743  f1m=0.9743  uplink_kB=282.0  t=1.88s
  round   9/50: acc=0.9751  f1m=0.9750  uplink_kB=282.0  t=1.80s
  round  10/50: acc=0.9742  f1m=0.9742  uplink_kB=282.0  t=2.40s
  round  11/50: acc=0.9746  f1m=0.9746  uplink_kB=282.0  t=1.90s
  round  12/50: acc=0.9967  f1m=0.9967  uplink_kB=282.0  t=1.87s
  round  13/50: acc=0.9752  f1m=0.9752  uplink_kB=282.0  t=2.05s
  round  14/50: acc=0.9971  f1m=0.9971  uplink_kB=282.0  t=2.00s
  round  15/50: acc=0.9970  f1m=0.9970  uplink_kB=282.0  t=1.98s
  round  16/50: acc=0.9966  f1m=0.9966  uplink_kB=282.0  t=1.89s
  round  17/50: acc=0.9970  f1m=0.9970  uplink_kB=282.0  t=1.92s
  round  18/50: acc=0.9975  f1m=0.9975  uplink_kB=282.0  t=1.87s
  round  19/50: acc=0.9973  f1m=0.9973  uplink_kB=282.0  t=1.85s
  round  20/50: acc=0.9974  f1m=0.9974  uplink_kB=282.0  t=1.89s
  round  21/50: acc=0.9974  f1m=0.9974  uplink_kB=282.0  t=1.87s
  round  22/50: acc=0.9961  f1m=0.9961  uplink_kB=282.0  t=1.93s
  round  23/50: acc=0.9974  f1m=0.9974  uplink_kB=282.0  t=1.83s
  round  24/50: acc=0.9974  f1m=0.9974  uplink_kB=282.0  t=1.73s
  round  25/50: acc=0.9971  f1m=0.9971  uplink_kB=282.0  t=1.69s
  round  26/50: acc=0.9979  f1m=0.9979  uplink_kB=282.0  t=1.77s
  round  27/50: acc=0.9974  f1m=0.9974  uplink_kB=282.0  t=1.83s
  round  28/50: acc=0.9970  f1m=0.9970  uplink_kB=282.0  t=1.97s
  round  29/50: acc=0.9976  f1m=0.9976  uplink_kB=282.0  t=1.94s
  round  30/50: acc=0.9975  f1m=0.9975  uplink_kB=282.0  t=1.91s
  round  31/50: acc=0.9976  f1m=0.9976  uplink_kB=282.0  t=1.91s
  round  32/50: acc=0.9972  f1m=0.9972  uplink_kB=282.0  t=1.88s
  round  33/50: acc=0.9978  f1m=0.9978  uplink_kB=282.0  t=1.98s
  round  34/50: acc=0.9970  f1m=0.9970  uplink_kB=282.0  t=1.97s
  round  35/50: acc=0.9977  f1m=0.9977  uplink_kB=282.0  t=1.93s
  round  36/50: acc=0.9974  f1m=0.9974  uplink_kB=282.0  t=1.93s
  round  37/50: acc=0.9975  f1m=0.9975  uplink_kB=282.0  t=1.97s
  round  38/50: acc=0.9975  f1m=0.9975  uplink_kB=282.0  t=1.95s
  round  39/50: acc=0.9976  f1m=0.9976  uplink_kB=282.0  t=1.92s
  round  40/50: acc=0.9976  f1m=0.9976  uplink_kB=282.0  t=1.97s
  round  41/50: acc=0.9975  f1m=0.9975  uplink_kB=282.0  t=2.20s
  round  42/50: acc=0.9978  f1m=0.9978  uplink_kB=282.0  t=2.06s
  round  43/50: acc=0.9978  f1m=0.9978  uplink_kB=282.0  t=2.01s
  round  44/50: acc=0.9977  f1m=0.9977  uplink_kB=282.0  t=1.90s
  round  45/50: acc=0.9981  f1m=0.9981  uplink_kB=282.0  t=1.91s
  round  46/50: acc=0.9979  f1m=0.9979  uplink_kB=282.0  t=1.90s
  round  47/50: acc=0.9979  f1m=0.9979  uplink_kB=282.0  t=1.95s
  round  48/50: acc=0.9976  f1m=0.9976  uplink_kB=282.0  t=1.94s
  round  49/50: acc=0.9978  f1m=0.9978  uplink_kB=282.0  t=1.94s
  round  50/50: acc=0.9974  f1m=0.9974  uplink_kB=282.0  t=1.98s
[run] DONE -> /Users/agentra/Documents/hao/working/paper-lab/hao-paper-2026/iotj-fedkan-ids/repo/results/sensitivity_botiot/sens_h16__dir0.1__seed17/metrics.json  final_acc=0.9974
