[run] device=cpu  seed=31  out=/Users/agentra/Documents/hao/working/paper-lab/hao-paper-2026/iotj-fedkan-ids/repo/results/mc_botiot/mc_kan8_lr0p01__dir0.1__seed31
[run] model=kan  params=3,520
  round   1/50: acc=0.2432  f1m=0.0987  uplink_kB=159.5  t=2.38s
  round   2/50: acc=0.2471  f1m=0.0793  uplink_kB=159.5  t=1.42s
  round   3/50: acc=0.4914  f1m=0.2965  uplink_kB=159.5  t=1.46s
  round   4/50: acc=0.4914  f1m=0.2965  uplink_kB=159.5  t=1.44s
  round   5/50: acc=0.7003  f1m=0.5002  uplink_kB=159.5  t=1.47s
  round   6/50: acc=0.7161  f1m=0.5070  uplink_kB=159.5  t=1.50s
  round   7/50: acc=0.7157  f1m=0.5046  uplink_kB=159.5  t=1.51s
  round   8/50: acc=0.7035  f1m=0.4954  uplink_kB=159.5  t=1.46s
  round   9/50: acc=0.7035  f1m=0.4953  uplink_kB=159.5  t=1.46s
  round  10/50: acc=0.7037  f1m=0.4957  uplink_kB=159.5  t=1.52s
  round  11/50: acc=0.7158  f1m=0.5075  uplink_kB=159.5  t=1.47s
  round  12/50: acc=0.7167  f1m=0.5123  uplink_kB=159.5  t=1.47s
  round  13/50: acc=0.7220  f1m=0.6450  uplink_kB=159.5  t=1.48s
  round  14/50: acc=0.7349  f1m=0.6622  uplink_kB=159.5  t=1.48s
  round  15/50: acc=0.7871  f1m=0.7129  uplink_kB=159.5  t=1.49s
  round  16/50: acc=0.7688  f1m=0.6879  uplink_kB=159.5  t=1.51s
  round  17/50: acc=0.8470  f1m=0.7788  uplink_kB=159.5  t=1.46s
  round  18/50: acc=0.8069  f1m=0.7313  uplink_kB=159.5  t=1.44s
  round  19/50: acc=0.8465  f1m=0.7770  uplink_kB=159.5  t=1.49s
  round  20/50: acc=0.8435  f1m=0.7816  uplink_kB=159.5  t=1.51s
  round  21/50: acc=0.8553  f1m=0.7961  uplink_kB=159.5  t=1.47s
  round  22/50: acc=0.8483  f1m=0.7844  uplink_kB=159.5  t=1.47s
  round  23/50: acc=0.8626  f1m=0.7929  uplink_kB=159.5  t=1.48s
  round  24/50: acc=0.8594  f1m=0.7990  uplink_kB=159.5  t=1.45s
  round  25/50: acc=0.8605  f1m=0.7989  uplink_kB=159.5  t=1.53s
  round  26/50: acc=0.8649  f1m=0.8294  uplink_kB=159.5  t=1.47s
  round  27/50: acc=0.8671  f1m=0.8317  uplink_kB=159.5  t=1.46s
  round  28/50: acc=0.8745  f1m=0.8382  uplink_kB=159.5  t=1.49s
  round  29/50: acc=0.8731  f1m=0.8376  uplink_kB=159.5  t=1.51s
  round  30/50: acc=0.8724  f1m=0.8339  uplink_kB=159.5  t=1.46s
  round  31/50: acc=0.8722  f1m=0.8334  uplink_kB=159.5  t=1.54s
  round  32/50: acc=0.8878  f1m=0.8570  uplink_kB=159.5  t=1.46s
  round  33/50: acc=0.8882  f1m=0.8571  uplink_kB=159.5  t=1.47s
  round  34/50: acc=0.8886  f1m=0.8638  uplink_kB=159.5  t=1.43s
  round  35/50: acc=0.8883  f1m=0.8672  uplink_kB=159.5  t=1.53s
  round  36/50: acc=0.8895  f1m=0.8758  uplink_kB=159.5  t=1.47s
  round  37/50: acc=0.8903  f1m=0.8721  uplink_kB=159.5  t=1.47s
  round  38/50: acc=0.8929  f1m=0.8869  uplink_kB=159.5  t=1.47s
  round  39/50: acc=0.9036  f1m=0.8982  uplink_kB=159.5  t=1.51s
  round  40/50: acc=0.8911  f1m=0.8868  uplink_kB=159.5  t=1.56s
  round  41/50: acc=0.8884  f1m=0.8567  uplink_kB=159.5  t=1.47s
  round  42/50: acc=0.9070  f1m=0.9054  uplink_kB=159.5  t=1.47s
  round  43/50: acc=0.8808  f1m=0.8815  uplink_kB=159.5  t=1.49s
  round  44/50: acc=0.8855  f1m=0.8572  uplink_kB=159.5  t=1.49s
  round  45/50: acc=0.8943  f1m=0.8978  uplink_kB=159.5  t=1.59s
  round  46/50: acc=0.8823  f1m=0.8862  uplink_kB=159.5  t=1.49s
  round  47/50: acc=0.8907  f1m=0.8952  uplink_kB=159.5  t=1.44s
  round  48/50: acc=0.8991  f1m=0.9027  uplink_kB=159.5  t=1.49s
  round  49/50: acc=0.8825  f1m=0.8871  uplink_kB=159.5  t=1.47s
  round  50/50: acc=0.9034  f1m=0.9062  uplink_kB=159.5  t=1.54s
[run] DONE -> /Users/agentra/Documents/hao/working/paper-lab/hao-paper-2026/iotj-fedkan-ids/repo/results/mc_botiot/mc_kan8_lr0p01__dir0.1__seed31/metrics.json  final_acc=0.9034
