[run] device=cpu  seed=43  out=/Users/agentra/Documents/hao/working/paper-lab/hao-paper-2026/iotj-fedkan-ids/repo/results/mc_toniot/mc_kan16_lr0p01__dir0.1__seed43
[run] model=kan  params=7,840
  round   1/50: acc=0.3145  f1m=0.1592  uplink_kB=332.0  t=4.14s
  round   2/50: acc=0.3349  f1m=0.1990  uplink_kB=332.0  t=3.41s
  round   3/50: acc=0.4087  f1m=0.2695  uplink_kB=332.0  t=3.42s
  round   4/50: acc=0.5439  f1m=0.4518  uplink_kB=332.0  t=3.37s
  round   5/50: acc=0.5471  f1m=0.5251  uplink_kB=332.0  t=3.31s
  round   6/50: acc=0.5948  f1m=0.5777  uplink_kB=332.0  t=3.32s
  round   7/50: acc=0.6558  f1m=0.6224  uplink_kB=332.0  t=3.34s
  round   8/50: acc=0.7414  f1m=0.6992  uplink_kB=332.0  t=3.30s
  round   9/50: acc=0.7499  f1m=0.7054  uplink_kB=332.0  t=3.35s
  round  10/50: acc=0.7603  f1m=0.7132  uplink_kB=332.0  t=3.43s
  round  11/50: acc=0.7773  f1m=0.7436  uplink_kB=332.0  t=3.30s
  round  12/50: acc=0.7994  f1m=0.7721  uplink_kB=332.0  t=3.36s
  round  13/50: acc=0.8012  f1m=0.7831  uplink_kB=332.0  t=3.31s
  round  14/50: acc=0.7948  f1m=0.7792  uplink_kB=332.0  t=3.51s
  round  15/50: acc=0.8321  f1m=0.8061  uplink_kB=332.0  t=3.34s
  round  16/50: acc=0.8309  f1m=0.8092  uplink_kB=332.0  t=3.39s
  round  17/50: acc=0.8185  f1m=0.7999  uplink_kB=332.0  t=3.40s
  round  18/50: acc=0.8358  f1m=0.8135  uplink_kB=332.0  t=3.17s
  round  19/50: acc=0.8277  f1m=0.8041  uplink_kB=332.0  t=3.21s
  round  20/50: acc=0.8413  f1m=0.8185  uplink_kB=332.0  t=3.07s
  round  21/50: acc=0.8353  f1m=0.8144  uplink_kB=332.0  t=3.15s
  round  22/50: acc=0.7666  f1m=0.7539  uplink_kB=332.0  t=3.15s
  round  23/50: acc=0.8368  f1m=0.8117  uplink_kB=332.0  t=3.11s
  round  24/50: acc=0.8214  f1m=0.7988  uplink_kB=332.0  t=3.16s
  round  25/50: acc=0.7940  f1m=0.7749  uplink_kB=332.0  t=3.09s
  round  26/50: acc=0.7833  f1m=0.7624  uplink_kB=332.0  t=3.09s
  round  27/50: acc=0.8517  f1m=0.8299  uplink_kB=332.0  t=3.13s
  round  28/50: acc=0.7698  f1m=0.7560  uplink_kB=332.0  t=3.05s
  round  29/50: acc=0.8267  f1m=0.8052  uplink_kB=332.0  t=3.10s
  round  30/50: acc=0.7732  f1m=0.7476  uplink_kB=332.0  t=3.22s
  round  31/50: acc=0.8385  f1m=0.8166  uplink_kB=332.0  t=3.16s
  round  32/50: acc=0.7773  f1m=0.7535  uplink_kB=332.0  t=3.15s
  round  33/50: acc=0.8454  f1m=0.8211  uplink_kB=332.0  t=3.03s
  round  34/50: acc=0.7679  f1m=0.7469  uplink_kB=332.0  t=3.12s
  round  35/50: acc=0.7857  f1m=0.7662  uplink_kB=332.0  t=3.14s
  round  36/50: acc=0.7771  f1m=0.7590  uplink_kB=332.0  t=3.08s
  round  37/50: acc=0.8229  f1m=0.8033  uplink_kB=332.0  t=3.02s
  round  38/50: acc=0.7731  f1m=0.7472  uplink_kB=332.0  t=3.10s
  round  39/50: acc=0.8287  f1m=0.8056  uplink_kB=332.0  t=3.29s
  round  40/50: acc=0.7851  f1m=0.7620  uplink_kB=332.0  t=3.10s
  round  41/50: acc=0.7801  f1m=0.7566  uplink_kB=332.0  t=3.11s
  round  42/50: acc=0.7821  f1m=0.7552  uplink_kB=332.0  t=3.05s
  round  43/50: acc=0.7765  f1m=0.7513  uplink_kB=332.0  t=3.11s
  round  44/50: acc=0.7721  f1m=0.7470  uplink_kB=332.0  t=3.14s
  round  45/50: acc=0.8099  f1m=0.7896  uplink_kB=332.0  t=3.02s
  round  46/50: acc=0.7841  f1m=0.7568  uplink_kB=332.0  t=3.27s
  round  47/50: acc=0.8088  f1m=0.7893  uplink_kB=332.0  t=3.05s
  round  48/50: acc=0.8624  f1m=0.8413  uplink_kB=332.0  t=3.08s
  round  49/50: acc=0.8277  f1m=0.8069  uplink_kB=332.0  t=3.13s
  round  50/50: acc=0.7765  f1m=0.7547  uplink_kB=332.0  t=3.17s
[run] DONE -> /Users/agentra/Documents/hao/working/paper-lab/hao-paper-2026/iotj-fedkan-ids/repo/results/mc_toniot/mc_kan16_lr0p01__dir0.1__seed43/metrics.json  final_acc=0.7765
