[run] device=cpu  seed=31  out=/Users/agentra/Documents/hao/working/paper-lab/hao-paper-2026/iotj-fedkan-ids/repo/results/lrsweep_cseciic_mc50k/lrsweep_mlp32_lr0p01__dir0.1__seed31
[run] model=mlp  params=1,775
  round   1/50: acc=0.3776  f1m=0.1696  uplink_kB=69.3  t=1.72s
  round   2/50: acc=0.3795  f1m=0.1741  uplink_kB=69.3  t=1.07s
  round   3/50: acc=0.5403  f1m=0.2505  uplink_kB=69.3  t=1.10s
  round   4/50: acc=0.6279  f1m=0.3176  uplink_kB=69.3  t=1.14s
  round   5/50: acc=0.6361  f1m=0.3255  uplink_kB=69.3  t=1.12s
  round   6/50: acc=0.6260  f1m=0.3215  uplink_kB=69.3  t=1.12s
  round   7/50: acc=0.7077  f1m=0.4046  uplink_kB=69.3  t=1.00s
  round   8/50: acc=0.7008  f1m=0.4005  uplink_kB=69.3  t=0.96s
  round   9/50: acc=0.7157  f1m=0.4099  uplink_kB=69.3  t=1.07s
  round  10/50: acc=0.7250  f1m=0.4159  uplink_kB=69.3  t=1.03s
  round  11/50: acc=0.7255  f1m=0.4166  uplink_kB=69.3  t=1.10s
  round  12/50: acc=0.7377  f1m=0.4254  uplink_kB=69.3  t=1.01s
  round  13/50: acc=0.7375  f1m=0.4231  uplink_kB=69.3  t=1.06s
  round  14/50: acc=0.7594  f1m=0.4380  uplink_kB=69.3  t=0.96s
  round  15/50: acc=0.7703  f1m=0.5302  uplink_kB=69.3  t=1.06s
  round  16/50: acc=0.7756  f1m=0.5392  uplink_kB=69.3  t=1.24s
  round  17/50: acc=0.7741  f1m=0.5374  uplink_kB=69.3  t=1.00s
  round  18/50: acc=0.7738  f1m=0.5352  uplink_kB=69.3  t=0.99s
  round  19/50: acc=0.7756  f1m=0.5396  uplink_kB=69.3  t=1.04s
  round  20/50: acc=0.7804  f1m=0.5488  uplink_kB=69.3  t=1.02s
  round  21/50: acc=0.7810  f1m=0.5499  uplink_kB=69.3  t=0.99s
  round  22/50: acc=0.8010  f1m=0.6057  uplink_kB=69.3  t=1.06s
  round  23/50: acc=0.7880  f1m=0.5612  uplink_kB=69.3  t=1.06s
  round  24/50: acc=0.7936  f1m=0.5763  uplink_kB=69.3  t=1.10s
  round  25/50: acc=0.8010  f1m=0.5873  uplink_kB=69.3  t=1.01s
  round  26/50: acc=0.8096  f1m=0.6168  uplink_kB=69.3  t=1.09s
  round  27/50: acc=0.8156  f1m=0.6301  uplink_kB=69.3  t=1.01s
  round  28/50: acc=0.8269  f1m=0.6500  uplink_kB=69.3  t=1.09s
  round  29/50: acc=0.8204  f1m=0.6316  uplink_kB=69.3  t=1.03s
  round  30/50: acc=0.8503  f1m=0.6821  uplink_kB=69.3  t=1.09s
  round  31/50: acc=0.8449  f1m=0.6755  uplink_kB=69.3  t=1.01s
  round  32/50: acc=0.8385  f1m=0.6679  uplink_kB=69.3  t=1.06s
  round  33/50: acc=0.8656  f1m=0.7089  uplink_kB=69.3  t=1.11s
  round  34/50: acc=0.8439  f1m=0.6716  uplink_kB=69.3  t=1.10s
  round  35/50: acc=0.8413  f1m=0.6686  uplink_kB=69.3  t=1.02s
  round  36/50: acc=0.8467  f1m=0.6754  uplink_kB=69.3  t=1.08s
  round  37/50: acc=0.8565  f1m=0.6861  uplink_kB=69.3  t=1.01s
  round  38/50: acc=0.8582  f1m=0.6943  uplink_kB=69.3  t=1.03s
  round  39/50: acc=0.8521  f1m=0.6929  uplink_kB=69.3  t=1.09s
  round  40/50: acc=0.8587  f1m=0.6966  uplink_kB=69.3  t=1.10s
  round  41/50: acc=0.8647  f1m=0.7098  uplink_kB=69.3  t=1.02s
  round  42/50: acc=0.8552  f1m=0.6930  uplink_kB=69.3  t=1.13s
  round  43/50: acc=0.8656  f1m=0.7246  uplink_kB=69.3  t=0.99s
  round  44/50: acc=0.8705  f1m=0.7335  uplink_kB=69.3  t=1.07s
  round  45/50: acc=0.8708  f1m=0.7327  uplink_kB=69.3  t=0.99s
  round  46/50: acc=0.8674  f1m=0.7270  uplink_kB=69.3  t=1.07s
  round  47/50: acc=0.8752  f1m=0.7344  uplink_kB=69.3  t=1.06s
  round  48/50: acc=0.8660  f1m=0.7104  uplink_kB=69.3  t=1.09s
  round  49/50: acc=0.8676  f1m=0.7317  uplink_kB=69.3  t=1.05s
  round  50/50: acc=0.8791  f1m=0.7380  uplink_kB=69.3  t=1.10s
[run] DONE -> /Users/agentra/Documents/hao/working/paper-lab/hao-paper-2026/iotj-fedkan-ids/repo/results/lrsweep_cseciic_mc50k/lrsweep_mlp32_lr0p01__dir0.1__seed31/metrics.json  final_acc=0.8791
