[run] device=cpu  seed=11  out=/Users/agentra/Documents/hao/working/paper-lab/hao-paper-2026/iotj-fedkan-ids/repo/results/lrsweep_cseciic_mc/lrsweep_mlp32_lr0p001__dir0.1__seed11
[run] model=mlp  params=1,775
  round   1/50: acc=0.1518  f1m=0.0194  uplink_kB=69.3  t=2.75s
  round   2/50: acc=0.1546  f1m=0.0206  uplink_kB=69.3  t=2.11s
  round   3/50: acc=0.2840  f1m=0.0591  uplink_kB=69.3  t=2.01s
  round   4/50: acc=0.3394  f1m=0.0937  uplink_kB=69.3  t=2.11s
  round   5/50: acc=0.3572  f1m=0.1027  uplink_kB=69.3  t=2.07s
  round   6/50: acc=0.3829  f1m=0.1227  uplink_kB=69.3  t=2.15s
  round   7/50: acc=0.3828  f1m=0.1226  uplink_kB=69.3  t=2.08s
  round   8/50: acc=0.3920  f1m=0.1261  uplink_kB=69.3  t=2.11s
  round   9/50: acc=0.4378  f1m=0.1418  uplink_kB=69.3  t=2.11s
  round  10/50: acc=0.4509  f1m=0.1525  uplink_kB=69.3  t=2.07s
  round  11/50: acc=0.4650  f1m=0.1639  uplink_kB=69.3  t=2.13s
  round  12/50: acc=0.4707  f1m=0.1671  uplink_kB=69.3  t=2.08s
  round  13/50: acc=0.4717  f1m=0.1686  uplink_kB=69.3  t=2.09s
  round  14/50: acc=0.5035  f1m=0.2352  uplink_kB=69.3  t=2.07s
  round  15/50: acc=0.6087  f1m=0.2851  uplink_kB=69.3  t=2.05s
  round  16/50: acc=0.6142  f1m=0.2873  uplink_kB=69.3  t=2.11s
  round  17/50: acc=0.6150  f1m=0.2873  uplink_kB=69.3  t=2.05s
  round  18/50: acc=0.6162  f1m=0.2872  uplink_kB=69.3  t=2.05s
  round  19/50: acc=0.6167  f1m=0.2879  uplink_kB=69.3  t=2.12s
  round  20/50: acc=0.6219  f1m=0.2893  uplink_kB=69.3  t=2.13s
  round  21/50: acc=0.6219  f1m=0.2891  uplink_kB=69.3  t=2.09s
  round  22/50: acc=0.6241  f1m=0.2904  uplink_kB=69.3  t=2.06s
  round  23/50: acc=0.6255  f1m=0.2914  uplink_kB=69.3  t=2.04s
  round  24/50: acc=0.6308  f1m=0.2992  uplink_kB=69.3  t=2.04s
  round  25/50: acc=0.6366  f1m=0.3042  uplink_kB=69.3  t=2.16s
  round  26/50: acc=0.6472  f1m=0.3334  uplink_kB=69.3  t=2.09s
  round  27/50: acc=0.6562  f1m=0.3400  uplink_kB=69.3  t=2.08s
  round  28/50: acc=0.6646  f1m=0.3461  uplink_kB=69.3  t=2.07s
  round  29/50: acc=0.6746  f1m=0.3540  uplink_kB=69.3  t=2.09s
  round  30/50: acc=0.6890  f1m=0.3632  uplink_kB=69.3  t=2.06s
  round  31/50: acc=0.7013  f1m=0.3699  uplink_kB=69.3  t=2.07s
  round  32/50: acc=0.7158  f1m=0.3766  uplink_kB=69.3  t=2.06s
  round  33/50: acc=0.7276  f1m=0.4013  uplink_kB=69.3  t=2.09s
  round  34/50: acc=0.7321  f1m=0.4036  uplink_kB=69.3  t=2.10s
  round  35/50: acc=0.7347  f1m=0.4053  uplink_kB=69.3  t=2.13s
  round  36/50: acc=0.7399  f1m=0.4075  uplink_kB=69.3  t=2.18s
  round  37/50: acc=0.7469  f1m=0.4114  uplink_kB=69.3  t=2.07s
  round  38/50: acc=0.7523  f1m=0.4136  uplink_kB=69.3  t=2.19s
  round  39/50: acc=0.7579  f1m=0.4159  uplink_kB=69.3  t=2.06s
  round  40/50: acc=0.7653  f1m=0.4191  uplink_kB=69.3  t=2.08s
  round  41/50: acc=0.7676  f1m=0.4275  uplink_kB=69.3  t=2.09s
  round  42/50: acc=0.7688  f1m=0.4283  uplink_kB=69.3  t=2.15s
  round  43/50: acc=0.7876  f1m=0.4365  uplink_kB=69.3  t=2.11s
  round  44/50: acc=0.7880  f1m=0.4379  uplink_kB=69.3  t=2.08s
  round  45/50: acc=0.7967  f1m=0.4415  uplink_kB=69.3  t=2.10s
  round  46/50: acc=0.7969  f1m=0.4423  uplink_kB=69.3  t=2.03s
  round  47/50: acc=0.8014  f1m=0.4571  uplink_kB=69.3  t=2.11s
  round  48/50: acc=0.8016  f1m=0.4574  uplink_kB=69.3  t=2.10s
  round  49/50: acc=0.8017  f1m=0.4579  uplink_kB=69.3  t=2.16s
  round  50/50: acc=0.8020  f1m=0.4581  uplink_kB=69.3  t=2.07s
[run] DONE -> /Users/agentra/Documents/hao/working/paper-lab/hao-paper-2026/iotj-fedkan-ids/repo/results/lrsweep_cseciic_mc/lrsweep_mlp32_lr0p001__dir0.1__seed11/metrics.json  final_acc=0.8020
