[run] device=cpu  seed=11  out=/Users/agentra/Documents/hao/working/paper-lab/hao-paper-2026/iotj-fedkan-ids/repo/results/lrsweep_cseciic_mc/lrsweep_kan8_lr0p0003__dir0.1__seed11
[run] model=kan  params=4,320
  round   1/50: acc=0.0991  f1m=0.0435  uplink_kB=190.8  t=6.37s
  round   2/50: acc=0.1567  f1m=0.0308  uplink_kB=190.8  t=5.81s
  round   3/50: acc=0.1545  f1m=0.0178  uplink_kB=190.8  t=5.91s
  round   4/50: acc=0.1545  f1m=0.0178  uplink_kB=190.8  t=5.80s
  round   5/50: acc=0.1545  f1m=0.0178  uplink_kB=190.8  t=5.68s
  round   6/50: acc=0.1545  f1m=0.0178  uplink_kB=190.8  t=5.63s
  round   7/50: acc=0.1545  f1m=0.0178  uplink_kB=190.8  t=5.60s
  round   8/50: acc=0.1545  f1m=0.0178  uplink_kB=190.8  t=5.58s
  round   9/50: acc=0.1545  f1m=0.0179  uplink_kB=190.8  t=5.58s
  round  10/50: acc=0.1546  f1m=0.0179  uplink_kB=190.8  t=5.65s
  round  11/50: acc=0.1549  f1m=0.0184  uplink_kB=190.8  t=5.71s
  round  12/50: acc=0.1698  f1m=0.0323  uplink_kB=190.8  t=5.74s
  round  13/50: acc=0.1929  f1m=0.0447  uplink_kB=190.8  t=5.65s
  round  14/50: acc=0.2593  f1m=0.0689  uplink_kB=190.8  t=5.53s
  round  15/50: acc=0.2965  f1m=0.0768  uplink_kB=190.8  t=5.69s
  round  16/50: acc=0.3733  f1m=0.1202  uplink_kB=190.8  t=5.64s
  round  17/50: acc=0.3769  f1m=0.1203  uplink_kB=190.8  t=5.63s
  round  18/50: acc=0.3805  f1m=0.1358  uplink_kB=190.8  t=5.71s
  round  19/50: acc=0.4372  f1m=0.1664  uplink_kB=190.8  t=5.74s
  round  20/50: acc=0.4576  f1m=0.1818  uplink_kB=190.8  t=5.68s
  round  21/50: acc=0.5478  f1m=0.2366  uplink_kB=190.8  t=5.64s
  round  22/50: acc=0.5435  f1m=0.2338  uplink_kB=190.8  t=5.80s
  round  23/50: acc=0.5790  f1m=0.2443  uplink_kB=190.8  t=5.78s
  round  24/50: acc=0.5785  f1m=0.2410  uplink_kB=190.8  t=5.75s
  round  25/50: acc=0.5782  f1m=0.2379  uplink_kB=190.8  t=5.59s
  round  26/50: acc=0.5794  f1m=0.2364  uplink_kB=190.8  t=5.65s
  round  27/50: acc=0.5768  f1m=0.2319  uplink_kB=190.8  t=5.71s
  round  28/50: acc=0.5723  f1m=0.2268  uplink_kB=190.8  t=5.69s
  round  29/50: acc=0.5713  f1m=0.2255  uplink_kB=190.8  t=5.67s
  round  30/50: acc=0.5713  f1m=0.2246  uplink_kB=190.8  t=5.92s
  round  31/50: acc=0.5716  f1m=0.2242  uplink_kB=190.8  t=5.66s
  round  32/50: acc=0.5717  f1m=0.2238  uplink_kB=190.8  t=5.52s
  round  33/50: acc=0.5717  f1m=0.2235  uplink_kB=190.8  t=5.53s
  round  34/50: acc=0.5723  f1m=0.2239  uplink_kB=190.8  t=5.60s
  round  35/50: acc=0.5736  f1m=0.2248  uplink_kB=190.8  t=5.53s
  round  36/50: acc=0.5745  f1m=0.2253  uplink_kB=190.8  t=5.77s
  round  37/50: acc=0.5754  f1m=0.2261  uplink_kB=190.8  t=5.62s
  round  38/50: acc=0.5765  f1m=0.2269  uplink_kB=190.8  t=5.84s
  round  39/50: acc=0.5774  f1m=0.2278  uplink_kB=190.8  t=5.80s
  round  40/50: acc=0.5782  f1m=0.2283  uplink_kB=190.8  t=5.67s
  round  41/50: acc=0.5786  f1m=0.2288  uplink_kB=190.8  t=5.61s
  round  42/50: acc=0.5787  f1m=0.2289  uplink_kB=190.8  t=5.66s
  round  43/50: acc=0.5792  f1m=0.2292  uplink_kB=190.8  t=5.73s
  round  44/50: acc=0.5798  f1m=0.2298  uplink_kB=190.8  t=5.55s
  round  45/50: acc=0.6160  f1m=0.3002  uplink_kB=190.8  t=5.82s
  round  46/50: acc=0.6161  f1m=0.2901  uplink_kB=190.8  t=5.76s
  round  47/50: acc=0.6162  f1m=0.2874  uplink_kB=190.8  t=5.74s
  round  48/50: acc=0.6167  f1m=0.2880  uplink_kB=190.8  t=5.73s
  round  49/50: acc=0.6170  f1m=0.2879  uplink_kB=190.8  t=5.49s
  round  50/50: acc=0.6171  f1m=0.2880  uplink_kB=190.8  t=5.83s
[run] DONE -> /Users/agentra/Documents/hao/working/paper-lab/hao-paper-2026/iotj-fedkan-ids/repo/results/lrsweep_cseciic_mc/lrsweep_kan8_lr0p0003__dir0.1__seed11/metrics.json  final_acc=0.6171
