[run] device=cpu  seed=23  out=/Users/agentra/Documents/hao/working/paper-lab/hao-paper-2026/iotj-fedkan-ids/repo/results/lrsweep_cseciic_mc50k/lrsweep_mlp32_lr0p1__dir0.1__seed23
[run] model=mlp  params=1,775
  round   1/50: acc=0.4041  f1m=0.1600  uplink_kB=69.3  t=1.53s
  round   2/50: acc=0.4508  f1m=0.2797  uplink_kB=69.3  t=1.01s
  round   3/50: acc=0.2586  f1m=0.1415  uplink_kB=69.3  t=1.13s
  round   4/50: acc=0.3274  f1m=0.2257  uplink_kB=69.3  t=1.02s
  round   5/50: acc=0.4147  f1m=0.2212  uplink_kB=69.3  t=1.13s
  round   6/50: acc=0.4772  f1m=0.2642  uplink_kB=69.3  t=1.04s
  round   7/50: acc=0.4947  f1m=0.2569  uplink_kB=69.3  t=1.12s
  round   8/50: acc=0.4979  f1m=0.3068  uplink_kB=69.3  t=1.02s
  round   9/50: acc=0.5475  f1m=0.3805  uplink_kB=69.3  t=1.08s
  round  10/50: acc=0.5242  f1m=0.3441  uplink_kB=69.3  t=1.02s
  round  11/50: acc=0.4907  f1m=0.3091  uplink_kB=69.3  t=1.11s
  round  12/50: acc=0.5459  f1m=0.3411  uplink_kB=69.3  t=1.04s
  round  13/50: acc=0.4720  f1m=0.3136  uplink_kB=69.3  t=1.08s
  round  14/50: acc=0.4916  f1m=0.3807  uplink_kB=69.3  t=0.98s
  round  15/50: acc=0.5241  f1m=0.3769  uplink_kB=69.3  t=1.07s
  round  16/50: acc=0.4844  f1m=0.3348  uplink_kB=69.3  t=1.01s
  round  17/50: acc=0.5061  f1m=0.3730  uplink_kB=69.3  t=1.08s
  round  18/50: acc=0.5749  f1m=0.3879  uplink_kB=69.3  t=1.01s
  round  19/50: acc=0.5719  f1m=0.4013  uplink_kB=69.3  t=1.12s
  round  20/50: acc=0.5670  f1m=0.4126  uplink_kB=69.3  t=0.99s
  round  21/50: acc=0.5808  f1m=0.4216  uplink_kB=69.3  t=1.10s
  round  22/50: acc=0.5813  f1m=0.3593  uplink_kB=69.3  t=1.01s
  round  23/50: acc=0.5256  f1m=0.3548  uplink_kB=69.3  t=1.09s
  round  24/50: acc=0.5270  f1m=0.2859  uplink_kB=69.3  t=1.03s
  round  25/50: acc=0.5912  f1m=0.4337  uplink_kB=69.3  t=1.09s
  round  26/50: acc=0.6124  f1m=0.4042  uplink_kB=69.3  t=1.02s
  round  27/50: acc=0.5945  f1m=0.3731  uplink_kB=69.3  t=1.07s
  round  28/50: acc=0.5921  f1m=0.3723  uplink_kB=69.3  t=1.06s
  round  29/50: acc=0.6168  f1m=0.4296  uplink_kB=69.3  t=1.11s
  round  30/50: acc=0.6021  f1m=0.4414  uplink_kB=69.3  t=1.01s
  round  31/50: acc=0.6816  f1m=0.4893  uplink_kB=69.3  t=1.12s
  round  32/50: acc=0.6064  f1m=0.4304  uplink_kB=69.3  t=1.06s
  round  33/50: acc=0.6350  f1m=0.4681  uplink_kB=69.3  t=1.09s
  round  34/50: acc=0.6051  f1m=0.4395  uplink_kB=69.3  t=1.05s
  round  35/50: acc=0.5940  f1m=0.3759  uplink_kB=69.3  t=1.14s
  round  36/50: acc=0.5933  f1m=0.4223  uplink_kB=69.3  t=1.05s
  round  37/50: acc=0.5942  f1m=0.4269  uplink_kB=69.3  t=1.12s
  round  38/50: acc=0.5965  f1m=0.3920  uplink_kB=69.3  t=1.08s
  round  39/50: acc=0.5985  f1m=0.3968  uplink_kB=69.3  t=1.07s
  round  40/50: acc=0.6236  f1m=0.4177  uplink_kB=69.3  t=1.09s
  round  41/50: acc=0.5939  f1m=0.3662  uplink_kB=69.3  t=1.05s
  round  42/50: acc=0.5459  f1m=0.3530  uplink_kB=69.3  t=1.02s
  round  43/50: acc=0.5900  f1m=0.4135  uplink_kB=69.3  t=1.03s
  round  44/50: acc=0.6092  f1m=0.4013  uplink_kB=69.3  t=1.06s
  round  45/50: acc=0.6062  f1m=0.3594  uplink_kB=69.3  t=1.05s
  round  46/50: acc=0.5955  f1m=0.3402  uplink_kB=69.3  t=0.98s
  round  47/50: acc=0.5963  f1m=0.3453  uplink_kB=69.3  t=1.05s
  round  48/50: acc=0.6078  f1m=0.4008  uplink_kB=69.3  t=1.06s
  round  49/50: acc=0.6018  f1m=0.4076  uplink_kB=69.3  t=1.05s
  round  50/50: acc=0.6087  f1m=0.4068  uplink_kB=69.3  t=1.01s
[run] DONE -> /Users/agentra/Documents/hao/working/paper-lab/hao-paper-2026/iotj-fedkan-ids/repo/results/lrsweep_cseciic_mc50k/lrsweep_mlp32_lr0p1__dir0.1__seed23/metrics.json  final_acc=0.6087
