[run] device=cpu  seed=2024  out=/Users/agentra/Documents/hao/working/paper-lab/hao-paper-2026/iotj-fedkan-ids/repo/results/lrsweep_cseciic/lrsweep_mlp32_lr0p01__dir0.1__seed2024
[run] model=mlp  params=1,346
  round   1/50: acc=0.7806  f1m=0.7738  uplink_kB=52.6  t=1.26s
  round   2/50: acc=0.8055  f1m=0.8004  uplink_kB=52.6  t=0.69s
  round   3/50: acc=0.8006  f1m=0.7950  uplink_kB=52.6  t=0.69s
  round   4/50: acc=0.8179  f1m=0.8139  uplink_kB=52.6  t=0.65s
  round   5/50: acc=0.8037  f1m=0.7983  uplink_kB=52.6  t=0.73s
  round   6/50: acc=0.8213  f1m=0.8175  uplink_kB=52.6  t=0.64s
  round   7/50: acc=0.8393  f1m=0.8367  uplink_kB=52.6  t=0.64s
  round   8/50: acc=0.8369  f1m=0.8342  uplink_kB=52.6  t=0.67s
  round   9/50: acc=0.8727  f1m=0.8717  uplink_kB=52.6  t=0.67s
  round  10/50: acc=0.8999  f1m=0.8996  uplink_kB=52.6  t=0.66s
  round  11/50: acc=0.9058  f1m=0.9055  uplink_kB=52.6  t=0.67s
  round  12/50: acc=0.9054  f1m=0.9051  uplink_kB=52.6  t=0.62s
  round  13/50: acc=0.9110  f1m=0.9108  uplink_kB=52.6  t=0.62s
  round  14/50: acc=0.9046  f1m=0.9042  uplink_kB=52.6  t=0.65s
  round  15/50: acc=0.9133  f1m=0.9130  uplink_kB=52.6  t=0.69s
  round  16/50: acc=0.9088  f1m=0.9085  uplink_kB=52.6  t=0.64s
  round  17/50: acc=0.9261  f1m=0.9260  uplink_kB=52.6  t=0.63s
  round  18/50: acc=0.9213  f1m=0.9211  uplink_kB=52.6  t=0.66s
  round  19/50: acc=0.9229  f1m=0.9228  uplink_kB=52.6  t=0.65s
  round  20/50: acc=0.9118  f1m=0.9116  uplink_kB=52.6  t=0.58s
  round  21/50: acc=0.9107  f1m=0.9105  uplink_kB=52.6  t=0.65s
  round  22/50: acc=0.9272  f1m=0.9271  uplink_kB=52.6  t=0.67s
  round  23/50: acc=0.9288  f1m=0.9287  uplink_kB=52.6  t=0.66s
  round  24/50: acc=0.9279  f1m=0.9278  uplink_kB=52.6  t=0.67s
  round  25/50: acc=0.9268  f1m=0.9267  uplink_kB=52.6  t=0.60s
  round  26/50: acc=0.9244  f1m=0.9243  uplink_kB=52.6  t=0.65s
  round  27/50: acc=0.9301  f1m=0.9301  uplink_kB=52.6  t=0.64s
  round  28/50: acc=0.9249  f1m=0.9248  uplink_kB=52.6  t=0.65s
  round  29/50: acc=0.9272  f1m=0.9271  uplink_kB=52.6  t=0.66s
  round  30/50: acc=0.9263  f1m=0.9262  uplink_kB=52.6  t=0.65s
  round  31/50: acc=0.9244  f1m=0.9243  uplink_kB=52.6  t=0.70s
  round  32/50: acc=0.9298  f1m=0.9297  uplink_kB=52.6  t=0.60s
  round  33/50: acc=0.9294  f1m=0.9293  uplink_kB=52.6  t=0.68s
  round  34/50: acc=0.9278  f1m=0.9278  uplink_kB=52.6  t=0.63s
  round  35/50: acc=0.9289  f1m=0.9288  uplink_kB=52.6  t=0.64s
  round  36/50: acc=0.9304  f1m=0.9303  uplink_kB=52.6  t=0.67s
  round  37/50: acc=0.9294  f1m=0.9293  uplink_kB=52.6  t=0.66s
  round  38/50: acc=0.9416  f1m=0.9416  uplink_kB=52.6  t=0.65s
  round  39/50: acc=0.8848  f1m=0.8841  uplink_kB=52.6  t=0.59s
  round  40/50: acc=0.9272  f1m=0.9271  uplink_kB=52.6  t=0.68s
  round  41/50: acc=0.9429  f1m=0.9429  uplink_kB=52.6  t=0.68s
  round  42/50: acc=0.9439  f1m=0.9439  uplink_kB=52.6  t=0.67s
  round  43/50: acc=0.9354  f1m=0.9354  uplink_kB=52.6  t=0.67s
  round  44/50: acc=0.9429  f1m=0.9428  uplink_kB=52.6  t=0.67s
  round  45/50: acc=0.9393  f1m=0.9393  uplink_kB=52.6  t=0.70s
  round  46/50: acc=0.9440  f1m=0.9440  uplink_kB=52.6  t=0.64s
  round  47/50: acc=0.9260  f1m=0.9259  uplink_kB=52.6  t=0.68s
  round  48/50: acc=0.9334  f1m=0.9333  uplink_kB=52.6  t=0.64s
  round  49/50: acc=0.9472  f1m=0.9472  uplink_kB=52.6  t=0.64s
  round  50/50: acc=0.9453  f1m=0.9453  uplink_kB=52.6  t=0.66s
[run] DONE -> /Users/agentra/Documents/hao/working/paper-lab/hao-paper-2026/iotj-fedkan-ids/repo/results/lrsweep_cseciic/lrsweep_mlp32_lr0p01__dir0.1__seed2024/metrics.json  final_acc=0.9453
