[run] device=cpu  seed=2024  out=/Users/agentra/Documents/hao/working/paper-lab/hao-paper-2026/iotj-fedkan-ids/repo/results/lrsweep_cseciic_mc/lrsweep_mlp80_lr0p001__dir0.1__seed2024
[run] model=mlp  params=4,415
  round   1/50: acc=0.2654  f1m=0.0581  uplink_kB=172.5  t=2.90s
  round   2/50: acc=0.3244  f1m=0.0929  uplink_kB=172.5  t=2.26s
  round   3/50: acc=0.3736  f1m=0.1260  uplink_kB=172.5  t=2.23s
  round   4/50: acc=0.4689  f1m=0.2327  uplink_kB=172.5  t=2.29s
  round   5/50: acc=0.5162  f1m=0.2915  uplink_kB=172.5  t=2.30s
  round   6/50: acc=0.5221  f1m=0.2865  uplink_kB=172.5  t=2.21s
  round   7/50: acc=0.5316  f1m=0.3030  uplink_kB=172.5  t=2.13s
  round   8/50: acc=0.5372  f1m=0.3079  uplink_kB=172.5  t=2.12s
  round   9/50: acc=0.5379  f1m=0.3097  uplink_kB=172.5  t=2.15s
  round  10/50: acc=0.5397  f1m=0.3146  uplink_kB=172.5  t=2.15s
  round  11/50: acc=0.5422  f1m=0.3237  uplink_kB=172.5  t=2.13s
  round  12/50: acc=0.5460  f1m=0.3324  uplink_kB=172.5  t=2.17s
  round  13/50: acc=0.5532  f1m=0.3402  uplink_kB=172.5  t=2.28s
  round  14/50: acc=0.5577  f1m=0.3451  uplink_kB=172.5  t=2.15s
  round  15/50: acc=0.5685  f1m=0.3633  uplink_kB=172.5  t=2.17s
  round  16/50: acc=0.5735  f1m=0.3679  uplink_kB=172.5  t=2.13s
  round  17/50: acc=0.6697  f1m=0.4449  uplink_kB=172.5  t=2.13s
  round  18/50: acc=0.6874  f1m=0.4607  uplink_kB=172.5  t=2.15s
  round  19/50: acc=0.6884  f1m=0.4651  uplink_kB=172.5  t=2.20s
  round  20/50: acc=0.7055  f1m=0.4784  uplink_kB=172.5  t=2.33s
  round  21/50: acc=0.7271  f1m=0.4921  uplink_kB=172.5  t=2.29s
  round  22/50: acc=0.7400  f1m=0.5011  uplink_kB=172.5  t=2.19s
  round  23/50: acc=0.7507  f1m=0.5087  uplink_kB=172.5  t=2.34s
  round  24/50: acc=0.7689  f1m=0.5179  uplink_kB=172.5  t=2.25s
  round  25/50: acc=0.7992  f1m=0.5326  uplink_kB=172.5  t=2.25s
  round  26/50: acc=0.8162  f1m=0.5428  uplink_kB=172.5  t=2.15s
  round  27/50: acc=0.8231  f1m=0.5459  uplink_kB=172.5  t=2.15s
  round  28/50: acc=0.8350  f1m=0.5534  uplink_kB=172.5  t=2.20s
  round  29/50: acc=0.8385  f1m=0.5554  uplink_kB=172.5  t=2.18s
  round  30/50: acc=0.8403  f1m=0.5568  uplink_kB=172.5  t=2.09s
  round  31/50: acc=0.8399  f1m=0.5566  uplink_kB=172.5  t=2.12s
  round  32/50: acc=0.8414  f1m=0.5580  uplink_kB=172.5  t=2.12s
  round  33/50: acc=0.8400  f1m=0.5579  uplink_kB=172.5  t=2.12s
  round  34/50: acc=0.8407  f1m=0.5586  uplink_kB=172.5  t=2.15s
  round  35/50: acc=0.8407  f1m=0.5586  uplink_kB=172.5  t=2.16s
  round  36/50: acc=0.8412  f1m=0.5605  uplink_kB=172.5  t=2.13s
  round  37/50: acc=0.8427  f1m=0.5609  uplink_kB=172.5  t=2.11s
  round  38/50: acc=0.8428  f1m=0.5683  uplink_kB=172.5  t=2.12s
  round  39/50: acc=0.8412  f1m=0.5657  uplink_kB=172.5  t=2.11s
  round  40/50: acc=0.8456  f1m=0.5717  uplink_kB=172.5  t=2.17s
  round  41/50: acc=0.8440  f1m=0.5716  uplink_kB=172.5  t=2.12s
  round  42/50: acc=0.8418  f1m=0.5702  uplink_kB=172.5  t=2.13s
  round  43/50: acc=0.8399  f1m=0.5715  uplink_kB=172.5  t=2.08s
  round  44/50: acc=0.8404  f1m=0.5728  uplink_kB=172.5  t=2.21s
  round  45/50: acc=0.8363  f1m=0.6239  uplink_kB=172.5  t=2.14s
  round  46/50: acc=0.8373  f1m=0.6258  uplink_kB=172.5  t=2.14s
  round  47/50: acc=0.8437  f1m=0.6247  uplink_kB=172.5  t=2.13s
  round  48/50: acc=0.8415  f1m=0.6273  uplink_kB=172.5  t=2.10s
  round  49/50: acc=0.8260  f1m=0.6259  uplink_kB=172.5  t=2.14s
  round  50/50: acc=0.8276  f1m=0.6268  uplink_kB=172.5  t=2.26s
[run] DONE -> /Users/agentra/Documents/hao/working/paper-lab/hao-paper-2026/iotj-fedkan-ids/repo/results/lrsweep_cseciic_mc/lrsweep_mlp80_lr0p001__dir0.1__seed2024/metrics.json  final_acc=0.8276
