[run] device=cpu  seed=11  out=/Users/agentra/Documents/hao/working/paper-lab/hao-paper-2026/iotj-fedkan-ids/repo/results/lrsweep_cseciic_mc50k/lrsweep_mlp80_lr0p003__dir0.1__seed11
[run] model=mlp  params=4,415
  round   1/50: acc=0.3105  f1m=0.1149  uplink_kB=172.5  t=1.66s
  round   2/50: acc=0.4093  f1m=0.1642  uplink_kB=172.5  t=1.05s
  round   3/50: acc=0.5217  f1m=0.2713  uplink_kB=172.5  t=1.11s
  round   4/50: acc=0.6171  f1m=0.3405  uplink_kB=172.5  t=1.03s
  round   5/50: acc=0.6145  f1m=0.3971  uplink_kB=172.5  t=1.10s
  round   6/50: acc=0.6256  f1m=0.4051  uplink_kB=172.5  t=1.02s
  round   7/50: acc=0.6377  f1m=0.4326  uplink_kB=172.5  t=1.10s
  round   8/50: acc=0.6607  f1m=0.4629  uplink_kB=172.5  t=1.05s
  round   9/50: acc=0.6697  f1m=0.4704  uplink_kB=172.5  t=1.05s
  round  10/50: acc=0.5975  f1m=0.4108  uplink_kB=172.5  t=1.05s
  round  11/50: acc=0.6021  f1m=0.4165  uplink_kB=172.5  t=1.06s
  round  12/50: acc=0.6091  f1m=0.4271  uplink_kB=172.5  t=1.02s
  round  13/50: acc=0.6250  f1m=0.4446  uplink_kB=172.5  t=1.12s
  round  14/50: acc=0.6369  f1m=0.4592  uplink_kB=172.5  t=1.08s
  round  15/50: acc=0.6407  f1m=0.4618  uplink_kB=172.5  t=1.07s
  round  16/50: acc=0.6490  f1m=0.4707  uplink_kB=172.5  t=1.04s
  round  17/50: acc=0.6566  f1m=0.4770  uplink_kB=172.5  t=1.09s
  round  18/50: acc=0.6597  f1m=0.4784  uplink_kB=172.5  t=1.05s
  round  19/50: acc=0.6611  f1m=0.4840  uplink_kB=172.5  t=1.10s
  round  20/50: acc=0.6606  f1m=0.4816  uplink_kB=172.5  t=1.02s
  round  21/50: acc=0.6844  f1m=0.5039  uplink_kB=172.5  t=1.07s
  round  22/50: acc=0.7021  f1m=0.5168  uplink_kB=172.5  t=1.06s
  round  23/50: acc=0.7380  f1m=0.5413  uplink_kB=172.5  t=1.08s
  round  24/50: acc=0.7388  f1m=0.5428  uplink_kB=172.5  t=1.04s
  round  25/50: acc=0.7412  f1m=0.5460  uplink_kB=172.5  t=1.12s
  round  26/50: acc=0.7401  f1m=0.5479  uplink_kB=172.5  t=1.00s
  round  27/50: acc=0.7415  f1m=0.5462  uplink_kB=172.5  t=1.03s
  round  28/50: acc=0.7415  f1m=0.5483  uplink_kB=172.5  t=1.03s
  round  29/50: acc=0.7432  f1m=0.5466  uplink_kB=172.5  t=1.08s
  round  30/50: acc=0.7441  f1m=0.5495  uplink_kB=172.5  t=1.07s
  round  31/50: acc=0.7423  f1m=0.5484  uplink_kB=172.5  t=1.01s
  round  32/50: acc=0.7413  f1m=0.5516  uplink_kB=172.5  t=1.05s
  round  33/50: acc=0.7541  f1m=0.5585  uplink_kB=172.5  t=1.03s
  round  34/50: acc=0.7541  f1m=0.5597  uplink_kB=172.5  t=1.06s
  round  35/50: acc=0.7565  f1m=0.5586  uplink_kB=172.5  t=1.04s
  round  36/50: acc=0.7571  f1m=0.5592  uplink_kB=172.5  t=1.12s
  round  37/50: acc=0.7754  f1m=0.5790  uplink_kB=172.5  t=1.06s
  round  38/50: acc=0.7765  f1m=0.5786  uplink_kB=172.5  t=1.07s
  round  39/50: acc=0.7784  f1m=0.5780  uplink_kB=172.5  t=1.02s
  round  40/50: acc=0.7813  f1m=0.5802  uplink_kB=172.5  t=1.11s
  round  41/50: acc=0.7813  f1m=0.5809  uplink_kB=172.5  t=1.03s
  round  42/50: acc=0.7837  f1m=0.5833  uplink_kB=172.5  t=1.10s
  round  43/50: acc=0.7828  f1m=0.5797  uplink_kB=172.5  t=1.02s
  round  44/50: acc=0.7857  f1m=0.5831  uplink_kB=172.5  t=1.08s
  round  45/50: acc=0.7846  f1m=0.5817  uplink_kB=172.5  t=1.03s
  round  46/50: acc=0.7836  f1m=0.5840  uplink_kB=172.5  t=1.10s
  round  47/50: acc=0.7884  f1m=0.5858  uplink_kB=172.5  t=1.05s
  round  48/50: acc=0.7907  f1m=0.5894  uplink_kB=172.5  t=1.09s
  round  49/50: acc=0.8008  f1m=0.5947  uplink_kB=172.5  t=1.05s
  round  50/50: acc=0.8044  f1m=0.6008  uplink_kB=172.5  t=1.11s
[run] DONE -> /Users/agentra/Documents/hao/working/paper-lab/hao-paper-2026/iotj-fedkan-ids/repo/results/lrsweep_cseciic_mc50k/lrsweep_mlp80_lr0p003__dir0.1__seed11/metrics.json  final_acc=0.8044
