[run] device=cpu  seed=17  out=/Users/agentra/Documents/hao/working/paper-lab/hao-paper-2026/iotj-fedkan-ids/repo/results/lrsweep_cseciic_mc/lrsweep_kan16_lr0p1__dir0.1__seed17
[run] model=kan  params=8,640
  round   1/50: acc=0.3694  f1m=0.1155  uplink_kB=363.3  t=7.09s
  round   2/50: acc=0.4595  f1m=0.2864  uplink_kB=363.3  t=6.28s
  round   3/50: acc=0.6249  f1m=0.3455  uplink_kB=363.3  t=6.44s
  round   4/50: acc=0.6385  f1m=0.3337  uplink_kB=363.3  t=6.37s
  round   5/50: acc=0.5920  f1m=0.3548  uplink_kB=363.3  t=6.44s
  round   6/50: acc=0.7190  f1m=0.3473  uplink_kB=363.3  t=6.42s
  round   7/50: acc=0.5351  f1m=0.3028  uplink_kB=363.3  t=6.45s
  round   8/50: acc=0.5848  f1m=0.3478  uplink_kB=363.3  t=6.37s
  round   9/50: acc=0.5568  f1m=0.3303  uplink_kB=363.3  t=6.44s
  round  10/50: acc=0.4900  f1m=0.2989  uplink_kB=363.3  t=6.36s
  round  11/50: acc=0.5258  f1m=0.3349  uplink_kB=363.3  t=6.43s
  round  12/50: acc=0.6044  f1m=0.3897  uplink_kB=363.3  t=6.40s
  round  13/50: acc=0.5763  f1m=0.3282  uplink_kB=363.3  t=6.45s
  round  14/50: acc=0.6902  f1m=0.4204  uplink_kB=363.3  t=6.61s
  round  15/50: acc=0.5730  f1m=0.3985  uplink_kB=363.3  t=6.46s
  round  16/50: acc=0.5659  f1m=0.3830  uplink_kB=363.3  t=6.33s
  round  17/50: acc=0.5405  f1m=0.2995  uplink_kB=363.3  t=6.42s
  round  18/50: acc=0.5571  f1m=0.3064  uplink_kB=363.3  t=6.41s
  round  19/50: acc=0.5756  f1m=0.3559  uplink_kB=363.3  t=6.52s
  round  20/50: acc=0.5611  f1m=0.3353  uplink_kB=363.3  t=6.37s
  round  21/50: acc=0.5644  f1m=0.3384  uplink_kB=363.3  t=6.54s
  round  22/50: acc=0.5494  f1m=0.2683  uplink_kB=363.3  t=6.47s
  round  23/50: acc=0.5167  f1m=0.2738  uplink_kB=363.3  t=6.51s
  round  24/50: acc=0.4522  f1m=0.2896  uplink_kB=363.3  t=6.38s
  round  25/50: acc=0.5986  f1m=0.3865  uplink_kB=363.3  t=7.13s
  round  26/50: acc=0.4632  f1m=0.3383  uplink_kB=363.3  t=8.00s
  round  27/50: acc=0.5986  f1m=0.3101  uplink_kB=363.3  t=6.53s
  round  28/50: acc=0.6002  f1m=0.3593  uplink_kB=363.3  t=6.13s
  round  29/50: acc=0.5527  f1m=0.3018  uplink_kB=363.3  t=6.11s
  round  30/50: acc=0.5459  f1m=0.3004  uplink_kB=363.3  t=6.23s
  round  31/50: acc=0.6363  f1m=0.3691  uplink_kB=363.3  t=6.17s
  round  32/50: acc=0.4721  f1m=0.3046  uplink_kB=363.3  t=6.17s
  round  33/50: acc=0.6230  f1m=0.3712  uplink_kB=363.3  t=6.09s
  round  34/50: acc=0.3778  f1m=0.2678  uplink_kB=363.3  t=6.18s
  round  35/50: acc=0.6084  f1m=0.4655  uplink_kB=363.3  t=6.13s
  round  36/50: acc=0.7389  f1m=0.4800  uplink_kB=363.3  t=6.16s
  round  37/50: acc=0.6362  f1m=0.4334  uplink_kB=363.3  t=6.12s
  round  38/50: acc=0.5622  f1m=0.3398  uplink_kB=363.3  t=6.11s
  round  39/50: acc=0.5957  f1m=0.3570  uplink_kB=363.3  t=6.12s
  round  40/50: acc=0.4967  f1m=0.3578  uplink_kB=363.3  t=6.09s
  round  41/50: acc=0.3697  f1m=0.2709  uplink_kB=363.3  t=6.17s
  round  42/50: acc=0.6215  f1m=0.4047  uplink_kB=363.3  t=6.16s
  round  43/50: acc=0.6174  f1m=0.3593  uplink_kB=363.3  t=6.10s
  round  44/50: acc=0.7296  f1m=0.4330  uplink_kB=363.3  t=6.12s
  round  45/50: acc=0.4855  f1m=0.3371  uplink_kB=363.3  t=6.13s
  round  46/50: acc=0.7132  f1m=0.4403  uplink_kB=363.3  t=6.22s
  round  47/50: acc=0.2609  f1m=0.1808  uplink_kB=363.3  t=6.16s
  round  48/50: acc=0.4573  f1m=0.2623  uplink_kB=363.3  t=6.15s
  round  49/50: acc=0.3180  f1m=0.2570  uplink_kB=363.3  t=6.14s
  round  50/50: acc=0.4186  f1m=0.2927  uplink_kB=363.3  t=6.12s
[run] DONE -> /Users/agentra/Documents/hao/working/paper-lab/hao-paper-2026/iotj-fedkan-ids/repo/results/lrsweep_cseciic_mc/lrsweep_kan16_lr0p1__dir0.1__seed17/metrics.json  final_acc=0.4186
