[run] device=cpu  seed=2026  out=/Users/agentra/Documents/hao/working/paper-lab/hao-paper-2026/iotj-fedkan-ids/repo/results/mc_botiot/mc_mlp80_lr0p01__dir0.1__seed2026
[run] model=mlp  params=3,605
  round   1/50: acc=0.4831  f1m=0.2618  uplink_kB=140.8  t=1.57s
  round   2/50: acc=0.4840  f1m=0.2644  uplink_kB=140.8  t=0.79s
  round   3/50: acc=0.6097  f1m=0.4185  uplink_kB=140.8  t=0.70s
  round   4/50: acc=0.6343  f1m=0.4525  uplink_kB=140.8  t=0.66s
  round   5/50: acc=0.8402  f1m=0.6743  uplink_kB=140.8  t=0.69s
  round   6/50: acc=0.8417  f1m=0.6757  uplink_kB=140.8  t=0.65s
  round   7/50: acc=0.8425  f1m=0.6764  uplink_kB=140.8  t=0.69s
  round   8/50: acc=0.8438  f1m=0.6776  uplink_kB=140.8  t=0.60s
  round   9/50: acc=0.8637  f1m=0.6918  uplink_kB=140.8  t=0.62s
  round  10/50: acc=0.8643  f1m=0.6923  uplink_kB=140.8  t=0.60s
  round  11/50: acc=0.8647  f1m=0.6926  uplink_kB=140.8  t=0.64s
  round  12/50: acc=0.8645  f1m=0.6924  uplink_kB=140.8  t=0.69s
  round  13/50: acc=0.8678  f1m=0.6959  uplink_kB=140.8  t=0.62s
  round  14/50: acc=0.8665  f1m=0.6952  uplink_kB=140.8  t=0.64s
  round  15/50: acc=0.8686  f1m=0.6967  uplink_kB=140.8  t=0.62s
  round  16/50: acc=0.8688  f1m=0.6968  uplink_kB=140.8  t=0.69s
  round  17/50: acc=0.8806  f1m=0.7072  uplink_kB=140.8  t=0.62s
  round  18/50: acc=0.8703  f1m=0.6982  uplink_kB=140.8  t=0.62s
  round  19/50: acc=0.8706  f1m=0.6985  uplink_kB=140.8  t=0.62s
  round  20/50: acc=0.8817  f1m=0.7083  uplink_kB=140.8  t=0.61s
  round  21/50: acc=0.8969  f1m=0.7212  uplink_kB=140.8  t=0.67s
  round  22/50: acc=0.8935  f1m=0.7184  uplink_kB=140.8  t=0.62s
  round  23/50: acc=0.9000  f1m=0.7239  uplink_kB=140.8  t=0.63s
  round  24/50: acc=0.8987  f1m=0.7228  uplink_kB=140.8  t=0.61s
  round  25/50: acc=0.9000  f1m=0.7239  uplink_kB=140.8  t=0.64s
  round  26/50: acc=0.9075  f1m=0.7300  uplink_kB=140.8  t=0.69s
  round  27/50: acc=0.9101  f1m=0.7324  uplink_kB=140.8  t=0.63s
  round  28/50: acc=0.9104  f1m=0.7326  uplink_kB=140.8  t=0.63s
  round  29/50: acc=0.9104  f1m=0.7326  uplink_kB=140.8  t=0.64s
  round  30/50: acc=0.9139  f1m=0.7355  uplink_kB=140.8  t=0.65s
  round  31/50: acc=0.9132  f1m=0.7349  uplink_kB=140.8  t=0.72s
  round  32/50: acc=0.9135  f1m=0.7351  uplink_kB=140.8  t=0.64s
  round  33/50: acc=0.9083  f1m=0.7309  uplink_kB=140.8  t=0.63s
  round  34/50: acc=0.9108  f1m=0.7329  uplink_kB=140.8  t=0.63s
  round  35/50: acc=0.9081  f1m=0.7307  uplink_kB=140.8  t=0.63s
  round  36/50: acc=0.9086  f1m=0.7311  uplink_kB=140.8  t=0.70s
  round  37/50: acc=0.9087  f1m=0.7312  uplink_kB=140.8  t=0.62s
  round  38/50: acc=0.9089  f1m=0.7314  uplink_kB=140.8  t=0.63s
  round  39/50: acc=0.9086  f1m=0.7312  uplink_kB=140.8  t=0.64s
  round  40/50: acc=0.9113  f1m=0.7333  uplink_kB=140.8  t=0.64s
  round  41/50: acc=0.9085  f1m=0.7311  uplink_kB=140.8  t=0.71s
  round  42/50: acc=0.9085  f1m=0.7311  uplink_kB=140.8  t=0.63s
  round  43/50: acc=0.9085  f1m=0.7311  uplink_kB=140.8  t=0.65s
  round  44/50: acc=0.9086  f1m=0.7312  uplink_kB=140.8  t=0.66s
  round  45/50: acc=0.9085  f1m=0.7311  uplink_kB=140.8  t=0.69s
  round  46/50: acc=0.9085  f1m=0.7311  uplink_kB=140.8  t=0.62s
  round  47/50: acc=0.9085  f1m=0.7311  uplink_kB=140.8  t=0.62s
  round  48/50: acc=0.9088  f1m=0.7313  uplink_kB=140.8  t=0.65s
  round  49/50: acc=0.9087  f1m=0.7313  uplink_kB=140.8  t=0.63s
  round  50/50: acc=0.9072  f1m=0.7300  uplink_kB=140.8  t=0.70s
[run] DONE -> /Users/agentra/Documents/hao/working/paper-lab/hao-paper-2026/iotj-fedkan-ids/repo/results/mc_botiot/mc_mlp80_lr0p01__dir0.1__seed2026/metrics.json  final_acc=0.9072
