[run] device=cpu  seed=37  out=/Users/agentra/Documents/hao/working/paper-lab/hao-paper-2026/iotj-fedkan-ids/repo/results/lrsweep_botiot/lrsweep_mlp32_lr0p03__dir0.1__seed37
[run] model=mlp  params=1,346
  round   1/50: acc=0.7430  f1m=0.7247  uplink_kB=52.6  t=1.36s
  round   2/50: acc=0.8888  f1m=0.8874  uplink_kB=52.6  t=0.67s
  round   3/50: acc=0.8988  f1m=0.8978  uplink_kB=52.6  t=0.71s
  round   4/50: acc=0.9072  f1m=0.9064  uplink_kB=52.6  t=0.71s
  round   5/50: acc=0.9102  f1m=0.9095  uplink_kB=52.6  t=0.70s
  round   6/50: acc=0.9129  f1m=0.9122  uplink_kB=52.6  t=0.60s
  round   7/50: acc=0.9125  f1m=0.9119  uplink_kB=52.6  t=0.64s
  round   8/50: acc=0.9194  f1m=0.9189  uplink_kB=52.6  t=0.66s
  round   9/50: acc=0.9215  f1m=0.9210  uplink_kB=52.6  t=0.68s
  round  10/50: acc=0.9208  f1m=0.9203  uplink_kB=52.6  t=0.65s
  round  11/50: acc=0.9212  f1m=0.9207  uplink_kB=52.6  t=0.64s
  round  12/50: acc=0.9192  f1m=0.9186  uplink_kB=52.6  t=0.66s
  round  13/50: acc=0.9221  f1m=0.9217  uplink_kB=52.6  t=0.67s
  round  14/50: acc=0.9217  f1m=0.9212  uplink_kB=52.6  t=0.63s
  round  15/50: acc=0.9196  f1m=0.9191  uplink_kB=52.6  t=0.67s
  round  16/50: acc=0.9203  f1m=0.9198  uplink_kB=52.6  t=0.62s
  round  17/50: acc=0.9313  f1m=0.9310  uplink_kB=52.6  t=0.65s
  round  18/50: acc=0.9316  f1m=0.9312  uplink_kB=52.6  t=0.67s
  round  19/50: acc=0.9300  f1m=0.9297  uplink_kB=52.6  t=0.65s
  round  20/50: acc=0.9307  f1m=0.9303  uplink_kB=52.6  t=0.66s
  round  21/50: acc=0.9293  f1m=0.9290  uplink_kB=52.6  t=0.61s
  round  22/50: acc=0.9333  f1m=0.9330  uplink_kB=52.6  t=0.68s
  round  23/50: acc=0.9919  f1m=0.9919  uplink_kB=52.6  t=0.69s
  round  24/50: acc=0.9321  f1m=0.9318  uplink_kB=52.6  t=0.66s
  round  25/50: acc=0.9920  f1m=0.9920  uplink_kB=52.6  t=0.63s
  round  26/50: acc=0.9324  f1m=0.9321  uplink_kB=52.6  t=0.65s
  round  27/50: acc=0.9923  f1m=0.9923  uplink_kB=52.6  t=0.65s
  round  28/50: acc=0.9922  f1m=0.9922  uplink_kB=52.6  t=0.67s
  round  29/50: acc=0.9925  f1m=0.9925  uplink_kB=52.6  t=0.65s
  round  30/50: acc=0.9850  f1m=0.9850  uplink_kB=52.6  t=0.70s
  round  31/50: acc=0.9920  f1m=0.9920  uplink_kB=52.6  t=0.64s
  round  32/50: acc=0.9917  f1m=0.9917  uplink_kB=52.6  t=0.67s
  round  33/50: acc=0.9947  f1m=0.9947  uplink_kB=52.6  t=0.65s
  round  34/50: acc=0.9948  f1m=0.9948  uplink_kB=52.6  t=0.63s
  round  35/50: acc=0.9956  f1m=0.9956  uplink_kB=52.6  t=0.69s
  round  36/50: acc=0.9940  f1m=0.9940  uplink_kB=52.6  t=0.68s
  round  37/50: acc=0.9923  f1m=0.9923  uplink_kB=52.6  t=0.69s
  round  38/50: acc=0.9938  f1m=0.9938  uplink_kB=52.6  t=0.67s
  round  39/50: acc=0.9931  f1m=0.9931  uplink_kB=52.6  t=0.68s
  round  40/50: acc=0.9952  f1m=0.9952  uplink_kB=52.6  t=0.64s
  round  41/50: acc=0.9950  f1m=0.9950  uplink_kB=52.6  t=0.66s
  round  42/50: acc=0.9944  f1m=0.9944  uplink_kB=52.6  t=0.62s
  round  43/50: acc=0.9925  f1m=0.9925  uplink_kB=52.6  t=0.69s
  round  44/50: acc=0.9949  f1m=0.9949  uplink_kB=52.6  t=0.66s
  round  45/50: acc=0.9952  f1m=0.9952  uplink_kB=52.6  t=0.68s
  round  46/50: acc=0.9950  f1m=0.9950  uplink_kB=52.6  t=0.65s
  round  47/50: acc=0.9955  f1m=0.9955  uplink_kB=52.6  t=0.67s
  round  48/50: acc=0.9954  f1m=0.9954  uplink_kB=52.6  t=0.66s
  round  49/50: acc=0.9930  f1m=0.9930  uplink_kB=52.6  t=0.64s
  round  50/50: acc=0.9953  f1m=0.9953  uplink_kB=52.6  t=0.71s
[run] DONE -> /Users/agentra/Documents/hao/working/paper-lab/hao-paper-2026/iotj-fedkan-ids/repo/results/lrsweep_botiot/lrsweep_mlp32_lr0p03__dir0.1__seed37/metrics.json  final_acc=0.9953
