[run] device=cpu  seed=42  out=/Users/agentra/Documents/hao/working/paper-lab/hao-paper-2026/iotj-fedkan-ids/repo/results/lrsweep_cseciic/lrsweep_mlp80_lr0p1__dir0.1__seed42
[run] model=mlp  params=3,362
  round   1/50: acc=0.5000  f1m=0.3333  uplink_kB=131.3  t=1.32s
  round   2/50: acc=0.5000  f1m=0.3333  uplink_kB=131.3  t=0.68s
  round   3/50: acc=0.5000  f1m=0.3333  uplink_kB=131.3  t=0.69s
  round   4/50: acc=0.5000  f1m=0.3333  uplink_kB=131.3  t=0.67s
  round   5/50: acc=0.5857  f1m=0.5000  uplink_kB=131.3  t=0.65s
  round   6/50: acc=0.5000  f1m=0.3333  uplink_kB=131.3  t=0.60s
  round   7/50: acc=0.5534  f1m=0.4422  uplink_kB=131.3  t=0.66s
  round   8/50: acc=0.5005  f1m=0.3345  uplink_kB=131.3  t=0.67s
  round   9/50: acc=0.5760  f1m=0.4832  uplink_kB=131.3  t=0.67s
  round  10/50: acc=0.5000  f1m=0.3333  uplink_kB=131.3  t=0.67s
  round  11/50: acc=0.5927  f1m=0.5118  uplink_kB=131.3  t=0.67s
  round  12/50: acc=0.5000  f1m=0.3333  uplink_kB=131.3  t=0.67s
  round  13/50: acc=0.5584  f1m=0.4515  uplink_kB=131.3  t=0.63s
  round  14/50: acc=0.5000  f1m=0.3334  uplink_kB=131.3  t=0.68s
  round  15/50: acc=0.5871  f1m=0.5024  uplink_kB=131.3  t=0.67s
  round  16/50: acc=0.5000  f1m=0.3333  uplink_kB=131.3  t=0.68s
  round  17/50: acc=0.9270  f1m=0.9268  uplink_kB=131.3  t=0.66s
  round  18/50: acc=0.5003  f1m=0.3340  uplink_kB=131.3  t=0.69s
  round  19/50: acc=0.5833  f1m=0.4959  uplink_kB=131.3  t=0.63s
  round  20/50: acc=0.5778  f1m=0.4863  uplink_kB=131.3  t=0.61s
  round  21/50: acc=0.6222  f1m=0.5594  uplink_kB=131.3  t=0.66s
  round  22/50: acc=0.5708  f1m=0.4740  uplink_kB=131.3  t=0.71s
  round  23/50: acc=0.7664  f1m=0.7530  uplink_kB=131.3  t=0.68s
  round  24/50: acc=0.5756  f1m=0.4826  uplink_kB=131.3  t=0.72s
  round  25/50: acc=0.7569  f1m=0.7418  uplink_kB=131.3  t=0.71s
  round  26/50: acc=0.5717  f1m=0.4756  uplink_kB=131.3  t=0.63s
  round  27/50: acc=0.5799  f1m=0.4901  uplink_kB=131.3  t=0.72s
  round  28/50: acc=0.5000  f1m=0.3334  uplink_kB=131.3  t=0.69s
  round  29/50: acc=0.6504  f1m=0.6020  uplink_kB=131.3  t=0.71s
  round  30/50: acc=0.5918  f1m=0.5105  uplink_kB=131.3  t=0.83s
  round  31/50: acc=0.5539  f1m=0.4432  uplink_kB=131.3  t=0.70s
  round  32/50: acc=0.6310  f1m=0.5731  uplink_kB=131.3  t=0.63s
  round  33/50: acc=0.5691  f1m=0.4709  uplink_kB=131.3  t=0.69s
  round  34/50: acc=0.6205  f1m=0.5569  uplink_kB=131.3  t=0.67s
  round  35/50: acc=0.5950  f1m=0.5156  uplink_kB=131.3  t=0.70s
  round  36/50: acc=0.8062  f1m=0.7987  uplink_kB=131.3  t=0.67s
  round  37/50: acc=0.6193  f1m=0.5549  uplink_kB=131.3  t=0.70s
  round  38/50: acc=0.8112  f1m=0.8043  uplink_kB=131.3  t=0.63s
  round  39/50: acc=0.5887  f1m=0.5052  uplink_kB=131.3  t=0.72s
  round  40/50: acc=0.7752  f1m=0.7634  uplink_kB=131.3  t=0.72s
  round  41/50: acc=0.5764  f1m=0.4839  uplink_kB=131.3  t=0.68s
  round  42/50: acc=0.7218  f1m=0.6987  uplink_kB=131.3  t=0.68s
  round  43/50: acc=0.5837  f1m=0.4966  uplink_kB=131.3  t=0.70s
  round  44/50: acc=0.7562  f1m=0.7409  uplink_kB=131.3  t=0.72s
  round  45/50: acc=0.6218  f1m=0.5588  uplink_kB=131.3  t=0.65s
  round  46/50: acc=0.7676  f1m=0.7545  uplink_kB=131.3  t=0.67s
  round  47/50: acc=0.7266  f1m=0.7046  uplink_kB=131.3  t=0.67s
  round  48/50: acc=0.5001  f1m=0.3335  uplink_kB=131.3  t=0.70s
  round  49/50: acc=0.5720  f1m=0.4762  uplink_kB=131.3  t=0.73s
  round  50/50: acc=0.5576  f1m=0.4500  uplink_kB=131.3  t=0.69s
[run] DONE -> /Users/agentra/Documents/hao/working/paper-lab/hao-paper-2026/iotj-fedkan-ids/repo/results/lrsweep_cseciic/lrsweep_mlp80_lr0p1__dir0.1__seed42/metrics.json  final_acc=0.5576
