[run] device=cpu  seed=2026  out=/Users/agentra/Documents/hao/working/paper-lab/hao-paper-2026/iotj-fedkan-ids/repo/results/lrsweep_cseciic/lrsweep_kan16_lr0p001__dir0.1__seed2026
[run] model=kan  params=6,560
  round   1/50: acc=0.8767  f1m=0.8750  uplink_kB=282.0  t=2.59s
  round   2/50: acc=0.9104  f1m=0.9100  uplink_kB=282.0  t=2.00s
  round   3/50: acc=0.9185  f1m=0.9183  uplink_kB=282.0  t=1.98s
  round   4/50: acc=0.9189  f1m=0.9187  uplink_kB=282.0  t=1.92s
  round   5/50: acc=0.9199  f1m=0.9196  uplink_kB=282.0  t=1.90s
  round   6/50: acc=0.9220  f1m=0.9218  uplink_kB=282.0  t=1.99s
  round   7/50: acc=0.9226  f1m=0.9224  uplink_kB=282.0  t=1.96s
  round   8/50: acc=0.9276  f1m=0.9275  uplink_kB=282.0  t=2.00s
  round   9/50: acc=0.9335  f1m=0.9334  uplink_kB=282.0  t=1.92s
  round  10/50: acc=0.9526  f1m=0.9526  uplink_kB=282.0  t=1.92s
  round  11/50: acc=0.9541  f1m=0.9540  uplink_kB=282.0  t=1.91s
  round  12/50: acc=0.9543  f1m=0.9542  uplink_kB=282.0  t=1.95s
  round  13/50: acc=0.9593  f1m=0.9592  uplink_kB=282.0  t=1.91s
  round  14/50: acc=0.9607  f1m=0.9606  uplink_kB=282.0  t=1.94s
  round  15/50: acc=0.9618  f1m=0.9618  uplink_kB=282.0  t=1.92s
  round  16/50: acc=0.9625  f1m=0.9625  uplink_kB=282.0  t=1.90s
  round  17/50: acc=0.9680  f1m=0.9680  uplink_kB=282.0  t=1.90s
  round  18/50: acc=0.9683  f1m=0.9683  uplink_kB=282.0  t=1.90s
  round  19/50: acc=0.9684  f1m=0.9684  uplink_kB=282.0  t=1.98s
  round  20/50: acc=0.9688  f1m=0.9688  uplink_kB=282.0  t=1.91s
  round  21/50: acc=0.9688  f1m=0.9687  uplink_kB=282.0  t=1.91s
  round  22/50: acc=0.9711  f1m=0.9710  uplink_kB=282.0  t=1.98s
  round  23/50: acc=0.9714  f1m=0.9714  uplink_kB=282.0  t=1.95s
  round  24/50: acc=0.9717  f1m=0.9716  uplink_kB=282.0  t=1.91s
  round  25/50: acc=0.9720  f1m=0.9720  uplink_kB=282.0  t=1.87s
  round  26/50: acc=0.9720  f1m=0.9720  uplink_kB=282.0  t=1.96s
  round  27/50: acc=0.9723  f1m=0.9723  uplink_kB=282.0  t=1.97s
  round  28/50: acc=0.9724  f1m=0.9724  uplink_kB=282.0  t=1.97s
  round  29/50: acc=0.9729  f1m=0.9729  uplink_kB=282.0  t=2.06s
  round  30/50: acc=0.9728  f1m=0.9728  uplink_kB=282.0  t=1.95s
  round  31/50: acc=0.9730  f1m=0.9730  uplink_kB=282.0  t=1.96s
  round  32/50: acc=0.9731  f1m=0.9731  uplink_kB=282.0  t=2.06s
  round  33/50: acc=0.9732  f1m=0.9732  uplink_kB=282.0  t=1.93s
  round  34/50: acc=0.9733  f1m=0.9733  uplink_kB=282.0  t=1.95s
  round  35/50: acc=0.9733  f1m=0.9733  uplink_kB=282.0  t=1.97s
  round  36/50: acc=0.9743  f1m=0.9743  uplink_kB=282.0  t=1.92s
  round  37/50: acc=0.9736  f1m=0.9736  uplink_kB=282.0  t=2.01s
  round  38/50: acc=0.9744  f1m=0.9744  uplink_kB=282.0  t=1.94s
  round  39/50: acc=0.9745  f1m=0.9745  uplink_kB=282.0  t=1.94s
  round  40/50: acc=0.9738  f1m=0.9737  uplink_kB=282.0  t=1.99s
  round  41/50: acc=0.9744  f1m=0.9744  uplink_kB=282.0  t=1.95s
  round  42/50: acc=0.9744  f1m=0.9744  uplink_kB=282.0  t=2.01s
  round  43/50: acc=0.9745  f1m=0.9745  uplink_kB=282.0  t=2.09s
  round  44/50: acc=0.9746  f1m=0.9746  uplink_kB=282.0  t=1.88s
  round  45/50: acc=0.9746  f1m=0.9746  uplink_kB=282.0  t=1.97s
  round  46/50: acc=0.9746  f1m=0.9746  uplink_kB=282.0  t=1.98s
  round  47/50: acc=0.9746  f1m=0.9746  uplink_kB=282.0  t=1.96s
  round  48/50: acc=0.9744  f1m=0.9744  uplink_kB=282.0  t=2.00s
  round  49/50: acc=0.9748  f1m=0.9748  uplink_kB=282.0  t=1.95s
  round  50/50: acc=0.9748  f1m=0.9748  uplink_kB=282.0  t=1.98s
[run] DONE -> /Users/agentra/Documents/hao/working/paper-lab/hao-paper-2026/iotj-fedkan-ids/repo/results/lrsweep_cseciic/lrsweep_kan16_lr0p001__dir0.1__seed2026/metrics.json  final_acc=0.9748
