[run] device=cpu  seed=17  out=/Users/agentra/Documents/hao/working/paper-lab/hao-paper-2026/iotj-fedkan-ids/repo/results/lrsweep_cseciic_mc/lrsweep_kan16_lr0p01__dir0.1__seed17
[run] model=kan  params=8,640
  round   1/50: acc=0.5498  f1m=0.1998  uplink_kB=363.3  t=7.39s
  round   2/50: acc=0.7114  f1m=0.4330  uplink_kB=363.3  t=6.38s
  round   3/50: acc=0.7735  f1m=0.5505  uplink_kB=363.3  t=6.38s
  round   4/50: acc=0.8081  f1m=0.5468  uplink_kB=363.3  t=6.55s
  round   5/50: acc=0.8306  f1m=0.5926  uplink_kB=363.3  t=6.90s
  round   6/50: acc=0.8443  f1m=0.6216  uplink_kB=363.3  t=6.20s
  round   7/50: acc=0.8407  f1m=0.6312  uplink_kB=363.3  t=7.38s
  round   8/50: acc=0.8414  f1m=0.6227  uplink_kB=363.3  t=6.62s
  round   9/50: acc=0.8516  f1m=0.6485  uplink_kB=363.3  t=6.45s
  round  10/50: acc=0.8374  f1m=0.6387  uplink_kB=363.3  t=6.24s
  round  11/50: acc=0.8533  f1m=0.6502  uplink_kB=363.3  t=6.27s
  round  12/50: acc=0.8509  f1m=0.6499  uplink_kB=363.3  t=6.25s
  round  13/50: acc=0.8533  f1m=0.6531  uplink_kB=363.3  t=6.20s
  round  14/50: acc=0.8581  f1m=0.6555  uplink_kB=363.3  t=6.58s
  round  15/50: acc=0.8540  f1m=0.6530  uplink_kB=363.3  t=7.33s
  round  16/50: acc=0.8860  f1m=0.7527  uplink_kB=363.3  t=7.39s
  round  17/50: acc=0.8593  f1m=0.6592  uplink_kB=363.3  t=7.16s
  round  18/50: acc=0.8526  f1m=0.6611  uplink_kB=363.3  t=6.38s
  round  19/50: acc=0.8543  f1m=0.6554  uplink_kB=363.3  t=6.58s
  round  20/50: acc=0.8544  f1m=0.6540  uplink_kB=363.3  t=6.37s
  round  21/50: acc=0.8042  f1m=0.7069  uplink_kB=363.3  t=6.37s
  round  22/50: acc=0.8623  f1m=0.6670  uplink_kB=363.3  t=6.44s
  round  23/50: acc=0.8560  f1m=0.6659  uplink_kB=363.3  t=6.33s
  round  24/50: acc=0.8660  f1m=0.6866  uplink_kB=363.3  t=6.48s
  round  25/50: acc=0.8865  f1m=0.7554  uplink_kB=363.3  t=6.76s
  round  26/50: acc=0.8879  f1m=0.7517  uplink_kB=363.3  t=6.48s
  round  27/50: acc=0.8541  f1m=0.6566  uplink_kB=363.3  t=6.18s
  round  28/50: acc=0.8597  f1m=0.6553  uplink_kB=363.3  t=6.79s
  round  29/50: acc=0.8458  f1m=0.6441  uplink_kB=363.3  t=6.58s
  round  30/50: acc=0.8592  f1m=0.6545  uplink_kB=363.3  t=6.37s
  round  31/50: acc=0.8908  f1m=0.7554  uplink_kB=363.3  t=6.26s
  round  32/50: acc=0.8576  f1m=0.6567  uplink_kB=363.3  t=6.40s
  round  33/50: acc=0.8428  f1m=0.5848  uplink_kB=363.3  t=6.38s
  round  34/50: acc=0.8224  f1m=0.6347  uplink_kB=363.3  t=6.63s
  round  35/50: acc=0.8641  f1m=0.6645  uplink_kB=363.3  t=6.27s
  round  36/50: acc=0.8803  f1m=0.7311  uplink_kB=363.3  t=6.49s
  round  37/50: acc=0.8870  f1m=0.7559  uplink_kB=363.3  t=6.32s
  round  38/50: acc=0.8879  f1m=0.7551  uplink_kB=363.3  t=6.47s
  round  39/50: acc=0.8602  f1m=0.6563  uplink_kB=363.3  t=6.21s
  round  40/50: acc=0.8916  f1m=0.7574  uplink_kB=363.3  t=6.29s
  round  41/50: acc=0.8497  f1m=0.6471  uplink_kB=363.3  t=6.29s
  round  42/50: acc=0.8579  f1m=0.6576  uplink_kB=363.3  t=7.40s
  round  43/50: acc=0.8901  f1m=0.7575  uplink_kB=363.3  t=6.73s
  round  44/50: acc=0.8508  f1m=0.6513  uplink_kB=363.3  t=6.36s
  round  45/50: acc=0.8855  f1m=0.7599  uplink_kB=363.3  t=6.70s
  round  46/50: acc=0.8809  f1m=0.7308  uplink_kB=363.3  t=6.35s
  round  47/50: acc=0.8514  f1m=0.6517  uplink_kB=363.3  t=6.29s
  round  48/50: acc=0.8882  f1m=0.7469  uplink_kB=363.3  t=6.39s
  round  49/50: acc=0.8884  f1m=0.7567  uplink_kB=363.3  t=6.97s
  round  50/50: acc=0.8914  f1m=0.7601  uplink_kB=363.3  t=6.32s
[run] DONE -> /Users/agentra/Documents/hao/working/paper-lab/hao-paper-2026/iotj-fedkan-ids/repo/results/lrsweep_cseciic_mc/lrsweep_kan16_lr0p01__dir0.1__seed17/metrics.json  final_acc=0.8914
