[run] device=cpu  seed=42  out=/Users/agentra/Documents/hao/working/paper-lab/hao-paper-2026/iotj-fedkan-ids/repo/results/lrsweep_toniot/lrsweep_mlp80_lr0p003__dir0.1__seed42
[run] model=mlp  params=3,362
  round   1/50: acc=0.5000  f1m=0.3333  uplink_kB=131.3  t=1.21s
  round   2/50: acc=0.5000  f1m=0.3333  uplink_kB=131.3  t=0.66s
  round   3/50: acc=0.5000  f1m=0.3333  uplink_kB=131.3  t=0.69s
  round   4/50: acc=0.5000  f1m=0.3333  uplink_kB=131.3  t=0.68s
  round   5/50: acc=0.5000  f1m=0.3333  uplink_kB=131.3  t=0.67s
  round   6/50: acc=0.5000  f1m=0.3333  uplink_kB=131.3  t=0.67s
  round   7/50: acc=0.5000  f1m=0.3333  uplink_kB=131.3  t=0.68s
  round   8/50: acc=0.5000  f1m=0.3333  uplink_kB=131.3  t=0.67s
  round   9/50: acc=0.5000  f1m=0.3333  uplink_kB=131.3  t=0.68s
  round  10/50: acc=0.5000  f1m=0.3334  uplink_kB=131.3  t=0.67s
  round  11/50: acc=0.5001  f1m=0.3337  uplink_kB=131.3  t=0.67s
  round  12/50: acc=0.5012  f1m=0.3360  uplink_kB=131.3  t=0.66s
  round  13/50: acc=0.5088  f1m=0.3528  uplink_kB=131.3  t=0.61s
  round  14/50: acc=0.5125  f1m=0.3613  uplink_kB=131.3  t=0.65s
  round  15/50: acc=0.5141  f1m=0.3649  uplink_kB=131.3  t=0.65s
  round  16/50: acc=0.5139  f1m=0.3645  uplink_kB=131.3  t=0.66s
  round  17/50: acc=0.5148  f1m=0.3666  uplink_kB=131.3  t=0.65s
  round  18/50: acc=0.5148  f1m=0.3666  uplink_kB=131.3  t=0.66s
  round  19/50: acc=0.5150  f1m=0.3673  uplink_kB=131.3  t=0.64s
  round  20/50: acc=0.5159  f1m=0.3695  uplink_kB=131.3  t=0.58s
  round  21/50: acc=0.5160  f1m=0.3700  uplink_kB=131.3  t=0.64s
  round  22/50: acc=0.5164  f1m=0.3709  uplink_kB=131.3  t=0.68s
  round  23/50: acc=0.5312  f1m=0.4017  uplink_kB=131.3  t=0.65s
  round  24/50: acc=0.5495  f1m=0.4379  uplink_kB=131.3  t=0.65s
  round  25/50: acc=0.5530  f1m=0.4442  uplink_kB=131.3  t=0.67s
  round  26/50: acc=0.5607  f1m=0.4584  uplink_kB=131.3  t=0.58s
  round  27/50: acc=0.5643  f1m=0.4650  uplink_kB=131.3  t=0.66s
  round  28/50: acc=0.5739  f1m=0.4832  uplink_kB=131.3  t=0.64s
  round  29/50: acc=0.5753  f1m=0.4856  uplink_kB=131.3  t=0.63s
  round  30/50: acc=0.5762  f1m=0.4879  uplink_kB=131.3  t=0.67s
  round  31/50: acc=0.5805  f1m=0.4954  uplink_kB=131.3  t=0.69s
  round  32/50: acc=0.5801  f1m=0.4947  uplink_kB=131.3  t=0.59s
  round  33/50: acc=0.5806  f1m=0.4955  uplink_kB=131.3  t=0.66s
  round  34/50: acc=0.5796  f1m=0.4937  uplink_kB=131.3  t=0.66s
  round  35/50: acc=0.5812  f1m=0.4965  uplink_kB=131.3  t=0.65s
  round  36/50: acc=0.5809  f1m=0.4960  uplink_kB=131.3  t=0.66s
  round  37/50: acc=0.5853  f1m=0.5044  uplink_kB=131.3  t=0.67s
  round  38/50: acc=0.5877  f1m=0.5089  uplink_kB=131.3  t=0.60s
  round  39/50: acc=0.5945  f1m=0.5212  uplink_kB=131.3  t=0.67s
  round  40/50: acc=0.5953  f1m=0.5225  uplink_kB=131.3  t=0.68s
  round  41/50: acc=0.5938  f1m=0.5201  uplink_kB=131.3  t=0.67s
  round  42/50: acc=0.5933  f1m=0.5192  uplink_kB=131.3  t=0.66s
  round  43/50: acc=0.5921  f1m=0.5169  uplink_kB=131.3  t=0.66s
  round  44/50: acc=0.5972  f1m=0.5260  uplink_kB=131.3  t=0.68s
  round  45/50: acc=0.6158  f1m=0.5569  uplink_kB=131.3  t=0.62s
  round  46/50: acc=0.6031  f1m=0.5367  uplink_kB=131.3  t=0.68s
  round  47/50: acc=0.5977  f1m=0.5278  uplink_kB=131.3  t=0.65s
  round  48/50: acc=0.6153  f1m=0.5563  uplink_kB=131.3  t=0.65s
  round  49/50: acc=0.6073  f1m=0.5435  uplink_kB=131.3  t=0.70s
  round  50/50: acc=0.5959  f1m=0.5246  uplink_kB=131.3  t=0.70s
[run] DONE -> /Users/agentra/Documents/hao/working/paper-lab/hao-paper-2026/iotj-fedkan-ids/repo/results/lrsweep_toniot/lrsweep_mlp80_lr0p003__dir0.1__seed42/metrics.json  final_acc=0.5959
