[run] device=cpu  seed=42  out=/Users/agentra/Documents/hao/working/paper-lab/hao-paper-2026/iotj-fedkan-ids/repo/results/lrsweep_cseciic/lrsweep_mlp80_lr0p003__dir0.1__seed42
[run] model=mlp  params=3,362
  round   1/50: acc=0.5000  f1m=0.3333  uplink_kB=131.3  t=1.39s
  round   2/50: acc=0.5000  f1m=0.3333  uplink_kB=131.3  t=0.69s
  round   3/50: acc=0.5000  f1m=0.3333  uplink_kB=131.3  t=0.72s
  round   4/50: acc=0.5000  f1m=0.3333  uplink_kB=131.3  t=0.70s
  round   5/50: acc=0.5000  f1m=0.3333  uplink_kB=131.3  t=0.68s
  round   6/50: acc=0.5000  f1m=0.3333  uplink_kB=131.3  t=0.63s
  round   7/50: acc=0.5000  f1m=0.3333  uplink_kB=131.3  t=0.69s
  round   8/50: acc=0.5000  f1m=0.3333  uplink_kB=131.3  t=0.70s
  round   9/50: acc=0.5000  f1m=0.3333  uplink_kB=131.3  t=0.69s
  round  10/50: acc=0.5009  f1m=0.3354  uplink_kB=131.3  t=0.71s
  round  11/50: acc=0.5024  f1m=0.3386  uplink_kB=131.3  t=0.69s
  round  12/50: acc=0.5626  f1m=0.4592  uplink_kB=131.3  t=0.70s
  round  13/50: acc=0.5857  f1m=0.4999  uplink_kB=131.3  t=0.62s
  round  14/50: acc=0.5971  f1m=0.5191  uplink_kB=131.3  t=0.69s
  round  15/50: acc=0.6373  f1m=0.5825  uplink_kB=131.3  t=0.69s
  round  16/50: acc=0.6815  f1m=0.6456  uplink_kB=131.3  t=0.69s
  round  17/50: acc=0.6941  f1m=0.6626  uplink_kB=131.3  t=0.73s
  round  18/50: acc=0.7236  f1m=0.7009  uplink_kB=131.3  t=0.67s
  round  19/50: acc=0.7470  f1m=0.7299  uplink_kB=131.3  t=0.67s
  round  20/50: acc=0.7505  f1m=0.7341  uplink_kB=131.3  t=0.66s
  round  21/50: acc=0.7454  f1m=0.7278  uplink_kB=131.3  t=0.69s
  round  22/50: acc=0.7676  f1m=0.7546  uplink_kB=131.3  t=0.66s
  round  23/50: acc=0.7828  f1m=0.7723  uplink_kB=131.3  t=0.69s
  round  24/50: acc=0.7897  f1m=0.7802  uplink_kB=131.3  t=0.69s
  round  25/50: acc=0.7833  f1m=0.7728  uplink_kB=131.3  t=0.87s
  round  26/50: acc=0.7777  f1m=0.7664  uplink_kB=131.3  t=0.65s
  round  27/50: acc=0.7724  f1m=0.7602  uplink_kB=131.3  t=0.73s
  round  28/50: acc=0.7915  f1m=0.7822  uplink_kB=131.3  t=0.67s
  round  29/50: acc=0.8287  f1m=0.8237  uplink_kB=131.3  t=0.68s
  round  30/50: acc=0.8010  f1m=0.7930  uplink_kB=131.3  t=0.66s
  round  31/50: acc=0.7956  f1m=0.7869  uplink_kB=131.3  t=0.67s
  round  32/50: acc=0.7671  f1m=0.7539  uplink_kB=131.3  t=0.62s
  round  33/50: acc=0.7605  f1m=0.7461  uplink_kB=131.3  t=0.66s
  round  34/50: acc=0.7727  f1m=0.7605  uplink_kB=131.3  t=0.67s
  round  35/50: acc=0.7784  f1m=0.7672  uplink_kB=131.3  t=0.66s
  round  36/50: acc=0.7770  f1m=0.7655  uplink_kB=131.3  t=0.72s
  round  37/50: acc=0.8017  f1m=0.7937  uplink_kB=131.3  t=0.68s
  round  38/50: acc=0.8183  f1m=0.8123  uplink_kB=131.3  t=0.67s
  round  39/50: acc=0.8009  f1m=0.7929  uplink_kB=131.3  t=0.69s
  round  40/50: acc=0.7911  f1m=0.7817  uplink_kB=131.3  t=0.67s
  round  41/50: acc=0.7834  f1m=0.7729  uplink_kB=131.3  t=0.67s
  round  42/50: acc=0.8347  f1m=0.8302  uplink_kB=131.3  t=0.70s
  round  43/50: acc=0.8017  f1m=0.7937  uplink_kB=131.3  t=0.68s
  round  44/50: acc=0.8180  f1m=0.8119  uplink_kB=131.3  t=0.66s
  round  45/50: acc=0.8341  f1m=0.8296  uplink_kB=131.3  t=0.63s
  round  46/50: acc=0.7947  f1m=0.7858  uplink_kB=131.3  t=0.69s
  round  47/50: acc=0.8048  f1m=0.7972  uplink_kB=131.3  t=0.68s
  round  48/50: acc=0.8204  f1m=0.8146  uplink_kB=131.3  t=0.67s
  round  49/50: acc=0.8496  f1m=0.8462  uplink_kB=131.3  t=0.66s
  round  50/50: acc=0.8928  f1m=0.8917  uplink_kB=131.3  t=0.69s
[run] DONE -> /Users/agentra/Documents/hao/working/paper-lab/hao-paper-2026/iotj-fedkan-ids/repo/results/lrsweep_cseciic/lrsweep_mlp80_lr0p003__dir0.1__seed42/metrics.json  final_acc=0.8928
