[run] device=cpu  seed=42  out=/Users/agentra/Documents/hao/working/paper-lab/hao-paper-2026/iotj-fedkan-ids/repo/results/lrsweep_cseciic/lrsweep_mlp32_lr0p01__dir0.1__seed42
[run] model=mlp  params=1,346
  round   1/50: acc=0.5000  f1m=0.3333  uplink_kB=52.6  t=1.26s
  round   2/50: acc=0.5000  f1m=0.3333  uplink_kB=52.6  t=0.69s
  round   3/50: acc=0.5000  f1m=0.3333  uplink_kB=52.6  t=0.66s
  round   4/50: acc=0.5000  f1m=0.3333  uplink_kB=52.6  t=0.66s
  round   5/50: acc=0.5000  f1m=0.3333  uplink_kB=52.6  t=0.73s
  round   6/50: acc=0.5011  f1m=0.3358  uplink_kB=52.6  t=0.60s
  round   7/50: acc=0.5285  f1m=0.3938  uplink_kB=52.6  t=0.66s
  round   8/50: acc=0.5611  f1m=0.4564  uplink_kB=52.6  t=0.64s
  round   9/50: acc=0.5592  f1m=0.4530  uplink_kB=52.6  t=0.69s
  round  10/50: acc=0.6194  f1m=0.5551  uplink_kB=52.6  t=0.67s
  round  11/50: acc=0.6429  f1m=0.5909  uplink_kB=52.6  t=0.63s
  round  12/50: acc=0.6628  f1m=0.6197  uplink_kB=52.6  t=0.63s
  round  13/50: acc=0.6529  f1m=0.6056  uplink_kB=52.6  t=0.60s
  round  14/50: acc=0.7198  f1m=0.6961  uplink_kB=52.6  t=0.66s
  round  15/50: acc=0.7754  f1m=0.7637  uplink_kB=52.6  t=0.65s
  round  16/50: acc=0.7987  f1m=0.7903  uplink_kB=52.6  t=0.65s
  round  17/50: acc=0.7850  f1m=0.7748  uplink_kB=52.6  t=0.63s
  round  18/50: acc=0.8652  f1m=0.8628  uplink_kB=52.6  t=0.68s
  round  19/50: acc=0.8208  f1m=0.8150  uplink_kB=52.6  t=0.65s
  round  20/50: acc=0.7895  f1m=0.7799  uplink_kB=52.6  t=0.61s
  round  21/50: acc=0.8135  f1m=0.8069  uplink_kB=52.6  t=0.63s
  round  22/50: acc=0.8133  f1m=0.8067  uplink_kB=52.6  t=0.66s
  round  23/50: acc=0.8141  f1m=0.8076  uplink_kB=52.6  t=0.68s
  round  24/50: acc=0.8519  f1m=0.8487  uplink_kB=52.6  t=0.67s
  round  25/50: acc=0.8768  f1m=0.8750  uplink_kB=52.6  t=0.67s
  round  26/50: acc=0.9225  f1m=0.9221  uplink_kB=52.6  t=0.61s
  round  27/50: acc=0.9075  f1m=0.9067  uplink_kB=52.6  t=0.64s
  round  28/50: acc=0.9075  f1m=0.9068  uplink_kB=52.6  t=0.65s
  round  29/50: acc=0.9136  f1m=0.9130  uplink_kB=52.6  t=0.64s
  round  30/50: acc=0.9234  f1m=0.9230  uplink_kB=52.6  t=0.63s
  round  31/50: acc=0.9232  f1m=0.9228  uplink_kB=52.6  t=0.64s
  round  32/50: acc=0.9231  f1m=0.9227  uplink_kB=52.6  t=0.60s
  round  33/50: acc=0.9066  f1m=0.9058  uplink_kB=52.6  t=0.64s
  round  34/50: acc=0.9232  f1m=0.9227  uplink_kB=52.6  t=0.64s
  round  35/50: acc=0.9233  f1m=0.9229  uplink_kB=52.6  t=0.63s
  round  36/50: acc=0.9235  f1m=0.9231  uplink_kB=52.6  t=0.64s
  round  37/50: acc=0.9236  f1m=0.9232  uplink_kB=52.6  t=0.69s
  round  38/50: acc=0.9235  f1m=0.9231  uplink_kB=52.6  t=0.59s
  round  39/50: acc=0.9235  f1m=0.9231  uplink_kB=52.6  t=0.67s
  round  40/50: acc=0.9237  f1m=0.9232  uplink_kB=52.6  t=0.68s
  round  41/50: acc=0.9234  f1m=0.9230  uplink_kB=52.6  t=0.67s
  round  42/50: acc=0.9234  f1m=0.9230  uplink_kB=52.6  t=0.65s
  round  43/50: acc=0.9237  f1m=0.9233  uplink_kB=52.6  t=0.63s
  round  44/50: acc=0.9240  f1m=0.9236  uplink_kB=52.6  t=0.64s
  round  45/50: acc=0.9243  f1m=0.9239  uplink_kB=52.6  t=0.62s
  round  46/50: acc=0.9242  f1m=0.9238  uplink_kB=52.6  t=0.70s
  round  47/50: acc=0.9243  f1m=0.9239  uplink_kB=52.6  t=0.67s
  round  48/50: acc=0.9242  f1m=0.9238  uplink_kB=52.6  t=0.64s
  round  49/50: acc=0.9243  f1m=0.9239  uplink_kB=52.6  t=0.65s
  round  50/50: acc=0.9244  f1m=0.9240  uplink_kB=52.6  t=0.65s
[run] DONE -> /Users/agentra/Documents/hao/working/paper-lab/hao-paper-2026/iotj-fedkan-ids/repo/results/lrsweep_cseciic/lrsweep_mlp32_lr0p01__dir0.1__seed42/metrics.json  final_acc=0.9244
