[run] device=cpu  seed=11  out=/Users/agentra/Documents/hao/working/paper-lab/hao-paper-2026/iotj-fedkan-ids/repo/results/lrsweep_cseciic_mc/lrsweep_kan8_lr0p03__dir0.1__seed11
[run] model=kan  params=4,320
  round   1/50: acc=0.1842  f1m=0.0397  uplink_kB=190.8  t=5.98s
  round   2/50: acc=0.6333  f1m=0.2682  uplink_kB=190.8  t=5.47s
  round   3/50: acc=0.7291  f1m=0.3580  uplink_kB=190.8  t=5.45s
  round   4/50: acc=0.7943  f1m=0.4319  uplink_kB=190.8  t=5.59s
  round   5/50: acc=0.8040  f1m=0.5192  uplink_kB=190.8  t=5.48s
  round   6/50: acc=0.8343  f1m=0.5746  uplink_kB=190.8  t=5.76s
  round   7/50: acc=0.8536  f1m=0.6313  uplink_kB=190.8  t=5.30s
  round   8/50: acc=0.8407  f1m=0.6041  uplink_kB=190.8  t=5.39s
  round   9/50: acc=0.8492  f1m=0.6212  uplink_kB=190.8  t=5.38s
  round  10/50: acc=0.8564  f1m=0.6326  uplink_kB=190.8  t=5.38s
  round  11/50: acc=0.8385  f1m=0.5806  uplink_kB=190.8  t=5.42s
  round  12/50: acc=0.8471  f1m=0.6142  uplink_kB=190.8  t=5.47s
  round  13/50: acc=0.8442  f1m=0.6075  uplink_kB=190.8  t=5.72s
  round  14/50: acc=0.8625  f1m=0.6281  uplink_kB=190.8  t=5.47s
  round  15/50: acc=0.8487  f1m=0.6116  uplink_kB=190.8  t=5.42s
  round  16/50: acc=0.8556  f1m=0.6471  uplink_kB=190.8  t=5.26s
  round  17/50: acc=0.8526  f1m=0.6330  uplink_kB=190.8  t=5.33s
  round  18/50: acc=0.8613  f1m=0.6433  uplink_kB=190.8  t=5.26s
  round  19/50: acc=0.8607  f1m=0.6399  uplink_kB=190.8  t=5.37s
  round  20/50: acc=0.8290  f1m=0.5923  uplink_kB=190.8  t=5.39s
  round  21/50: acc=0.8552  f1m=0.6449  uplink_kB=190.8  t=5.65s
  round  22/50: acc=0.8563  f1m=0.6350  uplink_kB=190.8  t=5.31s
  round  23/50: acc=0.7375  f1m=0.5655  uplink_kB=190.8  t=5.51s
  round  24/50: acc=0.8448  f1m=0.6068  uplink_kB=190.8  t=5.42s
  round  25/50: acc=0.8432  f1m=0.6285  uplink_kB=190.8  t=5.27s
  round  26/50: acc=0.8430  f1m=0.6176  uplink_kB=190.8  t=5.41s
  round  27/50: acc=0.8471  f1m=0.6289  uplink_kB=190.8  t=5.31s
  round  28/50: acc=0.8160  f1m=0.5572  uplink_kB=190.8  t=5.42s
  round  29/50: acc=0.8647  f1m=0.6523  uplink_kB=190.8  t=5.56s
  round  30/50: acc=0.8305  f1m=0.6033  uplink_kB=190.8  t=5.34s
  round  31/50: acc=0.8434  f1m=0.6061  uplink_kB=190.8  t=5.46s
  round  32/50: acc=0.8560  f1m=0.6392  uplink_kB=190.8  t=5.29s
  round  33/50: acc=0.8581  f1m=0.6448  uplink_kB=190.8  t=5.32s
  round  34/50: acc=0.8461  f1m=0.6257  uplink_kB=190.8  t=5.31s
  round  35/50: acc=0.8593  f1m=0.6392  uplink_kB=190.8  t=5.41s
  round  36/50: acc=0.8517  f1m=0.6269  uplink_kB=190.8  t=5.70s
  round  37/50: acc=0.8555  f1m=0.6376  uplink_kB=190.8  t=5.48s
  round  38/50: acc=0.8376  f1m=0.5748  uplink_kB=190.8  t=5.37s
  round  39/50: acc=0.8589  f1m=0.6397  uplink_kB=190.8  t=5.47s
  round  40/50: acc=0.8485  f1m=0.6136  uplink_kB=190.8  t=5.32s
  round  41/50: acc=0.7880  f1m=0.5752  uplink_kB=190.8  t=5.45s
  round  42/50: acc=0.8413  f1m=0.6143  uplink_kB=190.8  t=5.37s
  round  43/50: acc=0.8599  f1m=0.6497  uplink_kB=190.8  t=5.31s
  round  44/50: acc=0.8542  f1m=0.6326  uplink_kB=190.8  t=5.27s
  round  45/50: acc=0.8302  f1m=0.6028  uplink_kB=190.8  t=5.43s
  round  46/50: acc=0.8399  f1m=0.5971  uplink_kB=190.8  t=5.36s
  round  47/50: acc=0.8580  f1m=0.6425  uplink_kB=190.8  t=5.29s
  round  48/50: acc=0.8431  f1m=0.6221  uplink_kB=190.8  t=5.81s
  round  49/50: acc=0.8481  f1m=0.6229  uplink_kB=190.8  t=5.39s
  round  50/50: acc=0.8532  f1m=0.6600  uplink_kB=190.8  t=5.26s
[run] DONE -> /Users/agentra/Documents/hao/working/paper-lab/hao-paper-2026/iotj-fedkan-ids/repo/results/lrsweep_cseciic_mc/lrsweep_kan8_lr0p03__dir0.1__seed11/metrics.json  final_acc=0.8532
