[run] device=cpu  seed=42  out=/Users/agentra/Documents/hao/working/paper-lab/hao-paper-2026/iotj-fedkan-ids/repo/results/lrsweep_botiot/lrsweep_kan16_lr0p0003__dir0.1__seed42
[run] model=kan  params=6,560
  round   1/50: acc=0.5011  f1m=0.3338  uplink_kB=282.0  t=2.91s
  round   2/50: acc=0.5011  f1m=0.3338  uplink_kB=282.0  t=2.27s
  round   3/50: acc=0.5012  f1m=0.3341  uplink_kB=282.0  t=2.22s
  round   4/50: acc=0.7576  f1m=0.7479  uplink_kB=282.0  t=2.08s
  round   5/50: acc=0.8851  f1m=0.8846  uplink_kB=282.0  t=2.09s
  round   6/50: acc=0.9166  f1m=0.9165  uplink_kB=282.0  t=2.04s
  round   7/50: acc=0.9228  f1m=0.9228  uplink_kB=282.0  t=2.11s
  round   8/50: acc=0.9279  f1m=0.9279  uplink_kB=282.0  t=2.10s
  round   9/50: acc=0.9287  f1m=0.9287  uplink_kB=282.0  t=2.14s
  round  10/50: acc=0.9296  f1m=0.9296  uplink_kB=282.0  t=2.15s
  round  11/50: acc=0.9303  f1m=0.9303  uplink_kB=282.0  t=2.05s
  round  12/50: acc=0.9319  f1m=0.9318  uplink_kB=282.0  t=2.14s
  round  13/50: acc=0.9406  f1m=0.9406  uplink_kB=282.0  t=2.16s
  round  14/50: acc=0.9490  f1m=0.9490  uplink_kB=282.0  t=2.11s
  round  15/50: acc=0.9559  f1m=0.9559  uplink_kB=282.0  t=2.15s
  round  16/50: acc=0.9616  f1m=0.9616  uplink_kB=282.0  t=2.09s
  round  17/50: acc=0.9653  f1m=0.9652  uplink_kB=282.0  t=2.14s
  round  18/50: acc=0.9655  f1m=0.9654  uplink_kB=282.0  t=2.06s
  round  19/50: acc=0.9644  f1m=0.9644  uplink_kB=282.0  t=2.10s
  round  20/50: acc=0.9646  f1m=0.9645  uplink_kB=282.0  t=2.19s
  round  21/50: acc=0.9644  f1m=0.9644  uplink_kB=282.0  t=1.96s
  round  22/50: acc=0.9645  f1m=0.9645  uplink_kB=282.0  t=1.92s
  round  23/50: acc=0.9675  f1m=0.9675  uplink_kB=282.0  t=1.86s
  round  24/50: acc=0.9695  f1m=0.9695  uplink_kB=282.0  t=1.91s
  round  25/50: acc=0.9695  f1m=0.9695  uplink_kB=282.0  t=1.84s
  round  26/50: acc=0.9693  f1m=0.9693  uplink_kB=282.0  t=1.88s
  round  27/50: acc=0.9693  f1m=0.9692  uplink_kB=282.0  t=2.00s
  round  28/50: acc=0.9693  f1m=0.9693  uplink_kB=282.0  t=1.89s
  round  29/50: acc=0.9715  f1m=0.9715  uplink_kB=282.0  t=1.86s
  round  30/50: acc=0.9715  f1m=0.9715  uplink_kB=282.0  t=1.95s
  round  31/50: acc=0.9715  f1m=0.9714  uplink_kB=282.0  t=1.95s
  round  32/50: acc=0.9714  f1m=0.9714  uplink_kB=282.0  t=1.84s
  round  33/50: acc=0.9715  f1m=0.9715  uplink_kB=282.0  t=1.90s
  round  34/50: acc=0.9714  f1m=0.9714  uplink_kB=282.0  t=1.86s
  round  35/50: acc=0.9714  f1m=0.9714  uplink_kB=282.0  t=1.87s
  round  36/50: acc=0.9714  f1m=0.9714  uplink_kB=282.0  t=1.86s
  round  37/50: acc=0.9715  f1m=0.9715  uplink_kB=282.0  t=1.87s
  round  38/50: acc=0.9715  f1m=0.9715  uplink_kB=282.0  t=1.85s
  round  39/50: acc=0.9715  f1m=0.9715  uplink_kB=282.0  t=1.81s
  round  40/50: acc=0.9715  f1m=0.9714  uplink_kB=282.0  t=1.86s
  round  41/50: acc=0.9715  f1m=0.9715  uplink_kB=282.0  t=1.82s
  round  42/50: acc=0.9716  f1m=0.9716  uplink_kB=282.0  t=1.90s
  round  43/50: acc=0.9716  f1m=0.9716  uplink_kB=282.0  t=1.84s
  round  44/50: acc=0.9716  f1m=0.9716  uplink_kB=282.0  t=1.86s
  round  45/50: acc=0.9716  f1m=0.9716  uplink_kB=282.0  t=1.92s
  round  46/50: acc=0.9717  f1m=0.9717  uplink_kB=282.0  t=1.87s
  round  47/50: acc=0.9718  f1m=0.9718  uplink_kB=282.0  t=1.91s
  round  48/50: acc=0.9718  f1m=0.9718  uplink_kB=282.0  t=1.91s
  round  49/50: acc=0.9718  f1m=0.9718  uplink_kB=282.0  t=1.96s
  round  50/50: acc=0.9718  f1m=0.9718  uplink_kB=282.0  t=1.95s
[run] DONE -> /Users/agentra/Documents/hao/working/paper-lab/hao-paper-2026/iotj-fedkan-ids/repo/results/lrsweep_botiot/lrsweep_kan16_lr0p0003__dir0.1__seed42/metrics.json  final_acc=0.9718
