[run] device=cpu  seed=106  out=/Users/agentra/Documents/hao/working/paper-lab/hao-paper-2026/iotj-fedkan-ids/repo/results/lrsweep_cseciic/lrsweep_mlp80_lr0p01__dir0.1__seed106
[run] model=mlp  params=3,362
  round   1/50: acc=0.5000  f1m=0.3333  uplink_kB=131.3  t=1.41s
  round   2/50: acc=0.6724  f1m=0.6335  uplink_kB=131.3  t=0.82s
  round   3/50: acc=0.8986  f1m=0.8977  uplink_kB=131.3  t=0.83s
  round   4/50: acc=0.6559  f1m=0.6101  uplink_kB=131.3  t=0.83s
  round   5/50: acc=0.9203  f1m=0.9200  uplink_kB=131.3  t=0.84s
  round   6/50: acc=0.9202  f1m=0.9199  uplink_kB=131.3  t=0.79s
  round   7/50: acc=0.9201  f1m=0.9198  uplink_kB=131.3  t=0.83s
  round   8/50: acc=0.9201  f1m=0.9198  uplink_kB=131.3  t=0.82s
  round   9/50: acc=0.9199  f1m=0.9196  uplink_kB=131.3  t=0.84s
  round  10/50: acc=0.9202  f1m=0.9199  uplink_kB=131.3  t=0.83s
  round  11/50: acc=0.9202  f1m=0.9199  uplink_kB=131.3  t=0.86s
  round  12/50: acc=0.9204  f1m=0.9201  uplink_kB=131.3  t=0.77s
  round  13/50: acc=0.9197  f1m=0.9194  uplink_kB=131.3  t=0.78s
  round  14/50: acc=0.9202  f1m=0.9199  uplink_kB=131.3  t=0.85s
  round  15/50: acc=0.9202  f1m=0.9199  uplink_kB=131.3  t=0.88s
  round  16/50: acc=0.9210  f1m=0.9207  uplink_kB=131.3  t=0.86s
  round  17/50: acc=0.9200  f1m=0.9197  uplink_kB=131.3  t=0.88s
  round  18/50: acc=0.9213  f1m=0.9210  uplink_kB=131.3  t=0.81s
  round  19/50: acc=0.9209  f1m=0.9206  uplink_kB=131.3  t=0.81s
  round  20/50: acc=0.9216  f1m=0.9213  uplink_kB=131.3  t=0.77s
  round  21/50: acc=0.9207  f1m=0.9204  uplink_kB=131.3  t=0.80s
  round  22/50: acc=0.9207  f1m=0.9204  uplink_kB=131.3  t=0.81s
  round  23/50: acc=0.9210  f1m=0.9207  uplink_kB=131.3  t=0.79s
  round  24/50: acc=0.9203  f1m=0.9201  uplink_kB=131.3  t=0.79s
  round  25/50: acc=0.9218  f1m=0.9215  uplink_kB=131.3  t=0.77s
  round  26/50: acc=0.9213  f1m=0.9211  uplink_kB=131.3  t=0.83s
  round  27/50: acc=0.9215  f1m=0.9212  uplink_kB=131.3  t=0.72s
  round  28/50: acc=0.9212  f1m=0.9209  uplink_kB=131.3  t=0.80s
  round  29/50: acc=0.9217  f1m=0.9214  uplink_kB=131.3  t=0.78s
  round  30/50: acc=0.9221  f1m=0.9218  uplink_kB=131.3  t=0.77s
  round  31/50: acc=0.9226  f1m=0.9223  uplink_kB=131.3  t=0.79s
  round  32/50: acc=0.9220  f1m=0.9217  uplink_kB=131.3  t=0.78s
  round  33/50: acc=0.9217  f1m=0.9215  uplink_kB=131.3  t=0.74s
  round  34/50: acc=0.9222  f1m=0.9219  uplink_kB=131.3  t=0.78s
  round  35/50: acc=0.9278  f1m=0.9276  uplink_kB=131.3  t=0.77s
  round  36/50: acc=0.9299  f1m=0.9297  uplink_kB=131.3  t=0.78s
  round  37/50: acc=0.9281  f1m=0.9279  uplink_kB=131.3  t=0.80s
  round  38/50: acc=0.9288  f1m=0.9286  uplink_kB=131.3  t=0.81s
  round  39/50: acc=0.9237  f1m=0.9234  uplink_kB=131.3  t=0.72s
  round  40/50: acc=0.9282  f1m=0.9280  uplink_kB=131.3  t=0.78s
  round  41/50: acc=0.9237  f1m=0.9234  uplink_kB=131.3  t=0.76s
  round  42/50: acc=0.9297  f1m=0.9295  uplink_kB=131.3  t=0.82s
  round  43/50: acc=0.9298  f1m=0.9296  uplink_kB=131.3  t=0.79s
  round  44/50: acc=0.9298  f1m=0.9296  uplink_kB=131.3  t=0.78s
  round  45/50: acc=0.9293  f1m=0.9291  uplink_kB=131.3  t=0.78s
  round  46/50: acc=0.9304  f1m=0.9302  uplink_kB=131.3  t=0.74s
  round  47/50: acc=0.9311  f1m=0.9309  uplink_kB=131.3  t=0.77s
  round  48/50: acc=0.9301  f1m=0.9299  uplink_kB=131.3  t=0.78s
  round  49/50: acc=0.9300  f1m=0.9298  uplink_kB=131.3  t=0.81s
  round  50/50: acc=0.9312  f1m=0.9309  uplink_kB=131.3  t=0.83s
[run] DONE -> /Users/agentra/Documents/hao/working/paper-lab/hao-paper-2026/iotj-fedkan-ids/repo/results/lrsweep_cseciic/lrsweep_mlp80_lr0p01__dir0.1__seed106/metrics.json  final_acc=0.9312
