[run] device=cpu  seed=2024  out=/Users/agentra/Documents/hao/working/paper-lab/hao-paper-2026/iotj-fedkan-ids/repo/results/lrsweep_toniot/lrsweep_mlp80_lr0p001__dir0.1__seed2024
[run] model=mlp  params=3,362
  round   1/50: acc=0.6784  f1m=0.6729  uplink_kB=131.3  t=1.16s
  round   2/50: acc=0.7067  f1m=0.7062  uplink_kB=131.3  t=0.64s
  round   3/50: acc=0.7160  f1m=0.7158  uplink_kB=131.3  t=0.65s
  round   4/50: acc=0.7183  f1m=0.7182  uplink_kB=131.3  t=0.66s
  round   5/50: acc=0.7191  f1m=0.7190  uplink_kB=131.3  t=0.66s
  round   6/50: acc=0.7221  f1m=0.7220  uplink_kB=131.3  t=0.62s
  round   7/50: acc=0.7267  f1m=0.7265  uplink_kB=131.3  t=0.67s
  round   8/50: acc=0.7280  f1m=0.7278  uplink_kB=131.3  t=0.68s
  round   9/50: acc=0.7289  f1m=0.7286  uplink_kB=131.3  t=0.65s
  round  10/50: acc=0.7338  f1m=0.7335  uplink_kB=131.3  t=0.70s
  round  11/50: acc=0.7350  f1m=0.7347  uplink_kB=131.3  t=0.65s
  round  12/50: acc=0.7365  f1m=0.7362  uplink_kB=131.3  t=0.63s
  round  13/50: acc=0.7391  f1m=0.7387  uplink_kB=131.3  t=0.69s
  round  14/50: acc=0.7402  f1m=0.7398  uplink_kB=131.3  t=0.67s
  round  15/50: acc=0.7416  f1m=0.7412  uplink_kB=131.3  t=0.68s
  round  16/50: acc=0.7442  f1m=0.7438  uplink_kB=131.3  t=0.68s
  round  17/50: acc=0.7441  f1m=0.7437  uplink_kB=131.3  t=0.68s
  round  18/50: acc=0.7473  f1m=0.7468  uplink_kB=131.3  t=0.68s
  round  19/50: acc=0.7485  f1m=0.7479  uplink_kB=131.3  t=0.71s
  round  20/50: acc=0.7477  f1m=0.7471  uplink_kB=131.3  t=0.63s
  round  21/50: acc=0.7480  f1m=0.7474  uplink_kB=131.3  t=0.67s
  round  22/50: acc=0.7480  f1m=0.7475  uplink_kB=131.3  t=0.68s
  round  23/50: acc=0.7485  f1m=0.7480  uplink_kB=131.3  t=0.65s
  round  24/50: acc=0.7483  f1m=0.7477  uplink_kB=131.3  t=0.67s
  round  25/50: acc=0.7500  f1m=0.7495  uplink_kB=131.3  t=0.60s
  round  26/50: acc=0.7504  f1m=0.7497  uplink_kB=131.3  t=0.67s
  round  27/50: acc=0.7512  f1m=0.7506  uplink_kB=131.3  t=0.65s
  round  28/50: acc=0.7873  f1m=0.7873  uplink_kB=131.3  t=0.68s
  round  29/50: acc=0.7873  f1m=0.7872  uplink_kB=131.3  t=0.66s
  round  30/50: acc=0.7511  f1m=0.7504  uplink_kB=131.3  t=0.67s
  round  31/50: acc=0.7881  f1m=0.7880  uplink_kB=131.3  t=0.67s
  round  32/50: acc=0.7880  f1m=0.7879  uplink_kB=131.3  t=0.59s
  round  33/50: acc=0.8805  f1m=0.8798  uplink_kB=131.3  t=0.65s
  round  34/50: acc=0.8810  f1m=0.8804  uplink_kB=131.3  t=0.66s
  round  35/50: acc=0.8814  f1m=0.8807  uplink_kB=131.3  t=0.65s
  round  36/50: acc=0.8808  f1m=0.8802  uplink_kB=131.3  t=0.69s
  round  37/50: acc=0.8811  f1m=0.8804  uplink_kB=131.3  t=0.66s
  round  38/50: acc=0.8810  f1m=0.8804  uplink_kB=131.3  t=0.70s
  round  39/50: acc=0.8812  f1m=0.8805  uplink_kB=131.3  t=0.66s
  round  40/50: acc=0.8820  f1m=0.8813  uplink_kB=131.3  t=0.70s
  round  41/50: acc=0.8813  f1m=0.8806  uplink_kB=131.3  t=0.71s
  round  42/50: acc=0.8818  f1m=0.8812  uplink_kB=131.3  t=0.67s
  round  43/50: acc=0.8814  f1m=0.8808  uplink_kB=131.3  t=0.68s
  round  44/50: acc=0.8825  f1m=0.8819  uplink_kB=131.3  t=0.68s
  round  45/50: acc=0.8831  f1m=0.8825  uplink_kB=131.3  t=0.75s
  round  46/50: acc=0.8830  f1m=0.8824  uplink_kB=131.3  t=0.67s
  round  47/50: acc=0.8835  f1m=0.8828  uplink_kB=131.3  t=0.66s
  round  48/50: acc=0.8838  f1m=0.8831  uplink_kB=131.3  t=0.65s
  round  49/50: acc=0.8834  f1m=0.8828  uplink_kB=131.3  t=0.68s
  round  50/50: acc=0.8833  f1m=0.8827  uplink_kB=131.3  t=0.69s
[run] DONE -> /Users/agentra/Documents/hao/working/paper-lab/hao-paper-2026/iotj-fedkan-ids/repo/results/lrsweep_toniot/lrsweep_mlp80_lr0p001__dir0.1__seed2024/metrics.json  final_acc=0.8833
