[run] device=cpu  seed=31  out=/Users/agentra/Documents/hao/working/paper-lab/hao-paper-2026/iotj-fedkan-ids/repo/results/lrsweep_toniot/lrsweep_kan8_lr0p001__dir0.1__seed31
[run] model=kan  params=3,280
  round   1/50: acc=0.5496  f1m=0.4577  uplink_kB=150.2  t=2.12s
  round   2/50: acc=0.6444  f1m=0.6327  uplink_kB=150.2  t=1.64s
  round   3/50: acc=0.7032  f1m=0.7023  uplink_kB=150.2  t=1.64s
  round   4/50: acc=0.7069  f1m=0.7068  uplink_kB=150.2  t=1.68s
  round   5/50: acc=0.7095  f1m=0.7095  uplink_kB=150.2  t=1.72s
  round   6/50: acc=0.7432  f1m=0.7429  uplink_kB=150.2  t=1.65s
  round   7/50: acc=0.6709  f1m=0.6668  uplink_kB=150.2  t=1.87s
  round   8/50: acc=0.7651  f1m=0.7555  uplink_kB=150.2  t=1.63s
  round   9/50: acc=0.7756  f1m=0.7663  uplink_kB=150.2  t=1.65s
  round  10/50: acc=0.7787  f1m=0.7697  uplink_kB=150.2  t=1.67s
  round  11/50: acc=0.7794  f1m=0.7707  uplink_kB=150.2  t=1.72s
  round  12/50: acc=0.7796  f1m=0.7709  uplink_kB=150.2  t=1.63s
  round  13/50: acc=0.5649  f1m=0.4783  uplink_kB=150.2  t=1.67s
  round  14/50: acc=0.5653  f1m=0.4789  uplink_kB=150.2  t=1.55s
  round  15/50: acc=0.5657  f1m=0.4796  uplink_kB=150.2  t=1.59s
  round  16/50: acc=0.5659  f1m=0.4799  uplink_kB=150.2  t=1.70s
  round  17/50: acc=0.5663  f1m=0.4808  uplink_kB=150.2  t=1.67s
  round  18/50: acc=0.5659  f1m=0.4799  uplink_kB=150.2  t=1.67s
  round  19/50: acc=0.5664  f1m=0.4808  uplink_kB=150.2  t=1.68s
  round  20/50: acc=0.5668  f1m=0.4809  uplink_kB=150.2  t=1.73s
  round  21/50: acc=0.5672  f1m=0.4816  uplink_kB=150.2  t=1.56s
  round  22/50: acc=0.5683  f1m=0.4836  uplink_kB=150.2  t=1.68s
  round  23/50: acc=0.5688  f1m=0.4841  uplink_kB=150.2  t=1.75s
  round  24/50: acc=0.5690  f1m=0.4844  uplink_kB=150.2  t=1.61s
  round  25/50: acc=0.5693  f1m=0.4848  uplink_kB=150.2  t=1.64s
  round  26/50: acc=0.5697  f1m=0.4854  uplink_kB=150.2  t=1.66s
  round  27/50: acc=0.5698  f1m=0.4858  uplink_kB=150.2  t=1.62s
  round  28/50: acc=0.5695  f1m=0.4852  uplink_kB=150.2  t=1.60s
  round  29/50: acc=0.5713  f1m=0.4877  uplink_kB=150.2  t=1.63s
  round  30/50: acc=0.5717  f1m=0.4881  uplink_kB=150.2  t=1.68s
  round  31/50: acc=0.5721  f1m=0.4888  uplink_kB=150.2  t=1.74s
  round  32/50: acc=0.5729  f1m=0.4902  uplink_kB=150.2  t=1.67s
  round  33/50: acc=0.5741  f1m=0.4921  uplink_kB=150.2  t=1.67s
  round  34/50: acc=0.5735  f1m=0.4908  uplink_kB=150.2  t=1.67s
  round  35/50: acc=0.5737  f1m=0.4917  uplink_kB=150.2  t=1.70s
  round  36/50: acc=0.5758  f1m=0.4947  uplink_kB=150.2  t=1.68s
  round  37/50: acc=0.7927  f1m=0.7855  uplink_kB=150.2  t=1.64s
  round  38/50: acc=0.7941  f1m=0.7868  uplink_kB=150.2  t=1.71s
  round  39/50: acc=0.7952  f1m=0.7880  uplink_kB=150.2  t=1.71s
  round  40/50: acc=0.7955  f1m=0.7883  uplink_kB=150.2  t=1.67s
  round  41/50: acc=0.7986  f1m=0.7918  uplink_kB=150.2  t=1.69s
  round  42/50: acc=0.7988  f1m=0.7920  uplink_kB=150.2  t=1.62s
  round  43/50: acc=0.7979  f1m=0.7910  uplink_kB=150.2  t=1.68s
  round  44/50: acc=0.7997  f1m=0.7929  uplink_kB=150.2  t=1.68s
  round  45/50: acc=0.8014  f1m=0.7949  uplink_kB=150.2  t=1.66s
  round  46/50: acc=0.8039  f1m=0.7976  uplink_kB=150.2  t=1.64s
  round  47/50: acc=0.8034  f1m=0.7971  uplink_kB=150.2  t=1.71s
  round  48/50: acc=0.8036  f1m=0.7972  uplink_kB=150.2  t=1.65s
  round  49/50: acc=0.8814  f1m=0.8802  uplink_kB=150.2  t=1.68s
  round  50/50: acc=0.8778  f1m=0.8764  uplink_kB=150.2  t=1.60s
[run] DONE -> /Users/agentra/Documents/hao/working/paper-lab/hao-paper-2026/iotj-fedkan-ids/repo/results/lrsweep_toniot/lrsweep_kan8_lr0p001__dir0.1__seed31/metrics.json  final_acc=0.8778
