[run] device=cpu  seed=11  out=/Users/agentra/Documents/hao/working/paper-lab/hao-paper-2026/iotj-fedkan-ids/repo/results/lrsweep_cseciic_mc50k/lrsweep_mlp32_lr0p0003__dir0.1__seed11
[run] model=mlp  params=1,775
  round   1/50: acc=0.1774  f1m=0.0630  uplink_kB=69.3  t=1.73s
  round   2/50: acc=0.1155  f1m=0.0197  uplink_kB=69.3  t=1.01s
  round   3/50: acc=0.1159  f1m=0.0166  uplink_kB=69.3  t=1.04s
  round   4/50: acc=0.1210  f1m=0.0154  uplink_kB=69.3  t=0.99s
  round   5/50: acc=0.1221  f1m=0.0152  uplink_kB=69.3  t=1.06s
  round   6/50: acc=0.1221  f1m=0.0153  uplink_kB=69.3  t=0.96s
  round   7/50: acc=0.1596  f1m=0.0419  uplink_kB=69.3  t=1.03s
  round   8/50: acc=0.1666  f1m=0.0437  uplink_kB=69.3  t=1.00s
  round   9/50: acc=0.1657  f1m=0.0432  uplink_kB=69.3  t=1.05s
  round  10/50: acc=0.1775  f1m=0.0477  uplink_kB=69.3  t=1.01s
  round  11/50: acc=0.2313  f1m=0.0548  uplink_kB=69.3  t=1.05s
  round  12/50: acc=0.2340  f1m=0.0540  uplink_kB=69.3  t=0.97s
  round  13/50: acc=0.2348  f1m=0.0536  uplink_kB=69.3  t=1.03s
  round  14/50: acc=0.2354  f1m=0.0532  uplink_kB=69.3  t=1.01s
  round  15/50: acc=0.2353  f1m=0.0527  uplink_kB=69.3  t=1.05s
  round  16/50: acc=0.2464  f1m=0.0637  uplink_kB=69.3  t=1.03s
  round  17/50: acc=0.3291  f1m=0.1002  uplink_kB=69.3  t=1.02s
  round  18/50: acc=0.3308  f1m=0.1013  uplink_kB=69.3  t=0.98s
  round  19/50: acc=0.2973  f1m=0.0909  uplink_kB=69.3  t=1.02s
  round  20/50: acc=0.2855  f1m=0.0862  uplink_kB=69.3  t=1.00s
  round  21/50: acc=0.2849  f1m=0.0866  uplink_kB=69.3  t=1.07s
  round  22/50: acc=0.2750  f1m=0.0827  uplink_kB=69.3  t=1.01s
  round  23/50: acc=0.2697  f1m=0.0802  uplink_kB=69.3  t=1.04s
  round  24/50: acc=0.2685  f1m=0.0798  uplink_kB=69.3  t=1.02s
  round  25/50: acc=0.2678  f1m=0.0795  uplink_kB=69.3  t=1.04s
  round  26/50: acc=0.2677  f1m=0.0795  uplink_kB=69.3  t=1.01s
  round  27/50: acc=0.2660  f1m=0.0802  uplink_kB=69.3  t=1.05s
  round  28/50: acc=0.2641  f1m=0.0797  uplink_kB=69.3  t=1.01s
  round  29/50: acc=0.2751  f1m=0.0823  uplink_kB=69.3  t=1.04s
  round  30/50: acc=0.2749  f1m=0.0822  uplink_kB=69.3  t=1.06s
  round  31/50: acc=0.2746  f1m=0.0822  uplink_kB=69.3  t=1.01s
  round  32/50: acc=0.2744  f1m=0.0821  uplink_kB=69.3  t=1.02s
  round  33/50: acc=0.2742  f1m=0.0821  uplink_kB=69.3  t=1.05s
  round  34/50: acc=0.2742  f1m=0.0821  uplink_kB=69.3  t=1.08s
  round  35/50: acc=0.2742  f1m=0.0821  uplink_kB=69.3  t=0.99s
  round  36/50: acc=0.2743  f1m=0.0821  uplink_kB=69.3  t=1.09s
  round  37/50: acc=0.2743  f1m=0.0821  uplink_kB=69.3  t=1.02s
  round  38/50: acc=0.2747  f1m=0.0822  uplink_kB=69.3  t=1.11s
  round  39/50: acc=0.2748  f1m=0.0823  uplink_kB=69.3  t=1.03s
  round  40/50: acc=0.2753  f1m=0.0826  uplink_kB=69.3  t=1.07s
  round  41/50: acc=0.3238  f1m=0.1380  uplink_kB=69.3  t=1.00s
  round  42/50: acc=0.3268  f1m=0.1392  uplink_kB=69.3  t=1.03s
  round  43/50: acc=0.3315  f1m=0.1415  uplink_kB=69.3  t=0.99s
  round  44/50: acc=0.3317  f1m=0.1414  uplink_kB=69.3  t=1.07s
  round  45/50: acc=0.3208  f1m=0.1389  uplink_kB=69.3  t=1.00s
  round  46/50: acc=0.3211  f1m=0.1390  uplink_kB=69.3  t=1.08s
  round  47/50: acc=0.3239  f1m=0.1396  uplink_kB=69.3  t=1.02s
  round  48/50: acc=0.3239  f1m=0.1395  uplink_kB=69.3  t=1.06s
  round  49/50: acc=0.3245  f1m=0.1396  uplink_kB=69.3  t=1.01s
  round  50/50: acc=0.3262  f1m=0.1403  uplink_kB=69.3  t=1.05s
[run] DONE -> /Users/agentra/Documents/hao/working/paper-lab/hao-paper-2026/iotj-fedkan-ids/repo/results/lrsweep_cseciic_mc50k/lrsweep_mlp32_lr0p0003__dir0.1__seed11/metrics.json  final_acc=0.3262
