[run] device=cpu  seed=31  out=/Users/agentra/Documents/hao/working/paper-lab/hao-paper-2026/iotj-fedkan-ids/repo/results/lrsweep_cseciic_mc/lrsweep_kan8_lr0p001__dir0.1__seed31
[run] model=kan  params=4,320
  round   1/50: acc=0.2378  f1m=0.0529  uplink_kB=190.8  t=5.92s
  round   2/50: acc=0.3015  f1m=0.0630  uplink_kB=190.8  t=5.56s
  round   3/50: acc=0.3072  f1m=0.0685  uplink_kB=190.8  t=5.47s
  round   4/50: acc=0.3476  f1m=0.0964  uplink_kB=190.8  t=5.54s
  round   5/50: acc=0.3739  f1m=0.1098  uplink_kB=190.8  t=5.53s
  round   6/50: acc=0.3901  f1m=0.1135  uplink_kB=190.8  t=5.51s
  round   7/50: acc=0.4378  f1m=0.1305  uplink_kB=190.8  t=6.11s
  round   8/50: acc=0.4503  f1m=0.2022  uplink_kB=190.8  t=5.43s
  round   9/50: acc=0.4636  f1m=0.2312  uplink_kB=190.8  t=5.53s
  round  10/50: acc=0.5064  f1m=0.2585  uplink_kB=190.8  t=5.57s
  round  11/50: acc=0.5096  f1m=0.2472  uplink_kB=190.8  t=5.50s
  round  12/50: acc=0.5103  f1m=0.2472  uplink_kB=190.8  t=5.45s
  round  13/50: acc=0.5128  f1m=0.2485  uplink_kB=190.8  t=5.52s
  round  14/50: acc=0.5129  f1m=0.2481  uplink_kB=190.8  t=5.54s
  round  15/50: acc=0.5128  f1m=0.2480  uplink_kB=190.8  t=5.52s
  round  16/50: acc=0.5119  f1m=0.2473  uplink_kB=190.8  t=6.07s
  round  17/50: acc=0.5155  f1m=0.2556  uplink_kB=190.8  t=5.39s
  round  18/50: acc=0.5155  f1m=0.2556  uplink_kB=190.8  t=5.37s
  round  19/50: acc=0.6140  f1m=0.3114  uplink_kB=190.8  t=5.48s
  round  20/50: acc=0.6143  f1m=0.3114  uplink_kB=190.8  t=5.33s
  round  21/50: acc=0.6143  f1m=0.3115  uplink_kB=190.8  t=5.88s
  round  22/50: acc=0.6146  f1m=0.3126  uplink_kB=190.8  t=5.67s
  round  23/50: acc=0.6158  f1m=0.3159  uplink_kB=190.8  t=5.41s
  round  24/50: acc=0.6162  f1m=0.3164  uplink_kB=190.8  t=5.82s
  round  25/50: acc=0.6201  f1m=0.3250  uplink_kB=190.8  t=5.89s
  round  26/50: acc=0.6254  f1m=0.3426  uplink_kB=190.8  t=5.43s
  round  27/50: acc=0.6278  f1m=0.3586  uplink_kB=190.8  t=5.40s
  round  28/50: acc=0.6285  f1m=0.3650  uplink_kB=190.8  t=5.40s
  round  29/50: acc=0.6288  f1m=0.3677  uplink_kB=190.8  t=6.03s
  round  30/50: acc=0.6290  f1m=0.3682  uplink_kB=190.8  t=6.01s
  round  31/50: acc=0.6282  f1m=0.3583  uplink_kB=190.8  t=5.58s
  round  32/50: acc=0.6301  f1m=0.3587  uplink_kB=190.8  t=5.47s
  round  33/50: acc=0.6304  f1m=0.3589  uplink_kB=190.8  t=5.42s
  round  34/50: acc=0.6284  f1m=0.3165  uplink_kB=190.8  t=5.43s
  round  35/50: acc=0.6282  f1m=0.3126  uplink_kB=190.8  t=5.49s
  round  36/50: acc=0.6280  f1m=0.3117  uplink_kB=190.8  t=5.41s
  round  37/50: acc=0.6282  f1m=0.3127  uplink_kB=190.8  t=5.40s
  round  38/50: acc=0.6282  f1m=0.3127  uplink_kB=190.8  t=5.37s
  round  39/50: acc=0.6283  f1m=0.3129  uplink_kB=190.8  t=5.42s
  round  40/50: acc=0.6287  f1m=0.3192  uplink_kB=190.8  t=5.41s
  round  41/50: acc=0.6360  f1m=0.3494  uplink_kB=190.8  t=5.44s
  round  42/50: acc=0.6596  f1m=0.4127  uplink_kB=190.8  t=5.62s
  round  43/50: acc=0.6598  f1m=0.4134  uplink_kB=190.8  t=5.47s
  round  44/50: acc=0.6604  f1m=0.4140  uplink_kB=190.8  t=5.37s
  round  45/50: acc=0.6603  f1m=0.4138  uplink_kB=190.8  t=5.43s
  round  46/50: acc=0.6606  f1m=0.4140  uplink_kB=190.8  t=5.42s
  round  47/50: acc=0.6608  f1m=0.4141  uplink_kB=190.8  t=5.50s
  round  48/50: acc=0.6608  f1m=0.4145  uplink_kB=190.8  t=5.36s
  round  49/50: acc=0.6607  f1m=0.4140  uplink_kB=190.8  t=5.55s
  round  50/50: acc=0.6608  f1m=0.4142  uplink_kB=190.8  t=5.43s
[run] DONE -> /Users/agentra/Documents/hao/working/paper-lab/hao-paper-2026/iotj-fedkan-ids/repo/results/lrsweep_cseciic_mc/lrsweep_kan8_lr0p001__dir0.1__seed31/metrics.json  final_acc=0.6608
