[run] device=cpu  seed=2024  out=/Users/agentra/Documents/hao/working/paper-lab/hao-paper-2026/iotj-fedkan-ids/repo/results/lrsweep_toniot/lrsweep_mlp80_lr0p0003__dir0.1__seed2024
[run] model=mlp  params=3,362
  round   1/50: acc=0.5000  f1m=0.3333  uplink_kB=131.3  t=1.12s
  round   2/50: acc=0.5000  f1m=0.3334  uplink_kB=131.3  t=0.67s
  round   3/50: acc=0.5144  f1m=0.3660  uplink_kB=131.3  t=0.67s
  round   4/50: acc=0.5492  f1m=0.4429  uplink_kB=131.3  t=0.68s
  round   5/50: acc=0.6128  f1m=0.5604  uplink_kB=131.3  t=0.69s
  round   6/50: acc=0.6494  f1m=0.6244  uplink_kB=131.3  t=0.64s
  round   7/50: acc=0.6564  f1m=0.6373  uplink_kB=131.3  t=0.67s
  round   8/50: acc=0.6919  f1m=0.6814  uplink_kB=131.3  t=0.67s
  round   9/50: acc=0.6896  f1m=0.6804  uplink_kB=131.3  t=0.66s
  round  10/50: acc=0.7056  f1m=0.6994  uplink_kB=131.3  t=0.66s
  round  11/50: acc=0.7166  f1m=0.7119  uplink_kB=131.3  t=0.67s
  round  12/50: acc=0.7236  f1m=0.7197  uplink_kB=131.3  t=0.60s
  round  13/50: acc=0.7281  f1m=0.7248  uplink_kB=131.3  t=0.65s
  round  14/50: acc=0.7306  f1m=0.7276  uplink_kB=131.3  t=0.66s
  round  15/50: acc=0.7318  f1m=0.7288  uplink_kB=131.3  t=0.66s
  round  16/50: acc=0.7316  f1m=0.7287  uplink_kB=131.3  t=0.68s
  round  17/50: acc=0.7320  f1m=0.7291  uplink_kB=131.3  t=0.67s
  round  18/50: acc=0.7328  f1m=0.7299  uplink_kB=131.3  t=0.68s
  round  19/50: acc=0.7337  f1m=0.7308  uplink_kB=131.3  t=0.70s
  round  20/50: acc=0.7335  f1m=0.7307  uplink_kB=131.3  t=0.62s
  round  21/50: acc=0.7343  f1m=0.7316  uplink_kB=131.3  t=0.68s
  round  22/50: acc=0.7351  f1m=0.7323  uplink_kB=131.3  t=0.70s
  round  23/50: acc=0.7356  f1m=0.7329  uplink_kB=131.3  t=0.66s
  round  24/50: acc=0.7358  f1m=0.7332  uplink_kB=131.3  t=0.71s
  round  25/50: acc=0.7371  f1m=0.7345  uplink_kB=131.3  t=0.60s
  round  26/50: acc=0.7372  f1m=0.7347  uplink_kB=131.3  t=0.68s
  round  27/50: acc=0.7374  f1m=0.7348  uplink_kB=131.3  t=0.68s
  round  28/50: acc=0.7385  f1m=0.7360  uplink_kB=131.3  t=0.63s
  round  29/50: acc=0.7400  f1m=0.7378  uplink_kB=131.3  t=0.67s
  round  30/50: acc=0.7404  f1m=0.7381  uplink_kB=131.3  t=0.69s
  round  31/50: acc=0.7413  f1m=0.7391  uplink_kB=131.3  t=0.67s
  round  32/50: acc=0.7470  f1m=0.7455  uplink_kB=131.3  t=0.62s
  round  33/50: acc=0.7485  f1m=0.7470  uplink_kB=131.3  t=0.68s
  round  34/50: acc=0.7488  f1m=0.7474  uplink_kB=131.3  t=0.68s
  round  35/50: acc=0.7504  f1m=0.7490  uplink_kB=131.3  t=0.66s
  round  36/50: acc=0.7510  f1m=0.7496  uplink_kB=131.3  t=0.65s
  round  37/50: acc=0.7517  f1m=0.7504  uplink_kB=131.3  t=0.65s
  round  38/50: acc=0.7518  f1m=0.7504  uplink_kB=131.3  t=0.66s
  round  39/50: acc=0.7524  f1m=0.7511  uplink_kB=131.3  t=0.58s
  round  40/50: acc=0.7529  f1m=0.7516  uplink_kB=131.3  t=0.66s
  round  41/50: acc=0.7537  f1m=0.7524  uplink_kB=131.3  t=0.68s
  round  42/50: acc=0.7541  f1m=0.7529  uplink_kB=131.3  t=0.69s
  round  43/50: acc=0.7540  f1m=0.7527  uplink_kB=131.3  t=0.66s
  round  44/50: acc=0.7549  f1m=0.7536  uplink_kB=131.3  t=0.65s
  round  45/50: acc=0.7545  f1m=0.7533  uplink_kB=131.3  t=0.63s
  round  46/50: acc=0.7549  f1m=0.7537  uplink_kB=131.3  t=0.61s
  round  47/50: acc=0.7561  f1m=0.7549  uplink_kB=131.3  t=0.65s
  round  48/50: acc=0.7561  f1m=0.7548  uplink_kB=131.3  t=0.65s
  round  49/50: acc=0.7565  f1m=0.7552  uplink_kB=131.3  t=0.66s
  round  50/50: acc=0.7567  f1m=0.7555  uplink_kB=131.3  t=0.72s
[run] DONE -> /Users/agentra/Documents/hao/working/paper-lab/hao-paper-2026/iotj-fedkan-ids/repo/results/lrsweep_toniot/lrsweep_mlp80_lr0p0003__dir0.1__seed2024/metrics.json  final_acc=0.7567
