[run] device=cpu  seed=43  out=/Users/agentra/Documents/hao/working/paper-lab/hao-paper-2026/iotj-fedkan-ids/repo/results/lrsweep_cseciic_mc50k/lrsweep_mlp32_lr0p01__dir0.1__seed43
[run] model=mlp  params=1,775
  round   1/50: acc=0.3405  f1m=0.1307  uplink_kB=69.3  t=1.88s
  round   2/50: acc=0.3921  f1m=0.2116  uplink_kB=69.3  t=1.05s
  round   3/50: acc=0.5579  f1m=0.3131  uplink_kB=69.3  t=1.09s
  round   4/50: acc=0.5739  f1m=0.3228  uplink_kB=69.3  t=1.02s
  round   5/50: acc=0.5758  f1m=0.3260  uplink_kB=69.3  t=1.12s
  round   6/50: acc=0.5766  f1m=0.3257  uplink_kB=69.3  t=1.01s
  round   7/50: acc=0.5783  f1m=0.3291  uplink_kB=69.3  t=1.12s
  round   8/50: acc=0.5796  f1m=0.3296  uplink_kB=69.3  t=1.04s
  round   9/50: acc=0.5932  f1m=0.3802  uplink_kB=69.3  t=1.11s
  round  10/50: acc=0.5962  f1m=0.3830  uplink_kB=69.3  t=1.00s
  round  11/50: acc=0.6191  f1m=0.4100  uplink_kB=69.3  t=1.13s
  round  12/50: acc=0.6760  f1m=0.4530  uplink_kB=69.3  t=1.00s
  round  13/50: acc=0.6933  f1m=0.4670  uplink_kB=69.3  t=1.05s
  round  14/50: acc=0.6938  f1m=0.4661  uplink_kB=69.3  t=1.00s
  round  15/50: acc=0.6946  f1m=0.4681  uplink_kB=69.3  t=1.07s
  round  16/50: acc=0.7020  f1m=0.4826  uplink_kB=69.3  t=1.02s
  round  17/50: acc=0.7083  f1m=0.5079  uplink_kB=69.3  t=1.08s
  round  18/50: acc=0.7030  f1m=0.4841  uplink_kB=69.3  t=1.08s
  round  19/50: acc=0.7225  f1m=0.5036  uplink_kB=69.3  t=1.07s
  round  20/50: acc=0.7294  f1m=0.5290  uplink_kB=69.3  t=1.04s
  round  21/50: acc=0.7292  f1m=0.5291  uplink_kB=69.3  t=1.15s
  round  22/50: acc=0.7293  f1m=0.5289  uplink_kB=69.3  t=1.02s
  round  23/50: acc=0.7296  f1m=0.5296  uplink_kB=69.3  t=1.09s
  round  24/50: acc=0.7299  f1m=0.5292  uplink_kB=69.3  t=1.04s
  round  25/50: acc=0.7386  f1m=0.5378  uplink_kB=69.3  t=1.08s
  round  26/50: acc=0.7339  f1m=0.5394  uplink_kB=69.3  t=1.02s
  round  27/50: acc=0.7322  f1m=0.5374  uplink_kB=69.3  t=1.14s
  round  28/50: acc=0.7490  f1m=0.5596  uplink_kB=69.3  t=1.03s
  round  29/50: acc=0.7344  f1m=0.5392  uplink_kB=69.3  t=1.03s
  round  30/50: acc=0.7363  f1m=0.5452  uplink_kB=69.3  t=1.06s
  round  31/50: acc=0.7423  f1m=0.5474  uplink_kB=69.3  t=1.08s
  round  32/50: acc=0.7463  f1m=0.5515  uplink_kB=69.3  t=1.04s
  round  33/50: acc=0.7358  f1m=0.5445  uplink_kB=69.3  t=1.08s
  round  34/50: acc=0.7353  f1m=0.5441  uplink_kB=69.3  t=1.07s
  round  35/50: acc=0.7533  f1m=0.5580  uplink_kB=69.3  t=1.00s
  round  36/50: acc=0.7377  f1m=0.5456  uplink_kB=69.3  t=1.08s
  round  37/50: acc=0.7485  f1m=0.5571  uplink_kB=69.3  t=1.02s
  round  38/50: acc=0.7498  f1m=0.5506  uplink_kB=69.3  t=1.06s
  round  39/50: acc=0.7548  f1m=0.5635  uplink_kB=69.3  t=1.07s
  round  40/50: acc=0.7518  f1m=0.5547  uplink_kB=69.3  t=1.11s
  round  41/50: acc=0.7528  f1m=0.5561  uplink_kB=69.3  t=1.04s
  round  42/50: acc=0.7549  f1m=0.5524  uplink_kB=69.3  t=1.02s
  round  43/50: acc=0.7945  f1m=0.6242  uplink_kB=69.3  t=1.00s
  round  44/50: acc=0.8225  f1m=0.6596  uplink_kB=69.3  t=1.09s
  round  45/50: acc=0.8008  f1m=0.6277  uplink_kB=69.3  t=1.05s
  round  46/50: acc=0.7599  f1m=0.5618  uplink_kB=69.3  t=1.07s
  round  47/50: acc=0.7541  f1m=0.5513  uplink_kB=69.3  t=1.03s
  round  48/50: acc=0.8179  f1m=0.6530  uplink_kB=69.3  t=1.06s
  round  49/50: acc=0.7884  f1m=0.5842  uplink_kB=69.3  t=1.06s
  round  50/50: acc=0.8210  f1m=0.6566  uplink_kB=69.3  t=1.10s
[run] DONE -> /Users/agentra/Documents/hao/working/paper-lab/hao-paper-2026/iotj-fedkan-ids/repo/results/lrsweep_cseciic_mc50k/lrsweep_mlp32_lr0p01__dir0.1__seed43/metrics.json  final_acc=0.8210
