[run] device=cpu  seed=23  out=/Users/agentra/Documents/hao/working/paper-lab/hao-paper-2026/iotj-fedkan-ids/repo/results/lrsweep_toniot/lrsweep_kan16_lr0p1__dir0.1__seed23
[run] model=kan  params=6,560
  round   1/50: acc=0.6462  f1m=0.6354  uplink_kB=282.0  t=2.34s
  round   2/50: acc=0.7062  f1m=0.7000  uplink_kB=282.0  t=1.87s
  round   3/50: acc=0.5578  f1m=0.4775  uplink_kB=282.0  t=1.90s
  round   4/50: acc=0.8615  f1m=0.8611  uplink_kB=282.0  t=1.90s
  round   5/50: acc=0.5018  f1m=0.3437  uplink_kB=282.0  t=1.85s
  round   6/50: acc=0.5041  f1m=0.3469  uplink_kB=282.0  t=1.91s
  round   7/50: acc=0.7400  f1m=0.7380  uplink_kB=282.0  t=1.86s
  round   8/50: acc=0.7784  f1m=0.7698  uplink_kB=282.0  t=1.85s
  round   9/50: acc=0.5952  f1m=0.5218  uplink_kB=282.0  t=1.89s
  round  10/50: acc=0.8807  f1m=0.8801  uplink_kB=282.0  t=1.85s
  round  11/50: acc=0.6083  f1m=0.5610  uplink_kB=282.0  t=1.92s
  round  12/50: acc=0.4784  f1m=0.4483  uplink_kB=282.0  t=2.00s
  round  13/50: acc=0.5526  f1m=0.4811  uplink_kB=282.0  t=2.10s
  round  14/50: acc=0.7440  f1m=0.7420  uplink_kB=282.0  t=1.87s
  round  15/50: acc=0.8740  f1m=0.8733  uplink_kB=282.0  t=1.87s
  round  16/50: acc=0.6726  f1m=0.6436  uplink_kB=282.0  t=1.98s
  round  17/50: acc=0.7835  f1m=0.7830  uplink_kB=282.0  t=1.85s
  round  18/50: acc=0.8286  f1m=0.8282  uplink_kB=282.0  t=1.80s
  round  19/50: acc=0.6867  f1m=0.6684  uplink_kB=282.0  t=1.85s
  round  20/50: acc=0.8188  f1m=0.8176  uplink_kB=282.0  t=1.86s
  round  21/50: acc=0.9056  f1m=0.9056  uplink_kB=282.0  t=1.83s
  round  22/50: acc=0.8808  f1m=0.8808  uplink_kB=282.0  t=1.87s
  round  23/50: acc=0.4462  f1m=0.4357  uplink_kB=282.0  t=1.86s
  round  24/50: acc=0.4772  f1m=0.4339  uplink_kB=282.0  t=1.87s
  round  25/50: acc=0.5000  f1m=0.3333  uplink_kB=282.0  t=1.82s
  round  26/50: acc=0.5519  f1m=0.4402  uplink_kB=282.0  t=1.87s
  round  27/50: acc=0.4999  f1m=0.3333  uplink_kB=282.0  t=1.87s
  round  28/50: acc=0.5000  f1m=0.3333  uplink_kB=282.0  t=1.91s
  round  29/50: acc=0.5742  f1m=0.4913  uplink_kB=282.0  t=1.88s
  round  30/50: acc=0.4656  f1m=0.4530  uplink_kB=282.0  t=1.87s
  round  31/50: acc=0.5887  f1m=0.5136  uplink_kB=282.0  t=1.85s
  round  32/50: acc=0.5000  f1m=0.3333  uplink_kB=282.0  t=1.80s
  round  33/50: acc=0.5111  f1m=0.3581  uplink_kB=282.0  t=1.90s
  round  34/50: acc=0.5776  f1m=0.5320  uplink_kB=282.0  t=1.85s
  round  35/50: acc=0.4999  f1m=0.3333  uplink_kB=282.0  t=1.89s
  round  36/50: acc=0.5001  f1m=0.3353  uplink_kB=282.0  t=1.88s
  round  37/50: acc=0.5349  f1m=0.4078  uplink_kB=282.0  t=1.86s
  round  38/50: acc=0.5833  f1m=0.5021  uplink_kB=282.0  t=1.86s
  round  39/50: acc=0.5756  f1m=0.4875  uplink_kB=282.0  t=1.81s
  round  40/50: acc=0.5703  f1m=0.4768  uplink_kB=282.0  t=1.89s
  round  41/50: acc=0.5000  f1m=0.3333  uplink_kB=282.0  t=1.89s
  round  42/50: acc=0.5712  f1m=0.4793  uplink_kB=282.0  t=1.85s
  round  43/50: acc=0.5632  f1m=0.4616  uplink_kB=282.0  t=1.87s
  round  44/50: acc=0.5000  f1m=0.3333  uplink_kB=282.0  t=1.85s
  round  45/50: acc=0.5642  f1m=0.4646  uplink_kB=282.0  t=1.77s
  round  46/50: acc=0.5757  f1m=0.4866  uplink_kB=282.0  t=1.94s
  round  47/50: acc=0.5872  f1m=0.5080  uplink_kB=282.0  t=1.84s
  round  48/50: acc=0.5723  f1m=0.4803  uplink_kB=282.0  t=1.89s
  round  49/50: acc=0.5611  f1m=0.4598  uplink_kB=282.0  t=1.83s
  round  50/50: acc=0.5617  f1m=0.4606  uplink_kB=282.0  t=1.91s
[run] DONE -> /Users/agentra/Documents/hao/working/paper-lab/hao-paper-2026/iotj-fedkan-ids/repo/results/lrsweep_toniot/lrsweep_kan16_lr0p1__dir0.1__seed23/metrics.json  final_acc=0.5617
