[run] device=cpu  seed=2024  out=/Users/agentra/Documents/hao/working/paper-lab/hao-paper-2026/iotj-fedkan-ids/repo/results/lrsweep_toniot/lrsweep_kan8_lr0p03__dir0.1__seed2024
[run] model=kan  params=3,280
  round   1/50: acc=0.7025  f1m=0.7004  uplink_kB=150.2  t=1.96s
  round   2/50: acc=0.7881  f1m=0.7824  uplink_kB=150.2  t=1.60s
  round   3/50: acc=0.8477  f1m=0.8449  uplink_kB=150.2  t=1.61s
  round   4/50: acc=0.8438  f1m=0.8402  uplink_kB=150.2  t=1.61s
  round   5/50: acc=0.8727  f1m=0.8711  uplink_kB=150.2  t=1.62s
  round   6/50: acc=0.8501  f1m=0.8473  uplink_kB=150.2  t=1.57s
  round   7/50: acc=0.8762  f1m=0.8750  uplink_kB=150.2  t=1.59s
  round   8/50: acc=0.8537  f1m=0.8511  uplink_kB=150.2  t=1.61s
  round   9/50: acc=0.8990  f1m=0.8982  uplink_kB=150.2  t=1.59s
  round  10/50: acc=0.8646  f1m=0.8624  uplink_kB=150.2  t=1.58s
  round  11/50: acc=0.8819  f1m=0.8806  uplink_kB=150.2  t=1.58s
  round  12/50: acc=0.8799  f1m=0.8784  uplink_kB=150.2  t=1.54s
  round  13/50: acc=0.8790  f1m=0.8774  uplink_kB=150.2  t=1.60s
  round  14/50: acc=0.9036  f1m=0.9030  uplink_kB=150.2  t=1.59s
  round  15/50: acc=0.8782  f1m=0.8765  uplink_kB=150.2  t=1.58s
  round  16/50: acc=0.9308  f1m=0.9307  uplink_kB=150.2  t=1.56s
  round  17/50: acc=0.8905  f1m=0.8894  uplink_kB=150.2  t=1.60s
  round  18/50: acc=0.9405  f1m=0.9404  uplink_kB=150.2  t=1.58s
  round  19/50: acc=0.8759  f1m=0.8742  uplink_kB=150.2  t=1.57s
  round  20/50: acc=0.8947  f1m=0.8937  uplink_kB=150.2  t=1.59s
  round  21/50: acc=0.9032  f1m=0.9025  uplink_kB=150.2  t=1.58s
  round  22/50: acc=0.8936  f1m=0.8926  uplink_kB=150.2  t=1.60s
  round  23/50: acc=0.9228  f1m=0.9225  uplink_kB=150.2  t=1.63s
  round  24/50: acc=0.8784  f1m=0.8768  uplink_kB=150.2  t=1.62s
  round  25/50: acc=0.8955  f1m=0.8945  uplink_kB=150.2  t=1.59s
  round  26/50: acc=0.8996  f1m=0.8987  uplink_kB=150.2  t=1.53s
  round  27/50: acc=0.9062  f1m=0.9055  uplink_kB=150.2  t=1.63s
  round  28/50: acc=0.8966  f1m=0.8958  uplink_kB=150.2  t=1.59s
  round  29/50: acc=0.8992  f1m=0.8983  uplink_kB=150.2  t=1.69s
  round  30/50: acc=0.8973  f1m=0.8963  uplink_kB=150.2  t=1.67s
  round  31/50: acc=0.8787  f1m=0.8771  uplink_kB=150.2  t=1.63s
  round  32/50: acc=0.9095  f1m=0.9089  uplink_kB=150.2  t=1.61s
  round  33/50: acc=0.8954  f1m=0.8944  uplink_kB=150.2  t=1.61s
  round  34/50: acc=0.8946  f1m=0.8935  uplink_kB=150.2  t=1.62s
  round  35/50: acc=0.8975  f1m=0.8966  uplink_kB=150.2  t=1.66s
  round  36/50: acc=0.9014  f1m=0.9006  uplink_kB=150.2  t=1.60s
  round  37/50: acc=0.9055  f1m=0.9049  uplink_kB=150.2  t=1.63s
  round  38/50: acc=0.9103  f1m=0.9097  uplink_kB=150.2  t=1.61s
  round  39/50: acc=0.9088  f1m=0.9082  uplink_kB=150.2  t=1.64s
  round  40/50: acc=0.8913  f1m=0.8902  uplink_kB=150.2  t=1.66s
  round  41/50: acc=0.9155  f1m=0.9150  uplink_kB=150.2  t=1.59s
  round  42/50: acc=0.8902  f1m=0.8891  uplink_kB=150.2  t=1.64s
  round  43/50: acc=0.9079  f1m=0.9072  uplink_kB=150.2  t=1.63s
  round  44/50: acc=0.8881  f1m=0.8868  uplink_kB=150.2  t=1.66s
  round  45/50: acc=0.9018  f1m=0.9010  uplink_kB=150.2  t=1.61s
  round  46/50: acc=0.9018  f1m=0.9011  uplink_kB=150.2  t=1.61s
  round  47/50: acc=0.9082  f1m=0.9075  uplink_kB=150.2  t=1.63s
  round  48/50: acc=0.9011  f1m=0.9002  uplink_kB=150.2  t=1.61s
  round  49/50: acc=0.8310  f1m=0.8268  uplink_kB=150.2  t=1.68s
  round  50/50: acc=0.9166  f1m=0.9162  uplink_kB=150.2  t=1.55s
[run] DONE -> /Users/agentra/Documents/hao/working/paper-lab/hao-paper-2026/iotj-fedkan-ids/repo/results/lrsweep_toniot/lrsweep_kan8_lr0p03__dir0.1__seed2024/metrics.json  final_acc=0.9166
