[run] device=cpu  seed=43  out=/Users/agentra/Documents/hao/working/paper-lab/hao-paper-2026/iotj-fedkan-ids/repo/results/lrsweep_cseciic_mc/lrsweep_mlp80_lr0p1__dir0.1__seed43
[run] model=mlp  params=4,415
  round   1/50: acc=0.1971  f1m=0.1082  uplink_kB=172.5  t=2.75s
  round   2/50: acc=0.1967  f1m=0.0698  uplink_kB=172.5  t=2.14s
  round   3/50: acc=0.3492  f1m=0.1442  uplink_kB=172.5  t=2.11s
  round   4/50: acc=0.3800  f1m=0.1452  uplink_kB=172.5  t=2.10s
  round   5/50: acc=0.3140  f1m=0.1092  uplink_kB=172.5  t=2.15s
  round   6/50: acc=0.4989  f1m=0.1912  uplink_kB=172.5  t=2.15s
  round   7/50: acc=0.3208  f1m=0.1662  uplink_kB=172.5  t=2.15s
  round   8/50: acc=0.3267  f1m=0.1511  uplink_kB=172.5  t=2.12s
  round   9/50: acc=0.4852  f1m=0.2328  uplink_kB=172.5  t=2.12s
  round  10/50: acc=0.4932  f1m=0.2338  uplink_kB=172.5  t=2.20s
  round  11/50: acc=0.5874  f1m=0.2766  uplink_kB=172.5  t=2.21s
  round  12/50: acc=0.6204  f1m=0.3089  uplink_kB=172.5  t=2.19s
  round  13/50: acc=0.7442  f1m=0.3612  uplink_kB=172.5  t=2.14s
  round  14/50: acc=0.3087  f1m=0.1274  uplink_kB=172.5  t=2.18s
  round  15/50: acc=0.4430  f1m=0.2436  uplink_kB=172.5  t=2.19s
  round  16/50: acc=0.6324  f1m=0.3347  uplink_kB=172.5  t=2.10s
  round  17/50: acc=0.5547  f1m=0.2356  uplink_kB=172.5  t=2.15s
  round  18/50: acc=0.5792  f1m=0.3129  uplink_kB=172.5  t=2.11s
  round  19/50: acc=0.5741  f1m=0.2485  uplink_kB=172.5  t=2.20s
  round  20/50: acc=0.7359  f1m=0.3812  uplink_kB=172.5  t=2.07s
  round  21/50: acc=0.4286  f1m=0.1986  uplink_kB=172.5  t=2.16s
  round  22/50: acc=0.6222  f1m=0.3238  uplink_kB=172.5  t=2.10s
  round  23/50: acc=0.7402  f1m=0.4111  uplink_kB=172.5  t=2.14s
  round  24/50: acc=0.7605  f1m=0.4203  uplink_kB=172.5  t=2.15s
  round  25/50: acc=0.7333  f1m=0.4160  uplink_kB=172.5  t=2.20s
  round  26/50: acc=0.7361  f1m=0.3845  uplink_kB=172.5  t=2.15s
  round  27/50: acc=0.6935  f1m=0.4404  uplink_kB=172.5  t=2.18s
  round  28/50: acc=0.7554  f1m=0.4621  uplink_kB=172.5  t=2.06s
  round  29/50: acc=0.7496  f1m=0.4498  uplink_kB=172.5  t=2.14s
  round  30/50: acc=0.6984  f1m=0.3318  uplink_kB=172.5  t=2.19s
  round  31/50: acc=0.7392  f1m=0.4148  uplink_kB=172.5  t=2.11s
  round  32/50: acc=0.7331  f1m=0.3722  uplink_kB=172.5  t=2.13s
  round  33/50: acc=0.5754  f1m=0.2692  uplink_kB=172.5  t=2.14s
  round  34/50: acc=0.7128  f1m=0.3651  uplink_kB=172.5  t=2.13s
  round  35/50: acc=0.6262  f1m=0.3164  uplink_kB=172.5  t=2.09s
  round  36/50: acc=0.7640  f1m=0.3976  uplink_kB=172.5  t=2.19s
  round  37/50: acc=0.6160  f1m=0.3686  uplink_kB=172.5  t=2.26s
  round  38/50: acc=0.7793  f1m=0.4619  uplink_kB=172.5  t=2.22s
  round  39/50: acc=0.6927  f1m=0.4161  uplink_kB=172.5  t=2.29s
  round  40/50: acc=0.7886  f1m=0.4863  uplink_kB=172.5  t=2.27s
  round  41/50: acc=0.7642  f1m=0.4223  uplink_kB=172.5  t=2.21s
  round  42/50: acc=0.7853  f1m=0.4366  uplink_kB=172.5  t=2.33s
  round  43/50: acc=0.8097  f1m=0.5037  uplink_kB=172.5  t=2.21s
  round  44/50: acc=0.7967  f1m=0.4897  uplink_kB=172.5  t=2.18s
  round  45/50: acc=0.7825  f1m=0.4545  uplink_kB=172.5  t=2.17s
  round  46/50: acc=0.7912  f1m=0.4759  uplink_kB=172.5  t=2.21s
  round  47/50: acc=0.5158  f1m=0.3600  uplink_kB=172.5  t=2.12s
  round  48/50: acc=0.7785  f1m=0.4914  uplink_kB=172.5  t=2.20s
  round  49/50: acc=0.7962  f1m=0.4710  uplink_kB=172.5  t=2.13s
  round  50/50: acc=0.7976  f1m=0.5285  uplink_kB=172.5  t=2.16s
[run] DONE -> /Users/agentra/Documents/hao/working/paper-lab/hao-paper-2026/iotj-fedkan-ids/repo/results/lrsweep_cseciic_mc/lrsweep_mlp80_lr0p1__dir0.1__seed43/metrics.json  final_acc=0.7976
