[run] device=cpu  seed=42  out=/Users/agentra/Documents/hao/working/paper-lab/hao-paper-2026/iotj-fedkan-ids/repo/results/lrsweep_toniot/lrsweep_kan16_lr0p003__dir0.1__seed42
[run] model=kan  params=6,560
  round   1/50: acc=0.5000  f1m=0.3333  uplink_kB=282.0  t=2.35s
  round   2/50: acc=0.5000  f1m=0.3333  uplink_kB=282.0  t=1.86s
  round   3/50: acc=0.5000  f1m=0.3333  uplink_kB=282.0  t=1.86s
  round   4/50: acc=0.5000  f1m=0.3335  uplink_kB=282.0  t=1.90s
  round   5/50: acc=0.5012  f1m=0.3361  uplink_kB=282.0  t=1.82s
  round   6/50: acc=0.5126  f1m=0.3608  uplink_kB=282.0  t=1.87s
  round   7/50: acc=0.5137  f1m=0.3641  uplink_kB=282.0  t=1.89s
  round   8/50: acc=0.5149  f1m=0.3675  uplink_kB=282.0  t=1.86s
  round   9/50: acc=0.5417  f1m=0.4231  uplink_kB=282.0  t=1.89s
  round  10/50: acc=0.5562  f1m=0.4532  uplink_kB=282.0  t=1.88s
  round  11/50: acc=0.5724  f1m=0.4858  uplink_kB=282.0  t=1.86s
  round  12/50: acc=0.5875  f1m=0.5124  uplink_kB=282.0  t=1.88s
  round  13/50: acc=0.6254  f1m=0.5750  uplink_kB=282.0  t=1.81s
  round  14/50: acc=0.6217  f1m=0.5686  uplink_kB=282.0  t=1.89s
  round  15/50: acc=0.6590  f1m=0.6248  uplink_kB=282.0  t=1.89s
  round  16/50: acc=0.6753  f1m=0.6480  uplink_kB=282.0  t=1.98s
  round  17/50: acc=0.6108  f1m=0.5488  uplink_kB=282.0  t=1.88s
  round  18/50: acc=0.6358  f1m=0.5886  uplink_kB=282.0  t=1.92s
  round  19/50: acc=0.6803  f1m=0.6540  uplink_kB=282.0  t=1.85s
  round  20/50: acc=0.6784  f1m=0.6517  uplink_kB=282.0  t=1.85s
  round  21/50: acc=0.6666  f1m=0.6356  uplink_kB=282.0  t=1.88s
  round  22/50: acc=0.6960  f1m=0.6761  uplink_kB=282.0  t=1.85s
  round  23/50: acc=0.7022  f1m=0.6844  uplink_kB=282.0  t=1.88s
  round  24/50: acc=0.6773  f1m=0.6513  uplink_kB=282.0  t=1.89s
  round  25/50: acc=0.6757  f1m=0.6481  uplink_kB=282.0  t=1.84s
  round  26/50: acc=0.6989  f1m=0.6801  uplink_kB=282.0  t=1.81s
  round  27/50: acc=0.7088  f1m=0.6932  uplink_kB=282.0  t=1.86s
  round  28/50: acc=0.7151  f1m=0.7012  uplink_kB=282.0  t=1.89s
  round  29/50: acc=0.7257  f1m=0.7141  uplink_kB=282.0  t=1.87s
  round  30/50: acc=0.7363  f1m=0.7271  uplink_kB=282.0  t=1.88s
  round  31/50: acc=0.7395  f1m=0.7311  uplink_kB=282.0  t=1.88s
  round  32/50: acc=0.7395  f1m=0.7313  uplink_kB=282.0  t=1.90s
  round  33/50: acc=0.7405  f1m=0.7339  uplink_kB=282.0  t=1.90s
  round  34/50: acc=0.7364  f1m=0.7279  uplink_kB=282.0  t=1.83s
  round  35/50: acc=0.7394  f1m=0.7323  uplink_kB=282.0  t=1.90s
  round  36/50: acc=0.6875  f1m=0.6681  uplink_kB=282.0  t=1.87s
  round  37/50: acc=0.7384  f1m=0.7315  uplink_kB=282.0  t=1.90s
  round  38/50: acc=0.7367  f1m=0.7289  uplink_kB=282.0  t=1.85s
  round  39/50: acc=0.7387  f1m=0.7321  uplink_kB=282.0  t=1.88s
  round  40/50: acc=0.7341  f1m=0.7262  uplink_kB=282.0  t=1.85s
  round  41/50: acc=0.7381  f1m=0.7320  uplink_kB=282.0  t=1.88s
  round  42/50: acc=0.7272  f1m=0.7166  uplink_kB=282.0  t=1.87s
  round  43/50: acc=0.7382  f1m=0.7319  uplink_kB=282.0  t=1.86s
  round  44/50: acc=0.7323  f1m=0.7232  uplink_kB=282.0  t=1.87s
  round  45/50: acc=0.7310  f1m=0.7218  uplink_kB=282.0  t=1.87s
  round  46/50: acc=0.7341  f1m=0.7260  uplink_kB=282.0  t=1.89s
  round  47/50: acc=0.7339  f1m=0.7261  uplink_kB=282.0  t=1.81s
  round  48/50: acc=0.7295  f1m=0.7196  uplink_kB=282.0  t=1.95s
  round  49/50: acc=0.7065  f1m=0.6914  uplink_kB=282.0  t=1.87s
  round  50/50: acc=0.7009  f1m=0.6848  uplink_kB=282.0  t=1.84s
[run] DONE -> /Users/agentra/Documents/hao/working/paper-lab/hao-paper-2026/iotj-fedkan-ids/repo/results/lrsweep_toniot/lrsweep_kan16_lr0p003__dir0.1__seed42/metrics.json  final_acc=0.7009
