[run] device=cpu  seed=43  out=/Users/agentra/Documents/hao/working/paper-lab/hao-paper-2026/iotj-fedkan-ids/repo/results/lrsweep_cseciic/lrsweep_mlp80_lr0p001__dir0.1__seed43
[run] model=mlp  params=3,362
  round   1/50: acc=0.7563  f1m=0.7453  uplink_kB=131.3  t=1.38s
  round   2/50: acc=0.7496  f1m=0.7375  uplink_kB=131.3  t=0.72s
  round   3/50: acc=0.7508  f1m=0.7389  uplink_kB=131.3  t=0.70s
  round   4/50: acc=0.7562  f1m=0.7453  uplink_kB=131.3  t=0.61s
  round   5/50: acc=0.7582  f1m=0.7475  uplink_kB=131.3  t=0.69s
  round   6/50: acc=0.7635  f1m=0.7536  uplink_kB=131.3  t=0.74s
  round   7/50: acc=0.7693  f1m=0.7604  uplink_kB=131.3  t=0.67s
  round   8/50: acc=0.7754  f1m=0.7674  uplink_kB=131.3  t=0.66s
  round   9/50: acc=0.7936  f1m=0.7876  uplink_kB=131.3  t=0.68s
  round  10/50: acc=0.7980  f1m=0.7925  uplink_kB=131.3  t=0.67s
  round  11/50: acc=0.8006  f1m=0.7954  uplink_kB=131.3  t=0.63s
  round  12/50: acc=0.8246  f1m=0.8213  uplink_kB=131.3  t=0.69s
  round  13/50: acc=0.8598  f1m=0.8585  uplink_kB=131.3  t=0.71s
  round  14/50: acc=0.8623  f1m=0.8610  uplink_kB=131.3  t=0.69s
  round  15/50: acc=0.8713  f1m=0.8703  uplink_kB=131.3  t=0.72s
  round  16/50: acc=0.8941  f1m=0.8937  uplink_kB=131.3  t=0.67s
  round  17/50: acc=0.8989  f1m=0.8986  uplink_kB=131.3  t=0.63s
  round  18/50: acc=0.8969  f1m=0.8966  uplink_kB=131.3  t=0.85s
  round  19/50: acc=0.8999  f1m=0.8996  uplink_kB=131.3  t=0.70s
  round  20/50: acc=0.8993  f1m=0.8990  uplink_kB=131.3  t=0.69s
  round  21/50: acc=0.9002  f1m=0.8999  uplink_kB=131.3  t=0.70s
  round  22/50: acc=0.9054  f1m=0.9052  uplink_kB=131.3  t=0.68s
  round  23/50: acc=0.9064  f1m=0.9062  uplink_kB=131.3  t=0.68s
  round  24/50: acc=0.9070  f1m=0.9068  uplink_kB=131.3  t=0.67s
  round  25/50: acc=0.9096  f1m=0.9094  uplink_kB=131.3  t=0.71s
  round  26/50: acc=0.9108  f1m=0.9106  uplink_kB=131.3  t=0.76s
  round  27/50: acc=0.9111  f1m=0.9109  uplink_kB=131.3  t=0.71s
  round  28/50: acc=0.9102  f1m=0.9100  uplink_kB=131.3  t=0.73s
  round  29/50: acc=0.9108  f1m=0.9107  uplink_kB=131.3  t=0.69s
  round  30/50: acc=0.9123  f1m=0.9122  uplink_kB=131.3  t=0.66s
  round  31/50: acc=0.9116  f1m=0.9114  uplink_kB=131.3  t=0.67s
  round  32/50: acc=0.9114  f1m=0.9113  uplink_kB=131.3  t=0.73s
  round  33/50: acc=0.9123  f1m=0.9121  uplink_kB=131.3  t=0.70s
  round  34/50: acc=0.9113  f1m=0.9111  uplink_kB=131.3  t=0.70s
  round  35/50: acc=0.9109  f1m=0.9108  uplink_kB=131.3  t=0.71s
  round  36/50: acc=0.9114  f1m=0.9112  uplink_kB=131.3  t=0.71s
  round  37/50: acc=0.9147  f1m=0.9145  uplink_kB=131.3  t=0.70s
  round  38/50: acc=0.9126  f1m=0.9125  uplink_kB=131.3  t=0.70s
  round  39/50: acc=0.9120  f1m=0.9118  uplink_kB=131.3  t=0.73s
  round  40/50: acc=0.9113  f1m=0.9112  uplink_kB=131.3  t=0.69s
  round  41/50: acc=0.9130  f1m=0.9128  uplink_kB=131.3  t=0.72s
  round  42/50: acc=0.9129  f1m=0.9128  uplink_kB=131.3  t=0.70s
  round  43/50: acc=0.9133  f1m=0.9131  uplink_kB=131.3  t=0.71s
  round  44/50: acc=0.9137  f1m=0.9135  uplink_kB=131.3  t=0.72s
  round  45/50: acc=0.9142  f1m=0.9140  uplink_kB=131.3  t=0.67s
  round  46/50: acc=0.9136  f1m=0.9135  uplink_kB=131.3  t=0.68s
  round  47/50: acc=0.9147  f1m=0.9145  uplink_kB=131.3  t=0.70s
  round  48/50: acc=0.9139  f1m=0.9138  uplink_kB=131.3  t=0.72s
  round  49/50: acc=0.9141  f1m=0.9140  uplink_kB=131.3  t=0.70s
  round  50/50: acc=0.9151  f1m=0.9150  uplink_kB=131.3  t=0.73s
[run] DONE -> /Users/agentra/Documents/hao/working/paper-lab/hao-paper-2026/iotj-fedkan-ids/repo/results/lrsweep_cseciic/lrsweep_mlp80_lr0p001__dir0.1__seed43/metrics.json  final_acc=0.9151
