[run] device=cpu  seed=2026  out=/Users/agentra/Documents/hao/working/paper-lab/hao-paper-2026/iotj-fedkan-ids/repo/results/lrsweep_cseciic_mc/lrsweep_kan16_lr0p003__dir0.1__seed2026
[run] model=kan  params=8,640
  round   1/50: acc=0.2628  f1m=0.0643  uplink_kB=363.3  t=6.98s
  round   2/50: acc=0.4146  f1m=0.1203  uplink_kB=363.3  t=6.44s
  round   3/50: acc=0.5536  f1m=0.2497  uplink_kB=363.3  t=7.84s
  round   4/50: acc=0.6962  f1m=0.4413  uplink_kB=363.3  t=13.91s
  round   5/50: acc=0.7760  f1m=0.4912  uplink_kB=363.3  t=8.02s
  round   6/50: acc=0.7961  f1m=0.5026  uplink_kB=363.3  t=13.86s
  round   7/50: acc=0.7979  f1m=0.5063  uplink_kB=363.3  t=6.65s
  round   8/50: acc=0.8105  f1m=0.5579  uplink_kB=363.3  t=6.08s
  round   9/50: acc=0.8160  f1m=0.5617  uplink_kB=363.3  t=6.31s
  round  10/50: acc=0.8264  f1m=0.5929  uplink_kB=363.3  t=6.22s
  round  11/50: acc=0.8211  f1m=0.5904  uplink_kB=363.3  t=6.29s
  round  12/50: acc=0.8325  f1m=0.6068  uplink_kB=363.3  t=6.36s
  round  13/50: acc=0.8410  f1m=0.6482  uplink_kB=363.3  t=6.20s
  round  14/50: acc=0.8471  f1m=0.6777  uplink_kB=363.3  t=6.33s
  round  15/50: acc=0.8476  f1m=0.6847  uplink_kB=363.3  t=6.28s
  round  16/50: acc=0.8566  f1m=0.7103  uplink_kB=363.3  t=6.24s
  round  17/50: acc=0.8641  f1m=0.7260  uplink_kB=363.3  t=6.14s
  round  18/50: acc=0.8622  f1m=0.7260  uplink_kB=363.3  t=6.19s
  round  19/50: acc=0.8656  f1m=0.7310  uplink_kB=363.3  t=6.38s
  round  20/50: acc=0.8693  f1m=0.7370  uplink_kB=363.3  t=6.37s
  round  21/50: acc=0.8715  f1m=0.7395  uplink_kB=363.3  t=6.44s
  round  22/50: acc=0.8733  f1m=0.7415  uplink_kB=363.3  t=6.30s
  round  23/50: acc=0.8734  f1m=0.7382  uplink_kB=363.3  t=6.20s
  round  24/50: acc=0.8744  f1m=0.7424  uplink_kB=363.3  t=6.31s
  round  25/50: acc=0.8758  f1m=0.7403  uplink_kB=363.3  t=6.26s
  round  26/50: acc=0.8770  f1m=0.7451  uplink_kB=363.3  t=6.28s
  round  27/50: acc=0.8810  f1m=0.7472  uplink_kB=363.3  t=6.26s
  round  28/50: acc=0.8820  f1m=0.7482  uplink_kB=363.3  t=6.40s
  round  29/50: acc=0.8851  f1m=0.7522  uplink_kB=363.3  t=6.30s
  round  30/50: acc=0.8822  f1m=0.7486  uplink_kB=363.3  t=6.33s
  round  31/50: acc=0.8823  f1m=0.7492  uplink_kB=363.3  t=6.19s
  round  32/50: acc=0.8838  f1m=0.7463  uplink_kB=363.3  t=6.27s
  round  33/50: acc=0.8849  f1m=0.7487  uplink_kB=363.3  t=6.01s
  round  34/50: acc=0.8832  f1m=0.7491  uplink_kB=363.3  t=6.20s
  round  35/50: acc=0.8820  f1m=0.7473  uplink_kB=363.3  t=6.23s
  round  36/50: acc=0.8863  f1m=0.7540  uplink_kB=363.3  t=6.33s
  round  37/50: acc=0.8866  f1m=0.7530  uplink_kB=363.3  t=6.49s
  round  38/50: acc=0.8860  f1m=0.7535  uplink_kB=363.3  t=6.29s
  round  39/50: acc=0.8870  f1m=0.7558  uplink_kB=363.3  t=6.33s
  round  40/50: acc=0.8874  f1m=0.7568  uplink_kB=363.3  t=6.34s
  round  41/50: acc=0.8865  f1m=0.7557  uplink_kB=363.3  t=6.28s
  round  42/50: acc=0.8865  f1m=0.7567  uplink_kB=363.3  t=6.32s
  round  43/50: acc=0.8860  f1m=0.7575  uplink_kB=363.3  t=6.34s
  round  44/50: acc=0.8871  f1m=0.7568  uplink_kB=363.3  t=6.43s
  round  45/50: acc=0.8868  f1m=0.7574  uplink_kB=363.3  t=6.50s
  round  46/50: acc=0.8842  f1m=0.7547  uplink_kB=363.3  t=6.69s
  round  47/50: acc=0.8858  f1m=0.7545  uplink_kB=363.3  t=7.18s
  round  48/50: acc=0.8836  f1m=0.7557  uplink_kB=363.3  t=6.73s
  round  49/50: acc=0.8868  f1m=0.7551  uplink_kB=363.3  t=6.59s
  round  50/50: acc=0.8867  f1m=0.7568  uplink_kB=363.3  t=6.53s
[run] DONE -> /Users/agentra/Documents/hao/working/paper-lab/hao-paper-2026/iotj-fedkan-ids/repo/results/lrsweep_cseciic_mc/lrsweep_kan16_lr0p003__dir0.1__seed2026/metrics.json  final_acc=0.8867
