[run] device=cpu  seed=11  out=/Users/agentra/Documents/hao/working/paper-lab/hao-paper-2026/iotj-fedkan-ids/repo/results/lrsweep_toniot/lrsweep_mlp80_lr0p1__dir0.1__seed11
[run] model=mlp  params=3,362
  round   1/50: acc=0.6874  f1m=0.6874  uplink_kB=131.3  t=1.18s
  round   2/50: acc=0.5000  f1m=0.3333  uplink_kB=131.3  t=0.69s
  round   3/50: acc=0.5000  f1m=0.3333  uplink_kB=131.3  t=0.66s
  round   4/50: acc=0.5000  f1m=0.3333  uplink_kB=131.3  t=0.65s
  round   5/50: acc=0.6743  f1m=0.6689  uplink_kB=131.3  t=0.61s
  round   6/50: acc=0.5093  f1m=0.3558  uplink_kB=131.3  t=0.68s
  round   7/50: acc=0.6550  f1m=0.6492  uplink_kB=131.3  t=0.66s
  round   8/50: acc=0.5140  f1m=0.3637  uplink_kB=131.3  t=0.64s
  round   9/50: acc=0.6452  f1m=0.6374  uplink_kB=131.3  t=0.66s
  round  10/50: acc=0.5098  f1m=0.3548  uplink_kB=131.3  t=0.64s
  round  11/50: acc=0.5150  f1m=0.3660  uplink_kB=131.3  t=0.67s
  round  12/50: acc=0.5142  f1m=0.3641  uplink_kB=131.3  t=0.61s
  round  13/50: acc=0.5151  f1m=0.3661  uplink_kB=131.3  t=0.68s
  round  14/50: acc=0.5098  f1m=0.3548  uplink_kB=131.3  t=0.66s
  round  15/50: acc=0.5111  f1m=0.3576  uplink_kB=131.3  t=0.66s
  round  16/50: acc=0.5235  f1m=0.3836  uplink_kB=131.3  t=0.68s
  round  17/50: acc=0.5394  f1m=0.4159  uplink_kB=131.3  t=0.67s
  round  18/50: acc=0.5477  f1m=0.4319  uplink_kB=131.3  t=0.61s
  round  19/50: acc=0.5404  f1m=0.4180  uplink_kB=131.3  t=0.66s
  round  20/50: acc=0.5521  f1m=0.4402  uplink_kB=131.3  t=0.67s
  round  21/50: acc=0.5446  f1m=0.4261  uplink_kB=131.3  t=0.66s
  round  22/50: acc=0.5431  f1m=0.4231  uplink_kB=131.3  t=0.65s
  round  23/50: acc=0.5351  f1m=0.4074  uplink_kB=131.3  t=0.66s
  round  24/50: acc=0.5366  f1m=0.4104  uplink_kB=131.3  t=0.59s
  round  25/50: acc=0.5297  f1m=0.3963  uplink_kB=131.3  t=0.67s
  round  26/50: acc=0.5548  f1m=0.4453  uplink_kB=131.3  t=0.66s
  round  27/50: acc=0.5267  f1m=0.3901  uplink_kB=131.3  t=0.69s
  round  28/50: acc=0.5453  f1m=0.4274  uplink_kB=131.3  t=0.67s
  round  29/50: acc=0.5461  f1m=0.4290  uplink_kB=131.3  t=0.65s
  round  30/50: acc=0.5435  f1m=0.4238  uplink_kB=131.3  t=0.65s
  round  31/50: acc=0.5485  f1m=0.4336  uplink_kB=131.3  t=0.68s
  round  32/50: acc=0.5520  f1m=0.4402  uplink_kB=131.3  t=0.62s
  round  33/50: acc=0.5348  f1m=0.4069  uplink_kB=131.3  t=0.69s
  round  34/50: acc=0.5538  f1m=0.4436  uplink_kB=131.3  t=0.65s
  round  35/50: acc=0.5352  f1m=0.4075  uplink_kB=131.3  t=0.66s
  round  36/50: acc=0.5609  f1m=0.4576  uplink_kB=131.3  t=0.67s
  round  37/50: acc=0.5428  f1m=0.4227  uplink_kB=131.3  t=0.60s
  round  38/50: acc=0.5481  f1m=0.4329  uplink_kB=131.3  t=0.66s
  round  39/50: acc=0.5381  f1m=0.4134  uplink_kB=131.3  t=0.67s
  round  40/50: acc=0.5568  f1m=0.4492  uplink_kB=131.3  t=0.67s
  round  41/50: acc=0.5348  f1m=0.4069  uplink_kB=131.3  t=0.67s
  round  42/50: acc=0.5495  f1m=0.4363  uplink_kB=131.3  t=0.68s
  round  43/50: acc=0.5481  f1m=0.4329  uplink_kB=131.3  t=0.61s
  round  44/50: acc=0.5344  f1m=0.4060  uplink_kB=131.3  t=0.70s
  round  45/50: acc=0.5497  f1m=0.4358  uplink_kB=131.3  t=0.68s
  round  46/50: acc=0.5529  f1m=0.4418  uplink_kB=131.3  t=0.66s
  round  47/50: acc=0.5377  f1m=0.4125  uplink_kB=131.3  t=0.66s
  round  48/50: acc=0.5411  f1m=0.4194  uplink_kB=131.3  t=0.67s
  round  49/50: acc=0.5653  f1m=0.4651  uplink_kB=131.3  t=0.59s
  round  50/50: acc=0.5369  f1m=0.4110  uplink_kB=131.3  t=0.64s
[run] DONE -> /Users/agentra/Documents/hao/working/paper-lab/hao-paper-2026/iotj-fedkan-ids/repo/results/lrsweep_toniot/lrsweep_mlp80_lr0p1__dir0.1__seed11/metrics.json  final_acc=0.5369
