[run] device=cpu  seed=31  out=/Users/agentra/Documents/hao/working/paper-lab/hao-paper-2026/iotj-fedkan-ids/repo/results/lrsweep_toniot/lrsweep_kan16_lr0p01__dir0.1__seed31
[run] model=kan  params=6,560
  round   1/50: acc=0.6427  f1m=0.6332  uplink_kB=282.0  t=2.36s
  round   2/50: acc=0.5115  f1m=0.3624  uplink_kB=282.0  t=1.86s
  round   3/50: acc=0.8785  f1m=0.8773  uplink_kB=282.0  t=1.88s
  round   4/50: acc=0.5372  f1m=0.4128  uplink_kB=282.0  t=1.90s
  round   5/50: acc=0.8733  f1m=0.8716  uplink_kB=282.0  t=1.88s
  round   6/50: acc=0.7645  f1m=0.7510  uplink_kB=282.0  t=1.81s
  round   7/50: acc=0.8825  f1m=0.8810  uplink_kB=282.0  t=1.87s
  round   8/50: acc=0.7845  f1m=0.7746  uplink_kB=282.0  t=1.86s
  round   9/50: acc=0.8498  f1m=0.8465  uplink_kB=282.0  t=1.86s
  round  10/50: acc=0.8642  f1m=0.8620  uplink_kB=282.0  t=1.86s
  round  11/50: acc=0.8618  f1m=0.8596  uplink_kB=282.0  t=1.90s
  round  12/50: acc=0.8164  f1m=0.8107  uplink_kB=282.0  t=1.84s
  round  13/50: acc=0.8734  f1m=0.8718  uplink_kB=282.0  t=1.86s
  round  14/50: acc=0.8648  f1m=0.8625  uplink_kB=282.0  t=1.83s
  round  15/50: acc=0.8813  f1m=0.8798  uplink_kB=282.0  t=1.83s
  round  16/50: acc=0.8750  f1m=0.8736  uplink_kB=282.0  t=1.87s
  round  17/50: acc=0.8718  f1m=0.8698  uplink_kB=282.0  t=1.87s
  round  18/50: acc=0.8806  f1m=0.8794  uplink_kB=282.0  t=1.89s
  round  19/50: acc=0.8858  f1m=0.8846  uplink_kB=282.0  t=1.86s
  round  20/50: acc=0.8969  f1m=0.8959  uplink_kB=282.0  t=1.83s
  round  21/50: acc=0.8973  f1m=0.8964  uplink_kB=282.0  t=1.83s
  round  22/50: acc=0.9183  f1m=0.9179  uplink_kB=282.0  t=1.86s
  round  23/50: acc=0.9153  f1m=0.9148  uplink_kB=282.0  t=1.91s
  round  24/50: acc=0.9195  f1m=0.9191  uplink_kB=282.0  t=1.89s
  round  25/50: acc=0.8925  f1m=0.8913  uplink_kB=282.0  t=1.87s
  round  26/50: acc=0.9051  f1m=0.9045  uplink_kB=282.0  t=1.86s
  round  27/50: acc=0.8964  f1m=0.8954  uplink_kB=282.0  t=1.87s
  round  28/50: acc=0.8977  f1m=0.8968  uplink_kB=282.0  t=1.87s
  round  29/50: acc=0.9207  f1m=0.9203  uplink_kB=282.0  t=1.79s
  round  30/50: acc=0.9065  f1m=0.9057  uplink_kB=282.0  t=1.83s
  round  31/50: acc=0.8298  f1m=0.8253  uplink_kB=282.0  t=1.84s
  round  32/50: acc=0.8954  f1m=0.8943  uplink_kB=282.0  t=1.87s
  round  33/50: acc=0.8981  f1m=0.8972  uplink_kB=282.0  t=1.88s
  round  34/50: acc=0.9241  f1m=0.9238  uplink_kB=282.0  t=1.89s
  round  35/50: acc=0.8891  f1m=0.8879  uplink_kB=282.0  t=1.87s
  round  36/50: acc=0.9372  f1m=0.9370  uplink_kB=282.0  t=1.88s
  round  37/50: acc=0.9068  f1m=0.9061  uplink_kB=282.0  t=1.79s
  round  38/50: acc=0.9192  f1m=0.9188  uplink_kB=282.0  t=1.91s
  round  39/50: acc=0.9207  f1m=0.9202  uplink_kB=282.0  t=1.88s
  round  40/50: acc=0.9021  f1m=0.9013  uplink_kB=282.0  t=1.87s
  round  41/50: acc=0.9085  f1m=0.9078  uplink_kB=282.0  t=1.86s
  round  42/50: acc=0.8912  f1m=0.8900  uplink_kB=282.0  t=1.86s
  round  43/50: acc=0.9203  f1m=0.9199  uplink_kB=282.0  t=1.89s
  round  44/50: acc=0.9025  f1m=0.9016  uplink_kB=282.0  t=1.88s
  round  45/50: acc=0.9092  f1m=0.9085  uplink_kB=282.0  t=1.83s
  round  46/50: acc=0.9104  f1m=0.9098  uplink_kB=282.0  t=1.85s
  round  47/50: acc=0.9271  f1m=0.9268  uplink_kB=282.0  t=1.88s
  round  48/50: acc=0.9329  f1m=0.9327  uplink_kB=282.0  t=1.87s
  round  49/50: acc=0.9150  f1m=0.9144  uplink_kB=282.0  t=1.86s
  round  50/50: acc=0.9285  f1m=0.9283  uplink_kB=282.0  t=1.78s
[run] DONE -> /Users/agentra/Documents/hao/working/paper-lab/hao-paper-2026/iotj-fedkan-ids/repo/results/lrsweep_toniot/lrsweep_kan16_lr0p01__dir0.1__seed31/metrics.json  final_acc=0.9285
