[run] device=cpu  seed=31  out=/Users/agentra/Documents/hao/working/paper-lab/hao-paper-2026/iotj-fedkan-ids/repo/results/lrsweep_toniot/lrsweep_mlp32_lr0p003__dir0.1__seed31
[run] model=mlp  params=1,346
  round   1/50: acc=0.6518  f1m=0.6456  uplink_kB=52.6  t=1.13s
  round   2/50: acc=0.6490  f1m=0.6423  uplink_kB=52.6  t=0.64s
  round   3/50: acc=0.6564  f1m=0.6506  uplink_kB=52.6  t=0.66s
  round   4/50: acc=0.6644  f1m=0.6594  uplink_kB=52.6  t=0.65s
  round   5/50: acc=0.7575  f1m=0.7460  uplink_kB=52.6  t=0.65s
  round   6/50: acc=0.5416  f1m=0.4385  uplink_kB=52.6  t=0.60s
  round   7/50: acc=0.5433  f1m=0.4418  uplink_kB=52.6  t=0.63s
  round   8/50: acc=0.5473  f1m=0.4492  uplink_kB=52.6  t=0.67s
  round   9/50: acc=0.5469  f1m=0.4484  uplink_kB=52.6  t=0.66s
  round  10/50: acc=0.5482  f1m=0.4506  uplink_kB=52.6  t=0.66s
  round  11/50: acc=0.5468  f1m=0.4480  uplink_kB=52.6  t=0.66s
  round  12/50: acc=0.5478  f1m=0.4495  uplink_kB=52.6  t=0.64s
  round  13/50: acc=0.5485  f1m=0.4501  uplink_kB=52.6  t=0.64s
  round  14/50: acc=0.5509  f1m=0.4546  uplink_kB=52.6  t=0.60s
  round  15/50: acc=0.5528  f1m=0.4576  uplink_kB=52.6  t=0.67s
  round  16/50: acc=0.5544  f1m=0.4602  uplink_kB=52.6  t=0.64s
  round  17/50: acc=0.5557  f1m=0.4624  uplink_kB=52.6  t=0.63s
  round  18/50: acc=0.5587  f1m=0.4678  uplink_kB=52.6  t=0.63s
  round  19/50: acc=0.5592  f1m=0.4685  uplink_kB=52.6  t=0.63s
  round  20/50: acc=0.5583  f1m=0.4669  uplink_kB=52.6  t=0.65s
  round  21/50: acc=0.5577  f1m=0.4660  uplink_kB=52.6  t=0.57s
  round  22/50: acc=0.5584  f1m=0.4671  uplink_kB=52.6  t=0.62s
  round  23/50: acc=0.5579  f1m=0.4660  uplink_kB=52.6  t=0.64s
  round  24/50: acc=0.5577  f1m=0.4654  uplink_kB=52.6  t=0.65s
  round  25/50: acc=0.5602  f1m=0.4697  uplink_kB=52.6  t=0.64s
  round  26/50: acc=0.5620  f1m=0.4733  uplink_kB=52.6  t=0.63s
  round  27/50: acc=0.5589  f1m=0.4679  uplink_kB=52.6  t=0.64s
  round  28/50: acc=0.5600  f1m=0.4698  uplink_kB=52.6  t=0.66s
  round  29/50: acc=0.5586  f1m=0.4673  uplink_kB=52.6  t=0.60s
  round  30/50: acc=0.5624  f1m=0.4741  uplink_kB=52.6  t=0.65s
  round  31/50: acc=0.5621  f1m=0.4734  uplink_kB=52.6  t=0.62s
  round  32/50: acc=0.5607  f1m=0.4709  uplink_kB=52.6  t=0.63s
  round  33/50: acc=0.5600  f1m=0.4692  uplink_kB=52.6  t=0.63s
  round  34/50: acc=0.5625  f1m=0.4741  uplink_kB=52.6  t=0.64s
  round  35/50: acc=0.5618  f1m=0.4722  uplink_kB=52.6  t=0.66s
  round  36/50: acc=0.5685  f1m=0.4770  uplink_kB=52.6  t=0.62s
  round  37/50: acc=0.5684  f1m=0.4767  uplink_kB=52.6  t=0.59s
  round  38/50: acc=0.5693  f1m=0.4783  uplink_kB=52.6  t=0.65s
  round  39/50: acc=0.5695  f1m=0.4785  uplink_kB=52.6  t=0.65s
  round  40/50: acc=0.5702  f1m=0.4793  uplink_kB=52.6  t=0.63s
  round  41/50: acc=0.5699  f1m=0.4782  uplink_kB=52.6  t=0.66s
  round  42/50: acc=0.5705  f1m=0.4787  uplink_kB=52.6  t=0.70s
  round  43/50: acc=0.5696  f1m=0.4767  uplink_kB=52.6  t=0.69s
  round  44/50: acc=0.5698  f1m=0.4771  uplink_kB=52.6  t=0.69s
  round  45/50: acc=0.5697  f1m=0.4768  uplink_kB=52.6  t=0.64s
  round  46/50: acc=0.5693  f1m=0.4762  uplink_kB=52.6  t=0.70s
  round  47/50: acc=0.5691  f1m=0.4751  uplink_kB=52.6  t=0.70s
  round  48/50: acc=0.5709  f1m=0.4784  uplink_kB=52.6  t=0.67s
  round  49/50: acc=0.5696  f1m=0.4760  uplink_kB=52.6  t=0.69s
  round  50/50: acc=0.5695  f1m=0.4758  uplink_kB=52.6  t=0.69s
[run] DONE -> /Users/agentra/Documents/hao/working/paper-lab/hao-paper-2026/iotj-fedkan-ids/repo/results/lrsweep_toniot/lrsweep_mlp32_lr0p003__dir0.1__seed31/metrics.json  final_acc=0.5695
