[run] device=cpu  seed=2024  out=/Users/agentra/Documents/hao/working/paper-lab/hao-paper-2026/iotj-fedkan-ids/repo/results/lrsweep_botiot/lrsweep_mlp80_lr0p003__dir0.1__seed2024
[run] model=mlp  params=3,362
  round   1/50: acc=0.6916  f1m=0.6589  uplink_kB=131.3  t=1.56s
  round   2/50: acc=0.7717  f1m=0.7635  uplink_kB=131.3  t=0.83s
  round   3/50: acc=0.7820  f1m=0.7752  uplink_kB=131.3  t=0.70s
  round   4/50: acc=0.7812  f1m=0.7742  uplink_kB=131.3  t=0.70s
  round   5/50: acc=0.7806  f1m=0.7735  uplink_kB=131.3  t=0.61s
  round   6/50: acc=0.7808  f1m=0.7737  uplink_kB=131.3  t=0.69s
  round   7/50: acc=0.7579  f1m=0.7477  uplink_kB=131.3  t=0.68s
  round   8/50: acc=0.7423  f1m=0.7293  uplink_kB=131.3  t=0.67s
  round   9/50: acc=0.6661  f1m=0.6343  uplink_kB=131.3  t=0.72s
  round  10/50: acc=0.6867  f1m=0.6521  uplink_kB=131.3  t=0.72s
  round  11/50: acc=0.6873  f1m=0.6530  uplink_kB=131.3  t=0.66s
  round  12/50: acc=0.6878  f1m=0.6537  uplink_kB=131.3  t=0.75s
  round  13/50: acc=0.6882  f1m=0.6541  uplink_kB=131.3  t=0.75s
  round  14/50: acc=0.6887  f1m=0.6548  uplink_kB=131.3  t=0.68s
  round  15/50: acc=0.6892  f1m=0.6554  uplink_kB=131.3  t=0.70s
  round  16/50: acc=0.6896  f1m=0.6560  uplink_kB=131.3  t=0.78s
  round  17/50: acc=0.6904  f1m=0.6571  uplink_kB=131.3  t=0.64s
  round  18/50: acc=0.6912  f1m=0.6582  uplink_kB=131.3  t=0.73s
  round  19/50: acc=0.6916  f1m=0.6587  uplink_kB=131.3  t=0.71s
  round  20/50: acc=0.6922  f1m=0.6595  uplink_kB=131.3  t=0.69s
  round  21/50: acc=0.6924  f1m=0.6597  uplink_kB=131.3  t=0.75s
  round  22/50: acc=0.6950  f1m=0.6632  uplink_kB=131.3  t=0.71s
  round  23/50: acc=0.6981  f1m=0.6674  uplink_kB=131.3  t=0.66s
  round  24/50: acc=0.6998  f1m=0.6696  uplink_kB=131.3  t=0.66s
  round  25/50: acc=0.7010  f1m=0.6712  uplink_kB=131.3  t=0.76s
  round  26/50: acc=0.7013  f1m=0.6716  uplink_kB=131.3  t=0.68s
  round  27/50: acc=0.7022  f1m=0.6728  uplink_kB=131.3  t=0.68s
  round  28/50: acc=0.7029  f1m=0.6737  uplink_kB=131.3  t=0.69s
  round  29/50: acc=0.7032  f1m=0.6740  uplink_kB=131.3  t=0.82s
  round  30/50: acc=0.7042  f1m=0.6754  uplink_kB=131.3  t=0.68s
  round  31/50: acc=0.7044  f1m=0.6757  uplink_kB=131.3  t=0.70s
  round  32/50: acc=0.7050  f1m=0.6765  uplink_kB=131.3  t=0.71s
  round  33/50: acc=0.7086  f1m=0.6812  uplink_kB=131.3  t=0.73s
  round  34/50: acc=0.7114  f1m=0.6847  uplink_kB=131.3  t=0.71s
  round  35/50: acc=0.7149  f1m=0.6893  uplink_kB=131.3  t=0.72s
  round  36/50: acc=0.7211  f1m=0.6972  uplink_kB=131.3  t=0.67s
  round  37/50: acc=0.7216  f1m=0.6980  uplink_kB=131.3  t=0.71s
  round  38/50: acc=0.7239  f1m=0.7008  uplink_kB=131.3  t=0.69s
  round  39/50: acc=0.7247  f1m=0.7018  uplink_kB=131.3  t=0.70s
  round  40/50: acc=0.7261  f1m=0.7036  uplink_kB=131.3  t=0.71s
  round  41/50: acc=0.7262  f1m=0.7037  uplink_kB=131.3  t=0.74s
  round  42/50: acc=0.7267  f1m=0.7044  uplink_kB=131.3  t=0.63s
  round  43/50: acc=0.7261  f1m=0.7036  uplink_kB=131.3  t=0.72s
  round  44/50: acc=0.7281  f1m=0.7061  uplink_kB=131.3  t=0.68s
  round  45/50: acc=0.7305  f1m=0.7092  uplink_kB=131.3  t=0.70s
  round  46/50: acc=0.7301  f1m=0.7086  uplink_kB=131.3  t=0.64s
  round  47/50: acc=0.7308  f1m=0.7095  uplink_kB=131.3  t=0.73s
  round  48/50: acc=0.7314  f1m=0.7102  uplink_kB=131.3  t=0.82s
  round  49/50: acc=0.7315  f1m=0.7104  uplink_kB=131.3  t=0.72s
  round  50/50: acc=0.7322  f1m=0.7113  uplink_kB=131.3  t=0.64s
[run] DONE -> /Users/agentra/Documents/hao/working/paper-lab/hao-paper-2026/iotj-fedkan-ids/repo/results/lrsweep_botiot/lrsweep_mlp80_lr0p003__dir0.1__seed2024/metrics.json  final_acc=0.7322
