[run] device=cpu  seed=11  out=/Users/agentra/Documents/hao/working/paper-lab/hao-paper-2026/iotj-fedkan-ids/repo/results/lrext_cseciic/lrext_kan8_lr0p3__dir0.1__seed11
[run] model=kan  params=3,280
  round   1/50: acc=0.4919  f1m=0.3302  uplink_kB=150.2  t=2.55s
  round   2/50: acc=0.5018  f1m=0.4036  uplink_kB=150.2  t=1.91s
  round   3/50: acc=0.1819  f1m=0.1788  uplink_kB=150.2  t=1.91s
  round   4/50: acc=0.1891  f1m=0.1851  uplink_kB=150.2  t=1.96s
  round   5/50: acc=0.1712  f1m=0.1630  uplink_kB=150.2  t=1.92s
  round   6/50: acc=0.1722  f1m=0.1637  uplink_kB=150.2  t=1.89s
  round   7/50: acc=0.1796  f1m=0.1698  uplink_kB=150.2  t=1.86s
  round   8/50: acc=0.1834  f1m=0.1730  uplink_kB=150.2  t=1.89s
  round   9/50: acc=0.1850  f1m=0.1742  uplink_kB=150.2  t=1.91s
  round  10/50: acc=0.1849  f1m=0.1741  uplink_kB=150.2  t=1.95s
  round  11/50: acc=0.1849  f1m=0.1740  uplink_kB=150.2  t=1.92s
  round  12/50: acc=0.1845  f1m=0.1733  uplink_kB=150.2  t=1.85s
  round  13/50: acc=0.1818  f1m=0.1701  uplink_kB=150.2  t=1.93s
  round  14/50: acc=0.1816  f1m=0.1698  uplink_kB=150.2  t=1.91s
  round  15/50: acc=0.1815  f1m=0.1697  uplink_kB=150.2  t=1.97s
  round  16/50: acc=0.1815  f1m=0.1697  uplink_kB=150.2  t=2.01s
  round  17/50: acc=0.1816  f1m=0.1697  uplink_kB=150.2  t=1.94s
  round  18/50: acc=0.1820  f1m=0.1700  uplink_kB=150.2  t=1.89s
  round  19/50: acc=0.1820  f1m=0.1700  uplink_kB=150.2  t=1.98s
  round  20/50: acc=0.1820  f1m=0.1699  uplink_kB=150.2  t=1.88s
  round  21/50: acc=0.1821  f1m=0.1700  uplink_kB=150.2  t=2.10s
  round  22/50: acc=0.1821  f1m=0.1700  uplink_kB=150.2  t=2.04s
  round  23/50: acc=0.1822  f1m=0.1700  uplink_kB=150.2  t=2.03s
  round  24/50: acc=0.1821  f1m=0.1699  uplink_kB=150.2  t=2.13s
  round  25/50: acc=0.1822  f1m=0.1700  uplink_kB=150.2  t=2.00s
  round  26/50: acc=0.1824  f1m=0.1701  uplink_kB=150.2  t=2.07s
  round  27/50: acc=0.1823  f1m=0.1701  uplink_kB=150.2  t=2.04s
  round  28/50: acc=0.1824  f1m=0.1701  uplink_kB=150.2  t=2.02s
  round  29/50: acc=0.1825  f1m=0.1701  uplink_kB=150.2  t=2.05s
  round  30/50: acc=0.1826  f1m=0.1702  uplink_kB=150.2  t=2.09s
  round  31/50: acc=0.1828  f1m=0.1704  uplink_kB=150.2  t=2.01s
  round  32/50: acc=0.1829  f1m=0.1705  uplink_kB=150.2  t=2.07s
  round  33/50: acc=0.1830  f1m=0.1705  uplink_kB=150.2  t=2.04s
  round  34/50: acc=0.1830  f1m=0.1705  uplink_kB=150.2  t=2.05s
  round  35/50: acc=0.1832  f1m=0.1707  uplink_kB=150.2  t=2.04s
  round  36/50: acc=0.1832  f1m=0.1707  uplink_kB=150.2  t=2.08s
  round  37/50: acc=0.1832  f1m=0.1706  uplink_kB=150.2  t=2.06s
  round  38/50: acc=0.1834  f1m=0.1708  uplink_kB=150.2  t=2.04s
  round  39/50: acc=0.1835  f1m=0.1708  uplink_kB=150.2  t=2.08s
  round  40/50: acc=0.1836  f1m=0.1709  uplink_kB=150.2  t=2.06s
  round  41/50: acc=0.1838  f1m=0.1711  uplink_kB=150.2  t=2.11s
  round  42/50: acc=0.1841  f1m=0.1713  uplink_kB=150.2  t=2.03s
  round  43/50: acc=0.1843  f1m=0.1715  uplink_kB=150.2  t=2.12s
  round  44/50: acc=0.1844  f1m=0.1715  uplink_kB=150.2  t=2.06s
  round  45/50: acc=0.1845  f1m=0.1716  uplink_kB=150.2  t=2.09s
  round  46/50: acc=0.1845  f1m=0.1716  uplink_kB=150.2  t=2.03s
  round  47/50: acc=0.1846  f1m=0.1716  uplink_kB=150.2  t=2.08s
  round  48/50: acc=0.1849  f1m=0.1719  uplink_kB=150.2  t=2.08s
  round  49/50: acc=0.1851  f1m=0.1721  uplink_kB=150.2  t=2.08s
  round  50/50: acc=0.1851  f1m=0.1719  uplink_kB=150.2  t=2.08s
[run] DONE -> /Users/agentra/Documents/hao/working/paper-lab/hao-paper-2026/iotj-fedkan-ids/repo/results/lrext_cseciic/lrext_kan8_lr0p3__dir0.1__seed11/metrics.json  final_acc=0.1851
