[run] device=cpu  seed=23  out=/Users/agentra/Documents/hao/working/paper-lab/hao-paper-2026/iotj-fedkan-ids/repo/results/lrsweep_toniot/lrsweep_mlp32_lr0p0003__dir0.1__seed23
[run] model=mlp  params=1,346
  round   1/50: acc=0.5000  f1m=0.3333  uplink_kB=52.6  t=1.14s
  round   2/50: acc=0.5435  f1m=0.4640  uplink_kB=52.6  t=0.69s
  round   3/50: acc=0.6475  f1m=0.6321  uplink_kB=52.6  t=0.67s
  round   4/50: acc=0.6474  f1m=0.6355  uplink_kB=52.6  t=0.68s
  round   5/50: acc=0.6455  f1m=0.6348  uplink_kB=52.6  t=0.60s
  round   6/50: acc=0.6455  f1m=0.6350  uplink_kB=52.6  t=0.66s
  round   7/50: acc=0.6434  f1m=0.6331  uplink_kB=52.6  t=0.66s
  round   8/50: acc=0.6404  f1m=0.6306  uplink_kB=52.6  t=0.66s
  round   9/50: acc=0.6415  f1m=0.6317  uplink_kB=52.6  t=0.66s
  round  10/50: acc=0.6457  f1m=0.6354  uplink_kB=52.6  t=0.67s
  round  11/50: acc=0.6708  f1m=0.6639  uplink_kB=52.6  t=0.58s
  round  12/50: acc=0.7059  f1m=0.7024  uplink_kB=52.6  t=0.67s
  round  13/50: acc=0.7089  f1m=0.7056  uplink_kB=52.6  t=0.66s
  round  14/50: acc=0.7123  f1m=0.7094  uplink_kB=52.6  t=0.68s
  round  15/50: acc=0.7179  f1m=0.7154  uplink_kB=52.6  t=0.65s
  round  16/50: acc=0.7234  f1m=0.7213  uplink_kB=52.6  t=0.63s
  round  17/50: acc=0.7243  f1m=0.7221  uplink_kB=52.6  t=0.66s
  round  18/50: acc=0.7257  f1m=0.7234  uplink_kB=52.6  t=0.58s
  round  19/50: acc=0.7232  f1m=0.7210  uplink_kB=52.6  t=0.67s
  round  20/50: acc=0.7243  f1m=0.7220  uplink_kB=52.6  t=0.65s
  round  21/50: acc=0.7241  f1m=0.7218  uplink_kB=52.6  t=0.64s
  round  22/50: acc=0.7252  f1m=0.7229  uplink_kB=52.6  t=0.66s
  round  23/50: acc=0.7255  f1m=0.7232  uplink_kB=52.6  t=0.64s
  round  24/50: acc=0.7252  f1m=0.7229  uplink_kB=52.6  t=0.63s
  round  25/50: acc=0.7247  f1m=0.7223  uplink_kB=52.6  t=0.61s
  round  26/50: acc=0.7285  f1m=0.7267  uplink_kB=52.6  t=0.65s
  round  27/50: acc=0.7293  f1m=0.7274  uplink_kB=52.6  t=0.62s
  round  28/50: acc=0.7309  f1m=0.7289  uplink_kB=52.6  t=0.64s
  round  29/50: acc=0.7289  f1m=0.7264  uplink_kB=52.6  t=0.63s
  round  30/50: acc=0.7292  f1m=0.7263  uplink_kB=52.6  t=0.64s
  round  31/50: acc=0.7303  f1m=0.7270  uplink_kB=52.6  t=0.61s
  round  32/50: acc=0.7343  f1m=0.7308  uplink_kB=52.6  t=0.64s
  round  33/50: acc=0.7315  f1m=0.7280  uplink_kB=52.6  t=0.66s
  round  34/50: acc=0.7321  f1m=0.7285  uplink_kB=52.6  t=0.65s
  round  35/50: acc=0.7319  f1m=0.7284  uplink_kB=52.6  t=0.67s
  round  36/50: acc=0.7321  f1m=0.7286  uplink_kB=52.6  t=0.65s
  round  37/50: acc=0.7326  f1m=0.7290  uplink_kB=52.6  t=0.62s
  round  38/50: acc=0.7337  f1m=0.7300  uplink_kB=52.6  t=0.68s
  round  39/50: acc=0.7339  f1m=0.7303  uplink_kB=52.6  t=0.67s
  round  40/50: acc=0.7335  f1m=0.7299  uplink_kB=52.6  t=0.65s
  round  41/50: acc=0.7344  f1m=0.7307  uplink_kB=52.6  t=0.68s
  round  42/50: acc=0.7347  f1m=0.7309  uplink_kB=52.6  t=0.64s
  round  43/50: acc=0.7348  f1m=0.7310  uplink_kB=52.6  t=0.64s
  round  44/50: acc=0.7350  f1m=0.7313  uplink_kB=52.6  t=0.59s
  round  45/50: acc=0.7354  f1m=0.7316  uplink_kB=52.6  t=0.66s
  round  46/50: acc=0.7362  f1m=0.7323  uplink_kB=52.6  t=0.64s
  round  47/50: acc=0.7365  f1m=0.7327  uplink_kB=52.6  t=0.64s
  round  48/50: acc=0.7370  f1m=0.7332  uplink_kB=52.6  t=0.66s
  round  49/50: acc=0.7372  f1m=0.7334  uplink_kB=52.6  t=0.63s
  round  50/50: acc=0.7387  f1m=0.7348  uplink_kB=52.6  t=0.66s
[run] DONE -> /Users/agentra/Documents/hao/working/paper-lab/hao-paper-2026/iotj-fedkan-ids/repo/results/lrsweep_toniot/lrsweep_mlp32_lr0p0003__dir0.1__seed23/metrics.json  final_acc=0.7387
