[run] device=cpu  seed=23  out=/Users/agentra/Documents/hao/working/paper-lab/hao-paper-2026/iotj-fedkan-ids/repo/results/lrsweep_botiot/lrsweep_kan8_lr0p01__dir0.1__seed23
[run] model=kan  params=3,280
  round   1/50: acc=0.4989  f1m=0.3328  uplink_kB=150.2  t=2.34s
  round   2/50: acc=0.8013  f1m=0.7937  uplink_kB=150.2  t=1.65s
  round   3/50: acc=0.8511  f1m=0.8480  uplink_kB=150.2  t=1.67s
  round   4/50: acc=0.9236  f1m=0.9232  uplink_kB=150.2  t=1.67s
  round   5/50: acc=0.9364  f1m=0.9361  uplink_kB=150.2  t=1.59s
  round   6/50: acc=0.9502  f1m=0.9501  uplink_kB=150.2  t=1.77s
  round   7/50: acc=0.9477  f1m=0.9475  uplink_kB=150.2  t=1.70s
  round   8/50: acc=0.9443  f1m=0.9441  uplink_kB=150.2  t=1.71s
  round   9/50: acc=0.9532  f1m=0.9532  uplink_kB=150.2  t=1.72s
  round  10/50: acc=0.9568  f1m=0.9568  uplink_kB=150.2  t=1.86s
  round  11/50: acc=0.9584  f1m=0.9583  uplink_kB=150.2  t=1.72s
  round  12/50: acc=0.9598  f1m=0.9598  uplink_kB=150.2  t=1.64s
  round  13/50: acc=0.9609  f1m=0.9609  uplink_kB=150.2  t=1.66s
  round  14/50: acc=0.9624  f1m=0.9624  uplink_kB=150.2  t=1.67s
  round  15/50: acc=0.9620  f1m=0.9620  uplink_kB=150.2  t=1.69s
  round  16/50: acc=0.9599  f1m=0.9598  uplink_kB=150.2  t=1.68s
  round  17/50: acc=0.9571  f1m=0.9570  uplink_kB=150.2  t=1.67s
  round  18/50: acc=0.9598  f1m=0.9597  uplink_kB=150.2  t=1.67s
  round  19/50: acc=0.9605  f1m=0.9605  uplink_kB=150.2  t=1.64s
  round  20/50: acc=0.9615  f1m=0.9615  uplink_kB=150.2  t=1.71s
  round  21/50: acc=0.9619  f1m=0.9619  uplink_kB=150.2  t=1.68s
  round  22/50: acc=0.9636  f1m=0.9635  uplink_kB=150.2  t=1.72s
  round  23/50: acc=0.9644  f1m=0.9644  uplink_kB=150.2  t=1.63s
  round  24/50: acc=0.9652  f1m=0.9652  uplink_kB=150.2  t=1.68s
  round  25/50: acc=0.9658  f1m=0.9658  uplink_kB=150.2  t=1.57s
  round  26/50: acc=0.9661  f1m=0.9661  uplink_kB=150.2  t=1.67s
  round  27/50: acc=0.9663  f1m=0.9663  uplink_kB=150.2  t=1.62s
  round  28/50: acc=0.9665  f1m=0.9664  uplink_kB=150.2  t=1.63s
  round  29/50: acc=0.9668  f1m=0.9667  uplink_kB=150.2  t=1.64s
  round  30/50: acc=0.9667  f1m=0.9667  uplink_kB=150.2  t=1.69s
  round  31/50: acc=0.9666  f1m=0.9666  uplink_kB=150.2  t=1.68s
  round  32/50: acc=0.9665  f1m=0.9665  uplink_kB=150.2  t=1.59s
  round  33/50: acc=0.9666  f1m=0.9665  uplink_kB=150.2  t=1.68s
  round  34/50: acc=0.9661  f1m=0.9661  uplink_kB=150.2  t=1.70s
  round  35/50: acc=0.9666  f1m=0.9665  uplink_kB=150.2  t=1.67s
  round  36/50: acc=0.9663  f1m=0.9663  uplink_kB=150.2  t=1.65s
  round  37/50: acc=0.9669  f1m=0.9669  uplink_kB=150.2  t=1.72s
  round  38/50: acc=0.9665  f1m=0.9665  uplink_kB=150.2  t=1.62s
  round  39/50: acc=0.9666  f1m=0.9666  uplink_kB=150.2  t=1.67s
  round  40/50: acc=0.9663  f1m=0.9662  uplink_kB=150.2  t=1.70s
  round  41/50: acc=0.9726  f1m=0.9726  uplink_kB=150.2  t=1.87s
  round  42/50: acc=0.9659  f1m=0.9659  uplink_kB=150.2  t=1.71s
  round  43/50: acc=0.9727  f1m=0.9727  uplink_kB=150.2  t=1.72s
  round  44/50: acc=0.9689  f1m=0.9689  uplink_kB=150.2  t=1.67s
  round  45/50: acc=0.9629  f1m=0.9629  uplink_kB=150.2  t=1.63s
  round  46/50: acc=0.9663  f1m=0.9663  uplink_kB=150.2  t=1.70s
  round  47/50: acc=0.9689  f1m=0.9689  uplink_kB=150.2  t=1.62s
  round  48/50: acc=0.9720  f1m=0.9720  uplink_kB=150.2  t=1.70s
  round  49/50: acc=0.9718  f1m=0.9718  uplink_kB=150.2  t=1.68s
  round  50/50: acc=0.9664  f1m=0.9663  uplink_kB=150.2  t=1.57s
[run] DONE -> /Users/agentra/Documents/hao/working/paper-lab/hao-paper-2026/iotj-fedkan-ids/repo/results/lrsweep_botiot/lrsweep_kan8_lr0p01__dir0.1__seed23/metrics.json  final_acc=0.9664
