[run] device=cpu  seed=43  out=/Users/agentra/Documents/hao/working/paper-lab/hao-paper-2026/iotj-fedkan-ids/repo/results/lrsweep_toniot/lrsweep_mlp80_lr0p1__dir0.1__seed43
[run] model=mlp  params=3,362
  round   1/50: acc=0.5000  f1m=0.3333  uplink_kB=131.3  t=1.18s
  round   2/50: acc=0.5000  f1m=0.3333  uplink_kB=131.3  t=0.66s
  round   3/50: acc=0.6195  f1m=0.5873  uplink_kB=131.3  t=0.65s
  round   4/50: acc=0.5755  f1m=0.4903  uplink_kB=131.3  t=0.62s
  round   5/50: acc=0.5468  f1m=0.4446  uplink_kB=131.3  t=0.66s
  round   6/50: acc=0.5543  f1m=0.4472  uplink_kB=131.3  t=0.68s
  round   7/50: acc=0.5292  f1m=0.3961  uplink_kB=131.3  t=0.68s
  round   8/50: acc=0.5322  f1m=0.4020  uplink_kB=131.3  t=0.67s
  round   9/50: acc=0.5419  f1m=0.4223  uplink_kB=131.3  t=0.64s
  round  10/50: acc=0.5359  f1m=0.4098  uplink_kB=131.3  t=0.66s
  round  11/50: acc=0.5533  f1m=0.4532  uplink_kB=131.3  t=0.62s
  round  12/50: acc=0.5237  f1m=0.3843  uplink_kB=131.3  t=0.67s
  round  13/50: acc=0.5331  f1m=0.4035  uplink_kB=131.3  t=0.66s
  round  14/50: acc=0.5180  f1m=0.3725  uplink_kB=131.3  t=0.68s
  round  15/50: acc=0.5293  f1m=0.3959  uplink_kB=131.3  t=0.66s
  round  16/50: acc=0.5110  f1m=0.3578  uplink_kB=131.3  t=0.67s
  round  17/50: acc=0.5201  f1m=0.3770  uplink_kB=131.3  t=0.60s
  round  18/50: acc=0.5266  f1m=0.3905  uplink_kB=131.3  t=0.66s
  round  19/50: acc=0.5291  f1m=0.3959  uplink_kB=131.3  t=0.68s
  round  20/50: acc=0.5142  f1m=0.3644  uplink_kB=131.3  t=0.66s
  round  21/50: acc=0.5168  f1m=0.3699  uplink_kB=131.3  t=0.68s
  round  22/50: acc=0.5105  f1m=0.3565  uplink_kB=131.3  t=0.66s
  round  23/50: acc=0.5222  f1m=0.3916  uplink_kB=131.3  t=0.67s
  round  24/50: acc=0.5174  f1m=0.3715  uplink_kB=131.3  t=0.63s
  round  25/50: acc=0.5390  f1m=0.4248  uplink_kB=131.3  t=0.68s
  round  26/50: acc=0.5323  f1m=0.4016  uplink_kB=131.3  t=0.67s
  round  27/50: acc=0.5559  f1m=0.4571  uplink_kB=131.3  t=0.67s
  round  28/50: acc=0.5355  f1m=0.4181  uplink_kB=131.3  t=0.69s
  round  29/50: acc=0.5288  f1m=0.4047  uplink_kB=131.3  t=0.67s
  round  30/50: acc=0.5437  f1m=0.4351  uplink_kB=131.3  t=0.67s
  round  31/50: acc=0.5152  f1m=0.3670  uplink_kB=131.3  t=0.63s
  round  32/50: acc=0.5273  f1m=0.4069  uplink_kB=131.3  t=0.65s
  round  33/50: acc=0.5091  f1m=0.3647  uplink_kB=131.3  t=0.65s
  round  34/50: acc=0.5307  f1m=0.4086  uplink_kB=131.3  t=0.67s
  round  35/50: acc=0.5253  f1m=0.3979  uplink_kB=131.3  t=0.65s
  round  36/50: acc=0.5218  f1m=0.3907  uplink_kB=131.3  t=0.67s
  round  37/50: acc=0.5340  f1m=0.4156  uplink_kB=131.3  t=0.69s
  round  38/50: acc=0.5090  f1m=0.3649  uplink_kB=131.3  t=0.62s
  round  39/50: acc=0.5103  f1m=0.3676  uplink_kB=131.3  t=0.65s
  round  40/50: acc=0.5662  f1m=0.4784  uplink_kB=131.3  t=0.66s
  round  41/50: acc=0.5246  f1m=0.3963  uplink_kB=131.3  t=0.66s
  round  42/50: acc=0.5110  f1m=0.3689  uplink_kB=131.3  t=0.69s
  round  43/50: acc=0.5272  f1m=0.4016  uplink_kB=131.3  t=0.67s
  round  44/50: acc=0.5266  f1m=0.4004  uplink_kB=131.3  t=0.66s
  round  45/50: acc=0.5278  f1m=0.4034  uplink_kB=131.3  t=0.68s
  round  46/50: acc=0.5225  f1m=0.3924  uplink_kB=131.3  t=0.60s
  round  47/50: acc=0.5086  f1m=0.3639  uplink_kB=131.3  t=0.67s
  round  48/50: acc=0.5214  f1m=0.3906  uplink_kB=131.3  t=0.64s
  round  49/50: acc=0.5207  f1m=0.3990  uplink_kB=131.3  t=0.67s
  round  50/50: acc=0.5274  f1m=0.4022  uplink_kB=131.3  t=0.65s
[run] DONE -> /Users/agentra/Documents/hao/working/paper-lab/hao-paper-2026/iotj-fedkan-ids/repo/results/lrsweep_toniot/lrsweep_mlp80_lr0p1__dir0.1__seed43/metrics.json  final_acc=0.5274
