[run] device=cpu  seed=37  out=/Users/agentra/Documents/hao/working/paper-lab/hao-paper-2026/iotj-fedkan-ids/repo/results/lrsweep_toniot/lrsweep_mlp80_lr0p1__dir0.1__seed37
[run] model=mlp  params=3,362
  round   1/50: acc=0.5000  f1m=0.3333  uplink_kB=131.3  t=1.14s
  round   2/50: acc=0.6276  f1m=0.6272  uplink_kB=131.3  t=0.69s
  round   3/50: acc=0.5464  f1m=0.4355  uplink_kB=131.3  t=0.66s
  round   4/50: acc=0.5663  f1m=0.4938  uplink_kB=131.3  t=0.65s
  round   5/50: acc=0.4637  f1m=0.4584  uplink_kB=131.3  t=0.64s
  round   6/50: acc=0.5685  f1m=0.4757  uplink_kB=131.3  t=0.61s
  round   7/50: acc=0.5432  f1m=0.5117  uplink_kB=131.3  t=0.67s
  round   8/50: acc=0.5718  f1m=0.4805  uplink_kB=131.3  t=0.68s
  round   9/50: acc=0.6725  f1m=0.6719  uplink_kB=131.3  t=0.68s
  round  10/50: acc=0.5749  f1m=0.4904  uplink_kB=131.3  t=0.67s
  round  11/50: acc=0.4428  f1m=0.4399  uplink_kB=131.3  t=0.69s
  round  12/50: acc=0.5770  f1m=0.4912  uplink_kB=131.3  t=0.68s
  round  13/50: acc=0.5379  f1m=0.5172  uplink_kB=131.3  t=0.60s
  round  14/50: acc=0.5757  f1m=0.5146  uplink_kB=131.3  t=0.68s
  round  15/50: acc=0.5819  f1m=0.5038  uplink_kB=131.3  t=0.68s
  round  16/50: acc=0.4215  f1m=0.4156  uplink_kB=131.3  t=0.68s
  round  17/50: acc=0.5857  f1m=0.5147  uplink_kB=131.3  t=0.68s
  round  18/50: acc=0.4751  f1m=0.4745  uplink_kB=131.3  t=0.65s
  round  19/50: acc=0.5833  f1m=0.5073  uplink_kB=131.3  t=0.64s
  round  20/50: acc=0.5700  f1m=0.4868  uplink_kB=131.3  t=0.67s
  round  21/50: acc=0.5807  f1m=0.5057  uplink_kB=131.3  t=0.66s
  round  22/50: acc=0.6834  f1m=0.6606  uplink_kB=131.3  t=0.67s
  round  23/50: acc=0.5852  f1m=0.5140  uplink_kB=131.3  t=0.69s
  round  24/50: acc=0.6622  f1m=0.6280  uplink_kB=131.3  t=0.69s
  round  25/50: acc=0.8001  f1m=0.7935  uplink_kB=131.3  t=0.61s
  round  26/50: acc=0.7515  f1m=0.7444  uplink_kB=131.3  t=0.66s
  round  27/50: acc=0.5847  f1m=0.5110  uplink_kB=131.3  t=0.66s
  round  28/50: acc=0.4713  f1m=0.4700  uplink_kB=131.3  t=0.67s
  round  29/50: acc=0.6923  f1m=0.6895  uplink_kB=131.3  t=0.65s
  round  30/50: acc=0.6881  f1m=0.6669  uplink_kB=131.3  t=0.67s
  round  31/50: acc=0.5905  f1m=0.5162  uplink_kB=131.3  t=0.67s
  round  32/50: acc=0.4936  f1m=0.4935  uplink_kB=131.3  t=0.61s
  round  33/50: acc=0.5982  f1m=0.5302  uplink_kB=131.3  t=0.67s
  round  34/50: acc=0.5825  f1m=0.5140  uplink_kB=131.3  t=0.68s
  round  35/50: acc=0.5775  f1m=0.5008  uplink_kB=131.3  t=0.66s
  round  36/50: acc=0.7453  f1m=0.7430  uplink_kB=131.3  t=0.66s
  round  37/50: acc=0.5693  f1m=0.4771  uplink_kB=131.3  t=0.67s
  round  38/50: acc=0.7562  f1m=0.7562  uplink_kB=131.3  t=0.65s
  round  39/50: acc=0.7792  f1m=0.7707  uplink_kB=131.3  t=0.66s
  round  40/50: acc=0.7131  f1m=0.7126  uplink_kB=131.3  t=0.61s
  round  41/50: acc=0.7744  f1m=0.7678  uplink_kB=131.3  t=0.66s
  round  42/50: acc=0.7762  f1m=0.7701  uplink_kB=131.3  t=0.67s
  round  43/50: acc=0.7146  f1m=0.7136  uplink_kB=131.3  t=0.66s
  round  44/50: acc=0.7802  f1m=0.7747  uplink_kB=131.3  t=0.65s
  round  45/50: acc=0.6796  f1m=0.6787  uplink_kB=131.3  t=0.67s
  round  46/50: acc=0.7802  f1m=0.7750  uplink_kB=131.3  t=0.66s
  round  47/50: acc=0.7192  f1m=0.7182  uplink_kB=131.3  t=0.62s
  round  48/50: acc=0.7956  f1m=0.7937  uplink_kB=131.3  t=0.68s
  round  49/50: acc=0.7580  f1m=0.7579  uplink_kB=131.3  t=0.65s
  round  50/50: acc=0.7843  f1m=0.7799  uplink_kB=131.3  t=0.66s
[run] DONE -> /Users/agentra/Documents/hao/working/paper-lab/hao-paper-2026/iotj-fedkan-ids/repo/results/lrsweep_toniot/lrsweep_mlp80_lr0p1__dir0.1__seed37/metrics.json  final_acc=0.7843
