[run] device=cpu  seed=11  out=/Users/agentra/Documents/hao/working/paper-lab/hao-paper-2026/iotj-fedkan-ids/repo/results/lrsweep_cseciic/lrsweep_kan8_lr0p003__dir0.1__seed11
[run] model=kan  params=3,280
  round   1/50: acc=0.5000  f1m=0.3333  uplink_kB=150.2  t=2.18s
  round   2/50: acc=0.5017  f1m=0.3370  uplink_kB=150.2  t=1.63s
  round   3/50: acc=0.5524  f1m=0.4407  uplink_kB=150.2  t=1.63s
  round   4/50: acc=0.6636  f1m=0.6224  uplink_kB=150.2  t=1.61s
  round   5/50: acc=0.7167  f1m=0.6984  uplink_kB=150.2  t=1.63s
  round   6/50: acc=0.7875  f1m=0.7810  uplink_kB=150.2  t=1.57s
  round   7/50: acc=0.8018  f1m=0.7969  uplink_kB=150.2  t=1.54s
  round   8/50: acc=0.7831  f1m=0.7763  uplink_kB=150.2  t=1.61s
  round   9/50: acc=0.7727  f1m=0.7647  uplink_kB=150.2  t=1.61s
  round  10/50: acc=0.7694  f1m=0.7607  uplink_kB=150.2  t=1.62s
  round  11/50: acc=0.7656  f1m=0.7562  uplink_kB=150.2  t=1.62s
  round  12/50: acc=0.7790  f1m=0.7713  uplink_kB=150.2  t=1.53s
  round  13/50: acc=0.7844  f1m=0.7771  uplink_kB=150.2  t=1.60s
  round  14/50: acc=0.7918  f1m=0.7853  uplink_kB=150.2  t=1.57s
  round  15/50: acc=0.8121  f1m=0.8076  uplink_kB=150.2  t=1.61s
  round  16/50: acc=0.8131  f1m=0.8085  uplink_kB=150.2  t=1.59s
  round  17/50: acc=0.8273  f1m=0.8236  uplink_kB=150.2  t=1.61s
  round  18/50: acc=0.8430  f1m=0.8405  uplink_kB=150.2  t=1.56s
  round  19/50: acc=0.8634  f1m=0.8619  uplink_kB=150.2  t=1.61s
  round  20/50: acc=0.8958  f1m=0.8952  uplink_kB=150.2  t=1.60s
  round  21/50: acc=0.9188  f1m=0.9186  uplink_kB=150.2  t=1.62s
  round  22/50: acc=0.9189  f1m=0.9187  uplink_kB=150.2  t=1.62s
  round  23/50: acc=0.9187  f1m=0.9185  uplink_kB=150.2  t=1.64s
  round  24/50: acc=0.9200  f1m=0.9198  uplink_kB=150.2  t=1.60s
  round  25/50: acc=0.9202  f1m=0.9200  uplink_kB=150.2  t=1.54s
  round  26/50: acc=0.9208  f1m=0.9206  uplink_kB=150.2  t=1.61s
  round  27/50: acc=0.9226  f1m=0.9224  uplink_kB=150.2  t=1.61s
  round  28/50: acc=0.9223  f1m=0.9220  uplink_kB=150.2  t=1.60s
  round  29/50: acc=0.9227  f1m=0.9225  uplink_kB=150.2  t=1.59s
  round  30/50: acc=0.9231  f1m=0.9229  uplink_kB=150.2  t=1.63s
  round  31/50: acc=0.9240  f1m=0.9237  uplink_kB=150.2  t=1.56s
  round  32/50: acc=0.9229  f1m=0.9226  uplink_kB=150.2  t=1.60s
  round  33/50: acc=0.9237  f1m=0.9234  uplink_kB=150.2  t=1.58s
  round  34/50: acc=0.9229  f1m=0.9227  uplink_kB=150.2  t=1.64s
  round  35/50: acc=0.9229  f1m=0.9227  uplink_kB=150.2  t=1.60s
  round  36/50: acc=0.9219  f1m=0.9217  uplink_kB=150.2  t=1.60s
  round  37/50: acc=0.9222  f1m=0.9220  uplink_kB=150.2  t=1.56s
  round  38/50: acc=0.9212  f1m=0.9210  uplink_kB=150.2  t=1.57s
  round  39/50: acc=0.9230  f1m=0.9228  uplink_kB=150.2  t=1.60s
  round  40/50: acc=0.9217  f1m=0.9215  uplink_kB=150.2  t=1.60s
  round  41/50: acc=0.9203  f1m=0.9201  uplink_kB=150.2  t=1.64s
  round  42/50: acc=0.9213  f1m=0.9210  uplink_kB=150.2  t=1.60s
  round  43/50: acc=0.9193  f1m=0.9191  uplink_kB=150.2  t=1.63s
  round  44/50: acc=0.9204  f1m=0.9202  uplink_kB=150.2  t=1.53s
  round  45/50: acc=0.9114  f1m=0.9113  uplink_kB=150.2  t=1.61s
  round  46/50: acc=0.9117  f1m=0.9116  uplink_kB=150.2  t=1.62s
  round  47/50: acc=0.9214  f1m=0.9212  uplink_kB=150.2  t=1.59s
  round  48/50: acc=0.9123  f1m=0.9121  uplink_kB=150.2  t=1.61s
  round  49/50: acc=0.9121  f1m=0.9119  uplink_kB=150.2  t=1.60s
  round  50/50: acc=0.9114  f1m=0.9112  uplink_kB=150.2  t=1.59s
[run] DONE -> /Users/agentra/Documents/hao/working/paper-lab/hao-paper-2026/iotj-fedkan-ids/repo/results/lrsweep_cseciic/lrsweep_kan8_lr0p003__dir0.1__seed11/metrics.json  final_acc=0.9114
