[run] device=cpu  seed=119  out=/Users/agentra/Documents/hao/working/paper-lab/hao-paper-2026/iotj-fedkan-ids/repo/results/lrsweep_cseciic/lrsweep_mlp80_lr0p01__dir0.1__seed119
[run] model=mlp  params=3,362
  round   1/50: acc=0.7872  f1m=0.7807  uplink_kB=131.3  t=1.38s
  round   2/50: acc=0.7817  f1m=0.7746  uplink_kB=131.3  t=0.84s
  round   3/50: acc=0.8323  f1m=0.8296  uplink_kB=131.3  t=0.83s
  round   4/50: acc=0.8800  f1m=0.8792  uplink_kB=131.3  t=0.77s
  round   5/50: acc=0.9007  f1m=0.9004  uplink_kB=131.3  t=0.71s
  round   6/50: acc=0.9034  f1m=0.9031  uplink_kB=131.3  t=0.80s
  round   7/50: acc=0.9098  f1m=0.9096  uplink_kB=131.3  t=0.81s
  round   8/50: acc=0.9211  f1m=0.9210  uplink_kB=131.3  t=0.77s
  round   9/50: acc=0.9234  f1m=0.9233  uplink_kB=131.3  t=0.77s
  round  10/50: acc=0.9226  f1m=0.9225  uplink_kB=131.3  t=0.80s
  round  11/50: acc=0.9388  f1m=0.9388  uplink_kB=131.3  t=0.73s
  round  12/50: acc=0.9333  f1m=0.9333  uplink_kB=131.3  t=0.79s
  round  13/50: acc=0.9397  f1m=0.9396  uplink_kB=131.3  t=0.78s
  round  14/50: acc=0.9430  f1m=0.9430  uplink_kB=131.3  t=0.81s
  round  15/50: acc=0.9423  f1m=0.9423  uplink_kB=131.3  t=0.79s
  round  16/50: acc=0.9368  f1m=0.9368  uplink_kB=131.3  t=0.73s
  round  17/50: acc=0.9407  f1m=0.9407  uplink_kB=131.3  t=0.76s
  round  18/50: acc=0.9382  f1m=0.9381  uplink_kB=131.3  t=0.77s
  round  19/50: acc=0.9365  f1m=0.9364  uplink_kB=131.3  t=0.79s
  round  20/50: acc=0.9365  f1m=0.9365  uplink_kB=131.3  t=0.79s
  round  21/50: acc=0.9402  f1m=0.9402  uplink_kB=131.3  t=0.76s
  round  22/50: acc=0.9404  f1m=0.9404  uplink_kB=131.3  t=0.79s
  round  23/50: acc=0.9399  f1m=0.9399  uplink_kB=131.3  t=0.68s
  round  24/50: acc=0.9382  f1m=0.9382  uplink_kB=131.3  t=0.77s
  round  25/50: acc=0.9433  f1m=0.9433  uplink_kB=131.3  t=0.76s
  round  26/50: acc=0.9413  f1m=0.9413  uplink_kB=131.3  t=0.77s
  round  27/50: acc=0.9437  f1m=0.9436  uplink_kB=131.3  t=0.81s
  round  28/50: acc=0.9429  f1m=0.9429  uplink_kB=131.3  t=0.77s
  round  29/50: acc=0.9451  f1m=0.9451  uplink_kB=131.3  t=0.76s
  round  30/50: acc=0.9510  f1m=0.9510  uplink_kB=131.3  t=0.74s
  round  31/50: acc=0.9527  f1m=0.9527  uplink_kB=131.3  t=0.76s
  round  32/50: acc=0.9538  f1m=0.9538  uplink_kB=131.3  t=0.77s
  round  33/50: acc=0.9513  f1m=0.9512  uplink_kB=131.3  t=0.79s
  round  34/50: acc=0.9508  f1m=0.9508  uplink_kB=131.3  t=0.77s
  round  35/50: acc=0.9533  f1m=0.9533  uplink_kB=131.3  t=0.75s
  round  36/50: acc=0.9515  f1m=0.9515  uplink_kB=131.3  t=0.79s
  round  37/50: acc=0.9473  f1m=0.9473  uplink_kB=131.3  t=0.82s
  round  38/50: acc=0.9577  f1m=0.9577  uplink_kB=131.3  t=0.83s
  round  39/50: acc=0.9568  f1m=0.9568  uplink_kB=131.3  t=0.89s
  round  40/50: acc=0.9509  f1m=0.9509  uplink_kB=131.3  t=0.84s
  round  41/50: acc=0.9540  f1m=0.9540  uplink_kB=131.3  t=0.83s
  round  42/50: acc=0.9574  f1m=0.9574  uplink_kB=131.3  t=0.82s
  round  43/50: acc=0.9591  f1m=0.9591  uplink_kB=131.3  t=0.73s
  round  44/50: acc=0.9612  f1m=0.9612  uplink_kB=131.3  t=0.80s
  round  45/50: acc=0.9591  f1m=0.9591  uplink_kB=131.3  t=0.81s
  round  46/50: acc=0.9593  f1m=0.9592  uplink_kB=131.3  t=0.79s
  round  47/50: acc=0.9594  f1m=0.9594  uplink_kB=131.3  t=0.82s
  round  48/50: acc=0.9596  f1m=0.9596  uplink_kB=131.3  t=0.84s
  round  49/50: acc=0.9627  f1m=0.9627  uplink_kB=131.3  t=0.79s
  round  50/50: acc=0.9611  f1m=0.9611  uplink_kB=131.3  t=0.81s
[run] DONE -> /Users/agentra/Documents/hao/working/paper-lab/hao-paper-2026/iotj-fedkan-ids/repo/results/lrsweep_cseciic/lrsweep_mlp80_lr0p01__dir0.1__seed119/metrics.json  final_acc=0.9611
