[run] device=cpu  seed=43  out=/Users/agentra/Documents/hao/working/paper-lab/hao-paper-2026/iotj-fedkan-ids/repo/results/lrext_toniot/lrext_kan8_lr0p3__dir0.1__seed43
[run] model=kan  params=3,280
  round   1/50: acc=0.5000  f1m=0.3333  uplink_kB=150.2  t=2.70s
  round   2/50: acc=0.6218  f1m=0.6122  uplink_kB=150.2  t=2.03s
  round   3/50: acc=0.4448  f1m=0.4444  uplink_kB=150.2  t=1.89s
  round   4/50: acc=0.5000  f1m=0.3333  uplink_kB=150.2  t=1.94s
  round   5/50: acc=0.5012  f1m=0.3384  uplink_kB=150.2  t=2.03s
  round   6/50: acc=0.7176  f1m=0.6937  uplink_kB=150.2  t=1.88s
  round   7/50: acc=0.7177  f1m=0.6939  uplink_kB=150.2  t=2.01s
  round   8/50: acc=0.6259  f1m=0.6123  uplink_kB=150.2  t=1.98s
  round   9/50: acc=0.6259  f1m=0.6124  uplink_kB=150.2  t=1.92s
  round  10/50: acc=0.6258  f1m=0.6123  uplink_kB=150.2  t=1.97s
  round  11/50: acc=0.6262  f1m=0.6127  uplink_kB=150.2  t=1.97s
  round  12/50: acc=0.6265  f1m=0.6134  uplink_kB=150.2  t=1.98s
  round  13/50: acc=0.6273  f1m=0.6144  uplink_kB=150.2  t=1.95s
  round  14/50: acc=0.6223  f1m=0.6106  uplink_kB=150.2  t=1.97s
  round  15/50: acc=0.6246  f1m=0.6134  uplink_kB=150.2  t=2.04s
  round  16/50: acc=0.6258  f1m=0.6147  uplink_kB=150.2  t=1.98s
  round  17/50: acc=0.6323  f1m=0.6225  uplink_kB=150.2  t=1.98s
  round  18/50: acc=0.5000  f1m=0.3333  uplink_kB=150.2  t=2.08s
  round  19/50: acc=0.5000  f1m=0.3333  uplink_kB=150.2  t=2.00s
  round  20/50: acc=0.5000  f1m=0.3333  uplink_kB=150.2  t=2.00s
  round  21/50: acc=0.5000  f1m=0.3333  uplink_kB=150.2  t=1.97s
  round  22/50: acc=0.5000  f1m=0.3333  uplink_kB=150.2  t=1.91s
  round  23/50: acc=0.5000  f1m=0.3333  uplink_kB=150.2  t=2.00s
  round  24/50: acc=0.5000  f1m=0.3333  uplink_kB=150.2  t=1.95s
  round  25/50: acc=0.5000  f1m=0.3333  uplink_kB=150.2  t=1.94s
  round  26/50: acc=0.5000  f1m=0.3333  uplink_kB=150.2  t=1.99s
  round  27/50: acc=0.5000  f1m=0.3333  uplink_kB=150.2  t=1.93s
  round  28/50: acc=0.5000  f1m=0.3333  uplink_kB=150.2  t=1.94s
  round  29/50: acc=0.5000  f1m=0.3333  uplink_kB=150.2  t=1.97s
  round  30/50: acc=0.5000  f1m=0.3333  uplink_kB=150.2  t=1.94s
  round  31/50: acc=0.5000  f1m=0.3333  uplink_kB=150.2  t=1.97s
  round  32/50: acc=0.5000  f1m=0.3333  uplink_kB=150.2  t=1.99s
  round  33/50: acc=0.5000  f1m=0.3333  uplink_kB=150.2  t=1.98s
  round  34/50: acc=0.5000  f1m=0.3333  uplink_kB=150.2  t=2.00s
  round  35/50: acc=0.5000  f1m=0.3333  uplink_kB=150.2  t=1.91s
  round  36/50: acc=0.5000  f1m=0.3333  uplink_kB=150.2  t=2.02s
  round  37/50: acc=0.5000  f1m=0.3333  uplink_kB=150.2  t=2.04s
  round  38/50: acc=0.5000  f1m=0.3333  uplink_kB=150.2  t=2.00s
  round  39/50: acc=0.5000  f1m=0.3333  uplink_kB=150.2  t=1.94s
  round  40/50: acc=0.5000  f1m=0.3333  uplink_kB=150.2  t=1.99s
  round  41/50: acc=0.5000  f1m=0.3333  uplink_kB=150.2  t=1.98s
  round  42/50: acc=0.5000  f1m=0.3333  uplink_kB=150.2  t=2.03s
  round  43/50: acc=0.5000  f1m=0.3333  uplink_kB=150.2  t=1.89s
  round  44/50: acc=0.5000  f1m=0.3333  uplink_kB=150.2  t=1.95s
  round  45/50: acc=0.5000  f1m=0.3333  uplink_kB=150.2  t=1.97s
  round  46/50: acc=0.5000  f1m=0.3333  uplink_kB=150.2  t=1.94s
  round  47/50: acc=0.5000  f1m=0.3333  uplink_kB=150.2  t=1.99s
  round  48/50: acc=0.5000  f1m=0.3333  uplink_kB=150.2  t=1.94s
  round  49/50: acc=0.5000  f1m=0.3333  uplink_kB=150.2  t=1.88s
  round  50/50: acc=0.5000  f1m=0.3333  uplink_kB=150.2  t=1.90s
[run] DONE -> /Users/agentra/Documents/hao/working/paper-lab/hao-paper-2026/iotj-fedkan-ids/repo/results/lrext_toniot/lrext_kan8_lr0p3__dir0.1__seed43/metrics.json  final_acc=0.5000
