[run] device=cpu  seed=42  out=/Users/agentra/Documents/hao/working/paper-lab/hao-paper-2026/iotj-fedkan-ids/repo/results/lrsweep_cseciic_mc50k/lrsweep_kan8_lr0p03__dir0.1__seed42
[run] model=kan  params=4,320
  round   1/50: acc=0.3347  f1m=0.1836  uplink_kB=190.8  t=3.26s
  round   2/50: acc=0.6042  f1m=0.3511  uplink_kB=190.8  t=2.63s
  round   3/50: acc=0.6383  f1m=0.3676  uplink_kB=190.8  t=2.62s
  round   4/50: acc=0.6855  f1m=0.4418  uplink_kB=190.8  t=2.61s
  round   5/50: acc=0.7237  f1m=0.4344  uplink_kB=190.8  t=2.64s
  round   6/50: acc=0.8124  f1m=0.5726  uplink_kB=190.8  t=2.59s
  round   7/50: acc=0.8111  f1m=0.5771  uplink_kB=190.8  t=2.64s
  round   8/50: acc=0.7873  f1m=0.4905  uplink_kB=190.8  t=2.65s
  round   9/50: acc=0.7973  f1m=0.5662  uplink_kB=190.8  t=2.63s
  round  10/50: acc=0.7957  f1m=0.5770  uplink_kB=190.8  t=2.62s
  round  11/50: acc=0.8014  f1m=0.5728  uplink_kB=190.8  t=2.60s
  round  12/50: acc=0.8392  f1m=0.6824  uplink_kB=190.8  t=2.61s
  round  13/50: acc=0.8096  f1m=0.5427  uplink_kB=190.8  t=2.64s
  round  14/50: acc=0.8117  f1m=0.6244  uplink_kB=190.8  t=2.62s
  round  15/50: acc=0.8598  f1m=0.6966  uplink_kB=190.8  t=2.58s
  round  16/50: acc=0.7978  f1m=0.6067  uplink_kB=190.8  t=2.63s
  round  17/50: acc=0.8506  f1m=0.6925  uplink_kB=190.8  t=2.63s
  round  18/50: acc=0.8200  f1m=0.6233  uplink_kB=190.8  t=2.60s
  round  19/50: acc=0.7970  f1m=0.6080  uplink_kB=190.8  t=2.60s
  round  20/50: acc=0.8205  f1m=0.6412  uplink_kB=190.8  t=2.59s
  round  21/50: acc=0.8041  f1m=0.6157  uplink_kB=190.8  t=2.65s
  round  22/50: acc=0.8391  f1m=0.6989  uplink_kB=190.8  t=2.63s
  round  23/50: acc=0.8383  f1m=0.6477  uplink_kB=190.8  t=2.66s
  round  24/50: acc=0.8526  f1m=0.6997  uplink_kB=190.8  t=2.61s
  round  25/50: acc=0.7868  f1m=0.5668  uplink_kB=190.8  t=2.65s
  round  26/50: acc=0.8403  f1m=0.6533  uplink_kB=190.8  t=2.66s
  round  27/50: acc=0.7612  f1m=0.5861  uplink_kB=190.8  t=2.62s
  round  28/50: acc=0.8503  f1m=0.6925  uplink_kB=190.8  t=2.63s
  round  29/50: acc=0.7727  f1m=0.5954  uplink_kB=190.8  t=2.57s
  round  30/50: acc=0.8256  f1m=0.6384  uplink_kB=190.8  t=2.65s
  round  31/50: acc=0.8494  f1m=0.7179  uplink_kB=190.8  t=2.55s
  round  32/50: acc=0.8234  f1m=0.6379  uplink_kB=190.8  t=2.62s
  round  33/50: acc=0.8107  f1m=0.6735  uplink_kB=190.8  t=2.56s
  round  34/50: acc=0.8547  f1m=0.7048  uplink_kB=190.8  t=2.69s
  round  35/50: acc=0.8200  f1m=0.6693  uplink_kB=190.8  t=2.59s
  round  36/50: acc=0.8277  f1m=0.6217  uplink_kB=190.8  t=2.64s
  round  37/50: acc=0.8240  f1m=0.6147  uplink_kB=190.8  t=2.58s
  round  38/50: acc=0.8515  f1m=0.7355  uplink_kB=190.8  t=2.66s
  round  39/50: acc=0.8235  f1m=0.6605  uplink_kB=190.8  t=2.57s
  round  40/50: acc=0.8310  f1m=0.6993  uplink_kB=190.8  t=2.59s
  round  41/50: acc=0.8253  f1m=0.6855  uplink_kB=190.8  t=2.57s
  round  42/50: acc=0.8027  f1m=0.6173  uplink_kB=190.8  t=2.63s
  round  43/50: acc=0.8530  f1m=0.7114  uplink_kB=190.8  t=2.52s
  round  44/50: acc=0.8292  f1m=0.6569  uplink_kB=190.8  t=2.64s
  round  45/50: acc=0.7826  f1m=0.6148  uplink_kB=190.8  t=2.56s
  round  46/50: acc=0.8033  f1m=0.6450  uplink_kB=190.8  t=2.64s
  round  47/50: acc=0.8406  f1m=0.6822  uplink_kB=190.8  t=2.57s
  round  48/50: acc=0.8183  f1m=0.6873  uplink_kB=190.8  t=2.63s
  round  49/50: acc=0.8309  f1m=0.6521  uplink_kB=190.8  t=2.59s
  round  50/50: acc=0.8285  f1m=0.6496  uplink_kB=190.8  t=2.62s
[run] DONE -> /Users/agentra/Documents/hao/working/paper-lab/hao-paper-2026/iotj-fedkan-ids/repo/results/lrsweep_cseciic_mc50k/lrsweep_kan8_lr0p03__dir0.1__seed42/metrics.json  final_acc=0.8285
