[run] device=cpu  seed=29  out=/Users/agentra/Documents/hao/working/paper-lab/hao-paper-2026/iotj-fedkan-ids/repo/results/lrsweep_cseciic/lrsweep_kan16_lr0p1__dir0.1__seed29
[run] model=kan  params=6,560
  round   1/50: acc=0.2789  f1m=0.2412  uplink_kB=282.0  t=2.51s
  round   2/50: acc=0.7767  f1m=0.7674  uplink_kB=282.0  t=1.99s
  round   3/50: acc=0.5000  f1m=0.3333  uplink_kB=282.0  t=2.78s
  round   4/50: acc=0.9286  f1m=0.9286  uplink_kB=282.0  t=2.21s
  round   5/50: acc=0.5046  f1m=0.3436  uplink_kB=282.0  t=1.94s
  round   6/50: acc=0.6937  f1m=0.6676  uplink_kB=282.0  t=2.00s
  round   7/50: acc=0.5326  f1m=0.4025  uplink_kB=282.0  t=1.82s
  round   8/50: acc=0.8240  f1m=0.8204  uplink_kB=282.0  t=1.87s
  round   9/50: acc=0.8468  f1m=0.8459  uplink_kB=282.0  t=1.94s
  round  10/50: acc=0.5391  f1m=0.4153  uplink_kB=282.0  t=1.84s
  round  11/50: acc=0.8001  f1m=0.7971  uplink_kB=282.0  t=1.84s
  round  12/50: acc=0.5000  f1m=0.3333  uplink_kB=282.0  t=1.82s
  round  13/50: acc=0.9391  f1m=0.9390  uplink_kB=282.0  t=1.89s
  round  14/50: acc=0.5046  f1m=0.3434  uplink_kB=282.0  t=1.85s
  round  15/50: acc=0.9308  f1m=0.9307  uplink_kB=282.0  t=1.95s
  round  16/50: acc=0.8514  f1m=0.8506  uplink_kB=282.0  t=1.92s
  round  17/50: acc=0.8004  f1m=0.7974  uplink_kB=282.0  t=1.87s
  round  18/50: acc=0.9371  f1m=0.9370  uplink_kB=282.0  t=1.84s
  round  19/50: acc=0.5720  f1m=0.5003  uplink_kB=282.0  t=1.81s
  round  20/50: acc=0.8622  f1m=0.8619  uplink_kB=282.0  t=1.88s
  round  21/50: acc=0.6008  f1m=0.5409  uplink_kB=282.0  t=1.90s
  round  22/50: acc=0.8137  f1m=0.8118  uplink_kB=282.0  t=1.97s
  round  23/50: acc=0.8995  f1m=0.8995  uplink_kB=282.0  t=1.91s
  round  24/50: acc=0.9193  f1m=0.9192  uplink_kB=282.0  t=1.93s
  round  25/50: acc=0.7112  f1m=0.6946  uplink_kB=282.0  t=1.86s
  round  26/50: acc=0.9356  f1m=0.9354  uplink_kB=282.0  t=1.88s
  round  27/50: acc=0.8822  f1m=0.8822  uplink_kB=282.0  t=1.94s
  round  28/50: acc=0.6577  f1m=0.6160  uplink_kB=282.0  t=1.95s
  round  29/50: acc=0.9331  f1m=0.9330  uplink_kB=282.0  t=1.90s
  round  30/50: acc=0.7739  f1m=0.7646  uplink_kB=282.0  t=1.98s
  round  31/50: acc=0.6049  f1m=0.5364  uplink_kB=282.0  t=1.88s
  round  32/50: acc=0.9552  f1m=0.9552  uplink_kB=282.0  t=1.84s
  round  33/50: acc=0.5308  f1m=0.4351  uplink_kB=282.0  t=1.95s
  round  34/50: acc=0.9359  f1m=0.9358  uplink_kB=282.0  t=1.89s
  round  35/50: acc=0.6484  f1m=0.6180  uplink_kB=282.0  t=1.94s
  round  36/50: acc=0.9355  f1m=0.9354  uplink_kB=282.0  t=1.87s
  round  37/50: acc=0.9374  f1m=0.9372  uplink_kB=282.0  t=1.88s
  round  38/50: acc=0.9343  f1m=0.9341  uplink_kB=282.0  t=1.98s
  round  39/50: acc=0.9356  f1m=0.9354  uplink_kB=282.0  t=1.96s
  round  40/50: acc=0.9316  f1m=0.9315  uplink_kB=282.0  t=1.95s
  round  41/50: acc=0.9363  f1m=0.9361  uplink_kB=282.0  t=1.96s
  round  42/50: acc=0.9336  f1m=0.9334  uplink_kB=282.0  t=1.90s
  round  43/50: acc=0.9301  f1m=0.9299  uplink_kB=282.0  t=1.98s
  round  44/50: acc=0.9341  f1m=0.9339  uplink_kB=282.0  t=1.98s
  round  45/50: acc=0.9321  f1m=0.9319  uplink_kB=282.0  t=2.00s
  round  46/50: acc=0.9362  f1m=0.9359  uplink_kB=282.0  t=1.92s
  round  47/50: acc=0.9335  f1m=0.9333  uplink_kB=282.0  t=2.06s
  round  48/50: acc=0.9327  f1m=0.9325  uplink_kB=282.0  t=2.08s
  round  49/50: acc=0.9357  f1m=0.9354  uplink_kB=282.0  t=2.22s
  round  50/50: acc=0.5074  f1m=0.3550  uplink_kB=282.0  t=1.99s
[run] DONE -> /Users/agentra/Documents/hao/working/paper-lab/hao-paper-2026/iotj-fedkan-ids/repo/results/lrsweep_cseciic/lrsweep_kan16_lr0p1__dir0.1__seed29/metrics.json  final_acc=0.5074
