[run] device=cpu  seed=43  out=/Users/agentra/Documents/hao/working/paper-lab/hao-paper-2026/iotj-fedkan-ids/repo/results/lrsweep_cseciic_mc50k/lrsweep_mlp80_lr0p001__dir0.1__seed43
[run] model=mlp  params=4,415
  round   1/50: acc=0.1839  f1m=0.0495  uplink_kB=172.5  t=1.98s
  round   2/50: acc=0.2344  f1m=0.1002  uplink_kB=172.5  t=1.02s
  round   3/50: acc=0.3446  f1m=0.1259  uplink_kB=172.5  t=1.07s
  round   4/50: acc=0.3488  f1m=0.1284  uplink_kB=172.5  t=1.01s
  round   5/50: acc=0.3547  f1m=0.1381  uplink_kB=172.5  t=1.08s
  round   6/50: acc=0.3627  f1m=0.1425  uplink_kB=172.5  t=1.04s
  round   7/50: acc=0.3705  f1m=0.1455  uplink_kB=172.5  t=1.07s
  round   8/50: acc=0.3818  f1m=0.1493  uplink_kB=172.5  t=1.03s
  round   9/50: acc=0.3884  f1m=0.1515  uplink_kB=172.5  t=1.10s
  round  10/50: acc=0.4972  f1m=0.2314  uplink_kB=172.5  t=1.05s
  round  11/50: acc=0.5060  f1m=0.2354  uplink_kB=172.5  t=1.04s
  round  12/50: acc=0.5203  f1m=0.2414  uplink_kB=172.5  t=1.04s
  round  13/50: acc=0.5356  f1m=0.3156  uplink_kB=172.5  t=1.11s
  round  14/50: acc=0.5756  f1m=0.3601  uplink_kB=172.5  t=1.04s
  round  15/50: acc=0.5758  f1m=0.3595  uplink_kB=172.5  t=1.10s
  round  16/50: acc=0.5724  f1m=0.3394  uplink_kB=172.5  t=1.00s
  round  17/50: acc=0.5711  f1m=0.3346  uplink_kB=172.5  t=1.04s
  round  18/50: acc=0.5733  f1m=0.3340  uplink_kB=172.5  t=1.04s
  round  19/50: acc=0.5736  f1m=0.3341  uplink_kB=172.5  t=1.12s
  round  20/50: acc=0.5741  f1m=0.3359  uplink_kB=172.5  t=1.03s
  round  21/50: acc=0.5746  f1m=0.3369  uplink_kB=172.5  t=1.07s
  round  22/50: acc=0.5750  f1m=0.3378  uplink_kB=172.5  t=1.01s
  round  23/50: acc=0.5749  f1m=0.3371  uplink_kB=172.5  t=1.05s
  round  24/50: acc=0.5795  f1m=0.3400  uplink_kB=172.5  t=1.03s
  round  25/50: acc=0.5805  f1m=0.3410  uplink_kB=172.5  t=1.12s
  round  26/50: acc=0.5910  f1m=0.3514  uplink_kB=172.5  t=1.04s
  round  27/50: acc=0.5919  f1m=0.3524  uplink_kB=172.5  t=1.12s
  round  28/50: acc=0.5926  f1m=0.3538  uplink_kB=172.5  t=1.05s
  round  29/50: acc=0.5961  f1m=0.3568  uplink_kB=172.5  t=1.11s
  round  30/50: acc=0.5969  f1m=0.3595  uplink_kB=172.5  t=1.00s
  round  31/50: acc=0.5973  f1m=0.3600  uplink_kB=172.5  t=1.17s
  round  32/50: acc=0.5982  f1m=0.3627  uplink_kB=172.5  t=1.05s
  round  33/50: acc=0.5991  f1m=0.3648  uplink_kB=172.5  t=1.10s
  round  34/50: acc=0.5999  f1m=0.3679  uplink_kB=172.5  t=1.10s
  round  35/50: acc=0.6014  f1m=0.3749  uplink_kB=172.5  t=1.00s
  round  36/50: acc=0.6027  f1m=0.3807  uplink_kB=172.5  t=1.09s
  round  37/50: acc=0.6028  f1m=0.3797  uplink_kB=172.5  t=1.02s
  round  38/50: acc=0.6038  f1m=0.3847  uplink_kB=172.5  t=1.13s
  round  39/50: acc=0.6051  f1m=0.3874  uplink_kB=172.5  t=1.06s
  round  40/50: acc=0.6057  f1m=0.3880  uplink_kB=172.5  t=1.07s
  round  41/50: acc=0.6074  f1m=0.3889  uplink_kB=172.5  t=1.04s
  round  42/50: acc=0.6084  f1m=0.3906  uplink_kB=172.5  t=1.09s
  round  43/50: acc=0.6088  f1m=0.3908  uplink_kB=172.5  t=1.07s
  round  44/50: acc=0.6137  f1m=0.4148  uplink_kB=172.5  t=1.06s
  round  45/50: acc=0.6155  f1m=0.4162  uplink_kB=172.5  t=1.03s
  round  46/50: acc=0.6265  f1m=0.4430  uplink_kB=172.5  t=1.10s
  round  47/50: acc=0.6275  f1m=0.4439  uplink_kB=172.5  t=1.05s
  round  48/50: acc=0.6275  f1m=0.4440  uplink_kB=172.5  t=1.05s
  round  49/50: acc=0.6283  f1m=0.4447  uplink_kB=172.5  t=1.02s
  round  50/50: acc=0.6288  f1m=0.4458  uplink_kB=172.5  t=1.07s
[run] DONE -> /Users/agentra/Documents/hao/working/paper-lab/hao-paper-2026/iotj-fedkan-ids/repo/results/lrsweep_cseciic_mc50k/lrsweep_mlp80_lr0p001__dir0.1__seed43/metrics.json  final_acc=0.6288
