[run] device=cpu  seed=42  out=/Users/agentra/Documents/hao/working/paper-lab/hao-paper-2026/iotj-fedkan-ids/repo/results/lrsweep_cseciic_mc50k/lrsweep_mlp80_lr0p001__dir0.1__seed42
[run] model=mlp  params=4,415
  round   1/50: acc=0.2127  f1m=0.0728  uplink_kB=172.5  t=1.56s
  round   2/50: acc=0.2185  f1m=0.0785  uplink_kB=172.5  t=1.02s
  round   3/50: acc=0.3620  f1m=0.1379  uplink_kB=172.5  t=1.10s
  round   4/50: acc=0.3689  f1m=0.1344  uplink_kB=172.5  t=1.06s
  round   5/50: acc=0.4280  f1m=0.1949  uplink_kB=172.5  t=1.10s
  round   6/50: acc=0.4756  f1m=0.2438  uplink_kB=172.5  t=1.07s
  round   7/50: acc=0.4759  f1m=0.2455  uplink_kB=172.5  t=1.10s
  round   8/50: acc=0.4999  f1m=0.2562  uplink_kB=172.5  t=1.03s
  round   9/50: acc=0.5280  f1m=0.2729  uplink_kB=172.5  t=1.08s
  round  10/50: acc=0.5471  f1m=0.2889  uplink_kB=172.5  t=1.04s
  round  11/50: acc=0.5673  f1m=0.3089  uplink_kB=172.5  t=1.10s
  round  12/50: acc=0.5735  f1m=0.3185  uplink_kB=172.5  t=1.04s
  round  13/50: acc=0.5848  f1m=0.3300  uplink_kB=172.5  t=1.13s
  round  14/50: acc=0.5894  f1m=0.3356  uplink_kB=172.5  t=1.05s
  round  15/50: acc=0.5973  f1m=0.3445  uplink_kB=172.5  t=1.24s
  round  16/50: acc=0.6014  f1m=0.3488  uplink_kB=172.5  t=1.33s
  round  17/50: acc=0.6041  f1m=0.3518  uplink_kB=172.5  t=1.20s
  round  18/50: acc=0.6114  f1m=0.3588  uplink_kB=172.5  t=1.14s
  round  19/50: acc=0.6403  f1m=0.3775  uplink_kB=172.5  t=1.18s
  round  20/50: acc=0.6408  f1m=0.3783  uplink_kB=172.5  t=1.14s
  round  21/50: acc=0.6425  f1m=0.3802  uplink_kB=172.5  t=1.22s
  round  22/50: acc=0.6455  f1m=0.3831  uplink_kB=172.5  t=1.32s
  round  23/50: acc=0.6471  f1m=0.3855  uplink_kB=172.5  t=1.23s
  round  24/50: acc=0.6485  f1m=0.3867  uplink_kB=172.5  t=1.02s
  round  25/50: acc=0.6499  f1m=0.3878  uplink_kB=172.5  t=1.09s
  round  26/50: acc=0.6522  f1m=0.3888  uplink_kB=172.5  t=1.09s
  round  27/50: acc=0.6543  f1m=0.3893  uplink_kB=172.5  t=1.14s
  round  28/50: acc=0.6565  f1m=0.3909  uplink_kB=172.5  t=1.04s
  round  29/50: acc=0.6582  f1m=0.3923  uplink_kB=172.5  t=1.10s
  round  30/50: acc=0.6616  f1m=0.3948  uplink_kB=172.5  t=1.04s
  round  31/50: acc=0.6611  f1m=0.3944  uplink_kB=172.5  t=1.05s
  round  32/50: acc=0.6608  f1m=0.3942  uplink_kB=172.5  t=0.99s
  round  33/50: acc=0.6613  f1m=0.3947  uplink_kB=172.5  t=1.06s
  round  34/50: acc=0.6615  f1m=0.3947  uplink_kB=172.5  t=1.06s
  round  35/50: acc=0.6617  f1m=0.3948  uplink_kB=172.5  t=1.08s
  round  36/50: acc=0.6626  f1m=0.3957  uplink_kB=172.5  t=1.03s
  round  37/50: acc=0.6624  f1m=0.3953  uplink_kB=172.5  t=1.06s
  round  38/50: acc=0.6630  f1m=0.3959  uplink_kB=172.5  t=1.09s
  round  39/50: acc=0.6617  f1m=0.3970  uplink_kB=172.5  t=1.02s
  round  40/50: acc=0.6649  f1m=0.3978  uplink_kB=172.5  t=1.06s
  round  41/50: acc=0.6653  f1m=0.3980  uplink_kB=172.5  t=1.03s
  round  42/50: acc=0.6658  f1m=0.3984  uplink_kB=172.5  t=1.11s
  round  43/50: acc=0.6662  f1m=0.3987  uplink_kB=172.5  t=1.05s
  round  44/50: acc=0.6666  f1m=0.3991  uplink_kB=172.5  t=1.08s
  round  45/50: acc=0.6681  f1m=0.4002  uplink_kB=172.5  t=1.05s
  round  46/50: acc=0.6661  f1m=0.3989  uplink_kB=172.5  t=1.11s
  round  47/50: acc=0.6666  f1m=0.3994  uplink_kB=172.5  t=1.08s
  round  48/50: acc=0.6667  f1m=0.3997  uplink_kB=172.5  t=1.13s
  round  49/50: acc=0.6677  f1m=0.4005  uplink_kB=172.5  t=1.05s
  round  50/50: acc=0.6680  f1m=0.4007  uplink_kB=172.5  t=1.14s
[run] DONE -> /Users/agentra/Documents/hao/working/paper-lab/hao-paper-2026/iotj-fedkan-ids/repo/results/lrsweep_cseciic_mc50k/lrsweep_mlp80_lr0p001__dir0.1__seed42/metrics.json  final_acc=0.6680
