[run] device=cpu  seed=2024  out=/Users/agentra/Documents/hao/working/paper-lab/hao-paper-2026/iotj-fedkan-ids/repo/results/lrsweep_toniot/lrsweep_kan8_lr0p01__dir0.1__seed2024
[run] model=kan  params=3,280
  round   1/50: acc=0.7490  f1m=0.7488  uplink_kB=150.2  t=2.08s
  round   2/50: acc=0.8530  f1m=0.8509  uplink_kB=150.2  t=1.62s
  round   3/50: acc=0.8673  f1m=0.8658  uplink_kB=150.2  t=1.59s
  round   4/50: acc=0.8046  f1m=0.7993  uplink_kB=150.2  t=1.60s
  round   5/50: acc=0.8884  f1m=0.8874  uplink_kB=150.2  t=1.59s
  round   6/50: acc=0.8946  f1m=0.8938  uplink_kB=150.2  t=1.57s
  round   7/50: acc=0.9107  f1m=0.9103  uplink_kB=150.2  t=1.61s
  round   8/50: acc=0.9020  f1m=0.9012  uplink_kB=150.2  t=1.61s
  round   9/50: acc=0.9126  f1m=0.9122  uplink_kB=150.2  t=1.60s
  round  10/50: acc=0.9154  f1m=0.9149  uplink_kB=150.2  t=1.61s
  round  11/50: acc=0.9172  f1m=0.9167  uplink_kB=150.2  t=1.57s
  round  12/50: acc=0.9232  f1m=0.9229  uplink_kB=150.2  t=1.52s
  round  13/50: acc=0.9071  f1m=0.9065  uplink_kB=150.2  t=1.59s
  round  14/50: acc=0.9308  f1m=0.9306  uplink_kB=150.2  t=1.63s
  round  15/50: acc=0.9236  f1m=0.9233  uplink_kB=150.2  t=1.60s
  round  16/50: acc=0.9347  f1m=0.9346  uplink_kB=150.2  t=1.62s
  round  17/50: acc=0.9350  f1m=0.9348  uplink_kB=150.2  t=1.60s
  round  18/50: acc=0.9404  f1m=0.9403  uplink_kB=150.2  t=1.60s
  round  19/50: acc=0.9433  f1m=0.9432  uplink_kB=150.2  t=1.54s
  round  20/50: acc=0.9212  f1m=0.9209  uplink_kB=150.2  t=1.63s
  round  21/50: acc=0.9443  f1m=0.9442  uplink_kB=150.2  t=1.61s
  round  22/50: acc=0.9392  f1m=0.9390  uplink_kB=150.2  t=1.60s
  round  23/50: acc=0.9464  f1m=0.9463  uplink_kB=150.2  t=1.62s
  round  24/50: acc=0.9490  f1m=0.9490  uplink_kB=150.2  t=1.60s
  round  25/50: acc=0.9475  f1m=0.9474  uplink_kB=150.2  t=1.61s
  round  26/50: acc=0.9508  f1m=0.9508  uplink_kB=150.2  t=1.60s
  round  27/50: acc=0.9552  f1m=0.9551  uplink_kB=150.2  t=1.62s
  round  28/50: acc=0.9551  f1m=0.9551  uplink_kB=150.2  t=1.60s
  round  29/50: acc=0.9530  f1m=0.9530  uplink_kB=150.2  t=1.62s
  round  30/50: acc=0.9535  f1m=0.9534  uplink_kB=150.2  t=1.58s
  round  31/50: acc=0.9516  f1m=0.9515  uplink_kB=150.2  t=1.62s
  round  32/50: acc=0.9512  f1m=0.9511  uplink_kB=150.2  t=1.54s
  round  33/50: acc=0.9512  f1m=0.9511  uplink_kB=150.2  t=1.61s
  round  34/50: acc=0.9522  f1m=0.9521  uplink_kB=150.2  t=1.59s
  round  35/50: acc=0.9573  f1m=0.9573  uplink_kB=150.2  t=1.63s
  round  36/50: acc=0.9595  f1m=0.9594  uplink_kB=150.2  t=1.62s
  round  37/50: acc=0.9597  f1m=0.9597  uplink_kB=150.2  t=1.57s
  round  38/50: acc=0.9598  f1m=0.9598  uplink_kB=150.2  t=1.57s
  round  39/50: acc=0.9547  f1m=0.9547  uplink_kB=150.2  t=1.61s
  round  40/50: acc=0.9594  f1m=0.9594  uplink_kB=150.2  t=1.58s
  round  41/50: acc=0.9596  f1m=0.9595  uplink_kB=150.2  t=1.59s
  round  42/50: acc=0.9610  f1m=0.9610  uplink_kB=150.2  t=1.61s
  round  43/50: acc=0.9581  f1m=0.9580  uplink_kB=150.2  t=1.61s
  round  44/50: acc=0.9610  f1m=0.9610  uplink_kB=150.2  t=1.58s
  round  45/50: acc=0.9643  f1m=0.9642  uplink_kB=150.2  t=1.57s
  round  46/50: acc=0.9579  f1m=0.9579  uplink_kB=150.2  t=1.59s
  round  47/50: acc=0.9582  f1m=0.9582  uplink_kB=150.2  t=1.63s
  round  48/50: acc=0.9558  f1m=0.9558  uplink_kB=150.2  t=1.63s
  round  49/50: acc=0.9584  f1m=0.9584  uplink_kB=150.2  t=1.59s
  round  50/50: acc=0.9563  f1m=0.9563  uplink_kB=150.2  t=1.52s
[run] DONE -> /Users/agentra/Documents/hao/working/paper-lab/hao-paper-2026/iotj-fedkan-ids/repo/results/lrsweep_toniot/lrsweep_kan8_lr0p01__dir0.1__seed2024/metrics.json  final_acc=0.9563
