[run] device=cpu  seed=17  out=/Users/agentra/Documents/hao/working/paper-lab/hao-paper-2026/iotj-fedkan-ids/repo/results/lrsweep_cseciic_mc/lrsweep_kan8_lr0p0003__dir0.1__seed17
[run] model=kan  params=4,320
  round   1/50: acc=0.1546  f1m=0.0204  uplink_kB=190.8  t=6.20s
  round   2/50: acc=0.1715  f1m=0.0356  uplink_kB=190.8  t=5.45s
  round   3/50: acc=0.2560  f1m=0.0810  uplink_kB=190.8  t=5.64s
  round   4/50: acc=0.2376  f1m=0.0613  uplink_kB=190.8  t=5.51s
  round   5/50: acc=0.2331  f1m=0.0811  uplink_kB=190.8  t=5.57s
  round   6/50: acc=0.2757  f1m=0.1000  uplink_kB=190.8  t=5.47s
  round   7/50: acc=0.3988  f1m=0.1584  uplink_kB=190.8  t=5.52s
  round   8/50: acc=0.4725  f1m=0.1791  uplink_kB=190.8  t=5.51s
  round   9/50: acc=0.4884  f1m=0.1881  uplink_kB=190.8  t=5.44s
  round  10/50: acc=0.5570  f1m=0.2177  uplink_kB=190.8  t=5.47s
  round  11/50: acc=0.5753  f1m=0.2244  uplink_kB=190.8  t=5.68s
  round  12/50: acc=0.5792  f1m=0.2263  uplink_kB=190.8  t=5.50s
  round  13/50: acc=0.5814  f1m=0.2283  uplink_kB=190.8  t=5.53s
  round  14/50: acc=0.5823  f1m=0.2294  uplink_kB=190.8  t=5.53s
  round  15/50: acc=0.5792  f1m=0.2282  uplink_kB=190.8  t=5.50s
  round  16/50: acc=0.5801  f1m=0.2292  uplink_kB=190.8  t=5.59s
  round  17/50: acc=0.5878  f1m=0.2369  uplink_kB=190.8  t=5.55s
  round  18/50: acc=0.5937  f1m=0.2476  uplink_kB=190.8  t=5.45s
  round  19/50: acc=0.6043  f1m=0.2576  uplink_kB=190.8  t=5.58s
  round  20/50: acc=0.6545  f1m=0.2952  uplink_kB=190.8  t=5.50s
  round  21/50: acc=0.7000  f1m=0.3274  uplink_kB=190.8  t=5.53s
  round  22/50: acc=0.7233  f1m=0.3671  uplink_kB=190.8  t=5.59s
  round  23/50: acc=0.7397  f1m=0.3740  uplink_kB=190.8  t=5.63s
  round  24/50: acc=0.7423  f1m=0.3747  uplink_kB=190.8  t=5.76s
  round  25/50: acc=0.7416  f1m=0.3742  uplink_kB=190.8  t=5.57s
  round  26/50: acc=0.7393  f1m=0.3731  uplink_kB=190.8  t=5.47s
  round  27/50: acc=0.7401  f1m=0.3735  uplink_kB=190.8  t=5.53s
  round  28/50: acc=0.7394  f1m=0.3731  uplink_kB=190.8  t=5.47s
  round  29/50: acc=0.7392  f1m=0.3754  uplink_kB=190.8  t=5.49s
  round  30/50: acc=0.7455  f1m=0.3827  uplink_kB=190.8  t=5.61s
  round  31/50: acc=0.7646  f1m=0.3987  uplink_kB=190.8  t=5.59s
  round  32/50: acc=0.7677  f1m=0.4082  uplink_kB=190.8  t=5.44s
  round  33/50: acc=0.7692  f1m=0.4138  uplink_kB=190.8  t=5.35s
  round  34/50: acc=0.7706  f1m=0.4178  uplink_kB=190.8  t=5.59s
  round  35/50: acc=0.7735  f1m=0.4239  uplink_kB=190.8  t=5.52s
  round  36/50: acc=0.7763  f1m=0.4286  uplink_kB=190.8  t=5.51s
  round  37/50: acc=0.7781  f1m=0.4319  uplink_kB=190.8  t=5.59s
  round  38/50: acc=0.7798  f1m=0.4345  uplink_kB=190.8  t=5.62s
  round  39/50: acc=0.7845  f1m=0.4978  uplink_kB=190.8  t=5.61s
  round  40/50: acc=0.7875  f1m=0.5006  uplink_kB=190.8  t=5.70s
  round  41/50: acc=0.7934  f1m=0.5036  uplink_kB=190.8  t=5.67s
  round  42/50: acc=0.7935  f1m=0.5036  uplink_kB=190.8  t=5.48s
  round  43/50: acc=0.7961  f1m=0.5058  uplink_kB=190.8  t=5.57s
  round  44/50: acc=0.8007  f1m=0.5340  uplink_kB=190.8  t=5.56s
  round  45/50: acc=0.8095  f1m=0.5639  uplink_kB=190.8  t=5.48s
  round  46/50: acc=0.8175  f1m=0.5772  uplink_kB=190.8  t=5.68s
  round  47/50: acc=0.8186  f1m=0.5780  uplink_kB=190.8  t=5.60s
  round  48/50: acc=0.8195  f1m=0.5510  uplink_kB=190.8  t=5.46s
  round  49/50: acc=0.8203  f1m=0.5542  uplink_kB=190.8  t=5.80s
  round  50/50: acc=0.8212  f1m=0.5549  uplink_kB=190.8  t=5.55s
[run] DONE -> /Users/agentra/Documents/hao/working/paper-lab/hao-paper-2026/iotj-fedkan-ids/repo/results/lrsweep_cseciic_mc/lrsweep_kan8_lr0p0003__dir0.1__seed17/metrics.json  final_acc=0.8212
