[run] device=cpu  seed=23  out=/Users/agentra/Documents/hao/working/paper-lab/hao-paper-2026/iotj-fedkan-ids/repo/results/lrsweep_botiot/lrsweep_mlp80_lr0p003__dir0.1__seed23
[run] model=mlp  params=3,362
  round   1/50: acc=0.5426  f1m=0.4247  uplink_kB=131.3  t=1.33s
  round   2/50: acc=0.5672  f1m=0.4718  uplink_kB=131.3  t=0.70s
  round   3/50: acc=0.5677  f1m=0.4731  uplink_kB=131.3  t=0.71s
  round   4/50: acc=0.6719  f1m=0.6360  uplink_kB=131.3  t=0.69s
  round   5/50: acc=0.8194  f1m=0.8146  uplink_kB=131.3  t=0.61s
  round   6/50: acc=0.8496  f1m=0.8470  uplink_kB=131.3  t=0.65s
  round   7/50: acc=0.8728  f1m=0.8714  uplink_kB=131.3  t=0.64s
  round   8/50: acc=0.8882  f1m=0.8873  uplink_kB=131.3  t=0.70s
  round   9/50: acc=0.8962  f1m=0.8956  uplink_kB=131.3  t=0.76s
  round  10/50: acc=0.9060  f1m=0.9055  uplink_kB=131.3  t=0.69s
  round  11/50: acc=0.9103  f1m=0.9099  uplink_kB=131.3  t=0.72s
  round  12/50: acc=0.9102  f1m=0.9098  uplink_kB=131.3  t=0.63s
  round  13/50: acc=0.9173  f1m=0.9170  uplink_kB=131.3  t=0.69s
  round  14/50: acc=0.9206  f1m=0.9203  uplink_kB=131.3  t=0.69s
  round  15/50: acc=0.9213  f1m=0.9210  uplink_kB=131.3  t=0.68s
  round  16/50: acc=0.9244  f1m=0.9241  uplink_kB=131.3  t=0.65s
  round  17/50: acc=0.9304  f1m=0.9302  uplink_kB=131.3  t=0.71s
  round  18/50: acc=0.9292  f1m=0.9290  uplink_kB=131.3  t=0.66s
  round  19/50: acc=0.9312  f1m=0.9309  uplink_kB=131.3  t=0.79s
  round  20/50: acc=0.9328  f1m=0.9325  uplink_kB=131.3  t=0.73s
  round  21/50: acc=0.9378  f1m=0.9376  uplink_kB=131.3  t=0.77s
  round  22/50: acc=0.9417  f1m=0.9416  uplink_kB=131.3  t=0.74s
  round  23/50: acc=0.9465  f1m=0.9464  uplink_kB=131.3  t=0.67s
  round  24/50: acc=0.9473  f1m=0.9471  uplink_kB=131.3  t=0.68s
  round  25/50: acc=0.9539  f1m=0.9538  uplink_kB=131.3  t=0.74s
  round  26/50: acc=0.9547  f1m=0.9547  uplink_kB=131.3  t=0.87s
  round  27/50: acc=0.9578  f1m=0.9577  uplink_kB=131.3  t=0.94s
  round  28/50: acc=0.9594  f1m=0.9594  uplink_kB=131.3  t=0.67s
  round  29/50: acc=0.9609  f1m=0.9608  uplink_kB=131.3  t=0.96s
  round  30/50: acc=0.9611  f1m=0.9610  uplink_kB=131.3  t=0.63s
  round  31/50: acc=0.9621  f1m=0.9620  uplink_kB=131.3  t=0.75s
  round  32/50: acc=0.9621  f1m=0.9620  uplink_kB=131.3  t=0.77s
  round  33/50: acc=0.9640  f1m=0.9640  uplink_kB=131.3  t=0.72s
  round  34/50: acc=0.9671  f1m=0.9670  uplink_kB=131.3  t=0.77s
  round  35/50: acc=0.9674  f1m=0.9674  uplink_kB=131.3  t=0.71s
  round  36/50: acc=0.9674  f1m=0.9674  uplink_kB=131.3  t=0.70s
  round  37/50: acc=0.9699  f1m=0.9699  uplink_kB=131.3  t=0.75s
  round  38/50: acc=0.9687  f1m=0.9686  uplink_kB=131.3  t=0.66s
  round  39/50: acc=0.9662  f1m=0.9662  uplink_kB=131.3  t=0.68s
  round  40/50: acc=0.9722  f1m=0.9722  uplink_kB=131.3  t=0.68s
  round  41/50: acc=0.9688  f1m=0.9688  uplink_kB=131.3  t=0.79s
  round  42/50: acc=0.9723  f1m=0.9722  uplink_kB=131.3  t=0.74s
  round  43/50: acc=0.9692  f1m=0.9691  uplink_kB=131.3  t=0.67s
  round  44/50: acc=0.9666  f1m=0.9666  uplink_kB=131.3  t=0.77s
  round  45/50: acc=0.9670  f1m=0.9669  uplink_kB=131.3  t=0.71s
  round  46/50: acc=0.9668  f1m=0.9668  uplink_kB=131.3  t=0.67s
  round  47/50: acc=0.9670  f1m=0.9669  uplink_kB=131.3  t=0.71s
  round  48/50: acc=0.9670  f1m=0.9670  uplink_kB=131.3  t=0.69s
  round  49/50: acc=0.9669  f1m=0.9668  uplink_kB=131.3  t=0.69s
  round  50/50: acc=0.9670  f1m=0.9670  uplink_kB=131.3  t=0.63s
[run] DONE -> /Users/agentra/Documents/hao/working/paper-lab/hao-paper-2026/iotj-fedkan-ids/repo/results/lrsweep_botiot/lrsweep_mlp80_lr0p003__dir0.1__seed23/metrics.json  final_acc=0.9670
