[run] device=cpu  seed=17  out=/Users/agentra/Documents/hao/working/paper-lab/hao-paper-2026/iotj-fedkan-ids/repo/results/lrsweep_cseciic_mc50k/lrsweep_mlp32_lr0p01__dir0.1__seed17
[run] model=mlp  params=1,775
  round   1/50: acc=0.3946  f1m=0.1594  uplink_kB=69.3  t=1.87s
  round   2/50: acc=0.4070  f1m=0.2061  uplink_kB=69.3  t=1.18s
  round   3/50: acc=0.5572  f1m=0.3047  uplink_kB=69.3  t=1.15s
  round   4/50: acc=0.6158  f1m=0.3695  uplink_kB=69.3  t=1.07s
  round   5/50: acc=0.6355  f1m=0.3803  uplink_kB=69.3  t=1.19s
  round   6/50: acc=0.6427  f1m=0.4317  uplink_kB=69.3  t=1.02s
  round   7/50: acc=0.6497  f1m=0.4222  uplink_kB=69.3  t=1.14s
  round   8/50: acc=0.6518  f1m=0.4337  uplink_kB=69.3  t=0.97s
  round   9/50: acc=0.6559  f1m=0.4295  uplink_kB=69.3  t=0.98s
  round  10/50: acc=0.7311  f1m=0.5027  uplink_kB=69.3  t=1.02s
  round  11/50: acc=0.7385  f1m=0.5199  uplink_kB=69.3  t=1.08s
  round  12/50: acc=0.7472  f1m=0.5205  uplink_kB=69.3  t=0.97s
  round  13/50: acc=0.7600  f1m=0.5394  uplink_kB=69.3  t=1.05s
  round  14/50: acc=0.7544  f1m=0.5360  uplink_kB=69.3  t=0.97s
  round  15/50: acc=0.7672  f1m=0.5490  uplink_kB=69.3  t=1.00s
  round  16/50: acc=0.7752  f1m=0.5613  uplink_kB=69.3  t=1.03s
  round  17/50: acc=0.7750  f1m=0.5553  uplink_kB=69.3  t=1.05s
  round  18/50: acc=0.7750  f1m=0.5584  uplink_kB=69.3  t=1.27s
  round  19/50: acc=0.7818  f1m=0.5662  uplink_kB=69.3  t=1.05s
  round  20/50: acc=0.7883  f1m=0.5698  uplink_kB=69.3  t=1.01s
  round  21/50: acc=0.7791  f1m=0.5605  uplink_kB=69.3  t=1.06s
  round  22/50: acc=0.7979  f1m=0.5816  uplink_kB=69.3  t=1.04s
  round  23/50: acc=0.7971  f1m=0.5810  uplink_kB=69.3  t=1.07s
  round  24/50: acc=0.7785  f1m=0.5578  uplink_kB=69.3  t=1.03s
  round  25/50: acc=0.7957  f1m=0.5801  uplink_kB=69.3  t=1.15s
  round  26/50: acc=0.7940  f1m=0.5818  uplink_kB=69.3  t=1.01s
  round  27/50: acc=0.8047  f1m=0.5802  uplink_kB=69.3  t=1.08s
  round  28/50: acc=0.8135  f1m=0.5902  uplink_kB=69.3  t=0.99s
  round  29/50: acc=0.7943  f1m=0.5755  uplink_kB=69.3  t=1.03s
  round  30/50: acc=0.8227  f1m=0.5971  uplink_kB=69.3  t=1.01s
  round  31/50: acc=0.8177  f1m=0.5910  uplink_kB=69.3  t=1.06s
  round  32/50: acc=0.8179  f1m=0.5904  uplink_kB=69.3  t=1.01s
  round  33/50: acc=0.8218  f1m=0.5985  uplink_kB=69.3  t=1.10s
  round  34/50: acc=0.8184  f1m=0.5916  uplink_kB=69.3  t=1.04s
  round  35/50: acc=0.8286  f1m=0.6066  uplink_kB=69.3  t=1.14s
  round  36/50: acc=0.8076  f1m=0.5837  uplink_kB=69.3  t=1.02s
  round  37/50: acc=0.8177  f1m=0.5972  uplink_kB=69.3  t=1.10s
  round  38/50: acc=0.8165  f1m=0.5970  uplink_kB=69.3  t=1.01s
  round  39/50: acc=0.8119  f1m=0.5858  uplink_kB=69.3  t=1.08s
  round  40/50: acc=0.8142  f1m=0.5893  uplink_kB=69.3  t=0.99s
  round  41/50: acc=0.8185  f1m=0.5944  uplink_kB=69.3  t=1.07s
  round  42/50: acc=0.8167  f1m=0.5898  uplink_kB=69.3  t=1.04s
  round  43/50: acc=0.8355  f1m=0.6505  uplink_kB=69.3  t=1.11s
  round  44/50: acc=0.8118  f1m=0.5853  uplink_kB=69.3  t=1.04s
  round  45/50: acc=0.8503  f1m=0.6735  uplink_kB=69.3  t=1.13s
  round  46/50: acc=0.8194  f1m=0.5915  uplink_kB=69.3  t=1.04s
  round  47/50: acc=0.8307  f1m=0.6458  uplink_kB=69.3  t=1.10s
  round  48/50: acc=0.8178  f1m=0.5930  uplink_kB=69.3  t=1.08s
  round  49/50: acc=0.8389  f1m=0.6484  uplink_kB=69.3  t=1.02s
  round  50/50: acc=0.8147  f1m=0.5890  uplink_kB=69.3  t=1.10s
[run] DONE -> /Users/agentra/Documents/hao/working/paper-lab/hao-paper-2026/iotj-fedkan-ids/repo/results/lrsweep_cseciic_mc50k/lrsweep_mlp32_lr0p01__dir0.1__seed17/metrics.json  final_acc=0.8147
