[run] device=cpu  seed=43  out=/Users/agentra/Documents/hao/working/paper-lab/hao-paper-2026/iotj-fedkan-ids/repo/results/lrsweep_toniot/lrsweep_mlp32_lr0p0003__dir0.1__seed43
[run] model=mlp  params=1,346
  round   1/50: acc=0.4219  f1m=0.3722  uplink_kB=52.6  t=1.13s
  round   2/50: acc=0.3611  f1m=0.3458  uplink_kB=52.6  t=0.74s
  round   3/50: acc=0.4223  f1m=0.4223  uplink_kB=52.6  t=0.61s
  round   4/50: acc=0.4201  f1m=0.4197  uplink_kB=52.6  t=0.60s
  round   5/50: acc=0.5186  f1m=0.3961  uplink_kB=52.6  t=0.66s
  round   6/50: acc=0.4904  f1m=0.3326  uplink_kB=52.6  t=0.68s
  round   7/50: acc=0.4925  f1m=0.3335  uplink_kB=52.6  t=0.67s
  round   8/50: acc=0.5006  f1m=0.3348  uplink_kB=52.6  t=0.64s
  round   9/50: acc=0.5065  f1m=0.3479  uplink_kB=52.6  t=0.68s
  round  10/50: acc=0.5107  f1m=0.3570  uplink_kB=52.6  t=0.70s
  round  11/50: acc=0.5122  f1m=0.3606  uplink_kB=52.6  t=0.62s
  round  12/50: acc=0.5133  f1m=0.3630  uplink_kB=52.6  t=0.67s
  round  13/50: acc=0.5139  f1m=0.3645  uplink_kB=52.6  t=0.88s
  round  14/50: acc=0.5142  f1m=0.3667  uplink_kB=52.6  t=0.89s
  round  15/50: acc=0.5188  f1m=0.3771  uplink_kB=52.6  t=0.77s
  round  16/50: acc=0.5249  f1m=0.3900  uplink_kB=52.6  t=0.66s
  round  17/50: acc=0.5300  f1m=0.4008  uplink_kB=52.6  t=0.65s
  round  18/50: acc=0.5344  f1m=0.4101  uplink_kB=52.6  t=0.73s
  round  19/50: acc=0.5428  f1m=0.4284  uplink_kB=52.6  t=0.80s
  round  20/50: acc=0.5484  f1m=0.4500  uplink_kB=52.6  t=0.68s
  round  21/50: acc=0.5528  f1m=0.4663  uplink_kB=52.6  t=0.67s
  round  22/50: acc=0.5570  f1m=0.4767  uplink_kB=52.6  t=0.69s
  round  23/50: acc=0.5747  f1m=0.5092  uplink_kB=52.6  t=0.67s
  round  24/50: acc=0.5863  f1m=0.5310  uplink_kB=52.6  t=0.63s
  round  25/50: acc=0.6038  f1m=0.5588  uplink_kB=52.6  t=0.68s
  round  26/50: acc=0.6169  f1m=0.5817  uplink_kB=52.6  t=0.68s
  round  27/50: acc=0.6259  f1m=0.5948  uplink_kB=52.6  t=0.67s
  round  28/50: acc=0.6339  f1m=0.6062  uplink_kB=52.6  t=0.66s
  round  29/50: acc=0.6380  f1m=0.6120  uplink_kB=52.6  t=0.66s
  round  30/50: acc=0.6383  f1m=0.6132  uplink_kB=52.6  t=0.68s
  round  31/50: acc=0.6401  f1m=0.6157  uplink_kB=52.6  t=0.69s
  round  32/50: acc=0.6408  f1m=0.6172  uplink_kB=52.6  t=0.66s
  round  33/50: acc=0.6462  f1m=0.6244  uplink_kB=52.6  t=0.64s
  round  34/50: acc=0.6492  f1m=0.6285  uplink_kB=52.6  t=0.66s
  round  35/50: acc=0.6560  f1m=0.6375  uplink_kB=52.6  t=0.64s
  round  36/50: acc=0.6563  f1m=0.6382  uplink_kB=52.6  t=0.65s
  round  37/50: acc=0.6563  f1m=0.6382  uplink_kB=52.6  t=0.65s
  round  38/50: acc=0.6555  f1m=0.6377  uplink_kB=52.6  t=0.62s
  round  39/50: acc=0.6539  f1m=0.6364  uplink_kB=52.6  t=0.64s
  round  40/50: acc=0.6534  f1m=0.6360  uplink_kB=52.6  t=0.65s
  round  41/50: acc=0.6532  f1m=0.6362  uplink_kB=52.6  t=0.66s
  round  42/50: acc=0.6526  f1m=0.6359  uplink_kB=52.6  t=0.67s
  round  43/50: acc=0.6526  f1m=0.6366  uplink_kB=52.6  t=0.66s
  round  44/50: acc=0.6547  f1m=0.6392  uplink_kB=52.6  t=0.64s
  round  45/50: acc=0.6563  f1m=0.6411  uplink_kB=52.6  t=0.65s
  round  46/50: acc=0.6574  f1m=0.6425  uplink_kB=52.6  t=0.61s
  round  47/50: acc=0.6578  f1m=0.6432  uplink_kB=52.6  t=0.64s
  round  48/50: acc=0.6652  f1m=0.6520  uplink_kB=52.6  t=0.64s
  round  49/50: acc=0.6769  f1m=0.6659  uplink_kB=52.6  t=0.65s
  round  50/50: acc=0.6833  f1m=0.6734  uplink_kB=52.6  t=0.66s
[run] DONE -> /Users/agentra/Documents/hao/working/paper-lab/hao-paper-2026/iotj-fedkan-ids/repo/results/lrsweep_toniot/lrsweep_mlp32_lr0p0003__dir0.1__seed43/metrics.json  final_acc=0.6833
