[run] device=cpu  seed=23  out=/Users/agentra/Documents/hao/working/paper-lab/hao-paper-2026/iotj-fedkan-ids/repo/results/lrsweep_cseciic/lrsweep_kan16_lr0p001__dir0.1__seed23
[run] model=kan  params=6,560
  round   1/50: acc=0.8133  f1m=0.8105  uplink_kB=282.0  t=2.46s
  round   2/50: acc=0.8982  f1m=0.8981  uplink_kB=282.0  t=1.89s
  round   3/50: acc=0.9126  f1m=0.9124  uplink_kB=282.0  t=1.90s
  round   4/50: acc=0.9161  f1m=0.9158  uplink_kB=282.0  t=1.92s
  round   5/50: acc=0.9175  f1m=0.9172  uplink_kB=282.0  t=1.83s
  round   6/50: acc=0.9201  f1m=0.9199  uplink_kB=282.0  t=1.91s
  round   7/50: acc=0.9291  f1m=0.9290  uplink_kB=282.0  t=1.90s
  round   8/50: acc=0.9287  f1m=0.9286  uplink_kB=282.0  t=1.92s
  round   9/50: acc=0.9357  f1m=0.9357  uplink_kB=282.0  t=1.93s
  round  10/50: acc=0.9496  f1m=0.9496  uplink_kB=282.0  t=1.88s
  round  11/50: acc=0.9545  f1m=0.9545  uplink_kB=282.0  t=1.89s
  round  12/50: acc=0.9550  f1m=0.9550  uplink_kB=282.0  t=1.86s
  round  13/50: acc=0.9565  f1m=0.9565  uplink_kB=282.0  t=1.91s
  round  14/50: acc=0.9577  f1m=0.9577  uplink_kB=282.0  t=1.90s
  round  15/50: acc=0.9578  f1m=0.9578  uplink_kB=282.0  t=1.89s
  round  16/50: acc=0.9590  f1m=0.9589  uplink_kB=282.0  t=1.87s
  round  17/50: acc=0.9636  f1m=0.9636  uplink_kB=282.0  t=1.92s
  round  18/50: acc=0.9643  f1m=0.9643  uplink_kB=282.0  t=1.85s
  round  19/50: acc=0.9647  f1m=0.9647  uplink_kB=282.0  t=1.92s
  round  20/50: acc=0.9653  f1m=0.9652  uplink_kB=282.0  t=1.89s
  round  21/50: acc=0.9656  f1m=0.9656  uplink_kB=282.0  t=1.88s
  round  22/50: acc=0.9656  f1m=0.9656  uplink_kB=282.0  t=1.90s
  round  23/50: acc=0.9677  f1m=0.9677  uplink_kB=282.0  t=1.89s
  round  24/50: acc=0.9679  f1m=0.9679  uplink_kB=282.0  t=1.89s
  round  25/50: acc=0.9672  f1m=0.9672  uplink_kB=282.0  t=1.85s
  round  26/50: acc=0.9676  f1m=0.9676  uplink_kB=282.0  t=1.91s
  round  27/50: acc=0.9688  f1m=0.9687  uplink_kB=282.0  t=1.90s
  round  28/50: acc=0.9701  f1m=0.9701  uplink_kB=282.0  t=2.19s
  round  29/50: acc=0.9702  f1m=0.9702  uplink_kB=282.0  t=2.33s
  round  30/50: acc=0.9705  f1m=0.9705  uplink_kB=282.0  t=1.96s
  round  31/50: acc=0.9715  f1m=0.9715  uplink_kB=282.0  t=2.02s
  round  32/50: acc=0.9703  f1m=0.9703  uplink_kB=282.0  t=1.95s
  round  33/50: acc=0.9710  f1m=0.9710  uplink_kB=282.0  t=1.92s
  round  34/50: acc=0.9716  f1m=0.9716  uplink_kB=282.0  t=2.07s
  round  35/50: acc=0.9719  f1m=0.9719  uplink_kB=282.0  t=1.90s
  round  36/50: acc=0.9722  f1m=0.9722  uplink_kB=282.0  t=1.95s
  round  37/50: acc=0.9721  f1m=0.9720  uplink_kB=282.0  t=1.98s
  round  38/50: acc=0.9720  f1m=0.9720  uplink_kB=282.0  t=1.87s
  round  39/50: acc=0.9724  f1m=0.9724  uplink_kB=282.0  t=1.82s
  round  40/50: acc=0.9727  f1m=0.9727  uplink_kB=282.0  t=1.88s
  round  41/50: acc=0.9727  f1m=0.9727  uplink_kB=282.0  t=1.97s
  round  42/50: acc=0.9727  f1m=0.9727  uplink_kB=282.0  t=1.90s
  round  43/50: acc=0.9728  f1m=0.9728  uplink_kB=282.0  t=1.92s
  round  44/50: acc=0.9730  f1m=0.9730  uplink_kB=282.0  t=1.91s
  round  45/50: acc=0.9730  f1m=0.9730  uplink_kB=282.0  t=1.84s
  round  46/50: acc=0.9731  f1m=0.9731  uplink_kB=282.0  t=1.93s
  round  47/50: acc=0.9733  f1m=0.9733  uplink_kB=282.0  t=1.89s
  round  48/50: acc=0.9733  f1m=0.9733  uplink_kB=282.0  t=1.95s
  round  49/50: acc=0.9735  f1m=0.9735  uplink_kB=282.0  t=2.02s
  round  50/50: acc=0.9735  f1m=0.9735  uplink_kB=282.0  t=1.97s
[run] DONE -> /Users/agentra/Documents/hao/working/paper-lab/hao-paper-2026/iotj-fedkan-ids/repo/results/lrsweep_cseciic/lrsweep_kan16_lr0p001__dir0.1__seed23/metrics.json  final_acc=0.9735
