[run] device=cpu  seed=29  out=/Users/agentra/Documents/hao/working/paper-lab/hao-paper-2026/iotj-fedkan-ids/repo/results/mc_toniot/mc_mlp80_lr0p01__dir0.1__seed29
[run] model=mlp  params=4,010
  round   1/50: acc=0.3910  f1m=0.2911  uplink_kB=156.6  t=1.80s
  round   2/50: acc=0.4459  f1m=0.3048  uplink_kB=156.6  t=1.24s
  round   3/50: acc=0.5002  f1m=0.3698  uplink_kB=156.6  t=1.29s
  round   4/50: acc=0.5220  f1m=0.3976  uplink_kB=156.6  t=1.17s
  round   5/50: acc=0.5407  f1m=0.4277  uplink_kB=156.6  t=1.20s
  round   6/50: acc=0.5893  f1m=0.5147  uplink_kB=156.6  t=1.16s
  round   7/50: acc=0.5791  f1m=0.5115  uplink_kB=156.6  t=1.11s
  round   8/50: acc=0.6113  f1m=0.5374  uplink_kB=156.6  t=1.24s
  round   9/50: acc=0.6169  f1m=0.5355  uplink_kB=156.6  t=1.14s
  round  10/50: acc=0.6051  f1m=0.5429  uplink_kB=156.6  t=1.25s
  round  11/50: acc=0.6238  f1m=0.5457  uplink_kB=156.6  t=1.17s
  round  12/50: acc=0.6049  f1m=0.5227  uplink_kB=156.6  t=1.19s
  round  13/50: acc=0.6155  f1m=0.5329  uplink_kB=156.6  t=1.22s
  round  14/50: acc=0.6067  f1m=0.5673  uplink_kB=156.6  t=1.22s
  round  15/50: acc=0.6093  f1m=0.5310  uplink_kB=156.6  t=1.20s
  round  16/50: acc=0.6197  f1m=0.5902  uplink_kB=156.6  t=1.30s
  round  17/50: acc=0.6052  f1m=0.5291  uplink_kB=156.6  t=1.22s
  round  18/50: acc=0.6306  f1m=0.6016  uplink_kB=156.6  t=1.21s
  round  19/50: acc=0.6318  f1m=0.5912  uplink_kB=156.6  t=1.18s
  round  20/50: acc=0.6331  f1m=0.5995  uplink_kB=156.6  t=1.22s
  round  21/50: acc=0.6302  f1m=0.6017  uplink_kB=156.6  t=1.19s
  round  22/50: acc=0.6482  f1m=0.6062  uplink_kB=156.6  t=1.19s
  round  23/50: acc=0.6281  f1m=0.5982  uplink_kB=156.6  t=1.25s
  round  24/50: acc=0.6477  f1m=0.6103  uplink_kB=156.6  t=1.31s
  round  25/50: acc=0.6410  f1m=0.6122  uplink_kB=156.6  t=1.20s
  round  26/50: acc=0.6404  f1m=0.6064  uplink_kB=156.6  t=1.22s
  round  27/50: acc=0.6385  f1m=0.6106  uplink_kB=156.6  t=1.18s
  round  28/50: acc=0.6632  f1m=0.6545  uplink_kB=156.6  t=1.22s
  round  29/50: acc=0.6483  f1m=0.6309  uplink_kB=156.6  t=1.25s
  round  30/50: acc=0.6591  f1m=0.6288  uplink_kB=156.6  t=1.19s
  round  31/50: acc=0.6734  f1m=0.6536  uplink_kB=156.6  t=1.27s
  round  32/50: acc=0.7027  f1m=0.6855  uplink_kB=156.6  t=1.17s
  round  33/50: acc=0.7293  f1m=0.7068  uplink_kB=156.6  t=1.15s
  round  34/50: acc=0.6276  f1m=0.6120  uplink_kB=156.6  t=1.22s
  round  35/50: acc=0.6771  f1m=0.6545  uplink_kB=156.6  t=1.27s
  round  36/50: acc=0.6550  f1m=0.6371  uplink_kB=156.6  t=1.23s
  round  37/50: acc=0.7393  f1m=0.7178  uplink_kB=156.6  t=1.19s
  round  38/50: acc=0.7210  f1m=0.7026  uplink_kB=156.6  t=1.16s
  round  39/50: acc=0.7630  f1m=0.7438  uplink_kB=156.6  t=1.24s
  round  40/50: acc=0.7070  f1m=0.6892  uplink_kB=156.6  t=1.17s
  round  41/50: acc=0.7411  f1m=0.7213  uplink_kB=156.6  t=1.49s
  round  42/50: acc=0.7657  f1m=0.7518  uplink_kB=156.6  t=1.34s
  round  43/50: acc=0.7733  f1m=0.7506  uplink_kB=156.6  t=1.19s
  round  44/50: acc=0.7122  f1m=0.6945  uplink_kB=156.6  t=1.18s
  round  45/50: acc=0.7670  f1m=0.7447  uplink_kB=156.6  t=1.18s
  round  46/50: acc=0.7200  f1m=0.7031  uplink_kB=156.6  t=1.24s
  round  47/50: acc=0.7994  f1m=0.7788  uplink_kB=156.6  t=1.18s
  round  48/50: acc=0.7443  f1m=0.7219  uplink_kB=156.6  t=1.23s
  round  49/50: acc=0.7587  f1m=0.7354  uplink_kB=156.6  t=1.12s
  round  50/50: acc=0.7472  f1m=0.7191  uplink_kB=156.6  t=1.14s
[run] DONE -> /Users/agentra/Documents/hao/working/paper-lab/hao-paper-2026/iotj-fedkan-ids/repo/results/mc_toniot/mc_mlp80_lr0p01__dir0.1__seed29/metrics.json  final_acc=0.7472
