[run] device=cpu  seed=23  out=/Users/agentra/Documents/hao/working/paper-lab/hao-paper-2026/iotj-fedkan-ids/repo/results/lrsweep_botiot/lrsweep_mlp32_lr0p0003__dir0.1__seed23
[run] model=mlp  params=1,346
  round   1/50: acc=0.4989  f1m=0.3328  uplink_kB=52.6  t=1.31s
  round   2/50: acc=0.4989  f1m=0.3328  uplink_kB=52.6  t=0.71s
  round   3/50: acc=0.4989  f1m=0.3328  uplink_kB=52.6  t=0.67s
  round   4/50: acc=0.4803  f1m=0.3279  uplink_kB=52.6  t=0.71s
  round   5/50: acc=0.9404  f1m=0.9404  uplink_kB=52.6  t=0.62s
  round   6/50: acc=0.9148  f1m=0.9148  uplink_kB=52.6  t=0.66s
  round   7/50: acc=0.9186  f1m=0.9185  uplink_kB=52.6  t=0.72s
  round   8/50: acc=0.9158  f1m=0.9157  uplink_kB=52.6  t=0.93s
  round   9/50: acc=0.9151  f1m=0.9150  uplink_kB=52.6  t=0.80s
  round  10/50: acc=0.9149  f1m=0.9148  uplink_kB=52.6  t=0.79s
  round  11/50: acc=0.9147  f1m=0.9146  uplink_kB=52.6  t=0.74s
  round  12/50: acc=0.9147  f1m=0.9146  uplink_kB=52.6  t=0.64s
  round  13/50: acc=0.8897  f1m=0.8893  uplink_kB=52.6  t=0.77s
  round  14/50: acc=0.8913  f1m=0.8908  uplink_kB=52.6  t=0.68s
  round  15/50: acc=0.8912  f1m=0.8908  uplink_kB=52.6  t=0.66s
  round  16/50: acc=0.8915  f1m=0.8911  uplink_kB=52.6  t=0.68s
  round  17/50: acc=0.8922  f1m=0.8918  uplink_kB=52.6  t=0.70s
  round  18/50: acc=0.8928  f1m=0.8924  uplink_kB=52.6  t=0.61s
  round  19/50: acc=0.8874  f1m=0.8869  uplink_kB=52.6  t=0.68s
  round  20/50: acc=0.8876  f1m=0.8871  uplink_kB=52.6  t=0.73s
  round  21/50: acc=0.8876  f1m=0.8871  uplink_kB=52.6  t=0.71s
  round  22/50: acc=0.8878  f1m=0.8873  uplink_kB=52.6  t=0.71s
  round  23/50: acc=0.8879  f1m=0.8874  uplink_kB=52.6  t=0.66s
  round  24/50: acc=0.8880  f1m=0.8876  uplink_kB=52.6  t=0.69s
  round  25/50: acc=0.8885  f1m=0.8880  uplink_kB=52.6  t=0.66s
  round  26/50: acc=0.8886  f1m=0.8881  uplink_kB=52.6  t=0.67s
  round  27/50: acc=0.8888  f1m=0.8883  uplink_kB=52.6  t=0.70s
  round  28/50: acc=0.8890  f1m=0.8885  uplink_kB=52.6  t=0.66s
  round  29/50: acc=0.8891  f1m=0.8887  uplink_kB=52.6  t=0.68s
  round  30/50: acc=0.8898  f1m=0.8893  uplink_kB=52.6  t=0.61s
  round  31/50: acc=0.8898  f1m=0.8894  uplink_kB=52.6  t=0.68s
  round  32/50: acc=0.8899  f1m=0.8895  uplink_kB=52.6  t=0.66s
  round  33/50: acc=0.8899  f1m=0.8895  uplink_kB=52.6  t=0.68s
  round  34/50: acc=0.8899  f1m=0.8895  uplink_kB=52.6  t=0.72s
  round  35/50: acc=0.8901  f1m=0.8896  uplink_kB=52.6  t=0.67s
  round  36/50: acc=0.8902  f1m=0.8898  uplink_kB=52.6  t=0.71s
  round  37/50: acc=0.8904  f1m=0.8899  uplink_kB=52.6  t=0.63s
  round  38/50: acc=0.8905  f1m=0.8900  uplink_kB=52.6  t=0.68s
  round  39/50: acc=0.8906  f1m=0.8901  uplink_kB=52.6  t=0.67s
  round  40/50: acc=0.8907  f1m=0.8902  uplink_kB=52.6  t=0.69s
  round  41/50: acc=0.8909  f1m=0.8904  uplink_kB=52.6  t=0.71s
  round  42/50: acc=0.8909  f1m=0.8904  uplink_kB=52.6  t=0.79s
  round  43/50: acc=0.8911  f1m=0.8907  uplink_kB=52.6  t=0.64s
  round  44/50: acc=0.8911  f1m=0.8907  uplink_kB=52.6  t=0.67s
  round  45/50: acc=0.8912  f1m=0.8908  uplink_kB=52.6  t=0.70s
  round  46/50: acc=0.8912  f1m=0.8908  uplink_kB=52.6  t=0.70s
  round  47/50: acc=0.8913  f1m=0.8909  uplink_kB=52.6  t=0.69s
  round  48/50: acc=0.8914  f1m=0.8910  uplink_kB=52.6  t=0.67s
  round  49/50: acc=0.8915  f1m=0.8911  uplink_kB=52.6  t=0.65s
  round  50/50: acc=0.8916  f1m=0.8912  uplink_kB=52.6  t=0.65s
[run] DONE -> /Users/agentra/Documents/hao/working/paper-lab/hao-paper-2026/iotj-fedkan-ids/repo/results/lrsweep_botiot/lrsweep_mlp32_lr0p0003__dir0.1__seed23/metrics.json  final_acc=0.8916
