[run] device=cpu  seed=29  out=/Users/agentra/Documents/hao/working/paper-lab/hao-paper-2026/iotj-fedkan-ids/repo/results/lrsweep_toniot/lrsweep_kan8_lr0p03__dir0.1__seed29
[run] model=kan  params=3,280
  round   1/50: acc=0.5071  f1m=0.3547  uplink_kB=150.2  t=2.09s
  round   2/50: acc=0.6406  f1m=0.6005  uplink_kB=150.2  t=1.60s
  round   3/50: acc=0.8433  f1m=0.8402  uplink_kB=150.2  t=1.62s
  round   4/50: acc=0.8514  f1m=0.8493  uplink_kB=150.2  t=1.62s
  round   5/50: acc=0.8748  f1m=0.8731  uplink_kB=150.2  t=1.53s
  round   6/50: acc=0.8424  f1m=0.8387  uplink_kB=150.2  t=1.61s
  round   7/50: acc=0.7676  f1m=0.7549  uplink_kB=150.2  t=1.60s
  round   8/50: acc=0.7740  f1m=0.7622  uplink_kB=150.2  t=1.62s
  round   9/50: acc=0.8504  f1m=0.8474  uplink_kB=150.2  t=1.61s
  round  10/50: acc=0.7794  f1m=0.7685  uplink_kB=150.2  t=1.62s
  round  11/50: acc=0.8712  f1m=0.8703  uplink_kB=150.2  t=1.59s
  round  12/50: acc=0.8475  f1m=0.8440  uplink_kB=150.2  t=1.54s
  round  13/50: acc=0.8786  f1m=0.8772  uplink_kB=150.2  t=1.64s
  round  14/50: acc=0.8744  f1m=0.8731  uplink_kB=150.2  t=1.60s
  round  15/50: acc=0.8884  f1m=0.8874  uplink_kB=150.2  t=1.61s
  round  16/50: acc=0.8458  f1m=0.8423  uplink_kB=150.2  t=1.58s
  round  17/50: acc=0.8636  f1m=0.8613  uplink_kB=150.2  t=1.60s
  round  18/50: acc=0.8695  f1m=0.8675  uplink_kB=150.2  t=1.61s
  round  19/50: acc=0.8727  f1m=0.8707  uplink_kB=150.2  t=1.57s
  round  20/50: acc=0.8789  f1m=0.8772  uplink_kB=150.2  t=1.63s
  round  21/50: acc=0.8870  f1m=0.8858  uplink_kB=150.2  t=1.65s
  round  22/50: acc=0.8707  f1m=0.8687  uplink_kB=150.2  t=1.62s
  round  23/50: acc=0.8830  f1m=0.8816  uplink_kB=150.2  t=1.62s
  round  24/50: acc=0.8793  f1m=0.8777  uplink_kB=150.2  t=1.60s
  round  25/50: acc=0.8859  f1m=0.8846  uplink_kB=150.2  t=1.54s
  round  26/50: acc=0.9004  f1m=0.8995  uplink_kB=150.2  t=1.60s
  round  27/50: acc=0.8887  f1m=0.8874  uplink_kB=150.2  t=1.60s
  round  28/50: acc=0.8922  f1m=0.8910  uplink_kB=150.2  t=1.59s
  round  29/50: acc=0.8753  f1m=0.8736  uplink_kB=150.2  t=1.62s
  round  30/50: acc=0.8782  f1m=0.8765  uplink_kB=150.2  t=1.61s
  round  31/50: acc=0.8807  f1m=0.8792  uplink_kB=150.2  t=1.60s
  round  32/50: acc=0.8896  f1m=0.8883  uplink_kB=150.2  t=1.58s
  round  33/50: acc=0.9010  f1m=0.9002  uplink_kB=150.2  t=1.59s
  round  34/50: acc=0.9007  f1m=0.8997  uplink_kB=150.2  t=1.59s
  round  35/50: acc=0.8868  f1m=0.8855  uplink_kB=150.2  t=1.61s
  round  36/50: acc=0.8986  f1m=0.8976  uplink_kB=150.2  t=1.61s
  round  37/50: acc=0.8732  f1m=0.8712  uplink_kB=150.2  t=1.63s
  round  38/50: acc=0.8778  f1m=0.8760  uplink_kB=150.2  t=1.53s
  round  39/50: acc=0.8863  f1m=0.8849  uplink_kB=150.2  t=1.60s
  round  40/50: acc=0.9010  f1m=0.9001  uplink_kB=150.2  t=1.62s
  round  41/50: acc=0.8819  f1m=0.8804  uplink_kB=150.2  t=1.59s
  round  42/50: acc=0.8956  f1m=0.8945  uplink_kB=150.2  t=1.62s
  round  43/50: acc=0.8834  f1m=0.8819  uplink_kB=150.2  t=1.62s
  round  44/50: acc=0.9193  f1m=0.9189  uplink_kB=150.2  t=1.59s
  round  45/50: acc=0.8947  f1m=0.8936  uplink_kB=150.2  t=1.60s
  round  46/50: acc=0.9055  f1m=0.9048  uplink_kB=150.2  t=1.56s
  round  47/50: acc=0.8901  f1m=0.8889  uplink_kB=150.2  t=1.59s
  round  48/50: acc=0.8834  f1m=0.8819  uplink_kB=150.2  t=1.60s
  round  49/50: acc=0.9128  f1m=0.9122  uplink_kB=150.2  t=1.61s
  round  50/50: acc=0.9035  f1m=0.9027  uplink_kB=150.2  t=1.61s
[run] DONE -> /Users/agentra/Documents/hao/working/paper-lab/hao-paper-2026/iotj-fedkan-ids/repo/results/lrsweep_toniot/lrsweep_kan8_lr0p03__dir0.1__seed29/metrics.json  final_acc=0.9035
