[run] device=cpu  seed=11  out=/Users/agentra/Documents/hao/working/paper-lab/hao-paper-2026/iotj-fedkan-ids/repo/results/lrsweep_cseciic/lrsweep_kan16_lr0p0003__dir0.1__seed11
[run] model=kan  params=6,560
  round   1/50: acc=0.5000  f1m=0.3333  uplink_kB=282.0  t=2.72s
  round   2/50: acc=0.5000  f1m=0.3333  uplink_kB=282.0  t=1.98s
  round   3/50: acc=0.5000  f1m=0.3333  uplink_kB=282.0  t=2.06s
  round   4/50: acc=0.5000  f1m=0.3333  uplink_kB=282.0  t=2.05s
  round   5/50: acc=0.5000  f1m=0.3333  uplink_kB=282.0  t=2.10s
  round   6/50: acc=0.5000  f1m=0.3333  uplink_kB=282.0  t=1.99s
  round   7/50: acc=0.5000  f1m=0.3333  uplink_kB=282.0  t=2.18s
  round   8/50: acc=0.5000  f1m=0.3333  uplink_kB=282.0  t=1.98s
  round   9/50: acc=0.5000  f1m=0.3333  uplink_kB=282.0  t=1.90s
  round  10/50: acc=0.5000  f1m=0.3333  uplink_kB=282.0  t=1.96s
  round  11/50: acc=0.5000  f1m=0.3333  uplink_kB=282.0  t=1.96s
  round  12/50: acc=0.5000  f1m=0.3333  uplink_kB=282.0  t=2.11s
  round  13/50: acc=0.5000  f1m=0.3333  uplink_kB=282.0  t=1.98s
  round  14/50: acc=0.5000  f1m=0.3333  uplink_kB=282.0  t=2.17s
  round  15/50: acc=0.5000  f1m=0.3333  uplink_kB=282.0  t=2.07s
  round  16/50: acc=0.5001  f1m=0.3335  uplink_kB=282.0  t=1.93s
  round  17/50: acc=0.5461  f1m=0.4285  uplink_kB=282.0  t=2.04s
  round  18/50: acc=0.6330  f1m=0.5761  uplink_kB=282.0  t=1.90s
  round  19/50: acc=0.6777  f1m=0.6406  uplink_kB=282.0  t=1.93s
  round  20/50: acc=0.7275  f1m=0.7059  uplink_kB=282.0  t=2.00s
  round  21/50: acc=0.7667  f1m=0.7536  uplink_kB=282.0  t=2.01s
  round  22/50: acc=0.7931  f1m=0.7842  uplink_kB=282.0  t=2.00s
  round  23/50: acc=0.8069  f1m=0.7998  uplink_kB=282.0  t=2.05s
  round  24/50: acc=0.8262  f1m=0.8212  uplink_kB=282.0  t=1.89s
  round  25/50: acc=0.8404  f1m=0.8367  uplink_kB=282.0  t=1.85s
  round  26/50: acc=0.8911  f1m=0.8900  uplink_kB=282.0  t=1.94s
  round  27/50: acc=0.8987  f1m=0.8979  uplink_kB=282.0  t=1.93s
  round  28/50: acc=0.9183  f1m=0.9180  uplink_kB=282.0  t=1.97s
  round  29/50: acc=0.9213  f1m=0.9210  uplink_kB=282.0  t=1.97s
  round  30/50: acc=0.9210  f1m=0.9207  uplink_kB=282.0  t=1.91s
  round  31/50: acc=0.9201  f1m=0.9198  uplink_kB=282.0  t=1.79s
  round  32/50: acc=0.9199  f1m=0.9196  uplink_kB=282.0  t=1.93s
  round  33/50: acc=0.9197  f1m=0.9194  uplink_kB=282.0  t=1.94s
  round  34/50: acc=0.9196  f1m=0.9193  uplink_kB=282.0  t=1.93s
  round  35/50: acc=0.9195  f1m=0.9192  uplink_kB=282.0  t=2.02s
  round  36/50: acc=0.9193  f1m=0.9190  uplink_kB=282.0  t=1.95s
  round  37/50: acc=0.9193  f1m=0.9191  uplink_kB=282.0  t=1.92s
  round  38/50: acc=0.9187  f1m=0.9185  uplink_kB=282.0  t=1.87s
  round  39/50: acc=0.9187  f1m=0.9184  uplink_kB=282.0  t=1.88s
  round  40/50: acc=0.9185  f1m=0.9182  uplink_kB=282.0  t=1.94s
  round  41/50: acc=0.9184  f1m=0.9181  uplink_kB=282.0  t=1.87s
  round  42/50: acc=0.9183  f1m=0.9180  uplink_kB=282.0  t=1.92s
  round  43/50: acc=0.9182  f1m=0.9179  uplink_kB=282.0  t=1.97s
  round  44/50: acc=0.9182  f1m=0.9179  uplink_kB=282.0  t=1.84s
  round  45/50: acc=0.9180  f1m=0.9177  uplink_kB=282.0  t=1.93s
  round  46/50: acc=0.9182  f1m=0.9179  uplink_kB=282.0  t=1.94s
  round  47/50: acc=0.9181  f1m=0.9178  uplink_kB=282.0  t=1.89s
  round  48/50: acc=0.9183  f1m=0.9180  uplink_kB=282.0  t=1.96s
  round  49/50: acc=0.9183  f1m=0.9180  uplink_kB=282.0  t=1.98s
  round  50/50: acc=0.9181  f1m=0.9178  uplink_kB=282.0  t=1.88s
[run] DONE -> /Users/agentra/Documents/hao/working/paper-lab/hao-paper-2026/iotj-fedkan-ids/repo/results/lrsweep_cseciic/lrsweep_kan16_lr0p0003__dir0.1__seed11/metrics.json  final_acc=0.9181
