[run] device=cpu  seed=31  out=/Users/agentra/Documents/hao/working/paper-lab/hao-paper-2026/iotj-fedkan-ids/repo/results/lrsweep_cseciic_mc50k/lrsweep_mlp32_lr0p03__dir0.1__seed31
[run] model=mlp  params=1,775
  round   1/50: acc=0.3209  f1m=0.1299  uplink_kB=69.3  t=1.57s
  round   2/50: acc=0.5347  f1m=0.2461  uplink_kB=69.3  t=1.04s
  round   3/50: acc=0.6617  f1m=0.3474  uplink_kB=69.3  t=1.08s
  round   4/50: acc=0.7166  f1m=0.4077  uplink_kB=69.3  t=1.00s
  round   5/50: acc=0.7262  f1m=0.4144  uplink_kB=69.3  t=1.04s
  round   6/50: acc=0.7329  f1m=0.4176  uplink_kB=69.3  t=1.06s
  round   7/50: acc=0.7417  f1m=0.4833  uplink_kB=69.3  t=1.02s
  round   8/50: acc=0.7613  f1m=0.4967  uplink_kB=69.3  t=1.01s
  round   9/50: acc=0.7793  f1m=0.5463  uplink_kB=69.3  t=1.05s
  round  10/50: acc=0.7878  f1m=0.5675  uplink_kB=69.3  t=1.02s
  round  11/50: acc=0.7702  f1m=0.5580  uplink_kB=69.3  t=1.04s
  round  12/50: acc=0.7966  f1m=0.5809  uplink_kB=69.3  t=0.99s
  round  13/50: acc=0.7819  f1m=0.5766  uplink_kB=69.3  t=1.10s
  round  14/50: acc=0.7957  f1m=0.5794  uplink_kB=69.3  t=1.02s
  round  15/50: acc=0.7799  f1m=0.5782  uplink_kB=69.3  t=1.08s
  round  16/50: acc=0.8161  f1m=0.6375  uplink_kB=69.3  t=1.13s
  round  17/50: acc=0.7736  f1m=0.5684  uplink_kB=69.3  t=1.06s
  round  18/50: acc=0.8244  f1m=0.6016  uplink_kB=69.3  t=1.08s
  round  19/50: acc=0.8048  f1m=0.5944  uplink_kB=69.3  t=1.11s
  round  20/50: acc=0.8126  f1m=0.6140  uplink_kB=69.3  t=1.06s
  round  21/50: acc=0.8015  f1m=0.6065  uplink_kB=69.3  t=1.02s
  round  22/50: acc=0.8175  f1m=0.6136  uplink_kB=69.3  t=1.08s
  round  23/50: acc=0.8046  f1m=0.6425  uplink_kB=69.3  t=1.03s
  round  24/50: acc=0.8270  f1m=0.6530  uplink_kB=69.3  t=1.02s
  round  25/50: acc=0.7857  f1m=0.5854  uplink_kB=69.3  t=0.96s
  round  26/50: acc=0.8177  f1m=0.6102  uplink_kB=69.3  t=1.08s
  round  27/50: acc=0.8150  f1m=0.6212  uplink_kB=69.3  t=1.05s
  round  28/50: acc=0.8311  f1m=0.6607  uplink_kB=69.3  t=1.08s
  round  29/50: acc=0.8640  f1m=0.7102  uplink_kB=69.3  t=1.05s
  round  30/50: acc=0.8034  f1m=0.6122  uplink_kB=69.3  t=1.00s
  round  31/50: acc=0.8380  f1m=0.6371  uplink_kB=69.3  t=1.03s
  round  32/50: acc=0.8615  f1m=0.7102  uplink_kB=69.3  t=1.00s
  round  33/50: acc=0.8298  f1m=0.6271  uplink_kB=69.3  t=1.07s
  round  34/50: acc=0.8705  f1m=0.7173  uplink_kB=69.3  t=1.10s
  round  35/50: acc=0.8583  f1m=0.7025  uplink_kB=69.3  t=1.04s
  round  36/50: acc=0.8588  f1m=0.7022  uplink_kB=69.3  t=1.07s
  round  37/50: acc=0.8092  f1m=0.6662  uplink_kB=69.3  t=0.95s
  round  38/50: acc=0.8361  f1m=0.6663  uplink_kB=69.3  t=0.95s
  round  39/50: acc=0.8544  f1m=0.7127  uplink_kB=69.3  t=1.10s
  round  40/50: acc=0.8701  f1m=0.7018  uplink_kB=69.3  t=1.07s
  round  41/50: acc=0.8597  f1m=0.7320  uplink_kB=69.3  t=1.03s
  round  42/50: acc=0.8899  f1m=0.7348  uplink_kB=69.3  t=1.10s
  round  43/50: acc=0.8514  f1m=0.7104  uplink_kB=69.3  t=1.03s
  round  44/50: acc=0.8560  f1m=0.7067  uplink_kB=69.3  t=1.09s
  round  45/50: acc=0.8468  f1m=0.7049  uplink_kB=69.3  t=1.00s
  round  46/50: acc=0.8661  f1m=0.7255  uplink_kB=69.3  t=1.07s
  round  47/50: acc=0.8411  f1m=0.6783  uplink_kB=69.3  t=1.05s
  round  48/50: acc=0.8674  f1m=0.7306  uplink_kB=69.3  t=1.05s
  round  49/50: acc=0.8423  f1m=0.6793  uplink_kB=69.3  t=0.99s
  round  50/50: acc=0.8622  f1m=0.6931  uplink_kB=69.3  t=1.05s
[run] DONE -> /Users/agentra/Documents/hao/working/paper-lab/hao-paper-2026/iotj-fedkan-ids/repo/results/lrsweep_cseciic_mc50k/lrsweep_mlp32_lr0p03__dir0.1__seed31/metrics.json  final_acc=0.8622
