[run] device=cpu  seed=42  out=/Users/agentra/Documents/hao/working/paper-lab/hao-paper-2026/iotj-fedkan-ids/repo/results/lrsweep_botiot/lrsweep_kan16_lr0p003__dir0.1__seed42
[run] model=kan  params=6,560
  round   1/50: acc=0.8124  f1m=0.8061  uplink_kB=282.0  t=2.61s
  round   2/50: acc=0.9636  f1m=0.9636  uplink_kB=282.0  t=2.16s
  round   3/50: acc=0.9652  f1m=0.9652  uplink_kB=282.0  t=1.96s
  round   4/50: acc=0.9676  f1m=0.9676  uplink_kB=282.0  t=1.95s
  round   5/50: acc=0.9701  f1m=0.9700  uplink_kB=282.0  t=1.90s
  round   6/50: acc=0.9722  f1m=0.9721  uplink_kB=282.0  t=1.87s
  round   7/50: acc=0.9731  f1m=0.9731  uplink_kB=282.0  t=1.95s
  round   8/50: acc=0.9733  f1m=0.9733  uplink_kB=282.0  t=1.95s
  round   9/50: acc=0.9734  f1m=0.9734  uplink_kB=282.0  t=1.90s
  round  10/50: acc=0.9734  f1m=0.9734  uplink_kB=282.0  t=1.90s
  round  11/50: acc=0.9736  f1m=0.9736  uplink_kB=282.0  t=1.89s
  round  12/50: acc=0.9736  f1m=0.9735  uplink_kB=282.0  t=1.88s
  round  13/50: acc=0.9736  f1m=0.9736  uplink_kB=282.0  t=1.89s
  round  14/50: acc=0.9739  f1m=0.9739  uplink_kB=282.0  t=1.88s
  round  15/50: acc=0.9740  f1m=0.9740  uplink_kB=282.0  t=1.86s
  round  16/50: acc=0.9751  f1m=0.9751  uplink_kB=282.0  t=1.92s
  round  17/50: acc=0.9739  f1m=0.9739  uplink_kB=282.0  t=1.92s
  round  18/50: acc=0.9750  f1m=0.9750  uplink_kB=282.0  t=1.80s
  round  19/50: acc=0.9751  f1m=0.9751  uplink_kB=282.0  t=1.88s
  round  20/50: acc=0.9751  f1m=0.9751  uplink_kB=282.0  t=1.95s
  round  21/50: acc=0.9753  f1m=0.9753  uplink_kB=282.0  t=1.95s
  round  22/50: acc=0.9752  f1m=0.9751  uplink_kB=282.0  t=1.91s
  round  23/50: acc=0.9753  f1m=0.9753  uplink_kB=282.0  t=1.95s
  round  24/50: acc=0.9752  f1m=0.9752  uplink_kB=282.0  t=1.89s
  round  25/50: acc=0.9753  f1m=0.9753  uplink_kB=282.0  t=1.81s
  round  26/50: acc=0.9754  f1m=0.9753  uplink_kB=282.0  t=1.91s
  round  27/50: acc=0.9754  f1m=0.9754  uplink_kB=282.0  t=1.90s
  round  28/50: acc=0.9753  f1m=0.9753  uplink_kB=282.0  t=1.85s
  round  29/50: acc=0.9753  f1m=0.9753  uplink_kB=282.0  t=1.93s
  round  30/50: acc=0.9755  f1m=0.9755  uplink_kB=282.0  t=1.87s
  round  31/50: acc=0.9754  f1m=0.9754  uplink_kB=282.0  t=1.91s
  round  32/50: acc=0.9752  f1m=0.9752  uplink_kB=282.0  t=1.90s
  round  33/50: acc=0.9752  f1m=0.9752  uplink_kB=282.0  t=1.89s
  round  34/50: acc=0.9756  f1m=0.9756  uplink_kB=282.0  t=1.86s
  round  35/50: acc=0.9967  f1m=0.9967  uplink_kB=282.0  t=1.91s
  round  36/50: acc=0.9757  f1m=0.9757  uplink_kB=282.0  t=1.92s
  round  37/50: acc=0.9757  f1m=0.9757  uplink_kB=282.0  t=1.87s
  round  38/50: acc=0.9759  f1m=0.9759  uplink_kB=282.0  t=1.95s
  round  39/50: acc=0.9761  f1m=0.9761  uplink_kB=282.0  t=1.85s
  round  40/50: acc=0.9973  f1m=0.9973  uplink_kB=282.0  t=1.88s
  round  41/50: acc=0.9970  f1m=0.9970  uplink_kB=282.0  t=1.91s
  round  42/50: acc=0.9969  f1m=0.9969  uplink_kB=282.0  t=1.98s
  round  43/50: acc=0.9970  f1m=0.9970  uplink_kB=282.0  t=1.90s
  round  44/50: acc=0.9970  f1m=0.9970  uplink_kB=282.0  t=1.89s
  round  45/50: acc=0.9971  f1m=0.9971  uplink_kB=282.0  t=1.88s
  round  46/50: acc=0.9973  f1m=0.9973  uplink_kB=282.0  t=1.84s
  round  47/50: acc=0.9973  f1m=0.9973  uplink_kB=282.0  t=1.97s
  round  48/50: acc=0.9975  f1m=0.9975  uplink_kB=282.0  t=1.99s
  round  49/50: acc=0.9973  f1m=0.9973  uplink_kB=282.0  t=1.91s
  round  50/50: acc=0.9975  f1m=0.9975  uplink_kB=282.0  t=1.94s
[run] DONE -> /Users/agentra/Documents/hao/working/paper-lab/hao-paper-2026/iotj-fedkan-ids/repo/results/lrsweep_botiot/lrsweep_kan16_lr0p003__dir0.1__seed42/metrics.json  final_acc=0.9975
