[run] device=cpu  seed=43  out=/Users/agentra/Documents/hao/working/paper-lab/hao-paper-2026/iotj-fedkan-ids/repo/results/sensitivity_botiot/sens_G3__dir0.1__seed43
[run] model=kan  params=2,624
  round   1/50: acc=0.5359  f1m=0.4069  uplink_kB=120.9  t=2.66s
  round   2/50: acc=0.7080  f1m=0.6805  uplink_kB=120.9  t=1.87s
  round   3/50: acc=0.7179  f1m=0.6933  uplink_kB=120.9  t=1.66s
  round   4/50: acc=0.7221  f1m=0.6986  uplink_kB=120.9  t=1.73s
  round   5/50: acc=0.7941  f1m=0.7849  uplink_kB=120.9  t=1.67s
  round   6/50: acc=0.7974  f1m=0.7886  uplink_kB=120.9  t=1.67s
  round   7/50: acc=0.7992  f1m=0.7907  uplink_kB=120.9  t=1.81s
  round   8/50: acc=0.7968  f1m=0.7880  uplink_kB=120.9  t=1.68s
  round   9/50: acc=0.8272  f1m=0.8218  uplink_kB=120.9  t=1.67s
  round  10/50: acc=0.8142  f1m=0.8075  uplink_kB=120.9  t=1.72s
  round  11/50: acc=0.8500  f1m=0.8465  uplink_kB=120.9  t=1.70s
  round  12/50: acc=0.8635  f1m=0.8609  uplink_kB=120.9  t=2.00s
  round  13/50: acc=0.9055  f1m=0.9046  uplink_kB=120.9  t=1.73s
  round  14/50: acc=0.9420  f1m=0.9420  uplink_kB=120.9  t=1.70s
  round  15/50: acc=0.8788  f1m=0.8771  uplink_kB=120.9  t=1.72s
  round  16/50: acc=0.9084  f1m=0.9082  uplink_kB=120.9  t=1.68s
  round  17/50: acc=0.9608  f1m=0.9608  uplink_kB=120.9  t=1.66s
  round  18/50: acc=0.9418  f1m=0.9418  uplink_kB=120.9  t=1.68s
  round  19/50: acc=0.9621  f1m=0.9621  uplink_kB=120.9  t=1.69s
  round  20/50: acc=0.9443  f1m=0.9443  uplink_kB=120.9  t=1.68s
  round  21/50: acc=0.9706  f1m=0.9706  uplink_kB=120.9  t=1.73s
  round  22/50: acc=0.9425  f1m=0.9424  uplink_kB=120.9  t=1.69s
  round  23/50: acc=0.9447  f1m=0.9447  uplink_kB=120.9  t=1.69s
  round  24/50: acc=0.9706  f1m=0.9706  uplink_kB=120.9  t=1.63s
  round  25/50: acc=0.9086  f1m=0.9079  uplink_kB=120.9  t=1.65s
  round  26/50: acc=0.9699  f1m=0.9699  uplink_kB=120.9  t=1.70s
  round  27/50: acc=0.9526  f1m=0.9526  uplink_kB=120.9  t=1.69s
  round  28/50: acc=0.9523  f1m=0.9523  uplink_kB=120.9  t=1.67s
  round  29/50: acc=0.9630  f1m=0.9630  uplink_kB=120.9  t=1.65s
  round  30/50: acc=0.9631  f1m=0.9631  uplink_kB=120.9  t=1.74s
  round  31/50: acc=0.9533  f1m=0.9533  uplink_kB=120.9  t=1.62s
  round  32/50: acc=0.9515  f1m=0.9515  uplink_kB=120.9  t=1.71s
  round  33/50: acc=0.9638  f1m=0.9638  uplink_kB=120.9  t=1.76s
  round  34/50: acc=0.9640  f1m=0.9640  uplink_kB=120.9  t=1.66s
  round  35/50: acc=0.9634  f1m=0.9634  uplink_kB=120.9  t=1.65s
  round  36/50: acc=0.9709  f1m=0.9709  uplink_kB=120.9  t=1.73s
  round  37/50: acc=0.9638  f1m=0.9638  uplink_kB=120.9  t=1.65s
  round  38/50: acc=0.9638  f1m=0.9638  uplink_kB=120.9  t=1.66s
  round  39/50: acc=0.9711  f1m=0.9711  uplink_kB=120.9  t=1.70s
  round  40/50: acc=0.9165  f1m=0.9160  uplink_kB=120.9  t=1.65s
  round  41/50: acc=0.9704  f1m=0.9704  uplink_kB=120.9  t=1.70s
  round  42/50: acc=0.9246  f1m=0.9242  uplink_kB=120.9  t=1.73s
  round  43/50: acc=0.9361  f1m=0.9358  uplink_kB=120.9  t=1.68s
  round  44/50: acc=0.9250  f1m=0.9246  uplink_kB=120.9  t=1.62s
  round  45/50: acc=0.9345  f1m=0.9342  uplink_kB=120.9  t=1.70s
  round  46/50: acc=0.9267  f1m=0.9263  uplink_kB=120.9  t=1.63s
  round  47/50: acc=0.9266  f1m=0.9262  uplink_kB=120.9  t=1.66s
  round  48/50: acc=0.9351  f1m=0.9349  uplink_kB=120.9  t=1.66s
  round  49/50: acc=0.9270  f1m=0.9266  uplink_kB=120.9  t=1.71s
  round  50/50: acc=0.9370  f1m=0.9368  uplink_kB=120.9  t=1.76s
[run] DONE -> /Users/agentra/Documents/hao/working/paper-lab/hao-paper-2026/iotj-fedkan-ids/repo/results/sensitivity_botiot/sens_G3__dir0.1__seed43/metrics.json  final_acc=0.9370
