[run] device=cpu  seed=37  out=/Users/agentra/Documents/hao/working/paper-lab/hao-paper-2026/iotj-fedkan-ids/repo/results/lrsweep_botiot/lrsweep_kan8_lr0p0003__dir0.1__seed37
[run] model=kan  params=3,280
  round   1/50: acc=0.4989  f1m=0.3328  uplink_kB=150.2  t=2.17s
  round   2/50: acc=0.4989  f1m=0.3328  uplink_kB=150.2  t=1.79s
  round   3/50: acc=0.4989  f1m=0.3328  uplink_kB=150.2  t=1.59s
  round   4/50: acc=0.4985  f1m=0.3327  uplink_kB=150.2  t=1.61s
  round   5/50: acc=0.5049  f1m=0.3503  uplink_kB=150.2  t=1.57s
  round   6/50: acc=0.7906  f1m=0.7827  uplink_kB=150.2  t=1.64s
  round   7/50: acc=0.7893  f1m=0.7840  uplink_kB=150.2  t=1.66s
  round   8/50: acc=0.8780  f1m=0.8775  uplink_kB=150.2  t=1.61s
  round   9/50: acc=0.9183  f1m=0.9183  uplink_kB=150.2  t=1.58s
  round  10/50: acc=0.9345  f1m=0.9345  uplink_kB=150.2  t=1.64s
  round  11/50: acc=0.9381  f1m=0.9381  uplink_kB=150.2  t=1.67s
  round  12/50: acc=0.9385  f1m=0.9385  uplink_kB=150.2  t=1.64s
  round  13/50: acc=0.9388  f1m=0.9388  uplink_kB=150.2  t=1.61s
  round  14/50: acc=0.9389  f1m=0.9389  uplink_kB=150.2  t=1.65s
  round  15/50: acc=0.9390  f1m=0.9390  uplink_kB=150.2  t=1.65s
  round  16/50: acc=0.9376  f1m=0.9376  uplink_kB=150.2  t=1.64s
  round  17/50: acc=0.9398  f1m=0.9398  uplink_kB=150.2  t=1.68s
  round  18/50: acc=0.9403  f1m=0.9403  uplink_kB=150.2  t=1.69s
  round  19/50: acc=0.9418  f1m=0.9418  uplink_kB=150.2  t=1.70s
  round  20/50: acc=0.9496  f1m=0.9496  uplink_kB=150.2  t=1.56s
  round  21/50: acc=0.9505  f1m=0.9505  uplink_kB=150.2  t=1.73s
  round  22/50: acc=0.9512  f1m=0.9512  uplink_kB=150.2  t=1.66s
  round  23/50: acc=0.9554  f1m=0.9554  uplink_kB=150.2  t=1.67s
  round  24/50: acc=0.9568  f1m=0.9567  uplink_kB=150.2  t=1.70s
  round  25/50: acc=0.9607  f1m=0.9607  uplink_kB=150.2  t=1.67s
  round  26/50: acc=0.9611  f1m=0.9611  uplink_kB=150.2  t=1.64s
  round  27/50: acc=0.9619  f1m=0.9619  uplink_kB=150.2  t=1.71s
  round  28/50: acc=0.9624  f1m=0.9624  uplink_kB=150.2  t=1.70s
  round  29/50: acc=0.9632  f1m=0.9631  uplink_kB=150.2  t=1.67s
  round  30/50: acc=0.9637  f1m=0.9637  uplink_kB=150.2  t=1.66s
  round  31/50: acc=0.9648  f1m=0.9647  uplink_kB=150.2  t=1.70s
  round  32/50: acc=0.9674  f1m=0.9674  uplink_kB=150.2  t=1.65s
  round  33/50: acc=0.9684  f1m=0.9684  uplink_kB=150.2  t=1.73s
  round  34/50: acc=0.9652  f1m=0.9652  uplink_kB=150.2  t=1.63s
  round  35/50: acc=0.9677  f1m=0.9677  uplink_kB=150.2  t=1.67s
  round  36/50: acc=0.9677  f1m=0.9677  uplink_kB=150.2  t=1.69s
  round  37/50: acc=0.9699  f1m=0.9699  uplink_kB=150.2  t=1.63s
  round  38/50: acc=0.9700  f1m=0.9700  uplink_kB=150.2  t=1.73s
  round  39/50: acc=0.9700  f1m=0.9700  uplink_kB=150.2  t=1.64s
  round  40/50: acc=0.9700  f1m=0.9700  uplink_kB=150.2  t=1.73s
  round  41/50: acc=0.9700  f1m=0.9700  uplink_kB=150.2  t=1.58s
  round  42/50: acc=0.9700  f1m=0.9700  uplink_kB=150.2  t=1.69s
  round  43/50: acc=0.9700  f1m=0.9700  uplink_kB=150.2  t=1.71s
  round  44/50: acc=0.9700  f1m=0.9700  uplink_kB=150.2  t=1.64s
  round  45/50: acc=0.9700  f1m=0.9700  uplink_kB=150.2  t=1.62s
  round  46/50: acc=0.9700  f1m=0.9700  uplink_kB=150.2  t=1.57s
  round  47/50: acc=0.9700  f1m=0.9700  uplink_kB=150.2  t=1.66s
  round  48/50: acc=0.9710  f1m=0.9710  uplink_kB=150.2  t=1.65s
  round  49/50: acc=0.9710  f1m=0.9710  uplink_kB=150.2  t=1.68s
  round  50/50: acc=0.9710  f1m=0.9710  uplink_kB=150.2  t=1.64s
[run] DONE -> /Users/agentra/Documents/hao/working/paper-lab/hao-paper-2026/iotj-fedkan-ids/repo/results/lrsweep_botiot/lrsweep_kan8_lr0p0003__dir0.1__seed37/metrics.json  final_acc=0.9710
