[run] device=cpu  seed=29  out=/Users/agentra/Documents/hao/working/paper-lab/hao-paper-2026/iotj-fedkan-ids/repo/results/sensitivity_botiot/sens_k5__dir0.1__seed29
[run] model=kan  params=3,936
  round   1/50: acc=0.5082  f1m=0.3494  uplink_kB=183.1  t=3.51s
  round   2/50: acc=0.5065  f1m=0.3457  uplink_kB=183.1  t=2.67s
  round   3/50: acc=0.5095  f1m=0.3523  uplink_kB=183.1  t=2.63s
  round   4/50: acc=0.5832  f1m=0.4944  uplink_kB=183.1  t=2.66s
  round   5/50: acc=0.6894  f1m=0.6557  uplink_kB=183.1  t=2.63s
  round   6/50: acc=0.7029  f1m=0.6738  uplink_kB=183.1  t=2.64s
  round   7/50: acc=0.7084  f1m=0.6810  uplink_kB=183.1  t=2.72s
  round   8/50: acc=0.7962  f1m=0.7874  uplink_kB=183.1  t=2.57s
  round   9/50: acc=0.8038  f1m=0.7962  uplink_kB=183.1  t=2.61s
  round  10/50: acc=0.8068  f1m=0.7996  uplink_kB=183.1  t=2.71s
  round  11/50: acc=0.8080  f1m=0.8010  uplink_kB=183.1  t=2.62s
  round  12/50: acc=0.8089  f1m=0.8020  uplink_kB=183.1  t=2.67s
  round  13/50: acc=0.8107  f1m=0.8041  uplink_kB=183.1  t=2.77s
  round  14/50: acc=0.8102  f1m=0.8035  uplink_kB=183.1  t=2.73s
  round  15/50: acc=0.8107  f1m=0.8041  uplink_kB=183.1  t=2.68s
  round  16/50: acc=0.8119  f1m=0.8054  uplink_kB=183.1  t=2.78s
  round  17/50: acc=0.8115  f1m=0.8049  uplink_kB=183.1  t=2.65s
  round  18/50: acc=0.8120  f1m=0.8055  uplink_kB=183.1  t=2.79s
  round  19/50: acc=0.8121  f1m=0.8056  uplink_kB=183.1  t=2.71s
  round  20/50: acc=0.8121  f1m=0.8056  uplink_kB=183.1  t=2.74s
  round  21/50: acc=0.8126  f1m=0.8062  uplink_kB=183.1  t=2.68s
  round  22/50: acc=0.8127  f1m=0.8063  uplink_kB=183.1  t=2.65s
  round  23/50: acc=0.8136  f1m=0.8073  uplink_kB=183.1  t=2.67s
  round  24/50: acc=0.8136  f1m=0.8073  uplink_kB=183.1  t=2.85s
  round  25/50: acc=0.8137  f1m=0.8073  uplink_kB=183.1  t=2.68s
  round  26/50: acc=0.8140  f1m=0.8077  uplink_kB=183.1  t=2.87s
  round  27/50: acc=0.8141  f1m=0.8078  uplink_kB=183.1  t=2.71s
  round  28/50: acc=0.8144  f1m=0.8081  uplink_kB=183.1  t=2.51s
  round  29/50: acc=0.8140  f1m=0.8078  uplink_kB=183.1  t=2.67s
  round  30/50: acc=0.8143  f1m=0.8081  uplink_kB=183.1  t=2.77s
  round  31/50: acc=0.8141  f1m=0.8078  uplink_kB=183.1  t=2.78s
  round  32/50: acc=0.8150  f1m=0.8088  uplink_kB=183.1  t=2.83s
  round  33/50: acc=0.8141  f1m=0.8078  uplink_kB=183.1  t=2.68s
  round  34/50: acc=0.8143  f1m=0.8080  uplink_kB=183.1  t=2.81s
  round  35/50: acc=0.8143  f1m=0.8080  uplink_kB=183.1  t=2.90s
  round  36/50: acc=0.8143  f1m=0.8080  uplink_kB=183.1  t=2.80s
  round  37/50: acc=0.8145  f1m=0.8083  uplink_kB=183.1  t=2.67s
  round  38/50: acc=0.8145  f1m=0.8082  uplink_kB=183.1  t=2.65s
  round  39/50: acc=0.8148  f1m=0.8086  uplink_kB=183.1  t=2.73s
  round  40/50: acc=0.8145  f1m=0.8082  uplink_kB=183.1  t=2.87s
  round  41/50: acc=0.8146  f1m=0.8084  uplink_kB=183.1  t=2.71s
  round  42/50: acc=0.8147  f1m=0.8085  uplink_kB=183.1  t=2.73s
  round  43/50: acc=0.8146  f1m=0.8084  uplink_kB=183.1  t=2.69s
  round  44/50: acc=0.8145  f1m=0.8082  uplink_kB=183.1  t=2.91s
  round  45/50: acc=0.8139  f1m=0.8076  uplink_kB=183.1  t=2.71s
  round  46/50: acc=0.8142  f1m=0.8079  uplink_kB=183.1  t=2.70s
  round  47/50: acc=0.8150  f1m=0.8087  uplink_kB=183.1  t=2.66s
  round  48/50: acc=0.8150  f1m=0.8087  uplink_kB=183.1  t=2.71s
  round  49/50: acc=0.8144  f1m=0.8080  uplink_kB=183.1  t=2.69s
  round  50/50: acc=0.8144  f1m=0.8080  uplink_kB=183.1  t=2.72s
[run] DONE -> /Users/agentra/Documents/hao/working/paper-lab/hao-paper-2026/iotj-fedkan-ids/repo/results/sensitivity_botiot/sens_k5__dir0.1__seed29/metrics.json  final_acc=0.8144
