[run] device=cpu  seed=112  out=/Users/agentra/Documents/hao/working/paper-lab/hao-paper-2026/iotj-fedkan-ids/repo/results/lrsweep_cseciic/lrsweep_mlp80_lr0p01__dir0.1__seed112
[run] model=mlp  params=3,362
  round   1/50: acc=0.9125  f1m=0.9124  uplink_kB=131.3  t=1.36s
  round   2/50: acc=0.7706  f1m=0.7627  uplink_kB=131.3  t=0.78s
  round   3/50: acc=0.7888  f1m=0.7830  uplink_kB=131.3  t=0.80s
  round   4/50: acc=0.8133  f1m=0.8098  uplink_kB=131.3  t=0.77s
  round   5/50: acc=0.8657  f1m=0.8648  uplink_kB=131.3  t=0.79s
  round   6/50: acc=0.9015  f1m=0.9013  uplink_kB=131.3  t=0.76s
  round   7/50: acc=0.8912  f1m=0.8911  uplink_kB=131.3  t=0.80s
  round   8/50: acc=0.9085  f1m=0.9085  uplink_kB=131.3  t=0.82s
  round   9/50: acc=0.9034  f1m=0.9034  uplink_kB=131.3  t=0.79s
  round  10/50: acc=0.9084  f1m=0.9084  uplink_kB=131.3  t=0.78s
  round  11/50: acc=0.9266  f1m=0.9266  uplink_kB=131.3  t=0.82s
  round  12/50: acc=0.9123  f1m=0.9123  uplink_kB=131.3  t=0.79s
  round  13/50: acc=0.9259  f1m=0.9258  uplink_kB=131.3  t=0.73s
  round  14/50: acc=0.9133  f1m=0.9133  uplink_kB=131.3  t=0.77s
  round  15/50: acc=0.9285  f1m=0.9285  uplink_kB=131.3  t=0.78s
  round  16/50: acc=0.9277  f1m=0.9277  uplink_kB=131.3  t=0.78s
  round  17/50: acc=0.9275  f1m=0.9275  uplink_kB=131.3  t=0.77s
  round  18/50: acc=0.9315  f1m=0.9315  uplink_kB=131.3  t=0.70s
  round  19/50: acc=0.9283  f1m=0.9282  uplink_kB=131.3  t=0.78s
  round  20/50: acc=0.9321  f1m=0.9321  uplink_kB=131.3  t=0.77s
  round  21/50: acc=0.9297  f1m=0.9297  uplink_kB=131.3  t=0.78s
  round  22/50: acc=0.9302  f1m=0.9302  uplink_kB=131.3  t=0.77s
  round  23/50: acc=0.9304  f1m=0.9303  uplink_kB=131.3  t=0.79s
  round  24/50: acc=0.9318  f1m=0.9317  uplink_kB=131.3  t=0.78s
  round  25/50: acc=0.9323  f1m=0.9323  uplink_kB=131.3  t=0.73s
  round  26/50: acc=0.9382  f1m=0.9381  uplink_kB=131.3  t=0.79s
  round  27/50: acc=0.9389  f1m=0.9389  uplink_kB=131.3  t=0.77s
  round  28/50: acc=0.9388  f1m=0.9388  uplink_kB=131.3  t=0.81s
  round  29/50: acc=0.9397  f1m=0.9396  uplink_kB=131.3  t=0.78s
  round  30/50: acc=0.9407  f1m=0.9406  uplink_kB=131.3  t=0.78s
  round  31/50: acc=0.9597  f1m=0.9597  uplink_kB=131.3  t=0.82s
  round  32/50: acc=0.9606  f1m=0.9606  uplink_kB=131.3  t=0.81s
  round  33/50: acc=0.9603  f1m=0.9603  uplink_kB=131.3  t=0.75s
  round  34/50: acc=0.9615  f1m=0.9615  uplink_kB=131.3  t=0.89s
  round  35/50: acc=0.9602  f1m=0.9602  uplink_kB=131.3  t=0.80s
  round  36/50: acc=0.9598  f1m=0.9598  uplink_kB=131.3  t=0.80s
  round  37/50: acc=0.9609  f1m=0.9609  uplink_kB=131.3  t=0.87s
  round  38/50: acc=0.9618  f1m=0.9618  uplink_kB=131.3  t=0.81s
  round  39/50: acc=0.9628  f1m=0.9628  uplink_kB=131.3  t=0.80s
  round  40/50: acc=0.9617  f1m=0.9617  uplink_kB=131.3  t=0.72s
  round  41/50: acc=0.9605  f1m=0.9605  uplink_kB=131.3  t=0.78s
  round  42/50: acc=0.9551  f1m=0.9551  uplink_kB=131.3  t=0.83s
  round  43/50: acc=0.9576  f1m=0.9576  uplink_kB=131.3  t=0.77s
  round  44/50: acc=0.9569  f1m=0.9569  uplink_kB=131.3  t=0.83s
  round  45/50: acc=0.9553  f1m=0.9553  uplink_kB=131.3  t=0.72s
  round  46/50: acc=0.9590  f1m=0.9590  uplink_kB=131.3  t=0.76s
  round  47/50: acc=0.9601  f1m=0.9601  uplink_kB=131.3  t=0.78s
  round  48/50: acc=0.9603  f1m=0.9603  uplink_kB=131.3  t=0.81s
  round  49/50: acc=0.9573  f1m=0.9573  uplink_kB=131.3  t=0.79s
  round  50/50: acc=0.9584  f1m=0.9584  uplink_kB=131.3  t=0.78s
[run] DONE -> /Users/agentra/Documents/hao/working/paper-lab/hao-paper-2026/iotj-fedkan-ids/repo/results/lrsweep_cseciic/lrsweep_mlp80_lr0p01__dir0.1__seed112/metrics.json  final_acc=0.9584
