[run] device=cpu  seed=17  out=/Users/agentra/Documents/hao/working/paper-lab/hao-paper-2026/iotj-fedkan-ids/repo/results/lrsweep_cseciic/lrsweep_mlp80_lr0p0003__dir0.1__seed17
[run] model=mlp  params=3,362
  round   1/50: acc=0.5000  f1m=0.3333  uplink_kB=131.3  t=1.52s
  round   2/50: acc=0.5000  f1m=0.3333  uplink_kB=131.3  t=0.73s
  round   3/50: acc=0.5000  f1m=0.3333  uplink_kB=131.3  t=0.74s
  round   4/50: acc=0.5000  f1m=0.3333  uplink_kB=131.3  t=0.70s
  round   5/50: acc=0.5000  f1m=0.3333  uplink_kB=131.3  t=0.66s
  round   6/50: acc=0.5000  f1m=0.3333  uplink_kB=131.3  t=0.61s
  round   7/50: acc=0.5000  f1m=0.3333  uplink_kB=131.3  t=0.63s
  round   8/50: acc=0.5000  f1m=0.3333  uplink_kB=131.3  t=0.65s
  round   9/50: acc=0.5000  f1m=0.3333  uplink_kB=131.3  t=0.66s
  round  10/50: acc=0.5000  f1m=0.3333  uplink_kB=131.3  t=0.65s
  round  11/50: acc=0.5000  f1m=0.3333  uplink_kB=131.3  t=0.67s
  round  12/50: acc=0.5000  f1m=0.3333  uplink_kB=131.3  t=0.63s
  round  13/50: acc=0.5000  f1m=0.3333  uplink_kB=131.3  t=0.73s
  round  14/50: acc=0.5000  f1m=0.3333  uplink_kB=131.3  t=0.77s
  round  15/50: acc=0.5000  f1m=0.3333  uplink_kB=131.3  t=0.68s
  round  16/50: acc=0.5000  f1m=0.3333  uplink_kB=131.3  t=0.68s
  round  17/50: acc=0.5000  f1m=0.3333  uplink_kB=131.3  t=0.70s
  round  18/50: acc=0.5000  f1m=0.3333  uplink_kB=131.3  t=0.68s
  round  19/50: acc=0.5000  f1m=0.3333  uplink_kB=131.3  t=0.64s
  round  20/50: acc=0.5000  f1m=0.3333  uplink_kB=131.3  t=0.66s
  round  21/50: acc=0.5000  f1m=0.3333  uplink_kB=131.3  t=0.67s
  round  22/50: acc=0.5000  f1m=0.3333  uplink_kB=131.3  t=0.67s
  round  23/50: acc=0.5000  f1m=0.3333  uplink_kB=131.3  t=0.67s
  round  24/50: acc=0.5000  f1m=0.3333  uplink_kB=131.3  t=0.69s
  round  25/50: acc=0.5000  f1m=0.3333  uplink_kB=131.3  t=0.74s
  round  26/50: acc=0.5000  f1m=0.3333  uplink_kB=131.3  t=0.65s
  round  27/50: acc=0.5000  f1m=0.3333  uplink_kB=131.3  t=0.74s
  round  28/50: acc=0.5000  f1m=0.3333  uplink_kB=131.3  t=0.71s
  round  29/50: acc=0.5000  f1m=0.3333  uplink_kB=131.3  t=0.70s
  round  30/50: acc=0.5000  f1m=0.3333  uplink_kB=131.3  t=0.67s
  round  31/50: acc=0.5000  f1m=0.3333  uplink_kB=131.3  t=0.68s
  round  32/50: acc=0.5000  f1m=0.3333  uplink_kB=131.3  t=0.70s
  round  33/50: acc=0.5000  f1m=0.3333  uplink_kB=131.3  t=0.61s
  round  34/50: acc=0.5000  f1m=0.3334  uplink_kB=131.3  t=0.71s
  round  35/50: acc=0.5001  f1m=0.3335  uplink_kB=131.3  t=0.68s
  round  36/50: acc=0.5001  f1m=0.3335  uplink_kB=131.3  t=0.81s
  round  37/50: acc=0.5001  f1m=0.3335  uplink_kB=131.3  t=0.66s
  round  38/50: acc=0.4999  f1m=0.3334  uplink_kB=131.3  t=0.69s
  round  39/50: acc=0.4989  f1m=0.3330  uplink_kB=131.3  t=0.76s
  round  40/50: acc=0.4971  f1m=0.3323  uplink_kB=131.3  t=0.65s
  round  41/50: acc=0.4969  f1m=0.3325  uplink_kB=131.3  t=0.68s
  round  42/50: acc=0.4971  f1m=0.3329  uplink_kB=131.3  t=0.67s
  round  43/50: acc=0.4973  f1m=0.3333  uplink_kB=131.3  t=0.67s
  round  44/50: acc=0.4978  f1m=0.3344  uplink_kB=131.3  t=0.69s
  round  45/50: acc=0.4982  f1m=0.3354  uplink_kB=131.3  t=0.70s
  round  46/50: acc=0.4990  f1m=0.3372  uplink_kB=131.3  t=0.70s
  round  47/50: acc=0.4998  f1m=0.3391  uplink_kB=131.3  t=0.61s
  round  48/50: acc=0.5009  f1m=0.3413  uplink_kB=131.3  t=0.69s
  round  49/50: acc=0.5018  f1m=0.3433  uplink_kB=131.3  t=0.69s
  round  50/50: acc=0.5034  f1m=0.3467  uplink_kB=131.3  t=0.67s
[run] DONE -> /Users/agentra/Documents/hao/working/paper-lab/hao-paper-2026/iotj-fedkan-ids/repo/results/lrsweep_cseciic/lrsweep_mlp80_lr0p0003__dir0.1__seed17/metrics.json  final_acc=0.5034
