[run] device=cpu  seed=2024  out=/Users/agentra/Documents/hao/working/paper-lab/hao-paper-2026/iotj-fedkan-ids/repo/results/lrsweep_cseciic_mc50k/lrsweep_mlp32_lr0p003__dir0.1__seed2024
[run] model=mlp  params=1,775
  round   1/50: acc=0.1216  f1m=0.0145  uplink_kB=69.3  t=1.52s
  round   2/50: acc=0.2167  f1m=0.0488  uplink_kB=69.3  t=1.02s
  round   3/50: acc=0.3359  f1m=0.1523  uplink_kB=69.3  t=1.06s
  round   4/50: acc=0.4089  f1m=0.1922  uplink_kB=69.3  t=1.21s
  round   5/50: acc=0.4393  f1m=0.2123  uplink_kB=69.3  t=1.12s
  round   6/50: acc=0.4094  f1m=0.1982  uplink_kB=69.3  t=1.03s
  round   7/50: acc=0.5128  f1m=0.2543  uplink_kB=69.3  t=0.99s
  round   8/50: acc=0.5167  f1m=0.2553  uplink_kB=69.3  t=0.93s
  round   9/50: acc=0.5218  f1m=0.2588  uplink_kB=69.3  t=0.99s
  round  10/50: acc=0.5451  f1m=0.2754  uplink_kB=69.3  t=0.92s
  round  11/50: acc=0.5650  f1m=0.2934  uplink_kB=69.3  t=1.18s
  round  12/50: acc=0.5674  f1m=0.2961  uplink_kB=69.3  t=0.95s
  round  13/50: acc=0.5811  f1m=0.3277  uplink_kB=69.3  t=1.01s
  round  14/50: acc=0.5975  f1m=0.3382  uplink_kB=69.3  t=0.93s
  round  15/50: acc=0.6118  f1m=0.3466  uplink_kB=69.3  t=0.98s
  round  16/50: acc=0.5948  f1m=0.3375  uplink_kB=69.3  t=0.93s
  round  17/50: acc=0.5970  f1m=0.3389  uplink_kB=69.3  t=1.02s
  round  18/50: acc=0.6278  f1m=0.3585  uplink_kB=69.3  t=0.94s
  round  19/50: acc=0.6137  f1m=0.3500  uplink_kB=69.3  t=1.17s
  round  20/50: acc=0.6444  f1m=0.3679  uplink_kB=69.3  t=0.92s
  round  21/50: acc=0.6453  f1m=0.3687  uplink_kB=69.3  t=0.99s
  round  22/50: acc=0.6524  f1m=0.3760  uplink_kB=69.3  t=0.95s
  round  23/50: acc=0.6541  f1m=0.3770  uplink_kB=69.3  t=0.99s
  round  24/50: acc=0.6534  f1m=0.3751  uplink_kB=69.3  t=0.99s
  round  25/50: acc=0.6545  f1m=0.3755  uplink_kB=69.3  t=0.95s
  round  26/50: acc=0.6569  f1m=0.3787  uplink_kB=69.3  t=1.18s
  round  27/50: acc=0.6548  f1m=0.3759  uplink_kB=69.3  t=0.97s
  round  28/50: acc=0.6553  f1m=0.3764  uplink_kB=69.3  t=1.02s
  round  29/50: acc=0.6557  f1m=0.3770  uplink_kB=69.3  t=0.92s
  round  30/50: acc=0.6621  f1m=0.3846  uplink_kB=69.3  t=0.97s
  round  31/50: acc=0.6592  f1m=0.3806  uplink_kB=69.3  t=0.94s
  round  32/50: acc=0.6643  f1m=0.3863  uplink_kB=69.3  t=1.00s
  round  33/50: acc=0.7000  f1m=0.4182  uplink_kB=69.3  t=0.94s
  round  34/50: acc=0.7040  f1m=0.4781  uplink_kB=69.3  t=1.18s
  round  35/50: acc=0.7294  f1m=0.4978  uplink_kB=69.3  t=0.98s
  round  36/50: acc=0.7305  f1m=0.4982  uplink_kB=69.3  t=1.03s
  round  37/50: acc=0.7334  f1m=0.5009  uplink_kB=69.3  t=0.94s
  round  38/50: acc=0.7344  f1m=0.5017  uplink_kB=69.3  t=1.03s
  round  39/50: acc=0.7378  f1m=0.5040  uplink_kB=69.3  t=1.00s
  round  40/50: acc=0.7382  f1m=0.5044  uplink_kB=69.3  t=0.96s
  round  41/50: acc=0.7484  f1m=0.5114  uplink_kB=69.3  t=1.04s
  round  42/50: acc=0.7490  f1m=0.5113  uplink_kB=69.3  t=1.02s
  round  43/50: acc=0.7504  f1m=0.5115  uplink_kB=69.3  t=0.93s
  round  44/50: acc=0.7574  f1m=0.5162  uplink_kB=69.3  t=1.03s
  round  45/50: acc=0.7646  f1m=0.5212  uplink_kB=69.3  t=0.94s
  round  46/50: acc=0.7644  f1m=0.5210  uplink_kB=69.3  t=1.01s
  round  47/50: acc=0.7644  f1m=0.5211  uplink_kB=69.3  t=0.97s
  round  48/50: acc=0.7678  f1m=0.5235  uplink_kB=69.3  t=1.05s
  round  49/50: acc=0.7681  f1m=0.5237  uplink_kB=69.3  t=1.55s
  round  50/50: acc=0.7690  f1m=0.5243  uplink_kB=69.3  t=1.14s
[run] DONE -> /Users/agentra/Documents/hao/working/paper-lab/hao-paper-2026/iotj-fedkan-ids/repo/results/lrsweep_cseciic_mc50k/lrsweep_mlp32_lr0p003__dir0.1__seed2024/metrics.json  final_acc=0.7690
