[run] device=cpu  seed=29  out=/Users/agentra/Documents/hao/working/paper-lab/hao-paper-2026/iotj-fedkan-ids/repo/results/lrsweep_cseciic_mc50k/lrsweep_kan8_lr0p001__dir0.1__seed29
[run] model=kan  params=4,320
  round   1/50: acc=0.2686  f1m=0.0917  uplink_kB=190.8  t=3.25s
  round   2/50: acc=0.3187  f1m=0.1170  uplink_kB=190.8  t=2.66s
  round   3/50: acc=0.3365  f1m=0.1241  uplink_kB=190.8  t=2.59s
  round   4/50: acc=0.3570  f1m=0.1318  uplink_kB=190.8  t=2.62s
  round   5/50: acc=0.4361  f1m=0.1825  uplink_kB=190.8  t=2.64s
  round   6/50: acc=0.4483  f1m=0.1942  uplink_kB=190.8  t=2.50s
  round   7/50: acc=0.5234  f1m=0.2521  uplink_kB=190.8  t=2.64s
  round   8/50: acc=0.4878  f1m=0.2085  uplink_kB=190.8  t=2.55s
  round   9/50: acc=0.4912  f1m=0.2151  uplink_kB=190.8  t=2.64s
  round  10/50: acc=0.5052  f1m=0.2674  uplink_kB=190.8  t=2.58s
  round  11/50: acc=0.5209  f1m=0.2938  uplink_kB=190.8  t=2.60s
  round  12/50: acc=0.5235  f1m=0.2964  uplink_kB=190.8  t=2.58s
  round  13/50: acc=0.5674  f1m=0.3292  uplink_kB=190.8  t=2.59s
  round  14/50: acc=0.6033  f1m=0.3499  uplink_kB=190.8  t=2.52s
  round  15/50: acc=0.6083  f1m=0.3521  uplink_kB=190.8  t=2.58s
  round  16/50: acc=0.6103  f1m=0.3533  uplink_kB=190.8  t=2.63s
  round  17/50: acc=0.6232  f1m=0.3591  uplink_kB=190.8  t=2.60s
  round  18/50: acc=0.6237  f1m=0.3594  uplink_kB=190.8  t=2.56s
  round  19/50: acc=0.6239  f1m=0.3596  uplink_kB=190.8  t=2.58s
  round  20/50: acc=0.6238  f1m=0.3593  uplink_kB=190.8  t=2.56s
  round  21/50: acc=0.6247  f1m=0.3596  uplink_kB=190.8  t=2.55s
  round  22/50: acc=0.6315  f1m=0.3627  uplink_kB=190.8  t=2.55s
  round  23/50: acc=0.6316  f1m=0.3627  uplink_kB=190.8  t=2.65s
  round  24/50: acc=0.6317  f1m=0.3624  uplink_kB=190.8  t=2.64s
  round  25/50: acc=0.6315  f1m=0.3622  uplink_kB=190.8  t=2.53s
  round  26/50: acc=0.6318  f1m=0.3622  uplink_kB=190.8  t=2.56s
  round  27/50: acc=0.6522  f1m=0.3727  uplink_kB=190.8  t=2.61s
  round  28/50: acc=0.6543  f1m=0.3743  uplink_kB=190.8  t=2.59s
  round  29/50: acc=0.6557  f1m=0.3752  uplink_kB=190.8  t=2.59s
  round  30/50: acc=0.6560  f1m=0.3754  uplink_kB=190.8  t=2.58s
  round  31/50: acc=0.6560  f1m=0.3753  uplink_kB=190.8  t=2.63s
  round  32/50: acc=0.6561  f1m=0.3750  uplink_kB=190.8  t=2.63s
  round  33/50: acc=0.6564  f1m=0.3751  uplink_kB=190.8  t=2.60s
  round  34/50: acc=0.6564  f1m=0.3748  uplink_kB=190.8  t=2.60s
  round  35/50: acc=0.6571  f1m=0.3758  uplink_kB=190.8  t=2.58s
  round  36/50: acc=0.6586  f1m=0.3785  uplink_kB=190.8  t=2.52s
  round  37/50: acc=0.6661  f1m=0.3942  uplink_kB=190.8  t=2.65s
  round  38/50: acc=0.7084  f1m=0.4621  uplink_kB=190.8  t=2.63s
  round  39/50: acc=0.7110  f1m=0.4665  uplink_kB=190.8  t=2.70s
  round  40/50: acc=0.7142  f1m=0.4713  uplink_kB=190.8  t=2.55s
  round  41/50: acc=0.7186  f1m=0.4787  uplink_kB=190.8  t=2.64s
  round  42/50: acc=0.7212  f1m=0.4824  uplink_kB=190.8  t=2.62s
  round  43/50: acc=0.7244  f1m=0.4876  uplink_kB=190.8  t=2.53s
  round  44/50: acc=0.7268  f1m=0.4909  uplink_kB=190.8  t=2.61s
  round  45/50: acc=0.7423  f1m=0.5168  uplink_kB=190.8  t=2.48s
  round  46/50: acc=0.7448  f1m=0.5201  uplink_kB=190.8  t=2.56s
  round  47/50: acc=0.7466  f1m=0.5222  uplink_kB=190.8  t=2.50s
  round  48/50: acc=0.7490  f1m=0.5252  uplink_kB=190.8  t=2.56s
  round  49/50: acc=0.7515  f1m=0.5280  uplink_kB=190.8  t=2.49s
  round  50/50: acc=0.7542  f1m=0.5309  uplink_kB=190.8  t=2.54s
[run] DONE -> /Users/agentra/Documents/hao/working/paper-lab/hao-paper-2026/iotj-fedkan-ids/repo/results/lrsweep_cseciic_mc50k/lrsweep_kan8_lr0p001__dir0.1__seed29/metrics.json  final_acc=0.7542
