[run] device=cpu  seed=29  out=/Users/agentra/Documents/hao/working/paper-lab/hao-paper-2026/iotj-fedkan-ids/repo/results/lrsweep_cseciic/lrsweep_kan8_lr0p1__dir0.1__seed29
[run] model=kan  params=3,280
  round   1/50: acc=0.5054  f1m=0.3454  uplink_kB=150.2  t=2.18s
  round   2/50: acc=0.6168  f1m=0.5511  uplink_kB=150.2  t=1.68s
  round   3/50: acc=0.8767  f1m=0.8759  uplink_kB=150.2  t=1.65s
  round   4/50: acc=0.7672  f1m=0.7577  uplink_kB=150.2  t=1.69s
  round   5/50: acc=0.5218  f1m=0.3808  uplink_kB=150.2  t=1.62s
  round   6/50: acc=0.6481  f1m=0.6195  uplink_kB=150.2  t=1.60s
  round   7/50: acc=0.7388  f1m=0.7250  uplink_kB=150.2  t=1.72s
  round   8/50: acc=0.5518  f1m=0.4664  uplink_kB=150.2  t=1.73s
  round   9/50: acc=0.9294  f1m=0.9291  uplink_kB=150.2  t=1.66s
  round  10/50: acc=0.5080  f1m=0.3532  uplink_kB=150.2  t=1.68s
  round  11/50: acc=0.5035  f1m=0.3412  uplink_kB=150.2  t=1.65s
  round  12/50: acc=0.7889  f1m=0.7863  uplink_kB=150.2  t=1.60s
  round  13/50: acc=0.9262  f1m=0.9259  uplink_kB=150.2  t=1.68s
  round  14/50: acc=0.9276  f1m=0.9274  uplink_kB=150.2  t=1.60s
  round  15/50: acc=0.9308  f1m=0.9305  uplink_kB=150.2  t=1.70s
  round  16/50: acc=0.9061  f1m=0.9059  uplink_kB=150.2  t=1.69s
  round  17/50: acc=0.9305  f1m=0.9302  uplink_kB=150.2  t=1.75s
  round  18/50: acc=0.8035  f1m=0.8017  uplink_kB=150.2  t=1.67s
  round  19/50: acc=0.9297  f1m=0.9295  uplink_kB=150.2  t=1.60s
  round  20/50: acc=0.9276  f1m=0.9274  uplink_kB=150.2  t=1.67s
  round  21/50: acc=0.9239  f1m=0.9237  uplink_kB=150.2  t=1.69s
  round  22/50: acc=0.9190  f1m=0.9188  uplink_kB=150.2  t=1.69s
  round  23/50: acc=0.9309  f1m=0.9307  uplink_kB=150.2  t=1.61s
  round  24/50: acc=0.9326  f1m=0.9323  uplink_kB=150.2  t=1.66s
  round  25/50: acc=0.9284  f1m=0.9282  uplink_kB=150.2  t=1.61s
  round  26/50: acc=0.9328  f1m=0.9325  uplink_kB=150.2  t=1.68s
  round  27/50: acc=0.9321  f1m=0.9319  uplink_kB=150.2  t=1.75s
  round  28/50: acc=0.9197  f1m=0.9194  uplink_kB=150.2  t=1.66s
  round  29/50: acc=0.9295  f1m=0.9293  uplink_kB=150.2  t=1.64s
  round  30/50: acc=0.9285  f1m=0.9281  uplink_kB=150.2  t=1.62s
  round  31/50: acc=0.9275  f1m=0.9271  uplink_kB=150.2  t=1.66s
  round  32/50: acc=0.6116  f1m=0.5526  uplink_kB=150.2  t=1.60s
  round  33/50: acc=0.9289  f1m=0.9286  uplink_kB=150.2  t=1.72s
  round  34/50: acc=0.9290  f1m=0.9286  uplink_kB=150.2  t=1.66s
  round  35/50: acc=0.9263  f1m=0.9260  uplink_kB=150.2  t=1.73s
  round  36/50: acc=0.9282  f1m=0.9278  uplink_kB=150.2  t=1.68s
  round  37/50: acc=0.9290  f1m=0.9287  uplink_kB=150.2  t=1.67s
  round  38/50: acc=0.9268  f1m=0.9265  uplink_kB=150.2  t=1.63s
  round  39/50: acc=0.9317  f1m=0.9314  uplink_kB=150.2  t=1.66s
  round  40/50: acc=0.9329  f1m=0.9326  uplink_kB=150.2  t=1.69s
  round  41/50: acc=0.9307  f1m=0.9304  uplink_kB=150.2  t=1.65s
  round  42/50: acc=0.9309  f1m=0.9306  uplink_kB=150.2  t=1.66s
  round  43/50: acc=0.9273  f1m=0.9269  uplink_kB=150.2  t=1.65s
  round  44/50: acc=0.9214  f1m=0.9212  uplink_kB=150.2  t=1.63s
  round  45/50: acc=0.9272  f1m=0.9268  uplink_kB=150.2  t=1.65s
  round  46/50: acc=0.9307  f1m=0.9304  uplink_kB=150.2  t=1.60s
  round  47/50: acc=0.9306  f1m=0.9303  uplink_kB=150.2  t=1.68s
  round  48/50: acc=0.9296  f1m=0.9292  uplink_kB=150.2  t=1.61s
  round  49/50: acc=0.9291  f1m=0.9287  uplink_kB=150.2  t=1.60s
  round  50/50: acc=0.9291  f1m=0.9288  uplink_kB=150.2  t=1.64s
[run] DONE -> /Users/agentra/Documents/hao/working/paper-lab/hao-paper-2026/iotj-fedkan-ids/repo/results/lrsweep_cseciic/lrsweep_kan8_lr0p1__dir0.1__seed29/metrics.json  final_acc=0.9291
