[run] device=cpu  seed=2024  out=/Users/agentra/Documents/hao/working/paper-lab/hao-paper-2026/iotj-fedkan-ids/repo/results/lrsweep_cseciic_mc/lrsweep_kan8_lr0p03__dir0.1__seed2024
[run] model=kan  params=4,320
  round   1/50: acc=0.2019  f1m=0.0742  uplink_kB=190.8  t=6.28s
  round   2/50: acc=0.6147  f1m=0.3512  uplink_kB=190.8  t=5.50s
  round   3/50: acc=0.6655  f1m=0.4492  uplink_kB=190.8  t=5.33s
  round   4/50: acc=0.6740  f1m=0.5396  uplink_kB=190.8  t=5.36s
  round   5/50: acc=0.6942  f1m=0.5730  uplink_kB=190.8  t=5.34s
  round   6/50: acc=0.6754  f1m=0.5387  uplink_kB=190.8  t=5.28s
  round   7/50: acc=0.7373  f1m=0.6105  uplink_kB=190.8  t=5.41s
  round   8/50: acc=0.6941  f1m=0.5846  uplink_kB=190.8  t=5.34s
  round   9/50: acc=0.7101  f1m=0.5843  uplink_kB=190.8  t=5.35s
  round  10/50: acc=0.6875  f1m=0.5598  uplink_kB=190.8  t=5.36s
  round  11/50: acc=0.7073  f1m=0.6314  uplink_kB=190.8  t=5.39s
  round  12/50: acc=0.8497  f1m=0.6405  uplink_kB=190.8  t=5.41s
  round  13/50: acc=0.8863  f1m=0.7483  uplink_kB=190.8  t=5.59s
  round  14/50: acc=0.8606  f1m=0.7345  uplink_kB=190.8  t=5.31s
  round  15/50: acc=0.7083  f1m=0.6326  uplink_kB=190.8  t=5.49s
  round  16/50: acc=0.7130  f1m=0.6260  uplink_kB=190.8  t=5.58s
  round  17/50: acc=0.7220  f1m=0.6707  uplink_kB=190.8  t=5.41s
  round  18/50: acc=0.8331  f1m=0.6112  uplink_kB=190.8  t=5.33s
  round  19/50: acc=0.8607  f1m=0.6931  uplink_kB=190.8  t=5.34s
  round  20/50: acc=0.7366  f1m=0.6842  uplink_kB=190.8  t=5.35s
  round  21/50: acc=0.8739  f1m=0.7206  uplink_kB=190.8  t=5.30s
  round  22/50: acc=0.8769  f1m=0.7201  uplink_kB=190.8  t=5.31s
  round  23/50: acc=0.8722  f1m=0.7203  uplink_kB=190.8  t=5.32s
  round  24/50: acc=0.7236  f1m=0.6456  uplink_kB=190.8  t=5.36s
  round  25/50: acc=0.8400  f1m=0.6946  uplink_kB=190.8  t=5.34s
  round  26/50: acc=0.7273  f1m=0.6696  uplink_kB=190.8  t=5.37s
  round  27/50: acc=0.8708  f1m=0.7167  uplink_kB=190.8  t=5.32s
  round  28/50: acc=0.7780  f1m=0.7084  uplink_kB=190.8  t=5.27s
  round  29/50: acc=0.8681  f1m=0.7136  uplink_kB=190.8  t=5.27s
  round  30/50: acc=0.7146  f1m=0.6639  uplink_kB=190.8  t=5.39s
  round  31/50: acc=0.7116  f1m=0.5739  uplink_kB=190.8  t=5.25s
  round  32/50: acc=0.7195  f1m=0.6466  uplink_kB=190.8  t=5.27s
  round  33/50: acc=0.8748  f1m=0.7351  uplink_kB=190.8  t=5.30s
  round  34/50: acc=0.8763  f1m=0.7463  uplink_kB=190.8  t=5.31s
  round  35/50: acc=0.7153  f1m=0.6373  uplink_kB=190.8  t=5.27s
  round  36/50: acc=0.8774  f1m=0.7519  uplink_kB=190.8  t=5.30s
  round  37/50: acc=0.8742  f1m=0.7281  uplink_kB=190.8  t=5.31s
  round  38/50: acc=0.8615  f1m=0.7364  uplink_kB=190.8  t=5.26s
  round  39/50: acc=0.8577  f1m=0.7392  uplink_kB=190.8  t=5.25s
  round  40/50: acc=0.8470  f1m=0.6938  uplink_kB=190.8  t=5.28s
  round  41/50: acc=0.7498  f1m=0.6899  uplink_kB=190.8  t=5.28s
  round  42/50: acc=0.7129  f1m=0.5983  uplink_kB=190.8  t=5.26s
  round  43/50: acc=0.8663  f1m=0.7435  uplink_kB=190.8  t=5.23s
  round  44/50: acc=0.8490  f1m=0.7239  uplink_kB=190.8  t=5.35s
  round  45/50: acc=0.7092  f1m=0.6448  uplink_kB=190.8  t=5.30s
  round  46/50: acc=0.7399  f1m=0.6748  uplink_kB=190.8  t=5.22s
  round  47/50: acc=0.7179  f1m=0.6546  uplink_kB=190.8  t=5.36s
  round  48/50: acc=0.8710  f1m=0.7189  uplink_kB=190.8  t=5.34s
  round  49/50: acc=0.7992  f1m=0.7161  uplink_kB=190.8  t=5.36s
  round  50/50: acc=0.7113  f1m=0.5962  uplink_kB=190.8  t=5.30s
[run] DONE -> /Users/agentra/Documents/hao/working/paper-lab/hao-paper-2026/iotj-fedkan-ids/repo/results/lrsweep_cseciic_mc/lrsweep_kan8_lr0p03__dir0.1__seed2024/metrics.json  final_acc=0.7113
