[run] device=cpu  seed=31  out=/Users/agentra/Documents/hao/working/paper-lab/hao-paper-2026/iotj-fedkan-ids/repo/results/lrsweep_toniot/lrsweep_kan16_lr0p03__dir0.1__seed31
[run] model=kan  params=6,560
  round   1/50: acc=0.6036  f1m=0.6034  uplink_kB=282.0  t=2.28s
  round   2/50: acc=0.7650  f1m=0.7540  uplink_kB=282.0  t=1.85s
  round   3/50: acc=0.9079  f1m=0.9077  uplink_kB=282.0  t=1.85s
  round   4/50: acc=0.5579  f1m=0.4632  uplink_kB=282.0  t=1.87s
  round   5/50: acc=0.8137  f1m=0.8096  uplink_kB=282.0  t=1.87s
  round   6/50: acc=0.8503  f1m=0.8473  uplink_kB=282.0  t=1.81s
  round   7/50: acc=0.5104  f1m=0.3573  uplink_kB=282.0  t=1.86s
  round   8/50: acc=0.6944  f1m=0.6919  uplink_kB=282.0  t=1.85s
  round   9/50: acc=0.7801  f1m=0.7697  uplink_kB=282.0  t=1.83s
  round  10/50: acc=0.6275  f1m=0.5710  uplink_kB=282.0  t=1.85s
  round  11/50: acc=0.5132  f1m=0.3668  uplink_kB=282.0  t=1.86s
  round  12/50: acc=0.8823  f1m=0.8822  uplink_kB=282.0  t=1.86s
  round  13/50: acc=0.5554  f1m=0.4497  uplink_kB=282.0  t=1.86s
  round  14/50: acc=0.8462  f1m=0.8426  uplink_kB=282.0  t=1.79s
  round  15/50: acc=0.8737  f1m=0.8724  uplink_kB=282.0  t=1.87s
  round  16/50: acc=0.8613  f1m=0.8588  uplink_kB=282.0  t=1.83s
  round  17/50: acc=0.7719  f1m=0.7598  uplink_kB=282.0  t=1.87s
  round  18/50: acc=0.9174  f1m=0.9172  uplink_kB=282.0  t=1.85s
  round  19/50: acc=0.8510  f1m=0.8480  uplink_kB=282.0  t=1.85s
  round  20/50: acc=0.9065  f1m=0.9062  uplink_kB=282.0  t=1.86s
  round  21/50: acc=0.8782  f1m=0.8767  uplink_kB=282.0  t=1.80s
  round  22/50: acc=0.8537  f1m=0.8534  uplink_kB=282.0  t=1.85s
  round  23/50: acc=0.8542  f1m=0.8515  uplink_kB=282.0  t=1.86s
  round  24/50: acc=0.8790  f1m=0.8775  uplink_kB=282.0  t=1.84s
  round  25/50: acc=0.8887  f1m=0.8876  uplink_kB=282.0  t=1.84s
  round  26/50: acc=0.8767  f1m=0.8750  uplink_kB=282.0  t=1.88s
  round  27/50: acc=0.8842  f1m=0.8829  uplink_kB=282.0  t=1.87s
  round  28/50: acc=0.8744  f1m=0.8727  uplink_kB=282.0  t=1.83s
  round  29/50: acc=0.8768  f1m=0.8752  uplink_kB=282.0  t=1.84s
  round  30/50: acc=0.8706  f1m=0.8686  uplink_kB=282.0  t=1.84s
  round  31/50: acc=0.8769  f1m=0.8753  uplink_kB=282.0  t=1.86s
  round  32/50: acc=0.8795  f1m=0.8780  uplink_kB=282.0  t=1.89s
  round  33/50: acc=0.8701  f1m=0.8681  uplink_kB=282.0  t=1.87s
  round  34/50: acc=0.8771  f1m=0.8756  uplink_kB=282.0  t=1.88s
  round  35/50: acc=0.8775  f1m=0.8760  uplink_kB=282.0  t=1.86s
  round  36/50: acc=0.8813  f1m=0.8801  uplink_kB=282.0  t=1.91s
  round  37/50: acc=0.8941  f1m=0.8932  uplink_kB=282.0  t=1.82s
  round  38/50: acc=0.8838  f1m=0.8826  uplink_kB=282.0  t=1.85s
  round  39/50: acc=0.8902  f1m=0.8895  uplink_kB=282.0  t=1.85s
  round  40/50: acc=0.8947  f1m=0.8938  uplink_kB=282.0  t=1.85s
  round  41/50: acc=0.8778  f1m=0.8762  uplink_kB=282.0  t=1.86s
  round  42/50: acc=0.8776  f1m=0.8760  uplink_kB=282.0  t=1.88s
  round  43/50: acc=0.8855  f1m=0.8843  uplink_kB=282.0  t=1.87s
  round  44/50: acc=0.8992  f1m=0.8984  uplink_kB=282.0  t=1.89s
  round  45/50: acc=0.8950  f1m=0.8941  uplink_kB=282.0  t=1.82s
  round  46/50: acc=0.8992  f1m=0.8984  uplink_kB=282.0  t=1.87s
  round  47/50: acc=0.9014  f1m=0.9007  uplink_kB=282.0  t=1.88s
  round  48/50: acc=0.9012  f1m=0.9006  uplink_kB=282.0  t=1.85s
  round  49/50: acc=0.8920  f1m=0.8910  uplink_kB=282.0  t=1.85s
  round  50/50: acc=0.9145  f1m=0.9143  uplink_kB=282.0  t=1.84s
[run] DONE -> /Users/agentra/Documents/hao/working/paper-lab/hao-paper-2026/iotj-fedkan-ids/repo/results/lrsweep_toniot/lrsweep_kan16_lr0p03__dir0.1__seed31/metrics.json  final_acc=0.9145
