[run] device=cpu  seed=103  out=/Users/agentra/Documents/hao/working/paper-lab/hao-paper-2026/iotj-fedkan-ids/repo/results/lrsweep_cseciic_mc50k/lrsweep_kan8_lr0p01__dir0.1__seed103
[run] model=kan  params=4,320
  round   1/50: acc=0.1671  f1m=0.0516  uplink_kB=190.8  t=3.39s
  round   2/50: acc=0.2953  f1m=0.1602  uplink_kB=190.8  t=2.82s
  round   3/50: acc=0.5706  f1m=0.3386  uplink_kB=190.8  t=2.87s
  round   4/50: acc=0.6671  f1m=0.3973  uplink_kB=190.8  t=3.01s
  round   5/50: acc=0.7012  f1m=0.4123  uplink_kB=190.8  t=3.21s
  round   6/50: acc=0.7565  f1m=0.5089  uplink_kB=190.8  t=3.10s
  round   7/50: acc=0.7675  f1m=0.5484  uplink_kB=190.8  t=2.99s
  round   8/50: acc=0.7791  f1m=0.5701  uplink_kB=190.8  t=3.05s
  round   9/50: acc=0.7719  f1m=0.5479  uplink_kB=190.8  t=3.08s
  round  10/50: acc=0.7849  f1m=0.5789  uplink_kB=190.8  t=3.16s
  round  11/50: acc=0.8050  f1m=0.6161  uplink_kB=190.8  t=3.37s
  round  12/50: acc=0.7777  f1m=0.5931  uplink_kB=190.8  t=3.10s
  round  13/50: acc=0.7872  f1m=0.5991  uplink_kB=190.8  t=3.10s
  round  14/50: acc=0.7787  f1m=0.6066  uplink_kB=190.8  t=3.22s
  round  15/50: acc=0.7853  f1m=0.5986  uplink_kB=190.8  t=3.15s
  round  16/50: acc=0.7934  f1m=0.6035  uplink_kB=190.8  t=3.23s
  round  17/50: acc=0.8109  f1m=0.5779  uplink_kB=190.8  t=3.03s
  round  18/50: acc=0.8492  f1m=0.6793  uplink_kB=190.8  t=3.18s
  round  19/50: acc=0.8529  f1m=0.6851  uplink_kB=190.8  t=3.17s
  round  20/50: acc=0.8642  f1m=0.7138  uplink_kB=190.8  t=3.25s
  round  21/50: acc=0.8593  f1m=0.6941  uplink_kB=190.8  t=3.19s
  round  22/50: acc=0.8571  f1m=0.6969  uplink_kB=190.8  t=3.14s
  round  23/50: acc=0.8580  f1m=0.6929  uplink_kB=190.8  t=3.09s
  round  24/50: acc=0.8675  f1m=0.7256  uplink_kB=190.8  t=3.21s
  round  25/50: acc=0.8579  f1m=0.6935  uplink_kB=190.8  t=3.14s
  round  26/50: acc=0.8448  f1m=0.6917  uplink_kB=190.8  t=3.23s
  round  27/50: acc=0.8658  f1m=0.7315  uplink_kB=190.8  t=3.15s
  round  28/50: acc=0.8484  f1m=0.7009  uplink_kB=190.8  t=3.23s
  round  29/50: acc=0.8663  f1m=0.7235  uplink_kB=190.8  t=3.14s
  round  30/50: acc=0.8626  f1m=0.7225  uplink_kB=190.8  t=3.30s
  round  31/50: acc=0.8662  f1m=0.7312  uplink_kB=190.8  t=3.10s
  round  32/50: acc=0.8688  f1m=0.7302  uplink_kB=190.8  t=3.24s
  round  33/50: acc=0.8739  f1m=0.7339  uplink_kB=190.8  t=2.99s
  round  34/50: acc=0.8687  f1m=0.7266  uplink_kB=190.8  t=3.12s
  round  35/50: acc=0.8743  f1m=0.7334  uplink_kB=190.8  t=3.05s
  round  36/50: acc=0.8726  f1m=0.7326  uplink_kB=190.8  t=3.12s
  round  37/50: acc=0.8716  f1m=0.7300  uplink_kB=190.8  t=3.04s
  round  38/50: acc=0.8564  f1m=0.7108  uplink_kB=190.8  t=3.13s
  round  39/50: acc=0.8813  f1m=0.7374  uplink_kB=190.8  t=3.02s
  round  40/50: acc=0.8677  f1m=0.7276  uplink_kB=190.8  t=3.04s
  round  41/50: acc=0.8794  f1m=0.7384  uplink_kB=190.8  t=3.06s
  round  42/50: acc=0.8809  f1m=0.7399  uplink_kB=190.8  t=3.17s
  round  43/50: acc=0.8811  f1m=0.7426  uplink_kB=190.8  t=3.06s
  round  44/50: acc=0.8791  f1m=0.7376  uplink_kB=190.8  t=3.10s
  round  45/50: acc=0.8530  f1m=0.7059  uplink_kB=190.8  t=3.05s
  round  46/50: acc=0.8795  f1m=0.7404  uplink_kB=190.8  t=3.02s
  round  47/50: acc=0.8791  f1m=0.7387  uplink_kB=190.8  t=3.12s
  round  48/50: acc=0.8701  f1m=0.7321  uplink_kB=190.8  t=3.02s
  round  49/50: acc=0.8775  f1m=0.7359  uplink_kB=190.8  t=3.06s
  round  50/50: acc=0.8694  f1m=0.7158  uplink_kB=190.8  t=3.04s
[run] DONE -> /Users/agentra/Documents/hao/working/paper-lab/hao-paper-2026/iotj-fedkan-ids/repo/results/lrsweep_cseciic_mc50k/lrsweep_kan8_lr0p01__dir0.1__seed103/metrics.json  final_acc=0.8694
