[run] device=cpu  seed=31  out=/Users/agentra/Documents/hao/working/paper-lab/hao-paper-2026/iotj-fedkan-ids/repo/results/lrsweep_cseciic/lrsweep_kan8_lr0p03__dir0.1__seed31
[run] model=kan  params=3,280
  round   1/50: acc=0.9228  f1m=0.9228  uplink_kB=150.2  t=2.21s
  round   2/50: acc=0.6635  f1m=0.6260  uplink_kB=150.2  t=1.64s
  round   3/50: acc=0.7306  f1m=0.7136  uplink_kB=150.2  t=1.63s
  round   4/50: acc=0.7348  f1m=0.7195  uplink_kB=150.2  t=1.61s
  round   5/50: acc=0.7265  f1m=0.7077  uplink_kB=150.2  t=1.75s
  round   6/50: acc=0.9063  f1m=0.9062  uplink_kB=150.2  t=1.60s
  round   7/50: acc=0.8693  f1m=0.8681  uplink_kB=150.2  t=1.60s
  round   8/50: acc=0.9072  f1m=0.9069  uplink_kB=150.2  t=1.78s
  round   9/50: acc=0.7391  f1m=0.7223  uplink_kB=150.2  t=1.84s
  round  10/50: acc=0.9236  f1m=0.9235  uplink_kB=150.2  t=1.83s
  round  11/50: acc=0.8934  f1m=0.8929  uplink_kB=150.2  t=1.63s
  round  12/50: acc=0.8728  f1m=0.8717  uplink_kB=150.2  t=1.66s
  round  13/50: acc=0.9269  f1m=0.9268  uplink_kB=150.2  t=1.66s
  round  14/50: acc=0.8850  f1m=0.8844  uplink_kB=150.2  t=1.62s
  round  15/50: acc=0.9316  f1m=0.9316  uplink_kB=150.2  t=1.65s
  round  16/50: acc=0.6269  f1m=0.5686  uplink_kB=150.2  t=1.65s
  round  17/50: acc=0.8674  f1m=0.8662  uplink_kB=150.2  t=1.78s
  round  18/50: acc=0.9499  f1m=0.9499  uplink_kB=150.2  t=1.92s
  round  19/50: acc=0.7694  f1m=0.7602  uplink_kB=150.2  t=1.65s
  round  20/50: acc=0.8947  f1m=0.8947  uplink_kB=150.2  t=1.59s
  round  21/50: acc=0.9128  f1m=0.9127  uplink_kB=150.2  t=2.32s
  round  22/50: acc=0.9113  f1m=0.9111  uplink_kB=150.2  t=2.43s
  round  23/50: acc=0.8026  f1m=0.7973  uplink_kB=150.2  t=1.82s
  round  24/50: acc=0.7416  f1m=0.7268  uplink_kB=150.2  t=1.64s
  round  25/50: acc=0.9411  f1m=0.9410  uplink_kB=150.2  t=1.68s
  round  26/50: acc=0.9177  f1m=0.9176  uplink_kB=150.2  t=1.65s
  round  27/50: acc=0.9356  f1m=0.9355  uplink_kB=150.2  t=1.62s
  round  28/50: acc=0.6459  f1m=0.6008  uplink_kB=150.2  t=1.62s
  round  29/50: acc=0.9263  f1m=0.9262  uplink_kB=150.2  t=1.65s
  round  30/50: acc=0.9285  f1m=0.9285  uplink_kB=150.2  t=1.60s
  round  31/50: acc=0.8702  f1m=0.8691  uplink_kB=150.2  t=1.73s
  round  32/50: acc=0.9384  f1m=0.9384  uplink_kB=150.2  t=1.65s
  round  33/50: acc=0.9312  f1m=0.9312  uplink_kB=150.2  t=1.63s
  round  34/50: acc=0.9463  f1m=0.9463  uplink_kB=150.2  t=1.68s
  round  35/50: acc=0.9387  f1m=0.9387  uplink_kB=150.2  t=1.66s
  round  36/50: acc=0.9514  f1m=0.9514  uplink_kB=150.2  t=1.62s
  round  37/50: acc=0.9359  f1m=0.9359  uplink_kB=150.2  t=1.58s
  round  38/50: acc=0.9487  f1m=0.9486  uplink_kB=150.2  t=1.67s
  round  39/50: acc=0.8708  f1m=0.8698  uplink_kB=150.2  t=1.68s
  round  40/50: acc=0.9622  f1m=0.9622  uplink_kB=150.2  t=1.66s
  round  41/50: acc=0.9247  f1m=0.9246  uplink_kB=150.2  t=1.63s
  round  42/50: acc=0.9044  f1m=0.9041  uplink_kB=150.2  t=1.67s
  round  43/50: acc=0.9614  f1m=0.9614  uplink_kB=150.2  t=1.70s
  round  44/50: acc=0.9559  f1m=0.9559  uplink_kB=150.2  t=1.67s
  round  45/50: acc=0.7824  f1m=0.7747  uplink_kB=150.2  t=1.63s
  round  46/50: acc=0.9381  f1m=0.9381  uplink_kB=150.2  t=1.63s
  round  47/50: acc=0.9475  f1m=0.9475  uplink_kB=150.2  t=1.60s
  round  48/50: acc=0.9557  f1m=0.9557  uplink_kB=150.2  t=1.66s
  round  49/50: acc=0.9687  f1m=0.9687  uplink_kB=150.2  t=1.66s
  round  50/50: acc=0.9616  f1m=0.9616  uplink_kB=150.2  t=1.68s
[run] DONE -> /Users/agentra/Documents/hao/working/paper-lab/hao-paper-2026/iotj-fedkan-ids/repo/results/lrsweep_cseciic/lrsweep_kan8_lr0p03__dir0.1__seed31/metrics.json  final_acc=0.9616
