[run] device=cpu  seed=29  out=/Users/agentra/Documents/hao/working/paper-lab/hao-paper-2026/iotj-fedkan-ids/repo/results/lrsweep_cseciic_mc/lrsweep_mlp32_lr0p0003__dir0.1__seed29
[run] model=mlp  params=1,775
  round   1/50: acc=0.1447  f1m=0.0314  uplink_kB=69.3  t=2.87s
  round   2/50: acc=0.2244  f1m=0.0556  uplink_kB=69.3  t=2.12s
  round   3/50: acc=0.2230  f1m=0.0554  uplink_kB=69.3  t=2.30s
  round   4/50: acc=0.2240  f1m=0.0557  uplink_kB=69.3  t=2.23s
  round   5/50: acc=0.2240  f1m=0.0555  uplink_kB=69.3  t=2.19s
  round   6/50: acc=0.2311  f1m=0.0617  uplink_kB=69.3  t=2.18s
  round   7/50: acc=0.2402  f1m=0.0683  uplink_kB=69.3  t=2.11s
  round   8/50: acc=0.2647  f1m=0.0830  uplink_kB=69.3  t=2.19s
  round   9/50: acc=0.3601  f1m=0.1411  uplink_kB=69.3  t=2.10s
  round  10/50: acc=0.4085  f1m=0.1602  uplink_kB=69.3  t=2.08s
  round  11/50: acc=0.4416  f1m=0.1714  uplink_kB=69.3  t=2.06s
  round  12/50: acc=0.4510  f1m=0.1755  uplink_kB=69.3  t=2.09s
  round  13/50: acc=0.4548  f1m=0.1783  uplink_kB=69.3  t=2.10s
  round  14/50: acc=0.4543  f1m=0.1796  uplink_kB=69.3  t=2.09s
  round  15/50: acc=0.4543  f1m=0.1822  uplink_kB=69.3  t=2.12s
  round  16/50: acc=0.4555  f1m=0.1837  uplink_kB=69.3  t=2.10s
  round  17/50: acc=0.4563  f1m=0.1847  uplink_kB=69.3  t=2.08s
  round  18/50: acc=0.4552  f1m=0.1848  uplink_kB=69.3  t=2.09s
  round  19/50: acc=0.4551  f1m=0.1851  uplink_kB=69.3  t=2.07s
  round  20/50: acc=0.4589  f1m=0.1876  uplink_kB=69.3  t=2.05s
  round  21/50: acc=0.4577  f1m=0.1870  uplink_kB=69.3  t=2.10s
  round  22/50: acc=0.4559  f1m=0.1862  uplink_kB=69.3  t=2.12s
  round  23/50: acc=0.4552  f1m=0.1858  uplink_kB=69.3  t=2.17s
  round  24/50: acc=0.4565  f1m=0.1866  uplink_kB=69.3  t=2.09s
  round  25/50: acc=0.4550  f1m=0.1859  uplink_kB=69.3  t=2.08s
  round  26/50: acc=0.4547  f1m=0.1859  uplink_kB=69.3  t=2.08s
  round  27/50: acc=0.4546  f1m=0.1860  uplink_kB=69.3  t=2.08s
  round  28/50: acc=0.4567  f1m=0.1880  uplink_kB=69.3  t=2.06s
  round  29/50: acc=0.4604  f1m=0.1913  uplink_kB=69.3  t=2.08s
  round  30/50: acc=0.4613  f1m=0.1918  uplink_kB=69.3  t=2.07s
  round  31/50: acc=0.4609  f1m=0.1915  uplink_kB=69.3  t=2.17s
  round  32/50: acc=0.4615  f1m=0.1919  uplink_kB=69.3  t=2.15s
  round  33/50: acc=0.4613  f1m=0.1920  uplink_kB=69.3  t=2.13s
  round  34/50: acc=0.4624  f1m=0.1920  uplink_kB=69.3  t=2.08s
  round  35/50: acc=0.4616  f1m=0.1913  uplink_kB=69.3  t=2.13s
  round  36/50: acc=0.4598  f1m=0.1903  uplink_kB=69.3  t=2.09s
  round  37/50: acc=0.4596  f1m=0.1904  uplink_kB=69.3  t=2.09s
  round  38/50: acc=0.4587  f1m=0.1897  uplink_kB=69.3  t=2.09s
  round  39/50: acc=0.4585  f1m=0.1896  uplink_kB=69.3  t=2.14s
  round  40/50: acc=0.4583  f1m=0.1895  uplink_kB=69.3  t=2.04s
  round  41/50: acc=0.4577  f1m=0.1890  uplink_kB=69.3  t=2.05s
  round  42/50: acc=0.4573  f1m=0.1889  uplink_kB=69.3  t=2.12s
  round  43/50: acc=0.4572  f1m=0.1889  uplink_kB=69.3  t=2.05s
  round  44/50: acc=0.4574  f1m=0.1891  uplink_kB=69.3  t=2.13s
  round  45/50: acc=0.4588  f1m=0.1901  uplink_kB=69.3  t=2.05s
  round  46/50: acc=0.4592  f1m=0.1901  uplink_kB=69.3  t=2.05s
  round  47/50: acc=0.4607  f1m=0.1912  uplink_kB=69.3  t=2.08s
  round  48/50: acc=0.4630  f1m=0.1931  uplink_kB=69.3  t=2.06s
  round  49/50: acc=0.4947  f1m=0.2518  uplink_kB=69.3  t=2.11s
  round  50/50: acc=0.4949  f1m=0.2520  uplink_kB=69.3  t=2.07s
[run] DONE -> /Users/agentra/Documents/hao/working/paper-lab/hao-paper-2026/iotj-fedkan-ids/repo/results/lrsweep_cseciic_mc/lrsweep_mlp32_lr0p0003__dir0.1__seed29/metrics.json  final_acc=0.4949
