[run] device=cpu  seed=2024  out=/Users/agentra/Documents/hao/working/paper-lab/hao-paper-2026/iotj-fedkan-ids/repo/results/lrsweep_cseciic_mc/lrsweep_kan8_lr0p0003__dir0.1__seed2024
[run] model=kan  params=4,320
  round   1/50: acc=0.1436  f1m=0.0316  uplink_kB=190.8  t=6.11s
  round   2/50: acc=0.1948  f1m=0.0495  uplink_kB=190.8  t=5.44s
  round   3/50: acc=0.1939  f1m=0.0479  uplink_kB=190.8  t=5.28s
  round   4/50: acc=0.1934  f1m=0.0476  uplink_kB=190.8  t=5.47s
  round   5/50: acc=0.2665  f1m=0.0708  uplink_kB=190.8  t=5.40s
  round   6/50: acc=0.2811  f1m=0.0724  uplink_kB=190.8  t=5.41s
  round   7/50: acc=0.2818  f1m=0.0676  uplink_kB=190.8  t=5.43s
  round   8/50: acc=0.2816  f1m=0.0625  uplink_kB=190.8  t=5.43s
  round   9/50: acc=0.2815  f1m=0.0612  uplink_kB=190.8  t=5.47s
  round  10/50: acc=0.4131  f1m=0.1518  uplink_kB=190.8  t=5.59s
  round  11/50: acc=0.4955  f1m=0.1820  uplink_kB=190.8  t=5.87s
  round  12/50: acc=0.4962  f1m=0.1797  uplink_kB=190.8  t=5.40s
  round  13/50: acc=0.4978  f1m=0.1812  uplink_kB=190.8  t=5.36s
  round  14/50: acc=0.5228  f1m=0.1921  uplink_kB=190.8  t=5.32s
  round  15/50: acc=0.5284  f1m=0.1963  uplink_kB=190.8  t=5.71s
  round  16/50: acc=0.5413  f1m=0.2019  uplink_kB=190.8  t=5.61s
  round  17/50: acc=0.5434  f1m=0.2042  uplink_kB=190.8  t=5.58s
  round  18/50: acc=0.5459  f1m=0.2056  uplink_kB=190.8  t=5.61s
  round  19/50: acc=0.5505  f1m=0.2097  uplink_kB=190.8  t=5.50s
  round  20/50: acc=0.5547  f1m=0.2134  uplink_kB=190.8  t=5.52s
  round  21/50: acc=0.5619  f1m=0.2198  uplink_kB=190.8  t=5.64s
  round  22/50: acc=0.5678  f1m=0.2249  uplink_kB=190.8  t=5.71s
  round  23/50: acc=0.5773  f1m=0.2321  uplink_kB=190.8  t=5.63s
  round  24/50: acc=0.5843  f1m=0.2373  uplink_kB=190.8  t=5.69s
  round  25/50: acc=0.5991  f1m=0.2478  uplink_kB=190.8  t=5.77s
  round  26/50: acc=0.6386  f1m=0.3137  uplink_kB=190.8  t=5.58s
  round  27/50: acc=0.6663  f1m=0.3358  uplink_kB=190.8  t=5.51s
  round  28/50: acc=0.6844  f1m=0.3482  uplink_kB=190.8  t=5.60s
  round  29/50: acc=0.7187  f1m=0.4039  uplink_kB=190.8  t=5.52s
  round  30/50: acc=0.7345  f1m=0.4109  uplink_kB=190.8  t=5.51s
  round  31/50: acc=0.7430  f1m=0.4149  uplink_kB=190.8  t=5.44s
  round  32/50: acc=0.7524  f1m=0.4195  uplink_kB=190.8  t=5.47s
  round  33/50: acc=0.7607  f1m=0.4246  uplink_kB=190.8  t=5.47s
  round  34/50: acc=0.7740  f1m=0.4569  uplink_kB=190.8  t=5.42s
  round  35/50: acc=0.7983  f1m=0.4888  uplink_kB=190.8  t=5.33s
  round  36/50: acc=0.8083  f1m=0.4945  uplink_kB=190.8  t=5.72s
  round  37/50: acc=0.8095  f1m=0.4966  uplink_kB=190.8  t=6.53s
  round  38/50: acc=0.8119  f1m=0.5001  uplink_kB=190.8  t=5.59s
  round  39/50: acc=0.8140  f1m=0.5043  uplink_kB=190.8  t=5.39s
  round  40/50: acc=0.8168  f1m=0.5128  uplink_kB=190.8  t=5.44s
  round  41/50: acc=0.8201  f1m=0.5218  uplink_kB=190.8  t=5.55s
  round  42/50: acc=0.8231  f1m=0.5287  uplink_kB=190.8  t=5.42s
  round  43/50: acc=0.8263  f1m=0.5353  uplink_kB=190.8  t=5.60s
  round  44/50: acc=0.8282  f1m=0.5387  uplink_kB=190.8  t=5.44s
  round  45/50: acc=0.8290  f1m=0.5406  uplink_kB=190.8  t=5.44s
  round  46/50: acc=0.8312  f1m=0.5436  uplink_kB=190.8  t=6.13s
  round  47/50: acc=0.8322  f1m=0.5445  uplink_kB=190.8  t=5.48s
  round  48/50: acc=0.8331  f1m=0.5460  uplink_kB=190.8  t=5.51s
  round  49/50: acc=0.8341  f1m=0.5471  uplink_kB=190.8  t=5.42s
  round  50/50: acc=0.8351  f1m=0.5487  uplink_kB=190.8  t=5.43s
[run] DONE -> /Users/agentra/Documents/hao/working/paper-lab/hao-paper-2026/iotj-fedkan-ids/repo/results/lrsweep_cseciic_mc/lrsweep_kan8_lr0p0003__dir0.1__seed2024/metrics.json  final_acc=0.8351
