[run] device=cpu  seed=31  out=/Users/agentra/Documents/hao/working/paper-lab/hao-paper-2026/iotj-fedkan-ids/repo/results/lrsweep_cseciic/lrsweep_kan16_lr0p01__dir0.1__seed31
[run] model=kan  params=6,560
  round   1/50: acc=0.5077  f1m=0.3503  uplink_kB=282.0  t=3.21s
  round   2/50: acc=0.7618  f1m=0.7519  uplink_kB=282.0  t=2.61s
  round   3/50: acc=0.7398  f1m=0.7260  uplink_kB=282.0  t=2.29s
  round   4/50: acc=0.8298  f1m=0.8272  uplink_kB=282.0  t=2.27s
  round   5/50: acc=0.8809  f1m=0.8801  uplink_kB=282.0  t=2.05s
  round   6/50: acc=0.9420  f1m=0.9420  uplink_kB=282.0  t=2.24s
  round   7/50: acc=0.9131  f1m=0.9129  uplink_kB=282.0  t=2.07s
  round   8/50: acc=0.9563  f1m=0.9562  uplink_kB=282.0  t=2.10s
  round   9/50: acc=0.9111  f1m=0.9109  uplink_kB=282.0  t=2.07s
  round  10/50: acc=0.9534  f1m=0.9534  uplink_kB=282.0  t=2.15s
  round  11/50: acc=0.9536  f1m=0.9536  uplink_kB=282.0  t=2.11s
  round  12/50: acc=0.9487  f1m=0.9487  uplink_kB=282.0  t=2.12s
  round  13/50: acc=0.9568  f1m=0.9568  uplink_kB=282.0  t=2.15s
  round  14/50: acc=0.9536  f1m=0.9536  uplink_kB=282.0  t=2.08s
  round  15/50: acc=0.9632  f1m=0.9632  uplink_kB=282.0  t=2.26s
  round  16/50: acc=0.9593  f1m=0.9592  uplink_kB=282.0  t=2.16s
  round  17/50: acc=0.9638  f1m=0.9638  uplink_kB=282.0  t=2.13s
  round  18/50: acc=0.9660  f1m=0.9660  uplink_kB=282.0  t=2.18s
  round  19/50: acc=0.9604  f1m=0.9604  uplink_kB=282.0  t=2.26s
  round  20/50: acc=0.9523  f1m=0.9523  uplink_kB=282.0  t=2.18s
  round  21/50: acc=0.9644  f1m=0.9644  uplink_kB=282.0  t=1.90s
  round  22/50: acc=0.9654  f1m=0.9654  uplink_kB=282.0  t=1.90s
  round  23/50: acc=0.9634  f1m=0.9634  uplink_kB=282.0  t=1.92s
  round  24/50: acc=0.9544  f1m=0.9544  uplink_kB=282.0  t=1.93s
  round  25/50: acc=0.9602  f1m=0.9602  uplink_kB=282.0  t=1.89s
  round  26/50: acc=0.9475  f1m=0.9475  uplink_kB=282.0  t=1.92s
  round  27/50: acc=0.9648  f1m=0.9648  uplink_kB=282.0  t=1.97s
  round  28/50: acc=0.9538  f1m=0.9538  uplink_kB=282.0  t=1.85s
  round  29/50: acc=0.9679  f1m=0.9679  uplink_kB=282.0  t=1.93s
  round  30/50: acc=0.9605  f1m=0.9605  uplink_kB=282.0  t=1.92s
  round  31/50: acc=0.9512  f1m=0.9512  uplink_kB=282.0  t=1.97s
  round  32/50: acc=0.9633  f1m=0.9633  uplink_kB=282.0  t=1.94s
  round  33/50: acc=0.9684  f1m=0.9684  uplink_kB=282.0  t=1.93s
  round  34/50: acc=0.9702  f1m=0.9702  uplink_kB=282.0  t=1.94s
  round  35/50: acc=0.9679  f1m=0.9679  uplink_kB=282.0  t=1.97s
  round  36/50: acc=0.9658  f1m=0.9658  uplink_kB=282.0  t=1.89s
  round  37/50: acc=0.9633  f1m=0.9633  uplink_kB=282.0  t=1.86s
  round  38/50: acc=0.9603  f1m=0.9603  uplink_kB=282.0  t=1.95s
  round  39/50: acc=0.9570  f1m=0.9570  uplink_kB=282.0  t=1.90s
  round  40/50: acc=0.9703  f1m=0.9703  uplink_kB=282.0  t=1.95s
  round  41/50: acc=0.9746  f1m=0.9746  uplink_kB=282.0  t=1.94s
  round  42/50: acc=0.9426  f1m=0.9426  uplink_kB=282.0  t=1.96s
  round  43/50: acc=0.9734  f1m=0.9734  uplink_kB=282.0  t=1.88s
  round  44/50: acc=0.9667  f1m=0.9667  uplink_kB=282.0  t=1.98s
  round  45/50: acc=0.9716  f1m=0.9716  uplink_kB=282.0  t=1.84s
  round  46/50: acc=0.9726  f1m=0.9726  uplink_kB=282.0  t=1.96s
  round  47/50: acc=0.9651  f1m=0.9651  uplink_kB=282.0  t=1.94s
  round  48/50: acc=0.9750  f1m=0.9750  uplink_kB=282.0  t=1.91s
  round  49/50: acc=0.9738  f1m=0.9738  uplink_kB=282.0  t=1.99s
  round  50/50: acc=0.9712  f1m=0.9712  uplink_kB=282.0  t=2.08s
[run] DONE -> /Users/agentra/Documents/hao/working/paper-lab/hao-paper-2026/iotj-fedkan-ids/repo/results/lrsweep_cseciic/lrsweep_kan16_lr0p01__dir0.1__seed31/metrics.json  final_acc=0.9712
