[run] device=cpu  seed=23  out=/Users/agentra/Documents/hao/working/paper-lab/hao-paper-2026/iotj-fedkan-ids/repo/results/lrsweep_cseciic_mc50k/lrsweep_mlp80_lr0p01__dir0.1__seed23
[run] model=mlp  params=4,415
  round   1/50: acc=0.4783  f1m=0.2243  uplink_kB=172.5  t=1.62s
  round   2/50: acc=0.5994  f1m=0.4250  uplink_kB=172.5  t=1.03s
  round   3/50: acc=0.6020  f1m=0.4176  uplink_kB=172.5  t=1.07s
  round   4/50: acc=0.6024  f1m=0.4255  uplink_kB=172.5  t=0.99s
  round   5/50: acc=0.5974  f1m=0.4021  uplink_kB=172.5  t=1.05s
  round   6/50: acc=0.6262  f1m=0.4333  uplink_kB=172.5  t=1.03s
  round   7/50: acc=0.6464  f1m=0.4463  uplink_kB=172.5  t=1.06s
  round   8/50: acc=0.6664  f1m=0.4810  uplink_kB=172.5  t=1.05s
  round   9/50: acc=0.6824  f1m=0.4917  uplink_kB=172.5  t=1.09s
  round  10/50: acc=0.7320  f1m=0.5198  uplink_kB=172.5  t=1.03s
  round  11/50: acc=0.7278  f1m=0.5164  uplink_kB=172.5  t=1.09s
  round  12/50: acc=0.7302  f1m=0.5173  uplink_kB=172.5  t=1.04s
  round  13/50: acc=0.7313  f1m=0.5191  uplink_kB=172.5  t=1.08s
  round  14/50: acc=0.7306  f1m=0.5180  uplink_kB=172.5  t=0.97s
  round  15/50: acc=0.7323  f1m=0.5209  uplink_kB=172.5  t=1.09s
  round  16/50: acc=0.7325  f1m=0.5205  uplink_kB=172.5  t=1.00s
  round  17/50: acc=0.7342  f1m=0.5230  uplink_kB=172.5  t=1.09s
  round  18/50: acc=0.7336  f1m=0.5225  uplink_kB=172.5  t=1.04s
  round  19/50: acc=0.7316  f1m=0.5206  uplink_kB=172.5  t=1.09s
  round  20/50: acc=0.7328  f1m=0.5219  uplink_kB=172.5  t=1.01s
  round  21/50: acc=0.7314  f1m=0.5205  uplink_kB=172.5  t=1.07s
  round  22/50: acc=0.7334  f1m=0.5224  uplink_kB=172.5  t=1.01s
  round  23/50: acc=0.7332  f1m=0.5220  uplink_kB=172.5  t=1.06s
  round  24/50: acc=0.7322  f1m=0.5190  uplink_kB=172.5  t=1.02s
  round  25/50: acc=0.7355  f1m=0.5247  uplink_kB=172.5  t=1.12s
  round  26/50: acc=0.7342  f1m=0.5209  uplink_kB=172.5  t=1.06s
  round  27/50: acc=0.7358  f1m=0.5224  uplink_kB=172.5  t=1.09s
  round  28/50: acc=0.7349  f1m=0.5240  uplink_kB=172.5  t=1.04s
  round  29/50: acc=0.7350  f1m=0.5221  uplink_kB=172.5  t=1.09s
  round  30/50: acc=0.7350  f1m=0.5238  uplink_kB=172.5  t=0.99s
  round  31/50: acc=0.7355  f1m=0.5248  uplink_kB=172.5  t=1.05s
  round  32/50: acc=0.7343  f1m=0.5249  uplink_kB=172.5  t=1.01s
  round  33/50: acc=0.7364  f1m=0.5275  uplink_kB=172.5  t=1.06s
  round  34/50: acc=0.7343  f1m=0.5216  uplink_kB=172.5  t=1.01s
  round  35/50: acc=0.7553  f1m=0.5478  uplink_kB=172.5  t=1.04s
  round  36/50: acc=0.7371  f1m=0.5266  uplink_kB=172.5  t=1.04s
  round  37/50: acc=0.7583  f1m=0.5525  uplink_kB=172.5  t=1.07s
  round  38/50: acc=0.7568  f1m=0.5475  uplink_kB=172.5  t=1.10s
  round  39/50: acc=0.7564  f1m=0.5479  uplink_kB=172.5  t=1.08s
  round  40/50: acc=0.7355  f1m=0.5256  uplink_kB=172.5  t=1.02s
  round  41/50: acc=0.7588  f1m=0.5516  uplink_kB=172.5  t=1.07s
  round  42/50: acc=0.7569  f1m=0.5490  uplink_kB=172.5  t=1.03s
  round  43/50: acc=0.7553  f1m=0.5465  uplink_kB=172.5  t=1.08s
  round  44/50: acc=0.7598  f1m=0.5525  uplink_kB=172.5  t=1.05s
  round  45/50: acc=0.7555  f1m=0.5470  uplink_kB=172.5  t=1.09s
  round  46/50: acc=0.7608  f1m=0.5558  uplink_kB=172.5  t=1.04s
  round  47/50: acc=0.7572  f1m=0.5482  uplink_kB=172.5  t=1.12s
  round  48/50: acc=0.7580  f1m=0.5486  uplink_kB=172.5  t=1.01s
  round  49/50: acc=0.7594  f1m=0.5519  uplink_kB=172.5  t=1.10s
  round  50/50: acc=0.7578  f1m=0.5498  uplink_kB=172.5  t=1.06s
[run] DONE -> /Users/agentra/Documents/hao/working/paper-lab/hao-paper-2026/iotj-fedkan-ids/repo/results/lrsweep_cseciic_mc50k/lrsweep_mlp80_lr0p01__dir0.1__seed23/metrics.json  final_acc=0.7578
