[run] device=cpu  seed=42  out=/Users/agentra/Documents/hao/working/paper-lab/hao-paper-2026/iotj-fedkan-ids/repo/results/lrsweep_toniot/lrsweep_mlp32_lr0p01__dir0.1__seed42
[run] model=mlp  params=1,346
  round   1/50: acc=0.5000  f1m=0.3333  uplink_kB=52.6  t=1.18s
  round   2/50: acc=0.5000  f1m=0.3333  uplink_kB=52.6  t=0.65s
  round   3/50: acc=0.5000  f1m=0.3333  uplink_kB=52.6  t=0.67s
  round   4/50: acc=0.5000  f1m=0.3333  uplink_kB=52.6  t=0.67s
  round   5/50: acc=0.5000  f1m=0.3333  uplink_kB=52.6  t=0.67s
  round   6/50: acc=0.5000  f1m=0.3333  uplink_kB=52.6  t=0.59s
  round   7/50: acc=0.5065  f1m=0.3483  uplink_kB=52.6  t=0.65s
  round   8/50: acc=0.5184  f1m=0.3744  uplink_kB=52.6  t=0.67s
  round   9/50: acc=0.5447  f1m=0.4273  uplink_kB=52.6  t=0.63s
  round  10/50: acc=0.5495  f1m=0.4371  uplink_kB=52.6  t=0.63s
  round  11/50: acc=0.5492  f1m=0.4366  uplink_kB=52.6  t=0.64s
  round  12/50: acc=0.5638  f1m=0.4637  uplink_kB=52.6  t=0.67s
  round  13/50: acc=0.5720  f1m=0.4787  uplink_kB=52.6  t=0.62s
  round  14/50: acc=0.5783  f1m=0.4899  uplink_kB=52.6  t=0.66s
  round  15/50: acc=0.5806  f1m=0.4940  uplink_kB=52.6  t=0.67s
  round  16/50: acc=0.5803  f1m=0.4934  uplink_kB=52.6  t=0.67s
  round  17/50: acc=0.5838  f1m=0.4996  uplink_kB=52.6  t=0.63s
  round  18/50: acc=0.5860  f1m=0.5040  uplink_kB=52.6  t=0.64s
  round  19/50: acc=0.5870  f1m=0.5063  uplink_kB=52.6  t=0.65s
  round  20/50: acc=0.5865  f1m=0.5052  uplink_kB=52.6  t=0.61s
  round  21/50: acc=0.5972  f1m=0.5240  uplink_kB=52.6  t=0.64s
  round  22/50: acc=0.6047  f1m=0.5376  uplink_kB=52.6  t=0.64s
  round  23/50: acc=0.6003  f1m=0.5298  uplink_kB=52.6  t=0.67s
  round  24/50: acc=0.6256  f1m=0.5720  uplink_kB=52.6  t=0.65s
  round  25/50: acc=0.6395  f1m=0.5929  uplink_kB=52.6  t=0.66s
  round  26/50: acc=0.6227  f1m=0.5676  uplink_kB=52.6  t=0.61s
  round  27/50: acc=0.6290  f1m=0.5774  uplink_kB=52.6  t=0.65s
  round  28/50: acc=0.6165  f1m=0.5578  uplink_kB=52.6  t=0.65s
  round  29/50: acc=0.6453  f1m=0.6023  uplink_kB=52.6  t=0.66s
  round  30/50: acc=0.6887  f1m=0.6655  uplink_kB=52.6  t=0.63s
  round  31/50: acc=0.6910  f1m=0.6676  uplink_kB=52.6  t=0.66s
  round  32/50: acc=0.6810  f1m=0.6535  uplink_kB=52.6  t=0.60s
  round  33/50: acc=0.6987  f1m=0.6777  uplink_kB=52.6  t=0.66s
  round  34/50: acc=0.7177  f1m=0.7051  uplink_kB=52.6  t=0.65s
  round  35/50: acc=0.7263  f1m=0.7164  uplink_kB=52.6  t=0.64s
  round  36/50: acc=0.7245  f1m=0.7148  uplink_kB=52.6  t=0.66s
  round  37/50: acc=0.7188  f1m=0.7076  uplink_kB=52.6  t=0.66s
  round  38/50: acc=0.7266  f1m=0.7178  uplink_kB=52.6  t=0.63s
  round  39/50: acc=0.7267  f1m=0.7181  uplink_kB=52.6  t=0.64s
  round  40/50: acc=0.7270  f1m=0.7199  uplink_kB=52.6  t=0.65s
  round  41/50: acc=0.7258  f1m=0.7191  uplink_kB=52.6  t=0.67s
  round  42/50: acc=0.7232  f1m=0.7139  uplink_kB=52.6  t=0.63s
  round  43/50: acc=0.7312  f1m=0.7240  uplink_kB=52.6  t=0.64s
  round  44/50: acc=0.7284  f1m=0.7214  uplink_kB=52.6  t=0.67s
  round  45/50: acc=0.7262  f1m=0.7211  uplink_kB=52.6  t=0.61s
  round  46/50: acc=0.7259  f1m=0.7196  uplink_kB=52.6  t=0.66s
  round  47/50: acc=0.7271  f1m=0.7197  uplink_kB=52.6  t=0.63s
  round  48/50: acc=0.7308  f1m=0.7262  uplink_kB=52.6  t=0.67s
  round  49/50: acc=0.7282  f1m=0.7214  uplink_kB=52.6  t=0.67s
  round  50/50: acc=0.7327  f1m=0.7288  uplink_kB=52.6  t=0.65s
[run] DONE -> /Users/agentra/Documents/hao/working/paper-lab/hao-paper-2026/iotj-fedkan-ids/repo/results/lrsweep_toniot/lrsweep_mlp32_lr0p01__dir0.1__seed42/metrics.json  final_acc=0.7327
