[run] device=cpu  seed=23  out=/Users/agentra/Documents/hao/working/paper-lab/hao-paper-2026/iotj-fedkan-ids/repo/results/lrsweep_cseciic/lrsweep_mlp80_lr0p03__dir0.1__seed23
[run] model=mlp  params=3,362
  round   1/50: acc=0.5605  f1m=0.4554  uplink_kB=131.3  t=1.40s
  round   2/50: acc=0.5643  f1m=0.4624  uplink_kB=131.3  t=0.70s
  round   3/50: acc=0.5912  f1m=0.5093  uplink_kB=131.3  t=0.67s
  round   4/50: acc=0.9315  f1m=0.9313  uplink_kB=131.3  t=0.66s
  round   5/50: acc=0.9366  f1m=0.9364  uplink_kB=131.3  t=0.63s
  round   6/50: acc=0.9387  f1m=0.9385  uplink_kB=131.3  t=0.69s
  round   7/50: acc=0.9388  f1m=0.9386  uplink_kB=131.3  t=0.72s
  round   8/50: acc=0.9408  f1m=0.9406  uplink_kB=131.3  t=0.69s
  round   9/50: acc=0.9435  f1m=0.9434  uplink_kB=131.3  t=0.70s
  round  10/50: acc=0.9400  f1m=0.9398  uplink_kB=131.3  t=0.69s
  round  11/50: acc=0.9397  f1m=0.9395  uplink_kB=131.3  t=0.63s
  round  12/50: acc=0.9410  f1m=0.9408  uplink_kB=131.3  t=0.69s
  round  13/50: acc=0.9407  f1m=0.9405  uplink_kB=131.3  t=0.73s
  round  14/50: acc=0.9397  f1m=0.9395  uplink_kB=131.3  t=0.68s
  round  15/50: acc=0.9408  f1m=0.9406  uplink_kB=131.3  t=0.71s
  round  16/50: acc=0.9462  f1m=0.9460  uplink_kB=131.3  t=0.71s
  round  17/50: acc=0.9637  f1m=0.9636  uplink_kB=131.3  t=0.71s
  round  18/50: acc=0.9638  f1m=0.9637  uplink_kB=131.3  t=0.66s
  round  19/50: acc=0.9416  f1m=0.9414  uplink_kB=131.3  t=0.66s
  round  20/50: acc=0.9724  f1m=0.9724  uplink_kB=131.3  t=0.62s
  round  21/50: acc=0.9642  f1m=0.9642  uplink_kB=131.3  t=0.68s
  round  22/50: acc=0.9724  f1m=0.9724  uplink_kB=131.3  t=0.75s
  round  23/50: acc=0.9717  f1m=0.9717  uplink_kB=131.3  t=0.68s
  round  24/50: acc=0.9730  f1m=0.9730  uplink_kB=131.3  t=0.66s
  round  25/50: acc=0.9694  f1m=0.9694  uplink_kB=131.3  t=0.67s
  round  26/50: acc=0.9733  f1m=0.9733  uplink_kB=131.3  t=0.74s
  round  27/50: acc=0.9622  f1m=0.9622  uplink_kB=131.3  t=0.69s
  round  28/50: acc=0.9731  f1m=0.9731  uplink_kB=131.3  t=0.68s
  round  29/50: acc=0.9678  f1m=0.9678  uplink_kB=131.3  t=0.68s
  round  30/50: acc=0.9733  f1m=0.9733  uplink_kB=131.3  t=0.71s
  round  31/50: acc=0.9458  f1m=0.9457  uplink_kB=131.3  t=0.64s
  round  32/50: acc=0.9600  f1m=0.9599  uplink_kB=131.3  t=0.67s
  round  33/50: acc=0.9677  f1m=0.9676  uplink_kB=131.3  t=0.69s
  round  34/50: acc=0.9608  f1m=0.9608  uplink_kB=131.3  t=0.68s
  round  35/50: acc=0.9685  f1m=0.9685  uplink_kB=131.3  t=0.65s
  round  36/50: acc=0.9687  f1m=0.9686  uplink_kB=131.3  t=0.63s
  round  37/50: acc=0.9687  f1m=0.9687  uplink_kB=131.3  t=0.62s
  round  38/50: acc=0.9717  f1m=0.9717  uplink_kB=131.3  t=0.65s
  round  39/50: acc=0.9406  f1m=0.9404  uplink_kB=131.3  t=0.66s
  round  40/50: acc=0.9616  f1m=0.9616  uplink_kB=131.3  t=0.66s
  round  41/50: acc=0.9729  f1m=0.9729  uplink_kB=131.3  t=0.64s
  round  42/50: acc=0.9630  f1m=0.9630  uplink_kB=131.3  t=0.65s
  round  43/50: acc=0.9617  f1m=0.9616  uplink_kB=131.3  t=0.66s
  round  44/50: acc=0.9671  f1m=0.9671  uplink_kB=131.3  t=0.63s
  round  45/50: acc=0.9662  f1m=0.9662  uplink_kB=131.3  t=0.69s
  round  46/50: acc=0.9616  f1m=0.9615  uplink_kB=131.3  t=0.69s
  round  47/50: acc=0.9617  f1m=0.9616  uplink_kB=131.3  t=0.68s
  round  48/50: acc=0.9702  f1m=0.9702  uplink_kB=131.3  t=0.67s
  round  49/50: acc=0.9666  f1m=0.9666  uplink_kB=131.3  t=0.71s
  round  50/50: acc=0.9683  f1m=0.9683  uplink_kB=131.3  t=0.68s
[run] DONE -> /Users/agentra/Documents/hao/working/paper-lab/hao-paper-2026/iotj-fedkan-ids/repo/results/lrsweep_cseciic/lrsweep_mlp80_lr0p03__dir0.1__seed23/metrics.json  final_acc=0.9683
