[run] device=cpu  seed=2024  out=/Users/agentra/Documents/hao/working/paper-lab/hao-paper-2026/iotj-fedkan-ids/repo/results/lrsweep_toniot/lrsweep_mlp80_lr0p003__dir0.1__seed2024
[run] model=mlp  params=3,362
  round   1/50: acc=0.6926  f1m=0.6904  uplink_kB=131.3  t=1.23s
  round   2/50: acc=0.6764  f1m=0.6727  uplink_kB=131.3  t=0.69s
  round   3/50: acc=0.6833  f1m=0.6803  uplink_kB=131.3  t=0.69s
  round   4/50: acc=0.6878  f1m=0.6850  uplink_kB=131.3  t=0.68s
  round   5/50: acc=0.6942  f1m=0.6918  uplink_kB=131.3  t=0.71s
  round   6/50: acc=0.6989  f1m=0.6969  uplink_kB=131.3  t=0.63s
  round   7/50: acc=0.7946  f1m=0.7883  uplink_kB=131.3  t=0.66s
  round   8/50: acc=0.7934  f1m=0.7870  uplink_kB=131.3  t=0.69s
  round   9/50: acc=0.7899  f1m=0.7831  uplink_kB=131.3  t=0.69s
  round  10/50: acc=0.7957  f1m=0.7896  uplink_kB=131.3  t=0.67s
  round  11/50: acc=0.7926  f1m=0.7860  uplink_kB=131.3  t=0.71s
  round  12/50: acc=0.7943  f1m=0.7879  uplink_kB=131.3  t=0.63s
  round  13/50: acc=0.7946  f1m=0.7882  uplink_kB=131.3  t=0.66s
  round  14/50: acc=0.7919  f1m=0.7853  uplink_kB=131.3  t=0.67s
  round  15/50: acc=0.7938  f1m=0.7874  uplink_kB=131.3  t=0.66s
  round  16/50: acc=0.7925  f1m=0.7859  uplink_kB=131.3  t=0.65s
  round  17/50: acc=0.7919  f1m=0.7852  uplink_kB=131.3  t=0.67s
  round  18/50: acc=0.8023  f1m=0.7956  uplink_kB=131.3  t=0.66s
  round  19/50: acc=0.8010  f1m=0.7942  uplink_kB=131.3  t=0.65s
  round  20/50: acc=0.5845  f1m=0.5057  uplink_kB=131.3  t=0.62s
  round  21/50: acc=0.5840  f1m=0.5046  uplink_kB=131.3  t=0.66s
  round  22/50: acc=0.8028  f1m=0.7961  uplink_kB=131.3  t=0.67s
  round  23/50: acc=0.5802  f1m=0.4973  uplink_kB=131.3  t=0.67s
  round  24/50: acc=0.5821  f1m=0.5006  uplink_kB=131.3  t=0.65s
  round  25/50: acc=0.7996  f1m=0.7925  uplink_kB=131.3  t=0.61s
  round  26/50: acc=0.8033  f1m=0.7966  uplink_kB=131.3  t=0.68s
  round  27/50: acc=0.8030  f1m=0.7961  uplink_kB=131.3  t=0.66s
  round  28/50: acc=0.7993  f1m=0.7919  uplink_kB=131.3  t=0.66s
  round  29/50: acc=0.8023  f1m=0.7952  uplink_kB=131.3  t=0.67s
  round  30/50: acc=0.8027  f1m=0.7957  uplink_kB=131.3  t=0.67s
  round  31/50: acc=0.8058  f1m=0.7992  uplink_kB=131.3  t=0.68s
  round  32/50: acc=0.8046  f1m=0.7979  uplink_kB=131.3  t=0.62s
  round  33/50: acc=0.8057  f1m=0.7990  uplink_kB=131.3  t=0.67s
  round  34/50: acc=0.8028  f1m=0.7958  uplink_kB=131.3  t=0.68s
  round  35/50: acc=0.8056  f1m=0.7989  uplink_kB=131.3  t=0.67s
  round  36/50: acc=0.8116  f1m=0.8056  uplink_kB=131.3  t=0.69s
  round  37/50: acc=0.8014  f1m=0.7943  uplink_kB=131.3  t=0.68s
  round  38/50: acc=0.8041  f1m=0.7973  uplink_kB=131.3  t=0.65s
  round  39/50: acc=0.8055  f1m=0.7988  uplink_kB=131.3  t=0.59s
  round  40/50: acc=0.8140  f1m=0.8083  uplink_kB=131.3  t=0.66s
  round  41/50: acc=0.8054  f1m=0.7987  uplink_kB=131.3  t=0.65s
  round  42/50: acc=0.8039  f1m=0.7970  uplink_kB=131.3  t=0.66s
  round  43/50: acc=0.8138  f1m=0.8080  uplink_kB=131.3  t=0.66s
  round  44/50: acc=0.8058  f1m=0.7991  uplink_kB=131.3  t=0.66s
  round  45/50: acc=0.8090  f1m=0.8027  uplink_kB=131.3  t=0.67s
  round  46/50: acc=0.8132  f1m=0.8073  uplink_kB=131.3  t=0.61s
  round  47/50: acc=0.8101  f1m=0.8039  uplink_kB=131.3  t=0.67s
  round  48/50: acc=0.8110  f1m=0.8049  uplink_kB=131.3  t=0.66s
  round  49/50: acc=0.8138  f1m=0.8080  uplink_kB=131.3  t=0.67s
  round  50/50: acc=0.8106  f1m=0.8044  uplink_kB=131.3  t=0.66s
[run] DONE -> /Users/agentra/Documents/hao/working/paper-lab/hao-paper-2026/iotj-fedkan-ids/repo/results/lrsweep_toniot/lrsweep_mlp80_lr0p003__dir0.1__seed2024/metrics.json  final_acc=0.8106
