[run] device=cpu  seed=43  out=/Users/agentra/Documents/hao/working/paper-lab/hao-paper-2026/iotj-fedkan-ids/repo/results/lrsweep_cseciic/lrsweep_mlp80_lr0p003__dir0.1__seed43
[run] model=mlp  params=3,362
  round   1/50: acc=0.7735  f1m=0.7653  uplink_kB=131.3  t=1.42s
  round   2/50: acc=0.7562  f1m=0.7451  uplink_kB=131.3  t=0.70s
  round   3/50: acc=0.7652  f1m=0.7556  uplink_kB=131.3  t=0.70s
  round   4/50: acc=0.7751  f1m=0.7671  uplink_kB=131.3  t=0.62s
  round   5/50: acc=0.7931  f1m=0.7871  uplink_kB=131.3  t=0.68s
  round   6/50: acc=0.8022  f1m=0.7972  uplink_kB=131.3  t=0.71s
  round   7/50: acc=0.8067  f1m=0.8022  uplink_kB=131.3  t=0.71s
  round   8/50: acc=0.8365  f1m=0.8341  uplink_kB=131.3  t=0.66s
  round   9/50: acc=0.8510  f1m=0.8493  uplink_kB=131.3  t=0.70s
  round  10/50: acc=0.8512  f1m=0.8494  uplink_kB=131.3  t=0.66s
  round  11/50: acc=0.8675  f1m=0.8665  uplink_kB=131.3  t=0.63s
  round  12/50: acc=0.8974  f1m=0.8970  uplink_kB=131.3  t=0.69s
  round  13/50: acc=0.8979  f1m=0.8976  uplink_kB=131.3  t=0.74s
  round  14/50: acc=0.9005  f1m=0.9002  uplink_kB=131.3  t=0.70s
  round  15/50: acc=0.9010  f1m=0.9007  uplink_kB=131.3  t=0.69s
  round  16/50: acc=0.9027  f1m=0.9024  uplink_kB=131.3  t=0.68s
  round  17/50: acc=0.9019  f1m=0.9016  uplink_kB=131.3  t=0.64s
  round  18/50: acc=0.9011  f1m=0.9008  uplink_kB=131.3  t=0.71s
  round  19/50: acc=0.9016  f1m=0.9013  uplink_kB=131.3  t=0.68s
  round  20/50: acc=0.9011  f1m=0.9007  uplink_kB=131.3  t=0.71s
  round  21/50: acc=0.9018  f1m=0.9014  uplink_kB=131.3  t=0.65s
  round  22/50: acc=0.9032  f1m=0.9029  uplink_kB=131.3  t=0.69s
  round  23/50: acc=0.9075  f1m=0.9073  uplink_kB=131.3  t=0.68s
  round  24/50: acc=0.9039  f1m=0.9036  uplink_kB=131.3  t=0.65s
  round  25/50: acc=0.9070  f1m=0.9067  uplink_kB=131.3  t=0.78s
  round  26/50: acc=0.9080  f1m=0.9078  uplink_kB=131.3  t=0.67s
  round  27/50: acc=0.9074  f1m=0.9072  uplink_kB=131.3  t=0.68s
  round  28/50: acc=0.9080  f1m=0.9078  uplink_kB=131.3  t=0.66s
  round  29/50: acc=0.9331  f1m=0.9331  uplink_kB=131.3  t=0.67s
  round  30/50: acc=0.9324  f1m=0.9324  uplink_kB=131.3  t=0.67s
  round  31/50: acc=0.9324  f1m=0.9323  uplink_kB=131.3  t=0.64s
  round  32/50: acc=0.9309  f1m=0.9309  uplink_kB=131.3  t=0.69s
  round  33/50: acc=0.9355  f1m=0.9355  uplink_kB=131.3  t=0.68s
  round  34/50: acc=0.9332  f1m=0.9331  uplink_kB=131.3  t=0.64s
  round  35/50: acc=0.9352  f1m=0.9351  uplink_kB=131.3  t=0.67s
  round  36/50: acc=0.9334  f1m=0.9333  uplink_kB=131.3  t=0.68s
  round  37/50: acc=0.9392  f1m=0.9392  uplink_kB=131.3  t=0.69s
  round  38/50: acc=0.9346  f1m=0.9346  uplink_kB=131.3  t=0.63s
  round  39/50: acc=0.9356  f1m=0.9355  uplink_kB=131.3  t=0.67s
  round  40/50: acc=0.9367  f1m=0.9366  uplink_kB=131.3  t=0.67s
  round  41/50: acc=0.9336  f1m=0.9336  uplink_kB=131.3  t=0.66s
  round  42/50: acc=0.9323  f1m=0.9323  uplink_kB=131.3  t=0.65s
  round  43/50: acc=0.9370  f1m=0.9369  uplink_kB=131.3  t=0.67s
  round  44/50: acc=0.9375  f1m=0.9375  uplink_kB=131.3  t=0.66s
  round  45/50: acc=0.9392  f1m=0.9392  uplink_kB=131.3  t=0.66s
  round  46/50: acc=0.9383  f1m=0.9383  uplink_kB=131.3  t=0.60s
  round  47/50: acc=0.9396  f1m=0.9396  uplink_kB=131.3  t=0.65s
  round  48/50: acc=0.9392  f1m=0.9392  uplink_kB=131.3  t=0.67s
  round  49/50: acc=0.9402  f1m=0.9402  uplink_kB=131.3  t=0.67s
  round  50/50: acc=0.9375  f1m=0.9374  uplink_kB=131.3  t=0.68s
[run] DONE -> /Users/agentra/Documents/hao/working/paper-lab/hao-paper-2026/iotj-fedkan-ids/repo/results/lrsweep_cseciic/lrsweep_mlp80_lr0p003__dir0.1__seed43/metrics.json  final_acc=0.9375
