[run] device=cpu  seed=17  out=/Users/agentra/Documents/hao/working/paper-lab/hao-paper-2026/iotj-fedkan-ids/repo/results/lrsweep_cseciic/lrsweep_mlp80_lr0p003__dir0.1__seed17
[run] model=mlp  params=3,362
  round   1/50: acc=0.5113  f1m=0.3649  uplink_kB=131.3  t=1.31s
  round   2/50: acc=0.4999  f1m=0.3333  uplink_kB=131.3  t=0.69s
  round   3/50: acc=0.5000  f1m=0.3333  uplink_kB=131.3  t=0.68s
  round   4/50: acc=0.5000  f1m=0.3333  uplink_kB=131.3  t=0.71s
  round   5/50: acc=0.5000  f1m=0.3334  uplink_kB=131.3  t=0.69s
  round   6/50: acc=0.5065  f1m=0.3478  uplink_kB=131.3  t=0.63s
  round   7/50: acc=0.5100  f1m=0.3554  uplink_kB=131.3  t=0.65s
  round   8/50: acc=0.5176  f1m=0.3718  uplink_kB=131.3  t=0.70s
  round   9/50: acc=0.5452  f1m=0.4275  uplink_kB=131.3  t=0.73s
  round  10/50: acc=0.6089  f1m=0.5396  uplink_kB=131.3  t=0.67s
  round  11/50: acc=0.6407  f1m=0.5886  uplink_kB=131.3  t=0.67s
  round  12/50: acc=0.6671  f1m=0.6270  uplink_kB=131.3  t=0.69s
  round  13/50: acc=0.7051  f1m=0.6784  uplink_kB=131.3  t=0.70s
  round  14/50: acc=0.7562  f1m=0.7421  uplink_kB=131.3  t=0.68s
  round  15/50: acc=0.7703  f1m=0.7587  uplink_kB=131.3  t=0.69s
  round  16/50: acc=0.7875  f1m=0.7787  uplink_kB=131.3  t=0.68s
  round  17/50: acc=0.7910  f1m=0.7826  uplink_kB=131.3  t=0.69s
  round  18/50: acc=0.7994  f1m=0.7924  uplink_kB=131.3  t=0.68s
  round  19/50: acc=0.8115  f1m=0.8058  uplink_kB=131.3  t=0.66s
  round  20/50: acc=0.8213  f1m=0.8167  uplink_kB=131.3  t=0.70s
  round  21/50: acc=0.8157  f1m=0.8105  uplink_kB=131.3  t=0.70s
  round  22/50: acc=0.8218  f1m=0.8171  uplink_kB=131.3  t=0.70s
  round  23/50: acc=0.8525  f1m=0.8502  uplink_kB=131.3  t=0.71s
  round  24/50: acc=0.8403  f1m=0.8371  uplink_kB=131.3  t=0.67s
  round  25/50: acc=0.8528  f1m=0.8504  uplink_kB=131.3  t=0.63s
  round  26/50: acc=0.8529  f1m=0.8506  uplink_kB=131.3  t=0.63s
  round  27/50: acc=0.8918  f1m=0.8911  uplink_kB=131.3  t=0.73s
  round  28/50: acc=0.8920  f1m=0.8912  uplink_kB=131.3  t=0.67s
  round  29/50: acc=0.8923  f1m=0.8915  uplink_kB=131.3  t=0.68s
  round  30/50: acc=0.8924  f1m=0.8917  uplink_kB=131.3  t=0.68s
  round  31/50: acc=0.8963  f1m=0.8956  uplink_kB=131.3  t=0.63s
  round  32/50: acc=0.9159  f1m=0.9156  uplink_kB=131.3  t=0.68s
  round  33/50: acc=0.9158  f1m=0.9155  uplink_kB=131.3  t=0.65s
  round  34/50: acc=0.9157  f1m=0.9154  uplink_kB=131.3  t=0.73s
  round  35/50: acc=0.9156  f1m=0.9153  uplink_kB=131.3  t=0.71s
  round  36/50: acc=0.9158  f1m=0.9155  uplink_kB=131.3  t=0.69s
  round  37/50: acc=0.9159  f1m=0.9156  uplink_kB=131.3  t=0.70s
  round  38/50: acc=0.9145  f1m=0.9142  uplink_kB=131.3  t=0.67s
  round  39/50: acc=0.9149  f1m=0.9146  uplink_kB=131.3  t=0.67s
  round  40/50: acc=0.9146  f1m=0.9143  uplink_kB=131.3  t=0.65s
  round  41/50: acc=0.9143  f1m=0.9140  uplink_kB=131.3  t=0.70s
  round  42/50: acc=0.9140  f1m=0.9137  uplink_kB=131.3  t=0.68s
  round  43/50: acc=0.9135  f1m=0.9132  uplink_kB=131.3  t=0.69s
  round  44/50: acc=0.9131  f1m=0.9127  uplink_kB=131.3  t=0.66s
  round  45/50: acc=0.9130  f1m=0.9127  uplink_kB=131.3  t=0.68s
  round  46/50: acc=0.9127  f1m=0.9124  uplink_kB=131.3  t=0.69s
  round  47/50: acc=0.9128  f1m=0.9124  uplink_kB=131.3  t=0.66s
  round  48/50: acc=0.9124  f1m=0.9120  uplink_kB=131.3  t=0.74s
  round  49/50: acc=0.9124  f1m=0.9120  uplink_kB=131.3  t=0.67s
  round  50/50: acc=0.9121  f1m=0.9118  uplink_kB=131.3  t=0.71s
[run] DONE -> /Users/agentra/Documents/hao/working/paper-lab/hao-paper-2026/iotj-fedkan-ids/repo/results/lrsweep_cseciic/lrsweep_mlp80_lr0p003__dir0.1__seed17/metrics.json  final_acc=0.9121
