[run] device=cpu  seed=42  out=/Users/agentra/Documents/hao/working/paper-lab/hao-paper-2026/iotj-fedkan-ids/repo/results/sensitivity_botiot/sens_h32__dir0.1__seed42
[run] model=kan  params=13,120
  round   1/50: acc=0.5422  f1m=0.4223  uplink_kB=545.8  t=3.75s
  round   2/50: acc=0.9697  f1m=0.9697  uplink_kB=545.8  t=2.68s
  round   3/50: acc=0.9726  f1m=0.9726  uplink_kB=545.8  t=2.56s
  round   4/50: acc=0.9725  f1m=0.9725  uplink_kB=545.8  t=2.63s
  round   5/50: acc=0.9734  f1m=0.9734  uplink_kB=545.8  t=2.63s
  round   6/50: acc=0.9737  f1m=0.9737  uplink_kB=545.8  t=2.60s
  round   7/50: acc=0.9739  f1m=0.9739  uplink_kB=545.8  t=2.69s
  round   8/50: acc=0.9754  f1m=0.9754  uplink_kB=545.8  t=2.63s
  round   9/50: acc=0.9750  f1m=0.9750  uplink_kB=545.8  t=2.59s
  round  10/50: acc=0.9748  f1m=0.9748  uplink_kB=545.8  t=2.77s
  round  11/50: acc=0.9751  f1m=0.9751  uplink_kB=545.8  t=2.57s
  round  12/50: acc=0.9754  f1m=0.9753  uplink_kB=545.8  t=2.67s
  round  13/50: acc=0.9971  f1m=0.9971  uplink_kB=545.8  t=2.64s
  round  14/50: acc=0.9967  f1m=0.9967  uplink_kB=545.8  t=2.62s
  round  15/50: acc=0.9968  f1m=0.9968  uplink_kB=545.8  t=2.59s
  round  16/50: acc=0.9966  f1m=0.9966  uplink_kB=545.8  t=2.67s
  round  17/50: acc=0.9971  f1m=0.9971  uplink_kB=545.8  t=2.55s
  round  18/50: acc=0.9967  f1m=0.9967  uplink_kB=545.8  t=2.55s
  round  19/50: acc=0.9971  f1m=0.9971  uplink_kB=545.8  t=2.43s
  round  20/50: acc=0.9967  f1m=0.9967  uplink_kB=545.8  t=2.55s
  round  21/50: acc=0.9757  f1m=0.9757  uplink_kB=545.8  t=2.52s
  round  22/50: acc=0.9759  f1m=0.9759  uplink_kB=545.8  t=2.43s
  round  23/50: acc=0.9968  f1m=0.9968  uplink_kB=545.8  t=2.52s
  round  24/50: acc=0.9966  f1m=0.9966  uplink_kB=545.8  t=2.66s
  round  25/50: acc=0.9759  f1m=0.9759  uplink_kB=545.8  t=2.54s
  round  26/50: acc=0.9976  f1m=0.9976  uplink_kB=545.8  t=2.49s
  round  27/50: acc=0.9759  f1m=0.9759  uplink_kB=545.8  t=2.20s
  round  28/50: acc=0.9974  f1m=0.9974  uplink_kB=545.8  t=2.17s
  round  29/50: acc=0.9969  f1m=0.9969  uplink_kB=545.8  t=2.19s
  round  30/50: acc=0.9759  f1m=0.9759  uplink_kB=545.8  t=2.19s
  round  31/50: acc=0.9759  f1m=0.9759  uplink_kB=545.8  t=2.14s
  round  32/50: acc=0.9970  f1m=0.9970  uplink_kB=545.8  t=2.07s
  round  33/50: acc=0.9970  f1m=0.9970  uplink_kB=545.8  t=2.09s
  round  34/50: acc=0.9759  f1m=0.9759  uplink_kB=545.8  t=2.26s
  round  35/50: acc=0.9975  f1m=0.9975  uplink_kB=545.8  t=2.17s
  round  36/50: acc=0.9969  f1m=0.9969  uplink_kB=545.8  t=2.11s
  round  37/50: acc=0.9761  f1m=0.9761  uplink_kB=545.8  t=2.22s
  round  38/50: acc=0.9975  f1m=0.9975  uplink_kB=545.8  t=2.15s
  round  39/50: acc=0.9968  f1m=0.9968  uplink_kB=545.8  t=2.13s
  round  40/50: acc=0.9965  f1m=0.9965  uplink_kB=545.8  t=2.16s
  round  41/50: acc=0.9974  f1m=0.9974  uplink_kB=545.8  t=2.16s
  round  42/50: acc=0.9975  f1m=0.9975  uplink_kB=545.8  t=2.20s
  round  43/50: acc=0.9978  f1m=0.9978  uplink_kB=545.8  t=2.17s
  round  44/50: acc=0.9985  f1m=0.9985  uplink_kB=545.8  t=2.19s
  round  45/50: acc=0.9981  f1m=0.9981  uplink_kB=545.8  t=2.15s
  round  46/50: acc=0.9976  f1m=0.9976  uplink_kB=545.8  t=2.09s
  round  47/50: acc=0.9986  f1m=0.9986  uplink_kB=545.8  t=2.14s
  round  48/50: acc=0.9985  f1m=0.9985  uplink_kB=545.8  t=2.14s
  round  49/50: acc=0.9986  f1m=0.9986  uplink_kB=545.8  t=2.15s
  round  50/50: acc=0.9976  f1m=0.9976  uplink_kB=545.8  t=2.17s
[run] DONE -> /Users/agentra/Documents/hao/working/paper-lab/hao-paper-2026/iotj-fedkan-ids/repo/results/sensitivity_botiot/sens_h32__dir0.1__seed42/metrics.json  final_acc=0.9976
