[run] device=cpu  seed=2026  out=/Users/agentra/Documents/hao/working/paper-lab/hao-paper-2026/iotj-fedkan-ids/repo/results/lrsweep_botiot/lrsweep_mlp32_lr0p1__dir0.1__seed2026
[run] model=mlp  params=1,346
  round   1/50: acc=0.4989  f1m=0.3328  uplink_kB=52.6  t=1.43s
  round   2/50: acc=0.4989  f1m=0.3328  uplink_kB=52.6  t=0.67s
  round   3/50: acc=0.4989  f1m=0.3328  uplink_kB=52.6  t=0.63s
  round   4/50: acc=0.4989  f1m=0.3328  uplink_kB=52.6  t=0.68s
  round   5/50: acc=0.4989  f1m=0.3328  uplink_kB=52.6  t=0.65s
  round   6/50: acc=0.4989  f1m=0.3328  uplink_kB=52.6  t=0.64s
  round   7/50: acc=0.4989  f1m=0.3328  uplink_kB=52.6  t=0.64s
  round   8/50: acc=0.4989  f1m=0.3328  uplink_kB=52.6  t=0.72s
  round   9/50: acc=0.4989  f1m=0.3328  uplink_kB=52.6  t=0.68s
  round  10/50: acc=0.4989  f1m=0.3328  uplink_kB=52.6  t=0.64s
  round  11/50: acc=0.4989  f1m=0.3328  uplink_kB=52.6  t=0.66s
  round  12/50: acc=0.4989  f1m=0.3328  uplink_kB=52.6  t=0.64s
  round  13/50: acc=0.4997  f1m=0.3347  uplink_kB=52.6  t=0.61s
  round  14/50: acc=0.5045  f1m=0.3451  uplink_kB=52.6  t=0.66s
  round  15/50: acc=0.5061  f1m=0.3486  uplink_kB=52.6  t=0.66s
  round  16/50: acc=0.5080  f1m=0.3528  uplink_kB=52.6  t=0.67s
  round  17/50: acc=0.5104  f1m=0.3578  uplink_kB=52.6  t=0.71s
  round  18/50: acc=0.5120  f1m=0.3613  uplink_kB=52.6  t=0.67s
  round  19/50: acc=0.5120  f1m=0.3611  uplink_kB=52.6  t=0.64s
  round  20/50: acc=0.5121  f1m=0.3614  uplink_kB=52.6  t=0.67s
  round  21/50: acc=0.5121  f1m=0.3614  uplink_kB=52.6  t=0.70s
  round  22/50: acc=0.5121  f1m=0.3614  uplink_kB=52.6  t=0.65s
  round  23/50: acc=0.5120  f1m=0.3613  uplink_kB=52.6  t=0.67s
  round  24/50: acc=0.5121  f1m=0.3615  uplink_kB=52.6  t=0.70s
  round  25/50: acc=0.5122  f1m=0.3617  uplink_kB=52.6  t=0.66s
  round  26/50: acc=0.5124  f1m=0.3621  uplink_kB=52.6  t=0.64s
  round  27/50: acc=0.5125  f1m=0.3622  uplink_kB=52.6  t=0.67s
  round  28/50: acc=0.5124  f1m=0.3622  uplink_kB=52.6  t=0.66s
  round  29/50: acc=0.5126  f1m=0.3626  uplink_kB=52.6  t=0.62s
  round  30/50: acc=0.5127  f1m=0.3626  uplink_kB=52.6  t=0.65s
  round  31/50: acc=0.5132  f1m=0.3639  uplink_kB=52.6  t=0.64s
  round  32/50: acc=0.5131  f1m=0.3635  uplink_kB=52.6  t=0.64s
  round  33/50: acc=0.5143  f1m=0.3660  uplink_kB=52.6  t=0.67s
  round  34/50: acc=0.5165  f1m=0.3706  uplink_kB=52.6  t=0.64s
  round  35/50: acc=0.5174  f1m=0.3725  uplink_kB=52.6  t=0.67s
  round  36/50: acc=0.5177  f1m=0.3733  uplink_kB=52.6  t=0.66s
  round  37/50: acc=0.5184  f1m=0.3746  uplink_kB=52.6  t=0.72s
  round  38/50: acc=0.5342  f1m=0.4066  uplink_kB=52.6  t=0.68s
  round  39/50: acc=0.5366  f1m=0.4114  uplink_kB=52.6  t=0.63s
  round  40/50: acc=0.5385  f1m=0.4151  uplink_kB=52.6  t=0.67s
  round  41/50: acc=0.5395  f1m=0.4171  uplink_kB=52.6  t=0.69s
  round  42/50: acc=0.5447  f1m=0.4272  uplink_kB=52.6  t=0.69s
  round  43/50: acc=0.5496  f1m=0.4365  uplink_kB=52.6  t=0.68s
  round  44/50: acc=0.5782  f1m=0.4883  uplink_kB=52.6  t=0.67s
  round  45/50: acc=0.5770  f1m=0.4861  uplink_kB=52.6  t=0.63s
  round  46/50: acc=0.5780  f1m=0.4879  uplink_kB=52.6  t=0.66s
  round  47/50: acc=0.5812  f1m=0.4934  uplink_kB=52.6  t=0.69s
  round  48/50: acc=0.5871  f1m=0.5035  uplink_kB=52.6  t=0.77s
  round  49/50: acc=0.5877  f1m=0.5045  uplink_kB=52.6  t=0.68s
  round  50/50: acc=0.5884  f1m=0.5058  uplink_kB=52.6  t=0.64s
[run] DONE -> /Users/agentra/Documents/hao/working/paper-lab/hao-paper-2026/iotj-fedkan-ids/repo/results/lrsweep_botiot/lrsweep_mlp32_lr0p1__dir0.1__seed2026/metrics.json  final_acc=0.5884
