[run] device=cpu  seed=2026  out=/Users/agentra/Documents/hao/working/paper-lab/hao-paper-2026/iotj-fedkan-ids/repo/results/lrsweep_toniot/lrsweep_mlp32_lr0p003__dir0.1__seed2026
[run] model=mlp  params=1,346
  round   1/50: acc=0.5796  f1m=0.4925  uplink_kB=52.6  t=1.13s
  round   2/50: acc=0.6081  f1m=0.5449  uplink_kB=52.6  t=0.63s
  round   3/50: acc=0.6850  f1m=0.6600  uplink_kB=52.6  t=0.63s
  round   4/50: acc=0.7142  f1m=0.6983  uplink_kB=52.6  t=0.64s
  round   5/50: acc=0.7331  f1m=0.7222  uplink_kB=52.6  t=0.64s
  round   6/50: acc=0.7510  f1m=0.7454  uplink_kB=52.6  t=0.59s
  round   7/50: acc=0.7664  f1m=0.7626  uplink_kB=52.6  t=0.66s
  round   8/50: acc=0.7684  f1m=0.7649  uplink_kB=52.6  t=0.65s
  round   9/50: acc=0.7702  f1m=0.7664  uplink_kB=52.6  t=0.64s
  round  10/50: acc=0.7720  f1m=0.7678  uplink_kB=52.6  t=0.63s
  round  11/50: acc=0.7764  f1m=0.7725  uplink_kB=52.6  t=0.63s
  round  12/50: acc=0.7790  f1m=0.7757  uplink_kB=52.6  t=0.60s
  round  13/50: acc=0.7833  f1m=0.7805  uplink_kB=52.6  t=0.67s
  round  14/50: acc=0.7832  f1m=0.7804  uplink_kB=52.6  t=0.66s
  round  15/50: acc=0.7849  f1m=0.7821  uplink_kB=52.6  t=0.62s
  round  16/50: acc=0.7854  f1m=0.7822  uplink_kB=52.6  t=0.66s
  round  17/50: acc=0.7894  f1m=0.7867  uplink_kB=52.6  t=0.64s
  round  18/50: acc=0.7896  f1m=0.7870  uplink_kB=52.6  t=0.60s
  round  19/50: acc=0.7884  f1m=0.7849  uplink_kB=52.6  t=0.63s
  round  20/50: acc=0.7877  f1m=0.7836  uplink_kB=52.6  t=0.65s
  round  21/50: acc=0.7863  f1m=0.7818  uplink_kB=52.6  t=0.64s
  round  22/50: acc=0.7858  f1m=0.7809  uplink_kB=52.6  t=0.64s
  round  23/50: acc=0.8829  f1m=0.8828  uplink_kB=52.6  t=0.65s
  round  24/50: acc=0.8836  f1m=0.8835  uplink_kB=52.6  t=0.61s
  round  25/50: acc=0.8849  f1m=0.8847  uplink_kB=52.6  t=0.66s
  round  26/50: acc=0.8858  f1m=0.8855  uplink_kB=52.6  t=0.63s
  round  27/50: acc=0.8846  f1m=0.8844  uplink_kB=52.6  t=0.64s
  round  28/50: acc=0.8839  f1m=0.8836  uplink_kB=52.6  t=0.65s
  round  29/50: acc=0.8844  f1m=0.8841  uplink_kB=52.6  t=0.67s
  round  30/50: acc=0.8856  f1m=0.8854  uplink_kB=52.6  t=0.60s
  round  31/50: acc=0.8792  f1m=0.8787  uplink_kB=52.6  t=0.65s
  round  32/50: acc=0.8837  f1m=0.8832  uplink_kB=52.6  t=0.64s
  round  33/50: acc=0.8888  f1m=0.8886  uplink_kB=52.6  t=0.64s
  round  34/50: acc=0.8887  f1m=0.8884  uplink_kB=52.6  t=0.64s
  round  35/50: acc=0.8893  f1m=0.8891  uplink_kB=52.6  t=0.61s
  round  36/50: acc=0.8909  f1m=0.8906  uplink_kB=52.6  t=0.58s
  round  37/50: acc=0.8905  f1m=0.8902  uplink_kB=52.6  t=0.64s
  round  38/50: acc=0.8988  f1m=0.8986  uplink_kB=52.6  t=0.64s
  round  39/50: acc=0.9013  f1m=0.9011  uplink_kB=52.6  t=0.68s
  round  40/50: acc=0.9013  f1m=0.9011  uplink_kB=52.6  t=0.70s
  round  41/50: acc=0.9003  f1m=0.9000  uplink_kB=52.6  t=0.69s
  round  42/50: acc=0.9001  f1m=0.8998  uplink_kB=52.6  t=0.62s
  round  43/50: acc=0.9373  f1m=0.9373  uplink_kB=52.6  t=0.68s
  round  44/50: acc=0.9022  f1m=0.9019  uplink_kB=52.6  t=0.65s
  round  45/50: acc=0.9034  f1m=0.9032  uplink_kB=52.6  t=0.66s
  round  46/50: acc=0.9025  f1m=0.9022  uplink_kB=52.6  t=0.66s
  round  47/50: acc=0.9016  f1m=0.9013  uplink_kB=52.6  t=0.70s
  round  48/50: acc=0.9382  f1m=0.9382  uplink_kB=52.6  t=0.71s
  round  49/50: acc=0.9393  f1m=0.9393  uplink_kB=52.6  t=0.68s
  round  50/50: acc=0.9396  f1m=0.9396  uplink_kB=52.6  t=0.67s
[run] DONE -> /Users/agentra/Documents/hao/working/paper-lab/hao-paper-2026/iotj-fedkan-ids/repo/results/lrsweep_toniot/lrsweep_mlp32_lr0p003__dir0.1__seed2026/metrics.json  final_acc=0.9396
