[run] device=cpu  seed=2024  out=/Users/agentra/Documents/hao/working/paper-lab/hao-paper-2026/iotj-fedkan-ids/repo/results/lrsweep_cseciic_mc/lrsweep_mlp80_lr0p1__dir0.1__seed2024
[run] model=mlp  params=4,415
  round   1/50: acc=0.1378  f1m=0.0228  uplink_kB=172.5  t=2.97s
  round   2/50: acc=0.2497  f1m=0.1067  uplink_kB=172.5  t=2.29s
  round   3/50: acc=0.2750  f1m=0.1098  uplink_kB=172.5  t=2.16s
  round   4/50: acc=0.3821  f1m=0.1419  uplink_kB=172.5  t=2.18s
  round   5/50: acc=0.3957  f1m=0.1901  uplink_kB=172.5  t=2.21s
  round   6/50: acc=0.4412  f1m=0.2225  uplink_kB=172.5  t=2.17s
  round   7/50: acc=0.3316  f1m=0.1714  uplink_kB=172.5  t=2.23s
  round   8/50: acc=0.3399  f1m=0.1786  uplink_kB=172.5  t=2.13s
  round   9/50: acc=0.3391  f1m=0.1852  uplink_kB=172.5  t=2.12s
  round  10/50: acc=0.3505  f1m=0.1841  uplink_kB=172.5  t=2.10s
  round  11/50: acc=0.4495  f1m=0.2806  uplink_kB=172.5  t=2.22s
  round  12/50: acc=0.4500  f1m=0.2801  uplink_kB=172.5  t=2.17s
  round  13/50: acc=0.3592  f1m=0.1949  uplink_kB=172.5  t=2.22s
  round  14/50: acc=0.3794  f1m=0.2094  uplink_kB=172.5  t=2.23s
  round  15/50: acc=0.3702  f1m=0.2004  uplink_kB=172.5  t=2.20s
  round  16/50: acc=0.3601  f1m=0.1907  uplink_kB=172.5  t=2.16s
  round  17/50: acc=0.3680  f1m=0.1945  uplink_kB=172.5  t=2.17s
  round  18/50: acc=0.3577  f1m=0.1885  uplink_kB=172.5  t=2.14s
  round  19/50: acc=0.3364  f1m=0.1302  uplink_kB=172.5  t=2.14s
  round  20/50: acc=0.3341  f1m=0.1230  uplink_kB=172.5  t=2.24s
  round  21/50: acc=0.3417  f1m=0.1298  uplink_kB=172.5  t=2.14s
  round  22/50: acc=0.3696  f1m=0.1987  uplink_kB=172.5  t=2.19s
  round  23/50: acc=0.3747  f1m=0.2073  uplink_kB=172.5  t=2.22s
  round  24/50: acc=0.3354  f1m=0.1320  uplink_kB=172.5  t=2.15s
  round  25/50: acc=0.3645  f1m=0.1522  uplink_kB=172.5  t=2.14s
  round  26/50: acc=0.3554  f1m=0.1461  uplink_kB=172.5  t=2.09s
  round  27/50: acc=0.3812  f1m=0.1710  uplink_kB=172.5  t=2.13s
  round  28/50: acc=0.3570  f1m=0.1472  uplink_kB=172.5  t=2.19s
  round  29/50: acc=0.3430  f1m=0.1391  uplink_kB=172.5  t=2.25s
  round  30/50: acc=0.3484  f1m=0.1393  uplink_kB=172.5  t=2.12s
  round  31/50: acc=0.3544  f1m=0.1530  uplink_kB=172.5  t=2.17s
  round  32/50: acc=0.3842  f1m=0.1717  uplink_kB=172.5  t=2.07s
  round  33/50: acc=0.3343  f1m=0.1290  uplink_kB=172.5  t=2.17s
  round  34/50: acc=0.3367  f1m=0.1330  uplink_kB=172.5  t=2.16s
  round  35/50: acc=0.3580  f1m=0.1551  uplink_kB=172.5  t=2.13s
  round  36/50: acc=0.3133  f1m=0.1125  uplink_kB=172.5  t=2.13s
  round  37/50: acc=0.3592  f1m=0.1573  uplink_kB=172.5  t=2.28s
  round  38/50: acc=0.3414  f1m=0.1420  uplink_kB=172.5  t=2.35s
  round  39/50: acc=0.4440  f1m=0.1979  uplink_kB=172.5  t=2.29s
  round  40/50: acc=0.3543  f1m=0.1506  uplink_kB=172.5  t=2.40s
  round  41/50: acc=0.3461  f1m=0.1497  uplink_kB=172.5  t=2.20s
  round  42/50: acc=0.4413  f1m=0.2130  uplink_kB=172.5  t=2.31s
  round  43/50: acc=0.3508  f1m=0.1534  uplink_kB=172.5  t=2.15s
  round  44/50: acc=0.5569  f1m=0.3080  uplink_kB=172.5  t=2.19s
  round  45/50: acc=0.5523  f1m=0.2800  uplink_kB=172.5  t=2.18s
  round  46/50: acc=0.3588  f1m=0.1527  uplink_kB=172.5  t=2.21s
  round  47/50: acc=0.5841  f1m=0.3589  uplink_kB=172.5  t=2.13s
  round  48/50: acc=0.5550  f1m=0.2952  uplink_kB=172.5  t=2.21s
  round  49/50: acc=0.4681  f1m=0.2216  uplink_kB=172.5  t=2.18s
  round  50/50: acc=0.4557  f1m=0.2121  uplink_kB=172.5  t=1.99s
[run] DONE -> /Users/agentra/Documents/hao/working/paper-lab/hao-paper-2026/iotj-fedkan-ids/repo/results/lrsweep_cseciic_mc/lrsweep_mlp80_lr0p1__dir0.1__seed2024/metrics.json  final_acc=0.4557
