[run] device=cpu  seed=108  out=/Users/agentra/Documents/hao/working/paper-lab/hao-paper-2026/iotj-fedkan-ids/repo/results/lrsweep_toniot/lrsweep_kan8_lr0p01__dir0.1__seed108
[run] model=kan  params=3,280
  round   1/50: acc=0.5000  f1m=0.3333  uplink_kB=150.2  t=2.54s
  round   2/50: acc=0.5993  f1m=0.5608  uplink_kB=150.2  t=1.92s
  round   3/50: acc=0.6324  f1m=0.6235  uplink_kB=150.2  t=1.92s
  round   4/50: acc=0.6259  f1m=0.6176  uplink_kB=150.2  t=1.86s
  round   5/50: acc=0.6214  f1m=0.6138  uplink_kB=150.2  t=1.86s
  round   6/50: acc=0.6422  f1m=0.6319  uplink_kB=150.2  t=1.92s
  round   7/50: acc=0.6434  f1m=0.6326  uplink_kB=150.2  t=1.85s
  round   8/50: acc=0.6247  f1m=0.5989  uplink_kB=150.2  t=1.86s
  round   9/50: acc=0.6086  f1m=0.5590  uplink_kB=150.2  t=1.98s
  round  10/50: acc=0.5932  f1m=0.5289  uplink_kB=150.2  t=1.91s
  round  11/50: acc=0.5435  f1m=0.4311  uplink_kB=150.2  t=1.88s
  round  12/50: acc=0.5208  f1m=0.3814  uplink_kB=150.2  t=1.93s
  round  13/50: acc=0.5188  f1m=0.3769  uplink_kB=150.2  t=1.92s
  round  14/50: acc=0.5194  f1m=0.3781  uplink_kB=150.2  t=2.04s
  round  15/50: acc=0.5177  f1m=0.3744  uplink_kB=150.2  t=1.97s
  round  16/50: acc=0.5177  f1m=0.3733  uplink_kB=150.2  t=2.01s
  round  17/50: acc=0.5177  f1m=0.3741  uplink_kB=150.2  t=2.00s
  round  18/50: acc=0.5177  f1m=0.3734  uplink_kB=150.2  t=2.02s
  round  19/50: acc=0.5178  f1m=0.3736  uplink_kB=150.2  t=1.99s
  round  20/50: acc=0.5179  f1m=0.3738  uplink_kB=150.2  t=1.93s
  round  21/50: acc=0.5176  f1m=0.3730  uplink_kB=150.2  t=1.98s
  round  22/50: acc=0.5174  f1m=0.3726  uplink_kB=150.2  t=2.00s
  round  23/50: acc=0.5178  f1m=0.3734  uplink_kB=150.2  t=1.96s
  round  24/50: acc=0.5178  f1m=0.3735  uplink_kB=150.2  t=2.04s
  round  25/50: acc=0.5178  f1m=0.3736  uplink_kB=150.2  t=1.90s
  round  26/50: acc=0.5178  f1m=0.3737  uplink_kB=150.2  t=1.99s
  round  27/50: acc=0.5178  f1m=0.3735  uplink_kB=150.2  t=1.93s
  round  28/50: acc=0.5179  f1m=0.3737  uplink_kB=150.2  t=1.91s
  round  29/50: acc=0.5179  f1m=0.3736  uplink_kB=150.2  t=2.04s
  round  30/50: acc=0.5178  f1m=0.3735  uplink_kB=150.2  t=2.00s
  round  31/50: acc=0.5180  f1m=0.3740  uplink_kB=150.2  t=1.99s
  round  32/50: acc=0.5181  f1m=0.3743  uplink_kB=150.2  t=1.95s
  round  33/50: acc=0.5181  f1m=0.3743  uplink_kB=150.2  t=1.94s
  round  34/50: acc=0.5182  f1m=0.3748  uplink_kB=150.2  t=2.00s
  round  35/50: acc=0.5199  f1m=0.3790  uplink_kB=150.2  t=1.92s
  round  36/50: acc=0.5218  f1m=0.3829  uplink_kB=150.2  t=1.96s
  round  37/50: acc=0.5257  f1m=0.3912  uplink_kB=150.2  t=1.99s
  round  38/50: acc=0.5263  f1m=0.3924  uplink_kB=150.2  t=2.00s
  round  39/50: acc=0.5228  f1m=0.3850  uplink_kB=150.2  t=1.98s
  round  40/50: acc=0.5230  f1m=0.3852  uplink_kB=150.2  t=1.97s
  round  41/50: acc=0.5223  f1m=0.3839  uplink_kB=150.2  t=1.96s
  round  42/50: acc=0.5286  f1m=0.3969  uplink_kB=150.2  t=1.85s
  round  43/50: acc=0.5275  f1m=0.3946  uplink_kB=150.2  t=1.99s
  round  44/50: acc=0.5314  f1m=0.4026  uplink_kB=150.2  t=2.01s
  round  45/50: acc=0.5327  f1m=0.4053  uplink_kB=150.2  t=1.90s
  round  46/50: acc=0.5330  f1m=0.4062  uplink_kB=150.2  t=1.90s
  round  47/50: acc=0.5346  f1m=0.4095  uplink_kB=150.2  t=1.95s
  round  48/50: acc=0.5325  f1m=0.4050  uplink_kB=150.2  t=1.86s
  round  49/50: acc=0.5308  f1m=0.4014  uplink_kB=150.2  t=1.99s
  round  50/50: acc=0.5458  f1m=0.4308  uplink_kB=150.2  t=1.96s
[run] DONE -> /Users/agentra/Documents/hao/working/paper-lab/hao-paper-2026/iotj-fedkan-ids/repo/results/lrsweep_toniot/lrsweep_kan8_lr0p01__dir0.1__seed108/metrics.json  final_acc=0.5458
