[run] device=cpu  seed=42  out=/Users/agentra/Documents/hao/working/paper-lab/hao-paper-2026/iotj-fedkan-ids/repo/results/lrsweep_cseciic_mc50k/lrsweep_mlp80_lr0p1__dir0.1__seed42
[run] model=mlp  params=4,415
  round   1/50: acc=0.2151  f1m=0.0587  uplink_kB=172.5  t=1.76s
  round   2/50: acc=0.2190  f1m=0.0645  uplink_kB=172.5  t=1.09s
  round   3/50: acc=0.2196  f1m=0.0627  uplink_kB=172.5  t=1.19s
  round   4/50: acc=0.2417  f1m=0.0690  uplink_kB=172.5  t=1.07s
  round   5/50: acc=0.2328  f1m=0.0762  uplink_kB=172.5  t=1.12s
  round   6/50: acc=0.4159  f1m=0.1795  uplink_kB=172.5  t=1.06s
  round   7/50: acc=0.4219  f1m=0.1871  uplink_kB=172.5  t=1.13s
  round   8/50: acc=0.4290  f1m=0.1877  uplink_kB=172.5  t=1.10s
  round   9/50: acc=0.5726  f1m=0.2989  uplink_kB=172.5  t=1.12s
  round  10/50: acc=0.4892  f1m=0.2472  uplink_kB=172.5  t=1.04s
  round  11/50: acc=0.6084  f1m=0.3252  uplink_kB=172.5  t=1.12s
  round  12/50: acc=0.4160  f1m=0.1860  uplink_kB=172.5  t=1.08s
  round  13/50: acc=0.5302  f1m=0.2528  uplink_kB=172.5  t=1.13s
  round  14/50: acc=0.5347  f1m=0.2736  uplink_kB=172.5  t=1.18s
  round  15/50: acc=0.5403  f1m=0.2670  uplink_kB=172.5  t=1.24s
  round  16/50: acc=0.5433  f1m=0.2697  uplink_kB=172.5  t=1.09s
  round  17/50: acc=0.5359  f1m=0.2637  uplink_kB=172.5  t=1.14s
  round  18/50: acc=0.6152  f1m=0.3361  uplink_kB=172.5  t=1.05s
  round  19/50: acc=0.5986  f1m=0.3373  uplink_kB=172.5  t=1.09s
  round  20/50: acc=0.5577  f1m=0.2851  uplink_kB=172.5  t=1.30s
  round  21/50: acc=0.6209  f1m=0.3491  uplink_kB=172.5  t=1.21s
  round  22/50: acc=0.6137  f1m=0.3348  uplink_kB=172.5  t=1.19s
  round  23/50: acc=0.6235  f1m=0.3390  uplink_kB=172.5  t=1.24s
  round  24/50: acc=0.6132  f1m=0.3334  uplink_kB=172.5  t=1.25s
  round  25/50: acc=0.6122  f1m=0.3326  uplink_kB=172.5  t=1.26s
  round  26/50: acc=0.6103  f1m=0.3286  uplink_kB=172.5  t=1.12s
  round  27/50: acc=0.6126  f1m=0.3326  uplink_kB=172.5  t=1.13s
  round  28/50: acc=0.6135  f1m=0.3328  uplink_kB=172.5  t=1.20s
  round  29/50: acc=0.7190  f1m=0.3967  uplink_kB=172.5  t=1.18s
  round  30/50: acc=0.6170  f1m=0.3351  uplink_kB=172.5  t=1.18s
  round  31/50: acc=0.6160  f1m=0.3379  uplink_kB=172.5  t=1.24s
  round  32/50: acc=0.6129  f1m=0.3328  uplink_kB=172.5  t=1.30s
  round  33/50: acc=0.6195  f1m=0.3395  uplink_kB=172.5  t=1.18s
  round  34/50: acc=0.7078  f1m=0.3885  uplink_kB=172.5  t=1.10s
  round  35/50: acc=0.7106  f1m=0.3932  uplink_kB=172.5  t=1.23s
  round  36/50: acc=0.7254  f1m=0.4562  uplink_kB=172.5  t=1.15s
  round  37/50: acc=0.6044  f1m=0.3229  uplink_kB=172.5  t=1.16s
  round  38/50: acc=0.6116  f1m=0.3248  uplink_kB=172.5  t=1.16s
  round  39/50: acc=0.6065  f1m=0.3262  uplink_kB=172.5  t=1.03s
  round  40/50: acc=0.6196  f1m=0.3345  uplink_kB=172.5  t=1.09s
  round  41/50: acc=0.7278  f1m=0.3972  uplink_kB=172.5  t=1.04s
  round  42/50: acc=0.6159  f1m=0.3340  uplink_kB=172.5  t=1.09s
  round  43/50: acc=0.6283  f1m=0.4036  uplink_kB=172.5  t=1.03s
  round  44/50: acc=0.7153  f1m=0.3930  uplink_kB=172.5  t=1.08s
  round  45/50: acc=0.6194  f1m=0.3328  uplink_kB=172.5  t=1.05s
  round  46/50: acc=0.7172  f1m=0.3932  uplink_kB=172.5  t=1.10s
  round  47/50: acc=0.6056  f1m=0.3208  uplink_kB=172.5  t=1.06s
  round  48/50: acc=0.7219  f1m=0.4510  uplink_kB=172.5  t=1.15s
  round  49/50: acc=0.6086  f1m=0.3214  uplink_kB=172.5  t=1.05s
  round  50/50: acc=0.6733  f1m=0.4331  uplink_kB=172.5  t=1.09s
[run] DONE -> /Users/agentra/Documents/hao/working/paper-lab/hao-paper-2026/iotj-fedkan-ids/repo/results/lrsweep_cseciic_mc50k/lrsweep_mlp80_lr0p1__dir0.1__seed42/metrics.json  final_acc=0.6733
