[run] device=cpu  seed=42  out=/Users/agentra/Documents/hao/working/paper-lab/hao-paper-2026/iotj-fedkan-ids/repo/results/lrsweep_cseciic_mc50k/lrsweep_mlp80_lr0p01__dir0.1__seed42
[run] model=mlp  params=4,415
  round   1/50: acc=0.2244  f1m=0.0504  uplink_kB=172.5  t=1.59s
  round   2/50: acc=0.5808  f1m=0.3199  uplink_kB=172.5  t=1.03s
  round   3/50: acc=0.6073  f1m=0.3403  uplink_kB=172.5  t=1.09s
  round   4/50: acc=0.6339  f1m=0.3673  uplink_kB=172.5  t=0.98s
  round   5/50: acc=0.6521  f1m=0.3886  uplink_kB=172.5  t=1.16s
  round   6/50: acc=0.6692  f1m=0.3970  uplink_kB=172.5  t=1.08s
  round   7/50: acc=0.6668  f1m=0.3952  uplink_kB=172.5  t=1.11s
  round   8/50: acc=0.6711  f1m=0.3982  uplink_kB=172.5  t=1.03s
  round   9/50: acc=0.7951  f1m=0.5241  uplink_kB=172.5  t=1.08s
  round  10/50: acc=0.7806  f1m=0.4780  uplink_kB=172.5  t=1.05s
  round  11/50: acc=0.8164  f1m=0.5883  uplink_kB=172.5  t=1.05s
  round  12/50: acc=0.8188  f1m=0.5983  uplink_kB=172.5  t=1.00s
  round  13/50: acc=0.8199  f1m=0.5954  uplink_kB=172.5  t=1.06s
  round  14/50: acc=0.8040  f1m=0.5491  uplink_kB=172.5  t=1.02s
  round  15/50: acc=0.8124  f1m=0.6346  uplink_kB=172.5  t=1.07s
  round  16/50: acc=0.8234  f1m=0.6605  uplink_kB=172.5  t=1.01s
  round  17/50: acc=0.8514  f1m=0.6804  uplink_kB=172.5  t=1.06s
  round  18/50: acc=0.7996  f1m=0.6014  uplink_kB=172.5  t=0.97s
  round  19/50: acc=0.8397  f1m=0.6812  uplink_kB=172.5  t=1.05s
  round  20/50: acc=0.8377  f1m=0.6337  uplink_kB=172.5  t=1.04s
  round  21/50: acc=0.8450  f1m=0.6797  uplink_kB=172.5  t=1.10s
  round  22/50: acc=0.8240  f1m=0.6194  uplink_kB=172.5  t=1.04s
  round  23/50: acc=0.8527  f1m=0.6877  uplink_kB=172.5  t=1.11s
  round  24/50: acc=0.8388  f1m=0.6456  uplink_kB=172.5  t=1.03s
  round  25/50: acc=0.8324  f1m=0.6394  uplink_kB=172.5  t=1.11s
  round  26/50: acc=0.8680  f1m=0.7192  uplink_kB=172.5  t=1.07s
  round  27/50: acc=0.8506  f1m=0.6884  uplink_kB=172.5  t=1.06s
  round  28/50: acc=0.8398  f1m=0.6578  uplink_kB=172.5  t=1.02s
  round  29/50: acc=0.8619  f1m=0.7126  uplink_kB=172.5  t=1.05s
  round  30/50: acc=0.8644  f1m=0.7317  uplink_kB=172.5  t=1.03s
  round  31/50: acc=0.8560  f1m=0.7034  uplink_kB=172.5  t=1.07s
  round  32/50: acc=0.8367  f1m=0.6528  uplink_kB=172.5  t=1.04s
  round  33/50: acc=0.8338  f1m=0.6540  uplink_kB=172.5  t=1.08s
  round  34/50: acc=0.8363  f1m=0.6577  uplink_kB=172.5  t=1.06s
  round  35/50: acc=0.8657  f1m=0.7209  uplink_kB=172.5  t=1.08s
  round  36/50: acc=0.8371  f1m=0.6580  uplink_kB=172.5  t=1.03s
  round  37/50: acc=0.8597  f1m=0.7176  uplink_kB=172.5  t=1.07s
  round  38/50: acc=0.8450  f1m=0.6639  uplink_kB=172.5  t=1.04s
  round  39/50: acc=0.8756  f1m=0.7416  uplink_kB=172.5  t=0.98s
  round  40/50: acc=0.8393  f1m=0.6627  uplink_kB=172.5  t=1.08s
  round  41/50: acc=0.8391  f1m=0.6611  uplink_kB=172.5  t=1.17s
  round  42/50: acc=0.8316  f1m=0.6502  uplink_kB=172.5  t=1.07s
  round  43/50: acc=0.8550  f1m=0.7102  uplink_kB=172.5  t=1.02s
  round  44/50: acc=0.8551  f1m=0.7091  uplink_kB=172.5  t=1.07s
  round  45/50: acc=0.8606  f1m=0.7139  uplink_kB=172.5  t=1.01s
  round  46/50: acc=0.8683  f1m=0.7373  uplink_kB=172.5  t=1.10s
  round  47/50: acc=0.8739  f1m=0.7389  uplink_kB=172.5  t=1.04s
  round  48/50: acc=0.8575  f1m=0.7137  uplink_kB=172.5  t=1.60s
  round  49/50: acc=0.8599  f1m=0.7226  uplink_kB=172.5  t=1.06s
  round  50/50: acc=0.8717  f1m=0.7369  uplink_kB=172.5  t=1.08s
[run] DONE -> /Users/agentra/Documents/hao/working/paper-lab/hao-paper-2026/iotj-fedkan-ids/repo/results/lrsweep_cseciic_mc50k/lrsweep_mlp80_lr0p01__dir0.1__seed42/metrics.json  final_acc=0.8717
