[run] device=cpu  seed=23  out=/Users/agentra/Documents/hao/working/paper-lab/hao-paper-2026/iotj-fedkan-ids/repo/results/lrsweep_cseciic/lrsweep_mlp32_lr0p003__dir0.1__seed23
[run] model=mlp  params=1,346
  round   1/50: acc=0.9037  f1m=0.9031  uplink_kB=52.6  t=1.40s
  round   2/50: acc=0.9194  f1m=0.9191  uplink_kB=52.6  t=0.66s
  round   3/50: acc=0.9220  f1m=0.9218  uplink_kB=52.6  t=0.66s
  round   4/50: acc=0.9213  f1m=0.9211  uplink_kB=52.6  t=0.74s
  round   5/50: acc=0.9216  f1m=0.9214  uplink_kB=52.6  t=0.63s
  round   6/50: acc=0.9207  f1m=0.9206  uplink_kB=52.6  t=0.69s
  round   7/50: acc=0.9250  f1m=0.9248  uplink_kB=52.6  t=0.73s
  round   8/50: acc=0.9259  f1m=0.9257  uplink_kB=52.6  t=0.78s
  round   9/50: acc=0.9318  f1m=0.9317  uplink_kB=52.6  t=0.74s
  round  10/50: acc=0.9509  f1m=0.9509  uplink_kB=52.6  t=0.69s
  round  11/50: acc=0.9548  f1m=0.9548  uplink_kB=52.6  t=0.66s
  round  12/50: acc=0.9586  f1m=0.9586  uplink_kB=52.6  t=0.67s
  round  13/50: acc=0.9602  f1m=0.9602  uplink_kB=52.6  t=0.67s
  round  14/50: acc=0.9607  f1m=0.9607  uplink_kB=52.6  t=0.69s
  round  15/50: acc=0.9601  f1m=0.9601  uplink_kB=52.6  t=0.74s
  round  16/50: acc=0.9617  f1m=0.9617  uplink_kB=52.6  t=0.64s
  round  17/50: acc=0.9641  f1m=0.9641  uplink_kB=52.6  t=0.63s
  round  18/50: acc=0.9638  f1m=0.9638  uplink_kB=52.6  t=0.59s
  round  19/50: acc=0.9634  f1m=0.9634  uplink_kB=52.6  t=0.70s
  round  20/50: acc=0.9634  f1m=0.9634  uplink_kB=52.6  t=0.66s
  round  21/50: acc=0.9636  f1m=0.9636  uplink_kB=52.6  t=0.65s
  round  22/50: acc=0.9633  f1m=0.9633  uplink_kB=52.6  t=0.69s
  round  23/50: acc=0.9636  f1m=0.9636  uplink_kB=52.6  t=0.72s
  round  24/50: acc=0.9632  f1m=0.9632  uplink_kB=52.6  t=0.72s
  round  25/50: acc=0.9628  f1m=0.9628  uplink_kB=52.6  t=0.64s
  round  26/50: acc=0.9638  f1m=0.9638  uplink_kB=52.6  t=0.66s
  round  27/50: acc=0.9638  f1m=0.9638  uplink_kB=52.6  t=0.65s
  round  28/50: acc=0.9636  f1m=0.9636  uplink_kB=52.6  t=0.68s
  round  29/50: acc=0.9637  f1m=0.9636  uplink_kB=52.6  t=0.68s
  round  30/50: acc=0.9630  f1m=0.9630  uplink_kB=52.6  t=0.68s
  round  31/50: acc=0.9653  f1m=0.9653  uplink_kB=52.6  t=0.65s
  round  32/50: acc=0.9631  f1m=0.9631  uplink_kB=52.6  t=0.69s
  round  33/50: acc=0.9625  f1m=0.9625  uplink_kB=52.6  t=0.63s
  round  34/50: acc=0.9640  f1m=0.9640  uplink_kB=52.6  t=0.70s
  round  35/50: acc=0.9645  f1m=0.9645  uplink_kB=52.6  t=0.69s
  round  36/50: acc=0.9652  f1m=0.9652  uplink_kB=52.6  t=0.71s
  round  37/50: acc=0.9653  f1m=0.9652  uplink_kB=52.6  t=0.61s
  round  38/50: acc=0.9640  f1m=0.9640  uplink_kB=52.6  t=0.68s
  round  39/50: acc=0.9663  f1m=0.9663  uplink_kB=52.6  t=0.72s
  round  40/50: acc=0.9655  f1m=0.9655  uplink_kB=52.6  t=0.80s
  round  41/50: acc=0.9649  f1m=0.9649  uplink_kB=52.6  t=0.77s
  round  42/50: acc=0.9664  f1m=0.9664  uplink_kB=52.6  t=0.69s
  round  43/50: acc=0.9649  f1m=0.9649  uplink_kB=52.6  t=0.62s
  round  44/50: acc=0.9666  f1m=0.9666  uplink_kB=52.6  t=0.63s
  round  45/50: acc=0.9628  f1m=0.9628  uplink_kB=52.6  t=0.71s
  round  46/50: acc=0.9662  f1m=0.9661  uplink_kB=52.6  t=0.82s
  round  47/50: acc=0.9662  f1m=0.9662  uplink_kB=52.6  t=0.70s
  round  48/50: acc=0.9662  f1m=0.9662  uplink_kB=52.6  t=0.71s
  round  49/50: acc=0.9661  f1m=0.9661  uplink_kB=52.6  t=0.70s
  round  50/50: acc=0.9664  f1m=0.9664  uplink_kB=52.6  t=0.67s
[run] DONE -> /Users/agentra/Documents/hao/working/paper-lab/hao-paper-2026/iotj-fedkan-ids/repo/results/lrsweep_cseciic/lrsweep_mlp32_lr0p003__dir0.1__seed23/metrics.json  final_acc=0.9664
