[run] device=cpu  seed=11  out=/Users/agentra/Documents/hao/working/paper-lab/hao-paper-2026/iotj-fedkan-ids/repo/results/lrsweep_toniot/lrsweep_mlp80_lr0p01__dir0.1__seed11
[run] model=mlp  params=3,362
  round   1/50: acc=0.6442  f1m=0.6363  uplink_kB=131.3  t=1.17s
  round   2/50: acc=0.6553  f1m=0.6495  uplink_kB=131.3  t=0.68s
  round   3/50: acc=0.6773  f1m=0.6744  uplink_kB=131.3  t=0.67s
  round   4/50: acc=0.7175  f1m=0.7168  uplink_kB=131.3  t=0.71s
  round   5/50: acc=0.7270  f1m=0.7268  uplink_kB=131.3  t=0.61s
  round   6/50: acc=0.7295  f1m=0.7282  uplink_kB=131.3  t=0.66s
  round   7/50: acc=0.7309  f1m=0.7302  uplink_kB=131.3  t=0.65s
  round   8/50: acc=0.7289  f1m=0.7236  uplink_kB=131.3  t=0.65s
  round   9/50: acc=0.7218  f1m=0.7148  uplink_kB=131.3  t=0.66s
  round  10/50: acc=0.7367  f1m=0.7320  uplink_kB=131.3  t=0.68s
  round  11/50: acc=0.7254  f1m=0.7161  uplink_kB=131.3  t=0.66s
  round  12/50: acc=0.7376  f1m=0.7323  uplink_kB=131.3  t=0.62s
  round  13/50: acc=0.7268  f1m=0.7175  uplink_kB=131.3  t=0.68s
  round  14/50: acc=0.7476  f1m=0.7440  uplink_kB=131.3  t=0.68s
  round  15/50: acc=0.7533  f1m=0.7505  uplink_kB=131.3  t=0.66s
  round  16/50: acc=0.7526  f1m=0.7496  uplink_kB=131.3  t=0.67s
  round  17/50: acc=0.7377  f1m=0.7323  uplink_kB=131.3  t=0.67s
  round  18/50: acc=0.7402  f1m=0.7355  uplink_kB=131.3  t=0.60s
  round  19/50: acc=0.7417  f1m=0.7372  uplink_kB=131.3  t=0.70s
  round  20/50: acc=0.7423  f1m=0.7375  uplink_kB=131.3  t=0.65s
  round  21/50: acc=0.7622  f1m=0.7602  uplink_kB=131.3  t=0.67s
  round  22/50: acc=0.7586  f1m=0.7560  uplink_kB=131.3  t=0.67s
  round  23/50: acc=0.7565  f1m=0.7539  uplink_kB=131.3  t=0.64s
  round  24/50: acc=0.7545  f1m=0.7517  uplink_kB=131.3  t=0.59s
  round  25/50: acc=0.7510  f1m=0.7479  uplink_kB=131.3  t=0.64s
  round  26/50: acc=0.7572  f1m=0.7543  uplink_kB=131.3  t=0.69s
  round  27/50: acc=0.7531  f1m=0.7495  uplink_kB=131.3  t=0.66s
  round  28/50: acc=0.7584  f1m=0.7559  uplink_kB=131.3  t=0.67s
  round  29/50: acc=0.7506  f1m=0.7468  uplink_kB=131.3  t=0.65s
  round  30/50: acc=0.7517  f1m=0.7485  uplink_kB=131.3  t=0.67s
  round  31/50: acc=0.7532  f1m=0.7500  uplink_kB=131.3  t=0.66s
  round  32/50: acc=0.7640  f1m=0.7621  uplink_kB=131.3  t=0.62s
  round  33/50: acc=0.7554  f1m=0.7521  uplink_kB=131.3  t=0.66s
  round  34/50: acc=0.7554  f1m=0.7526  uplink_kB=131.3  t=0.67s
  round  35/50: acc=0.7589  f1m=0.7563  uplink_kB=131.3  t=0.65s
  round  36/50: acc=0.7526  f1m=0.7494  uplink_kB=131.3  t=0.68s
  round  37/50: acc=0.7506  f1m=0.7472  uplink_kB=131.3  t=0.62s
  round  38/50: acc=0.7580  f1m=0.7551  uplink_kB=131.3  t=0.68s
  round  39/50: acc=0.7600  f1m=0.7570  uplink_kB=131.3  t=0.68s
  round  40/50: acc=0.7607  f1m=0.7576  uplink_kB=131.3  t=0.68s
  round  41/50: acc=0.7612  f1m=0.7590  uplink_kB=131.3  t=0.67s
  round  42/50: acc=0.7594  f1m=0.7562  uplink_kB=131.3  t=0.66s
  round  43/50: acc=0.7606  f1m=0.7571  uplink_kB=131.3  t=0.63s
  round  44/50: acc=0.7590  f1m=0.7563  uplink_kB=131.3  t=0.68s
  round  45/50: acc=0.7511  f1m=0.7471  uplink_kB=131.3  t=0.67s
  round  46/50: acc=0.7599  f1m=0.7571  uplink_kB=131.3  t=0.68s
  round  47/50: acc=0.7590  f1m=0.7554  uplink_kB=131.3  t=0.67s
  round  48/50: acc=0.7592  f1m=0.7564  uplink_kB=131.3  t=0.67s
  round  49/50: acc=0.7574  f1m=0.7540  uplink_kB=131.3  t=0.61s
  round  50/50: acc=0.7598  f1m=0.7563  uplink_kB=131.3  t=0.66s
[run] DONE -> /Users/agentra/Documents/hao/working/paper-lab/hao-paper-2026/iotj-fedkan-ids/repo/results/lrsweep_toniot/lrsweep_mlp80_lr0p01__dir0.1__seed11/metrics.json  final_acc=0.7598
