[run] device=cpu  seed=29  out=/Users/agentra/Documents/hao/working/paper-lab/hao-paper-2026/iotj-fedkan-ids/repo/results/lrsweep_cseciic_mc/lrsweep_kan8_lr0p03__dir0.1__seed29
[run] model=kan  params=4,320
  round   1/50: acc=0.2506  f1m=0.0850  uplink_kB=190.8  t=5.91s
  round   2/50: acc=0.4441  f1m=0.2063  uplink_kB=190.8  t=5.30s
  round   3/50: acc=0.4847  f1m=0.3028  uplink_kB=190.8  t=5.31s
  round   4/50: acc=0.4839  f1m=0.2811  uplink_kB=190.8  t=5.33s
  round   5/50: acc=0.6320  f1m=0.4067  uplink_kB=190.8  t=5.46s
  round   6/50: acc=0.5988  f1m=0.4674  uplink_kB=190.8  t=5.28s
  round   7/50: acc=0.6309  f1m=0.4781  uplink_kB=190.8  t=5.31s
  round   8/50: acc=0.7432  f1m=0.5061  uplink_kB=190.8  t=5.36s
  round   9/50: acc=0.6202  f1m=0.4784  uplink_kB=190.8  t=5.33s
  round  10/50: acc=0.7126  f1m=0.6198  uplink_kB=190.8  t=5.24s
  round  11/50: acc=0.7279  f1m=0.5459  uplink_kB=190.8  t=5.34s
  round  12/50: acc=0.6159  f1m=0.4343  uplink_kB=190.8  t=5.30s
  round  13/50: acc=0.7831  f1m=0.6007  uplink_kB=190.8  t=5.35s
  round  14/50: acc=0.8092  f1m=0.6115  uplink_kB=190.8  t=5.34s
  round  15/50: acc=0.7980  f1m=0.5746  uplink_kB=190.8  t=5.26s
  round  16/50: acc=0.7249  f1m=0.6169  uplink_kB=190.8  t=5.30s
  round  17/50: acc=0.7770  f1m=0.5722  uplink_kB=190.8  t=5.33s
  round  18/50: acc=0.8155  f1m=0.6253  uplink_kB=190.8  t=5.36s
  round  19/50: acc=0.8144  f1m=0.5589  uplink_kB=190.8  t=5.30s
  round  20/50: acc=0.8142  f1m=0.6846  uplink_kB=190.8  t=5.27s
  round  21/50: acc=0.7971  f1m=0.5882  uplink_kB=190.8  t=5.34s
  round  22/50: acc=0.7920  f1m=0.6302  uplink_kB=190.8  t=5.33s
  round  23/50: acc=0.7972  f1m=0.5691  uplink_kB=190.8  t=5.30s
  round  24/50: acc=0.7358  f1m=0.6387  uplink_kB=190.8  t=5.34s
  round  25/50: acc=0.7874  f1m=0.5756  uplink_kB=190.8  t=5.59s
  round  26/50: acc=0.6865  f1m=0.6079  uplink_kB=190.8  t=5.52s
  round  27/50: acc=0.7253  f1m=0.5565  uplink_kB=190.8  t=5.44s
  round  28/50: acc=0.8044  f1m=0.5673  uplink_kB=190.8  t=5.93s
  round  29/50: acc=0.8278  f1m=0.6827  uplink_kB=190.8  t=5.92s
  round  30/50: acc=0.8563  f1m=0.7046  uplink_kB=190.8  t=5.55s
  round  31/50: acc=0.7973  f1m=0.5830  uplink_kB=190.8  t=5.55s
  round  32/50: acc=0.7916  f1m=0.5776  uplink_kB=190.8  t=5.49s
  round  33/50: acc=0.7937  f1m=0.5645  uplink_kB=190.8  t=5.46s
  round  34/50: acc=0.8140  f1m=0.6725  uplink_kB=190.8  t=5.36s
  round  35/50: acc=0.8178  f1m=0.6178  uplink_kB=190.8  t=5.25s
  round  36/50: acc=0.7933  f1m=0.5649  uplink_kB=190.8  t=5.47s
  round  37/50: acc=0.8118  f1m=0.6423  uplink_kB=190.8  t=5.38s
  round  38/50: acc=0.7527  f1m=0.5615  uplink_kB=190.8  t=5.16s
  round  39/50: acc=0.7415  f1m=0.6493  uplink_kB=190.8  t=5.33s
  round  40/50: acc=0.7612  f1m=0.6320  uplink_kB=190.8  t=5.38s
  round  41/50: acc=0.8244  f1m=0.6701  uplink_kB=190.8  t=5.50s
  round  42/50: acc=0.8224  f1m=0.5964  uplink_kB=190.8  t=5.33s
  round  43/50: acc=0.8136  f1m=0.6408  uplink_kB=190.8  t=5.33s
  round  44/50: acc=0.7563  f1m=0.6297  uplink_kB=190.8  t=5.36s
  round  45/50: acc=0.7925  f1m=0.6376  uplink_kB=190.8  t=5.29s
  round  46/50: acc=0.7898  f1m=0.5694  uplink_kB=190.8  t=5.35s
  round  47/50: acc=0.8151  f1m=0.5669  uplink_kB=190.8  t=5.30s
  round  48/50: acc=0.8205  f1m=0.5667  uplink_kB=190.8  t=5.32s
  round  49/50: acc=0.7905  f1m=0.5517  uplink_kB=190.8  t=5.64s
  round  50/50: acc=0.8183  f1m=0.6110  uplink_kB=190.8  t=5.99s
[run] DONE -> /Users/agentra/Documents/hao/working/paper-lab/hao-paper-2026/iotj-fedkan-ids/repo/results/lrsweep_cseciic_mc/lrsweep_kan8_lr0p03__dir0.1__seed29/metrics.json  final_acc=0.8183
