[run] device=cpu  seed=111  out=/Users/agentra/Documents/hao/working/paper-lab/hao-paper-2026/iotj-fedkan-ids/repo/results/lrsweep_cseciic_mc50k/lrsweep_kan8_lr0p01__dir0.1__seed111
[run] model=kan  params=4,320
  round   1/50: acc=0.3290  f1m=0.1076  uplink_kB=190.8  t=3.88s
  round   2/50: acc=0.3531  f1m=0.1312  uplink_kB=190.8  t=3.03s
  round   3/50: acc=0.4902  f1m=0.2603  uplink_kB=190.8  t=3.06s
  round   4/50: acc=0.5595  f1m=0.3452  uplink_kB=190.8  t=3.29s
  round   5/50: acc=0.6890  f1m=0.4389  uplink_kB=190.8  t=3.19s
  round   6/50: acc=0.6933  f1m=0.4395  uplink_kB=190.8  t=3.03s
  round   7/50: acc=0.7045  f1m=0.5163  uplink_kB=190.8  t=3.10s
  round   8/50: acc=0.7079  f1m=0.5220  uplink_kB=190.8  t=3.12s
  round   9/50: acc=0.7077  f1m=0.5225  uplink_kB=190.8  t=3.05s
  round  10/50: acc=0.7444  f1m=0.6080  uplink_kB=190.8  t=3.10s
  round  11/50: acc=0.7453  f1m=0.6087  uplink_kB=190.8  t=3.03s
  round  12/50: acc=0.7448  f1m=0.6084  uplink_kB=190.8  t=3.20s
  round  13/50: acc=0.7449  f1m=0.6088  uplink_kB=190.8  t=3.05s
  round  14/50: acc=0.7431  f1m=0.6047  uplink_kB=190.8  t=3.11s
  round  15/50: acc=0.7435  f1m=0.6047  uplink_kB=190.8  t=3.07s
  round  16/50: acc=0.7470  f1m=0.5964  uplink_kB=190.8  t=3.26s
  round  17/50: acc=0.7667  f1m=0.6144  uplink_kB=190.8  t=3.03s
  round  18/50: acc=0.8097  f1m=0.6532  uplink_kB=190.8  t=3.13s
  round  19/50: acc=0.8099  f1m=0.6714  uplink_kB=190.8  t=3.07s
  round  20/50: acc=0.8195  f1m=0.6787  uplink_kB=190.8  t=3.04s
  round  21/50: acc=0.8245  f1m=0.6823  uplink_kB=190.8  t=3.15s
  round  22/50: acc=0.7932  f1m=0.6421  uplink_kB=190.8  t=3.08s
  round  23/50: acc=0.8068  f1m=0.6533  uplink_kB=190.8  t=3.14s
  round  24/50: acc=0.8146  f1m=0.6773  uplink_kB=190.8  t=3.21s
  round  25/50: acc=0.8356  f1m=0.6727  uplink_kB=190.8  t=3.08s
  round  26/50: acc=0.8442  f1m=0.6974  uplink_kB=190.8  t=3.18s
  round  27/50: acc=0.8411  f1m=0.6961  uplink_kB=190.8  t=3.01s
  round  28/50: acc=0.8547  f1m=0.7200  uplink_kB=190.8  t=3.42s
  round  29/50: acc=0.7947  f1m=0.6727  uplink_kB=190.8  t=3.38s
  round  30/50: acc=0.8386  f1m=0.7070  uplink_kB=190.8  t=3.01s
  round  31/50: acc=0.8539  f1m=0.7165  uplink_kB=190.8  t=3.15s
  round  32/50: acc=0.8343  f1m=0.7065  uplink_kB=190.8  t=3.00s
  round  33/50: acc=0.8690  f1m=0.7303  uplink_kB=190.8  t=3.12s
  round  34/50: acc=0.8418  f1m=0.7115  uplink_kB=190.8  t=3.07s
  round  35/50: acc=0.8692  f1m=0.7304  uplink_kB=190.8  t=3.20s
  round  36/50: acc=0.8537  f1m=0.7200  uplink_kB=190.8  t=3.03s
  round  37/50: acc=0.8621  f1m=0.7257  uplink_kB=190.8  t=3.10s
  round  38/50: acc=0.8659  f1m=0.7285  uplink_kB=190.8  t=3.15s
  round  39/50: acc=0.8536  f1m=0.7198  uplink_kB=190.8  t=3.08s
  round  40/50: acc=0.8583  f1m=0.7114  uplink_kB=190.8  t=3.10s
  round  41/50: acc=0.8366  f1m=0.7069  uplink_kB=190.8  t=3.06s
  round  42/50: acc=0.8677  f1m=0.7297  uplink_kB=190.8  t=3.10s
  round  43/50: acc=0.8672  f1m=0.7151  uplink_kB=190.8  t=3.04s
  round  44/50: acc=0.8482  f1m=0.6965  uplink_kB=190.8  t=3.17s
  round  45/50: acc=0.8496  f1m=0.7156  uplink_kB=190.8  t=3.08s
  round  46/50: acc=0.8620  f1m=0.7233  uplink_kB=190.8  t=3.14s
  round  47/50: acc=0.8623  f1m=0.7244  uplink_kB=190.8  t=3.01s
  round  48/50: acc=0.8532  f1m=0.7185  uplink_kB=190.8  t=3.19s
  round  49/50: acc=0.8515  f1m=0.7186  uplink_kB=190.8  t=3.04s
  round  50/50: acc=0.8497  f1m=0.7160  uplink_kB=190.8  t=3.14s
[run] DONE -> /Users/agentra/Documents/hao/working/paper-lab/hao-paper-2026/iotj-fedkan-ids/repo/results/lrsweep_cseciic_mc50k/lrsweep_kan8_lr0p01__dir0.1__seed111/metrics.json  final_acc=0.8497
