[run] device=cpu  seed=23  out=/Users/agentra/Documents/hao/working/paper-lab/hao-paper-2026/iotj-fedkan-ids/repo/results/lrsweep_botiot/lrsweep_mlp32_lr0p03__dir0.1__seed23
[run] model=mlp  params=1,346
  round   1/50: acc=0.4989  f1m=0.3328  uplink_kB=52.6  t=1.29s
  round   2/50: acc=0.5387  f1m=0.4155  uplink_kB=52.6  t=0.65s
  round   3/50: acc=0.8326  f1m=0.8280  uplink_kB=52.6  t=0.73s
  round   4/50: acc=0.8919  f1m=0.8907  uplink_kB=52.6  t=0.69s
  round   5/50: acc=0.8865  f1m=0.8851  uplink_kB=52.6  t=0.57s
  round   6/50: acc=0.8971  f1m=0.8960  uplink_kB=52.6  t=0.67s
  round   7/50: acc=0.8740  f1m=0.8721  uplink_kB=52.6  t=0.66s
  round   8/50: acc=0.8998  f1m=0.8988  uplink_kB=52.6  t=0.66s
  round   9/50: acc=0.8951  f1m=0.8939  uplink_kB=52.6  t=0.65s
  round  10/50: acc=0.9130  f1m=0.9124  uplink_kB=52.6  t=0.63s
  round  11/50: acc=0.9132  f1m=0.9125  uplink_kB=52.6  t=0.69s
  round  12/50: acc=0.9457  f1m=0.9456  uplink_kB=52.6  t=0.58s
  round  13/50: acc=0.9323  f1m=0.9320  uplink_kB=52.6  t=0.70s
  round  14/50: acc=0.9357  f1m=0.9354  uplink_kB=52.6  t=0.66s
  round  15/50: acc=0.9230  f1m=0.9225  uplink_kB=52.6  t=0.66s
  round  16/50: acc=0.9346  f1m=0.9344  uplink_kB=52.6  t=0.64s
  round  17/50: acc=0.9326  f1m=0.9323  uplink_kB=52.6  t=0.68s
  round  18/50: acc=0.9360  f1m=0.9357  uplink_kB=52.6  t=0.59s
  round  19/50: acc=0.9380  f1m=0.9378  uplink_kB=52.6  t=0.66s
  round  20/50: acc=0.9421  f1m=0.9419  uplink_kB=52.6  t=0.66s
  round  21/50: acc=0.9516  f1m=0.9515  uplink_kB=52.6  t=0.66s
  round  22/50: acc=0.9530  f1m=0.9529  uplink_kB=52.6  t=0.68s
  round  23/50: acc=0.9307  f1m=0.9304  uplink_kB=52.6  t=0.62s
  round  24/50: acc=0.9532  f1m=0.9531  uplink_kB=52.6  t=0.64s
  round  25/50: acc=0.9542  f1m=0.9541  uplink_kB=52.6  t=0.65s
  round  26/50: acc=0.9556  f1m=0.9555  uplink_kB=52.6  t=0.65s
  round  27/50: acc=0.9494  f1m=0.9492  uplink_kB=52.6  t=0.64s
  round  28/50: acc=0.9366  f1m=0.9364  uplink_kB=52.6  t=0.70s
  round  29/50: acc=0.9509  f1m=0.9508  uplink_kB=52.6  t=0.61s
  round  30/50: acc=0.9602  f1m=0.9601  uplink_kB=52.6  t=0.59s
  round  31/50: acc=0.9613  f1m=0.9612  uplink_kB=52.6  t=0.64s
  round  32/50: acc=0.9659  f1m=0.9659  uplink_kB=52.6  t=0.65s
  round  33/50: acc=0.9703  f1m=0.9703  uplink_kB=52.6  t=0.63s
  round  34/50: acc=0.9635  f1m=0.9635  uplink_kB=52.6  t=0.66s
  round  35/50: acc=0.9632  f1m=0.9631  uplink_kB=52.6  t=0.69s
  round  36/50: acc=0.9693  f1m=0.9693  uplink_kB=52.6  t=0.68s
  round  37/50: acc=0.9679  f1m=0.9679  uplink_kB=52.6  t=0.61s
  round  38/50: acc=0.9707  f1m=0.9707  uplink_kB=52.6  t=0.67s
  round  39/50: acc=0.9713  f1m=0.9713  uplink_kB=52.6  t=0.67s
  round  40/50: acc=0.9715  f1m=0.9715  uplink_kB=52.6  t=0.66s
  round  41/50: acc=0.9719  f1m=0.9718  uplink_kB=52.6  t=0.65s
  round  42/50: acc=0.9721  f1m=0.9721  uplink_kB=52.6  t=0.67s
  round  43/50: acc=0.9719  f1m=0.9719  uplink_kB=52.6  t=0.59s
  round  44/50: acc=0.9723  f1m=0.9722  uplink_kB=52.6  t=0.72s
  round  45/50: acc=0.9725  f1m=0.9725  uplink_kB=52.6  t=0.68s
  round  46/50: acc=0.9735  f1m=0.9735  uplink_kB=52.6  t=0.69s
  round  47/50: acc=0.9723  f1m=0.9722  uplink_kB=52.6  t=0.67s
  round  48/50: acc=0.9722  f1m=0.9722  uplink_kB=52.6  t=0.65s
  round  49/50: acc=0.9738  f1m=0.9738  uplink_kB=52.6  t=0.65s
  round  50/50: acc=0.9724  f1m=0.9724  uplink_kB=52.6  t=0.58s
[run] DONE -> /Users/agentra/Documents/hao/working/paper-lab/hao-paper-2026/iotj-fedkan-ids/repo/results/lrsweep_botiot/lrsweep_mlp32_lr0p03__dir0.1__seed23/metrics.json  final_acc=0.9724
