[run] device=cpu  seed=2026  out=/Users/agentra/Documents/hao/working/paper-lab/hao-paper-2026/iotj-fedkan-ids/repo/results/lrsweep_cseciic_mc/lrsweep_mlp32_lr0p001__dir0.1__seed2026
[run] model=mlp  params=1,775
  round   1/50: acc=0.2397  f1m=0.0609  uplink_kB=69.3  t=2.79s
  round   2/50: acc=0.2590  f1m=0.0743  uplink_kB=69.3  t=2.11s
  round   3/50: acc=0.2976  f1m=0.0915  uplink_kB=69.3  t=2.12s
  round   4/50: acc=0.3432  f1m=0.1041  uplink_kB=69.3  t=2.13s
  round   5/50: acc=0.3560  f1m=0.1086  uplink_kB=69.3  t=2.13s
  round   6/50: acc=0.4942  f1m=0.1825  uplink_kB=69.3  t=2.13s
  round   7/50: acc=0.5023  f1m=0.1835  uplink_kB=69.3  t=2.06s
  round   8/50: acc=0.5336  f1m=0.1989  uplink_kB=69.3  t=2.05s
  round   9/50: acc=0.5594  f1m=0.2529  uplink_kB=69.3  t=2.13s
  round  10/50: acc=0.6045  f1m=0.3092  uplink_kB=69.3  t=2.11s
  round  11/50: acc=0.6054  f1m=0.3092  uplink_kB=69.3  t=2.04s
  round  12/50: acc=0.6078  f1m=0.3708  uplink_kB=69.3  t=2.05s
  round  13/50: acc=0.6135  f1m=0.3718  uplink_kB=69.3  t=2.06s
  round  14/50: acc=0.6173  f1m=0.3742  uplink_kB=69.3  t=2.13s
  round  15/50: acc=0.7007  f1m=0.4162  uplink_kB=69.3  t=2.03s
  round  16/50: acc=0.7029  f1m=0.4206  uplink_kB=69.3  t=2.08s
  round  17/50: acc=0.7083  f1m=0.4214  uplink_kB=69.3  t=2.07s
  round  18/50: acc=0.7127  f1m=0.4243  uplink_kB=69.3  t=2.09s
  round  19/50: acc=0.7166  f1m=0.4263  uplink_kB=69.3  t=2.11s
  round  20/50: acc=0.7180  f1m=0.4278  uplink_kB=69.3  t=2.16s
  round  21/50: acc=0.7184  f1m=0.4289  uplink_kB=69.3  t=2.19s
  round  22/50: acc=0.7188  f1m=0.4303  uplink_kB=69.3  t=2.12s
  round  23/50: acc=0.7207  f1m=0.4319  uplink_kB=69.3  t=2.12s
  round  24/50: acc=0.7227  f1m=0.4337  uplink_kB=69.3  t=2.11s
  round  25/50: acc=0.7258  f1m=0.4381  uplink_kB=69.3  t=2.10s
  round  26/50: acc=0.7491  f1m=0.5228  uplink_kB=69.3  t=2.06s
  round  27/50: acc=0.7457  f1m=0.4955  uplink_kB=69.3  t=2.07s
  round  28/50: acc=0.7798  f1m=0.5773  uplink_kB=69.3  t=2.08s
  round  29/50: acc=0.7960  f1m=0.6126  uplink_kB=69.3  t=2.18s
  round  30/50: acc=0.8015  f1m=0.6168  uplink_kB=69.3  t=2.08s
  round  31/50: acc=0.8036  f1m=0.6173  uplink_kB=69.3  t=2.07s
  round  32/50: acc=0.8093  f1m=0.6229  uplink_kB=69.3  t=2.10s
  round  33/50: acc=0.8098  f1m=0.6242  uplink_kB=69.3  t=2.15s
  round  34/50: acc=0.8116  f1m=0.6269  uplink_kB=69.3  t=2.09s
  round  35/50: acc=0.8121  f1m=0.6275  uplink_kB=69.3  t=2.13s
  round  36/50: acc=0.8155  f1m=0.6352  uplink_kB=69.3  t=2.10s
  round  37/50: acc=0.8163  f1m=0.6364  uplink_kB=69.3  t=2.07s
  round  38/50: acc=0.8150  f1m=0.6360  uplink_kB=69.3  t=2.13s
  round  39/50: acc=0.8180  f1m=0.6392  uplink_kB=69.3  t=2.18s
  round  40/50: acc=0.8191  f1m=0.6395  uplink_kB=69.3  t=2.17s
  round  41/50: acc=0.8208  f1m=0.6435  uplink_kB=69.3  t=2.13s
  round  42/50: acc=0.8212  f1m=0.6458  uplink_kB=69.3  t=2.12s
  round  43/50: acc=0.8216  f1m=0.6472  uplink_kB=69.3  t=2.10s
  round  44/50: acc=0.8227  f1m=0.6487  uplink_kB=69.3  t=2.09s
  round  45/50: acc=0.8226  f1m=0.6484  uplink_kB=69.3  t=2.18s
  round  46/50: acc=0.8230  f1m=0.6483  uplink_kB=69.3  t=2.13s
  round  47/50: acc=0.8259  f1m=0.6529  uplink_kB=69.3  t=2.11s
  round  48/50: acc=0.8276  f1m=0.6542  uplink_kB=69.3  t=2.09s
  round  49/50: acc=0.8280  f1m=0.6563  uplink_kB=69.3  t=2.09s
  round  50/50: acc=0.8263  f1m=0.6546  uplink_kB=69.3  t=2.18s
[run] DONE -> /Users/agentra/Documents/hao/working/paper-lab/hao-paper-2026/iotj-fedkan-ids/repo/results/lrsweep_cseciic_mc/lrsweep_mlp32_lr0p001__dir0.1__seed2026/metrics.json  final_acc=0.8263
