[run] device=cpu  seed=113  out=/Users/agentra/Documents/hao/working/paper-lab/hao-paper-2026/iotj-fedkan-ids/repo/results/lrsweep_toniot/lrsweep_kan8_lr0p01__dir0.1__seed113
[run] model=kan  params=3,280
  round   1/50: acc=0.6193  f1m=0.6063  uplink_kB=150.2  t=2.66s
  round   2/50: acc=0.6844  f1m=0.6842  uplink_kB=150.2  t=1.92s
  round   3/50: acc=0.6448  f1m=0.6372  uplink_kB=150.2  t=1.92s
  round   4/50: acc=0.6492  f1m=0.6417  uplink_kB=150.2  t=1.96s
  round   5/50: acc=0.6552  f1m=0.6468  uplink_kB=150.2  t=1.81s
  round   6/50: acc=0.7482  f1m=0.7322  uplink_kB=150.2  t=1.93s
  round   7/50: acc=0.5369  f1m=0.4170  uplink_kB=150.2  t=1.94s
  round   8/50: acc=0.5382  f1m=0.4184  uplink_kB=150.2  t=1.93s
  round   9/50: acc=0.5398  f1m=0.4217  uplink_kB=150.2  t=1.89s
  round  10/50: acc=0.5491  f1m=0.4419  uplink_kB=150.2  t=1.90s
  round  11/50: acc=0.8523  f1m=0.8502  uplink_kB=150.2  t=1.92s
  round  12/50: acc=0.8423  f1m=0.8393  uplink_kB=150.2  t=1.84s
  round  13/50: acc=0.8523  f1m=0.8499  uplink_kB=150.2  t=1.88s
  round  14/50: acc=0.8553  f1m=0.8540  uplink_kB=150.2  t=1.89s
  round  15/50: acc=0.8556  f1m=0.8532  uplink_kB=150.2  t=1.96s
  round  16/50: acc=0.8548  f1m=0.8539  uplink_kB=150.2  t=1.98s
  round  17/50: acc=0.8520  f1m=0.8494  uplink_kB=150.2  t=1.91s
  round  18/50: acc=0.8315  f1m=0.8311  uplink_kB=150.2  t=1.91s
  round  19/50: acc=0.8531  f1m=0.8511  uplink_kB=150.2  t=1.86s
  round  20/50: acc=0.8550  f1m=0.8532  uplink_kB=150.2  t=1.94s
  round  21/50: acc=0.8625  f1m=0.8612  uplink_kB=150.2  t=1.89s
  round  22/50: acc=0.8569  f1m=0.8551  uplink_kB=150.2  t=1.91s
  round  23/50: acc=0.8453  f1m=0.8428  uplink_kB=150.2  t=1.93s
  round  24/50: acc=0.8781  f1m=0.8780  uplink_kB=150.2  t=1.88s
  round  25/50: acc=0.8494  f1m=0.8465  uplink_kB=150.2  t=1.76s
  round  26/50: acc=0.8539  f1m=0.8520  uplink_kB=150.2  t=1.90s
  round  27/50: acc=0.7495  f1m=0.7400  uplink_kB=150.2  t=1.88s
  round  28/50: acc=0.8589  f1m=0.8564  uplink_kB=150.2  t=1.85s
  round  29/50: acc=0.8817  f1m=0.8811  uplink_kB=150.2  t=1.92s
  round  30/50: acc=0.8693  f1m=0.8674  uplink_kB=150.2  t=1.89s
  round  31/50: acc=0.8709  f1m=0.8696  uplink_kB=150.2  t=1.84s
  round  32/50: acc=0.8714  f1m=0.8696  uplink_kB=150.2  t=1.91s
  round  33/50: acc=0.8717  f1m=0.8700  uplink_kB=150.2  t=1.86s
  round  34/50: acc=0.8662  f1m=0.8641  uplink_kB=150.2  t=1.90s
  round  35/50: acc=0.8698  f1m=0.8680  uplink_kB=150.2  t=1.95s
  round  36/50: acc=0.8776  f1m=0.8762  uplink_kB=150.2  t=1.93s
  round  37/50: acc=0.8842  f1m=0.8831  uplink_kB=150.2  t=1.90s
  round  38/50: acc=0.8728  f1m=0.8712  uplink_kB=150.2  t=1.84s
  round  39/50: acc=0.8730  f1m=0.8718  uplink_kB=150.2  t=1.92s
  round  40/50: acc=0.8793  f1m=0.8781  uplink_kB=150.2  t=1.90s
  round  41/50: acc=0.8710  f1m=0.8692  uplink_kB=150.2  t=1.93s
  round  42/50: acc=0.8931  f1m=0.8922  uplink_kB=150.2  t=1.91s
  round  43/50: acc=0.8751  f1m=0.8734  uplink_kB=150.2  t=1.88s
  round  44/50: acc=0.8842  f1m=0.8831  uplink_kB=150.2  t=1.94s
  round  45/50: acc=0.8843  f1m=0.8833  uplink_kB=150.2  t=1.86s
  round  46/50: acc=0.8863  f1m=0.8854  uplink_kB=150.2  t=1.87s
  round  47/50: acc=0.9028  f1m=0.9028  uplink_kB=150.2  t=1.88s
  round  48/50: acc=0.8672  f1m=0.8652  uplink_kB=150.2  t=1.91s
  round  49/50: acc=0.8847  f1m=0.8840  uplink_kB=150.2  t=1.88s
  round  50/50: acc=0.8785  f1m=0.8771  uplink_kB=150.2  t=1.95s
[run] DONE -> /Users/agentra/Documents/hao/working/paper-lab/hao-paper-2026/iotj-fedkan-ids/repo/results/lrsweep_toniot/lrsweep_kan8_lr0p01__dir0.1__seed113/metrics.json  final_acc=0.8785
