[run] device=cpu  seed=115  out=/Users/agentra/Documents/hao/working/paper-lab/hao-paper-2026/iotj-fedkan-ids/repo/results/lrsweep_cseciic_mc50k/lrsweep_mlp80_lr0p01__dir0.1__seed115
[run] model=mlp  params=4,415
  round   1/50: acc=0.3058  f1m=0.1072  uplink_kB=172.5  t=1.84s
  round   2/50: acc=0.4960  f1m=0.2569  uplink_kB=172.5  t=1.23s
  round   3/50: acc=0.6085  f1m=0.3151  uplink_kB=172.5  t=1.42s
  round   4/50: acc=0.6251  f1m=0.3362  uplink_kB=172.5  t=1.25s
  round   5/50: acc=0.6383  f1m=0.3454  uplink_kB=172.5  t=1.27s
  round   6/50: acc=0.6599  f1m=0.3671  uplink_kB=172.5  t=1.25s
  round   7/50: acc=0.6677  f1m=0.3748  uplink_kB=172.5  t=1.28s
  round   8/50: acc=0.6948  f1m=0.4173  uplink_kB=172.5  t=1.16s
  round   9/50: acc=0.6810  f1m=0.4263  uplink_kB=172.5  t=1.25s
  round  10/50: acc=0.7555  f1m=0.4772  uplink_kB=172.5  t=1.20s
  round  11/50: acc=0.7564  f1m=0.4776  uplink_kB=172.5  t=1.28s
  round  12/50: acc=0.7571  f1m=0.4789  uplink_kB=172.5  t=1.19s
  round  13/50: acc=0.7578  f1m=0.4794  uplink_kB=172.5  t=1.24s
  round  14/50: acc=0.7774  f1m=0.4897  uplink_kB=172.5  t=1.22s
  round  15/50: acc=0.7580  f1m=0.4794  uplink_kB=172.5  t=1.27s
  round  16/50: acc=0.7598  f1m=0.4829  uplink_kB=172.5  t=1.21s
  round  17/50: acc=0.7605  f1m=0.4818  uplink_kB=172.5  t=1.23s
  round  18/50: acc=0.7595  f1m=0.4815  uplink_kB=172.5  t=1.23s
  round  19/50: acc=0.7637  f1m=0.4879  uplink_kB=172.5  t=1.21s
  round  20/50: acc=0.7598  f1m=0.4814  uplink_kB=172.5  t=1.22s
  round  21/50: acc=0.7908  f1m=0.5206  uplink_kB=172.5  t=1.24s
  round  22/50: acc=0.7631  f1m=0.4869  uplink_kB=172.5  t=1.24s
  round  23/50: acc=0.7869  f1m=0.5048  uplink_kB=172.5  t=1.22s
  round  24/50: acc=0.7739  f1m=0.5198  uplink_kB=172.5  t=1.26s
  round  25/50: acc=0.7673  f1m=0.5053  uplink_kB=172.5  t=1.19s
  round  26/50: acc=0.7842  f1m=0.5162  uplink_kB=172.5  t=1.25s
  round  27/50: acc=0.7896  f1m=0.5187  uplink_kB=172.5  t=1.17s
  round  28/50: acc=0.7906  f1m=0.5826  uplink_kB=172.5  t=1.24s
  round  29/50: acc=0.7960  f1m=0.5916  uplink_kB=172.5  t=1.20s
  round  30/50: acc=0.7965  f1m=0.5324  uplink_kB=172.5  t=1.22s
  round  31/50: acc=0.8129  f1m=0.5553  uplink_kB=172.5  t=1.20s
  round  32/50: acc=0.7901  f1m=0.5278  uplink_kB=172.5  t=1.29s
  round  33/50: acc=0.7997  f1m=0.5399  uplink_kB=172.5  t=1.22s
  round  34/50: acc=0.8205  f1m=0.5688  uplink_kB=172.5  t=1.26s
  round  35/50: acc=0.7984  f1m=0.5368  uplink_kB=172.5  t=1.23s
  round  36/50: acc=0.8003  f1m=0.5392  uplink_kB=172.5  t=1.27s
  round  37/50: acc=0.8285  f1m=0.6653  uplink_kB=172.5  t=1.22s
  round  38/50: acc=0.8207  f1m=0.6265  uplink_kB=172.5  t=1.27s
  round  39/50: acc=0.8351  f1m=0.6773  uplink_kB=172.5  t=1.20s
  round  40/50: acc=0.8217  f1m=0.6366  uplink_kB=172.5  t=1.18s
  round  41/50: acc=0.8390  f1m=0.6856  uplink_kB=172.5  t=1.25s
  round  42/50: acc=0.8084  f1m=0.6107  uplink_kB=172.5  t=1.19s
  round  43/50: acc=0.8419  f1m=0.6915  uplink_kB=172.5  t=1.25s
  round  44/50: acc=0.8252  f1m=0.6390  uplink_kB=172.5  t=1.20s
  round  45/50: acc=0.8419  f1m=0.6897  uplink_kB=172.5  t=1.25s
  round  46/50: acc=0.8220  f1m=0.6298  uplink_kB=172.5  t=1.21s
  round  47/50: acc=0.8519  f1m=0.7049  uplink_kB=172.5  t=1.28s
  round  48/50: acc=0.8177  f1m=0.6232  uplink_kB=172.5  t=1.22s
  round  49/50: acc=0.8347  f1m=0.6775  uplink_kB=172.5  t=1.27s
  round  50/50: acc=0.8272  f1m=0.6662  uplink_kB=172.5  t=1.29s
[run] DONE -> /Users/agentra/Documents/hao/working/paper-lab/hao-paper-2026/iotj-fedkan-ids/repo/results/lrsweep_cseciic_mc50k/lrsweep_mlp80_lr0p01__dir0.1__seed115/metrics.json  final_acc=0.8272
