[run] device=cpu  seed=42  out=/Users/agentra/Documents/hao/working/paper-lab/hao-paper-2026/iotj-fedkan-ids/repo/results/lrsweep_botiot/lrsweep_kan8_lr0p0003__dir0.1__seed42
[run] model=kan  params=3,280
  round   1/50: acc=0.5011  f1m=0.3338  uplink_kB=150.2  t=2.37s
  round   2/50: acc=0.5011  f1m=0.3338  uplink_kB=150.2  t=1.75s
  round   3/50: acc=0.5011  f1m=0.3338  uplink_kB=150.2  t=1.62s
  round   4/50: acc=0.5014  f1m=0.3346  uplink_kB=150.2  t=1.69s
  round   5/50: acc=0.6595  f1m=0.6142  uplink_kB=150.2  t=1.67s
  round   6/50: acc=0.8298  f1m=0.8271  uplink_kB=150.2  t=1.61s
  round   7/50: acc=0.8983  f1m=0.8981  uplink_kB=150.2  t=1.62s
  round   8/50: acc=0.9148  f1m=0.9148  uplink_kB=150.2  t=1.64s
  round   9/50: acc=0.9186  f1m=0.9185  uplink_kB=150.2  t=1.69s
  round  10/50: acc=0.9263  f1m=0.9263  uplink_kB=150.2  t=1.63s
  round  11/50: acc=0.9278  f1m=0.9278  uplink_kB=150.2  t=1.70s
  round  12/50: acc=0.9287  f1m=0.9287  uplink_kB=150.2  t=1.60s
  round  13/50: acc=0.9292  f1m=0.9292  uplink_kB=150.2  t=1.66s
  round  14/50: acc=0.9299  f1m=0.9299  uplink_kB=150.2  t=1.68s
  round  15/50: acc=0.9315  f1m=0.9315  uplink_kB=150.2  t=1.63s
  round  16/50: acc=0.9330  f1m=0.9330  uplink_kB=150.2  t=1.69s
  round  17/50: acc=0.9464  f1m=0.9464  uplink_kB=150.2  t=1.73s
  round  18/50: acc=0.9495  f1m=0.9495  uplink_kB=150.2  t=1.57s
  round  19/50: acc=0.9593  f1m=0.9593  uplink_kB=150.2  t=1.61s
  round  20/50: acc=0.9607  f1m=0.9607  uplink_kB=150.2  t=1.66s
  round  21/50: acc=0.9623  f1m=0.9623  uplink_kB=150.2  t=1.69s
  round  22/50: acc=0.9640  f1m=0.9640  uplink_kB=150.2  t=1.68s
  round  23/50: acc=0.9640  f1m=0.9640  uplink_kB=150.2  t=1.73s
  round  24/50: acc=0.9645  f1m=0.9645  uplink_kB=150.2  t=1.65s
  round  25/50: acc=0.9675  f1m=0.9675  uplink_kB=150.2  t=1.57s
  round  26/50: acc=0.9695  f1m=0.9695  uplink_kB=150.2  t=1.62s
  round  27/50: acc=0.9696  f1m=0.9696  uplink_kB=150.2  t=1.63s
  round  28/50: acc=0.9696  f1m=0.9696  uplink_kB=150.2  t=1.57s
  round  29/50: acc=0.9696  f1m=0.9696  uplink_kB=150.2  t=1.62s
  round  30/50: acc=0.9696  f1m=0.9696  uplink_kB=150.2  t=1.67s
  round  31/50: acc=0.9695  f1m=0.9694  uplink_kB=150.2  t=1.68s
  round  32/50: acc=0.9695  f1m=0.9695  uplink_kB=150.2  t=1.61s
  round  33/50: acc=0.9694  f1m=0.9694  uplink_kB=150.2  t=1.64s
  round  34/50: acc=0.9693  f1m=0.9693  uplink_kB=150.2  t=1.63s
  round  35/50: acc=0.9715  f1m=0.9715  uplink_kB=150.2  t=1.72s
  round  36/50: acc=0.9716  f1m=0.9716  uplink_kB=150.2  t=1.67s
  round  37/50: acc=0.9716  f1m=0.9716  uplink_kB=150.2  t=1.63s
  round  38/50: acc=0.9717  f1m=0.9717  uplink_kB=150.2  t=1.69s
  round  39/50: acc=0.9716  f1m=0.9716  uplink_kB=150.2  t=1.58s
  round  40/50: acc=0.9716  f1m=0.9716  uplink_kB=150.2  t=1.61s
  round  41/50: acc=0.9716  f1m=0.9716  uplink_kB=150.2  t=1.66s
  round  42/50: acc=0.9716  f1m=0.9716  uplink_kB=150.2  t=1.71s
  round  43/50: acc=0.9716  f1m=0.9716  uplink_kB=150.2  t=1.66s
  round  44/50: acc=0.9716  f1m=0.9716  uplink_kB=150.2  t=1.69s
  round  45/50: acc=0.9716  f1m=0.9716  uplink_kB=150.2  t=1.64s
  round  46/50: acc=0.9717  f1m=0.9717  uplink_kB=150.2  t=1.60s
  round  47/50: acc=0.9717  f1m=0.9717  uplink_kB=150.2  t=1.63s
  round  48/50: acc=0.9718  f1m=0.9718  uplink_kB=150.2  t=1.65s
  round  49/50: acc=0.9718  f1m=0.9718  uplink_kB=150.2  t=1.63s
  round  50/50: acc=0.9718  f1m=0.9718  uplink_kB=150.2  t=1.64s
[run] DONE -> /Users/agentra/Documents/hao/working/paper-lab/hao-paper-2026/iotj-fedkan-ids/repo/results/lrsweep_botiot/lrsweep_kan8_lr0p0003__dir0.1__seed42/metrics.json  final_acc=0.9718
