[run] device=cpu  seed=37  out=/Users/agentra/Documents/hao/working/paper-lab/hao-paper-2026/iotj-fedkan-ids/repo/results/lrsweep_cseciic/lrsweep_kan8_lr0p03__dir0.1__seed37
[run] model=kan  params=3,280
  round   1/50: acc=0.9443  f1m=0.9443  uplink_kB=150.2  t=2.30s
  round   2/50: acc=0.9381  f1m=0.9381  uplink_kB=150.2  t=1.66s
  round   3/50: acc=0.9678  f1m=0.9678  uplink_kB=150.2  t=1.65s
  round   4/50: acc=0.9267  f1m=0.9264  uplink_kB=150.2  t=1.66s
  round   5/50: acc=0.9690  f1m=0.9690  uplink_kB=150.2  t=1.77s
  round   6/50: acc=0.9399  f1m=0.9397  uplink_kB=150.2  t=1.60s
  round   7/50: acc=0.9697  f1m=0.9696  uplink_kB=150.2  t=1.65s
  round   8/50: acc=0.9748  f1m=0.9748  uplink_kB=150.2  t=1.87s
  round   9/50: acc=0.9706  f1m=0.9706  uplink_kB=150.2  t=1.77s
  round  10/50: acc=0.9657  f1m=0.9657  uplink_kB=150.2  t=1.85s
  round  11/50: acc=0.9749  f1m=0.9749  uplink_kB=150.2  t=1.67s
  round  12/50: acc=0.9657  f1m=0.9657  uplink_kB=150.2  t=1.73s
  round  13/50: acc=0.9717  f1m=0.9717  uplink_kB=150.2  t=1.60s
  round  14/50: acc=0.9752  f1m=0.9752  uplink_kB=150.2  t=1.67s
  round  15/50: acc=0.9759  f1m=0.9759  uplink_kB=150.2  t=1.68s
  round  16/50: acc=0.9672  f1m=0.9671  uplink_kB=150.2  t=1.72s
  round  17/50: acc=0.9751  f1m=0.9751  uplink_kB=150.2  t=1.89s
  round  18/50: acc=0.9761  f1m=0.9761  uplink_kB=150.2  t=1.75s
  round  19/50: acc=0.9762  f1m=0.9762  uplink_kB=150.2  t=1.65s
  round  20/50: acc=0.9761  f1m=0.9761  uplink_kB=150.2  t=1.82s
  round  21/50: acc=0.9407  f1m=0.9405  uplink_kB=150.2  t=2.47s
  round  22/50: acc=0.9761  f1m=0.9761  uplink_kB=150.2  t=2.34s
  round  23/50: acc=0.9475  f1m=0.9474  uplink_kB=150.2  t=1.69s
  round  24/50: acc=0.9764  f1m=0.9764  uplink_kB=150.2  t=1.62s
  round  25/50: acc=0.9449  f1m=0.9447  uplink_kB=150.2  t=1.64s
  round  26/50: acc=0.9762  f1m=0.9762  uplink_kB=150.2  t=1.74s
  round  27/50: acc=0.9764  f1m=0.9764  uplink_kB=150.2  t=1.67s
  round  28/50: acc=0.9764  f1m=0.9764  uplink_kB=150.2  t=1.68s
  round  29/50: acc=0.9729  f1m=0.9728  uplink_kB=150.2  t=1.66s
  round  30/50: acc=0.9764  f1m=0.9764  uplink_kB=150.2  t=1.67s
  round  31/50: acc=0.9750  f1m=0.9750  uplink_kB=150.2  t=1.62s
  round  32/50: acc=0.9765  f1m=0.9765  uplink_kB=150.2  t=1.70s
  round  33/50: acc=0.9752  f1m=0.9752  uplink_kB=150.2  t=1.69s
  round  34/50: acc=0.9752  f1m=0.9752  uplink_kB=150.2  t=1.65s
  round  35/50: acc=0.9753  f1m=0.9753  uplink_kB=150.2  t=1.63s
  round  36/50: acc=0.9763  f1m=0.9763  uplink_kB=150.2  t=1.68s
  round  37/50: acc=0.9762  f1m=0.9762  uplink_kB=150.2  t=1.66s
  round  38/50: acc=0.9763  f1m=0.9763  uplink_kB=150.2  t=1.62s
  round  39/50: acc=0.9766  f1m=0.9765  uplink_kB=150.2  t=1.68s
  round  40/50: acc=0.9507  f1m=0.9506  uplink_kB=150.2  t=1.65s
  round  41/50: acc=0.9765  f1m=0.9765  uplink_kB=150.2  t=1.68s
  round  42/50: acc=0.9750  f1m=0.9750  uplink_kB=150.2  t=1.70s
  round  43/50: acc=0.9765  f1m=0.9765  uplink_kB=150.2  t=1.64s
  round  44/50: acc=0.9764  f1m=0.9764  uplink_kB=150.2  t=1.64s
  round  45/50: acc=0.9530  f1m=0.9529  uplink_kB=150.2  t=1.66s
  round  46/50: acc=0.9759  f1m=0.9759  uplink_kB=150.2  t=1.65s
  round  47/50: acc=0.9544  f1m=0.9543  uplink_kB=150.2  t=1.64s
  round  48/50: acc=0.9766  f1m=0.9766  uplink_kB=150.2  t=1.67s
  round  49/50: acc=0.9762  f1m=0.9762  uplink_kB=150.2  t=1.65s
  round  50/50: acc=0.9765  f1m=0.9765  uplink_kB=150.2  t=1.55s
[run] DONE -> /Users/agentra/Documents/hao/working/paper-lab/hao-paper-2026/iotj-fedkan-ids/repo/results/lrsweep_cseciic/lrsweep_kan8_lr0p03__dir0.1__seed37/metrics.json  final_acc=0.9765
