[run] device=cpu  seed=37  out=/Users/agentra/Documents/hao/working/paper-lab/hao-paper-2026/iotj-fedkan-ids/repo/results/lrsweep_cseciic_mc50k/lrsweep_mlp32_lr0p03__dir0.1__seed37
[run] model=mlp  params=1,775
  round   1/50: acc=0.2553  f1m=0.0977  uplink_kB=69.3  t=1.58s
  round   2/50: acc=0.5224  f1m=0.2506  uplink_kB=69.3  t=1.09s
  round   3/50: acc=0.5728  f1m=0.2724  uplink_kB=69.3  t=1.11s
  round   4/50: acc=0.6699  f1m=0.3614  uplink_kB=69.3  t=1.06s
  round   5/50: acc=0.6464  f1m=0.3452  uplink_kB=69.3  t=1.10s
  round   6/50: acc=0.7006  f1m=0.3884  uplink_kB=69.3  t=1.05s
  round   7/50: acc=0.7113  f1m=0.3961  uplink_kB=69.3  t=1.07s
  round   8/50: acc=0.7093  f1m=0.3948  uplink_kB=69.3  t=1.03s
  round   9/50: acc=0.7142  f1m=0.3978  uplink_kB=69.3  t=1.10s
  round  10/50: acc=0.7041  f1m=0.3974  uplink_kB=69.3  t=1.03s
  round  11/50: acc=0.7205  f1m=0.4070  uplink_kB=69.3  t=1.12s
  round  12/50: acc=0.7777  f1m=0.4977  uplink_kB=69.3  t=1.07s
  round  13/50: acc=0.7216  f1m=0.4083  uplink_kB=69.3  t=1.13s
  round  14/50: acc=0.7268  f1m=0.4170  uplink_kB=69.3  t=1.04s
  round  15/50: acc=0.7275  f1m=0.4259  uplink_kB=69.3  t=1.07s
  round  16/50: acc=0.7947  f1m=0.5237  uplink_kB=69.3  t=1.06s
  round  17/50: acc=0.7252  f1m=0.4212  uplink_kB=69.3  t=1.06s
  round  18/50: acc=0.7907  f1m=0.5223  uplink_kB=69.3  t=1.02s
  round  19/50: acc=0.7965  f1m=0.5280  uplink_kB=69.3  t=1.09s
  round  20/50: acc=0.7977  f1m=0.5301  uplink_kB=69.3  t=1.10s
  round  21/50: acc=0.7965  f1m=0.5326  uplink_kB=69.3  t=1.07s
  round  22/50: acc=0.7605  f1m=0.4485  uplink_kB=69.3  t=1.16s
  round  23/50: acc=0.7325  f1m=0.4281  uplink_kB=69.3  t=1.02s
  round  24/50: acc=0.7803  f1m=0.5085  uplink_kB=69.3  t=1.11s
  round  25/50: acc=0.8129  f1m=0.5786  uplink_kB=69.3  t=1.04s
  round  26/50: acc=0.8181  f1m=0.5864  uplink_kB=69.3  t=1.08s
  round  27/50: acc=0.8168  f1m=0.5842  uplink_kB=69.3  t=1.05s
  round  28/50: acc=0.8129  f1m=0.5839  uplink_kB=69.3  t=1.07s
  round  29/50: acc=0.8296  f1m=0.5960  uplink_kB=69.3  t=1.06s
  round  30/50: acc=0.7947  f1m=0.5445  uplink_kB=69.3  t=1.08s
  round  31/50: acc=0.8236  f1m=0.5973  uplink_kB=69.3  t=1.10s
  round  32/50: acc=0.8204  f1m=0.5964  uplink_kB=69.3  t=1.04s
  round  33/50: acc=0.8270  f1m=0.6116  uplink_kB=69.3  t=1.10s
  round  34/50: acc=0.8020  f1m=0.5582  uplink_kB=69.3  t=1.03s
  round  35/50: acc=0.8282  f1m=0.6014  uplink_kB=69.3  t=1.08s
  round  36/50: acc=0.7460  f1m=0.4806  uplink_kB=69.3  t=1.02s
  round  37/50: acc=0.8161  f1m=0.5913  uplink_kB=69.3  t=1.07s
  round  38/50: acc=0.7514  f1m=0.4853  uplink_kB=69.3  t=1.01s
  round  39/50: acc=0.8353  f1m=0.6251  uplink_kB=69.3  t=1.07s
  round  40/50: acc=0.8320  f1m=0.6184  uplink_kB=69.3  t=1.05s
  round  41/50: acc=0.8322  f1m=0.6187  uplink_kB=69.3  t=1.07s
  round  42/50: acc=0.8229  f1m=0.6043  uplink_kB=69.3  t=1.02s
  round  43/50: acc=0.8326  f1m=0.6186  uplink_kB=69.3  t=1.04s
  round  44/50: acc=0.8010  f1m=0.5837  uplink_kB=69.3  t=1.06s
  round  45/50: acc=0.8080  f1m=0.5829  uplink_kB=69.3  t=1.07s
  round  46/50: acc=0.8165  f1m=0.5910  uplink_kB=69.3  t=1.09s
  round  47/50: acc=0.8229  f1m=0.6044  uplink_kB=69.3  t=1.02s
  round  48/50: acc=0.8022  f1m=0.5722  uplink_kB=69.3  t=1.07s
  round  49/50: acc=0.8239  f1m=0.6064  uplink_kB=69.3  t=0.99s
  round  50/50: acc=0.8191  f1m=0.5961  uplink_kB=69.3  t=1.00s
[run] DONE -> /Users/agentra/Documents/hao/working/paper-lab/hao-paper-2026/iotj-fedkan-ids/repo/results/lrsweep_cseciic_mc50k/lrsweep_mlp32_lr0p03__dir0.1__seed37/metrics.json  final_acc=0.8191
