[run] device=cpu  seed=37  out=/Users/agentra/Documents/hao/working/paper-lab/hao-paper-2026/iotj-fedkan-ids/repo/results/lrsweep_cseciic/lrsweep_mlp32_lr0p001__dir0.1__seed37
[run] model=mlp  params=1,346
  round   1/50: acc=0.8732  f1m=0.8725  uplink_kB=52.6  t=1.36s
  round   2/50: acc=0.9045  f1m=0.9043  uplink_kB=52.6  t=0.72s
  round   3/50: acc=0.9184  f1m=0.9184  uplink_kB=52.6  t=0.69s
  round   4/50: acc=0.9126  f1m=0.9124  uplink_kB=52.6  t=0.68s
  round   5/50: acc=0.9131  f1m=0.9129  uplink_kB=52.6  t=0.81s
  round   6/50: acc=0.9136  f1m=0.9135  uplink_kB=52.6  t=0.63s
  round   7/50: acc=0.9139  f1m=0.9138  uplink_kB=52.6  t=0.69s
  round   8/50: acc=0.9143  f1m=0.9141  uplink_kB=52.6  t=0.71s
  round   9/50: acc=0.9136  f1m=0.9135  uplink_kB=52.6  t=0.71s
  round  10/50: acc=0.9140  f1m=0.9139  uplink_kB=52.6  t=0.80s
  round  11/50: acc=0.9149  f1m=0.9148  uplink_kB=52.6  t=0.75s
  round  12/50: acc=0.9181  f1m=0.9179  uplink_kB=52.6  t=0.72s
  round  13/50: acc=0.9189  f1m=0.9187  uplink_kB=52.6  t=0.64s
  round  14/50: acc=0.9197  f1m=0.9195  uplink_kB=52.6  t=0.68s
  round  15/50: acc=0.9207  f1m=0.9205  uplink_kB=52.6  t=0.67s
  round  16/50: acc=0.9210  f1m=0.9208  uplink_kB=52.6  t=0.67s
  round  17/50: acc=0.9222  f1m=0.9220  uplink_kB=52.6  t=0.71s
  round  18/50: acc=0.9268  f1m=0.9266  uplink_kB=52.6  t=0.68s
  round  19/50: acc=0.9273  f1m=0.9272  uplink_kB=52.6  t=0.66s
  round  20/50: acc=0.9277  f1m=0.9275  uplink_kB=52.6  t=0.68s
  round  21/50: acc=0.9282  f1m=0.9280  uplink_kB=52.6  t=0.68s
  round  22/50: acc=0.9284  f1m=0.9282  uplink_kB=52.6  t=0.71s
  round  23/50: acc=0.9287  f1m=0.9286  uplink_kB=52.6  t=0.70s
  round  24/50: acc=0.9288  f1m=0.9286  uplink_kB=52.6  t=0.69s
  round  25/50: acc=0.9288  f1m=0.9286  uplink_kB=52.6  t=0.65s
  round  26/50: acc=0.9284  f1m=0.9282  uplink_kB=52.6  t=0.64s
  round  27/50: acc=0.9286  f1m=0.9284  uplink_kB=52.6  t=0.67s
  round  28/50: acc=0.9331  f1m=0.9329  uplink_kB=52.6  t=0.65s
  round  29/50: acc=0.9343  f1m=0.9342  uplink_kB=52.6  t=0.67s
  round  30/50: acc=0.9382  f1m=0.9381  uplink_kB=52.6  t=0.69s
  round  31/50: acc=0.9394  f1m=0.9393  uplink_kB=52.6  t=0.69s
  round  32/50: acc=0.9598  f1m=0.9598  uplink_kB=52.6  t=0.62s
  round  33/50: acc=0.9601  f1m=0.9601  uplink_kB=52.6  t=0.68s
  round  34/50: acc=0.9604  f1m=0.9604  uplink_kB=52.6  t=0.77s
  round  35/50: acc=0.9606  f1m=0.9605  uplink_kB=52.6  t=0.72s
  round  36/50: acc=0.9611  f1m=0.9611  uplink_kB=52.6  t=0.72s
  round  37/50: acc=0.9611  f1m=0.9611  uplink_kB=52.6  t=0.67s
  round  38/50: acc=0.9608  f1m=0.9608  uplink_kB=52.6  t=0.69s
  round  39/50: acc=0.9610  f1m=0.9610  uplink_kB=52.6  t=0.70s
  round  40/50: acc=0.9610  f1m=0.9610  uplink_kB=52.6  t=0.65s
  round  41/50: acc=0.9615  f1m=0.9615  uplink_kB=52.6  t=0.67s
  round  42/50: acc=0.9615  f1m=0.9615  uplink_kB=52.6  t=0.69s
  round  43/50: acc=0.9621  f1m=0.9621  uplink_kB=52.6  t=0.70s
  round  44/50: acc=0.9614  f1m=0.9614  uplink_kB=52.6  t=0.68s
  round  45/50: acc=0.9617  f1m=0.9617  uplink_kB=52.6  t=0.65s
  round  46/50: acc=0.9617  f1m=0.9616  uplink_kB=52.6  t=0.67s
  round  47/50: acc=0.9615  f1m=0.9615  uplink_kB=52.6  t=0.70s
  round  48/50: acc=0.9617  f1m=0.9617  uplink_kB=52.6  t=0.68s
  round  49/50: acc=0.9620  f1m=0.9620  uplink_kB=52.6  t=0.69s
  round  50/50: acc=0.9621  f1m=0.9620  uplink_kB=52.6  t=0.71s
[run] DONE -> /Users/agentra/Documents/hao/working/paper-lab/hao-paper-2026/iotj-fedkan-ids/repo/results/lrsweep_cseciic/lrsweep_mlp32_lr0p001__dir0.1__seed37/metrics.json  final_acc=0.9621
