[run] device=cpu  seed=11  out=/Users/agentra/Documents/hao/working/paper-lab/hao-paper-2026/iotj-fedkan-ids/repo/results/lrsweep_cseciic_mc/lrsweep_mlp80_lr0p01__dir0.1__seed11
[run] model=mlp  params=4,415
  round   1/50: acc=0.3928  f1m=0.1197  uplink_kB=172.5  t=2.89s
  round   2/50: acc=0.5251  f1m=0.2300  uplink_kB=172.5  t=2.20s
  round   3/50: acc=0.7845  f1m=0.4042  uplink_kB=172.5  t=2.27s
  round   4/50: acc=0.7934  f1m=0.4284  uplink_kB=172.5  t=2.42s
  round   5/50: acc=0.8026  f1m=0.4580  uplink_kB=172.5  t=2.23s
  round   6/50: acc=0.8265  f1m=0.4994  uplink_kB=172.5  t=2.31s
  round   7/50: acc=0.8296  f1m=0.5097  uplink_kB=172.5  t=2.16s
  round   8/50: acc=0.8307  f1m=0.5110  uplink_kB=172.5  t=2.11s
  round   9/50: acc=0.8308  f1m=0.5110  uplink_kB=172.5  t=2.87s
  round  10/50: acc=0.8308  f1m=0.5116  uplink_kB=172.5  t=2.30s
  round  11/50: acc=0.8336  f1m=0.5186  uplink_kB=172.5  t=2.21s
  round  12/50: acc=0.8334  f1m=0.5131  uplink_kB=172.5  t=2.16s
  round  13/50: acc=0.8359  f1m=0.5216  uplink_kB=172.5  t=2.20s
  round  14/50: acc=0.8412  f1m=0.5880  uplink_kB=172.5  t=2.14s
  round  15/50: acc=0.8398  f1m=0.5863  uplink_kB=172.5  t=2.18s
  round  16/50: acc=0.8438  f1m=0.6188  uplink_kB=172.5  t=2.27s
  round  17/50: acc=0.8397  f1m=0.5890  uplink_kB=172.5  t=2.16s
  round  18/50: acc=0.8506  f1m=0.6417  uplink_kB=172.5  t=2.20s
  round  19/50: acc=0.8464  f1m=0.6317  uplink_kB=172.5  t=2.23s
  round  20/50: acc=0.8420  f1m=0.6038  uplink_kB=172.5  t=2.27s
  round  21/50: acc=0.8533  f1m=0.6419  uplink_kB=172.5  t=2.16s
  round  22/50: acc=0.8456  f1m=0.6102  uplink_kB=172.5  t=2.28s
  round  23/50: acc=0.8516  f1m=0.6435  uplink_kB=172.5  t=2.23s
  round  24/50: acc=0.8481  f1m=0.6191  uplink_kB=172.5  t=2.17s
  round  25/50: acc=0.8503  f1m=0.6259  uplink_kB=172.5  t=2.24s
  round  26/50: acc=0.8493  f1m=0.6240  uplink_kB=172.5  t=2.18s
  round  27/50: acc=0.8471  f1m=0.6371  uplink_kB=172.5  t=2.22s
  round  28/50: acc=0.8542  f1m=0.6529  uplink_kB=172.5  t=2.13s
  round  29/50: acc=0.8558  f1m=0.6552  uplink_kB=172.5  t=2.26s
  round  30/50: acc=0.8534  f1m=0.6522  uplink_kB=172.5  t=2.24s
  round  31/50: acc=0.8525  f1m=0.6522  uplink_kB=172.5  t=2.27s
  round  32/50: acc=0.8535  f1m=0.6493  uplink_kB=172.5  t=2.16s
  round  33/50: acc=0.8621  f1m=0.6631  uplink_kB=172.5  t=2.18s
  round  34/50: acc=0.8549  f1m=0.6323  uplink_kB=172.5  t=2.19s
  round  35/50: acc=0.8620  f1m=0.6635  uplink_kB=172.5  t=2.17s
  round  36/50: acc=0.8622  f1m=0.6645  uplink_kB=172.5  t=2.27s
  round  37/50: acc=0.8531  f1m=0.6477  uplink_kB=172.5  t=2.26s
  round  38/50: acc=0.8596  f1m=0.6606  uplink_kB=172.5  t=2.20s
  round  39/50: acc=0.8508  f1m=0.6402  uplink_kB=172.5  t=2.13s
  round  40/50: acc=0.8620  f1m=0.6656  uplink_kB=172.5  t=2.25s
  round  41/50: acc=0.8502  f1m=0.6407  uplink_kB=172.5  t=2.15s
  round  42/50: acc=0.8635  f1m=0.6657  uplink_kB=172.5  t=2.27s
  round  43/50: acc=0.8604  f1m=0.6599  uplink_kB=172.5  t=2.20s
  round  44/50: acc=0.8580  f1m=0.6547  uplink_kB=172.5  t=2.15s
  round  45/50: acc=0.8611  f1m=0.6623  uplink_kB=172.5  t=2.18s
  round  46/50: acc=0.8516  f1m=0.6412  uplink_kB=172.5  t=2.17s
  round  47/50: acc=0.8622  f1m=0.6620  uplink_kB=172.5  t=2.17s
  round  48/50: acc=0.8591  f1m=0.6575  uplink_kB=172.5  t=2.19s
  round  49/50: acc=0.8608  f1m=0.6605  uplink_kB=172.5  t=2.21s
  round  50/50: acc=0.8620  f1m=0.6654  uplink_kB=172.5  t=2.16s
[run] DONE -> /Users/agentra/Documents/hao/working/paper-lab/hao-paper-2026/iotj-fedkan-ids/repo/results/lrsweep_cseciic_mc/lrsweep_mlp80_lr0p01__dir0.1__seed11/metrics.json  final_acc=0.8620
