[run] device=cpu  seed=43  out=/Users/agentra/Documents/hao/working/paper-lab/hao-paper-2026/iotj-fedkan-ids/repo/results/lrext_toniot/lrext_mlp80_lr0p3__dir0.1__seed43
[run] model=mlp  params=3,362
  round   1/50: acc=0.5000  f1m=0.3333  uplink_kB=131.3  t=1.50s
  round   2/50: acc=0.5000  f1m=0.3333  uplink_kB=131.3  t=0.85s
  round   3/50: acc=0.6708  f1m=0.6703  uplink_kB=131.3  t=0.84s
  round   4/50: acc=0.5000  f1m=0.3333  uplink_kB=131.3  t=0.78s
  round   5/50: acc=0.5000  f1m=0.3333  uplink_kB=131.3  t=0.86s
  round   6/50: acc=0.5000  f1m=0.3333  uplink_kB=131.3  t=0.82s
  round   7/50: acc=0.5000  f1m=0.3335  uplink_kB=131.3  t=0.84s
  round   8/50: acc=0.5045  f1m=0.3435  uplink_kB=131.3  t=0.84s
  round   9/50: acc=0.5180  f1m=0.3726  uplink_kB=131.3  t=0.90s
  round  10/50: acc=0.5042  f1m=0.3430  uplink_kB=131.3  t=0.83s
  round  11/50: acc=0.5591  f1m=0.4618  uplink_kB=131.3  t=0.79s
  round  12/50: acc=0.5063  f1m=0.3474  uplink_kB=131.3  t=0.86s
  round  13/50: acc=0.5325  f1m=0.4080  uplink_kB=131.3  t=0.82s
  round  14/50: acc=0.5378  f1m=0.4129  uplink_kB=131.3  t=0.84s
  round  15/50: acc=0.5249  f1m=0.3878  uplink_kB=131.3  t=0.84s
  round  16/50: acc=0.5040  f1m=0.3423  uplink_kB=131.3  t=0.87s
  round  17/50: acc=0.5044  f1m=0.3432  uplink_kB=131.3  t=0.76s
  round  18/50: acc=0.5270  f1m=0.3917  uplink_kB=131.3  t=0.84s
  round  19/50: acc=0.5130  f1m=0.3620  uplink_kB=131.3  t=0.85s
  round  20/50: acc=0.5020  f1m=0.3379  uplink_kB=131.3  t=0.85s
  round  21/50: acc=0.5197  f1m=0.3766  uplink_kB=131.3  t=0.88s
  round  22/50: acc=0.5192  f1m=0.3752  uplink_kB=131.3  t=0.83s
  round  23/50: acc=0.5034  f1m=0.3411  uplink_kB=131.3  t=0.94s
  round  24/50: acc=0.5069  f1m=0.3488  uplink_kB=131.3  t=0.84s
  round  25/50: acc=0.5029  f1m=0.3399  uplink_kB=131.3  t=1.04s
  round  26/50: acc=0.5493  f1m=0.4365  uplink_kB=131.3  t=1.01s
  round  27/50: acc=0.5056  f1m=0.3459  uplink_kB=131.3  t=0.90s
  round  28/50: acc=0.5160  f1m=0.3684  uplink_kB=131.3  t=1.10s
  round  29/50: acc=0.5289  f1m=0.3954  uplink_kB=131.3  t=1.01s
  round  30/50: acc=0.5217  f1m=0.3804  uplink_kB=131.3  t=0.99s
  round  31/50: acc=0.5125  f1m=0.3610  uplink_kB=131.3  t=0.84s
  round  32/50: acc=0.5197  f1m=0.3760  uplink_kB=131.3  t=0.94s
  round  33/50: acc=0.5049  f1m=0.3444  uplink_kB=131.3  t=0.86s
  round  34/50: acc=0.5216  f1m=0.3800  uplink_kB=131.3  t=0.88s
  round  35/50: acc=0.5380  f1m=0.4133  uplink_kB=131.3  t=0.87s
  round  36/50: acc=0.5070  f1m=0.3491  uplink_kB=131.3  t=0.86s
  round  37/50: acc=0.5347  f1m=0.4083  uplink_kB=131.3  t=0.88s
  round  38/50: acc=0.5254  f1m=0.3881  uplink_kB=131.3  t=0.80s
  round  39/50: acc=0.5014  f1m=0.3366  uplink_kB=131.3  t=0.90s
  round  40/50: acc=0.5453  f1m=0.4281  uplink_kB=131.3  t=0.92s
  round  41/50: acc=0.5437  f1m=0.4264  uplink_kB=131.3  t=0.88s
  round  42/50: acc=0.5028  f1m=0.3397  uplink_kB=131.3  t=0.86s
  round  43/50: acc=0.5259  f1m=0.3892  uplink_kB=131.3  t=0.95s
  round  44/50: acc=0.5342  f1m=0.4058  uplink_kB=131.3  t=0.88s
  round  45/50: acc=0.5520  f1m=0.4464  uplink_kB=131.3  t=0.92s
  round  46/50: acc=0.5305  f1m=0.3988  uplink_kB=131.3  t=0.82s
  round  47/50: acc=0.5490  f1m=0.4352  uplink_kB=131.3  t=0.95s
  round  48/50: acc=0.5000  f1m=0.3333  uplink_kB=131.3  t=0.84s
  round  49/50: acc=0.5700  f1m=0.4858  uplink_kB=131.3  t=0.92s
  round  50/50: acc=0.5557  f1m=0.4484  uplink_kB=131.3  t=0.94s
[run] DONE -> /Users/agentra/Documents/hao/working/paper-lab/hao-paper-2026/iotj-fedkan-ids/repo/results/lrext_toniot/lrext_mlp80_lr0p3__dir0.1__seed43/metrics.json  final_acc=0.5557
