[run] device=cpu  seed=43  out=/Users/agentra/Documents/hao/working/paper-lab/hao-paper-2026/iotj-fedkan-ids/repo/results/lrsweep_botiot/lrsweep_mlp80_lr0p0003__dir0.1__seed43
[run] model=mlp  params=3,362
  round   1/50: acc=0.7314  f1m=0.7119  uplink_kB=131.3  t=1.32s
  round   2/50: acc=0.7990  f1m=0.7918  uplink_kB=131.3  t=0.67s
  round   3/50: acc=0.7976  f1m=0.7929  uplink_kB=131.3  t=0.69s
  round   4/50: acc=0.8803  f1m=0.8798  uplink_kB=131.3  t=0.60s
  round   5/50: acc=0.9208  f1m=0.9207  uplink_kB=131.3  t=0.69s
  round   6/50: acc=0.9236  f1m=0.9236  uplink_kB=131.3  t=0.67s
  round   7/50: acc=0.9309  f1m=0.9309  uplink_kB=131.3  t=0.67s
  round   8/50: acc=0.9325  f1m=0.9325  uplink_kB=131.3  t=0.68s
  round   9/50: acc=0.9335  f1m=0.9335  uplink_kB=131.3  t=0.66s
  round  10/50: acc=0.9401  f1m=0.9401  uplink_kB=131.3  t=0.61s
  round  11/50: acc=0.9403  f1m=0.9403  uplink_kB=131.3  t=0.68s
  round  12/50: acc=0.9398  f1m=0.9398  uplink_kB=131.3  t=0.69s
  round  13/50: acc=0.9400  f1m=0.9400  uplink_kB=131.3  t=0.67s
  round  14/50: acc=0.9414  f1m=0.9414  uplink_kB=131.3  t=0.67s
  round  15/50: acc=0.9433  f1m=0.9433  uplink_kB=131.3  t=0.65s
  round  16/50: acc=0.9464  f1m=0.9464  uplink_kB=131.3  t=0.66s
  round  17/50: acc=0.9487  f1m=0.9487  uplink_kB=131.3  t=0.60s
  round  18/50: acc=0.9477  f1m=0.9477  uplink_kB=131.3  t=0.65s
  round  19/50: acc=0.9483  f1m=0.9483  uplink_kB=131.3  t=0.69s
  round  20/50: acc=0.9493  f1m=0.9493  uplink_kB=131.3  t=0.70s
  round  21/50: acc=0.9503  f1m=0.9503  uplink_kB=131.3  t=0.68s
  round  22/50: acc=0.9510  f1m=0.9509  uplink_kB=131.3  t=0.62s
  round  23/50: acc=0.9515  f1m=0.9515  uplink_kB=131.3  t=0.64s
  round  24/50: acc=0.9522  f1m=0.9522  uplink_kB=131.3  t=0.69s
  round  25/50: acc=0.9529  f1m=0.9529  uplink_kB=131.3  t=0.69s
  round  26/50: acc=0.9534  f1m=0.9534  uplink_kB=131.3  t=0.67s
  round  27/50: acc=0.9547  f1m=0.9547  uplink_kB=131.3  t=0.67s
  round  28/50: acc=0.9560  f1m=0.9560  uplink_kB=131.3  t=0.64s
  round  29/50: acc=0.9567  f1m=0.9567  uplink_kB=131.3  t=0.60s
  round  30/50: acc=0.9575  f1m=0.9575  uplink_kB=131.3  t=0.64s
  round  31/50: acc=0.9579  f1m=0.9579  uplink_kB=131.3  t=0.69s
  round  32/50: acc=0.9585  f1m=0.9585  uplink_kB=131.3  t=0.66s
  round  33/50: acc=0.9595  f1m=0.9595  uplink_kB=131.3  t=0.69s
  round  34/50: acc=0.9615  f1m=0.9615  uplink_kB=131.3  t=0.65s
  round  35/50: acc=0.9625  f1m=0.9625  uplink_kB=131.3  t=0.63s
  round  36/50: acc=0.9627  f1m=0.9627  uplink_kB=131.3  t=0.66s
  round  37/50: acc=0.9631  f1m=0.9630  uplink_kB=131.3  t=0.70s
  round  38/50: acc=0.9635  f1m=0.9635  uplink_kB=131.3  t=0.64s
  round  39/50: acc=0.9667  f1m=0.9667  uplink_kB=131.3  t=0.68s
  round  40/50: acc=0.9669  f1m=0.9669  uplink_kB=131.3  t=0.61s
  round  41/50: acc=0.9690  f1m=0.9690  uplink_kB=131.3  t=0.64s
  round  42/50: acc=0.9690  f1m=0.9690  uplink_kB=131.3  t=0.66s
  round  43/50: acc=0.9690  f1m=0.9690  uplink_kB=131.3  t=0.66s
  round  44/50: acc=0.9692  f1m=0.9692  uplink_kB=131.3  t=0.68s
  round  45/50: acc=0.9694  f1m=0.9693  uplink_kB=131.3  t=0.69s
  round  46/50: acc=0.9694  f1m=0.9694  uplink_kB=131.3  t=0.67s
  round  47/50: acc=0.9696  f1m=0.9696  uplink_kB=131.3  t=0.68s
  round  48/50: acc=0.9696  f1m=0.9696  uplink_kB=131.3  t=0.62s
  round  49/50: acc=0.9698  f1m=0.9698  uplink_kB=131.3  t=0.66s
  round  50/50: acc=0.9698  f1m=0.9698  uplink_kB=131.3  t=0.71s
[run] DONE -> /Users/agentra/Documents/hao/working/paper-lab/hao-paper-2026/iotj-fedkan-ids/repo/results/lrsweep_botiot/lrsweep_mlp80_lr0p0003__dir0.1__seed43/metrics.json  final_acc=0.9698
