[run] device=cpu  seed=42  out=/Users/agentra/Documents/hao/working/paper-lab/hao-paper-2026/iotj-fedkan-ids/repo/results/lrsweep_cseciic/lrsweep_mlp80_lr0p03__dir0.1__seed42
[run] model=mlp  params=3,362
  round   1/50: acc=0.5000  f1m=0.3333  uplink_kB=131.3  t=1.39s
  round   2/50: acc=0.5927  f1m=0.5121  uplink_kB=131.3  t=0.69s
  round   3/50: acc=0.5510  f1m=0.4381  uplink_kB=131.3  t=0.66s
  round   4/50: acc=0.5540  f1m=0.4437  uplink_kB=131.3  t=0.68s
  round   5/50: acc=0.5982  f1m=0.5213  uplink_kB=131.3  t=0.69s
  round   6/50: acc=0.6313  f1m=0.5738  uplink_kB=131.3  t=0.65s
  round   7/50: acc=0.6068  f1m=0.5353  uplink_kB=131.3  t=0.72s
  round   8/50: acc=0.5810  f1m=0.4922  uplink_kB=131.3  t=0.68s
  round   9/50: acc=0.6549  f1m=0.6086  uplink_kB=131.3  t=0.71s
  round  10/50: acc=0.6736  f1m=0.6349  uplink_kB=131.3  t=0.71s
  round  11/50: acc=0.9229  f1m=0.9225  uplink_kB=131.3  t=0.68s
  round  12/50: acc=0.5833  f1m=0.4959  uplink_kB=131.3  t=0.71s
  round  13/50: acc=0.8324  f1m=0.8276  uplink_kB=131.3  t=0.68s
  round  14/50: acc=0.5751  f1m=0.4816  uplink_kB=131.3  t=0.65s
  round  15/50: acc=0.7479  f1m=0.7310  uplink_kB=131.3  t=0.69s
  round  16/50: acc=0.5790  f1m=0.4883  uplink_kB=131.3  t=0.71s
  round  17/50: acc=0.9268  f1m=0.9264  uplink_kB=131.3  t=0.76s
  round  18/50: acc=0.8521  f1m=0.8489  uplink_kB=131.3  t=0.69s
  round  19/50: acc=0.9329  f1m=0.9326  uplink_kB=131.3  t=0.69s
  round  20/50: acc=0.7000  f1m=0.6705  uplink_kB=131.3  t=0.63s
  round  21/50: acc=0.9329  f1m=0.9326  uplink_kB=131.3  t=0.66s
  round  22/50: acc=0.6998  f1m=0.6704  uplink_kB=131.3  t=0.72s
  round  23/50: acc=0.8424  f1m=0.8385  uplink_kB=131.3  t=0.68s
  round  24/50: acc=0.5900  f1m=0.5073  uplink_kB=131.3  t=0.70s
  round  25/50: acc=0.8127  f1m=0.8060  uplink_kB=131.3  t=0.76s
  round  26/50: acc=0.5818  f1m=0.4933  uplink_kB=131.3  t=0.68s
  round  27/50: acc=0.7839  f1m=0.7734  uplink_kB=131.3  t=0.70s
  round  28/50: acc=0.7865  f1m=0.7763  uplink_kB=131.3  t=0.69s
  round  29/50: acc=0.8478  f1m=0.8442  uplink_kB=131.3  t=0.66s
  round  30/50: acc=0.8166  f1m=0.8102  uplink_kB=131.3  t=0.70s
  round  31/50: acc=0.8834  f1m=0.8819  uplink_kB=131.3  t=0.66s
  round  32/50: acc=0.9079  f1m=0.9071  uplink_kB=131.3  t=0.64s
  round  33/50: acc=0.9188  f1m=0.9183  uplink_kB=131.3  t=0.66s
  round  34/50: acc=0.9155  f1m=0.9149  uplink_kB=131.3  t=0.66s
  round  35/50: acc=0.8879  f1m=0.8865  uplink_kB=131.3  t=0.67s
  round  36/50: acc=0.7041  f1m=0.6759  uplink_kB=131.3  t=0.65s
  round  37/50: acc=0.8412  f1m=0.8372  uplink_kB=131.3  t=0.66s
  round  38/50: acc=0.6284  f1m=0.5690  uplink_kB=131.3  t=0.60s
  round  39/50: acc=0.8128  f1m=0.8061  uplink_kB=131.3  t=0.66s
  round  40/50: acc=0.8381  f1m=0.8338  uplink_kB=131.3  t=0.63s
  round  41/50: acc=0.9161  f1m=0.9155  uplink_kB=131.3  t=0.66s
  round  42/50: acc=0.9166  f1m=0.9160  uplink_kB=131.3  t=0.64s
  round  43/50: acc=0.9341  f1m=0.9338  uplink_kB=131.3  t=0.64s
  round  44/50: acc=0.9131  f1m=0.9124  uplink_kB=131.3  t=0.66s
  round  45/50: acc=0.9290  f1m=0.9287  uplink_kB=131.3  t=0.65s
  round  46/50: acc=0.6557  f1m=0.6095  uplink_kB=131.3  t=0.66s
  round  47/50: acc=0.8985  f1m=0.8975  uplink_kB=131.3  t=0.66s
  round  48/50: acc=0.7435  f1m=0.7255  uplink_kB=131.3  t=0.69s
  round  49/50: acc=0.8334  f1m=0.8287  uplink_kB=131.3  t=0.69s
  round  50/50: acc=0.9272  f1m=0.9269  uplink_kB=131.3  t=0.67s
[run] DONE -> /Users/agentra/Documents/hao/working/paper-lab/hao-paper-2026/iotj-fedkan-ids/repo/results/lrsweep_cseciic/lrsweep_mlp80_lr0p03__dir0.1__seed42/metrics.json  final_acc=0.9272
