[run] device=cpu  seed=37  out=/Users/agentra/Documents/hao/working/paper-lab/hao-paper-2026/iotj-fedkan-ids/repo/results/lrsweep_botiot/lrsweep_kan8_lr0p1__dir0.1__seed37
[run] model=kan  params=3,280
  round   1/50: acc=0.5266  f1m=0.3883  uplink_kB=150.2  t=2.38s
  round   2/50: acc=0.9705  f1m=0.9705  uplink_kB=150.2  t=1.66s
  round   3/50: acc=0.9186  f1m=0.9185  uplink_kB=150.2  t=1.69s
  round   4/50: acc=0.8330  f1m=0.8304  uplink_kB=150.2  t=1.66s
  round   5/50: acc=0.9728  f1m=0.9728  uplink_kB=150.2  t=1.58s
  round   6/50: acc=0.9431  f1m=0.9431  uplink_kB=150.2  t=1.61s
  round   7/50: acc=0.9096  f1m=0.9089  uplink_kB=150.2  t=1.66s
  round   8/50: acc=0.9241  f1m=0.9237  uplink_kB=150.2  t=1.63s
  round   9/50: acc=0.9355  f1m=0.9352  uplink_kB=150.2  t=1.63s
  round  10/50: acc=0.9681  f1m=0.9681  uplink_kB=150.2  t=1.65s
  round  11/50: acc=0.9695  f1m=0.9695  uplink_kB=150.2  t=1.69s
  round  12/50: acc=0.9701  f1m=0.9700  uplink_kB=150.2  t=1.67s
  round  13/50: acc=0.9218  f1m=0.9213  uplink_kB=150.2  t=1.60s
  round  14/50: acc=0.9737  f1m=0.9737  uplink_kB=150.2  t=1.66s
  round  15/50: acc=0.9723  f1m=0.9723  uplink_kB=150.2  t=1.69s
  round  16/50: acc=0.9717  f1m=0.9717  uplink_kB=150.2  t=1.63s
  round  17/50: acc=0.9736  f1m=0.9736  uplink_kB=150.2  t=1.65s
  round  18/50: acc=0.9602  f1m=0.9602  uplink_kB=150.2  t=1.69s
  round  19/50: acc=0.9712  f1m=0.9712  uplink_kB=150.2  t=1.67s
  round  20/50: acc=0.9723  f1m=0.9723  uplink_kB=150.2  t=1.58s
  round  21/50: acc=0.8932  f1m=0.8920  uplink_kB=150.2  t=1.70s
  round  22/50: acc=0.8732  f1m=0.8711  uplink_kB=150.2  t=1.63s
  round  23/50: acc=0.8888  f1m=0.8874  uplink_kB=150.2  t=1.65s
  round  24/50: acc=0.8859  f1m=0.8844  uplink_kB=150.2  t=1.67s
  round  25/50: acc=0.9186  f1m=0.9181  uplink_kB=150.2  t=1.70s
  round  26/50: acc=0.8447  f1m=0.8428  uplink_kB=150.2  t=1.59s
  round  27/50: acc=0.9107  f1m=0.9100  uplink_kB=150.2  t=1.69s
  round  28/50: acc=0.8182  f1m=0.8119  uplink_kB=150.2  t=1.66s
  round  29/50: acc=0.9729  f1m=0.9728  uplink_kB=150.2  t=1.60s
  round  30/50: acc=0.9115  f1m=0.9107  uplink_kB=150.2  t=1.73s
  round  31/50: acc=0.9720  f1m=0.9720  uplink_kB=150.2  t=1.71s
  round  32/50: acc=0.9698  f1m=0.9698  uplink_kB=150.2  t=1.68s
  round  33/50: acc=0.9173  f1m=0.9168  uplink_kB=150.2  t=1.69s
  round  34/50: acc=0.8906  f1m=0.8892  uplink_kB=150.2  t=1.66s
  round  35/50: acc=0.9494  f1m=0.9494  uplink_kB=150.2  t=1.69s
  round  36/50: acc=0.7851  f1m=0.7746  uplink_kB=150.2  t=1.71s
  round  37/50: acc=0.9697  f1m=0.9697  uplink_kB=150.2  t=1.65s
  round  38/50: acc=0.9552  f1m=0.9552  uplink_kB=150.2  t=1.70s
  round  39/50: acc=0.9702  f1m=0.9702  uplink_kB=150.2  t=1.62s
  round  40/50: acc=0.9240  f1m=0.9237  uplink_kB=150.2  t=1.66s
  round  41/50: acc=0.9237  f1m=0.9233  uplink_kB=150.2  t=1.65s
  round  42/50: acc=0.9570  f1m=0.9570  uplink_kB=150.2  t=1.68s
  round  43/50: acc=0.8228  f1m=0.8170  uplink_kB=150.2  t=1.66s
  round  44/50: acc=0.9727  f1m=0.9727  uplink_kB=150.2  t=1.61s
  round  45/50: acc=0.9697  f1m=0.9697  uplink_kB=150.2  t=1.78s
  round  46/50: acc=0.9693  f1m=0.9693  uplink_kB=150.2  t=1.58s
  round  47/50: acc=0.9229  f1m=0.9225  uplink_kB=150.2  t=1.64s
  round  48/50: acc=0.9731  f1m=0.9731  uplink_kB=150.2  t=1.68s
  round  49/50: acc=0.9729  f1m=0.9729  uplink_kB=150.2  t=1.69s
  round  50/50: acc=0.9696  f1m=0.9696  uplink_kB=150.2  t=1.63s
[run] DONE -> /Users/agentra/Documents/hao/working/paper-lab/hao-paper-2026/iotj-fedkan-ids/repo/results/lrsweep_botiot/lrsweep_kan8_lr0p1__dir0.1__seed37/metrics.json  final_acc=0.9696
