[run] device=cpu  seed=31  out=/Users/agentra/Documents/hao/working/paper-lab/hao-paper-2026/iotj-fedkan-ids/repo/results/lrsweep_botiot/lrsweep_mlp32_lr0p1__dir0.1__seed31
[run] model=mlp  params=1,346
  round   1/50: acc=0.9392  f1m=0.9392  uplink_kB=52.6  t=1.43s
  round   2/50: acc=0.9346  f1m=0.9346  uplink_kB=52.6  t=0.66s
  round   3/50: acc=0.9449  f1m=0.9449  uplink_kB=52.6  t=0.69s
  round   4/50: acc=0.9549  f1m=0.9549  uplink_kB=52.6  t=0.62s
  round   5/50: acc=0.9130  f1m=0.9128  uplink_kB=52.6  t=0.67s
  round   6/50: acc=0.9489  f1m=0.9489  uplink_kB=52.6  t=0.67s
  round   7/50: acc=0.8968  f1m=0.8957  uplink_kB=52.6  t=0.64s
  round   8/50: acc=0.9634  f1m=0.9634  uplink_kB=52.6  t=0.68s
  round   9/50: acc=0.9576  f1m=0.9576  uplink_kB=52.6  t=0.65s
  round  10/50: acc=0.9592  f1m=0.9592  uplink_kB=52.6  t=0.62s
  round  11/50: acc=0.9640  f1m=0.9640  uplink_kB=52.6  t=0.64s
  round  12/50: acc=0.9674  f1m=0.9674  uplink_kB=52.6  t=0.70s
  round  13/50: acc=0.9719  f1m=0.9719  uplink_kB=52.6  t=0.67s
  round  14/50: acc=0.9642  f1m=0.9642  uplink_kB=52.6  t=0.67s
  round  15/50: acc=0.9695  f1m=0.9695  uplink_kB=52.6  t=0.66s
  round  16/50: acc=0.9878  f1m=0.9878  uplink_kB=52.6  t=0.62s
  round  17/50: acc=0.9634  f1m=0.9634  uplink_kB=52.6  t=0.73s
  round  18/50: acc=0.9677  f1m=0.9677  uplink_kB=52.6  t=0.68s
  round  19/50: acc=0.9842  f1m=0.9842  uplink_kB=52.6  t=0.67s
  round  20/50: acc=0.9713  f1m=0.9713  uplink_kB=52.6  t=0.72s
  round  21/50: acc=0.9226  f1m=0.9222  uplink_kB=52.6  t=0.66s
  round  22/50: acc=0.9643  f1m=0.9643  uplink_kB=52.6  t=0.68s
  round  23/50: acc=0.9897  f1m=0.9897  uplink_kB=52.6  t=0.61s
  round  24/50: acc=0.9929  f1m=0.9929  uplink_kB=52.6  t=0.66s
  round  25/50: acc=0.9939  f1m=0.9939  uplink_kB=52.6  t=0.65s
  round  26/50: acc=0.9920  f1m=0.9920  uplink_kB=52.6  t=0.67s
  round  27/50: acc=0.9945  f1m=0.9945  uplink_kB=52.6  t=0.66s
  round  28/50: acc=0.9926  f1m=0.9926  uplink_kB=52.6  t=0.63s
  round  29/50: acc=0.9898  f1m=0.9898  uplink_kB=52.6  t=0.68s
  round  30/50: acc=0.9829  f1m=0.9829  uplink_kB=52.6  t=0.69s
  round  31/50: acc=0.9820  f1m=0.9820  uplink_kB=52.6  t=0.70s
  round  32/50: acc=0.9932  f1m=0.9932  uplink_kB=52.6  t=0.70s
  round  33/50: acc=0.9873  f1m=0.9873  uplink_kB=52.6  t=0.66s
  round  34/50: acc=0.9821  f1m=0.9821  uplink_kB=52.6  t=0.63s
  round  35/50: acc=0.9852  f1m=0.9852  uplink_kB=52.6  t=0.67s
  round  36/50: acc=0.9909  f1m=0.9909  uplink_kB=52.6  t=0.69s
  round  37/50: acc=0.9923  f1m=0.9923  uplink_kB=52.6  t=0.65s
  round  38/50: acc=0.9894  f1m=0.9894  uplink_kB=52.6  t=0.73s
  round  39/50: acc=0.9328  f1m=0.9325  uplink_kB=52.6  t=0.67s
  round  40/50: acc=0.9891  f1m=0.9891  uplink_kB=52.6  t=0.63s
  round  41/50: acc=0.9303  f1m=0.9299  uplink_kB=52.6  t=0.66s
  round  42/50: acc=0.9214  f1m=0.9209  uplink_kB=52.6  t=0.67s
  round  43/50: acc=0.9201  f1m=0.9196  uplink_kB=52.6  t=0.69s
  round  44/50: acc=0.9888  f1m=0.9888  uplink_kB=52.6  t=0.66s
  round  45/50: acc=0.9319  f1m=0.9316  uplink_kB=52.6  t=0.65s
  round  46/50: acc=0.9221  f1m=0.9216  uplink_kB=52.6  t=0.58s
  round  47/50: acc=0.9937  f1m=0.9937  uplink_kB=52.6  t=0.66s
  round  48/50: acc=0.9194  f1m=0.9189  uplink_kB=52.6  t=0.80s
  round  49/50: acc=0.9319  f1m=0.9316  uplink_kB=52.6  t=0.69s
  round  50/50: acc=0.9947  f1m=0.9947  uplink_kB=52.6  t=0.70s
[run] DONE -> /Users/agentra/Documents/hao/working/paper-lab/hao-paper-2026/iotj-fedkan-ids/repo/results/lrsweep_botiot/lrsweep_mlp32_lr0p1__dir0.1__seed31/metrics.json  final_acc=0.9947
