[run] device=cpu  seed=2024  out=/Users/agentra/Documents/hao/working/paper-lab/hao-paper-2026/iotj-fedkan-ids/repo/results/lrsweep_cseciic/lrsweep_kan16_lr0p03__dir0.1__seed2024
[run] model=kan  params=6,560
  round   1/50: acc=0.8107  f1m=0.8065  uplink_kB=282.0  t=2.90s
  round   2/50: acc=0.9220  f1m=0.9219  uplink_kB=282.0  t=1.98s
  round   3/50: acc=0.8751  f1m=0.8740  uplink_kB=282.0  t=1.91s
  round   4/50: acc=0.9534  f1m=0.9534  uplink_kB=282.0  t=2.87s
  round   5/50: acc=0.9677  f1m=0.9677  uplink_kB=282.0  t=1.92s
  round   6/50: acc=0.9535  f1m=0.9535  uplink_kB=282.0  t=2.03s
  round   7/50: acc=0.9701  f1m=0.9701  uplink_kB=282.0  t=1.96s
  round   8/50: acc=0.9419  f1m=0.9419  uplink_kB=282.0  t=1.89s
  round   9/50: acc=0.9689  f1m=0.9689  uplink_kB=282.0  t=1.88s
  round  10/50: acc=0.9673  f1m=0.9673  uplink_kB=282.0  t=1.82s
  round  11/50: acc=0.9724  f1m=0.9724  uplink_kB=282.0  t=1.86s
  round  12/50: acc=0.9622  f1m=0.9622  uplink_kB=282.0  t=1.84s
  round  13/50: acc=0.9732  f1m=0.9732  uplink_kB=282.0  t=1.84s
  round  14/50: acc=0.9701  f1m=0.9701  uplink_kB=282.0  t=1.91s
  round  15/50: acc=0.9692  f1m=0.9692  uplink_kB=282.0  t=1.92s
  round  16/50: acc=0.9767  f1m=0.9767  uplink_kB=282.0  t=1.91s
  round  17/50: acc=0.9721  f1m=0.9721  uplink_kB=282.0  t=1.85s
  round  18/50: acc=0.9708  f1m=0.9708  uplink_kB=282.0  t=1.92s
  round  19/50: acc=0.9729  f1m=0.9729  uplink_kB=282.0  t=1.90s
  round  20/50: acc=0.9702  f1m=0.9702  uplink_kB=282.0  t=1.92s
  round  21/50: acc=0.9716  f1m=0.9716  uplink_kB=282.0  t=1.91s
  round  22/50: acc=0.9577  f1m=0.9577  uplink_kB=282.0  t=1.87s
  round  23/50: acc=0.9577  f1m=0.9577  uplink_kB=282.0  t=1.90s
  round  24/50: acc=0.9705  f1m=0.9705  uplink_kB=282.0  t=1.97s
  round  25/50: acc=0.9720  f1m=0.9720  uplink_kB=282.0  t=1.91s
  round  26/50: acc=0.9658  f1m=0.9658  uplink_kB=282.0  t=1.86s
  round  27/50: acc=0.9694  f1m=0.9694  uplink_kB=282.0  t=1.93s
  round  28/50: acc=0.9747  f1m=0.9747  uplink_kB=282.0  t=1.95s
  round  29/50: acc=0.9702  f1m=0.9702  uplink_kB=282.0  t=1.91s
  round  30/50: acc=0.9732  f1m=0.9731  uplink_kB=282.0  t=1.92s
  round  31/50: acc=0.9707  f1m=0.9707  uplink_kB=282.0  t=1.91s
  round  32/50: acc=0.9728  f1m=0.9728  uplink_kB=282.0  t=1.89s
  round  33/50: acc=0.9686  f1m=0.9686  uplink_kB=282.0  t=1.94s
  round  34/50: acc=0.9759  f1m=0.9759  uplink_kB=282.0  t=1.90s
  round  35/50: acc=0.9659  f1m=0.9659  uplink_kB=282.0  t=1.98s
  round  36/50: acc=0.9695  f1m=0.9695  uplink_kB=282.0  t=1.92s
  round  37/50: acc=0.9746  f1m=0.9746  uplink_kB=282.0  t=1.92s
  round  38/50: acc=0.9720  f1m=0.9720  uplink_kB=282.0  t=2.01s
  round  39/50: acc=0.9735  f1m=0.9735  uplink_kB=282.0  t=1.89s
  round  40/50: acc=0.9670  f1m=0.9670  uplink_kB=282.0  t=1.96s
  round  41/50: acc=0.9740  f1m=0.9740  uplink_kB=282.0  t=1.99s
  round  42/50: acc=0.9698  f1m=0.9698  uplink_kB=282.0  t=1.94s
  round  43/50: acc=0.9741  f1m=0.9741  uplink_kB=282.0  t=1.96s
  round  44/50: acc=0.9648  f1m=0.9648  uplink_kB=282.0  t=1.91s
  round  45/50: acc=0.9731  f1m=0.9731  uplink_kB=282.0  t=1.97s
  round  46/50: acc=0.9760  f1m=0.9760  uplink_kB=282.0  t=1.97s
  round  47/50: acc=0.9726  f1m=0.9726  uplink_kB=282.0  t=2.09s
  round  48/50: acc=0.9736  f1m=0.9736  uplink_kB=282.0  t=2.01s
  round  49/50: acc=0.9747  f1m=0.9746  uplink_kB=282.0  t=1.93s
  round  50/50: acc=0.9674  f1m=0.9674  uplink_kB=282.0  t=2.07s
[run] DONE -> /Users/agentra/Documents/hao/working/paper-lab/hao-paper-2026/iotj-fedkan-ids/repo/results/lrsweep_cseciic/lrsweep_kan16_lr0p03__dir0.1__seed2024/metrics.json  final_acc=0.9674
