[run] device=cpu  seed=37  out=/Users/agentra/Documents/hao/working/paper-lab/hao-paper-2026/iotj-fedkan-ids/repo/results/lrsweep_toniot/lrsweep_kan16_lr0p1__dir0.1__seed37
[run] model=kan  params=6,560
  round   1/50: acc=0.4461  f1m=0.4086  uplink_kB=282.0  t=2.44s
  round   2/50: acc=0.7536  f1m=0.7511  uplink_kB=282.0  t=1.87s
  round   3/50: acc=0.4928  f1m=0.3328  uplink_kB=282.0  t=1.89s
  round   4/50: acc=0.5078  f1m=0.3518  uplink_kB=282.0  t=1.89s
  round   5/50: acc=0.6927  f1m=0.6924  uplink_kB=282.0  t=1.90s
  round   6/50: acc=0.5000  f1m=0.3333  uplink_kB=282.0  t=1.89s
  round   7/50: acc=0.5067  f1m=0.3535  uplink_kB=282.0  t=1.85s
  round   8/50: acc=0.5493  f1m=0.4472  uplink_kB=282.0  t=1.89s
  round   9/50: acc=0.8125  f1m=0.8123  uplink_kB=282.0  t=1.88s
  round  10/50: acc=0.6445  f1m=0.6264  uplink_kB=282.0  t=1.88s
  round  11/50: acc=0.8475  f1m=0.8475  uplink_kB=282.0  t=1.86s
  round  12/50: acc=0.8572  f1m=0.8571  uplink_kB=282.0  t=1.85s
  round  13/50: acc=0.8763  f1m=0.8761  uplink_kB=282.0  t=1.80s
  round  14/50: acc=0.5367  f1m=0.4580  uplink_kB=282.0  t=1.91s
  round  15/50: acc=0.7752  f1m=0.7680  uplink_kB=282.0  t=1.89s
  round  16/50: acc=0.8530  f1m=0.8517  uplink_kB=282.0  t=1.89s
  round  17/50: acc=0.7029  f1m=0.6806  uplink_kB=282.0  t=1.88s
  round  18/50: acc=0.8942  f1m=0.8940  uplink_kB=282.0  t=1.87s
  round  19/50: acc=0.4961  f1m=0.3467  uplink_kB=282.0  t=1.82s
  round  20/50: acc=0.4961  f1m=0.3464  uplink_kB=282.0  t=1.91s
  round  21/50: acc=0.4956  f1m=0.3419  uplink_kB=282.0  t=1.91s
  round  22/50: acc=0.4965  f1m=0.3381  uplink_kB=282.0  t=1.92s
  round  23/50: acc=0.5109  f1m=0.3800  uplink_kB=282.0  t=1.86s
  round  24/50: acc=0.7337  f1m=0.7190  uplink_kB=282.0  t=1.93s
  round  25/50: acc=0.7434  f1m=0.7304  uplink_kB=282.0  t=1.80s
  round  26/50: acc=0.4952  f1m=0.3378  uplink_kB=282.0  t=1.91s
  round  27/50: acc=0.4982  f1m=0.3383  uplink_kB=282.0  t=1.91s
  round  28/50: acc=0.9015  f1m=0.9015  uplink_kB=282.0  t=1.89s
  round  29/50: acc=0.5111  f1m=0.3757  uplink_kB=282.0  t=1.87s
  round  30/50: acc=0.5175  f1m=0.3912  uplink_kB=282.0  t=1.90s
  round  31/50: acc=0.7662  f1m=0.7574  uplink_kB=282.0  t=1.81s
  round  32/50: acc=0.7183  f1m=0.7000  uplink_kB=282.0  t=1.89s
  round  33/50: acc=0.6657  f1m=0.6327  uplink_kB=282.0  t=1.90s
  round  34/50: acc=0.5056  f1m=0.3671  uplink_kB=282.0  t=1.91s
  round  35/50: acc=0.4270  f1m=0.4231  uplink_kB=282.0  t=1.92s
  round  36/50: acc=0.4979  f1m=0.3363  uplink_kB=282.0  t=1.89s
  round  37/50: acc=0.7817  f1m=0.7735  uplink_kB=282.0  t=1.84s
  round  38/50: acc=0.5697  f1m=0.4766  uplink_kB=282.0  t=1.87s
  round  39/50: acc=0.5618  f1m=0.4973  uplink_kB=282.0  t=1.88s
  round  40/50: acc=0.5000  f1m=0.3334  uplink_kB=282.0  t=1.90s
  round  41/50: acc=0.5000  f1m=0.3333  uplink_kB=282.0  t=1.93s
  round  42/50: acc=0.7979  f1m=0.7973  uplink_kB=282.0  t=1.88s
  round  43/50: acc=0.6721  f1m=0.6662  uplink_kB=282.0  t=1.89s
  round  44/50: acc=0.8107  f1m=0.8074  uplink_kB=282.0  t=1.87s
  round  45/50: acc=0.4933  f1m=0.3478  uplink_kB=282.0  t=1.87s
  round  46/50: acc=0.4955  f1m=0.4916  uplink_kB=282.0  t=1.86s
  round  47/50: acc=0.4881  f1m=0.3415  uplink_kB=282.0  t=1.86s
  round  48/50: acc=0.3311  f1m=0.3089  uplink_kB=282.0  t=1.90s
  round  49/50: acc=0.7202  f1m=0.7193  uplink_kB=282.0  t=1.87s
  round  50/50: acc=0.7439  f1m=0.7439  uplink_kB=282.0  t=1.79s
[run] DONE -> /Users/agentra/Documents/hao/working/paper-lab/hao-paper-2026/iotj-fedkan-ids/repo/results/lrsweep_toniot/lrsweep_kan16_lr0p1__dir0.1__seed37/metrics.json  final_acc=0.7439
