[run] device=cpu  seed=37  out=/Users/agentra/Documents/hao/working/paper-lab/hao-paper-2026/iotj-fedkan-ids/repo/results/lrsweep_cseciic_mc50k/lrsweep_kan16_lr0p01__dir0.1__seed37
[run] model=kan  params=8,640
  round   1/50: acc=0.2727  f1m=0.1040  uplink_kB=363.3  t=3.49s
  round   2/50: acc=0.5768  f1m=0.2756  uplink_kB=363.3  t=2.94s
  round   3/50: acc=0.6078  f1m=0.3069  uplink_kB=363.3  t=3.00s
  round   4/50: acc=0.7011  f1m=0.3960  uplink_kB=363.3  t=2.92s
  round   5/50: acc=0.6978  f1m=0.3839  uplink_kB=363.3  t=3.01s
  round   6/50: acc=0.7250  f1m=0.4089  uplink_kB=363.3  t=2.95s
  round   7/50: acc=0.7264  f1m=0.4097  uplink_kB=363.3  t=3.02s
  round   8/50: acc=0.7260  f1m=0.4086  uplink_kB=363.3  t=2.91s
  round   9/50: acc=0.7902  f1m=0.5077  uplink_kB=363.3  t=3.06s
  round  10/50: acc=0.7903  f1m=0.5073  uplink_kB=363.3  t=2.95s
  round  11/50: acc=0.7749  f1m=0.4836  uplink_kB=363.3  t=2.97s
  round  12/50: acc=0.7734  f1m=0.4854  uplink_kB=363.3  t=2.98s
  round  13/50: acc=0.7751  f1m=0.5049  uplink_kB=363.3  t=3.14s
  round  14/50: acc=0.7360  f1m=0.4352  uplink_kB=363.3  t=3.03s
  round  15/50: acc=0.7780  f1m=0.5070  uplink_kB=363.3  t=3.02s
  round  16/50: acc=0.7334  f1m=0.4390  uplink_kB=363.3  t=3.00s
  round  17/50: acc=0.7941  f1m=0.5344  uplink_kB=363.3  t=3.03s
  round  18/50: acc=0.7768  f1m=0.5104  uplink_kB=363.3  t=2.97s
  round  19/50: acc=0.7992  f1m=0.5421  uplink_kB=363.3  t=3.00s
  round  20/50: acc=0.8031  f1m=0.5762  uplink_kB=363.3  t=3.01s
  round  21/50: acc=0.8099  f1m=0.5896  uplink_kB=363.3  t=3.13s
  round  22/50: acc=0.8104  f1m=0.5908  uplink_kB=363.3  t=3.04s
  round  23/50: acc=0.8103  f1m=0.5901  uplink_kB=363.3  t=3.08s
  round  24/50: acc=0.8113  f1m=0.5912  uplink_kB=363.3  t=2.99s
  round  25/50: acc=0.8238  f1m=0.6158  uplink_kB=363.3  t=3.11s
  round  26/50: acc=0.8302  f1m=0.6257  uplink_kB=363.3  t=2.99s
  round  27/50: acc=0.8215  f1m=0.6110  uplink_kB=363.3  t=3.05s
  round  28/50: acc=0.8263  f1m=0.6241  uplink_kB=363.3  t=3.18s
  round  29/50: acc=0.8298  f1m=0.6293  uplink_kB=363.3  t=3.11s
  round  30/50: acc=0.8260  f1m=0.6239  uplink_kB=363.3  t=3.00s
  round  31/50: acc=0.8234  f1m=0.6197  uplink_kB=363.3  t=3.08s
  round  32/50: acc=0.8220  f1m=0.6167  uplink_kB=363.3  t=3.00s
  round  33/50: acc=0.8300  f1m=0.6122  uplink_kB=363.3  t=3.04s
  round  34/50: acc=0.8174  f1m=0.5977  uplink_kB=363.3  t=3.09s
  round  35/50: acc=0.8224  f1m=0.6176  uplink_kB=363.3  t=2.97s
  round  36/50: acc=0.8457  f1m=0.6521  uplink_kB=363.3  t=3.02s
  round  37/50: acc=0.8323  f1m=0.6252  uplink_kB=363.3  t=2.97s
  round  38/50: acc=0.8312  f1m=0.6325  uplink_kB=363.3  t=3.14s
  round  39/50: acc=0.8512  f1m=0.6579  uplink_kB=363.3  t=3.09s
  round  40/50: acc=0.8368  f1m=0.6406  uplink_kB=363.3  t=3.07s
  round  41/50: acc=0.8231  f1m=0.6227  uplink_kB=363.3  t=2.98s
  round  42/50: acc=0.8489  f1m=0.7066  uplink_kB=363.3  t=3.12s
  round  43/50: acc=0.8339  f1m=0.6894  uplink_kB=363.3  t=2.98s
  round  44/50: acc=0.8287  f1m=0.6815  uplink_kB=363.3  t=3.08s
  round  45/50: acc=0.8552  f1m=0.7239  uplink_kB=363.3  t=3.05s
  round  46/50: acc=0.8480  f1m=0.7156  uplink_kB=363.3  t=3.08s
  round  47/50: acc=0.8372  f1m=0.6930  uplink_kB=363.3  t=3.05s
  round  48/50: acc=0.8481  f1m=0.7158  uplink_kB=363.3  t=3.07s
  round  49/50: acc=0.8415  f1m=0.7015  uplink_kB=363.3  t=3.04s
  round  50/50: acc=0.8515  f1m=0.7112  uplink_kB=363.3  t=3.06s
[run] DONE -> /Users/agentra/Documents/hao/working/paper-lab/hao-paper-2026/iotj-fedkan-ids/repo/results/lrsweep_cseciic_mc50k/lrsweep_kan16_lr0p01__dir0.1__seed37/metrics.json  final_acc=0.8515
