[run] device=cpu  seed=42  out=/Users/agentra/Documents/hao/working/paper-lab/hao-paper-2026/iotj-fedkan-ids/repo/results/lrext_cseciic/lrext_kan8_lr1__dir0.1__seed42
[run] model=kan  params=3,280
  round   1/50: acc=0.5000  f1m=0.3333  uplink_kB=150.2  t=2.87s
  round   2/50: acc=0.5031  f1m=0.3403  uplink_kB=150.2  t=2.16s
  round   3/50: acc=0.9068  f1m=0.9066  uplink_kB=150.2  t=2.03s
  round   4/50: acc=0.8624  f1m=0.8611  uplink_kB=150.2  t=2.10s
  round   5/50: acc=0.8628  f1m=0.8615  uplink_kB=150.2  t=2.07s
  round   6/50: acc=0.8631  f1m=0.8618  uplink_kB=150.2  t=2.36s
  round   7/50: acc=0.8636  f1m=0.8623  uplink_kB=150.2  t=2.07s
  round   8/50: acc=0.8638  f1m=0.8625  uplink_kB=150.2  t=2.07s
  round   9/50: acc=0.8641  f1m=0.8628  uplink_kB=150.2  t=2.09s
  round  10/50: acc=0.8644  f1m=0.8631  uplink_kB=150.2  t=2.10s
  round  11/50: acc=0.8647  f1m=0.8633  uplink_kB=150.2  t=2.08s
  round  12/50: acc=0.8650  f1m=0.8636  uplink_kB=150.2  t=2.05s
  round  13/50: acc=0.8658  f1m=0.8644  uplink_kB=150.2  t=2.02s
  round  14/50: acc=0.8665  f1m=0.8651  uplink_kB=150.2  t=2.06s
  round  15/50: acc=0.8669  f1m=0.8655  uplink_kB=150.2  t=2.21s
  round  16/50: acc=0.8672  f1m=0.8658  uplink_kB=150.2  t=2.17s
  round  17/50: acc=0.8674  f1m=0.8660  uplink_kB=150.2  t=2.19s
  round  18/50: acc=0.8678  f1m=0.8664  uplink_kB=150.2  t=2.07s
  round  19/50: acc=0.4726  f1m=0.3481  uplink_kB=150.2  t=1.92s
  round  20/50: acc=0.4726  f1m=0.3481  uplink_kB=150.2  t=1.99s
  round  21/50: acc=0.4726  f1m=0.3481  uplink_kB=150.2  t=2.36s
  round  22/50: acc=0.4726  f1m=0.3482  uplink_kB=150.2  t=2.00s
  round  23/50: acc=0.4725  f1m=0.3481  uplink_kB=150.2  t=2.03s
  round  24/50: acc=0.4725  f1m=0.3482  uplink_kB=150.2  t=1.98s
  round  25/50: acc=0.4725  f1m=0.3482  uplink_kB=150.2  t=1.94s
  round  26/50: acc=0.4726  f1m=0.3483  uplink_kB=150.2  t=2.01s
  round  27/50: acc=0.4725  f1m=0.3482  uplink_kB=150.2  t=1.95s
  round  28/50: acc=0.4725  f1m=0.3483  uplink_kB=150.2  t=1.95s
  round  29/50: acc=0.4725  f1m=0.3483  uplink_kB=150.2  t=1.94s
  round  30/50: acc=0.4725  f1m=0.3483  uplink_kB=150.2  t=2.00s
  round  31/50: acc=0.4725  f1m=0.3483  uplink_kB=150.2  t=2.05s
  round  32/50: acc=0.4725  f1m=0.3484  uplink_kB=150.2  t=1.97s
  round  33/50: acc=0.4725  f1m=0.3484  uplink_kB=150.2  t=2.03s
  round  34/50: acc=0.4725  f1m=0.3484  uplink_kB=150.2  t=1.91s
  round  35/50: acc=0.4725  f1m=0.3484  uplink_kB=150.2  t=1.95s
  round  36/50: acc=0.4725  f1m=0.3485  uplink_kB=150.2  t=1.94s
  round  37/50: acc=0.4726  f1m=0.3486  uplink_kB=150.2  t=1.94s
  round  38/50: acc=0.4726  f1m=0.3486  uplink_kB=150.2  t=1.92s
  round  39/50: acc=0.4726  f1m=0.3486  uplink_kB=150.2  t=1.94s
  round  40/50: acc=0.4726  f1m=0.3486  uplink_kB=150.2  t=1.88s
  round  41/50: acc=0.4726  f1m=0.3487  uplink_kB=150.2  t=2.05s
  round  42/50: acc=0.4726  f1m=0.3487  uplink_kB=150.2  t=1.98s
  round  43/50: acc=0.4726  f1m=0.3487  uplink_kB=150.2  t=1.92s
  round  44/50: acc=0.4726  f1m=0.3487  uplink_kB=150.2  t=1.96s
  round  45/50: acc=0.4726  f1m=0.3487  uplink_kB=150.2  t=1.93s
  round  46/50: acc=0.4726  f1m=0.3487  uplink_kB=150.2  t=2.04s
  round  47/50: acc=0.4726  f1m=0.3487  uplink_kB=150.2  t=1.94s
  round  48/50: acc=0.4726  f1m=0.3487  uplink_kB=150.2  t=2.01s
  round  49/50: acc=0.4726  f1m=0.3487  uplink_kB=150.2  t=2.03s
  round  50/50: acc=0.4726  f1m=0.3487  uplink_kB=150.2  t=1.92s
[run] DONE -> /Users/agentra/Documents/hao/working/paper-lab/hao-paper-2026/iotj-fedkan-ids/repo/results/lrext_cseciic/lrext_kan8_lr1__dir0.1__seed42/metrics.json  final_acc=0.4726
