[run] device=cpu  seed=23  out=/Users/agentra/Documents/hao/working/paper-lab/hao-paper-2026/iotj-fedkan-ids/repo/results/lrsweep_toniot/lrsweep_kan8_lr0p0003__dir0.1__seed23
[run] model=kan  params=3,280
  round   1/50: acc=0.5710  f1m=0.5326  uplink_kB=150.2  t=2.11s
  round   2/50: acc=0.5885  f1m=0.5867  uplink_kB=150.2  t=1.65s
  round   3/50: acc=0.6376  f1m=0.6308  uplink_kB=150.2  t=1.80s
  round   4/50: acc=0.6409  f1m=0.6343  uplink_kB=150.2  t=1.67s
  round   5/50: acc=0.6356  f1m=0.6310  uplink_kB=150.2  t=1.62s
  round   6/50: acc=0.7020  f1m=0.7019  uplink_kB=150.2  t=1.68s
  round   7/50: acc=0.6516  f1m=0.6511  uplink_kB=150.2  t=1.69s
  round   8/50: acc=0.6586  f1m=0.6582  uplink_kB=150.2  t=1.62s
  round   9/50: acc=0.6612  f1m=0.6606  uplink_kB=150.2  t=1.64s
  round  10/50: acc=0.6792  f1m=0.6790  uplink_kB=150.2  t=1.66s
  round  11/50: acc=0.6815  f1m=0.6814  uplink_kB=150.2  t=1.71s
  round  12/50: acc=0.6836  f1m=0.6835  uplink_kB=150.2  t=1.58s
  round  13/50: acc=0.6964  f1m=0.6963  uplink_kB=150.2  t=1.65s
  round  14/50: acc=0.6977  f1m=0.6977  uplink_kB=150.2  t=1.71s
  round  15/50: acc=0.6948  f1m=0.6947  uplink_kB=150.2  t=1.69s
  round  16/50: acc=0.6942  f1m=0.6942  uplink_kB=150.2  t=1.64s
  round  17/50: acc=0.6943  f1m=0.6942  uplink_kB=150.2  t=1.68s
  round  18/50: acc=0.6951  f1m=0.6950  uplink_kB=150.2  t=1.60s
  round  19/50: acc=0.6971  f1m=0.6970  uplink_kB=150.2  t=1.70s
  round  20/50: acc=0.6997  f1m=0.6995  uplink_kB=150.2  t=1.68s
  round  21/50: acc=0.7071  f1m=0.7068  uplink_kB=150.2  t=1.70s
  round  22/50: acc=0.7101  f1m=0.7098  uplink_kB=150.2  t=1.66s
  round  23/50: acc=0.7138  f1m=0.7134  uplink_kB=150.2  t=1.68s
  round  24/50: acc=0.7188  f1m=0.7183  uplink_kB=150.2  t=1.69s
  round  25/50: acc=0.7226  f1m=0.7220  uplink_kB=150.2  t=1.67s
  round  26/50: acc=0.7256  f1m=0.7249  uplink_kB=150.2  t=1.81s
  round  27/50: acc=0.7285  f1m=0.7276  uplink_kB=150.2  t=1.65s
  round  28/50: acc=0.7318  f1m=0.7306  uplink_kB=150.2  t=1.73s
  round  29/50: acc=0.7317  f1m=0.7300  uplink_kB=150.2  t=1.78s
  round  30/50: acc=0.7311  f1m=0.7291  uplink_kB=150.2  t=1.61s
  round  31/50: acc=0.7305  f1m=0.7282  uplink_kB=150.2  t=1.69s
  round  32/50: acc=0.7297  f1m=0.7271  uplink_kB=150.2  t=1.64s
  round  33/50: acc=0.7297  f1m=0.7269  uplink_kB=150.2  t=1.63s
  round  34/50: acc=0.7304  f1m=0.7275  uplink_kB=150.2  t=1.66s
  round  35/50: acc=0.7309  f1m=0.7279  uplink_kB=150.2  t=1.66s
  round  36/50: acc=0.7318  f1m=0.7288  uplink_kB=150.2  t=1.67s
  round  37/50: acc=0.7326  f1m=0.7295  uplink_kB=150.2  t=1.66s
  round  38/50: acc=0.7332  f1m=0.7301  uplink_kB=150.2  t=1.67s
  round  39/50: acc=0.7338  f1m=0.7307  uplink_kB=150.2  t=1.64s
  round  40/50: acc=0.7353  f1m=0.7321  uplink_kB=150.2  t=1.68s
  round  41/50: acc=0.7361  f1m=0.7329  uplink_kB=150.2  t=1.70s
  round  42/50: acc=0.7366  f1m=0.7334  uplink_kB=150.2  t=1.71s
  round  43/50: acc=0.7373  f1m=0.7340  uplink_kB=150.2  t=1.66s
  round  44/50: acc=0.7383  f1m=0.7350  uplink_kB=150.2  t=1.63s
  round  45/50: acc=0.7391  f1m=0.7357  uplink_kB=150.2  t=1.60s
  round  46/50: acc=0.7401  f1m=0.7367  uplink_kB=150.2  t=1.70s
  round  47/50: acc=0.7408  f1m=0.7374  uplink_kB=150.2  t=1.70s
  round  48/50: acc=0.7410  f1m=0.7377  uplink_kB=150.2  t=1.72s
  round  49/50: acc=0.7416  f1m=0.7383  uplink_kB=150.2  t=1.66s
  round  50/50: acc=0.7433  f1m=0.7399  uplink_kB=150.2  t=1.65s
[run] DONE -> /Users/agentra/Documents/hao/working/paper-lab/hao-paper-2026/iotj-fedkan-ids/repo/results/lrsweep_toniot/lrsweep_kan8_lr0p0003__dir0.1__seed23/metrics.json  final_acc=0.7433
