[run] device=cpu  seed=31  out=/Users/agentra/Documents/hao/working/paper-lab/hao-paper-2026/iotj-fedkan-ids/repo/results/lrsweep_cseciic_mc/lrsweep_kan16_lr0p003__dir0.1__seed31
[run] model=kan  params=8,640
  round   1/50: acc=0.4284  f1m=0.1186  uplink_kB=363.3  t=6.93s
  round   2/50: acc=0.4737  f1m=0.1573  uplink_kB=363.3  t=6.48s
  round   3/50: acc=0.5085  f1m=0.2171  uplink_kB=363.3  t=7.93s
  round   4/50: acc=0.6043  f1m=0.2989  uplink_kB=363.3  t=13.97s
  round   5/50: acc=0.6041  f1m=0.2835  uplink_kB=363.3  t=8.41s
  round   6/50: acc=0.6137  f1m=0.2941  uplink_kB=363.3  t=13.72s
  round   7/50: acc=0.6171  f1m=0.3560  uplink_kB=363.3  t=6.69s
  round   8/50: acc=0.6440  f1m=0.3890  uplink_kB=363.3  t=6.00s
  round   9/50: acc=0.6729  f1m=0.4689  uplink_kB=363.3  t=6.20s
  round  10/50: acc=0.6759  f1m=0.4865  uplink_kB=363.3  t=6.34s
  round  11/50: acc=0.6889  f1m=0.4907  uplink_kB=363.3  t=6.27s
  round  12/50: acc=0.7021  f1m=0.4995  uplink_kB=363.3  t=6.23s
  round  13/50: acc=0.7035  f1m=0.4960  uplink_kB=363.3  t=6.38s
  round  14/50: acc=0.7046  f1m=0.5009  uplink_kB=363.3  t=6.29s
  round  15/50: acc=0.7066  f1m=0.5176  uplink_kB=363.3  t=6.30s
  round  16/50: acc=0.7020  f1m=0.4840  uplink_kB=363.3  t=6.32s
  round  17/50: acc=0.7033  f1m=0.4879  uplink_kB=363.3  t=6.26s
  round  18/50: acc=0.6989  f1m=0.4750  uplink_kB=363.3  t=6.28s
  round  19/50: acc=0.7031  f1m=0.4772  uplink_kB=363.3  t=6.37s
  round  20/50: acc=0.7033  f1m=0.4765  uplink_kB=363.3  t=6.33s
  round  21/50: acc=0.7035  f1m=0.4766  uplink_kB=363.3  t=6.39s
  round  22/50: acc=0.7041  f1m=0.4780  uplink_kB=363.3  t=6.39s
  round  23/50: acc=0.7104  f1m=0.4784  uplink_kB=363.3  t=6.33s
  round  24/50: acc=0.7113  f1m=0.4821  uplink_kB=363.3  t=6.30s
  round  25/50: acc=0.7972  f1m=0.5314  uplink_kB=363.3  t=6.30s
  round  26/50: acc=0.7547  f1m=0.5054  uplink_kB=363.3  t=6.35s
  round  27/50: acc=0.7341  f1m=0.4944  uplink_kB=363.3  t=6.28s
  round  28/50: acc=0.7032  f1m=0.4738  uplink_kB=363.3  t=6.26s
  round  29/50: acc=0.7042  f1m=0.4757  uplink_kB=363.3  t=6.28s
  round  30/50: acc=0.6904  f1m=0.4748  uplink_kB=363.3  t=6.27s
  round  31/50: acc=0.6980  f1m=0.4812  uplink_kB=363.3  t=6.31s
  round  32/50: acc=0.7122  f1m=0.4902  uplink_kB=363.3  t=6.01s
  round  33/50: acc=0.8020  f1m=0.5500  uplink_kB=363.3  t=6.18s
  round  34/50: acc=0.8028  f1m=0.5441  uplink_kB=363.3  t=6.23s
  round  35/50: acc=0.8010  f1m=0.5487  uplink_kB=363.3  t=6.31s
  round  36/50: acc=0.8014  f1m=0.5481  uplink_kB=363.3  t=6.24s
  round  37/50: acc=0.8012  f1m=0.5479  uplink_kB=363.3  t=6.36s
  round  38/50: acc=0.8036  f1m=0.5500  uplink_kB=363.3  t=6.34s
  round  39/50: acc=0.8046  f1m=0.5557  uplink_kB=363.3  t=6.36s
  round  40/50: acc=0.8090  f1m=0.5611  uplink_kB=363.3  t=6.29s
  round  41/50: acc=0.8313  f1m=0.5703  uplink_kB=363.3  t=6.33s
  round  42/50: acc=0.8333  f1m=0.5756  uplink_kB=363.3  t=6.38s
  round  43/50: acc=0.8345  f1m=0.5788  uplink_kB=363.3  t=6.26s
  round  44/50: acc=0.8334  f1m=0.5751  uplink_kB=363.3  t=6.49s
  round  45/50: acc=0.8369  f1m=0.5834  uplink_kB=363.3  t=6.43s
  round  46/50: acc=0.8360  f1m=0.5790  uplink_kB=363.3  t=6.81s
  round  47/50: acc=0.8334  f1m=0.5737  uplink_kB=363.3  t=7.14s
  round  48/50: acc=0.8375  f1m=0.5861  uplink_kB=363.3  t=6.72s
  round  49/50: acc=0.8352  f1m=0.5793  uplink_kB=363.3  t=6.55s
  round  50/50: acc=0.8359  f1m=0.5815  uplink_kB=363.3  t=6.37s
[run] DONE -> /Users/agentra/Documents/hao/working/paper-lab/hao-paper-2026/iotj-fedkan-ids/repo/results/lrsweep_cseciic_mc/lrsweep_kan16_lr0p003__dir0.1__seed31/metrics.json  final_acc=0.8359
