[run] device=cpu  seed=17  out=/Users/agentra/Documents/hao/working/paper-lab/hao-paper-2026/iotj-fedkan-ids/repo/results/lrsweep_cseciic_mc50k/lrsweep_kan16_lr0p01__dir0.1__seed17
[run] model=kan  params=8,640
  round   1/50: acc=0.3028  f1m=0.1429  uplink_kB=363.3  t=3.67s
  round   2/50: acc=0.5431  f1m=0.2936  uplink_kB=363.3  t=2.97s
  round   3/50: acc=0.6219  f1m=0.3618  uplink_kB=363.3  t=3.00s
  round   4/50: acc=0.6283  f1m=0.3646  uplink_kB=363.3  t=2.95s
  round   5/50: acc=0.6534  f1m=0.4352  uplink_kB=363.3  t=3.02s
  round   6/50: acc=0.6578  f1m=0.4425  uplink_kB=363.3  t=2.99s
  round   7/50: acc=0.6616  f1m=0.4535  uplink_kB=363.3  t=3.06s
  round   8/50: acc=0.7348  f1m=0.5095  uplink_kB=363.3  t=3.04s
  round   9/50: acc=0.7435  f1m=0.5211  uplink_kB=363.3  t=2.99s
  round  10/50: acc=0.7529  f1m=0.5351  uplink_kB=363.3  t=3.05s
  round  11/50: acc=0.7908  f1m=0.5604  uplink_kB=363.3  t=3.00s
  round  12/50: acc=0.7856  f1m=0.5637  uplink_kB=363.3  t=3.15s
  round  13/50: acc=0.7970  f1m=0.5704  uplink_kB=363.3  t=3.09s
  round  14/50: acc=0.7885  f1m=0.5581  uplink_kB=363.3  t=3.08s
  round  15/50: acc=0.7865  f1m=0.5520  uplink_kB=363.3  t=3.04s
  round  16/50: acc=0.7982  f1m=0.5955  uplink_kB=363.3  t=3.14s
  round  17/50: acc=0.8121  f1m=0.5929  uplink_kB=363.3  t=2.99s
  round  18/50: acc=0.7976  f1m=0.5754  uplink_kB=363.3  t=3.08s
  round  19/50: acc=0.8036  f1m=0.6054  uplink_kB=363.3  t=3.10s
  round  20/50: acc=0.8185  f1m=0.6102  uplink_kB=363.3  t=3.15s
  round  21/50: acc=0.8417  f1m=0.6762  uplink_kB=363.3  t=3.02s
  round  22/50: acc=0.8293  f1m=0.6398  uplink_kB=363.3  t=3.03s
  round  23/50: acc=0.8212  f1m=0.6232  uplink_kB=363.3  t=3.13s
  round  24/50: acc=0.8422  f1m=0.6538  uplink_kB=363.3  t=2.97s
  round  25/50: acc=0.8127  f1m=0.6082  uplink_kB=363.3  t=3.13s
  round  26/50: acc=0.8355  f1m=0.6507  uplink_kB=363.3  t=3.04s
  round  27/50: acc=0.8652  f1m=0.7116  uplink_kB=363.3  t=3.21s
  round  28/50: acc=0.8191  f1m=0.6491  uplink_kB=363.3  t=3.06s
  round  29/50: acc=0.8059  f1m=0.6025  uplink_kB=363.3  t=3.10s
  round  30/50: acc=0.8304  f1m=0.6724  uplink_kB=363.3  t=3.12s
  round  31/50: acc=0.8441  f1m=0.6701  uplink_kB=363.3  t=3.07s
  round  32/50: acc=0.8543  f1m=0.6781  uplink_kB=363.3  t=3.12s
  round  33/50: acc=0.8609  f1m=0.7279  uplink_kB=363.3  t=2.88s
  round  34/50: acc=0.8564  f1m=0.6770  uplink_kB=363.3  t=3.08s
  round  35/50: acc=0.8959  f1m=0.7647  uplink_kB=363.3  t=3.05s
  round  36/50: acc=0.8846  f1m=0.7485  uplink_kB=363.3  t=3.11s
  round  37/50: acc=0.8868  f1m=0.7580  uplink_kB=363.3  t=3.03s
  round  38/50: acc=0.8889  f1m=0.7616  uplink_kB=363.3  t=3.13s
  round  39/50: acc=0.8939  f1m=0.7695  uplink_kB=363.3  t=2.99s
  round  40/50: acc=0.8895  f1m=0.7593  uplink_kB=363.3  t=3.15s
  round  41/50: acc=0.8846  f1m=0.7558  uplink_kB=363.3  t=3.05s
  round  42/50: acc=0.8990  f1m=0.7718  uplink_kB=363.3  t=3.04s
  round  43/50: acc=0.8921  f1m=0.7675  uplink_kB=363.3  t=2.98s
  round  44/50: acc=0.8675  f1m=0.7121  uplink_kB=363.3  t=3.13s
  round  45/50: acc=0.8735  f1m=0.7270  uplink_kB=363.3  t=3.09s
  round  46/50: acc=0.8957  f1m=0.7610  uplink_kB=363.3  t=3.11s
  round  47/50: acc=0.8794  f1m=0.7427  uplink_kB=363.3  t=2.99s
  round  48/50: acc=0.9005  f1m=0.7764  uplink_kB=363.3  t=3.03s
  round  49/50: acc=0.8797  f1m=0.7326  uplink_kB=363.3  t=3.05s
  round  50/50: acc=0.8948  f1m=0.7655  uplink_kB=363.3  t=2.97s
[run] DONE -> /Users/agentra/Documents/hao/working/paper-lab/hao-paper-2026/iotj-fedkan-ids/repo/results/lrsweep_cseciic_mc50k/lrsweep_kan16_lr0p01__dir0.1__seed17/metrics.json  final_acc=0.8948
