[run] device=cpu  seed=11  out=/Users/agentra/Documents/hao/working/paper-lab/hao-paper-2026/iotj-fedkan-ids/repo/results/sensitivity_botiot/sens_G10__dir0.1__seed11
[run] model=kan  params=4,920
  round   1/50: acc=0.7870  f1m=0.7768  uplink_kB=223.4  t=2.98s
  round   2/50: acc=0.9303  f1m=0.9303  uplink_kB=223.4  t=2.21s
  round   3/50: acc=0.9477  f1m=0.9477  uplink_kB=223.4  t=2.22s
  round   4/50: acc=0.9584  f1m=0.9584  uplink_kB=223.4  t=2.18s
  round   5/50: acc=0.9614  f1m=0.9614  uplink_kB=223.4  t=2.28s
  round   6/50: acc=0.9624  f1m=0.9624  uplink_kB=223.4  t=2.12s
  round   7/50: acc=0.9628  f1m=0.9628  uplink_kB=223.4  t=2.17s
  round   8/50: acc=0.9710  f1m=0.9710  uplink_kB=223.4  t=2.10s
  round   9/50: acc=0.9720  f1m=0.9720  uplink_kB=223.4  t=2.39s
  round  10/50: acc=0.9714  f1m=0.9714  uplink_kB=223.4  t=2.26s
  round  11/50: acc=0.9719  f1m=0.9719  uplink_kB=223.4  t=2.30s
  round  12/50: acc=0.9719  f1m=0.9719  uplink_kB=223.4  t=2.24s
  round  13/50: acc=0.9749  f1m=0.9749  uplink_kB=223.4  t=2.28s
  round  14/50: acc=0.9745  f1m=0.9745  uplink_kB=223.4  t=2.26s
  round  15/50: acc=0.9257  f1m=0.9253  uplink_kB=223.4  t=2.27s
  round  16/50: acc=0.9962  f1m=0.9962  uplink_kB=223.4  t=2.26s
  round  17/50: acc=0.9257  f1m=0.9253  uplink_kB=223.4  t=2.26s
  round  18/50: acc=0.9263  f1m=0.9259  uplink_kB=223.4  t=2.29s
  round  19/50: acc=0.9237  f1m=0.9232  uplink_kB=223.4  t=2.27s
  round  20/50: acc=0.9952  f1m=0.9952  uplink_kB=223.4  t=2.24s
  round  21/50: acc=0.9193  f1m=0.9187  uplink_kB=223.4  t=2.29s
  round  22/50: acc=0.9233  f1m=0.9228  uplink_kB=223.4  t=2.23s
  round  23/50: acc=0.9257  f1m=0.9254  uplink_kB=223.4  t=2.31s
  round  24/50: acc=0.9230  f1m=0.9226  uplink_kB=223.4  t=2.21s
  round  25/50: acc=0.9946  f1m=0.9946  uplink_kB=223.4  t=2.26s
  round  26/50: acc=0.8630  f1m=0.8604  uplink_kB=223.4  t=2.22s
  round  27/50: acc=0.9955  f1m=0.9955  uplink_kB=223.4  t=2.29s
  round  28/50: acc=0.9262  f1m=0.9258  uplink_kB=223.4  t=2.28s
  round  29/50: acc=0.9245  f1m=0.9241  uplink_kB=223.4  t=2.24s
  round  30/50: acc=0.9250  f1m=0.9246  uplink_kB=223.4  t=2.29s
  round  31/50: acc=0.9264  f1m=0.9260  uplink_kB=223.4  t=2.26s
  round  32/50: acc=0.9197  f1m=0.9191  uplink_kB=223.4  t=2.27s
  round  33/50: acc=0.9960  f1m=0.9960  uplink_kB=223.4  t=2.28s
  round  34/50: acc=0.9232  f1m=0.9228  uplink_kB=223.4  t=2.25s
  round  35/50: acc=0.9219  f1m=0.9215  uplink_kB=223.4  t=2.25s
  round  36/50: acc=0.9965  f1m=0.9965  uplink_kB=223.4  t=2.36s
  round  37/50: acc=0.9260  f1m=0.9256  uplink_kB=223.4  t=2.24s
  round  38/50: acc=0.9956  f1m=0.9956  uplink_kB=223.4  t=2.35s
  round  39/50: acc=0.9224  f1m=0.9219  uplink_kB=223.4  t=2.21s
  round  40/50: acc=0.9228  f1m=0.9224  uplink_kB=223.4  t=2.27s
  round  41/50: acc=0.9260  f1m=0.9256  uplink_kB=223.4  t=2.17s
  round  42/50: acc=0.9962  f1m=0.9962  uplink_kB=223.4  t=2.16s
  round  43/50: acc=0.9265  f1m=0.9261  uplink_kB=223.4  t=2.44s
  round  44/50: acc=0.9248  f1m=0.9244  uplink_kB=223.4  t=2.49s
  round  45/50: acc=0.9268  f1m=0.9264  uplink_kB=223.4  t=2.46s
  round  46/50: acc=0.9961  f1m=0.9961  uplink_kB=223.4  t=2.33s
  round  47/50: acc=0.9245  f1m=0.9241  uplink_kB=223.4  t=2.62s
  round  48/50: acc=0.9268  f1m=0.9264  uplink_kB=223.4  t=2.32s
  round  49/50: acc=0.9967  f1m=0.9967  uplink_kB=223.4  t=2.27s
  round  50/50: acc=0.9265  f1m=0.9261  uplink_kB=223.4  t=2.65s
[run] DONE -> /Users/agentra/Documents/hao/working/paper-lab/hao-paper-2026/iotj-fedkan-ids/repo/results/sensitivity_botiot/sens_G10__dir0.1__seed11/metrics.json  final_acc=0.9265
