[run] device=cpu  seed=31  out=/Users/agentra/Documents/hao/working/paper-lab/hao-paper-2026/iotj-fedkan-ids/repo/results/lrsweep_toniot/lrsweep_kan16_lr0p1__dir0.1__seed31
[run] model=kan  params=6,560
  round   1/50: acc=0.4267  f1m=0.3160  uplink_kB=282.0  t=2.39s
  round   2/50: acc=0.4059  f1m=0.3665  uplink_kB=282.0  t=1.87s
  round   3/50: acc=0.6348  f1m=0.6237  uplink_kB=282.0  t=1.87s
  round   4/50: acc=0.5087  f1m=0.3571  uplink_kB=282.0  t=1.86s
  round   5/50: acc=0.7907  f1m=0.7903  uplink_kB=282.0  t=1.89s
  round   6/50: acc=0.7302  f1m=0.7294  uplink_kB=282.0  t=1.86s
  round   7/50: acc=0.3643  f1m=0.3405  uplink_kB=282.0  t=1.91s
  round   8/50: acc=0.6579  f1m=0.6577  uplink_kB=282.0  t=1.84s
  round   9/50: acc=0.5953  f1m=0.5268  uplink_kB=282.0  t=1.91s
  round  10/50: acc=0.4039  f1m=0.3289  uplink_kB=282.0  t=1.86s
  round  11/50: acc=0.7386  f1m=0.7348  uplink_kB=282.0  t=1.86s
  round  12/50: acc=0.8303  f1m=0.8300  uplink_kB=282.0  t=1.86s
  round  13/50: acc=0.8269  f1m=0.8264  uplink_kB=282.0  t=1.85s
  round  14/50: acc=0.8731  f1m=0.8718  uplink_kB=282.0  t=1.77s
  round  15/50: acc=0.3619  f1m=0.3377  uplink_kB=282.0  t=1.82s
  round  16/50: acc=0.7141  f1m=0.7096  uplink_kB=282.0  t=1.88s
  round  17/50: acc=0.8437  f1m=0.8406  uplink_kB=282.0  t=1.88s
  round  18/50: acc=0.3803  f1m=0.3625  uplink_kB=282.0  t=1.88s
  round  19/50: acc=0.8864  f1m=0.8857  uplink_kB=282.0  t=1.87s
  round  20/50: acc=0.2394  f1m=0.2374  uplink_kB=282.0  t=1.86s
  round  21/50: acc=0.7917  f1m=0.7896  uplink_kB=282.0  t=1.83s
  round  22/50: acc=0.7278  f1m=0.7149  uplink_kB=282.0  t=1.85s
  round  23/50: acc=0.7654  f1m=0.7616  uplink_kB=282.0  t=1.87s
  round  24/50: acc=0.2355  f1m=0.2335  uplink_kB=282.0  t=1.90s
  round  25/50: acc=0.7553  f1m=0.7543  uplink_kB=282.0  t=1.90s
  round  26/50: acc=0.8636  f1m=0.8619  uplink_kB=282.0  t=1.88s
  round  27/50: acc=0.8819  f1m=0.8813  uplink_kB=282.0  t=1.86s
  round  28/50: acc=0.5068  f1m=0.3596  uplink_kB=282.0  t=1.88s
  round  29/50: acc=0.8818  f1m=0.8811  uplink_kB=282.0  t=1.86s
  round  30/50: acc=0.8727  f1m=0.8713  uplink_kB=282.0  t=1.91s
  round  31/50: acc=0.7643  f1m=0.7633  uplink_kB=282.0  t=1.89s
  round  32/50: acc=0.7817  f1m=0.7804  uplink_kB=282.0  t=1.86s
  round  33/50: acc=0.7405  f1m=0.7383  uplink_kB=282.0  t=1.87s
  round  34/50: acc=0.8651  f1m=0.8643  uplink_kB=282.0  t=1.87s
  round  35/50: acc=0.8834  f1m=0.8824  uplink_kB=282.0  t=1.84s
  round  36/50: acc=0.5110  f1m=0.3966  uplink_kB=282.0  t=1.83s
  round  37/50: acc=0.7533  f1m=0.7520  uplink_kB=282.0  t=1.79s
  round  38/50: acc=0.5250  f1m=0.4069  uplink_kB=282.0  t=1.90s
  round  39/50: acc=0.8805  f1m=0.8795  uplink_kB=282.0  t=1.86s
  round  40/50: acc=0.7516  f1m=0.7503  uplink_kB=282.0  t=1.85s
  round  41/50: acc=0.3627  f1m=0.3305  uplink_kB=282.0  t=1.84s
  round  42/50: acc=0.7142  f1m=0.7066  uplink_kB=282.0  t=1.89s
  round  43/50: acc=0.3508  f1m=0.3308  uplink_kB=282.0  t=1.84s
  round  44/50: acc=0.7206  f1m=0.7163  uplink_kB=282.0  t=1.88s
  round  45/50: acc=0.7458  f1m=0.7451  uplink_kB=282.0  t=1.82s
  round  46/50: acc=0.7561  f1m=0.7540  uplink_kB=282.0  t=1.87s
  round  47/50: acc=0.7496  f1m=0.7479  uplink_kB=282.0  t=1.87s
  round  48/50: acc=0.3412  f1m=0.3142  uplink_kB=282.0  t=1.86s
  round  49/50: acc=0.7558  f1m=0.7545  uplink_kB=282.0  t=1.89s
  round  50/50: acc=0.8320  f1m=0.8320  uplink_kB=282.0  t=1.86s
[run] DONE -> /Users/agentra/Documents/hao/working/paper-lab/hao-paper-2026/iotj-fedkan-ids/repo/results/lrsweep_toniot/lrsweep_kan16_lr0p1__dir0.1__seed31/metrics.json  final_acc=0.8320
