[run] device=cpu  seed=31  out=/Users/agentra/Documents/hao/working/paper-lab/hao-paper-2026/iotj-fedkan-ids/repo/results/lrsweep_botiot/lrsweep_kan8_lr0p03__dir0.1__seed31
[run] model=kan  params=3,280
  round   1/50: acc=0.8055  f1m=0.7992  uplink_kB=150.2  t=2.14s
  round   2/50: acc=0.9295  f1m=0.9295  uplink_kB=150.2  t=1.62s
  round   3/50: acc=0.9329  f1m=0.9329  uplink_kB=150.2  t=1.63s
  round   4/50: acc=0.9350  f1m=0.9350  uplink_kB=150.2  t=1.60s
  round   5/50: acc=0.9552  f1m=0.9551  uplink_kB=150.2  t=1.60s
  round   6/50: acc=0.9658  f1m=0.9658  uplink_kB=150.2  t=1.57s
  round   7/50: acc=0.9667  f1m=0.9667  uplink_kB=150.2  t=1.62s
  round   8/50: acc=0.9655  f1m=0.9655  uplink_kB=150.2  t=1.60s
  round   9/50: acc=0.9697  f1m=0.9697  uplink_kB=150.2  t=1.58s
  round  10/50: acc=0.9581  f1m=0.9581  uplink_kB=150.2  t=1.63s
  round  11/50: acc=0.9684  f1m=0.9683  uplink_kB=150.2  t=1.62s
  round  12/50: acc=0.9695  f1m=0.9695  uplink_kB=150.2  t=1.57s
  round  13/50: acc=0.9684  f1m=0.9684  uplink_kB=150.2  t=1.62s
  round  14/50: acc=0.9644  f1m=0.9644  uplink_kB=150.2  t=1.64s
  round  15/50: acc=0.9603  f1m=0.9603  uplink_kB=150.2  t=1.68s
  round  16/50: acc=0.9682  f1m=0.9682  uplink_kB=150.2  t=1.65s
  round  17/50: acc=0.9702  f1m=0.9702  uplink_kB=150.2  t=1.62s
  round  18/50: acc=0.9722  f1m=0.9721  uplink_kB=150.2  t=1.55s
  round  19/50: acc=0.9725  f1m=0.9725  uplink_kB=150.2  t=1.59s
  round  20/50: acc=0.9647  f1m=0.9646  uplink_kB=150.2  t=1.61s
  round  21/50: acc=0.9723  f1m=0.9723  uplink_kB=150.2  t=1.60s
  round  22/50: acc=0.9725  f1m=0.9724  uplink_kB=150.2  t=1.60s
  round  23/50: acc=0.9705  f1m=0.9705  uplink_kB=150.2  t=1.59s
  round  24/50: acc=0.9230  f1m=0.9226  uplink_kB=150.2  t=1.55s
  round  25/50: acc=0.9679  f1m=0.9679  uplink_kB=150.2  t=1.59s
  round  26/50: acc=0.9722  f1m=0.9722  uplink_kB=150.2  t=1.61s
  round  27/50: acc=0.9704  f1m=0.9704  uplink_kB=150.2  t=1.67s
  round  28/50: acc=0.9718  f1m=0.9718  uplink_kB=150.2  t=1.61s
  round  29/50: acc=0.9653  f1m=0.9652  uplink_kB=150.2  t=1.61s
  round  30/50: acc=0.9699  f1m=0.9699  uplink_kB=150.2  t=1.58s
  round  31/50: acc=0.9683  f1m=0.9683  uplink_kB=150.2  t=1.56s
  round  32/50: acc=0.9723  f1m=0.9723  uplink_kB=150.2  t=1.62s
  round  33/50: acc=0.9609  f1m=0.9609  uplink_kB=150.2  t=1.62s
  round  34/50: acc=0.9674  f1m=0.9674  uplink_kB=150.2  t=1.60s
  round  35/50: acc=0.9552  f1m=0.9552  uplink_kB=150.2  t=1.63s
  round  36/50: acc=0.9720  f1m=0.9720  uplink_kB=150.2  t=1.58s
  round  37/50: acc=0.9688  f1m=0.9688  uplink_kB=150.2  t=1.64s
  round  38/50: acc=0.9726  f1m=0.9726  uplink_kB=150.2  t=1.61s
  round  39/50: acc=0.9578  f1m=0.9578  uplink_kB=150.2  t=1.60s
  round  40/50: acc=0.9727  f1m=0.9726  uplink_kB=150.2  t=1.57s
  round  41/50: acc=0.9726  f1m=0.9726  uplink_kB=150.2  t=1.56s
  round  42/50: acc=0.9729  f1m=0.9729  uplink_kB=150.2  t=1.61s
  round  43/50: acc=0.9634  f1m=0.9634  uplink_kB=150.2  t=1.61s
  round  44/50: acc=0.9639  f1m=0.9639  uplink_kB=150.2  t=1.62s
  round  45/50: acc=0.9199  f1m=0.9194  uplink_kB=150.2  t=1.64s
  round  46/50: acc=0.9728  f1m=0.9728  uplink_kB=150.2  t=1.64s
  round  47/50: acc=0.9712  f1m=0.9712  uplink_kB=150.2  t=1.55s
  round  48/50: acc=0.9656  f1m=0.9656  uplink_kB=150.2  t=1.62s
  round  49/50: acc=0.9727  f1m=0.9727  uplink_kB=150.2  t=1.62s
  round  50/50: acc=0.9557  f1m=0.9557  uplink_kB=150.2  t=1.61s
[run] DONE -> /Users/agentra/Documents/hao/working/paper-lab/hao-paper-2026/iotj-fedkan-ids/repo/results/lrsweep_botiot/lrsweep_kan8_lr0p03__dir0.1__seed31/metrics.json  final_acc=0.9557
