[run] device=cpu  seed=23  out=/Users/agentra/Documents/hao/working/paper-lab/hao-paper-2026/iotj-fedkan-ids/repo/results/lrsweep_cseciic_mc50k/lrsweep_mlp32_lr0p0003__dir0.1__seed23
[run] model=mlp  params=1,775
  round   1/50: acc=0.1304  f1m=0.0260  uplink_kB=69.3  t=1.75s
  round   2/50: acc=0.1305  f1m=0.0235  uplink_kB=69.3  t=1.00s
  round   3/50: acc=0.1244  f1m=0.0178  uplink_kB=69.3  t=1.05s
  round   4/50: acc=0.1226  f1m=0.0161  uplink_kB=69.3  t=1.04s
  round   5/50: acc=0.2351  f1m=0.0731  uplink_kB=69.3  t=1.06s
  round   6/50: acc=0.2652  f1m=0.0835  uplink_kB=69.3  t=0.98s
  round   7/50: acc=0.2805  f1m=0.0891  uplink_kB=69.3  t=1.00s
  round   8/50: acc=0.2893  f1m=0.0907  uplink_kB=69.3  t=0.98s
  round   9/50: acc=0.2949  f1m=0.0923  uplink_kB=69.3  t=1.08s
  round  10/50: acc=0.2976  f1m=0.0931  uplink_kB=69.3  t=0.99s
  round  11/50: acc=0.3680  f1m=0.1442  uplink_kB=69.3  t=1.06s
  round  12/50: acc=0.3949  f1m=0.1490  uplink_kB=69.3  t=0.99s
  round  13/50: acc=0.3977  f1m=0.1452  uplink_kB=69.3  t=1.08s
  round  14/50: acc=0.4096  f1m=0.1470  uplink_kB=69.3  t=1.02s
  round  15/50: acc=0.4127  f1m=0.1471  uplink_kB=69.3  t=1.02s
  round  16/50: acc=0.4128  f1m=0.1469  uplink_kB=69.3  t=1.00s
  round  17/50: acc=0.4127  f1m=0.1468  uplink_kB=69.3  t=1.09s
  round  18/50: acc=0.4140  f1m=0.1484  uplink_kB=69.3  t=0.97s
  round  19/50: acc=0.4124  f1m=0.1522  uplink_kB=69.3  t=1.08s
  round  20/50: acc=0.4161  f1m=0.1589  uplink_kB=69.3  t=1.01s
  round  21/50: acc=0.4603  f1m=0.2101  uplink_kB=69.3  t=1.08s
  round  22/50: acc=0.4625  f1m=0.2198  uplink_kB=69.3  t=1.04s
  round  23/50: acc=0.4689  f1m=0.2424  uplink_kB=69.3  t=1.06s
  round  24/50: acc=0.4694  f1m=0.2424  uplink_kB=69.3  t=1.01s
  round  25/50: acc=0.4751  f1m=0.2550  uplink_kB=69.3  t=1.04s
  round  26/50: acc=0.4762  f1m=0.2541  uplink_kB=69.3  t=1.01s
  round  27/50: acc=0.4838  f1m=0.2659  uplink_kB=69.3  t=1.06s
  round  28/50: acc=0.4841  f1m=0.2652  uplink_kB=69.3  t=1.00s
  round  29/50: acc=0.4894  f1m=0.2682  uplink_kB=69.3  t=1.08s
  round  30/50: acc=0.4957  f1m=0.2704  uplink_kB=69.3  t=1.03s
  round  31/50: acc=0.4977  f1m=0.2714  uplink_kB=69.3  t=1.08s
  round  32/50: acc=0.5002  f1m=0.2716  uplink_kB=69.3  t=0.96s
  round  33/50: acc=0.5057  f1m=0.2748  uplink_kB=69.3  t=1.04s
  round  34/50: acc=0.5064  f1m=0.2750  uplink_kB=69.3  t=1.02s
  round  35/50: acc=0.5171  f1m=0.2808  uplink_kB=69.3  t=1.07s
  round  36/50: acc=0.5207  f1m=0.2829  uplink_kB=69.3  t=1.04s
  round  37/50: acc=0.5230  f1m=0.2836  uplink_kB=69.3  t=1.05s
  round  38/50: acc=0.5296  f1m=0.2864  uplink_kB=69.3  t=1.06s
  round  39/50: acc=0.5324  f1m=0.2876  uplink_kB=69.3  t=1.04s
  round  40/50: acc=0.5349  f1m=0.2888  uplink_kB=69.3  t=1.04s
  round  41/50: acc=0.5355  f1m=0.2893  uplink_kB=69.3  t=1.06s
  round  42/50: acc=0.5368  f1m=0.2907  uplink_kB=69.3  t=1.03s
  round  43/50: acc=0.5376  f1m=0.2910  uplink_kB=69.3  t=1.08s
  round  44/50: acc=0.5438  f1m=0.2949  uplink_kB=69.3  t=0.99s
  round  45/50: acc=0.5462  f1m=0.2966  uplink_kB=69.3  t=1.02s
  round  46/50: acc=0.5471  f1m=0.2976  uplink_kB=69.3  t=0.99s
  round  47/50: acc=0.5479  f1m=0.2988  uplink_kB=69.3  t=1.05s
  round  48/50: acc=0.5485  f1m=0.2995  uplink_kB=69.3  t=1.03s
  round  49/50: acc=0.5491  f1m=0.3000  uplink_kB=69.3  t=1.07s
  round  50/50: acc=0.5499  f1m=0.3010  uplink_kB=69.3  t=1.02s
[run] DONE -> /Users/agentra/Documents/hao/working/paper-lab/hao-paper-2026/iotj-fedkan-ids/repo/results/lrsweep_cseciic_mc50k/lrsweep_mlp32_lr0p0003__dir0.1__seed23/metrics.json  final_acc=0.5499
