[run] device=cpu  seed=29  out=/Users/agentra/Documents/hao/working/paper-lab/hao-paper-2026/iotj-fedkan-ids/repo/results/lrsweep_cseciic/lrsweep_kan16_lr0p003__dir0.1__seed29
[run] model=kan  params=6,560
  round   1/50: acc=0.7423  f1m=0.7301  uplink_kB=282.0  t=2.67s
  round   2/50: acc=0.7585  f1m=0.7489  uplink_kB=282.0  t=1.94s
  round   3/50: acc=0.7843  f1m=0.7780  uplink_kB=282.0  t=2.04s
  round   4/50: acc=0.8392  f1m=0.8370  uplink_kB=282.0  t=1.89s
  round   5/50: acc=0.8870  f1m=0.8865  uplink_kB=282.0  t=1.86s
  round   6/50: acc=0.9164  f1m=0.9163  uplink_kB=282.0  t=1.95s
  round   7/50: acc=0.9164  f1m=0.9163  uplink_kB=282.0  t=2.01s
  round   8/50: acc=0.9110  f1m=0.9109  uplink_kB=282.0  t=1.96s
  round   9/50: acc=0.9197  f1m=0.9196  uplink_kB=282.0  t=1.89s
  round  10/50: acc=0.9275  f1m=0.9274  uplink_kB=282.0  t=1.83s
  round  11/50: acc=0.9405  f1m=0.9405  uplink_kB=282.0  t=1.94s
  round  12/50: acc=0.9506  f1m=0.9506  uplink_kB=282.0  t=1.82s
  round  13/50: acc=0.9531  f1m=0.9531  uplink_kB=282.0  t=1.95s
  round  14/50: acc=0.9534  f1m=0.9534  uplink_kB=282.0  t=1.89s
  round  15/50: acc=0.9552  f1m=0.9552  uplink_kB=282.0  t=1.90s
  round  16/50: acc=0.9573  f1m=0.9573  uplink_kB=282.0  t=1.92s
  round  17/50: acc=0.9601  f1m=0.9601  uplink_kB=282.0  t=1.87s
  round  18/50: acc=0.9609  f1m=0.9609  uplink_kB=282.0  t=1.90s
  round  19/50: acc=0.9622  f1m=0.9622  uplink_kB=282.0  t=1.90s
  round  20/50: acc=0.9635  f1m=0.9635  uplink_kB=282.0  t=1.94s
  round  21/50: acc=0.9640  f1m=0.9640  uplink_kB=282.0  t=1.94s
  round  22/50: acc=0.9660  f1m=0.9660  uplink_kB=282.0  t=1.95s
  round  23/50: acc=0.9656  f1m=0.9656  uplink_kB=282.0  t=1.94s
  round  24/50: acc=0.9666  f1m=0.9666  uplink_kB=282.0  t=1.97s
  round  25/50: acc=0.9688  f1m=0.9687  uplink_kB=282.0  t=1.90s
  round  26/50: acc=0.9690  f1m=0.9690  uplink_kB=282.0  t=1.93s
  round  27/50: acc=0.9688  f1m=0.9688  uplink_kB=282.0  t=1.92s
  round  28/50: acc=0.9715  f1m=0.9715  uplink_kB=282.0  t=1.93s
  round  29/50: acc=0.9717  f1m=0.9717  uplink_kB=282.0  t=2.02s
  round  30/50: acc=0.9709  f1m=0.9709  uplink_kB=282.0  t=1.99s
  round  31/50: acc=0.9712  f1m=0.9712  uplink_kB=282.0  t=1.95s
  round  32/50: acc=0.9719  f1m=0.9719  uplink_kB=282.0  t=1.97s
  round  33/50: acc=0.9714  f1m=0.9714  uplink_kB=282.0  t=1.95s
  round  34/50: acc=0.9712  f1m=0.9712  uplink_kB=282.0  t=2.00s
  round  35/50: acc=0.9712  f1m=0.9712  uplink_kB=282.0  t=1.94s
  round  36/50: acc=0.9713  f1m=0.9713  uplink_kB=282.0  t=1.95s
  round  37/50: acc=0.9717  f1m=0.9717  uplink_kB=282.0  t=1.98s
  round  38/50: acc=0.9720  f1m=0.9720  uplink_kB=282.0  t=1.93s
  round  39/50: acc=0.9738  f1m=0.9738  uplink_kB=282.0  t=1.97s
  round  40/50: acc=0.9719  f1m=0.9719  uplink_kB=282.0  t=2.03s
  round  41/50: acc=0.9729  f1m=0.9729  uplink_kB=282.0  t=1.91s
  round  42/50: acc=0.9732  f1m=0.9731  uplink_kB=282.0  t=1.93s
  round  43/50: acc=0.9738  f1m=0.9738  uplink_kB=282.0  t=2.12s
  round  44/50: acc=0.9728  f1m=0.9728  uplink_kB=282.0  t=1.96s
  round  45/50: acc=0.9721  f1m=0.9720  uplink_kB=282.0  t=1.98s
  round  46/50: acc=0.9746  f1m=0.9746  uplink_kB=282.0  t=1.91s
  round  47/50: acc=0.9741  f1m=0.9741  uplink_kB=282.0  t=2.04s
  round  48/50: acc=0.9744  f1m=0.9744  uplink_kB=282.0  t=1.97s
  round  49/50: acc=0.9742  f1m=0.9742  uplink_kB=282.0  t=2.00s
  round  50/50: acc=0.9748  f1m=0.9748  uplink_kB=282.0  t=2.04s
[run] DONE -> /Users/agentra/Documents/hao/working/paper-lab/hao-paper-2026/iotj-fedkan-ids/repo/results/lrsweep_cseciic/lrsweep_kan16_lr0p003__dir0.1__seed29/metrics.json  final_acc=0.9748
