[run] device=cpu  seed=29  out=/Users/agentra/Documents/hao/working/paper-lab/hao-paper-2026/iotj-fedkan-ids/repo/results/lrsweep_cseciic_mc50k/lrsweep_mlp80_lr0p03__dir0.1__seed29
[run] model=mlp  params=4,415
  round   1/50: acc=0.4726  f1m=0.2101  uplink_kB=172.5  t=1.74s
  round   2/50: acc=0.6042  f1m=0.2941  uplink_kB=172.5  t=1.01s
  round   3/50: acc=0.7169  f1m=0.4566  uplink_kB=172.5  t=1.08s
  round   4/50: acc=0.6982  f1m=0.4378  uplink_kB=172.5  t=1.23s
  round   5/50: acc=0.7785  f1m=0.5530  uplink_kB=172.5  t=1.17s
  round   6/50: acc=0.7594  f1m=0.5493  uplink_kB=172.5  t=1.13s
  round   7/50: acc=0.8072  f1m=0.5785  uplink_kB=172.5  t=1.21s
  round   8/50: acc=0.8038  f1m=0.5762  uplink_kB=172.5  t=1.03s
  round   9/50: acc=0.7855  f1m=0.5456  uplink_kB=172.5  t=1.14s
  round  10/50: acc=0.8146  f1m=0.6031  uplink_kB=172.5  t=1.18s
  round  11/50: acc=0.7929  f1m=0.5698  uplink_kB=172.5  t=1.07s
  round  12/50: acc=0.8150  f1m=0.5921  uplink_kB=172.5  t=1.13s
  round  13/50: acc=0.8113  f1m=0.5982  uplink_kB=172.5  t=1.07s
  round  14/50: acc=0.8224  f1m=0.6124  uplink_kB=172.5  t=1.16s
  round  15/50: acc=0.8298  f1m=0.6116  uplink_kB=172.5  t=1.06s
  round  16/50: acc=0.8087  f1m=0.5924  uplink_kB=172.5  t=1.12s
  round  17/50: acc=0.8431  f1m=0.6388  uplink_kB=172.5  t=1.08s
  round  18/50: acc=0.8167  f1m=0.6054  uplink_kB=172.5  t=1.11s
  round  19/50: acc=0.8419  f1m=0.6345  uplink_kB=172.5  t=1.11s
  round  20/50: acc=0.8299  f1m=0.6152  uplink_kB=172.5  t=1.15s
  round  21/50: acc=0.8356  f1m=0.6221  uplink_kB=172.5  t=1.09s
  round  22/50: acc=0.8491  f1m=0.6422  uplink_kB=172.5  t=1.13s
  round  23/50: acc=0.8046  f1m=0.5633  uplink_kB=172.5  t=1.09s
  round  24/50: acc=0.8611  f1m=0.6603  uplink_kB=172.5  t=1.14s
  round  25/50: acc=0.8700  f1m=0.6630  uplink_kB=172.5  t=1.10s
  round  26/50: acc=0.8543  f1m=0.6480  uplink_kB=172.5  t=1.14s
  round  27/50: acc=0.8694  f1m=0.6702  uplink_kB=172.5  t=1.07s
  round  28/50: acc=0.8390  f1m=0.6346  uplink_kB=172.5  t=1.20s
  round  29/50: acc=0.8647  f1m=0.6532  uplink_kB=172.5  t=1.37s
  round  30/50: acc=0.8606  f1m=0.6563  uplink_kB=172.5  t=1.51s
  round  31/50: acc=0.8533  f1m=0.6500  uplink_kB=172.5  t=1.30s
  round  32/50: acc=0.8685  f1m=0.6666  uplink_kB=172.5  t=1.41s
  round  33/50: acc=0.8517  f1m=0.6518  uplink_kB=172.5  t=1.06s
  round  34/50: acc=0.8587  f1m=0.6591  uplink_kB=172.5  t=1.29s
  round  35/50: acc=0.8680  f1m=0.6641  uplink_kB=172.5  t=1.24s
  round  36/50: acc=0.8576  f1m=0.6597  uplink_kB=172.5  t=1.08s
  round  37/50: acc=0.8653  f1m=0.6670  uplink_kB=172.5  t=1.02s
  round  38/50: acc=0.8595  f1m=0.6571  uplink_kB=172.5  t=1.07s
  round  39/50: acc=0.8495  f1m=0.6451  uplink_kB=172.5  t=1.03s
  round  40/50: acc=0.8736  f1m=0.6659  uplink_kB=172.5  t=1.07s
  round  41/50: acc=0.8397  f1m=0.6290  uplink_kB=172.5  t=1.05s
  round  42/50: acc=0.8565  f1m=0.6537  uplink_kB=172.5  t=1.05s
  round  43/50: acc=0.8706  f1m=0.6703  uplink_kB=172.5  t=1.09s
  round  44/50: acc=0.8422  f1m=0.6391  uplink_kB=172.5  t=1.11s
  round  45/50: acc=0.8658  f1m=0.6615  uplink_kB=172.5  t=1.03s
  round  46/50: acc=0.8657  f1m=0.6620  uplink_kB=172.5  t=1.09s
  round  47/50: acc=0.8687  f1m=0.6634  uplink_kB=172.5  t=1.04s
  round  48/50: acc=0.8488  f1m=0.6456  uplink_kB=172.5  t=1.11s
  round  49/50: acc=0.8520  f1m=0.6533  uplink_kB=172.5  t=1.12s
  round  50/50: acc=0.8539  f1m=0.6495  uplink_kB=172.5  t=1.08s
[run] DONE -> /Users/agentra/Documents/hao/working/paper-lab/hao-paper-2026/iotj-fedkan-ids/repo/results/lrsweep_cseciic_mc50k/lrsweep_mlp80_lr0p03__dir0.1__seed29/metrics.json  final_acc=0.8539
