[run] device=cpu  seed=11  out=/Users/agentra/Documents/hao/working/paper-lab/hao-paper-2026/iotj-fedkan-ids/repo/results/lrsweep_cseciic/lrsweep_mlp32_lr0p0003__dir0.1__seed11
[run] model=mlp  params=1,346
  round   1/50: acc=0.8057  f1m=0.8050  uplink_kB=52.6  t=1.37s
  round   2/50: acc=0.5000  f1m=0.3333  uplink_kB=52.6  t=0.67s
  round   3/50: acc=0.5000  f1m=0.3333  uplink_kB=52.6  t=0.69s
  round   4/50: acc=0.5000  f1m=0.3333  uplink_kB=52.6  t=0.66s
  round   5/50: acc=0.5000  f1m=0.3333  uplink_kB=52.6  t=0.63s
  round   6/50: acc=0.5000  f1m=0.3333  uplink_kB=52.6  t=0.70s
  round   7/50: acc=0.5000  f1m=0.3333  uplink_kB=52.6  t=0.66s
  round   8/50: acc=0.5000  f1m=0.3333  uplink_kB=52.6  t=0.68s
  round   9/50: acc=0.5000  f1m=0.3333  uplink_kB=52.6  t=0.63s
  round  10/50: acc=0.5000  f1m=0.3333  uplink_kB=52.6  t=0.66s
  round  11/50: acc=0.5000  f1m=0.3333  uplink_kB=52.6  t=0.66s
  round  12/50: acc=0.5000  f1m=0.3333  uplink_kB=52.6  t=0.62s
  round  13/50: acc=0.5000  f1m=0.3334  uplink_kB=52.6  t=0.66s
  round  14/50: acc=0.5000  f1m=0.3334  uplink_kB=52.6  t=0.72s
  round  15/50: acc=0.5108  f1m=0.3571  uplink_kB=52.6  t=0.68s
  round  16/50: acc=0.5502  f1m=0.4363  uplink_kB=52.6  t=0.68s
  round  17/50: acc=0.6091  f1m=0.5389  uplink_kB=52.6  t=0.65s
  round  18/50: acc=0.6427  f1m=0.5908  uplink_kB=52.6  t=0.60s
  round  19/50: acc=0.6667  f1m=0.6256  uplink_kB=52.6  t=0.68s
  round  20/50: acc=0.7004  f1m=0.6714  uplink_kB=52.6  t=0.69s
  round  21/50: acc=0.7301  f1m=0.7095  uplink_kB=52.6  t=0.67s
  round  22/50: acc=0.7507  f1m=0.7347  uplink_kB=52.6  t=0.72s
  round  23/50: acc=0.7669  f1m=0.7541  uplink_kB=52.6  t=0.82s
  round  24/50: acc=0.7805  f1m=0.7699  uplink_kB=52.6  t=0.65s
  round  25/50: acc=0.7890  f1m=0.7798  uplink_kB=52.6  t=0.66s
  round  26/50: acc=0.7910  f1m=0.7821  uplink_kB=52.6  t=0.68s
  round  27/50: acc=0.7936  f1m=0.7850  uplink_kB=52.6  t=0.70s
  round  28/50: acc=0.7967  f1m=0.7886  uplink_kB=52.6  t=0.69s
  round  29/50: acc=0.8004  f1m=0.7928  uplink_kB=52.6  t=0.69s
  round  30/50: acc=0.8049  f1m=0.7978  uplink_kB=52.6  t=0.71s
  round  31/50: acc=0.8058  f1m=0.7989  uplink_kB=52.6  t=0.67s
  round  32/50: acc=0.8109  f1m=0.8046  uplink_kB=52.6  t=0.62s
  round  33/50: acc=0.8178  f1m=0.8123  uplink_kB=52.6  t=0.68s
  round  34/50: acc=0.8180  f1m=0.8125  uplink_kB=52.6  t=0.68s
  round  35/50: acc=0.8188  f1m=0.8135  uplink_kB=52.6  t=0.66s
  round  36/50: acc=0.8282  f1m=0.8238  uplink_kB=52.6  t=0.65s
  round  37/50: acc=0.8304  f1m=0.8262  uplink_kB=52.6  t=0.64s
  round  38/50: acc=0.8303  f1m=0.8261  uplink_kB=52.6  t=0.68s
  round  39/50: acc=0.8444  f1m=0.8413  uplink_kB=52.6  t=0.66s
  round  40/50: acc=0.8440  f1m=0.8409  uplink_kB=52.6  t=0.72s
  round  41/50: acc=0.8441  f1m=0.8410  uplink_kB=52.6  t=0.70s
  round  42/50: acc=0.8485  f1m=0.8457  uplink_kB=52.6  t=0.67s
  round  43/50: acc=0.8636  f1m=0.8617  uplink_kB=52.6  t=0.59s
  round  44/50: acc=0.8633  f1m=0.8614  uplink_kB=52.6  t=0.71s
  round  45/50: acc=0.8637  f1m=0.8618  uplink_kB=52.6  t=0.65s
  round  46/50: acc=0.8636  f1m=0.8617  uplink_kB=52.6  t=0.67s
  round  47/50: acc=0.8637  f1m=0.8618  uplink_kB=52.6  t=0.64s
  round  48/50: acc=0.8639  f1m=0.8620  uplink_kB=52.6  t=0.66s
  round  49/50: acc=0.8945  f1m=0.8937  uplink_kB=52.6  t=0.58s
  round  50/50: acc=0.8997  f1m=0.8991  uplink_kB=52.6  t=0.72s
[run] DONE -> /Users/agentra/Documents/hao/working/paper-lab/hao-paper-2026/iotj-fedkan-ids/repo/results/lrsweep_cseciic/lrsweep_mlp32_lr0p0003__dir0.1__seed11/metrics.json  final_acc=0.8997
