[run] device=cpu  seed=2026  out=/Users/agentra/Documents/hao/working/paper-lab/hao-paper-2026/iotj-fedkan-ids/repo/results/lrext_cseciic_mc50k/lrext_kan8_lr1__dir0.1__seed2026
[run] model=kan  params=4,320
  round   1/50: acc=0.1217  f1m=0.0145  uplink_kB=190.8  t=4.28s
  round   2/50: acc=0.0085  f1m=0.0079  uplink_kB=190.8  t=3.31s
  round   3/50: acc=0.0096  f1m=0.0090  uplink_kB=190.8  t=3.54s
  round   4/50: acc=0.0726  f1m=0.0581  uplink_kB=190.8  t=3.18s
  round   5/50: acc=0.0729  f1m=0.0682  uplink_kB=190.8  t=3.34s
  round   6/50: acc=0.0731  f1m=0.0666  uplink_kB=190.8  t=3.19s
  round   7/50: acc=0.0102  f1m=0.0070  uplink_kB=190.8  t=3.36s
  round   8/50: acc=0.0106  f1m=0.0073  uplink_kB=190.8  t=3.18s
  round   9/50: acc=0.0123  f1m=0.0087  uplink_kB=190.8  t=3.33s
  round  10/50: acc=0.0136  f1m=0.0100  uplink_kB=190.8  t=3.16s
  round  11/50: acc=0.0138  f1m=0.0098  uplink_kB=190.8  t=3.31s
  round  12/50: acc=0.0133  f1m=0.0090  uplink_kB=190.8  t=3.31s
  round  13/50: acc=0.0130  f1m=0.0083  uplink_kB=190.8  t=3.26s
  round  14/50: acc=0.0136  f1m=0.0083  uplink_kB=190.8  t=3.10s
  round  15/50: acc=0.0144  f1m=0.0086  uplink_kB=190.8  t=3.30s
  round  16/50: acc=0.0152  f1m=0.0091  uplink_kB=190.8  t=3.05s
  round  17/50: acc=0.0159  f1m=0.0098  uplink_kB=190.8  t=3.24s
  round  18/50: acc=0.0167  f1m=0.0109  uplink_kB=190.8  t=3.18s
  round  19/50: acc=0.0175  f1m=0.0120  uplink_kB=190.8  t=3.23s
  round  20/50: acc=0.0184  f1m=0.0126  uplink_kB=190.8  t=3.30s
  round  21/50: acc=0.0192  f1m=0.0136  uplink_kB=190.8  t=3.23s
  round  22/50: acc=0.0197  f1m=0.0141  uplink_kB=190.8  t=3.23s
  round  23/50: acc=0.0203  f1m=0.0148  uplink_kB=190.8  t=3.15s
  round  24/50: acc=0.0208  f1m=0.0154  uplink_kB=190.8  t=3.38s
  round  25/50: acc=0.0212  f1m=0.0158  uplink_kB=190.8  t=3.31s
  round  26/50: acc=0.0215  f1m=0.0159  uplink_kB=190.8  t=3.15s
  round  27/50: acc=0.0218  f1m=0.0160  uplink_kB=190.8  t=3.29s
  round  28/50: acc=0.0215  f1m=0.0156  uplink_kB=190.8  t=3.40s
  round  29/50: acc=0.0215  f1m=0.0152  uplink_kB=190.8  t=3.23s
  round  30/50: acc=0.0215  f1m=0.0148  uplink_kB=190.8  t=3.19s
  round  31/50: acc=0.0212  f1m=0.0143  uplink_kB=190.8  t=3.18s
  round  32/50: acc=0.0211  f1m=0.0139  uplink_kB=190.8  t=3.12s
  round  33/50: acc=0.0209  f1m=0.0136  uplink_kB=190.8  t=3.22s
  round  34/50: acc=0.0209  f1m=0.0134  uplink_kB=190.8  t=3.16s
  round  35/50: acc=0.0207  f1m=0.0130  uplink_kB=190.8  t=3.08s
  round  36/50: acc=0.0204  f1m=0.0126  uplink_kB=190.8  t=3.08s
  round  37/50: acc=0.0202  f1m=0.0122  uplink_kB=190.8  t=3.17s
  round  38/50: acc=0.0201  f1m=0.0121  uplink_kB=190.8  t=3.18s
  round  39/50: acc=0.0200  f1m=0.0119  uplink_kB=190.8  t=3.11s
  round  40/50: acc=0.0198  f1m=0.0117  uplink_kB=190.8  t=3.09s
  round  41/50: acc=0.0197  f1m=0.0114  uplink_kB=190.8  t=3.11s
  round  42/50: acc=0.0197  f1m=0.0113  uplink_kB=190.8  t=3.20s
  round  43/50: acc=0.0197  f1m=0.0114  uplink_kB=190.8  t=3.12s
  round  44/50: acc=0.0198  f1m=0.0114  uplink_kB=190.8  t=3.16s
  round  45/50: acc=0.0198  f1m=0.0114  uplink_kB=190.8  t=3.12s
  round  46/50: acc=0.0197  f1m=0.0114  uplink_kB=190.8  t=3.27s
  round  47/50: acc=0.0198  f1m=0.0114  uplink_kB=190.8  t=3.07s
  round  48/50: acc=0.0198  f1m=0.0114  uplink_kB=190.8  t=3.10s
  round  49/50: acc=0.0197  f1m=0.0113  uplink_kB=190.8  t=3.14s
  round  50/50: acc=0.0197  f1m=0.0113  uplink_kB=190.8  t=3.09s
[run] DONE -> /Users/agentra/Documents/hao/working/paper-lab/hao-paper-2026/iotj-fedkan-ids/repo/results/lrext_cseciic_mc50k/lrext_kan8_lr1__dir0.1__seed2026/metrics.json  final_acc=0.0197
