[run] device=cpu  seed=119  out=/Users/agentra/Documents/hao/working/paper-lab/hao-paper-2026/iotj-fedkan-ids/repo/results/lrsweep_toniot/lrsweep_mlp80_lr0p01__dir0.1__seed119
[run] model=mlp  params=3,362
  round   1/50: acc=0.6836  f1m=0.6804  uplink_kB=131.3  t=1.32s
  round   2/50: acc=0.5345  f1m=0.4208  uplink_kB=131.3  t=0.77s
  round   3/50: acc=0.5587  f1m=0.4669  uplink_kB=131.3  t=0.80s
  round   4/50: acc=0.5706  f1m=0.4872  uplink_kB=131.3  t=0.78s
  round   5/50: acc=0.5735  f1m=0.4924  uplink_kB=131.3  t=0.78s
  round   6/50: acc=0.5763  f1m=0.4970  uplink_kB=131.3  t=0.78s
  round   7/50: acc=0.5786  f1m=0.4999  uplink_kB=131.3  t=0.72s
  round   8/50: acc=0.5787  f1m=0.4998  uplink_kB=131.3  t=0.74s
  round   9/50: acc=0.5783  f1m=0.4992  uplink_kB=131.3  t=0.75s
  round  10/50: acc=0.5851  f1m=0.5042  uplink_kB=131.3  t=0.85s
  round  11/50: acc=0.5794  f1m=0.4943  uplink_kB=131.3  t=0.80s
  round  12/50: acc=0.5792  f1m=0.4931  uplink_kB=131.3  t=0.83s
  round  13/50: acc=0.5817  f1m=0.4984  uplink_kB=131.3  t=0.82s
  round  14/50: acc=0.5817  f1m=0.4985  uplink_kB=131.3  t=0.81s
  round  15/50: acc=0.5819  f1m=0.4987  uplink_kB=131.3  t=0.83s
  round  16/50: acc=0.5859  f1m=0.5045  uplink_kB=131.3  t=0.78s
  round  17/50: acc=0.5833  f1m=0.5007  uplink_kB=131.3  t=0.84s
  round  18/50: acc=0.8052  f1m=0.7982  uplink_kB=131.3  t=0.82s
  round  19/50: acc=0.5941  f1m=0.5194  uplink_kB=131.3  t=0.84s
  round  20/50: acc=0.8039  f1m=0.7971  uplink_kB=131.3  t=0.83s
  round  21/50: acc=0.8054  f1m=0.7987  uplink_kB=131.3  t=0.80s
  round  22/50: acc=0.8137  f1m=0.8079  uplink_kB=131.3  t=0.84s
  round  23/50: acc=0.8826  f1m=0.8813  uplink_kB=131.3  t=0.77s
  round  24/50: acc=0.8855  f1m=0.8843  uplink_kB=131.3  t=0.84s
  round  25/50: acc=0.8828  f1m=0.8814  uplink_kB=131.3  t=0.85s
  round  26/50: acc=0.8708  f1m=0.8689  uplink_kB=131.3  t=0.80s
  round  27/50: acc=0.8786  f1m=0.8771  uplink_kB=131.3  t=0.83s
  round  28/50: acc=0.8883  f1m=0.8872  uplink_kB=131.3  t=0.84s
  round  29/50: acc=0.8883  f1m=0.8872  uplink_kB=131.3  t=0.83s
  round  30/50: acc=0.8886  f1m=0.8875  uplink_kB=131.3  t=0.77s
  round  31/50: acc=0.8883  f1m=0.8872  uplink_kB=131.3  t=0.84s
  round  32/50: acc=0.8907  f1m=0.8896  uplink_kB=131.3  t=0.81s
  round  33/50: acc=0.8874  f1m=0.8862  uplink_kB=131.3  t=0.85s
  round  34/50: acc=0.8899  f1m=0.8888  uplink_kB=131.3  t=0.84s
  round  35/50: acc=0.8938  f1m=0.8928  uplink_kB=131.3  t=0.74s
  round  36/50: acc=0.8955  f1m=0.8946  uplink_kB=131.3  t=0.86s
  round  37/50: acc=0.8871  f1m=0.8858  uplink_kB=131.3  t=0.85s
  round  38/50: acc=0.8960  f1m=0.8951  uplink_kB=131.3  t=0.82s
  round  39/50: acc=0.8970  f1m=0.8960  uplink_kB=131.3  t=0.83s
  round  40/50: acc=0.8967  f1m=0.8957  uplink_kB=131.3  t=0.89s
  round  41/50: acc=0.8962  f1m=0.8953  uplink_kB=131.3  t=0.91s
  round  42/50: acc=0.8952  f1m=0.8943  uplink_kB=131.3  t=0.87s
  round  43/50: acc=0.8911  f1m=0.8900  uplink_kB=131.3  t=0.75s
  round  44/50: acc=0.8935  f1m=0.8925  uplink_kB=131.3  t=0.83s
  round  45/50: acc=0.8931  f1m=0.8920  uplink_kB=131.3  t=0.83s
  round  46/50: acc=0.9028  f1m=0.9021  uplink_kB=131.3  t=0.82s
  round  47/50: acc=0.9033  f1m=0.9025  uplink_kB=131.3  t=0.85s
  round  48/50: acc=0.9172  f1m=0.9168  uplink_kB=131.3  t=0.83s
  round  49/50: acc=0.9054  f1m=0.9047  uplink_kB=131.3  t=0.76s
  round  50/50: acc=0.8928  f1m=0.8918  uplink_kB=131.3  t=0.84s
[run] DONE -> /Users/agentra/Documents/hao/working/paper-lab/hao-paper-2026/iotj-fedkan-ids/repo/results/lrsweep_toniot/lrsweep_mlp80_lr0p01__dir0.1__seed119/metrics.json  final_acc=0.8928
