[run] device=cpu  seed=11  out=/Users/agentra/Documents/hao/working/paper-lab/hao-paper-2026/iotj-fedkan-ids/repo/results/lrsweep_cseciic_mc/lrsweep_mlp80_lr0p1__dir0.1__seed11
[run] model=mlp  params=4,415
  round   1/50: acc=0.2329  f1m=0.0540  uplink_kB=172.5  t=2.85s
  round   2/50: acc=0.2485  f1m=0.0633  uplink_kB=172.5  t=2.13s
  round   3/50: acc=0.2780  f1m=0.0831  uplink_kB=172.5  t=2.17s
  round   4/50: acc=0.5355  f1m=0.2132  uplink_kB=172.5  t=2.16s
  round   5/50: acc=0.5240  f1m=0.1995  uplink_kB=172.5  t=2.19s
  round   6/50: acc=0.3964  f1m=0.1607  uplink_kB=172.5  t=2.43s
  round   7/50: acc=0.5159  f1m=0.1995  uplink_kB=172.5  t=2.34s
  round   8/50: acc=0.5584  f1m=0.2241  uplink_kB=172.5  t=2.18s
  round   9/50: acc=0.5907  f1m=0.2780  uplink_kB=172.5  t=2.22s
  round  10/50: acc=0.6198  f1m=0.2912  uplink_kB=172.5  t=2.26s
  round  11/50: acc=0.6143  f1m=0.3287  uplink_kB=172.5  t=2.22s
  round  12/50: acc=0.6045  f1m=0.3416  uplink_kB=172.5  t=2.23s
  round  13/50: acc=0.6481  f1m=0.3635  uplink_kB=172.5  t=2.12s
  round  14/50: acc=0.6182  f1m=0.3209  uplink_kB=172.5  t=2.13s
  round  15/50: acc=0.6448  f1m=0.3471  uplink_kB=172.5  t=2.15s
  round  16/50: acc=0.6414  f1m=0.3741  uplink_kB=172.5  t=2.20s
  round  17/50: acc=0.6382  f1m=0.3419  uplink_kB=172.5  t=2.15s
  round  18/50: acc=0.6374  f1m=0.3917  uplink_kB=172.5  t=2.13s
  round  19/50: acc=0.6498  f1m=0.3896  uplink_kB=172.5  t=2.23s
  round  20/50: acc=0.6409  f1m=0.3627  uplink_kB=172.5  t=2.19s
  round  21/50: acc=0.5878  f1m=0.3466  uplink_kB=172.5  t=2.25s
  round  22/50: acc=0.6003  f1m=0.3481  uplink_kB=172.5  t=2.12s
  round  23/50: acc=0.6302  f1m=0.3514  uplink_kB=172.5  t=2.09s
  round  24/50: acc=0.6120  f1m=0.3009  uplink_kB=172.5  t=2.08s
  round  25/50: acc=0.6204  f1m=0.3057  uplink_kB=172.5  t=2.16s
  round  26/50: acc=0.6226  f1m=0.3158  uplink_kB=172.5  t=2.15s
  round  27/50: acc=0.6219  f1m=0.3076  uplink_kB=172.5  t=2.12s
  round  28/50: acc=0.6066  f1m=0.2998  uplink_kB=172.5  t=2.09s
  round  29/50: acc=0.6233  f1m=0.3086  uplink_kB=172.5  t=2.21s
  round  30/50: acc=0.6239  f1m=0.3117  uplink_kB=172.5  t=2.24s
  round  31/50: acc=0.6219  f1m=0.3087  uplink_kB=172.5  t=2.16s
  round  32/50: acc=0.6310  f1m=0.3487  uplink_kB=172.5  t=2.17s
  round  33/50: acc=0.6186  f1m=0.3050  uplink_kB=172.5  t=2.15s
  round  34/50: acc=0.6287  f1m=0.3497  uplink_kB=172.5  t=2.18s
  round  35/50: acc=0.6251  f1m=0.3156  uplink_kB=172.5  t=2.13s
  round  36/50: acc=0.6236  f1m=0.3121  uplink_kB=172.5  t=2.13s
  round  37/50: acc=0.6260  f1m=0.3203  uplink_kB=172.5  t=2.20s
  round  38/50: acc=0.6233  f1m=0.3127  uplink_kB=172.5  t=2.16s
  round  39/50: acc=0.6280  f1m=0.3512  uplink_kB=172.5  t=2.18s
  round  40/50: acc=0.6301  f1m=0.3383  uplink_kB=172.5  t=2.18s
  round  41/50: acc=0.6300  f1m=0.3517  uplink_kB=172.5  t=2.15s
  round  42/50: acc=0.6266  f1m=0.3252  uplink_kB=172.5  t=2.15s
  round  43/50: acc=0.6293  f1m=0.3511  uplink_kB=172.5  t=2.11s
  round  44/50: acc=0.6307  f1m=0.3522  uplink_kB=172.5  t=2.18s
  round  45/50: acc=0.5979  f1m=0.3048  uplink_kB=172.5  t=2.23s
  round  46/50: acc=0.6306  f1m=0.3507  uplink_kB=172.5  t=2.05s
  round  47/50: acc=0.6394  f1m=0.3789  uplink_kB=172.5  t=2.17s
  round  48/50: acc=0.6216  f1m=0.3122  uplink_kB=172.5  t=2.14s
  round  49/50: acc=0.6322  f1m=0.3465  uplink_kB=172.5  t=2.17s
  round  50/50: acc=0.6387  f1m=0.3785  uplink_kB=172.5  t=2.20s
[run] DONE -> /Users/agentra/Documents/hao/working/paper-lab/hao-paper-2026/iotj-fedkan-ids/repo/results/lrsweep_cseciic_mc/lrsweep_mlp80_lr0p1__dir0.1__seed11/metrics.json  final_acc=0.6387
