[run] device=cpu  seed=2026  out=/Users/agentra/Documents/hao/working/paper-lab/hao-paper-2026/iotj-fedkan-ids/repo/results/lrsweep_cseciic_mc50k/lrsweep_mlp32_lr0p03__dir0.1__seed2026
[run] model=mlp  params=1,775
  round   1/50: acc=0.2565  f1m=0.0690  uplink_kB=69.3  t=1.69s
  round   2/50: acc=0.5394  f1m=0.3778  uplink_kB=69.3  t=1.05s
  round   3/50: acc=0.6667  f1m=0.4700  uplink_kB=69.3  t=1.04s
  round   4/50: acc=0.6074  f1m=0.4581  uplink_kB=69.3  t=0.97s
  round   5/50: acc=0.5979  f1m=0.4237  uplink_kB=69.3  t=1.05s
  round   6/50: acc=0.6448  f1m=0.4743  uplink_kB=69.3  t=1.01s
  round   7/50: acc=0.6989  f1m=0.4998  uplink_kB=69.3  t=1.14s
  round   8/50: acc=0.7047  f1m=0.5075  uplink_kB=69.3  t=1.00s
  round   9/50: acc=0.7101  f1m=0.5262  uplink_kB=69.3  t=1.07s
  round  10/50: acc=0.7206  f1m=0.5177  uplink_kB=69.3  t=1.04s
  round  11/50: acc=0.7021  f1m=0.5151  uplink_kB=69.3  t=1.11s
  round  12/50: acc=0.7258  f1m=0.5258  uplink_kB=69.3  t=1.03s
  round  13/50: acc=0.7267  f1m=0.5287  uplink_kB=69.3  t=1.13s
  round  14/50: acc=0.7305  f1m=0.5406  uplink_kB=69.3  t=1.05s
  round  15/50: acc=0.7318  f1m=0.5486  uplink_kB=69.3  t=1.14s
  round  16/50: acc=0.7243  f1m=0.5236  uplink_kB=69.3  t=1.04s
  round  17/50: acc=0.7403  f1m=0.5764  uplink_kB=69.3  t=1.09s
  round  18/50: acc=0.7488  f1m=0.5933  uplink_kB=69.3  t=1.02s
  round  19/50: acc=0.7500  f1m=0.5953  uplink_kB=69.3  t=1.06s
  round  20/50: acc=0.7509  f1m=0.6146  uplink_kB=69.3  t=1.01s
  round  21/50: acc=0.7325  f1m=0.5519  uplink_kB=69.3  t=1.08s
  round  22/50: acc=0.7676  f1m=0.6298  uplink_kB=69.3  t=1.05s
  round  23/50: acc=0.7496  f1m=0.5965  uplink_kB=69.3  t=1.07s
  round  24/50: acc=0.7676  f1m=0.6293  uplink_kB=69.3  t=1.06s
  round  25/50: acc=0.7501  f1m=0.5766  uplink_kB=69.3  t=1.06s
  round  26/50: acc=0.7676  f1m=0.6379  uplink_kB=69.3  t=1.00s
  round  27/50: acc=0.7517  f1m=0.6003  uplink_kB=69.3  t=1.05s
  round  28/50: acc=0.7688  f1m=0.6307  uplink_kB=69.3  t=1.02s
  round  29/50: acc=0.7783  f1m=0.6406  uplink_kB=69.3  t=1.12s
  round  30/50: acc=0.7683  f1m=0.6389  uplink_kB=69.3  t=0.96s
  round  31/50: acc=0.7351  f1m=0.5521  uplink_kB=69.3  t=1.11s
  round  32/50: acc=0.7904  f1m=0.6625  uplink_kB=69.3  t=1.03s
  round  33/50: acc=0.8050  f1m=0.6215  uplink_kB=69.3  t=1.04s
  round  34/50: acc=0.8011  f1m=0.6723  uplink_kB=69.3  t=1.04s
  round  35/50: acc=0.7813  f1m=0.6413  uplink_kB=69.3  t=1.07s
  round  36/50: acc=0.7587  f1m=0.6240  uplink_kB=69.3  t=1.01s
  round  37/50: acc=0.7754  f1m=0.6006  uplink_kB=69.3  t=1.03s
  round  38/50: acc=0.7514  f1m=0.6156  uplink_kB=69.3  t=1.00s
  round  39/50: acc=0.7786  f1m=0.6033  uplink_kB=69.3  t=1.06s
  round  40/50: acc=0.8116  f1m=0.6819  uplink_kB=69.3  t=1.04s
  round  41/50: acc=0.7852  f1m=0.6074  uplink_kB=69.3  t=1.08s
  round  42/50: acc=0.7805  f1m=0.6529  uplink_kB=69.3  t=0.97s
  round  43/50: acc=0.7429  f1m=0.5689  uplink_kB=69.3  t=1.08s
  round  44/50: acc=0.7769  f1m=0.6079  uplink_kB=69.3  t=1.01s
  round  45/50: acc=0.7375  f1m=0.5623  uplink_kB=69.3  t=1.05s
  round  46/50: acc=0.8188  f1m=0.6890  uplink_kB=69.3  t=1.03s
  round  47/50: acc=0.7612  f1m=0.5903  uplink_kB=69.3  t=1.09s
  round  48/50: acc=0.7407  f1m=0.5796  uplink_kB=69.3  t=1.06s
  round  49/50: acc=0.7621  f1m=0.5896  uplink_kB=69.3  t=1.07s
  round  50/50: acc=0.7827  f1m=0.6574  uplink_kB=69.3  t=1.02s
[run] DONE -> /Users/agentra/Documents/hao/working/paper-lab/hao-paper-2026/iotj-fedkan-ids/repo/results/lrsweep_cseciic_mc50k/lrsweep_mlp32_lr0p03__dir0.1__seed2026/metrics.json  final_acc=0.7827
