[run] device=cpu  seed=102  out=/Users/agentra/Documents/hao/working/paper-lab/hao-paper-2026/iotj-fedkan-ids/repo/results/lrsweep_toniot/lrsweep_mlp80_lr0p01__dir0.1__seed102
[run] model=mlp  params=3,362
  round   1/50: acc=0.5345  f1m=0.4104  uplink_kB=131.3  t=1.44s
  round   2/50: acc=0.5259  f1m=0.3896  uplink_kB=131.3  t=0.88s
  round   3/50: acc=0.5274  f1m=0.3923  uplink_kB=131.3  t=0.83s
  round   4/50: acc=0.5303  f1m=0.3985  uplink_kB=131.3  t=0.80s
  round   5/50: acc=0.5290  f1m=0.3956  uplink_kB=131.3  t=0.78s
  round   6/50: acc=0.5300  f1m=0.3977  uplink_kB=131.3  t=0.80s
  round   7/50: acc=0.5349  f1m=0.4078  uplink_kB=131.3  t=0.78s
  round   8/50: acc=0.5405  f1m=0.4202  uplink_kB=131.3  t=0.83s
  round   9/50: acc=0.5376  f1m=0.4145  uplink_kB=131.3  t=0.81s
  round  10/50: acc=0.5400  f1m=0.4199  uplink_kB=131.3  t=0.80s
  round  11/50: acc=0.5442  f1m=0.4283  uplink_kB=131.3  t=0.85s
  round  12/50: acc=0.5455  f1m=0.4310  uplink_kB=131.3  t=0.76s
  round  13/50: acc=0.5446  f1m=0.4284  uplink_kB=131.3  t=0.83s
  round  14/50: acc=0.5480  f1m=0.4347  uplink_kB=131.3  t=0.83s
  round  15/50: acc=0.5436  f1m=0.4261  uplink_kB=131.3  t=0.86s
  round  16/50: acc=0.5489  f1m=0.4362  uplink_kB=131.3  t=0.84s
  round  17/50: acc=0.5465  f1m=0.4319  uplink_kB=131.3  t=0.84s
  round  18/50: acc=0.5497  f1m=0.4379  uplink_kB=131.3  t=0.82s
  round  19/50: acc=0.5472  f1m=0.4330  uplink_kB=131.3  t=0.75s
  round  20/50: acc=0.5463  f1m=0.4315  uplink_kB=131.3  t=0.83s
  round  21/50: acc=0.5516  f1m=0.4419  uplink_kB=131.3  t=0.88s
  round  22/50: acc=0.5517  f1m=0.4421  uplink_kB=131.3  t=0.83s
  round  23/50: acc=0.5541  f1m=0.4462  uplink_kB=131.3  t=0.81s
  round  24/50: acc=0.5537  f1m=0.4454  uplink_kB=131.3  t=0.76s
  round  25/50: acc=0.5551  f1m=0.4485  uplink_kB=131.3  t=0.81s
  round  26/50: acc=0.5545  f1m=0.4472  uplink_kB=131.3  t=0.84s
  round  27/50: acc=0.5553  f1m=0.4488  uplink_kB=131.3  t=0.83s
  round  28/50: acc=0.5547  f1m=0.4476  uplink_kB=131.3  t=0.80s
  round  29/50: acc=0.5571  f1m=0.4519  uplink_kB=131.3  t=0.83s
  round  30/50: acc=0.5560  f1m=0.4495  uplink_kB=131.3  t=0.86s
  round  31/50: acc=0.5557  f1m=0.4479  uplink_kB=131.3  t=0.77s
  round  32/50: acc=0.5562  f1m=0.4488  uplink_kB=131.3  t=0.82s
  round  33/50: acc=0.5541  f1m=0.4458  uplink_kB=131.3  t=0.85s
  round  34/50: acc=0.5558  f1m=0.4488  uplink_kB=131.3  t=0.83s
  round  35/50: acc=0.5588  f1m=0.4542  uplink_kB=131.3  t=0.83s
  round  36/50: acc=0.5588  f1m=0.4549  uplink_kB=131.3  t=0.80s
  round  37/50: acc=0.5561  f1m=0.4487  uplink_kB=131.3  t=0.81s
  round  38/50: acc=0.5598  f1m=0.4558  uplink_kB=131.3  t=0.75s
  round  39/50: acc=0.5588  f1m=0.4540  uplink_kB=131.3  t=0.83s
  round  40/50: acc=0.5533  f1m=0.4429  uplink_kB=131.3  t=0.84s
  round  41/50: acc=0.5571  f1m=0.4501  uplink_kB=131.3  t=0.80s
  round  42/50: acc=0.5586  f1m=0.4531  uplink_kB=131.3  t=0.83s
  round  43/50: acc=0.5588  f1m=0.4538  uplink_kB=131.3  t=0.82s
  round  44/50: acc=0.5620  f1m=0.4595  uplink_kB=131.3  t=0.76s
  round  45/50: acc=0.5602  f1m=0.4560  uplink_kB=131.3  t=0.85s
  round  46/50: acc=0.5577  f1m=0.4517  uplink_kB=131.3  t=0.84s
  round  47/50: acc=0.5653  f1m=0.4656  uplink_kB=131.3  t=0.81s
  round  48/50: acc=0.5561  f1m=0.4484  uplink_kB=131.3  t=0.83s
  round  49/50: acc=0.5666  f1m=0.4680  uplink_kB=131.3  t=0.82s
  round  50/50: acc=0.5572  f1m=0.4503  uplink_kB=131.3  t=0.75s
[run] DONE -> /Users/agentra/Documents/hao/working/paper-lab/hao-paper-2026/iotj-fedkan-ids/repo/results/lrsweep_toniot/lrsweep_mlp80_lr0p01__dir0.1__seed102/metrics.json  final_acc=0.5572
