[run] device=cpu  seed=11  out=/Users/agentra/Documents/hao/working/paper-lab/hao-paper-2026/iotj-fedkan-ids/repo/results/lrsweep_cseciic/lrsweep_mlp80_lr0p0003__dir0.1__seed11
[run] model=mlp  params=3,362
  round   1/50: acc=0.5000  f1m=0.3333  uplink_kB=131.3  t=1.45s
  round   2/50: acc=0.5000  f1m=0.3333  uplink_kB=131.3  t=0.71s
  round   3/50: acc=0.5000  f1m=0.3333  uplink_kB=131.3  t=0.68s
  round   4/50: acc=0.5000  f1m=0.3333  uplink_kB=131.3  t=0.68s
  round   5/50: acc=0.5000  f1m=0.3333  uplink_kB=131.3  t=0.61s
  round   6/50: acc=0.5000  f1m=0.3333  uplink_kB=131.3  t=0.72s
  round   7/50: acc=0.5000  f1m=0.3333  uplink_kB=131.3  t=0.65s
  round   8/50: acc=0.5000  f1m=0.3334  uplink_kB=131.3  t=0.64s
  round   9/50: acc=0.5148  f1m=0.3658  uplink_kB=131.3  t=0.67s
  round  10/50: acc=0.6072  f1m=0.5360  uplink_kB=131.3  t=0.69s
  round  11/50: acc=0.7032  f1m=0.6752  uplink_kB=131.3  t=0.69s
  round  12/50: acc=0.7818  f1m=0.7715  uplink_kB=131.3  t=0.65s
  round  13/50: acc=0.8065  f1m=0.7996  uplink_kB=131.3  t=0.71s
  round  14/50: acc=0.8260  f1m=0.8214  uplink_kB=131.3  t=0.73s
  round  15/50: acc=0.8435  f1m=0.8406  uplink_kB=131.3  t=0.67s
  round  16/50: acc=0.8624  f1m=0.8607  uplink_kB=131.3  t=0.67s
  round  17/50: acc=0.8933  f1m=0.8926  uplink_kB=131.3  t=0.69s
  round  18/50: acc=0.9009  f1m=0.9004  uplink_kB=131.3  t=0.65s
  round  19/50: acc=0.9157  f1m=0.9155  uplink_kB=131.3  t=0.71s
  round  20/50: acc=0.9146  f1m=0.9143  uplink_kB=131.3  t=0.68s
  round  21/50: acc=0.9142  f1m=0.9140  uplink_kB=131.3  t=0.67s
  round  22/50: acc=0.9139  f1m=0.9137  uplink_kB=131.3  t=0.65s
  round  23/50: acc=0.9133  f1m=0.9131  uplink_kB=131.3  t=0.67s
  round  24/50: acc=0.9130  f1m=0.9128  uplink_kB=131.3  t=0.63s
  round  25/50: acc=0.9131  f1m=0.9128  uplink_kB=131.3  t=0.74s
  round  26/50: acc=0.9126  f1m=0.9124  uplink_kB=131.3  t=0.70s
  round  27/50: acc=0.9128  f1m=0.9126  uplink_kB=131.3  t=0.70s
  round  28/50: acc=0.9125  f1m=0.9123  uplink_kB=131.3  t=0.76s
  round  29/50: acc=0.9125  f1m=0.9122  uplink_kB=131.3  t=0.69s
  round  30/50: acc=0.9123  f1m=0.9121  uplink_kB=131.3  t=0.66s
  round  31/50: acc=0.9121  f1m=0.9119  uplink_kB=131.3  t=0.72s
  round  32/50: acc=0.9121  f1m=0.9118  uplink_kB=131.3  t=0.61s
  round  33/50: acc=0.9120  f1m=0.9118  uplink_kB=131.3  t=0.66s
  round  34/50: acc=0.9123  f1m=0.9121  uplink_kB=131.3  t=0.66s
  round  35/50: acc=0.9121  f1m=0.9119  uplink_kB=131.3  t=0.67s
  round  36/50: acc=0.9120  f1m=0.9117  uplink_kB=131.3  t=0.78s
  round  37/50: acc=0.9121  f1m=0.9118  uplink_kB=131.3  t=0.64s
  round  38/50: acc=0.9119  f1m=0.9117  uplink_kB=131.3  t=0.70s
  round  39/50: acc=0.9117  f1m=0.9115  uplink_kB=131.3  t=0.71s
  round  40/50: acc=0.9117  f1m=0.9115  uplink_kB=131.3  t=0.76s
  round  41/50: acc=0.9114  f1m=0.9112  uplink_kB=131.3  t=0.68s
  round  42/50: acc=0.9111  f1m=0.9109  uplink_kB=131.3  t=0.65s
  round  43/50: acc=0.9110  f1m=0.9108  uplink_kB=131.3  t=0.64s
  round  44/50: acc=0.9111  f1m=0.9108  uplink_kB=131.3  t=0.64s
  round  45/50: acc=0.9110  f1m=0.9108  uplink_kB=131.3  t=0.68s
  round  46/50: acc=0.9110  f1m=0.9108  uplink_kB=131.3  t=0.65s
  round  47/50: acc=0.9110  f1m=0.9108  uplink_kB=131.3  t=0.69s
  round  48/50: acc=0.9111  f1m=0.9109  uplink_kB=131.3  t=0.66s
  round  49/50: acc=0.9113  f1m=0.9111  uplink_kB=131.3  t=0.63s
  round  50/50: acc=0.9113  f1m=0.9111  uplink_kB=131.3  t=0.71s
[run] DONE -> /Users/agentra/Documents/hao/working/paper-lab/hao-paper-2026/iotj-fedkan-ids/repo/results/lrsweep_cseciic/lrsweep_mlp80_lr0p0003__dir0.1__seed11/metrics.json  final_acc=0.9113
