[run] device=cpu  seed=2024  out=/Users/agentra/Documents/hao/working/paper-lab/hao-paper-2026/iotj-fedkan-ids/repo/results/lrsweep_botiot/lrsweep_mlp32_lr0p001__dir0.1__seed2024
[run] model=mlp  params=1,346
  round   1/50: acc=0.4989  f1m=0.3328  uplink_kB=52.6  t=1.34s
  round   2/50: acc=0.4989  f1m=0.3328  uplink_kB=52.6  t=0.69s
  round   3/50: acc=0.4997  f1m=0.3355  uplink_kB=52.6  t=0.68s
  round   4/50: acc=0.4997  f1m=0.3380  uplink_kB=52.6  t=0.69s
  round   5/50: acc=0.5688  f1m=0.4746  uplink_kB=52.6  t=0.60s
  round   6/50: acc=0.5685  f1m=0.4745  uplink_kB=52.6  t=0.69s
  round   7/50: acc=0.5681  f1m=0.4742  uplink_kB=52.6  t=0.69s
  round   8/50: acc=0.5678  f1m=0.4740  uplink_kB=52.6  t=0.72s
  round   9/50: acc=0.5695  f1m=0.4770  uplink_kB=52.6  t=0.66s
  round  10/50: acc=0.7700  f1m=0.7590  uplink_kB=52.6  t=0.64s
  round  11/50: acc=0.7934  f1m=0.7870  uplink_kB=52.6  t=0.61s
  round  12/50: acc=0.7939  f1m=0.7876  uplink_kB=52.6  t=0.64s
  round  13/50: acc=0.7938  f1m=0.7875  uplink_kB=52.6  t=0.68s
  round  14/50: acc=0.7937  f1m=0.7874  uplink_kB=52.6  t=0.67s
  round  15/50: acc=0.7937  f1m=0.7874  uplink_kB=52.6  t=0.67s
  round  16/50: acc=0.7935  f1m=0.7872  uplink_kB=52.6  t=0.67s
  round  17/50: acc=0.7937  f1m=0.7875  uplink_kB=52.6  t=0.61s
  round  18/50: acc=0.7943  f1m=0.7882  uplink_kB=52.6  t=0.68s
  round  19/50: acc=0.7950  f1m=0.7889  uplink_kB=52.6  t=0.67s
  round  20/50: acc=0.7956  f1m=0.7896  uplink_kB=52.6  t=0.66s
  round  21/50: acc=0.7959  f1m=0.7899  uplink_kB=52.6  t=0.69s
  round  22/50: acc=0.7953  f1m=0.7895  uplink_kB=52.6  t=0.67s
  round  23/50: acc=0.7947  f1m=0.7890  uplink_kB=52.6  t=0.68s
  round  24/50: acc=0.7945  f1m=0.7888  uplink_kB=52.6  t=0.60s
  round  25/50: acc=0.7942  f1m=0.7886  uplink_kB=52.6  t=0.64s
  round  26/50: acc=0.7965  f1m=0.7912  uplink_kB=52.6  t=0.65s
  round  27/50: acc=0.8011  f1m=0.7967  uplink_kB=52.6  t=0.67s
  round  28/50: acc=0.8072  f1m=0.8036  uplink_kB=52.6  t=0.70s
  round  29/50: acc=0.8149  f1m=0.8119  uplink_kB=52.6  t=0.68s
  round  30/50: acc=0.8199  f1m=0.8174  uplink_kB=52.6  t=0.60s
  round  31/50: acc=0.8276  f1m=0.8256  uplink_kB=52.6  t=0.64s
  round  32/50: acc=0.8328  f1m=0.8311  uplink_kB=52.6  t=0.67s
  round  33/50: acc=0.8391  f1m=0.8377  uplink_kB=52.6  t=0.67s
  round  34/50: acc=0.8444  f1m=0.8432  uplink_kB=52.6  t=0.64s
  round  35/50: acc=0.8488  f1m=0.8478  uplink_kB=52.6  t=0.64s
  round  36/50: acc=0.8546  f1m=0.8538  uplink_kB=52.6  t=0.61s
  round  37/50: acc=0.8596  f1m=0.8589  uplink_kB=52.6  t=0.71s
  round  38/50: acc=0.8642  f1m=0.8637  uplink_kB=52.6  t=0.64s
  round  39/50: acc=0.8688  f1m=0.8683  uplink_kB=52.6  t=0.69s
  round  40/50: acc=0.8720  f1m=0.8715  uplink_kB=52.6  t=0.65s
  round  41/50: acc=0.8765  f1m=0.8762  uplink_kB=52.6  t=0.68s
  round  42/50: acc=0.8794  f1m=0.8791  uplink_kB=52.6  t=0.61s
  round  43/50: acc=0.8824  f1m=0.8821  uplink_kB=52.6  t=0.68s
  round  44/50: acc=0.8845  f1m=0.8842  uplink_kB=52.6  t=0.69s
  round  45/50: acc=0.8863  f1m=0.8861  uplink_kB=52.6  t=0.67s
  round  46/50: acc=0.8887  f1m=0.8885  uplink_kB=52.6  t=0.67s
  round  47/50: acc=0.8912  f1m=0.8911  uplink_kB=52.6  t=0.66s
  round  48/50: acc=0.8931  f1m=0.8930  uplink_kB=52.6  t=0.68s
  round  49/50: acc=0.8942  f1m=0.8941  uplink_kB=52.6  t=0.67s
  round  50/50: acc=0.8958  f1m=0.8957  uplink_kB=52.6  t=0.59s
[run] DONE -> /Users/agentra/Documents/hao/working/paper-lab/hao-paper-2026/iotj-fedkan-ids/repo/results/lrsweep_botiot/lrsweep_mlp32_lr0p001__dir0.1__seed2024/metrics.json  final_acc=0.8958
