[run] device=cpu  seed=17  out=/Users/agentra/Documents/hao/working/paper-lab/hao-paper-2026/iotj-fedkan-ids/repo/results/lrsweep_cseciic_mc/lrsweep_kan8_lr0p03__dir0.1__seed17
[run] model=kan  params=4,320
  round   1/50: acc=0.1409  f1m=0.0230  uplink_kB=190.8  t=6.01s
  round   2/50: acc=0.7208  f1m=0.3559  uplink_kB=190.8  t=5.40s
  round   3/50: acc=0.7383  f1m=0.3992  uplink_kB=190.8  t=5.47s
  round   4/50: acc=0.8081  f1m=0.5474  uplink_kB=190.8  t=5.47s
  round   5/50: acc=0.7565  f1m=0.4171  uplink_kB=190.8  t=5.50s
  round   6/50: acc=0.8282  f1m=0.5267  uplink_kB=190.8  t=5.58s
  round   7/50: acc=0.7999  f1m=0.4852  uplink_kB=190.8  t=5.54s
  round   8/50: acc=0.8079  f1m=0.5336  uplink_kB=190.8  t=5.46s
  round   9/50: acc=0.8021  f1m=0.5151  uplink_kB=190.8  t=5.50s
  round  10/50: acc=0.8145  f1m=0.5148  uplink_kB=190.8  t=5.36s
  round  11/50: acc=0.8240  f1m=0.5389  uplink_kB=190.8  t=5.30s
  round  12/50: acc=0.8024  f1m=0.5034  uplink_kB=190.8  t=5.52s
  round  13/50: acc=0.8303  f1m=0.5928  uplink_kB=190.8  t=5.69s
  round  14/50: acc=0.8126  f1m=0.5750  uplink_kB=190.8  t=5.55s
  round  15/50: acc=0.8346  f1m=0.5908  uplink_kB=190.8  t=5.43s
  round  16/50: acc=0.8379  f1m=0.6282  uplink_kB=190.8  t=5.27s
  round  17/50: acc=0.8182  f1m=0.5777  uplink_kB=190.8  t=5.32s
  round  18/50: acc=0.8067  f1m=0.5090  uplink_kB=190.8  t=5.38s
  round  19/50: acc=0.8153  f1m=0.5719  uplink_kB=190.8  t=5.38s
  round  20/50: acc=0.8313  f1m=0.6461  uplink_kB=190.8  t=5.38s
  round  21/50: acc=0.8533  f1m=0.6575  uplink_kB=190.8  t=5.73s
  round  22/50: acc=0.6687  f1m=0.4776  uplink_kB=190.8  t=5.47s
  round  23/50: acc=0.8427  f1m=0.6308  uplink_kB=190.8  t=5.36s
  round  24/50: acc=0.8270  f1m=0.5896  uplink_kB=190.8  t=5.48s
  round  25/50: acc=0.8030  f1m=0.6155  uplink_kB=190.8  t=5.35s
  round  26/50: acc=0.8232  f1m=0.6006  uplink_kB=190.8  t=5.40s
  round  27/50: acc=0.8398  f1m=0.6581  uplink_kB=190.8  t=5.34s
  round  28/50: acc=0.8367  f1m=0.6005  uplink_kB=190.8  t=5.55s
  round  29/50: acc=0.8282  f1m=0.5858  uplink_kB=190.8  t=5.45s
  round  30/50: acc=0.8311  f1m=0.5970  uplink_kB=190.8  t=5.41s
  round  31/50: acc=0.8388  f1m=0.6089  uplink_kB=190.8  t=5.47s
  round  32/50: acc=0.8211  f1m=0.5543  uplink_kB=190.8  t=5.28s
  round  33/50: acc=0.8266  f1m=0.5736  uplink_kB=190.8  t=5.28s
  round  34/50: acc=0.8362  f1m=0.5899  uplink_kB=190.8  t=5.35s
  round  35/50: acc=0.8344  f1m=0.5986  uplink_kB=190.8  t=5.40s
  round  36/50: acc=0.6383  f1m=0.6219  uplink_kB=190.8  t=5.46s
  round  37/50: acc=0.8402  f1m=0.6706  uplink_kB=190.8  t=5.35s
  round  38/50: acc=0.8335  f1m=0.6721  uplink_kB=190.8  t=5.41s
  round  39/50: acc=0.8170  f1m=0.5829  uplink_kB=190.8  t=5.33s
  round  40/50: acc=0.8370  f1m=0.5904  uplink_kB=190.8  t=5.36s
  round  41/50: acc=0.8248  f1m=0.5800  uplink_kB=190.8  t=5.38s
  round  42/50: acc=0.8591  f1m=0.6654  uplink_kB=190.8  t=5.39s
  round  43/50: acc=0.8239  f1m=0.5717  uplink_kB=190.8  t=5.36s
  round  44/50: acc=0.8444  f1m=0.6505  uplink_kB=190.8  t=5.38s
  round  45/50: acc=0.8266  f1m=0.5691  uplink_kB=190.8  t=5.32s
  round  46/50: acc=0.8378  f1m=0.5934  uplink_kB=190.8  t=5.33s
  round  47/50: acc=0.7101  f1m=0.5177  uplink_kB=190.8  t=5.32s
  round  48/50: acc=0.8191  f1m=0.5581  uplink_kB=190.8  t=5.83s
  round  49/50: acc=0.8575  f1m=0.6884  uplink_kB=190.8  t=5.35s
  round  50/50: acc=0.7249  f1m=0.6030  uplink_kB=190.8  t=5.35s
[run] DONE -> /Users/agentra/Documents/hao/working/paper-lab/hao-paper-2026/iotj-fedkan-ids/repo/results/lrsweep_cseciic_mc/lrsweep_kan8_lr0p03__dir0.1__seed17/metrics.json  final_acc=0.7249
