[run] device=cpu  seed=37  out=/Users/agentra/Documents/hao/working/paper-lab/hao-paper-2026/iotj-fedkan-ids/repo/results/lrsweep_botiot/lrsweep_mlp80_lr0p01__dir0.1__seed37
[run] model=mlp  params=3,362
  round   1/50: acc=0.8383  f1m=0.8340  uplink_kB=131.3  t=1.43s
  round   2/50: acc=0.8673  f1m=0.8650  uplink_kB=131.3  t=0.75s
  round   3/50: acc=0.8962  f1m=0.8950  uplink_kB=131.3  t=0.70s
  round   4/50: acc=0.9028  f1m=0.9019  uplink_kB=131.3  t=0.68s
  round   5/50: acc=0.9205  f1m=0.9200  uplink_kB=131.3  t=0.72s
  round   6/50: acc=0.9202  f1m=0.9197  uplink_kB=131.3  t=0.64s
  round   7/50: acc=0.9134  f1m=0.9127  uplink_kB=131.3  t=0.70s
  round   8/50: acc=0.9156  f1m=0.9150  uplink_kB=131.3  t=0.67s
  round   9/50: acc=0.9214  f1m=0.9209  uplink_kB=131.3  t=0.68s
  round  10/50: acc=0.9221  f1m=0.9216  uplink_kB=131.3  t=0.71s
  round  11/50: acc=0.9221  f1m=0.9216  uplink_kB=131.3  t=0.72s
  round  12/50: acc=0.9204  f1m=0.9199  uplink_kB=131.3  t=0.70s
  round  13/50: acc=0.9133  f1m=0.9127  uplink_kB=131.3  t=0.69s
  round  14/50: acc=0.9128  f1m=0.9122  uplink_kB=131.3  t=0.65s
  round  15/50: acc=0.9303  f1m=0.9300  uplink_kB=131.3  t=0.70s
  round  16/50: acc=0.9230  f1m=0.9225  uplink_kB=131.3  t=0.68s
  round  17/50: acc=0.9295  f1m=0.9291  uplink_kB=131.3  t=0.68s
  round  18/50: acc=0.9910  f1m=0.9910  uplink_kB=131.3  t=0.74s
  round  19/50: acc=0.9891  f1m=0.9891  uplink_kB=131.3  t=0.67s
  round  20/50: acc=0.9840  f1m=0.9840  uplink_kB=131.3  t=0.78s
  round  21/50: acc=0.9289  f1m=0.9285  uplink_kB=131.3  t=0.82s
  round  22/50: acc=0.9304  f1m=0.9301  uplink_kB=131.3  t=0.85s
  round  23/50: acc=0.9907  f1m=0.9907  uplink_kB=131.3  t=0.82s
  round  24/50: acc=0.9912  f1m=0.9912  uplink_kB=131.3  t=0.71s
  round  25/50: acc=0.9940  f1m=0.9940  uplink_kB=131.3  t=0.70s
  round  26/50: acc=0.9289  f1m=0.9285  uplink_kB=131.3  t=0.85s
  round  27/50: acc=0.9869  f1m=0.9869  uplink_kB=131.3  t=0.92s
  round  28/50: acc=0.9931  f1m=0.9931  uplink_kB=131.3  t=0.72s
  round  29/50: acc=0.9922  f1m=0.9922  uplink_kB=131.3  t=0.79s
  round  30/50: acc=0.9938  f1m=0.9938  uplink_kB=131.3  t=0.72s
  round  31/50: acc=0.9911  f1m=0.9911  uplink_kB=131.3  t=0.74s
  round  32/50: acc=0.9855  f1m=0.9855  uplink_kB=131.3  t=0.68s
  round  33/50: acc=0.9909  f1m=0.9909  uplink_kB=131.3  t=0.70s
  round  34/50: acc=0.9924  f1m=0.9924  uplink_kB=131.3  t=0.68s
  round  35/50: acc=0.9921  f1m=0.9921  uplink_kB=131.3  t=0.67s
  round  36/50: acc=0.9848  f1m=0.9848  uplink_kB=131.3  t=0.72s
  round  37/50: acc=0.9932  f1m=0.9932  uplink_kB=131.3  t=0.80s
  round  38/50: acc=0.9912  f1m=0.9912  uplink_kB=131.3  t=0.79s
  round  39/50: acc=0.9947  f1m=0.9947  uplink_kB=131.3  t=0.82s
  round  40/50: acc=0.9924  f1m=0.9924  uplink_kB=131.3  t=0.83s
  round  41/50: acc=0.9923  f1m=0.9923  uplink_kB=131.3  t=0.80s
  round  42/50: acc=0.9925  f1m=0.9925  uplink_kB=131.3  t=0.70s
  round  43/50: acc=0.9942  f1m=0.9942  uplink_kB=131.3  t=0.81s
  round  44/50: acc=0.9947  f1m=0.9947  uplink_kB=131.3  t=0.72s
  round  45/50: acc=0.9923  f1m=0.9923  uplink_kB=131.3  t=0.76s
  round  46/50: acc=0.9945  f1m=0.9945  uplink_kB=131.3  t=0.86s
  round  47/50: acc=0.9926  f1m=0.9926  uplink_kB=131.3  t=0.74s
  round  48/50: acc=0.9955  f1m=0.9955  uplink_kB=131.3  t=0.72s
  round  49/50: acc=0.9930  f1m=0.9930  uplink_kB=131.3  t=0.65s
  round  50/50: acc=0.9932  f1m=0.9932  uplink_kB=131.3  t=0.69s
[run] DONE -> /Users/agentra/Documents/hao/working/paper-lab/hao-paper-2026/iotj-fedkan-ids/repo/results/lrsweep_botiot/lrsweep_mlp80_lr0p01__dir0.1__seed37/metrics.json  final_acc=0.9932
