[run] device=cpu  seed=2026  out=/Users/agentra/Documents/hao/working/paper-lab/hao-paper-2026/iotj-fedkan-ids/repo/results/lrsweep_cseciic/lrsweep_mlp32_lr0p001__dir0.1__seed2026
[run] model=mlp  params=1,346
  round   1/50: acc=0.9178  f1m=0.9175  uplink_kB=52.6  t=1.42s
  round   2/50: acc=0.9148  f1m=0.9145  uplink_kB=52.6  t=0.69s
  round   3/50: acc=0.9187  f1m=0.9184  uplink_kB=52.6  t=0.74s
  round   4/50: acc=0.9200  f1m=0.9197  uplink_kB=52.6  t=0.76s
  round   5/50: acc=0.9217  f1m=0.9215  uplink_kB=52.6  t=0.67s
  round   6/50: acc=0.9208  f1m=0.9207  uplink_kB=52.6  t=0.60s
  round   7/50: acc=0.9206  f1m=0.9204  uplink_kB=52.6  t=0.70s
  round   8/50: acc=0.9205  f1m=0.9203  uplink_kB=52.6  t=0.76s
  round   9/50: acc=0.9205  f1m=0.9203  uplink_kB=52.6  t=0.70s
  round  10/50: acc=0.9206  f1m=0.9204  uplink_kB=52.6  t=0.66s
  round  11/50: acc=0.9208  f1m=0.9206  uplink_kB=52.6  t=0.69s
  round  12/50: acc=0.9212  f1m=0.9210  uplink_kB=52.6  t=0.66s
  round  13/50: acc=0.9230  f1m=0.9228  uplink_kB=52.6  t=0.68s
  round  14/50: acc=0.9240  f1m=0.9238  uplink_kB=52.6  t=0.70s
  round  15/50: acc=0.9278  f1m=0.9276  uplink_kB=52.6  t=0.70s
  round  16/50: acc=0.9268  f1m=0.9267  uplink_kB=52.6  t=0.68s
  round  17/50: acc=0.9274  f1m=0.9273  uplink_kB=52.6  t=0.65s
  round  18/50: acc=0.9320  f1m=0.9319  uplink_kB=52.6  t=0.62s
  round  19/50: acc=0.9303  f1m=0.9302  uplink_kB=52.6  t=0.69s
  round  20/50: acc=0.9305  f1m=0.9304  uplink_kB=52.6  t=0.69s
  round  21/50: acc=0.9511  f1m=0.9510  uplink_kB=52.6  t=0.68s
  round  22/50: acc=0.9323  f1m=0.9322  uplink_kB=52.6  t=0.69s
  round  23/50: acc=0.9523  f1m=0.9522  uplink_kB=52.6  t=0.68s
  round  24/50: acc=0.9573  f1m=0.9573  uplink_kB=52.6  t=0.65s
  round  25/50: acc=0.9577  f1m=0.9577  uplink_kB=52.6  t=0.70s
  round  26/50: acc=0.9585  f1m=0.9585  uplink_kB=52.6  t=0.67s
  round  27/50: acc=0.9586  f1m=0.9585  uplink_kB=52.6  t=0.71s
  round  28/50: acc=0.9590  f1m=0.9589  uplink_kB=52.6  t=0.68s
  round  29/50: acc=0.9589  f1m=0.9589  uplink_kB=52.6  t=0.66s
  round  30/50: acc=0.9591  f1m=0.9590  uplink_kB=52.6  t=0.63s
  round  31/50: acc=0.9593  f1m=0.9593  uplink_kB=52.6  t=0.65s
  round  32/50: acc=0.9591  f1m=0.9591  uplink_kB=52.6  t=0.62s
  round  33/50: acc=0.9601  f1m=0.9600  uplink_kB=52.6  t=0.68s
  round  34/50: acc=0.9591  f1m=0.9591  uplink_kB=52.6  t=0.72s
  round  35/50: acc=0.9597  f1m=0.9597  uplink_kB=52.6  t=0.67s
  round  36/50: acc=0.9600  f1m=0.9600  uplink_kB=52.6  t=0.65s
  round  37/50: acc=0.9602  f1m=0.9602  uplink_kB=52.6  t=0.70s
  round  38/50: acc=0.9603  f1m=0.9603  uplink_kB=52.6  t=0.69s
  round  39/50: acc=0.9603  f1m=0.9603  uplink_kB=52.6  t=0.73s
  round  40/50: acc=0.9604  f1m=0.9604  uplink_kB=52.6  t=0.77s
  round  41/50: acc=0.9610  f1m=0.9610  uplink_kB=52.6  t=0.71s
  round  42/50: acc=0.9616  f1m=0.9616  uplink_kB=52.6  t=0.63s
  round  43/50: acc=0.9613  f1m=0.9612  uplink_kB=52.6  t=0.68s
  round  44/50: acc=0.9624  f1m=0.9624  uplink_kB=52.6  t=0.66s
  round  45/50: acc=0.9619  f1m=0.9619  uplink_kB=52.6  t=0.70s
  round  46/50: acc=0.9622  f1m=0.9622  uplink_kB=52.6  t=0.85s
  round  47/50: acc=0.9629  f1m=0.9628  uplink_kB=52.6  t=0.72s
  round  48/50: acc=0.9631  f1m=0.9631  uplink_kB=52.6  t=0.66s
  round  49/50: acc=0.9630  f1m=0.9630  uplink_kB=52.6  t=0.61s
  round  50/50: acc=0.9634  f1m=0.9634  uplink_kB=52.6  t=0.68s
[run] DONE -> /Users/agentra/Documents/hao/working/paper-lab/hao-paper-2026/iotj-fedkan-ids/repo/results/lrsweep_cseciic/lrsweep_mlp32_lr0p001__dir0.1__seed2026/metrics.json  final_acc=0.9634
