[run] device=cpu  seed=17  out=/Users/agentra/Documents/hao/working/paper-lab/hao-paper-2026/iotj-fedkan-ids/repo/results/lrsweep_cseciic_mc/lrsweep_mlp80_lr0p01__dir0.1__seed17
[run] model=mlp  params=4,415
  round   1/50: acc=0.4074  f1m=0.2034  uplink_kB=172.5  t=2.86s
  round   2/50: acc=0.7023  f1m=0.4046  uplink_kB=172.5  t=2.22s
  round   3/50: acc=0.7593  f1m=0.4755  uplink_kB=172.5  t=2.24s
  round   4/50: acc=0.7671  f1m=0.5074  uplink_kB=172.5  t=2.42s
  round   5/50: acc=0.7849  f1m=0.5434  uplink_kB=172.5  t=2.20s
  round   6/50: acc=0.7945  f1m=0.5536  uplink_kB=172.5  t=2.36s
  round   7/50: acc=0.8071  f1m=0.5758  uplink_kB=172.5  t=2.16s
  round   8/50: acc=0.8360  f1m=0.5907  uplink_kB=172.5  t=2.13s
  round   9/50: acc=0.8309  f1m=0.5838  uplink_kB=172.5  t=2.85s
  round  10/50: acc=0.8452  f1m=0.6035  uplink_kB=172.5  t=2.33s
  round  11/50: acc=0.8363  f1m=0.6131  uplink_kB=172.5  t=2.22s
  round  12/50: acc=0.8347  f1m=0.6053  uplink_kB=172.5  t=2.22s
  round  13/50: acc=0.8334  f1m=0.6086  uplink_kB=172.5  t=2.22s
  round  14/50: acc=0.8281  f1m=0.6116  uplink_kB=172.5  t=2.25s
  round  15/50: acc=0.8385  f1m=0.6159  uplink_kB=172.5  t=2.14s
  round  16/50: acc=0.8416  f1m=0.6379  uplink_kB=172.5  t=2.19s
  round  17/50: acc=0.8380  f1m=0.6279  uplink_kB=172.5  t=2.22s
  round  18/50: acc=0.8407  f1m=0.6221  uplink_kB=172.5  t=2.21s
  round  19/50: acc=0.8346  f1m=0.6307  uplink_kB=172.5  t=2.23s
  round  20/50: acc=0.8338  f1m=0.6292  uplink_kB=172.5  t=2.16s
  round  21/50: acc=0.8396  f1m=0.6415  uplink_kB=172.5  t=2.22s
  round  22/50: acc=0.8398  f1m=0.6404  uplink_kB=172.5  t=2.30s
  round  23/50: acc=0.8321  f1m=0.6364  uplink_kB=172.5  t=2.22s
  round  24/50: acc=0.8363  f1m=0.6400  uplink_kB=172.5  t=2.18s
  round  25/50: acc=0.8444  f1m=0.6438  uplink_kB=172.5  t=2.21s
  round  26/50: acc=0.8413  f1m=0.6446  uplink_kB=172.5  t=2.21s
  round  27/50: acc=0.8409  f1m=0.6450  uplink_kB=172.5  t=2.21s
  round  28/50: acc=0.8449  f1m=0.6474  uplink_kB=172.5  t=2.18s
  round  29/50: acc=0.8398  f1m=0.6449  uplink_kB=172.5  t=2.26s
  round  30/50: acc=0.8470  f1m=0.6409  uplink_kB=172.5  t=2.23s
  round  31/50: acc=0.8471  f1m=0.6636  uplink_kB=172.5  t=2.22s
  round  32/50: acc=0.8470  f1m=0.6498  uplink_kB=172.5  t=2.21s
  round  33/50: acc=0.8484  f1m=0.6496  uplink_kB=172.5  t=2.25s
  round  34/50: acc=0.8497  f1m=0.6523  uplink_kB=172.5  t=2.18s
  round  35/50: acc=0.8466  f1m=0.6504  uplink_kB=172.5  t=2.26s
  round  36/50: acc=0.8529  f1m=0.6800  uplink_kB=172.5  t=2.20s
  round  37/50: acc=0.8504  f1m=0.6522  uplink_kB=172.5  t=2.15s
  round  38/50: acc=0.8422  f1m=0.6477  uplink_kB=172.5  t=2.19s
  round  39/50: acc=0.8607  f1m=0.6889  uplink_kB=172.5  t=2.25s
  round  40/50: acc=0.8532  f1m=0.6498  uplink_kB=172.5  t=2.15s
  round  41/50: acc=0.8668  f1m=0.6821  uplink_kB=172.5  t=2.16s
  round  42/50: acc=0.8558  f1m=0.6574  uplink_kB=172.5  t=2.18s
  round  43/50: acc=0.8491  f1m=0.6538  uplink_kB=172.5  t=2.19s
  round  44/50: acc=0.8451  f1m=0.6439  uplink_kB=172.5  t=2.25s
  round  45/50: acc=0.8745  f1m=0.7470  uplink_kB=172.5  t=2.20s
  round  46/50: acc=0.8643  f1m=0.7155  uplink_kB=172.5  t=2.20s
  round  47/50: acc=0.8513  f1m=0.6414  uplink_kB=172.5  t=2.17s
  round  48/50: acc=0.8515  f1m=0.6531  uplink_kB=172.5  t=2.21s
  round  49/50: acc=0.8456  f1m=0.6498  uplink_kB=172.5  t=2.18s
  round  50/50: acc=0.8754  f1m=0.7336  uplink_kB=172.5  t=2.21s
[run] DONE -> /Users/agentra/Documents/hao/working/paper-lab/hao-paper-2026/iotj-fedkan-ids/repo/results/lrsweep_cseciic_mc/lrsweep_mlp80_lr0p01__dir0.1__seed17/metrics.json  final_acc=0.8754
