[run] device=cpu  seed=37  out=/Users/agentra/Documents/hao/working/paper-lab/hao-paper-2026/iotj-fedkan-ids/repo/results/lrsweep_cseciic_mc50k/lrsweep_mlp32_lr0p001__dir0.1__seed37
[run] model=mlp  params=1,775
  round   1/50: acc=0.1250  f1m=0.0547  uplink_kB=69.3  t=1.58s
  round   2/50: acc=0.1967  f1m=0.0682  uplink_kB=69.3  t=1.05s
  round   3/50: acc=0.2371  f1m=0.0549  uplink_kB=69.3  t=1.14s
  round   4/50: acc=0.2370  f1m=0.0521  uplink_kB=69.3  t=1.03s
  round   5/50: acc=0.2462  f1m=0.0616  uplink_kB=69.3  t=1.07s
  round   6/50: acc=0.2495  f1m=0.0645  uplink_kB=69.3  t=0.99s
  round   7/50: acc=0.3232  f1m=0.1038  uplink_kB=69.3  t=1.09s
  round   8/50: acc=0.4113  f1m=0.1561  uplink_kB=69.3  t=1.00s
  round   9/50: acc=0.4105  f1m=0.1551  uplink_kB=69.3  t=1.10s
  round  10/50: acc=0.4107  f1m=0.1565  uplink_kB=69.3  t=1.02s
  round  11/50: acc=0.4121  f1m=0.1626  uplink_kB=69.3  t=1.11s
  round  12/50: acc=0.4424  f1m=0.2023  uplink_kB=69.3  t=1.05s
  round  13/50: acc=0.5327  f1m=0.2616  uplink_kB=69.3  t=1.05s
  round  14/50: acc=0.5338  f1m=0.2622  uplink_kB=69.3  t=0.99s
  round  15/50: acc=0.5373  f1m=0.2635  uplink_kB=69.3  t=1.06s
  round  16/50: acc=0.5328  f1m=0.2615  uplink_kB=69.3  t=1.00s
  round  17/50: acc=0.5305  f1m=0.2603  uplink_kB=69.3  t=1.12s
  round  18/50: acc=0.5435  f1m=0.2653  uplink_kB=69.3  t=1.01s
  round  19/50: acc=0.5424  f1m=0.2648  uplink_kB=69.3  t=1.03s
  round  20/50: acc=0.5431  f1m=0.2607  uplink_kB=69.3  t=1.06s
  round  21/50: acc=0.5487  f1m=0.2632  uplink_kB=69.3  t=1.03s
  round  22/50: acc=0.5565  f1m=0.2668  uplink_kB=69.3  t=1.02s
  round  23/50: acc=0.5633  f1m=0.2698  uplink_kB=69.3  t=0.97s
  round  24/50: acc=0.5654  f1m=0.2707  uplink_kB=69.3  t=1.07s
  round  25/50: acc=0.5665  f1m=0.2711  uplink_kB=69.3  t=1.00s
  round  26/50: acc=0.5686  f1m=0.2720  uplink_kB=69.3  t=1.04s
  round  27/50: acc=0.5835  f1m=0.2792  uplink_kB=69.3  t=1.02s
  round  28/50: acc=0.5837  f1m=0.2793  uplink_kB=69.3  t=0.99s
  round  29/50: acc=0.5839  f1m=0.2793  uplink_kB=69.3  t=1.05s
  round  30/50: acc=0.5840  f1m=0.2794  uplink_kB=69.3  t=1.02s
  round  31/50: acc=0.5843  f1m=0.2796  uplink_kB=69.3  t=1.01s
  round  32/50: acc=0.5886  f1m=0.2835  uplink_kB=69.3  t=1.00s
  round  33/50: acc=0.5921  f1m=0.2854  uplink_kB=69.3  t=1.10s
  round  34/50: acc=0.5924  f1m=0.2857  uplink_kB=69.3  t=1.02s
  round  35/50: acc=0.5959  f1m=0.2875  uplink_kB=69.3  t=1.07s
  round  36/50: acc=0.5970  f1m=0.2880  uplink_kB=69.3  t=1.00s
  round  37/50: acc=0.6003  f1m=0.2897  uplink_kB=69.3  t=1.07s
  round  38/50: acc=0.6007  f1m=0.2900  uplink_kB=69.3  t=1.00s
  round  39/50: acc=0.6003  f1m=0.2898  uplink_kB=69.3  t=1.07s
  round  40/50: acc=0.5982  f1m=0.2894  uplink_kB=69.3  t=1.03s
  round  41/50: acc=0.5985  f1m=0.2901  uplink_kB=69.3  t=1.03s
  round  42/50: acc=0.5994  f1m=0.2921  uplink_kB=69.3  t=1.00s
  round  43/50: acc=0.6015  f1m=0.2960  uplink_kB=69.3  t=1.06s
  round  44/50: acc=0.6027  f1m=0.2980  uplink_kB=69.3  t=1.00s
  round  45/50: acc=0.6483  f1m=0.3498  uplink_kB=69.3  t=1.06s
  round  46/50: acc=0.6539  f1m=0.3542  uplink_kB=69.3  t=1.04s
  round  47/50: acc=0.6541  f1m=0.3543  uplink_kB=69.3  t=1.01s
  round  48/50: acc=0.6542  f1m=0.3544  uplink_kB=69.3  t=1.06s
  round  49/50: acc=0.6552  f1m=0.3549  uplink_kB=69.3  t=1.04s
  round  50/50: acc=0.6555  f1m=0.3552  uplink_kB=69.3  t=1.06s
[run] DONE -> /Users/agentra/Documents/hao/working/paper-lab/hao-paper-2026/iotj-fedkan-ids/repo/results/lrsweep_cseciic_mc50k/lrsweep_mlp32_lr0p001__dir0.1__seed37/metrics.json  final_acc=0.6555
