[run] device=cpu  seed=120  out=/Users/agentra/Documents/hao/working/paper-lab/hao-paper-2026/iotj-fedkan-ids/repo/results/lrsweep_cseciic/lrsweep_kan8_lr0p003__dir0.1__seed120
[run] model=kan  params=3,280
  round   1/50: acc=0.4953  f1m=0.3315  uplink_kB=150.2  t=2.58s
  round   2/50: acc=0.4952  f1m=0.3313  uplink_kB=150.2  t=1.94s
  round   3/50: acc=0.5000  f1m=0.3333  uplink_kB=150.2  t=1.92s
  round   4/50: acc=0.5000  f1m=0.3333  uplink_kB=150.2  t=1.95s
  round   5/50: acc=0.5000  f1m=0.3333  uplink_kB=150.2  t=1.98s
  round   6/50: acc=0.5000  f1m=0.3333  uplink_kB=150.2  t=1.86s
  round   7/50: acc=0.5000  f1m=0.3333  uplink_kB=150.2  t=1.89s
  round   8/50: acc=0.5000  f1m=0.3333  uplink_kB=150.2  t=1.91s
  round   9/50: acc=0.5000  f1m=0.3333  uplink_kB=150.2  t=1.90s
  round  10/50: acc=0.5000  f1m=0.3333  uplink_kB=150.2  t=1.96s
  round  11/50: acc=0.4999  f1m=0.3333  uplink_kB=150.2  t=1.90s
  round  12/50: acc=0.4950  f1m=0.3311  uplink_kB=150.2  t=1.94s
  round  13/50: acc=0.4950  f1m=0.3313  uplink_kB=150.2  t=1.84s
  round  14/50: acc=0.4953  f1m=0.3321  uplink_kB=150.2  t=1.95s
  round  15/50: acc=0.4961  f1m=0.3343  uplink_kB=150.2  t=1.92s
  round  16/50: acc=0.4973  f1m=0.3371  uplink_kB=150.2  t=1.93s
  round  17/50: acc=0.4992  f1m=0.3413  uplink_kB=150.2  t=1.89s
  round  18/50: acc=0.5042  f1m=0.3581  uplink_kB=150.2  t=1.84s
  round  19/50: acc=0.5124  f1m=0.3753  uplink_kB=150.2  t=1.87s
  round  20/50: acc=0.5279  f1m=0.4063  uplink_kB=150.2  t=1.91s
  round  21/50: acc=0.5359  f1m=0.4216  uplink_kB=150.2  t=1.85s
  round  22/50: acc=0.5562  f1m=0.4597  uplink_kB=150.2  t=1.85s
  round  23/50: acc=0.5689  f1m=0.4821  uplink_kB=150.2  t=1.86s
  round  24/50: acc=0.5719  f1m=0.4873  uplink_kB=150.2  t=1.84s
  round  25/50: acc=0.5694  f1m=0.4830  uplink_kB=150.2  t=1.80s
  round  26/50: acc=0.5704  f1m=0.4848  uplink_kB=150.2  t=1.84s
  round  27/50: acc=0.5766  f1m=0.4960  uplink_kB=150.2  t=1.85s
  round  28/50: acc=0.5823  f1m=0.5058  uplink_kB=150.2  t=1.81s
  round  29/50: acc=0.5832  f1m=0.5072  uplink_kB=150.2  t=1.77s
  round  30/50: acc=0.5779  f1m=0.4985  uplink_kB=150.2  t=1.82s
  round  31/50: acc=0.5832  f1m=0.5084  uplink_kB=150.2  t=1.78s
  round  32/50: acc=0.5819  f1m=0.5054  uplink_kB=150.2  t=1.77s
  round  33/50: acc=0.5858  f1m=0.5130  uplink_kB=150.2  t=1.71s
  round  34/50: acc=0.5849  f1m=0.5116  uplink_kB=150.2  t=1.82s
  round  35/50: acc=0.5833  f1m=0.5089  uplink_kB=150.2  t=1.82s
  round  36/50: acc=0.5843  f1m=0.5142  uplink_kB=150.2  t=1.84s
  round  37/50: acc=0.5870  f1m=0.5184  uplink_kB=150.2  t=1.84s
  round  38/50: acc=0.5905  f1m=0.5209  uplink_kB=150.2  t=1.80s
  round  39/50: acc=0.5853  f1m=0.5123  uplink_kB=150.2  t=1.85s
  round  40/50: acc=0.5811  f1m=0.5054  uplink_kB=150.2  t=1.88s
  round  41/50: acc=0.5848  f1m=0.5150  uplink_kB=150.2  t=1.75s
  round  42/50: acc=0.5984  f1m=0.5380  uplink_kB=150.2  t=1.80s
  round  43/50: acc=0.5992  f1m=0.5394  uplink_kB=150.2  t=1.83s
  round  44/50: acc=0.6035  f1m=0.5462  uplink_kB=150.2  t=1.88s
  round  45/50: acc=0.5942  f1m=0.5276  uplink_kB=150.2  t=1.86s
  round  46/50: acc=0.5879  f1m=0.5156  uplink_kB=150.2  t=1.81s
  round  47/50: acc=0.5802  f1m=0.5074  uplink_kB=150.2  t=1.75s
  round  48/50: acc=0.5879  f1m=0.5211  uplink_kB=150.2  t=1.82s
  round  49/50: acc=0.5809  f1m=0.5097  uplink_kB=150.2  t=1.85s
  round  50/50: acc=0.5909  f1m=0.5259  uplink_kB=150.2  t=1.78s
[run] DONE -> /Users/agentra/Documents/hao/working/paper-lab/hao-paper-2026/iotj-fedkan-ids/repo/results/lrsweep_cseciic/lrsweep_kan8_lr0p003__dir0.1__seed120/metrics.json  final_acc=0.5909
