[run] device=cpu  seed=31  out=/Users/agentra/Documents/hao/working/paper-lab/hao-paper-2026/iotj-fedkan-ids/repo/results/lrsweep_cseciic_mc50k/lrsweep_kan8_lr0p03__dir0.1__seed31
[run] model=kan  params=4,320
  round   1/50: acc=0.2564  f1m=0.0747  uplink_kB=190.8  t=3.32s
  round   2/50: acc=0.5209  f1m=0.2462  uplink_kB=190.8  t=2.66s
  round   3/50: acc=0.5646  f1m=0.2747  uplink_kB=190.8  t=2.61s
  round   4/50: acc=0.7505  f1m=0.4354  uplink_kB=190.8  t=2.59s
  round   5/50: acc=0.7621  f1m=0.4461  uplink_kB=190.8  t=2.63s
  round   6/50: acc=0.7637  f1m=0.4442  uplink_kB=190.8  t=2.61s
  round   7/50: acc=0.8165  f1m=0.5913  uplink_kB=190.8  t=2.68s
  round   8/50: acc=0.8061  f1m=0.5001  uplink_kB=190.8  t=2.62s
  round   9/50: acc=0.8698  f1m=0.6849  uplink_kB=190.8  t=2.63s
  round  10/50: acc=0.8125  f1m=0.5186  uplink_kB=190.8  t=2.59s
  round  11/50: acc=0.8686  f1m=0.6837  uplink_kB=190.8  t=2.66s
  round  12/50: acc=0.8187  f1m=0.5987  uplink_kB=190.8  t=2.61s
  round  13/50: acc=0.8592  f1m=0.6762  uplink_kB=190.8  t=2.56s
  round  14/50: acc=0.8814  f1m=0.7314  uplink_kB=190.8  t=2.65s
  round  15/50: acc=0.8388  f1m=0.6200  uplink_kB=190.8  t=2.62s
  round  16/50: acc=0.8273  f1m=0.6358  uplink_kB=190.8  t=2.64s
  round  17/50: acc=0.8371  f1m=0.6301  uplink_kB=190.8  t=2.59s
  round  18/50: acc=0.8834  f1m=0.7337  uplink_kB=190.8  t=2.61s
  round  19/50: acc=0.8948  f1m=0.7379  uplink_kB=190.8  t=2.62s
  round  20/50: acc=0.8901  f1m=0.7309  uplink_kB=190.8  t=2.61s
  round  21/50: acc=0.8894  f1m=0.7282  uplink_kB=190.8  t=2.63s
  round  22/50: acc=0.8923  f1m=0.7325  uplink_kB=190.8  t=2.61s
  round  23/50: acc=0.8555  f1m=0.6836  uplink_kB=190.8  t=2.62s
  round  24/50: acc=0.8670  f1m=0.7008  uplink_kB=190.8  t=2.60s
  round  25/50: acc=0.8741  f1m=0.7059  uplink_kB=190.8  t=2.60s
  round  26/50: acc=0.8323  f1m=0.6377  uplink_kB=190.8  t=2.64s
  round  27/50: acc=0.8877  f1m=0.7224  uplink_kB=190.8  t=2.61s
  round  28/50: acc=0.8712  f1m=0.7046  uplink_kB=190.8  t=2.58s
  round  29/50: acc=0.9028  f1m=0.7411  uplink_kB=190.8  t=2.64s
  round  30/50: acc=0.8648  f1m=0.6806  uplink_kB=190.8  t=2.64s
  round  31/50: acc=0.8883  f1m=0.7359  uplink_kB=190.8  t=2.61s
  round  32/50: acc=0.8932  f1m=0.7449  uplink_kB=190.8  t=2.69s
  round  33/50: acc=0.8857  f1m=0.7203  uplink_kB=190.8  t=2.64s
  round  34/50: acc=0.8824  f1m=0.7101  uplink_kB=190.8  t=2.58s
  round  35/50: acc=0.8822  f1m=0.7223  uplink_kB=190.8  t=2.57s
  round  36/50: acc=0.8777  f1m=0.6914  uplink_kB=190.8  t=2.59s
  round  37/50: acc=0.8847  f1m=0.7189  uplink_kB=190.8  t=2.65s
  round  38/50: acc=0.8964  f1m=0.7407  uplink_kB=190.8  t=2.57s
  round  39/50: acc=0.8830  f1m=0.7077  uplink_kB=190.8  t=2.62s
  round  40/50: acc=0.8955  f1m=0.7451  uplink_kB=190.8  t=2.62s
  round  41/50: acc=0.8798  f1m=0.7114  uplink_kB=190.8  t=2.64s
  round  42/50: acc=0.8960  f1m=0.7397  uplink_kB=190.8  t=2.58s
  round  43/50: acc=0.8738  f1m=0.6712  uplink_kB=190.8  t=2.66s
  round  44/50: acc=0.8771  f1m=0.6971  uplink_kB=190.8  t=2.61s
  round  45/50: acc=0.8949  f1m=0.7436  uplink_kB=190.8  t=2.61s
  round  46/50: acc=0.8923  f1m=0.7313  uplink_kB=190.8  t=2.66s
  round  47/50: acc=0.8960  f1m=0.7375  uplink_kB=190.8  t=2.63s
  round  48/50: acc=0.8845  f1m=0.7172  uplink_kB=190.8  t=2.61s
  round  49/50: acc=0.8925  f1m=0.7247  uplink_kB=190.8  t=2.54s
  round  50/50: acc=0.8843  f1m=0.7147  uplink_kB=190.8  t=2.57s
[run] DONE -> /Users/agentra/Documents/hao/working/paper-lab/hao-paper-2026/iotj-fedkan-ids/repo/results/lrsweep_cseciic_mc50k/lrsweep_kan8_lr0p03__dir0.1__seed31/metrics.json  final_acc=0.8843
