[run] device=cpu  seed=42  out=/Users/agentra/Documents/hao/working/paper-lab/hao-paper-2026/iotj-fedkan-ids/repo/results/mc_botiot/mc_mlp80_lr0p01__dir0.1__seed42
[run] model=mlp  params=3,605
  round   1/50: acc=0.5725  f1m=0.4051  uplink_kB=140.8  t=1.63s
  round   2/50: acc=0.8465  f1m=0.6787  uplink_kB=140.8  t=0.72s
  round   3/50: acc=0.8465  f1m=0.6786  uplink_kB=140.8  t=0.70s
  round   4/50: acc=0.8531  f1m=0.6837  uplink_kB=140.8  t=0.67s
  round   5/50: acc=0.8702  f1m=0.6992  uplink_kB=140.8  t=0.66s
  round   6/50: acc=0.8732  f1m=0.7015  uplink_kB=140.8  t=0.68s
  round   7/50: acc=0.8637  f1m=0.6929  uplink_kB=140.8  t=0.66s
  round   8/50: acc=0.8638  f1m=0.6931  uplink_kB=140.8  t=0.61s
  round   9/50: acc=0.8673  f1m=0.6957  uplink_kB=140.8  t=0.61s
  round  10/50: acc=0.8883  f1m=0.7143  uplink_kB=140.8  t=0.69s
  round  11/50: acc=0.9017  f1m=0.7255  uplink_kB=140.8  t=0.62s
  round  12/50: acc=0.9043  f1m=0.7277  uplink_kB=140.8  t=0.62s
  round  13/50: acc=0.9050  f1m=0.7284  uplink_kB=140.8  t=0.62s
  round  14/50: acc=0.9040  f1m=0.7276  uplink_kB=140.8  t=0.63s
  round  15/50: acc=0.9043  f1m=0.7280  uplink_kB=140.8  t=0.66s
  round  16/50: acc=0.9051  f1m=0.7286  uplink_kB=140.8  t=0.62s
  round  17/50: acc=0.9067  f1m=0.7300  uplink_kB=140.8  t=0.61s
  round  18/50: acc=0.9099  f1m=0.7326  uplink_kB=140.8  t=0.62s
  round  19/50: acc=0.9082  f1m=0.7311  uplink_kB=140.8  t=0.62s
  round  20/50: acc=0.9122  f1m=0.7344  uplink_kB=140.8  t=0.68s
  round  21/50: acc=0.9133  f1m=0.7354  uplink_kB=140.8  t=0.62s
  round  22/50: acc=0.9133  f1m=0.7353  uplink_kB=140.8  t=0.62s
  round  23/50: acc=0.9134  f1m=0.7355  uplink_kB=140.8  t=0.61s
  round  24/50: acc=0.9135  f1m=0.7355  uplink_kB=140.8  t=0.64s
  round  25/50: acc=0.9138  f1m=0.7358  uplink_kB=140.8  t=0.68s
  round  26/50: acc=0.9138  f1m=0.7358  uplink_kB=140.8  t=0.61s
  round  27/50: acc=0.9142  f1m=0.7361  uplink_kB=140.8  t=0.61s
  round  28/50: acc=0.9144  f1m=0.7362  uplink_kB=140.8  t=0.63s
  round  29/50: acc=0.9142  f1m=0.7361  uplink_kB=140.8  t=0.70s
  round  30/50: acc=0.9140  f1m=0.7359  uplink_kB=140.8  t=0.64s
  round  31/50: acc=0.9146  f1m=0.7364  uplink_kB=140.8  t=0.65s
  round  32/50: acc=0.9150  f1m=0.7367  uplink_kB=140.8  t=0.61s
  round  33/50: acc=0.9142  f1m=0.7361  uplink_kB=140.8  t=0.66s
  round  34/50: acc=0.9146  f1m=0.7364  uplink_kB=140.8  t=0.70s
  round  35/50: acc=0.9145  f1m=0.7363  uplink_kB=140.8  t=0.63s
  round  36/50: acc=0.9150  f1m=0.7367  uplink_kB=140.8  t=0.63s
  round  37/50: acc=0.9142  f1m=0.7361  uplink_kB=140.8  t=0.65s
  round  38/50: acc=0.9143  f1m=0.7361  uplink_kB=140.8  t=0.68s
  round  39/50: acc=0.9157  f1m=0.7373  uplink_kB=140.8  t=0.63s
  round  40/50: acc=0.9150  f1m=0.7367  uplink_kB=140.8  t=0.64s
  round  41/50: acc=0.9180  f1m=0.7390  uplink_kB=140.8  t=0.62s
  round  42/50: acc=0.9183  f1m=0.7393  uplink_kB=140.8  t=0.64s
  round  43/50: acc=0.9185  f1m=0.7394  uplink_kB=140.8  t=0.73s
  round  44/50: acc=0.9184  f1m=0.7393  uplink_kB=140.8  t=0.65s
  round  45/50: acc=0.9185  f1m=0.7394  uplink_kB=140.8  t=0.63s
  round  46/50: acc=0.9183  f1m=0.7392  uplink_kB=140.8  t=0.63s
  round  47/50: acc=0.9185  f1m=0.7394  uplink_kB=140.8  t=0.62s
  round  48/50: acc=0.8854  f1m=0.7146  uplink_kB=140.8  t=0.68s
  round  49/50: acc=0.8648  f1m=0.6984  uplink_kB=140.8  t=0.62s
  round  50/50: acc=0.8784  f1m=0.7092  uplink_kB=140.8  t=0.64s
[run] DONE -> /Users/agentra/Documents/hao/working/paper-lab/hao-paper-2026/iotj-fedkan-ids/repo/results/mc_botiot/mc_mlp80_lr0p01__dir0.1__seed42/metrics.json  final_acc=0.8784
