[run] device=cpu  seed=43  out=/Users/agentra/Documents/hao/working/paper-lab/hao-paper-2026/iotj-fedkan-ids/repo/results/lrsweep_cseciic_mc/lrsweep_kan16_lr0p0003__dir0.1__seed43
[run] model=kan  params=8,640
  round   1/50: acc=0.1356  f1m=0.0161  uplink_kB=363.3  t=6.55s
  round   2/50: acc=0.2225  f1m=0.0553  uplink_kB=363.3  t=6.17s
  round   3/50: acc=0.2222  f1m=0.0598  uplink_kB=363.3  t=6.09s
  round   4/50: acc=0.2238  f1m=0.0576  uplink_kB=363.3  t=6.11s
  round   5/50: acc=0.2269  f1m=0.0645  uplink_kB=363.3  t=6.14s
  round   6/50: acc=0.2577  f1m=0.0962  uplink_kB=363.3  t=6.26s
  round   7/50: acc=0.3557  f1m=0.1053  uplink_kB=363.3  t=6.11s
  round   8/50: acc=0.4815  f1m=0.1675  uplink_kB=363.3  t=6.11s
  round   9/50: acc=0.5043  f1m=0.1802  uplink_kB=363.3  t=6.12s
  round  10/50: acc=0.5193  f1m=0.1888  uplink_kB=363.3  t=6.14s
  round  11/50: acc=0.5215  f1m=0.1900  uplink_kB=363.3  t=6.19s
  round  12/50: acc=0.5237  f1m=0.1912  uplink_kB=363.3  t=6.13s
  round  13/50: acc=0.5256  f1m=0.1920  uplink_kB=363.3  t=6.18s
  round  14/50: acc=0.5273  f1m=0.1926  uplink_kB=363.3  t=6.20s
  round  15/50: acc=0.5352  f1m=0.1951  uplink_kB=363.3  t=6.08s
  round  16/50: acc=0.5386  f1m=0.1962  uplink_kB=363.3  t=6.17s
  round  17/50: acc=0.5549  f1m=0.2008  uplink_kB=363.3  t=6.09s
  round  18/50: acc=0.5556  f1m=0.2012  uplink_kB=363.3  t=6.20s
  round  19/50: acc=0.5884  f1m=0.2611  uplink_kB=363.3  t=6.12s
  round  20/50: acc=0.5937  f1m=0.2626  uplink_kB=363.3  t=6.17s
  round  21/50: acc=0.5984  f1m=0.2713  uplink_kB=363.3  t=6.08s
  round  22/50: acc=0.6042  f1m=0.2799  uplink_kB=363.3  t=6.32s
  round  23/50: acc=0.6124  f1m=0.2910  uplink_kB=363.3  t=7.09s
  round  24/50: acc=0.6234  f1m=0.3040  uplink_kB=363.3  t=6.22s
  round  25/50: acc=0.6343  f1m=0.3156  uplink_kB=363.3  t=5.93s
  round  26/50: acc=0.6471  f1m=0.3257  uplink_kB=363.3  t=6.03s
  round  27/50: acc=0.6637  f1m=0.3385  uplink_kB=363.3  t=6.33s
  round  28/50: acc=0.6828  f1m=0.3501  uplink_kB=363.3  t=6.13s
  round  29/50: acc=0.6983  f1m=0.3588  uplink_kB=363.3  t=6.14s
  round  30/50: acc=0.7046  f1m=0.3632  uplink_kB=363.3  t=6.16s
  round  31/50: acc=0.7093  f1m=0.3666  uplink_kB=363.3  t=6.27s
  round  32/50: acc=0.7171  f1m=0.4328  uplink_kB=363.3  t=6.29s
  round  33/50: acc=0.7204  f1m=0.4361  uplink_kB=363.3  t=6.20s
  round  34/50: acc=0.7254  f1m=0.4412  uplink_kB=363.3  t=6.10s
  round  35/50: acc=0.7261  f1m=0.4429  uplink_kB=363.3  t=6.19s
  round  36/50: acc=0.7298  f1m=0.4465  uplink_kB=363.3  t=6.43s
  round  37/50: acc=0.7443  f1m=0.4541  uplink_kB=363.3  t=6.69s
  round  38/50: acc=0.7450  f1m=0.4558  uplink_kB=363.3  t=6.10s
  round  39/50: acc=0.7526  f1m=0.4598  uplink_kB=363.3  t=6.00s
  round  40/50: acc=0.7536  f1m=0.4614  uplink_kB=363.3  t=5.99s
  round  41/50: acc=0.7542  f1m=0.4625  uplink_kB=363.3  t=6.14s
  round  42/50: acc=0.7550  f1m=0.4637  uplink_kB=363.3  t=6.00s
  round  43/50: acc=0.7556  f1m=0.4655  uplink_kB=363.3  t=6.13s
  round  44/50: acc=0.7565  f1m=0.4677  uplink_kB=363.3  t=6.23s
  round  45/50: acc=0.7571  f1m=0.4689  uplink_kB=363.3  t=6.07s
  round  46/50: acc=0.7577  f1m=0.4699  uplink_kB=363.3  t=6.14s
  round  47/50: acc=0.7576  f1m=0.4698  uplink_kB=363.3  t=6.23s
  round  48/50: acc=0.7581  f1m=0.4704  uplink_kB=363.3  t=5.92s
  round  49/50: acc=0.7632  f1m=0.4731  uplink_kB=363.3  t=6.03s
  round  50/50: acc=0.7637  f1m=0.4735  uplink_kB=363.3  t=5.93s
[run] DONE -> /Users/agentra/Documents/hao/working/paper-lab/hao-paper-2026/iotj-fedkan-ids/repo/results/lrsweep_cseciic_mc/lrsweep_kan16_lr0p0003__dir0.1__seed43/metrics.json  final_acc=0.7637
