[run] device=cpu  seed=2024  out=/Users/agentra/Documents/hao/working/paper-lab/hao-paper-2026/iotj-fedkan-ids/repo/results/lrsweep_cseciic_mc/lrsweep_mlp32_lr0p03__dir0.1__seed2024
[run] model=mlp  params=1,775
  round   1/50: acc=0.2850  f1m=0.0603  uplink_kB=69.3  t=2.70s
  round   2/50: acc=0.5355  f1m=0.3132  uplink_kB=69.3  t=2.15s
  round   3/50: acc=0.6835  f1m=0.4310  uplink_kB=69.3  t=2.07s
  round   4/50: acc=0.7403  f1m=0.5461  uplink_kB=69.3  t=2.07s
  round   5/50: acc=0.7873  f1m=0.5831  uplink_kB=69.3  t=2.10s
  round   6/50: acc=0.8206  f1m=0.5763  uplink_kB=69.3  t=2.34s
  round   7/50: acc=0.8254  f1m=0.6002  uplink_kB=69.3  t=2.08s
  round   8/50: acc=0.8404  f1m=0.6251  uplink_kB=69.3  t=2.19s
  round   9/50: acc=0.8381  f1m=0.6284  uplink_kB=69.3  t=2.14s
  round  10/50: acc=0.8408  f1m=0.6246  uplink_kB=69.3  t=2.12s
  round  11/50: acc=0.8402  f1m=0.6338  uplink_kB=69.3  t=2.09s
  round  12/50: acc=0.8379  f1m=0.6225  uplink_kB=69.3  t=2.07s
  round  13/50: acc=0.8370  f1m=0.6076  uplink_kB=69.3  t=2.11s
  round  14/50: acc=0.8393  f1m=0.6239  uplink_kB=69.3  t=2.12s
  round  15/50: acc=0.8471  f1m=0.6318  uplink_kB=69.3  t=2.12s
  round  16/50: acc=0.8470  f1m=0.6329  uplink_kB=69.3  t=2.04s
  round  17/50: acc=0.8333  f1m=0.6203  uplink_kB=69.3  t=2.10s
  round  18/50: acc=0.8489  f1m=0.6251  uplink_kB=69.3  t=2.14s
  round  19/50: acc=0.8358  f1m=0.6104  uplink_kB=69.3  t=2.09s
  round  20/50: acc=0.8509  f1m=0.6457  uplink_kB=69.3  t=2.14s
  round  21/50: acc=0.8334  f1m=0.6188  uplink_kB=69.3  t=2.09s
  round  22/50: acc=0.8445  f1m=0.6317  uplink_kB=69.3  t=2.06s
  round  23/50: acc=0.8342  f1m=0.6117  uplink_kB=69.3  t=2.07s
  round  24/50: acc=0.8532  f1m=0.6514  uplink_kB=69.3  t=2.09s
  round  25/50: acc=0.8405  f1m=0.6246  uplink_kB=69.3  t=2.18s
  round  26/50: acc=0.8439  f1m=0.6352  uplink_kB=69.3  t=2.11s
  round  27/50: acc=0.8516  f1m=0.6504  uplink_kB=69.3  t=2.10s
  round  28/50: acc=0.8446  f1m=0.6358  uplink_kB=69.3  t=2.08s
  round  29/50: acc=0.8575  f1m=0.6598  uplink_kB=69.3  t=2.16s
  round  30/50: acc=0.8585  f1m=0.6489  uplink_kB=69.3  t=2.10s
  round  31/50: acc=0.8350  f1m=0.6303  uplink_kB=69.3  t=2.09s
  round  32/50: acc=0.8392  f1m=0.6260  uplink_kB=69.3  t=2.12s
  round  33/50: acc=0.8503  f1m=0.6479  uplink_kB=69.3  t=2.06s
  round  34/50: acc=0.8459  f1m=0.6353  uplink_kB=69.3  t=2.13s
  round  35/50: acc=0.8577  f1m=0.6731  uplink_kB=69.3  t=2.14s
  round  36/50: acc=0.8418  f1m=0.6381  uplink_kB=69.3  t=2.14s
  round  37/50: acc=0.8217  f1m=0.6222  uplink_kB=69.3  t=2.15s
  round  38/50: acc=0.8592  f1m=0.6608  uplink_kB=69.3  t=2.06s
  round  39/50: acc=0.8458  f1m=0.6456  uplink_kB=69.3  t=2.08s
  round  40/50: acc=0.8401  f1m=0.6303  uplink_kB=69.3  t=2.14s
  round  41/50: acc=0.8574  f1m=0.6832  uplink_kB=69.3  t=2.10s
  round  42/50: acc=0.8804  f1m=0.7440  uplink_kB=69.3  t=2.11s
  round  43/50: acc=0.8426  f1m=0.6484  uplink_kB=69.3  t=2.07s
  round  44/50: acc=0.8448  f1m=0.6414  uplink_kB=69.3  t=2.12s
  round  45/50: acc=0.8344  f1m=0.6262  uplink_kB=69.3  t=2.05s
  round  46/50: acc=0.8441  f1m=0.6298  uplink_kB=69.3  t=2.05s
  round  47/50: acc=0.8523  f1m=0.6854  uplink_kB=69.3  t=2.08s
  round  48/50: acc=0.8187  f1m=0.6001  uplink_kB=69.3  t=2.12s
  round  49/50: acc=0.8364  f1m=0.6329  uplink_kB=69.3  t=2.15s
  round  50/50: acc=0.8423  f1m=0.6279  uplink_kB=69.3  t=2.07s
[run] DONE -> /Users/agentra/Documents/hao/working/paper-lab/hao-paper-2026/iotj-fedkan-ids/repo/results/lrsweep_cseciic_mc/lrsweep_mlp32_lr0p03__dir0.1__seed2024/metrics.json  final_acc=0.8423
