[run] device=cpu  seed=43  out=/Users/agentra/Documents/hao/working/paper-lab/hao-paper-2026/iotj-fedkan-ids/repo/results/lrsweep_toniot/lrsweep_kan16_lr0p001__dir0.1__seed43
[run] model=kan  params=6,560
  round   1/50: acc=0.5072  f1m=0.3609  uplink_kB=282.0  t=2.37s
  round   2/50: acc=0.6473  f1m=0.6303  uplink_kB=282.0  t=1.86s
  round   3/50: acc=0.6393  f1m=0.6297  uplink_kB=282.0  t=1.87s
  round   4/50: acc=0.6640  f1m=0.6630  uplink_kB=282.0  t=1.87s
  round   5/50: acc=0.6827  f1m=0.6827  uplink_kB=282.0  t=1.90s
  round   6/50: acc=0.7210  f1m=0.7199  uplink_kB=282.0  t=1.83s
  round   7/50: acc=0.6443  f1m=0.6370  uplink_kB=282.0  t=1.87s
  round   8/50: acc=0.6442  f1m=0.6368  uplink_kB=282.0  t=1.87s
  round   9/50: acc=0.6444  f1m=0.6370  uplink_kB=282.0  t=1.90s
  round  10/50: acc=0.6444  f1m=0.6368  uplink_kB=282.0  t=1.90s
  round  11/50: acc=0.6417  f1m=0.6338  uplink_kB=282.0  t=1.91s
  round  12/50: acc=0.6402  f1m=0.6321  uplink_kB=282.0  t=1.90s
  round  13/50: acc=0.6371  f1m=0.6284  uplink_kB=282.0  t=1.78s
  round  14/50: acc=0.6380  f1m=0.6295  uplink_kB=282.0  t=1.91s
  round  15/50: acc=0.6408  f1m=0.6326  uplink_kB=282.0  t=1.87s
  round  16/50: acc=0.6453  f1m=0.6378  uplink_kB=282.0  t=1.88s
  round  17/50: acc=0.7436  f1m=0.7295  uplink_kB=282.0  t=1.87s
  round  18/50: acc=0.7460  f1m=0.7323  uplink_kB=282.0  t=1.90s
  round  19/50: acc=0.7506  f1m=0.7378  uplink_kB=282.0  t=1.88s
  round  20/50: acc=0.7510  f1m=0.7385  uplink_kB=282.0  t=1.85s
  round  21/50: acc=0.7534  f1m=0.7414  uplink_kB=282.0  t=1.91s
  round  22/50: acc=0.7557  f1m=0.7442  uplink_kB=282.0  t=1.85s
  round  23/50: acc=0.7573  f1m=0.7462  uplink_kB=282.0  t=1.88s
  round  24/50: acc=0.7608  f1m=0.7503  uplink_kB=282.0  t=1.87s
  round  25/50: acc=0.7624  f1m=0.7522  uplink_kB=282.0  t=1.88s
  round  26/50: acc=0.7641  f1m=0.7541  uplink_kB=282.0  t=1.90s
  round  27/50: acc=0.7728  f1m=0.7628  uplink_kB=282.0  t=1.85s
  round  28/50: acc=0.7746  f1m=0.7649  uplink_kB=282.0  t=1.81s
  round  29/50: acc=0.5588  f1m=0.4651  uplink_kB=282.0  t=1.88s
  round  30/50: acc=0.5592  f1m=0.4660  uplink_kB=282.0  t=1.89s
  round  31/50: acc=0.7788  f1m=0.7699  uplink_kB=282.0  t=1.88s
  round  32/50: acc=0.5625  f1m=0.4724  uplink_kB=282.0  t=1.85s
  round  33/50: acc=0.5628  f1m=0.4733  uplink_kB=282.0  t=1.86s
  round  34/50: acc=0.5626  f1m=0.4728  uplink_kB=282.0  t=1.88s
  round  35/50: acc=0.5628  f1m=0.4738  uplink_kB=282.0  t=1.83s
  round  36/50: acc=0.7806  f1m=0.7721  uplink_kB=282.0  t=1.86s
  round  37/50: acc=0.5659  f1m=0.4797  uplink_kB=282.0  t=1.87s
  round  38/50: acc=0.5661  f1m=0.4802  uplink_kB=282.0  t=1.89s
  round  39/50: acc=0.5665  f1m=0.4808  uplink_kB=282.0  t=1.88s
  round  40/50: acc=0.5674  f1m=0.4824  uplink_kB=282.0  t=1.92s
  round  41/50: acc=0.7854  f1m=0.7776  uplink_kB=282.0  t=1.89s
  round  42/50: acc=0.7855  f1m=0.7778  uplink_kB=282.0  t=1.89s
  round  43/50: acc=0.7856  f1m=0.7778  uplink_kB=282.0  t=1.83s
  round  44/50: acc=0.7863  f1m=0.7787  uplink_kB=282.0  t=1.89s
  round  45/50: acc=0.5703  f1m=0.4877  uplink_kB=282.0  t=1.87s
  round  46/50: acc=0.7879  f1m=0.7805  uplink_kB=282.0  t=1.88s
  round  47/50: acc=0.5715  f1m=0.4897  uplink_kB=282.0  t=1.89s
  round  48/50: acc=0.7893  f1m=0.7820  uplink_kB=282.0  t=1.85s
  round  49/50: acc=0.7893  f1m=0.7821  uplink_kB=282.0  t=1.83s
  round  50/50: acc=0.5729  f1m=0.4922  uplink_kB=282.0  t=1.87s
[run] DONE -> /Users/agentra/Documents/hao/working/paper-lab/hao-paper-2026/iotj-fedkan-ids/repo/results/lrsweep_toniot/lrsweep_kan16_lr0p001__dir0.1__seed43/metrics.json  final_acc=0.5729
