[run] device=cpu  seed=17  out=/Users/agentra/Documents/hao/working/paper-lab/hao-paper-2026/iotj-fedkan-ids/repo/results/lrsweep_toniot/lrsweep_mlp80_lr0p0003__dir0.1__seed17
[run] model=mlp  params=3,362
  round   1/50: acc=0.5000  f1m=0.3333  uplink_kB=131.3  t=1.16s
  round   2/50: acc=0.5000  f1m=0.3333  uplink_kB=131.3  t=0.67s
  round   3/50: acc=0.5000  f1m=0.3333  uplink_kB=131.3  t=0.68s
  round   4/50: acc=0.5000  f1m=0.3333  uplink_kB=131.3  t=0.67s
  round   5/50: acc=0.5000  f1m=0.3333  uplink_kB=131.3  t=0.64s
  round   6/50: acc=0.5000  f1m=0.3333  uplink_kB=131.3  t=0.62s
  round   7/50: acc=0.5000  f1m=0.3333  uplink_kB=131.3  t=0.67s
  round   8/50: acc=0.5000  f1m=0.3333  uplink_kB=131.3  t=0.67s
  round   9/50: acc=0.5000  f1m=0.3333  uplink_kB=131.3  t=0.66s
  round  10/50: acc=0.5000  f1m=0.3333  uplink_kB=131.3  t=0.65s
  round  11/50: acc=0.5000  f1m=0.3333  uplink_kB=131.3  t=0.68s
  round  12/50: acc=0.5000  f1m=0.3333  uplink_kB=131.3  t=0.62s
  round  13/50: acc=0.5000  f1m=0.3333  uplink_kB=131.3  t=0.69s
  round  14/50: acc=0.5000  f1m=0.3333  uplink_kB=131.3  t=0.63s
  round  15/50: acc=0.5000  f1m=0.3333  uplink_kB=131.3  t=0.66s
  round  16/50: acc=0.5000  f1m=0.3333  uplink_kB=131.3  t=0.68s
  round  17/50: acc=0.5000  f1m=0.3333  uplink_kB=131.3  t=0.68s
  round  18/50: acc=0.5000  f1m=0.3333  uplink_kB=131.3  t=0.69s
  round  19/50: acc=0.5000  f1m=0.3333  uplink_kB=131.3  t=0.65s
  round  20/50: acc=0.5000  f1m=0.3333  uplink_kB=131.3  t=0.66s
  round  21/50: acc=0.5000  f1m=0.3333  uplink_kB=131.3  t=0.68s
  round  22/50: acc=0.5000  f1m=0.3333  uplink_kB=131.3  t=0.67s
  round  23/50: acc=0.5000  f1m=0.3333  uplink_kB=131.3  t=0.68s
  round  24/50: acc=0.5000  f1m=0.3333  uplink_kB=131.3  t=0.70s
  round  25/50: acc=0.5000  f1m=0.3333  uplink_kB=131.3  t=0.67s
  round  26/50: acc=0.5000  f1m=0.3334  uplink_kB=131.3  t=0.59s
  round  27/50: acc=0.5005  f1m=0.3345  uplink_kB=131.3  t=0.64s
  round  28/50: acc=0.5032  f1m=0.3407  uplink_kB=131.3  t=0.65s
  round  29/50: acc=0.5037  f1m=0.3447  uplink_kB=131.3  t=0.67s
  round  30/50: acc=0.5013  f1m=0.3455  uplink_kB=131.3  t=0.72s
  round  31/50: acc=0.4997  f1m=0.3470  uplink_kB=131.3  t=0.67s
  round  32/50: acc=0.4992  f1m=0.3481  uplink_kB=131.3  t=0.66s
  round  33/50: acc=0.4991  f1m=0.3492  uplink_kB=131.3  t=0.60s
  round  34/50: acc=0.4992  f1m=0.3496  uplink_kB=131.3  t=0.64s
  round  35/50: acc=0.4992  f1m=0.3499  uplink_kB=131.3  t=0.64s
  round  36/50: acc=0.4987  f1m=0.3500  uplink_kB=131.3  t=0.67s
  round  37/50: acc=0.4982  f1m=0.3540  uplink_kB=131.3  t=0.67s
  round  38/50: acc=0.4953  f1m=0.3711  uplink_kB=131.3  t=0.65s
  round  39/50: acc=0.4898  f1m=0.3717  uplink_kB=131.3  t=0.67s
  round  40/50: acc=0.4839  f1m=0.3698  uplink_kB=131.3  t=0.61s
  round  41/50: acc=0.4819  f1m=0.3759  uplink_kB=131.3  t=0.65s
  round  42/50: acc=0.4806  f1m=0.3801  uplink_kB=131.3  t=0.69s
  round  43/50: acc=0.4781  f1m=0.3806  uplink_kB=131.3  t=0.65s
  round  44/50: acc=0.4716  f1m=0.3777  uplink_kB=131.3  t=0.67s
  round  45/50: acc=0.4641  f1m=0.3750  uplink_kB=131.3  t=0.67s
  round  46/50: acc=0.4586  f1m=0.3722  uplink_kB=131.3  t=0.68s
  round  47/50: acc=0.4582  f1m=0.3753  uplink_kB=131.3  t=0.63s
  round  48/50: acc=0.4561  f1m=0.3754  uplink_kB=131.3  t=0.65s
  round  49/50: acc=0.4536  f1m=0.3771  uplink_kB=131.3  t=0.65s
  round  50/50: acc=0.4524  f1m=0.3792  uplink_kB=131.3  t=0.66s
[run] DONE -> /Users/agentra/Documents/hao/working/paper-lab/hao-paper-2026/iotj-fedkan-ids/repo/results/lrsweep_toniot/lrsweep_mlp80_lr0p0003__dir0.1__seed17/metrics.json  final_acc=0.4524
