[run] device=cpu  seed=42  out=/Users/agentra/Documents/hao/working/paper-lab/hao-paper-2026/iotj-fedkan-ids/repo/results/lrsweep_cseciic/lrsweep_mlp80_lr0p001__dir0.1__seed42
[run] model=mlp  params=3,362
  round   1/50: acc=0.5000  f1m=0.3333  uplink_kB=131.3  t=1.42s
  round   2/50: acc=0.5000  f1m=0.3333  uplink_kB=131.3  t=0.74s
  round   3/50: acc=0.5000  f1m=0.3333  uplink_kB=131.3  t=0.74s
  round   4/50: acc=0.5000  f1m=0.3333  uplink_kB=131.3  t=0.70s
  round   5/50: acc=0.5000  f1m=0.3333  uplink_kB=131.3  t=0.69s
  round   6/50: acc=0.5000  f1m=0.3333  uplink_kB=131.3  t=0.65s
  round   7/50: acc=0.5000  f1m=0.3333  uplink_kB=131.3  t=0.73s
  round   8/50: acc=0.5000  f1m=0.3333  uplink_kB=131.3  t=0.68s
  round   9/50: acc=0.5000  f1m=0.3333  uplink_kB=131.3  t=0.68s
  round  10/50: acc=0.5000  f1m=0.3333  uplink_kB=131.3  t=0.68s
  round  11/50: acc=0.5000  f1m=0.3333  uplink_kB=131.3  t=0.69s
  round  12/50: acc=0.5000  f1m=0.3333  uplink_kB=131.3  t=0.70s
  round  13/50: acc=0.5000  f1m=0.3333  uplink_kB=131.3  t=0.66s
  round  14/50: acc=0.5000  f1m=0.3333  uplink_kB=131.3  t=0.66s
  round  15/50: acc=0.5000  f1m=0.3333  uplink_kB=131.3  t=0.71s
  round  16/50: acc=0.5000  f1m=0.3333  uplink_kB=131.3  t=0.70s
  round  17/50: acc=0.5000  f1m=0.3333  uplink_kB=131.3  t=0.70s
  round  18/50: acc=0.5000  f1m=0.3334  uplink_kB=131.3  t=0.86s
  round  19/50: acc=0.5009  f1m=0.3353  uplink_kB=131.3  t=0.69s
  round  20/50: acc=0.5009  f1m=0.3354  uplink_kB=131.3  t=0.63s
  round  21/50: acc=0.5010  f1m=0.3355  uplink_kB=131.3  t=0.72s
  round  22/50: acc=0.5010  f1m=0.3356  uplink_kB=131.3  t=0.69s
  round  23/50: acc=0.5011  f1m=0.3358  uplink_kB=131.3  t=0.69s
  round  24/50: acc=0.5012  f1m=0.3361  uplink_kB=131.3  t=0.71s
  round  25/50: acc=0.5084  f1m=0.3519  uplink_kB=131.3  t=0.64s
  round  26/50: acc=0.5220  f1m=0.3804  uplink_kB=131.3  t=0.66s
  round  27/50: acc=0.5308  f1m=0.3984  uplink_kB=131.3  t=0.67s
  round  28/50: acc=0.5542  f1m=0.4437  uplink_kB=131.3  t=0.67s
  round  29/50: acc=0.5687  f1m=0.4703  uplink_kB=131.3  t=0.71s
  round  30/50: acc=0.5711  f1m=0.4745  uplink_kB=131.3  t=0.69s
  round  31/50: acc=0.5814  f1m=0.4925  uplink_kB=131.3  t=0.74s
  round  32/50: acc=0.5759  f1m=0.4829  uplink_kB=131.3  t=0.64s
  round  33/50: acc=0.5827  f1m=0.4949  uplink_kB=131.3  t=0.71s
  round  34/50: acc=0.5884  f1m=0.5046  uplink_kB=131.3  t=0.76s
  round  35/50: acc=0.6002  f1m=0.5242  uplink_kB=131.3  t=0.76s
  round  36/50: acc=0.6020  f1m=0.5272  uplink_kB=131.3  t=0.72s
  round  37/50: acc=0.6168  f1m=0.5510  uplink_kB=131.3  t=0.70s
  round  38/50: acc=0.6413  f1m=0.5886  uplink_kB=131.3  t=0.69s
  round  39/50: acc=0.6392  f1m=0.5855  uplink_kB=131.3  t=0.66s
  round  40/50: acc=0.6415  f1m=0.5889  uplink_kB=131.3  t=0.69s
  round  41/50: acc=0.6536  f1m=0.6066  uplink_kB=131.3  t=0.71s
  round  42/50: acc=0.6642  f1m=0.6217  uplink_kB=131.3  t=0.69s
  round  43/50: acc=0.6595  f1m=0.6151  uplink_kB=131.3  t=0.65s
  round  44/50: acc=0.6707  f1m=0.6308  uplink_kB=131.3  t=0.72s
  round  45/50: acc=0.6887  f1m=0.6554  uplink_kB=131.3  t=0.63s
  round  46/50: acc=0.7061  f1m=0.6785  uplink_kB=131.3  t=0.69s
  round  47/50: acc=0.7000  f1m=0.6705  uplink_kB=131.3  t=0.68s
  round  48/50: acc=0.7059  f1m=0.6782  uplink_kB=131.3  t=0.69s
  round  49/50: acc=0.7202  f1m=0.6966  uplink_kB=131.3  t=0.70s
  round  50/50: acc=0.7223  f1m=0.6992  uplink_kB=131.3  t=0.74s
[run] DONE -> /Users/agentra/Documents/hao/working/paper-lab/hao-paper-2026/iotj-fedkan-ids/repo/results/lrsweep_cseciic/lrsweep_mlp80_lr0p001__dir0.1__seed42/metrics.json  final_acc=0.7223
