[run] device=cpu  seed=23  out=/Users/agentra/Documents/hao/working/paper-lab/hao-paper-2026/iotj-fedkan-ids/repo/results/lrsweep_cseciic_mc/lrsweep_kan8_lr0p001__dir0.1__seed23
[run] model=kan  params=4,320
  round   1/50: acc=0.1711  f1m=0.0352  uplink_kB=190.8  t=6.06s
  round   2/50: acc=0.1714  f1m=0.0354  uplink_kB=190.8  t=5.39s
  round   3/50: acc=0.2293  f1m=0.0681  uplink_kB=190.8  t=5.50s
  round   4/50: acc=0.4432  f1m=0.1638  uplink_kB=190.8  t=5.45s
  round   5/50: acc=0.4438  f1m=0.1608  uplink_kB=190.8  t=5.40s
  round   6/50: acc=0.4603  f1m=0.1856  uplink_kB=190.8  t=5.38s
  round   7/50: acc=0.4738  f1m=0.2032  uplink_kB=190.8  t=6.14s
  round   8/50: acc=0.5006  f1m=0.2531  uplink_kB=190.8  t=5.41s
  round   9/50: acc=0.5014  f1m=0.2509  uplink_kB=190.8  t=5.39s
  round  10/50: acc=0.5022  f1m=0.2515  uplink_kB=190.8  t=5.42s
  round  11/50: acc=0.5039  f1m=0.2531  uplink_kB=190.8  t=5.51s
  round  12/50: acc=0.5060  f1m=0.2551  uplink_kB=190.8  t=5.52s
  round  13/50: acc=0.5079  f1m=0.2568  uplink_kB=190.8  t=5.44s
  round  14/50: acc=0.5131  f1m=0.2616  uplink_kB=190.8  t=5.37s
  round  15/50: acc=0.5287  f1m=0.3135  uplink_kB=190.8  t=5.45s
  round  16/50: acc=0.5388  f1m=0.3501  uplink_kB=190.8  t=6.10s
  round  17/50: acc=0.5387  f1m=0.3503  uplink_kB=190.8  t=5.44s
  round  18/50: acc=0.5411  f1m=0.3521  uplink_kB=190.8  t=5.33s
  round  19/50: acc=0.5419  f1m=0.3521  uplink_kB=190.8  t=5.46s
  round  20/50: acc=0.5450  f1m=0.3548  uplink_kB=190.8  t=5.42s
  round  21/50: acc=0.5441  f1m=0.3534  uplink_kB=190.8  t=5.67s
  round  22/50: acc=0.5417  f1m=0.3479  uplink_kB=190.8  t=5.79s
  round  23/50: acc=0.5404  f1m=0.3302  uplink_kB=190.8  t=5.42s
  round  24/50: acc=0.5426  f1m=0.3291  uplink_kB=190.8  t=5.79s
  round  25/50: acc=0.6404  f1m=0.3844  uplink_kB=190.8  t=5.90s
  round  26/50: acc=0.6585  f1m=0.4158  uplink_kB=190.8  t=5.30s
  round  27/50: acc=0.6583  f1m=0.4049  uplink_kB=190.8  t=5.34s
  round  28/50: acc=0.6529  f1m=0.3749  uplink_kB=190.8  t=5.39s
  round  29/50: acc=0.6902  f1m=0.4251  uplink_kB=190.8  t=6.06s
  round  30/50: acc=0.7077  f1m=0.4329  uplink_kB=190.8  t=6.03s
  round  31/50: acc=0.6991  f1m=0.4263  uplink_kB=190.8  t=5.40s
  round  32/50: acc=0.6981  f1m=0.4253  uplink_kB=190.8  t=5.36s
  round  33/50: acc=0.7026  f1m=0.4285  uplink_kB=190.8  t=5.50s
  round  34/50: acc=0.7029  f1m=0.4284  uplink_kB=190.8  t=5.41s
  round  35/50: acc=0.7085  f1m=0.4431  uplink_kB=190.8  t=5.43s
  round  36/50: acc=0.7164  f1m=0.4520  uplink_kB=190.8  t=5.48s
  round  37/50: acc=0.7492  f1m=0.4693  uplink_kB=190.8  t=5.32s
  round  38/50: acc=0.7537  f1m=0.4721  uplink_kB=190.8  t=5.37s
  round  39/50: acc=0.7531  f1m=0.4717  uplink_kB=190.8  t=5.42s
  round  40/50: acc=0.7827  f1m=0.4897  uplink_kB=190.8  t=5.45s
  round  41/50: acc=0.7925  f1m=0.4953  uplink_kB=190.8  t=5.36s
  round  42/50: acc=0.7974  f1m=0.4981  uplink_kB=190.8  t=5.39s
  round  43/50: acc=0.8047  f1m=0.5025  uplink_kB=190.8  t=5.31s
  round  44/50: acc=0.8112  f1m=0.5063  uplink_kB=190.8  t=5.49s
  round  45/50: acc=0.8087  f1m=0.5047  uplink_kB=190.8  t=5.45s
  round  46/50: acc=0.8155  f1m=0.5090  uplink_kB=190.8  t=5.33s
  round  47/50: acc=0.8203  f1m=0.5609  uplink_kB=190.8  t=5.46s
  round  48/50: acc=0.8266  f1m=0.5931  uplink_kB=190.8  t=5.36s
  round  49/50: acc=0.8275  f1m=0.5662  uplink_kB=190.8  t=5.29s
  round  50/50: acc=0.8286  f1m=0.5670  uplink_kB=190.8  t=5.33s
[run] DONE -> /Users/agentra/Documents/hao/working/paper-lab/hao-paper-2026/iotj-fedkan-ids/repo/results/lrsweep_cseciic_mc/lrsweep_kan8_lr0p001__dir0.1__seed23/metrics.json  final_acc=0.8286
