[run] device=cpu  seed=17  out=/Users/agentra/Documents/hao/working/paper-lab/hao-paper-2026/iotj-fedkan-ids/repo/results/lrsweep_cseciic_mc50k/lrsweep_mlp32_lr0p001__dir0.1__seed17
[run] model=mlp  params=1,775
  round   1/50: acc=0.1217  f1m=0.0186  uplink_kB=69.3  t=1.54s
  round   2/50: acc=0.2382  f1m=0.0516  uplink_kB=69.3  t=1.03s
  round   3/50: acc=0.2388  f1m=0.0516  uplink_kB=69.3  t=1.07s
  round   4/50: acc=0.2388  f1m=0.0522  uplink_kB=69.3  t=1.00s
  round   5/50: acc=0.3523  f1m=0.1453  uplink_kB=69.3  t=1.07s
  round   6/50: acc=0.4473  f1m=0.1937  uplink_kB=69.3  t=1.01s
  round   7/50: acc=0.4720  f1m=0.2075  uplink_kB=69.3  t=1.04s
  round   8/50: acc=0.4822  f1m=0.2118  uplink_kB=69.3  t=1.01s
  round   9/50: acc=0.4864  f1m=0.2135  uplink_kB=69.3  t=1.01s
  round  10/50: acc=0.4886  f1m=0.2147  uplink_kB=69.3  t=1.04s
  round  11/50: acc=0.4898  f1m=0.2156  uplink_kB=69.3  t=1.08s
  round  12/50: acc=0.4906  f1m=0.2161  uplink_kB=69.3  t=1.04s
  round  13/50: acc=0.4913  f1m=0.2166  uplink_kB=69.3  t=1.05s
  round  14/50: acc=0.4915  f1m=0.2168  uplink_kB=69.3  t=1.01s
  round  15/50: acc=0.4920  f1m=0.2173  uplink_kB=69.3  t=1.02s
  round  16/50: acc=0.4924  f1m=0.2181  uplink_kB=69.3  t=1.05s
  round  17/50: acc=0.4990  f1m=0.2454  uplink_kB=69.3  t=1.06s
  round  18/50: acc=0.5014  f1m=0.2486  uplink_kB=69.3  t=1.00s
  round  19/50: acc=0.5070  f1m=0.2521  uplink_kB=69.3  t=1.05s
  round  20/50: acc=0.5074  f1m=0.2518  uplink_kB=69.3  t=0.97s
  round  21/50: acc=0.5155  f1m=0.2725  uplink_kB=69.3  t=1.05s
  round  22/50: acc=0.5192  f1m=0.2763  uplink_kB=69.3  t=0.97s
  round  23/50: acc=0.5203  f1m=0.2768  uplink_kB=69.3  t=1.07s
  round  24/50: acc=0.5221  f1m=0.2783  uplink_kB=69.3  t=1.03s
  round  25/50: acc=0.5234  f1m=0.2796  uplink_kB=69.3  t=1.07s
  round  26/50: acc=0.5305  f1m=0.2858  uplink_kB=69.3  t=1.01s
  round  27/50: acc=0.5355  f1m=0.2898  uplink_kB=69.3  t=1.06s
  round  28/50: acc=0.5367  f1m=0.2905  uplink_kB=69.3  t=1.00s
  round  29/50: acc=0.5376  f1m=0.2950  uplink_kB=69.3  t=1.07s
  round  30/50: acc=0.5390  f1m=0.2959  uplink_kB=69.3  t=0.99s
  round  31/50: acc=0.5393  f1m=0.2958  uplink_kB=69.3  t=1.04s
  round  32/50: acc=0.5399  f1m=0.2960  uplink_kB=69.3  t=1.03s
  round  33/50: acc=0.5401  f1m=0.2960  uplink_kB=69.3  t=1.03s
  round  34/50: acc=0.5409  f1m=0.2965  uplink_kB=69.3  t=0.98s
  round  35/50: acc=0.5441  f1m=0.2989  uplink_kB=69.3  t=1.05s
  round  36/50: acc=0.5468  f1m=0.3038  uplink_kB=69.3  t=1.00s
  round  37/50: acc=0.5470  f1m=0.3034  uplink_kB=69.3  t=1.01s
  round  38/50: acc=0.5484  f1m=0.3067  uplink_kB=69.3  t=1.01s
  round  39/50: acc=0.5488  f1m=0.3073  uplink_kB=69.3  t=1.04s
  round  40/50: acc=0.5545  f1m=0.3173  uplink_kB=69.3  t=0.99s
  round  41/50: acc=0.5549  f1m=0.3175  uplink_kB=69.3  t=1.05s
  round  42/50: acc=0.5550  f1m=0.3175  uplink_kB=69.3  t=1.00s
  round  43/50: acc=0.5553  f1m=0.3173  uplink_kB=69.3  t=1.07s
  round  44/50: acc=0.5557  f1m=0.3179  uplink_kB=69.3  t=0.99s
  round  45/50: acc=0.5558  f1m=0.3175  uplink_kB=69.3  t=1.05s
  round  46/50: acc=0.5562  f1m=0.3174  uplink_kB=69.3  t=0.99s
  round  47/50: acc=0.5608  f1m=0.3244  uplink_kB=69.3  t=1.06s
  round  48/50: acc=0.5611  f1m=0.3246  uplink_kB=69.3  t=1.02s
  round  49/50: acc=0.5857  f1m=0.3373  uplink_kB=69.3  t=0.98s
  round  50/50: acc=0.5867  f1m=0.3381  uplink_kB=69.3  t=1.09s
[run] DONE -> /Users/agentra/Documents/hao/working/paper-lab/hao-paper-2026/iotj-fedkan-ids/repo/results/lrsweep_cseciic_mc50k/lrsweep_mlp32_lr0p001__dir0.1__seed17/metrics.json  final_acc=0.5867
