[run] device=cpu  seed=2024  out=/Users/agentra/Documents/hao/working/paper-lab/hao-paper-2026/iotj-fedkan-ids/repo/results/lrsweep_cseciic_mc50k/lrsweep_kan8_lr0p003__dir0.1__seed2024
[run] model=kan  params=4,320
  round   1/50: acc=0.1203  f1m=0.0497  uplink_kB=190.8  t=3.13s
  round   2/50: acc=0.2164  f1m=0.0713  uplink_kB=190.8  t=2.52s
  round   3/50: acc=0.2095  f1m=0.0709  uplink_kB=190.8  t=2.58s
  round   4/50: acc=0.3268  f1m=0.1347  uplink_kB=190.8  t=2.52s
  round   5/50: acc=0.3884  f1m=0.1618  uplink_kB=190.8  t=2.80s
  round   6/50: acc=0.4668  f1m=0.2200  uplink_kB=190.8  t=2.55s
  round   7/50: acc=0.4694  f1m=0.2199  uplink_kB=190.8  t=2.70s
  round   8/50: acc=0.5294  f1m=0.2825  uplink_kB=190.8  t=2.61s
  round   9/50: acc=0.5389  f1m=0.2879  uplink_kB=190.8  t=2.59s
  round  10/50: acc=0.5540  f1m=0.3007  uplink_kB=190.8  t=2.59s
  round  11/50: acc=0.5548  f1m=0.3010  uplink_kB=190.8  t=2.57s
  round  12/50: acc=0.5644  f1m=0.3076  uplink_kB=190.8  t=2.59s
  round  13/50: acc=0.5710  f1m=0.3143  uplink_kB=190.8  t=2.60s
  round  14/50: acc=0.5849  f1m=0.3276  uplink_kB=190.8  t=2.63s
  round  15/50: acc=0.6528  f1m=0.3723  uplink_kB=190.8  t=2.62s
  round  16/50: acc=0.6541  f1m=0.3741  uplink_kB=190.8  t=2.59s
  round  17/50: acc=0.6551  f1m=0.3756  uplink_kB=190.8  t=2.61s
  round  18/50: acc=0.6550  f1m=0.3756  uplink_kB=190.8  t=2.61s
  round  19/50: acc=0.6552  f1m=0.3758  uplink_kB=190.8  t=2.61s
  round  20/50: acc=0.6553  f1m=0.3758  uplink_kB=190.8  t=2.62s
  round  21/50: acc=0.6553  f1m=0.3757  uplink_kB=190.8  t=2.63s
  round  22/50: acc=0.6567  f1m=0.3766  uplink_kB=190.8  t=2.57s
  round  23/50: acc=0.6580  f1m=0.3772  uplink_kB=190.8  t=2.56s
  round  24/50: acc=0.6590  f1m=0.3780  uplink_kB=190.8  t=2.61s
  round  25/50: acc=0.6821  f1m=0.4015  uplink_kB=190.8  t=2.61s
  round  26/50: acc=0.6888  f1m=0.4069  uplink_kB=190.8  t=2.56s
  round  27/50: acc=0.7301  f1m=0.4378  uplink_kB=190.8  t=2.58s
  round  28/50: acc=0.7476  f1m=0.4497  uplink_kB=190.8  t=2.62s
  round  29/50: acc=0.7572  f1m=0.4563  uplink_kB=190.8  t=2.58s
  round  30/50: acc=0.7605  f1m=0.4588  uplink_kB=190.8  t=2.61s
  round  31/50: acc=0.7622  f1m=0.4602  uplink_kB=190.8  t=2.58s
  round  32/50: acc=0.7663  f1m=0.4625  uplink_kB=190.8  t=2.60s
  round  33/50: acc=0.7672  f1m=0.4646  uplink_kB=190.8  t=2.54s
  round  34/50: acc=0.7679  f1m=0.4653  uplink_kB=190.8  t=2.60s
  round  35/50: acc=0.7682  f1m=0.4656  uplink_kB=190.8  t=2.64s
  round  36/50: acc=0.7686  f1m=0.4664  uplink_kB=190.8  t=2.55s
  round  37/50: acc=0.7685  f1m=0.4666  uplink_kB=190.8  t=2.65s
  round  38/50: acc=0.7687  f1m=0.4667  uplink_kB=190.8  t=2.51s
  round  39/50: acc=0.7728  f1m=0.4696  uplink_kB=190.8  t=2.65s
  round  40/50: acc=0.7717  f1m=0.4890  uplink_kB=190.8  t=2.53s
  round  41/50: acc=0.7727  f1m=0.4800  uplink_kB=190.8  t=2.61s
  round  42/50: acc=0.7761  f1m=0.5352  uplink_kB=190.8  t=2.60s
  round  43/50: acc=0.7790  f1m=0.5377  uplink_kB=190.8  t=2.60s
  round  44/50: acc=0.7781  f1m=0.5373  uplink_kB=190.8  t=2.51s
  round  45/50: acc=0.7808  f1m=0.5390  uplink_kB=190.8  t=2.66s
  round  46/50: acc=0.7815  f1m=0.5393  uplink_kB=190.8  t=2.54s
  round  47/50: acc=0.7815  f1m=0.5403  uplink_kB=190.8  t=2.56s
  round  48/50: acc=0.7847  f1m=0.5425  uplink_kB=190.8  t=2.52s
  round  49/50: acc=0.7818  f1m=0.5419  uplink_kB=190.8  t=2.60s
  round  50/50: acc=0.7916  f1m=0.5474  uplink_kB=190.8  t=2.57s
[run] DONE -> /Users/agentra/Documents/hao/working/paper-lab/hao-paper-2026/iotj-fedkan-ids/repo/results/lrsweep_cseciic_mc50k/lrsweep_kan8_lr0p003__dir0.1__seed2024/metrics.json  final_acc=0.7916
