[run] device=cpu  seed=2026  out=/Users/agentra/Documents/hao/working/paper-lab/hao-paper-2026/iotj-fedkan-ids/repo/results/lrsweep_cseciic/lrsweep_mlp80_lr0p0003__dir0.1__seed2026
[run] model=mlp  params=3,362
  round   1/50: acc=0.8611  f1m=0.8606  uplink_kB=131.3  t=1.27s
  round   2/50: acc=0.8691  f1m=0.8684  uplink_kB=131.3  t=0.64s
  round   3/50: acc=0.9035  f1m=0.9031  uplink_kB=131.3  t=0.63s
  round   4/50: acc=0.9059  f1m=0.9055  uplink_kB=131.3  t=0.65s
  round   5/50: acc=0.9161  f1m=0.9159  uplink_kB=131.3  t=0.66s
  round   6/50: acc=0.9165  f1m=0.9162  uplink_kB=131.3  t=0.60s
  round   7/50: acc=0.9172  f1m=0.9169  uplink_kB=131.3  t=0.65s
  round   8/50: acc=0.9177  f1m=0.9175  uplink_kB=131.3  t=0.65s
  round   9/50: acc=0.9178  f1m=0.9176  uplink_kB=131.3  t=0.68s
  round  10/50: acc=0.9180  f1m=0.9178  uplink_kB=131.3  t=0.67s
  round  11/50: acc=0.9175  f1m=0.9173  uplink_kB=131.3  t=0.71s
  round  12/50: acc=0.9175  f1m=0.9173  uplink_kB=131.3  t=0.61s
  round  13/50: acc=0.9186  f1m=0.9184  uplink_kB=131.3  t=0.65s
  round  14/50: acc=0.9204  f1m=0.9202  uplink_kB=131.3  t=0.67s
  round  15/50: acc=0.9203  f1m=0.9201  uplink_kB=131.3  t=0.72s
  round  16/50: acc=0.9202  f1m=0.9200  uplink_kB=131.3  t=0.70s
  round  17/50: acc=0.9203  f1m=0.9202  uplink_kB=131.3  t=0.67s
  round  18/50: acc=0.9205  f1m=0.9203  uplink_kB=131.3  t=0.66s
  round  19/50: acc=0.9207  f1m=0.9205  uplink_kB=131.3  t=0.69s
  round  20/50: acc=0.9209  f1m=0.9208  uplink_kB=131.3  t=0.68s
  round  21/50: acc=0.9213  f1m=0.9211  uplink_kB=131.3  t=0.66s
  round  22/50: acc=0.9224  f1m=0.9222  uplink_kB=131.3  t=0.70s
  round  23/50: acc=0.9229  f1m=0.9227  uplink_kB=131.3  t=0.70s
  round  24/50: acc=0.9232  f1m=0.9230  uplink_kB=131.3  t=0.61s
  round  25/50: acc=0.9235  f1m=0.9233  uplink_kB=131.3  t=0.70s
  round  26/50: acc=0.9236  f1m=0.9234  uplink_kB=131.3  t=0.68s
  round  27/50: acc=0.9238  f1m=0.9236  uplink_kB=131.3  t=0.72s
  round  28/50: acc=0.9238  f1m=0.9236  uplink_kB=131.3  t=0.73s
  round  29/50: acc=0.9240  f1m=0.9238  uplink_kB=131.3  t=0.70s
  round  30/50: acc=0.9242  f1m=0.9240  uplink_kB=131.3  t=0.62s
  round  31/50: acc=0.9246  f1m=0.9243  uplink_kB=131.3  t=0.68s
  round  32/50: acc=0.9247  f1m=0.9244  uplink_kB=131.3  t=0.80s
  round  33/50: acc=0.9249  f1m=0.9247  uplink_kB=131.3  t=0.68s
  round  34/50: acc=0.9254  f1m=0.9252  uplink_kB=131.3  t=0.69s
  round  35/50: acc=0.9257  f1m=0.9255  uplink_kB=131.3  t=0.76s
  round  36/50: acc=0.9271  f1m=0.9269  uplink_kB=131.3  t=0.65s
  round  37/50: acc=0.9307  f1m=0.9306  uplink_kB=131.3  t=0.66s
  round  38/50: acc=0.9308  f1m=0.9306  uplink_kB=131.3  t=0.71s
  round  39/50: acc=0.9310  f1m=0.9308  uplink_kB=131.3  t=0.68s
  round  40/50: acc=0.9313  f1m=0.9311  uplink_kB=131.3  t=0.65s
  round  41/50: acc=0.9308  f1m=0.9306  uplink_kB=131.3  t=0.66s
  round  42/50: acc=0.9315  f1m=0.9313  uplink_kB=131.3  t=0.63s
  round  43/50: acc=0.9311  f1m=0.9309  uplink_kB=131.3  t=0.72s
  round  44/50: acc=0.9309  f1m=0.9308  uplink_kB=131.3  t=0.71s
  round  45/50: acc=0.9313  f1m=0.9311  uplink_kB=131.3  t=0.70s
  round  46/50: acc=0.9312  f1m=0.9310  uplink_kB=131.3  t=0.73s
  round  47/50: acc=0.9358  f1m=0.9357  uplink_kB=131.3  t=0.68s
  round  48/50: acc=0.9409  f1m=0.9408  uplink_kB=131.3  t=0.69s
  round  49/50: acc=0.9400  f1m=0.9399  uplink_kB=131.3  t=0.62s
  round  50/50: acc=0.9401  f1m=0.9400  uplink_kB=131.3  t=0.71s
[run] DONE -> /Users/agentra/Documents/hao/working/paper-lab/hao-paper-2026/iotj-fedkan-ids/repo/results/lrsweep_cseciic/lrsweep_mlp80_lr0p0003__dir0.1__seed2026/metrics.json  final_acc=0.9401
