[run] device=cpu  seed=17  out=/Users/agentra/Documents/hao/working/paper-lab/hao-paper-2026/iotj-fedkan-ids/repo/results/lrsweep_cseciic_mc/lrsweep_kan16_lr0p03__dir0.1__seed17
[run] model=kan  params=8,640
  round   1/50: acc=0.4192  f1m=0.1629  uplink_kB=363.3  t=7.07s
  round   2/50: acc=0.7079  f1m=0.4230  uplink_kB=363.3  t=6.24s
  round   3/50: acc=0.7779  f1m=0.4609  uplink_kB=363.3  t=6.34s
  round   4/50: acc=0.7679  f1m=0.4823  uplink_kB=363.3  t=6.28s
  round   5/50: acc=0.8116  f1m=0.5565  uplink_kB=363.3  t=6.41s
  round   6/50: acc=0.7960  f1m=0.5010  uplink_kB=363.3  t=6.40s
  round   7/50: acc=0.7993  f1m=0.5865  uplink_kB=363.3  t=6.40s
  round   8/50: acc=0.7507  f1m=0.4967  uplink_kB=363.3  t=6.52s
  round   9/50: acc=0.7995  f1m=0.5578  uplink_kB=363.3  t=6.47s
  round  10/50: acc=0.7902  f1m=0.5543  uplink_kB=363.3  t=6.36s
  round  11/50: acc=0.6796  f1m=0.5142  uplink_kB=363.3  t=6.29s
  round  12/50: acc=0.6732  f1m=0.4963  uplink_kB=363.3  t=6.19s
  round  13/50: acc=0.8367  f1m=0.6201  uplink_kB=363.3  t=6.52s
  round  14/50: acc=0.7961  f1m=0.5955  uplink_kB=363.3  t=6.22s
  round  15/50: acc=0.8151  f1m=0.6034  uplink_kB=363.3  t=6.29s
  round  16/50: acc=0.8384  f1m=0.6428  uplink_kB=363.3  t=6.26s
  round  17/50: acc=0.8345  f1m=0.6256  uplink_kB=363.3  t=6.50s
  round  18/50: acc=0.8257  f1m=0.6192  uplink_kB=363.3  t=6.78s
  round  19/50: acc=0.6446  f1m=0.5569  uplink_kB=363.3  t=6.60s
  round  20/50: acc=0.6816  f1m=0.5548  uplink_kB=363.3  t=6.39s
  round  21/50: acc=0.7669  f1m=0.5676  uplink_kB=363.3  t=6.18s
  round  22/50: acc=0.8358  f1m=0.5570  uplink_kB=363.3  t=6.20s
  round  23/50: acc=0.8402  f1m=0.6089  uplink_kB=363.3  t=6.70s
  round  24/50: acc=0.8140  f1m=0.5686  uplink_kB=363.3  t=6.53s
  round  25/50: acc=0.8416  f1m=0.6360  uplink_kB=363.3  t=6.46s
  round  26/50: acc=0.8587  f1m=0.7018  uplink_kB=363.3  t=6.49s
  round  27/50: acc=0.7634  f1m=0.6223  uplink_kB=363.3  t=6.30s
  round  28/50: acc=0.8238  f1m=0.5512  uplink_kB=363.3  t=6.22s
  round  29/50: acc=0.8098  f1m=0.7037  uplink_kB=363.3  t=7.08s
  round  30/50: acc=0.8327  f1m=0.6243  uplink_kB=363.3  t=6.33s
  round  31/50: acc=0.8202  f1m=0.5873  uplink_kB=363.3  t=6.20s
  round  32/50: acc=0.8368  f1m=0.6842  uplink_kB=363.3  t=6.32s
  round  33/50: acc=0.8598  f1m=0.7315  uplink_kB=363.3  t=6.40s
  round  34/50: acc=0.8520  f1m=0.6385  uplink_kB=363.3  t=6.47s
  round  35/50: acc=0.8236  f1m=0.6279  uplink_kB=363.3  t=6.44s
  round  36/50: acc=0.7445  f1m=0.5782  uplink_kB=363.3  t=6.47s
  round  37/50: acc=0.8327  f1m=0.6642  uplink_kB=363.3  t=6.51s
  round  38/50: acc=0.8068  f1m=0.5220  uplink_kB=363.3  t=6.35s
  round  39/50: acc=0.8312  f1m=0.6241  uplink_kB=363.3  t=6.39s
  round  40/50: acc=0.8218  f1m=0.6493  uplink_kB=363.3  t=6.24s
  round  41/50: acc=0.8200  f1m=0.6301  uplink_kB=363.3  t=6.94s
  round  42/50: acc=0.8378  f1m=0.6025  uplink_kB=363.3  t=6.38s
  round  43/50: acc=0.8234  f1m=0.6164  uplink_kB=363.3  t=6.31s
  round  44/50: acc=0.7777  f1m=0.5682  uplink_kB=363.3  t=6.42s
  round  45/50: acc=0.8126  f1m=0.5798  uplink_kB=363.3  t=6.25s
  round  46/50: acc=0.8396  f1m=0.6667  uplink_kB=363.3  t=6.33s
  round  47/50: acc=0.6684  f1m=0.5193  uplink_kB=363.3  t=6.27s
  round  48/50: acc=0.8693  f1m=0.7386  uplink_kB=363.3  t=6.71s
  round  49/50: acc=0.7300  f1m=0.6622  uplink_kB=363.3  t=6.45s
  round  50/50: acc=0.8296  f1m=0.6919  uplink_kB=363.3  t=6.37s
[run] DONE -> /Users/agentra/Documents/hao/working/paper-lab/hao-paper-2026/iotj-fedkan-ids/repo/results/lrsweep_cseciic_mc/lrsweep_kan16_lr0p03__dir0.1__seed17/metrics.json  final_acc=0.8296
