[run] device=cpu  seed=2026  out=/Users/agentra/Documents/hao/working/paper-lab/hao-paper-2026/iotj-fedkan-ids/repo/results/lrsweep_cseciic/lrsweep_mlp32_lr0p03__dir0.1__seed2026
[run] model=mlp  params=1,346
  round   1/50: acc=0.6466  f1m=0.5962  uplink_kB=52.6  t=1.40s
  round   2/50: acc=0.9281  f1m=0.9278  uplink_kB=52.6  t=0.69s
  round   3/50: acc=0.9335  f1m=0.9333  uplink_kB=52.6  t=0.69s
  round   4/50: acc=0.9387  f1m=0.9385  uplink_kB=52.6  t=0.72s
  round   5/50: acc=0.9418  f1m=0.9417  uplink_kB=52.6  t=0.67s
  round   6/50: acc=0.9623  f1m=0.9623  uplink_kB=52.6  t=0.58s
  round   7/50: acc=0.9679  f1m=0.9679  uplink_kB=52.6  t=0.70s
  round   8/50: acc=0.9717  f1m=0.9716  uplink_kB=52.6  t=0.65s
  round   9/50: acc=0.9692  f1m=0.9692  uplink_kB=52.6  t=0.64s
  round  10/50: acc=0.9705  f1m=0.9705  uplink_kB=52.6  t=0.66s
  round  11/50: acc=0.9696  f1m=0.9696  uplink_kB=52.6  t=0.75s
  round  12/50: acc=0.9650  f1m=0.9650  uplink_kB=52.6  t=0.97s
  round  13/50: acc=0.9689  f1m=0.9689  uplink_kB=52.6  t=0.77s
  round  14/50: acc=0.9660  f1m=0.9660  uplink_kB=52.6  t=0.77s
  round  15/50: acc=0.9713  f1m=0.9713  uplink_kB=52.6  t=0.75s
  round  16/50: acc=0.9684  f1m=0.9683  uplink_kB=52.6  t=0.73s
  round  17/50: acc=0.9684  f1m=0.9683  uplink_kB=52.6  t=0.68s
  round  18/50: acc=0.9698  f1m=0.9697  uplink_kB=52.6  t=0.63s
  round  19/50: acc=0.9688  f1m=0.9687  uplink_kB=52.6  t=0.67s
  round  20/50: acc=0.9688  f1m=0.9688  uplink_kB=52.6  t=0.71s
  round  21/50: acc=0.9727  f1m=0.9727  uplink_kB=52.6  t=0.68s
  round  22/50: acc=0.9702  f1m=0.9702  uplink_kB=52.6  t=0.69s
  round  23/50: acc=0.9688  f1m=0.9688  uplink_kB=52.6  t=0.68s
  round  24/50: acc=0.9740  f1m=0.9740  uplink_kB=52.6  t=0.62s
  round  25/50: acc=0.9700  f1m=0.9700  uplink_kB=52.6  t=0.75s
  round  26/50: acc=0.9702  f1m=0.9701  uplink_kB=52.6  t=0.67s
  round  27/50: acc=0.9689  f1m=0.9689  uplink_kB=52.6  t=0.65s
  round  28/50: acc=0.9704  f1m=0.9704  uplink_kB=52.6  t=0.71s
  round  29/50: acc=0.9701  f1m=0.9701  uplink_kB=52.6  t=0.68s
  round  30/50: acc=0.9697  f1m=0.9696  uplink_kB=52.6  t=0.61s
  round  31/50: acc=0.9745  f1m=0.9745  uplink_kB=52.6  t=0.69s
  round  32/50: acc=0.9742  f1m=0.9742  uplink_kB=52.6  t=0.70s
  round  33/50: acc=0.9743  f1m=0.9743  uplink_kB=52.6  t=0.66s
  round  34/50: acc=0.9740  f1m=0.9740  uplink_kB=52.6  t=0.66s
  round  35/50: acc=0.9745  f1m=0.9744  uplink_kB=52.6  t=0.71s
  round  36/50: acc=0.9705  f1m=0.9705  uplink_kB=52.6  t=0.59s
  round  37/50: acc=0.9704  f1m=0.9704  uplink_kB=52.6  t=0.67s
  round  38/50: acc=0.9703  f1m=0.9703  uplink_kB=52.6  t=0.66s
  round  39/50: acc=0.9701  f1m=0.9701  uplink_kB=52.6  t=0.69s
  round  40/50: acc=0.9749  f1m=0.9749  uplink_kB=52.6  t=0.71s
  round  41/50: acc=0.9749  f1m=0.9749  uplink_kB=52.6  t=0.66s
  round  42/50: acc=0.9751  f1m=0.9751  uplink_kB=52.6  t=0.60s
  round  43/50: acc=0.9746  f1m=0.9746  uplink_kB=52.6  t=0.67s
  round  44/50: acc=0.9741  f1m=0.9741  uplink_kB=52.6  t=0.67s
  round  45/50: acc=0.9745  f1m=0.9744  uplink_kB=52.6  t=0.67s
  round  46/50: acc=0.9707  f1m=0.9707  uplink_kB=52.6  t=0.66s
  round  47/50: acc=0.9746  f1m=0.9746  uplink_kB=52.6  t=0.66s
  round  48/50: acc=0.9748  f1m=0.9748  uplink_kB=52.6  t=0.66s
  round  49/50: acc=0.9709  f1m=0.9709  uplink_kB=52.6  t=0.64s
  round  50/50: acc=0.9747  f1m=0.9747  uplink_kB=52.6  t=0.79s
[run] DONE -> /Users/agentra/Documents/hao/working/paper-lab/hao-paper-2026/iotj-fedkan-ids/repo/results/lrsweep_cseciic/lrsweep_mlp32_lr0p03__dir0.1__seed2026/metrics.json  final_acc=0.9747
