[run] device=cpu  seed=29  out=/Users/agentra/Documents/hao/working/paper-lab/hao-paper-2026/iotj-fedkan-ids/repo/results/lrsweep_toniot/lrsweep_mlp32_lr0p03__dir0.1__seed29
[run] model=mlp  params=1,346
  round   1/50: acc=0.5072  f1m=0.3493  uplink_kB=52.6  t=1.16s
  round   2/50: acc=0.5588  f1m=0.4569  uplink_kB=52.6  t=0.63s
  round   3/50: acc=0.5418  f1m=0.4234  uplink_kB=52.6  t=0.64s
  round   4/50: acc=0.5468  f1m=0.4430  uplink_kB=52.6  t=0.62s
  round   5/50: acc=0.5507  f1m=0.4389  uplink_kB=52.6  t=0.61s
  round   6/50: acc=0.5586  f1m=0.4555  uplink_kB=52.6  t=0.65s
  round   7/50: acc=0.5459  f1m=0.4292  uplink_kB=52.6  t=0.65s
  round   8/50: acc=0.5408  f1m=0.4291  uplink_kB=52.6  t=0.68s
  round   9/50: acc=0.5473  f1m=0.4322  uplink_kB=52.6  t=0.64s
  round  10/50: acc=0.5493  f1m=0.4363  uplink_kB=52.6  t=0.66s
  round  11/50: acc=0.5509  f1m=0.4393  uplink_kB=52.6  t=0.62s
  round  12/50: acc=0.5619  f1m=0.4595  uplink_kB=52.6  t=0.60s
  round  13/50: acc=0.5624  f1m=0.4632  uplink_kB=52.6  t=0.65s
  round  14/50: acc=0.5598  f1m=0.4586  uplink_kB=52.6  t=0.65s
  round  15/50: acc=0.5666  f1m=0.4700  uplink_kB=52.6  t=0.65s
  round  16/50: acc=0.5637  f1m=0.4646  uplink_kB=52.6  t=0.67s
  round  17/50: acc=0.5759  f1m=0.4859  uplink_kB=52.6  t=0.66s
  round  18/50: acc=0.5774  f1m=0.4892  uplink_kB=52.6  t=0.66s
  round  19/50: acc=0.5606  f1m=0.4588  uplink_kB=52.6  t=0.66s
  round  20/50: acc=0.5583  f1m=0.4546  uplink_kB=52.6  t=0.60s
  round  21/50: acc=0.5670  f1m=0.4704  uplink_kB=52.6  t=0.67s
  round  22/50: acc=0.5732  f1m=0.4817  uplink_kB=52.6  t=0.66s
  round  23/50: acc=0.5606  f1m=0.4587  uplink_kB=52.6  t=0.67s
  round  24/50: acc=0.5621  f1m=0.4613  uplink_kB=52.6  t=0.65s
  round  25/50: acc=0.5712  f1m=0.4786  uplink_kB=52.6  t=0.67s
  round  26/50: acc=0.8024  f1m=0.7950  uplink_kB=52.6  t=0.65s
  round  27/50: acc=0.5723  f1m=0.4803  uplink_kB=52.6  t=0.58s
  round  28/50: acc=0.7912  f1m=0.7824  uplink_kB=52.6  t=0.67s
  round  29/50: acc=0.7878  f1m=0.7784  uplink_kB=52.6  t=0.68s
  round  30/50: acc=0.5789  f1m=0.4916  uplink_kB=52.6  t=0.65s
  round  31/50: acc=0.7971  f1m=0.7889  uplink_kB=52.6  t=0.69s
  round  32/50: acc=0.5754  f1m=0.4860  uplink_kB=52.6  t=0.67s
  round  33/50: acc=0.8031  f1m=0.7958  uplink_kB=52.6  t=0.64s
  round  34/50: acc=0.5748  f1m=0.4845  uplink_kB=52.6  t=0.60s
  round  35/50: acc=0.7910  f1m=0.7822  uplink_kB=52.6  t=0.66s
  round  36/50: acc=0.5838  f1m=0.5002  uplink_kB=52.6  t=0.63s
  round  37/50: acc=0.8218  f1m=0.8165  uplink_kB=52.6  t=0.61s
  round  38/50: acc=0.5725  f1m=0.4809  uplink_kB=52.6  t=0.64s
  round  39/50: acc=0.7977  f1m=0.7898  uplink_kB=52.6  t=0.66s
  round  40/50: acc=0.5802  f1m=0.4946  uplink_kB=52.6  t=0.65s
  round  41/50: acc=0.8051  f1m=0.7982  uplink_kB=52.6  t=0.60s
  round  42/50: acc=0.5758  f1m=0.4845  uplink_kB=52.6  t=0.65s
  round  43/50: acc=0.5891  f1m=0.5091  uplink_kB=52.6  t=0.66s
  round  44/50: acc=0.5783  f1m=0.4906  uplink_kB=52.6  t=0.63s
  round  45/50: acc=0.8101  f1m=0.8037  uplink_kB=52.6  t=0.65s
  round  46/50: acc=0.5699  f1m=0.4743  uplink_kB=52.6  t=0.65s
  round  47/50: acc=0.7852  f1m=0.7751  uplink_kB=52.6  t=0.59s
  round  48/50: acc=0.5621  f1m=0.4598  uplink_kB=52.6  t=0.62s
  round  49/50: acc=0.7937  f1m=0.7851  uplink_kB=52.6  t=0.63s
  round  50/50: acc=0.5732  f1m=0.4813  uplink_kB=52.6  t=0.65s
[run] DONE -> /Users/agentra/Documents/hao/working/paper-lab/hao-paper-2026/iotj-fedkan-ids/repo/results/lrsweep_toniot/lrsweep_mlp32_lr0p03__dir0.1__seed29/metrics.json  final_acc=0.5732
