[run] device=cpu  seed=2026  out=/Users/agentra/Documents/hao/working/paper-lab/hao-paper-2026/iotj-fedkan-ids/repo/results/lrsweep_botiot/lrsweep_kan8_lr0p001__dir0.1__seed2026
[run] model=kan  params=3,280
  round   1/50: acc=0.4989  f1m=0.3328  uplink_kB=150.2  t=2.36s
  round   2/50: acc=0.4989  f1m=0.3328  uplink_kB=150.2  t=1.62s
  round   3/50: acc=0.4989  f1m=0.3328  uplink_kB=150.2  t=1.67s
  round   4/50: acc=0.4989  f1m=0.3328  uplink_kB=150.2  t=1.65s
  round   5/50: acc=0.4989  f1m=0.3328  uplink_kB=150.2  t=1.53s
  round   6/50: acc=0.4989  f1m=0.3328  uplink_kB=150.2  t=1.65s
  round   7/50: acc=0.4989  f1m=0.3328  uplink_kB=150.2  t=1.64s
  round   8/50: acc=0.4989  f1m=0.3328  uplink_kB=150.2  t=1.61s
  round   9/50: acc=0.4989  f1m=0.3328  uplink_kB=150.2  t=1.64s
  round  10/50: acc=0.4989  f1m=0.3328  uplink_kB=150.2  t=1.63s
  round  11/50: acc=0.4989  f1m=0.3328  uplink_kB=150.2  t=1.65s
  round  12/50: acc=0.4989  f1m=0.3328  uplink_kB=150.2  t=1.59s
  round  13/50: acc=0.4989  f1m=0.3328  uplink_kB=150.2  t=1.67s
  round  14/50: acc=0.4989  f1m=0.3328  uplink_kB=150.2  t=1.63s
  round  15/50: acc=0.4989  f1m=0.3328  uplink_kB=150.2  t=1.60s
  round  16/50: acc=0.4989  f1m=0.3328  uplink_kB=150.2  t=1.64s
  round  17/50: acc=0.4989  f1m=0.3328  uplink_kB=150.2  t=1.64s
  round  18/50: acc=0.4989  f1m=0.3328  uplink_kB=150.2  t=1.61s
  round  19/50: acc=0.4989  f1m=0.3328  uplink_kB=150.2  t=1.66s
  round  20/50: acc=0.4989  f1m=0.3328  uplink_kB=150.2  t=1.54s
  round  21/50: acc=0.4989  f1m=0.3328  uplink_kB=150.2  t=1.58s
  round  22/50: acc=0.4989  f1m=0.3328  uplink_kB=150.2  t=1.67s
  round  23/50: acc=0.4989  f1m=0.3328  uplink_kB=150.2  t=1.65s
  round  24/50: acc=0.4989  f1m=0.3328  uplink_kB=150.2  t=1.64s
  round  25/50: acc=0.4989  f1m=0.3328  uplink_kB=150.2  t=1.60s
  round  26/50: acc=0.4989  f1m=0.3328  uplink_kB=150.2  t=1.67s
  round  27/50: acc=0.4989  f1m=0.3328  uplink_kB=150.2  t=1.64s
  round  28/50: acc=0.4989  f1m=0.3328  uplink_kB=150.2  t=1.64s
  round  29/50: acc=0.4989  f1m=0.3328  uplink_kB=150.2  t=1.63s
  round  30/50: acc=0.4989  f1m=0.3328  uplink_kB=150.2  t=1.63s
  round  31/50: acc=0.4989  f1m=0.3328  uplink_kB=150.2  t=1.60s
  round  32/50: acc=0.4989  f1m=0.3328  uplink_kB=150.2  t=1.62s
  round  33/50: acc=0.4989  f1m=0.3328  uplink_kB=150.2  t=1.57s
  round  34/50: acc=0.4989  f1m=0.3328  uplink_kB=150.2  t=1.61s
  round  35/50: acc=0.4989  f1m=0.3328  uplink_kB=150.2  t=1.67s
  round  36/50: acc=0.4989  f1m=0.3328  uplink_kB=150.2  t=1.61s
  round  37/50: acc=0.4988  f1m=0.3328  uplink_kB=150.2  t=1.61s
  round  38/50: acc=0.4986  f1m=0.3327  uplink_kB=150.2  t=1.64s
  round  39/50: acc=0.4984  f1m=0.3327  uplink_kB=150.2  t=1.59s
  round  40/50: acc=0.5005  f1m=0.3379  uplink_kB=150.2  t=1.56s
  round  41/50: acc=0.5063  f1m=0.3511  uplink_kB=150.2  t=1.60s
  round  42/50: acc=0.5115  f1m=0.3623  uplink_kB=150.2  t=1.65s
  round  43/50: acc=0.5166  f1m=0.3738  uplink_kB=150.2  t=1.60s
  round  44/50: acc=0.5244  f1m=0.3906  uplink_kB=150.2  t=1.62s
  round  45/50: acc=0.5346  f1m=0.4120  uplink_kB=150.2  t=1.68s
  round  46/50: acc=0.5418  f1m=0.4260  uplink_kB=150.2  t=1.56s
  round  47/50: acc=0.5541  f1m=0.4493  uplink_kB=150.2  t=1.63s
  round  48/50: acc=0.5612  f1m=0.4624  uplink_kB=150.2  t=1.59s
  round  49/50: acc=0.5678  f1m=0.4741  uplink_kB=150.2  t=1.60s
  round  50/50: acc=0.5770  f1m=0.4903  uplink_kB=150.2  t=1.58s
[run] DONE -> /Users/agentra/Documents/hao/working/paper-lab/hao-paper-2026/iotj-fedkan-ids/repo/results/lrsweep_botiot/lrsweep_kan8_lr0p001__dir0.1__seed2026/metrics.json  final_acc=0.5770
