[run] device=cpu  seed=31  out=/Users/agentra/Documents/hao/working/paper-lab/hao-paper-2026/iotj-fedkan-ids/repo/results/lrsweep_botiot/lrsweep_kan8_lr0p001__dir0.1__seed31
[run] model=kan  params=3,280
  round   1/50: acc=0.5011  f1m=0.3338  uplink_kB=150.2  t=2.38s
  round   2/50: acc=0.5011  f1m=0.3338  uplink_kB=150.2  t=1.62s
  round   3/50: acc=0.5011  f1m=0.3338  uplink_kB=150.2  t=1.72s
  round   4/50: acc=0.5011  f1m=0.3338  uplink_kB=150.2  t=1.61s
  round   5/50: acc=0.5011  f1m=0.3338  uplink_kB=150.2  t=1.60s
  round   6/50: acc=0.5016  f1m=0.3350  uplink_kB=150.2  t=1.60s
  round   7/50: acc=0.5086  f1m=0.3504  uplink_kB=150.2  t=1.63s
  round   8/50: acc=0.6531  f1m=0.6049  uplink_kB=150.2  t=1.68s
  round   9/50: acc=0.8307  f1m=0.8282  uplink_kB=150.2  t=1.65s
  round  10/50: acc=0.8644  f1m=0.8634  uplink_kB=150.2  t=1.60s
  round  11/50: acc=0.9092  f1m=0.9091  uplink_kB=150.2  t=1.70s
  round  12/50: acc=0.9157  f1m=0.9156  uplink_kB=150.2  t=1.64s
  round  13/50: acc=0.9176  f1m=0.9176  uplink_kB=150.2  t=1.69s
  round  14/50: acc=0.9238  f1m=0.9238  uplink_kB=150.2  t=1.66s
  round  15/50: acc=0.9278  f1m=0.9278  uplink_kB=150.2  t=1.62s
  round  16/50: acc=0.9288  f1m=0.9288  uplink_kB=150.2  t=1.63s
  round  17/50: acc=0.9290  f1m=0.9290  uplink_kB=150.2  t=1.73s
  round  18/50: acc=0.9292  f1m=0.9292  uplink_kB=150.2  t=1.52s
  round  19/50: acc=0.9294  f1m=0.9294  uplink_kB=150.2  t=1.63s
  round  20/50: acc=0.9297  f1m=0.9297  uplink_kB=150.2  t=1.67s
  round  21/50: acc=0.9296  f1m=0.9296  uplink_kB=150.2  t=1.65s
  round  22/50: acc=0.9302  f1m=0.9301  uplink_kB=150.2  t=1.52s
  round  23/50: acc=0.9305  f1m=0.9305  uplink_kB=150.2  t=1.66s
  round  24/50: acc=0.9313  f1m=0.9313  uplink_kB=150.2  t=1.64s
  round  25/50: acc=0.9317  f1m=0.9317  uplink_kB=150.2  t=1.66s
  round  26/50: acc=0.9328  f1m=0.9328  uplink_kB=150.2  t=1.65s
  round  27/50: acc=0.9379  f1m=0.9379  uplink_kB=150.2  t=1.68s
  round  28/50: acc=0.9438  f1m=0.9438  uplink_kB=150.2  t=1.65s
  round  29/50: acc=0.9460  f1m=0.9460  uplink_kB=150.2  t=1.60s
  round  30/50: acc=0.9468  f1m=0.9468  uplink_kB=150.2  t=1.60s
  round  31/50: acc=0.9481  f1m=0.9481  uplink_kB=150.2  t=1.54s
  round  32/50: acc=0.9491  f1m=0.9491  uplink_kB=150.2  t=1.68s
  round  33/50: acc=0.9494  f1m=0.9494  uplink_kB=150.2  t=1.66s
  round  34/50: acc=0.9603  f1m=0.9603  uplink_kB=150.2  t=1.62s
  round  35/50: acc=0.9615  f1m=0.9615  uplink_kB=150.2  t=1.70s
  round  36/50: acc=0.9650  f1m=0.9650  uplink_kB=150.2  t=1.62s
  round  37/50: acc=0.9652  f1m=0.9651  uplink_kB=150.2  t=1.68s
  round  38/50: acc=0.9654  f1m=0.9654  uplink_kB=150.2  t=1.60s
  round  39/50: acc=0.9657  f1m=0.9657  uplink_kB=150.2  t=1.64s
  round  40/50: acc=0.9662  f1m=0.9662  uplink_kB=150.2  t=1.64s
  round  41/50: acc=0.9589  f1m=0.9589  uplink_kB=150.2  t=1.60s
  round  42/50: acc=0.9591  f1m=0.9591  uplink_kB=150.2  t=1.62s
  round  43/50: acc=0.9668  f1m=0.9668  uplink_kB=150.2  t=1.66s
  round  44/50: acc=0.9595  f1m=0.9595  uplink_kB=150.2  t=1.65s
  round  45/50: acc=0.9674  f1m=0.9674  uplink_kB=150.2  t=1.64s
  round  46/50: acc=0.9678  f1m=0.9678  uplink_kB=150.2  t=1.64s
  round  47/50: acc=0.9678  f1m=0.9678  uplink_kB=150.2  t=1.53s
  round  48/50: acc=0.9682  f1m=0.9682  uplink_kB=150.2  t=1.62s
  round  49/50: acc=0.9679  f1m=0.9679  uplink_kB=150.2  t=1.61s
  round  50/50: acc=0.9682  f1m=0.9682  uplink_kB=150.2  t=1.63s
[run] DONE -> /Users/agentra/Documents/hao/working/paper-lab/hao-paper-2026/iotj-fedkan-ids/repo/results/lrsweep_botiot/lrsweep_kan8_lr0p001__dir0.1__seed31/metrics.json  final_acc=0.9682
