[run] device=cpu  seed=2024  out=/Users/agentra/Documents/hao/working/paper-lab/hao-paper-2026/iotj-fedkan-ids/repo/results/lrsweep_toniot/lrsweep_kan16_lr0p003__dir0.1__seed2024
[run] model=kan  params=6,560
  round   1/50: acc=0.6395  f1m=0.6313  uplink_kB=282.0  t=2.32s
  round   2/50: acc=0.6571  f1m=0.6513  uplink_kB=282.0  t=1.85s
  round   3/50: acc=0.6810  f1m=0.6777  uplink_kB=282.0  t=1.90s
  round   4/50: acc=0.8516  f1m=0.8499  uplink_kB=282.0  t=1.87s
  round   5/50: acc=0.5666  f1m=0.4811  uplink_kB=282.0  t=1.85s
  round   6/50: acc=0.5689  f1m=0.4859  uplink_kB=282.0  t=1.80s
  round   7/50: acc=0.5703  f1m=0.4877  uplink_kB=282.0  t=1.87s
  round   8/50: acc=0.5745  f1m=0.4953  uplink_kB=282.0  t=1.86s
  round   9/50: acc=0.7945  f1m=0.7877  uplink_kB=282.0  t=1.88s
  round  10/50: acc=0.8727  f1m=0.8713  uplink_kB=282.0  t=1.87s
  round  11/50: acc=0.8836  f1m=0.8825  uplink_kB=282.0  t=1.84s
  round  12/50: acc=0.8851  f1m=0.8840  uplink_kB=282.0  t=1.82s
  round  13/50: acc=0.8906  f1m=0.8896  uplink_kB=282.0  t=1.85s
  round  14/50: acc=0.8962  f1m=0.8954  uplink_kB=282.0  t=1.89s
  round  15/50: acc=0.8954  f1m=0.8945  uplink_kB=282.0  t=1.84s
  round  16/50: acc=0.8978  f1m=0.8970  uplink_kB=282.0  t=2.08s
  round  17/50: acc=0.8997  f1m=0.8989  uplink_kB=282.0  t=1.91s
  round  18/50: acc=0.9047  f1m=0.9041  uplink_kB=282.0  t=1.85s
  round  19/50: acc=0.9032  f1m=0.9025  uplink_kB=282.0  t=1.81s
  round  20/50: acc=0.9048  f1m=0.9041  uplink_kB=282.0  t=1.86s
  round  21/50: acc=0.9097  f1m=0.9091  uplink_kB=282.0  t=1.87s
  round  22/50: acc=0.9085  f1m=0.9080  uplink_kB=282.0  t=1.88s
  round  23/50: acc=0.9050  f1m=0.9044  uplink_kB=282.0  t=1.89s
  round  24/50: acc=0.9113  f1m=0.9108  uplink_kB=282.0  t=1.90s
  round  25/50: acc=0.9164  f1m=0.9159  uplink_kB=282.0  t=1.90s
  round  26/50: acc=0.9173  f1m=0.9169  uplink_kB=282.0  t=1.82s
  round  27/50: acc=0.9234  f1m=0.9230  uplink_kB=282.0  t=1.87s
  round  28/50: acc=0.9177  f1m=0.9172  uplink_kB=282.0  t=1.90s
  round  29/50: acc=0.9229  f1m=0.9225  uplink_kB=282.0  t=1.86s
  round  30/50: acc=0.9240  f1m=0.9237  uplink_kB=282.0  t=1.86s
  round  31/50: acc=0.9251  f1m=0.9247  uplink_kB=282.0  t=1.90s
  round  32/50: acc=0.9258  f1m=0.9255  uplink_kB=282.0  t=1.82s
  round  33/50: acc=0.9293  f1m=0.9291  uplink_kB=282.0  t=1.88s
  round  34/50: acc=0.9363  f1m=0.9361  uplink_kB=282.0  t=1.86s
  round  35/50: acc=0.9380  f1m=0.9378  uplink_kB=282.0  t=1.92s
  round  36/50: acc=0.9341  f1m=0.9339  uplink_kB=282.0  t=1.88s
  round  37/50: acc=0.9377  f1m=0.9376  uplink_kB=282.0  t=1.87s
  round  38/50: acc=0.9366  f1m=0.9364  uplink_kB=282.0  t=1.81s
  round  39/50: acc=0.9315  f1m=0.9313  uplink_kB=282.0  t=1.88s
  round  40/50: acc=0.9380  f1m=0.9379  uplink_kB=282.0  t=1.87s
  round  41/50: acc=0.9397  f1m=0.9396  uplink_kB=282.0  t=1.88s
  round  42/50: acc=0.9412  f1m=0.9410  uplink_kB=282.0  t=1.90s
  round  43/50: acc=0.9450  f1m=0.9449  uplink_kB=282.0  t=1.88s
  round  44/50: acc=0.9412  f1m=0.9410  uplink_kB=282.0  t=1.91s
  round  45/50: acc=0.9428  f1m=0.9427  uplink_kB=282.0  t=1.83s
  round  46/50: acc=0.9391  f1m=0.9390  uplink_kB=282.0  t=1.88s
  round  47/50: acc=0.9426  f1m=0.9424  uplink_kB=282.0  t=1.85s
  round  48/50: acc=0.9410  f1m=0.9409  uplink_kB=282.0  t=1.87s
  round  49/50: acc=0.9450  f1m=0.9449  uplink_kB=282.0  t=1.84s
  round  50/50: acc=0.9437  f1m=0.9436  uplink_kB=282.0  t=1.72s
[run] DONE -> /Users/agentra/Documents/hao/working/paper-lab/hao-paper-2026/iotj-fedkan-ids/repo/results/lrsweep_toniot/lrsweep_kan16_lr0p003__dir0.1__seed2024/metrics.json  final_acc=0.9437
