[run] device=cpu  seed=11  out=/Users/agentra/Documents/hao/working/paper-lab/hao-paper-2026/iotj-fedkan-ids/repo/results/lrsweep_botiot/lrsweep_kan8_lr0p003__dir0.1__seed11
[run] model=kan  params=3,280
  round   1/50: acc=0.6685  f1m=0.6270  uplink_kB=150.2  t=2.36s
  round   2/50: acc=0.8584  f1m=0.8572  uplink_kB=150.2  t=1.66s
  round   3/50: acc=0.8958  f1m=0.8955  uplink_kB=150.2  t=1.68s
  round   4/50: acc=0.8947  f1m=0.8943  uplink_kB=150.2  t=1.62s
  round   5/50: acc=0.8952  f1m=0.8949  uplink_kB=150.2  t=1.60s
  round   6/50: acc=0.8829  f1m=0.8824  uplink_kB=150.2  t=1.59s
  round   7/50: acc=0.8845  f1m=0.8839  uplink_kB=150.2  t=1.62s
  round   8/50: acc=0.8856  f1m=0.8851  uplink_kB=150.2  t=1.58s
  round   9/50: acc=0.8955  f1m=0.8952  uplink_kB=150.2  t=1.63s
  round  10/50: acc=0.8983  f1m=0.8979  uplink_kB=150.2  t=1.70s
  round  11/50: acc=0.9282  f1m=0.9282  uplink_kB=150.2  t=1.61s
  round  12/50: acc=0.9315  f1m=0.9315  uplink_kB=150.2  t=1.60s
  round  13/50: acc=0.9054  f1m=0.9052  uplink_kB=150.2  t=1.65s
  round  14/50: acc=0.8697  f1m=0.8675  uplink_kB=150.2  t=1.63s
  round  15/50: acc=0.8691  f1m=0.8669  uplink_kB=150.2  t=1.62s
  round  16/50: acc=0.8873  f1m=0.8859  uplink_kB=150.2  t=1.63s
  round  17/50: acc=0.9248  f1m=0.9248  uplink_kB=150.2  t=1.60s
  round  18/50: acc=0.8751  f1m=0.8743  uplink_kB=150.2  t=1.63s
  round  19/50: acc=0.8873  f1m=0.8859  uplink_kB=150.2  t=1.63s
  round  20/50: acc=0.8954  f1m=0.8943  uplink_kB=150.2  t=1.59s
  round  21/50: acc=0.8941  f1m=0.8929  uplink_kB=150.2  t=1.63s
  round  22/50: acc=0.8945  f1m=0.8934  uplink_kB=150.2  t=1.66s
  round  23/50: acc=0.9199  f1m=0.9194  uplink_kB=150.2  t=1.62s
  round  24/50: acc=0.9689  f1m=0.9689  uplink_kB=150.2  t=1.63s
  round  25/50: acc=0.9581  f1m=0.9581  uplink_kB=150.2  t=1.65s
  round  26/50: acc=0.9580  f1m=0.9580  uplink_kB=150.2  t=1.55s
  round  27/50: acc=0.9580  f1m=0.9580  uplink_kB=150.2  t=1.60s
  round  28/50: acc=0.9690  f1m=0.9689  uplink_kB=150.2  t=1.64s
  round  29/50: acc=0.9215  f1m=0.9211  uplink_kB=150.2  t=1.61s
  round  30/50: acc=0.8980  f1m=0.8969  uplink_kB=150.2  t=1.64s
  round  31/50: acc=0.9213  f1m=0.9208  uplink_kB=150.2  t=1.61s
  round  32/50: acc=0.9203  f1m=0.9198  uplink_kB=150.2  t=1.60s
  round  33/50: acc=0.9210  f1m=0.9205  uplink_kB=150.2  t=1.63s
  round  34/50: acc=0.9200  f1m=0.9195  uplink_kB=150.2  t=1.64s
  round  35/50: acc=0.8966  f1m=0.8955  uplink_kB=150.2  t=1.64s
  round  36/50: acc=0.9208  f1m=0.9203  uplink_kB=150.2  t=1.64s
  round  37/50: acc=0.9214  f1m=0.9210  uplink_kB=150.2  t=1.56s
  round  38/50: acc=0.9214  f1m=0.9209  uplink_kB=150.2  t=1.63s
  round  39/50: acc=0.9213  f1m=0.9208  uplink_kB=150.2  t=1.62s
  round  40/50: acc=0.9214  f1m=0.9209  uplink_kB=150.2  t=1.63s
  round  41/50: acc=0.9593  f1m=0.9593  uplink_kB=150.2  t=1.59s
  round  42/50: acc=0.9208  f1m=0.9204  uplink_kB=150.2  t=1.59s
  round  43/50: acc=0.9593  f1m=0.9593  uplink_kB=150.2  t=1.65s
  round  44/50: acc=0.9594  f1m=0.9594  uplink_kB=150.2  t=1.60s
  round  45/50: acc=0.9594  f1m=0.9594  uplink_kB=150.2  t=1.65s
  round  46/50: acc=0.9595  f1m=0.9594  uplink_kB=150.2  t=1.60s
  round  47/50: acc=0.9595  f1m=0.9595  uplink_kB=150.2  t=1.62s
  round  48/50: acc=0.9595  f1m=0.9595  uplink_kB=150.2  t=1.61s
  round  49/50: acc=0.9594  f1m=0.9594  uplink_kB=150.2  t=1.60s
  round  50/50: acc=0.9604  f1m=0.9604  uplink_kB=150.2  t=1.64s
[run] DONE -> /Users/agentra/Documents/hao/working/paper-lab/hao-paper-2026/iotj-fedkan-ids/repo/results/lrsweep_botiot/lrsweep_kan8_lr0p003__dir0.1__seed11/metrics.json  final_acc=0.9604
