[run] device=cpu  seed=37  out=/Users/agentra/Documents/hao/working/paper-lab/hao-paper-2026/iotj-fedkan-ids/repo/results/lrsweep_toniot/lrsweep_kan8_lr0p1__dir0.1__seed37
[run] model=kan  params=3,280
  round   1/50: acc=0.5085  f1m=0.3696  uplink_kB=150.2  t=2.11s
  round   2/50: acc=0.5071  f1m=0.3496  uplink_kB=150.2  t=1.67s
  round   3/50: acc=0.4995  f1m=0.3331  uplink_kB=150.2  t=1.64s
  round   4/50: acc=0.6385  f1m=0.5912  uplink_kB=150.2  t=1.60s
  round   5/50: acc=0.6064  f1m=0.5392  uplink_kB=150.2  t=1.65s
  round   6/50: acc=0.6600  f1m=0.6469  uplink_kB=150.2  t=1.60s
  round   7/50: acc=0.4222  f1m=0.4193  uplink_kB=150.2  t=1.68s
  round   8/50: acc=0.6155  f1m=0.6109  uplink_kB=150.2  t=1.65s
  round   9/50: acc=0.5719  f1m=0.5043  uplink_kB=150.2  t=1.65s
  round  10/50: acc=0.5015  f1m=0.3372  uplink_kB=150.2  t=1.69s
  round  11/50: acc=0.5002  f1m=0.3340  uplink_kB=150.2  t=1.69s
  round  12/50: acc=0.5784  f1m=0.5039  uplink_kB=150.2  t=1.81s
  round  13/50: acc=0.5000  f1m=0.3333  uplink_kB=150.2  t=1.63s
  round  14/50: acc=0.5000  f1m=0.3333  uplink_kB=150.2  t=1.85s
  round  15/50: acc=0.5000  f1m=0.3333  uplink_kB=150.2  t=1.73s
  round  16/50: acc=0.5160  f1m=0.4213  uplink_kB=150.2  t=1.64s
  round  17/50: acc=0.5710  f1m=0.4767  uplink_kB=150.2  t=1.69s
  round  18/50: acc=0.5132  f1m=0.3627  uplink_kB=150.2  t=1.68s
  round  19/50: acc=0.5000  f1m=0.3333  uplink_kB=150.2  t=1.64s
  round  20/50: acc=0.6074  f1m=0.5400  uplink_kB=150.2  t=1.66s
  round  21/50: acc=0.5114  f1m=0.3645  uplink_kB=150.2  t=1.61s
  round  22/50: acc=0.7380  f1m=0.7371  uplink_kB=150.2  t=1.62s
  round  23/50: acc=0.7383  f1m=0.7357  uplink_kB=150.2  t=1.63s
  round  24/50: acc=0.5034  f1m=0.3409  uplink_kB=150.2  t=1.67s
  round  25/50: acc=0.5186  f1m=0.3765  uplink_kB=150.2  t=1.60s
  round  26/50: acc=0.5120  f1m=0.3597  uplink_kB=150.2  t=1.63s
  round  27/50: acc=0.5109  f1m=0.3573  uplink_kB=150.2  t=1.65s
  round  28/50: acc=0.5003  f1m=0.3341  uplink_kB=150.2  t=1.62s
  round  29/50: acc=0.5008  f1m=0.3352  uplink_kB=150.2  t=1.65s
  round  30/50: acc=0.5045  f1m=0.3433  uplink_kB=150.2  t=1.68s
  round  31/50: acc=0.5030  f1m=0.3400  uplink_kB=150.2  t=1.56s
  round  32/50: acc=0.5051  f1m=0.3446  uplink_kB=150.2  t=1.60s
  round  33/50: acc=0.5051  f1m=0.3446  uplink_kB=150.2  t=1.60s
  round  34/50: acc=0.5052  f1m=0.3448  uplink_kB=150.2  t=1.59s
  round  35/50: acc=0.5053  f1m=0.3455  uplink_kB=150.2  t=1.62s
  round  36/50: acc=0.5052  f1m=0.3447  uplink_kB=150.2  t=1.63s
  round  37/50: acc=0.5072  f1m=0.3510  uplink_kB=150.2  t=1.57s
  round  38/50: acc=0.5072  f1m=0.3505  uplink_kB=150.2  t=1.62s
  round  39/50: acc=0.5055  f1m=0.3454  uplink_kB=150.2  t=1.63s
  round  40/50: acc=0.5054  f1m=0.3453  uplink_kB=150.2  t=1.61s
  round  41/50: acc=0.5053  f1m=0.3454  uplink_kB=150.2  t=1.59s
  round  42/50: acc=0.5055  f1m=0.3454  uplink_kB=150.2  t=1.59s
  round  43/50: acc=0.5083  f1m=0.3533  uplink_kB=150.2  t=1.63s
  round  44/50: acc=0.5052  f1m=0.3449  uplink_kB=150.2  t=1.54s
  round  45/50: acc=0.5046  f1m=0.3449  uplink_kB=150.2  t=1.63s
  round  46/50: acc=0.5000  f1m=0.3333  uplink_kB=150.2  t=1.65s
  round  47/50: acc=0.5940  f1m=0.5181  uplink_kB=150.2  t=1.67s
  round  48/50: acc=0.5303  f1m=0.4241  uplink_kB=150.2  t=1.61s
  round  49/50: acc=0.5000  f1m=0.3335  uplink_kB=150.2  t=1.61s
  round  50/50: acc=0.7180  f1m=0.7176  uplink_kB=150.2  t=1.54s
[run] DONE -> /Users/agentra/Documents/hao/working/paper-lab/hao-paper-2026/iotj-fedkan-ids/repo/results/lrsweep_toniot/lrsweep_kan8_lr0p1__dir0.1__seed37/metrics.json  final_acc=0.7180
