[run] device=cpu  seed=43  out=/Users/agentra/Documents/hao/working/paper-lab/hao-paper-2026/iotj-fedkan-ids/repo/results/lrsweep_toniot/lrsweep_kan16_lr0p003__dir0.1__seed43
[run] model=kan  params=6,560
  round   1/50: acc=0.6385  f1m=0.6359  uplink_kB=282.0  t=2.29s
  round   2/50: acc=0.6474  f1m=0.6407  uplink_kB=282.0  t=1.88s
  round   3/50: acc=0.6440  f1m=0.6365  uplink_kB=282.0  t=1.89s
  round   4/50: acc=0.6401  f1m=0.6319  uplink_kB=282.0  t=1.86s
  round   5/50: acc=0.6371  f1m=0.6285  uplink_kB=282.0  t=1.88s
  round   6/50: acc=0.6357  f1m=0.6268  uplink_kB=282.0  t=1.80s
  round   7/50: acc=0.7482  f1m=0.7333  uplink_kB=282.0  t=1.90s
  round   8/50: acc=0.7537  f1m=0.7399  uplink_kB=282.0  t=1.89s
  round   9/50: acc=0.7619  f1m=0.7497  uplink_kB=282.0  t=1.87s
  round  10/50: acc=0.7677  f1m=0.7566  uplink_kB=282.0  t=1.83s
  round  11/50: acc=0.7752  f1m=0.7656  uplink_kB=282.0  t=1.88s
  round  12/50: acc=0.7758  f1m=0.7663  uplink_kB=282.0  t=1.87s
  round  13/50: acc=0.5603  f1m=0.4691  uplink_kB=282.0  t=1.81s
  round  14/50: acc=0.7789  f1m=0.7702  uplink_kB=282.0  t=1.86s
  round  15/50: acc=0.7826  f1m=0.7744  uplink_kB=282.0  t=1.89s
  round  16/50: acc=0.5646  f1m=0.4767  uplink_kB=282.0  t=1.95s
  round  17/50: acc=0.5641  f1m=0.4756  uplink_kB=282.0  t=1.94s
  round  18/50: acc=0.5648  f1m=0.4770  uplink_kB=282.0  t=1.86s
  round  19/50: acc=0.5669  f1m=0.4808  uplink_kB=282.0  t=1.88s
  round  20/50: acc=0.5662  f1m=0.4792  uplink_kB=282.0  t=1.88s
  round  21/50: acc=0.5652  f1m=0.4774  uplink_kB=282.0  t=1.90s
  round  22/50: acc=0.5658  f1m=0.4785  uplink_kB=282.0  t=1.81s
  round  23/50: acc=0.5663  f1m=0.4798  uplink_kB=282.0  t=1.90s
  round  24/50: acc=0.5687  f1m=0.4839  uplink_kB=282.0  t=1.91s
  round  25/50: acc=0.5694  f1m=0.4853  uplink_kB=282.0  t=1.89s
  round  26/50: acc=0.5701  f1m=0.4864  uplink_kB=282.0  t=1.88s
  round  27/50: acc=0.5720  f1m=0.4899  uplink_kB=282.0  t=1.88s
  round  28/50: acc=0.5731  f1m=0.4915  uplink_kB=282.0  t=1.79s
  round  29/50: acc=0.5719  f1m=0.4897  uplink_kB=282.0  t=1.88s
  round  30/50: acc=0.5743  f1m=0.4943  uplink_kB=282.0  t=1.88s
  round  31/50: acc=0.5763  f1m=0.4980  uplink_kB=282.0  t=1.87s
  round  32/50: acc=0.5696  f1m=0.4842  uplink_kB=282.0  t=1.88s
  round  33/50: acc=0.5770  f1m=0.4978  uplink_kB=282.0  t=1.89s
  round  34/50: acc=0.7942  f1m=0.7874  uplink_kB=282.0  t=1.88s
  round  35/50: acc=0.7971  f1m=0.7906  uplink_kB=282.0  t=1.80s
  round  36/50: acc=0.8021  f1m=0.7962  uplink_kB=282.0  t=1.95s
  round  37/50: acc=0.8032  f1m=0.7974  uplink_kB=282.0  t=1.89s
  round  38/50: acc=0.8069  f1m=0.8015  uplink_kB=282.0  t=1.87s
  round  39/50: acc=0.8063  f1m=0.8010  uplink_kB=282.0  t=1.88s
  round  40/50: acc=0.8034  f1m=0.7976  uplink_kB=282.0  t=1.86s
  round  41/50: acc=0.8063  f1m=0.8007  uplink_kB=282.0  t=1.88s
  round  42/50: acc=0.8063  f1m=0.8008  uplink_kB=282.0  t=1.86s
  round  43/50: acc=0.8827  f1m=0.8818  uplink_kB=282.0  t=1.83s
  round  44/50: acc=0.8829  f1m=0.8820  uplink_kB=282.0  t=1.92s
  round  45/50: acc=0.8875  f1m=0.8868  uplink_kB=282.0  t=1.87s
  round  46/50: acc=0.8911  f1m=0.8906  uplink_kB=282.0  t=1.88s
  round  47/50: acc=0.8896  f1m=0.8890  uplink_kB=282.0  t=1.90s
  round  48/50: acc=0.8884  f1m=0.8877  uplink_kB=282.0  t=1.94s
  round  49/50: acc=0.8967  f1m=0.8963  uplink_kB=282.0  t=1.84s
  round  50/50: acc=0.8985  f1m=0.8981  uplink_kB=282.0  t=1.81s
[run] DONE -> /Users/agentra/Documents/hao/working/paper-lab/hao-paper-2026/iotj-fedkan-ids/repo/results/lrsweep_toniot/lrsweep_kan16_lr0p003__dir0.1__seed43/metrics.json  final_acc=0.8985
