[run] device=cpu  seed=23  out=/Users/agentra/Documents/hao/working/paper-lab/hao-paper-2026/iotj-fedkan-ids/repo/results/lrsweep_cseciic/lrsweep_kan16_lr0p1__dir0.1__seed23
[run] model=kan  params=6,560
  round   1/50: acc=0.6013  f1m=0.5261  uplink_kB=282.0  t=2.72s
  round   2/50: acc=0.9228  f1m=0.9224  uplink_kB=282.0  t=1.97s
  round   3/50: acc=0.9297  f1m=0.9294  uplink_kB=282.0  t=1.98s
  round   4/50: acc=0.9294  f1m=0.9290  uplink_kB=282.0  t=2.92s
  round   5/50: acc=0.8984  f1m=0.8974  uplink_kB=282.0  t=1.83s
  round   6/50: acc=0.7399  f1m=0.7283  uplink_kB=282.0  t=2.02s
  round   7/50: acc=0.5439  f1m=0.4243  uplink_kB=282.0  t=1.91s
  round   8/50: acc=0.7479  f1m=0.7371  uplink_kB=282.0  t=1.86s
  round   9/50: acc=0.9415  f1m=0.9414  uplink_kB=282.0  t=1.91s
  round  10/50: acc=0.8991  f1m=0.8981  uplink_kB=282.0  t=1.83s
  round  11/50: acc=0.9374  f1m=0.9372  uplink_kB=282.0  t=1.79s
  round  12/50: acc=0.9389  f1m=0.9386  uplink_kB=282.0  t=1.84s
  round  13/50: acc=0.9270  f1m=0.9267  uplink_kB=282.0  t=1.86s
  round  14/50: acc=0.9642  f1m=0.9642  uplink_kB=282.0  t=1.86s
  round  15/50: acc=0.9484  f1m=0.9483  uplink_kB=282.0  t=1.95s
  round  16/50: acc=0.9509  f1m=0.9507  uplink_kB=282.0  t=1.86s
  round  17/50: acc=0.9688  f1m=0.9687  uplink_kB=282.0  t=1.88s
  round  18/50: acc=0.9360  f1m=0.9357  uplink_kB=282.0  t=1.83s
  round  19/50: acc=0.9645  f1m=0.9644  uplink_kB=282.0  t=1.89s
  round  20/50: acc=0.9681  f1m=0.9680  uplink_kB=282.0  t=1.84s
  round  21/50: acc=0.9731  f1m=0.9730  uplink_kB=282.0  t=1.91s
  round  22/50: acc=0.9676  f1m=0.9676  uplink_kB=282.0  t=1.89s
  round  23/50: acc=0.9069  f1m=0.9061  uplink_kB=282.0  t=1.93s
  round  24/50: acc=0.8870  f1m=0.8855  uplink_kB=282.0  t=1.94s
  round  25/50: acc=0.9284  f1m=0.9281  uplink_kB=282.0  t=1.84s
  round  26/50: acc=0.9477  f1m=0.9475  uplink_kB=282.0  t=1.89s
  round  27/50: acc=0.9525  f1m=0.9524  uplink_kB=282.0  t=1.95s
  round  28/50: acc=0.9253  f1m=0.9249  uplink_kB=282.0  t=1.93s
  round  29/50: acc=0.9350  f1m=0.9347  uplink_kB=282.0  t=1.92s
  round  30/50: acc=0.9173  f1m=0.9170  uplink_kB=282.0  t=1.91s
  round  31/50: acc=0.9548  f1m=0.9548  uplink_kB=282.0  t=1.94s
  round  32/50: acc=0.9447  f1m=0.9446  uplink_kB=282.0  t=1.90s
  round  33/50: acc=0.9362  f1m=0.9360  uplink_kB=282.0  t=1.97s
  round  34/50: acc=0.9595  f1m=0.9594  uplink_kB=282.0  t=1.93s
  round  35/50: acc=0.9342  f1m=0.9339  uplink_kB=282.0  t=1.94s
  round  36/50: acc=0.9349  f1m=0.9346  uplink_kB=282.0  t=1.90s
  round  37/50: acc=0.9446  f1m=0.9444  uplink_kB=282.0  t=1.97s
  round  38/50: acc=0.9294  f1m=0.9291  uplink_kB=282.0  t=2.02s
  round  39/50: acc=0.9492  f1m=0.9491  uplink_kB=282.0  t=1.92s
  round  40/50: acc=0.9547  f1m=0.9547  uplink_kB=282.0  t=1.94s
  round  41/50: acc=0.9240  f1m=0.9236  uplink_kB=282.0  t=1.95s
  round  42/50: acc=0.9542  f1m=0.9541  uplink_kB=282.0  t=1.91s
  round  43/50: acc=0.9463  f1m=0.9462  uplink_kB=282.0  t=1.93s
  round  44/50: acc=0.9485  f1m=0.9484  uplink_kB=282.0  t=1.98s
  round  45/50: acc=0.9434  f1m=0.9432  uplink_kB=282.0  t=1.94s
  round  46/50: acc=0.9301  f1m=0.9297  uplink_kB=282.0  t=1.97s
  round  47/50: acc=0.7447  f1m=0.7365  uplink_kB=282.0  t=2.07s
  round  48/50: acc=0.8191  f1m=0.8186  uplink_kB=282.0  t=2.00s
  round  49/50: acc=0.9562  f1m=0.9561  uplink_kB=282.0  t=2.05s
  round  50/50: acc=0.8051  f1m=0.7984  uplink_kB=282.0  t=2.22s
[run] DONE -> /Users/agentra/Documents/hao/working/paper-lab/hao-paper-2026/iotj-fedkan-ids/repo/results/lrsweep_cseciic/lrsweep_kan16_lr0p1__dir0.1__seed23/metrics.json  final_acc=0.8051
