[run] device=cpu  seed=37  out=/Users/agentra/Documents/hao/working/paper-lab/hao-paper-2026/iotj-fedkan-ids/repo/results/lrsweep_botiot/lrsweep_mlp32_lr0p0003__dir0.1__seed37
[run] model=mlp  params=1,346
  round   1/50: acc=0.7523  f1m=0.7385  uplink_kB=52.6  t=1.29s
  round   2/50: acc=0.7854  f1m=0.7795  uplink_kB=52.6  t=0.68s
  round   3/50: acc=0.7873  f1m=0.7809  uplink_kB=52.6  t=0.67s
  round   4/50: acc=0.7889  f1m=0.7828  uplink_kB=52.6  t=0.66s
  round   5/50: acc=0.8148  f1m=0.8113  uplink_kB=52.6  t=0.69s
  round   6/50: acc=0.8606  f1m=0.8596  uplink_kB=52.6  t=0.58s
  round   7/50: acc=0.8888  f1m=0.8884  uplink_kB=52.6  t=0.70s
  round   8/50: acc=0.9027  f1m=0.9025  uplink_kB=52.6  t=0.91s
  round   9/50: acc=0.9135  f1m=0.9135  uplink_kB=52.6  t=0.79s
  round  10/50: acc=0.9229  f1m=0.9228  uplink_kB=52.6  t=0.77s
  round  11/50: acc=0.9310  f1m=0.9310  uplink_kB=52.6  t=0.76s
  round  12/50: acc=0.9347  f1m=0.9347  uplink_kB=52.6  t=0.72s
  round  13/50: acc=0.9366  f1m=0.9366  uplink_kB=52.6  t=0.84s
  round  14/50: acc=0.9384  f1m=0.9384  uplink_kB=52.6  t=0.62s
  round  15/50: acc=0.9418  f1m=0.9418  uplink_kB=52.6  t=0.67s
  round  16/50: acc=0.9445  f1m=0.9445  uplink_kB=52.6  t=0.70s
  round  17/50: acc=0.9467  f1m=0.9467  uplink_kB=52.6  t=0.66s
  round  18/50: acc=0.9485  f1m=0.9485  uplink_kB=52.6  t=0.67s
  round  19/50: acc=0.9500  f1m=0.9500  uplink_kB=52.6  t=0.70s
  round  20/50: acc=0.9513  f1m=0.9513  uplink_kB=52.6  t=0.74s
  round  21/50: acc=0.9525  f1m=0.9525  uplink_kB=52.6  t=0.63s
  round  22/50: acc=0.9535  f1m=0.9535  uplink_kB=52.6  t=0.74s
  round  23/50: acc=0.9542  f1m=0.9541  uplink_kB=52.6  t=0.73s
  round  24/50: acc=0.9549  f1m=0.9549  uplink_kB=52.6  t=0.70s
  round  25/50: acc=0.9556  f1m=0.9556  uplink_kB=52.6  t=0.66s
  round  26/50: acc=0.9567  f1m=0.9567  uplink_kB=52.6  t=0.67s
  round  27/50: acc=0.9590  f1m=0.9590  uplink_kB=52.6  t=0.67s
  round  28/50: acc=0.9604  f1m=0.9604  uplink_kB=52.6  t=0.60s
  round  29/50: acc=0.9611  f1m=0.9611  uplink_kB=52.6  t=0.64s
  round  30/50: acc=0.9628  f1m=0.9627  uplink_kB=52.6  t=0.66s
  round  31/50: acc=0.9647  f1m=0.9647  uplink_kB=52.6  t=0.65s
  round  32/50: acc=0.9653  f1m=0.9653  uplink_kB=52.6  t=0.69s
  round  33/50: acc=0.9658  f1m=0.9657  uplink_kB=52.6  t=0.65s
  round  34/50: acc=0.9662  f1m=0.9662  uplink_kB=52.6  t=0.67s
  round  35/50: acc=0.9665  f1m=0.9665  uplink_kB=52.6  t=0.75s
  round  36/50: acc=0.9664  f1m=0.9664  uplink_kB=52.6  t=0.71s
  round  37/50: acc=0.9666  f1m=0.9666  uplink_kB=52.6  t=0.66s
  round  38/50: acc=0.9668  f1m=0.9668  uplink_kB=52.6  t=0.64s
  round  39/50: acc=0.9695  f1m=0.9695  uplink_kB=52.6  t=0.66s
  round  40/50: acc=0.9695  f1m=0.9695  uplink_kB=52.6  t=0.66s
  round  41/50: acc=0.9719  f1m=0.9719  uplink_kB=52.6  t=0.72s
  round  42/50: acc=0.9720  f1m=0.9720  uplink_kB=52.6  t=0.67s
  round  43/50: acc=0.9720  f1m=0.9720  uplink_kB=52.6  t=0.67s
  round  44/50: acc=0.9720  f1m=0.9720  uplink_kB=52.6  t=0.68s
  round  45/50: acc=0.9721  f1m=0.9720  uplink_kB=52.6  t=0.69s
  round  46/50: acc=0.9721  f1m=0.9721  uplink_kB=52.6  t=0.66s
  round  47/50: acc=0.9722  f1m=0.9722  uplink_kB=52.6  t=0.68s
  round  48/50: acc=0.9723  f1m=0.9723  uplink_kB=52.6  t=0.66s
  round  49/50: acc=0.9723  f1m=0.9723  uplink_kB=52.6  t=0.60s
  round  50/50: acc=0.9723  f1m=0.9723  uplink_kB=52.6  t=0.67s
[run] DONE -> /Users/agentra/Documents/hao/working/paper-lab/hao-paper-2026/iotj-fedkan-ids/repo/results/lrsweep_botiot/lrsweep_mlp32_lr0p0003__dir0.1__seed37/metrics.json  final_acc=0.9723
