[run] device=cpu  seed=2024  out=/Users/agentra/Documents/hao/working/paper-lab/hao-paper-2026/iotj-fedkan-ids/repo/results/lrsweep_botiot/lrsweep_kan16_lr0p1__dir0.1__seed2024
[run] model=kan  params=6,560
  round   1/50: acc=0.5016  f1m=0.3348  uplink_kB=282.0  t=2.49s
  round   2/50: acc=0.5016  f1m=0.3348  uplink_kB=282.0  t=1.88s
  round   3/50: acc=0.8033  f1m=0.7985  uplink_kB=282.0  t=1.86s
  round   4/50: acc=0.6991  f1m=0.6686  uplink_kB=282.0  t=1.90s
  round   5/50: acc=0.5756  f1m=0.4812  uplink_kB=282.0  t=1.88s
  round   6/50: acc=0.7038  f1m=0.6750  uplink_kB=282.0  t=1.80s
  round   7/50: acc=0.6934  f1m=0.6611  uplink_kB=282.0  t=1.84s
  round   8/50: acc=0.7932  f1m=0.7839  uplink_kB=282.0  t=1.94s
  round   9/50: acc=0.7109  f1m=0.6841  uplink_kB=282.0  t=1.85s
  round  10/50: acc=0.9244  f1m=0.9244  uplink_kB=282.0  t=1.87s
  round  11/50: acc=0.7027  f1m=0.6734  uplink_kB=282.0  t=1.83s
  round  12/50: acc=0.8121  f1m=0.8051  uplink_kB=282.0  t=1.85s
  round  13/50: acc=0.9199  f1m=0.9198  uplink_kB=282.0  t=1.78s
  round  14/50: acc=0.8058  f1m=0.7980  uplink_kB=282.0  t=1.89s
  round  15/50: acc=0.8018  f1m=0.7935  uplink_kB=282.0  t=1.91s
  round  16/50: acc=0.8185  f1m=0.8122  uplink_kB=282.0  t=1.87s
  round  17/50: acc=0.8152  f1m=0.8085  uplink_kB=282.0  t=1.86s
  round  18/50: acc=0.9006  f1m=0.9003  uplink_kB=282.0  t=1.88s
  round  19/50: acc=0.9026  f1m=0.9023  uplink_kB=282.0  t=1.85s
  round  20/50: acc=0.8361  f1m=0.8317  uplink_kB=282.0  t=1.81s
  round  21/50: acc=0.8181  f1m=0.8118  uplink_kB=282.0  t=1.84s
  round  22/50: acc=0.8700  f1m=0.8679  uplink_kB=282.0  t=1.87s
  round  23/50: acc=0.8484  f1m=0.8448  uplink_kB=282.0  t=1.86s
  round  24/50: acc=0.8403  f1m=0.8362  uplink_kB=282.0  t=1.89s
  round  25/50: acc=0.8207  f1m=0.8147  uplink_kB=282.0  t=1.83s
  round  26/50: acc=0.8218  f1m=0.8158  uplink_kB=282.0  t=1.91s
  round  27/50: acc=0.8463  f1m=0.8427  uplink_kB=282.0  t=1.93s
  round  28/50: acc=0.9267  f1m=0.9266  uplink_kB=282.0  t=1.97s
  round  29/50: acc=0.8912  f1m=0.8899  uplink_kB=282.0  t=1.97s
  round  30/50: acc=0.8202  f1m=0.8141  uplink_kB=282.0  t=1.90s
  round  31/50: acc=0.8110  f1m=0.8039  uplink_kB=282.0  t=1.89s
  round  32/50: acc=0.8233  f1m=0.8175  uplink_kB=282.0  t=1.88s
  round  33/50: acc=0.7992  f1m=0.7906  uplink_kB=282.0  t=1.90s
  round  34/50: acc=0.8332  f1m=0.8284  uplink_kB=282.0  t=1.89s
  round  35/50: acc=0.8307  f1m=0.8257  uplink_kB=282.0  t=1.91s
  round  36/50: acc=0.8316  f1m=0.8266  uplink_kB=282.0  t=1.89s
  round  37/50: acc=0.8282  f1m=0.8230  uplink_kB=282.0  t=1.89s
  round  38/50: acc=0.8302  f1m=0.8251  uplink_kB=282.0  t=1.92s
  round  39/50: acc=0.7888  f1m=0.7788  uplink_kB=282.0  t=1.88s
  round  40/50: acc=0.8280  f1m=0.8227  uplink_kB=282.0  t=1.88s
  round  41/50: acc=0.8593  f1m=0.8565  uplink_kB=282.0  t=1.91s
  round  42/50: acc=0.8503  f1m=0.8468  uplink_kB=282.0  t=1.92s
  round  43/50: acc=0.8563  f1m=0.8532  uplink_kB=282.0  t=1.90s
  round  44/50: acc=0.8608  f1m=0.8580  uplink_kB=282.0  t=1.92s
  round  45/50: acc=0.8082  f1m=0.8008  uplink_kB=282.0  t=1.87s
  round  46/50: acc=0.8630  f1m=0.8605  uplink_kB=282.0  t=1.88s
  round  47/50: acc=0.8973  f1m=0.8970  uplink_kB=282.0  t=1.92s
  round  48/50: acc=0.8584  f1m=0.8554  uplink_kB=282.0  t=1.96s
  round  49/50: acc=0.8598  f1m=0.8569  uplink_kB=282.0  t=1.90s
  round  50/50: acc=0.8418  f1m=0.8377  uplink_kB=282.0  t=1.90s
[run] DONE -> /Users/agentra/Documents/hao/working/paper-lab/hao-paper-2026/iotj-fedkan-ids/repo/results/lrsweep_botiot/lrsweep_kan16_lr0p1__dir0.1__seed2024/metrics.json  final_acc=0.8418
