[run] device=cpu  seed=11  out=/Users/agentra/Documents/hao/working/paper-lab/hao-paper-2026/iotj-fedkan-ids/repo/results/lrsweep_cseciic_mc/lrsweep_kan16_lr0p1__dir0.1__seed11
[run] model=kan  params=8,640
  round   1/50: acc=0.2783  f1m=0.0983  uplink_kB=363.3  t=7.04s
  round   2/50: acc=0.4068  f1m=0.1299  uplink_kB=363.3  t=6.41s
  round   3/50: acc=0.6216  f1m=0.2950  uplink_kB=363.3  t=6.37s
  round   4/50: acc=0.4650  f1m=0.2000  uplink_kB=363.3  t=6.31s
  round   5/50: acc=0.7501  f1m=0.3921  uplink_kB=363.3  t=6.32s
  round   6/50: acc=0.8033  f1m=0.4858  uplink_kB=363.3  t=6.37s
  round   7/50: acc=0.7090  f1m=0.4158  uplink_kB=363.3  t=6.39s
  round   8/50: acc=0.7667  f1m=0.4313  uplink_kB=363.3  t=6.41s
  round   9/50: acc=0.8126  f1m=0.5008  uplink_kB=363.3  t=6.36s
  round  10/50: acc=0.6432  f1m=0.3415  uplink_kB=363.3  t=6.56s
  round  11/50: acc=0.7604  f1m=0.3708  uplink_kB=363.3  t=6.32s
  round  12/50: acc=0.7456  f1m=0.3440  uplink_kB=363.3  t=6.38s
  round  13/50: acc=0.6129  f1m=0.2760  uplink_kB=363.3  t=6.34s
  round  14/50: acc=0.7530  f1m=0.3900  uplink_kB=363.3  t=6.66s
  round  15/50: acc=0.7308  f1m=0.3734  uplink_kB=363.3  t=6.38s
  round  16/50: acc=0.5969  f1m=0.2952  uplink_kB=363.3  t=6.43s
  round  17/50: acc=0.7543  f1m=0.3827  uplink_kB=363.3  t=6.44s
  round  18/50: acc=0.6617  f1m=0.3310  uplink_kB=363.3  t=6.37s
  round  19/50: acc=0.6206  f1m=0.3412  uplink_kB=363.3  t=6.40s
  round  20/50: acc=0.7479  f1m=0.3481  uplink_kB=363.3  t=6.49s
  round  21/50: acc=0.6075  f1m=0.2761  uplink_kB=363.3  t=6.49s
  round  22/50: acc=0.7236  f1m=0.3613  uplink_kB=363.3  t=6.40s
  round  23/50: acc=0.7398  f1m=0.3615  uplink_kB=363.3  t=6.46s
  round  24/50: acc=0.4705  f1m=0.2099  uplink_kB=363.3  t=6.39s
  round  25/50: acc=0.4991  f1m=0.2473  uplink_kB=363.3  t=7.17s
  round  26/50: acc=0.4898  f1m=0.2273  uplink_kB=363.3  t=7.89s
  round  27/50: acc=0.6209  f1m=0.2900  uplink_kB=363.3  t=6.50s
  round  28/50: acc=0.5988  f1m=0.2621  uplink_kB=363.3  t=6.18s
  round  29/50: acc=0.4633  f1m=0.2057  uplink_kB=363.3  t=6.11s
  round  30/50: acc=0.6167  f1m=0.2814  uplink_kB=363.3  t=6.16s
  round  31/50: acc=0.3014  f1m=0.1681  uplink_kB=363.3  t=6.20s
  round  32/50: acc=0.3947  f1m=0.1993  uplink_kB=363.3  t=6.12s
  round  33/50: acc=0.6323  f1m=0.2921  uplink_kB=363.3  t=6.11s
  round  34/50: acc=0.6033  f1m=0.2605  uplink_kB=363.3  t=6.08s
  round  35/50: acc=0.3191  f1m=0.1834  uplink_kB=363.3  t=6.13s
  round  36/50: acc=0.4047  f1m=0.1933  uplink_kB=363.3  t=6.14s
  round  37/50: acc=0.3935  f1m=0.1897  uplink_kB=363.3  t=6.12s
  round  38/50: acc=0.3989  f1m=0.2206  uplink_kB=363.3  t=6.09s
  round  39/50: acc=0.3987  f1m=0.1915  uplink_kB=363.3  t=6.09s
  round  40/50: acc=0.3972  f1m=0.1909  uplink_kB=363.3  t=6.10s
  round  41/50: acc=0.4061  f1m=0.1990  uplink_kB=363.3  t=6.19s
  round  42/50: acc=0.4457  f1m=0.2084  uplink_kB=363.3  t=6.08s
  round  43/50: acc=0.3902  f1m=0.1972  uplink_kB=363.3  t=6.11s
  round  44/50: acc=0.3874  f1m=0.1951  uplink_kB=363.3  t=6.11s
  round  45/50: acc=0.4028  f1m=0.1834  uplink_kB=363.3  t=6.14s
  round  46/50: acc=0.3896  f1m=0.1970  uplink_kB=363.3  t=6.17s
  round  47/50: acc=0.4087  f1m=0.1879  uplink_kB=363.3  t=6.14s
  round  48/50: acc=0.2546  f1m=0.1099  uplink_kB=363.3  t=6.09s
  round  49/50: acc=0.4064  f1m=0.1849  uplink_kB=363.3  t=6.15s
  round  50/50: acc=0.3934  f1m=0.1980  uplink_kB=363.3  t=6.08s
[run] DONE -> /Users/agentra/Documents/hao/working/paper-lab/hao-paper-2026/iotj-fedkan-ids/repo/results/lrsweep_cseciic_mc/lrsweep_kan16_lr0p1__dir0.1__seed11/metrics.json  final_acc=0.3934
