[run] device=cpu  seed=42  out=/Users/agentra/Documents/hao/working/paper-lab/hao-paper-2026/iotj-fedkan-ids/repo/results/lrsweep_botiot/lrsweep_kan16_lr0p03__dir0.1__seed42
[run] model=kan  params=6,560
  round   1/50: acc=0.5289  f1m=0.3961  uplink_kB=282.0  t=2.52s
  round   2/50: acc=0.9698  f1m=0.9698  uplink_kB=282.0  t=1.96s
  round   3/50: acc=0.9703  f1m=0.9703  uplink_kB=282.0  t=1.93s
  round   4/50: acc=0.9746  f1m=0.9746  uplink_kB=282.0  t=1.94s
  round   5/50: acc=0.9739  f1m=0.9739  uplink_kB=282.0  t=1.97s
  round   6/50: acc=0.9746  f1m=0.9745  uplink_kB=282.0  t=1.83s
  round   7/50: acc=0.9750  f1m=0.9750  uplink_kB=282.0  t=1.97s
  round   8/50: acc=0.9691  f1m=0.9691  uplink_kB=282.0  t=1.94s
  round   9/50: acc=0.9748  f1m=0.9748  uplink_kB=282.0  t=1.86s
  round  10/50: acc=0.9716  f1m=0.9715  uplink_kB=282.0  t=2.00s
  round  11/50: acc=0.9746  f1m=0.9745  uplink_kB=282.0  t=1.94s
  round  12/50: acc=0.9746  f1m=0.9746  uplink_kB=282.0  t=1.85s
  round  13/50: acc=0.9719  f1m=0.9719  uplink_kB=282.0  t=1.95s
  round  14/50: acc=0.9747  f1m=0.9746  uplink_kB=282.0  t=2.14s
  round  15/50: acc=0.9692  f1m=0.9692  uplink_kB=282.0  t=2.01s
  round  16/50: acc=0.9715  f1m=0.9715  uplink_kB=282.0  t=1.94s
  round  17/50: acc=0.9713  f1m=0.9713  uplink_kB=282.0  t=2.01s
  round  18/50: acc=0.9717  f1m=0.9717  uplink_kB=282.0  t=1.92s
  round  19/50: acc=0.9746  f1m=0.9746  uplink_kB=282.0  t=1.95s
  round  20/50: acc=0.9748  f1m=0.9747  uplink_kB=282.0  t=1.94s
  round  21/50: acc=0.9716  f1m=0.9716  uplink_kB=282.0  t=1.95s
  round  22/50: acc=0.9750  f1m=0.9750  uplink_kB=282.0  t=1.89s
  round  23/50: acc=0.9748  f1m=0.9748  uplink_kB=282.0  t=2.01s
  round  24/50: acc=0.9717  f1m=0.9717  uplink_kB=282.0  t=1.94s
  round  25/50: acc=0.9748  f1m=0.9747  uplink_kB=282.0  t=1.81s
  round  26/50: acc=0.9747  f1m=0.9747  uplink_kB=282.0  t=1.92s
  round  27/50: acc=0.9746  f1m=0.9746  uplink_kB=282.0  t=1.86s
  round  28/50: acc=0.9747  f1m=0.9746  uplink_kB=282.0  t=1.88s
  round  29/50: acc=0.9714  f1m=0.9714  uplink_kB=282.0  t=1.95s
  round  30/50: acc=0.9746  f1m=0.9746  uplink_kB=282.0  t=1.89s
  round  31/50: acc=0.9752  f1m=0.9751  uplink_kB=282.0  t=1.91s
  round  32/50: acc=0.9754  f1m=0.9754  uplink_kB=282.0  t=1.82s
  round  33/50: acc=0.9962  f1m=0.9962  uplink_kB=282.0  t=1.86s
  round  34/50: acc=0.9752  f1m=0.9751  uplink_kB=282.0  t=1.87s
  round  35/50: acc=0.9753  f1m=0.9753  uplink_kB=282.0  t=1.88s
  round  36/50: acc=0.9751  f1m=0.9751  uplink_kB=282.0  t=1.91s
  round  37/50: acc=0.9756  f1m=0.9756  uplink_kB=282.0  t=1.89s
  round  38/50: acc=0.9754  f1m=0.9754  uplink_kB=282.0  t=1.90s
  round  39/50: acc=0.9751  f1m=0.9751  uplink_kB=282.0  t=1.80s
  round  40/50: acc=0.9756  f1m=0.9756  uplink_kB=282.0  t=1.89s
  round  41/50: acc=0.9750  f1m=0.9750  uplink_kB=282.0  t=1.87s
  round  42/50: acc=0.9756  f1m=0.9756  uplink_kB=282.0  t=1.83s
  round  43/50: acc=0.9972  f1m=0.9972  uplink_kB=282.0  t=1.86s
  round  44/50: acc=0.9752  f1m=0.9752  uplink_kB=282.0  t=1.88s
  round  45/50: acc=0.9758  f1m=0.9757  uplink_kB=282.0  t=1.89s
  round  46/50: acc=0.9754  f1m=0.9754  uplink_kB=282.0  t=1.83s
  round  47/50: acc=0.9962  f1m=0.9962  uplink_kB=282.0  t=1.86s
  round  48/50: acc=0.9756  f1m=0.9756  uplink_kB=282.0  t=1.86s
  round  49/50: acc=0.9965  f1m=0.9965  uplink_kB=282.0  t=1.88s
  round  50/50: acc=0.9738  f1m=0.9738  uplink_kB=282.0  t=1.82s
[run] DONE -> /Users/agentra/Documents/hao/working/paper-lab/hao-paper-2026/iotj-fedkan-ids/repo/results/lrsweep_botiot/lrsweep_kan16_lr0p03__dir0.1__seed42/metrics.json  final_acc=0.9738
