[run] device=cpu  seed=42  out=/Users/agentra/Documents/hao/working/paper-lab/hao-paper-2026/iotj-fedkan-ids/repo/results/lrsweep_cseciic_mc/lrsweep_kan16_lr0p01__dir0.1__seed42
[run] model=kan  params=8,640
  round   1/50: acc=0.3811  f1m=0.1797  uplink_kB=363.3  t=6.95s
  round   2/50: acc=0.4376  f1m=0.2041  uplink_kB=363.3  t=6.21s
  round   3/50: acc=0.5433  f1m=0.3880  uplink_kB=363.3  t=6.13s
  round   4/50: acc=0.7073  f1m=0.4791  uplink_kB=363.3  t=6.19s
  round   5/50: acc=0.7663  f1m=0.5207  uplink_kB=363.3  t=6.33s
  round   6/50: acc=0.7211  f1m=0.4912  uplink_kB=363.3  t=6.45s
  round   7/50: acc=0.8035  f1m=0.5455  uplink_kB=363.3  t=6.24s
  round   8/50: acc=0.8496  f1m=0.5787  uplink_kB=363.3  t=6.50s
  round   9/50: acc=0.8555  f1m=0.5855  uplink_kB=363.3  t=6.40s
  round  10/50: acc=0.8488  f1m=0.5784  uplink_kB=363.3  t=6.32s
  round  11/50: acc=0.8470  f1m=0.5780  uplink_kB=363.3  t=6.48s
  round  12/50: acc=0.8575  f1m=0.5894  uplink_kB=363.3  t=6.28s
  round  13/50: acc=0.8519  f1m=0.5852  uplink_kB=363.3  t=6.36s
  round  14/50: acc=0.8495  f1m=0.5892  uplink_kB=363.3  t=6.31s
  round  15/50: acc=0.8518  f1m=0.5922  uplink_kB=363.3  t=6.33s
  round  16/50: acc=0.8538  f1m=0.5938  uplink_kB=363.3  t=6.33s
  round  17/50: acc=0.8494  f1m=0.5902  uplink_kB=363.3  t=6.33s
  round  18/50: acc=0.8525  f1m=0.5929  uplink_kB=363.3  t=6.98s
  round  19/50: acc=0.8422  f1m=0.5846  uplink_kB=363.3  t=6.60s
  round  20/50: acc=0.8530  f1m=0.6519  uplink_kB=363.3  t=6.28s
  round  21/50: acc=0.8494  f1m=0.5898  uplink_kB=363.3  t=6.31s
  round  22/50: acc=0.8622  f1m=0.6470  uplink_kB=363.3  t=6.22s
  round  23/50: acc=0.8515  f1m=0.6370  uplink_kB=363.3  t=6.68s
  round  24/50: acc=0.8679  f1m=0.7152  uplink_kB=363.3  t=6.57s
  round  25/50: acc=0.8753  f1m=0.7484  uplink_kB=363.3  t=6.35s
  round  26/50: acc=0.8684  f1m=0.7134  uplink_kB=363.3  t=6.47s
  round  27/50: acc=0.8764  f1m=0.7414  uplink_kB=363.3  t=6.13s
  round  28/50: acc=0.8753  f1m=0.7148  uplink_kB=363.3  t=6.27s
  round  29/50: acc=0.8805  f1m=0.7430  uplink_kB=363.3  t=7.13s
  round  30/50: acc=0.8819  f1m=0.7433  uplink_kB=363.3  t=6.38s
  round  31/50: acc=0.8754  f1m=0.7157  uplink_kB=363.3  t=6.33s
  round  32/50: acc=0.8879  f1m=0.7482  uplink_kB=363.3  t=6.28s
  round  33/50: acc=0.8832  f1m=0.7415  uplink_kB=363.3  t=6.34s
  round  34/50: acc=0.8900  f1m=0.7495  uplink_kB=363.3  t=6.45s
  round  35/50: acc=0.8777  f1m=0.7360  uplink_kB=363.3  t=6.51s
  round  36/50: acc=0.8813  f1m=0.7418  uplink_kB=363.3  t=6.47s
  round  37/50: acc=0.8928  f1m=0.7567  uplink_kB=363.3  t=6.50s
  round  38/50: acc=0.8798  f1m=0.7380  uplink_kB=363.3  t=6.25s
  round  39/50: acc=0.8883  f1m=0.7460  uplink_kB=363.3  t=6.39s
  round  40/50: acc=0.8854  f1m=0.7397  uplink_kB=363.3  t=6.39s
  round  41/50: acc=0.8839  f1m=0.7471  uplink_kB=363.3  t=6.93s
  round  42/50: acc=0.8886  f1m=0.7492  uplink_kB=363.3  t=6.39s
  round  43/50: acc=0.8932  f1m=0.7556  uplink_kB=363.3  t=6.30s
  round  44/50: acc=0.8854  f1m=0.7469  uplink_kB=363.3  t=6.23s
  round  45/50: acc=0.8879  f1m=0.7488  uplink_kB=363.3  t=6.36s
  round  46/50: acc=0.8901  f1m=0.7662  uplink_kB=363.3  t=6.32s
  round  47/50: acc=0.8946  f1m=0.7587  uplink_kB=363.3  t=6.41s
  round  48/50: acc=0.8904  f1m=0.7619  uplink_kB=363.3  t=6.89s
  round  49/50: acc=0.8934  f1m=0.7601  uplink_kB=363.3  t=6.42s
  round  50/50: acc=0.8907  f1m=0.7538  uplink_kB=363.3  t=6.23s
[run] DONE -> /Users/agentra/Documents/hao/working/paper-lab/hao-paper-2026/iotj-fedkan-ids/repo/results/lrsweep_cseciic_mc/lrsweep_kan16_lr0p01__dir0.1__seed42/metrics.json  final_acc=0.8907
