[run] device=cpu  seed=23  out=/Users/agentra/Documents/hao/working/paper-lab/hao-paper-2026/iotj-fedkan-ids/repo/results/lrsweep_cseciic_mc/lrsweep_kan16_lr0p01__dir0.1__seed23
[run] model=kan  params=8,640
  round   1/50: acc=0.4692  f1m=0.2396  uplink_kB=363.3  t=7.34s
  round   2/50: acc=0.6408  f1m=0.3892  uplink_kB=363.3  t=6.33s
  round   3/50: acc=0.7072  f1m=0.4783  uplink_kB=363.3  t=6.37s
  round   4/50: acc=0.8216  f1m=0.5011  uplink_kB=363.3  t=6.44s
  round   5/50: acc=0.8447  f1m=0.6248  uplink_kB=363.3  t=6.59s
  round   6/50: acc=0.8589  f1m=0.6361  uplink_kB=363.3  t=6.36s
  round   7/50: acc=0.8705  f1m=0.6664  uplink_kB=363.3  t=7.48s
  round   8/50: acc=0.8739  f1m=0.6720  uplink_kB=363.3  t=6.68s
  round   9/50: acc=0.8727  f1m=0.6793  uplink_kB=363.3  t=6.52s
  round  10/50: acc=0.8651  f1m=0.6420  uplink_kB=363.3  t=6.40s
  round  11/50: acc=0.8733  f1m=0.6766  uplink_kB=363.3  t=6.38s
  round  12/50: acc=0.8665  f1m=0.6479  uplink_kB=363.3  t=6.39s
  round  13/50: acc=0.8728  f1m=0.6782  uplink_kB=363.3  t=6.22s
  round  14/50: acc=0.8700  f1m=0.6566  uplink_kB=363.3  t=6.86s
  round  15/50: acc=0.8798  f1m=0.6815  uplink_kB=363.3  t=7.00s
  round  16/50: acc=0.8808  f1m=0.6869  uplink_kB=363.3  t=7.61s
  round  17/50: acc=0.8686  f1m=0.6789  uplink_kB=363.3  t=6.99s
  round  18/50: acc=0.8793  f1m=0.7161  uplink_kB=363.3  t=6.32s
  round  19/50: acc=0.8718  f1m=0.6807  uplink_kB=363.3  t=6.68s
  round  20/50: acc=0.8798  f1m=0.7079  uplink_kB=363.3  t=6.53s
  round  21/50: acc=0.8706  f1m=0.6813  uplink_kB=363.3  t=6.34s
  round  22/50: acc=0.8840  f1m=0.7363  uplink_kB=363.3  t=6.38s
  round  23/50: acc=0.8875  f1m=0.7187  uplink_kB=363.3  t=6.24s
  round  24/50: acc=0.8852  f1m=0.6875  uplink_kB=363.3  t=6.59s
  round  25/50: acc=0.8914  f1m=0.7427  uplink_kB=363.3  t=6.70s
  round  26/50: acc=0.8930  f1m=0.7508  uplink_kB=363.3  t=6.39s
  round  27/50: acc=0.8858  f1m=0.7270  uplink_kB=363.3  t=6.29s
  round  28/50: acc=0.8917  f1m=0.7608  uplink_kB=363.3  t=6.85s
  round  29/50: acc=0.8902  f1m=0.7459  uplink_kB=363.3  t=6.49s
  round  30/50: acc=0.8914  f1m=0.7469  uplink_kB=363.3  t=6.27s
  round  31/50: acc=0.8936  f1m=0.7673  uplink_kB=363.3  t=6.31s
  round  32/50: acc=0.8883  f1m=0.7462  uplink_kB=363.3  t=6.48s
  round  33/50: acc=0.8910  f1m=0.7479  uplink_kB=363.3  t=6.47s
  round  34/50: acc=0.8933  f1m=0.7701  uplink_kB=363.3  t=6.55s
  round  35/50: acc=0.8885  f1m=0.7661  uplink_kB=363.3  t=6.37s
  round  36/50: acc=0.8862  f1m=0.7635  uplink_kB=363.3  t=6.42s
  round  37/50: acc=0.8914  f1m=0.7665  uplink_kB=363.3  t=6.35s
  round  38/50: acc=0.8864  f1m=0.7587  uplink_kB=363.3  t=6.46s
  round  39/50: acc=0.8933  f1m=0.7681  uplink_kB=363.3  t=6.31s
  round  40/50: acc=0.8888  f1m=0.7449  uplink_kB=363.3  t=6.32s
  round  41/50: acc=0.8872  f1m=0.7607  uplink_kB=363.3  t=6.29s
  round  42/50: acc=0.8919  f1m=0.7663  uplink_kB=363.3  t=7.46s
  round  43/50: acc=0.8941  f1m=0.7718  uplink_kB=363.3  t=6.67s
  round  44/50: acc=0.8922  f1m=0.7666  uplink_kB=363.3  t=6.60s
  round  45/50: acc=0.8921  f1m=0.7666  uplink_kB=363.3  t=6.54s
  round  46/50: acc=0.8899  f1m=0.7629  uplink_kB=363.3  t=6.29s
  round  47/50: acc=0.8941  f1m=0.7629  uplink_kB=363.3  t=6.35s
  round  48/50: acc=0.8855  f1m=0.7399  uplink_kB=363.3  t=6.30s
  round  49/50: acc=0.8936  f1m=0.7665  uplink_kB=363.3  t=7.10s
  round  50/50: acc=0.8906  f1m=0.7639  uplink_kB=363.3  t=6.36s
[run] DONE -> /Users/agentra/Documents/hao/working/paper-lab/hao-paper-2026/iotj-fedkan-ids/repo/results/lrsweep_cseciic_mc/lrsweep_kan16_lr0p01__dir0.1__seed23/metrics.json  final_acc=0.8906
