[run] device=cpu  seed=11  out=/Users/agentra/Documents/hao/working/paper-lab/hao-paper-2026/iotj-fedkan-ids/repo/results/lrsweep_toniot/lrsweep_mlp32_lr0p01__dir0.1__seed11
[run] model=mlp  params=1,346
  round   1/50: acc=0.6886  f1m=0.6884  uplink_kB=52.6  t=1.31s
  round   2/50: acc=0.6556  f1m=0.6498  uplink_kB=52.6  t=0.69s
  round   3/50: acc=0.6511  f1m=0.6447  uplink_kB=52.6  t=0.65s
  round   4/50: acc=0.6619  f1m=0.6572  uplink_kB=52.6  t=0.66s
  round   5/50: acc=0.6585  f1m=0.6542  uplink_kB=52.6  t=0.62s
  round   6/50: acc=0.6715  f1m=0.6697  uplink_kB=52.6  t=0.69s
  round   7/50: acc=0.6750  f1m=0.6742  uplink_kB=52.6  t=0.74s
  round   8/50: acc=0.6593  f1m=0.6593  uplink_kB=52.6  t=0.68s
  round   9/50: acc=0.6836  f1m=0.6780  uplink_kB=52.6  t=0.68s
  round  10/50: acc=0.6709  f1m=0.6604  uplink_kB=52.6  t=0.68s
  round  11/50: acc=0.6642  f1m=0.6495  uplink_kB=52.6  t=0.67s
  round  12/50: acc=0.6679  f1m=0.6513  uplink_kB=52.6  t=0.64s
  round  13/50: acc=0.6690  f1m=0.6511  uplink_kB=52.6  t=0.68s
  round  14/50: acc=0.6708  f1m=0.6515  uplink_kB=52.6  t=0.72s
  round  15/50: acc=0.6754  f1m=0.6547  uplink_kB=52.6  t=0.64s
  round  16/50: acc=0.6785  f1m=0.6594  uplink_kB=52.6  t=0.65s
  round  17/50: acc=0.6791  f1m=0.6589  uplink_kB=52.6  t=0.72s
  round  18/50: acc=0.6818  f1m=0.6623  uplink_kB=52.6  t=0.67s
  round  19/50: acc=0.6726  f1m=0.6486  uplink_kB=52.6  t=0.71s
  round  20/50: acc=0.6845  f1m=0.6661  uplink_kB=52.6  t=0.70s
  round  21/50: acc=0.6848  f1m=0.6650  uplink_kB=52.6  t=0.74s
  round  22/50: acc=0.6906  f1m=0.6753  uplink_kB=52.6  t=0.69s
  round  23/50: acc=0.6874  f1m=0.6692  uplink_kB=52.6  t=0.71s
  round  24/50: acc=0.6888  f1m=0.6715  uplink_kB=52.6  t=0.62s
  round  25/50: acc=0.6904  f1m=0.6732  uplink_kB=52.6  t=0.68s
  round  26/50: acc=0.6932  f1m=0.6770  uplink_kB=52.6  t=0.65s
  round  27/50: acc=0.6964  f1m=0.6813  uplink_kB=52.6  t=0.66s
  round  28/50: acc=0.6885  f1m=0.6703  uplink_kB=52.6  t=0.66s
  round  29/50: acc=0.6941  f1m=0.6776  uplink_kB=52.6  t=0.66s
  round  30/50: acc=0.6972  f1m=0.6814  uplink_kB=52.6  t=0.67s
  round  31/50: acc=0.6918  f1m=0.6744  uplink_kB=52.6  t=0.66s
  round  32/50: acc=0.6889  f1m=0.6702  uplink_kB=52.6  t=0.61s
  round  33/50: acc=0.7083  f1m=0.6949  uplink_kB=52.6  t=0.72s
  round  34/50: acc=0.7054  f1m=0.6906  uplink_kB=52.6  t=0.67s
  round  35/50: acc=0.7119  f1m=0.6996  uplink_kB=52.6  t=0.68s
  round  36/50: acc=0.7104  f1m=0.6976  uplink_kB=52.6  t=0.69s
  round  37/50: acc=0.7086  f1m=0.6942  uplink_kB=52.6  t=0.62s
  round  38/50: acc=0.7120  f1m=0.6996  uplink_kB=52.6  t=0.68s
  round  39/50: acc=0.7115  f1m=0.6987  uplink_kB=52.6  t=0.68s
  round  40/50: acc=0.7127  f1m=0.7001  uplink_kB=52.6  t=0.66s
  round  41/50: acc=0.7126  f1m=0.6998  uplink_kB=52.6  t=0.69s
  round  42/50: acc=0.7129  f1m=0.6997  uplink_kB=52.6  t=0.68s
  round  43/50: acc=0.7131  f1m=0.7002  uplink_kB=52.6  t=0.64s
  round  44/50: acc=0.7153  f1m=0.7029  uplink_kB=52.6  t=0.69s
  round  45/50: acc=0.7120  f1m=0.6984  uplink_kB=52.6  t=0.70s
  round  46/50: acc=0.7130  f1m=0.7000  uplink_kB=52.6  t=0.67s
  round  47/50: acc=0.7127  f1m=0.6994  uplink_kB=52.6  t=0.64s
  round  48/50: acc=0.7132  f1m=0.7001  uplink_kB=52.6  t=0.64s
  round  49/50: acc=0.7180  f1m=0.7064  uplink_kB=52.6  t=0.58s
  round  50/50: acc=0.7126  f1m=0.6988  uplink_kB=52.6  t=0.64s
[run] DONE -> /Users/agentra/Documents/hao/working/paper-lab/hao-paper-2026/iotj-fedkan-ids/repo/results/lrsweep_toniot/lrsweep_mlp32_lr0p01__dir0.1__seed11/metrics.json  final_acc=0.7126
