[run] device=cpu  seed=11  out=/Users/agentra/Documents/hao/working/paper-lab/hao-paper-2026/iotj-fedkan-ids/repo/results/lrsweep_cseciic_mc/lrsweep_kan16_lr0p03__dir0.1__seed11
[run] model=kan  params=8,640
  round   1/50: acc=0.3354  f1m=0.0910  uplink_kB=363.3  t=7.00s
  round   2/50: acc=0.6925  f1m=0.3354  uplink_kB=363.3  t=6.36s
  round   3/50: acc=0.7689  f1m=0.4083  uplink_kB=363.3  t=6.22s
  round   4/50: acc=0.8194  f1m=0.4987  uplink_kB=363.3  t=6.27s
  round   5/50: acc=0.8415  f1m=0.5544  uplink_kB=363.3  t=6.20s
  round   6/50: acc=0.8542  f1m=0.5728  uplink_kB=363.3  t=6.49s
  round   7/50: acc=0.8466  f1m=0.6175  uplink_kB=363.3  t=6.30s
  round   8/50: acc=0.8540  f1m=0.6344  uplink_kB=363.3  t=6.42s
  round   9/50: acc=0.8424  f1m=0.5985  uplink_kB=363.3  t=6.36s
  round  10/50: acc=0.8291  f1m=0.6141  uplink_kB=363.3  t=6.37s
  round  11/50: acc=0.8563  f1m=0.6402  uplink_kB=363.3  t=6.38s
  round  12/50: acc=0.8565  f1m=0.6453  uplink_kB=363.3  t=6.31s
  round  13/50: acc=0.8499  f1m=0.6194  uplink_kB=363.3  t=6.36s
  round  14/50: acc=0.8568  f1m=0.6639  uplink_kB=363.3  t=6.19s
  round  15/50: acc=0.8429  f1m=0.6217  uplink_kB=363.3  t=6.36s
  round  16/50: acc=0.8497  f1m=0.6328  uplink_kB=363.3  t=6.24s
  round  17/50: acc=0.8495  f1m=0.6299  uplink_kB=363.3  t=6.29s
  round  18/50: acc=0.8541  f1m=0.6304  uplink_kB=363.3  t=6.86s
  round  19/50: acc=0.8522  f1m=0.6295  uplink_kB=363.3  t=6.52s
  round  20/50: acc=0.8475  f1m=0.6382  uplink_kB=363.3  t=6.36s
  round  21/50: acc=0.8563  f1m=0.6685  uplink_kB=363.3  t=6.18s
  round  22/50: acc=0.8470  f1m=0.6385  uplink_kB=363.3  t=6.11s
  round  23/50: acc=0.8471  f1m=0.6340  uplink_kB=363.3  t=6.63s
  round  24/50: acc=0.8534  f1m=0.6537  uplink_kB=363.3  t=6.63s
  round  25/50: acc=0.8484  f1m=0.6407  uplink_kB=363.3  t=6.37s
  round  26/50: acc=0.8580  f1m=0.6608  uplink_kB=363.3  t=6.54s
  round  27/50: acc=0.8502  f1m=0.6627  uplink_kB=363.3  t=6.38s
  round  28/50: acc=0.8441  f1m=0.6309  uplink_kB=363.3  t=6.23s
  round  29/50: acc=0.8529  f1m=0.6515  uplink_kB=363.3  t=7.04s
  round  30/50: acc=0.8499  f1m=0.6427  uplink_kB=363.3  t=6.29s
  round  31/50: acc=0.8603  f1m=0.6660  uplink_kB=363.3  t=6.39s
  round  32/50: acc=0.8449  f1m=0.6210  uplink_kB=363.3  t=6.26s
  round  33/50: acc=0.8653  f1m=0.6722  uplink_kB=363.3  t=6.39s
  round  34/50: acc=0.8505  f1m=0.6411  uplink_kB=363.3  t=6.31s
  round  35/50: acc=0.8588  f1m=0.6615  uplink_kB=363.3  t=6.56s
  round  36/50: acc=0.8586  f1m=0.6513  uplink_kB=363.3  t=6.40s
  round  37/50: acc=0.8447  f1m=0.6019  uplink_kB=363.3  t=6.45s
  round  38/50: acc=0.8560  f1m=0.6445  uplink_kB=363.3  t=6.28s
  round  39/50: acc=0.8609  f1m=0.6479  uplink_kB=363.3  t=6.36s
  round  40/50: acc=0.8440  f1m=0.6037  uplink_kB=363.3  t=6.33s
  round  41/50: acc=0.8652  f1m=0.6505  uplink_kB=363.3  t=7.04s
  round  42/50: acc=0.8488  f1m=0.6344  uplink_kB=363.3  t=6.33s
  round  43/50: acc=0.8549  f1m=0.6531  uplink_kB=363.3  t=6.16s
  round  44/50: acc=0.8549  f1m=0.6483  uplink_kB=363.3  t=6.34s
  round  45/50: acc=0.8472  f1m=0.6331  uplink_kB=363.3  t=6.36s
  round  46/50: acc=0.8649  f1m=0.6614  uplink_kB=363.3  t=6.31s
  round  47/50: acc=0.8447  f1m=0.6097  uplink_kB=363.3  t=6.26s
  round  48/50: acc=0.8562  f1m=0.6535  uplink_kB=363.3  t=6.85s
  round  49/50: acc=0.8514  f1m=0.6422  uplink_kB=363.3  t=6.41s
  round  50/50: acc=0.8618  f1m=0.6620  uplink_kB=363.3  t=6.34s
[run] DONE -> /Users/agentra/Documents/hao/working/paper-lab/hao-paper-2026/iotj-fedkan-ids/repo/results/lrsweep_cseciic_mc/lrsweep_kan16_lr0p03__dir0.1__seed11/metrics.json  final_acc=0.8618
