[run] device=cpu  seed=112  out=/Users/agentra/Documents/hao/working/paper-lab/hao-paper-2026/iotj-fedkan-ids/repo/results/lrsweep_cseciic_mc50k/lrsweep_mlp80_lr0p01__dir0.1__seed112
[run] model=mlp  params=4,415
  round   1/50: acc=0.1217  f1m=0.0145  uplink_kB=172.5  t=2.11s
  round   2/50: acc=0.4269  f1m=0.1900  uplink_kB=172.5  t=1.22s
  round   3/50: acc=0.5019  f1m=0.2501  uplink_kB=172.5  t=1.27s
  round   4/50: acc=0.5834  f1m=0.3184  uplink_kB=172.5  t=1.30s
  round   5/50: acc=0.5943  f1m=0.3824  uplink_kB=172.5  t=1.31s
  round   6/50: acc=0.6278  f1m=0.4071  uplink_kB=172.5  t=1.24s
  round   7/50: acc=0.6999  f1m=0.4134  uplink_kB=172.5  t=1.31s
  round   8/50: acc=0.7222  f1m=0.5305  uplink_kB=172.5  t=1.24s
  round   9/50: acc=0.8008  f1m=0.5516  uplink_kB=172.5  t=1.24s
  round  10/50: acc=0.8031  f1m=0.5540  uplink_kB=172.5  t=1.17s
  round  11/50: acc=0.7985  f1m=0.5977  uplink_kB=172.5  t=1.28s
  round  12/50: acc=0.8107  f1m=0.6043  uplink_kB=172.5  t=1.25s
  round  13/50: acc=0.8136  f1m=0.6075  uplink_kB=172.5  t=1.30s
  round  14/50: acc=0.8143  f1m=0.6115  uplink_kB=172.5  t=1.24s
  round  15/50: acc=0.8179  f1m=0.6202  uplink_kB=172.5  t=1.30s
  round  16/50: acc=0.8138  f1m=0.6159  uplink_kB=172.5  t=1.21s
  round  17/50: acc=0.8176  f1m=0.6194  uplink_kB=172.5  t=1.27s
  round  18/50: acc=0.8239  f1m=0.6263  uplink_kB=172.5  t=1.22s
  round  19/50: acc=0.8208  f1m=0.6118  uplink_kB=172.5  t=1.28s
  round  20/50: acc=0.8262  f1m=0.6250  uplink_kB=172.5  t=1.18s
  round  21/50: acc=0.8188  f1m=0.6218  uplink_kB=172.5  t=1.31s
  round  22/50: acc=0.8213  f1m=0.6242  uplink_kB=172.5  t=1.23s
  round  23/50: acc=0.8212  f1m=0.6246  uplink_kB=172.5  t=1.30s
  round  24/50: acc=0.8197  f1m=0.6227  uplink_kB=172.5  t=1.21s
  round  25/50: acc=0.8250  f1m=0.6294  uplink_kB=172.5  t=1.29s
  round  26/50: acc=0.8364  f1m=0.6350  uplink_kB=172.5  t=1.21s
  round  27/50: acc=0.8248  f1m=0.6421  uplink_kB=172.5  t=1.29s
  round  28/50: acc=0.8452  f1m=0.6532  uplink_kB=172.5  t=1.20s
  round  29/50: acc=0.8429  f1m=0.6385  uplink_kB=172.5  t=1.31s
  round  30/50: acc=0.8480  f1m=0.6553  uplink_kB=172.5  t=1.20s
  round  31/50: acc=0.8440  f1m=0.6529  uplink_kB=172.5  t=1.30s
  round  32/50: acc=0.8497  f1m=0.6560  uplink_kB=172.5  t=1.23s
  round  33/50: acc=0.8492  f1m=0.6565  uplink_kB=172.5  t=1.25s
  round  34/50: acc=0.8488  f1m=0.6560  uplink_kB=172.5  t=1.21s
  round  35/50: acc=0.8506  f1m=0.6575  uplink_kB=172.5  t=1.26s
  round  36/50: acc=0.8489  f1m=0.6618  uplink_kB=172.5  t=1.21s
  round  37/50: acc=0.8501  f1m=0.6608  uplink_kB=172.5  t=1.31s
  round  38/50: acc=0.8519  f1m=0.6642  uplink_kB=172.5  t=1.21s
  round  39/50: acc=0.8523  f1m=0.6648  uplink_kB=172.5  t=1.26s
  round  40/50: acc=0.8552  f1m=0.6643  uplink_kB=172.5  t=1.23s
  round  41/50: acc=0.8428  f1m=0.6594  uplink_kB=172.5  t=1.25s
  round  42/50: acc=0.8475  f1m=0.6612  uplink_kB=172.5  t=1.18s
  round  43/50: acc=0.8561  f1m=0.6675  uplink_kB=172.5  t=1.25s
  round  44/50: acc=0.8491  f1m=0.6630  uplink_kB=172.5  t=1.18s
  round  45/50: acc=0.8554  f1m=0.6646  uplink_kB=172.5  t=1.30s
  round  46/50: acc=0.8548  f1m=0.6670  uplink_kB=172.5  t=1.23s
  round  47/50: acc=0.8489  f1m=0.6631  uplink_kB=172.5  t=1.27s
  round  48/50: acc=0.8484  f1m=0.6616  uplink_kB=172.5  t=1.22s
  round  49/50: acc=0.8533  f1m=0.6658  uplink_kB=172.5  t=1.29s
  round  50/50: acc=0.8458  f1m=0.6600  uplink_kB=172.5  t=1.32s
[run] DONE -> /Users/agentra/Documents/hao/working/paper-lab/hao-paper-2026/iotj-fedkan-ids/repo/results/lrsweep_cseciic_mc50k/lrsweep_mlp80_lr0p01__dir0.1__seed112/metrics.json  final_acc=0.8458
