[run] device=cpu  seed=31  out=/Users/agentra/Documents/hao/working/paper-lab/hao-paper-2026/iotj-fedkan-ids/repo/results/lrsweep_botiot/lrsweep_mlp80_lr0p0003__dir0.1__seed31
[run] model=mlp  params=3,362
  round   1/50: acc=0.4986  f1m=0.3328  uplink_kB=131.3  t=1.41s
  round   2/50: acc=0.7375  f1m=0.7284  uplink_kB=131.3  t=0.72s
  round   3/50: acc=0.7024  f1m=0.6822  uplink_kB=131.3  t=0.68s
  round   4/50: acc=0.5070  f1m=0.3469  uplink_kB=131.3  t=0.72s
  round   5/50: acc=0.5041  f1m=0.3404  uplink_kB=131.3  t=0.70s
  round   6/50: acc=0.5034  f1m=0.3389  uplink_kB=131.3  t=0.75s
  round   7/50: acc=0.5034  f1m=0.3389  uplink_kB=131.3  t=0.69s
  round   8/50: acc=0.5038  f1m=0.3398  uplink_kB=131.3  t=0.67s
  round   9/50: acc=0.5046  f1m=0.3416  uplink_kB=131.3  t=0.66s
  round  10/50: acc=0.5058  f1m=0.3442  uplink_kB=131.3  t=0.60s
  round  11/50: acc=0.5073  f1m=0.3475  uplink_kB=131.3  t=0.73s
  round  12/50: acc=0.5093  f1m=0.3518  uplink_kB=131.3  t=0.64s
  round  13/50: acc=0.5111  f1m=0.3556  uplink_kB=131.3  t=0.71s
  round  14/50: acc=0.5132  f1m=0.3602  uplink_kB=131.3  t=0.65s
  round  15/50: acc=0.5147  f1m=0.3634  uplink_kB=131.3  t=0.68s
  round  16/50: acc=0.5160  f1m=0.3662  uplink_kB=131.3  t=0.65s
  round  17/50: acc=0.5208  f1m=0.3764  uplink_kB=131.3  t=0.64s
  round  18/50: acc=0.5403  f1m=0.4156  uplink_kB=131.3  t=0.69s
  round  19/50: acc=0.5814  f1m=0.4914  uplink_kB=131.3  t=0.68s
  round  20/50: acc=0.6306  f1m=0.5714  uplink_kB=131.3  t=0.70s
  round  21/50: acc=0.6673  f1m=0.6253  uplink_kB=131.3  t=0.68s
  round  22/50: acc=0.6758  f1m=0.6371  uplink_kB=131.3  t=0.65s
  round  23/50: acc=0.6823  f1m=0.6462  uplink_kB=131.3  t=0.64s
  round  24/50: acc=0.6837  f1m=0.6481  uplink_kB=131.3  t=0.68s
  round  25/50: acc=0.6857  f1m=0.6508  uplink_kB=131.3  t=0.67s
  round  26/50: acc=0.7358  f1m=0.7218  uplink_kB=131.3  t=0.71s
  round  27/50: acc=0.7365  f1m=0.7230  uplink_kB=131.3  t=0.69s
  round  28/50: acc=0.8114  f1m=0.8073  uplink_kB=131.3  t=0.61s
  round  29/50: acc=0.8352  f1m=0.8327  uplink_kB=131.3  t=0.66s
  round  30/50: acc=0.8360  f1m=0.8336  uplink_kB=131.3  t=0.70s
  round  31/50: acc=0.8386  f1m=0.8363  uplink_kB=131.3  t=0.70s
  round  32/50: acc=0.8387  f1m=0.8365  uplink_kB=131.3  t=0.69s
  round  33/50: acc=0.8410  f1m=0.8389  uplink_kB=131.3  t=0.71s
  round  34/50: acc=0.8462  f1m=0.8443  uplink_kB=131.3  t=0.65s
  round  35/50: acc=0.8481  f1m=0.8464  uplink_kB=131.3  t=0.69s
  round  36/50: acc=0.8643  f1m=0.8632  uplink_kB=131.3  t=0.69s
  round  37/50: acc=0.8660  f1m=0.8649  uplink_kB=131.3  t=0.70s
  round  38/50: acc=0.8662  f1m=0.8652  uplink_kB=131.3  t=0.70s
  round  39/50: acc=0.8666  f1m=0.8656  uplink_kB=131.3  t=0.67s
  round  40/50: acc=0.8648  f1m=0.8638  uplink_kB=131.3  t=0.62s
  round  41/50: acc=0.8701  f1m=0.8692  uplink_kB=131.3  t=0.73s
  round  42/50: acc=0.8763  f1m=0.8757  uplink_kB=131.3  t=0.67s
  round  43/50: acc=0.8826  f1m=0.8821  uplink_kB=131.3  t=0.66s
  round  44/50: acc=0.8835  f1m=0.8830  uplink_kB=131.3  t=0.66s
  round  45/50: acc=0.9071  f1m=0.9069  uplink_kB=131.3  t=0.69s
  round  46/50: acc=0.9084  f1m=0.9082  uplink_kB=131.3  t=0.66s
  round  47/50: acc=0.9089  f1m=0.9087  uplink_kB=131.3  t=0.73s
  round  48/50: acc=0.9092  f1m=0.9090  uplink_kB=131.3  t=0.76s
  round  49/50: acc=0.9094  f1m=0.9092  uplink_kB=131.3  t=0.70s
  round  50/50: acc=0.9095  f1m=0.9094  uplink_kB=131.3  t=0.69s
[run] DONE -> /Users/agentra/Documents/hao/working/paper-lab/hao-paper-2026/iotj-fedkan-ids/repo/results/lrsweep_botiot/lrsweep_mlp80_lr0p0003__dir0.1__seed31/metrics.json  final_acc=0.9095
