[run] device=cpu  seed=17  out=/Users/agentra/Documents/hao/working/paper-lab/hao-paper-2026/iotj-fedkan-ids/repo/results/lrsweep_cseciic_mc50k/lrsweep_mlp80_lr0p003__dir0.1__seed17
[run] model=mlp  params=4,415
  round   1/50: acc=0.2979  f1m=0.1163  uplink_kB=172.5  t=1.57s
  round   2/50: acc=0.3642  f1m=0.1594  uplink_kB=172.5  t=1.14s
  round   3/50: acc=0.4115  f1m=0.1878  uplink_kB=172.5  t=1.06s
  round   4/50: acc=0.5389  f1m=0.2936  uplink_kB=172.5  t=1.00s
  round   5/50: acc=0.5809  f1m=0.3328  uplink_kB=172.5  t=1.07s
  round   6/50: acc=0.6321  f1m=0.3870  uplink_kB=172.5  t=1.01s
  round   7/50: acc=0.6319  f1m=0.3851  uplink_kB=172.5  t=1.05s
  round   8/50: acc=0.6349  f1m=0.3859  uplink_kB=172.5  t=1.04s
  round   9/50: acc=0.6407  f1m=0.4528  uplink_kB=172.5  t=1.08s
  round  10/50: acc=0.6512  f1m=0.4573  uplink_kB=172.5  t=1.08s
  round  11/50: acc=0.6517  f1m=0.4358  uplink_kB=172.5  t=1.10s
  round  12/50: acc=0.6533  f1m=0.4346  uplink_kB=172.5  t=1.02s
  round  13/50: acc=0.6537  f1m=0.4350  uplink_kB=172.5  t=1.07s
  round  14/50: acc=0.6549  f1m=0.4364  uplink_kB=172.5  t=1.00s
  round  15/50: acc=0.6575  f1m=0.4386  uplink_kB=172.5  t=1.05s
  round  16/50: acc=0.6601  f1m=0.4427  uplink_kB=172.5  t=1.08s
  round  17/50: acc=0.7333  f1m=0.5059  uplink_kB=172.5  t=1.13s
  round  18/50: acc=0.7355  f1m=0.5103  uplink_kB=172.5  t=1.02s
  round  19/50: acc=0.7394  f1m=0.5164  uplink_kB=172.5  t=1.09s
  round  20/50: acc=0.7519  f1m=0.5239  uplink_kB=172.5  t=1.04s
  round  21/50: acc=0.7566  f1m=0.5333  uplink_kB=172.5  t=1.11s
  round  22/50: acc=0.7663  f1m=0.5453  uplink_kB=172.5  t=1.07s
  round  23/50: acc=0.7667  f1m=0.5446  uplink_kB=172.5  t=1.16s
  round  24/50: acc=0.7677  f1m=0.5458  uplink_kB=172.5  t=1.04s
  round  25/50: acc=0.7694  f1m=0.5489  uplink_kB=172.5  t=1.07s
  round  26/50: acc=0.7672  f1m=0.5452  uplink_kB=172.5  t=1.06s
  round  27/50: acc=0.7649  f1m=0.5411  uplink_kB=172.5  t=1.08s
  round  28/50: acc=0.7648  f1m=0.5452  uplink_kB=172.5  t=1.07s
  round  29/50: acc=0.7664  f1m=0.5493  uplink_kB=172.5  t=1.09s
  round  30/50: acc=0.7746  f1m=0.5631  uplink_kB=172.5  t=1.02s
  round  31/50: acc=0.7715  f1m=0.5555  uplink_kB=172.5  t=1.07s
  round  32/50: acc=0.7767  f1m=0.5602  uplink_kB=172.5  t=1.03s
  round  33/50: acc=0.7798  f1m=0.5629  uplink_kB=172.5  t=1.09s
  round  34/50: acc=0.7735  f1m=0.5589  uplink_kB=172.5  t=1.02s
  round  35/50: acc=0.7726  f1m=0.5577  uplink_kB=172.5  t=1.11s
  round  36/50: acc=0.7782  f1m=0.5640  uplink_kB=172.5  t=1.04s
  round  37/50: acc=0.7859  f1m=0.5679  uplink_kB=172.5  t=1.11s
  round  38/50: acc=0.7844  f1m=0.5665  uplink_kB=172.5  t=1.07s
  round  39/50: acc=0.7844  f1m=0.5688  uplink_kB=172.5  t=1.06s
  round  40/50: acc=0.7815  f1m=0.5630  uplink_kB=172.5  t=1.03s
  round  41/50: acc=0.7832  f1m=0.5654  uplink_kB=172.5  t=1.09s
  round  42/50: acc=0.8039  f1m=0.5807  uplink_kB=172.5  t=1.07s
  round  43/50: acc=0.7889  f1m=0.5686  uplink_kB=172.5  t=1.09s
  round  44/50: acc=0.8118  f1m=0.5905  uplink_kB=172.5  t=1.03s
  round  45/50: acc=0.7984  f1m=0.5757  uplink_kB=172.5  t=1.11s
  round  46/50: acc=0.8057  f1m=0.5829  uplink_kB=172.5  t=1.02s
  round  47/50: acc=0.7959  f1m=0.5760  uplink_kB=172.5  t=1.11s
  round  48/50: acc=0.8139  f1m=0.5911  uplink_kB=172.5  t=1.09s
  round  49/50: acc=0.8110  f1m=0.5884  uplink_kB=172.5  t=1.04s
  round  50/50: acc=0.8136  f1m=0.5904  uplink_kB=172.5  t=1.05s
[run] DONE -> /Users/agentra/Documents/hao/working/paper-lab/hao-paper-2026/iotj-fedkan-ids/repo/results/lrsweep_cseciic_mc50k/lrsweep_mlp80_lr0p003__dir0.1__seed17/metrics.json  final_acc=0.8136
