[run] device=cpu  seed=43  out=/Users/agentra/Documents/hao/working/paper-lab/hao-paper-2026/iotj-fedkan-ids/repo/results/lrsweep_botiot/lrsweep_mlp32_lr0p1__dir0.1__seed43
[run] model=mlp  params=1,346
  round   1/50: acc=0.5604  f1m=0.4542  uplink_kB=52.6  t=1.43s
  round   2/50: acc=0.7071  f1m=0.6792  uplink_kB=52.6  t=0.70s
  round   3/50: acc=0.7134  f1m=0.6875  uplink_kB=52.6  t=0.69s
  round   4/50: acc=0.7962  f1m=0.7872  uplink_kB=52.6  t=0.62s
  round   5/50: acc=0.7965  f1m=0.7875  uplink_kB=52.6  t=0.69s
  round   6/50: acc=0.8025  f1m=0.7944  uplink_kB=52.6  t=0.69s
  round   7/50: acc=0.8158  f1m=0.8092  uplink_kB=52.6  t=0.67s
  round   8/50: acc=0.8282  f1m=0.8229  uplink_kB=52.6  t=0.73s
  round   9/50: acc=0.8575  f1m=0.8545  uplink_kB=52.6  t=0.70s
  round  10/50: acc=0.8587  f1m=0.8558  uplink_kB=52.6  t=0.60s
  round  11/50: acc=0.8627  f1m=0.8600  uplink_kB=52.6  t=0.69s
  round  12/50: acc=0.8665  f1m=0.8640  uplink_kB=52.6  t=0.63s
  round  13/50: acc=0.8588  f1m=0.8559  uplink_kB=52.6  t=0.66s
  round  14/50: acc=0.8627  f1m=0.8601  uplink_kB=52.6  t=0.65s
  round  15/50: acc=0.8623  f1m=0.8596  uplink_kB=52.6  t=0.67s
  round  16/50: acc=0.8752  f1m=0.8731  uplink_kB=52.6  t=0.65s
  round  17/50: acc=0.8942  f1m=0.8930  uplink_kB=52.6  t=0.68s
  round  18/50: acc=0.8555  f1m=0.8523  uplink_kB=52.6  t=0.66s
  round  19/50: acc=0.8647  f1m=0.8621  uplink_kB=52.6  t=0.65s
  round  20/50: acc=0.8669  f1m=0.8645  uplink_kB=52.6  t=0.69s
  round  21/50: acc=0.8755  f1m=0.8734  uplink_kB=52.6  t=0.68s
  round  22/50: acc=0.8772  f1m=0.8753  uplink_kB=52.6  t=0.59s
  round  23/50: acc=0.8690  f1m=0.8667  uplink_kB=52.6  t=0.65s
  round  24/50: acc=0.9008  f1m=0.8998  uplink_kB=52.6  t=0.69s
  round  25/50: acc=0.9019  f1m=0.9009  uplink_kB=52.6  t=0.69s
  round  26/50: acc=0.8688  f1m=0.8664  uplink_kB=52.6  t=0.69s
  round  27/50: acc=0.9022  f1m=0.9012  uplink_kB=52.6  t=0.66s
  round  28/50: acc=0.8718  f1m=0.8696  uplink_kB=52.6  t=0.67s
  round  29/50: acc=0.9055  f1m=0.9047  uplink_kB=52.6  t=0.61s
  round  30/50: acc=0.8750  f1m=0.8730  uplink_kB=52.6  t=0.65s
  round  31/50: acc=0.9032  f1m=0.9023  uplink_kB=52.6  t=0.69s
  round  32/50: acc=0.9027  f1m=0.9017  uplink_kB=52.6  t=0.70s
  round  33/50: acc=0.8999  f1m=0.8988  uplink_kB=52.6  t=0.70s
  round  34/50: acc=0.8755  f1m=0.8735  uplink_kB=52.6  t=0.69s
  round  35/50: acc=0.9028  f1m=0.9019  uplink_kB=52.6  t=0.61s
  round  36/50: acc=0.8509  f1m=0.8474  uplink_kB=52.6  t=0.65s
  round  37/50: acc=0.9023  f1m=0.9013  uplink_kB=52.6  t=0.69s
  round  38/50: acc=0.9025  f1m=0.9016  uplink_kB=52.6  t=0.63s
  round  39/50: acc=0.9030  f1m=0.9020  uplink_kB=52.6  t=0.68s
  round  40/50: acc=0.8775  f1m=0.8756  uplink_kB=52.6  t=0.61s
  round  41/50: acc=0.9033  f1m=0.9023  uplink_kB=52.6  t=0.65s
  round  42/50: acc=0.8803  f1m=0.8785  uplink_kB=52.6  t=0.65s
  round  43/50: acc=0.8766  f1m=0.8747  uplink_kB=52.6  t=0.65s
  round  44/50: acc=0.9030  f1m=0.9021  uplink_kB=52.6  t=0.65s
  round  45/50: acc=0.8810  f1m=0.8793  uplink_kB=52.6  t=0.70s
  round  46/50: acc=0.8789  f1m=0.8771  uplink_kB=52.6  t=0.66s
  round  47/50: acc=0.9056  f1m=0.9048  uplink_kB=52.6  t=0.68s
  round  48/50: acc=0.8806  f1m=0.8789  uplink_kB=52.6  t=0.72s
  round  49/50: acc=0.9070  f1m=0.9062  uplink_kB=52.6  t=0.67s
  round  50/50: acc=0.9030  f1m=0.9021  uplink_kB=52.6  t=0.65s
[run] DONE -> /Users/agentra/Documents/hao/working/paper-lab/hao-paper-2026/iotj-fedkan-ids/repo/results/lrsweep_botiot/lrsweep_mlp32_lr0p1__dir0.1__seed43/metrics.json  final_acc=0.9030
