[run] device=cpu  seed=29  out=/Users/agentra/Documents/hao/working/paper-lab/hao-paper-2026/iotj-fedkan-ids/repo/results/lrsweep_cseciic_mc50k/lrsweep_mlp80_lr0p01__dir0.1__seed29
[run] model=mlp  params=4,415
  round   1/50: acc=0.4512  f1m=0.2050  uplink_kB=172.5  t=1.58s
  round   2/50: acc=0.4817  f1m=0.2185  uplink_kB=172.5  t=1.01s
  round   3/50: acc=0.5814  f1m=0.3346  uplink_kB=172.5  t=1.06s
  round   4/50: acc=0.6657  f1m=0.3976  uplink_kB=172.5  t=1.04s
  round   5/50: acc=0.6883  f1m=0.4198  uplink_kB=172.5  t=1.12s
  round   6/50: acc=0.7437  f1m=0.4809  uplink_kB=172.5  t=1.01s
  round   7/50: acc=0.7460  f1m=0.4832  uplink_kB=172.5  t=1.10s
  round   8/50: acc=0.7483  f1m=0.4850  uplink_kB=172.5  t=1.03s
  round   9/50: acc=0.7502  f1m=0.4865  uplink_kB=172.5  t=1.08s
  round  10/50: acc=0.7535  f1m=0.4909  uplink_kB=172.5  t=1.05s
  round  11/50: acc=0.7550  f1m=0.4931  uplink_kB=172.5  t=1.02s
  round  12/50: acc=0.8245  f1m=0.6067  uplink_kB=172.5  t=1.08s
  round  13/50: acc=0.8142  f1m=0.5926  uplink_kB=172.5  t=1.03s
  round  14/50: acc=0.8245  f1m=0.6100  uplink_kB=172.5  t=1.08s
  round  15/50: acc=0.8282  f1m=0.6171  uplink_kB=172.5  t=1.03s
  round  16/50: acc=0.8297  f1m=0.6174  uplink_kB=172.5  t=1.05s
  round  17/50: acc=0.8291  f1m=0.6166  uplink_kB=172.5  t=1.02s
  round  18/50: acc=0.8313  f1m=0.6196  uplink_kB=172.5  t=1.09s
  round  19/50: acc=0.8291  f1m=0.6189  uplink_kB=172.5  t=1.01s
  round  20/50: acc=0.8387  f1m=0.6314  uplink_kB=172.5  t=1.07s
  round  21/50: acc=0.8345  f1m=0.6244  uplink_kB=172.5  t=1.02s
  round  22/50: acc=0.8419  f1m=0.6294  uplink_kB=172.5  t=1.07s
  round  23/50: acc=0.8460  f1m=0.6352  uplink_kB=172.5  t=1.00s
  round  24/50: acc=0.8427  f1m=0.6302  uplink_kB=172.5  t=1.10s
  round  25/50: acc=0.8467  f1m=0.6363  uplink_kB=172.5  t=1.06s
  round  26/50: acc=0.8448  f1m=0.6346  uplink_kB=172.5  t=1.08s
  round  27/50: acc=0.8424  f1m=0.6307  uplink_kB=172.5  t=1.08s
  round  28/50: acc=0.8362  f1m=0.6213  uplink_kB=172.5  t=1.11s
  round  29/50: acc=0.8496  f1m=0.6402  uplink_kB=172.5  t=1.06s
  round  30/50: acc=0.8399  f1m=0.6263  uplink_kB=172.5  t=1.06s
  round  31/50: acc=0.8468  f1m=0.6372  uplink_kB=172.5  t=1.03s
  round  32/50: acc=0.8390  f1m=0.6250  uplink_kB=172.5  t=1.06s
  round  33/50: acc=0.8424  f1m=0.6313  uplink_kB=172.5  t=1.01s
  round  34/50: acc=0.8373  f1m=0.6230  uplink_kB=172.5  t=1.08s
  round  35/50: acc=0.8396  f1m=0.6268  uplink_kB=172.5  t=1.00s
  round  36/50: acc=0.8489  f1m=0.6395  uplink_kB=172.5  t=1.09s
  round  37/50: acc=0.8483  f1m=0.6386  uplink_kB=172.5  t=1.02s
  round  38/50: acc=0.8524  f1m=0.6431  uplink_kB=172.5  t=1.11s
  round  39/50: acc=0.8551  f1m=0.6462  uplink_kB=172.5  t=1.04s
  round  40/50: acc=0.8543  f1m=0.6450  uplink_kB=172.5  t=1.06s
  round  41/50: acc=0.8416  f1m=0.6279  uplink_kB=172.5  t=0.99s
  round  42/50: acc=0.8574  f1m=0.6482  uplink_kB=172.5  t=1.04s
  round  43/50: acc=0.8413  f1m=0.6280  uplink_kB=172.5  t=1.01s
  round  44/50: acc=0.8429  f1m=0.6304  uplink_kB=172.5  t=1.09s
  round  45/50: acc=0.8419  f1m=0.6286  uplink_kB=172.5  t=1.03s
  round  46/50: acc=0.8604  f1m=0.6518  uplink_kB=172.5  t=1.09s
  round  47/50: acc=0.8400  f1m=0.6333  uplink_kB=172.5  t=1.04s
  round  48/50: acc=0.8582  f1m=0.6569  uplink_kB=172.5  t=1.10s
  round  49/50: acc=0.8458  f1m=0.6421  uplink_kB=172.5  t=1.11s
  round  50/50: acc=0.8508  f1m=0.6477  uplink_kB=172.5  t=1.02s
[run] DONE -> /Users/agentra/Documents/hao/working/paper-lab/hao-paper-2026/iotj-fedkan-ids/repo/results/lrsweep_cseciic_mc50k/lrsweep_mlp80_lr0p01__dir0.1__seed29/metrics.json  final_acc=0.8508
