[run] device=cpu  seed=23  out=/Users/agentra/Documents/hao/working/paper-lab/hao-paper-2026/iotj-fedkan-ids/repo/results/lrsweep_cseciic_mc/lrsweep_kan16_lr0p03__dir0.1__seed23
[run] model=kan  params=8,640
  round   1/50: acc=0.5480  f1m=0.2681  uplink_kB=363.3  t=7.00s
  round   2/50: acc=0.6394  f1m=0.3887  uplink_kB=363.3  t=6.31s
  round   3/50: acc=0.7957  f1m=0.4417  uplink_kB=363.3  t=6.22s
  round   4/50: acc=0.7880  f1m=0.5406  uplink_kB=363.3  t=6.29s
  round   5/50: acc=0.8269  f1m=0.5425  uplink_kB=363.3  t=6.27s
  round   6/50: acc=0.8397  f1m=0.5851  uplink_kB=363.3  t=6.22s
  round   7/50: acc=0.8746  f1m=0.6748  uplink_kB=363.3  t=6.24s
  round   8/50: acc=0.8343  f1m=0.5670  uplink_kB=363.3  t=6.44s
  round   9/50: acc=0.8564  f1m=0.6437  uplink_kB=363.3  t=6.18s
  round  10/50: acc=0.8303  f1m=0.5401  uplink_kB=363.3  t=6.49s
  round  11/50: acc=0.8770  f1m=0.6765  uplink_kB=363.3  t=7.14s
  round  12/50: acc=0.8625  f1m=0.6634  uplink_kB=363.3  t=7.58s
  round  13/50: acc=0.8514  f1m=0.5812  uplink_kB=363.3  t=6.30s
  round  14/50: acc=0.8715  f1m=0.6860  uplink_kB=363.3  t=6.36s
  round  15/50: acc=0.8780  f1m=0.6921  uplink_kB=363.3  t=6.25s
  round  16/50: acc=0.8594  f1m=0.6553  uplink_kB=363.3  t=6.44s
  round  17/50: acc=0.8617  f1m=0.6094  uplink_kB=363.3  t=6.36s
  round  18/50: acc=0.8380  f1m=0.6159  uplink_kB=363.3  t=7.57s
  round  19/50: acc=0.8695  f1m=0.6848  uplink_kB=363.3  t=7.04s
  round  20/50: acc=0.8727  f1m=0.7135  uplink_kB=363.3  t=6.42s
  round  21/50: acc=0.8683  f1m=0.6682  uplink_kB=363.3  t=6.65s
  round  22/50: acc=0.8835  f1m=0.7355  uplink_kB=363.3  t=6.82s
  round  23/50: acc=0.8811  f1m=0.7288  uplink_kB=363.3  t=6.31s
  round  24/50: acc=0.8753  f1m=0.7343  uplink_kB=363.3  t=6.36s
  round  25/50: acc=0.8814  f1m=0.7328  uplink_kB=363.3  t=6.40s
  round  26/50: acc=0.8749  f1m=0.6896  uplink_kB=363.3  t=6.22s
  round  27/50: acc=0.8681  f1m=0.6866  uplink_kB=363.3  t=6.31s
  round  28/50: acc=0.8875  f1m=0.7344  uplink_kB=363.3  t=6.88s
  round  29/50: acc=0.8476  f1m=0.5981  uplink_kB=363.3  t=6.33s
  round  30/50: acc=0.8897  f1m=0.7480  uplink_kB=363.3  t=6.36s
  round  31/50: acc=0.8331  f1m=0.5725  uplink_kB=363.3  t=6.29s
  round  32/50: acc=0.8713  f1m=0.6594  uplink_kB=363.3  t=6.22s
  round  33/50: acc=0.8398  f1m=0.6085  uplink_kB=363.3  t=6.49s
  round  34/50: acc=0.8586  f1m=0.5946  uplink_kB=363.3  t=6.34s
  round  35/50: acc=0.8522  f1m=0.6357  uplink_kB=363.3  t=6.53s
  round  36/50: acc=0.8702  f1m=0.6930  uplink_kB=363.3  t=6.49s
  round  37/50: acc=0.8660  f1m=0.6721  uplink_kB=363.3  t=6.15s
  round  38/50: acc=0.8859  f1m=0.7227  uplink_kB=363.3  t=6.47s
  round  39/50: acc=0.8094  f1m=0.5554  uplink_kB=363.3  t=6.31s
  round  40/50: acc=0.8598  f1m=0.6084  uplink_kB=363.3  t=6.49s
  round  41/50: acc=0.8735  f1m=0.7012  uplink_kB=363.3  t=6.39s
  round  42/50: acc=0.5535  f1m=0.4883  uplink_kB=363.3  t=6.26s
  round  43/50: acc=0.8833  f1m=0.7403  uplink_kB=363.3  t=6.32s
  round  44/50: acc=0.8319  f1m=0.6132  uplink_kB=363.3  t=6.51s
  round  45/50: acc=0.8860  f1m=0.7179  uplink_kB=363.3  t=6.41s
  round  46/50: acc=0.8813  f1m=0.6860  uplink_kB=363.3  t=6.21s
  round  47/50: acc=0.8805  f1m=0.7550  uplink_kB=363.3  t=6.56s
  round  48/50: acc=0.8807  f1m=0.7033  uplink_kB=363.3  t=6.38s
  round  49/50: acc=0.8725  f1m=0.6578  uplink_kB=363.3  t=6.46s
  round  50/50: acc=0.8526  f1m=0.6199  uplink_kB=363.3  t=6.29s
[run] DONE -> /Users/agentra/Documents/hao/working/paper-lab/hao-paper-2026/iotj-fedkan-ids/repo/results/lrsweep_cseciic_mc/lrsweep_kan16_lr0p03__dir0.1__seed23/metrics.json  final_acc=0.8526
