[run] device=cpu  seed=112  out=/Users/agentra/Documents/hao/working/paper-lab/hao-paper-2026/iotj-fedkan-ids/repo/results/lrsweep_cseciic/lrsweep_kan8_lr0p003__dir0.1__seed112
[run] model=kan  params=3,280
  round   1/50: acc=0.5000  f1m=0.3333  uplink_kB=150.2  t=2.60s
  round   2/50: acc=0.5000  f1m=0.3333  uplink_kB=150.2  t=1.95s
  round   3/50: acc=0.5000  f1m=0.3333  uplink_kB=150.2  t=1.93s
  round   4/50: acc=0.7683  f1m=0.7554  uplink_kB=150.2  t=1.92s
  round   5/50: acc=0.9156  f1m=0.9154  uplink_kB=150.2  t=1.99s
  round   6/50: acc=0.9121  f1m=0.9119  uplink_kB=150.2  t=1.84s
  round   7/50: acc=0.9154  f1m=0.9152  uplink_kB=150.2  t=1.97s
  round   8/50: acc=0.9151  f1m=0.9149  uplink_kB=150.2  t=1.90s
  round   9/50: acc=0.9149  f1m=0.9148  uplink_kB=150.2  t=1.95s
  round  10/50: acc=0.9227  f1m=0.9226  uplink_kB=150.2  t=1.94s
  round  11/50: acc=0.9215  f1m=0.9215  uplink_kB=150.2  t=1.92s
  round  12/50: acc=0.9195  f1m=0.9194  uplink_kB=150.2  t=1.85s
  round  13/50: acc=0.9195  f1m=0.9194  uplink_kB=150.2  t=1.93s
  round  14/50: acc=0.9177  f1m=0.9177  uplink_kB=150.2  t=1.96s
  round  15/50: acc=0.9090  f1m=0.9090  uplink_kB=150.2  t=1.97s
  round  16/50: acc=0.9097  f1m=0.9096  uplink_kB=150.2  t=1.93s
  round  17/50: acc=0.9095  f1m=0.9095  uplink_kB=150.2  t=1.95s
  round  18/50: acc=0.9045  f1m=0.9045  uplink_kB=150.2  t=1.79s
  round  19/50: acc=0.9076  f1m=0.9076  uplink_kB=150.2  t=1.98s
  round  20/50: acc=0.9087  f1m=0.9086  uplink_kB=150.2  t=1.99s
  round  21/50: acc=0.9102  f1m=0.9102  uplink_kB=150.2  t=2.35s
  round  22/50: acc=0.9046  f1m=0.9046  uplink_kB=150.2  t=1.97s
  round  23/50: acc=0.9073  f1m=0.9073  uplink_kB=150.2  t=1.88s
  round  24/50: acc=0.9115  f1m=0.9114  uplink_kB=150.2  t=1.96s
  round  25/50: acc=0.9103  f1m=0.9102  uplink_kB=150.2  t=1.96s
  round  26/50: acc=0.9043  f1m=0.9043  uplink_kB=150.2  t=1.91s
  round  27/50: acc=0.9039  f1m=0.9039  uplink_kB=150.2  t=2.02s
  round  28/50: acc=0.9038  f1m=0.9038  uplink_kB=150.2  t=1.89s
  round  29/50: acc=0.9037  f1m=0.9037  uplink_kB=150.2  t=1.89s
  round  30/50: acc=0.9055  f1m=0.9054  uplink_kB=150.2  t=1.88s
  round  31/50: acc=0.9035  f1m=0.9035  uplink_kB=150.2  t=1.94s
  round  32/50: acc=0.9044  f1m=0.9044  uplink_kB=150.2  t=1.93s
  round  33/50: acc=0.9074  f1m=0.9074  uplink_kB=150.2  t=1.92s
  round  34/50: acc=0.9076  f1m=0.9076  uplink_kB=150.2  t=1.95s
  round  35/50: acc=0.9084  f1m=0.9084  uplink_kB=150.2  t=1.87s
  round  36/50: acc=0.9071  f1m=0.9071  uplink_kB=150.2  t=1.97s
  round  37/50: acc=0.9088  f1m=0.9088  uplink_kB=150.2  t=1.93s
  round  38/50: acc=0.9075  f1m=0.9075  uplink_kB=150.2  t=1.85s
  round  39/50: acc=0.9059  f1m=0.9059  uplink_kB=150.2  t=1.95s
  round  40/50: acc=0.9066  f1m=0.9066  uplink_kB=150.2  t=1.95s
  round  41/50: acc=0.9059  f1m=0.9059  uplink_kB=150.2  t=1.92s
  round  42/50: acc=0.9053  f1m=0.9053  uplink_kB=150.2  t=1.96s
  round  43/50: acc=0.9055  f1m=0.9055  uplink_kB=150.2  t=1.90s
  round  44/50: acc=0.9064  f1m=0.9064  uplink_kB=150.2  t=1.97s
  round  45/50: acc=0.9164  f1m=0.9164  uplink_kB=150.2  t=1.93s
  round  46/50: acc=0.9145  f1m=0.9145  uplink_kB=150.2  t=1.99s
  round  47/50: acc=0.9256  f1m=0.9256  uplink_kB=150.2  t=1.92s
  round  48/50: acc=0.9252  f1m=0.9252  uplink_kB=150.2  t=1.96s
  round  49/50: acc=0.9262  f1m=0.9262  uplink_kB=150.2  t=1.88s
  round  50/50: acc=0.9259  f1m=0.9258  uplink_kB=150.2  t=1.87s
[run] DONE -> /Users/agentra/Documents/hao/working/paper-lab/hao-paper-2026/iotj-fedkan-ids/repo/results/lrsweep_cseciic/lrsweep_kan8_lr0p003__dir0.1__seed112/metrics.json  final_acc=0.9259
