[run] device=cpu  seed=2024  out=/Users/agentra/Documents/hao/working/paper-lab/hao-paper-2026/iotj-fedkan-ids/repo/results/sensitivity_botiot/sens_h4__dir0.1__seed2024
[run] model=kan  params=1,640
  round   1/50: acc=0.6542  f1m=0.6066  uplink_kB=84.2  t=2.42s
  round   2/50: acc=0.5092  f1m=0.3516  uplink_kB=84.2  t=1.63s
  round   3/50: acc=0.5242  f1m=0.3834  uplink_kB=84.2  t=1.49s
  round   4/50: acc=0.6063  f1m=0.5332  uplink_kB=84.2  t=1.53s
  round   5/50: acc=0.6573  f1m=0.6111  uplink_kB=84.2  t=1.50s
  round   6/50: acc=0.6670  f1m=0.6249  uplink_kB=84.2  t=1.42s
  round   7/50: acc=0.6696  f1m=0.6285  uplink_kB=84.2  t=1.52s
  round   8/50: acc=0.6764  f1m=0.6381  uplink_kB=84.2  t=1.59s
  round   9/50: acc=0.6793  f1m=0.6420  uplink_kB=84.2  t=1.52s
  round  10/50: acc=0.6804  f1m=0.6436  uplink_kB=84.2  t=1.53s
  round  11/50: acc=0.6868  f1m=0.6524  uplink_kB=84.2  t=1.48s
  round  12/50: acc=0.7017  f1m=0.6723  uplink_kB=84.2  t=1.51s
  round  13/50: acc=0.7108  f1m=0.6841  uplink_kB=84.2  t=1.48s
  round  14/50: acc=0.7678  f1m=0.7588  uplink_kB=84.2  t=1.51s
  round  15/50: acc=0.7870  f1m=0.7768  uplink_kB=84.2  t=1.52s
  round  16/50: acc=0.7883  f1m=0.7782  uplink_kB=84.2  t=1.49s
  round  17/50: acc=0.7903  f1m=0.7806  uplink_kB=84.2  t=1.50s
  round  18/50: acc=0.7906  f1m=0.7809  uplink_kB=84.2  t=1.40s
  round  19/50: acc=0.7934  f1m=0.7840  uplink_kB=84.2  t=1.48s
  round  20/50: acc=0.7935  f1m=0.7842  uplink_kB=84.2  t=1.42s
  round  21/50: acc=0.7931  f1m=0.7837  uplink_kB=84.2  t=1.41s
  round  22/50: acc=0.8405  f1m=0.8382  uplink_kB=84.2  t=1.40s
  round  23/50: acc=0.7943  f1m=0.7852  uplink_kB=84.2  t=1.49s
  round  24/50: acc=0.7959  f1m=0.7870  uplink_kB=84.2  t=1.58s
  round  25/50: acc=0.7978  f1m=0.7891  uplink_kB=84.2  t=1.48s
  round  26/50: acc=0.8771  f1m=0.8763  uplink_kB=84.2  t=1.48s
  round  27/50: acc=0.8280  f1m=0.8227  uplink_kB=84.2  t=1.55s
  round  28/50: acc=0.8316  f1m=0.8267  uplink_kB=84.2  t=1.53s
  round  29/50: acc=0.8743  f1m=0.8734  uplink_kB=84.2  t=1.54s
  round  30/50: acc=0.8759  f1m=0.8750  uplink_kB=84.2  t=1.55s
  round  31/50: acc=0.8748  f1m=0.8738  uplink_kB=84.2  t=1.46s
  round  32/50: acc=0.8939  f1m=0.8935  uplink_kB=84.2  t=1.41s
  round  33/50: acc=0.8861  f1m=0.8855  uplink_kB=84.2  t=1.55s
  round  34/50: acc=0.8937  f1m=0.8933  uplink_kB=84.2  t=1.56s
  round  35/50: acc=0.8955  f1m=0.8951  uplink_kB=84.2  t=1.49s
  round  36/50: acc=0.8933  f1m=0.8929  uplink_kB=84.2  t=1.51s
  round  37/50: acc=0.8968  f1m=0.8964  uplink_kB=84.2  t=1.99s
  round  38/50: acc=0.8976  f1m=0.8972  uplink_kB=84.2  t=1.56s
  round  39/50: acc=0.8976  f1m=0.8972  uplink_kB=84.2  t=1.56s
  round  40/50: acc=0.8980  f1m=0.8976  uplink_kB=84.2  t=1.68s
  round  41/50: acc=0.8982  f1m=0.8978  uplink_kB=84.2  t=1.62s
  round  42/50: acc=0.8984  f1m=0.8980  uplink_kB=84.2  t=1.65s
  round  43/50: acc=0.9003  f1m=0.9000  uplink_kB=84.2  t=1.55s
  round  44/50: acc=0.9009  f1m=0.9006  uplink_kB=84.2  t=1.56s
  round  45/50: acc=0.9012  f1m=0.9009  uplink_kB=84.2  t=1.56s
  round  46/50: acc=0.8975  f1m=0.8971  uplink_kB=84.2  t=1.55s
  round  47/50: acc=0.8982  f1m=0.8978  uplink_kB=84.2  t=1.53s
  round  48/50: acc=0.8959  f1m=0.8954  uplink_kB=84.2  t=1.56s
  round  49/50: acc=0.9002  f1m=0.8999  uplink_kB=84.2  t=1.52s
  round  50/50: acc=0.8993  f1m=0.8990  uplink_kB=84.2  t=1.52s
[run] DONE -> /Users/agentra/Documents/hao/working/paper-lab/hao-paper-2026/iotj-fedkan-ids/repo/results/sensitivity_botiot/sens_h4__dir0.1__seed2024/metrics.json  final_acc=0.8993
