[run] device=cpu  seed=37  out=/Users/agentra/Documents/hao/working/paper-lab/hao-paper-2026/iotj-fedkan-ids/repo/results/lrsweep_cseciic_mc/lrsweep_kan8_lr0p001__dir0.1__seed37
[run] model=kan  params=4,320
  round   1/50: acc=0.3484  f1m=0.1025  uplink_kB=190.8  t=5.96s
  round   2/50: acc=0.3487  f1m=0.1030  uplink_kB=190.8  t=5.63s
  round   3/50: acc=0.3487  f1m=0.1019  uplink_kB=190.8  t=5.46s
  round   4/50: acc=0.3653  f1m=0.1082  uplink_kB=190.8  t=5.52s
  round   5/50: acc=0.4818  f1m=0.1766  uplink_kB=190.8  t=5.51s
  round   6/50: acc=0.5751  f1m=0.2415  uplink_kB=190.8  t=5.53s
  round   7/50: acc=0.5772  f1m=0.2424  uplink_kB=190.8  t=6.15s
  round   8/50: acc=0.5802  f1m=0.2439  uplink_kB=190.8  t=5.51s
  round   9/50: acc=0.5864  f1m=0.2472  uplink_kB=190.8  t=5.50s
  round  10/50: acc=0.6188  f1m=0.3452  uplink_kB=190.8  t=5.50s
  round  11/50: acc=0.6129  f1m=0.2770  uplink_kB=190.8  t=5.37s
  round  12/50: acc=0.6139  f1m=0.2775  uplink_kB=190.8  t=5.42s
  round  13/50: acc=0.6130  f1m=0.2779  uplink_kB=190.8  t=5.52s
  round  14/50: acc=0.6120  f1m=0.2780  uplink_kB=190.8  t=5.46s
  round  15/50: acc=0.6124  f1m=0.2782  uplink_kB=190.8  t=5.40s
  round  16/50: acc=0.6151  f1m=0.2798  uplink_kB=190.8  t=6.21s
  round  17/50: acc=0.6333  f1m=0.2934  uplink_kB=190.8  t=5.41s
  round  18/50: acc=0.6359  f1m=0.2955  uplink_kB=190.8  t=5.47s
  round  19/50: acc=0.6618  f1m=0.3159  uplink_kB=190.8  t=5.34s
  round  20/50: acc=0.6654  f1m=0.3183  uplink_kB=190.8  t=5.35s
  round  21/50: acc=0.6661  f1m=0.3188  uplink_kB=190.8  t=5.84s
  round  22/50: acc=0.6666  f1m=0.3193  uplink_kB=190.8  t=5.70s
  round  23/50: acc=0.6815  f1m=0.3284  uplink_kB=190.8  t=5.39s
  round  24/50: acc=0.6812  f1m=0.3284  uplink_kB=190.8  t=5.69s
  round  25/50: acc=0.6913  f1m=0.3343  uplink_kB=190.8  t=6.02s
  round  26/50: acc=0.6986  f1m=0.3387  uplink_kB=190.8  t=5.43s
  round  27/50: acc=0.6806  f1m=0.3298  uplink_kB=190.8  t=5.45s
  round  28/50: acc=0.6798  f1m=0.3296  uplink_kB=190.8  t=5.64s
  round  29/50: acc=0.6675  f1m=0.3223  uplink_kB=190.8  t=6.11s
  round  30/50: acc=0.6673  f1m=0.3223  uplink_kB=190.8  t=5.99s
  round  31/50: acc=0.6671  f1m=0.3223  uplink_kB=190.8  t=5.58s
  round  32/50: acc=0.6640  f1m=0.3204  uplink_kB=190.8  t=5.45s
  round  33/50: acc=0.6778  f1m=0.4398  uplink_kB=190.8  t=5.44s
  round  34/50: acc=0.6782  f1m=0.4407  uplink_kB=190.8  t=5.45s
  round  35/50: acc=0.6819  f1m=0.4575  uplink_kB=190.8  t=5.46s
  round  36/50: acc=0.6825  f1m=0.4572  uplink_kB=190.8  t=5.40s
  round  37/50: acc=0.6825  f1m=0.4572  uplink_kB=190.8  t=5.52s
  round  38/50: acc=0.6818  f1m=0.4575  uplink_kB=190.8  t=5.38s
  round  39/50: acc=0.6819  f1m=0.4589  uplink_kB=190.8  t=5.37s
  round  40/50: acc=0.6990  f1m=0.4697  uplink_kB=190.8  t=5.39s
  round  41/50: acc=0.6995  f1m=0.4724  uplink_kB=190.8  t=5.41s
  round  42/50: acc=0.6971  f1m=0.4616  uplink_kB=190.8  t=5.52s
  round  43/50: acc=0.7909  f1m=0.5290  uplink_kB=190.8  t=5.38s
  round  44/50: acc=0.7852  f1m=0.4930  uplink_kB=190.8  t=5.46s
  round  45/50: acc=0.7859  f1m=0.4937  uplink_kB=190.8  t=5.38s
  round  46/50: acc=0.7863  f1m=0.4949  uplink_kB=190.8  t=5.44s
  round  47/50: acc=0.7868  f1m=0.4955  uplink_kB=190.8  t=5.40s
  round  48/50: acc=0.7937  f1m=0.5273  uplink_kB=190.8  t=5.55s
  round  49/50: acc=0.7938  f1m=0.5275  uplink_kB=190.8  t=5.45s
  round  50/50: acc=0.7912  f1m=0.5110  uplink_kB=190.8  t=5.42s
[run] DONE -> /Users/agentra/Documents/hao/working/paper-lab/hao-paper-2026/iotj-fedkan-ids/repo/results/lrsweep_cseciic_mc/lrsweep_kan8_lr0p001__dir0.1__seed37/metrics.json  final_acc=0.7912
