[run] device=cpu  seed=11  out=/Users/agentra/Documents/hao/working/paper-lab/hao-paper-2026/iotj-fedkan-ids/repo/results/lrsweep_cseciic_mc50k/lrsweep_kan8_lr0p03__dir0.1__seed11
[run] model=kan  params=4,320
  round   1/50: acc=0.1892  f1m=0.0778  uplink_kB=190.8  t=3.15s
  round   2/50: acc=0.4534  f1m=0.2480  uplink_kB=190.8  t=2.56s
  round   3/50: acc=0.5859  f1m=0.3374  uplink_kB=190.8  t=2.70s
  round   4/50: acc=0.7038  f1m=0.5546  uplink_kB=190.8  t=2.58s
  round   5/50: acc=0.6526  f1m=0.4982  uplink_kB=190.8  t=2.63s
  round   6/50: acc=0.8542  f1m=0.6895  uplink_kB=190.8  t=2.66s
  round   7/50: acc=0.8179  f1m=0.6497  uplink_kB=190.8  t=2.65s
  round   8/50: acc=0.8464  f1m=0.6823  uplink_kB=190.8  t=2.59s
  round   9/50: acc=0.7021  f1m=0.5504  uplink_kB=190.8  t=2.55s
  round  10/50: acc=0.8331  f1m=0.6747  uplink_kB=190.8  t=2.62s
  round  11/50: acc=0.6941  f1m=0.5223  uplink_kB=190.8  t=2.58s
  round  12/50: acc=0.8037  f1m=0.6087  uplink_kB=190.8  t=2.60s
  round  13/50: acc=0.7024  f1m=0.5649  uplink_kB=190.8  t=2.62s
  round  14/50: acc=0.8264  f1m=0.6190  uplink_kB=190.8  t=2.64s
  round  15/50: acc=0.6921  f1m=0.5583  uplink_kB=190.8  t=2.58s
  round  16/50: acc=0.7862  f1m=0.5615  uplink_kB=190.8  t=2.57s
  round  17/50: acc=0.7839  f1m=0.5953  uplink_kB=190.8  t=2.66s
  round  18/50: acc=0.8331  f1m=0.6398  uplink_kB=190.8  t=2.62s
  round  19/50: acc=0.8048  f1m=0.6360  uplink_kB=190.8  t=2.61s
  round  20/50: acc=0.8734  f1m=0.7057  uplink_kB=190.8  t=2.67s
  round  21/50: acc=0.8576  f1m=0.6977  uplink_kB=190.8  t=2.66s
  round  22/50: acc=0.8470  f1m=0.6588  uplink_kB=190.8  t=2.59s
  round  23/50: acc=0.8761  f1m=0.7443  uplink_kB=190.8  t=2.99s
  round  24/50: acc=0.8136  f1m=0.6501  uplink_kB=190.8  t=2.87s
  round  25/50: acc=0.8765  f1m=0.7179  uplink_kB=190.8  t=2.56s
  round  26/50: acc=0.8792  f1m=0.7372  uplink_kB=190.8  t=2.58s
  round  27/50: acc=0.8694  f1m=0.7216  uplink_kB=190.8  t=2.53s
  round  28/50: acc=0.8873  f1m=0.7540  uplink_kB=190.8  t=2.59s
  round  29/50: acc=0.8908  f1m=0.7599  uplink_kB=190.8  t=2.60s
  round  30/50: acc=0.7979  f1m=0.6135  uplink_kB=190.8  t=2.71s
  round  31/50: acc=0.7851  f1m=0.6218  uplink_kB=190.8  t=2.61s
  round  32/50: acc=0.8729  f1m=0.7248  uplink_kB=190.8  t=2.73s
  round  33/50: acc=0.8449  f1m=0.6682  uplink_kB=190.8  t=2.81s
  round  34/50: acc=0.8284  f1m=0.6592  uplink_kB=190.8  t=2.89s
  round  35/50: acc=0.8501  f1m=0.6638  uplink_kB=190.8  t=2.74s
  round  36/50: acc=0.8661  f1m=0.7106  uplink_kB=190.8  t=2.71s
  round  37/50: acc=0.8384  f1m=0.6640  uplink_kB=190.8  t=2.72s
  round  38/50: acc=0.8749  f1m=0.7453  uplink_kB=190.8  t=2.72s
  round  39/50: acc=0.8491  f1m=0.6635  uplink_kB=190.8  t=2.72s
  round  40/50: acc=0.8663  f1m=0.7419  uplink_kB=190.8  t=2.70s
  round  41/50: acc=0.8756  f1m=0.7479  uplink_kB=190.8  t=2.73s
  round  42/50: acc=0.8766  f1m=0.7505  uplink_kB=190.8  t=2.68s
  round  43/50: acc=0.8822  f1m=0.7513  uplink_kB=190.8  t=2.64s
  round  44/50: acc=0.8249  f1m=0.6560  uplink_kB=190.8  t=2.64s
  round  45/50: acc=0.8500  f1m=0.6559  uplink_kB=190.8  t=2.67s
  round  46/50: acc=0.8850  f1m=0.7523  uplink_kB=190.8  t=2.64s
  round  47/50: acc=0.8910  f1m=0.7564  uplink_kB=190.8  t=2.57s
  round  48/50: acc=0.8898  f1m=0.7576  uplink_kB=190.8  t=2.68s
  round  49/50: acc=0.8722  f1m=0.7183  uplink_kB=190.8  t=2.61s
  round  50/50: acc=0.8876  f1m=0.7495  uplink_kB=190.8  t=2.63s
[run] DONE -> /Users/agentra/Documents/hao/working/paper-lab/hao-paper-2026/iotj-fedkan-ids/repo/results/lrsweep_cseciic_mc50k/lrsweep_kan8_lr0p03__dir0.1__seed11/metrics.json  final_acc=0.8876
