[run] device=cpu  seed=2026  out=/Users/agentra/Documents/hao/working/paper-lab/hao-paper-2026/iotj-fedkan-ids/repo/results/lrsweep_cseciic_mc/lrsweep_kan16_lr0p001__dir0.1__seed2026
[run] model=kan  params=8,640
  round   1/50: acc=0.1545  f1m=0.0191  uplink_kB=363.3  t=6.88s
  round   2/50: acc=0.2176  f1m=0.0523  uplink_kB=363.3  t=6.16s
  round   3/50: acc=0.3178  f1m=0.0941  uplink_kB=363.3  t=6.16s
  round   4/50: acc=0.4036  f1m=0.1183  uplink_kB=363.3  t=6.19s
  round   5/50: acc=0.4120  f1m=0.1203  uplink_kB=363.3  t=6.18s
  round   6/50: acc=0.4141  f1m=0.1201  uplink_kB=363.3  t=6.09s
  round   7/50: acc=0.4556  f1m=0.1908  uplink_kB=363.3  t=6.12s
  round   8/50: acc=0.5579  f1m=0.2539  uplink_kB=363.3  t=6.08s
  round   9/50: acc=0.6876  f1m=0.3638  uplink_kB=363.3  t=6.04s
  round  10/50: acc=0.7050  f1m=0.3619  uplink_kB=363.3  t=6.15s
  round  11/50: acc=0.7290  f1m=0.4952  uplink_kB=363.3  t=6.16s
  round  12/50: acc=0.7578  f1m=0.5033  uplink_kB=363.3  t=6.13s
  round  13/50: acc=0.7537  f1m=0.4534  uplink_kB=363.3  t=6.10s
  round  14/50: acc=0.7612  f1m=0.4572  uplink_kB=363.3  t=6.17s
  round  15/50: acc=0.7583  f1m=0.4576  uplink_kB=363.3  t=6.08s
  round  16/50: acc=0.7638  f1m=0.4940  uplink_kB=363.3  t=6.08s
  round  17/50: acc=0.7650  f1m=0.4981  uplink_kB=363.3  t=6.11s
  round  18/50: acc=0.7790  f1m=0.5491  uplink_kB=363.3  t=6.17s
  round  19/50: acc=0.7884  f1m=0.5748  uplink_kB=363.3  t=6.10s
  round  20/50: acc=0.7924  f1m=0.5841  uplink_kB=363.3  t=6.11s
  round  21/50: acc=0.7983  f1m=0.5993  uplink_kB=363.3  t=6.17s
  round  22/50: acc=0.8062  f1m=0.6258  uplink_kB=363.3  t=6.16s
  round  23/50: acc=0.8150  f1m=0.6476  uplink_kB=363.3  t=6.14s
  round  24/50: acc=0.8217  f1m=0.6528  uplink_kB=363.3  t=6.10s
  round  25/50: acc=0.8271  f1m=0.6593  uplink_kB=363.3  t=6.11s
  round  26/50: acc=0.8322  f1m=0.6657  uplink_kB=363.3  t=6.14s
  round  27/50: acc=0.8375  f1m=0.6733  uplink_kB=363.3  t=6.19s
  round  28/50: acc=0.8381  f1m=0.6730  uplink_kB=363.3  t=6.97s
  round  29/50: acc=0.8452  f1m=0.6814  uplink_kB=363.3  t=5.91s
  round  30/50: acc=0.8475  f1m=0.6877  uplink_kB=363.3  t=5.93s
  round  31/50: acc=0.8503  f1m=0.6926  uplink_kB=363.3  t=5.98s
  round  32/50: acc=0.8543  f1m=0.6992  uplink_kB=363.3  t=6.15s
  round  33/50: acc=0.8577  f1m=0.7042  uplink_kB=363.3  t=6.04s
  round  34/50: acc=0.8588  f1m=0.7069  uplink_kB=363.3  t=6.04s
  round  35/50: acc=0.8618  f1m=0.7117  uplink_kB=363.3  t=6.40s
  round  36/50: acc=0.8630  f1m=0.7148  uplink_kB=363.3  t=6.19s
  round  37/50: acc=0.8666  f1m=0.7220  uplink_kB=363.3  t=6.13s
  round  38/50: acc=0.8684  f1m=0.7242  uplink_kB=363.3  t=6.09s
  round  39/50: acc=0.8691  f1m=0.7277  uplink_kB=363.3  t=6.06s
  round  40/50: acc=0.8712  f1m=0.7316  uplink_kB=363.3  t=6.16s
  round  41/50: acc=0.8728  f1m=0.7345  uplink_kB=363.3  t=6.13s
  round  42/50: acc=0.8740  f1m=0.7386  uplink_kB=363.3  t=6.14s
  round  43/50: acc=0.8738  f1m=0.7372  uplink_kB=363.3  t=6.13s
  round  44/50: acc=0.8743  f1m=0.7388  uplink_kB=363.3  t=6.17s
  round  45/50: acc=0.8748  f1m=0.7397  uplink_kB=363.3  t=6.19s
  round  46/50: acc=0.8752  f1m=0.7392  uplink_kB=363.3  t=6.05s
  round  47/50: acc=0.8765  f1m=0.7424  uplink_kB=363.3  t=6.01s
  round  48/50: acc=0.8759  f1m=0.7400  uplink_kB=363.3  t=6.03s
  round  49/50: acc=0.8780  f1m=0.7421  uplink_kB=363.3  t=6.18s
  round  50/50: acc=0.8776  f1m=0.7427  uplink_kB=363.3  t=6.21s
[run] DONE -> /Users/agentra/Documents/hao/working/paper-lab/hao-paper-2026/iotj-fedkan-ids/repo/results/lrsweep_cseciic_mc/lrsweep_kan16_lr0p001__dir0.1__seed2026/metrics.json  final_acc=0.8776
