[run] device=cpu  seed=11  out=/Users/agentra/Documents/hao/working/paper-lab/hao-paper-2026/iotj-fedkan-ids/repo/results/mc_botiot/mc_mlp80_lr0p01__dir0.1__seed11
[run] model=mlp  params=3,605
  round   1/50: acc=0.6369  f1m=0.4469  uplink_kB=140.8  t=1.39s
  round   2/50: acc=0.6392  f1m=0.4481  uplink_kB=140.8  t=0.69s
  round   3/50: acc=0.6393  f1m=0.4486  uplink_kB=140.8  t=0.64s
  round   4/50: acc=0.6387  f1m=0.4482  uplink_kB=140.8  t=0.63s
  round   5/50: acc=0.7019  f1m=0.4916  uplink_kB=140.8  t=0.67s
  round   6/50: acc=0.7683  f1m=0.5911  uplink_kB=140.8  t=0.84s
  round   7/50: acc=0.7850  f1m=0.6122  uplink_kB=140.8  t=0.62s
  round   8/50: acc=0.7918  f1m=0.6201  uplink_kB=140.8  t=0.67s
  round   9/50: acc=0.7947  f1m=0.6234  uplink_kB=140.8  t=0.58s
  round  10/50: acc=0.7960  f1m=0.6247  uplink_kB=140.8  t=0.63s
  round  11/50: acc=0.7972  f1m=0.6260  uplink_kB=140.8  t=0.63s
  round  12/50: acc=0.7987  f1m=0.6276  uplink_kB=140.8  t=0.66s
  round  13/50: acc=0.8004  f1m=0.6292  uplink_kB=140.8  t=0.59s
  round  14/50: acc=0.8015  f1m=0.6303  uplink_kB=140.8  t=0.60s
  round  15/50: acc=0.8345  f1m=0.6643  uplink_kB=140.8  t=0.67s
  round  16/50: acc=0.8024  f1m=0.6318  uplink_kB=140.8  t=0.69s
  round  17/50: acc=0.8378  f1m=0.6678  uplink_kB=140.8  t=0.66s
  round  18/50: acc=0.8370  f1m=0.6673  uplink_kB=140.8  t=0.58s
  round  19/50: acc=0.8508  f1m=0.6780  uplink_kB=140.8  t=0.62s
  round  20/50: acc=0.8540  f1m=0.6806  uplink_kB=140.8  t=0.60s
  round  21/50: acc=0.8518  f1m=0.6789  uplink_kB=140.8  t=0.72s
  round  22/50: acc=0.8535  f1m=0.6807  uplink_kB=140.8  t=0.64s
  round  23/50: acc=0.8540  f1m=0.6813  uplink_kB=140.8  t=0.75s
  round  24/50: acc=0.8555  f1m=0.6829  uplink_kB=140.8  t=0.76s
  round  25/50: acc=0.8565  f1m=0.6838  uplink_kB=140.8  t=0.63s
  round  26/50: acc=0.8569  f1m=0.6843  uplink_kB=140.8  t=0.66s
  round  27/50: acc=0.8593  f1m=0.6867  uplink_kB=140.8  t=0.58s
  round  28/50: acc=0.8644  f1m=0.6914  uplink_kB=140.8  t=0.58s
  round  29/50: acc=0.8636  f1m=0.6906  uplink_kB=140.8  t=0.60s
  round  30/50: acc=0.8655  f1m=0.6925  uplink_kB=140.8  t=0.59s
  round  31/50: acc=0.8655  f1m=0.6931  uplink_kB=140.8  t=0.65s
  round  32/50: acc=0.8651  f1m=0.6922  uplink_kB=140.8  t=0.58s
  round  33/50: acc=0.8647  f1m=0.6914  uplink_kB=140.8  t=0.62s
  round  34/50: acc=0.8652  f1m=0.6924  uplink_kB=140.8  t=0.57s
  round  35/50: acc=0.8651  f1m=0.6918  uplink_kB=140.8  t=0.65s
  round  36/50: acc=0.8656  f1m=0.6923  uplink_kB=140.8  t=0.63s
  round  37/50: acc=0.8656  f1m=0.6923  uplink_kB=140.8  t=0.60s
  round  38/50: acc=0.8759  f1m=0.7022  uplink_kB=140.8  t=0.59s
  round  39/50: acc=0.8663  f1m=0.6930  uplink_kB=140.8  t=0.65s
  round  40/50: acc=0.8746  f1m=0.7018  uplink_kB=140.8  t=0.59s
  round  41/50: acc=0.8656  f1m=0.6929  uplink_kB=140.8  t=0.59s
  round  42/50: acc=0.8657  f1m=0.6930  uplink_kB=140.8  t=0.60s
  round  43/50: acc=0.8662  f1m=0.6934  uplink_kB=140.8  t=0.59s
  round  44/50: acc=0.8760  f1m=0.7028  uplink_kB=140.8  t=0.57s
  round  45/50: acc=0.8764  f1m=0.7032  uplink_kB=140.8  t=0.66s
  round  46/50: acc=0.8752  f1m=0.7023  uplink_kB=140.8  t=0.58s
  round  47/50: acc=0.8667  f1m=0.6935  uplink_kB=140.8  t=0.59s
  round  48/50: acc=0.8745  f1m=0.7017  uplink_kB=140.8  t=0.58s
  round  49/50: acc=0.8753  f1m=0.7023  uplink_kB=140.8  t=0.65s
  round  50/50: acc=0.8752  f1m=0.7025  uplink_kB=140.8  t=0.62s
[run] DONE -> /Users/agentra/Documents/hao/working/paper-lab/hao-paper-2026/iotj-fedkan-ids/repo/results/mc_botiot/mc_mlp80_lr0p01__dir0.1__seed11/metrics.json  final_acc=0.8752
