[run] device=cpu  seed=17  out=/Users/agentra/Documents/hao/working/paper-lab/hao-paper-2026/iotj-fedkan-ids/repo/results/lrsweep_cseciic_mc50k/lrsweep_kan8_lr0p01__dir0.1__seed17
[run] model=kan  params=4,320
  round   1/50: acc=0.3222  f1m=0.1242  uplink_kB=190.8  t=3.36s
  round   2/50: acc=0.3936  f1m=0.1856  uplink_kB=190.8  t=2.56s
  round   3/50: acc=0.5325  f1m=0.2776  uplink_kB=190.8  t=2.57s
  round   4/50: acc=0.6475  f1m=0.4023  uplink_kB=190.8  t=2.65s
  round   5/50: acc=0.6573  f1m=0.4656  uplink_kB=190.8  t=2.61s
  round   6/50: acc=0.6663  f1m=0.4796  uplink_kB=190.8  t=2.61s
  round   7/50: acc=0.6617  f1m=0.4459  uplink_kB=190.8  t=2.64s
  round   8/50: acc=0.6619  f1m=0.4506  uplink_kB=190.8  t=2.66s
  round   9/50: acc=0.6788  f1m=0.4697  uplink_kB=190.8  t=2.61s
  round  10/50: acc=0.6807  f1m=0.4699  uplink_kB=190.8  t=2.61s
  round  11/50: acc=0.7540  f1m=0.5236  uplink_kB=190.8  t=2.58s
  round  12/50: acc=0.7540  f1m=0.5234  uplink_kB=190.8  t=2.59s
  round  13/50: acc=0.7535  f1m=0.5233  uplink_kB=190.8  t=2.53s
  round  14/50: acc=0.7560  f1m=0.5268  uplink_kB=190.8  t=2.65s
  round  15/50: acc=0.7532  f1m=0.5257  uplink_kB=190.8  t=2.62s
  round  16/50: acc=0.7516  f1m=0.5273  uplink_kB=190.8  t=2.61s
  round  17/50: acc=0.7636  f1m=0.5434  uplink_kB=190.8  t=2.62s
  round  18/50: acc=0.7858  f1m=0.5529  uplink_kB=190.8  t=2.57s
  round  19/50: acc=0.7651  f1m=0.5485  uplink_kB=190.8  t=2.60s
  round  20/50: acc=0.7861  f1m=0.5570  uplink_kB=190.8  t=2.61s
  round  21/50: acc=0.7860  f1m=0.5767  uplink_kB=190.8  t=2.59s
  round  22/50: acc=0.7891  f1m=0.5614  uplink_kB=190.8  t=2.59s
  round  23/50: acc=0.7940  f1m=0.5853  uplink_kB=190.8  t=2.63s
  round  24/50: acc=0.8138  f1m=0.5991  uplink_kB=190.8  t=2.57s
  round  25/50: acc=0.8090  f1m=0.6191  uplink_kB=190.8  t=2.60s
  round  26/50: acc=0.8063  f1m=0.5929  uplink_kB=190.8  t=2.58s
  round  27/50: acc=0.8039  f1m=0.6194  uplink_kB=190.8  t=2.63s
  round  28/50: acc=0.8183  f1m=0.6244  uplink_kB=190.8  t=2.69s
  round  29/50: acc=0.8222  f1m=0.6431  uplink_kB=190.8  t=2.65s
  round  30/50: acc=0.8263  f1m=0.6467  uplink_kB=190.8  t=2.58s
  round  31/50: acc=0.8327  f1m=0.6502  uplink_kB=190.8  t=2.56s
  round  32/50: acc=0.8483  f1m=0.6528  uplink_kB=190.8  t=2.58s
  round  33/50: acc=0.8368  f1m=0.6649  uplink_kB=190.8  t=2.59s
  round  34/50: acc=0.8936  f1m=0.7555  uplink_kB=190.8  t=2.62s
  round  35/50: acc=0.8462  f1m=0.6680  uplink_kB=190.8  t=2.62s
  round  36/50: acc=0.8897  f1m=0.7505  uplink_kB=190.8  t=2.63s
  round  37/50: acc=0.8532  f1m=0.6702  uplink_kB=190.8  t=2.59s
  round  38/50: acc=0.8915  f1m=0.7629  uplink_kB=190.8  t=2.58s
  round  39/50: acc=0.8578  f1m=0.6748  uplink_kB=190.8  t=2.53s
  round  40/50: acc=0.8357  f1m=0.6654  uplink_kB=190.8  t=2.56s
  round  41/50: acc=0.8534  f1m=0.6607  uplink_kB=190.8  t=2.62s
  round  42/50: acc=0.8930  f1m=0.7631  uplink_kB=190.8  t=2.64s
  round  43/50: acc=0.8584  f1m=0.6784  uplink_kB=190.8  t=2.63s
  round  44/50: acc=0.8924  f1m=0.7696  uplink_kB=190.8  t=2.61s
  round  45/50: acc=0.8554  f1m=0.6574  uplink_kB=190.8  t=2.57s
  round  46/50: acc=0.8751  f1m=0.7403  uplink_kB=190.8  t=2.59s
  round  47/50: acc=0.8504  f1m=0.6741  uplink_kB=190.8  t=2.66s
  round  48/50: acc=0.9002  f1m=0.7689  uplink_kB=190.8  t=2.63s
  round  49/50: acc=0.8538  f1m=0.6759  uplink_kB=190.8  t=2.62s
  round  50/50: acc=0.8987  f1m=0.7724  uplink_kB=190.8  t=2.56s
[run] DONE -> /Users/agentra/Documents/hao/working/paper-lab/hao-paper-2026/iotj-fedkan-ids/repo/results/lrsweep_cseciic_mc50k/lrsweep_kan8_lr0p01__dir0.1__seed17/metrics.json  final_acc=0.8987
