[run] device=cpu  seed=31  out=/Users/agentra/Documents/hao/working/paper-lab/hao-paper-2026/iotj-fedkan-ids/repo/results/lrsweep_toniot/lrsweep_mlp32_lr0p001__dir0.1__seed31
[run] model=mlp  params=1,346
  round   1/50: acc=0.6268  f1m=0.6186  uplink_kB=52.6  t=1.29s
  round   2/50: acc=0.6891  f1m=0.6878  uplink_kB=52.6  t=0.65s
  round   3/50: acc=0.7043  f1m=0.7042  uplink_kB=52.6  t=0.66s
  round   4/50: acc=0.7099  f1m=0.7099  uplink_kB=52.6  t=0.67s
  round   5/50: acc=0.7133  f1m=0.7133  uplink_kB=52.6  t=0.66s
  round   6/50: acc=0.7125  f1m=0.7125  uplink_kB=52.6  t=0.59s
  round   7/50: acc=0.7155  f1m=0.7155  uplink_kB=52.6  t=0.68s
  round   8/50: acc=0.7179  f1m=0.7179  uplink_kB=52.6  t=0.68s
  round   9/50: acc=0.6817  f1m=0.6786  uplink_kB=52.6  t=0.67s
  round  10/50: acc=0.6835  f1m=0.6805  uplink_kB=52.6  t=0.67s
  round  11/50: acc=0.6850  f1m=0.6821  uplink_kB=52.6  t=0.64s
  round  12/50: acc=0.6861  f1m=0.6831  uplink_kB=52.6  t=0.64s
  round  13/50: acc=0.6861  f1m=0.6831  uplink_kB=52.6  t=0.64s
  round  14/50: acc=0.6874  f1m=0.6846  uplink_kB=52.6  t=0.60s
  round  15/50: acc=0.6881  f1m=0.6853  uplink_kB=52.6  t=0.64s
  round  16/50: acc=0.6884  f1m=0.6857  uplink_kB=52.6  t=0.66s
  round  17/50: acc=0.6885  f1m=0.6858  uplink_kB=52.6  t=0.64s
  round  18/50: acc=0.6919  f1m=0.6894  uplink_kB=52.6  t=0.67s
  round  19/50: acc=0.6926  f1m=0.6902  uplink_kB=52.6  t=0.66s
  round  20/50: acc=0.6927  f1m=0.6903  uplink_kB=52.6  t=0.65s
  round  21/50: acc=0.6939  f1m=0.6915  uplink_kB=52.6  t=0.61s
  round  22/50: acc=0.6951  f1m=0.6927  uplink_kB=52.6  t=0.67s
  round  23/50: acc=0.6963  f1m=0.6940  uplink_kB=52.6  t=0.64s
  round  24/50: acc=0.6963  f1m=0.6941  uplink_kB=52.6  t=0.63s
  round  25/50: acc=0.6969  f1m=0.6947  uplink_kB=52.6  t=0.66s
  round  26/50: acc=0.7004  f1m=0.6984  uplink_kB=52.6  t=0.64s
  round  27/50: acc=0.7003  f1m=0.6982  uplink_kB=52.6  t=0.64s
  round  28/50: acc=0.7001  f1m=0.6980  uplink_kB=52.6  t=0.67s
  round  29/50: acc=0.7010  f1m=0.6991  uplink_kB=52.6  t=0.61s
  round  30/50: acc=0.7023  f1m=0.7004  uplink_kB=52.6  t=0.65s
  round  31/50: acc=0.7026  f1m=0.7007  uplink_kB=52.6  t=0.67s
  round  32/50: acc=0.7030  f1m=0.7011  uplink_kB=52.6  t=0.66s
  round  33/50: acc=0.7025  f1m=0.7006  uplink_kB=52.6  t=0.66s
  round  34/50: acc=0.7030  f1m=0.7012  uplink_kB=52.6  t=0.64s
  round  35/50: acc=0.7031  f1m=0.7012  uplink_kB=52.6  t=0.64s
  round  36/50: acc=0.7036  f1m=0.7018  uplink_kB=52.6  t=0.63s
  round  37/50: acc=0.7963  f1m=0.7901  uplink_kB=52.6  t=0.61s
  round  38/50: acc=0.7971  f1m=0.7910  uplink_kB=52.6  t=0.66s
  round  39/50: acc=0.7974  f1m=0.7913  uplink_kB=52.6  t=0.66s
  round  40/50: acc=0.7987  f1m=0.7928  uplink_kB=52.6  t=0.66s
  round  41/50: acc=0.7986  f1m=0.7927  uplink_kB=52.6  t=0.65s
  round  42/50: acc=0.7985  f1m=0.7926  uplink_kB=52.6  t=0.68s
  round  43/50: acc=0.7985  f1m=0.7925  uplink_kB=52.6  t=0.64s
  round  44/50: acc=0.7974  f1m=0.7913  uplink_kB=52.6  t=0.68s
  round  45/50: acc=0.7972  f1m=0.7911  uplink_kB=52.6  t=0.61s
  round  46/50: acc=0.7968  f1m=0.7907  uplink_kB=52.6  t=0.64s
  round  47/50: acc=0.7967  f1m=0.7906  uplink_kB=52.6  t=0.67s
  round  48/50: acc=0.7960  f1m=0.7898  uplink_kB=52.6  t=0.65s
  round  49/50: acc=0.7991  f1m=0.7932  uplink_kB=52.6  t=0.69s
  round  50/50: acc=0.7997  f1m=0.7939  uplink_kB=52.6  t=0.65s
[run] DONE -> /Users/agentra/Documents/hao/working/paper-lab/hao-paper-2026/iotj-fedkan-ids/repo/results/lrsweep_toniot/lrsweep_mlp32_lr0p001__dir0.1__seed31/metrics.json  final_acc=0.7997
