[run] device=cpu  seed=29  out=/Users/agentra/Documents/hao/working/paper-lab/hao-paper-2026/iotj-fedkan-ids/repo/results/lrsweep_botiot/lrsweep_mlp80_lr0p1__dir0.1__seed29
[run] model=mlp  params=3,362
  round   1/50: acc=0.4989  f1m=0.3328  uplink_kB=131.3  t=1.29s
  round   2/50: acc=0.5700  f1m=0.4777  uplink_kB=131.3  t=0.66s
  round   3/50: acc=0.5863  f1m=0.5065  uplink_kB=131.3  t=0.67s
  round   4/50: acc=0.4989  f1m=0.3328  uplink_kB=131.3  t=0.67s
  round   5/50: acc=0.5743  f1m=0.4892  uplink_kB=131.3  t=0.64s
  round   6/50: acc=0.6142  f1m=0.5601  uplink_kB=131.3  t=0.60s
  round   7/50: acc=0.9413  f1m=0.9413  uplink_kB=131.3  t=0.68s
  round   8/50: acc=0.9410  f1m=0.9410  uplink_kB=131.3  t=0.66s
  round   9/50: acc=0.9415  f1m=0.9415  uplink_kB=131.3  t=0.68s
  round  10/50: acc=0.9330  f1m=0.9330  uplink_kB=131.3  t=0.67s
  round  11/50: acc=0.9393  f1m=0.9393  uplink_kB=131.3  t=0.65s
  round  12/50: acc=0.9420  f1m=0.9419  uplink_kB=131.3  t=0.60s
  round  13/50: acc=0.9335  f1m=0.9335  uplink_kB=131.3  t=0.67s
  round  14/50: acc=0.9336  f1m=0.9336  uplink_kB=131.3  t=0.65s
  round  15/50: acc=0.9380  f1m=0.9380  uplink_kB=131.3  t=0.66s
  round  16/50: acc=0.9348  f1m=0.9348  uplink_kB=131.3  t=0.65s
  round  17/50: acc=0.9345  f1m=0.9345  uplink_kB=131.3  t=0.59s
  round  18/50: acc=0.9370  f1m=0.9370  uplink_kB=131.3  t=0.66s
  round  19/50: acc=0.8821  f1m=0.8808  uplink_kB=131.3  t=0.69s
  round  20/50: acc=0.8789  f1m=0.8775  uplink_kB=131.3  t=0.66s
  round  21/50: acc=0.8581  f1m=0.8557  uplink_kB=131.3  t=0.67s
  round  22/50: acc=0.8651  f1m=0.8631  uplink_kB=131.3  t=0.67s
  round  23/50: acc=0.8806  f1m=0.8793  uplink_kB=131.3  t=0.65s
  round  24/50: acc=0.9296  f1m=0.9296  uplink_kB=131.3  t=0.68s
  round  25/50: acc=0.9177  f1m=0.9177  uplink_kB=131.3  t=0.67s
  round  26/50: acc=0.9206  f1m=0.9206  uplink_kB=131.3  t=0.67s
  round  27/50: acc=0.9202  f1m=0.9202  uplink_kB=131.3  t=0.68s
  round  28/50: acc=0.8839  f1m=0.8828  uplink_kB=131.3  t=0.66s
  round  29/50: acc=0.9305  f1m=0.9305  uplink_kB=131.3  t=0.59s
  round  30/50: acc=0.9191  f1m=0.9191  uplink_kB=131.3  t=0.67s
  round  31/50: acc=0.5724  f1m=0.4875  uplink_kB=131.3  t=0.65s
  round  32/50: acc=0.8638  f1m=0.8624  uplink_kB=131.3  t=0.63s
  round  33/50: acc=0.9009  f1m=0.9005  uplink_kB=131.3  t=0.65s
  round  34/50: acc=0.9408  f1m=0.9408  uplink_kB=131.3  t=0.65s
  round  35/50: acc=0.9392  f1m=0.9392  uplink_kB=131.3  t=0.67s
  round  36/50: acc=0.9321  f1m=0.9321  uplink_kB=131.3  t=0.65s
  round  37/50: acc=0.9398  f1m=0.9398  uplink_kB=131.3  t=0.61s
  round  38/50: acc=0.9388  f1m=0.9388  uplink_kB=131.3  t=0.66s
  round  39/50: acc=0.9205  f1m=0.9205  uplink_kB=131.3  t=0.69s
  round  40/50: acc=0.8593  f1m=0.8583  uplink_kB=131.3  t=0.71s
  round  41/50: acc=0.9403  f1m=0.9403  uplink_kB=131.3  t=0.70s
  round  42/50: acc=0.8831  f1m=0.8819  uplink_kB=131.3  t=0.72s
  round  43/50: acc=0.8833  f1m=0.8820  uplink_kB=131.3  t=0.65s
  round  44/50: acc=0.8704  f1m=0.8699  uplink_kB=131.3  t=0.71s
  round  45/50: acc=0.9312  f1m=0.9312  uplink_kB=131.3  t=0.71s
  round  46/50: acc=0.8975  f1m=0.8967  uplink_kB=131.3  t=0.66s
  round  47/50: acc=0.9396  f1m=0.9396  uplink_kB=131.3  t=0.63s
  round  48/50: acc=0.8623  f1m=0.8614  uplink_kB=131.3  t=0.67s
  round  49/50: acc=0.8826  f1m=0.8809  uplink_kB=131.3  t=0.66s
  round  50/50: acc=0.8879  f1m=0.8868  uplink_kB=131.3  t=0.65s
[run] DONE -> /Users/agentra/Documents/hao/working/paper-lab/hao-paper-2026/iotj-fedkan-ids/repo/results/lrsweep_botiot/lrsweep_mlp80_lr0p1__dir0.1__seed29/metrics.json  final_acc=0.8879
