[run] device=cpu  seed=43  out=/Users/agentra/Documents/hao/working/paper-lab/hao-paper-2026/iotj-fedkan-ids/repo/results/lrsweep_cseciic_mc50k/lrsweep_kan8_lr0p1__dir0.1__seed43
[run] model=kan  params=4,320
  round   1/50: acc=0.2944  f1m=0.1258  uplink_kB=190.8  t=3.30s
  round   2/50: acc=0.3922  f1m=0.1546  uplink_kB=190.8  t=2.61s
  round   3/50: acc=0.1937  f1m=0.0936  uplink_kB=190.8  t=2.63s
  round   4/50: acc=0.3701  f1m=0.1771  uplink_kB=190.8  t=2.61s
  round   5/50: acc=0.2900  f1m=0.2013  uplink_kB=190.8  t=2.59s
  round   6/50: acc=0.4290  f1m=0.2769  uplink_kB=190.8  t=2.68s
  round   7/50: acc=0.3308  f1m=0.2462  uplink_kB=190.8  t=2.57s
  round   8/50: acc=0.3187  f1m=0.1996  uplink_kB=190.8  t=2.63s
  round   9/50: acc=0.4319  f1m=0.2886  uplink_kB=190.8  t=2.63s
  round  10/50: acc=0.4670  f1m=0.3072  uplink_kB=190.8  t=2.62s
  round  11/50: acc=0.4650  f1m=0.2666  uplink_kB=190.8  t=2.60s
  round  12/50: acc=0.3319  f1m=0.2178  uplink_kB=190.8  t=2.58s
  round  13/50: acc=0.5348  f1m=0.3534  uplink_kB=190.8  t=2.59s
  round  14/50: acc=0.4499  f1m=0.2815  uplink_kB=190.8  t=2.63s
  round  15/50: acc=0.4918  f1m=0.2981  uplink_kB=190.8  t=2.59s
  round  16/50: acc=0.4330  f1m=0.2836  uplink_kB=190.8  t=2.56s
  round  17/50: acc=0.4348  f1m=0.2750  uplink_kB=190.8  t=2.58s
  round  18/50: acc=0.4212  f1m=0.2716  uplink_kB=190.8  t=2.66s
  round  19/50: acc=0.3345  f1m=0.1957  uplink_kB=190.8  t=2.56s
  round  20/50: acc=0.4194  f1m=0.2752  uplink_kB=190.8  t=2.59s
  round  21/50: acc=0.4242  f1m=0.2386  uplink_kB=190.8  t=2.62s
  round  22/50: acc=0.4864  f1m=0.3168  uplink_kB=190.8  t=2.61s
  round  23/50: acc=0.5509  f1m=0.3437  uplink_kB=190.8  t=2.60s
  round  24/50: acc=0.5618  f1m=0.3196  uplink_kB=190.8  t=2.57s
  round  25/50: acc=0.3551  f1m=0.2380  uplink_kB=190.8  t=2.63s
  round  26/50: acc=0.4048  f1m=0.2794  uplink_kB=190.8  t=2.57s
  round  27/50: acc=0.4319  f1m=0.2581  uplink_kB=190.8  t=2.62s
  round  28/50: acc=0.4489  f1m=0.3111  uplink_kB=190.8  t=2.58s
  round  29/50: acc=0.5364  f1m=0.3101  uplink_kB=190.8  t=2.65s
  round  30/50: acc=0.5405  f1m=0.3114  uplink_kB=190.8  t=2.61s
  round  31/50: acc=0.4767  f1m=0.3223  uplink_kB=190.8  t=2.66s
  round  32/50: acc=0.5364  f1m=0.3107  uplink_kB=190.8  t=2.67s
  round  33/50: acc=0.4724  f1m=0.2694  uplink_kB=190.8  t=2.64s
  round  34/50: acc=0.4849  f1m=0.3319  uplink_kB=190.8  t=2.61s
  round  35/50: acc=0.5374  f1m=0.3165  uplink_kB=190.8  t=2.61s
  round  36/50: acc=0.4735  f1m=0.2690  uplink_kB=190.8  t=2.56s
  round  37/50: acc=0.4884  f1m=0.3321  uplink_kB=190.8  t=2.62s
  round  38/50: acc=0.4771  f1m=0.3278  uplink_kB=190.8  t=2.58s
  round  39/50: acc=0.4623  f1m=0.3331  uplink_kB=190.8  t=2.60s
  round  40/50: acc=0.4264  f1m=0.2667  uplink_kB=190.8  t=2.55s
  round  41/50: acc=0.4642  f1m=0.3336  uplink_kB=190.8  t=2.59s
  round  42/50: acc=0.4269  f1m=0.2664  uplink_kB=190.8  t=2.58s
  round  43/50: acc=0.4275  f1m=0.3003  uplink_kB=190.8  t=2.58s
  round  44/50: acc=0.3730  f1m=0.1585  uplink_kB=190.8  t=2.56s
  round  45/50: acc=0.3786  f1m=0.2447  uplink_kB=190.8  t=2.60s
  round  46/50: acc=0.3812  f1m=0.2493  uplink_kB=190.8  t=2.64s
  round  47/50: acc=0.2742  f1m=0.1731  uplink_kB=190.8  t=2.62s
  round  48/50: acc=0.2824  f1m=0.2085  uplink_kB=190.8  t=2.63s
  round  49/50: acc=0.2744  f1m=0.1993  uplink_kB=190.8  t=2.59s
  round  50/50: acc=0.2771  f1m=0.2022  uplink_kB=190.8  t=2.59s
[run] DONE -> /Users/agentra/Documents/hao/working/paper-lab/hao-paper-2026/iotj-fedkan-ids/repo/results/lrsweep_cseciic_mc50k/lrsweep_kan8_lr0p1__dir0.1__seed43/metrics.json  final_acc=0.2771
