[run] device=cpu  seed=2024  out=/Users/agentra/Documents/hao/working/paper-lab/hao-paper-2026/iotj-fedkan-ids/repo/results/lrsweep_toniot/lrsweep_kan8_lr0p003__dir0.1__seed2024
[run] model=kan  params=3,280
  round   1/50: acc=0.6750  f1m=0.6747  uplink_kB=150.2  t=2.25s
  round   2/50: acc=0.6970  f1m=0.6970  uplink_kB=150.2  t=1.67s
  round   3/50: acc=0.7196  f1m=0.7192  uplink_kB=150.2  t=1.67s
  round   4/50: acc=0.7265  f1m=0.7255  uplink_kB=150.2  t=1.75s
  round   5/50: acc=0.7280  f1m=0.7263  uplink_kB=150.2  t=1.84s
  round   6/50: acc=0.7623  f1m=0.7621  uplink_kB=150.2  t=1.77s
  round   7/50: acc=0.7653  f1m=0.7649  uplink_kB=150.2  t=1.75s
  round   8/50: acc=0.5790  f1m=0.5003  uplink_kB=150.2  t=1.69s
  round   9/50: acc=0.7995  f1m=0.7932  uplink_kB=150.2  t=1.62s
  round  10/50: acc=0.8002  f1m=0.7941  uplink_kB=150.2  t=1.61s
  round  11/50: acc=0.8001  f1m=0.7939  uplink_kB=150.2  t=1.59s
  round  12/50: acc=0.8721  f1m=0.8708  uplink_kB=150.2  t=1.54s
  round  13/50: acc=0.8759  f1m=0.8748  uplink_kB=150.2  t=1.62s
  round  14/50: acc=0.8810  f1m=0.8799  uplink_kB=150.2  t=1.60s
  round  15/50: acc=0.8821  f1m=0.8810  uplink_kB=150.2  t=1.63s
  round  16/50: acc=0.8814  f1m=0.8803  uplink_kB=150.2  t=1.61s
  round  17/50: acc=0.8844  f1m=0.8833  uplink_kB=150.2  t=1.64s
  round  18/50: acc=0.8823  f1m=0.8812  uplink_kB=150.2  t=1.62s
  round  19/50: acc=0.8869  f1m=0.8860  uplink_kB=150.2  t=1.53s
  round  20/50: acc=0.8874  f1m=0.8865  uplink_kB=150.2  t=1.61s
  round  21/50: acc=0.8900  f1m=0.8891  uplink_kB=150.2  t=1.60s
  round  22/50: acc=0.8891  f1m=0.8882  uplink_kB=150.2  t=1.59s
  round  23/50: acc=0.8913  f1m=0.8905  uplink_kB=150.2  t=1.60s
  round  24/50: acc=0.9005  f1m=0.8999  uplink_kB=150.2  t=1.61s
  round  25/50: acc=0.9054  f1m=0.9048  uplink_kB=150.2  t=1.64s
  round  26/50: acc=0.9062  f1m=0.9057  uplink_kB=150.2  t=1.56s
  round  27/50: acc=0.9096  f1m=0.9092  uplink_kB=150.2  t=1.62s
  round  28/50: acc=0.9006  f1m=0.8998  uplink_kB=150.2  t=1.59s
  round  29/50: acc=0.9044  f1m=0.9038  uplink_kB=150.2  t=1.62s
  round  30/50: acc=0.9068  f1m=0.9062  uplink_kB=150.2  t=1.62s
  round  31/50: acc=0.9118  f1m=0.9113  uplink_kB=150.2  t=1.63s
  round  32/50: acc=0.9154  f1m=0.9150  uplink_kB=150.2  t=1.54s
  round  33/50: acc=0.9147  f1m=0.9142  uplink_kB=150.2  t=1.61s
  round  34/50: acc=0.9260  f1m=0.9257  uplink_kB=150.2  t=1.60s
  round  35/50: acc=0.9179  f1m=0.9175  uplink_kB=150.2  t=1.61s
  round  36/50: acc=0.9183  f1m=0.9178  uplink_kB=150.2  t=1.62s
  round  37/50: acc=0.9247  f1m=0.9244  uplink_kB=150.2  t=1.61s
  round  38/50: acc=0.9227  f1m=0.9223  uplink_kB=150.2  t=1.54s
  round  39/50: acc=0.9277  f1m=0.9275  uplink_kB=150.2  t=1.60s
  round  40/50: acc=0.9288  f1m=0.9285  uplink_kB=150.2  t=1.61s
  round  41/50: acc=0.9279  f1m=0.9276  uplink_kB=150.2  t=1.60s
  round  42/50: acc=0.9303  f1m=0.9301  uplink_kB=150.2  t=1.60s
  round  43/50: acc=0.9302  f1m=0.9300  uplink_kB=150.2  t=1.60s
  round  44/50: acc=0.9385  f1m=0.9383  uplink_kB=150.2  t=1.61s
  round  45/50: acc=0.9305  f1m=0.9303  uplink_kB=150.2  t=1.57s
  round  46/50: acc=0.9322  f1m=0.9320  uplink_kB=150.2  t=1.60s
  round  47/50: acc=0.9361  f1m=0.9360  uplink_kB=150.2  t=1.62s
  round  48/50: acc=0.9316  f1m=0.9313  uplink_kB=150.2  t=1.63s
  round  49/50: acc=0.9388  f1m=0.9387  uplink_kB=150.2  t=1.59s
  round  50/50: acc=0.9369  f1m=0.9367  uplink_kB=150.2  t=1.53s
[run] DONE -> /Users/agentra/Documents/hao/working/paper-lab/hao-paper-2026/iotj-fedkan-ids/repo/results/lrsweep_toniot/lrsweep_kan8_lr0p003__dir0.1__seed2024/metrics.json  final_acc=0.9369
