[run] device=cpu  seed=2024  out=/Users/agentra/Documents/hao/working/paper-lab/hao-paper-2026/iotj-fedkan-ids/repo/results/lrsweep_cseciic_mc50k/lrsweep_kan8_lr0p01__dir0.1__seed2024
[run] model=kan  params=4,320
  round   1/50: acc=0.1636  f1m=0.0552  uplink_kB=190.8  t=3.26s
  round   2/50: acc=0.4116  f1m=0.1541  uplink_kB=190.8  t=2.49s
  round   3/50: acc=0.4859  f1m=0.2187  uplink_kB=190.8  t=2.62s
  round   4/50: acc=0.5101  f1m=0.3106  uplink_kB=190.8  t=2.59s
  round   5/50: acc=0.5638  f1m=0.3639  uplink_kB=190.8  t=2.61s
  round   6/50: acc=0.5985  f1m=0.3732  uplink_kB=190.8  t=2.54s
  round   7/50: acc=0.6821  f1m=0.4038  uplink_kB=190.8  t=2.60s
  round   8/50: acc=0.7239  f1m=0.4924  uplink_kB=190.8  t=2.63s
  round   9/50: acc=0.7502  f1m=0.5116  uplink_kB=190.8  t=2.54s
  round  10/50: acc=0.7667  f1m=0.5186  uplink_kB=190.8  t=2.57s
  round  11/50: acc=0.7834  f1m=0.5247  uplink_kB=190.8  t=2.55s
  round  12/50: acc=0.7857  f1m=0.5344  uplink_kB=190.8  t=2.64s
  round  13/50: acc=0.7873  f1m=0.5357  uplink_kB=190.8  t=2.52s
  round  14/50: acc=0.7907  f1m=0.5385  uplink_kB=190.8  t=2.64s
  round  15/50: acc=0.7915  f1m=0.5510  uplink_kB=190.8  t=2.55s
  round  16/50: acc=0.7964  f1m=0.5544  uplink_kB=190.8  t=2.61s
  round  17/50: acc=0.8041  f1m=0.5608  uplink_kB=190.8  t=2.57s
  round  18/50: acc=0.7999  f1m=0.5583  uplink_kB=190.8  t=2.59s
  round  19/50: acc=0.7959  f1m=0.5003  uplink_kB=190.8  t=2.58s
  round  20/50: acc=0.7994  f1m=0.5612  uplink_kB=190.8  t=2.59s
  round  21/50: acc=0.8129  f1m=0.5743  uplink_kB=190.8  t=2.66s
  round  22/50: acc=0.8144  f1m=0.5652  uplink_kB=190.8  t=2.59s
  round  23/50: acc=0.8083  f1m=0.5124  uplink_kB=190.8  t=2.65s
  round  24/50: acc=0.8141  f1m=0.5653  uplink_kB=190.8  t=3.26s
  round  25/50: acc=0.8128  f1m=0.5607  uplink_kB=190.8  t=2.62s
  round  26/50: acc=0.8059  f1m=0.5374  uplink_kB=190.8  t=2.59s
  round  27/50: acc=0.8216  f1m=0.5878  uplink_kB=190.8  t=2.60s
  round  28/50: acc=0.8092  f1m=0.5762  uplink_kB=190.8  t=2.74s
  round  29/50: acc=0.8001  f1m=0.5478  uplink_kB=190.8  t=2.56s
  round  30/50: acc=0.8169  f1m=0.5693  uplink_kB=190.8  t=2.62s
  round  31/50: acc=0.8016  f1m=0.5417  uplink_kB=190.8  t=2.55s
  round  32/50: acc=0.7951  f1m=0.5594  uplink_kB=190.8  t=2.68s
  round  33/50: acc=0.7966  f1m=0.5672  uplink_kB=190.8  t=2.73s
  round  34/50: acc=0.8076  f1m=0.5337  uplink_kB=190.8  t=2.86s
  round  35/50: acc=0.8120  f1m=0.5788  uplink_kB=190.8  t=2.82s
  round  36/50: acc=0.8166  f1m=0.5709  uplink_kB=190.8  t=2.64s
  round  37/50: acc=0.8132  f1m=0.5687  uplink_kB=190.8  t=2.71s
  round  38/50: acc=0.8177  f1m=0.5764  uplink_kB=190.8  t=2.65s
  round  39/50: acc=0.8090  f1m=0.5668  uplink_kB=190.8  t=2.72s
  round  40/50: acc=0.8130  f1m=0.5227  uplink_kB=190.8  t=2.62s
  round  41/50: acc=0.8161  f1m=0.5815  uplink_kB=190.8  t=2.65s
  round  42/50: acc=0.8165  f1m=0.5218  uplink_kB=190.8  t=2.58s
  round  43/50: acc=0.8096  f1m=0.5687  uplink_kB=190.8  t=2.71s
  round  44/50: acc=0.8084  f1m=0.5138  uplink_kB=190.8  t=2.59s
  round  45/50: acc=0.8115  f1m=0.5686  uplink_kB=190.8  t=2.75s
  round  46/50: acc=0.8127  f1m=0.5232  uplink_kB=190.8  t=2.60s
  round  47/50: acc=0.8052  f1m=0.5646  uplink_kB=190.8  t=2.69s
  round  48/50: acc=0.8105  f1m=0.5694  uplink_kB=190.8  t=2.60s
  round  49/50: acc=0.7763  f1m=0.5253  uplink_kB=190.8  t=2.63s
  round  50/50: acc=0.8110  f1m=0.5706  uplink_kB=190.8  t=2.61s
[run] DONE -> /Users/agentra/Documents/hao/working/paper-lab/hao-paper-2026/iotj-fedkan-ids/repo/results/lrsweep_cseciic_mc50k/lrsweep_kan8_lr0p01__dir0.1__seed2024/metrics.json  final_acc=0.8110
