[run] device=cpu  seed=11  out=/Users/agentra/Documents/hao/working/paper-lab/hao-paper-2026/iotj-fedkan-ids/repo/results/lrsweep_toniot/lrsweep_mlp80_lr0p001__dir0.1__seed11
[run] model=mlp  params=3,362
  round   1/50: acc=0.5000  f1m=0.3333  uplink_kB=131.3  t=1.11s
  round   2/50: acc=0.5000  f1m=0.3333  uplink_kB=131.3  t=0.67s
  round   3/50: acc=0.5000  f1m=0.3333  uplink_kB=131.3  t=0.71s
  round   4/50: acc=0.5123  f1m=0.3603  uplink_kB=131.3  t=0.66s
  round   5/50: acc=0.5186  f1m=0.4095  uplink_kB=131.3  t=0.59s
  round   6/50: acc=0.5850  f1m=0.5371  uplink_kB=131.3  t=0.69s
  round   7/50: acc=0.6487  f1m=0.6364  uplink_kB=131.3  t=0.66s
  round   8/50: acc=0.6303  f1m=0.6209  uplink_kB=131.3  t=0.68s
  round   9/50: acc=0.6251  f1m=0.6165  uplink_kB=131.3  t=0.65s
  round  10/50: acc=0.6225  f1m=0.6144  uplink_kB=131.3  t=0.66s
  round  11/50: acc=0.6442  f1m=0.6407  uplink_kB=131.3  t=0.66s
  round  12/50: acc=0.6444  f1m=0.6421  uplink_kB=131.3  t=0.62s
  round  13/50: acc=0.6815  f1m=0.6814  uplink_kB=131.3  t=0.64s
  round  14/50: acc=0.6924  f1m=0.6923  uplink_kB=131.3  t=0.66s
  round  15/50: acc=0.6948  f1m=0.6948  uplink_kB=131.3  t=0.64s
  round  16/50: acc=0.6953  f1m=0.6953  uplink_kB=131.3  t=0.66s
  round  17/50: acc=0.6966  f1m=0.6966  uplink_kB=131.3  t=0.66s
  round  18/50: acc=0.6984  f1m=0.6984  uplink_kB=131.3  t=0.60s
  round  19/50: acc=0.6618  f1m=0.6571  uplink_kB=131.3  t=0.69s
  round  20/50: acc=0.6620  f1m=0.6571  uplink_kB=131.3  t=0.67s
  round  21/50: acc=0.6625  f1m=0.6578  uplink_kB=131.3  t=0.66s
  round  22/50: acc=0.6609  f1m=0.6560  uplink_kB=131.3  t=0.67s
  round  23/50: acc=0.6619  f1m=0.6571  uplink_kB=131.3  t=0.67s
  round  24/50: acc=0.6627  f1m=0.6581  uplink_kB=131.3  t=0.59s
  round  25/50: acc=0.6639  f1m=0.6596  uplink_kB=131.3  t=0.66s
  round  26/50: acc=0.6630  f1m=0.6585  uplink_kB=131.3  t=0.65s
  round  27/50: acc=0.6655  f1m=0.6613  uplink_kB=131.3  t=0.65s
  round  28/50: acc=0.6660  f1m=0.6618  uplink_kB=131.3  t=0.67s
  round  29/50: acc=0.6667  f1m=0.6625  uplink_kB=131.3  t=0.67s
  round  30/50: acc=0.6726  f1m=0.6690  uplink_kB=131.3  t=0.66s
  round  31/50: acc=0.6730  f1m=0.6694  uplink_kB=131.3  t=0.67s
  round  32/50: acc=0.6765  f1m=0.6732  uplink_kB=131.3  t=0.62s
  round  33/50: acc=0.6794  f1m=0.6764  uplink_kB=131.3  t=0.67s
  round  34/50: acc=0.6821  f1m=0.6793  uplink_kB=131.3  t=0.67s
  round  35/50: acc=0.6821  f1m=0.6792  uplink_kB=131.3  t=0.69s
  round  36/50: acc=0.6828  f1m=0.6800  uplink_kB=131.3  t=0.68s
  round  37/50: acc=0.6866  f1m=0.6840  uplink_kB=131.3  t=0.60s
  round  38/50: acc=0.6862  f1m=0.6836  uplink_kB=131.3  t=0.64s
  round  39/50: acc=0.6867  f1m=0.6842  uplink_kB=131.3  t=0.65s
  round  40/50: acc=0.6871  f1m=0.6847  uplink_kB=131.3  t=0.65s
  round  41/50: acc=0.6865  f1m=0.6839  uplink_kB=131.3  t=0.66s
  round  42/50: acc=0.6865  f1m=0.6839  uplink_kB=131.3  t=0.68s
  round  43/50: acc=0.6869  f1m=0.6844  uplink_kB=131.3  t=0.64s
  round  44/50: acc=0.6872  f1m=0.6847  uplink_kB=131.3  t=0.66s
  round  45/50: acc=0.6873  f1m=0.6849  uplink_kB=131.3  t=0.68s
  round  46/50: acc=0.6872  f1m=0.6847  uplink_kB=131.3  t=0.67s
  round  47/50: acc=0.7598  f1m=0.7598  uplink_kB=131.3  t=0.67s
  round  48/50: acc=0.7598  f1m=0.7598  uplink_kB=131.3  t=0.64s
  round  49/50: acc=0.7593  f1m=0.7592  uplink_kB=131.3  t=0.63s
  round  50/50: acc=0.7591  f1m=0.7590  uplink_kB=131.3  t=0.68s
[run] DONE -> /Users/agentra/Documents/hao/working/paper-lab/hao-paper-2026/iotj-fedkan-ids/repo/results/lrsweep_toniot/lrsweep_mlp80_lr0p001__dir0.1__seed11/metrics.json  final_acc=0.7591
