[run] device=cpu  seed=37  out=/Users/agentra/Documents/hao/working/paper-lab/hao-paper-2026/iotj-fedkan-ids/repo/results/lrsweep_cseciic/lrsweep_mlp80_lr0p1__dir0.1__seed37
[run] model=mlp  params=3,362
  round   1/50: acc=0.5000  f1m=0.3333  uplink_kB=131.3  t=1.29s
  round   2/50: acc=0.9251  f1m=0.9247  uplink_kB=131.3  t=0.64s
  round   3/50: acc=0.9270  f1m=0.9267  uplink_kB=131.3  t=0.66s
  round   4/50: acc=0.9249  f1m=0.9245  uplink_kB=131.3  t=0.66s
  round   5/50: acc=0.6009  f1m=0.5261  uplink_kB=131.3  t=0.68s
  round   6/50: acc=0.9259  f1m=0.9255  uplink_kB=131.3  t=0.63s
  round   7/50: acc=0.9217  f1m=0.9212  uplink_kB=131.3  t=0.67s
  round   8/50: acc=0.9258  f1m=0.9254  uplink_kB=131.3  t=0.67s
  round   9/50: acc=0.6933  f1m=0.6619  uplink_kB=131.3  t=0.67s
  round  10/50: acc=0.9182  f1m=0.9177  uplink_kB=131.3  t=0.65s
  round  11/50: acc=0.9373  f1m=0.9371  uplink_kB=131.3  t=0.65s
  round  12/50: acc=0.9219  f1m=0.9214  uplink_kB=131.3  t=0.65s
  round  13/50: acc=0.5690  f1m=0.4710  uplink_kB=131.3  t=0.64s
  round  14/50: acc=0.9386  f1m=0.9384  uplink_kB=131.3  t=0.66s
  round  15/50: acc=0.9412  f1m=0.9410  uplink_kB=131.3  t=0.66s
  round  16/50: acc=0.8783  f1m=0.8765  uplink_kB=131.3  t=0.66s
  round  17/50: acc=0.9361  f1m=0.9358  uplink_kB=131.3  t=0.67s
  round  18/50: acc=0.8421  f1m=0.8381  uplink_kB=131.3  t=0.65s
  round  19/50: acc=0.5734  f1m=0.4786  uplink_kB=131.3  t=0.63s
  round  20/50: acc=0.9359  f1m=0.9357  uplink_kB=131.3  t=0.67s
  round  21/50: acc=0.9409  f1m=0.9407  uplink_kB=131.3  t=0.70s
  round  22/50: acc=0.9377  f1m=0.9374  uplink_kB=131.3  t=0.70s
  round  23/50: acc=0.9378  f1m=0.9375  uplink_kB=131.3  t=0.69s
  round  24/50: acc=0.8885  f1m=0.8871  uplink_kB=131.3  t=0.71s
  round  25/50: acc=0.5806  f1m=0.4912  uplink_kB=131.3  t=0.61s
  round  26/50: acc=0.9410  f1m=0.9408  uplink_kB=131.3  t=0.69s
  round  27/50: acc=0.9384  f1m=0.9381  uplink_kB=131.3  t=0.69s
  round  28/50: acc=0.9223  f1m=0.9218  uplink_kB=131.3  t=0.69s
  round  29/50: acc=0.7259  f1m=0.7037  uplink_kB=131.3  t=0.71s
  round  30/50: acc=0.9423  f1m=0.9422  uplink_kB=131.3  t=0.86s
  round  31/50: acc=0.9371  f1m=0.9368  uplink_kB=131.3  t=0.72s
  round  32/50: acc=0.9411  f1m=0.9409  uplink_kB=131.3  t=0.64s
  round  33/50: acc=0.9386  f1m=0.9384  uplink_kB=131.3  t=0.68s
  round  34/50: acc=0.9401  f1m=0.9399  uplink_kB=131.3  t=0.70s
  round  35/50: acc=0.9412  f1m=0.9410  uplink_kB=131.3  t=0.66s
  round  36/50: acc=0.9383  f1m=0.9381  uplink_kB=131.3  t=0.68s
  round  37/50: acc=0.9340  f1m=0.9337  uplink_kB=131.3  t=0.68s
  round  38/50: acc=0.9382  f1m=0.9380  uplink_kB=131.3  t=0.67s
  round  39/50: acc=0.9389  f1m=0.9386  uplink_kB=131.3  t=0.69s
  round  40/50: acc=0.9414  f1m=0.9412  uplink_kB=131.3  t=0.62s
  round  41/50: acc=0.9364  f1m=0.9362  uplink_kB=131.3  t=0.68s
  round  42/50: acc=0.9401  f1m=0.9399  uplink_kB=131.3  t=0.69s
  round  43/50: acc=0.9415  f1m=0.9413  uplink_kB=131.3  t=0.66s
  round  44/50: acc=0.9145  f1m=0.9138  uplink_kB=131.3  t=0.69s
  round  45/50: acc=0.9411  f1m=0.9409  uplink_kB=131.3  t=0.67s
  round  46/50: acc=0.9378  f1m=0.9376  uplink_kB=131.3  t=0.68s
  round  47/50: acc=0.9122  f1m=0.9115  uplink_kB=131.3  t=0.63s
  round  48/50: acc=0.9419  f1m=0.9417  uplink_kB=131.3  t=0.69s
  round  49/50: acc=0.7707  f1m=0.7580  uplink_kB=131.3  t=0.66s
  round  50/50: acc=0.9634  f1m=0.9634  uplink_kB=131.3  t=0.69s
[run] DONE -> /Users/agentra/Documents/hao/working/paper-lab/hao-paper-2026/iotj-fedkan-ids/repo/results/lrsweep_cseciic/lrsweep_mlp80_lr0p1__dir0.1__seed37/metrics.json  final_acc=0.9634
