[run] device=cpu  seed=42  out=/Users/agentra/Documents/hao/working/paper-lab/hao-paper-2026/iotj-fedkan-ids/repo/results/lrsweep_cseciic_mc/lrsweep_mlp80_lr0p01__dir0.1__seed42
[run] model=mlp  params=4,415
  round   1/50: acc=0.3220  f1m=0.0925  uplink_kB=172.5  t=2.82s
  round   2/50: acc=0.5039  f1m=0.3138  uplink_kB=172.5  t=2.21s
  round   3/50: acc=0.6051  f1m=0.3841  uplink_kB=172.5  t=2.20s
  round   4/50: acc=0.6723  f1m=0.4156  uplink_kB=172.5  t=2.17s
  round   5/50: acc=0.6821  f1m=0.4240  uplink_kB=172.5  t=2.21s
  round   6/50: acc=0.7766  f1m=0.5229  uplink_kB=172.5  t=2.23s
  round   7/50: acc=0.7643  f1m=0.5184  uplink_kB=172.5  t=2.18s
  round   8/50: acc=0.7786  f1m=0.5236  uplink_kB=172.5  t=2.16s
  round   9/50: acc=0.7854  f1m=0.5312  uplink_kB=172.5  t=2.19s
  round  10/50: acc=0.8375  f1m=0.5618  uplink_kB=172.5  t=2.22s
  round  11/50: acc=0.8194  f1m=0.5532  uplink_kB=172.5  t=2.28s
  round  12/50: acc=0.8320  f1m=0.5611  uplink_kB=172.5  t=2.20s
  round  13/50: acc=0.8447  f1m=0.5696  uplink_kB=172.5  t=2.37s
  round  14/50: acc=0.8386  f1m=0.5674  uplink_kB=172.5  t=2.71s
  round  15/50: acc=0.8404  f1m=0.5697  uplink_kB=172.5  t=2.30s
  round  16/50: acc=0.8579  f1m=0.5839  uplink_kB=172.5  t=2.26s
  round  17/50: acc=0.8566  f1m=0.5843  uplink_kB=172.5  t=2.15s
  round  18/50: acc=0.8616  f1m=0.5890  uplink_kB=172.5  t=2.20s
  round  19/50: acc=0.8604  f1m=0.5860  uplink_kB=172.5  t=2.19s
  round  20/50: acc=0.8563  f1m=0.5844  uplink_kB=172.5  t=2.18s
  round  21/50: acc=0.8637  f1m=0.5917  uplink_kB=172.5  t=2.23s
  round  22/50: acc=0.8635  f1m=0.5916  uplink_kB=172.5  t=2.39s
  round  23/50: acc=0.8631  f1m=0.5913  uplink_kB=172.5  t=2.25s
  round  24/50: acc=0.8521  f1m=0.5824  uplink_kB=172.5  t=2.22s
  round  25/50: acc=0.8591  f1m=0.5861  uplink_kB=172.5  t=2.22s
  round  26/50: acc=0.8632  f1m=0.5910  uplink_kB=172.5  t=2.21s
  round  27/50: acc=0.8640  f1m=0.5927  uplink_kB=172.5  t=2.26s
  round  28/50: acc=0.8643  f1m=0.5930  uplink_kB=172.5  t=2.34s
  round  29/50: acc=0.8646  f1m=0.5932  uplink_kB=172.5  t=2.16s
  round  30/50: acc=0.8626  f1m=0.5916  uplink_kB=172.5  t=2.18s
  round  31/50: acc=0.8626  f1m=0.5900  uplink_kB=172.5  t=2.26s
  round  32/50: acc=0.8628  f1m=0.5915  uplink_kB=172.5  t=2.38s
  round  33/50: acc=0.8633  f1m=0.5924  uplink_kB=172.5  t=2.27s
  round  34/50: acc=0.8672  f1m=0.5947  uplink_kB=172.5  t=2.32s
  round  35/50: acc=0.8632  f1m=0.5917  uplink_kB=172.5  t=2.11s
  round  36/50: acc=0.8604  f1m=0.6031  uplink_kB=172.5  t=2.30s
  round  37/50: acc=0.8577  f1m=0.5866  uplink_kB=172.5  t=2.23s
  round  38/50: acc=0.8615  f1m=0.5908  uplink_kB=172.5  t=2.20s
  round  39/50: acc=0.8629  f1m=0.5937  uplink_kB=172.5  t=2.16s
  round  40/50: acc=0.8633  f1m=0.5922  uplink_kB=172.5  t=2.27s
  round  41/50: acc=0.8628  f1m=0.5921  uplink_kB=172.5  t=2.20s
  round  42/50: acc=0.8625  f1m=0.5914  uplink_kB=172.5  t=2.16s
  round  43/50: acc=0.8574  f1m=0.5853  uplink_kB=172.5  t=2.17s
  round  44/50: acc=0.8644  f1m=0.6078  uplink_kB=172.5  t=2.13s
  round  45/50: acc=0.8659  f1m=0.6109  uplink_kB=172.5  t=2.14s
  round  46/50: acc=0.8632  f1m=0.5935  uplink_kB=172.5  t=2.12s
  round  47/50: acc=0.8654  f1m=0.5950  uplink_kB=172.5  t=2.19s
  round  48/50: acc=0.8665  f1m=0.5977  uplink_kB=172.5  t=2.19s
  round  49/50: acc=0.8626  f1m=0.5940  uplink_kB=172.5  t=2.20s
  round  50/50: acc=0.8615  f1m=0.5948  uplink_kB=172.5  t=2.16s
[run] DONE -> /Users/agentra/Documents/hao/working/paper-lab/hao-paper-2026/iotj-fedkan-ids/repo/results/lrsweep_cseciic_mc/lrsweep_mlp80_lr0p01__dir0.1__seed42/metrics.json  final_acc=0.8615
