[run] device=cpu  seed=17  out=/Users/agentra/Documents/hao/working/paper-lab/hao-paper-2026/iotj-fedkan-ids/repo/results/lrsweep_toniot/lrsweep_kan16_lr0p003__dir0.1__seed17
[run] model=kan  params=6,560
  round   1/50: acc=0.5000  f1m=0.3333  uplink_kB=282.0  t=2.34s
  round   2/50: acc=0.5027  f1m=0.3394  uplink_kB=282.0  t=1.82s
  round   3/50: acc=0.3944  f1m=0.3498  uplink_kB=282.0  t=1.88s
  round   4/50: acc=0.3662  f1m=0.3557  uplink_kB=282.0  t=1.84s
  round   5/50: acc=0.4180  f1m=0.4175  uplink_kB=282.0  t=1.86s
  round   6/50: acc=0.5452  f1m=0.4844  uplink_kB=282.0  t=1.77s
  round   7/50: acc=0.5573  f1m=0.4935  uplink_kB=282.0  t=1.86s
  round   8/50: acc=0.5587  f1m=0.4954  uplink_kB=282.0  t=1.89s
  round   9/50: acc=0.5660  f1m=0.5034  uplink_kB=282.0  t=1.87s
  round  10/50: acc=0.5589  f1m=0.4990  uplink_kB=282.0  t=1.86s
  round  11/50: acc=0.5703  f1m=0.5110  uplink_kB=282.0  t=1.88s
  round  12/50: acc=0.5715  f1m=0.5142  uplink_kB=282.0  t=1.88s
  round  13/50: acc=0.5684  f1m=0.5139  uplink_kB=282.0  t=1.88s
  round  14/50: acc=0.5783  f1m=0.5277  uplink_kB=282.0  t=1.82s
  round  15/50: acc=0.5775  f1m=0.5299  uplink_kB=282.0  t=1.87s
  round  16/50: acc=0.5903  f1m=0.5528  uplink_kB=282.0  t=1.88s
  round  17/50: acc=0.5947  f1m=0.5623  uplink_kB=282.0  t=1.87s
  round  18/50: acc=0.5921  f1m=0.5587  uplink_kB=282.0  t=1.88s
  round  19/50: acc=0.5986  f1m=0.5682  uplink_kB=282.0  t=1.87s
  round  20/50: acc=0.5994  f1m=0.5719  uplink_kB=282.0  t=1.78s
  round  21/50: acc=0.5958  f1m=0.5690  uplink_kB=282.0  t=1.86s
  round  22/50: acc=0.5993  f1m=0.5746  uplink_kB=282.0  t=1.87s
  round  23/50: acc=0.6089  f1m=0.5874  uplink_kB=282.0  t=1.87s
  round  24/50: acc=0.6247  f1m=0.6079  uplink_kB=282.0  t=1.86s
  round  25/50: acc=0.6192  f1m=0.6001  uplink_kB=282.0  t=1.85s
  round  26/50: acc=0.6143  f1m=0.5930  uplink_kB=282.0  t=1.84s
  round  27/50: acc=0.6175  f1m=0.5939  uplink_kB=282.0  t=1.79s
  round  28/50: acc=0.6207  f1m=0.5990  uplink_kB=282.0  t=1.89s
  round  29/50: acc=0.6309  f1m=0.6119  uplink_kB=282.0  t=1.87s
  round  30/50: acc=0.6403  f1m=0.6239  uplink_kB=282.0  t=1.86s
  round  31/50: acc=0.6492  f1m=0.6335  uplink_kB=282.0  t=1.87s
  round  32/50: acc=0.6562  f1m=0.6431  uplink_kB=282.0  t=1.85s
  round  33/50: acc=0.6559  f1m=0.6427  uplink_kB=282.0  t=1.86s
  round  34/50: acc=0.6473  f1m=0.6315  uplink_kB=282.0  t=1.79s
  round  35/50: acc=0.6567  f1m=0.6450  uplink_kB=282.0  t=1.89s
  round  36/50: acc=0.6735  f1m=0.6647  uplink_kB=282.0  t=1.87s
  round  37/50: acc=0.6743  f1m=0.6656  uplink_kB=282.0  t=1.86s
  round  38/50: acc=0.6785  f1m=0.6700  uplink_kB=282.0  t=1.89s
  round  39/50: acc=0.6721  f1m=0.6627  uplink_kB=282.0  t=1.85s
  round  40/50: acc=0.6652  f1m=0.6545  uplink_kB=282.0  t=1.81s
  round  41/50: acc=0.6701  f1m=0.6600  uplink_kB=282.0  t=1.86s
  round  42/50: acc=0.6646  f1m=0.6539  uplink_kB=282.0  t=1.85s
  round  43/50: acc=0.6745  f1m=0.6660  uplink_kB=282.0  t=1.87s
  round  44/50: acc=0.6779  f1m=0.6697  uplink_kB=282.0  t=1.84s
  round  45/50: acc=0.6811  f1m=0.6725  uplink_kB=282.0  t=1.88s
  round  46/50: acc=0.6816  f1m=0.6724  uplink_kB=282.0  t=1.78s
  round  47/50: acc=0.6859  f1m=0.6780  uplink_kB=282.0  t=1.88s
  round  48/50: acc=0.6825  f1m=0.6742  uplink_kB=282.0  t=1.85s
  round  49/50: acc=0.6867  f1m=0.6791  uplink_kB=282.0  t=1.86s
  round  50/50: acc=0.6836  f1m=0.6755  uplink_kB=282.0  t=1.81s
[run] DONE -> /Users/agentra/Documents/hao/working/paper-lab/hao-paper-2026/iotj-fedkan-ids/repo/results/lrsweep_toniot/lrsweep_kan16_lr0p003__dir0.1__seed17/metrics.json  final_acc=0.6836
