[run] device=cpu  seed=11  out=/Users/agentra/Documents/hao/working/paper-lab/hao-paper-2026/iotj-fedkan-ids/repo/results/lrsweep_cseciic_mc/lrsweep_kan16_lr0p0003__dir0.1__seed11
[run] model=kan  params=8,640
  round   1/50: acc=0.1665  f1m=0.0264  uplink_kB=363.3  t=6.92s
  round   2/50: acc=0.2375  f1m=0.0483  uplink_kB=363.3  t=6.42s
  round   3/50: acc=0.2100  f1m=0.0413  uplink_kB=363.3  t=6.14s
  round   4/50: acc=0.2148  f1m=0.0464  uplink_kB=363.3  t=6.30s
  round   5/50: acc=0.2885  f1m=0.0802  uplink_kB=363.3  t=6.16s
  round   6/50: acc=0.3077  f1m=0.0865  uplink_kB=363.3  t=6.50s
  round   7/50: acc=0.3679  f1m=0.1016  uplink_kB=363.3  t=6.34s
  round   8/50: acc=0.3877  f1m=0.1057  uplink_kB=363.3  t=6.45s
  round   9/50: acc=0.4095  f1m=0.1119  uplink_kB=363.3  t=6.57s
  round  10/50: acc=0.4296  f1m=0.1228  uplink_kB=363.3  t=6.52s
  round  11/50: acc=0.4188  f1m=0.1200  uplink_kB=363.3  t=6.21s
  round  12/50: acc=0.4195  f1m=0.1202  uplink_kB=363.3  t=6.39s
  round  13/50: acc=0.4201  f1m=0.1204  uplink_kB=363.3  t=6.39s
  round  14/50: acc=0.4226  f1m=0.1210  uplink_kB=363.3  t=6.23s
  round  15/50: acc=0.4677  f1m=0.1476  uplink_kB=363.3  t=6.23s
  round  16/50: acc=0.4688  f1m=0.1481  uplink_kB=363.3  t=6.27s
  round  17/50: acc=0.4729  f1m=0.1519  uplink_kB=363.3  t=6.24s
  round  18/50: acc=0.4853  f1m=0.1629  uplink_kB=363.3  t=6.15s
  round  19/50: acc=0.5027  f1m=0.1780  uplink_kB=363.3  t=6.17s
  round  20/50: acc=0.5285  f1m=0.1973  uplink_kB=363.3  t=6.24s
  round  21/50: acc=0.6373  f1m=0.2665  uplink_kB=363.3  t=6.18s
  round  22/50: acc=0.6520  f1m=0.2741  uplink_kB=363.3  t=6.52s
  round  23/50: acc=0.6616  f1m=0.2781  uplink_kB=363.3  t=6.15s
  round  24/50: acc=0.6659  f1m=0.2803  uplink_kB=363.3  t=6.11s
  round  25/50: acc=0.6693  f1m=0.2811  uplink_kB=363.3  t=6.28s
  round  26/50: acc=0.7001  f1m=0.3385  uplink_kB=363.3  t=6.19s
  round  27/50: acc=0.7001  f1m=0.3385  uplink_kB=363.3  t=6.19s
  round  28/50: acc=0.6994  f1m=0.3382  uplink_kB=363.3  t=6.25s
  round  29/50: acc=0.6933  f1m=0.3353  uplink_kB=363.3  t=6.16s
  round  30/50: acc=0.6896  f1m=0.3334  uplink_kB=363.3  t=6.18s
  round  31/50: acc=0.6873  f1m=0.3321  uplink_kB=363.3  t=6.18s
  round  32/50: acc=0.6858  f1m=0.3312  uplink_kB=363.3  t=6.10s
  round  33/50: acc=0.6829  f1m=0.3296  uplink_kB=363.3  t=6.15s
  round  34/50: acc=0.6821  f1m=0.3292  uplink_kB=363.3  t=6.13s
  round  35/50: acc=0.6829  f1m=0.3296  uplink_kB=363.3  t=6.10s
  round  36/50: acc=0.6827  f1m=0.3294  uplink_kB=363.3  t=6.19s
  round  37/50: acc=0.6893  f1m=0.3319  uplink_kB=363.3  t=6.12s
  round  38/50: acc=0.6903  f1m=0.3324  uplink_kB=363.3  t=6.14s
  round  39/50: acc=0.6928  f1m=0.3337  uplink_kB=363.3  t=6.16s
  round  40/50: acc=0.6941  f1m=0.3344  uplink_kB=363.3  t=6.13s
  round  41/50: acc=0.6967  f1m=0.3357  uplink_kB=363.3  t=6.19s
  round  42/50: acc=0.7019  f1m=0.3383  uplink_kB=363.3  t=6.13s
  round  43/50: acc=0.7060  f1m=0.3405  uplink_kB=363.3  t=6.13s
  round  44/50: acc=0.7099  f1m=0.3426  uplink_kB=363.3  t=6.12s
  round  45/50: acc=0.7104  f1m=0.3428  uplink_kB=363.3  t=6.16s
  round  46/50: acc=0.7146  f1m=0.3446  uplink_kB=363.3  t=6.21s
  round  47/50: acc=0.7174  f1m=0.3455  uplink_kB=363.3  t=6.13s
  round  48/50: acc=0.7201  f1m=0.3470  uplink_kB=363.3  t=6.15s
  round  49/50: acc=0.7218  f1m=0.3478  uplink_kB=363.3  t=6.14s
  round  50/50: acc=0.7244  f1m=0.3740  uplink_kB=363.3  t=6.07s
[run] DONE -> /Users/agentra/Documents/hao/working/paper-lab/hao-paper-2026/iotj-fedkan-ids/repo/results/lrsweep_cseciic_mc/lrsweep_kan16_lr0p0003__dir0.1__seed11/metrics.json  final_acc=0.7244
