[run] device=cpu  seed=2024  out=/Users/agentra/Documents/hao/working/paper-lab/hao-paper-2026/iotj-fedkan-ids/repo/results/lrsweep_botiot/lrsweep_mlp80_lr0p01__dir0.1__seed2024
[run] model=mlp  params=3,362
  round   1/50: acc=0.6580  f1m=0.6122  uplink_kB=131.3  t=1.38s
  round   2/50: acc=0.7322  f1m=0.7173  uplink_kB=131.3  t=0.71s
  round   3/50: acc=0.6743  f1m=0.6351  uplink_kB=131.3  t=0.66s
  round   4/50: acc=0.6680  f1m=0.6263  uplink_kB=131.3  t=0.71s
  round   5/50: acc=0.6631  f1m=0.6193  uplink_kB=131.3  t=0.65s
  round   6/50: acc=0.6731  f1m=0.6334  uplink_kB=131.3  t=0.74s
  round   7/50: acc=0.6794  f1m=0.6422  uplink_kB=131.3  t=0.83s
  round   8/50: acc=0.6849  f1m=0.6497  uplink_kB=131.3  t=0.70s
  round   9/50: acc=0.6876  f1m=0.6533  uplink_kB=131.3  t=0.72s
  round  10/50: acc=0.6930  f1m=0.6605  uplink_kB=131.3  t=0.71s
  round  11/50: acc=0.7000  f1m=0.6699  uplink_kB=131.3  t=0.65s
  round  12/50: acc=0.7018  f1m=0.6723  uplink_kB=131.3  t=0.67s
  round  13/50: acc=0.7037  f1m=0.6749  uplink_kB=131.3  t=0.75s
  round  14/50: acc=0.7123  f1m=0.6861  uplink_kB=131.3  t=0.89s
  round  15/50: acc=0.7152  f1m=0.6898  uplink_kB=131.3  t=0.76s
  round  16/50: acc=0.7250  f1m=0.7023  uplink_kB=131.3  t=0.79s
  round  17/50: acc=0.7286  f1m=0.7068  uplink_kB=131.3  t=0.66s
  round  18/50: acc=0.7972  f1m=0.7884  uplink_kB=131.3  t=0.65s
  round  19/50: acc=0.7996  f1m=0.7911  uplink_kB=131.3  t=0.72s
  round  20/50: acc=0.7999  f1m=0.7914  uplink_kB=131.3  t=0.70s
  round  21/50: acc=0.8002  f1m=0.7918  uplink_kB=131.3  t=0.70s
  round  22/50: acc=0.8016  f1m=0.7934  uplink_kB=131.3  t=0.68s
  round  23/50: acc=0.8011  f1m=0.7928  uplink_kB=131.3  t=0.66s
  round  24/50: acc=0.8026  f1m=0.7945  uplink_kB=131.3  t=0.64s
  round  25/50: acc=0.8028  f1m=0.7948  uplink_kB=131.3  t=0.70s
  round  26/50: acc=0.8083  f1m=0.8008  uplink_kB=131.3  t=0.69s
  round  27/50: acc=0.8032  f1m=0.7952  uplink_kB=131.3  t=0.68s
  round  28/50: acc=0.8085  f1m=0.8012  uplink_kB=131.3  t=0.65s
  round  29/50: acc=0.8092  f1m=0.8019  uplink_kB=131.3  t=0.67s
  round  30/50: acc=0.7413  f1m=0.7226  uplink_kB=131.3  t=0.62s
  round  31/50: acc=0.8087  f1m=0.8013  uplink_kB=131.3  t=0.65s
  round  32/50: acc=0.8097  f1m=0.8025  uplink_kB=131.3  t=0.68s
  round  33/50: acc=0.8323  f1m=0.8274  uplink_kB=131.3  t=0.68s
  round  34/50: acc=0.8328  f1m=0.8279  uplink_kB=131.3  t=0.71s
  round  35/50: acc=0.8325  f1m=0.8276  uplink_kB=131.3  t=0.72s
  round  36/50: acc=0.8326  f1m=0.8277  uplink_kB=131.3  t=0.64s
  round  37/50: acc=0.8109  f1m=0.8037  uplink_kB=131.3  t=0.63s
  round  38/50: acc=0.8335  f1m=0.8287  uplink_kB=131.3  t=0.67s
  round  39/50: acc=0.8341  f1m=0.8293  uplink_kB=131.3  t=0.65s
  round  40/50: acc=0.8342  f1m=0.8294  uplink_kB=131.3  t=0.70s
  round  41/50: acc=0.8121  f1m=0.8052  uplink_kB=131.3  t=0.64s
  round  42/50: acc=0.8342  f1m=0.8294  uplink_kB=131.3  t=0.61s
  round  43/50: acc=0.8107  f1m=0.8036  uplink_kB=131.3  t=0.71s
  round  44/50: acc=0.8349  f1m=0.8302  uplink_kB=131.3  t=0.66s
  round  45/50: acc=0.8441  f1m=0.8402  uplink_kB=131.3  t=0.66s
  round  46/50: acc=0.8358  f1m=0.8312  uplink_kB=131.3  t=0.73s
  round  47/50: acc=0.8369  f1m=0.8324  uplink_kB=131.3  t=0.66s
  round  48/50: acc=0.8371  f1m=0.8326  uplink_kB=131.3  t=0.70s
  round  49/50: acc=0.8436  f1m=0.8396  uplink_kB=131.3  t=0.68s
  round  50/50: acc=0.8472  f1m=0.8435  uplink_kB=131.3  t=0.63s
[run] DONE -> /Users/agentra/Documents/hao/working/paper-lab/hao-paper-2026/iotj-fedkan-ids/repo/results/lrsweep_botiot/lrsweep_mlp80_lr0p01__dir0.1__seed2024/metrics.json  final_acc=0.8472
