[run] device=cpu  seed=2024  out=/Users/agentra/Documents/hao/working/paper-lab/hao-paper-2026/iotj-fedkan-ids/repo/results/sensitivity_botiot/sens_G3__dir0.1__seed2024
[run] model=kan  params=2,624
  round   1/50: acc=0.5011  f1m=0.3338  uplink_kB=120.9  t=2.46s
  round   2/50: acc=0.5038  f1m=0.3398  uplink_kB=120.9  t=1.79s
  round   3/50: acc=0.5074  f1m=0.3478  uplink_kB=120.9  t=1.63s
  round   4/50: acc=0.5103  f1m=0.3540  uplink_kB=120.9  t=1.80s
  round   5/50: acc=0.5512  f1m=0.4367  uplink_kB=120.9  t=1.65s
  round   6/50: acc=0.6426  f1m=0.5896  uplink_kB=120.9  t=1.61s
  round   7/50: acc=0.6623  f1m=0.6183  uplink_kB=120.9  t=1.84s
  round   8/50: acc=0.6686  f1m=0.6271  uplink_kB=120.9  t=1.61s
  round   9/50: acc=0.6761  f1m=0.6378  uplink_kB=120.9  t=1.69s
  round  10/50: acc=0.6764  f1m=0.6382  uplink_kB=120.9  t=1.64s
  round  11/50: acc=0.6786  f1m=0.6412  uplink_kB=120.9  t=1.69s
  round  12/50: acc=0.6812  f1m=0.6448  uplink_kB=120.9  t=1.98s
  round  13/50: acc=0.6844  f1m=0.6492  uplink_kB=120.9  t=1.64s
  round  14/50: acc=0.6909  f1m=0.6580  uplink_kB=120.9  t=1.68s
  round  15/50: acc=0.7041  f1m=0.6756  uplink_kB=120.9  t=1.76s
  round  16/50: acc=0.7037  f1m=0.6749  uplink_kB=120.9  t=1.66s
  round  17/50: acc=0.7112  f1m=0.6847  uplink_kB=120.9  t=1.67s
  round  18/50: acc=0.7150  f1m=0.6896  uplink_kB=120.9  t=1.75s
  round  19/50: acc=0.7179  f1m=0.6933  uplink_kB=120.9  t=1.60s
  round  20/50: acc=0.7179  f1m=0.6933  uplink_kB=120.9  t=1.62s
  round  21/50: acc=0.7219  f1m=0.6985  uplink_kB=120.9  t=1.73s
  round  22/50: acc=0.7226  f1m=0.6993  uplink_kB=120.9  t=1.66s
  round  23/50: acc=0.7995  f1m=0.7912  uplink_kB=120.9  t=1.66s
  round  24/50: acc=0.7235  f1m=0.7004  uplink_kB=120.9  t=1.66s
  round  25/50: acc=0.7250  f1m=0.7024  uplink_kB=120.9  t=1.63s
  round  26/50: acc=0.8002  f1m=0.7920  uplink_kB=120.9  t=1.72s
  round  27/50: acc=0.7252  f1m=0.7026  uplink_kB=120.9  t=1.66s
  round  28/50: acc=0.7256  f1m=0.7031  uplink_kB=120.9  t=1.68s
  round  29/50: acc=0.7938  f1m=0.7847  uplink_kB=120.9  t=1.64s
  round  30/50: acc=0.8023  f1m=0.7943  uplink_kB=120.9  t=1.65s
  round  31/50: acc=0.8010  f1m=0.7929  uplink_kB=120.9  t=1.75s
  round  32/50: acc=0.8029  f1m=0.7950  uplink_kB=120.9  t=1.63s
  round  33/50: acc=0.8052  f1m=0.7977  uplink_kB=120.9  t=1.66s
  round  34/50: acc=0.7959  f1m=0.7870  uplink_kB=120.9  t=1.71s
  round  35/50: acc=0.8058  f1m=0.7982  uplink_kB=120.9  t=1.68s
  round  36/50: acc=0.7967  f1m=0.7879  uplink_kB=120.9  t=1.64s
  round  37/50: acc=0.7973  f1m=0.7886  uplink_kB=120.9  t=1.77s
  round  38/50: acc=0.8068  f1m=0.7994  uplink_kB=120.9  t=1.67s
  round  39/50: acc=0.7986  f1m=0.7901  uplink_kB=120.9  t=1.66s
  round  40/50: acc=0.8055  f1m=0.7979  uplink_kB=120.9  t=1.59s
  round  41/50: acc=0.8007  f1m=0.7925  uplink_kB=120.9  t=1.69s
  round  42/50: acc=0.8151  f1m=0.8086  uplink_kB=120.9  t=1.72s
  round  43/50: acc=0.8010  f1m=0.7928  uplink_kB=120.9  t=1.72s
  round  44/50: acc=0.8418  f1m=0.8378  uplink_kB=120.9  t=1.64s
  round  45/50: acc=0.8050  f1m=0.7973  uplink_kB=120.9  t=1.63s
  round  46/50: acc=0.8368  f1m=0.8324  uplink_kB=120.9  t=1.64s
  round  47/50: acc=0.8073  f1m=0.7998  uplink_kB=120.9  t=1.61s
  round  48/50: acc=0.8148  f1m=0.8082  uplink_kB=120.9  t=1.66s
  round  49/50: acc=0.8081  f1m=0.8007  uplink_kB=120.9  t=1.75s
  round  50/50: acc=0.8388  f1m=0.8345  uplink_kB=120.9  t=1.70s
[run] DONE -> /Users/agentra/Documents/hao/working/paper-lab/hao-paper-2026/iotj-fedkan-ids/repo/results/sensitivity_botiot/sens_G3__dir0.1__seed2024/metrics.json  final_acc=0.8388
