[run] device=cpu  seed=31  out=/Users/agentra/Documents/hao/working/paper-lab/hao-paper-2026/iotj-fedkan-ids/repo/results/lrsweep_cseciic/lrsweep_mlp32_lr0p01__dir0.1__seed31
[run] model=mlp  params=1,346
  round   1/50: acc=0.5521  f1m=0.4453  uplink_kB=52.6  t=1.41s
  round   2/50: acc=0.6334  f1m=0.5824  uplink_kB=52.6  t=0.68s
  round   3/50: acc=0.6407  f1m=0.5934  uplink_kB=52.6  t=0.68s
  round   4/50: acc=0.6257  f1m=0.5706  uplink_kB=52.6  t=0.69s
  round   5/50: acc=0.6480  f1m=0.6040  uplink_kB=52.6  t=0.65s
  round   6/50: acc=0.6461  f1m=0.6014  uplink_kB=52.6  t=0.61s
  round   7/50: acc=0.6815  f1m=0.6508  uplink_kB=52.6  t=0.65s
  round   8/50: acc=0.7224  f1m=0.7030  uplink_kB=52.6  t=0.82s
  round   9/50: acc=0.7774  f1m=0.7682  uplink_kB=52.6  t=0.64s
  round  10/50: acc=0.6633  f1m=0.6249  uplink_kB=52.6  t=0.65s
  round  11/50: acc=0.7005  f1m=0.6751  uplink_kB=52.6  t=0.62s
  round  12/50: acc=0.8212  f1m=0.8170  uplink_kB=52.6  t=0.64s
  round  13/50: acc=0.7981  f1m=0.7917  uplink_kB=52.6  t=0.68s
  round  14/50: acc=0.8269  f1m=0.8233  uplink_kB=52.6  t=0.61s
  round  15/50: acc=0.8278  f1m=0.8244  uplink_kB=52.6  t=0.65s
  round  16/50: acc=0.8223  f1m=0.8185  uplink_kB=52.6  t=0.67s
  round  17/50: acc=0.8682  f1m=0.8670  uplink_kB=52.6  t=0.65s
  round  18/50: acc=0.8598  f1m=0.8583  uplink_kB=52.6  t=0.66s
  round  19/50: acc=0.8923  f1m=0.8918  uplink_kB=52.6  t=0.69s
  round  20/50: acc=0.8936  f1m=0.8931  uplink_kB=52.6  t=0.65s
  round  21/50: acc=0.8910  f1m=0.8905  uplink_kB=52.6  t=0.59s
  round  22/50: acc=0.8856  f1m=0.8849  uplink_kB=52.6  t=0.64s
  round  23/50: acc=0.8983  f1m=0.8979  uplink_kB=52.6  t=0.67s
  round  24/50: acc=0.9192  f1m=0.9190  uplink_kB=52.6  t=0.63s
  round  25/50: acc=0.9050  f1m=0.9047  uplink_kB=52.6  t=0.64s
  round  26/50: acc=0.9015  f1m=0.9012  uplink_kB=52.6  t=0.65s
  round  27/50: acc=0.8744  f1m=0.8735  uplink_kB=52.6  t=0.61s
  round  28/50: acc=0.9123  f1m=0.9120  uplink_kB=52.6  t=0.67s
  round  29/50: acc=0.8921  f1m=0.8916  uplink_kB=52.6  t=0.63s
  round  30/50: acc=0.8934  f1m=0.8930  uplink_kB=52.6  t=0.69s
  round  31/50: acc=0.9268  f1m=0.9268  uplink_kB=52.6  t=0.67s
  round  32/50: acc=0.8853  f1m=0.8847  uplink_kB=52.6  t=0.68s
  round  33/50: acc=0.9092  f1m=0.9090  uplink_kB=52.6  t=0.70s
  round  34/50: acc=0.9037  f1m=0.9034  uplink_kB=52.6  t=0.68s
  round  35/50: acc=0.9124  f1m=0.9122  uplink_kB=52.6  t=0.67s
  round  36/50: acc=0.8974  f1m=0.8970  uplink_kB=52.6  t=0.69s
  round  37/50: acc=0.9185  f1m=0.9184  uplink_kB=52.6  t=0.62s
  round  38/50: acc=0.9316  f1m=0.9316  uplink_kB=52.6  t=0.66s
  round  39/50: acc=0.9141  f1m=0.9139  uplink_kB=52.6  t=0.66s
  round  40/50: acc=0.9226  f1m=0.9225  uplink_kB=52.6  t=0.65s
  round  41/50: acc=0.9227  f1m=0.9226  uplink_kB=52.6  t=0.65s
  round  42/50: acc=0.9290  f1m=0.9289  uplink_kB=52.6  t=0.62s
  round  43/50: acc=0.9251  f1m=0.9250  uplink_kB=52.6  t=0.67s
  round  44/50: acc=0.9332  f1m=0.9331  uplink_kB=52.6  t=0.64s
  round  45/50: acc=0.9216  f1m=0.9215  uplink_kB=52.6  t=0.62s
  round  46/50: acc=0.9177  f1m=0.9176  uplink_kB=52.6  t=0.69s
  round  47/50: acc=0.9257  f1m=0.9256  uplink_kB=52.6  t=0.65s
  round  48/50: acc=0.9247  f1m=0.9246  uplink_kB=52.6  t=0.63s
  round  49/50: acc=0.9222  f1m=0.9220  uplink_kB=52.6  t=0.65s
  round  50/50: acc=0.9230  f1m=0.9229  uplink_kB=52.6  t=0.65s
[run] DONE -> /Users/agentra/Documents/hao/working/paper-lab/hao-paper-2026/iotj-fedkan-ids/repo/results/lrsweep_cseciic/lrsweep_mlp32_lr0p01__dir0.1__seed31/metrics.json  final_acc=0.9230
