[run] device=cpu  seed=37  out=/Users/agentra/Documents/hao/working/paper-lab/hao-paper-2026/iotj-fedkan-ids/repo/results/lrsweep_cseciic_mc50k/lrsweep_kan16_lr0p03__dir0.1__seed37
[run] model=kan  params=8,640
  round   1/50: acc=0.3403  f1m=0.1371  uplink_kB=363.3  t=3.65s
  round   2/50: acc=0.6538  f1m=0.3437  uplink_kB=363.3  t=2.98s
  round   3/50: acc=0.6933  f1m=0.3795  uplink_kB=363.3  t=3.08s
  round   4/50: acc=0.7012  f1m=0.3830  uplink_kB=363.3  t=3.05s
  round   5/50: acc=0.7262  f1m=0.4292  uplink_kB=363.3  t=3.13s
  round   6/50: acc=0.7049  f1m=0.3927  uplink_kB=363.3  t=3.00s
  round   7/50: acc=0.7035  f1m=0.3864  uplink_kB=363.3  t=3.15s
  round   8/50: acc=0.7054  f1m=0.3969  uplink_kB=363.3  t=3.08s
  round   9/50: acc=0.7274  f1m=0.4173  uplink_kB=363.3  t=3.13s
  round  10/50: acc=0.7290  f1m=0.4206  uplink_kB=363.3  t=3.05s
  round  11/50: acc=0.7751  f1m=0.4964  uplink_kB=363.3  t=3.13s
  round  12/50: acc=0.7251  f1m=0.4177  uplink_kB=363.3  t=3.02s
  round  13/50: acc=0.7677  f1m=0.4943  uplink_kB=363.3  t=3.02s
  round  14/50: acc=0.7100  f1m=0.4086  uplink_kB=363.3  t=3.04s
  round  15/50: acc=0.7357  f1m=0.4295  uplink_kB=363.3  t=3.15s
  round  16/50: acc=0.8017  f1m=0.5494  uplink_kB=363.3  t=3.07s
  round  17/50: acc=0.7049  f1m=0.3906  uplink_kB=363.3  t=3.12s
  round  18/50: acc=0.8147  f1m=0.5836  uplink_kB=363.3  t=3.10s
  round  19/50: acc=0.7285  f1m=0.4214  uplink_kB=363.3  t=3.08s
  round  20/50: acc=0.7726  f1m=0.5032  uplink_kB=363.3  t=3.03s
  round  21/50: acc=0.7928  f1m=0.5290  uplink_kB=363.3  t=3.08s
  round  22/50: acc=0.7187  f1m=0.4375  uplink_kB=363.3  t=3.07s
  round  23/50: acc=0.8248  f1m=0.5643  uplink_kB=363.3  t=3.13s
  round  24/50: acc=0.7938  f1m=0.5286  uplink_kB=363.3  t=3.04s
  round  25/50: acc=0.7899  f1m=0.5309  uplink_kB=363.3  t=3.04s
  round  26/50: acc=0.8387  f1m=0.5793  uplink_kB=363.3  t=3.05s
  round  27/50: acc=0.7917  f1m=0.5204  uplink_kB=363.3  t=3.06s
  round  28/50: acc=0.7979  f1m=0.5297  uplink_kB=363.3  t=3.05s
  round  29/50: acc=0.8140  f1m=0.5557  uplink_kB=363.3  t=3.08s
  round  30/50: acc=0.8268  f1m=0.5836  uplink_kB=363.3  t=3.02s
  round  31/50: acc=0.8004  f1m=0.5435  uplink_kB=363.3  t=3.08s
  round  32/50: acc=0.7541  f1m=0.4593  uplink_kB=363.3  t=3.01s
  round  33/50: acc=0.7763  f1m=0.5030  uplink_kB=363.3  t=3.13s
  round  34/50: acc=0.7957  f1m=0.5470  uplink_kB=363.3  t=3.11s
  round  35/50: acc=0.8079  f1m=0.5713  uplink_kB=363.3  t=3.06s
  round  36/50: acc=0.8228  f1m=0.6020  uplink_kB=363.3  t=3.19s
  round  37/50: acc=0.7994  f1m=0.5383  uplink_kB=363.3  t=3.05s
  round  38/50: acc=0.8163  f1m=0.5828  uplink_kB=363.3  t=3.13s
  round  39/50: acc=0.8018  f1m=0.5657  uplink_kB=363.3  t=3.00s
  round  40/50: acc=0.8194  f1m=0.5885  uplink_kB=363.3  t=3.12s
  round  41/50: acc=0.8080  f1m=0.5683  uplink_kB=363.3  t=3.04s
  round  42/50: acc=0.8033  f1m=0.5718  uplink_kB=363.3  t=3.07s
  round  43/50: acc=0.7980  f1m=0.5347  uplink_kB=363.3  t=2.99s
  round  44/50: acc=0.8013  f1m=0.5577  uplink_kB=363.3  t=3.12s
  round  45/50: acc=0.8012  f1m=0.5539  uplink_kB=363.3  t=3.05s
  round  46/50: acc=0.8034  f1m=0.5559  uplink_kB=363.3  t=2.98s
  round  47/50: acc=0.8176  f1m=0.5866  uplink_kB=363.3  t=3.10s
  round  48/50: acc=0.8188  f1m=0.6227  uplink_kB=363.3  t=3.03s
  round  49/50: acc=0.7816  f1m=0.5381  uplink_kB=363.3  t=3.04s
  round  50/50: acc=0.8580  f1m=0.7098  uplink_kB=363.3  t=2.94s
[run] DONE -> /Users/agentra/Documents/hao/working/paper-lab/hao-paper-2026/iotj-fedkan-ids/repo/results/lrsweep_cseciic_mc50k/lrsweep_kan16_lr0p03__dir0.1__seed37/metrics.json  final_acc=0.8580
