[run] device=cpu  seed=31  out=/Users/agentra/Documents/hao/working/paper-lab/hao-paper-2026/iotj-fedkan-ids/repo/results/lrsweep_cseciic_mc/lrsweep_mlp32_lr0p03__dir0.1__seed31
[run] model=mlp  params=1,775
  round   1/50: acc=0.1545  f1m=0.0178  uplink_kB=69.3  t=2.83s
  round   2/50: acc=0.5740  f1m=0.2836  uplink_kB=69.3  t=2.20s
  round   3/50: acc=0.5672  f1m=0.2846  uplink_kB=69.3  t=2.13s
  round   4/50: acc=0.6352  f1m=0.4328  uplink_kB=69.3  t=2.20s
  round   5/50: acc=0.6519  f1m=0.4146  uplink_kB=69.3  t=2.23s
  round   6/50: acc=0.6626  f1m=0.4096  uplink_kB=69.3  t=2.12s
  round   7/50: acc=0.6619  f1m=0.4322  uplink_kB=69.3  t=2.10s
  round   8/50: acc=0.6695  f1m=0.4249  uplink_kB=69.3  t=2.13s
  round   9/50: acc=0.6874  f1m=0.4499  uplink_kB=69.3  t=2.07s
  round  10/50: acc=0.7792  f1m=0.5084  uplink_kB=69.3  t=2.05s
  round  11/50: acc=0.7955  f1m=0.5143  uplink_kB=69.3  t=2.46s
  round  12/50: acc=0.7832  f1m=0.5120  uplink_kB=69.3  t=2.15s
  round  13/50: acc=0.7604  f1m=0.5094  uplink_kB=69.3  t=2.08s
  round  14/50: acc=0.7733  f1m=0.5089  uplink_kB=69.3  t=2.05s
  round  15/50: acc=0.8032  f1m=0.5258  uplink_kB=69.3  t=2.10s
  round  16/50: acc=0.7880  f1m=0.5158  uplink_kB=69.3  t=2.08s
  round  17/50: acc=0.7809  f1m=0.5182  uplink_kB=69.3  t=2.22s
  round  18/50: acc=0.7899  f1m=0.5203  uplink_kB=69.3  t=2.09s
  round  19/50: acc=0.8035  f1m=0.5304  uplink_kB=69.3  t=2.11s
  round  20/50: acc=0.7882  f1m=0.5184  uplink_kB=69.3  t=2.08s
  round  21/50: acc=0.7910  f1m=0.5310  uplink_kB=69.3  t=2.07s
  round  22/50: acc=0.8026  f1m=0.5731  uplink_kB=69.3  t=2.03s
  round  23/50: acc=0.7895  f1m=0.5219  uplink_kB=69.3  t=2.10s
  round  24/50: acc=0.8097  f1m=0.5391  uplink_kB=69.3  t=2.13s
  round  25/50: acc=0.7894  f1m=0.5216  uplink_kB=69.3  t=2.11s
  round  26/50: acc=0.7956  f1m=0.5285  uplink_kB=69.3  t=2.03s
  round  27/50: acc=0.7959  f1m=0.5384  uplink_kB=69.3  t=2.08s
  round  28/50: acc=0.8180  f1m=0.5398  uplink_kB=69.3  t=2.11s
  round  29/50: acc=0.8186  f1m=0.5373  uplink_kB=69.3  t=2.07s
  round  30/50: acc=0.8231  f1m=0.5442  uplink_kB=69.3  t=2.08s
  round  31/50: acc=0.7983  f1m=0.5404  uplink_kB=69.3  t=2.06s
  round  32/50: acc=0.8197  f1m=0.5383  uplink_kB=69.3  t=2.10s
  round  33/50: acc=0.8237  f1m=0.5458  uplink_kB=69.3  t=2.05s
  round  34/50: acc=0.8216  f1m=0.5428  uplink_kB=69.3  t=2.15s
  round  35/50: acc=0.7963  f1m=0.5565  uplink_kB=69.3  t=2.10s
  round  36/50: acc=0.8184  f1m=0.5422  uplink_kB=69.3  t=2.07s
  round  37/50: acc=0.8196  f1m=0.5391  uplink_kB=69.3  t=2.06s
  round  38/50: acc=0.8303  f1m=0.6202  uplink_kB=69.3  t=2.12s
  round  39/50: acc=0.7992  f1m=0.5234  uplink_kB=69.3  t=2.20s
  round  40/50: acc=0.8286  f1m=0.6361  uplink_kB=69.3  t=2.11s
  round  41/50: acc=0.8195  f1m=0.5448  uplink_kB=69.3  t=2.08s
  round  42/50: acc=0.8099  f1m=0.5343  uplink_kB=69.3  t=2.04s
  round  43/50: acc=0.8221  f1m=0.5403  uplink_kB=69.3  t=2.10s
  round  44/50: acc=0.8390  f1m=0.6302  uplink_kB=69.3  t=2.12s
  round  45/50: acc=0.8382  f1m=0.6115  uplink_kB=69.3  t=2.26s
  round  46/50: acc=0.8328  f1m=0.5768  uplink_kB=69.3  t=2.15s
  round  47/50: acc=0.8261  f1m=0.5541  uplink_kB=69.3  t=2.12s
  round  48/50: acc=0.8298  f1m=0.5630  uplink_kB=69.3  t=2.08s
  round  49/50: acc=0.8338  f1m=0.5811  uplink_kB=69.3  t=2.11s
  round  50/50: acc=0.8058  f1m=0.5483  uplink_kB=69.3  t=2.19s
[run] DONE -> /Users/agentra/Documents/hao/working/paper-lab/hao-paper-2026/iotj-fedkan-ids/repo/results/lrsweep_cseciic_mc/lrsweep_mlp32_lr0p03__dir0.1__seed31/metrics.json  final_acc=0.8058
