[run] device=cpu  seed=11  out=/Users/agentra/Documents/hao/working/paper-lab/hao-paper-2026/iotj-fedkan-ids/repo/results/mc_toniot/mc_mlp32_lr0p01__dir0.1__seed11
[run] model=mlp  params=1,610
  round   1/50: acc=0.4085  f1m=0.2309  uplink_kB=62.9  t=1.94s
  round   2/50: acc=0.4302  f1m=0.2292  uplink_kB=62.9  t=1.21s
  round   3/50: acc=0.4560  f1m=0.3170  uplink_kB=62.9  t=1.37s
  round   4/50: acc=0.4785  f1m=0.3366  uplink_kB=62.9  t=1.24s
  round   5/50: acc=0.5223  f1m=0.3680  uplink_kB=62.9  t=1.26s
  round   6/50: acc=0.5209  f1m=0.3713  uplink_kB=62.9  t=1.22s
  round   7/50: acc=0.5258  f1m=0.3787  uplink_kB=62.9  t=1.16s
  round   8/50: acc=0.5278  f1m=0.3854  uplink_kB=62.9  t=1.31s
  round   9/50: acc=0.5297  f1m=0.3897  uplink_kB=62.9  t=1.32s
  round  10/50: acc=0.5322  f1m=0.3972  uplink_kB=62.9  t=1.23s
  round  11/50: acc=0.5276  f1m=0.4048  uplink_kB=62.9  t=1.25s
  round  12/50: acc=0.5335  f1m=0.4219  uplink_kB=62.9  t=1.24s
  round  13/50: acc=0.5492  f1m=0.4490  uplink_kB=62.9  t=1.28s
  round  14/50: acc=0.5405  f1m=0.4373  uplink_kB=62.9  t=1.24s
  round  15/50: acc=0.5535  f1m=0.4571  uplink_kB=62.9  t=1.23s
  round  16/50: acc=0.5546  f1m=0.4618  uplink_kB=62.9  t=1.28s
  round  17/50: acc=0.5588  f1m=0.4667  uplink_kB=62.9  t=1.27s
  round  18/50: acc=0.6206  f1m=0.5297  uplink_kB=62.9  t=1.21s
  round  19/50: acc=0.6464  f1m=0.5577  uplink_kB=62.9  t=1.28s
  round  20/50: acc=0.6492  f1m=0.5719  uplink_kB=62.9  t=1.26s
  round  21/50: acc=0.6390  f1m=0.6064  uplink_kB=62.9  t=1.25s
  round  22/50: acc=0.6669  f1m=0.6325  uplink_kB=62.9  t=1.33s
  round  23/50: acc=0.6678  f1m=0.6328  uplink_kB=62.9  t=1.22s
  round  24/50: acc=0.6552  f1m=0.6226  uplink_kB=62.9  t=1.28s
  round  25/50: acc=0.6561  f1m=0.6258  uplink_kB=62.9  t=1.22s
  round  26/50: acc=0.6692  f1m=0.6401  uplink_kB=62.9  t=1.26s
  round  27/50: acc=0.6394  f1m=0.6115  uplink_kB=62.9  t=1.25s
  round  28/50: acc=0.6477  f1m=0.6226  uplink_kB=62.9  t=1.27s
  round  29/50: acc=0.6697  f1m=0.6396  uplink_kB=62.9  t=1.26s
  round  30/50: acc=0.6499  f1m=0.6257  uplink_kB=62.9  t=1.26s
  round  31/50: acc=0.6588  f1m=0.6327  uplink_kB=62.9  t=1.26s
  round  32/50: acc=0.6811  f1m=0.6549  uplink_kB=62.9  t=1.26s
  round  33/50: acc=0.6746  f1m=0.6544  uplink_kB=62.9  t=1.28s
  round  34/50: acc=0.6045  f1m=0.5952  uplink_kB=62.9  t=1.28s
  round  35/50: acc=0.6103  f1m=0.6037  uplink_kB=62.9  t=1.24s
  round  36/50: acc=0.6966  f1m=0.6749  uplink_kB=62.9  t=1.30s
  round  37/50: acc=0.6971  f1m=0.6731  uplink_kB=62.9  t=1.20s
  round  38/50: acc=0.6949  f1m=0.6726  uplink_kB=62.9  t=1.19s
  round  39/50: acc=0.6959  f1m=0.6732  uplink_kB=62.9  t=1.25s
  round  40/50: acc=0.7047  f1m=0.6801  uplink_kB=62.9  t=1.25s
  round  41/50: acc=0.6993  f1m=0.6761  uplink_kB=62.9  t=1.17s
  round  42/50: acc=0.6822  f1m=0.6581  uplink_kB=62.9  t=1.22s
  round  43/50: acc=0.6792  f1m=0.6514  uplink_kB=62.9  t=1.31s
  round  44/50: acc=0.6815  f1m=0.6549  uplink_kB=62.9  t=1.27s
  round  45/50: acc=0.6845  f1m=0.6599  uplink_kB=62.9  t=1.21s
  round  46/50: acc=0.6835  f1m=0.6580  uplink_kB=62.9  t=1.26s
  round  47/50: acc=0.6815  f1m=0.6558  uplink_kB=62.9  t=1.30s
  round  48/50: acc=0.6844  f1m=0.6579  uplink_kB=62.9  t=1.25s
  round  49/50: acc=0.7068  f1m=0.6796  uplink_kB=62.9  t=1.24s
  round  50/50: acc=0.6949  f1m=0.6695  uplink_kB=62.9  t=1.30s
[run] DONE -> /Users/agentra/Documents/hao/working/paper-lab/hao-paper-2026/iotj-fedkan-ids/repo/results/mc_toniot/mc_mlp32_lr0p01__dir0.1__seed11/metrics.json  final_acc=0.6949
