[run] device=cpu  seed=115  out=/Users/agentra/Documents/hao/working/paper-lab/hao-paper-2026/iotj-fedkan-ids/repo/results/lrsweep_cseciic/lrsweep_mlp80_lr0p01__dir0.1__seed115
[run] model=mlp  params=3,362
  round   1/50: acc=0.5000  f1m=0.3333  uplink_kB=131.3  t=1.43s
  round   2/50: acc=0.5000  f1m=0.3333  uplink_kB=131.3  t=0.79s
  round   3/50: acc=0.5000  f1m=0.3333  uplink_kB=131.3  t=0.81s
  round   4/50: acc=0.5000  f1m=0.3333  uplink_kB=131.3  t=0.81s
  round   5/50: acc=0.5000  f1m=0.3333  uplink_kB=131.3  t=0.71s
  round   6/50: acc=0.5000  f1m=0.3333  uplink_kB=131.3  t=0.83s
  round   7/50: acc=0.5000  f1m=0.3333  uplink_kB=131.3  t=0.79s
  round   8/50: acc=0.5000  f1m=0.3333  uplink_kB=131.3  t=0.80s
  round   9/50: acc=0.5000  f1m=0.3333  uplink_kB=131.3  t=0.79s
  round  10/50: acc=0.5000  f1m=0.3333  uplink_kB=131.3  t=0.81s
  round  11/50: acc=0.5000  f1m=0.3333  uplink_kB=131.3  t=0.81s
  round  12/50: acc=0.5000  f1m=0.3333  uplink_kB=131.3  t=0.76s
  round  13/50: acc=0.5000  f1m=0.3333  uplink_kB=131.3  t=0.81s
  round  14/50: acc=0.5000  f1m=0.3333  uplink_kB=131.3  t=0.90s
  round  15/50: acc=0.5000  f1m=0.3333  uplink_kB=131.3  t=0.95s
  round  16/50: acc=0.5000  f1m=0.3333  uplink_kB=131.3  t=0.87s
  round  17/50: acc=0.5000  f1m=0.3333  uplink_kB=131.3  t=0.85s
  round  18/50: acc=0.5000  f1m=0.3333  uplink_kB=131.3  t=0.74s
  round  19/50: acc=0.5000  f1m=0.3333  uplink_kB=131.3  t=0.81s
  round  20/50: acc=0.5000  f1m=0.3333  uplink_kB=131.3  t=0.78s
  round  21/50: acc=0.5000  f1m=0.3333  uplink_kB=131.3  t=0.80s
  round  22/50: acc=0.5000  f1m=0.3333  uplink_kB=131.3  t=0.80s
  round  23/50: acc=0.5000  f1m=0.3333  uplink_kB=131.3  t=0.83s
  round  24/50: acc=0.5000  f1m=0.3333  uplink_kB=131.3  t=0.77s
  round  25/50: acc=0.5000  f1m=0.3333  uplink_kB=131.3  t=0.75s
  round  26/50: acc=0.5000  f1m=0.3333  uplink_kB=131.3  t=0.79s
  round  27/50: acc=0.5000  f1m=0.3333  uplink_kB=131.3  t=0.77s
  round  28/50: acc=0.5002  f1m=0.3338  uplink_kB=131.3  t=0.77s
  round  29/50: acc=0.5005  f1m=0.3345  uplink_kB=131.3  t=0.79s
  round  30/50: acc=0.5006  f1m=0.3347  uplink_kB=131.3  t=0.80s
  round  31/50: acc=0.5008  f1m=0.3351  uplink_kB=131.3  t=0.75s
  round  32/50: acc=0.5009  f1m=0.3353  uplink_kB=131.3  t=0.85s
  round  33/50: acc=0.5009  f1m=0.3353  uplink_kB=131.3  t=0.79s
  round  34/50: acc=0.5009  f1m=0.3353  uplink_kB=131.3  t=0.80s
  round  35/50: acc=0.5009  f1m=0.3354  uplink_kB=131.3  t=0.79s
  round  36/50: acc=0.5012  f1m=0.3360  uplink_kB=131.3  t=0.80s
  round  37/50: acc=0.5023  f1m=0.3385  uplink_kB=131.3  t=0.80s
  round  38/50: acc=0.5019  f1m=0.3376  uplink_kB=131.3  t=0.71s
  round  39/50: acc=0.5014  f1m=0.3365  uplink_kB=131.3  t=0.77s
  round  40/50: acc=0.5020  f1m=0.3379  uplink_kB=131.3  t=0.80s
  round  41/50: acc=0.5011  f1m=0.3360  uplink_kB=131.3  t=0.79s
  round  42/50: acc=0.5109  f1m=0.3574  uplink_kB=131.3  t=0.83s
  round  43/50: acc=0.5101  f1m=0.3555  uplink_kB=131.3  t=0.82s
  round  44/50: acc=0.5098  f1m=0.3550  uplink_kB=131.3  t=0.73s
  round  45/50: acc=0.5103  f1m=0.3560  uplink_kB=131.3  t=0.79s
  round  46/50: acc=0.5238  f1m=0.3846  uplink_kB=131.3  t=0.82s
  round  47/50: acc=0.5174  f1m=0.3713  uplink_kB=131.3  t=0.81s
  round  48/50: acc=0.5154  f1m=0.3670  uplink_kB=131.3  t=0.81s
  round  49/50: acc=0.5178  f1m=0.3722  uplink_kB=131.3  t=0.79s
  round  50/50: acc=0.5208  f1m=0.3785  uplink_kB=131.3  t=0.85s
[run] DONE -> /Users/agentra/Documents/hao/working/paper-lab/hao-paper-2026/iotj-fedkan-ids/repo/results/lrsweep_cseciic/lrsweep_mlp80_lr0p01__dir0.1__seed115/metrics.json  final_acc=0.5208
