[run] device=cpu  seed=31  out=/Users/agentra/Documents/hao/working/paper-lab/hao-paper-2026/iotj-fedkan-ids/repo/results/lrsweep_cseciic/lrsweep_mlp32_lr0p0003__dir0.1__seed31
[run] model=mlp  params=1,346
  round   1/50: acc=0.8547  f1m=0.8520  uplink_kB=52.6  t=1.31s
  round   2/50: acc=0.9154  f1m=0.9152  uplink_kB=52.6  t=0.69s
  round   3/50: acc=0.9110  f1m=0.9108  uplink_kB=52.6  t=0.68s
  round   4/50: acc=0.9103  f1m=0.9101  uplink_kB=52.6  t=0.69s
  round   5/50: acc=0.9113  f1m=0.9112  uplink_kB=52.6  t=0.70s
  round   6/50: acc=0.9118  f1m=0.9116  uplink_kB=52.6  t=0.61s
  round   7/50: acc=0.9148  f1m=0.9147  uplink_kB=52.6  t=0.68s
  round   8/50: acc=0.9149  f1m=0.9147  uplink_kB=52.6  t=0.69s
  round   9/50: acc=0.9150  f1m=0.9149  uplink_kB=52.6  t=0.69s
  round  10/50: acc=0.9152  f1m=0.9150  uplink_kB=52.6  t=0.69s
  round  11/50: acc=0.9154  f1m=0.9152  uplink_kB=52.6  t=0.66s
  round  12/50: acc=0.9155  f1m=0.9154  uplink_kB=52.6  t=0.66s
  round  13/50: acc=0.9157  f1m=0.9156  uplink_kB=52.6  t=0.70s
  round  14/50: acc=0.9160  f1m=0.9158  uplink_kB=52.6  t=0.63s
  round  15/50: acc=0.9162  f1m=0.9160  uplink_kB=52.6  t=0.68s
  round  16/50: acc=0.9162  f1m=0.9160  uplink_kB=52.6  t=0.67s
  round  17/50: acc=0.9162  f1m=0.9161  uplink_kB=52.6  t=0.67s
  round  18/50: acc=0.9166  f1m=0.9164  uplink_kB=52.6  t=0.71s
  round  19/50: acc=0.9166  f1m=0.9164  uplink_kB=52.6  t=0.66s
  round  20/50: acc=0.9167  f1m=0.9166  uplink_kB=52.6  t=0.65s
  round  21/50: acc=0.9169  f1m=0.9168  uplink_kB=52.6  t=0.60s
  round  22/50: acc=0.9170  f1m=0.9168  uplink_kB=52.6  t=0.80s
  round  23/50: acc=0.9170  f1m=0.9169  uplink_kB=52.6  t=0.65s
  round  24/50: acc=0.9172  f1m=0.9171  uplink_kB=52.6  t=0.68s
  round  25/50: acc=0.9172  f1m=0.9170  uplink_kB=52.6  t=0.72s
  round  26/50: acc=0.9171  f1m=0.9170  uplink_kB=52.6  t=0.70s
  round  27/50: acc=0.9173  f1m=0.9171  uplink_kB=52.6  t=0.66s
  round  28/50: acc=0.9191  f1m=0.9189  uplink_kB=52.6  t=0.66s
  round  29/50: acc=0.9224  f1m=0.9223  uplink_kB=52.6  t=0.61s
  round  30/50: acc=0.9227  f1m=0.9226  uplink_kB=52.6  t=0.67s
  round  31/50: acc=0.9246  f1m=0.9245  uplink_kB=52.6  t=0.65s
  round  32/50: acc=0.9249  f1m=0.9248  uplink_kB=52.6  t=0.66s
  round  33/50: acc=0.9247  f1m=0.9246  uplink_kB=52.6  t=0.69s
  round  34/50: acc=0.9244  f1m=0.9244  uplink_kB=52.6  t=0.64s
  round  35/50: acc=0.9244  f1m=0.9243  uplink_kB=52.6  t=0.71s
  round  36/50: acc=0.9248  f1m=0.9247  uplink_kB=52.6  t=0.67s
  round  37/50: acc=0.9247  f1m=0.9246  uplink_kB=52.6  t=0.67s
  round  38/50: acc=0.9232  f1m=0.9231  uplink_kB=52.6  t=0.68s
  round  39/50: acc=0.9235  f1m=0.9235  uplink_kB=52.6  t=0.65s
  round  40/50: acc=0.9240  f1m=0.9240  uplink_kB=52.6  t=0.65s
  round  41/50: acc=0.9239  f1m=0.9238  uplink_kB=52.6  t=0.70s
  round  42/50: acc=0.9238  f1m=0.9237  uplink_kB=52.6  t=0.69s
  round  43/50: acc=0.9293  f1m=0.9293  uplink_kB=52.6  t=0.67s
  round  44/50: acc=0.9295  f1m=0.9295  uplink_kB=52.6  t=0.68s
  round  45/50: acc=0.9298  f1m=0.9298  uplink_kB=52.6  t=0.62s
  round  46/50: acc=0.9292  f1m=0.9292  uplink_kB=52.6  t=0.67s
  round  47/50: acc=0.9483  f1m=0.9483  uplink_kB=52.6  t=0.66s
  round  48/50: acc=0.9471  f1m=0.9471  uplink_kB=52.6  t=0.72s
  round  49/50: acc=0.9474  f1m=0.9474  uplink_kB=52.6  t=0.71s
  round  50/50: acc=0.9473  f1m=0.9473  uplink_kB=52.6  t=0.67s
[run] DONE -> /Users/agentra/Documents/hao/working/paper-lab/hao-paper-2026/iotj-fedkan-ids/repo/results/lrsweep_cseciic/lrsweep_mlp32_lr0p0003__dir0.1__seed31/metrics.json  final_acc=0.9473
