[run] device=cpu  seed=37  out=/Users/agentra/Documents/hao/working/paper-lab/hao-paper-2026/iotj-fedkan-ids/repo/results/lrsweep_cseciic_mc/lrsweep_kan16_lr0p001__dir0.1__seed37
[run] model=kan  params=8,640
  round   1/50: acc=0.1187  f1m=0.0184  uplink_kB=363.3  t=6.82s
  round   2/50: acc=0.2477  f1m=0.0741  uplink_kB=363.3  t=6.28s
  round   3/50: acc=0.4090  f1m=0.1545  uplink_kB=363.3  t=6.17s
  round   4/50: acc=0.5136  f1m=0.2096  uplink_kB=363.3  t=6.17s
  round   5/50: acc=0.5587  f1m=0.2308  uplink_kB=363.3  t=6.28s
  round   6/50: acc=0.5830  f1m=0.2490  uplink_kB=363.3  t=6.26s
  round   7/50: acc=0.5866  f1m=0.2515  uplink_kB=363.3  t=6.09s
  round   8/50: acc=0.6138  f1m=0.2741  uplink_kB=363.3  t=6.27s
  round   9/50: acc=0.6372  f1m=0.3459  uplink_kB=363.3  t=6.57s
  round  10/50: acc=0.6495  f1m=0.3762  uplink_kB=363.3  t=6.37s
  round  11/50: acc=0.6570  f1m=0.3792  uplink_kB=363.3  t=6.34s
  round  12/50: acc=0.6735  f1m=0.3910  uplink_kB=363.3  t=6.30s
  round  13/50: acc=0.7687  f1m=0.4415  uplink_kB=363.3  t=6.33s
  round  14/50: acc=0.7687  f1m=0.4417  uplink_kB=363.3  t=6.27s
  round  15/50: acc=0.7953  f1m=0.4529  uplink_kB=363.3  t=6.10s
  round  16/50: acc=0.7948  f1m=0.4523  uplink_kB=363.3  t=6.28s
  round  17/50: acc=0.7949  f1m=0.4523  uplink_kB=363.3  t=6.24s
  round  18/50: acc=0.7956  f1m=0.4547  uplink_kB=363.3  t=6.35s
  round  19/50: acc=0.8028  f1m=0.5045  uplink_kB=363.3  t=6.15s
  round  20/50: acc=0.8028  f1m=0.5052  uplink_kB=363.3  t=6.43s
  round  21/50: acc=0.8032  f1m=0.5070  uplink_kB=363.3  t=6.53s
  round  22/50: acc=0.8044  f1m=0.5086  uplink_kB=363.3  t=6.34s
  round  23/50: acc=0.8102  f1m=0.5306  uplink_kB=363.3  t=6.34s
  round  24/50: acc=0.8130  f1m=0.5414  uplink_kB=363.3  t=6.14s
  round  25/50: acc=0.8163  f1m=0.6063  uplink_kB=363.3  t=6.19s
  round  26/50: acc=0.8252  f1m=0.6243  uplink_kB=363.3  t=6.13s
  round  27/50: acc=0.8523  f1m=0.6779  uplink_kB=363.3  t=6.40s
  round  28/50: acc=0.8546  f1m=0.6828  uplink_kB=363.3  t=6.23s
  round  29/50: acc=0.8560  f1m=0.6848  uplink_kB=363.3  t=6.10s
  round  30/50: acc=0.8570  f1m=0.6866  uplink_kB=363.3  t=6.14s
  round  31/50: acc=0.8599  f1m=0.6923  uplink_kB=363.3  t=6.18s
  round  32/50: acc=0.8609  f1m=0.6939  uplink_kB=363.3  t=6.32s
  round  33/50: acc=0.8614  f1m=0.6969  uplink_kB=363.3  t=6.13s
  round  34/50: acc=0.8627  f1m=0.7003  uplink_kB=363.3  t=6.16s
  round  35/50: acc=0.8626  f1m=0.6998  uplink_kB=363.3  t=6.14s
  round  36/50: acc=0.8679  f1m=0.7097  uplink_kB=363.3  t=6.18s
  round  37/50: acc=0.8673  f1m=0.7083  uplink_kB=363.3  t=6.27s
  round  38/50: acc=0.8662  f1m=0.7063  uplink_kB=363.3  t=6.26s
  round  39/50: acc=0.8652  f1m=0.7047  uplink_kB=363.3  t=6.18s
  round  40/50: acc=0.8647  f1m=0.7040  uplink_kB=363.3  t=6.17s
  round  41/50: acc=0.8662  f1m=0.7065  uplink_kB=363.3  t=6.26s
  round  42/50: acc=0.8682  f1m=0.7095  uplink_kB=363.3  t=6.15s
  round  43/50: acc=0.8686  f1m=0.7101  uplink_kB=363.3  t=6.14s
  round  44/50: acc=0.8695  f1m=0.7113  uplink_kB=363.3  t=6.27s
  round  45/50: acc=0.8708  f1m=0.7139  uplink_kB=363.3  t=6.17s
  round  46/50: acc=0.8703  f1m=0.7133  uplink_kB=363.3  t=6.12s
  round  47/50: acc=0.8703  f1m=0.7135  uplink_kB=363.3  t=6.25s
  round  48/50: acc=0.8715  f1m=0.7146  uplink_kB=363.3  t=6.13s
  round  49/50: acc=0.8725  f1m=0.7164  uplink_kB=363.3  t=6.16s
  round  50/50: acc=0.8718  f1m=0.7157  uplink_kB=363.3  t=6.05s
[run] DONE -> /Users/agentra/Documents/hao/working/paper-lab/hao-paper-2026/iotj-fedkan-ids/repo/results/lrsweep_cseciic_mc/lrsweep_kan16_lr0p001__dir0.1__seed37/metrics.json  final_acc=0.8718
