[run] device=cpu  seed=17  out=/Users/agentra/Documents/hao/working/paper-lab/hao-paper-2026/iotj-fedkan-ids/repo/results/lrsweep_toniot/lrsweep_kan8_lr0p003__dir0.1__seed17
[run] model=kan  params=3,280
  round   1/50: acc=0.5000  f1m=0.3333  uplink_kB=150.2  t=2.16s
  round   2/50: acc=0.5000  f1m=0.3334  uplink_kB=150.2  t=1.71s
  round   3/50: acc=0.5015  f1m=0.3369  uplink_kB=150.2  t=1.63s
  round   4/50: acc=0.4496  f1m=0.3980  uplink_kB=150.2  t=1.61s
  round   5/50: acc=0.3343  f1m=0.3331  uplink_kB=150.2  t=1.64s
  round   6/50: acc=0.4928  f1m=0.3354  uplink_kB=150.2  t=1.56s
  round   7/50: acc=0.4991  f1m=0.3350  uplink_kB=150.2  t=1.62s
  round   8/50: acc=0.5016  f1m=0.3377  uplink_kB=150.2  t=1.63s
  round   9/50: acc=0.5028  f1m=0.3418  uplink_kB=150.2  t=1.64s
  round  10/50: acc=0.5035  f1m=0.3483  uplink_kB=150.2  t=1.62s
  round  11/50: acc=0.5041  f1m=0.3552  uplink_kB=150.2  t=1.64s
  round  12/50: acc=0.5072  f1m=0.3681  uplink_kB=150.2  t=1.65s
  round  13/50: acc=0.5364  f1m=0.4333  uplink_kB=150.2  t=1.63s
  round  14/50: acc=0.5363  f1m=0.4369  uplink_kB=150.2  t=1.54s
  round  15/50: acc=0.5355  f1m=0.4398  uplink_kB=150.2  t=1.64s
  round  16/50: acc=0.5314  f1m=0.4466  uplink_kB=150.2  t=1.65s
  round  17/50: acc=0.5290  f1m=0.4539  uplink_kB=150.2  t=1.65s
  round  18/50: acc=0.5327  f1m=0.4642  uplink_kB=150.2  t=1.59s
  round  19/50: acc=0.5412  f1m=0.4896  uplink_kB=150.2  t=1.66s
  round  20/50: acc=0.5419  f1m=0.4907  uplink_kB=150.2  t=1.55s
  round  21/50: acc=0.5422  f1m=0.4932  uplink_kB=150.2  t=1.65s
  round  22/50: acc=0.5424  f1m=0.4949  uplink_kB=150.2  t=1.62s
  round  23/50: acc=0.5516  f1m=0.5096  uplink_kB=150.2  t=1.65s
  round  24/50: acc=0.5755  f1m=0.5452  uplink_kB=150.2  t=1.69s
  round  25/50: acc=0.5841  f1m=0.5595  uplink_kB=150.2  t=1.59s
  round  26/50: acc=0.5904  f1m=0.5681  uplink_kB=150.2  t=1.63s
  round  27/50: acc=0.5991  f1m=0.5816  uplink_kB=150.2  t=1.58s
  round  28/50: acc=0.5948  f1m=0.5761  uplink_kB=150.2  t=1.64s
  round  29/50: acc=0.5999  f1m=0.5833  uplink_kB=150.2  t=1.66s
  round  30/50: acc=0.6076  f1m=0.5930  uplink_kB=150.2  t=1.60s
  round  31/50: acc=0.6157  f1m=0.6034  uplink_kB=150.2  t=1.61s
  round  32/50: acc=0.6061  f1m=0.5914  uplink_kB=150.2  t=1.68s
  round  33/50: acc=0.6044  f1m=0.5890  uplink_kB=150.2  t=1.66s
  round  34/50: acc=0.6153  f1m=0.6029  uplink_kB=150.2  t=1.56s
  round  35/50: acc=0.6156  f1m=0.6034  uplink_kB=150.2  t=1.62s
  round  36/50: acc=0.6175  f1m=0.6054  uplink_kB=150.2  t=1.64s
  round  37/50: acc=0.6241  f1m=0.6133  uplink_kB=150.2  t=1.65s
  round  38/50: acc=0.6336  f1m=0.6266  uplink_kB=150.2  t=1.62s
  round  39/50: acc=0.6234  f1m=0.6126  uplink_kB=150.2  t=1.62s
  round  40/50: acc=0.6241  f1m=0.6140  uplink_kB=150.2  t=1.60s
  round  41/50: acc=0.6209  f1m=0.6088  uplink_kB=150.2  t=1.66s
  round  42/50: acc=0.7630  f1m=0.7629  uplink_kB=150.2  t=1.60s
  round  43/50: acc=0.7755  f1m=0.7755  uplink_kB=150.2  t=1.71s
  round  44/50: acc=0.7681  f1m=0.7681  uplink_kB=150.2  t=1.83s
  round  45/50: acc=0.7748  f1m=0.7748  uplink_kB=150.2  t=1.86s
  round  46/50: acc=0.7688  f1m=0.7688  uplink_kB=150.2  t=1.65s
  round  47/50: acc=0.7197  f1m=0.7180  uplink_kB=150.2  t=1.70s
  round  48/50: acc=0.7723  f1m=0.7723  uplink_kB=150.2  t=1.68s
  round  49/50: acc=0.7817  f1m=0.7817  uplink_kB=150.2  t=1.81s
  round  50/50: acc=0.7992  f1m=0.7990  uplink_kB=150.2  t=1.67s
[run] DONE -> /Users/agentra/Documents/hao/working/paper-lab/hao-paper-2026/iotj-fedkan-ids/repo/results/lrsweep_toniot/lrsweep_kan8_lr0p003__dir0.1__seed17/metrics.json  final_acc=0.7992
