[run] device=cpu  seed=31  out=/Users/agentra/Documents/hao/working/paper-lab/hao-paper-2026/iotj-fedkan-ids/repo/results/lrsweep_cseciic_mc50k/lrsweep_mlp80_lr0p0003__dir0.1__seed31
[run] model=mlp  params=4,415
  round   1/50: acc=0.1834  f1m=0.0656  uplink_kB=172.5  t=1.59s
  round   2/50: acc=0.2146  f1m=0.0777  uplink_kB=172.5  t=1.04s
  round   3/50: acc=0.2217  f1m=0.0812  uplink_kB=172.5  t=1.13s
  round   4/50: acc=0.2085  f1m=0.0660  uplink_kB=172.5  t=1.02s
  round   5/50: acc=0.2067  f1m=0.0731  uplink_kB=172.5  t=1.08s
  round   6/50: acc=0.2057  f1m=0.0763  uplink_kB=172.5  t=1.06s
  round   7/50: acc=0.2056  f1m=0.0809  uplink_kB=172.5  t=1.09s
  round   8/50: acc=0.2062  f1m=0.0816  uplink_kB=172.5  t=1.07s
  round   9/50: acc=0.2089  f1m=0.0814  uplink_kB=172.5  t=1.11s
  round  10/50: acc=0.2088  f1m=0.0793  uplink_kB=172.5  t=1.02s
  round  11/50: acc=0.2088  f1m=0.0787  uplink_kB=172.5  t=1.09s
  round  12/50: acc=0.2089  f1m=0.0767  uplink_kB=172.5  t=1.04s
  round  13/50: acc=0.2091  f1m=0.0738  uplink_kB=172.5  t=1.14s
  round  14/50: acc=0.2093  f1m=0.0730  uplink_kB=172.5  t=1.02s
  round  15/50: acc=0.2171  f1m=0.0820  uplink_kB=172.5  t=1.08s
  round  16/50: acc=0.2242  f1m=0.0914  uplink_kB=172.5  t=1.09s
  round  17/50: acc=0.2280  f1m=0.0961  uplink_kB=172.5  t=1.02s
  round  18/50: acc=0.2620  f1m=0.1171  uplink_kB=172.5  t=1.02s
  round  19/50: acc=0.2737  f1m=0.1227  uplink_kB=172.5  t=1.13s
  round  20/50: acc=0.2764  f1m=0.1234  uplink_kB=172.5  t=1.08s
  round  21/50: acc=0.2766  f1m=0.1234  uplink_kB=172.5  t=1.04s
  round  22/50: acc=0.2764  f1m=0.1239  uplink_kB=172.5  t=1.15s
  round  23/50: acc=0.3056  f1m=0.1438  uplink_kB=172.5  t=1.07s
  round  24/50: acc=0.3299  f1m=0.1574  uplink_kB=172.5  t=1.09s
  round  25/50: acc=0.3406  f1m=0.1648  uplink_kB=172.5  t=1.02s
  round  26/50: acc=0.3558  f1m=0.1736  uplink_kB=172.5  t=1.07s
  round  27/50: acc=0.3703  f1m=0.1811  uplink_kB=172.5  t=1.02s
  round  28/50: acc=0.3813  f1m=0.1854  uplink_kB=172.5  t=1.09s
  round  29/50: acc=0.3926  f1m=0.1899  uplink_kB=172.5  t=1.01s
  round  30/50: acc=0.3982  f1m=0.1918  uplink_kB=172.5  t=1.13s
  round  31/50: acc=0.4018  f1m=0.1933  uplink_kB=172.5  t=1.04s
  round  32/50: acc=0.4060  f1m=0.1949  uplink_kB=172.5  t=1.08s
  round  33/50: acc=0.4077  f1m=0.1954  uplink_kB=172.5  t=1.26s
  round  34/50: acc=0.4108  f1m=0.1963  uplink_kB=172.5  t=1.09s
  round  35/50: acc=0.4141  f1m=0.1975  uplink_kB=172.5  t=1.01s
  round  36/50: acc=0.4142  f1m=0.1975  uplink_kB=172.5  t=1.09s
  round  37/50: acc=0.4188  f1m=0.1991  uplink_kB=172.5  t=1.02s
  round  38/50: acc=0.4191  f1m=0.1994  uplink_kB=172.5  t=1.00s
  round  39/50: acc=0.4267  f1m=0.2005  uplink_kB=172.5  t=1.08s
  round  40/50: acc=0.4293  f1m=0.2029  uplink_kB=172.5  t=1.33s
  round  41/50: acc=0.4477  f1m=0.2097  uplink_kB=172.5  t=1.05s
  round  42/50: acc=0.4517  f1m=0.2128  uplink_kB=172.5  t=1.08s
  round  43/50: acc=0.4593  f1m=0.2202  uplink_kB=172.5  t=0.97s
  round  44/50: acc=0.4614  f1m=0.2221  uplink_kB=172.5  t=1.02s
  round  45/50: acc=0.4696  f1m=0.2243  uplink_kB=172.5  t=0.96s
  round  46/50: acc=0.4694  f1m=0.2243  uplink_kB=172.5  t=1.08s
  round  47/50: acc=0.4695  f1m=0.2238  uplink_kB=172.5  t=1.00s
  round  48/50: acc=0.4693  f1m=0.2237  uplink_kB=172.5  t=1.04s
  round  49/50: acc=0.4690  f1m=0.2234  uplink_kB=172.5  t=1.02s
  round  50/50: acc=0.4689  f1m=0.2233  uplink_kB=172.5  t=1.14s
[run] DONE -> /Users/agentra/Documents/hao/working/paper-lab/hao-paper-2026/iotj-fedkan-ids/repo/results/lrsweep_cseciic_mc50k/lrsweep_mlp80_lr0p0003__dir0.1__seed31/metrics.json  final_acc=0.4689
