[run] device=cpu  seed=17  out=/Users/agentra/Documents/hao/working/paper-lab/hao-paper-2026/iotj-fedkan-ids/repo/results/lrsweep_toniot/lrsweep_kan16_lr0p03__dir0.1__seed17
[run] model=kan  params=6,560
  round   1/50: acc=0.5000  f1m=0.3333  uplink_kB=282.0  t=2.33s
  round   2/50: acc=0.5006  f1m=0.3346  uplink_kB=282.0  t=1.89s
  round   3/50: acc=0.5069  f1m=0.3630  uplink_kB=282.0  t=1.91s
  round   4/50: acc=0.5072  f1m=0.3643  uplink_kB=282.0  t=1.88s
  round   5/50: acc=0.5086  f1m=0.3525  uplink_kB=282.0  t=1.88s
  round   6/50: acc=0.5085  f1m=0.3522  uplink_kB=282.0  t=1.86s
  round   7/50: acc=0.5090  f1m=0.3533  uplink_kB=282.0  t=1.87s
  round   8/50: acc=0.5069  f1m=0.3486  uplink_kB=282.0  t=1.89s
  round   9/50: acc=0.5086  f1m=0.3525  uplink_kB=282.0  t=1.90s
  round  10/50: acc=0.5089  f1m=0.3530  uplink_kB=282.0  t=1.86s
  round  11/50: acc=0.5089  f1m=0.3531  uplink_kB=282.0  t=1.86s
  round  12/50: acc=0.5211  f1m=0.3787  uplink_kB=282.0  t=1.85s
  round  13/50: acc=0.5225  f1m=0.3821  uplink_kB=282.0  t=1.85s
  round  14/50: acc=0.5231  f1m=0.3839  uplink_kB=282.0  t=1.83s
  round  15/50: acc=0.5218  f1m=0.3808  uplink_kB=282.0  t=1.83s
  round  16/50: acc=0.5274  f1m=0.3927  uplink_kB=282.0  t=1.87s
  round  17/50: acc=0.5305  f1m=0.3997  uplink_kB=282.0  t=1.83s
  round  18/50: acc=0.5344  f1m=0.4109  uplink_kB=282.0  t=1.86s
  round  19/50: acc=0.5367  f1m=0.4128  uplink_kB=282.0  t=1.87s
  round  20/50: acc=0.5288  f1m=0.3953  uplink_kB=282.0  t=1.77s
  round  21/50: acc=0.5308  f1m=0.3994  uplink_kB=282.0  t=1.88s
  round  22/50: acc=0.5360  f1m=0.4106  uplink_kB=282.0  t=1.87s
  round  23/50: acc=0.5361  f1m=0.4122  uplink_kB=282.0  t=1.86s
  round  24/50: acc=0.5374  f1m=0.4137  uplink_kB=282.0  t=1.88s
  round  25/50: acc=0.5346  f1m=0.4088  uplink_kB=282.0  t=1.90s
  round  26/50: acc=0.5369  f1m=0.4129  uplink_kB=282.0  t=1.83s
  round  27/50: acc=0.5288  f1m=0.3959  uplink_kB=282.0  t=1.81s
  round  28/50: acc=0.5281  f1m=0.3942  uplink_kB=282.0  t=1.87s
  round  29/50: acc=0.5380  f1m=0.4146  uplink_kB=282.0  t=1.85s
  round  30/50: acc=0.5330  f1m=0.4051  uplink_kB=282.0  t=1.90s
  round  31/50: acc=0.5288  f1m=0.3956  uplink_kB=282.0  t=1.88s
  round  32/50: acc=0.5315  f1m=0.4006  uplink_kB=282.0  t=1.86s
  round  33/50: acc=0.5358  f1m=0.4094  uplink_kB=282.0  t=1.86s
  round  34/50: acc=0.5526  f1m=0.4464  uplink_kB=282.0  t=1.82s
  round  35/50: acc=0.5524  f1m=0.4454  uplink_kB=282.0  t=1.87s
  round  36/50: acc=0.5607  f1m=0.4634  uplink_kB=282.0  t=1.89s
  round  37/50: acc=0.5624  f1m=0.4647  uplink_kB=282.0  t=1.87s
  round  38/50: acc=0.5617  f1m=0.4636  uplink_kB=282.0  t=1.87s
  round  39/50: acc=0.5687  f1m=0.4785  uplink_kB=282.0  t=1.90s
  round  40/50: acc=0.7878  f1m=0.7797  uplink_kB=282.0  t=1.79s
  round  41/50: acc=0.7767  f1m=0.7671  uplink_kB=282.0  t=1.86s
  round  42/50: acc=0.5650  f1m=0.4734  uplink_kB=282.0  t=1.89s
  round  43/50: acc=0.5703  f1m=0.4815  uplink_kB=282.0  t=1.86s
  round  44/50: acc=0.5645  f1m=0.4701  uplink_kB=282.0  t=1.89s
  round  45/50: acc=0.8545  f1m=0.8523  uplink_kB=282.0  t=1.89s
  round  46/50: acc=0.8573  f1m=0.8552  uplink_kB=282.0  t=1.83s
  round  47/50: acc=0.8606  f1m=0.8594  uplink_kB=282.0  t=1.88s
  round  48/50: acc=0.8609  f1m=0.8589  uplink_kB=282.0  t=1.85s
  round  49/50: acc=0.8609  f1m=0.8590  uplink_kB=282.0  t=1.92s
  round  50/50: acc=0.8685  f1m=0.8672  uplink_kB=282.0  t=1.75s
[run] DONE -> /Users/agentra/Documents/hao/working/paper-lab/hao-paper-2026/iotj-fedkan-ids/repo/results/lrsweep_toniot/lrsweep_kan16_lr0p03__dir0.1__seed17/metrics.json  final_acc=0.8685
