[run] device=cpu  seed=37  out=/Users/agentra/Documents/hao/working/paper-lab/hao-paper-2026/iotj-fedkan-ids/repo/results/lrsweep_cseciic_mc/lrsweep_mlp80_lr0p01__dir0.1__seed37
[run] model=mlp  params=4,415
  round   1/50: acc=0.4278  f1m=0.1564  uplink_kB=172.5  t=3.05s
  round   2/50: acc=0.7139  f1m=0.3175  uplink_kB=172.5  t=2.17s
  round   3/50: acc=0.7973  f1m=0.5389  uplink_kB=172.5  t=2.27s
  round   4/50: acc=0.7899  f1m=0.5364  uplink_kB=172.5  t=2.44s
  round   5/50: acc=0.8020  f1m=0.5448  uplink_kB=172.5  t=2.30s
  round   6/50: acc=0.8048  f1m=0.5665  uplink_kB=172.5  t=2.34s
  round   7/50: acc=0.8355  f1m=0.5922  uplink_kB=172.5  t=2.10s
  round   8/50: acc=0.8362  f1m=0.6131  uplink_kB=172.5  t=2.13s
  round   9/50: acc=0.8352  f1m=0.5908  uplink_kB=172.5  t=2.94s
  round  10/50: acc=0.8489  f1m=0.6229  uplink_kB=172.5  t=2.23s
  round  11/50: acc=0.8430  f1m=0.6211  uplink_kB=172.5  t=2.20s
  round  12/50: acc=0.8468  f1m=0.6770  uplink_kB=172.5  t=2.19s
  round  13/50: acc=0.8477  f1m=0.6293  uplink_kB=172.5  t=2.16s
  round  14/50: acc=0.8495  f1m=0.6326  uplink_kB=172.5  t=2.20s
  round  15/50: acc=0.8586  f1m=0.6971  uplink_kB=172.5  t=2.18s
  round  16/50: acc=0.8549  f1m=0.6416  uplink_kB=172.5  t=2.18s
  round  17/50: acc=0.8570  f1m=0.6969  uplink_kB=172.5  t=2.20s
  round  18/50: acc=0.8583  f1m=0.6988  uplink_kB=172.5  t=2.18s
  round  19/50: acc=0.8516  f1m=0.6820  uplink_kB=172.5  t=2.16s
  round  20/50: acc=0.8554  f1m=0.6882  uplink_kB=172.5  t=2.19s
  round  21/50: acc=0.8575  f1m=0.6965  uplink_kB=172.5  t=2.23s
  round  22/50: acc=0.8627  f1m=0.7066  uplink_kB=172.5  t=2.28s
  round  23/50: acc=0.8558  f1m=0.6930  uplink_kB=172.5  t=2.25s
  round  24/50: acc=0.8574  f1m=0.6974  uplink_kB=172.5  t=2.18s
  round  25/50: acc=0.8570  f1m=0.6950  uplink_kB=172.5  t=2.25s
  round  26/50: acc=0.8522  f1m=0.6876  uplink_kB=172.5  t=2.17s
  round  27/50: acc=0.8537  f1m=0.6883  uplink_kB=172.5  t=2.11s
  round  28/50: acc=0.8550  f1m=0.7019  uplink_kB=172.5  t=2.29s
  round  29/50: acc=0.8512  f1m=0.6925  uplink_kB=172.5  t=2.13s
  round  30/50: acc=0.8544  f1m=0.6782  uplink_kB=172.5  t=2.21s
  round  31/50: acc=0.8502  f1m=0.6894  uplink_kB=172.5  t=2.15s
  round  32/50: acc=0.8648  f1m=0.7207  uplink_kB=172.5  t=2.27s
  round  33/50: acc=0.8517  f1m=0.6792  uplink_kB=172.5  t=2.20s
  round  34/50: acc=0.8568  f1m=0.7069  uplink_kB=172.5  t=2.25s
  round  35/50: acc=0.8476  f1m=0.6757  uplink_kB=172.5  t=2.22s
  round  36/50: acc=0.8501  f1m=0.6745  uplink_kB=172.5  t=2.14s
  round  37/50: acc=0.8441  f1m=0.6645  uplink_kB=172.5  t=2.18s
  round  38/50: acc=0.8602  f1m=0.7054  uplink_kB=172.5  t=2.16s
  round  39/50: acc=0.8580  f1m=0.7053  uplink_kB=172.5  t=2.23s
  round  40/50: acc=0.8515  f1m=0.6710  uplink_kB=172.5  t=2.17s
  round  41/50: acc=0.8598  f1m=0.7029  uplink_kB=172.5  t=2.29s
  round  42/50: acc=0.8569  f1m=0.6901  uplink_kB=172.5  t=2.16s
  round  43/50: acc=0.8546  f1m=0.6894  uplink_kB=172.5  t=2.25s
  round  44/50: acc=0.8617  f1m=0.7083  uplink_kB=172.5  t=2.19s
  round  45/50: acc=0.8649  f1m=0.7202  uplink_kB=172.5  t=2.18s
  round  46/50: acc=0.8640  f1m=0.7237  uplink_kB=172.5  t=2.12s
  round  47/50: acc=0.8613  f1m=0.7134  uplink_kB=172.5  t=2.19s
  round  48/50: acc=0.8655  f1m=0.7315  uplink_kB=172.5  t=2.26s
  round  49/50: acc=0.8569  f1m=0.7001  uplink_kB=172.5  t=2.21s
  round  50/50: acc=0.8568  f1m=0.7002  uplink_kB=172.5  t=2.22s
[run] DONE -> /Users/agentra/Documents/hao/working/paper-lab/hao-paper-2026/iotj-fedkan-ids/repo/results/lrsweep_cseciic_mc/lrsweep_mlp80_lr0p01__dir0.1__seed37/metrics.json  final_acc=0.8568
