[run] device=cpu  seed=110  out=/Users/agentra/Documents/hao/working/paper-lab/hao-paper-2026/iotj-fedkan-ids/repo/results/lrsweep_toniot/lrsweep_mlp80_lr0p01__dir0.1__seed110
[run] model=mlp  params=3,362
  round   1/50: acc=0.5000  f1m=0.3333  uplink_kB=131.3  t=1.46s
  round   2/50: acc=0.5000  f1m=0.3333  uplink_kB=131.3  t=0.86s
  round   3/50: acc=0.5000  f1m=0.3333  uplink_kB=131.3  t=0.83s
  round   4/50: acc=0.5014  f1m=0.3367  uplink_kB=131.3  t=0.77s
  round   5/50: acc=0.5022  f1m=0.3402  uplink_kB=131.3  t=0.73s
  round   6/50: acc=0.5418  f1m=0.4256  uplink_kB=131.3  t=0.92s
  round   7/50: acc=0.5631  f1m=0.4662  uplink_kB=131.3  t=0.82s
  round   8/50: acc=0.5732  f1m=0.4862  uplink_kB=131.3  t=0.79s
  round   9/50: acc=0.5735  f1m=0.4860  uplink_kB=131.3  t=0.81s
  round  10/50: acc=0.5828  f1m=0.5041  uplink_kB=131.3  t=0.77s
  round  11/50: acc=0.5834  f1m=0.5054  uplink_kB=131.3  t=0.77s
  round  12/50: acc=0.5799  f1m=0.4982  uplink_kB=131.3  t=0.75s
  round  13/50: acc=0.5830  f1m=0.5041  uplink_kB=131.3  t=0.78s
  round  14/50: acc=0.5835  f1m=0.5052  uplink_kB=131.3  t=0.80s
  round  15/50: acc=0.5836  f1m=0.5053  uplink_kB=131.3  t=0.80s
  round  16/50: acc=0.5864  f1m=0.5106  uplink_kB=131.3  t=0.81s
  round  17/50: acc=0.5834  f1m=0.5048  uplink_kB=131.3  t=0.82s
  round  18/50: acc=0.5889  f1m=0.5159  uplink_kB=131.3  t=0.83s
  round  19/50: acc=0.5924  f1m=0.5222  uplink_kB=131.3  t=0.79s
  round  20/50: acc=0.5952  f1m=0.5277  uplink_kB=131.3  t=0.82s
  round  21/50: acc=0.5917  f1m=0.5212  uplink_kB=131.3  t=0.79s
  round  22/50: acc=0.5942  f1m=0.5257  uplink_kB=131.3  t=0.80s
  round  23/50: acc=0.6042  f1m=0.5459  uplink_kB=131.3  t=0.81s
  round  24/50: acc=0.6194  f1m=0.5715  uplink_kB=131.3  t=0.77s
  round  25/50: acc=0.6112  f1m=0.5571  uplink_kB=131.3  t=0.80s
  round  26/50: acc=0.6137  f1m=0.5607  uplink_kB=131.3  t=0.73s
  round  27/50: acc=0.6421  f1m=0.6033  uplink_kB=131.3  t=0.76s
  round  28/50: acc=0.6542  f1m=0.6200  uplink_kB=131.3  t=0.77s
  round  29/50: acc=0.6717  f1m=0.6466  uplink_kB=131.3  t=0.82s
  round  30/50: acc=0.6521  f1m=0.6175  uplink_kB=131.3  t=0.77s
  round  31/50: acc=0.6779  f1m=0.6548  uplink_kB=131.3  t=0.81s
  round  32/50: acc=0.7051  f1m=0.6916  uplink_kB=131.3  t=0.76s
  round  33/50: acc=0.7087  f1m=0.6966  uplink_kB=131.3  t=0.73s
  round  34/50: acc=0.6958  f1m=0.6779  uplink_kB=131.3  t=0.80s
  round  35/50: acc=0.7136  f1m=0.7034  uplink_kB=131.3  t=0.76s
  round  36/50: acc=0.7063  f1m=0.6943  uplink_kB=131.3  t=0.80s
  round  37/50: acc=0.7094  f1m=0.6982  uplink_kB=131.3  t=0.80s
  round  38/50: acc=0.7151  f1m=0.7062  uplink_kB=131.3  t=0.80s
  round  39/50: acc=0.7112  f1m=0.7009  uplink_kB=131.3  t=0.73s
  round  40/50: acc=0.7192  f1m=0.7116  uplink_kB=131.3  t=0.77s
  round  41/50: acc=0.7148  f1m=0.7063  uplink_kB=131.3  t=0.80s
  round  42/50: acc=0.7204  f1m=0.7138  uplink_kB=131.3  t=0.77s
  round  43/50: acc=0.7183  f1m=0.7126  uplink_kB=131.3  t=0.79s
  round  44/50: acc=0.7174  f1m=0.7109  uplink_kB=131.3  t=0.82s
  round  45/50: acc=0.7173  f1m=0.7116  uplink_kB=131.3  t=0.73s
  round  46/50: acc=0.7167  f1m=0.7096  uplink_kB=131.3  t=0.75s
  round  47/50: acc=0.7172  f1m=0.7097  uplink_kB=131.3  t=0.81s
  round  48/50: acc=0.7237  f1m=0.7184  uplink_kB=131.3  t=0.81s
  round  49/50: acc=0.7233  f1m=0.7188  uplink_kB=131.3  t=0.80s
  round  50/50: acc=0.7250  f1m=0.7198  uplink_kB=131.3  t=0.76s
[run] DONE -> /Users/agentra/Documents/hao/working/paper-lab/hao-paper-2026/iotj-fedkan-ids/repo/results/lrsweep_toniot/lrsweep_mlp80_lr0p01__dir0.1__seed110/metrics.json  final_acc=0.7250
