[run] device=cpu  seed=29  out=/Users/agentra/Documents/hao/working/paper-lab/hao-paper-2026/iotj-fedkan-ids/repo/results/lrsweep_cseciic/lrsweep_mlp80_lr0p1__dir0.1__seed29
[run] model=mlp  params=3,362
  round   1/50: acc=0.5000  f1m=0.3333  uplink_kB=131.3  t=1.26s
  round   2/50: acc=0.5058  f1m=0.3462  uplink_kB=131.3  t=0.67s
  round   3/50: acc=0.5004  f1m=0.3343  uplink_kB=131.3  t=0.68s
  round   4/50: acc=0.5012  f1m=0.3360  uplink_kB=131.3  t=0.70s
  round   5/50: acc=0.5005  f1m=0.3345  uplink_kB=131.3  t=0.62s
  round   6/50: acc=0.5017  f1m=0.3371  uplink_kB=131.3  t=0.65s
  round   7/50: acc=0.5037  f1m=0.3416  uplink_kB=131.3  t=0.65s
  round   8/50: acc=0.5124  f1m=0.3604  uplink_kB=131.3  t=0.67s
  round   9/50: acc=0.5085  f1m=0.3521  uplink_kB=131.3  t=0.67s
  round  10/50: acc=0.5148  f1m=0.3655  uplink_kB=131.3  t=0.68s
  round  11/50: acc=0.5078  f1m=0.3506  uplink_kB=131.3  t=0.69s
  round  12/50: acc=0.5133  f1m=0.3625  uplink_kB=131.3  t=0.61s
  round  13/50: acc=0.5162  f1m=0.3685  uplink_kB=131.3  t=0.69s
  round  14/50: acc=0.5141  f1m=0.3641  uplink_kB=131.3  t=0.70s
  round  15/50: acc=0.5171  f1m=0.3704  uplink_kB=131.3  t=0.66s
  round  16/50: acc=0.5204  f1m=0.3775  uplink_kB=131.3  t=0.67s
  round  17/50: acc=0.5177  f1m=0.3718  uplink_kB=131.3  t=0.69s
  round  18/50: acc=0.5144  f1m=0.3648  uplink_kB=131.3  t=0.70s
  round  19/50: acc=0.5160  f1m=0.3681  uplink_kB=131.3  t=0.70s
  round  20/50: acc=0.5190  f1m=0.3745  uplink_kB=131.3  t=0.64s
  round  21/50: acc=0.5179  f1m=0.3723  uplink_kB=131.3  t=0.67s
  round  22/50: acc=0.5196  f1m=0.3757  uplink_kB=131.3  t=0.68s
  round  23/50: acc=0.5241  f1m=0.3853  uplink_kB=131.3  t=0.67s
  round  24/50: acc=0.5156  f1m=0.3674  uplink_kB=131.3  t=0.67s
  round  25/50: acc=0.5137  f1m=0.3633  uplink_kB=131.3  t=0.69s
  round  26/50: acc=0.5240  f1m=0.3850  uplink_kB=131.3  t=0.70s
  round  27/50: acc=0.5118  f1m=0.3591  uplink_kB=131.3  t=0.64s
  round  28/50: acc=0.5652  f1m=0.4653  uplink_kB=131.3  t=0.69s
  round  29/50: acc=0.5240  f1m=0.3851  uplink_kB=131.3  t=0.68s
  round  30/50: acc=0.5176  f1m=0.3717  uplink_kB=131.3  t=0.71s
  round  31/50: acc=0.5231  f1m=0.3833  uplink_kB=131.3  t=0.69s
  round  32/50: acc=0.5182  f1m=0.3729  uplink_kB=131.3  t=0.71s
  round  33/50: acc=0.5286  f1m=0.3945  uplink_kB=131.3  t=0.71s
  round  34/50: acc=0.5434  f1m=0.4240  uplink_kB=131.3  t=0.63s
  round  35/50: acc=0.5344  f1m=0.4062  uplink_kB=131.3  t=0.67s
  round  36/50: acc=0.5396  f1m=0.4167  uplink_kB=131.3  t=0.68s
  round  37/50: acc=0.5455  f1m=0.4282  uplink_kB=131.3  t=0.68s
  round  38/50: acc=0.5367  f1m=0.4110  uplink_kB=131.3  t=0.69s
  round  39/50: acc=0.5290  f1m=0.3954  uplink_kB=131.3  t=0.67s
  round  40/50: acc=0.5400  f1m=0.4177  uplink_kB=131.3  t=0.69s
  round  41/50: acc=0.5372  f1m=0.4118  uplink_kB=131.3  t=0.67s
  round  42/50: acc=0.5313  f1m=0.4002  uplink_kB=131.3  t=0.71s
  round  43/50: acc=0.5432  f1m=0.4237  uplink_kB=131.3  t=0.70s
  round  44/50: acc=0.5442  f1m=0.4257  uplink_kB=131.3  t=0.70s
  round  45/50: acc=0.5364  f1m=0.4102  uplink_kB=131.3  t=0.68s
  round  46/50: acc=0.5272  f1m=0.3917  uplink_kB=131.3  t=0.71s
  round  47/50: acc=0.5183  f1m=0.3730  uplink_kB=131.3  t=0.62s
  round  48/50: acc=0.6233  f1m=0.5636  uplink_kB=131.3  t=0.70s
  round  49/50: acc=0.5309  f1m=0.3994  uplink_kB=131.3  t=0.66s
  round  50/50: acc=0.5336  f1m=0.4046  uplink_kB=131.3  t=0.67s
[run] DONE -> /Users/agentra/Documents/hao/working/paper-lab/hao-paper-2026/iotj-fedkan-ids/repo/results/lrsweep_cseciic/lrsweep_mlp80_lr0p1__dir0.1__seed29/metrics.json  final_acc=0.5336
