[run] device=cpu  seed=23  out=/Users/agentra/Documents/hao/working/paper-lab/hao-paper-2026/iotj-fedkan-ids/repo/results/lrsweep_botiot/lrsweep_mlp80_lr0p001__dir0.1__seed23
[run] model=mlp  params=3,362
  round   1/50: acc=0.8849  f1m=0.8843  uplink_kB=131.3  t=1.31s
  round   2/50: acc=0.9213  f1m=0.9213  uplink_kB=131.3  t=0.66s
  round   3/50: acc=0.9446  f1m=0.9446  uplink_kB=131.3  t=0.67s
  round   4/50: acc=0.9388  f1m=0.9388  uplink_kB=131.3  t=0.67s
  round   5/50: acc=0.9388  f1m=0.9388  uplink_kB=131.3  t=0.62s
  round   6/50: acc=0.9388  f1m=0.9388  uplink_kB=131.3  t=0.67s
  round   7/50: acc=0.9388  f1m=0.9388  uplink_kB=131.3  t=0.66s
  round   8/50: acc=0.9398  f1m=0.9398  uplink_kB=131.3  t=0.69s
  round   9/50: acc=0.9402  f1m=0.9402  uplink_kB=131.3  t=0.70s
  round  10/50: acc=0.9402  f1m=0.9402  uplink_kB=131.3  t=0.67s
  round  11/50: acc=0.9404  f1m=0.9404  uplink_kB=131.3  t=0.69s
  round  12/50: acc=0.9406  f1m=0.9406  uplink_kB=131.3  t=0.61s
  round  13/50: acc=0.9407  f1m=0.9407  uplink_kB=131.3  t=0.65s
  round  14/50: acc=0.9407  f1m=0.9407  uplink_kB=131.3  t=0.66s
  round  15/50: acc=0.9408  f1m=0.9408  uplink_kB=131.3  t=0.66s
  round  16/50: acc=0.9410  f1m=0.9410  uplink_kB=131.3  t=0.62s
  round  17/50: acc=0.9412  f1m=0.9412  uplink_kB=131.3  t=0.63s
  round  18/50: acc=0.9438  f1m=0.9438  uplink_kB=131.3  t=0.59s
  round  19/50: acc=0.9445  f1m=0.9445  uplink_kB=131.3  t=0.67s
  round  20/50: acc=0.9451  f1m=0.9451  uplink_kB=131.3  t=0.66s
  round  21/50: acc=0.9460  f1m=0.9460  uplink_kB=131.3  t=0.71s
  round  22/50: acc=0.9467  f1m=0.9467  uplink_kB=131.3  t=0.67s
  round  23/50: acc=0.9480  f1m=0.9480  uplink_kB=131.3  t=0.74s
  round  24/50: acc=0.9480  f1m=0.9480  uplink_kB=131.3  t=0.65s
  round  25/50: acc=0.9492  f1m=0.9492  uplink_kB=131.3  t=0.66s
  round  26/50: acc=0.9507  f1m=0.9507  uplink_kB=131.3  t=0.66s
  round  27/50: acc=0.9516  f1m=0.9516  uplink_kB=131.3  t=0.66s
  round  28/50: acc=0.9526  f1m=0.9526  uplink_kB=131.3  t=0.66s
  round  29/50: acc=0.9530  f1m=0.9530  uplink_kB=131.3  t=0.66s
  round  30/50: acc=0.9534  f1m=0.9534  uplink_kB=131.3  t=0.62s
  round  31/50: acc=0.9537  f1m=0.9537  uplink_kB=131.3  t=0.67s
  round  32/50: acc=0.9538  f1m=0.9538  uplink_kB=131.3  t=0.68s
  round  33/50: acc=0.9542  f1m=0.9542  uplink_kB=131.3  t=0.65s
  round  34/50: acc=0.9545  f1m=0.9545  uplink_kB=131.3  t=0.66s
  round  35/50: acc=0.9529  f1m=0.9528  uplink_kB=131.3  t=0.66s
  round  36/50: acc=0.9552  f1m=0.9551  uplink_kB=131.3  t=0.66s
  round  37/50: acc=0.9537  f1m=0.9537  uplink_kB=131.3  t=0.63s
  round  38/50: acc=0.9541  f1m=0.9541  uplink_kB=131.3  t=0.68s
  round  39/50: acc=0.9546  f1m=0.9546  uplink_kB=131.3  t=0.67s
  round  40/50: acc=0.9551  f1m=0.9551  uplink_kB=131.3  t=0.69s
  round  41/50: acc=0.9555  f1m=0.9555  uplink_kB=131.3  t=0.65s
  round  42/50: acc=0.9559  f1m=0.9559  uplink_kB=131.3  t=0.65s
  round  43/50: acc=0.9562  f1m=0.9562  uplink_kB=131.3  t=0.68s
  round  44/50: acc=0.9565  f1m=0.9565  uplink_kB=131.3  t=0.71s
  round  45/50: acc=0.9568  f1m=0.9567  uplink_kB=131.3  t=0.67s
  round  46/50: acc=0.9571  f1m=0.9571  uplink_kB=131.3  t=0.67s
  round  47/50: acc=0.9572  f1m=0.9572  uplink_kB=131.3  t=0.70s
  round  48/50: acc=0.9573  f1m=0.9573  uplink_kB=131.3  t=0.71s
  round  49/50: acc=0.9582  f1m=0.9582  uplink_kB=131.3  t=0.69s
  round  50/50: acc=0.9589  f1m=0.9589  uplink_kB=131.3  t=0.61s
[run] DONE -> /Users/agentra/Documents/hao/working/paper-lab/hao-paper-2026/iotj-fedkan-ids/repo/results/lrsweep_botiot/lrsweep_mlp80_lr0p001__dir0.1__seed23/metrics.json  final_acc=0.9589
