[run] device=cpu  seed=23  out=/Users/agentra/Documents/hao/working/paper-lab/hao-paper-2026/iotj-fedkan-ids/repo/results/lrsweep_toniot/lrsweep_kan8_lr0p03__dir0.1__seed23
[run] model=kan  params=3,280
  round   1/50: acc=0.4999  f1m=0.3333  uplink_kB=150.2  t=2.08s
  round   2/50: acc=0.6945  f1m=0.6765  uplink_kB=150.2  t=1.63s
  round   3/50: acc=0.7803  f1m=0.7778  uplink_kB=150.2  t=1.61s
  round   4/50: acc=0.7997  f1m=0.7974  uplink_kB=150.2  t=1.59s
  round   5/50: acc=0.8933  f1m=0.8932  uplink_kB=150.2  t=1.57s
  round   6/50: acc=0.7526  f1m=0.7401  uplink_kB=150.2  t=1.61s
  round   7/50: acc=0.5586  f1m=0.4981  uplink_kB=150.2  t=1.63s
  round   8/50: acc=0.7349  f1m=0.7238  uplink_kB=150.2  t=1.63s
  round   9/50: acc=0.6542  f1m=0.6421  uplink_kB=150.2  t=1.62s
  round  10/50: acc=0.8526  f1m=0.8515  uplink_kB=150.2  t=1.59s
  round  11/50: acc=0.8878  f1m=0.8878  uplink_kB=150.2  t=1.63s
  round  12/50: acc=0.8992  f1m=0.8990  uplink_kB=150.2  t=1.58s
  round  13/50: acc=0.8542  f1m=0.8532  uplink_kB=150.2  t=1.62s
  round  14/50: acc=0.8805  f1m=0.8797  uplink_kB=150.2  t=1.60s
  round  15/50: acc=0.6933  f1m=0.6803  uplink_kB=150.2  t=1.62s
  round  16/50: acc=0.6989  f1m=0.6857  uplink_kB=150.2  t=1.64s
  round  17/50: acc=0.7722  f1m=0.7640  uplink_kB=150.2  t=1.59s
  round  18/50: acc=0.6314  f1m=0.5999  uplink_kB=150.2  t=1.58s
  round  19/50: acc=0.9036  f1m=0.9036  uplink_kB=150.2  t=1.62s
  round  20/50: acc=0.9081  f1m=0.9081  uplink_kB=150.2  t=1.63s
  round  21/50: acc=0.8683  f1m=0.8680  uplink_kB=150.2  t=1.64s
  round  22/50: acc=0.8576  f1m=0.8563  uplink_kB=150.2  t=1.61s
  round  23/50: acc=0.8684  f1m=0.8676  uplink_kB=150.2  t=1.61s
  round  24/50: acc=0.8287  f1m=0.8262  uplink_kB=150.2  t=1.63s
  round  25/50: acc=0.8722  f1m=0.8707  uplink_kB=150.2  t=1.56s
  round  26/50: acc=0.8560  f1m=0.8543  uplink_kB=150.2  t=1.60s
  round  27/50: acc=0.8647  f1m=0.8627  uplink_kB=150.2  t=1.60s
  round  28/50: acc=0.7004  f1m=0.6737  uplink_kB=150.2  t=1.65s
  round  29/50: acc=0.8538  f1m=0.8516  uplink_kB=150.2  t=1.62s
  round  30/50: acc=0.5847  f1m=0.5028  uplink_kB=150.2  t=1.60s
  round  31/50: acc=0.8778  f1m=0.8765  uplink_kB=150.2  t=1.63s
  round  32/50: acc=0.9279  f1m=0.9277  uplink_kB=150.2  t=1.54s
  round  33/50: acc=0.8685  f1m=0.8670  uplink_kB=150.2  t=1.62s
  round  34/50: acc=0.8813  f1m=0.8801  uplink_kB=150.2  t=1.61s
  round  35/50: acc=0.6855  f1m=0.6562  uplink_kB=150.2  t=1.60s
  round  36/50: acc=0.8190  f1m=0.8176  uplink_kB=150.2  t=1.60s
  round  37/50: acc=0.8806  f1m=0.8795  uplink_kB=150.2  t=1.62s
  round  38/50: acc=0.9130  f1m=0.9127  uplink_kB=150.2  t=1.62s
  round  39/50: acc=0.9352  f1m=0.9351  uplink_kB=150.2  t=1.55s
  round  40/50: acc=0.8355  f1m=0.8317  uplink_kB=150.2  t=1.61s
  round  41/50: acc=0.8963  f1m=0.8954  uplink_kB=150.2  t=1.63s
  round  42/50: acc=0.8738  f1m=0.8721  uplink_kB=150.2  t=1.65s
  round  43/50: acc=0.9288  f1m=0.9286  uplink_kB=150.2  t=1.62s
  round  44/50: acc=0.8134  f1m=0.8076  uplink_kB=150.2  t=1.60s
  round  45/50: acc=0.8736  f1m=0.8720  uplink_kB=150.2  t=1.56s
  round  46/50: acc=0.8483  f1m=0.8461  uplink_kB=150.2  t=1.62s
  round  47/50: acc=0.8632  f1m=0.8614  uplink_kB=150.2  t=1.59s
  round  48/50: acc=0.9212  f1m=0.9212  uplink_kB=150.2  t=1.60s
  round  49/50: acc=0.7853  f1m=0.7777  uplink_kB=150.2  t=1.61s
  round  50/50: acc=0.8990  f1m=0.8982  uplink_kB=150.2  t=1.64s
[run] DONE -> /Users/agentra/Documents/hao/working/paper-lab/hao-paper-2026/iotj-fedkan-ids/repo/results/lrsweep_toniot/lrsweep_kan8_lr0p03__dir0.1__seed23/metrics.json  final_acc=0.8990
