[run] device=cpu  seed=2026  out=/Users/agentra/Documents/hao/working/paper-lab/hao-paper-2026/iotj-fedkan-ids/repo/results/lrsweep_cseciic/lrsweep_mlp80_lr0p001__dir0.1__seed2026
[run] model=mlp  params=3,362
  round   1/50: acc=0.9082  f1m=0.9078  uplink_kB=131.3  t=1.35s
  round   2/50: acc=0.9179  f1m=0.9176  uplink_kB=131.3  t=0.67s
  round   3/50: acc=0.9172  f1m=0.9170  uplink_kB=131.3  t=0.66s
  round   4/50: acc=0.9194  f1m=0.9193  uplink_kB=131.3  t=0.71s
  round   5/50: acc=0.9190  f1m=0.9188  uplink_kB=131.3  t=0.68s
  round   6/50: acc=0.9186  f1m=0.9184  uplink_kB=131.3  t=0.62s
  round   7/50: acc=0.9200  f1m=0.9198  uplink_kB=131.3  t=0.64s
  round   8/50: acc=0.9220  f1m=0.9218  uplink_kB=131.3  t=0.69s
  round   9/50: acc=0.9235  f1m=0.9233  uplink_kB=131.3  t=0.71s
  round  10/50: acc=0.9276  f1m=0.9275  uplink_kB=131.3  t=0.67s
  round  11/50: acc=0.9282  f1m=0.9280  uplink_kB=131.3  t=0.71s
  round  12/50: acc=0.9281  f1m=0.9279  uplink_kB=131.3  t=0.63s
  round  13/50: acc=0.9334  f1m=0.9332  uplink_kB=131.3  t=0.68s
  round  14/50: acc=0.9351  f1m=0.9350  uplink_kB=131.3  t=0.66s
  round  15/50: acc=0.9409  f1m=0.9408  uplink_kB=131.3  t=0.69s
  round  16/50: acc=0.9597  f1m=0.9597  uplink_kB=131.3  t=0.65s
  round  17/50: acc=0.9593  f1m=0.9593  uplink_kB=131.3  t=0.65s
  round  18/50: acc=0.9603  f1m=0.9602  uplink_kB=131.3  t=0.63s
  round  19/50: acc=0.9608  f1m=0.9608  uplink_kB=131.3  t=0.68s
  round  20/50: acc=0.9609  f1m=0.9608  uplink_kB=131.3  t=0.66s
  round  21/50: acc=0.9619  f1m=0.9619  uplink_kB=131.3  t=0.69s
  round  22/50: acc=0.9615  f1m=0.9614  uplink_kB=131.3  t=0.71s
  round  23/50: acc=0.9616  f1m=0.9616  uplink_kB=131.3  t=0.71s
  round  24/50: acc=0.9620  f1m=0.9620  uplink_kB=131.3  t=0.65s
  round  25/50: acc=0.9622  f1m=0.9621  uplink_kB=131.3  t=0.68s
  round  26/50: acc=0.9630  f1m=0.9629  uplink_kB=131.3  t=0.69s
  round  27/50: acc=0.9643  f1m=0.9643  uplink_kB=131.3  t=0.72s
  round  28/50: acc=0.9641  f1m=0.9640  uplink_kB=131.3  t=0.66s
  round  29/50: acc=0.9638  f1m=0.9638  uplink_kB=131.3  t=0.66s
  round  30/50: acc=0.9641  f1m=0.9641  uplink_kB=131.3  t=0.64s
  round  31/50: acc=0.9649  f1m=0.9649  uplink_kB=131.3  t=0.71s
  round  32/50: acc=0.9654  f1m=0.9654  uplink_kB=131.3  t=0.69s
  round  33/50: acc=0.9656  f1m=0.9656  uplink_kB=131.3  t=0.67s
  round  34/50: acc=0.9658  f1m=0.9658  uplink_kB=131.3  t=0.69s
  round  35/50: acc=0.9690  f1m=0.9689  uplink_kB=131.3  t=0.71s
  round  36/50: acc=0.9657  f1m=0.9657  uplink_kB=131.3  t=0.64s
  round  37/50: acc=0.9658  f1m=0.9658  uplink_kB=131.3  t=0.69s
  round  38/50: acc=0.9660  f1m=0.9660  uplink_kB=131.3  t=0.70s
  round  39/50: acc=0.9660  f1m=0.9660  uplink_kB=131.3  t=0.69s
  round  40/50: acc=0.9662  f1m=0.9661  uplink_kB=131.3  t=0.68s
  round  41/50: acc=0.9698  f1m=0.9698  uplink_kB=131.3  t=0.69s
  round  42/50: acc=0.9698  f1m=0.9697  uplink_kB=131.3  t=0.62s
  round  43/50: acc=0.9698  f1m=0.9698  uplink_kB=131.3  t=0.69s
  round  44/50: acc=0.9698  f1m=0.9698  uplink_kB=131.3  t=0.70s
  round  45/50: acc=0.9701  f1m=0.9700  uplink_kB=131.3  t=0.68s
  round  46/50: acc=0.9701  f1m=0.9700  uplink_kB=131.3  t=0.68s
  round  47/50: acc=0.9700  f1m=0.9700  uplink_kB=131.3  t=0.70s
  round  48/50: acc=0.9704  f1m=0.9704  uplink_kB=131.3  t=0.64s
  round  49/50: acc=0.9675  f1m=0.9675  uplink_kB=131.3  t=0.64s
  round  50/50: acc=0.9716  f1m=0.9716  uplink_kB=131.3  t=0.70s
[run] DONE -> /Users/agentra/Documents/hao/working/paper-lab/hao-paper-2026/iotj-fedkan-ids/repo/results/lrsweep_cseciic/lrsweep_mlp80_lr0p001__dir0.1__seed2026/metrics.json  final_acc=0.9716
