[run] device=cpu  seed=2024  out=/Users/agentra/Documents/hao/working/paper-lab/hao-paper-2026/iotj-fedkan-ids/repo/results/lrsweep_cseciic/lrsweep_kan16_lr0p001__dir0.1__seed2024
[run] model=kan  params=6,560
  round   1/50: acc=0.7835  f1m=0.7772  uplink_kB=282.0  t=2.59s
  round   2/50: acc=0.7802  f1m=0.7739  uplink_kB=282.0  t=1.96s
  round   3/50: acc=0.9096  f1m=0.9096  uplink_kB=282.0  t=2.00s
  round   4/50: acc=0.9219  f1m=0.9219  uplink_kB=282.0  t=1.92s
  round   5/50: acc=0.9225  f1m=0.9224  uplink_kB=282.0  t=1.96s
  round   6/50: acc=0.9218  f1m=0.9217  uplink_kB=282.0  t=1.90s
  round   7/50: acc=0.9158  f1m=0.9158  uplink_kB=282.0  t=1.95s
  round   8/50: acc=0.9343  f1m=0.9342  uplink_kB=282.0  t=1.96s
  round   9/50: acc=0.9358  f1m=0.9358  uplink_kB=282.0  t=1.94s
  round  10/50: acc=0.9363  f1m=0.9363  uplink_kB=282.0  t=1.92s
  round  11/50: acc=0.9366  f1m=0.9366  uplink_kB=282.0  t=1.97s
  round  12/50: acc=0.9366  f1m=0.9366  uplink_kB=282.0  t=1.82s
  round  13/50: acc=0.9424  f1m=0.9424  uplink_kB=282.0  t=1.90s
  round  14/50: acc=0.9484  f1m=0.9484  uplink_kB=282.0  t=1.93s
  round  15/50: acc=0.9484  f1m=0.9484  uplink_kB=282.0  t=1.93s
  round  16/50: acc=0.9543  f1m=0.9543  uplink_kB=282.0  t=1.95s
  round  17/50: acc=0.9567  f1m=0.9567  uplink_kB=282.0  t=1.91s
  round  18/50: acc=0.9579  f1m=0.9579  uplink_kB=282.0  t=1.92s
  round  19/50: acc=0.9599  f1m=0.9599  uplink_kB=282.0  t=1.93s
  round  20/50: acc=0.9622  f1m=0.9622  uplink_kB=282.0  t=1.90s
  round  21/50: acc=0.9633  f1m=0.9632  uplink_kB=282.0  t=1.95s
  round  22/50: acc=0.9649  f1m=0.9649  uplink_kB=282.0  t=1.97s
  round  23/50: acc=0.9663  f1m=0.9663  uplink_kB=282.0  t=1.95s
  round  24/50: acc=0.9674  f1m=0.9674  uplink_kB=282.0  t=1.93s
  round  25/50: acc=0.9672  f1m=0.9672  uplink_kB=282.0  t=1.96s
  round  26/50: acc=0.9672  f1m=0.9671  uplink_kB=282.0  t=1.87s
  round  27/50: acc=0.9679  f1m=0.9679  uplink_kB=282.0  t=1.97s
  round  28/50: acc=0.9687  f1m=0.9686  uplink_kB=282.0  t=1.98s
  round  29/50: acc=0.9697  f1m=0.9697  uplink_kB=282.0  t=1.98s
  round  30/50: acc=0.9695  f1m=0.9695  uplink_kB=282.0  t=1.94s
  round  31/50: acc=0.9707  f1m=0.9707  uplink_kB=282.0  t=1.99s
  round  32/50: acc=0.9702  f1m=0.9701  uplink_kB=282.0  t=1.91s
  round  33/50: acc=0.9716  f1m=0.9716  uplink_kB=282.0  t=2.00s
  round  34/50: acc=0.9714  f1m=0.9714  uplink_kB=282.0  t=1.90s
  round  35/50: acc=0.9712  f1m=0.9712  uplink_kB=282.0  t=2.00s
  round  36/50: acc=0.9718  f1m=0.9717  uplink_kB=282.0  t=1.94s
  round  37/50: acc=0.9723  f1m=0.9723  uplink_kB=282.0  t=1.95s
  round  38/50: acc=0.9727  f1m=0.9727  uplink_kB=282.0  t=1.96s
  round  39/50: acc=0.9727  f1m=0.9727  uplink_kB=282.0  t=1.96s
  round  40/50: acc=0.9730  f1m=0.9730  uplink_kB=282.0  t=2.02s
  round  41/50: acc=0.9732  f1m=0.9732  uplink_kB=282.0  t=2.00s
  round  42/50: acc=0.9731  f1m=0.9731  uplink_kB=282.0  t=1.94s
  round  43/50: acc=0.9734  f1m=0.9734  uplink_kB=282.0  t=2.14s
  round  44/50: acc=0.9738  f1m=0.9738  uplink_kB=282.0  t=1.94s
  round  45/50: acc=0.9742  f1m=0.9742  uplink_kB=282.0  t=2.00s
  round  46/50: acc=0.9746  f1m=0.9745  uplink_kB=282.0  t=1.96s
  round  47/50: acc=0.9743  f1m=0.9743  uplink_kB=282.0  t=2.01s
  round  48/50: acc=0.9745  f1m=0.9745  uplink_kB=282.0  t=1.96s
  round  49/50: acc=0.9757  f1m=0.9756  uplink_kB=282.0  t=2.00s
  round  50/50: acc=0.9745  f1m=0.9745  uplink_kB=282.0  t=1.95s
[run] DONE -> /Users/agentra/Documents/hao/working/paper-lab/hao-paper-2026/iotj-fedkan-ids/repo/results/lrsweep_cseciic/lrsweep_kan16_lr0p001__dir0.1__seed2024/metrics.json  final_acc=0.9745
