[run] device=cpu  seed=2026  out=/Users/agentra/Documents/hao/working/paper-lab/hao-paper-2026/iotj-fedkan-ids/repo/results/lrsweep_cseciic_mc/lrsweep_kan16_lr0p01__dir0.1__seed2026
[run] model=kan  params=8,640
  round   1/50: acc=0.4157  f1m=0.1190  uplink_kB=363.3  t=6.99s
  round   2/50: acc=0.7162  f1m=0.4785  uplink_kB=363.3  t=6.16s
  round   3/50: acc=0.7904  f1m=0.5005  uplink_kB=363.3  t=6.24s
  round   4/50: acc=0.8107  f1m=0.5095  uplink_kB=363.3  t=6.26s
  round   5/50: acc=0.8312  f1m=0.6002  uplink_kB=363.3  t=6.44s
  round   6/50: acc=0.8436  f1m=0.6543  uplink_kB=363.3  t=6.34s
  round   7/50: acc=0.8559  f1m=0.6987  uplink_kB=363.3  t=6.38s
  round   8/50: acc=0.8619  f1m=0.7089  uplink_kB=363.3  t=6.64s
  round   9/50: acc=0.8745  f1m=0.7358  uplink_kB=363.3  t=6.23s
  round  10/50: acc=0.8787  f1m=0.7465  uplink_kB=363.3  t=6.34s
  round  11/50: acc=0.8724  f1m=0.7340  uplink_kB=363.3  t=6.45s
  round  12/50: acc=0.8763  f1m=0.7410  uplink_kB=363.3  t=6.31s
  round  13/50: acc=0.8776  f1m=0.7400  uplink_kB=363.3  t=6.32s
  round  14/50: acc=0.8810  f1m=0.7445  uplink_kB=363.3  t=6.35s
  round  15/50: acc=0.8772  f1m=0.7431  uplink_kB=363.3  t=6.38s
  round  16/50: acc=0.8803  f1m=0.7469  uplink_kB=363.3  t=6.26s
  round  17/50: acc=0.8852  f1m=0.7525  uplink_kB=363.3  t=6.30s
  round  18/50: acc=0.8831  f1m=0.7510  uplink_kB=363.3  t=6.89s
  round  19/50: acc=0.8806  f1m=0.7567  uplink_kB=363.3  t=6.60s
  round  20/50: acc=0.8862  f1m=0.7662  uplink_kB=363.3  t=6.40s
  round  21/50: acc=0.8820  f1m=0.7598  uplink_kB=363.3  t=6.18s
  round  22/50: acc=0.8857  f1m=0.7674  uplink_kB=363.3  t=6.39s
  round  23/50: acc=0.8875  f1m=0.7672  uplink_kB=363.3  t=6.65s
  round  24/50: acc=0.8874  f1m=0.7673  uplink_kB=363.3  t=6.57s
  round  25/50: acc=0.8854  f1m=0.7653  uplink_kB=363.3  t=6.27s
  round  26/50: acc=0.8829  f1m=0.7641  uplink_kB=363.3  t=6.42s
  round  27/50: acc=0.8836  f1m=0.7616  uplink_kB=363.3  t=6.34s
  round  28/50: acc=0.8908  f1m=0.7735  uplink_kB=363.3  t=6.30s
  round  29/50: acc=0.8857  f1m=0.7612  uplink_kB=363.3  t=7.20s
  round  30/50: acc=0.8886  f1m=0.7714  uplink_kB=363.3  t=6.31s
  round  31/50: acc=0.8876  f1m=0.7662  uplink_kB=363.3  t=6.31s
  round  32/50: acc=0.8835  f1m=0.7635  uplink_kB=363.3  t=6.30s
  round  33/50: acc=0.8876  f1m=0.7495  uplink_kB=363.3  t=6.34s
  round  34/50: acc=0.8881  f1m=0.7686  uplink_kB=363.3  t=6.16s
  round  35/50: acc=0.8828  f1m=0.7657  uplink_kB=363.3  t=6.47s
  round  36/50: acc=0.8846  f1m=0.7712  uplink_kB=363.3  t=6.50s
  round  37/50: acc=0.8867  f1m=0.7704  uplink_kB=363.3  t=6.44s
  round  38/50: acc=0.8839  f1m=0.7625  uplink_kB=363.3  t=6.28s
  round  39/50: acc=0.8817  f1m=0.7630  uplink_kB=363.3  t=6.34s
  round  40/50: acc=0.8905  f1m=0.7746  uplink_kB=363.3  t=6.44s
  round  41/50: acc=0.8878  f1m=0.7725  uplink_kB=363.3  t=7.06s
  round  42/50: acc=0.8858  f1m=0.7721  uplink_kB=363.3  t=6.34s
  round  43/50: acc=0.8916  f1m=0.7776  uplink_kB=363.3  t=6.37s
  round  44/50: acc=0.8871  f1m=0.7695  uplink_kB=363.3  t=6.40s
  round  45/50: acc=0.8902  f1m=0.7745  uplink_kB=363.3  t=6.34s
  round  46/50: acc=0.8847  f1m=0.7616  uplink_kB=363.3  t=6.34s
  round  47/50: acc=0.8853  f1m=0.7711  uplink_kB=363.3  t=6.28s
  round  48/50: acc=0.8864  f1m=0.7698  uplink_kB=363.3  t=6.77s
  round  49/50: acc=0.8899  f1m=0.7722  uplink_kB=363.3  t=6.38s
  round  50/50: acc=0.8903  f1m=0.7676  uplink_kB=363.3  t=6.30s
[run] DONE -> /Users/agentra/Documents/hao/working/paper-lab/hao-paper-2026/iotj-fedkan-ids/repo/results/lrsweep_cseciic_mc/lrsweep_kan16_lr0p01__dir0.1__seed2026/metrics.json  final_acc=0.8903
