[run] device=cpu  seed=2024  out=/Users/agentra/Documents/hao/working/paper-lab/hao-paper-2026/iotj-fedkan-ids/repo/results/lrsweep_toniot/lrsweep_kan16_lr0p1__dir0.1__seed2024
[run] model=kan  params=6,560
  round   1/50: acc=0.5932  f1m=0.5904  uplink_kB=282.0  t=2.48s
  round   2/50: acc=0.6240  f1m=0.5710  uplink_kB=282.0  t=1.91s
  round   3/50: acc=0.5238  f1m=0.3967  uplink_kB=282.0  t=1.90s
  round   4/50: acc=0.8379  f1m=0.8377  uplink_kB=282.0  t=1.96s
  round   5/50: acc=0.5368  f1m=0.4290  uplink_kB=282.0  t=1.93s
  round   6/50: acc=0.8738  f1m=0.8734  uplink_kB=282.0  t=1.84s
  round   7/50: acc=0.3771  f1m=0.3291  uplink_kB=282.0  t=1.88s
  round   8/50: acc=0.7500  f1m=0.7474  uplink_kB=282.0  t=1.90s
  round   9/50: acc=0.8997  f1m=0.8994  uplink_kB=282.0  t=1.93s
  round  10/50: acc=0.9015  f1m=0.9014  uplink_kB=282.0  t=1.93s
  round  11/50: acc=0.9147  f1m=0.9146  uplink_kB=282.0  t=1.91s
  round  12/50: acc=0.7457  f1m=0.7357  uplink_kB=282.0  t=1.82s
  round  13/50: acc=0.9238  f1m=0.9238  uplink_kB=282.0  t=1.89s
  round  14/50: acc=0.8455  f1m=0.8432  uplink_kB=282.0  t=1.97s
  round  15/50: acc=0.7631  f1m=0.7579  uplink_kB=282.0  t=1.89s
  round  16/50: acc=0.9287  f1m=0.9287  uplink_kB=282.0  t=1.92s
  round  17/50: acc=0.5005  f1m=0.3413  uplink_kB=282.0  t=1.91s
  round  18/50: acc=0.6245  f1m=0.5736  uplink_kB=282.0  t=1.90s
  round  19/50: acc=0.4983  f1m=0.3401  uplink_kB=282.0  t=1.86s
  round  20/50: acc=0.8545  f1m=0.8522  uplink_kB=282.0  t=1.92s
  round  21/50: acc=0.3482  f1m=0.3217  uplink_kB=282.0  t=1.88s
  round  22/50: acc=0.6512  f1m=0.6407  uplink_kB=282.0  t=1.91s
  round  23/50: acc=0.8814  f1m=0.8804  uplink_kB=282.0  t=1.90s
  round  24/50: acc=0.6502  f1m=0.6398  uplink_kB=282.0  t=1.93s
  round  25/50: acc=0.6888  f1m=0.6837  uplink_kB=282.0  t=1.91s
  round  26/50: acc=0.8784  f1m=0.8777  uplink_kB=282.0  t=1.84s
  round  27/50: acc=0.8782  f1m=0.8774  uplink_kB=282.0  t=1.89s
  round  28/50: acc=0.8803  f1m=0.8792  uplink_kB=282.0  t=1.97s
  round  29/50: acc=0.8790  f1m=0.8784  uplink_kB=282.0  t=1.90s
  round  30/50: acc=0.8662  f1m=0.8645  uplink_kB=282.0  t=1.89s
  round  31/50: acc=0.8787  f1m=0.8780  uplink_kB=282.0  t=1.92s
  round  32/50: acc=0.8788  f1m=0.8781  uplink_kB=282.0  t=1.88s
  round  33/50: acc=0.5170  f1m=0.3909  uplink_kB=282.0  t=1.91s
  round  34/50: acc=0.8826  f1m=0.8816  uplink_kB=282.0  t=1.94s
  round  35/50: acc=0.8712  f1m=0.8707  uplink_kB=282.0  t=1.92s
  round  36/50: acc=0.8787  f1m=0.8781  uplink_kB=282.0  t=1.90s
  round  37/50: acc=0.8783  f1m=0.8776  uplink_kB=282.0  t=1.90s
  round  38/50: acc=0.8790  f1m=0.8783  uplink_kB=282.0  t=1.85s
  round  39/50: acc=0.8785  f1m=0.8779  uplink_kB=282.0  t=1.88s
  round  40/50: acc=0.8782  f1m=0.8775  uplink_kB=282.0  t=1.91s
  round  41/50: acc=0.8817  f1m=0.8807  uplink_kB=282.0  t=1.97s
  round  42/50: acc=0.8782  f1m=0.8775  uplink_kB=282.0  t=1.90s
  round  43/50: acc=0.8788  f1m=0.8780  uplink_kB=282.0  t=1.92s
  round  44/50: acc=0.8820  f1m=0.8811  uplink_kB=282.0  t=1.93s
  round  45/50: acc=0.8805  f1m=0.8799  uplink_kB=282.0  t=1.84s
  round  46/50: acc=0.8792  f1m=0.8785  uplink_kB=282.0  t=1.90s
  round  47/50: acc=0.8788  f1m=0.8782  uplink_kB=282.0  t=1.91s
  round  48/50: acc=0.8807  f1m=0.8801  uplink_kB=282.0  t=1.91s
  round  49/50: acc=0.8553  f1m=0.8550  uplink_kB=282.0  t=1.87s
  round  50/50: acc=0.6509  f1m=0.6411  uplink_kB=282.0  t=1.64s
[run] DONE -> /Users/agentra/Documents/hao/working/paper-lab/hao-paper-2026/iotj-fedkan-ids/repo/results/lrsweep_toniot/lrsweep_kan16_lr0p1__dir0.1__seed2024/metrics.json  final_acc=0.6509
