[run] device=cpu  seed=2024  out=/Users/agentra/Documents/hao/working/paper-lab/hao-paper-2026/iotj-fedkan-ids/repo/results/lrsweep_cseciic_mc50k/lrsweep_kan8_lr0p1__dir0.1__seed2024
[run] model=kan  params=4,320
  round   1/50: acc=0.1354  f1m=0.0297  uplink_kB=190.8  t=3.24s
  round   2/50: acc=0.5202  f1m=0.2669  uplink_kB=190.8  t=2.61s
  round   3/50: acc=0.5438  f1m=0.2886  uplink_kB=190.8  t=2.61s
  round   4/50: acc=0.5191  f1m=0.2291  uplink_kB=190.8  t=2.59s
  round   5/50: acc=0.3343  f1m=0.1638  uplink_kB=190.8  t=2.57s
  round   6/50: acc=0.6372  f1m=0.3138  uplink_kB=190.8  t=2.75s
  round   7/50: acc=0.5764  f1m=0.3221  uplink_kB=190.8  t=2.61s
  round   8/50: acc=0.5515  f1m=0.2939  uplink_kB=190.8  t=2.65s
  round   9/50: acc=0.5787  f1m=0.3590  uplink_kB=190.8  t=2.53s
  round  10/50: acc=0.6014  f1m=0.3093  uplink_kB=190.8  t=2.66s
  round  11/50: acc=0.5720  f1m=0.3076  uplink_kB=190.8  t=2.53s
  round  12/50: acc=0.6093  f1m=0.3150  uplink_kB=190.8  t=2.64s
  round  13/50: acc=0.6084  f1m=0.3107  uplink_kB=190.8  t=2.53s
  round  14/50: acc=0.5446  f1m=0.2431  uplink_kB=190.8  t=2.70s
  round  15/50: acc=0.6024  f1m=0.3125  uplink_kB=190.8  t=2.51s
  round  16/50: acc=0.5861  f1m=0.3085  uplink_kB=190.8  t=2.66s
  round  17/50: acc=0.5093  f1m=0.2668  uplink_kB=190.8  t=2.55s
  round  18/50: acc=0.7020  f1m=0.3854  uplink_kB=190.8  t=2.64s
  round  19/50: acc=0.6140  f1m=0.3227  uplink_kB=190.8  t=2.55s
  round  20/50: acc=0.6143  f1m=0.3239  uplink_kB=190.8  t=2.63s
  round  21/50: acc=0.6806  f1m=0.4053  uplink_kB=190.8  t=2.56s
  round  22/50: acc=0.6166  f1m=0.3228  uplink_kB=190.8  t=2.65s
  round  23/50: acc=0.6459  f1m=0.3739  uplink_kB=190.8  t=2.52s
  round  24/50: acc=0.7274  f1m=0.4002  uplink_kB=190.8  t=2.62s
  round  25/50: acc=0.6106  f1m=0.3150  uplink_kB=190.8  t=2.52s
  round  26/50: acc=0.6368  f1m=0.3612  uplink_kB=190.8  t=2.66s
  round  27/50: acc=0.6602  f1m=0.3213  uplink_kB=190.8  t=2.54s
  round  28/50: acc=0.6501  f1m=0.3290  uplink_kB=190.8  t=2.71s
  round  29/50: acc=0.6118  f1m=0.3175  uplink_kB=190.8  t=2.55s
  round  30/50: acc=0.5891  f1m=0.3039  uplink_kB=190.8  t=2.67s
  round  31/50: acc=0.6111  f1m=0.3197  uplink_kB=190.8  t=2.60s
  round  32/50: acc=0.6025  f1m=0.3111  uplink_kB=190.8  t=2.73s
  round  33/50: acc=0.7160  f1m=0.3958  uplink_kB=190.8  t=2.57s
  round  34/50: acc=0.7007  f1m=0.3868  uplink_kB=190.8  t=2.69s
  round  35/50: acc=0.4460  f1m=0.2385  uplink_kB=190.8  t=2.58s
  round  36/50: acc=0.6830  f1m=0.3863  uplink_kB=190.8  t=2.58s
  round  37/50: acc=0.6734  f1m=0.3766  uplink_kB=190.8  t=2.63s
  round  38/50: acc=0.5776  f1m=0.2978  uplink_kB=190.8  t=2.62s
  round  39/50: acc=0.6365  f1m=0.3980  uplink_kB=190.8  t=2.59s
  round  40/50: acc=0.6830  f1m=0.4413  uplink_kB=190.8  t=2.62s
  round  41/50: acc=0.6947  f1m=0.3805  uplink_kB=190.8  t=2.58s
  round  42/50: acc=0.5203  f1m=0.2641  uplink_kB=190.8  t=2.57s
  round  43/50: acc=0.4256  f1m=0.2349  uplink_kB=190.8  t=2.56s
  round  44/50: acc=0.6451  f1m=0.3850  uplink_kB=190.8  t=2.56s
  round  45/50: acc=0.6197  f1m=0.3283  uplink_kB=190.8  t=2.57s
  round  46/50: acc=0.6136  f1m=0.3276  uplink_kB=190.8  t=2.62s
  round  47/50: acc=0.7054  f1m=0.3883  uplink_kB=190.8  t=2.59s
  round  48/50: acc=0.4869  f1m=0.2309  uplink_kB=190.8  t=2.60s
  round  49/50: acc=0.5922  f1m=0.3372  uplink_kB=190.8  t=2.60s
  round  50/50: acc=0.7463  f1m=0.4335  uplink_kB=190.8  t=2.53s
[run] DONE -> /Users/agentra/Documents/hao/working/paper-lab/hao-paper-2026/iotj-fedkan-ids/repo/results/lrsweep_cseciic_mc50k/lrsweep_kan8_lr0p1__dir0.1__seed2024/metrics.json  final_acc=0.7463
