[run] device=cpu  seed=11  out=/Users/agentra/Documents/hao/working/paper-lab/hao-paper-2026/iotj-fedkan-ids/repo/results/lrsweep_cseciic_mc/lrsweep_mlp80_lr0p001__dir0.1__seed11
[run] model=mlp  params=4,415
  round   1/50: acc=0.3381  f1m=0.1193  uplink_kB=172.5  t=2.80s
  round   2/50: acc=0.3891  f1m=0.1359  uplink_kB=172.5  t=2.17s
  round   3/50: acc=0.4303  f1m=0.1445  uplink_kB=172.5  t=2.19s
  round   4/50: acc=0.4511  f1m=0.1474  uplink_kB=172.5  t=2.11s
  round   5/50: acc=0.4550  f1m=0.1461  uplink_kB=172.5  t=2.12s
  round   6/50: acc=0.4584  f1m=0.1481  uplink_kB=172.5  t=2.16s
  round   7/50: acc=0.4988  f1m=0.1955  uplink_kB=172.5  t=2.10s
  round   8/50: acc=0.6139  f1m=0.2848  uplink_kB=172.5  t=2.05s
  round   9/50: acc=0.6149  f1m=0.2846  uplink_kB=172.5  t=2.07s
  round  10/50: acc=0.6160  f1m=0.2854  uplink_kB=172.5  t=2.09s
  round  11/50: acc=0.6208  f1m=0.2888  uplink_kB=172.5  t=2.14s
  round  12/50: acc=0.6323  f1m=0.2953  uplink_kB=172.5  t=2.14s
  round  13/50: acc=0.6428  f1m=0.3032  uplink_kB=172.5  t=2.18s
  round  14/50: acc=0.6556  f1m=0.3380  uplink_kB=172.5  t=2.21s
  round  15/50: acc=0.6723  f1m=0.3488  uplink_kB=172.5  t=2.31s
  round  16/50: acc=0.6834  f1m=0.3558  uplink_kB=172.5  t=2.21s
  round  17/50: acc=0.6966  f1m=0.3641  uplink_kB=172.5  t=2.10s
  round  18/50: acc=0.7139  f1m=0.3941  uplink_kB=172.5  t=2.12s
  round  19/50: acc=0.7267  f1m=0.4005  uplink_kB=172.5  t=2.10s
  round  20/50: acc=0.7340  f1m=0.4040  uplink_kB=172.5  t=2.16s
  round  21/50: acc=0.7352  f1m=0.4046  uplink_kB=172.5  t=2.15s
  round  22/50: acc=0.7471  f1m=0.4100  uplink_kB=172.5  t=2.15s
  round  23/50: acc=0.7527  f1m=0.4133  uplink_kB=172.5  t=2.16s
  round  24/50: acc=0.7527  f1m=0.4137  uplink_kB=172.5  t=2.14s
  round  25/50: acc=0.7581  f1m=0.4160  uplink_kB=172.5  t=2.21s
  round  26/50: acc=0.7655  f1m=0.4192  uplink_kB=172.5  t=2.13s
  round  27/50: acc=0.7853  f1m=0.4275  uplink_kB=172.5  t=2.12s
  round  28/50: acc=0.7919  f1m=0.4304  uplink_kB=172.5  t=2.13s
  round  29/50: acc=0.7965  f1m=0.4401  uplink_kB=172.5  t=2.17s
  round  30/50: acc=0.7966  f1m=0.4404  uplink_kB=172.5  t=2.13s
  round  31/50: acc=0.8013  f1m=0.4553  uplink_kB=172.5  t=2.10s
  round  32/50: acc=0.8017  f1m=0.4557  uplink_kB=172.5  t=2.13s
  round  33/50: acc=0.8017  f1m=0.4558  uplink_kB=172.5  t=2.17s
  round  34/50: acc=0.8021  f1m=0.4567  uplink_kB=172.5  t=2.17s
  round  35/50: acc=0.8022  f1m=0.4569  uplink_kB=172.5  t=2.10s
  round  36/50: acc=0.8025  f1m=0.4575  uplink_kB=172.5  t=2.13s
  round  37/50: acc=0.8026  f1m=0.4576  uplink_kB=172.5  t=2.12s
  round  38/50: acc=0.8027  f1m=0.4575  uplink_kB=172.5  t=2.10s
  round  39/50: acc=0.8029  f1m=0.4582  uplink_kB=172.5  t=2.19s
  round  40/50: acc=0.8030  f1m=0.4586  uplink_kB=172.5  t=2.22s
  round  41/50: acc=0.8036  f1m=0.4596  uplink_kB=172.5  t=2.15s
  round  42/50: acc=0.8038  f1m=0.4593  uplink_kB=172.5  t=2.17s
  round  43/50: acc=0.8043  f1m=0.4610  uplink_kB=172.5  t=2.20s
  round  44/50: acc=0.8048  f1m=0.4623  uplink_kB=172.5  t=2.16s
  round  45/50: acc=0.8285  f1m=0.5042  uplink_kB=172.5  t=2.21s
  round  46/50: acc=0.8292  f1m=0.5056  uplink_kB=172.5  t=2.15s
  round  47/50: acc=0.8318  f1m=0.5151  uplink_kB=172.5  t=2.09s
  round  48/50: acc=0.8317  f1m=0.5151  uplink_kB=172.5  t=2.10s
  round  49/50: acc=0.8311  f1m=0.5147  uplink_kB=172.5  t=2.21s
  round  50/50: acc=0.8319  f1m=0.5156  uplink_kB=172.5  t=2.14s
[run] DONE -> /Users/agentra/Documents/hao/working/paper-lab/hao-paper-2026/iotj-fedkan-ids/repo/results/lrsweep_cseciic_mc/lrsweep_mlp80_lr0p001__dir0.1__seed11/metrics.json  final_acc=0.8319
