[run] device=cpu  seed=2024  out=/Users/agentra/Documents/hao/working/paper-lab/hao-paper-2026/iotj-fedkan-ids/repo/results/lrsweep_toniot/lrsweep_kan8_lr0p0003__dir0.1__seed2024
[run] model=kan  params=3,280
  round   1/50: acc=0.4988  f1m=0.3350  uplink_kB=150.2  t=2.15s
  round   2/50: acc=0.5000  f1m=0.3333  uplink_kB=150.2  t=1.68s
  round   3/50: acc=0.5000  f1m=0.3333  uplink_kB=150.2  t=1.60s
  round   4/50: acc=0.5000  f1m=0.3333  uplink_kB=150.2  t=1.60s
  round   5/50: acc=0.5000  f1m=0.3333  uplink_kB=150.2  t=1.61s
  round   6/50: acc=0.5017  f1m=0.3374  uplink_kB=150.2  t=1.55s
  round   7/50: acc=0.5204  f1m=0.3790  uplink_kB=150.2  t=1.60s
  round   8/50: acc=0.5393  f1m=0.4199  uplink_kB=150.2  t=1.66s
  round   9/50: acc=0.5672  f1m=0.4785  uplink_kB=150.2  t=1.64s
  round  10/50: acc=0.5888  f1m=0.5179  uplink_kB=150.2  t=1.61s
  round  11/50: acc=0.5988  f1m=0.5372  uplink_kB=150.2  t=1.63s
  round  12/50: acc=0.6131  f1m=0.5599  uplink_kB=150.2  t=1.61s
  round  13/50: acc=0.6130  f1m=0.5601  uplink_kB=150.2  t=1.67s
  round  14/50: acc=0.6159  f1m=0.5664  uplink_kB=150.2  t=1.66s
  round  15/50: acc=0.6241  f1m=0.5795  uplink_kB=150.2  t=1.65s
  round  16/50: acc=0.6569  f1m=0.6253  uplink_kB=150.2  t=1.66s
  round  17/50: acc=0.6663  f1m=0.6394  uplink_kB=150.2  t=1.67s
  round  18/50: acc=0.6914  f1m=0.6719  uplink_kB=150.2  t=1.64s
  round  19/50: acc=0.7072  f1m=0.6916  uplink_kB=150.2  t=1.59s
  round  20/50: acc=0.7245  f1m=0.7130  uplink_kB=150.2  t=1.63s
  round  21/50: acc=0.7313  f1m=0.7219  uplink_kB=150.2  t=1.63s
  round  22/50: acc=0.7342  f1m=0.7252  uplink_kB=150.2  t=1.62s
  round  23/50: acc=0.7323  f1m=0.7242  uplink_kB=150.2  t=1.62s
  round  24/50: acc=0.7333  f1m=0.7264  uplink_kB=150.2  t=1.63s
  round  25/50: acc=0.7333  f1m=0.7267  uplink_kB=150.2  t=1.69s
  round  26/50: acc=0.7342  f1m=0.7279  uplink_kB=150.2  t=1.55s
  round  27/50: acc=0.7352  f1m=0.7293  uplink_kB=150.2  t=1.68s
  round  28/50: acc=0.7380  f1m=0.7325  uplink_kB=150.2  t=1.63s
  round  29/50: acc=0.7390  f1m=0.7337  uplink_kB=150.2  t=1.63s
  round  30/50: acc=0.7393  f1m=0.7342  uplink_kB=150.2  t=1.61s
  round  31/50: acc=0.7404  f1m=0.7353  uplink_kB=150.2  t=1.61s
  round  32/50: acc=0.7401  f1m=0.7353  uplink_kB=150.2  t=1.57s
  round  33/50: acc=0.7405  f1m=0.7361  uplink_kB=150.2  t=1.68s
  round  34/50: acc=0.7409  f1m=0.7366  uplink_kB=150.2  t=1.63s
  round  35/50: acc=0.7417  f1m=0.7375  uplink_kB=150.2  t=1.68s
  round  36/50: acc=0.7423  f1m=0.7381  uplink_kB=150.2  t=1.62s
  round  37/50: acc=0.7428  f1m=0.7387  uplink_kB=150.2  t=1.69s
  round  38/50: acc=0.7439  f1m=0.7399  uplink_kB=150.2  t=1.57s
  round  39/50: acc=0.7446  f1m=0.7406  uplink_kB=150.2  t=1.72s
  round  40/50: acc=0.7446  f1m=0.7407  uplink_kB=150.2  t=1.65s
  round  41/50: acc=0.7830  f1m=0.7815  uplink_kB=150.2  t=1.65s
  round  42/50: acc=0.7837  f1m=0.7822  uplink_kB=150.2  t=1.70s
  round  43/50: acc=0.7844  f1m=0.7830  uplink_kB=150.2  t=1.65s
  round  44/50: acc=0.7849  f1m=0.7835  uplink_kB=150.2  t=1.62s
  round  45/50: acc=0.7857  f1m=0.7844  uplink_kB=150.2  t=1.58s
  round  46/50: acc=0.7867  f1m=0.7854  uplink_kB=150.2  t=1.70s
  round  47/50: acc=0.7879  f1m=0.7867  uplink_kB=150.2  t=1.62s
  round  48/50: acc=0.8810  f1m=0.8810  uplink_kB=150.2  t=1.64s
  round  49/50: acc=0.8829  f1m=0.8829  uplink_kB=150.2  t=1.62s
  round  50/50: acc=0.8838  f1m=0.8837  uplink_kB=150.2  t=1.59s
[run] DONE -> /Users/agentra/Documents/hao/working/paper-lab/hao-paper-2026/iotj-fedkan-ids/repo/results/lrsweep_toniot/lrsweep_kan8_lr0p0003__dir0.1__seed2024/metrics.json  final_acc=0.8838
