[run] device=cpu  seed=17  out=/Users/agentra/Documents/hao/working/paper-lab/hao-paper-2026/iotj-fedkan-ids/repo/results/lrsweep_cseciic_mc50k/lrsweep_kan16_lr0p003__dir0.1__seed17
[run] model=kan  params=8,640
  round   1/50: acc=0.2579  f1m=0.1143  uplink_kB=363.3  t=3.60s
  round   2/50: acc=0.4146  f1m=0.1827  uplink_kB=363.3  t=3.06s
  round   3/50: acc=0.4953  f1m=0.2126  uplink_kB=363.3  t=3.02s
  round   4/50: acc=0.5008  f1m=0.2194  uplink_kB=363.3  t=3.00s
  round   5/50: acc=0.5280  f1m=0.2759  uplink_kB=363.3  t=3.11s
  round   6/50: acc=0.5579  f1m=0.3081  uplink_kB=363.3  t=2.98s
  round   7/50: acc=0.5781  f1m=0.3386  uplink_kB=363.3  t=3.11s
  round   8/50: acc=0.6388  f1m=0.3926  uplink_kB=363.3  t=3.10s
  round   9/50: acc=0.6559  f1m=0.4084  uplink_kB=363.3  t=3.04s
  round  10/50: acc=0.6466  f1m=0.3972  uplink_kB=363.3  t=3.09s
  round  11/50: acc=0.6509  f1m=0.3998  uplink_kB=363.3  t=2.98s
  round  12/50: acc=0.6540  f1m=0.4027  uplink_kB=363.3  t=3.07s
  round  13/50: acc=0.6647  f1m=0.4144  uplink_kB=363.3  t=2.96s
  round  14/50: acc=0.6650  f1m=0.4148  uplink_kB=363.3  t=3.03s
  round  15/50: acc=0.6861  f1m=0.4402  uplink_kB=363.3  t=2.99s
  round  16/50: acc=0.7303  f1m=0.4698  uplink_kB=363.3  t=3.06s
  round  17/50: acc=0.7532  f1m=0.4901  uplink_kB=363.3  t=3.01s
  round  18/50: acc=0.7534  f1m=0.5214  uplink_kB=363.3  t=3.05s
  round  19/50: acc=0.7537  f1m=0.5254  uplink_kB=363.3  t=3.01s
  round  20/50: acc=0.7541  f1m=0.5278  uplink_kB=363.3  t=3.05s
  round  21/50: acc=0.7547  f1m=0.5281  uplink_kB=363.3  t=2.99s
  round  22/50: acc=0.7535  f1m=0.5319  uplink_kB=363.3  t=3.07s
  round  23/50: acc=0.7562  f1m=0.5376  uplink_kB=363.3  t=3.03s
  round  24/50: acc=0.7644  f1m=0.5479  uplink_kB=363.3  t=2.99s
  round  25/50: acc=0.7668  f1m=0.5494  uplink_kB=363.3  t=3.02s
  round  26/50: acc=0.7694  f1m=0.5548  uplink_kB=363.3  t=3.04s
  round  27/50: acc=0.7711  f1m=0.5584  uplink_kB=363.3  t=3.07s
  round  28/50: acc=0.7837  f1m=0.5674  uplink_kB=363.3  t=2.99s
  round  29/50: acc=0.7993  f1m=0.5852  uplink_kB=363.3  t=3.20s
  round  30/50: acc=0.8058  f1m=0.5971  uplink_kB=363.3  t=3.05s
  round  31/50: acc=0.8071  f1m=0.6028  uplink_kB=363.3  t=3.15s
  round  32/50: acc=0.8109  f1m=0.6153  uplink_kB=363.3  t=3.05s
  round  33/50: acc=0.8120  f1m=0.6114  uplink_kB=363.3  t=2.96s
  round  34/50: acc=0.8176  f1m=0.6173  uplink_kB=363.3  t=3.64s
  round  35/50: acc=0.8177  f1m=0.6176  uplink_kB=363.3  t=3.09s
  round  36/50: acc=0.8175  f1m=0.6235  uplink_kB=363.3  t=3.01s
  round  37/50: acc=0.8175  f1m=0.6242  uplink_kB=363.3  t=3.22s
  round  38/50: acc=0.8173  f1m=0.6233  uplink_kB=363.3  t=3.20s
  round  39/50: acc=0.8208  f1m=0.6251  uplink_kB=363.3  t=3.20s
  round  40/50: acc=0.8299  f1m=0.6368  uplink_kB=363.3  t=3.36s
  round  41/50: acc=0.8362  f1m=0.6429  uplink_kB=363.3  t=3.15s
  round  42/50: acc=0.8360  f1m=0.6402  uplink_kB=363.3  t=3.20s
  round  43/50: acc=0.8415  f1m=0.6474  uplink_kB=363.3  t=3.22s
  round  44/50: acc=0.8339  f1m=0.6412  uplink_kB=363.3  t=3.28s
  round  45/50: acc=0.8445  f1m=0.6498  uplink_kB=363.3  t=3.19s
  round  46/50: acc=0.8465  f1m=0.6485  uplink_kB=363.3  t=3.37s
  round  47/50: acc=0.8396  f1m=0.6469  uplink_kB=363.3  t=3.31s
  round  48/50: acc=0.8469  f1m=0.6593  uplink_kB=363.3  t=3.29s
  round  49/50: acc=0.8451  f1m=0.6586  uplink_kB=363.3  t=3.17s
  round  50/50: acc=0.8444  f1m=0.6564  uplink_kB=363.3  t=3.22s
[run] DONE -> /Users/agentra/Documents/hao/working/paper-lab/hao-paper-2026/iotj-fedkan-ids/repo/results/lrsweep_cseciic_mc50k/lrsweep_kan16_lr0p003__dir0.1__seed17/metrics.json  final_acc=0.8444
