[run] device=cpu  seed=2026  out=/Users/agentra/Documents/hao/working/paper-lab/hao-paper-2026/iotj-fedkan-ids/repo/results/lrsweep_toniot/lrsweep_kan16_lr0p1__dir0.1__seed2026
[run] model=kan  params=6,560
  round   1/50: acc=0.7571  f1m=0.7520  uplink_kB=282.0  t=2.43s
  round   2/50: acc=0.7282  f1m=0.7258  uplink_kB=282.0  t=1.84s
  round   3/50: acc=0.5672  f1m=0.4698  uplink_kB=282.0  t=1.88s
  round   4/50: acc=0.7096  f1m=0.7010  uplink_kB=282.0  t=1.87s
  round   5/50: acc=0.4999  f1m=0.3333  uplink_kB=282.0  t=1.87s
  round   6/50: acc=0.7538  f1m=0.7524  uplink_kB=282.0  t=1.86s
  round   7/50: acc=0.7956  f1m=0.7946  uplink_kB=282.0  t=1.90s
  round   8/50: acc=0.8060  f1m=0.8046  uplink_kB=282.0  t=1.89s
  round   9/50: acc=0.4703  f1m=0.3998  uplink_kB=282.0  t=1.86s
  round  10/50: acc=0.5003  f1m=0.3340  uplink_kB=282.0  t=1.89s
  round  11/50: acc=0.5490  f1m=0.4893  uplink_kB=282.0  t=1.77s
  round  12/50: acc=0.3217  f1m=0.3018  uplink_kB=282.0  t=1.89s
  round  13/50: acc=0.5665  f1m=0.5638  uplink_kB=282.0  t=1.88s
  round  14/50: acc=0.5000  f1m=0.3333  uplink_kB=282.0  t=1.88s
  round  15/50: acc=0.6604  f1m=0.6374  uplink_kB=282.0  t=1.88s
  round  16/50: acc=0.7624  f1m=0.7493  uplink_kB=282.0  t=1.89s
  round  17/50: acc=0.5010  f1m=0.3361  uplink_kB=282.0  t=1.88s
  round  18/50: acc=0.5030  f1m=0.3401  uplink_kB=282.0  t=1.78s
  round  19/50: acc=0.7630  f1m=0.7500  uplink_kB=282.0  t=1.85s
  round  20/50: acc=0.7251  f1m=0.7225  uplink_kB=282.0  t=1.91s
  round  21/50: acc=0.7539  f1m=0.7429  uplink_kB=282.0  t=1.87s
  round  22/50: acc=0.8379  f1m=0.8373  uplink_kB=282.0  t=1.86s
  round  23/50: acc=0.5248  f1m=0.3872  uplink_kB=282.0  t=1.86s
  round  24/50: acc=0.6867  f1m=0.6859  uplink_kB=282.0  t=1.84s
  round  25/50: acc=0.5004  f1m=0.3343  uplink_kB=282.0  t=1.79s
  round  26/50: acc=0.5000  f1m=0.3333  uplink_kB=282.0  t=1.87s
  round  27/50: acc=0.5002  f1m=0.3342  uplink_kB=282.0  t=1.88s
  round  28/50: acc=0.5124  f1m=0.3612  uplink_kB=282.0  t=1.87s
  round  29/50: acc=0.5029  f1m=0.3403  uplink_kB=282.0  t=1.85s
  round  30/50: acc=0.7275  f1m=0.7252  uplink_kB=282.0  t=1.79s
  round  31/50: acc=0.6535  f1m=0.6337  uplink_kB=282.0  t=1.90s
  round  32/50: acc=0.7082  f1m=0.7036  uplink_kB=282.0  t=1.89s
  round  33/50: acc=0.5973  f1m=0.5400  uplink_kB=282.0  t=1.90s
  round  34/50: acc=0.7263  f1m=0.7236  uplink_kB=282.0  t=1.89s
  round  35/50: acc=0.6187  f1m=0.5772  uplink_kB=282.0  t=1.91s
  round  36/50: acc=0.7251  f1m=0.7237  uplink_kB=282.0  t=1.83s
  round  37/50: acc=0.7151  f1m=0.7139  uplink_kB=282.0  t=1.88s
  round  38/50: acc=0.7462  f1m=0.7461  uplink_kB=282.0  t=1.88s
  round  39/50: acc=0.7358  f1m=0.7307  uplink_kB=282.0  t=1.90s
  round  40/50: acc=0.7258  f1m=0.7241  uplink_kB=282.0  t=1.90s
  round  41/50: acc=0.6704  f1m=0.6522  uplink_kB=282.0  t=1.88s
  round  42/50: acc=0.7187  f1m=0.7171  uplink_kB=282.0  t=1.90s
  round  43/50: acc=0.7194  f1m=0.7176  uplink_kB=282.0  t=1.86s
  round  44/50: acc=0.6927  f1m=0.6861  uplink_kB=282.0  t=1.81s
  round  45/50: acc=0.6397  f1m=0.6016  uplink_kB=282.0  t=1.86s
  round  46/50: acc=0.7096  f1m=0.7067  uplink_kB=282.0  t=1.86s
  round  47/50: acc=0.6752  f1m=0.6751  uplink_kB=282.0  t=1.89s
  round  48/50: acc=0.7234  f1m=0.7228  uplink_kB=282.0  t=1.90s
  round  49/50: acc=0.6999  f1m=0.6958  uplink_kB=282.0  t=1.90s
  round  50/50: acc=0.6515  f1m=0.6400  uplink_kB=282.0  t=1.78s
[run] DONE -> /Users/agentra/Documents/hao/working/paper-lab/hao-paper-2026/iotj-fedkan-ids/repo/results/lrsweep_toniot/lrsweep_kan16_lr0p1__dir0.1__seed2026/metrics.json  final_acc=0.6515
