[run] device=cpu  seed=29  out=/Users/agentra/Documents/hao/working/paper-lab/hao-paper-2026/iotj-fedkan-ids/repo/results/lrsweep_cseciic_mc/lrsweep_mlp32_lr0p001__dir0.1__seed29
[run] model=mlp  params=1,775
  round   1/50: acc=0.2396  f1m=0.0519  uplink_kB=69.3  t=2.64s
  round   2/50: acc=0.2354  f1m=0.0516  uplink_kB=69.3  t=2.10s
  round   3/50: acc=0.3345  f1m=0.1014  uplink_kB=69.3  t=2.12s
  round   4/50: acc=0.3963  f1m=0.1157  uplink_kB=69.3  t=2.18s
  round   5/50: acc=0.3978  f1m=0.1228  uplink_kB=69.3  t=2.13s
  round   6/50: acc=0.4020  f1m=0.1344  uplink_kB=69.3  t=2.07s
  round   7/50: acc=0.4070  f1m=0.1421  uplink_kB=69.3  t=2.07s
  round   8/50: acc=0.4120  f1m=0.1467  uplink_kB=69.3  t=2.16s
  round   9/50: acc=0.4158  f1m=0.1497  uplink_kB=69.3  t=2.11s
  round  10/50: acc=0.4187  f1m=0.1519  uplink_kB=69.3  t=2.09s
  round  11/50: acc=0.4518  f1m=0.2128  uplink_kB=69.3  t=2.13s
  round  12/50: acc=0.4526  f1m=0.2113  uplink_kB=69.3  t=2.10s
  round  13/50: acc=0.4559  f1m=0.2140  uplink_kB=69.3  t=2.06s
  round  14/50: acc=0.4584  f1m=0.2162  uplink_kB=69.3  t=2.16s
  round  15/50: acc=0.4597  f1m=0.2172  uplink_kB=69.3  t=2.12s
  round  16/50: acc=0.4614  f1m=0.2185  uplink_kB=69.3  t=2.08s
  round  17/50: acc=0.4624  f1m=0.2194  uplink_kB=69.3  t=2.20s
  round  18/50: acc=0.4643  f1m=0.2275  uplink_kB=69.3  t=2.13s
  round  19/50: acc=0.4928  f1m=0.3253  uplink_kB=69.3  t=2.21s
  round  20/50: acc=0.4930  f1m=0.3267  uplink_kB=69.3  t=2.13s
  round  21/50: acc=0.4936  f1m=0.3277  uplink_kB=69.3  t=2.10s
  round  22/50: acc=0.4946  f1m=0.3293  uplink_kB=69.3  t=2.15s
  round  23/50: acc=0.4972  f1m=0.3328  uplink_kB=69.3  t=2.22s
  round  24/50: acc=0.5041  f1m=0.3382  uplink_kB=69.3  t=2.13s
  round  25/50: acc=0.5063  f1m=0.3399  uplink_kB=69.3  t=2.16s
  round  26/50: acc=0.5085  f1m=0.3416  uplink_kB=69.3  t=2.17s
  round  27/50: acc=0.5094  f1m=0.3424  uplink_kB=69.3  t=2.32s
  round  28/50: acc=0.5097  f1m=0.3427  uplink_kB=69.3  t=2.14s
  round  29/50: acc=0.5120  f1m=0.3444  uplink_kB=69.3  t=2.05s
  round  30/50: acc=0.5169  f1m=0.3482  uplink_kB=69.3  t=2.11s
  round  31/50: acc=0.5409  f1m=0.3653  uplink_kB=69.3  t=2.13s
  round  32/50: acc=0.5818  f1m=0.3890  uplink_kB=69.3  t=2.10s
  round  33/50: acc=0.6065  f1m=0.4012  uplink_kB=69.3  t=2.06s
  round  34/50: acc=0.6081  f1m=0.4034  uplink_kB=69.3  t=2.07s
  round  35/50: acc=0.6095  f1m=0.4046  uplink_kB=69.3  t=2.11s
  round  36/50: acc=0.6160  f1m=0.4120  uplink_kB=69.3  t=2.10s
  round  37/50: acc=0.6143  f1m=0.4092  uplink_kB=69.3  t=2.09s
  round  38/50: acc=0.6147  f1m=0.4093  uplink_kB=69.3  t=2.08s
  round  39/50: acc=0.6150  f1m=0.4096  uplink_kB=69.3  t=2.11s
  round  40/50: acc=0.6151  f1m=0.4094  uplink_kB=69.3  t=2.08s
  round  41/50: acc=0.6152  f1m=0.4097  uplink_kB=69.3  t=2.05s
  round  42/50: acc=0.6148  f1m=0.4094  uplink_kB=69.3  t=2.13s
  round  43/50: acc=0.6150  f1m=0.4094  uplink_kB=69.3  t=2.16s
  round  44/50: acc=0.6153  f1m=0.4099  uplink_kB=69.3  t=2.19s
  round  45/50: acc=0.6152  f1m=0.4097  uplink_kB=69.3  t=2.25s
  round  46/50: acc=0.6274  f1m=0.4150  uplink_kB=69.3  t=2.11s
  round  47/50: acc=0.6283  f1m=0.4156  uplink_kB=69.3  t=2.12s
  round  48/50: acc=0.6279  f1m=0.4153  uplink_kB=69.3  t=2.12s
  round  49/50: acc=0.6285  f1m=0.4158  uplink_kB=69.3  t=2.13s
  round  50/50: acc=0.6289  f1m=0.4166  uplink_kB=69.3  t=2.19s
[run] DONE -> /Users/agentra/Documents/hao/working/paper-lab/hao-paper-2026/iotj-fedkan-ids/repo/results/lrsweep_cseciic_mc/lrsweep_mlp32_lr0p001__dir0.1__seed29/metrics.json  final_acc=0.6289
