[run] device=cpu  seed=17  out=/Users/agentra/Documents/hao/working/paper-lab/hao-paper-2026/iotj-fedkan-ids/repo/results/lrsweep_botiot/lrsweep_kan8_lr0p03__dir0.1__seed17
[run] model=kan  params=3,280
  round   1/50: acc=0.9690  f1m=0.9690  uplink_kB=150.2  t=2.26s
  round   2/50: acc=0.9720  f1m=0.9719  uplink_kB=150.2  t=1.68s
  round   3/50: acc=0.9731  f1m=0.9730  uplink_kB=150.2  t=1.63s
  round   4/50: acc=0.9740  f1m=0.9740  uplink_kB=150.2  t=1.67s
  round   5/50: acc=0.9743  f1m=0.9743  uplink_kB=150.2  t=1.62s
  round   6/50: acc=0.9736  f1m=0.9736  uplink_kB=150.2  t=1.70s
  round   7/50: acc=0.9741  f1m=0.9741  uplink_kB=150.2  t=1.63s
  round   8/50: acc=0.9357  f1m=0.9355  uplink_kB=150.2  t=1.62s
  round   9/50: acc=0.9727  f1m=0.9727  uplink_kB=150.2  t=1.78s
  round  10/50: acc=0.9971  f1m=0.9971  uplink_kB=150.2  t=1.64s
  round  11/50: acc=0.9971  f1m=0.9971  uplink_kB=150.2  t=1.68s
  round  12/50: acc=0.9964  f1m=0.9964  uplink_kB=150.2  t=1.59s
  round  13/50: acc=0.9966  f1m=0.9966  uplink_kB=150.2  t=1.58s
  round  14/50: acc=0.9965  f1m=0.9965  uplink_kB=150.2  t=1.69s
  round  15/50: acc=0.9964  f1m=0.9964  uplink_kB=150.2  t=1.67s
  round  16/50: acc=0.9726  f1m=0.9726  uplink_kB=150.2  t=1.74s
  round  17/50: acc=0.9970  f1m=0.9970  uplink_kB=150.2  t=1.65s
  round  18/50: acc=0.9721  f1m=0.9721  uplink_kB=150.2  t=1.63s
  round  19/50: acc=0.9975  f1m=0.9975  uplink_kB=150.2  t=1.65s
  round  20/50: acc=0.9971  f1m=0.9971  uplink_kB=150.2  t=1.63s
  round  21/50: acc=0.9964  f1m=0.9964  uplink_kB=150.2  t=1.65s
  round  22/50: acc=0.9966  f1m=0.9966  uplink_kB=150.2  t=1.65s
  round  23/50: acc=0.9969  f1m=0.9969  uplink_kB=150.2  t=1.67s
  round  24/50: acc=0.9973  f1m=0.9973  uplink_kB=150.2  t=1.67s
  round  25/50: acc=0.9965  f1m=0.9965  uplink_kB=150.2  t=1.60s
  round  26/50: acc=0.9975  f1m=0.9975  uplink_kB=150.2  t=1.68s
  round  27/50: acc=0.9752  f1m=0.9751  uplink_kB=150.2  t=1.68s
  round  28/50: acc=0.9970  f1m=0.9970  uplink_kB=150.2  t=1.71s
  round  29/50: acc=0.9970  f1m=0.9970  uplink_kB=150.2  t=1.70s
  round  30/50: acc=0.9974  f1m=0.9974  uplink_kB=150.2  t=1.64s
  round  31/50: acc=0.9972  f1m=0.9972  uplink_kB=150.2  t=1.67s
  round  32/50: acc=0.9976  f1m=0.9976  uplink_kB=150.2  t=1.65s
  round  33/50: acc=0.9976  f1m=0.9976  uplink_kB=150.2  t=1.65s
  round  34/50: acc=0.9972  f1m=0.9972  uplink_kB=150.2  t=1.65s
  round  35/50: acc=0.9978  f1m=0.9978  uplink_kB=150.2  t=1.73s
  round  36/50: acc=0.9975  f1m=0.9975  uplink_kB=150.2  t=1.67s
  round  37/50: acc=0.9975  f1m=0.9975  uplink_kB=150.2  t=1.75s
  round  38/50: acc=0.9973  f1m=0.9973  uplink_kB=150.2  t=1.68s
  round  39/50: acc=0.9976  f1m=0.9976  uplink_kB=150.2  t=1.57s
  round  40/50: acc=0.9976  f1m=0.9976  uplink_kB=150.2  t=1.62s
  round  41/50: acc=0.9976  f1m=0.9976  uplink_kB=150.2  t=1.64s
  round  42/50: acc=0.9976  f1m=0.9976  uplink_kB=150.2  t=1.63s
  round  43/50: acc=0.9976  f1m=0.9976  uplink_kB=150.2  t=1.65s
  round  44/50: acc=0.9982  f1m=0.9982  uplink_kB=150.2  t=1.63s
  round  45/50: acc=0.9976  f1m=0.9976  uplink_kB=150.2  t=1.61s
  round  46/50: acc=0.9977  f1m=0.9977  uplink_kB=150.2  t=1.60s
  round  47/50: acc=0.9977  f1m=0.9977  uplink_kB=150.2  t=1.59s
  round  48/50: acc=0.9976  f1m=0.9976  uplink_kB=150.2  t=1.66s
  round  49/50: acc=0.9988  f1m=0.9988  uplink_kB=150.2  t=1.66s
  round  50/50: acc=0.9977  f1m=0.9977  uplink_kB=150.2  t=1.44s
[run] DONE -> /Users/agentra/Documents/hao/working/paper-lab/hao-paper-2026/iotj-fedkan-ids/repo/results/lrsweep_botiot/lrsweep_kan8_lr0p03__dir0.1__seed17/metrics.json  final_acc=0.9977
