[run] device=cpu  seed=43  out=/Users/agentra/Documents/hao/working/paper-lab/hao-paper-2026/iotj-fedkan-ids/repo/results/lrsweep_cseciic_mc50k/lrsweep_mlp80_lr0p0003__dir0.1__seed43
[run] model=mlp  params=4,415
  round   1/50: acc=0.1428  f1m=0.0370  uplink_kB=172.5  t=1.62s
  round   2/50: acc=0.1921  f1m=0.0669  uplink_kB=172.5  t=1.04s
  round   3/50: acc=0.1873  f1m=0.0537  uplink_kB=172.5  t=1.04s
  round   4/50: acc=0.1840  f1m=0.0492  uplink_kB=172.5  t=1.00s
  round   5/50: acc=0.1838  f1m=0.0490  uplink_kB=172.5  t=1.10s
  round   6/50: acc=0.1847  f1m=0.0505  uplink_kB=172.5  t=1.06s
  round   7/50: acc=0.2324  f1m=0.0968  uplink_kB=172.5  t=1.28s
  round   8/50: acc=0.2547  f1m=0.1167  uplink_kB=172.5  t=1.00s
  round   9/50: acc=0.2550  f1m=0.1101  uplink_kB=172.5  t=1.03s
  round  10/50: acc=0.2566  f1m=0.0992  uplink_kB=172.5  t=1.02s
  round  11/50: acc=0.2587  f1m=0.1037  uplink_kB=172.5  t=1.02s
  round  12/50: acc=0.2612  f1m=0.1057  uplink_kB=172.5  t=0.99s
  round  13/50: acc=0.2411  f1m=0.0840  uplink_kB=172.5  t=1.08s
  round  14/50: acc=0.2411  f1m=0.0840  uplink_kB=172.5  t=1.55s
  round  15/50: acc=0.2412  f1m=0.0841  uplink_kB=172.5  t=1.19s
  round  16/50: acc=0.2415  f1m=0.0841  uplink_kB=172.5  t=1.12s
  round  17/50: acc=0.2428  f1m=0.0874  uplink_kB=172.5  t=1.17s
  round  18/50: acc=0.2906  f1m=0.1142  uplink_kB=172.5  t=1.00s
  round  19/50: acc=0.3258  f1m=0.1282  uplink_kB=172.5  t=1.06s
  round  20/50: acc=0.3520  f1m=0.1377  uplink_kB=172.5  t=1.02s
  round  21/50: acc=0.3607  f1m=0.1407  uplink_kB=172.5  t=1.04s
  round  22/50: acc=0.3657  f1m=0.1425  uplink_kB=172.5  t=1.06s
  round  23/50: acc=0.3668  f1m=0.1430  uplink_kB=172.5  t=1.13s
  round  24/50: acc=0.3677  f1m=0.1436  uplink_kB=172.5  t=1.12s
  round  25/50: acc=0.3706  f1m=0.1463  uplink_kB=172.5  t=1.14s
  round  26/50: acc=0.3742  f1m=0.1487  uplink_kB=172.5  t=0.99s
  round  27/50: acc=0.3825  f1m=0.1557  uplink_kB=172.5  t=1.11s
  round  28/50: acc=0.4758  f1m=0.2135  uplink_kB=172.5  t=1.00s
  round  29/50: acc=0.4948  f1m=0.2235  uplink_kB=172.5  t=1.13s
  round  30/50: acc=0.4982  f1m=0.2256  uplink_kB=172.5  t=1.10s
  round  31/50: acc=0.4963  f1m=0.2243  uplink_kB=172.5  t=1.12s
  round  32/50: acc=0.5057  f1m=0.2304  uplink_kB=172.5  t=1.05s
  round  33/50: acc=0.5108  f1m=0.2335  uplink_kB=172.5  t=1.10s
  round  34/50: acc=0.5114  f1m=0.2339  uplink_kB=172.5  t=1.06s
  round  35/50: acc=0.5123  f1m=0.2345  uplink_kB=172.5  t=1.06s
  round  36/50: acc=0.5132  f1m=0.2353  uplink_kB=172.5  t=1.08s
  round  37/50: acc=0.5154  f1m=0.2366  uplink_kB=172.5  t=1.04s
  round  38/50: acc=0.5171  f1m=0.2376  uplink_kB=172.5  t=1.08s
  round  39/50: acc=0.5176  f1m=0.2378  uplink_kB=172.5  t=1.03s
  round  40/50: acc=0.5227  f1m=0.2403  uplink_kB=172.5  t=1.11s
  round  41/50: acc=0.5612  f1m=0.2880  uplink_kB=172.5  t=1.01s
  round  42/50: acc=0.5642  f1m=0.2908  uplink_kB=172.5  t=1.08s
  round  43/50: acc=0.5673  f1m=0.2929  uplink_kB=172.5  t=1.06s
  round  44/50: acc=0.5683  f1m=0.2935  uplink_kB=172.5  t=1.12s
  round  45/50: acc=0.5692  f1m=0.2940  uplink_kB=172.5  t=1.04s
  round  46/50: acc=0.5718  f1m=0.2954  uplink_kB=172.5  t=1.09s
  round  47/50: acc=0.5723  f1m=0.2958  uplink_kB=172.5  t=1.06s
  round  48/50: acc=0.5730  f1m=0.2962  uplink_kB=172.5  t=1.10s
  round  49/50: acc=0.5795  f1m=0.3585  uplink_kB=172.5  t=1.05s
  round  50/50: acc=0.5796  f1m=0.3591  uplink_kB=172.5  t=1.07s
[run] DONE -> /Users/agentra/Documents/hao/working/paper-lab/hao-paper-2026/iotj-fedkan-ids/repo/results/lrsweep_cseciic_mc50k/lrsweep_mlp80_lr0p0003__dir0.1__seed43/metrics.json  final_acc=0.5796
