[run] device=cpu  seed=43  out=/Users/agentra/Documents/hao/working/paper-lab/hao-paper-2026/iotj-fedkan-ids/repo/results/mc_toniot/mc_kan8_lr0p01__dir0.1__seed43
[run] model=kan  params=3,920
  round   1/50: acc=0.2283  f1m=0.0720  uplink_kB=175.2  t=3.45s
  round   2/50: acc=0.2956  f1m=0.1383  uplink_kB=175.2  t=2.90s
  round   3/50: acc=0.3973  f1m=0.2596  uplink_kB=175.2  t=2.89s
  round   4/50: acc=0.4997  f1m=0.4678  uplink_kB=175.2  t=2.82s
  round   5/50: acc=0.5118  f1m=0.4908  uplink_kB=175.2  t=2.83s
  round   6/50: acc=0.5915  f1m=0.5419  uplink_kB=175.2  t=2.79s
  round   7/50: acc=0.6752  f1m=0.6149  uplink_kB=175.2  t=2.83s
  round   8/50: acc=0.6985  f1m=0.6398  uplink_kB=175.2  t=2.81s
  round   9/50: acc=0.6902  f1m=0.6262  uplink_kB=175.2  t=2.87s
  round  10/50: acc=0.7012  f1m=0.6416  uplink_kB=175.2  t=2.80s
  round  11/50: acc=0.7154  f1m=0.6650  uplink_kB=175.2  t=2.86s
  round  12/50: acc=0.7309  f1m=0.6888  uplink_kB=175.2  t=2.79s
  round  13/50: acc=0.7378  f1m=0.7061  uplink_kB=175.2  t=2.85s
  round  14/50: acc=0.7564  f1m=0.7294  uplink_kB=175.2  t=2.84s
  round  15/50: acc=0.7735  f1m=0.7494  uplink_kB=175.2  t=2.85s
  round  16/50: acc=0.7614  f1m=0.7447  uplink_kB=175.2  t=2.93s
  round  17/50: acc=0.7056  f1m=0.6904  uplink_kB=175.2  t=2.79s
  round  18/50: acc=0.6833  f1m=0.6682  uplink_kB=175.2  t=2.81s
  round  19/50: acc=0.7055  f1m=0.6843  uplink_kB=175.2  t=2.79s
  round  20/50: acc=0.7826  f1m=0.7604  uplink_kB=175.2  t=2.82s
  round  21/50: acc=0.7111  f1m=0.6914  uplink_kB=175.2  t=2.83s
  round  22/50: acc=0.8077  f1m=0.7845  uplink_kB=175.2  t=2.87s
  round  23/50: acc=0.8065  f1m=0.7875  uplink_kB=175.2  t=2.81s
  round  24/50: acc=0.6942  f1m=0.6720  uplink_kB=175.2  t=2.86s
  round  25/50: acc=0.8097  f1m=0.7881  uplink_kB=175.2  t=2.84s
  round  26/50: acc=0.6971  f1m=0.6765  uplink_kB=175.2  t=2.83s
  round  27/50: acc=0.8068  f1m=0.7866  uplink_kB=175.2  t=2.81s
  round  28/50: acc=0.7311  f1m=0.7114  uplink_kB=175.2  t=2.78s
  round  29/50: acc=0.7302  f1m=0.7082  uplink_kB=175.2  t=2.86s
  round  30/50: acc=0.7321  f1m=0.7117  uplink_kB=175.2  t=2.75s
  round  31/50: acc=0.6988  f1m=0.6897  uplink_kB=175.2  t=2.84s
  round  32/50: acc=0.7389  f1m=0.7186  uplink_kB=175.2  t=2.89s
  round  33/50: acc=0.7157  f1m=0.6980  uplink_kB=175.2  t=2.76s
  round  34/50: acc=0.7417  f1m=0.7212  uplink_kB=175.2  t=2.79s
  round  35/50: acc=0.7378  f1m=0.7174  uplink_kB=175.2  t=2.78s
  round  36/50: acc=0.7035  f1m=0.6864  uplink_kB=175.2  t=2.71s
  round  37/50: acc=0.7658  f1m=0.7484  uplink_kB=175.2  t=2.76s
  round  38/50: acc=0.7228  f1m=0.7058  uplink_kB=175.2  t=2.81s
  round  39/50: acc=0.7456  f1m=0.7232  uplink_kB=175.2  t=2.80s
  round  40/50: acc=0.7474  f1m=0.7320  uplink_kB=175.2  t=2.78s
  round  41/50: acc=0.7379  f1m=0.7184  uplink_kB=175.2  t=2.81s
  round  42/50: acc=0.7424  f1m=0.7243  uplink_kB=175.2  t=2.82s
  round  43/50: acc=0.7413  f1m=0.7181  uplink_kB=175.2  t=2.77s
  round  44/50: acc=0.7818  f1m=0.7702  uplink_kB=175.2  t=2.87s
  round  45/50: acc=0.7514  f1m=0.7311  uplink_kB=175.2  t=2.78s
  round  46/50: acc=0.7742  f1m=0.7610  uplink_kB=175.2  t=2.85s
  round  47/50: acc=0.7340  f1m=0.7155  uplink_kB=175.2  t=2.84s
  round  48/50: acc=0.7600  f1m=0.7475  uplink_kB=175.2  t=2.84s
  round  49/50: acc=0.7484  f1m=0.7306  uplink_kB=175.2  t=2.83s
  round  50/50: acc=0.7664  f1m=0.7465  uplink_kB=175.2  t=2.82s
[run] DONE -> /Users/agentra/Documents/hao/working/paper-lab/hao-paper-2026/iotj-fedkan-ids/repo/results/mc_toniot/mc_kan8_lr0p01__dir0.1__seed43/metrics.json  final_acc=0.7664
