[run] device=cpu  seed=42  out=/Users/agentra/Documents/hao/working/paper-lab/hao-paper-2026/iotj-fedkan-ids/repo/results/lrsweep_cseciic/lrsweep_mlp32_lr0p001__dir0.1__seed42
[run] model=mlp  params=1,346
  round   1/50: acc=0.5000  f1m=0.3333  uplink_kB=52.6  t=1.36s
  round   2/50: acc=0.5000  f1m=0.3333  uplink_kB=52.6  t=0.70s
  round   3/50: acc=0.5000  f1m=0.3333  uplink_kB=52.6  t=0.69s
  round   4/50: acc=0.5000  f1m=0.3333  uplink_kB=52.6  t=0.70s
  round   5/50: acc=0.5000  f1m=0.3333  uplink_kB=52.6  t=0.77s
  round   6/50: acc=0.5000  f1m=0.3333  uplink_kB=52.6  t=0.63s
  round   7/50: acc=0.5000  f1m=0.3333  uplink_kB=52.6  t=0.70s
  round   8/50: acc=0.5000  f1m=0.3333  uplink_kB=52.6  t=0.69s
  round   9/50: acc=0.5000  f1m=0.3333  uplink_kB=52.6  t=0.65s
  round  10/50: acc=0.5000  f1m=0.3333  uplink_kB=52.6  t=0.87s
  round  11/50: acc=0.5000  f1m=0.3333  uplink_kB=52.6  t=0.72s
  round  12/50: acc=0.5000  f1m=0.3333  uplink_kB=52.6  t=0.68s
  round  13/50: acc=0.5000  f1m=0.3333  uplink_kB=52.6  t=0.65s
  round  14/50: acc=0.5000  f1m=0.3333  uplink_kB=52.6  t=0.72s
  round  15/50: acc=0.5000  f1m=0.3333  uplink_kB=52.6  t=0.67s
  round  16/50: acc=0.5000  f1m=0.3333  uplink_kB=52.6  t=0.67s
  round  17/50: acc=0.5000  f1m=0.3333  uplink_kB=52.6  t=0.74s
  round  18/50: acc=0.5000  f1m=0.3333  uplink_kB=52.6  t=0.62s
  round  19/50: acc=0.5000  f1m=0.3333  uplink_kB=52.6  t=0.69s
  round  20/50: acc=0.5000  f1m=0.3333  uplink_kB=52.6  t=0.64s
  round  21/50: acc=0.5000  f1m=0.3333  uplink_kB=52.6  t=0.68s
  round  22/50: acc=0.5000  f1m=0.3333  uplink_kB=52.6  t=0.67s
  round  23/50: acc=0.5000  f1m=0.3333  uplink_kB=52.6  t=0.65s
  round  24/50: acc=0.5000  f1m=0.3333  uplink_kB=52.6  t=0.68s
  round  25/50: acc=0.5000  f1m=0.3333  uplink_kB=52.6  t=0.68s
  round  26/50: acc=0.5000  f1m=0.3333  uplink_kB=52.6  t=0.63s
  round  27/50: acc=0.5000  f1m=0.3333  uplink_kB=52.6  t=0.68s
  round  28/50: acc=0.5000  f1m=0.3333  uplink_kB=52.6  t=0.70s
  round  29/50: acc=0.5000  f1m=0.3333  uplink_kB=52.6  t=0.72s
  round  30/50: acc=0.5000  f1m=0.3333  uplink_kB=52.6  t=0.68s
  round  31/50: acc=0.5000  f1m=0.3333  uplink_kB=52.6  t=0.66s
  round  32/50: acc=0.5001  f1m=0.3335  uplink_kB=52.6  t=0.63s
  round  33/50: acc=0.5003  f1m=0.3340  uplink_kB=52.6  t=0.72s
  round  34/50: acc=0.5008  f1m=0.3350  uplink_kB=52.6  t=0.75s
  round  35/50: acc=0.5009  f1m=0.3354  uplink_kB=52.6  t=0.70s
  round  36/50: acc=0.5010  f1m=0.3356  uplink_kB=52.6  t=0.71s
  round  37/50: acc=0.5011  f1m=0.3357  uplink_kB=52.6  t=0.69s
  round  38/50: acc=0.5014  f1m=0.3365  uplink_kB=52.6  t=0.67s
  round  39/50: acc=0.5018  f1m=0.3373  uplink_kB=52.6  t=0.69s
  round  40/50: acc=0.5143  f1m=0.3643  uplink_kB=52.6  t=0.64s
  round  41/50: acc=0.5292  f1m=0.3951  uplink_kB=52.6  t=0.69s
  round  42/50: acc=0.5340  f1m=0.4047  uplink_kB=52.6  t=0.66s
  round  43/50: acc=0.5561  f1m=0.4473  uplink_kB=52.6  t=0.67s
  round  44/50: acc=0.5585  f1m=0.4517  uplink_kB=52.6  t=0.63s
  round  45/50: acc=0.5641  f1m=0.4620  uplink_kB=52.6  t=0.61s
  round  46/50: acc=0.5645  f1m=0.4627  uplink_kB=52.6  t=0.69s
  round  47/50: acc=0.5722  f1m=0.4764  uplink_kB=52.6  t=0.69s
  round  48/50: acc=0.5754  f1m=0.4820  uplink_kB=52.6  t=0.66s
  round  49/50: acc=0.5819  f1m=0.4935  uplink_kB=52.6  t=0.67s
  round  50/50: acc=0.5902  f1m=0.5075  uplink_kB=52.6  t=0.68s
[run] DONE -> /Users/agentra/Documents/hao/working/paper-lab/hao-paper-2026/iotj-fedkan-ids/repo/results/lrsweep_cseciic/lrsweep_mlp32_lr0p001__dir0.1__seed42/metrics.json  final_acc=0.5902
