[run] device=cpu  seed=2024  out=/Users/agentra/Documents/hao/working/paper-lab/hao-paper-2026/iotj-fedkan-ids/repo/results/mc_toniot/mc_mlp32_lr0p01__dir0.1__seed2024
[run] model=mlp  params=1,610
  round   1/50: acc=0.3326  f1m=0.1602  uplink_kB=62.9  t=1.85s
  round   2/50: acc=0.4136  f1m=0.2674  uplink_kB=62.9  t=1.20s
  round   3/50: acc=0.4271  f1m=0.2797  uplink_kB=62.9  t=1.14s
  round   4/50: acc=0.4653  f1m=0.3204  uplink_kB=62.9  t=1.20s
  round   5/50: acc=0.5222  f1m=0.3578  uplink_kB=62.9  t=1.11s
  round   6/50: acc=0.5333  f1m=0.3658  uplink_kB=62.9  t=1.22s
  round   7/50: acc=0.5312  f1m=0.3680  uplink_kB=62.9  t=1.20s
  round   8/50: acc=0.5363  f1m=0.3684  uplink_kB=62.9  t=1.20s
  round   9/50: acc=0.5398  f1m=0.3732  uplink_kB=62.9  t=1.21s
  round  10/50: acc=0.5780  f1m=0.4182  uplink_kB=62.9  t=1.19s
  round  11/50: acc=0.5853  f1m=0.4253  uplink_kB=62.9  t=1.15s
  round  12/50: acc=0.5882  f1m=0.4342  uplink_kB=62.9  t=1.19s
  round  13/50: acc=0.5983  f1m=0.4471  uplink_kB=62.9  t=1.17s
  round  14/50: acc=0.6087  f1m=0.4565  uplink_kB=62.9  t=1.20s
  round  15/50: acc=0.6139  f1m=0.4658  uplink_kB=62.9  t=1.24s
  round  16/50: acc=0.6081  f1m=0.4545  uplink_kB=62.9  t=1.17s
  round  17/50: acc=0.5975  f1m=0.4508  uplink_kB=62.9  t=1.19s
  round  18/50: acc=0.6102  f1m=0.4596  uplink_kB=62.9  t=1.17s
  round  19/50: acc=0.6390  f1m=0.4917  uplink_kB=62.9  t=1.18s
  round  20/50: acc=0.6387  f1m=0.5008  uplink_kB=62.9  t=1.20s
  round  21/50: acc=0.6439  f1m=0.5035  uplink_kB=62.9  t=1.17s
  round  22/50: acc=0.6365  f1m=0.4956  uplink_kB=62.9  t=1.20s
  round  23/50: acc=0.6463  f1m=0.5008  uplink_kB=62.9  t=1.10s
  round  24/50: acc=0.6392  f1m=0.4995  uplink_kB=62.9  t=1.23s
  round  25/50: acc=0.6488  f1m=0.5069  uplink_kB=62.9  t=1.18s
  round  26/50: acc=0.6600  f1m=0.5140  uplink_kB=62.9  t=1.15s
  round  27/50: acc=0.6335  f1m=0.4976  uplink_kB=62.9  t=1.21s
  round  28/50: acc=0.6810  f1m=0.5333  uplink_kB=62.9  t=1.17s
  round  29/50: acc=0.6647  f1m=0.5283  uplink_kB=62.9  t=1.21s
  round  30/50: acc=0.6924  f1m=0.5444  uplink_kB=62.9  t=1.17s
  round  31/50: acc=0.7046  f1m=0.5552  uplink_kB=62.9  t=1.13s
  round  32/50: acc=0.6953  f1m=0.5452  uplink_kB=62.9  t=1.11s
  round  33/50: acc=0.7080  f1m=0.5570  uplink_kB=62.9  t=1.11s
  round  34/50: acc=0.6987  f1m=0.5498  uplink_kB=62.9  t=1.13s
  round  35/50: acc=0.7122  f1m=0.5606  uplink_kB=62.9  t=1.19s
  round  36/50: acc=0.6856  f1m=0.5379  uplink_kB=62.9  t=1.19s
  round  37/50: acc=0.7088  f1m=0.5563  uplink_kB=62.9  t=1.20s
  round  38/50: acc=0.6890  f1m=0.5429  uplink_kB=62.9  t=1.10s
  round  39/50: acc=0.6991  f1m=0.5489  uplink_kB=62.9  t=1.15s
  round  40/50: acc=0.7102  f1m=0.5582  uplink_kB=62.9  t=1.15s
  round  41/50: acc=0.6719  f1m=0.5273  uplink_kB=62.9  t=1.15s
  round  42/50: acc=0.6951  f1m=0.5465  uplink_kB=62.9  t=1.19s
  round  43/50: acc=0.6896  f1m=0.5450  uplink_kB=62.9  t=1.14s
  round  44/50: acc=0.6983  f1m=0.5522  uplink_kB=62.9  t=1.16s
  round  45/50: acc=0.6866  f1m=0.5428  uplink_kB=62.9  t=1.20s
  round  46/50: acc=0.6903  f1m=0.5446  uplink_kB=62.9  t=1.11s
  round  47/50: acc=0.6916  f1m=0.5448  uplink_kB=62.9  t=1.17s
  round  48/50: acc=0.6951  f1m=0.5459  uplink_kB=62.9  t=1.19s
  round  49/50: acc=0.6949  f1m=0.5439  uplink_kB=62.9  t=1.10s
  round  50/50: acc=0.6827  f1m=0.5309  uplink_kB=62.9  t=1.15s
[run] DONE -> /Users/agentra/Documents/hao/working/paper-lab/hao-paper-2026/iotj-fedkan-ids/repo/results/mc_toniot/mc_mlp32_lr0p01__dir0.1__seed2024/metrics.json  final_acc=0.6827
