[run] device=cpu  seed=29  out=/Users/agentra/Documents/hao/working/paper-lab/hao-paper-2026/iotj-fedkan-ids/repo/results/lrsweep_cseciic_mc/lrsweep_kan8_lr0p003__dir0.1__seed29
[run] model=kan  params=4,320
  round   1/50: acc=0.2453  f1m=0.0636  uplink_kB=190.8  t=7.00s
  round   2/50: acc=0.4032  f1m=0.1311  uplink_kB=190.8  t=6.20s
  round   3/50: acc=0.4390  f1m=0.2076  uplink_kB=190.8  t=5.38s
  round   4/50: acc=0.4481  f1m=0.2070  uplink_kB=190.8  t=5.42s
  round   5/50: acc=0.4510  f1m=0.2302  uplink_kB=190.8  t=5.50s
  round   6/50: acc=0.4527  f1m=0.2350  uplink_kB=190.8  t=5.45s
  round   7/50: acc=0.4641  f1m=0.2744  uplink_kB=190.8  t=5.62s
  round   8/50: acc=0.4940  f1m=0.3311  uplink_kB=190.8  t=5.49s
  round   9/50: acc=0.5046  f1m=0.3340  uplink_kB=190.8  t=5.53s
  round  10/50: acc=0.5114  f1m=0.3389  uplink_kB=190.8  t=5.44s
  round  11/50: acc=0.5188  f1m=0.3448  uplink_kB=190.8  t=5.51s
  round  12/50: acc=0.5195  f1m=0.3460  uplink_kB=190.8  t=5.50s
  round  13/50: acc=0.5199  f1m=0.3474  uplink_kB=190.8  t=5.42s
  round  14/50: acc=0.5440  f1m=0.3653  uplink_kB=190.8  t=5.41s
  round  15/50: acc=0.5855  f1m=0.3951  uplink_kB=190.8  t=5.90s
  round  16/50: acc=0.6166  f1m=0.4096  uplink_kB=190.8  t=5.54s
  round  17/50: acc=0.6174  f1m=0.4105  uplink_kB=190.8  t=5.48s
  round  18/50: acc=0.6134  f1m=0.4108  uplink_kB=190.8  t=5.30s
  round  19/50: acc=0.6323  f1m=0.4335  uplink_kB=190.8  t=5.52s
  round  20/50: acc=0.6495  f1m=0.4414  uplink_kB=190.8  t=5.42s
  round  21/50: acc=0.6974  f1m=0.4744  uplink_kB=190.8  t=5.39s
  round  22/50: acc=0.7109  f1m=0.4805  uplink_kB=190.8  t=5.57s
  round  23/50: acc=0.7574  f1m=0.5244  uplink_kB=190.8  t=5.49s
  round  24/50: acc=0.7644  f1m=0.5863  uplink_kB=190.8  t=5.53s
  round  25/50: acc=0.7659  f1m=0.5571  uplink_kB=190.8  t=5.37s
  round  26/50: acc=0.7731  f1m=0.5890  uplink_kB=190.8  t=5.48s
  round  27/50: acc=0.7776  f1m=0.5893  uplink_kB=190.8  t=5.45s
  round  28/50: acc=0.7828  f1m=0.6092  uplink_kB=190.8  t=5.52s
  round  29/50: acc=0.7790  f1m=0.5971  uplink_kB=190.8  t=5.44s
  round  30/50: acc=0.7765  f1m=0.5676  uplink_kB=190.8  t=5.47s
  round  31/50: acc=0.7805  f1m=0.5983  uplink_kB=190.8  t=5.49s
  round  32/50: acc=0.7799  f1m=0.5976  uplink_kB=190.8  t=5.42s
  round  33/50: acc=0.7421  f1m=0.6049  uplink_kB=190.8  t=5.52s
  round  34/50: acc=0.7350  f1m=0.6017  uplink_kB=190.8  t=5.40s
  round  35/50: acc=0.7300  f1m=0.5873  uplink_kB=190.8  t=5.49s
  round  36/50: acc=0.7330  f1m=0.6070  uplink_kB=190.8  t=5.40s
  round  37/50: acc=0.7343  f1m=0.6123  uplink_kB=190.8  t=5.64s
  round  38/50: acc=0.7381  f1m=0.6153  uplink_kB=190.8  t=5.55s
  round  39/50: acc=0.7351  f1m=0.6156  uplink_kB=190.8  t=5.43s
  round  40/50: acc=0.7371  f1m=0.6174  uplink_kB=190.8  t=5.42s
  round  41/50: acc=0.7325  f1m=0.6268  uplink_kB=190.8  t=5.41s
  round  42/50: acc=0.7280  f1m=0.6234  uplink_kB=190.8  t=5.39s
  round  43/50: acc=0.7249  f1m=0.6012  uplink_kB=190.8  t=5.28s
  round  44/50: acc=0.6803  f1m=0.5959  uplink_kB=190.8  t=5.23s
  round  45/50: acc=0.6747  f1m=0.5811  uplink_kB=190.8  t=5.40s
  round  46/50: acc=0.6944  f1m=0.5950  uplink_kB=190.8  t=5.39s
  round  47/50: acc=0.6963  f1m=0.5962  uplink_kB=190.8  t=5.34s
  round  48/50: acc=0.6943  f1m=0.5943  uplink_kB=190.8  t=5.30s
  round  49/50: acc=0.6893  f1m=0.5901  uplink_kB=190.8  t=5.44s
  round  50/50: acc=0.6905  f1m=0.5909  uplink_kB=190.8  t=5.11s
[run] DONE -> /Users/agentra/Documents/hao/working/paper-lab/hao-paper-2026/iotj-fedkan-ids/repo/results/lrsweep_cseciic_mc/lrsweep_kan8_lr0p003__dir0.1__seed29/metrics.json  final_acc=0.6905
