[run] device=cpu  seed=2024  out=/Users/agentra/Documents/hao/working/paper-lab/hao-paper-2026/iotj-fedkan-ids/repo/results/lrsweep_toniot/lrsweep_mlp80_lr0p01__dir0.1__seed2024
[run] model=mlp  params=3,362
  round   1/50: acc=0.7892  f1m=0.7825  uplink_kB=131.3  t=1.18s
  round   2/50: acc=0.5489  f1m=0.4523  uplink_kB=131.3  t=0.86s
  round   3/50: acc=0.5554  f1m=0.4624  uplink_kB=131.3  t=0.81s
  round   4/50: acc=0.5598  f1m=0.4596  uplink_kB=131.3  t=0.83s
  round   5/50: acc=0.5672  f1m=0.4730  uplink_kB=131.3  t=0.83s
  round   6/50: acc=0.5701  f1m=0.4783  uplink_kB=131.3  t=0.77s
  round   7/50: acc=0.5696  f1m=0.4773  uplink_kB=131.3  t=0.73s
  round   8/50: acc=0.5718  f1m=0.4819  uplink_kB=131.3  t=0.75s
  round   9/50: acc=0.5707  f1m=0.4786  uplink_kB=131.3  t=0.68s
  round  10/50: acc=0.5720  f1m=0.4817  uplink_kB=131.3  t=0.77s
  round  11/50: acc=0.5694  f1m=0.4767  uplink_kB=131.3  t=0.83s
  round  12/50: acc=0.5789  f1m=0.4935  uplink_kB=131.3  t=0.83s
  round  13/50: acc=0.5731  f1m=0.4830  uplink_kB=131.3  t=0.77s
  round  14/50: acc=0.5765  f1m=0.4896  uplink_kB=131.3  t=0.70s
  round  15/50: acc=0.5769  f1m=0.4901  uplink_kB=131.3  t=0.76s
  round  16/50: acc=0.7887  f1m=0.7796  uplink_kB=131.3  t=0.72s
  round  17/50: acc=0.5774  f1m=0.4912  uplink_kB=131.3  t=0.71s
  round  18/50: acc=0.5786  f1m=0.4920  uplink_kB=131.3  t=0.68s
  round  19/50: acc=0.5789  f1m=0.4925  uplink_kB=131.3  t=0.66s
  round  20/50: acc=0.5769  f1m=0.4891  uplink_kB=131.3  t=0.68s
  round  21/50: acc=0.5790  f1m=0.4927  uplink_kB=131.3  t=0.69s
  round  22/50: acc=0.5786  f1m=0.4915  uplink_kB=131.3  t=0.68s
  round  23/50: acc=0.5753  f1m=0.4860  uplink_kB=131.3  t=0.70s
  round  24/50: acc=0.7985  f1m=0.7908  uplink_kB=131.3  t=0.69s
  round  25/50: acc=0.7971  f1m=0.7891  uplink_kB=131.3  t=0.74s
  round  26/50: acc=0.7997  f1m=0.7921  uplink_kB=131.3  t=0.70s
  round  27/50: acc=0.5795  f1m=0.4934  uplink_kB=131.3  t=0.68s
  round  28/50: acc=0.5894  f1m=0.5103  uplink_kB=131.3  t=0.67s
  round  29/50: acc=0.8004  f1m=0.7928  uplink_kB=131.3  t=0.68s
  round  30/50: acc=0.8013  f1m=0.7939  uplink_kB=131.3  t=0.67s
  round  31/50: acc=0.8039  f1m=0.7968  uplink_kB=131.3  t=0.66s
  round  32/50: acc=0.8027  f1m=0.7954  uplink_kB=131.3  t=0.60s
  round  33/50: acc=0.8063  f1m=0.7995  uplink_kB=131.3  t=0.69s
  round  34/50: acc=0.7991  f1m=0.7914  uplink_kB=131.3  t=0.69s
  round  35/50: acc=0.8121  f1m=0.8059  uplink_kB=131.3  t=0.67s
  round  36/50: acc=0.8067  f1m=0.7999  uplink_kB=131.3  t=0.69s
  round  37/50: acc=0.8106  f1m=0.8042  uplink_kB=131.3  t=0.69s
  round  38/50: acc=0.8130  f1m=0.8069  uplink_kB=131.3  t=0.65s
  round  39/50: acc=0.8057  f1m=0.7988  uplink_kB=131.3  t=0.65s
  round  40/50: acc=0.8059  f1m=0.7990  uplink_kB=131.3  t=0.68s
  round  41/50: acc=0.8028  f1m=0.7956  uplink_kB=131.3  t=0.67s
  round  42/50: acc=0.8096  f1m=0.8031  uplink_kB=131.3  t=0.68s
  round  43/50: acc=0.8168  f1m=0.8111  uplink_kB=131.3  t=0.67s
  round  44/50: acc=0.8113  f1m=0.8050  uplink_kB=131.3  t=0.66s
  round  45/50: acc=0.8008  f1m=0.7931  uplink_kB=131.3  t=0.68s
  round  46/50: acc=0.8143  f1m=0.8083  uplink_kB=131.3  t=0.61s
  round  47/50: acc=0.8095  f1m=0.8029  uplink_kB=131.3  t=0.65s
  round  48/50: acc=0.8090  f1m=0.8024  uplink_kB=131.3  t=0.68s
  round  49/50: acc=0.8181  f1m=0.8124  uplink_kB=131.3  t=0.67s
  round  50/50: acc=0.8175  f1m=0.8118  uplink_kB=131.3  t=0.69s
[run] DONE -> /Users/agentra/Documents/hao/working/paper-lab/hao-paper-2026/iotj-fedkan-ids/repo/results/lrsweep_toniot/lrsweep_mlp80_lr0p01__dir0.1__seed2024/metrics.json  final_acc=0.8175
