[run] device=cpu  seed=17  out=/Users/agentra/Documents/hao/working/paper-lab/hao-paper-2026/iotj-fedkan-ids/repo/results/lrsweep_botiot/lrsweep_mlp32_lr0p0003__dir0.1__seed17
[run] model=mlp  params=1,346
  round   1/50: acc=0.7121  f1m=0.6943  uplink_kB=52.6  t=1.32s
  round   2/50: acc=0.8636  f1m=0.8626  uplink_kB=52.6  t=0.66s
  round   3/50: acc=0.9158  f1m=0.9157  uplink_kB=52.6  t=0.68s
  round   4/50: acc=0.9170  f1m=0.9170  uplink_kB=52.6  t=0.71s
  round   5/50: acc=0.9188  f1m=0.9188  uplink_kB=52.6  t=0.61s
  round   6/50: acc=0.9213  f1m=0.9213  uplink_kB=52.6  t=0.68s
  round   7/50: acc=0.9281  f1m=0.9281  uplink_kB=52.6  t=0.72s
  round   8/50: acc=0.9291  f1m=0.9291  uplink_kB=52.6  t=0.94s
  round   9/50: acc=0.9294  f1m=0.9294  uplink_kB=52.6  t=0.78s
  round  10/50: acc=0.9297  f1m=0.9297  uplink_kB=52.6  t=0.76s
  round  11/50: acc=0.9301  f1m=0.9301  uplink_kB=52.6  t=0.78s
  round  12/50: acc=0.9363  f1m=0.9363  uplink_kB=52.6  t=0.64s
  round  13/50: acc=0.9375  f1m=0.9375  uplink_kB=52.6  t=0.79s
  round  14/50: acc=0.9386  f1m=0.9386  uplink_kB=52.6  t=0.69s
  round  15/50: acc=0.9441  f1m=0.9440  uplink_kB=52.6  t=0.69s
  round  16/50: acc=0.9467  f1m=0.9467  uplink_kB=52.6  t=0.68s
  round  17/50: acc=0.9483  f1m=0.9483  uplink_kB=52.6  t=0.67s
  round  18/50: acc=0.9495  f1m=0.9495  uplink_kB=52.6  t=0.59s
  round  19/50: acc=0.9533  f1m=0.9533  uplink_kB=52.6  t=0.70s
  round  20/50: acc=0.9568  f1m=0.9568  uplink_kB=52.6  t=0.77s
  round  21/50: acc=0.9594  f1m=0.9594  uplink_kB=52.6  t=0.66s
  round  22/50: acc=0.9633  f1m=0.9633  uplink_kB=52.6  t=0.66s
  round  23/50: acc=0.9663  f1m=0.9662  uplink_kB=52.6  t=0.71s
  round  24/50: acc=0.9672  f1m=0.9671  uplink_kB=52.6  t=0.73s
  round  25/50: acc=0.9677  f1m=0.9677  uplink_kB=52.6  t=0.62s
  round  26/50: acc=0.9685  f1m=0.9685  uplink_kB=52.6  t=0.65s
  round  27/50: acc=0.9687  f1m=0.9687  uplink_kB=52.6  t=0.64s
  round  28/50: acc=0.9688  f1m=0.9688  uplink_kB=52.6  t=0.66s
  round  29/50: acc=0.9690  f1m=0.9689  uplink_kB=52.6  t=0.65s
  round  30/50: acc=0.9690  f1m=0.9690  uplink_kB=52.6  t=0.70s
  round  31/50: acc=0.9710  f1m=0.9710  uplink_kB=52.6  t=0.66s
  round  32/50: acc=0.9710  f1m=0.9710  uplink_kB=52.6  t=0.61s
  round  33/50: acc=0.9710  f1m=0.9710  uplink_kB=52.6  t=0.66s
  round  34/50: acc=0.9710  f1m=0.9710  uplink_kB=52.6  t=0.68s
  round  35/50: acc=0.9710  f1m=0.9710  uplink_kB=52.6  t=0.74s
  round  36/50: acc=0.9710  f1m=0.9710  uplink_kB=52.6  t=0.70s
  round  37/50: acc=0.9710  f1m=0.9709  uplink_kB=52.6  t=0.69s
  round  38/50: acc=0.9710  f1m=0.9709  uplink_kB=52.6  t=0.70s
  round  39/50: acc=0.9709  f1m=0.9709  uplink_kB=52.6  t=0.60s
  round  40/50: acc=0.9709  f1m=0.9709  uplink_kB=52.6  t=0.66s
  round  41/50: acc=0.9710  f1m=0.9710  uplink_kB=52.6  t=0.69s
  round  42/50: acc=0.9710  f1m=0.9710  uplink_kB=52.6  t=0.72s
  round  43/50: acc=0.9712  f1m=0.9712  uplink_kB=52.6  t=0.73s
  round  44/50: acc=0.9711  f1m=0.9711  uplink_kB=52.6  t=0.69s
  round  45/50: acc=0.9712  f1m=0.9712  uplink_kB=52.6  t=0.67s
  round  46/50: acc=0.9713  f1m=0.9713  uplink_kB=52.6  t=0.62s
  round  47/50: acc=0.9712  f1m=0.9712  uplink_kB=52.6  t=0.67s
  round  48/50: acc=0.9713  f1m=0.9712  uplink_kB=52.6  t=0.68s
  round  49/50: acc=0.9713  f1m=0.9713  uplink_kB=52.6  t=0.66s
  round  50/50: acc=0.9713  f1m=0.9713  uplink_kB=52.6  t=0.69s
[run] DONE -> /Users/agentra/Documents/hao/working/paper-lab/hao-paper-2026/iotj-fedkan-ids/repo/results/lrsweep_botiot/lrsweep_mlp32_lr0p0003__dir0.1__seed17/metrics.json  final_acc=0.9713
