[run] device=cpu  seed=43  out=/Users/agentra/Documents/hao/working/paper-lab/hao-paper-2026/iotj-fedkan-ids/repo/results/lrsweep_cseciic/lrsweep_kan8_lr0p001__dir0.1__seed43
[run] model=kan  params=3,280
  round   1/50: acc=0.5042  f1m=0.3428  uplink_kB=150.2  t=2.31s
  round   2/50: acc=0.6934  f1m=0.6645  uplink_kB=150.2  t=1.62s
  round   3/50: acc=0.9143  f1m=0.9141  uplink_kB=150.2  t=1.62s
  round   4/50: acc=0.8343  f1m=0.8324  uplink_kB=150.2  t=1.63s
  round   5/50: acc=0.8063  f1m=0.8022  uplink_kB=150.2  t=1.62s
  round   6/50: acc=0.7979  f1m=0.7931  uplink_kB=150.2  t=1.67s
  round   7/50: acc=0.8052  f1m=0.8010  uplink_kB=150.2  t=1.75s
  round   8/50: acc=0.8107  f1m=0.8070  uplink_kB=150.2  t=1.66s
  round   9/50: acc=0.8324  f1m=0.8302  uplink_kB=150.2  t=1.63s
  round  10/50: acc=0.8493  f1m=0.8478  uplink_kB=150.2  t=1.72s
  round  11/50: acc=0.8736  f1m=0.8729  uplink_kB=150.2  t=1.70s
  round  12/50: acc=0.8874  f1m=0.8874  uplink_kB=150.2  t=1.61s
  round  13/50: acc=0.8902  f1m=0.8902  uplink_kB=150.2  t=1.60s
  round  14/50: acc=0.8964  f1m=0.8964  uplink_kB=150.2  t=1.62s
  round  15/50: acc=0.9043  f1m=0.9043  uplink_kB=150.2  t=1.62s
  round  16/50: acc=0.9046  f1m=0.9046  uplink_kB=150.2  t=1.65s
  round  17/50: acc=0.9051  f1m=0.9051  uplink_kB=150.2  t=1.61s
  round  18/50: acc=0.9055  f1m=0.9055  uplink_kB=150.2  t=1.62s
  round  19/50: acc=0.9020  f1m=0.9020  uplink_kB=150.2  t=1.61s
  round  20/50: acc=0.9061  f1m=0.9061  uplink_kB=150.2  t=1.63s
  round  21/50: acc=0.9064  f1m=0.9064  uplink_kB=150.2  t=1.62s
  round  22/50: acc=0.9062  f1m=0.9062  uplink_kB=150.2  t=1.57s
  round  23/50: acc=0.9069  f1m=0.9069  uplink_kB=150.2  t=1.62s
  round  24/50: acc=0.9067  f1m=0.9067  uplink_kB=150.2  t=1.67s
  round  25/50: acc=0.9073  f1m=0.9073  uplink_kB=150.2  t=1.63s
  round  26/50: acc=0.9079  f1m=0.9079  uplink_kB=150.2  t=1.72s
  round  27/50: acc=0.9075  f1m=0.9075  uplink_kB=150.2  t=1.69s
  round  28/50: acc=0.9080  f1m=0.9080  uplink_kB=150.2  t=1.66s
  round  29/50: acc=0.9080  f1m=0.9080  uplink_kB=150.2  t=1.70s
  round  30/50: acc=0.9084  f1m=0.9084  uplink_kB=150.2  t=1.66s
  round  31/50: acc=0.9082  f1m=0.9082  uplink_kB=150.2  t=1.76s
  round  32/50: acc=0.9083  f1m=0.9083  uplink_kB=150.2  t=1.68s
  round  33/50: acc=0.9088  f1m=0.9088  uplink_kB=150.2  t=1.65s
  round  34/50: acc=0.9178  f1m=0.9178  uplink_kB=150.2  t=1.59s
  round  35/50: acc=0.9289  f1m=0.9289  uplink_kB=150.2  t=1.55s
  round  36/50: acc=0.9281  f1m=0.9281  uplink_kB=150.2  t=1.62s
  round  37/50: acc=0.9284  f1m=0.9284  uplink_kB=150.2  t=1.61s
  round  38/50: acc=0.9287  f1m=0.9287  uplink_kB=150.2  t=1.62s
  round  39/50: acc=0.9289  f1m=0.9288  uplink_kB=150.2  t=1.63s
  round  40/50: acc=0.9290  f1m=0.9290  uplink_kB=150.2  t=1.62s
  round  41/50: acc=0.9302  f1m=0.9302  uplink_kB=150.2  t=1.58s
  round  42/50: acc=0.9279  f1m=0.9279  uplink_kB=150.2  t=1.60s
  round  43/50: acc=0.9295  f1m=0.9295  uplink_kB=150.2  t=1.56s
  round  44/50: acc=0.9285  f1m=0.9284  uplink_kB=150.2  t=1.61s
  round  45/50: acc=0.9301  f1m=0.9301  uplink_kB=150.2  t=1.62s
  round  46/50: acc=0.9299  f1m=0.9299  uplink_kB=150.2  t=1.62s
  round  47/50: acc=0.9297  f1m=0.9297  uplink_kB=150.2  t=1.63s
  round  48/50: acc=0.9301  f1m=0.9301  uplink_kB=150.2  t=1.63s
  round  49/50: acc=0.9300  f1m=0.9299  uplink_kB=150.2  t=1.56s
  round  50/50: acc=0.9307  f1m=0.9307  uplink_kB=150.2  t=1.60s
[run] DONE -> /Users/agentra/Documents/hao/working/paper-lab/hao-paper-2026/iotj-fedkan-ids/repo/results/lrsweep_cseciic/lrsweep_kan8_lr0p001__dir0.1__seed43/metrics.json  final_acc=0.9307
