[run] device=cpu  seed=31  out=/Users/agentra/Documents/hao/working/paper-lab/hao-paper-2026/iotj-fedkan-ids/repo/results/lrsweep_cseciic_mc/lrsweep_mlp80_lr0p003__dir0.1__seed31
[run] model=mlp  params=4,415
  round   1/50: acc=0.1545  f1m=0.0178  uplink_kB=172.5  t=2.87s
  round   2/50: acc=0.4957  f1m=0.2051  uplink_kB=172.5  t=2.26s
  round   3/50: acc=0.5040  f1m=0.2124  uplink_kB=172.5  t=2.13s
  round   4/50: acc=0.5056  f1m=0.2171  uplink_kB=172.5  t=2.19s
  round   5/50: acc=0.6027  f1m=0.2986  uplink_kB=172.5  t=2.16s
  round   6/50: acc=0.6038  f1m=0.3005  uplink_kB=172.5  t=2.09s
  round   7/50: acc=0.6133  f1m=0.3260  uplink_kB=172.5  t=2.12s
  round   8/50: acc=0.6472  f1m=0.4511  uplink_kB=172.5  t=2.18s
  round   9/50: acc=0.6476  f1m=0.4494  uplink_kB=172.5  t=2.14s
  round  10/50: acc=0.6705  f1m=0.4690  uplink_kB=172.5  t=2.12s
  round  11/50: acc=0.6822  f1m=0.4779  uplink_kB=172.5  t=2.09s
  round  12/50: acc=0.6866  f1m=0.4830  uplink_kB=172.5  t=2.20s
  round  13/50: acc=0.6873  f1m=0.4874  uplink_kB=172.5  t=2.46s
  round  14/50: acc=0.6901  f1m=0.4896  uplink_kB=172.5  t=2.15s
  round  15/50: acc=0.6904  f1m=0.4857  uplink_kB=172.5  t=2.13s
  round  16/50: acc=0.6901  f1m=0.4860  uplink_kB=172.5  t=2.19s
  round  17/50: acc=0.6902  f1m=0.4920  uplink_kB=172.5  t=2.25s
  round  18/50: acc=0.6912  f1m=0.4947  uplink_kB=172.5  t=2.16s
  round  19/50: acc=0.6932  f1m=0.4966  uplink_kB=172.5  t=2.18s
  round  20/50: acc=0.6968  f1m=0.4991  uplink_kB=172.5  t=2.19s
  round  21/50: acc=0.7026  f1m=0.5048  uplink_kB=172.5  t=2.21s
  round  22/50: acc=0.7033  f1m=0.5040  uplink_kB=172.5  t=2.13s
  round  23/50: acc=0.7043  f1m=0.5159  uplink_kB=172.5  t=2.14s
  round  24/50: acc=0.7044  f1m=0.5127  uplink_kB=172.5  t=2.10s
  round  25/50: acc=0.7044  f1m=0.5112  uplink_kB=172.5  t=2.16s
  round  26/50: acc=0.7094  f1m=0.5214  uplink_kB=172.5  t=2.14s
  round  27/50: acc=0.7025  f1m=0.4792  uplink_kB=172.5  t=2.13s
  round  28/50: acc=0.7010  f1m=0.4754  uplink_kB=172.5  t=2.12s
  round  29/50: acc=0.7013  f1m=0.4759  uplink_kB=172.5  t=2.20s
  round  30/50: acc=0.7013  f1m=0.4761  uplink_kB=172.5  t=2.11s
  round  31/50: acc=0.7016  f1m=0.4764  uplink_kB=172.5  t=2.11s
  round  32/50: acc=0.7014  f1m=0.4771  uplink_kB=172.5  t=2.10s
  round  33/50: acc=0.6983  f1m=0.4690  uplink_kB=172.5  t=2.13s
  round  34/50: acc=0.7006  f1m=0.4741  uplink_kB=172.5  t=2.19s
  round  35/50: acc=0.7033  f1m=0.4797  uplink_kB=172.5  t=2.11s
  round  36/50: acc=0.7027  f1m=0.4785  uplink_kB=172.5  t=2.11s
  round  37/50: acc=0.7037  f1m=0.4809  uplink_kB=172.5  t=2.08s
  round  38/50: acc=0.7050  f1m=0.4845  uplink_kB=172.5  t=2.11s
  round  39/50: acc=0.7038  f1m=0.4803  uplink_kB=172.5  t=2.16s
  round  40/50: acc=0.7039  f1m=0.4814  uplink_kB=172.5  t=2.10s
  round  41/50: acc=0.7114  f1m=0.4871  uplink_kB=172.5  t=2.08s
  round  42/50: acc=0.7066  f1m=0.4837  uplink_kB=172.5  t=2.13s
  round  43/50: acc=0.7111  f1m=0.4860  uplink_kB=172.5  t=2.15s
  round  44/50: acc=0.7101  f1m=0.4865  uplink_kB=172.5  t=2.14s
  round  45/50: acc=0.7113  f1m=0.4871  uplink_kB=172.5  t=2.28s
  round  46/50: acc=0.7500  f1m=0.5058  uplink_kB=172.5  t=2.39s
  round  47/50: acc=0.7138  f1m=0.4887  uplink_kB=172.5  t=2.39s
  round  48/50: acc=0.7744  f1m=0.5235  uplink_kB=172.5  t=2.32s
  round  49/50: acc=0.7982  f1m=0.5356  uplink_kB=172.5  t=2.09s
  round  50/50: acc=0.7986  f1m=0.5360  uplink_kB=172.5  t=2.25s
[run] DONE -> /Users/agentra/Documents/hao/working/paper-lab/hao-paper-2026/iotj-fedkan-ids/repo/results/lrsweep_cseciic_mc/lrsweep_mlp80_lr0p003__dir0.1__seed31/metrics.json  final_acc=0.7986
