[run] device=cpu  seed=104  out=/Users/agentra/Documents/hao/working/paper-lab/hao-paper-2026/iotj-fedkan-ids/repo/results/lrsweep_toniot/lrsweep_mlp80_lr0p01__dir0.1__seed104
[run] model=mlp  params=3,362
  round   1/50: acc=0.6539  f1m=0.6117  uplink_kB=131.3  t=1.45s
  round   2/50: acc=0.7941  f1m=0.7895  uplink_kB=131.3  t=0.83s
  round   3/50: acc=0.9276  f1m=0.9275  uplink_kB=131.3  t=0.83s
  round   4/50: acc=0.9263  f1m=0.9262  uplink_kB=131.3  t=0.84s
  round   5/50: acc=0.9386  f1m=0.9385  uplink_kB=131.3  t=0.78s
  round   6/50: acc=0.9419  f1m=0.9419  uplink_kB=131.3  t=0.83s
  round   7/50: acc=0.9460  f1m=0.9460  uplink_kB=131.3  t=0.84s
  round   8/50: acc=0.9475  f1m=0.9475  uplink_kB=131.3  t=0.83s
  round   9/50: acc=0.9554  f1m=0.9554  uplink_kB=131.3  t=0.84s
  round  10/50: acc=0.9586  f1m=0.9586  uplink_kB=131.3  t=0.79s
  round  11/50: acc=0.9546  f1m=0.9545  uplink_kB=131.3  t=0.77s
  round  12/50: acc=0.9597  f1m=0.9597  uplink_kB=131.3  t=0.81s
  round  13/50: acc=0.9586  f1m=0.9586  uplink_kB=131.3  t=0.81s
  round  14/50: acc=0.9570  f1m=0.9570  uplink_kB=131.3  t=0.82s
  round  15/50: acc=0.9587  f1m=0.9587  uplink_kB=131.3  t=0.81s
  round  16/50: acc=0.9558  f1m=0.9558  uplink_kB=131.3  t=0.80s
  round  17/50: acc=0.9606  f1m=0.9606  uplink_kB=131.3  t=0.83s
  round  18/50: acc=0.9610  f1m=0.9610  uplink_kB=131.3  t=0.86s
  round  19/50: acc=0.9630  f1m=0.9630  uplink_kB=131.3  t=0.85s
  round  20/50: acc=0.9616  f1m=0.9616  uplink_kB=131.3  t=0.79s
  round  21/50: acc=0.9626  f1m=0.9626  uplink_kB=131.3  t=0.82s
  round  22/50: acc=0.9632  f1m=0.9632  uplink_kB=131.3  t=0.73s
  round  23/50: acc=0.9639  f1m=0.9639  uplink_kB=131.3  t=0.80s
  round  24/50: acc=0.9642  f1m=0.9642  uplink_kB=131.3  t=0.82s
  round  25/50: acc=0.9632  f1m=0.9632  uplink_kB=131.3  t=0.80s
  round  26/50: acc=0.9631  f1m=0.9631  uplink_kB=131.3  t=0.85s
  round  27/50: acc=0.9629  f1m=0.9629  uplink_kB=131.3  t=0.82s
  round  28/50: acc=0.9646  f1m=0.9646  uplink_kB=131.3  t=0.78s
  round  29/50: acc=0.9637  f1m=0.9637  uplink_kB=131.3  t=0.84s
  round  30/50: acc=0.9643  f1m=0.9642  uplink_kB=131.3  t=0.83s
  round  31/50: acc=0.9644  f1m=0.9644  uplink_kB=131.3  t=0.83s
  round  32/50: acc=0.9650  f1m=0.9650  uplink_kB=131.3  t=0.84s
  round  33/50: acc=0.9652  f1m=0.9652  uplink_kB=131.3  t=0.81s
  round  34/50: acc=0.9663  f1m=0.9663  uplink_kB=131.3  t=0.75s
  round  35/50: acc=0.9648  f1m=0.9648  uplink_kB=131.3  t=0.86s
  round  36/50: acc=0.9665  f1m=0.9665  uplink_kB=131.3  t=0.79s
  round  37/50: acc=0.9651  f1m=0.9651  uplink_kB=131.3  t=0.83s
  round  38/50: acc=0.9650  f1m=0.9650  uplink_kB=131.3  t=0.83s
  round  39/50: acc=0.9661  f1m=0.9661  uplink_kB=131.3  t=0.73s
  round  40/50: acc=0.9661  f1m=0.9661  uplink_kB=131.3  t=0.85s
  round  41/50: acc=0.9658  f1m=0.9658  uplink_kB=131.3  t=0.81s
  round  42/50: acc=0.9673  f1m=0.9673  uplink_kB=131.3  t=0.81s
  round  43/50: acc=0.9665  f1m=0.9665  uplink_kB=131.3  t=0.81s
  round  44/50: acc=0.9662  f1m=0.9662  uplink_kB=131.3  t=0.83s
  round  45/50: acc=0.9664  f1m=0.9664  uplink_kB=131.3  t=0.81s
  round  46/50: acc=0.9672  f1m=0.9672  uplink_kB=131.3  t=0.72s
  round  47/50: acc=0.9659  f1m=0.9659  uplink_kB=131.3  t=0.79s
  round  48/50: acc=0.9671  f1m=0.9671  uplink_kB=131.3  t=0.82s
  round  49/50: acc=0.9648  f1m=0.9648  uplink_kB=131.3  t=0.82s
  round  50/50: acc=0.9655  f1m=0.9655  uplink_kB=131.3  t=0.81s
[run] DONE -> /Users/agentra/Documents/hao/working/paper-lab/hao-paper-2026/iotj-fedkan-ids/repo/results/lrsweep_toniot/lrsweep_mlp80_lr0p01__dir0.1__seed104/metrics.json  final_acc=0.9655
