[run] device=cpu  seed=29  out=/Users/agentra/Documents/hao/working/paper-lab/hao-paper-2026/iotj-fedkan-ids/repo/results/lrsweep_cseciic_mc/lrsweep_mlp32_lr0p03__dir0.1__seed29
[run] model=mlp  params=1,775
  round   1/50: acc=0.3816  f1m=0.1229  uplink_kB=69.3  t=2.89s
  round   2/50: acc=0.4297  f1m=0.2140  uplink_kB=69.3  t=2.29s
  round   3/50: acc=0.4930  f1m=0.3271  uplink_kB=69.3  t=2.06s
  round   4/50: acc=0.5126  f1m=0.4054  uplink_kB=69.3  t=2.12s
  round   5/50: acc=0.5438  f1m=0.3957  uplink_kB=69.3  t=2.20s
  round   6/50: acc=0.5800  f1m=0.3972  uplink_kB=69.3  t=2.08s
  round   7/50: acc=0.6075  f1m=0.4136  uplink_kB=69.3  t=2.08s
  round   8/50: acc=0.6471  f1m=0.4269  uplink_kB=69.3  t=2.07s
  round   9/50: acc=0.5406  f1m=0.3667  uplink_kB=69.3  t=2.08s
  round  10/50: acc=0.5824  f1m=0.4209  uplink_kB=69.3  t=2.08s
  round  11/50: acc=0.5805  f1m=0.4210  uplink_kB=69.3  t=2.46s
  round  12/50: acc=0.6041  f1m=0.4354  uplink_kB=69.3  t=2.18s
  round  13/50: acc=0.5872  f1m=0.4670  uplink_kB=69.3  t=2.08s
  round  14/50: acc=0.6269  f1m=0.5858  uplink_kB=69.3  t=2.05s
  round  15/50: acc=0.5751  f1m=0.4831  uplink_kB=69.3  t=2.14s
  round  16/50: acc=0.6022  f1m=0.5586  uplink_kB=69.3  t=2.08s
  round  17/50: acc=0.6478  f1m=0.5168  uplink_kB=69.3  t=2.12s
  round  18/50: acc=0.6247  f1m=0.5195  uplink_kB=69.3  t=2.14s
  round  19/50: acc=0.5988  f1m=0.5291  uplink_kB=69.3  t=2.15s
  round  20/50: acc=0.5614  f1m=0.4310  uplink_kB=69.3  t=2.06s
  round  21/50: acc=0.6632  f1m=0.4876  uplink_kB=69.3  t=2.11s
  round  22/50: acc=0.5935  f1m=0.5224  uplink_kB=69.3  t=2.08s
  round  23/50: acc=0.6446  f1m=0.4752  uplink_kB=69.3  t=2.08s
  round  24/50: acc=0.5660  f1m=0.4924  uplink_kB=69.3  t=2.05s
  round  25/50: acc=0.7184  f1m=0.5765  uplink_kB=69.3  t=2.10s
  round  26/50: acc=0.7208  f1m=0.6159  uplink_kB=69.3  t=2.09s
  round  27/50: acc=0.6354  f1m=0.5471  uplink_kB=69.3  t=2.11s
  round  28/50: acc=0.7280  f1m=0.6337  uplink_kB=69.3  t=2.09s
  round  29/50: acc=0.7889  f1m=0.6828  uplink_kB=69.3  t=2.12s
  round  30/50: acc=0.7984  f1m=0.6776  uplink_kB=69.3  t=2.12s
  round  31/50: acc=0.7995  f1m=0.6938  uplink_kB=69.3  t=2.11s
  round  32/50: acc=0.7916  f1m=0.6617  uplink_kB=69.3  t=2.08s
  round  33/50: acc=0.7892  f1m=0.6715  uplink_kB=69.3  t=2.06s
  round  34/50: acc=0.7929  f1m=0.6720  uplink_kB=69.3  t=2.06s
  round  35/50: acc=0.8108  f1m=0.7006  uplink_kB=69.3  t=2.13s
  round  36/50: acc=0.7816  f1m=0.6536  uplink_kB=69.3  t=2.04s
  round  37/50: acc=0.7636  f1m=0.6601  uplink_kB=69.3  t=2.05s
  round  38/50: acc=0.8035  f1m=0.6970  uplink_kB=69.3  t=2.04s
  round  39/50: acc=0.7834  f1m=0.6462  uplink_kB=69.3  t=2.14s
  round  40/50: acc=0.7908  f1m=0.6666  uplink_kB=69.3  t=2.09s
  round  41/50: acc=0.8334  f1m=0.6662  uplink_kB=69.3  t=2.11s
  round  42/50: acc=0.8468  f1m=0.7147  uplink_kB=69.3  t=2.07s
  round  43/50: acc=0.7936  f1m=0.6534  uplink_kB=69.3  t=2.06s
  round  44/50: acc=0.8272  f1m=0.6688  uplink_kB=69.3  t=2.10s
  round  45/50: acc=0.8355  f1m=0.6927  uplink_kB=69.3  t=2.27s
  round  46/50: acc=0.8195  f1m=0.6516  uplink_kB=69.3  t=2.16s
  round  47/50: acc=0.8114  f1m=0.6847  uplink_kB=69.3  t=2.12s
  round  48/50: acc=0.8252  f1m=0.6756  uplink_kB=69.3  t=2.04s
  round  49/50: acc=0.7618  f1m=0.6718  uplink_kB=69.3  t=2.11s
  round  50/50: acc=0.8185  f1m=0.6512  uplink_kB=69.3  t=2.07s
[run] DONE -> /Users/agentra/Documents/hao/working/paper-lab/hao-paper-2026/iotj-fedkan-ids/repo/results/lrsweep_cseciic_mc/lrsweep_mlp32_lr0p03__dir0.1__seed29/metrics.json  final_acc=0.8185
