[run] device=cpu  seed=29  out=/Users/agentra/Documents/hao/working/paper-lab/hao-paper-2026/iotj-fedkan-ids/repo/results/lrsweep_toniot/lrsweep_mlp32_lr0p001__dir0.1__seed29
[run] model=mlp  params=1,346
  round   1/50: acc=0.5507  f1m=0.4859  uplink_kB=52.6  t=1.28s
  round   2/50: acc=0.6079  f1m=0.5797  uplink_kB=52.6  t=0.66s
  round   3/50: acc=0.6423  f1m=0.6325  uplink_kB=52.6  t=0.65s
  round   4/50: acc=0.6707  f1m=0.6669  uplink_kB=52.6  t=0.65s
  round   5/50: acc=0.6933  f1m=0.6924  uplink_kB=52.6  t=0.60s
  round   6/50: acc=0.6935  f1m=0.6928  uplink_kB=52.6  t=0.65s
  round   7/50: acc=0.6957  f1m=0.6953  uplink_kB=52.6  t=0.64s
  round   8/50: acc=0.7037  f1m=0.7036  uplink_kB=52.6  t=0.64s
  round   9/50: acc=0.7048  f1m=0.7048  uplink_kB=52.6  t=0.64s
  round  10/50: acc=0.7016  f1m=0.7016  uplink_kB=52.6  t=0.62s
  round  11/50: acc=0.7021  f1m=0.7021  uplink_kB=52.6  t=0.63s
  round  12/50: acc=0.7030  f1m=0.7030  uplink_kB=52.6  t=0.59s
  round  13/50: acc=0.7050  f1m=0.7050  uplink_kB=52.6  t=0.64s
  round  14/50: acc=0.7080  f1m=0.7080  uplink_kB=52.6  t=0.66s
  round  15/50: acc=0.7084  f1m=0.7084  uplink_kB=52.6  t=0.64s
  round  16/50: acc=0.7092  f1m=0.7092  uplink_kB=52.6  t=0.64s
  round  17/50: acc=0.7101  f1m=0.7101  uplink_kB=52.6  t=0.62s
  round  18/50: acc=0.6733  f1m=0.6697  uplink_kB=52.6  t=0.63s
  round  19/50: acc=0.6741  f1m=0.6706  uplink_kB=52.6  t=0.65s
  round  20/50: acc=0.6751  f1m=0.6717  uplink_kB=52.6  t=0.58s
  round  21/50: acc=0.6760  f1m=0.6726  uplink_kB=52.6  t=0.63s
  round  22/50: acc=0.6757  f1m=0.6722  uplink_kB=52.6  t=0.65s
  round  23/50: acc=0.6765  f1m=0.6731  uplink_kB=52.6  t=0.63s
  round  24/50: acc=0.6764  f1m=0.6730  uplink_kB=52.6  t=0.63s
  round  25/50: acc=0.6757  f1m=0.6722  uplink_kB=52.6  t=0.67s
  round  26/50: acc=0.6759  f1m=0.6724  uplink_kB=52.6  t=0.64s
  round  27/50: acc=0.6757  f1m=0.6721  uplink_kB=52.6  t=0.58s
  round  28/50: acc=0.6758  f1m=0.6723  uplink_kB=52.6  t=0.65s
  round  29/50: acc=0.6759  f1m=0.6724  uplink_kB=52.6  t=0.64s
  round  30/50: acc=0.6766  f1m=0.6731  uplink_kB=52.6  t=0.63s
  round  31/50: acc=0.6769  f1m=0.6735  uplink_kB=52.6  t=0.63s
  round  32/50: acc=0.6773  f1m=0.6738  uplink_kB=52.6  t=0.63s
  round  33/50: acc=0.6778  f1m=0.6745  uplink_kB=52.6  t=0.64s
  round  34/50: acc=0.6779  f1m=0.6746  uplink_kB=52.6  t=0.58s
  round  35/50: acc=0.6782  f1m=0.6749  uplink_kB=52.6  t=0.64s
  round  36/50: acc=0.6782  f1m=0.6749  uplink_kB=52.6  t=0.65s
  round  37/50: acc=0.6781  f1m=0.6748  uplink_kB=52.6  t=0.63s
  round  38/50: acc=0.6788  f1m=0.6755  uplink_kB=52.6  t=0.64s
  round  39/50: acc=0.6790  f1m=0.6757  uplink_kB=52.6  t=0.64s
  round  40/50: acc=0.6793  f1m=0.6760  uplink_kB=52.6  t=0.64s
  round  41/50: acc=0.6795  f1m=0.6763  uplink_kB=52.6  t=0.59s
  round  42/50: acc=0.6805  f1m=0.6773  uplink_kB=52.6  t=0.66s
  round  43/50: acc=0.6806  f1m=0.6774  uplink_kB=52.6  t=0.66s
  round  44/50: acc=0.6810  f1m=0.6779  uplink_kB=52.6  t=0.63s
  round  45/50: acc=0.6813  f1m=0.6782  uplink_kB=52.6  t=0.64s
  round  46/50: acc=0.6818  f1m=0.6787  uplink_kB=52.6  t=0.63s
  round  47/50: acc=0.6820  f1m=0.6789  uplink_kB=52.6  t=0.59s
  round  48/50: acc=0.6825  f1m=0.6795  uplink_kB=52.6  t=0.65s
  round  49/50: acc=0.6827  f1m=0.6796  uplink_kB=52.6  t=0.64s
  round  50/50: acc=0.6830  f1m=0.6800  uplink_kB=52.6  t=0.62s
[run] DONE -> /Users/agentra/Documents/hao/working/paper-lab/hao-paper-2026/iotj-fedkan-ids/repo/results/lrsweep_toniot/lrsweep_mlp32_lr0p001__dir0.1__seed29/metrics.json  final_acc=0.6830
