[run] device=cpu  seed=31  out=/Users/agentra/Documents/hao/working/paper-lab/hao-paper-2026/iotj-fedkan-ids/repo/results/lrsweep_cseciic_mc50k/lrsweep_mlp80_lr0p003__dir0.1__seed31
[run] model=mlp  params=4,415
  round   1/50: acc=0.2090  f1m=0.0714  uplink_kB=172.5  t=1.58s
  round   2/50: acc=0.3919  f1m=0.1720  uplink_kB=172.5  t=1.01s
  round   3/50: acc=0.3994  f1m=0.1739  uplink_kB=172.5  t=1.14s
  round   4/50: acc=0.3950  f1m=0.1740  uplink_kB=172.5  t=1.04s
  round   5/50: acc=0.4555  f1m=0.2143  uplink_kB=172.5  t=1.05s
  round   6/50: acc=0.6025  f1m=0.3077  uplink_kB=172.5  t=1.01s
  round   7/50: acc=0.6231  f1m=0.3163  uplink_kB=172.5  t=1.04s
  round   8/50: acc=0.6383  f1m=0.3254  uplink_kB=172.5  t=1.02s
  round   9/50: acc=0.6415  f1m=0.3270  uplink_kB=172.5  t=1.07s
  round  10/50: acc=0.6434  f1m=0.3283  uplink_kB=172.5  t=1.02s
  round  11/50: acc=0.6372  f1m=0.3251  uplink_kB=172.5  t=1.06s
  round  12/50: acc=0.6446  f1m=0.3291  uplink_kB=172.5  t=1.01s
  round  13/50: acc=0.6887  f1m=0.3929  uplink_kB=172.5  t=1.05s
  round  14/50: acc=0.6921  f1m=0.3950  uplink_kB=172.5  t=1.00s
  round  15/50: acc=0.6893  f1m=0.3943  uplink_kB=172.5  t=1.07s
  round  16/50: acc=0.7074  f1m=0.4089  uplink_kB=172.5  t=1.05s
  round  17/50: acc=0.7153  f1m=0.4131  uplink_kB=172.5  t=1.04s
  round  18/50: acc=0.7118  f1m=0.4106  uplink_kB=172.5  t=1.00s
  round  19/50: acc=0.7314  f1m=0.4228  uplink_kB=172.5  t=1.07s
  round  20/50: acc=0.7334  f1m=0.4281  uplink_kB=172.5  t=1.09s
  round  21/50: acc=0.7423  f1m=0.4608  uplink_kB=172.5  t=1.01s
  round  22/50: acc=0.7383  f1m=0.4317  uplink_kB=172.5  t=1.06s
  round  23/50: acc=0.7589  f1m=0.4865  uplink_kB=172.5  t=0.99s
  round  24/50: acc=0.7833  f1m=0.5038  uplink_kB=172.5  t=1.08s
  round  25/50: acc=0.7892  f1m=0.5109  uplink_kB=172.5  t=1.05s
  round  26/50: acc=0.7828  f1m=0.5078  uplink_kB=172.5  t=1.06s
  round  27/50: acc=0.7829  f1m=0.5174  uplink_kB=172.5  t=0.99s
  round  28/50: acc=0.7909  f1m=0.5212  uplink_kB=172.5  t=1.06s
  round  29/50: acc=0.7848  f1m=0.5062  uplink_kB=172.5  t=1.03s
  round  30/50: acc=0.7869  f1m=0.5083  uplink_kB=172.5  t=1.10s
  round  31/50: acc=0.8004  f1m=0.5321  uplink_kB=172.5  t=1.04s
  round  32/50: acc=0.8003  f1m=0.5350  uplink_kB=172.5  t=1.03s
  round  33/50: acc=0.8222  f1m=0.6188  uplink_kB=172.5  t=1.06s
  round  34/50: acc=0.8051  f1m=0.5892  uplink_kB=172.5  t=1.05s
  round  35/50: acc=0.8052  f1m=0.5859  uplink_kB=172.5  t=1.07s
  round  36/50: acc=0.8221  f1m=0.6323  uplink_kB=172.5  t=1.12s
  round  37/50: acc=0.8156  f1m=0.6184  uplink_kB=172.5  t=1.04s
  round  38/50: acc=0.8242  f1m=0.6307  uplink_kB=172.5  t=1.04s
  round  39/50: acc=0.8224  f1m=0.6265  uplink_kB=172.5  t=1.10s
  round  40/50: acc=0.8216  f1m=0.6264  uplink_kB=172.5  t=1.10s
  round  41/50: acc=0.8353  f1m=0.6582  uplink_kB=172.5  t=1.01s
  round  42/50: acc=0.8316  f1m=0.6541  uplink_kB=172.5  t=1.06s
  round  43/50: acc=0.8347  f1m=0.6574  uplink_kB=172.5  t=1.02s
  round  44/50: acc=0.8361  f1m=0.6590  uplink_kB=172.5  t=1.09s
  round  45/50: acc=0.8365  f1m=0.6615  uplink_kB=172.5  t=1.03s
  round  46/50: acc=0.8400  f1m=0.6629  uplink_kB=172.5  t=1.05s
  round  47/50: acc=0.8379  f1m=0.6628  uplink_kB=172.5  t=1.01s
  round  48/50: acc=0.8384  f1m=0.6635  uplink_kB=172.5  t=1.07s
  round  49/50: acc=0.8393  f1m=0.6624  uplink_kB=172.5  t=1.06s
  round  50/50: acc=0.8390  f1m=0.6616  uplink_kB=172.5  t=1.06s
[run] DONE -> /Users/agentra/Documents/hao/working/paper-lab/hao-paper-2026/iotj-fedkan-ids/repo/results/lrsweep_cseciic_mc50k/lrsweep_mlp80_lr0p003__dir0.1__seed31/metrics.json  final_acc=0.8390
