[run] device=cpu  seed=106  out=/Users/agentra/Documents/hao/working/paper-lab/hao-paper-2026/iotj-fedkan-ids/repo/results/lrsweep_toniot/lrsweep_kan8_lr0p01__dir0.1__seed106
[run] model=kan  params=3,280
  round   1/50: acc=0.5000  f1m=0.3333  uplink_kB=150.2  t=2.61s
  round   2/50: acc=0.5008  f1m=0.3359  uplink_kB=150.2  t=1.88s
  round   3/50: acc=0.5132  f1m=0.3640  uplink_kB=150.2  t=2.01s
  round   4/50: acc=0.5613  f1m=0.4640  uplink_kB=150.2  t=1.94s
  round   5/50: acc=0.6206  f1m=0.5772  uplink_kB=150.2  t=1.89s
  round   6/50: acc=0.6768  f1m=0.6557  uplink_kB=150.2  t=1.95s
  round   7/50: acc=0.7050  f1m=0.6924  uplink_kB=150.2  t=1.90s
  round   8/50: acc=0.7043  f1m=0.6918  uplink_kB=150.2  t=2.04s
  round   9/50: acc=0.7143  f1m=0.7049  uplink_kB=150.2  t=1.99s
  round  10/50: acc=0.7002  f1m=0.6883  uplink_kB=150.2  t=1.89s
  round  11/50: acc=0.6950  f1m=0.6811  uplink_kB=150.2  t=2.01s
  round  12/50: acc=0.7006  f1m=0.6887  uplink_kB=150.2  t=1.92s
  round  13/50: acc=0.7133  f1m=0.7036  uplink_kB=150.2  t=1.97s
  round  14/50: acc=0.7042  f1m=0.6928  uplink_kB=150.2  t=2.03s
  round  15/50: acc=0.7221  f1m=0.7134  uplink_kB=150.2  t=2.03s
  round  16/50: acc=0.7306  f1m=0.7237  uplink_kB=150.2  t=2.01s
  round  17/50: acc=0.7280  f1m=0.7205  uplink_kB=150.2  t=1.99s
  round  18/50: acc=0.7310  f1m=0.7243  uplink_kB=150.2  t=2.02s
  round  19/50: acc=0.7287  f1m=0.7209  uplink_kB=150.2  t=2.00s
  round  20/50: acc=0.7334  f1m=0.7271  uplink_kB=150.2  t=1.96s
  round  21/50: acc=0.7300  f1m=0.7246  uplink_kB=150.2  t=2.00s
  round  22/50: acc=0.7289  f1m=0.7237  uplink_kB=150.2  t=1.95s
  round  23/50: acc=0.7295  f1m=0.7243  uplink_kB=150.2  t=1.99s
  round  24/50: acc=0.7363  f1m=0.7300  uplink_kB=150.2  t=2.03s
  round  25/50: acc=0.7318  f1m=0.7264  uplink_kB=150.2  t=1.92s
  round  26/50: acc=0.7312  f1m=0.7263  uplink_kB=150.2  t=1.98s
  round  27/50: acc=0.7303  f1m=0.7252  uplink_kB=150.2  t=1.98s
  round  28/50: acc=0.7306  f1m=0.7253  uplink_kB=150.2  t=1.89s
  round  29/50: acc=0.7309  f1m=0.7256  uplink_kB=150.2  t=1.99s
  round  30/50: acc=0.7299  f1m=0.7250  uplink_kB=150.2  t=1.94s
  round  31/50: acc=0.7306  f1m=0.7255  uplink_kB=150.2  t=1.93s
  round  32/50: acc=0.7324  f1m=0.7275  uplink_kB=150.2  t=1.94s
  round  33/50: acc=0.7306  f1m=0.7255  uplink_kB=150.2  t=2.05s
  round  34/50: acc=0.7310  f1m=0.7258  uplink_kB=150.2  t=1.92s
  round  35/50: acc=0.7321  f1m=0.7270  uplink_kB=150.2  t=1.92s
  round  36/50: acc=0.7330  f1m=0.7275  uplink_kB=150.2  t=1.97s
  round  37/50: acc=0.7326  f1m=0.7275  uplink_kB=150.2  t=1.92s
  round  38/50: acc=0.7339  f1m=0.7292  uplink_kB=150.2  t=1.96s
  round  39/50: acc=0.7355  f1m=0.7304  uplink_kB=150.2  t=1.94s
  round  40/50: acc=0.7363  f1m=0.7312  uplink_kB=150.2  t=1.95s
  round  41/50: acc=0.7370  f1m=0.7315  uplink_kB=150.2  t=2.00s
  round  42/50: acc=0.7377  f1m=0.7322  uplink_kB=150.2  t=1.95s
  round  43/50: acc=0.7369  f1m=0.7312  uplink_kB=150.2  t=1.94s
  round  44/50: acc=0.7363  f1m=0.7307  uplink_kB=150.2  t=1.96s
  round  45/50: acc=0.7383  f1m=0.7334  uplink_kB=150.2  t=1.93s
  round  46/50: acc=0.7378  f1m=0.7323  uplink_kB=150.2  t=1.89s
  round  47/50: acc=0.7392  f1m=0.7343  uplink_kB=150.2  t=1.94s
  round  48/50: acc=0.7391  f1m=0.7341  uplink_kB=150.2  t=1.91s
  round  49/50: acc=0.7397  f1m=0.7343  uplink_kB=150.2  t=1.97s
  round  50/50: acc=0.7396  f1m=0.7342  uplink_kB=150.2  t=1.93s
[run] DONE -> /Users/agentra/Documents/hao/working/paper-lab/hao-paper-2026/iotj-fedkan-ids/repo/results/lrsweep_toniot/lrsweep_kan8_lr0p01__dir0.1__seed106/metrics.json  final_acc=0.7396
