[run] device=cpu  seed=17  out=/Users/agentra/Documents/hao/working/paper-lab/hao-paper-2026/iotj-fedkan-ids/repo/results/lrsweep_cseciic_mc50k/lrsweep_kan8_lr0p0003__dir0.1__seed17
[run] model=kan  params=4,320
  round   1/50: acc=0.0341  f1m=0.0160  uplink_kB=190.8  t=3.28s
  round   2/50: acc=0.1668  f1m=0.0415  uplink_kB=190.8  t=2.71s
  round   3/50: acc=0.1673  f1m=0.0365  uplink_kB=190.8  t=2.64s
  round   4/50: acc=0.1676  f1m=0.0356  uplink_kB=190.8  t=2.54s
  round   5/50: acc=0.2111  f1m=0.0459  uplink_kB=190.8  t=2.64s
  round   6/50: acc=0.2207  f1m=0.0500  uplink_kB=190.8  t=2.55s
  round   7/50: acc=0.2143  f1m=0.0494  uplink_kB=190.8  t=2.60s
  round   8/50: acc=0.2106  f1m=0.0495  uplink_kB=190.8  t=2.83s
  round   9/50: acc=0.2271  f1m=0.0607  uplink_kB=190.8  t=2.53s
  round  10/50: acc=0.3082  f1m=0.0926  uplink_kB=190.8  t=2.85s
  round  11/50: acc=0.3291  f1m=0.0989  uplink_kB=190.8  t=2.60s
  round  12/50: acc=0.3349  f1m=0.1002  uplink_kB=190.8  t=2.68s
  round  13/50: acc=0.3422  f1m=0.1020  uplink_kB=190.8  t=2.64s
  round  14/50: acc=0.3470  f1m=0.1029  uplink_kB=190.8  t=2.62s
  round  15/50: acc=0.3537  f1m=0.1071  uplink_kB=190.8  t=2.56s
  round  16/50: acc=0.3571  f1m=0.1081  uplink_kB=190.8  t=2.63s
  round  17/50: acc=0.3590  f1m=0.1086  uplink_kB=190.8  t=2.58s
  round  18/50: acc=0.3586  f1m=0.1083  uplink_kB=190.8  t=2.72s
  round  19/50: acc=0.3589  f1m=0.1087  uplink_kB=190.8  t=2.61s
  round  20/50: acc=0.3592  f1m=0.1093  uplink_kB=190.8  t=2.69s
  round  21/50: acc=0.3594  f1m=0.1103  uplink_kB=190.8  t=2.63s
  round  22/50: acc=0.3595  f1m=0.1109  uplink_kB=190.8  t=2.62s
  round  23/50: acc=0.3612  f1m=0.1160  uplink_kB=190.8  t=2.72s
  round  24/50: acc=0.4402  f1m=0.1790  uplink_kB=190.8  t=2.65s
  round  25/50: acc=0.4557  f1m=0.1898  uplink_kB=190.8  t=2.65s
  round  26/50: acc=0.4687  f1m=0.2003  uplink_kB=190.8  t=2.69s
  round  27/50: acc=0.4789  f1m=0.2092  uplink_kB=190.8  t=2.59s
  round  28/50: acc=0.4830  f1m=0.2128  uplink_kB=190.8  t=2.53s
  round  29/50: acc=0.4853  f1m=0.2150  uplink_kB=190.8  t=2.69s
  round  30/50: acc=0.4874  f1m=0.2166  uplink_kB=190.8  t=2.73s
  round  31/50: acc=0.4893  f1m=0.2183  uplink_kB=190.8  t=2.61s
  round  32/50: acc=0.4901  f1m=0.2190  uplink_kB=190.8  t=2.77s
  round  33/50: acc=0.4907  f1m=0.2194  uplink_kB=190.8  t=2.50s
  round  34/50: acc=0.4915  f1m=0.2204  uplink_kB=190.8  t=2.68s
  round  35/50: acc=0.4943  f1m=0.2227  uplink_kB=190.8  t=3.06s
  round  36/50: acc=0.4951  f1m=0.2234  uplink_kB=190.8  t=3.12s
  round  37/50: acc=0.4985  f1m=0.2259  uplink_kB=190.8  t=2.99s
  round  38/50: acc=0.5001  f1m=0.2271  uplink_kB=190.8  t=3.08s
  round  39/50: acc=0.5019  f1m=0.2281  uplink_kB=190.8  t=3.07s
  round  40/50: acc=0.5027  f1m=0.2282  uplink_kB=190.8  t=3.01s
  round  41/50: acc=0.5032  f1m=0.2280  uplink_kB=190.8  t=3.18s
  round  42/50: acc=0.5038  f1m=0.2280  uplink_kB=190.8  t=3.10s
  round  43/50: acc=0.5039  f1m=0.2300  uplink_kB=190.8  t=3.27s
  round  44/50: acc=0.5046  f1m=0.2300  uplink_kB=190.8  t=3.66s
  round  45/50: acc=0.5049  f1m=0.2301  uplink_kB=190.8  t=2.76s
  round  46/50: acc=0.5057  f1m=0.2299  uplink_kB=190.8  t=2.84s
  round  47/50: acc=0.5067  f1m=0.2295  uplink_kB=190.8  t=2.76s
  round  48/50: acc=0.5089  f1m=0.2303  uplink_kB=190.8  t=2.86s
  round  49/50: acc=0.5094  f1m=0.2300  uplink_kB=190.8  t=2.76s
  round  50/50: acc=0.5098  f1m=0.2301  uplink_kB=190.8  t=3.04s
[run] DONE -> /Users/agentra/Documents/hao/working/paper-lab/hao-paper-2026/iotj-fedkan-ids/repo/results/lrsweep_cseciic_mc50k/lrsweep_kan8_lr0p0003__dir0.1__seed17/metrics.json  final_acc=0.5098
