[run] device=cpu  seed=2026  out=/Users/agentra/Documents/hao/working/paper-lab/hao-paper-2026/iotj-fedkan-ids/repo/results/lrsweep_cseciic_mc/lrsweep_kan8_lr0p003__dir0.1__seed2026
[run] model=kan  params=4,320
  round   1/50: acc=0.3702  f1m=0.1047  uplink_kB=190.8  t=6.09s
  round   2/50: acc=0.4098  f1m=0.1242  uplink_kB=190.8  t=5.50s
  round   3/50: acc=0.5539  f1m=0.2429  uplink_kB=190.8  t=5.58s
  round   4/50: acc=0.7095  f1m=0.3734  uplink_kB=190.8  t=5.57s
  round   5/50: acc=0.7372  f1m=0.3884  uplink_kB=190.8  t=5.55s
  round   6/50: acc=0.7690  f1m=0.4769  uplink_kB=190.8  t=5.50s
  round   7/50: acc=0.7931  f1m=0.5588  uplink_kB=190.8  t=5.58s
  round   8/50: acc=0.7981  f1m=0.5991  uplink_kB=190.8  t=5.45s
  round   9/50: acc=0.8032  f1m=0.6045  uplink_kB=190.8  t=5.46s
  round  10/50: acc=0.8088  f1m=0.6120  uplink_kB=190.8  t=5.53s
  round  11/50: acc=0.8147  f1m=0.6231  uplink_kB=190.8  t=5.51s
  round  12/50: acc=0.8258  f1m=0.6434  uplink_kB=190.8  t=5.55s
  round  13/50: acc=0.8323  f1m=0.6709  uplink_kB=190.8  t=5.52s
  round  14/50: acc=0.8398  f1m=0.6868  uplink_kB=190.8  t=5.59s
  round  15/50: acc=0.8374  f1m=0.6880  uplink_kB=190.8  t=5.50s
  round  16/50: acc=0.8527  f1m=0.7123  uplink_kB=190.8  t=5.42s
  round  17/50: acc=0.8541  f1m=0.7130  uplink_kB=190.8  t=5.45s
  round  18/50: acc=0.8536  f1m=0.7123  uplink_kB=190.8  t=5.61s
  round  19/50: acc=0.8531  f1m=0.7129  uplink_kB=190.8  t=5.71s
  round  20/50: acc=0.8501  f1m=0.7111  uplink_kB=190.8  t=5.55s
  round  21/50: acc=0.8523  f1m=0.7220  uplink_kB=190.8  t=5.51s
  round  22/50: acc=0.8565  f1m=0.7266  uplink_kB=190.8  t=5.78s
  round  23/50: acc=0.8592  f1m=0.7292  uplink_kB=190.8  t=5.55s
  round  24/50: acc=0.8602  f1m=0.7281  uplink_kB=190.8  t=5.40s
  round  25/50: acc=0.8618  f1m=0.7307  uplink_kB=190.8  t=5.72s
  round  26/50: acc=0.8684  f1m=0.7368  uplink_kB=190.8  t=5.45s
  round  27/50: acc=0.8687  f1m=0.7364  uplink_kB=190.8  t=5.52s
  round  28/50: acc=0.8715  f1m=0.7397  uplink_kB=190.8  t=5.59s
  round  29/50: acc=0.8683  f1m=0.7368  uplink_kB=190.8  t=5.51s
  round  30/50: acc=0.8695  f1m=0.7373  uplink_kB=190.8  t=5.37s
  round  31/50: acc=0.8706  f1m=0.7392  uplink_kB=190.8  t=5.56s
  round  32/50: acc=0.8714  f1m=0.7388  uplink_kB=190.8  t=5.69s
  round  33/50: acc=0.8693  f1m=0.7377  uplink_kB=190.8  t=5.42s
  round  34/50: acc=0.8734  f1m=0.7398  uplink_kB=190.8  t=5.51s
  round  35/50: acc=0.8705  f1m=0.7385  uplink_kB=190.8  t=5.63s
  round  36/50: acc=0.8718  f1m=0.7380  uplink_kB=190.8  t=5.54s
  round  37/50: acc=0.8727  f1m=0.7384  uplink_kB=190.8  t=5.44s
  round  38/50: acc=0.8768  f1m=0.7409  uplink_kB=190.8  t=5.52s
  round  39/50: acc=0.8746  f1m=0.7402  uplink_kB=190.8  t=5.51s
  round  40/50: acc=0.8777  f1m=0.7427  uplink_kB=190.8  t=5.46s
  round  41/50: acc=0.8782  f1m=0.7457  uplink_kB=190.8  t=5.44s
  round  42/50: acc=0.8771  f1m=0.7420  uplink_kB=190.8  t=5.36s
  round  43/50: acc=0.8753  f1m=0.7405  uplink_kB=190.8  t=5.40s
  round  44/50: acc=0.8771  f1m=0.7463  uplink_kB=190.8  t=5.35s
  round  45/50: acc=0.8770  f1m=0.7472  uplink_kB=190.8  t=5.49s
  round  46/50: acc=0.8803  f1m=0.7482  uplink_kB=190.8  t=5.32s
  round  47/50: acc=0.8755  f1m=0.7458  uplink_kB=190.8  t=5.37s
  round  48/50: acc=0.8745  f1m=0.7452  uplink_kB=190.8  t=5.37s
  round  49/50: acc=0.8803  f1m=0.7496  uplink_kB=190.8  t=5.36s
  round  50/50: acc=0.8766  f1m=0.7464  uplink_kB=190.8  t=4.94s
[run] DONE -> /Users/agentra/Documents/hao/working/paper-lab/hao-paper-2026/iotj-fedkan-ids/repo/results/lrsweep_cseciic_mc/lrsweep_kan8_lr0p003__dir0.1__seed2026/metrics.json  final_acc=0.8766
