[run] device=cpu  seed=113  out=/Users/agentra/Documents/hao/working/paper-lab/hao-paper-2026/iotj-fedkan-ids/repo/results/lrsweep_cseciic/lrsweep_mlp80_lr0p01__dir0.1__seed113
[run] model=mlp  params=3,362
  round   1/50: acc=0.9195  f1m=0.9192  uplink_kB=131.3  t=1.43s
  round   2/50: acc=0.9204  f1m=0.9203  uplink_kB=131.3  t=0.79s
  round   3/50: acc=0.9218  f1m=0.9217  uplink_kB=131.3  t=0.81s
  round   4/50: acc=0.9089  f1m=0.9089  uplink_kB=131.3  t=0.78s
  round   5/50: acc=0.9088  f1m=0.9088  uplink_kB=131.3  t=0.78s
  round   6/50: acc=0.9094  f1m=0.9094  uplink_kB=131.3  t=0.73s
  round   7/50: acc=0.9144  f1m=0.9144  uplink_kB=131.3  t=0.77s
  round   8/50: acc=0.9140  f1m=0.9140  uplink_kB=131.3  t=0.77s
  round   9/50: acc=0.9193  f1m=0.9192  uplink_kB=131.3  t=0.78s
  round  10/50: acc=0.9336  f1m=0.9336  uplink_kB=131.3  t=0.76s
  round  11/50: acc=0.9298  f1m=0.9297  uplink_kB=131.3  t=0.81s
  round  12/50: acc=0.9343  f1m=0.9343  uplink_kB=131.3  t=0.69s
  round  13/50: acc=0.9382  f1m=0.9381  uplink_kB=131.3  t=0.85s
  round  14/50: acc=0.9218  f1m=0.9218  uplink_kB=131.3  t=0.87s
  round  15/50: acc=0.9416  f1m=0.9416  uplink_kB=131.3  t=0.94s
  round  16/50: acc=0.9235  f1m=0.9235  uplink_kB=131.3  t=0.89s
  round  17/50: acc=0.9322  f1m=0.9322  uplink_kB=131.3  t=0.72s
  round  18/50: acc=0.9557  f1m=0.9557  uplink_kB=131.3  t=0.81s
  round  19/50: acc=0.9313  f1m=0.9313  uplink_kB=131.3  t=0.84s
  round  20/50: acc=0.9421  f1m=0.9421  uplink_kB=131.3  t=0.79s
  round  21/50: acc=0.9174  f1m=0.9173  uplink_kB=131.3  t=0.79s
  round  22/50: acc=0.9563  f1m=0.9563  uplink_kB=131.3  t=0.77s
  round  23/50: acc=0.9412  f1m=0.9412  uplink_kB=131.3  t=0.77s
  round  24/50: acc=0.9131  f1m=0.9129  uplink_kB=131.3  t=0.70s
  round  25/50: acc=0.9245  f1m=0.9244  uplink_kB=131.3  t=0.80s
  round  26/50: acc=0.9429  f1m=0.9429  uplink_kB=131.3  t=0.79s
  round  27/50: acc=0.8357  f1m=0.8325  uplink_kB=131.3  t=0.77s
  round  28/50: acc=0.9295  f1m=0.9294  uplink_kB=131.3  t=0.80s
  round  29/50: acc=0.8342  f1m=0.8310  uplink_kB=131.3  t=0.72s
  round  30/50: acc=0.7966  f1m=0.7896  uplink_kB=131.3  t=0.79s
  round  31/50: acc=0.8423  f1m=0.8396  uplink_kB=131.3  t=0.78s
  round  32/50: acc=0.7877  f1m=0.7795  uplink_kB=131.3  t=0.81s
  round  33/50: acc=0.9339  f1m=0.9339  uplink_kB=131.3  t=0.76s
  round  34/50: acc=0.8452  f1m=0.8426  uplink_kB=131.3  t=0.80s
  round  35/50: acc=0.9464  f1m=0.9464  uplink_kB=131.3  t=0.70s
  round  36/50: acc=0.9483  f1m=0.9483  uplink_kB=131.3  t=0.80s
  round  37/50: acc=0.8673  f1m=0.8660  uplink_kB=131.3  t=0.78s
  round  38/50: acc=0.9204  f1m=0.9203  uplink_kB=131.3  t=0.79s
  round  39/50: acc=0.9440  f1m=0.9440  uplink_kB=131.3  t=0.80s
  round  40/50: acc=0.9311  f1m=0.9310  uplink_kB=131.3  t=0.80s
  round  41/50: acc=0.8828  f1m=0.8819  uplink_kB=131.3  t=0.74s
  round  42/50: acc=0.9607  f1m=0.9607  uplink_kB=131.3  t=0.78s
  round  43/50: acc=0.9417  f1m=0.9417  uplink_kB=131.3  t=0.79s
  round  44/50: acc=0.8812  f1m=0.8804  uplink_kB=131.3  t=0.76s
  round  45/50: acc=0.9347  f1m=0.9346  uplink_kB=131.3  t=0.80s
  round  46/50: acc=0.8681  f1m=0.8667  uplink_kB=131.3  t=0.79s
  round  47/50: acc=0.9551  f1m=0.9551  uplink_kB=131.3  t=0.77s
  round  48/50: acc=0.9559  f1m=0.9559  uplink_kB=131.3  t=0.72s
  round  49/50: acc=0.9486  f1m=0.9486  uplink_kB=131.3  t=0.75s
  round  50/50: acc=0.9517  f1m=0.9517  uplink_kB=131.3  t=0.77s
[run] DONE -> /Users/agentra/Documents/hao/working/paper-lab/hao-paper-2026/iotj-fedkan-ids/repo/results/lrsweep_cseciic/lrsweep_mlp80_lr0p01__dir0.1__seed113/metrics.json  final_acc=0.9517
