[run] device=cpu  seed=2026  out=/Users/agentra/Documents/hao/working/paper-lab/hao-paper-2026/iotj-fedkan-ids/repo/results/lrsweep_cseciic/lrsweep_kan16_lr0p0003__dir0.1__seed2026
[run] model=kan  params=6,560
  round   1/50: acc=0.8653  f1m=0.8648  uplink_kB=282.0  t=2.39s
  round   2/50: acc=0.8867  f1m=0.8865  uplink_kB=282.0  t=1.95s
  round   3/50: acc=0.8903  f1m=0.8901  uplink_kB=282.0  t=1.99s
  round   4/50: acc=0.8976  f1m=0.8973  uplink_kB=282.0  t=1.98s
  round   5/50: acc=0.9008  f1m=0.9005  uplink_kB=282.0  t=1.89s
  round   6/50: acc=0.9015  f1m=0.9012  uplink_kB=282.0  t=1.97s
  round   7/50: acc=0.9020  f1m=0.9016  uplink_kB=282.0  t=2.11s
  round   8/50: acc=0.9034  f1m=0.9031  uplink_kB=282.0  t=2.02s
  round   9/50: acc=0.9047  f1m=0.9043  uplink_kB=282.0  t=1.95s
  round  10/50: acc=0.9124  f1m=0.9121  uplink_kB=282.0  t=1.93s
  round  11/50: acc=0.9151  f1m=0.9149  uplink_kB=282.0  t=1.86s
  round  12/50: acc=0.9162  f1m=0.9160  uplink_kB=282.0  t=1.92s
  round  13/50: acc=0.9166  f1m=0.9163  uplink_kB=282.0  t=2.05s
  round  14/50: acc=0.9168  f1m=0.9166  uplink_kB=282.0  t=1.89s
  round  15/50: acc=0.9172  f1m=0.9169  uplink_kB=282.0  t=2.04s
  round  16/50: acc=0.9170  f1m=0.9168  uplink_kB=282.0  t=2.02s
  round  17/50: acc=0.9174  f1m=0.9172  uplink_kB=282.0  t=1.90s
  round  18/50: acc=0.9180  f1m=0.9178  uplink_kB=282.0  t=1.85s
  round  19/50: acc=0.9202  f1m=0.9200  uplink_kB=282.0  t=1.93s
  round  20/50: acc=0.9215  f1m=0.9213  uplink_kB=282.0  t=1.93s
  round  21/50: acc=0.9222  f1m=0.9219  uplink_kB=282.0  t=2.16s
  round  22/50: acc=0.9227  f1m=0.9225  uplink_kB=282.0  t=1.90s
  round  23/50: acc=0.9231  f1m=0.9229  uplink_kB=282.0  t=1.95s
  round  24/50: acc=0.9237  f1m=0.9235  uplink_kB=282.0  t=1.94s
  round  25/50: acc=0.9241  f1m=0.9238  uplink_kB=282.0  t=1.87s
  round  26/50: acc=0.9245  f1m=0.9243  uplink_kB=282.0  t=1.96s
  round  27/50: acc=0.9248  f1m=0.9246  uplink_kB=282.0  t=2.03s
  round  28/50: acc=0.9252  f1m=0.9250  uplink_kB=282.0  t=1.94s
  round  29/50: acc=0.9302  f1m=0.9300  uplink_kB=282.0  t=1.89s
  round  30/50: acc=0.9304  f1m=0.9302  uplink_kB=282.0  t=2.02s
  round  31/50: acc=0.9307  f1m=0.9305  uplink_kB=282.0  t=1.98s
  round  32/50: acc=0.9309  f1m=0.9307  uplink_kB=282.0  t=2.01s
  round  33/50: acc=0.9309  f1m=0.9307  uplink_kB=282.0  t=1.98s
  round  34/50: acc=0.9311  f1m=0.9309  uplink_kB=282.0  t=2.11s
  round  35/50: acc=0.9307  f1m=0.9305  uplink_kB=282.0  t=2.00s
  round  36/50: acc=0.9349  f1m=0.9348  uplink_kB=282.0  t=1.88s
  round  37/50: acc=0.9409  f1m=0.9408  uplink_kB=282.0  t=1.92s
  round  38/50: acc=0.9549  f1m=0.9549  uplink_kB=282.0  t=1.94s
  round  39/50: acc=0.9553  f1m=0.9553  uplink_kB=282.0  t=2.00s
  round  40/50: acc=0.9556  f1m=0.9555  uplink_kB=282.0  t=1.92s
  round  41/50: acc=0.9560  f1m=0.9559  uplink_kB=282.0  t=1.89s
  round  42/50: acc=0.9559  f1m=0.9558  uplink_kB=282.0  t=1.91s
  round  43/50: acc=0.9562  f1m=0.9561  uplink_kB=282.0  t=1.92s
  round  44/50: acc=0.9564  f1m=0.9564  uplink_kB=282.0  t=1.85s
  round  45/50: acc=0.9566  f1m=0.9565  uplink_kB=282.0  t=1.93s
  round  46/50: acc=0.9569  f1m=0.9569  uplink_kB=282.0  t=1.95s
  round  47/50: acc=0.9567  f1m=0.9567  uplink_kB=282.0  t=1.91s
  round  48/50: acc=0.9579  f1m=0.9578  uplink_kB=282.0  t=1.91s
  round  49/50: acc=0.9618  f1m=0.9618  uplink_kB=282.0  t=1.89s
  round  50/50: acc=0.9622  f1m=0.9622  uplink_kB=282.0  t=1.79s
[run] DONE -> /Users/agentra/Documents/hao/working/paper-lab/hao-paper-2026/iotj-fedkan-ids/repo/results/lrsweep_cseciic/lrsweep_kan16_lr0p0003__dir0.1__seed2026/metrics.json  final_acc=0.9622
