[run] device=cpu  seed=2024  out=/Users/agentra/Documents/hao/working/paper-lab/hao-paper-2026/iotj-fedkan-ids/repo/results/mc_botiot/mc_mlp80_lr0p01__dir0.1__seed2024
[run] model=mlp  params=3,605
  round   1/50: acc=0.2510  f1m=0.0857  uplink_kB=140.8  t=1.58s
  round   2/50: acc=0.3242  f1m=0.1794  uplink_kB=140.8  t=0.77s
  round   3/50: acc=0.3534  f1m=0.1852  uplink_kB=140.8  t=0.72s
  round   4/50: acc=0.5020  f1m=0.4283  uplink_kB=140.8  t=0.64s
  round   5/50: acc=0.5878  f1m=0.5034  uplink_kB=140.8  t=0.71s
  round   6/50: acc=0.6382  f1m=0.5432  uplink_kB=140.8  t=0.73s
  round   7/50: acc=0.6425  f1m=0.5463  uplink_kB=140.8  t=0.68s
  round   8/50: acc=0.6429  f1m=0.5466  uplink_kB=140.8  t=0.58s
  round   9/50: acc=0.6435  f1m=0.5471  uplink_kB=140.8  t=0.59s
  round  10/50: acc=0.6535  f1m=0.5511  uplink_kB=140.8  t=0.68s
  round  11/50: acc=0.6569  f1m=0.5535  uplink_kB=140.8  t=0.61s
  round  12/50: acc=0.6663  f1m=0.5627  uplink_kB=140.8  t=0.61s
  round  13/50: acc=0.6793  f1m=0.5720  uplink_kB=140.8  t=0.61s
  round  14/50: acc=0.6787  f1m=0.5734  uplink_kB=140.8  t=0.64s
  round  15/50: acc=0.6789  f1m=0.5745  uplink_kB=140.8  t=0.69s
  round  16/50: acc=0.6798  f1m=0.5700  uplink_kB=140.8  t=0.61s
  round  17/50: acc=0.6897  f1m=0.5989  uplink_kB=140.8  t=0.61s
  round  18/50: acc=0.6956  f1m=0.6370  uplink_kB=140.8  t=0.62s
  round  19/50: acc=0.6942  f1m=0.6237  uplink_kB=140.8  t=0.61s
  round  20/50: acc=0.6958  f1m=0.6324  uplink_kB=140.8  t=0.69s
  round  21/50: acc=0.6973  f1m=0.6445  uplink_kB=140.8  t=0.63s
  round  22/50: acc=0.6935  f1m=0.6386  uplink_kB=140.8  t=0.61s
  round  23/50: acc=0.6973  f1m=0.6425  uplink_kB=140.8  t=0.62s
  round  24/50: acc=0.6976  f1m=0.6451  uplink_kB=140.8  t=0.69s
  round  25/50: acc=0.6864  f1m=0.6156  uplink_kB=140.8  t=0.64s
  round  26/50: acc=0.6934  f1m=0.6290  uplink_kB=140.8  t=0.62s
  round  27/50: acc=0.6892  f1m=0.6194  uplink_kB=140.8  t=0.62s
  round  28/50: acc=0.7008  f1m=0.6670  uplink_kB=140.8  t=0.63s
  round  29/50: acc=0.6940  f1m=0.6313  uplink_kB=140.8  t=0.70s
  round  30/50: acc=0.6989  f1m=0.6670  uplink_kB=140.8  t=0.62s
  round  31/50: acc=0.7025  f1m=0.6460  uplink_kB=140.8  t=0.64s
  round  32/50: acc=0.6941  f1m=0.6339  uplink_kB=140.8  t=0.62s
  round  33/50: acc=0.6949  f1m=0.6391  uplink_kB=140.8  t=0.65s
  round  34/50: acc=0.7128  f1m=0.6950  uplink_kB=140.8  t=0.63s
  round  35/50: acc=0.7029  f1m=0.6494  uplink_kB=140.8  t=0.68s
  round  36/50: acc=0.7060  f1m=0.6586  uplink_kB=140.8  t=0.62s
  round  37/50: acc=0.7036  f1m=0.6502  uplink_kB=140.8  t=0.65s
  round  38/50: acc=0.7011  f1m=0.6460  uplink_kB=140.8  t=0.62s
  round  39/50: acc=0.7055  f1m=0.6580  uplink_kB=140.8  t=0.70s
  round  40/50: acc=0.7018  f1m=0.6483  uplink_kB=140.8  t=0.63s
  round  41/50: acc=0.7103  f1m=0.6660  uplink_kB=140.8  t=0.63s
  round  42/50: acc=0.7077  f1m=0.6929  uplink_kB=140.8  t=0.63s
  round  43/50: acc=0.7009  f1m=0.6551  uplink_kB=140.8  t=0.70s
  round  44/50: acc=0.7112  f1m=0.6972  uplink_kB=140.8  t=0.65s
  round  45/50: acc=0.7081  f1m=0.6874  uplink_kB=140.8  t=0.65s
  round  46/50: acc=0.7143  f1m=0.7031  uplink_kB=140.8  t=0.62s
  round  47/50: acc=0.7067  f1m=0.6909  uplink_kB=140.8  t=0.63s
  round  48/50: acc=0.7069  f1m=0.6907  uplink_kB=140.8  t=0.71s
  round  49/50: acc=0.7136  f1m=0.7042  uplink_kB=140.8  t=0.63s
  round  50/50: acc=0.7149  f1m=0.7055  uplink_kB=140.8  t=0.64s
[run] DONE -> /Users/agentra/Documents/hao/working/paper-lab/hao-paper-2026/iotj-fedkan-ids/repo/results/mc_botiot/mc_mlp80_lr0p01__dir0.1__seed2024/metrics.json  final_acc=0.7149
