[run] device=cpu  seed=2026  out=/Users/agentra/Documents/hao/working/paper-lab/hao-paper-2026/iotj-fedkan-ids/repo/results/lrsweep_toniot/lrsweep_kan8_lr0p03__dir0.1__seed2026
[run] model=kan  params=3,280
  round   1/50: acc=0.6199  f1m=0.5619  uplink_kB=150.2  t=2.01s
  round   2/50: acc=0.7435  f1m=0.7368  uplink_kB=150.2  t=1.64s
  round   3/50: acc=0.7746  f1m=0.7722  uplink_kB=150.2  t=1.64s
  round   4/50: acc=0.8915  f1m=0.8912  uplink_kB=150.2  t=1.60s
  round   5/50: acc=0.8689  f1m=0.8687  uplink_kB=150.2  t=1.57s
  round   6/50: acc=0.8727  f1m=0.8719  uplink_kB=150.2  t=1.62s
  round   7/50: acc=0.9069  f1m=0.9069  uplink_kB=150.2  t=1.60s
  round   8/50: acc=0.8562  f1m=0.8543  uplink_kB=150.2  t=1.62s
  round   9/50: acc=0.6904  f1m=0.6655  uplink_kB=150.2  t=1.63s
  round  10/50: acc=0.9123  f1m=0.9121  uplink_kB=150.2  t=1.60s
  round  11/50: acc=0.8391  f1m=0.8356  uplink_kB=150.2  t=1.59s
  round  12/50: acc=0.8982  f1m=0.8976  uplink_kB=150.2  t=1.63s
  round  13/50: acc=0.8666  f1m=0.8652  uplink_kB=150.2  t=1.63s
  round  14/50: acc=0.9297  f1m=0.9297  uplink_kB=150.2  t=1.63s
  round  15/50: acc=0.8446  f1m=0.8415  uplink_kB=150.2  t=1.62s
  round  16/50: acc=0.9497  f1m=0.9497  uplink_kB=150.2  t=1.64s
  round  17/50: acc=0.8833  f1m=0.8824  uplink_kB=150.2  t=1.60s
  round  18/50: acc=0.9181  f1m=0.9180  uplink_kB=150.2  t=1.56s
  round  19/50: acc=0.8147  f1m=0.8092  uplink_kB=150.2  t=1.61s
  round  20/50: acc=0.9241  f1m=0.9240  uplink_kB=150.2  t=1.62s
  round  21/50: acc=0.9425  f1m=0.9425  uplink_kB=150.2  t=1.63s
  round  22/50: acc=0.9243  f1m=0.9241  uplink_kB=150.2  t=1.62s
  round  23/50: acc=0.9433  f1m=0.9433  uplink_kB=150.2  t=1.62s
  round  24/50: acc=0.9121  f1m=0.9118  uplink_kB=150.2  t=1.68s
  round  25/50: acc=0.9112  f1m=0.9108  uplink_kB=150.2  t=1.56s
  round  26/50: acc=0.8450  f1m=0.8440  uplink_kB=150.2  t=1.62s
  round  27/50: acc=0.8429  f1m=0.8403  uplink_kB=150.2  t=1.69s
  round  28/50: acc=0.7353  f1m=0.7170  uplink_kB=150.2  t=1.65s
  round  29/50: acc=0.9265  f1m=0.9263  uplink_kB=150.2  t=1.66s
  round  30/50: acc=0.8697  f1m=0.8678  uplink_kB=150.2  t=1.61s
  round  31/50: acc=0.9041  f1m=0.9035  uplink_kB=150.2  t=1.60s
  round  32/50: acc=0.9036  f1m=0.9028  uplink_kB=150.2  t=1.67s
  round  33/50: acc=0.9414  f1m=0.9413  uplink_kB=150.2  t=1.69s
  round  34/50: acc=0.9397  f1m=0.9396  uplink_kB=150.2  t=1.69s
  round  35/50: acc=0.9134  f1m=0.9130  uplink_kB=150.2  t=1.68s
  round  36/50: acc=0.9423  f1m=0.9422  uplink_kB=150.2  t=1.61s
  round  37/50: acc=0.9274  f1m=0.9272  uplink_kB=150.2  t=1.67s
  round  38/50: acc=0.9430  f1m=0.9429  uplink_kB=150.2  t=1.65s
  round  39/50: acc=0.8739  f1m=0.8726  uplink_kB=150.2  t=1.70s
  round  40/50: acc=0.9408  f1m=0.9408  uplink_kB=150.2  t=1.66s
  round  41/50: acc=0.8054  f1m=0.7982  uplink_kB=150.2  t=1.66s
  round  42/50: acc=0.9497  f1m=0.9497  uplink_kB=150.2  t=1.69s
  round  43/50: acc=0.9280  f1m=0.9278  uplink_kB=150.2  t=1.65s
  round  44/50: acc=0.9559  f1m=0.9559  uplink_kB=150.2  t=1.55s
  round  45/50: acc=0.9417  f1m=0.9416  uplink_kB=150.2  t=1.67s
  round  46/50: acc=0.9053  f1m=0.9048  uplink_kB=150.2  t=1.62s
  round  47/50: acc=0.9557  f1m=0.9556  uplink_kB=150.2  t=1.61s
  round  48/50: acc=0.9488  f1m=0.9487  uplink_kB=150.2  t=1.73s
  round  49/50: acc=0.9293  f1m=0.9291  uplink_kB=150.2  t=1.65s
  round  50/50: acc=0.9533  f1m=0.9533  uplink_kB=150.2  t=1.54s
[run] DONE -> /Users/agentra/Documents/hao/working/paper-lab/hao-paper-2026/iotj-fedkan-ids/repo/results/lrsweep_toniot/lrsweep_kan8_lr0p03__dir0.1__seed2026/metrics.json  final_acc=0.9533
