[run] device=cpu  seed=11  out=/Users/agentra/Documents/hao/working/paper-lab/hao-paper-2026/iotj-fedkan-ids/repo/results/lrsweep_toniot/lrsweep_kan16_lr0p001__dir0.1__seed11
[run] model=kan  params=6,560
  round   1/50: acc=0.5000  f1m=0.3333  uplink_kB=282.0  t=2.43s
  round   2/50: acc=0.5000  f1m=0.3333  uplink_kB=282.0  t=1.91s
  round   3/50: acc=0.5000  f1m=0.3333  uplink_kB=282.0  t=1.92s
  round   4/50: acc=0.5000  f1m=0.3333  uplink_kB=282.0  t=1.96s
  round   5/50: acc=0.5001  f1m=0.3337  uplink_kB=282.0  t=1.88s
  round   6/50: acc=0.5144  f1m=0.3658  uplink_kB=282.0  t=1.90s
  round   7/50: acc=0.5341  f1m=0.4106  uplink_kB=282.0  t=1.85s
  round   8/50: acc=0.5914  f1m=0.5343  uplink_kB=282.0  t=1.92s
  round   9/50: acc=0.6575  f1m=0.6411  uplink_kB=282.0  t=1.90s
  round  10/50: acc=0.6490  f1m=0.6375  uplink_kB=282.0  t=1.91s
  round  11/50: acc=0.6357  f1m=0.6259  uplink_kB=282.0  t=1.91s
  round  12/50: acc=0.6231  f1m=0.6147  uplink_kB=282.0  t=1.84s
  round  13/50: acc=0.6494  f1m=0.6462  uplink_kB=282.0  t=1.89s
  round  14/50: acc=0.6916  f1m=0.6909  uplink_kB=282.0  t=1.92s
  round  15/50: acc=0.7023  f1m=0.7022  uplink_kB=282.0  t=1.91s
  round  16/50: acc=0.7027  f1m=0.7025  uplink_kB=282.0  t=1.92s
  round  17/50: acc=0.7022  f1m=0.7021  uplink_kB=282.0  t=1.91s
  round  18/50: acc=0.7022  f1m=0.7021  uplink_kB=282.0  t=1.85s
  round  19/50: acc=0.7039  f1m=0.7037  uplink_kB=282.0  t=1.88s
  round  20/50: acc=0.7122  f1m=0.7120  uplink_kB=282.0  t=1.91s
  round  21/50: acc=0.7107  f1m=0.7106  uplink_kB=282.0  t=1.89s
  round  22/50: acc=0.7129  f1m=0.7129  uplink_kB=282.0  t=1.91s
  round  23/50: acc=0.7137  f1m=0.7136  uplink_kB=282.0  t=1.93s
  round  24/50: acc=0.7140  f1m=0.7140  uplink_kB=282.0  t=1.91s
  round  25/50: acc=0.7157  f1m=0.7157  uplink_kB=282.0  t=1.85s
  round  26/50: acc=0.7167  f1m=0.7167  uplink_kB=282.0  t=1.90s
  round  27/50: acc=0.7177  f1m=0.7177  uplink_kB=282.0  t=1.93s
  round  28/50: acc=0.7187  f1m=0.7186  uplink_kB=282.0  t=1.87s
  round  29/50: acc=0.7208  f1m=0.7207  uplink_kB=282.0  t=1.88s
  round  30/50: acc=0.7208  f1m=0.7207  uplink_kB=282.0  t=1.90s
  round  31/50: acc=0.7225  f1m=0.7224  uplink_kB=282.0  t=1.86s
  round  32/50: acc=0.7237  f1m=0.7235  uplink_kB=282.0  t=1.89s
  round  33/50: acc=0.7250  f1m=0.7249  uplink_kB=282.0  t=1.89s
  round  34/50: acc=0.7262  f1m=0.7260  uplink_kB=282.0  t=1.86s
  round  35/50: acc=0.7291  f1m=0.7289  uplink_kB=282.0  t=1.93s
  round  36/50: acc=0.7308  f1m=0.7305  uplink_kB=282.0  t=1.92s
  round  37/50: acc=0.7307  f1m=0.7304  uplink_kB=282.0  t=1.88s
  round  38/50: acc=0.7302  f1m=0.7299  uplink_kB=282.0  t=1.86s
  round  39/50: acc=0.7355  f1m=0.7348  uplink_kB=282.0  t=1.90s
  round  40/50: acc=0.7334  f1m=0.7330  uplink_kB=282.0  t=1.88s
  round  41/50: acc=0.7326  f1m=0.7323  uplink_kB=282.0  t=1.91s
  round  42/50: acc=0.7363  f1m=0.7359  uplink_kB=282.0  t=1.92s
  round  43/50: acc=0.7379  f1m=0.7370  uplink_kB=282.0  t=1.90s
  round  44/50: acc=0.7368  f1m=0.7357  uplink_kB=282.0  t=1.82s
  round  45/50: acc=0.7388  f1m=0.7381  uplink_kB=282.0  t=1.90s
  round  46/50: acc=0.7344  f1m=0.7331  uplink_kB=282.0  t=1.89s
  round  47/50: acc=0.7323  f1m=0.7310  uplink_kB=282.0  t=1.95s
  round  48/50: acc=0.7351  f1m=0.7336  uplink_kB=282.0  t=1.90s
  round  49/50: acc=0.7351  f1m=0.7337  uplink_kB=282.0  t=1.85s
  round  50/50: acc=0.7353  f1m=0.7339  uplink_kB=282.0  t=1.74s
[run] DONE -> /Users/agentra/Documents/hao/working/paper-lab/hao-paper-2026/iotj-fedkan-ids/repo/results/lrsweep_toniot/lrsweep_kan16_lr0p001__dir0.1__seed11/metrics.json  final_acc=0.7353
