[run] device=cpu  seed=11  out=/Users/agentra/Documents/hao/working/paper-lab/hao-paper-2026/iotj-fedkan-ids/repo/results/sensitivity_botiot/sens_k4__dir0.1__seed11
[run] model=kan  params=3,608
  round   1/50: acc=0.9361  f1m=0.9361  uplink_kB=166.6  t=3.04s
  round   2/50: acc=0.9382  f1m=0.9382  uplink_kB=166.6  t=2.16s
  round   3/50: acc=0.9083  f1m=0.9081  uplink_kB=166.6  t=2.13s
  round   4/50: acc=0.9520  f1m=0.9520  uplink_kB=166.6  t=2.29s
  round   5/50: acc=0.9658  f1m=0.9658  uplink_kB=166.6  t=2.26s
  round   6/50: acc=0.9670  f1m=0.9670  uplink_kB=166.6  t=2.18s
  round   7/50: acc=0.9520  f1m=0.9520  uplink_kB=166.6  t=2.23s
  round   8/50: acc=0.9688  f1m=0.9688  uplink_kB=166.6  t=2.16s
  round   9/50: acc=0.9054  f1m=0.9047  uplink_kB=166.6  t=2.07s
  round  10/50: acc=0.9682  f1m=0.9682  uplink_kB=166.6  t=2.12s
  round  11/50: acc=0.9513  f1m=0.9513  uplink_kB=166.6  t=2.48s
  round  12/50: acc=0.9673  f1m=0.9673  uplink_kB=166.6  t=2.10s
  round  13/50: acc=0.9627  f1m=0.9627  uplink_kB=166.6  t=2.08s
  round  14/50: acc=0.9694  f1m=0.9694  uplink_kB=166.6  t=2.44s
  round  15/50: acc=0.9690  f1m=0.9690  uplink_kB=166.6  t=2.12s
  round  16/50: acc=0.9700  f1m=0.9700  uplink_kB=166.6  t=2.23s
  round  17/50: acc=0.9701  f1m=0.9701  uplink_kB=166.6  t=2.20s
  round  18/50: acc=0.9700  f1m=0.9699  uplink_kB=166.6  t=2.16s
  round  19/50: acc=0.9702  f1m=0.9702  uplink_kB=166.6  t=2.15s
  round  20/50: acc=0.9701  f1m=0.9701  uplink_kB=166.6  t=2.04s
  round  21/50: acc=0.9699  f1m=0.9699  uplink_kB=166.6  t=2.08s
  round  22/50: acc=0.9703  f1m=0.9703  uplink_kB=166.6  t=1.96s
  round  23/50: acc=0.9705  f1m=0.9705  uplink_kB=166.6  t=1.95s
  round  24/50: acc=0.9703  f1m=0.9703  uplink_kB=166.6  t=2.16s
  round  25/50: acc=0.9703  f1m=0.9703  uplink_kB=166.6  t=2.14s
  round  26/50: acc=0.9700  f1m=0.9700  uplink_kB=166.6  t=2.06s
  round  27/50: acc=0.9724  f1m=0.9724  uplink_kB=166.6  t=2.12s
  round  28/50: acc=0.9725  f1m=0.9724  uplink_kB=166.6  t=2.09s
  round  29/50: acc=0.9708  f1m=0.9708  uplink_kB=166.6  t=2.17s
  round  30/50: acc=0.9700  f1m=0.9700  uplink_kB=166.6  t=2.03s
  round  31/50: acc=0.9705  f1m=0.9705  uplink_kB=166.6  t=2.11s
  round  32/50: acc=0.9700  f1m=0.9700  uplink_kB=166.6  t=2.03s
  round  33/50: acc=0.9179  f1m=0.9174  uplink_kB=166.6  t=2.07s
  round  34/50: acc=0.9701  f1m=0.9701  uplink_kB=166.6  t=2.11s
  round  35/50: acc=0.9737  f1m=0.9737  uplink_kB=166.6  t=2.05s
  round  36/50: acc=0.9741  f1m=0.9741  uplink_kB=166.6  t=2.14s
  round  37/50: acc=0.9690  f1m=0.9690  uplink_kB=166.6  t=2.05s
  round  38/50: acc=0.9725  f1m=0.9725  uplink_kB=166.6  t=2.07s
  round  39/50: acc=0.9763  f1m=0.9762  uplink_kB=166.6  t=2.12s
  round  40/50: acc=0.9748  f1m=0.9748  uplink_kB=166.6  t=2.08s
  round  41/50: acc=0.9748  f1m=0.9747  uplink_kB=166.6  t=2.11s
  round  42/50: acc=0.9746  f1m=0.9746  uplink_kB=166.6  t=2.01s
  round  43/50: acc=0.9715  f1m=0.9714  uplink_kB=166.6  t=2.06s
  round  44/50: acc=0.9358  f1m=0.9355  uplink_kB=166.6  t=2.05s
  round  45/50: acc=0.9721  f1m=0.9721  uplink_kB=166.6  t=2.08s
  round  46/50: acc=0.9371  f1m=0.9369  uplink_kB=166.6  t=2.11s
  round  47/50: acc=0.9749  f1m=0.9749  uplink_kB=166.6  t=2.15s
  round  48/50: acc=0.9304  f1m=0.9301  uplink_kB=166.6  t=2.08s
  round  49/50: acc=0.9749  f1m=0.9749  uplink_kB=166.6  t=2.00s
  round  50/50: acc=0.9206  f1m=0.9201  uplink_kB=166.6  t=2.09s
[run] DONE -> /Users/agentra/Documents/hao/working/paper-lab/hao-paper-2026/iotj-fedkan-ids/repo/results/sensitivity_botiot/sens_k4__dir0.1__seed11/metrics.json  final_acc=0.9206
