[run] device=cpu  seed=23  out=/Users/agentra/Documents/hao/working/paper-lab/hao-paper-2026/iotj-fedkan-ids/repo/results/lrsweep_cseciic_mc/lrsweep_kan8_lr0p0003__dir0.1__seed23
[run] model=kan  params=4,320
  round   1/50: acc=0.1152  f1m=0.0306  uplink_kB=190.8  t=6.03s
  round   2/50: acc=0.1686  f1m=0.0329  uplink_kB=190.8  t=5.44s
  round   3/50: acc=0.1715  f1m=0.0356  uplink_kB=190.8  t=5.63s
  round   4/50: acc=0.1716  f1m=0.0357  uplink_kB=190.8  t=5.61s
  round   5/50: acc=0.1714  f1m=0.0357  uplink_kB=190.8  t=5.53s
  round   6/50: acc=0.1720  f1m=0.0363  uplink_kB=190.8  t=5.44s
  round   7/50: acc=0.2126  f1m=0.0573  uplink_kB=190.8  t=5.52s
  round   8/50: acc=0.2967  f1m=0.0784  uplink_kB=190.8  t=5.48s
  round   9/50: acc=0.3228  f1m=0.0801  uplink_kB=190.8  t=5.38s
  round  10/50: acc=0.3204  f1m=0.0782  uplink_kB=190.8  t=5.47s
  round  11/50: acc=0.3186  f1m=0.0774  uplink_kB=190.8  t=5.50s
  round  12/50: acc=0.4126  f1m=0.1214  uplink_kB=190.8  t=5.51s
  round  13/50: acc=0.4108  f1m=0.1205  uplink_kB=190.8  t=5.30s
  round  14/50: acc=0.4098  f1m=0.1207  uplink_kB=190.8  t=5.40s
  round  15/50: acc=0.4080  f1m=0.1215  uplink_kB=190.8  t=5.44s
  round  16/50: acc=0.4079  f1m=0.1270  uplink_kB=190.8  t=5.40s
  round  17/50: acc=0.4334  f1m=0.1487  uplink_kB=190.8  t=5.43s
  round  18/50: acc=0.4354  f1m=0.1488  uplink_kB=190.8  t=5.46s
  round  19/50: acc=0.4351  f1m=0.1484  uplink_kB=190.8  t=5.57s
  round  20/50: acc=0.4351  f1m=0.1482  uplink_kB=190.8  t=5.36s
  round  21/50: acc=0.4361  f1m=0.1492  uplink_kB=190.8  t=5.47s
  round  22/50: acc=0.4381  f1m=0.1570  uplink_kB=190.8  t=5.44s
  round  23/50: acc=0.4430  f1m=0.1683  uplink_kB=190.8  t=5.38s
  round  24/50: acc=0.4481  f1m=0.1757  uplink_kB=190.8  t=5.54s
  round  25/50: acc=0.4519  f1m=0.1799  uplink_kB=190.8  t=5.33s
  round  26/50: acc=0.4774  f1m=0.2396  uplink_kB=190.8  t=5.33s
  round  27/50: acc=0.4929  f1m=0.2538  uplink_kB=190.8  t=5.59s
  round  28/50: acc=0.4988  f1m=0.2525  uplink_kB=190.8  t=5.46s
  round  29/50: acc=0.5015  f1m=0.2516  uplink_kB=190.8  t=5.39s
  round  30/50: acc=0.5019  f1m=0.2519  uplink_kB=190.8  t=5.45s
  round  31/50: acc=0.5027  f1m=0.2524  uplink_kB=190.8  t=5.62s
  round  32/50: acc=0.5035  f1m=0.2529  uplink_kB=190.8  t=5.44s
  round  33/50: acc=0.5043  f1m=0.2537  uplink_kB=190.8  t=5.47s
  round  34/50: acc=0.5049  f1m=0.2542  uplink_kB=190.8  t=5.46s
  round  35/50: acc=0.5053  f1m=0.2545  uplink_kB=190.8  t=5.40s
  round  36/50: acc=0.5053  f1m=0.2545  uplink_kB=190.8  t=5.42s
  round  37/50: acc=0.5056  f1m=0.2547  uplink_kB=190.8  t=5.48s
  round  38/50: acc=0.5058  f1m=0.2550  uplink_kB=190.8  t=5.50s
  round  39/50: acc=0.5061  f1m=0.2552  uplink_kB=190.8  t=5.49s
  round  40/50: acc=0.5065  f1m=0.2555  uplink_kB=190.8  t=5.63s
  round  41/50: acc=0.5104  f1m=0.2590  uplink_kB=190.8  t=5.56s
  round  42/50: acc=0.5164  f1m=0.2641  uplink_kB=190.8  t=5.51s
  round  43/50: acc=0.5172  f1m=0.2647  uplink_kB=190.8  t=5.39s
  round  44/50: acc=0.5180  f1m=0.2653  uplink_kB=190.8  t=5.55s
  round  45/50: acc=0.5192  f1m=0.2662  uplink_kB=190.8  t=5.43s
  round  46/50: acc=0.5200  f1m=0.2669  uplink_kB=190.8  t=5.41s
  round  47/50: acc=0.5206  f1m=0.2674  uplink_kB=190.8  t=5.56s
  round  48/50: acc=0.5208  f1m=0.2675  uplink_kB=190.8  t=5.48s
  round  49/50: acc=0.5208  f1m=0.2675  uplink_kB=190.8  t=5.43s
  round  50/50: acc=0.5209  f1m=0.2676  uplink_kB=190.8  t=5.49s
[run] DONE -> /Users/agentra/Documents/hao/working/paper-lab/hao-paper-2026/iotj-fedkan-ids/repo/results/lrsweep_cseciic_mc/lrsweep_kan8_lr0p0003__dir0.1__seed23/metrics.json  final_acc=0.5209
