[run] device=cpu  seed=2024  out=/Users/agentra/Documents/hao/working/paper-lab/hao-paper-2026/iotj-fedkan-ids/repo/results/mc_botiot/mc_mlp32_lr0p01__dir0.1__seed2024
[run] model=mlp  params=1,445
  round   1/50: acc=0.4127  f1m=0.2207  uplink_kB=56.4  t=1.44s
  round   2/50: acc=0.4099  f1m=0.2173  uplink_kB=56.4  t=0.70s
  round   3/50: acc=0.4132  f1m=0.2192  uplink_kB=56.4  t=0.67s
  round   4/50: acc=0.4028  f1m=0.2130  uplink_kB=56.4  t=0.64s
  round   5/50: acc=0.4029  f1m=0.2206  uplink_kB=56.4  t=0.64s
  round   6/50: acc=0.4025  f1m=0.3086  uplink_kB=56.4  t=0.77s
  round   7/50: acc=0.3996  f1m=0.2954  uplink_kB=56.4  t=0.62s
  round   8/50: acc=0.4095  f1m=0.2974  uplink_kB=56.4  t=0.64s
  round   9/50: acc=0.4111  f1m=0.2956  uplink_kB=56.4  t=0.60s
  round  10/50: acc=0.4890  f1m=0.4002  uplink_kB=56.4  t=0.67s
  round  11/50: acc=0.5966  f1m=0.5039  uplink_kB=56.4  t=0.60s
  round  12/50: acc=0.6655  f1m=0.5576  uplink_kB=56.4  t=0.58s
  round  13/50: acc=0.6783  f1m=0.5639  uplink_kB=56.4  t=0.61s
  round  14/50: acc=0.6785  f1m=0.5645  uplink_kB=56.4  t=0.61s
  round  15/50: acc=0.6810  f1m=0.5656  uplink_kB=56.4  t=0.68s
  round  16/50: acc=0.6794  f1m=0.5679  uplink_kB=56.4  t=0.71s
  round  17/50: acc=0.6791  f1m=0.5682  uplink_kB=56.4  t=0.66s
  round  18/50: acc=0.6776  f1m=0.5592  uplink_kB=56.4  t=0.62s
  round  19/50: acc=0.6816  f1m=0.5662  uplink_kB=56.4  t=0.60s
  round  20/50: acc=0.6873  f1m=0.5764  uplink_kB=56.4  t=0.65s
  round  21/50: acc=0.6935  f1m=0.5875  uplink_kB=56.4  t=0.60s
  round  22/50: acc=0.6968  f1m=0.5940  uplink_kB=56.4  t=0.63s
  round  23/50: acc=0.6950  f1m=0.5915  uplink_kB=56.4  t=0.69s
  round  24/50: acc=0.7060  f1m=0.6115  uplink_kB=56.4  t=0.90s
  round  25/50: acc=0.7098  f1m=0.6256  uplink_kB=56.4  t=0.65s
  round  26/50: acc=0.7075  f1m=0.6164  uplink_kB=56.4  t=0.60s
  round  27/50: acc=0.7132  f1m=0.6232  uplink_kB=56.4  t=0.58s
  round  28/50: acc=0.7135  f1m=0.6233  uplink_kB=56.4  t=0.58s
  round  29/50: acc=0.7111  f1m=0.6195  uplink_kB=56.4  t=0.63s
  round  30/50: acc=0.7171  f1m=0.6367  uplink_kB=56.4  t=0.58s
  round  31/50: acc=0.7109  f1m=0.6294  uplink_kB=56.4  t=0.58s
  round  32/50: acc=0.7144  f1m=0.6336  uplink_kB=56.4  t=0.59s
  round  33/50: acc=0.6991  f1m=0.6087  uplink_kB=56.4  t=0.61s
  round  34/50: acc=0.7057  f1m=0.6347  uplink_kB=56.4  t=0.57s
  round  35/50: acc=0.6936  f1m=0.6162  uplink_kB=56.4  t=0.63s
  round  36/50: acc=0.6949  f1m=0.6014  uplink_kB=56.4  t=0.59s
  round  37/50: acc=0.6981  f1m=0.6241  uplink_kB=56.4  t=0.60s
  round  38/50: acc=0.6965  f1m=0.6516  uplink_kB=56.4  t=0.60s
  round  39/50: acc=0.6916  f1m=0.6198  uplink_kB=56.4  t=0.63s
  round  40/50: acc=0.6916  f1m=0.6210  uplink_kB=56.4  t=0.61s
  round  41/50: acc=0.6919  f1m=0.6224  uplink_kB=56.4  t=0.57s
  round  42/50: acc=0.6916  f1m=0.6132  uplink_kB=56.4  t=0.59s
  round  43/50: acc=0.6895  f1m=0.6135  uplink_kB=56.4  t=0.63s
  round  44/50: acc=0.6893  f1m=0.6141  uplink_kB=56.4  t=0.59s
  round  45/50: acc=0.6903  f1m=0.6179  uplink_kB=56.4  t=0.60s
  round  46/50: acc=0.6996  f1m=0.6582  uplink_kB=56.4  t=0.59s
  round  47/50: acc=0.6942  f1m=0.6227  uplink_kB=56.4  t=0.57s
  round  48/50: acc=0.6949  f1m=0.6255  uplink_kB=56.4  t=0.63s
  round  49/50: acc=0.6988  f1m=0.6321  uplink_kB=56.4  t=0.58s
  round  50/50: acc=0.7461  f1m=0.7245  uplink_kB=56.4  t=0.56s
[run] DONE -> /Users/agentra/Documents/hao/working/paper-lab/hao-paper-2026/iotj-fedkan-ids/repo/results/mc_botiot/mc_mlp32_lr0p01__dir0.1__seed2024/metrics.json  final_acc=0.7461
