[run] device=cpu  seed=31  out=/Users/agentra/Documents/hao/working/paper-lab/hao-paper-2026/iotj-fedkan-ids/repo/results/lrsweep_cseciic/lrsweep_kan16_lr0p03__dir0.1__seed31
[run] model=kan  params=6,560
  round   1/50: acc=0.7205  f1m=0.7024  uplink_kB=282.0  t=2.51s
  round   2/50: acc=0.7986  f1m=0.7927  uplink_kB=282.0  t=1.97s
  round   3/50: acc=0.7279  f1m=0.7102  uplink_kB=282.0  t=1.96s
  round   4/50: acc=0.9038  f1m=0.9035  uplink_kB=282.0  t=2.02s
  round   5/50: acc=0.7625  f1m=0.7520  uplink_kB=282.0  t=1.90s
  round   6/50: acc=0.9559  f1m=0.9559  uplink_kB=282.0  t=1.86s
  round   7/50: acc=0.8213  f1m=0.8177  uplink_kB=282.0  t=1.99s
  round   8/50: acc=0.9541  f1m=0.9541  uplink_kB=282.0  t=1.94s
  round   9/50: acc=0.8525  f1m=0.8507  uplink_kB=282.0  t=1.95s
  round  10/50: acc=0.9332  f1m=0.9332  uplink_kB=282.0  t=1.97s
  round  11/50: acc=0.8675  f1m=0.8663  uplink_kB=282.0  t=1.97s
  round  12/50: acc=0.9570  f1m=0.9570  uplink_kB=282.0  t=1.99s
  round  13/50: acc=0.9473  f1m=0.9473  uplink_kB=282.0  t=1.98s
  round  14/50: acc=0.9725  f1m=0.9725  uplink_kB=282.0  t=1.86s
  round  15/50: acc=0.9589  f1m=0.9589  uplink_kB=282.0  t=1.98s
  round  16/50: acc=0.9711  f1m=0.9711  uplink_kB=282.0  t=1.94s
  round  17/50: acc=0.9664  f1m=0.9664  uplink_kB=282.0  t=1.96s
  round  18/50: acc=0.9649  f1m=0.9649  uplink_kB=282.0  t=1.97s
  round  19/50: acc=0.9659  f1m=0.9659  uplink_kB=282.0  t=1.92s
  round  20/50: acc=0.9473  f1m=0.9473  uplink_kB=282.0  t=1.95s
  round  21/50: acc=0.9682  f1m=0.9682  uplink_kB=282.0  t=1.88s
  round  22/50: acc=0.9081  f1m=0.9078  uplink_kB=282.0  t=1.95s
  round  23/50: acc=0.9667  f1m=0.9667  uplink_kB=282.0  t=1.96s
  round  24/50: acc=0.7038  f1m=0.6769  uplink_kB=282.0  t=1.99s
  round  25/50: acc=0.9726  f1m=0.9726  uplink_kB=282.0  t=2.01s
  round  26/50: acc=0.9284  f1m=0.9283  uplink_kB=282.0  t=1.98s
  round  27/50: acc=0.9685  f1m=0.9685  uplink_kB=282.0  t=1.97s
  round  28/50: acc=0.9742  f1m=0.9742  uplink_kB=282.0  t=2.05s
  round  29/50: acc=0.9715  f1m=0.9715  uplink_kB=282.0  t=1.86s
  round  30/50: acc=0.9593  f1m=0.9593  uplink_kB=282.0  t=1.96s
  round  31/50: acc=0.9697  f1m=0.9697  uplink_kB=282.0  t=1.93s
  round  32/50: acc=0.9655  f1m=0.9655  uplink_kB=282.0  t=1.92s
  round  33/50: acc=0.9532  f1m=0.9532  uplink_kB=282.0  t=2.05s
  round  34/50: acc=0.9587  f1m=0.9587  uplink_kB=282.0  t=1.94s
  round  35/50: acc=0.9561  f1m=0.9561  uplink_kB=282.0  t=1.95s
  round  36/50: acc=0.9650  f1m=0.9650  uplink_kB=282.0  t=1.94s
  round  37/50: acc=0.9675  f1m=0.9675  uplink_kB=282.0  t=1.90s
  round  38/50: acc=0.9730  f1m=0.9730  uplink_kB=282.0  t=2.04s
  round  39/50: acc=0.9677  f1m=0.9676  uplink_kB=282.0  t=1.93s
  round  40/50: acc=0.9747  f1m=0.9747  uplink_kB=282.0  t=1.97s
  round  41/50: acc=0.9560  f1m=0.9560  uplink_kB=282.0  t=2.00s
  round  42/50: acc=0.9704  f1m=0.9704  uplink_kB=282.0  t=1.94s
  round  43/50: acc=0.9743  f1m=0.9743  uplink_kB=282.0  t=1.99s
  round  44/50: acc=0.9605  f1m=0.9605  uplink_kB=282.0  t=1.96s
  round  45/50: acc=0.9628  f1m=0.9628  uplink_kB=282.0  t=1.95s
  round  46/50: acc=0.9691  f1m=0.9691  uplink_kB=282.0  t=2.00s
  round  47/50: acc=0.9728  f1m=0.9728  uplink_kB=282.0  t=2.14s
  round  48/50: acc=0.9722  f1m=0.9722  uplink_kB=282.0  t=1.92s
  round  49/50: acc=0.9696  f1m=0.9696  uplink_kB=282.0  t=1.99s
  round  50/50: acc=0.9675  f1m=0.9675  uplink_kB=282.0  t=1.87s
[run] DONE -> /Users/agentra/Documents/hao/working/paper-lab/hao-paper-2026/iotj-fedkan-ids/repo/results/lrsweep_cseciic/lrsweep_kan16_lr0p03__dir0.1__seed31/metrics.json  final_acc=0.9675
