[run] device=cpu  seed=23  out=/Users/agentra/Documents/hao/working/paper-lab/hao-paper-2026/iotj-fedkan-ids/repo/results/lrsweep_toniot/lrsweep_mlp80_lr0p001__dir0.1__seed23
[run] model=mlp  params=3,362
  round   1/50: acc=0.6466  f1m=0.6193  uplink_kB=131.3  t=1.14s
  round   2/50: acc=0.6884  f1m=0.6710  uplink_kB=131.3  t=0.69s
  round   3/50: acc=0.6984  f1m=0.6841  uplink_kB=131.3  t=0.66s
  round   4/50: acc=0.7118  f1m=0.7003  uplink_kB=131.3  t=0.65s
  round   5/50: acc=0.7158  f1m=0.7058  uplink_kB=131.3  t=0.62s
  round   6/50: acc=0.7271  f1m=0.7190  uplink_kB=131.3  t=0.66s
  round   7/50: acc=0.7353  f1m=0.7307  uplink_kB=131.3  t=0.67s
  round   8/50: acc=0.7359  f1m=0.7314  uplink_kB=131.3  t=0.65s
  round   9/50: acc=0.7349  f1m=0.7307  uplink_kB=131.3  t=0.66s
  round  10/50: acc=0.7390  f1m=0.7354  uplink_kB=131.3  t=0.67s
  round  11/50: acc=0.7419  f1m=0.7382  uplink_kB=131.3  t=0.61s
  round  12/50: acc=0.7452  f1m=0.7418  uplink_kB=131.3  t=0.65s
  round  13/50: acc=0.7458  f1m=0.7421  uplink_kB=131.3  t=0.66s
  round  14/50: acc=0.7488  f1m=0.7453  uplink_kB=131.3  t=0.65s
  round  15/50: acc=0.7521  f1m=0.7488  uplink_kB=131.3  t=0.70s
  round  16/50: acc=0.7557  f1m=0.7522  uplink_kB=131.3  t=0.70s
  round  17/50: acc=0.7581  f1m=0.7550  uplink_kB=131.3  t=0.67s
  round  18/50: acc=0.7619  f1m=0.7586  uplink_kB=131.3  t=0.63s
  round  19/50: acc=0.7664  f1m=0.7630  uplink_kB=131.3  t=0.66s
  round  20/50: acc=0.7644  f1m=0.7614  uplink_kB=131.3  t=0.69s
  round  21/50: acc=0.7698  f1m=0.7664  uplink_kB=131.3  t=0.68s
  round  22/50: acc=0.7706  f1m=0.7673  uplink_kB=131.3  t=0.66s
  round  23/50: acc=0.7697  f1m=0.7662  uplink_kB=131.3  t=0.67s
  round  24/50: acc=0.7702  f1m=0.7669  uplink_kB=131.3  t=0.68s
  round  25/50: acc=0.7709  f1m=0.7669  uplink_kB=131.3  t=0.63s
  round  26/50: acc=0.7714  f1m=0.7676  uplink_kB=131.3  t=0.64s
  round  27/50: acc=0.7718  f1m=0.7679  uplink_kB=131.3  t=0.66s
  round  28/50: acc=0.7720  f1m=0.7680  uplink_kB=131.3  t=0.66s
  round  29/50: acc=0.7713  f1m=0.7670  uplink_kB=131.3  t=0.68s
  round  30/50: acc=0.7723  f1m=0.7681  uplink_kB=131.3  t=0.68s
  round  31/50: acc=0.7717  f1m=0.7673  uplink_kB=131.3  t=0.63s
  round  32/50: acc=0.7731  f1m=0.7687  uplink_kB=131.3  t=0.66s
  round  33/50: acc=0.7753  f1m=0.7712  uplink_kB=131.3  t=0.65s
  round  34/50: acc=0.7741  f1m=0.7698  uplink_kB=131.3  t=0.67s
  round  35/50: acc=0.7751  f1m=0.7708  uplink_kB=131.3  t=0.67s
  round  36/50: acc=0.7769  f1m=0.7730  uplink_kB=131.3  t=0.63s
  round  37/50: acc=0.7788  f1m=0.7751  uplink_kB=131.3  t=0.57s
  round  38/50: acc=0.7789  f1m=0.7752  uplink_kB=131.3  t=0.68s
  round  39/50: acc=0.7781  f1m=0.7742  uplink_kB=131.3  t=0.65s
  round  40/50: acc=0.8697  f1m=0.8695  uplink_kB=131.3  t=0.67s
  round  41/50: acc=0.9069  f1m=0.9069  uplink_kB=131.3  t=0.65s
  round  42/50: acc=0.8699  f1m=0.8696  uplink_kB=131.3  t=0.69s
  round  43/50: acc=0.8710  f1m=0.8708  uplink_kB=131.3  t=0.67s
  round  44/50: acc=0.8756  f1m=0.8754  uplink_kB=131.3  t=0.62s
  round  45/50: acc=0.9114  f1m=0.9114  uplink_kB=131.3  t=0.65s
  round  46/50: acc=0.9109  f1m=0.9109  uplink_kB=131.3  t=0.64s
  round  47/50: acc=0.9069  f1m=0.9069  uplink_kB=131.3  t=0.67s
  round  48/50: acc=0.9085  f1m=0.9084  uplink_kB=131.3  t=0.64s
  round  49/50: acc=0.9089  f1m=0.9089  uplink_kB=131.3  t=0.68s
  round  50/50: acc=0.9085  f1m=0.9085  uplink_kB=131.3  t=0.66s
[run] DONE -> /Users/agentra/Documents/hao/working/paper-lab/hao-paper-2026/iotj-fedkan-ids/repo/results/lrsweep_toniot/lrsweep_mlp80_lr0p001__dir0.1__seed23/metrics.json  final_acc=0.9085
