[run] device=cpu  seed=42  out=/Users/agentra/Documents/hao/working/paper-lab/hao-paper-2026/iotj-fedkan-ids/repo/results/lrsweep_toniot/lrsweep_mlp32_lr0p03__dir0.1__seed42
[run] model=mlp  params=1,346
  round   1/50: acc=0.5000  f1m=0.3333  uplink_kB=52.6  t=1.11s
  round   2/50: acc=0.5000  f1m=0.3333  uplink_kB=52.6  t=0.68s
  round   3/50: acc=0.5000  f1m=0.3333  uplink_kB=52.6  t=0.66s
  round   4/50: acc=0.5000  f1m=0.3333  uplink_kB=52.6  t=0.65s
  round   5/50: acc=0.5132  f1m=0.3634  uplink_kB=52.6  t=0.65s
  round   6/50: acc=0.5594  f1m=0.4569  uplink_kB=52.6  t=0.60s
  round   7/50: acc=0.7142  f1m=0.7061  uplink_kB=52.6  t=0.64s
  round   8/50: acc=0.7201  f1m=0.7155  uplink_kB=52.6  t=0.66s
  round   9/50: acc=0.6999  f1m=0.6834  uplink_kB=52.6  t=0.65s
  round  10/50: acc=0.7198  f1m=0.7166  uplink_kB=52.6  t=0.70s
  round  11/50: acc=0.7126  f1m=0.7000  uplink_kB=52.6  t=0.66s
  round  12/50: acc=0.7191  f1m=0.7161  uplink_kB=52.6  t=0.64s
  round  13/50: acc=0.7184  f1m=0.7145  uplink_kB=52.6  t=0.62s
  round  14/50: acc=0.7644  f1m=0.7641  uplink_kB=52.6  t=0.64s
  round  15/50: acc=0.7171  f1m=0.7077  uplink_kB=52.6  t=0.67s
  round  16/50: acc=0.7295  f1m=0.7276  uplink_kB=52.6  t=0.68s
  round  17/50: acc=0.7262  f1m=0.7240  uplink_kB=52.6  t=0.64s
  round  18/50: acc=0.7366  f1m=0.7327  uplink_kB=52.6  t=0.65s
  round  19/50: acc=0.6905  f1m=0.6902  uplink_kB=52.6  t=0.65s
  round  20/50: acc=0.7735  f1m=0.7717  uplink_kB=52.6  t=0.60s
  round  21/50: acc=0.6918  f1m=0.6914  uplink_kB=52.6  t=0.67s
  round  22/50: acc=0.7280  f1m=0.7221  uplink_kB=52.6  t=0.65s
  round  23/50: acc=0.6884  f1m=0.6881  uplink_kB=52.6  t=0.65s
  round  24/50: acc=0.5759  f1m=0.4860  uplink_kB=52.6  t=0.63s
  round  25/50: acc=0.7425  f1m=0.7367  uplink_kB=52.6  t=0.62s
  round  26/50: acc=0.5641  f1m=0.4633  uplink_kB=52.6  t=0.62s
  round  27/50: acc=0.7174  f1m=0.7066  uplink_kB=52.6  t=0.66s
  round  28/50: acc=0.6766  f1m=0.6546  uplink_kB=52.6  t=0.66s
  round  29/50: acc=0.7309  f1m=0.7244  uplink_kB=52.6  t=0.64s
  round  30/50: acc=0.6787  f1m=0.6782  uplink_kB=52.6  t=0.66s
  round  31/50: acc=0.6511  f1m=0.6175  uplink_kB=52.6  t=0.64s
  round  32/50: acc=0.7191  f1m=0.7103  uplink_kB=52.6  t=0.61s
  round  33/50: acc=0.7990  f1m=0.7970  uplink_kB=52.6  t=0.66s
  round  34/50: acc=0.7165  f1m=0.7079  uplink_kB=52.6  t=0.67s
  round  35/50: acc=0.7035  f1m=0.6929  uplink_kB=52.6  t=0.63s
  round  36/50: acc=0.7148  f1m=0.7063  uplink_kB=52.6  t=0.66s
  round  37/50: acc=0.7467  f1m=0.7426  uplink_kB=52.6  t=0.65s
  round  38/50: acc=0.6870  f1m=0.6696  uplink_kB=52.6  t=0.59s
  round  39/50: acc=0.8628  f1m=0.8628  uplink_kB=52.6  t=0.67s
  round  40/50: acc=0.7619  f1m=0.7533  uplink_kB=52.6  t=0.65s
  round  41/50: acc=0.7495  f1m=0.7447  uplink_kB=52.6  t=0.67s
  round  42/50: acc=0.8645  f1m=0.8645  uplink_kB=52.6  t=0.66s
  round  43/50: acc=0.6918  f1m=0.6721  uplink_kB=52.6  t=0.66s
  round  44/50: acc=0.7213  f1m=0.7127  uplink_kB=52.6  t=0.68s
  round  45/50: acc=0.6672  f1m=0.6373  uplink_kB=52.6  t=0.61s
  round  46/50: acc=0.6768  f1m=0.6521  uplink_kB=52.6  t=0.67s
  round  47/50: acc=0.6667  f1m=0.6349  uplink_kB=52.6  t=0.67s
  round  48/50: acc=0.6935  f1m=0.6933  uplink_kB=52.6  t=0.66s
  round  49/50: acc=0.6002  f1m=0.5287  uplink_kB=52.6  t=0.66s
  round  50/50: acc=0.7355  f1m=0.7273  uplink_kB=52.6  t=0.69s
[run] DONE -> /Users/agentra/Documents/hao/working/paper-lab/hao-paper-2026/iotj-fedkan-ids/repo/results/lrsweep_toniot/lrsweep_mlp32_lr0p03__dir0.1__seed42/metrics.json  final_acc=0.7355
