[run] device=cpu  seed=37  out=/Users/agentra/Documents/hao/working/paper-lab/hao-paper-2026/iotj-fedkan-ids/repo/results/lrsweep_cseciic_mc/lrsweep_mlp80_lr0p003__dir0.1__seed37
[run] model=mlp  params=4,415
  round   1/50: acc=0.4721  f1m=0.1590  uplink_kB=172.5  t=2.89s
  round   2/50: acc=0.6147  f1m=0.2446  uplink_kB=172.5  t=2.18s
  round   3/50: acc=0.6684  f1m=0.3002  uplink_kB=172.5  t=2.14s
  round   4/50: acc=0.6440  f1m=0.2982  uplink_kB=172.5  t=2.09s
  round   5/50: acc=0.6928  f1m=0.4154  uplink_kB=172.5  t=2.10s
  round   6/50: acc=0.7315  f1m=0.4505  uplink_kB=172.5  t=2.14s
  round   7/50: acc=0.7647  f1m=0.5209  uplink_kB=172.5  t=2.09s
  round   8/50: acc=0.7763  f1m=0.5316  uplink_kB=172.5  t=2.06s
  round   9/50: acc=0.7777  f1m=0.5329  uplink_kB=172.5  t=2.16s
  round  10/50: acc=0.7774  f1m=0.5322  uplink_kB=172.5  t=2.10s
  round  11/50: acc=0.7780  f1m=0.5326  uplink_kB=172.5  t=2.11s
  round  12/50: acc=0.7918  f1m=0.5380  uplink_kB=172.5  t=2.20s
  round  13/50: acc=0.8012  f1m=0.5501  uplink_kB=172.5  t=2.46s
  round  14/50: acc=0.8251  f1m=0.5735  uplink_kB=172.5  t=2.13s
  round  15/50: acc=0.8311  f1m=0.5757  uplink_kB=172.5  t=2.09s
  round  16/50: acc=0.8315  f1m=0.5748  uplink_kB=172.5  t=2.16s
  round  17/50: acc=0.8346  f1m=0.5866  uplink_kB=172.5  t=2.14s
  round  18/50: acc=0.8350  f1m=0.5872  uplink_kB=172.5  t=2.16s
  round  19/50: acc=0.8354  f1m=0.5879  uplink_kB=172.5  t=2.15s
  round  20/50: acc=0.8370  f1m=0.5901  uplink_kB=172.5  t=2.18s
  round  21/50: acc=0.8378  f1m=0.5940  uplink_kB=172.5  t=2.16s
  round  22/50: acc=0.8413  f1m=0.6023  uplink_kB=172.5  t=2.06s
  round  23/50: acc=0.8401  f1m=0.5987  uplink_kB=172.5  t=2.06s
  round  24/50: acc=0.8409  f1m=0.6025  uplink_kB=172.5  t=2.07s
  round  25/50: acc=0.8440  f1m=0.6625  uplink_kB=172.5  t=2.14s
  round  26/50: acc=0.8441  f1m=0.6670  uplink_kB=172.5  t=2.10s
  round  27/50: acc=0.8459  f1m=0.6718  uplink_kB=172.5  t=2.09s
  round  28/50: acc=0.8497  f1m=0.6815  uplink_kB=172.5  t=2.12s
  round  29/50: acc=0.8427  f1m=0.6650  uplink_kB=172.5  t=2.12s
  round  30/50: acc=0.8450  f1m=0.6709  uplink_kB=172.5  t=2.11s
  round  31/50: acc=0.8474  f1m=0.6767  uplink_kB=172.5  t=2.10s
  round  32/50: acc=0.8549  f1m=0.6925  uplink_kB=172.5  t=2.13s
  round  33/50: acc=0.8491  f1m=0.6799  uplink_kB=172.5  t=2.13s
  round  34/50: acc=0.8545  f1m=0.6903  uplink_kB=172.5  t=2.06s
  round  35/50: acc=0.8496  f1m=0.6822  uplink_kB=172.5  t=2.08s
  round  36/50: acc=0.8508  f1m=0.6834  uplink_kB=172.5  t=2.11s
  round  37/50: acc=0.8490  f1m=0.6795  uplink_kB=172.5  t=2.17s
  round  38/50: acc=0.8522  f1m=0.6858  uplink_kB=172.5  t=2.07s
  round  39/50: acc=0.8510  f1m=0.6869  uplink_kB=172.5  t=2.10s
  round  40/50: acc=0.8519  f1m=0.6842  uplink_kB=172.5  t=2.06s
  round  41/50: acc=0.8580  f1m=0.7001  uplink_kB=172.5  t=2.15s
  round  42/50: acc=0.8546  f1m=0.6947  uplink_kB=172.5  t=2.06s
  round  43/50: acc=0.8519  f1m=0.6884  uplink_kB=172.5  t=2.09s
  round  44/50: acc=0.8555  f1m=0.6944  uplink_kB=172.5  t=2.14s
  round  45/50: acc=0.8638  f1m=0.7067  uplink_kB=172.5  t=2.12s
  round  46/50: acc=0.8623  f1m=0.7042  uplink_kB=172.5  t=2.39s
  round  47/50: acc=0.8557  f1m=0.6903  uplink_kB=172.5  t=2.22s
  round  48/50: acc=0.8601  f1m=0.7001  uplink_kB=172.5  t=2.48s
  round  49/50: acc=0.8562  f1m=0.6912  uplink_kB=172.5  t=2.18s
  round  50/50: acc=0.8607  f1m=0.7006  uplink_kB=172.5  t=2.08s
[run] DONE -> /Users/agentra/Documents/hao/working/paper-lab/hao-paper-2026/iotj-fedkan-ids/repo/results/lrsweep_cseciic_mc/lrsweep_mlp80_lr0p003__dir0.1__seed37/metrics.json  final_acc=0.8607
