[run] device=cpu  seed=43  out=/Users/agentra/Documents/hao/working/paper-lab/hao-paper-2026/iotj-fedkan-ids/repo/results/lrsweep_toniot/lrsweep_kan8_lr0p001__dir0.1__seed43
[run] model=kan  params=3,280
  round   1/50: acc=0.5000  f1m=0.3333  uplink_kB=150.2  t=2.20s
  round   2/50: acc=0.4999  f1m=0.3333  uplink_kB=150.2  t=1.68s
  round   3/50: acc=0.5184  f1m=0.3756  uplink_kB=150.2  t=1.62s
  round   4/50: acc=0.6323  f1m=0.6086  uplink_kB=150.2  t=1.71s
  round   5/50: acc=0.6401  f1m=0.6301  uplink_kB=150.2  t=1.65s
  round   6/50: acc=0.6534  f1m=0.6522  uplink_kB=150.2  t=1.82s
  round   7/50: acc=0.6843  f1m=0.6842  uplink_kB=150.2  t=1.68s
  round   8/50: acc=0.6869  f1m=0.6868  uplink_kB=150.2  t=1.67s
  round   9/50: acc=0.6486  f1m=0.6421  uplink_kB=150.2  t=1.66s
  round  10/50: acc=0.6468  f1m=0.6400  uplink_kB=150.2  t=1.64s
  round  11/50: acc=0.6464  f1m=0.6394  uplink_kB=150.2  t=1.63s
  round  12/50: acc=0.6463  f1m=0.6392  uplink_kB=150.2  t=1.67s
  round  13/50: acc=0.6461  f1m=0.6390  uplink_kB=150.2  t=1.59s
  round  14/50: acc=0.6460  f1m=0.6389  uplink_kB=150.2  t=1.67s
  round  15/50: acc=0.6462  f1m=0.6391  uplink_kB=150.2  t=1.65s
  round  16/50: acc=0.6435  f1m=0.6361  uplink_kB=150.2  t=1.67s
  round  17/50: acc=0.6446  f1m=0.6373  uplink_kB=150.2  t=1.66s
  round  18/50: acc=0.6446  f1m=0.6374  uplink_kB=150.2  t=1.63s
  round  19/50: acc=0.6482  f1m=0.6415  uplink_kB=150.2  t=1.68s
  round  20/50: acc=0.6523  f1m=0.6461  uplink_kB=150.2  t=1.63s
  round  21/50: acc=0.6545  f1m=0.6486  uplink_kB=150.2  t=1.62s
  round  22/50: acc=0.6558  f1m=0.6500  uplink_kB=150.2  t=1.57s
  round  23/50: acc=0.6575  f1m=0.6520  uplink_kB=150.2  t=1.65s
  round  24/50: acc=0.6613  f1m=0.6562  uplink_kB=150.2  t=1.64s
  round  25/50: acc=0.6631  f1m=0.6582  uplink_kB=150.2  t=1.65s
  round  26/50: acc=0.7551  f1m=0.7438  uplink_kB=150.2  t=1.67s
  round  27/50: acc=0.7565  f1m=0.7453  uplink_kB=150.2  t=1.71s
  round  28/50: acc=0.7569  f1m=0.7457  uplink_kB=150.2  t=1.61s
  round  29/50: acc=0.7593  f1m=0.7486  uplink_kB=150.2  t=1.63s
  round  30/50: acc=0.7607  f1m=0.7502  uplink_kB=150.2  t=1.57s
  round  31/50: acc=0.7613  f1m=0.7509  uplink_kB=150.2  t=1.64s
  round  32/50: acc=0.7624  f1m=0.7523  uplink_kB=150.2  t=1.62s
  round  33/50: acc=0.7635  f1m=0.7536  uplink_kB=150.2  t=1.62s
  round  34/50: acc=0.7670  f1m=0.7576  uplink_kB=150.2  t=1.67s
  round  35/50: acc=0.7684  f1m=0.7592  uplink_kB=150.2  t=1.56s
  round  36/50: acc=0.5524  f1m=0.4610  uplink_kB=150.2  t=1.59s
  round  37/50: acc=0.7701  f1m=0.7611  uplink_kB=150.2  t=1.66s
  round  38/50: acc=0.7706  f1m=0.7617  uplink_kB=150.2  t=1.65s
  round  39/50: acc=0.5570  f1m=0.4698  uplink_kB=150.2  t=1.63s
  round  40/50: acc=0.5570  f1m=0.4702  uplink_kB=150.2  t=1.62s
  round  41/50: acc=0.7739  f1m=0.7656  uplink_kB=150.2  t=1.65s
  round  42/50: acc=0.5580  f1m=0.4722  uplink_kB=150.2  t=1.68s
  round  43/50: acc=0.5581  f1m=0.4729  uplink_kB=150.2  t=1.59s
  round  44/50: acc=0.5580  f1m=0.4730  uplink_kB=150.2  t=1.75s
  round  45/50: acc=0.5583  f1m=0.4734  uplink_kB=150.2  t=1.65s
  round  46/50: acc=0.5590  f1m=0.4748  uplink_kB=150.2  t=1.64s
  round  47/50: acc=0.5594  f1m=0.4756  uplink_kB=150.2  t=1.63s
  round  48/50: acc=0.5605  f1m=0.4774  uplink_kB=150.2  t=1.66s
  round  49/50: acc=0.5613  f1m=0.4790  uplink_kB=150.2  t=1.58s
  round  50/50: acc=0.5625  f1m=0.4811  uplink_kB=150.2  t=1.59s
[run] DONE -> /Users/agentra/Documents/hao/working/paper-lab/hao-paper-2026/iotj-fedkan-ids/repo/results/lrsweep_toniot/lrsweep_kan8_lr0p001__dir0.1__seed43/metrics.json  final_acc=0.5625
