[run] device=cpu  seed=23  out=/Users/agentra/Documents/hao/working/paper-lab/hao-paper-2026/iotj-fedkan-ids/repo/results/lrsweep_botiot/lrsweep_mlp32_lr0p001__dir0.1__seed23
[run] model=mlp  params=1,346
  round   1/50: acc=0.4989  f1m=0.3328  uplink_kB=52.6  t=1.32s
  round   2/50: acc=0.9394  f1m=0.9394  uplink_kB=52.6  t=0.70s
  round   3/50: acc=0.9392  f1m=0.9392  uplink_kB=52.6  t=0.62s
  round   4/50: acc=0.9385  f1m=0.9385  uplink_kB=52.6  t=0.64s
  round   5/50: acc=0.9382  f1m=0.9382  uplink_kB=52.6  t=0.56s
  round   6/50: acc=0.9386  f1m=0.9386  uplink_kB=52.6  t=0.65s
  round   7/50: acc=0.9395  f1m=0.9395  uplink_kB=52.6  t=0.69s
  round   8/50: acc=0.9394  f1m=0.9394  uplink_kB=52.6  t=0.65s
  round   9/50: acc=0.9383  f1m=0.9383  uplink_kB=52.6  t=0.64s
  round  10/50: acc=0.9384  f1m=0.9384  uplink_kB=52.6  t=0.66s
  round  11/50: acc=0.9386  f1m=0.9386  uplink_kB=52.6  t=0.67s
  round  12/50: acc=0.9386  f1m=0.9386  uplink_kB=52.6  t=0.62s
  round  13/50: acc=0.9387  f1m=0.9387  uplink_kB=52.6  t=0.63s
  round  14/50: acc=0.9388  f1m=0.9388  uplink_kB=52.6  t=0.65s
  round  15/50: acc=0.9388  f1m=0.9388  uplink_kB=52.6  t=0.65s
  round  16/50: acc=0.9389  f1m=0.9389  uplink_kB=52.6  t=0.65s
  round  17/50: acc=0.9390  f1m=0.9390  uplink_kB=52.6  t=0.68s
  round  18/50: acc=0.9391  f1m=0.9391  uplink_kB=52.6  t=0.61s
  round  19/50: acc=0.9391  f1m=0.9391  uplink_kB=52.6  t=0.65s
  round  20/50: acc=0.9392  f1m=0.9392  uplink_kB=52.6  t=0.69s
  round  21/50: acc=0.9394  f1m=0.9394  uplink_kB=52.6  t=0.62s
  round  22/50: acc=0.9395  f1m=0.9395  uplink_kB=52.6  t=0.69s
  round  23/50: acc=0.9395  f1m=0.9395  uplink_kB=52.6  t=0.60s
  round  24/50: acc=0.9397  f1m=0.9397  uplink_kB=52.6  t=0.63s
  round  25/50: acc=0.9397  f1m=0.9397  uplink_kB=52.6  t=0.69s
  round  26/50: acc=0.9398  f1m=0.9398  uplink_kB=52.6  t=0.65s
  round  27/50: acc=0.9399  f1m=0.9399  uplink_kB=52.6  t=0.68s
  round  28/50: acc=0.9400  f1m=0.9400  uplink_kB=52.6  t=0.68s
  round  29/50: acc=0.9401  f1m=0.9401  uplink_kB=52.6  t=0.65s
  round  30/50: acc=0.9348  f1m=0.9348  uplink_kB=52.6  t=0.64s
  round  31/50: acc=0.9352  f1m=0.9352  uplink_kB=52.6  t=0.64s
  round  32/50: acc=0.9357  f1m=0.9357  uplink_kB=52.6  t=0.66s
  round  33/50: acc=0.9362  f1m=0.9362  uplink_kB=52.6  t=0.67s
  round  34/50: acc=0.9366  f1m=0.9366  uplink_kB=52.6  t=0.67s
  round  35/50: acc=0.9369  f1m=0.9369  uplink_kB=52.6  t=0.66s
  round  36/50: acc=0.9374  f1m=0.9374  uplink_kB=52.6  t=0.65s
  round  37/50: acc=0.9407  f1m=0.9407  uplink_kB=52.6  t=0.64s
  round  38/50: acc=0.9412  f1m=0.9412  uplink_kB=52.6  t=0.66s
  round  39/50: acc=0.9445  f1m=0.9445  uplink_kB=52.6  t=0.64s
  round  40/50: acc=0.9459  f1m=0.9459  uplink_kB=52.6  t=0.63s
  round  41/50: acc=0.9466  f1m=0.9466  uplink_kB=52.6  t=0.66s
  round  42/50: acc=0.9474  f1m=0.9474  uplink_kB=52.6  t=0.67s
  round  43/50: acc=0.9484  f1m=0.9484  uplink_kB=52.6  t=0.61s
  round  44/50: acc=0.9494  f1m=0.9494  uplink_kB=52.6  t=0.71s
  round  45/50: acc=0.9502  f1m=0.9502  uplink_kB=52.6  t=0.66s
  round  46/50: acc=0.9511  f1m=0.9511  uplink_kB=52.6  t=0.61s
  round  47/50: acc=0.9515  f1m=0.9515  uplink_kB=52.6  t=0.66s
  round  48/50: acc=0.9516  f1m=0.9516  uplink_kB=52.6  t=0.64s
  round  49/50: acc=0.9516  f1m=0.9516  uplink_kB=52.6  t=0.68s
  round  50/50: acc=0.9518  f1m=0.9518  uplink_kB=52.6  t=0.63s
[run] DONE -> /Users/agentra/Documents/hao/working/paper-lab/hao-paper-2026/iotj-fedkan-ids/repo/results/lrsweep_botiot/lrsweep_mlp32_lr0p001__dir0.1__seed23/metrics.json  final_acc=0.9518
