[run] device=cpu  seed=2024  out=/Users/agentra/Documents/hao/working/paper-lab/hao-paper-2026/iotj-fedkan-ids/repo/results/lrsweep_cseciic_mc/lrsweep_mlp32_lr0p001__dir0.1__seed2024
[run] model=mlp  params=1,775
  round   1/50: acc=0.2707  f1m=0.0570  uplink_kB=69.3  t=2.81s
  round   2/50: acc=0.2642  f1m=0.0645  uplink_kB=69.3  t=2.19s
  round   3/50: acc=0.2805  f1m=0.0692  uplink_kB=69.3  t=2.10s
  round   4/50: acc=0.3456  f1m=0.1140  uplink_kB=69.3  t=2.13s
  round   5/50: acc=0.3709  f1m=0.1230  uplink_kB=69.3  t=2.03s
  round   6/50: acc=0.3958  f1m=0.1320  uplink_kB=69.3  t=2.07s
  round   7/50: acc=0.4338  f1m=0.1655  uplink_kB=69.3  t=2.08s
  round   8/50: acc=0.5076  f1m=0.2844  uplink_kB=69.3  t=2.08s
  round   9/50: acc=0.5100  f1m=0.2834  uplink_kB=69.3  t=2.11s
  round  10/50: acc=0.5132  f1m=0.2837  uplink_kB=69.3  t=2.11s
  round  11/50: acc=0.5153  f1m=0.2854  uplink_kB=69.3  t=2.15s
  round  12/50: acc=0.5285  f1m=0.3083  uplink_kB=69.3  t=2.03s
  round  13/50: acc=0.5308  f1m=0.3100  uplink_kB=69.3  t=2.05s
  round  14/50: acc=0.5338  f1m=0.3127  uplink_kB=69.3  t=2.08s
  round  15/50: acc=0.5362  f1m=0.3148  uplink_kB=69.3  t=2.11s
  round  16/50: acc=0.5416  f1m=0.3168  uplink_kB=69.3  t=2.04s
  round  17/50: acc=0.5454  f1m=0.3163  uplink_kB=69.3  t=2.09s
  round  18/50: acc=0.5484  f1m=0.3177  uplink_kB=69.3  t=2.10s
  round  19/50: acc=0.5545  f1m=0.3244  uplink_kB=69.3  t=2.11s
  round  20/50: acc=0.5607  f1m=0.3282  uplink_kB=69.3  t=2.16s
  round  21/50: acc=0.5706  f1m=0.3375  uplink_kB=69.3  t=2.12s
  round  22/50: acc=0.5868  f1m=0.3500  uplink_kB=69.3  t=2.06s
  round  23/50: acc=0.6130  f1m=0.3793  uplink_kB=69.3  t=2.05s
  round  24/50: acc=0.6234  f1m=0.3969  uplink_kB=69.3  t=2.13s
  round  25/50: acc=0.7355  f1m=0.4758  uplink_kB=69.3  t=2.17s
  round  26/50: acc=0.7456  f1m=0.4849  uplink_kB=69.3  t=2.10s
  round  27/50: acc=0.7506  f1m=0.4904  uplink_kB=69.3  t=2.09s
  round  28/50: acc=0.7547  f1m=0.4969  uplink_kB=69.3  t=2.14s
  round  29/50: acc=0.7637  f1m=0.5044  uplink_kB=69.3  t=2.15s
  round  30/50: acc=0.7695  f1m=0.5102  uplink_kB=69.3  t=2.07s
  round  31/50: acc=0.7750  f1m=0.5155  uplink_kB=69.3  t=2.10s
  round  32/50: acc=0.7775  f1m=0.5176  uplink_kB=69.3  t=2.11s
  round  33/50: acc=0.7879  f1m=0.5245  uplink_kB=69.3  t=2.13s
  round  34/50: acc=0.7903  f1m=0.5292  uplink_kB=69.3  t=2.11s
  round  35/50: acc=0.7966  f1m=0.5324  uplink_kB=69.3  t=2.09s
  round  36/50: acc=0.8002  f1m=0.5370  uplink_kB=69.3  t=2.07s
  round  37/50: acc=0.8093  f1m=0.5423  uplink_kB=69.3  t=2.05s
  round  38/50: acc=0.8289  f1m=0.5504  uplink_kB=69.3  t=2.10s
  round  39/50: acc=0.8328  f1m=0.5530  uplink_kB=69.3  t=2.12s
  round  40/50: acc=0.8342  f1m=0.5545  uplink_kB=69.3  t=2.11s
  round  41/50: acc=0.8354  f1m=0.5563  uplink_kB=69.3  t=2.07s
  round  42/50: acc=0.8344  f1m=0.5556  uplink_kB=69.3  t=2.12s
  round  43/50: acc=0.8347  f1m=0.5562  uplink_kB=69.3  t=2.11s
  round  44/50: acc=0.8378  f1m=0.5594  uplink_kB=69.3  t=2.16s
  round  45/50: acc=0.8388  f1m=0.5610  uplink_kB=69.3  t=2.06s
  round  46/50: acc=0.8408  f1m=0.5620  uplink_kB=69.3  t=2.10s
  round  47/50: acc=0.8433  f1m=0.5640  uplink_kB=69.3  t=2.11s
  round  48/50: acc=0.8452  f1m=0.5641  uplink_kB=69.3  t=2.11s
  round  49/50: acc=0.8451  f1m=0.5658  uplink_kB=69.3  t=2.17s
  round  50/50: acc=0.8470  f1m=0.5668  uplink_kB=69.3  t=2.05s
[run] DONE -> /Users/agentra/Documents/hao/working/paper-lab/hao-paper-2026/iotj-fedkan-ids/repo/results/lrsweep_cseciic_mc/lrsweep_mlp32_lr0p001__dir0.1__seed2024/metrics.json  final_acc=0.8470
