[run] device=cpu  seed=43  out=/Users/agentra/Documents/hao/working/paper-lab/hao-paper-2026/iotj-fedkan-ids/repo/results/lrsweep_botiot/lrsweep_mlp80_lr0p03__dir0.1__seed43
[run] model=mlp  params=3,362
  round   1/50: acc=0.6051  f1m=0.5315  uplink_kB=131.3  t=1.40s
  round   2/50: acc=0.6836  f1m=0.6480  uplink_kB=131.3  t=0.70s
  round   3/50: acc=0.7019  f1m=0.6723  uplink_kB=131.3  t=0.66s
  round   4/50: acc=0.7112  f1m=0.6845  uplink_kB=131.3  t=0.68s
  round   5/50: acc=0.7986  f1m=0.7900  uplink_kB=131.3  t=0.65s
  round   6/50: acc=0.7932  f1m=0.7838  uplink_kB=131.3  t=0.72s
  round   7/50: acc=0.8386  f1m=0.8342  uplink_kB=131.3  t=0.69s
  round   8/50: acc=0.8495  f1m=0.8459  uplink_kB=131.3  t=0.76s
  round   9/50: acc=0.8609  f1m=0.8581  uplink_kB=131.3  t=0.69s
  round  10/50: acc=0.8602  f1m=0.8573  uplink_kB=131.3  t=0.59s
  round  11/50: acc=0.8687  f1m=0.8663  uplink_kB=131.3  t=0.71s
  round  12/50: acc=0.8652  f1m=0.8627  uplink_kB=131.3  t=0.69s
  round  13/50: acc=0.8695  f1m=0.8672  uplink_kB=131.3  t=0.69s
  round  14/50: acc=0.8758  f1m=0.8738  uplink_kB=131.3  t=0.68s
  round  15/50: acc=0.8830  f1m=0.8813  uplink_kB=131.3  t=0.67s
  round  16/50: acc=0.9036  f1m=0.9027  uplink_kB=131.3  t=0.70s
  round  17/50: acc=0.9040  f1m=0.9031  uplink_kB=131.3  t=0.64s
  round  18/50: acc=0.8999  f1m=0.8989  uplink_kB=131.3  t=0.64s
  round  19/50: acc=0.8702  f1m=0.8680  uplink_kB=131.3  t=0.68s
  round  20/50: acc=0.9032  f1m=0.9023  uplink_kB=131.3  t=0.69s
  round  21/50: acc=0.9098  f1m=0.9091  uplink_kB=131.3  t=0.73s
  round  22/50: acc=0.8997  f1m=0.8987  uplink_kB=131.3  t=0.64s
  round  23/50: acc=0.9106  f1m=0.9099  uplink_kB=131.3  t=0.69s
  round  24/50: acc=0.9097  f1m=0.9090  uplink_kB=131.3  t=0.66s
  round  25/50: acc=0.9082  f1m=0.9074  uplink_kB=131.3  t=0.67s
  round  26/50: acc=0.8697  f1m=0.8675  uplink_kB=131.3  t=0.70s
  round  27/50: acc=0.9099  f1m=0.9091  uplink_kB=131.3  t=0.67s
  round  28/50: acc=0.8857  f1m=0.8842  uplink_kB=131.3  t=0.70s
  round  29/50: acc=0.9098  f1m=0.9091  uplink_kB=131.3  t=0.74s
  round  30/50: acc=0.9183  f1m=0.9178  uplink_kB=131.3  t=0.72s
  round  31/50: acc=0.9091  f1m=0.9084  uplink_kB=131.3  t=0.67s
  round  32/50: acc=0.8598  f1m=0.8570  uplink_kB=131.3  t=0.70s
  round  33/50: acc=0.9123  f1m=0.9117  uplink_kB=131.3  t=0.71s
  round  34/50: acc=0.8544  f1m=0.8512  uplink_kB=131.3  t=0.72s
  round  35/50: acc=0.9038  f1m=0.9028  uplink_kB=131.3  t=0.66s
  round  36/50: acc=0.8666  f1m=0.8641  uplink_kB=131.3  t=0.69s
  round  37/50: acc=0.8547  f1m=0.8516  uplink_kB=131.3  t=0.69s
  round  38/50: acc=0.8505  f1m=0.8471  uplink_kB=131.3  t=0.68s
  round  39/50: acc=0.8520  f1m=0.8487  uplink_kB=131.3  t=0.69s
  round  40/50: acc=0.9184  f1m=0.9179  uplink_kB=131.3  t=0.63s
  round  41/50: acc=0.9112  f1m=0.9105  uplink_kB=131.3  t=0.66s
  round  42/50: acc=0.9186  f1m=0.9180  uplink_kB=131.3  t=0.71s
  round  43/50: acc=0.8426  f1m=0.8386  uplink_kB=131.3  t=0.71s
  round  44/50: acc=0.8988  f1m=0.8978  uplink_kB=131.3  t=0.68s
  round  45/50: acc=0.8516  f1m=0.8482  uplink_kB=131.3  t=0.68s
  round  46/50: acc=0.9207  f1m=0.9202  uplink_kB=131.3  t=0.67s
  round  47/50: acc=0.9040  f1m=0.9031  uplink_kB=131.3  t=0.68s
  round  48/50: acc=0.8417  f1m=0.8376  uplink_kB=131.3  t=0.63s
  round  49/50: acc=0.8521  f1m=0.8488  uplink_kB=131.3  t=0.63s
  round  50/50: acc=0.9191  f1m=0.9186  uplink_kB=131.3  t=0.69s
[run] DONE -> /Users/agentra/Documents/hao/working/paper-lab/hao-paper-2026/iotj-fedkan-ids/repo/results/lrsweep_botiot/lrsweep_mlp80_lr0p03__dir0.1__seed43/metrics.json  final_acc=0.9191
