[run] device=cpu  seed=11  out=/Users/agentra/Documents/hao/working/paper-lab/hao-paper-2026/iotj-fedkan-ids/repo/results/lrsweep_botiot/lrsweep_kan16_lr0p03__dir0.1__seed11
[run] model=kan  params=6,560
  round   1/50: acc=0.9499  f1m=0.9499  uplink_kB=282.0  t=2.53s
  round   2/50: acc=0.9667  f1m=0.9667  uplink_kB=282.0  t=1.93s
  round   3/50: acc=0.8586  f1m=0.8558  uplink_kB=282.0  t=1.96s
  round   4/50: acc=0.9597  f1m=0.9597  uplink_kB=282.0  t=1.94s
  round   5/50: acc=0.9630  f1m=0.9630  uplink_kB=282.0  t=1.94s
  round   6/50: acc=0.8916  f1m=0.8903  uplink_kB=282.0  t=1.78s
  round   7/50: acc=0.9144  f1m=0.9138  uplink_kB=282.0  t=1.95s
  round   8/50: acc=0.9634  f1m=0.9634  uplink_kB=282.0  t=1.88s
  round   9/50: acc=0.8915  f1m=0.8902  uplink_kB=282.0  t=1.93s
  round  10/50: acc=0.9730  f1m=0.9730  uplink_kB=282.0  t=1.93s
  round  11/50: acc=0.9203  f1m=0.9199  uplink_kB=282.0  t=1.83s
  round  12/50: acc=0.9725  f1m=0.9725  uplink_kB=282.0  t=1.97s
  round  13/50: acc=0.9603  f1m=0.9603  uplink_kB=282.0  t=1.93s
  round  14/50: acc=0.9247  f1m=0.9244  uplink_kB=282.0  t=1.83s
  round  15/50: acc=0.9226  f1m=0.9221  uplink_kB=282.0  t=1.95s
  round  16/50: acc=0.9719  f1m=0.9719  uplink_kB=282.0  t=1.94s
  round  17/50: acc=0.9738  f1m=0.9737  uplink_kB=282.0  t=1.90s
  round  18/50: acc=0.9740  f1m=0.9740  uplink_kB=282.0  t=1.84s
  round  19/50: acc=0.9313  f1m=0.9310  uplink_kB=282.0  t=1.89s
  round  20/50: acc=0.9297  f1m=0.9293  uplink_kB=282.0  t=1.85s
  round  21/50: acc=0.9723  f1m=0.9723  uplink_kB=282.0  t=1.96s
  round  22/50: acc=0.9737  f1m=0.9737  uplink_kB=282.0  t=1.95s
  round  23/50: acc=0.9740  f1m=0.9740  uplink_kB=282.0  t=2.08s
  round  24/50: acc=0.9300  f1m=0.9297  uplink_kB=282.0  t=2.07s
  round  25/50: acc=0.9369  f1m=0.9367  uplink_kB=282.0  t=1.92s
  round  26/50: acc=0.9237  f1m=0.9233  uplink_kB=282.0  t=1.82s
  round  27/50: acc=0.9258  f1m=0.9254  uplink_kB=282.0  t=1.95s
  round  28/50: acc=0.9255  f1m=0.9252  uplink_kB=282.0  t=1.85s
  round  29/50: acc=0.9714  f1m=0.9714  uplink_kB=282.0  t=1.90s
  round  30/50: acc=0.9251  f1m=0.9247  uplink_kB=282.0  t=1.90s
  round  31/50: acc=0.9715  f1m=0.9715  uplink_kB=282.0  t=1.92s
  round  32/50: acc=0.9257  f1m=0.9253  uplink_kB=282.0  t=1.87s
  round  33/50: acc=0.9728  f1m=0.9728  uplink_kB=282.0  t=1.86s
  round  34/50: acc=0.9226  f1m=0.9222  uplink_kB=282.0  t=1.89s
  round  35/50: acc=0.9714  f1m=0.9714  uplink_kB=282.0  t=1.93s
  round  36/50: acc=0.9846  f1m=0.9846  uplink_kB=282.0  t=1.91s
  round  37/50: acc=0.8987  f1m=0.8977  uplink_kB=282.0  t=1.82s
  round  38/50: acc=0.9874  f1m=0.9874  uplink_kB=282.0  t=1.99s
  round  39/50: acc=0.9349  f1m=0.9349  uplink_kB=282.0  t=1.89s
  round  40/50: acc=0.9240  f1m=0.9236  uplink_kB=282.0  t=1.91s
  round  41/50: acc=0.9017  f1m=0.9014  uplink_kB=282.0  t=1.93s
  round  42/50: acc=0.9600  f1m=0.9600  uplink_kB=282.0  t=1.86s
  round  43/50: acc=0.8951  f1m=0.8947  uplink_kB=282.0  t=1.92s
  round  44/50: acc=0.9147  f1m=0.9141  uplink_kB=282.0  t=1.91s
  round  45/50: acc=0.9743  f1m=0.9743  uplink_kB=282.0  t=1.98s
  round  46/50: acc=0.9663  f1m=0.9663  uplink_kB=282.0  t=1.93s
  round  47/50: acc=0.9944  f1m=0.9944  uplink_kB=282.0  t=1.92s
  round  48/50: acc=0.9738  f1m=0.9738  uplink_kB=282.0  t=1.84s
  round  49/50: acc=0.9662  f1m=0.9662  uplink_kB=282.0  t=1.87s
  round  50/50: acc=0.9742  f1m=0.9742  uplink_kB=282.0  t=1.85s
[run] DONE -> /Users/agentra/Documents/hao/working/paper-lab/hao-paper-2026/iotj-fedkan-ids/repo/results/lrsweep_botiot/lrsweep_kan16_lr0p03__dir0.1__seed11/metrics.json  final_acc=0.9742
