[run] device=cpu  seed=23  out=/Users/agentra/Documents/hao/working/paper-lab/hao-paper-2026/iotj-fedkan-ids/repo/results/lrsweep_toniot/lrsweep_mlp32_lr0p001__dir0.1__seed23
[run] model=mlp  params=1,346
  round   1/50: acc=0.5252  f1m=0.3882  uplink_kB=52.6  t=1.27s
  round   2/50: acc=0.5843  f1m=0.5134  uplink_kB=52.6  t=0.65s
  round   3/50: acc=0.6248  f1m=0.5845  uplink_kB=52.6  t=0.64s
  round   4/50: acc=0.6289  f1m=0.5958  uplink_kB=52.6  t=0.66s
  round   5/50: acc=0.6692  f1m=0.6502  uplink_kB=52.6  t=0.59s
  round   6/50: acc=0.7053  f1m=0.6955  uplink_kB=52.6  t=0.66s
  round   7/50: acc=0.7109  f1m=0.7027  uplink_kB=52.6  t=0.68s
  round   8/50: acc=0.7216  f1m=0.7152  uplink_kB=52.6  t=0.66s
  round   9/50: acc=0.7294  f1m=0.7249  uplink_kB=52.6  t=0.67s
  round  10/50: acc=0.7263  f1m=0.7222  uplink_kB=52.6  t=0.65s
  round  11/50: acc=0.7270  f1m=0.7230  uplink_kB=52.6  t=0.61s
  round  12/50: acc=0.7280  f1m=0.7239  uplink_kB=52.6  t=0.65s
  round  13/50: acc=0.7292  f1m=0.7251  uplink_kB=52.6  t=0.66s
  round  14/50: acc=0.7312  f1m=0.7273  uplink_kB=52.6  t=0.65s
  round  15/50: acc=0.7325  f1m=0.7286  uplink_kB=52.6  t=0.65s
  round  16/50: acc=0.7352  f1m=0.7312  uplink_kB=52.6  t=0.67s
  round  17/50: acc=0.7380  f1m=0.7335  uplink_kB=52.6  t=0.64s
  round  18/50: acc=0.7404  f1m=0.7355  uplink_kB=52.6  t=0.60s
  round  19/50: acc=0.7414  f1m=0.7367  uplink_kB=52.6  t=0.63s
  round  20/50: acc=0.7441  f1m=0.7397  uplink_kB=52.6  t=0.63s
  round  21/50: acc=0.7448  f1m=0.7404  uplink_kB=52.6  t=0.63s
  round  22/50: acc=0.7466  f1m=0.7423  uplink_kB=52.6  t=0.66s
  round  23/50: acc=0.7478  f1m=0.7438  uplink_kB=52.6  t=0.64s
  round  24/50: acc=0.7488  f1m=0.7448  uplink_kB=52.6  t=0.65s
  round  25/50: acc=0.7495  f1m=0.7451  uplink_kB=52.6  t=0.59s
  round  26/50: acc=0.7528  f1m=0.7480  uplink_kB=52.6  t=0.64s
  round  27/50: acc=0.7533  f1m=0.7484  uplink_kB=52.6  t=0.65s
  round  28/50: acc=0.7547  f1m=0.7497  uplink_kB=52.6  t=0.63s
  round  29/50: acc=0.7539  f1m=0.7487  uplink_kB=52.6  t=0.69s
  round  30/50: acc=0.7538  f1m=0.7486  uplink_kB=52.6  t=0.66s
  round  31/50: acc=0.7546  f1m=0.7494  uplink_kB=52.6  t=0.61s
  round  32/50: acc=0.7562  f1m=0.7508  uplink_kB=52.6  t=0.69s
  round  33/50: acc=0.7578  f1m=0.7526  uplink_kB=52.6  t=0.65s
  round  34/50: acc=0.7585  f1m=0.7532  uplink_kB=52.6  t=0.65s
  round  35/50: acc=0.7563  f1m=0.7505  uplink_kB=52.6  t=0.66s
  round  36/50: acc=0.7510  f1m=0.7444  uplink_kB=52.6  t=0.67s
  round  37/50: acc=0.7608  f1m=0.7555  uplink_kB=52.6  t=0.59s
  round  38/50: acc=0.7633  f1m=0.7585  uplink_kB=52.6  t=0.65s
  round  39/50: acc=0.7636  f1m=0.7588  uplink_kB=52.6  t=0.66s
  round  40/50: acc=0.7637  f1m=0.7586  uplink_kB=52.6  t=0.67s
  round  41/50: acc=0.7654  f1m=0.7607  uplink_kB=52.6  t=0.63s
  round  42/50: acc=0.7650  f1m=0.7604  uplink_kB=52.6  t=0.65s
  round  43/50: acc=0.7659  f1m=0.7614  uplink_kB=52.6  t=0.64s
  round  44/50: acc=0.7644  f1m=0.7596  uplink_kB=52.6  t=0.61s
  round  45/50: acc=0.7640  f1m=0.7590  uplink_kB=52.6  t=0.64s
  round  46/50: acc=0.7643  f1m=0.7593  uplink_kB=52.6  t=0.66s
  round  47/50: acc=0.7623  f1m=0.7571  uplink_kB=52.6  t=0.64s
  round  48/50: acc=0.7642  f1m=0.7594  uplink_kB=52.6  t=0.63s
  round  49/50: acc=0.7651  f1m=0.7605  uplink_kB=52.6  t=0.63s
  round  50/50: acc=0.7652  f1m=0.7606  uplink_kB=52.6  t=0.62s
[run] DONE -> /Users/agentra/Documents/hao/working/paper-lab/hao-paper-2026/iotj-fedkan-ids/repo/results/lrsweep_toniot/lrsweep_mlp32_lr0p001__dir0.1__seed23/metrics.json  final_acc=0.7652
