[run] device=cpu  seed=23  out=/Users/agentra/Documents/hao/working/paper-lab/hao-paper-2026/iotj-fedkan-ids/repo/results/lrsweep_cseciic/lrsweep_kan16_lr0p01__dir0.1__seed23
[run] model=kan  params=6,560
  round   1/50: acc=0.9193  f1m=0.9188  uplink_kB=282.0  t=3.16s
  round   2/50: acc=0.9317  f1m=0.9314  uplink_kB=282.0  t=2.65s
  round   3/50: acc=0.9561  f1m=0.9560  uplink_kB=282.0  t=2.39s
  round   4/50: acc=0.9645  f1m=0.9645  uplink_kB=282.0  t=2.31s
  round   5/50: acc=0.9698  f1m=0.9698  uplink_kB=282.0  t=1.95s
  round   6/50: acc=0.9695  f1m=0.9695  uplink_kB=282.0  t=2.30s
  round   7/50: acc=0.9644  f1m=0.9644  uplink_kB=282.0  t=2.13s
  round   8/50: acc=0.9690  f1m=0.9690  uplink_kB=282.0  t=2.17s
  round   9/50: acc=0.9665  f1m=0.9665  uplink_kB=282.0  t=2.25s
  round  10/50: acc=0.9613  f1m=0.9612  uplink_kB=282.0  t=2.12s
  round  11/50: acc=0.9714  f1m=0.9714  uplink_kB=282.0  t=2.11s
  round  12/50: acc=0.9648  f1m=0.9648  uplink_kB=282.0  t=2.02s
  round  13/50: acc=0.9709  f1m=0.9709  uplink_kB=282.0  t=2.13s
  round  14/50: acc=0.9693  f1m=0.9693  uplink_kB=282.0  t=2.21s
  round  15/50: acc=0.9721  f1m=0.9721  uplink_kB=282.0  t=2.25s
  round  16/50: acc=0.9727  f1m=0.9727  uplink_kB=282.0  t=2.19s
  round  17/50: acc=0.9706  f1m=0.9706  uplink_kB=282.0  t=2.17s
  round  18/50: acc=0.9707  f1m=0.9707  uplink_kB=282.0  t=2.14s
  round  19/50: acc=0.9701  f1m=0.9701  uplink_kB=282.0  t=2.33s
  round  20/50: acc=0.9740  f1m=0.9740  uplink_kB=282.0  t=2.19s
  round  21/50: acc=0.9689  f1m=0.9689  uplink_kB=282.0  t=1.93s
  round  22/50: acc=0.9651  f1m=0.9651  uplink_kB=282.0  t=1.99s
  round  23/50: acc=0.9692  f1m=0.9692  uplink_kB=282.0  t=1.91s
  round  24/50: acc=0.9670  f1m=0.9670  uplink_kB=282.0  t=2.00s
  round  25/50: acc=0.9719  f1m=0.9719  uplink_kB=282.0  t=1.89s
  round  26/50: acc=0.9658  f1m=0.9658  uplink_kB=282.0  t=2.00s
  round  27/50: acc=0.9727  f1m=0.9727  uplink_kB=282.0  t=1.94s
  round  28/50: acc=0.9683  f1m=0.9682  uplink_kB=282.0  t=1.92s
  round  29/50: acc=0.9763  f1m=0.9763  uplink_kB=282.0  t=1.99s
  round  30/50: acc=0.9641  f1m=0.9641  uplink_kB=282.0  t=1.98s
  round  31/50: acc=0.9727  f1m=0.9727  uplink_kB=282.0  t=1.97s
  round  32/50: acc=0.9768  f1m=0.9768  uplink_kB=282.0  t=1.88s
  round  33/50: acc=0.9740  f1m=0.9740  uplink_kB=282.0  t=1.93s
  round  34/50: acc=0.9755  f1m=0.9755  uplink_kB=282.0  t=1.99s
  round  35/50: acc=0.9764  f1m=0.9764  uplink_kB=282.0  t=1.95s
  round  36/50: acc=0.9757  f1m=0.9757  uplink_kB=282.0  t=1.94s
  round  37/50: acc=0.9754  f1m=0.9754  uplink_kB=282.0  t=2.00s
  round  38/50: acc=0.9772  f1m=0.9772  uplink_kB=282.0  t=1.96s
  round  39/50: acc=0.9765  f1m=0.9765  uplink_kB=282.0  t=1.88s
  round  40/50: acc=0.9758  f1m=0.9758  uplink_kB=282.0  t=1.95s
  round  41/50: acc=0.9736  f1m=0.9736  uplink_kB=282.0  t=1.88s
  round  42/50: acc=0.9759  f1m=0.9759  uplink_kB=282.0  t=1.96s
  round  43/50: acc=0.9758  f1m=0.9758  uplink_kB=282.0  t=1.95s
  round  44/50: acc=0.9757  f1m=0.9756  uplink_kB=282.0  t=1.94s
  round  45/50: acc=0.9757  f1m=0.9757  uplink_kB=282.0  t=1.88s
  round  46/50: acc=0.9741  f1m=0.9741  uplink_kB=282.0  t=1.91s
  round  47/50: acc=0.9762  f1m=0.9762  uplink_kB=282.0  t=1.96s
  round  48/50: acc=0.9755  f1m=0.9755  uplink_kB=282.0  t=1.91s
  round  49/50: acc=0.9731  f1m=0.9731  uplink_kB=282.0  t=2.03s
  round  50/50: acc=0.9741  f1m=0.9741  uplink_kB=282.0  t=1.87s
[run] DONE -> /Users/agentra/Documents/hao/working/paper-lab/hao-paper-2026/iotj-fedkan-ids/repo/results/lrsweep_cseciic/lrsweep_kan16_lr0p01__dir0.1__seed23/metrics.json  final_acc=0.9741
