[run] device=cpu  seed=2026  out=/Users/agentra/Documents/hao/working/paper-lab/hao-paper-2026/iotj-fedkan-ids/repo/results/lrsweep_toniot/lrsweep_kan8_lr0p001__dir0.1__seed2026
[run] model=kan  params=3,280
  round   1/50: acc=0.6097  f1m=0.5790  uplink_kB=150.2  t=2.00s
  round   2/50: acc=0.6453  f1m=0.6298  uplink_kB=150.2  t=1.62s
  round   3/50: acc=0.6445  f1m=0.6249  uplink_kB=150.2  t=1.73s
  round   4/50: acc=0.6654  f1m=0.6501  uplink_kB=150.2  t=1.66s
  round   5/50: acc=0.6920  f1m=0.6821  uplink_kB=150.2  t=1.58s
  round   6/50: acc=0.7160  f1m=0.7089  uplink_kB=150.2  t=1.65s
  round   7/50: acc=0.7290  f1m=0.7236  uplink_kB=150.2  t=1.61s
  round   8/50: acc=0.7322  f1m=0.7270  uplink_kB=150.2  t=1.64s
  round   9/50: acc=0.7372  f1m=0.7323  uplink_kB=150.2  t=1.63s
  round  10/50: acc=0.7402  f1m=0.7354  uplink_kB=150.2  t=1.62s
  round  11/50: acc=0.7433  f1m=0.7387  uplink_kB=150.2  t=1.55s
  round  12/50: acc=0.7454  f1m=0.7409  uplink_kB=150.2  t=1.64s
  round  13/50: acc=0.7479  f1m=0.7438  uplink_kB=150.2  t=1.70s
  round  14/50: acc=0.7534  f1m=0.7495  uplink_kB=150.2  t=1.67s
  round  15/50: acc=0.7567  f1m=0.7530  uplink_kB=150.2  t=1.65s
  round  16/50: acc=0.8548  f1m=0.8546  uplink_kB=150.2  t=1.63s
  round  17/50: acc=0.8952  f1m=0.8952  uplink_kB=150.2  t=1.61s
  round  18/50: acc=0.8993  f1m=0.8993  uplink_kB=150.2  t=1.56s
  round  19/50: acc=0.9013  f1m=0.9013  uplink_kB=150.2  t=1.59s
  round  20/50: acc=0.9042  f1m=0.9042  uplink_kB=150.2  t=1.63s
  round  21/50: acc=0.9050  f1m=0.9050  uplink_kB=150.2  t=1.66s
  round  22/50: acc=0.9069  f1m=0.9069  uplink_kB=150.2  t=1.62s
  round  23/50: acc=0.9075  f1m=0.9075  uplink_kB=150.2  t=1.63s
  round  24/50: acc=0.9078  f1m=0.9078  uplink_kB=150.2  t=1.61s
  round  25/50: acc=0.9090  f1m=0.9089  uplink_kB=150.2  t=1.56s
  round  26/50: acc=0.9085  f1m=0.9085  uplink_kB=150.2  t=1.67s
  round  27/50: acc=0.9101  f1m=0.9101  uplink_kB=150.2  t=1.60s
  round  28/50: acc=0.9074  f1m=0.9074  uplink_kB=150.2  t=1.63s
  round  29/50: acc=0.9048  f1m=0.9047  uplink_kB=150.2  t=1.64s
  round  30/50: acc=0.9077  f1m=0.9076  uplink_kB=150.2  t=1.56s
  round  31/50: acc=0.9072  f1m=0.9072  uplink_kB=150.2  t=1.61s
  round  32/50: acc=0.9067  f1m=0.9067  uplink_kB=150.2  t=1.69s
  round  33/50: acc=0.9013  f1m=0.9011  uplink_kB=150.2  t=1.60s
  round  34/50: acc=0.9139  f1m=0.9138  uplink_kB=150.2  t=1.61s
  round  35/50: acc=0.9125  f1m=0.9124  uplink_kB=150.2  t=1.67s
  round  36/50: acc=0.9222  f1m=0.9222  uplink_kB=150.2  t=1.58s
  round  37/50: acc=0.9233  f1m=0.9232  uplink_kB=150.2  t=1.61s
  round  38/50: acc=0.9196  f1m=0.9195  uplink_kB=150.2  t=1.69s
  round  39/50: acc=0.9256  f1m=0.9255  uplink_kB=150.2  t=1.59s
  round  40/50: acc=0.9241  f1m=0.9240  uplink_kB=150.2  t=1.63s
  round  41/50: acc=0.9276  f1m=0.9275  uplink_kB=150.2  t=1.65s
  round  42/50: acc=0.9277  f1m=0.9276  uplink_kB=150.2  t=1.63s
  round  43/50: acc=0.9291  f1m=0.9290  uplink_kB=150.2  t=1.65s
  round  44/50: acc=0.9309  f1m=0.9308  uplink_kB=150.2  t=1.61s
  round  45/50: acc=0.9311  f1m=0.9311  uplink_kB=150.2  t=1.85s
  round  46/50: acc=0.9321  f1m=0.9320  uplink_kB=150.2  t=1.87s
  round  47/50: acc=0.9325  f1m=0.9324  uplink_kB=150.2  t=1.69s
  round  48/50: acc=0.9328  f1m=0.9328  uplink_kB=150.2  t=1.70s
  round  49/50: acc=0.9345  f1m=0.9344  uplink_kB=150.2  t=1.66s
  round  50/50: acc=0.9346  f1m=0.9346  uplink_kB=150.2  t=1.71s
[run] DONE -> /Users/agentra/Documents/hao/working/paper-lab/hao-paper-2026/iotj-fedkan-ids/repo/results/lrsweep_toniot/lrsweep_kan8_lr0p001__dir0.1__seed2026/metrics.json  final_acc=0.9346
