[run] device=cpu  seed=42  out=/Users/agentra/Documents/hao/working/paper-lab/hao-paper-2026/iotj-fedkan-ids/repo/results/lrsweep_cseciic_mc50k/lrsweep_kan8_lr0p01__dir0.1__seed42
[run] model=kan  params=4,320
  round   1/50: acc=0.1990  f1m=0.1164  uplink_kB=190.8  t=3.29s
  round   2/50: acc=0.4346  f1m=0.2122  uplink_kB=190.8  t=2.58s
  round   3/50: acc=0.5411  f1m=0.2738  uplink_kB=190.8  t=2.68s
  round   4/50: acc=0.6396  f1m=0.3763  uplink_kB=190.8  t=2.59s
  round   5/50: acc=0.6495  f1m=0.3852  uplink_kB=190.8  t=2.63s
  round   6/50: acc=0.6668  f1m=0.4036  uplink_kB=190.8  t=2.58s
  round   7/50: acc=0.6701  f1m=0.4029  uplink_kB=190.8  t=2.68s
  round   8/50: acc=0.6772  f1m=0.4066  uplink_kB=190.8  t=2.53s
  round   9/50: acc=0.6790  f1m=0.4086  uplink_kB=190.8  t=2.64s
  round  10/50: acc=0.6826  f1m=0.4221  uplink_kB=190.8  t=2.57s
  round  11/50: acc=0.7971  f1m=0.5313  uplink_kB=190.8  t=2.65s
  round  12/50: acc=0.7928  f1m=0.5130  uplink_kB=190.8  t=2.56s
  round  13/50: acc=0.8020  f1m=0.5470  uplink_kB=190.8  t=2.66s
  round  14/50: acc=0.7933  f1m=0.5169  uplink_kB=190.8  t=2.49s
  round  15/50: acc=0.7983  f1m=0.5302  uplink_kB=190.8  t=2.61s
  round  16/50: acc=0.8090  f1m=0.6177  uplink_kB=190.8  t=2.59s
  round  17/50: acc=0.8172  f1m=0.6241  uplink_kB=190.8  t=2.66s
  round  18/50: acc=0.7996  f1m=0.5713  uplink_kB=190.8  t=2.53s
  round  19/50: acc=0.8212  f1m=0.6297  uplink_kB=190.8  t=2.68s
  round  20/50: acc=0.8363  f1m=0.6684  uplink_kB=190.8  t=2.52s
  round  21/50: acc=0.8403  f1m=0.6534  uplink_kB=190.8  t=2.82s
  round  22/50: acc=0.8477  f1m=0.6543  uplink_kB=190.8  t=2.57s
  round  23/50: acc=0.8355  f1m=0.5893  uplink_kB=190.8  t=2.97s
  round  24/50: acc=0.8376  f1m=0.6505  uplink_kB=190.8  t=2.84s
  round  25/50: acc=0.8202  f1m=0.5814  uplink_kB=190.8  t=2.61s
  round  26/50: acc=0.8463  f1m=0.6556  uplink_kB=190.8  t=2.51s
  round  27/50: acc=0.8514  f1m=0.6759  uplink_kB=190.8  t=2.75s
  round  28/50: acc=0.8462  f1m=0.6785  uplink_kB=190.8  t=2.62s
  round  29/50: acc=0.8338  f1m=0.6404  uplink_kB=190.8  t=2.57s
  round  30/50: acc=0.8547  f1m=0.6791  uplink_kB=190.8  t=2.65s
  round  31/50: acc=0.8490  f1m=0.6795  uplink_kB=190.8  t=2.64s
  round  32/50: acc=0.8626  f1m=0.7021  uplink_kB=190.8  t=2.67s
  round  33/50: acc=0.8621  f1m=0.7033  uplink_kB=190.8  t=2.72s
  round  34/50: acc=0.8634  f1m=0.7108  uplink_kB=190.8  t=2.88s
  round  35/50: acc=0.8580  f1m=0.6981  uplink_kB=190.8  t=2.72s
  round  36/50: acc=0.8727  f1m=0.7349  uplink_kB=190.8  t=2.74s
  round  37/50: acc=0.8721  f1m=0.7310  uplink_kB=190.8  t=2.74s
  round  38/50: acc=0.8564  f1m=0.6951  uplink_kB=190.8  t=2.70s
  round  39/50: acc=0.8643  f1m=0.7112  uplink_kB=190.8  t=2.72s
  round  40/50: acc=0.8713  f1m=0.7329  uplink_kB=190.8  t=2.72s
  round  41/50: acc=0.8659  f1m=0.7284  uplink_kB=190.8  t=2.68s
  round  42/50: acc=0.8661  f1m=0.6770  uplink_kB=190.8  t=2.65s
  round  43/50: acc=0.8648  f1m=0.7154  uplink_kB=190.8  t=2.73s
  round  44/50: acc=0.8753  f1m=0.7449  uplink_kB=190.8  t=2.64s
  round  45/50: acc=0.8724  f1m=0.7298  uplink_kB=190.8  t=2.61s
  round  46/50: acc=0.8721  f1m=0.7202  uplink_kB=190.8  t=2.63s
  round  47/50: acc=0.8760  f1m=0.7402  uplink_kB=190.8  t=2.65s
  round  48/50: acc=0.8719  f1m=0.7264  uplink_kB=190.8  t=2.72s
  round  49/50: acc=0.8842  f1m=0.7500  uplink_kB=190.8  t=2.63s
  round  50/50: acc=0.8850  f1m=0.7439  uplink_kB=190.8  t=2.63s
[run] DONE -> /Users/agentra/Documents/hao/working/paper-lab/hao-paper-2026/iotj-fedkan-ids/repo/results/lrsweep_cseciic_mc50k/lrsweep_kan8_lr0p01__dir0.1__seed42/metrics.json  final_acc=0.8850
