[run] device=cpu  seed=103  out=/Users/agentra/Documents/hao/working/paper-lab/hao-paper-2026/iotj-fedkan-ids/repo/results/lrsweep_toniot/lrsweep_mlp80_lr0p01__dir0.1__seed103
[run] model=mlp  params=3,362
  round   1/50: acc=0.5000  f1m=0.3333  uplink_kB=131.3  t=1.46s
  round   2/50: acc=0.5000  f1m=0.3333  uplink_kB=131.3  t=0.87s
  round   3/50: acc=0.5000  f1m=0.3333  uplink_kB=131.3  t=0.81s
  round   4/50: acc=0.5000  f1m=0.3333  uplink_kB=131.3  t=0.78s
  round   5/50: acc=0.5043  f1m=0.3437  uplink_kB=131.3  t=0.85s
  round   6/50: acc=0.5435  f1m=0.4322  uplink_kB=131.3  t=0.81s
  round   7/50: acc=0.6183  f1m=0.5926  uplink_kB=131.3  t=0.80s
  round   8/50: acc=0.7077  f1m=0.7066  uplink_kB=131.3  t=0.81s
  round   9/50: acc=0.7044  f1m=0.7040  uplink_kB=131.3  t=0.79s
  round  10/50: acc=0.7065  f1m=0.7060  uplink_kB=131.3  t=0.74s
  round  11/50: acc=0.7048  f1m=0.7044  uplink_kB=131.3  t=0.79s
  round  12/50: acc=0.7053  f1m=0.7049  uplink_kB=131.3  t=0.79s
  round  13/50: acc=0.7172  f1m=0.7164  uplink_kB=131.3  t=0.83s
  round  14/50: acc=0.7207  f1m=0.7196  uplink_kB=131.3  t=0.82s
  round  15/50: acc=0.7223  f1m=0.7211  uplink_kB=131.3  t=0.84s
  round  16/50: acc=0.7227  f1m=0.7213  uplink_kB=131.3  t=0.76s
  round  17/50: acc=0.7228  f1m=0.7214  uplink_kB=131.3  t=0.79s
  round  18/50: acc=0.7212  f1m=0.7199  uplink_kB=131.3  t=0.84s
  round  19/50: acc=0.7200  f1m=0.7185  uplink_kB=131.3  t=0.81s
  round  20/50: acc=0.7193  f1m=0.7179  uplink_kB=131.3  t=0.85s
  round  21/50: acc=0.7197  f1m=0.7182  uplink_kB=131.3  t=0.81s
  round  22/50: acc=0.7196  f1m=0.7178  uplink_kB=131.3  t=0.74s
  round  23/50: acc=0.7196  f1m=0.7180  uplink_kB=131.3  t=0.81s
  round  24/50: acc=0.7194  f1m=0.7178  uplink_kB=131.3  t=0.83s
  round  25/50: acc=0.7224  f1m=0.7204  uplink_kB=131.3  t=0.80s
  round  26/50: acc=0.7199  f1m=0.7183  uplink_kB=131.3  t=0.79s
  round  27/50: acc=0.7218  f1m=0.7199  uplink_kB=131.3  t=0.75s
  round  28/50: acc=0.7178  f1m=0.7165  uplink_kB=131.3  t=0.81s
  round  29/50: acc=0.7188  f1m=0.7172  uplink_kB=131.3  t=0.83s
  round  30/50: acc=0.7178  f1m=0.7163  uplink_kB=131.3  t=0.90s
  round  31/50: acc=0.7181  f1m=0.7166  uplink_kB=131.3  t=0.81s
  round  32/50: acc=0.7198  f1m=0.7181  uplink_kB=131.3  t=0.83s
  round  33/50: acc=0.7209  f1m=0.7189  uplink_kB=131.3  t=0.80s
  round  34/50: acc=0.7201  f1m=0.7184  uplink_kB=131.3  t=0.76s
  round  35/50: acc=0.7201  f1m=0.7185  uplink_kB=131.3  t=0.81s
  round  36/50: acc=0.7201  f1m=0.7184  uplink_kB=131.3  t=0.81s
  round  37/50: acc=0.7193  f1m=0.7178  uplink_kB=131.3  t=0.83s
  round  38/50: acc=0.7197  f1m=0.7182  uplink_kB=131.3  t=0.80s
  round  39/50: acc=0.7197  f1m=0.7181  uplink_kB=131.3  t=0.83s
  round  40/50: acc=0.7199  f1m=0.7183  uplink_kB=131.3  t=0.78s
  round  41/50: acc=0.7201  f1m=0.7184  uplink_kB=131.3  t=0.82s
  round  42/50: acc=0.7209  f1m=0.7195  uplink_kB=131.3  t=0.80s
  round  43/50: acc=0.7201  f1m=0.7185  uplink_kB=131.3  t=0.81s
  round  44/50: acc=0.7214  f1m=0.7201  uplink_kB=131.3  t=0.83s
  round  45/50: acc=0.7214  f1m=0.7202  uplink_kB=131.3  t=0.81s
  round  46/50: acc=0.7204  f1m=0.7189  uplink_kB=131.3  t=0.81s
  round  47/50: acc=0.7219  f1m=0.7206  uplink_kB=131.3  t=0.75s
  round  48/50: acc=0.7217  f1m=0.7202  uplink_kB=131.3  t=0.80s
  round  49/50: acc=0.7251  f1m=0.7235  uplink_kB=131.3  t=0.81s
  round  50/50: acc=0.7252  f1m=0.7229  uplink_kB=131.3  t=0.81s
[run] DONE -> /Users/agentra/Documents/hao/working/paper-lab/hao-paper-2026/iotj-fedkan-ids/repo/results/lrsweep_toniot/lrsweep_mlp80_lr0p01__dir0.1__seed103/metrics.json  final_acc=0.7252
