[run] device=cpu  seed=29  out=/Users/agentra/Documents/hao/working/paper-lab/hao-paper-2026/iotj-fedkan-ids/repo/results/lrsweep_cseciic_mc50k/lrsweep_mlp80_lr0p003__dir0.1__seed29
[run] model=mlp  params=4,415
  round   1/50: acc=0.3227  f1m=0.1269  uplink_kB=172.5  t=1.52s
  round   2/50: acc=0.4455  f1m=0.2011  uplink_kB=172.5  t=1.03s
  round   3/50: acc=0.4724  f1m=0.2563  uplink_kB=172.5  t=1.05s
  round   4/50: acc=0.4796  f1m=0.2635  uplink_kB=172.5  t=1.05s
  round   5/50: acc=0.4992  f1m=0.2834  uplink_kB=172.5  t=1.07s
  round   6/50: acc=0.5136  f1m=0.2949  uplink_kB=172.5  t=0.99s
  round   7/50: acc=0.5502  f1m=0.3156  uplink_kB=172.5  t=1.05s
  round   8/50: acc=0.5847  f1m=0.3351  uplink_kB=172.5  t=1.03s
  round   9/50: acc=0.6083  f1m=0.3480  uplink_kB=172.5  t=1.04s
  round  10/50: acc=0.6262  f1m=0.3589  uplink_kB=172.5  t=1.05s
  round  11/50: acc=0.6307  f1m=0.3622  uplink_kB=172.5  t=1.02s
  round  12/50: acc=0.6499  f1m=0.3719  uplink_kB=172.5  t=1.07s
  round  13/50: acc=0.6564  f1m=0.3816  uplink_kB=172.5  t=1.04s
  round  14/50: acc=0.6574  f1m=0.3821  uplink_kB=172.5  t=1.08s
  round  15/50: acc=0.6633  f1m=0.3949  uplink_kB=172.5  t=0.98s
  round  16/50: acc=0.6680  f1m=0.4096  uplink_kB=172.5  t=1.05s
  round  17/50: acc=0.6773  f1m=0.4253  uplink_kB=172.5  t=1.02s
  round  18/50: acc=0.7243  f1m=0.4709  uplink_kB=172.5  t=1.07s
  round  19/50: acc=0.7286  f1m=0.4753  uplink_kB=172.5  t=1.02s
  round  20/50: acc=0.7308  f1m=0.4787  uplink_kB=172.5  t=1.08s
  round  21/50: acc=0.7315  f1m=0.4791  uplink_kB=172.5  t=1.01s
  round  22/50: acc=0.7312  f1m=0.4790  uplink_kB=172.5  t=1.09s
  round  23/50: acc=0.7560  f1m=0.5249  uplink_kB=172.5  t=1.02s
  round  24/50: acc=0.7759  f1m=0.5514  uplink_kB=172.5  t=1.06s
  round  25/50: acc=0.7979  f1m=0.5660  uplink_kB=172.5  t=1.01s
  round  26/50: acc=0.8180  f1m=0.5932  uplink_kB=172.5  t=1.04s
  round  27/50: acc=0.8179  f1m=0.5931  uplink_kB=172.5  t=1.04s
  round  28/50: acc=0.8193  f1m=0.5938  uplink_kB=172.5  t=1.13s
  round  29/50: acc=0.8193  f1m=0.5947  uplink_kB=172.5  t=1.00s
  round  30/50: acc=0.8201  f1m=0.5957  uplink_kB=172.5  t=1.10s
  round  31/50: acc=0.8205  f1m=0.5954  uplink_kB=172.5  t=1.04s
  round  32/50: acc=0.8225  f1m=0.5981  uplink_kB=172.5  t=1.08s
  round  33/50: acc=0.8230  f1m=0.5996  uplink_kB=172.5  t=1.02s
  round  34/50: acc=0.8223  f1m=0.5981  uplink_kB=172.5  t=1.08s
  round  35/50: acc=0.8223  f1m=0.5983  uplink_kB=172.5  t=1.02s
  round  36/50: acc=0.8235  f1m=0.6002  uplink_kB=172.5  t=1.09s
  round  37/50: acc=0.8269  f1m=0.6061  uplink_kB=172.5  t=1.00s
  round  38/50: acc=0.8264  f1m=0.6053  uplink_kB=172.5  t=1.06s
  round  39/50: acc=0.8260  f1m=0.6043  uplink_kB=172.5  t=1.01s
  round  40/50: acc=0.8267  f1m=0.6046  uplink_kB=172.5  t=1.09s
  round  41/50: acc=0.8261  f1m=0.6035  uplink_kB=172.5  t=1.01s
  round  42/50: acc=0.8261  f1m=0.6050  uplink_kB=172.5  t=1.08s
  round  43/50: acc=0.8262  f1m=0.6034  uplink_kB=172.5  t=1.07s
  round  44/50: acc=0.8248  f1m=0.6020  uplink_kB=172.5  t=1.05s
  round  45/50: acc=0.8257  f1m=0.6027  uplink_kB=172.5  t=1.04s
  round  46/50: acc=0.8293  f1m=0.6088  uplink_kB=172.5  t=1.06s
  round  47/50: acc=0.8273  f1m=0.6062  uplink_kB=172.5  t=1.00s
  round  48/50: acc=0.8349  f1m=0.6192  uplink_kB=172.5  t=1.09s
  round  49/50: acc=0.8320  f1m=0.6202  uplink_kB=172.5  t=1.04s
  round  50/50: acc=0.8276  f1m=0.6080  uplink_kB=172.5  t=1.03s
[run] DONE -> /Users/agentra/Documents/hao/working/paper-lab/hao-paper-2026/iotj-fedkan-ids/repo/results/lrsweep_cseciic_mc50k/lrsweep_mlp80_lr0p003__dir0.1__seed29/metrics.json  final_acc=0.8276
