[run] device=cpu  seed=2024  out=/Users/agentra/Documents/hao/working/paper-lab/hao-paper-2026/iotj-fedkan-ids/repo/results/lrsweep_botiot/lrsweep_kan8_lr0p003__dir0.1__seed2024
[run] model=kan  params=3,280
  round   1/50: acc=0.9081  f1m=0.9080  uplink_kB=150.2  t=2.25s
  round   2/50: acc=0.8945  f1m=0.8941  uplink_kB=150.2  t=1.70s
  round   3/50: acc=0.6110  f1m=0.5418  uplink_kB=150.2  t=1.60s
  round   4/50: acc=0.5238  f1m=0.3825  uplink_kB=150.2  t=1.61s
  round   5/50: acc=0.5106  f1m=0.3548  uplink_kB=150.2  t=1.64s
  round   6/50: acc=0.5107  f1m=0.3550  uplink_kB=150.2  t=1.55s
  round   7/50: acc=0.5136  f1m=0.3610  uplink_kB=150.2  t=1.62s
  round   8/50: acc=0.5240  f1m=0.3829  uplink_kB=150.2  t=1.56s
  round   9/50: acc=0.5752  f1m=0.4804  uplink_kB=150.2  t=1.65s
  round  10/50: acc=0.6311  f1m=0.5722  uplink_kB=150.2  t=1.64s
  round  11/50: acc=0.6585  f1m=0.6127  uplink_kB=150.2  t=1.60s
  round  12/50: acc=0.6648  f1m=0.6218  uplink_kB=150.2  t=1.60s
  round  13/50: acc=0.6686  f1m=0.6272  uplink_kB=150.2  t=1.55s
  round  14/50: acc=0.6726  f1m=0.6328  uplink_kB=150.2  t=1.62s
  round  15/50: acc=0.6749  f1m=0.6359  uplink_kB=150.2  t=1.61s
  round  16/50: acc=0.6754  f1m=0.6366  uplink_kB=150.2  t=1.61s
  round  17/50: acc=0.6767  f1m=0.6385  uplink_kB=150.2  t=1.60s
  round  18/50: acc=0.6781  f1m=0.6404  uplink_kB=150.2  t=1.60s
  round  19/50: acc=0.6787  f1m=0.6414  uplink_kB=150.2  t=1.55s
  round  20/50: acc=0.6806  f1m=0.6440  uplink_kB=150.2  t=1.62s
  round  21/50: acc=0.6830  f1m=0.6472  uplink_kB=150.2  t=1.65s
  round  22/50: acc=0.6861  f1m=0.6514  uplink_kB=150.2  t=1.58s
  round  23/50: acc=0.6900  f1m=0.6567  uplink_kB=150.2  t=1.65s
  round  24/50: acc=0.6959  f1m=0.6646  uplink_kB=150.2  t=1.60s
  round  25/50: acc=0.6959  f1m=0.6645  uplink_kB=150.2  t=1.61s
  round  26/50: acc=0.7011  f1m=0.6714  uplink_kB=150.2  t=1.62s
  round  27/50: acc=0.7066  f1m=0.6787  uplink_kB=150.2  t=1.65s
  round  28/50: acc=0.7789  f1m=0.7674  uplink_kB=150.2  t=1.61s
  round  29/50: acc=0.7840  f1m=0.7733  uplink_kB=150.2  t=1.63s
  round  30/50: acc=0.7848  f1m=0.7742  uplink_kB=150.2  t=1.64s
  round  31/50: acc=0.7852  f1m=0.7746  uplink_kB=150.2  t=1.65s
  round  32/50: acc=0.7876  f1m=0.7774  uplink_kB=150.2  t=1.54s
  round  33/50: acc=0.7845  f1m=0.7739  uplink_kB=150.2  t=1.61s
  round  34/50: acc=0.7856  f1m=0.7751  uplink_kB=150.2  t=1.59s
  round  35/50: acc=0.7862  f1m=0.7758  uplink_kB=150.2  t=1.60s
  round  36/50: acc=0.7880  f1m=0.7779  uplink_kB=150.2  t=1.64s
  round  37/50: acc=0.7903  f1m=0.7806  uplink_kB=150.2  t=1.61s
  round  38/50: acc=0.7890  f1m=0.7791  uplink_kB=150.2  t=1.64s
  round  39/50: acc=0.7895  f1m=0.7796  uplink_kB=150.2  t=1.65s
  round  40/50: acc=0.7911  f1m=0.7814  uplink_kB=150.2  t=1.60s
  round  41/50: acc=0.7902  f1m=0.7804  uplink_kB=150.2  t=1.63s
  round  42/50: acc=0.7918  f1m=0.7822  uplink_kB=150.2  t=1.63s
  round  43/50: acc=0.7920  f1m=0.7825  uplink_kB=150.2  t=1.60s
  round  44/50: acc=0.7922  f1m=0.7827  uplink_kB=150.2  t=1.61s
  round  45/50: acc=0.7907  f1m=0.7810  uplink_kB=150.2  t=1.64s
  round  46/50: acc=0.7912  f1m=0.7816  uplink_kB=150.2  t=1.60s
  round  47/50: acc=0.7934  f1m=0.7841  uplink_kB=150.2  t=1.62s
  round  48/50: acc=0.7912  f1m=0.7816  uplink_kB=150.2  t=1.65s
  round  49/50: acc=0.7934  f1m=0.7840  uplink_kB=150.2  t=1.59s
  round  50/50: acc=0.7937  f1m=0.7844  uplink_kB=150.2  t=1.67s
[run] DONE -> /Users/agentra/Documents/hao/working/paper-lab/hao-paper-2026/iotj-fedkan-ids/repo/results/lrsweep_botiot/lrsweep_kan8_lr0p003__dir0.1__seed2024/metrics.json  final_acc=0.7937
