[run] device=cpu  seed=106  out=/Users/agentra/Documents/hao/working/paper-lab/hao-paper-2026/iotj-fedkan-ids/repo/results/lrsweep_cseciic_mc50k/lrsweep_mlp80_lr0p01__dir0.1__seed106
[run] model=mlp  params=4,415
  round   1/50: acc=0.3660  f1m=0.1918  uplink_kB=172.5  t=2.11s
  round   2/50: acc=0.5239  f1m=0.2891  uplink_kB=172.5  t=1.30s
  round   3/50: acc=0.6412  f1m=0.3711  uplink_kB=172.5  t=1.36s
  round   4/50: acc=0.7203  f1m=0.4827  uplink_kB=172.5  t=1.29s
  round   5/50: acc=0.7961  f1m=0.5427  uplink_kB=172.5  t=1.33s
  round   6/50: acc=0.8274  f1m=0.5654  uplink_kB=172.5  t=1.26s
  round   7/50: acc=0.8283  f1m=0.5654  uplink_kB=172.5  t=1.37s
  round   8/50: acc=0.8351  f1m=0.5715  uplink_kB=172.5  t=1.24s
  round   9/50: acc=0.8357  f1m=0.5722  uplink_kB=172.5  t=1.33s
  round  10/50: acc=0.8278  f1m=0.5633  uplink_kB=172.5  t=1.27s
  round  11/50: acc=0.8310  f1m=0.5676  uplink_kB=172.5  t=1.33s
  round  12/50: acc=0.8354  f1m=0.5728  uplink_kB=172.5  t=1.31s
  round  13/50: acc=0.8324  f1m=0.5664  uplink_kB=172.5  t=1.27s
  round  14/50: acc=0.8366  f1m=0.5750  uplink_kB=172.5  t=1.30s
  round  15/50: acc=0.8317  f1m=0.5680  uplink_kB=172.5  t=1.24s
  round  16/50: acc=0.8391  f1m=0.5736  uplink_kB=172.5  t=1.31s
  round  17/50: acc=0.8400  f1m=0.5752  uplink_kB=172.5  t=1.26s
  round  18/50: acc=0.8370  f1m=0.5724  uplink_kB=172.5  t=1.37s
  round  19/50: acc=0.8640  f1m=0.6426  uplink_kB=172.5  t=1.27s
  round  20/50: acc=0.8611  f1m=0.6475  uplink_kB=172.5  t=1.32s
  round  21/50: acc=0.8400  f1m=0.5782  uplink_kB=172.5  t=1.26s
  round  22/50: acc=0.8617  f1m=0.6458  uplink_kB=172.5  t=1.33s
  round  23/50: acc=0.8617  f1m=0.6488  uplink_kB=172.5  t=1.26s
  round  24/50: acc=0.8481  f1m=0.6509  uplink_kB=172.5  t=1.32s
  round  25/50: acc=0.8661  f1m=0.7051  uplink_kB=172.5  t=1.27s
  round  26/50: acc=0.8693  f1m=0.7093  uplink_kB=172.5  t=1.36s
  round  27/50: acc=0.8677  f1m=0.7044  uplink_kB=172.5  t=1.25s
  round  28/50: acc=0.8831  f1m=0.7305  uplink_kB=172.5  t=1.32s
  round  29/50: acc=0.8481  f1m=0.6473  uplink_kB=172.5  t=1.26s
  round  30/50: acc=0.8682  f1m=0.7024  uplink_kB=172.5  t=1.32s
  round  31/50: acc=0.8504  f1m=0.6506  uplink_kB=172.5  t=1.28s
  round  32/50: acc=0.8511  f1m=0.6503  uplink_kB=172.5  t=1.35s
  round  33/50: acc=0.8539  f1m=0.6579  uplink_kB=172.5  t=1.39s
  round  34/50: acc=0.8680  f1m=0.7012  uplink_kB=172.5  t=1.26s
  round  35/50: acc=0.8745  f1m=0.7140  uplink_kB=172.5  t=1.28s
  round  36/50: acc=0.8584  f1m=0.6618  uplink_kB=172.5  t=1.33s
  round  37/50: acc=0.8750  f1m=0.7138  uplink_kB=172.5  t=1.25s
  round  38/50: acc=0.8712  f1m=0.7097  uplink_kB=172.5  t=1.34s
  round  39/50: acc=0.8941  f1m=0.7425  uplink_kB=172.5  t=1.26s
  round  40/50: acc=0.8771  f1m=0.7160  uplink_kB=172.5  t=1.33s
  round  41/50: acc=0.8755  f1m=0.7148  uplink_kB=172.5  t=1.24s
  round  42/50: acc=0.8788  f1m=0.7132  uplink_kB=172.5  t=1.33s
  round  43/50: acc=0.8738  f1m=0.7142  uplink_kB=172.5  t=1.25s
  round  44/50: acc=0.8757  f1m=0.7148  uplink_kB=172.5  t=1.34s
  round  45/50: acc=0.8886  f1m=0.7310  uplink_kB=172.5  t=1.26s
  round  46/50: acc=0.8885  f1m=0.7368  uplink_kB=172.5  t=1.33s
  round  47/50: acc=0.8822  f1m=0.7382  uplink_kB=172.5  t=1.25s
  round  48/50: acc=0.8762  f1m=0.7150  uplink_kB=172.5  t=1.34s
  round  49/50: acc=0.8909  f1m=0.7405  uplink_kB=172.5  t=1.32s
  round  50/50: acc=0.8902  f1m=0.7385  uplink_kB=172.5  t=1.35s
[run] DONE -> /Users/agentra/Documents/hao/working/paper-lab/hao-paper-2026/iotj-fedkan-ids/repo/results/lrsweep_cseciic_mc50k/lrsweep_mlp80_lr0p01__dir0.1__seed106/metrics.json  final_acc=0.8902
