[run] device=cpu  seed=2024  out=/Users/agentra/Documents/hao/working/paper-lab/hao-paper-2026/iotj-fedkan-ids/repo/results/lrsweep_cseciic_mc/lrsweep_kan16_lr0p1__dir0.1__seed2024
[run] model=kan  params=8,640
  round   1/50: acc=0.3083  f1m=0.1429  uplink_kB=363.3  t=6.72s
  round   2/50: acc=0.6074  f1m=0.3219  uplink_kB=363.3  t=6.08s
  round   3/50: acc=0.5977  f1m=0.4201  uplink_kB=363.3  t=6.07s
  round   4/50: acc=0.4686  f1m=0.2281  uplink_kB=363.3  t=6.15s
  round   5/50: acc=0.6432  f1m=0.3843  uplink_kB=363.3  t=6.08s
  round   6/50: acc=0.4026  f1m=0.2657  uplink_kB=363.3  t=6.14s
  round   7/50: acc=0.6174  f1m=0.4621  uplink_kB=363.3  t=6.13s
  round   8/50: acc=0.3036  f1m=0.1668  uplink_kB=363.3  t=6.07s
  round   9/50: acc=0.5040  f1m=0.3899  uplink_kB=363.3  t=6.07s
  round  10/50: acc=0.3689  f1m=0.2221  uplink_kB=363.3  t=6.09s
  round  11/50: acc=0.5344  f1m=0.3435  uplink_kB=363.3  t=6.08s
  round  12/50: acc=0.6021  f1m=0.4089  uplink_kB=363.3  t=6.08s
  round  13/50: acc=0.5050  f1m=0.3332  uplink_kB=363.3  t=6.12s
  round  14/50: acc=0.4853  f1m=0.3120  uplink_kB=363.3  t=6.09s
  round  15/50: acc=0.4967  f1m=0.3379  uplink_kB=363.3  t=6.10s
  round  16/50: acc=0.6236  f1m=0.3593  uplink_kB=363.3  t=6.10s
  round  17/50: acc=0.6112  f1m=0.3406  uplink_kB=363.3  t=6.14s
  round  18/50: acc=0.6245  f1m=0.3636  uplink_kB=363.3  t=6.06s
  round  19/50: acc=0.5202  f1m=0.2621  uplink_kB=363.3  t=6.06s
  round  20/50: acc=0.5754  f1m=0.3543  uplink_kB=363.3  t=6.09s
  round  21/50: acc=0.5058  f1m=0.3372  uplink_kB=363.3  t=6.15s
  round  22/50: acc=0.6272  f1m=0.3763  uplink_kB=363.3  t=6.12s
  round  23/50: acc=0.5315  f1m=0.3383  uplink_kB=363.3  t=6.07s
  round  24/50: acc=0.4796  f1m=0.3016  uplink_kB=363.3  t=6.08s
  round  25/50: acc=0.5238  f1m=0.3166  uplink_kB=363.3  t=6.07s
  round  26/50: acc=0.3683  f1m=0.2209  uplink_kB=363.3  t=6.14s
  round  27/50: acc=0.5438  f1m=0.3518  uplink_kB=363.3  t=6.24s
  round  28/50: acc=0.5304  f1m=0.3362  uplink_kB=363.3  t=6.43s
  round  29/50: acc=0.4874  f1m=0.3255  uplink_kB=363.3  t=6.41s
  round  30/50: acc=0.6156  f1m=0.3521  uplink_kB=363.3  t=6.13s
  round  31/50: acc=0.4694  f1m=0.2863  uplink_kB=363.3  t=6.55s
  round  32/50: acc=0.3661  f1m=0.2186  uplink_kB=363.3  t=6.14s
  round  33/50: acc=0.5935  f1m=0.3060  uplink_kB=363.3  t=6.12s
  round  34/50: acc=0.4452  f1m=0.2121  uplink_kB=363.3  t=6.12s
  round  35/50: acc=0.4217  f1m=0.1689  uplink_kB=363.3  t=6.39s
  round  36/50: acc=0.3679  f1m=0.1750  uplink_kB=363.3  t=6.33s
  round  37/50: acc=0.4414  f1m=0.1628  uplink_kB=363.3  t=6.23s
  round  38/50: acc=0.3667  f1m=0.1189  uplink_kB=363.3  t=6.29s
  round  39/50: acc=0.3583  f1m=0.1855  uplink_kB=363.3  t=6.48s
  round  40/50: acc=0.3097  f1m=0.0811  uplink_kB=363.3  t=6.44s
  round  41/50: acc=0.3086  f1m=0.0799  uplink_kB=363.3  t=6.20s
  round  42/50: acc=0.3078  f1m=0.0794  uplink_kB=363.3  t=6.33s
  round  43/50: acc=0.1871  f1m=0.0487  uplink_kB=363.3  t=6.26s
  round  44/50: acc=0.3086  f1m=0.0798  uplink_kB=363.3  t=6.31s
  round  45/50: acc=0.1582  f1m=0.0398  uplink_kB=363.3  t=6.15s
  round  46/50: acc=0.1449  f1m=0.0286  uplink_kB=363.3  t=6.10s
  round  47/50: acc=0.1783  f1m=0.0444  uplink_kB=363.3  t=6.15s
  round  48/50: acc=0.2487  f1m=0.0743  uplink_kB=363.3  t=6.22s
  round  49/50: acc=0.2913  f1m=0.0663  uplink_kB=363.3  t=6.19s
  round  50/50: acc=0.2930  f1m=0.0674  uplink_kB=363.3  t=6.14s
[run] DONE -> /Users/agentra/Documents/hao/working/paper-lab/hao-paper-2026/iotj-fedkan-ids/repo/results/lrsweep_cseciic_mc/lrsweep_kan16_lr0p1__dir0.1__seed2024/metrics.json  final_acc=0.2930
