[run] device=cpu  seed=29  out=/Users/agentra/Documents/hao/working/paper-lab/hao-paper-2026/iotj-fedkan-ids/repo/results/mc_toniot/mc_kan8_lr0p01__dir0.1__seed29
[run] model=kan  params=3,920
  round   1/50: acc=0.2810  f1m=0.1260  uplink_kB=175.2  t=3.20s
  round   2/50: acc=0.4182  f1m=0.2722  uplink_kB=175.2  t=2.69s
  round   3/50: acc=0.4296  f1m=0.2878  uplink_kB=175.2  t=2.65s
  round   4/50: acc=0.4939  f1m=0.3571  uplink_kB=175.2  t=2.62s
  round   5/50: acc=0.5119  f1m=0.3719  uplink_kB=175.2  t=2.64s
  round   6/50: acc=0.5411  f1m=0.3999  uplink_kB=175.2  t=2.63s
  round   7/50: acc=0.5514  f1m=0.4074  uplink_kB=175.2  t=2.65s
  round   8/50: acc=0.5695  f1m=0.4301  uplink_kB=175.2  t=2.62s
  round   9/50: acc=0.6081  f1m=0.4631  uplink_kB=175.2  t=2.79s
  round  10/50: acc=0.5876  f1m=0.4914  uplink_kB=175.2  t=2.68s
  round  11/50: acc=0.5685  f1m=0.4829  uplink_kB=175.2  t=2.65s
  round  12/50: acc=0.5763  f1m=0.4961  uplink_kB=175.2  t=2.81s
  round  13/50: acc=0.6321  f1m=0.5599  uplink_kB=175.2  t=2.92s
  round  14/50: acc=0.6279  f1m=0.5593  uplink_kB=175.2  t=2.83s
  round  15/50: acc=0.6571  f1m=0.5840  uplink_kB=175.2  t=2.82s
  round  16/50: acc=0.6432  f1m=0.5744  uplink_kB=175.2  t=2.85s
  round  17/50: acc=0.6475  f1m=0.5778  uplink_kB=175.2  t=2.90s
  round  18/50: acc=0.6726  f1m=0.5981  uplink_kB=175.2  t=2.86s
  round  19/50: acc=0.6840  f1m=0.6176  uplink_kB=175.2  t=2.81s
  round  20/50: acc=0.7182  f1m=0.6331  uplink_kB=175.2  t=2.84s
  round  21/50: acc=0.6949  f1m=0.6301  uplink_kB=175.2  t=2.81s
  round  22/50: acc=0.7231  f1m=0.6369  uplink_kB=175.2  t=2.83s
  round  23/50: acc=0.7105  f1m=0.6389  uplink_kB=175.2  t=2.84s
  round  24/50: acc=0.7373  f1m=0.6672  uplink_kB=175.2  t=2.83s
  round  25/50: acc=0.7426  f1m=0.6709  uplink_kB=175.2  t=2.85s
  round  26/50: acc=0.7167  f1m=0.6461  uplink_kB=175.2  t=2.83s
  round  27/50: acc=0.7392  f1m=0.6715  uplink_kB=175.2  t=2.81s
  round  28/50: acc=0.7429  f1m=0.6747  uplink_kB=175.2  t=2.81s
  round  29/50: acc=0.7608  f1m=0.6999  uplink_kB=175.2  t=2.83s
  round  30/50: acc=0.7549  f1m=0.6905  uplink_kB=175.2  t=2.82s
  round  31/50: acc=0.7695  f1m=0.7115  uplink_kB=175.2  t=2.83s
  round  32/50: acc=0.7673  f1m=0.7083  uplink_kB=175.2  t=2.82s
  round  33/50: acc=0.7739  f1m=0.7174  uplink_kB=175.2  t=2.87s
  round  34/50: acc=0.7696  f1m=0.7115  uplink_kB=175.2  t=2.87s
  round  35/50: acc=0.7750  f1m=0.7181  uplink_kB=175.2  t=2.82s
  round  36/50: acc=0.7687  f1m=0.7114  uplink_kB=175.2  t=2.85s
  round  37/50: acc=0.7636  f1m=0.7054  uplink_kB=175.2  t=2.84s
  round  38/50: acc=0.7623  f1m=0.7046  uplink_kB=175.2  t=2.85s
  round  39/50: acc=0.7603  f1m=0.7016  uplink_kB=175.2  t=2.84s
  round  40/50: acc=0.7618  f1m=0.7051  uplink_kB=175.2  t=2.84s
  round  41/50: acc=0.7644  f1m=0.7080  uplink_kB=175.2  t=2.83s
  round  42/50: acc=0.7570  f1m=0.7000  uplink_kB=175.2  t=2.94s
  round  43/50: acc=0.7685  f1m=0.7166  uplink_kB=175.2  t=2.79s
  round  44/50: acc=0.7701  f1m=0.7123  uplink_kB=175.2  t=2.86s
  round  45/50: acc=0.7355  f1m=0.6808  uplink_kB=175.2  t=2.79s
  round  46/50: acc=0.7488  f1m=0.6950  uplink_kB=175.2  t=2.82s
  round  47/50: acc=0.7621  f1m=0.7091  uplink_kB=175.2  t=2.70s
  round  48/50: acc=0.7581  f1m=0.6955  uplink_kB=175.2  t=2.75s
  round  49/50: acc=0.7583  f1m=0.7031  uplink_kB=175.2  t=2.89s
  round  50/50: acc=0.7637  f1m=0.7117  uplink_kB=175.2  t=2.82s
[run] DONE -> /Users/agentra/Documents/hao/working/paper-lab/hao-paper-2026/iotj-fedkan-ids/repo/results/mc_toniot/mc_kan8_lr0p01__dir0.1__seed29/metrics.json  final_acc=0.7637
