[run] device=cpu  seed=2026  out=/Users/agentra/Documents/hao/working/paper-lab/hao-paper-2026/iotj-fedkan-ids/repo/results/mc_botiot/mc_kan8_lr0p01__dir0.1__seed2026
[run] model=kan  params=3,520
  round   1/50: acc=0.4384  f1m=0.2382  uplink_kB=159.5  t=2.21s
  round   2/50: acc=0.3473  f1m=0.2092  uplink_kB=159.5  t=1.56s
  round   3/50: acc=0.6026  f1m=0.4232  uplink_kB=159.5  t=1.53s
  round   4/50: acc=0.4886  f1m=0.2763  uplink_kB=159.5  t=1.53s
  round   5/50: acc=0.6206  f1m=0.4784  uplink_kB=159.5  t=1.49s
  round   6/50: acc=0.7441  f1m=0.5958  uplink_kB=159.5  t=1.57s
  round   7/50: acc=0.8368  f1m=0.6720  uplink_kB=159.5  t=1.49s
  round   8/50: acc=0.8545  f1m=0.6856  uplink_kB=159.5  t=1.51s
  round   9/50: acc=0.8543  f1m=0.6851  uplink_kB=159.5  t=1.49s
  round  10/50: acc=0.8675  f1m=0.6956  uplink_kB=159.5  t=1.52s
  round  11/50: acc=0.8594  f1m=0.6894  uplink_kB=159.5  t=1.61s
  round  12/50: acc=0.8627  f1m=0.6910  uplink_kB=159.5  t=1.49s
  round  13/50: acc=0.8636  f1m=0.6919  uplink_kB=159.5  t=1.49s
  round  14/50: acc=0.8638  f1m=0.6920  uplink_kB=159.5  t=1.57s
  round  15/50: acc=0.8586  f1m=0.6877  uplink_kB=159.5  t=1.54s
  round  16/50: acc=0.8563  f1m=0.6865  uplink_kB=159.5  t=1.58s
  round  17/50: acc=0.8615  f1m=0.6913  uplink_kB=159.5  t=1.54s
  round  18/50: acc=0.8664  f1m=0.6961  uplink_kB=159.5  t=1.50s
  round  19/50: acc=0.8671  f1m=0.6972  uplink_kB=159.5  t=1.53s
  round  20/50: acc=0.8781  f1m=0.7068  uplink_kB=159.5  t=1.47s
  round  21/50: acc=0.8829  f1m=0.7107  uplink_kB=159.5  t=1.56s
  round  22/50: acc=0.8638  f1m=0.6954  uplink_kB=159.5  t=1.49s
  round  23/50: acc=0.8737  f1m=0.7040  uplink_kB=159.5  t=1.53s
  round  24/50: acc=0.8413  f1m=0.6792  uplink_kB=159.5  t=1.55s
  round  25/50: acc=0.8798  f1m=0.7081  uplink_kB=159.5  t=1.48s
  round  26/50: acc=0.8720  f1m=0.7025  uplink_kB=159.5  t=1.55s
  round  27/50: acc=0.8679  f1m=0.6985  uplink_kB=159.5  t=1.56s
  round  28/50: acc=0.8824  f1m=0.7100  uplink_kB=159.5  t=1.51s
  round  29/50: acc=0.8502  f1m=0.6858  uplink_kB=159.5  t=1.52s
  round  30/50: acc=0.8669  f1m=0.6979  uplink_kB=159.5  t=1.51s
  round  31/50: acc=0.8693  f1m=0.6995  uplink_kB=159.5  t=1.56s
  round  32/50: acc=0.8839  f1m=0.7112  uplink_kB=159.5  t=1.51s
  round  33/50: acc=0.8680  f1m=0.6988  uplink_kB=159.5  t=1.52s
  round  34/50: acc=0.8857  f1m=0.7126  uplink_kB=159.5  t=1.52s
  round  35/50: acc=0.8581  f1m=0.6915  uplink_kB=159.5  t=1.49s
  round  36/50: acc=0.8924  f1m=0.7182  uplink_kB=159.5  t=1.64s
  round  37/50: acc=0.8586  f1m=0.6920  uplink_kB=159.5  t=1.51s
  round  38/50: acc=0.8784  f1m=0.7062  uplink_kB=159.5  t=1.48s
  round  39/50: acc=0.8484  f1m=0.6853  uplink_kB=159.5  t=1.48s
  round  40/50: acc=0.8543  f1m=0.6890  uplink_kB=159.5  t=1.60s
  round  41/50: acc=0.8674  f1m=0.7000  uplink_kB=159.5  t=1.54s
  round  42/50: acc=0.8842  f1m=0.7120  uplink_kB=159.5  t=1.51s
  round  43/50: acc=0.8545  f1m=0.6891  uplink_kB=159.5  t=1.49s
  round  44/50: acc=0.8704  f1m=0.7011  uplink_kB=159.5  t=1.53s
  round  45/50: acc=0.8236  f1m=0.6983  uplink_kB=159.5  t=1.55s
  round  46/50: acc=0.8332  f1m=0.6732  uplink_kB=159.5  t=1.54s
  round  47/50: acc=0.7885  f1m=0.6372  uplink_kB=159.5  t=1.50s
  round  48/50: acc=0.8443  f1m=0.6814  uplink_kB=159.5  t=1.49s
  round  49/50: acc=0.8115  f1m=0.6560  uplink_kB=159.5  t=1.54s
  round  50/50: acc=0.7853  f1m=0.6343  uplink_kB=159.5  t=1.54s
[run] DONE -> /Users/agentra/Documents/hao/working/paper-lab/hao-paper-2026/iotj-fedkan-ids/repo/results/mc_botiot/mc_kan8_lr0p01__dir0.1__seed2026/metrics.json  final_acc=0.7853
