[run] device=cpu  seed=42  out=/Users/agentra/Documents/hao/working/paper-lab/hao-paper-2026/iotj-fedkan-ids/repo/results/lrsweep_cseciic/lrsweep_mlp32_lr0p03__dir0.1__seed42
[run] model=mlp  params=1,346
  round   1/50: acc=0.5000  f1m=0.3333  uplink_kB=52.6  t=1.20s
  round   2/50: acc=0.5000  f1m=0.3333  uplink_kB=52.6  t=0.68s
  round   3/50: acc=0.5000  f1m=0.3334  uplink_kB=52.6  t=0.66s
  round   4/50: acc=0.5832  f1m=0.4958  uplink_kB=52.6  t=0.64s
  round   5/50: acc=0.5611  f1m=0.4565  uplink_kB=52.6  t=0.66s
  round   6/50: acc=0.7418  f1m=0.7234  uplink_kB=52.6  t=0.60s
  round   7/50: acc=0.7278  f1m=0.7062  uplink_kB=52.6  t=0.65s
  round   8/50: acc=0.8568  f1m=0.8539  uplink_kB=52.6  t=0.66s
  round   9/50: acc=0.6639  f1m=0.6215  uplink_kB=52.6  t=0.64s
  round  10/50: acc=0.9009  f1m=0.9000  uplink_kB=52.6  t=0.63s
  round  11/50: acc=0.8572  f1m=0.8544  uplink_kB=52.6  t=0.66s
  round  12/50: acc=0.8621  f1m=0.8596  uplink_kB=52.6  t=0.66s
  round  13/50: acc=0.7971  f1m=0.7886  uplink_kB=52.6  t=0.62s
  round  14/50: acc=0.8218  f1m=0.8161  uplink_kB=52.6  t=0.66s
  round  15/50: acc=0.9203  f1m=0.9199  uplink_kB=52.6  t=0.66s
  round  16/50: acc=0.9213  f1m=0.9209  uplink_kB=52.6  t=0.67s
  round  17/50: acc=0.6929  f1m=0.6611  uplink_kB=52.6  t=0.66s
  round  18/50: acc=0.9227  f1m=0.9224  uplink_kB=52.6  t=0.66s
  round  19/50: acc=0.9007  f1m=0.8998  uplink_kB=52.6  t=0.65s
  round  20/50: acc=0.9213  f1m=0.9209  uplink_kB=52.6  t=0.61s
  round  21/50: acc=0.9207  f1m=0.9203  uplink_kB=52.6  t=0.66s
  round  22/50: acc=0.9217  f1m=0.9213  uplink_kB=52.6  t=0.65s
  round  23/50: acc=0.9231  f1m=0.9227  uplink_kB=52.6  t=0.66s
  round  24/50: acc=0.9127  f1m=0.9121  uplink_kB=52.6  t=0.65s
  round  25/50: acc=0.7990  f1m=0.7907  uplink_kB=52.6  t=0.66s
  round  26/50: acc=0.8883  f1m=0.8870  uplink_kB=52.6  t=0.58s
  round  27/50: acc=0.9071  f1m=0.9063  uplink_kB=52.6  t=0.65s
  round  28/50: acc=0.9257  f1m=0.9253  uplink_kB=52.6  t=0.64s
  round  29/50: acc=0.8505  f1m=0.8471  uplink_kB=52.6  t=0.64s
  round  30/50: acc=0.9125  f1m=0.9118  uplink_kB=52.6  t=0.66s
  round  31/50: acc=0.9278  f1m=0.9275  uplink_kB=52.6  t=0.62s
  round  32/50: acc=0.7883  f1m=0.7784  uplink_kB=52.6  t=0.62s
  round  33/50: acc=0.6545  f1m=0.6078  uplink_kB=52.6  t=0.64s
  round  34/50: acc=0.7513  f1m=0.7349  uplink_kB=52.6  t=0.67s
  round  35/50: acc=0.6460  f1m=0.5954  uplink_kB=52.6  t=0.67s
  round  36/50: acc=0.8492  f1m=0.8458  uplink_kB=52.6  t=0.68s
  round  37/50: acc=0.8605  f1m=0.8578  uplink_kB=52.6  t=0.66s
  round  38/50: acc=0.9269  f1m=0.9265  uplink_kB=52.6  t=0.56s
  round  39/50: acc=0.8387  f1m=0.8345  uplink_kB=52.6  t=0.66s
  round  40/50: acc=0.8790  f1m=0.8772  uplink_kB=52.6  t=0.69s
  round  41/50: acc=0.6291  f1m=0.5700  uplink_kB=52.6  t=0.69s
  round  42/50: acc=0.8313  f1m=0.8263  uplink_kB=52.6  t=0.67s
  round  43/50: acc=0.9266  f1m=0.9262  uplink_kB=52.6  t=0.67s
  round  44/50: acc=0.6618  f1m=0.6182  uplink_kB=52.6  t=0.64s
  round  45/50: acc=0.9105  f1m=0.9098  uplink_kB=52.6  t=0.59s
  round  46/50: acc=0.9273  f1m=0.9269  uplink_kB=52.6  t=0.64s
  round  47/50: acc=0.9280  f1m=0.9276  uplink_kB=52.6  t=0.72s
  round  48/50: acc=0.7157  f1m=0.6908  uplink_kB=52.6  t=0.66s
  round  49/50: acc=0.9295  f1m=0.9292  uplink_kB=52.6  t=0.66s
  round  50/50: acc=0.9247  f1m=0.9243  uplink_kB=52.6  t=0.71s
[run] DONE -> /Users/agentra/Documents/hao/working/paper-lab/hao-paper-2026/iotj-fedkan-ids/repo/results/lrsweep_cseciic/lrsweep_mlp32_lr0p03__dir0.1__seed42/metrics.json  final_acc=0.9247
