[run] device=cpu  seed=31  out=/Users/agentra/Documents/hao/working/paper-lab/hao-paper-2026/iotj-fedkan-ids/repo/results/lrsweep_cseciic_mc/lrsweep_mlp32_lr0p001__dir0.1__seed31
[run] model=mlp  params=1,775
  round   1/50: acc=0.3115  f1m=0.0868  uplink_kB=69.3  t=2.62s
  round   2/50: acc=0.2966  f1m=0.0861  uplink_kB=69.3  t=2.18s
  round   3/50: acc=0.3851  f1m=0.1088  uplink_kB=69.3  t=2.12s
  round   4/50: acc=0.3844  f1m=0.1065  uplink_kB=69.3  t=2.18s
  round   5/50: acc=0.3935  f1m=0.1092  uplink_kB=69.3  t=2.20s
  round   6/50: acc=0.4211  f1m=0.1190  uplink_kB=69.3  t=2.12s
  round   7/50: acc=0.4390  f1m=0.1251  uplink_kB=69.3  t=2.10s
  round   8/50: acc=0.4435  f1m=0.1274  uplink_kB=69.3  t=2.19s
  round   9/50: acc=0.4497  f1m=0.1361  uplink_kB=69.3  t=2.14s
  round  10/50: acc=0.4680  f1m=0.1540  uplink_kB=69.3  t=2.14s
  round  11/50: acc=0.4727  f1m=0.1553  uplink_kB=69.3  t=2.12s
  round  12/50: acc=0.4770  f1m=0.1875  uplink_kB=69.3  t=2.16s
  round  13/50: acc=0.5051  f1m=0.2412  uplink_kB=69.3  t=2.16s
  round  14/50: acc=0.5061  f1m=0.2427  uplink_kB=69.3  t=2.12s
  round  15/50: acc=0.5080  f1m=0.2448  uplink_kB=69.3  t=2.14s
  round  16/50: acc=0.5094  f1m=0.2457  uplink_kB=69.3  t=2.13s
  round  17/50: acc=0.5116  f1m=0.2953  uplink_kB=69.3  t=2.26s
  round  18/50: acc=0.5156  f1m=0.3142  uplink_kB=69.3  t=2.10s
  round  19/50: acc=0.5168  f1m=0.3138  uplink_kB=69.3  t=2.19s
  round  20/50: acc=0.6107  f1m=0.3693  uplink_kB=69.3  t=2.16s
  round  21/50: acc=0.6158  f1m=0.3637  uplink_kB=69.3  t=2.18s
  round  22/50: acc=0.6160  f1m=0.3497  uplink_kB=69.3  t=2.17s
  round  23/50: acc=0.6164  f1m=0.3498  uplink_kB=69.3  t=2.19s
  round  24/50: acc=0.6162  f1m=0.3495  uplink_kB=69.3  t=2.16s
  round  25/50: acc=0.6162  f1m=0.3499  uplink_kB=69.3  t=2.19s
  round  26/50: acc=0.6162  f1m=0.3491  uplink_kB=69.3  t=2.25s
  round  27/50: acc=0.6160  f1m=0.3481  uplink_kB=69.3  t=2.18s
  round  28/50: acc=0.6158  f1m=0.3473  uplink_kB=69.3  t=2.11s
  round  29/50: acc=0.6157  f1m=0.3471  uplink_kB=69.3  t=2.20s
  round  30/50: acc=0.6156  f1m=0.3468  uplink_kB=69.3  t=2.14s
  round  31/50: acc=0.6155  f1m=0.3469  uplink_kB=69.3  t=2.14s
  round  32/50: acc=0.6154  f1m=0.3466  uplink_kB=69.3  t=2.15s
  round  33/50: acc=0.6155  f1m=0.3478  uplink_kB=69.3  t=2.11s
  round  34/50: acc=0.6156  f1m=0.3510  uplink_kB=69.3  t=2.14s
  round  35/50: acc=0.6158  f1m=0.3500  uplink_kB=69.3  t=2.09s
  round  36/50: acc=0.6165  f1m=0.3520  uplink_kB=69.3  t=2.09s
  round  37/50: acc=0.6278  f1m=0.3786  uplink_kB=69.3  t=2.12s
  round  38/50: acc=0.6474  f1m=0.4098  uplink_kB=69.3  t=2.11s
  round  39/50: acc=0.6479  f1m=0.4163  uplink_kB=69.3  t=2.14s
  round  40/50: acc=0.6479  f1m=0.4167  uplink_kB=69.3  t=2.10s
  round  41/50: acc=0.6715  f1m=0.4345  uplink_kB=69.3  t=2.10s
  round  42/50: acc=0.6715  f1m=0.4314  uplink_kB=69.3  t=2.12s
  round  43/50: acc=0.6716  f1m=0.4375  uplink_kB=69.3  t=2.21s
  round  44/50: acc=0.6719  f1m=0.4426  uplink_kB=69.3  t=2.13s
  round  45/50: acc=0.6721  f1m=0.4410  uplink_kB=69.3  t=2.27s
  round  46/50: acc=0.6730  f1m=0.4383  uplink_kB=69.3  t=2.20s
  round  47/50: acc=0.6732  f1m=0.4367  uplink_kB=69.3  t=2.20s
  round  48/50: acc=0.6734  f1m=0.4437  uplink_kB=69.3  t=2.16s
  round  49/50: acc=0.6734  f1m=0.4545  uplink_kB=69.3  t=2.10s
  round  50/50: acc=0.6736  f1m=0.4488  uplink_kB=69.3  t=2.32s
[run] DONE -> /Users/agentra/Documents/hao/working/paper-lab/hao-paper-2026/iotj-fedkan-ids/repo/results/lrsweep_cseciic_mc/lrsweep_mlp32_lr0p001__dir0.1__seed31/metrics.json  final_acc=0.6736
