[run] device=cpu  seed=17  out=/Users/agentra/Documents/hao/working/paper-lab/hao-paper-2026/iotj-fedkan-ids/repo/results/lrsweep_cseciic_mc/lrsweep_kan16_lr0p0003__dir0.1__seed17
[run] model=kan  params=8,640
  round   1/50: acc=0.1803  f1m=0.0480  uplink_kB=363.3  t=7.16s
  round   2/50: acc=0.2217  f1m=0.0595  uplink_kB=363.3  t=6.31s
  round   3/50: acc=0.3214  f1m=0.1024  uplink_kB=363.3  t=6.26s
  round   4/50: acc=0.3814  f1m=0.1108  uplink_kB=363.3  t=6.27s
  round   5/50: acc=0.3923  f1m=0.1231  uplink_kB=363.3  t=6.31s
  round   6/50: acc=0.4581  f1m=0.1688  uplink_kB=363.3  t=6.37s
  round   7/50: acc=0.4845  f1m=0.1855  uplink_kB=363.3  t=6.48s
  round   8/50: acc=0.5364  f1m=0.2055  uplink_kB=363.3  t=6.59s
  round   9/50: acc=0.5741  f1m=0.2220  uplink_kB=363.3  t=6.61s
  round  10/50: acc=0.5737  f1m=0.2243  uplink_kB=363.3  t=6.51s
  round  11/50: acc=0.5744  f1m=0.2315  uplink_kB=363.3  t=6.36s
  round  12/50: acc=0.6010  f1m=0.2869  uplink_kB=363.3  t=6.31s
  round  13/50: acc=0.6236  f1m=0.3057  uplink_kB=363.3  t=6.68s
  round  14/50: acc=0.6278  f1m=0.3089  uplink_kB=363.3  t=6.31s
  round  15/50: acc=0.6590  f1m=0.3285  uplink_kB=363.3  t=6.19s
  round  16/50: acc=0.7205  f1m=0.3594  uplink_kB=363.3  t=6.23s
  round  17/50: acc=0.7232  f1m=0.3610  uplink_kB=363.3  t=6.10s
  round  18/50: acc=0.7262  f1m=0.3633  uplink_kB=363.3  t=6.14s
  round  19/50: acc=0.7287  f1m=0.3719  uplink_kB=363.3  t=6.15s
  round  20/50: acc=0.7358  f1m=0.3838  uplink_kB=363.3  t=6.23s
  round  21/50: acc=0.7396  f1m=0.3985  uplink_kB=363.3  t=6.31s
  round  22/50: acc=0.7487  f1m=0.4159  uplink_kB=363.3  t=6.38s
  round  23/50: acc=0.7552  f1m=0.4245  uplink_kB=363.3  t=6.13s
  round  24/50: acc=0.7643  f1m=0.4887  uplink_kB=363.3  t=6.15s
  round  25/50: acc=0.7671  f1m=0.4933  uplink_kB=363.3  t=6.33s
  round  26/50: acc=0.7712  f1m=0.4946  uplink_kB=363.3  t=6.14s
  round  27/50: acc=0.7938  f1m=0.5041  uplink_kB=363.3  t=6.14s
  round  28/50: acc=0.7963  f1m=0.5054  uplink_kB=363.3  t=6.21s
  round  29/50: acc=0.7982  f1m=0.5319  uplink_kB=363.3  t=6.09s
  round  30/50: acc=0.8035  f1m=0.5535  uplink_kB=363.3  t=6.16s
  round  31/50: acc=0.8106  f1m=0.5470  uplink_kB=363.3  t=6.10s
  round  32/50: acc=0.8109  f1m=0.5436  uplink_kB=363.3  t=6.13s
  round  33/50: acc=0.8131  f1m=0.5452  uplink_kB=363.3  t=6.11s
  round  34/50: acc=0.8136  f1m=0.5456  uplink_kB=363.3  t=6.18s
  round  35/50: acc=0.8138  f1m=0.5458  uplink_kB=363.3  t=6.05s
  round  36/50: acc=0.8152  f1m=0.5471  uplink_kB=363.3  t=6.18s
  round  37/50: acc=0.8155  f1m=0.5507  uplink_kB=363.3  t=6.15s
  round  38/50: acc=0.8157  f1m=0.5513  uplink_kB=363.3  t=6.17s
  round  39/50: acc=0.8179  f1m=0.5530  uplink_kB=363.3  t=6.04s
  round  40/50: acc=0.8185  f1m=0.5536  uplink_kB=363.3  t=6.17s
  round  41/50: acc=0.8218  f1m=0.5548  uplink_kB=363.3  t=6.16s
  round  42/50: acc=0.8218  f1m=0.5550  uplink_kB=363.3  t=6.13s
  round  43/50: acc=0.8219  f1m=0.5550  uplink_kB=363.3  t=6.13s
  round  44/50: acc=0.8223  f1m=0.5553  uplink_kB=363.3  t=6.12s
  round  45/50: acc=0.8225  f1m=0.5555  uplink_kB=363.3  t=6.14s
  round  46/50: acc=0.8230  f1m=0.5574  uplink_kB=363.3  t=6.17s
  round  47/50: acc=0.8227  f1m=0.5572  uplink_kB=363.3  t=6.11s
  round  48/50: acc=0.8230  f1m=0.5576  uplink_kB=363.3  t=6.11s
  round  49/50: acc=0.8237  f1m=0.5582  uplink_kB=363.3  t=6.12s
  round  50/50: acc=0.8239  f1m=0.5584  uplink_kB=363.3  t=6.22s
[run] DONE -> /Users/agentra/Documents/hao/working/paper-lab/hao-paper-2026/iotj-fedkan-ids/repo/results/lrsweep_cseciic_mc/lrsweep_kan16_lr0p0003__dir0.1__seed17/metrics.json  final_acc=0.8239
