[run] device=cpu  seed=43  out=/Users/agentra/Documents/hao/working/paper-lab/hao-paper-2026/iotj-fedkan-ids/repo/results/lrsweep_cseciic_mc/lrsweep_kan8_lr0p1__dir0.1__seed43
[run] model=kan  params=4,320
  round   1/50: acc=0.5322  f1m=0.1898  uplink_kB=190.8  t=6.20s
  round   2/50: acc=0.2586  f1m=0.1672  uplink_kB=190.8  t=5.51s
  round   3/50: acc=0.5639  f1m=0.2072  uplink_kB=190.8  t=5.42s
  round   4/50: acc=0.5105  f1m=0.1721  uplink_kB=190.8  t=5.38s
  round   5/50: acc=0.5451  f1m=0.2106  uplink_kB=190.8  t=5.55s
  round   6/50: acc=0.4232  f1m=0.1918  uplink_kB=190.8  t=5.52s
  round   7/50: acc=0.5712  f1m=0.2505  uplink_kB=190.8  t=5.63s
  round   8/50: acc=0.3574  f1m=0.1075  uplink_kB=190.8  t=5.39s
  round   9/50: acc=0.3677  f1m=0.1075  uplink_kB=190.8  t=5.23s
  round  10/50: acc=0.2758  f1m=0.0765  uplink_kB=190.8  t=5.33s
  round  11/50: acc=0.3620  f1m=0.1044  uplink_kB=190.8  t=5.38s
  round  12/50: acc=0.3593  f1m=0.1180  uplink_kB=190.8  t=5.28s
  round  13/50: acc=0.3527  f1m=0.1015  uplink_kB=190.8  t=5.28s
  round  14/50: acc=0.3560  f1m=0.1166  uplink_kB=190.8  t=5.33s
  round  15/50: acc=0.3511  f1m=0.1018  uplink_kB=190.8  t=5.31s
  round  16/50: acc=0.3398  f1m=0.1045  uplink_kB=190.8  t=5.33s
  round  17/50: acc=0.2451  f1m=0.0656  uplink_kB=190.8  t=6.07s
  round  18/50: acc=0.3565  f1m=0.1121  uplink_kB=190.8  t=6.49s
  round  19/50: acc=0.1276  f1m=0.0262  uplink_kB=190.8  t=5.50s
  round  20/50: acc=0.2397  f1m=0.1309  uplink_kB=190.8  t=5.75s
  round  21/50: acc=0.3501  f1m=0.1182  uplink_kB=190.8  t=5.43s
  round  22/50: acc=0.2415  f1m=0.0743  uplink_kB=190.8  t=5.53s
  round  23/50: acc=0.2555  f1m=0.0786  uplink_kB=190.8  t=5.48s
  round  24/50: acc=0.2861  f1m=0.0953  uplink_kB=190.8  t=5.58s
  round  25/50: acc=0.2683  f1m=0.1207  uplink_kB=190.8  t=5.58s
  round  26/50: acc=0.1131  f1m=0.0394  uplink_kB=190.8  t=5.62s
  round  27/50: acc=0.2820  f1m=0.0949  uplink_kB=190.8  t=5.58s
  round  28/50: acc=0.1048  f1m=0.0372  uplink_kB=190.8  t=5.52s
  round  29/50: acc=0.2382  f1m=0.0807  uplink_kB=190.8  t=5.47s
  round  30/50: acc=0.2542  f1m=0.0851  uplink_kB=190.8  t=5.47s
  round  31/50: acc=0.1302  f1m=0.0420  uplink_kB=190.8  t=5.54s
  round  32/50: acc=0.2967  f1m=0.1472  uplink_kB=190.8  t=5.47s
  round  33/50: acc=0.2337  f1m=0.0940  uplink_kB=190.8  t=5.40s
  round  34/50: acc=0.0953  f1m=0.0447  uplink_kB=190.8  t=5.26s
  round  35/50: acc=0.0951  f1m=0.0369  uplink_kB=190.8  t=5.46s
  round  36/50: acc=0.2323  f1m=0.0538  uplink_kB=190.8  t=5.42s
  round  37/50: acc=0.2322  f1m=0.0537  uplink_kB=190.8  t=5.44s
  round  38/50: acc=0.2319  f1m=0.0537  uplink_kB=190.8  t=5.34s
  round  39/50: acc=0.2321  f1m=0.0537  uplink_kB=190.8  t=5.59s
  round  40/50: acc=0.1902  f1m=0.0488  uplink_kB=190.8  t=5.41s
  round  41/50: acc=0.1905  f1m=0.0507  uplink_kB=190.8  t=5.48s
  round  42/50: acc=0.1905  f1m=0.0526  uplink_kB=190.8  t=5.81s
  round  43/50: acc=0.1905  f1m=0.0501  uplink_kB=190.8  t=5.53s
  round  44/50: acc=0.1904  f1m=0.0488  uplink_kB=190.8  t=5.48s
  round  45/50: acc=0.1727  f1m=0.0452  uplink_kB=190.8  t=5.34s
  round  46/50: acc=0.1904  f1m=0.0489  uplink_kB=190.8  t=5.36s
  round  47/50: acc=0.1905  f1m=0.0497  uplink_kB=190.8  t=5.61s
  round  48/50: acc=0.1905  f1m=0.0488  uplink_kB=190.8  t=5.38s
  round  49/50: acc=0.1905  f1m=0.0488  uplink_kB=190.8  t=5.32s
  round  50/50: acc=0.1905  f1m=0.0488  uplink_kB=190.8  t=5.45s
[run] DONE -> /Users/agentra/Documents/hao/working/paper-lab/hao-paper-2026/iotj-fedkan-ids/repo/results/lrsweep_cseciic_mc/lrsweep_kan8_lr0p1__dir0.1__seed43/metrics.json  final_acc=0.1905
