[run] device=cpu  seed=37  out=/Users/agentra/Documents/hao/working/paper-lab/hao-paper-2026/iotj-fedkan-ids/repo/results/lrsweep_botiot/lrsweep_mlp80_lr0p1__dir0.1__seed37
[run] model=mlp  params=3,362
  round   1/50: acc=0.5767  f1m=0.4834  uplink_kB=131.3  t=1.33s
  round   2/50: acc=0.8817  f1m=0.8800  uplink_kB=131.3  t=0.71s
  round   3/50: acc=0.9035  f1m=0.9027  uplink_kB=131.3  t=0.66s
  round   4/50: acc=0.9074  f1m=0.9066  uplink_kB=131.3  t=0.68s
  round   5/50: acc=0.9187  f1m=0.9182  uplink_kB=131.3  t=0.74s
  round   6/50: acc=0.8930  f1m=0.8917  uplink_kB=131.3  t=0.63s
  round   7/50: acc=0.8980  f1m=0.8969  uplink_kB=131.3  t=0.71s
  round   8/50: acc=0.9061  f1m=0.9052  uplink_kB=131.3  t=0.74s
  round   9/50: acc=0.9148  f1m=0.9141  uplink_kB=131.3  t=0.66s
  round  10/50: acc=0.9202  f1m=0.9197  uplink_kB=131.3  t=0.68s
  round  11/50: acc=0.9202  f1m=0.9197  uplink_kB=131.3  t=0.63s
  round  12/50: acc=0.9236  f1m=0.9231  uplink_kB=131.3  t=0.70s
  round  13/50: acc=0.9213  f1m=0.9208  uplink_kB=131.3  t=0.67s
  round  14/50: acc=0.9062  f1m=0.9053  uplink_kB=131.3  t=0.65s
  round  15/50: acc=0.9170  f1m=0.9164  uplink_kB=131.3  t=0.69s
  round  16/50: acc=0.9073  f1m=0.9064  uplink_kB=131.3  t=0.70s
  round  17/50: acc=0.9181  f1m=0.9176  uplink_kB=131.3  t=0.71s
  round  18/50: acc=0.9855  f1m=0.9855  uplink_kB=131.3  t=0.67s
  round  19/50: acc=0.9172  f1m=0.9166  uplink_kB=131.3  t=0.72s
  round  20/50: acc=0.9186  f1m=0.9180  uplink_kB=131.3  t=0.68s
  round  21/50: acc=0.9187  f1m=0.9182  uplink_kB=131.3  t=0.68s
  round  22/50: acc=0.9186  f1m=0.9180  uplink_kB=131.3  t=0.68s
  round  23/50: acc=0.9184  f1m=0.9178  uplink_kB=131.3  t=0.71s
  round  24/50: acc=0.9781  f1m=0.9781  uplink_kB=131.3  t=0.73s
  round  25/50: acc=0.9849  f1m=0.9849  uplink_kB=131.3  t=0.70s
  round  26/50: acc=0.9782  f1m=0.9782  uplink_kB=131.3  t=0.69s
  round  27/50: acc=0.9833  f1m=0.9833  uplink_kB=131.3  t=0.71s
  round  28/50: acc=0.9916  f1m=0.9916  uplink_kB=131.3  t=0.61s
  round  29/50: acc=0.9841  f1m=0.9841  uplink_kB=131.3  t=0.69s
  round  30/50: acc=0.9849  f1m=0.9849  uplink_kB=131.3  t=0.70s
  round  31/50: acc=0.9843  f1m=0.9842  uplink_kB=131.3  t=0.65s
  round  32/50: acc=0.9843  f1m=0.9842  uplink_kB=131.3  t=0.68s
  round  33/50: acc=0.9838  f1m=0.9838  uplink_kB=131.3  t=0.67s
  round  34/50: acc=0.9860  f1m=0.9860  uplink_kB=131.3  t=0.61s
  round  35/50: acc=0.9923  f1m=0.9923  uplink_kB=131.3  t=0.67s
  round  36/50: acc=0.9855  f1m=0.9855  uplink_kB=131.3  t=0.68s
  round  37/50: acc=0.9918  f1m=0.9918  uplink_kB=131.3  t=0.68s
  round  38/50: acc=0.9843  f1m=0.9843  uplink_kB=131.3  t=0.67s
  round  39/50: acc=0.9845  f1m=0.9845  uplink_kB=131.3  t=0.71s
  round  40/50: acc=0.9852  f1m=0.9852  uplink_kB=131.3  t=0.70s
  round  41/50: acc=0.9844  f1m=0.9843  uplink_kB=131.3  t=0.67s
  round  42/50: acc=0.9848  f1m=0.9848  uplink_kB=131.3  t=0.63s
  round  43/50: acc=0.9848  f1m=0.9848  uplink_kB=131.3  t=0.67s
  round  44/50: acc=0.9839  f1m=0.9839  uplink_kB=131.3  t=0.71s
  round  45/50: acc=0.9786  f1m=0.9786  uplink_kB=131.3  t=0.72s
  round  46/50: acc=0.9790  f1m=0.9790  uplink_kB=131.3  t=0.66s
  round  47/50: acc=0.9839  f1m=0.9839  uplink_kB=131.3  t=0.72s
  round  48/50: acc=0.9849  f1m=0.9849  uplink_kB=131.3  t=0.69s
  round  49/50: acc=0.9928  f1m=0.9928  uplink_kB=131.3  t=0.60s
  round  50/50: acc=0.9862  f1m=0.9862  uplink_kB=131.3  t=0.69s
[run] DONE -> /Users/agentra/Documents/hao/working/paper-lab/hao-paper-2026/iotj-fedkan-ids/repo/results/lrsweep_botiot/lrsweep_mlp80_lr0p1__dir0.1__seed37/metrics.json  final_acc=0.9862
