[run] device=cpu  seed=43  out=/Users/agentra/Documents/hao/working/paper-lab/hao-paper-2026/iotj-fedkan-ids/repo/results/lrsweep_cseciic/lrsweep_mlp32_lr0p01__dir0.1__seed43
[run] model=mlp  params=1,346
  round   1/50: acc=0.9147  f1m=0.9147  uplink_kB=52.6  t=1.28s
  round   2/50: acc=0.7686  f1m=0.7596  uplink_kB=52.6  t=0.68s
  round   3/50: acc=0.7658  f1m=0.7562  uplink_kB=52.6  t=0.66s
  round   4/50: acc=0.7758  f1m=0.7673  uplink_kB=52.6  t=0.60s
  round   5/50: acc=0.7715  f1m=0.7622  uplink_kB=52.6  t=0.69s
  round   6/50: acc=0.7898  f1m=0.7833  uplink_kB=52.6  t=0.68s
  round   7/50: acc=0.7649  f1m=0.7544  uplink_kB=52.6  t=0.67s
  round   8/50: acc=0.7922  f1m=0.7853  uplink_kB=52.6  t=0.66s
  round   9/50: acc=0.8588  f1m=0.8572  uplink_kB=52.6  t=0.64s
  round  10/50: acc=0.8685  f1m=0.8673  uplink_kB=52.6  t=0.65s
  round  11/50: acc=0.8445  f1m=0.8421  uplink_kB=52.6  t=0.63s
  round  12/50: acc=0.8714  f1m=0.8703  uplink_kB=52.6  t=0.68s
  round  13/50: acc=0.8708  f1m=0.8696  uplink_kB=52.6  t=0.67s
  round  14/50: acc=0.8838  f1m=0.8830  uplink_kB=52.6  t=0.63s
  round  15/50: acc=0.8604  f1m=0.8588  uplink_kB=52.6  t=0.66s
  round  16/50: acc=0.8747  f1m=0.8737  uplink_kB=52.6  t=0.67s
  round  17/50: acc=0.8694  f1m=0.8682  uplink_kB=52.6  t=0.62s
  round  18/50: acc=0.8802  f1m=0.8793  uplink_kB=52.6  t=0.62s
  round  19/50: acc=0.8529  f1m=0.8510  uplink_kB=52.6  t=0.63s
  round  20/50: acc=0.8523  f1m=0.8503  uplink_kB=52.6  t=0.66s
  round  21/50: acc=0.8859  f1m=0.8853  uplink_kB=52.6  t=0.67s
  round  22/50: acc=0.8520  f1m=0.8500  uplink_kB=52.6  t=0.66s
  round  23/50: acc=0.8897  f1m=0.8891  uplink_kB=52.6  t=0.67s
  round  24/50: acc=0.8633  f1m=0.8619  uplink_kB=52.6  t=0.63s
  round  25/50: acc=0.8945  f1m=0.8940  uplink_kB=52.6  t=0.63s
  round  26/50: acc=0.8967  f1m=0.8962  uplink_kB=52.6  t=0.65s
  round  27/50: acc=0.8881  f1m=0.8875  uplink_kB=52.6  t=0.64s
  round  28/50: acc=0.8921  f1m=0.8915  uplink_kB=52.6  t=0.67s
  round  29/50: acc=0.8952  f1m=0.8947  uplink_kB=52.6  t=0.65s
  round  30/50: acc=0.9020  f1m=0.9017  uplink_kB=52.6  t=0.65s
  round  31/50: acc=0.8782  f1m=0.8772  uplink_kB=52.6  t=0.62s
  round  32/50: acc=0.9045  f1m=0.9042  uplink_kB=52.6  t=0.66s
  round  33/50: acc=0.8962  f1m=0.8957  uplink_kB=52.6  t=0.67s
  round  34/50: acc=0.9022  f1m=0.9019  uplink_kB=52.6  t=0.67s
  round  35/50: acc=0.9001  f1m=0.8997  uplink_kB=52.6  t=0.68s
  round  36/50: acc=0.9121  f1m=0.9119  uplink_kB=52.6  t=0.65s
  round  37/50: acc=0.9079  f1m=0.9076  uplink_kB=52.6  t=0.65s
  round  38/50: acc=0.9056  f1m=0.9053  uplink_kB=52.6  t=0.62s
  round  39/50: acc=0.9117  f1m=0.9115  uplink_kB=52.6  t=0.64s
  round  40/50: acc=0.9162  f1m=0.9160  uplink_kB=52.6  t=0.64s
  round  41/50: acc=0.9073  f1m=0.9070  uplink_kB=52.6  t=0.67s
  round  42/50: acc=0.9036  f1m=0.9033  uplink_kB=52.6  t=0.66s
  round  43/50: acc=0.9067  f1m=0.9065  uplink_kB=52.6  t=0.67s
  round  44/50: acc=0.9213  f1m=0.9211  uplink_kB=52.6  t=0.66s
  round  45/50: acc=0.9110  f1m=0.9107  uplink_kB=52.6  t=0.72s
  round  46/50: acc=0.8979  f1m=0.8974  uplink_kB=52.6  t=0.66s
  round  47/50: acc=0.9051  f1m=0.9047  uplink_kB=52.6  t=0.66s
  round  48/50: acc=0.9119  f1m=0.9117  uplink_kB=52.6  t=0.68s
  round  49/50: acc=0.9234  f1m=0.9233  uplink_kB=52.6  t=0.66s
  round  50/50: acc=0.9190  f1m=0.9188  uplink_kB=52.6  t=0.66s
[run] DONE -> /Users/agentra/Documents/hao/working/paper-lab/hao-paper-2026/iotj-fedkan-ids/repo/results/lrsweep_cseciic/lrsweep_mlp32_lr0p01__dir0.1__seed43/metrics.json  final_acc=0.9190
