[run] device=cpu  seed=120  out=/Users/agentra/Documents/hao/working/paper-lab/hao-paper-2026/iotj-fedkan-ids/repo/results/lrsweep_cseciic_mc50k/lrsweep_kan8_lr0p01__dir0.1__seed120
[run] model=kan  params=4,320
  round   1/50: acc=0.1826  f1m=0.0462  uplink_kB=190.8  t=3.87s
  round   2/50: acc=0.3081  f1m=0.1773  uplink_kB=190.8  t=2.90s
  round   3/50: acc=0.3078  f1m=0.1643  uplink_kB=190.8  t=2.90s
  round   4/50: acc=0.4348  f1m=0.2520  uplink_kB=190.8  t=2.79s
  round   5/50: acc=0.5409  f1m=0.3232  uplink_kB=190.8  t=2.92s
  round   6/50: acc=0.5904  f1m=0.3553  uplink_kB=190.8  t=2.87s
  round   7/50: acc=0.5937  f1m=0.3576  uplink_kB=190.8  t=2.93s
  round   8/50: acc=0.6011  f1m=0.3662  uplink_kB=190.8  t=2.83s
  round   9/50: acc=0.6175  f1m=0.3807  uplink_kB=190.8  t=2.85s
  round  10/50: acc=0.6355  f1m=0.3925  uplink_kB=190.8  t=2.86s
  round  11/50: acc=0.6194  f1m=0.4010  uplink_kB=190.8  t=2.87s
  round  12/50: acc=0.6895  f1m=0.4146  uplink_kB=190.8  t=2.82s
  round  13/50: acc=0.6728  f1m=0.4575  uplink_kB=190.8  t=2.91s
  round  14/50: acc=0.6926  f1m=0.4091  uplink_kB=190.8  t=2.88s
  round  15/50: acc=0.7140  f1m=0.4799  uplink_kB=190.8  t=2.82s
  round  16/50: acc=0.7058  f1m=0.4452  uplink_kB=190.8  t=2.89s
  round  17/50: acc=0.7794  f1m=0.5504  uplink_kB=190.8  t=2.84s
  round  18/50: acc=0.7792  f1m=0.5384  uplink_kB=190.8  t=2.89s
  round  19/50: acc=0.8055  f1m=0.5748  uplink_kB=190.8  t=2.92s
  round  20/50: acc=0.8155  f1m=0.6048  uplink_kB=190.8  t=2.90s
  round  21/50: acc=0.7966  f1m=0.5857  uplink_kB=190.8  t=3.04s
  round  22/50: acc=0.8092  f1m=0.5964  uplink_kB=190.8  t=2.90s
  round  23/50: acc=0.7946  f1m=0.5984  uplink_kB=190.8  t=2.85s
  round  24/50: acc=0.8284  f1m=0.6442  uplink_kB=190.8  t=3.03s
  round  25/50: acc=0.8248  f1m=0.6402  uplink_kB=190.8  t=3.02s
  round  26/50: acc=0.8084  f1m=0.6281  uplink_kB=190.8  t=2.92s
  round  27/50: acc=0.8251  f1m=0.6371  uplink_kB=190.8  t=2.87s
  round  28/50: acc=0.8215  f1m=0.6336  uplink_kB=190.8  t=2.96s
  round  29/50: acc=0.8225  f1m=0.6413  uplink_kB=190.8  t=2.85s
  round  30/50: acc=0.8236  f1m=0.6352  uplink_kB=190.8  t=2.92s
  round  31/50: acc=0.8235  f1m=0.6439  uplink_kB=190.8  t=2.81s
  round  32/50: acc=0.8340  f1m=0.6841  uplink_kB=190.8  t=2.90s
  round  33/50: acc=0.8291  f1m=0.6496  uplink_kB=190.8  t=2.81s
  round  34/50: acc=0.8331  f1m=0.6626  uplink_kB=190.8  t=2.88s
  round  35/50: acc=0.8376  f1m=0.6852  uplink_kB=190.8  t=2.79s
  round  36/50: acc=0.8323  f1m=0.6822  uplink_kB=190.8  t=2.86s
  round  37/50: acc=0.8385  f1m=0.6871  uplink_kB=190.8  t=2.84s
  round  38/50: acc=0.8245  f1m=0.6322  uplink_kB=190.8  t=2.92s
  round  39/50: acc=0.8389  f1m=0.6704  uplink_kB=190.8  t=2.81s
  round  40/50: acc=0.8457  f1m=0.6960  uplink_kB=190.8  t=2.92s
  round  41/50: acc=0.8316  f1m=0.6439  uplink_kB=190.8  t=2.82s
  round  42/50: acc=0.8454  f1m=0.6883  uplink_kB=190.8  t=2.92s
  round  43/50: acc=0.8464  f1m=0.6947  uplink_kB=190.8  t=2.86s
  round  44/50: acc=0.8441  f1m=0.6877  uplink_kB=190.8  t=2.93s
  round  45/50: acc=0.8453  f1m=0.6850  uplink_kB=190.8  t=2.82s
  round  46/50: acc=0.8504  f1m=0.6980  uplink_kB=190.8  t=2.88s
  round  47/50: acc=0.8746  f1m=0.7281  uplink_kB=190.8  t=2.80s
  round  48/50: acc=0.8540  f1m=0.7085  uplink_kB=190.8  t=2.87s
  round  49/50: acc=0.8632  f1m=0.7194  uplink_kB=190.8  t=3.19s
  round  50/50: acc=0.8746  f1m=0.7331  uplink_kB=190.8  t=2.84s
[run] DONE -> /Users/agentra/Documents/hao/working/paper-lab/hao-paper-2026/iotj-fedkan-ids/repo/results/lrsweep_cseciic_mc50k/lrsweep_kan8_lr0p01__dir0.1__seed120/metrics.json  final_acc=0.8746
