[run] device=cpu  seed=31  out=/Users/agentra/Documents/hao/working/paper-lab/hao-paper-2026/iotj-fedkan-ids/repo/results/lrsweep_cseciic_mc/lrsweep_mlp32_lr0p1__dir0.1__seed31
[run] model=mlp  params=1,775
  round   1/50: acc=0.1490  f1m=0.0186  uplink_kB=69.3  t=2.80s
  round   2/50: acc=0.2628  f1m=0.0736  uplink_kB=69.3  t=2.17s
  round   3/50: acc=0.3166  f1m=0.0909  uplink_kB=69.3  t=2.32s
  round   4/50: acc=0.3252  f1m=0.1421  uplink_kB=69.3  t=2.08s
  round   5/50: acc=0.5313  f1m=0.3042  uplink_kB=69.3  t=2.13s
  round   6/50: acc=0.5611  f1m=0.3237  uplink_kB=69.3  t=2.13s
  round   7/50: acc=0.4591  f1m=0.2540  uplink_kB=69.3  t=2.09s
  round   8/50: acc=0.5616  f1m=0.3935  uplink_kB=69.3  t=2.15s
  round   9/50: acc=0.5783  f1m=0.3857  uplink_kB=69.3  t=2.09s
  round  10/50: acc=0.5706  f1m=0.3960  uplink_kB=69.3  t=2.06s
  round  11/50: acc=0.5325  f1m=0.2949  uplink_kB=69.3  t=2.09s
  round  12/50: acc=0.5586  f1m=0.2751  uplink_kB=69.3  t=2.15s
  round  13/50: acc=0.5740  f1m=0.2796  uplink_kB=69.3  t=2.05s
  round  14/50: acc=0.5578  f1m=0.2713  uplink_kB=69.3  t=2.09s
  round  15/50: acc=0.5939  f1m=0.3104  uplink_kB=69.3  t=2.12s
  round  16/50: acc=0.6344  f1m=0.3722  uplink_kB=69.3  t=2.13s
  round  17/50: acc=0.6339  f1m=0.3770  uplink_kB=69.3  t=2.19s
  round  18/50: acc=0.6327  f1m=0.3840  uplink_kB=69.3  t=2.24s
  round  19/50: acc=0.6100  f1m=0.3565  uplink_kB=69.3  t=2.09s
  round  20/50: acc=0.6374  f1m=0.3874  uplink_kB=69.3  t=2.09s
  round  21/50: acc=0.6473  f1m=0.3853  uplink_kB=69.3  t=2.19s
  round  22/50: acc=0.5785  f1m=0.3304  uplink_kB=69.3  t=2.09s
  round  23/50: acc=0.6272  f1m=0.3827  uplink_kB=69.3  t=2.14s
  round  24/50: acc=0.6355  f1m=0.3901  uplink_kB=69.3  t=2.12s
  round  25/50: acc=0.6215  f1m=0.3785  uplink_kB=69.3  t=2.26s
  round  26/50: acc=0.6337  f1m=0.3772  uplink_kB=69.3  t=2.12s
  round  27/50: acc=0.6345  f1m=0.3858  uplink_kB=69.3  t=2.19s
  round  28/50: acc=0.6337  f1m=0.3805  uplink_kB=69.3  t=2.10s
  round  29/50: acc=0.6154  f1m=0.3442  uplink_kB=69.3  t=2.24s
  round  30/50: acc=0.6358  f1m=0.3734  uplink_kB=69.3  t=2.12s
  round  31/50: acc=0.6264  f1m=0.3666  uplink_kB=69.3  t=2.11s
  round  32/50: acc=0.6315  f1m=0.3896  uplink_kB=69.3  t=2.13s
  round  33/50: acc=0.6624  f1m=0.4322  uplink_kB=69.3  t=2.09s
  round  34/50: acc=0.6702  f1m=0.4334  uplink_kB=69.3  t=2.13s
  round  35/50: acc=0.5796  f1m=0.3783  uplink_kB=69.3  t=2.13s
  round  36/50: acc=0.6637  f1m=0.4375  uplink_kB=69.3  t=2.13s
  round  37/50: acc=0.6566  f1m=0.3831  uplink_kB=69.3  t=2.14s
  round  38/50: acc=0.6614  f1m=0.3954  uplink_kB=69.3  t=2.12s
  round  39/50: acc=0.6656  f1m=0.4354  uplink_kB=69.3  t=2.15s
  round  40/50: acc=0.5901  f1m=0.2680  uplink_kB=69.3  t=2.05s
  round  41/50: acc=0.6355  f1m=0.3738  uplink_kB=69.3  t=2.10s
  round  42/50: acc=0.6664  f1m=0.4118  uplink_kB=69.3  t=2.10s
  round  43/50: acc=0.6237  f1m=0.3444  uplink_kB=69.3  t=2.16s
  round  44/50: acc=0.6246  f1m=0.3245  uplink_kB=69.3  t=2.04s
  round  45/50: acc=0.6261  f1m=0.3209  uplink_kB=69.3  t=2.09s
  round  46/50: acc=0.6345  f1m=0.3725  uplink_kB=69.3  t=2.17s
  round  47/50: acc=0.6319  f1m=0.3450  uplink_kB=69.3  t=2.17s
  round  48/50: acc=0.4876  f1m=0.3373  uplink_kB=69.3  t=2.12s
  round  49/50: acc=0.6021  f1m=0.3131  uplink_kB=69.3  t=2.04s
  round  50/50: acc=0.6262  f1m=0.3405  uplink_kB=69.3  t=2.15s
[run] DONE -> /Users/agentra/Documents/hao/working/paper-lab/hao-paper-2026/iotj-fedkan-ids/repo/results/lrsweep_cseciic_mc/lrsweep_mlp32_lr0p1__dir0.1__seed31/metrics.json  final_acc=0.6262
