[run] device=cpu  seed=114  out=/Users/agentra/Documents/hao/working/paper-lab/hao-paper-2026/iotj-fedkan-ids/repo/results/lrsweep_cseciic_mc50k/lrsweep_kan8_lr0p01__dir0.1__seed114
[run] model=kan  params=4,320
  round   1/50: acc=0.3110  f1m=0.1634  uplink_kB=190.8  t=3.87s
  round   2/50: acc=0.4432  f1m=0.2363  uplink_kB=190.8  t=3.09s
  round   3/50: acc=0.6187  f1m=0.3299  uplink_kB=190.8  t=3.14s
  round   4/50: acc=0.6258  f1m=0.3329  uplink_kB=190.8  t=3.01s
  round   5/50: acc=0.6603  f1m=0.3803  uplink_kB=190.8  t=3.12s
  round   6/50: acc=0.7081  f1m=0.4868  uplink_kB=190.8  t=3.06s
  round   7/50: acc=0.7260  f1m=0.5155  uplink_kB=190.8  t=3.13s
  round   8/50: acc=0.7344  f1m=0.5329  uplink_kB=190.8  t=2.99s
  round   9/50: acc=0.7454  f1m=0.5520  uplink_kB=190.8  t=3.12s
  round  10/50: acc=0.7473  f1m=0.5521  uplink_kB=190.8  t=3.06s
  round  11/50: acc=0.7491  f1m=0.5542  uplink_kB=190.8  t=3.09s
  round  12/50: acc=0.7532  f1m=0.5662  uplink_kB=190.8  t=3.16s
  round  13/50: acc=0.7696  f1m=0.5873  uplink_kB=190.8  t=3.04s
  round  14/50: acc=0.7748  f1m=0.5928  uplink_kB=190.8  t=3.07s
  round  15/50: acc=0.7965  f1m=0.6123  uplink_kB=190.8  t=3.07s
  round  16/50: acc=0.7973  f1m=0.6134  uplink_kB=190.8  t=3.08s
  round  17/50: acc=0.8038  f1m=0.6223  uplink_kB=190.8  t=3.07s
  round  18/50: acc=0.8051  f1m=0.6214  uplink_kB=190.8  t=3.14s
  round  19/50: acc=0.8020  f1m=0.6284  uplink_kB=190.8  t=3.11s
  round  20/50: acc=0.8031  f1m=0.6200  uplink_kB=190.8  t=3.08s
  round  21/50: acc=0.8052  f1m=0.6281  uplink_kB=190.8  t=3.10s
  round  22/50: acc=0.8134  f1m=0.6376  uplink_kB=190.8  t=3.13s
  round  23/50: acc=0.8151  f1m=0.6438  uplink_kB=190.8  t=3.16s
  round  24/50: acc=0.8150  f1m=0.6351  uplink_kB=190.8  t=3.13s
  round  25/50: acc=0.8171  f1m=0.6417  uplink_kB=190.8  t=3.40s
  round  26/50: acc=0.8223  f1m=0.6410  uplink_kB=190.8  t=3.17s
  round  27/50: acc=0.8248  f1m=0.6472  uplink_kB=190.8  t=3.10s
  round  28/50: acc=0.8212  f1m=0.6312  uplink_kB=190.8  t=3.09s
  round  29/50: acc=0.8289  f1m=0.6465  uplink_kB=190.8  t=3.12s
  round  30/50: acc=0.8263  f1m=0.6409  uplink_kB=190.8  t=3.04s
  round  31/50: acc=0.8255  f1m=0.6449  uplink_kB=190.8  t=3.12s
  round  32/50: acc=0.8237  f1m=0.6516  uplink_kB=190.8  t=3.03s
  round  33/50: acc=0.8283  f1m=0.6439  uplink_kB=190.8  t=3.09s
  round  34/50: acc=0.8277  f1m=0.6512  uplink_kB=190.8  t=3.05s
  round  35/50: acc=0.8247  f1m=0.6452  uplink_kB=190.8  t=3.04s
  round  36/50: acc=0.8296  f1m=0.6544  uplink_kB=190.8  t=3.07s
  round  37/50: acc=0.8276  f1m=0.6497  uplink_kB=190.8  t=3.09s
  round  38/50: acc=0.8287  f1m=0.6419  uplink_kB=190.8  t=3.12s
  round  39/50: acc=0.8266  f1m=0.6371  uplink_kB=190.8  t=3.03s
  round  40/50: acc=0.8274  f1m=0.6550  uplink_kB=190.8  t=3.00s
  round  41/50: acc=0.8264  f1m=0.6534  uplink_kB=190.8  t=3.13s
  round  42/50: acc=0.8280  f1m=0.6655  uplink_kB=190.8  t=3.03s
  round  43/50: acc=0.8315  f1m=0.6521  uplink_kB=190.8  t=2.97s
  round  44/50: acc=0.8293  f1m=0.6477  uplink_kB=190.8  t=3.06s
  round  45/50: acc=0.8252  f1m=0.6467  uplink_kB=190.8  t=3.01s
  round  46/50: acc=0.8299  f1m=0.6425  uplink_kB=190.8  t=3.01s
  round  47/50: acc=0.8271  f1m=0.6530  uplink_kB=190.8  t=3.07s
  round  48/50: acc=0.8299  f1m=0.6521  uplink_kB=190.8  t=3.09s
  round  49/50: acc=0.8310  f1m=0.6695  uplink_kB=190.8  t=3.12s
  round  50/50: acc=0.8302  f1m=0.6638  uplink_kB=190.8  t=3.05s
[run] DONE -> /Users/agentra/Documents/hao/working/paper-lab/hao-paper-2026/iotj-fedkan-ids/repo/results/lrsweep_cseciic_mc50k/lrsweep_kan8_lr0p01__dir0.1__seed114/metrics.json  final_acc=0.8302
