[run] device=cpu  seed=2026  out=/Users/agentra/Documents/hao/working/paper-lab/hao-paper-2026/iotj-fedkan-ids/repo/results/lrsweep_cseciic_mc/lrsweep_kan16_lr0p03__dir0.1__seed2026
[run] model=kan  params=8,640
  round   1/50: acc=0.4224  f1m=0.1193  uplink_kB=363.3  t=6.94s
  round   2/50: acc=0.7656  f1m=0.4937  uplink_kB=363.3  t=6.27s
  round   3/50: acc=0.8219  f1m=0.5555  uplink_kB=363.3  t=6.29s
  round   4/50: acc=0.8120  f1m=0.4884  uplink_kB=363.3  t=6.39s
  round   5/50: acc=0.8225  f1m=0.5403  uplink_kB=363.3  t=6.34s
  round   6/50: acc=0.7964  f1m=0.5178  uplink_kB=363.3  t=6.31s
  round   7/50: acc=0.7648  f1m=0.5954  uplink_kB=363.3  t=6.33s
  round   8/50: acc=0.8311  f1m=0.6154  uplink_kB=363.3  t=6.26s
  round   9/50: acc=0.8301  f1m=0.6002  uplink_kB=363.3  t=6.31s
  round  10/50: acc=0.8513  f1m=0.6728  uplink_kB=363.3  t=6.42s
  round  11/50: acc=0.8404  f1m=0.7077  uplink_kB=363.3  t=6.31s
  round  12/50: acc=0.8496  f1m=0.6320  uplink_kB=363.3  t=6.40s
  round  13/50: acc=0.8450  f1m=0.6800  uplink_kB=363.3  t=6.36s
  round  14/50: acc=0.8814  f1m=0.7582  uplink_kB=363.3  t=6.48s
  round  15/50: acc=0.8738  f1m=0.7277  uplink_kB=363.3  t=6.30s
  round  16/50: acc=0.8637  f1m=0.6707  uplink_kB=363.3  t=6.38s
  round  17/50: acc=0.8230  f1m=0.5928  uplink_kB=363.3  t=6.32s
  round  18/50: acc=0.8656  f1m=0.7191  uplink_kB=363.3  t=6.36s
  round  19/50: acc=0.8653  f1m=0.7136  uplink_kB=363.3  t=6.31s
  round  20/50: acc=0.8703  f1m=0.7492  uplink_kB=363.3  t=6.25s
  round  21/50: acc=0.8741  f1m=0.7584  uplink_kB=363.3  t=6.30s
  round  22/50: acc=0.8809  f1m=0.7553  uplink_kB=363.3  t=6.36s
  round  23/50: acc=0.8610  f1m=0.6958  uplink_kB=363.3  t=6.37s
  round  24/50: acc=0.8766  f1m=0.7486  uplink_kB=363.3  t=6.37s
  round  25/50: acc=0.8719  f1m=0.7252  uplink_kB=363.3  t=6.84s
  round  26/50: acc=0.8734  f1m=0.7156  uplink_kB=363.3  t=8.03s
  round  27/50: acc=0.8641  f1m=0.6986  uplink_kB=363.3  t=6.39s
  round  28/50: acc=0.8737  f1m=0.7260  uplink_kB=363.3  t=6.38s
  round  29/50: acc=0.8736  f1m=0.7329  uplink_kB=363.3  t=6.12s
  round  30/50: acc=0.8861  f1m=0.7487  uplink_kB=363.3  t=6.14s
  round  31/50: acc=0.8819  f1m=0.7509  uplink_kB=363.3  t=6.13s
  round  32/50: acc=0.8719  f1m=0.7399  uplink_kB=363.3  t=6.12s
  round  33/50: acc=0.8727  f1m=0.7393  uplink_kB=363.3  t=6.12s
  round  34/50: acc=0.8592  f1m=0.7294  uplink_kB=363.3  t=6.08s
  round  35/50: acc=0.8801  f1m=0.7492  uplink_kB=363.3  t=6.12s
  round  36/50: acc=0.8409  f1m=0.7150  uplink_kB=363.3  t=6.15s
  round  37/50: acc=0.8788  f1m=0.7657  uplink_kB=363.3  t=6.14s
  round  38/50: acc=0.8847  f1m=0.7640  uplink_kB=363.3  t=6.11s
  round  39/50: acc=0.8661  f1m=0.7359  uplink_kB=363.3  t=6.12s
  round  40/50: acc=0.8855  f1m=0.7515  uplink_kB=363.3  t=6.20s
  round  41/50: acc=0.8777  f1m=0.7403  uplink_kB=363.3  t=6.12s
  round  42/50: acc=0.8839  f1m=0.7512  uplink_kB=363.3  t=6.15s
  round  43/50: acc=0.8805  f1m=0.7618  uplink_kB=363.3  t=6.06s
  round  44/50: acc=0.8743  f1m=0.7407  uplink_kB=363.3  t=6.13s
  round  45/50: acc=0.8792  f1m=0.7432  uplink_kB=363.3  t=6.18s
  round  46/50: acc=0.8752  f1m=0.7333  uplink_kB=363.3  t=6.06s
  round  47/50: acc=0.8644  f1m=0.7423  uplink_kB=363.3  t=6.09s
  round  48/50: acc=0.8687  f1m=0.7329  uplink_kB=363.3  t=6.08s
  round  49/50: acc=0.8851  f1m=0.7636  uplink_kB=363.3  t=6.10s
  round  50/50: acc=0.8718  f1m=0.7310  uplink_kB=363.3  t=6.21s
[run] DONE -> /Users/agentra/Documents/hao/working/paper-lab/hao-paper-2026/iotj-fedkan-ids/repo/results/lrsweep_cseciic_mc/lrsweep_kan16_lr0p03__dir0.1__seed2026/metrics.json  final_acc=0.8718
