[run] device=cpu  seed=37  out=/Users/agentra/Documents/hao/working/paper-lab/hao-paper-2026/iotj-fedkan-ids/repo/results/lrsweep_cseciic_mc/lrsweep_mlp32_lr0p01__dir0.1__seed37
[run] model=mlp  params=1,775
  round   1/50: acc=0.5386  f1m=0.1951  uplink_kB=69.3  t=2.83s
  round   2/50: acc=0.5721  f1m=0.2580  uplink_kB=69.3  t=2.14s
  round   3/50: acc=0.5891  f1m=0.3226  uplink_kB=69.3  t=2.19s
  round   4/50: acc=0.6195  f1m=0.3469  uplink_kB=69.3  t=2.06s
  round   5/50: acc=0.6736  f1m=0.4723  uplink_kB=69.3  t=2.18s
  round   6/50: acc=0.7371  f1m=0.5152  uplink_kB=69.3  t=2.10s
  round   7/50: acc=0.7586  f1m=0.5248  uplink_kB=69.3  t=2.03s
  round   8/50: acc=0.7911  f1m=0.5404  uplink_kB=69.3  t=2.07s
  round   9/50: acc=0.8116  f1m=0.5582  uplink_kB=69.3  t=2.14s
  round  10/50: acc=0.8144  f1m=0.5642  uplink_kB=69.3  t=2.06s
  round  11/50: acc=0.8405  f1m=0.5904  uplink_kB=69.3  t=2.07s
  round  12/50: acc=0.8352  f1m=0.5888  uplink_kB=69.3  t=2.20s
  round  13/50: acc=0.8417  f1m=0.5969  uplink_kB=69.3  t=2.12s
  round  14/50: acc=0.8439  f1m=0.6039  uplink_kB=69.3  t=2.13s
  round  15/50: acc=0.8453  f1m=0.6091  uplink_kB=69.3  t=2.11s
  round  16/50: acc=0.8432  f1m=0.6068  uplink_kB=69.3  t=2.13s
  round  17/50: acc=0.8480  f1m=0.6129  uplink_kB=69.3  t=2.11s
  round  18/50: acc=0.8469  f1m=0.6102  uplink_kB=69.3  t=2.06s
  round  19/50: acc=0.8549  f1m=0.6285  uplink_kB=69.3  t=2.07s
  round  20/50: acc=0.8494  f1m=0.6718  uplink_kB=69.3  t=2.14s
  round  21/50: acc=0.8497  f1m=0.6727  uplink_kB=69.3  t=2.17s
  round  22/50: acc=0.8538  f1m=0.6843  uplink_kB=69.3  t=2.09s
  round  23/50: acc=0.8530  f1m=0.6851  uplink_kB=69.3  t=2.08s
  round  24/50: acc=0.8545  f1m=0.6855  uplink_kB=69.3  t=2.08s
  round  25/50: acc=0.8575  f1m=0.6923  uplink_kB=69.3  t=2.15s
  round  26/50: acc=0.8514  f1m=0.6790  uplink_kB=69.3  t=2.09s
  round  27/50: acc=0.8470  f1m=0.6690  uplink_kB=69.3  t=2.12s
  round  28/50: acc=0.8558  f1m=0.6889  uplink_kB=69.3  t=2.13s
  round  29/50: acc=0.8562  f1m=0.6893  uplink_kB=69.3  t=2.03s
  round  30/50: acc=0.8534  f1m=0.6850  uplink_kB=69.3  t=2.10s
  round  31/50: acc=0.8579  f1m=0.6924  uplink_kB=69.3  t=2.09s
  round  32/50: acc=0.8568  f1m=0.6404  uplink_kB=69.3  t=2.21s
  round  33/50: acc=0.8532  f1m=0.6859  uplink_kB=69.3  t=2.11s
  round  34/50: acc=0.8656  f1m=0.7186  uplink_kB=69.3  t=2.11s
  round  35/50: acc=0.8538  f1m=0.6371  uplink_kB=69.3  t=2.10s
  round  36/50: acc=0.8624  f1m=0.6518  uplink_kB=69.3  t=2.06s
  round  37/50: acc=0.8580  f1m=0.7048  uplink_kB=69.3  t=2.16s
  round  38/50: acc=0.8583  f1m=0.7063  uplink_kB=69.3  t=2.07s
  round  39/50: acc=0.8610  f1m=0.7100  uplink_kB=69.3  t=2.08s
  round  40/50: acc=0.8565  f1m=0.7003  uplink_kB=69.3  t=2.11s
  round  41/50: acc=0.8658  f1m=0.7184  uplink_kB=69.3  t=2.18s
  round  42/50: acc=0.8585  f1m=0.7052  uplink_kB=69.3  t=2.21s
  round  43/50: acc=0.8598  f1m=0.7088  uplink_kB=69.3  t=2.26s
  round  44/50: acc=0.8646  f1m=0.7170  uplink_kB=69.3  t=2.15s
  round  45/50: acc=0.8606  f1m=0.7102  uplink_kB=69.3  t=2.22s
  round  46/50: acc=0.8590  f1m=0.7071  uplink_kB=69.3  t=2.13s
  round  47/50: acc=0.8588  f1m=0.7074  uplink_kB=69.3  t=2.21s
  round  48/50: acc=0.8667  f1m=0.7222  uplink_kB=69.3  t=2.50s
  round  49/50: acc=0.8611  f1m=0.7106  uplink_kB=69.3  t=2.10s
  round  50/50: acc=0.8594  f1m=0.7081  uplink_kB=69.3  t=2.11s
[run] DONE -> /Users/agentra/Documents/hao/working/paper-lab/hao-paper-2026/iotj-fedkan-ids/repo/results/lrsweep_cseciic_mc/lrsweep_mlp32_lr0p01__dir0.1__seed37/metrics.json  final_acc=0.8594
