[run] device=cpu  seed=114  out=/Users/agentra/Documents/hao/working/paper-lab/hao-paper-2026/iotj-fedkan-ids/repo/results/lrsweep_cseciic/lrsweep_mlp80_lr0p01__dir0.1__seed114
[run] model=mlp  params=3,362
  round   1/50: acc=0.6637  f1m=0.6267  uplink_kB=131.3  t=1.40s
  round   2/50: acc=0.6043  f1m=0.5367  uplink_kB=131.3  t=0.79s
  round   3/50: acc=0.6231  f1m=0.5665  uplink_kB=131.3  t=0.81s
  round   4/50: acc=0.6626  f1m=0.6251  uplink_kB=131.3  t=0.77s
  round   5/50: acc=0.6608  f1m=0.6226  uplink_kB=131.3  t=0.72s
  round   6/50: acc=0.6971  f1m=0.6718  uplink_kB=131.3  t=0.80s
  round   7/50: acc=0.7306  f1m=0.7143  uplink_kB=131.3  t=0.77s
  round   8/50: acc=0.7422  f1m=0.7283  uplink_kB=131.3  t=0.80s
  round   9/50: acc=0.7524  f1m=0.7404  uplink_kB=131.3  t=0.74s
  round  10/50: acc=0.7671  f1m=0.7574  uplink_kB=131.3  t=0.79s
  round  11/50: acc=0.7758  f1m=0.7673  uplink_kB=131.3  t=0.81s
  round  12/50: acc=0.8052  f1m=0.8000  uplink_kB=131.3  t=0.84s
  round  13/50: acc=0.7930  f1m=0.7866  uplink_kB=131.3  t=0.79s
  round  14/50: acc=0.8091  f1m=0.8043  uplink_kB=131.3  t=0.83s
  round  15/50: acc=0.8353  f1m=0.8326  uplink_kB=131.3  t=0.90s
  round  16/50: acc=0.8432  f1m=0.8409  uplink_kB=131.3  t=0.86s
  round  17/50: acc=0.8442  f1m=0.8419  uplink_kB=131.3  t=0.82s
  round  18/50: acc=0.8787  f1m=0.8778  uplink_kB=131.3  t=0.84s
  round  19/50: acc=0.8903  f1m=0.8897  uplink_kB=131.3  t=0.80s
  round  20/50: acc=0.8718  f1m=0.8708  uplink_kB=131.3  t=0.73s
  round  21/50: acc=0.8874  f1m=0.8868  uplink_kB=131.3  t=0.81s
  round  22/50: acc=0.8962  f1m=0.8957  uplink_kB=131.3  t=0.77s
  round  23/50: acc=0.8729  f1m=0.8719  uplink_kB=131.3  t=0.78s
  round  24/50: acc=0.8788  f1m=0.8779  uplink_kB=131.3  t=0.79s
  round  25/50: acc=0.8614  f1m=0.8599  uplink_kB=131.3  t=0.80s
  round  26/50: acc=0.8703  f1m=0.8692  uplink_kB=131.3  t=0.78s
  round  27/50: acc=0.8645  f1m=0.8631  uplink_kB=131.3  t=0.72s
  round  28/50: acc=0.8852  f1m=0.8845  uplink_kB=131.3  t=0.78s
  round  29/50: acc=0.8920  f1m=0.8915  uplink_kB=131.3  t=0.77s
  round  30/50: acc=0.9067  f1m=0.9065  uplink_kB=131.3  t=0.78s
  round  31/50: acc=0.9009  f1m=0.9005  uplink_kB=131.3  t=0.79s
  round  32/50: acc=0.8950  f1m=0.8945  uplink_kB=131.3  t=0.77s
  round  33/50: acc=0.9117  f1m=0.9115  uplink_kB=131.3  t=0.71s
  round  34/50: acc=0.8901  f1m=0.8896  uplink_kB=131.3  t=0.77s
  round  35/50: acc=0.9003  f1m=0.8999  uplink_kB=131.3  t=0.76s
  round  36/50: acc=0.8957  f1m=0.8952  uplink_kB=131.3  t=0.78s
  round  37/50: acc=0.8968  f1m=0.8963  uplink_kB=131.3  t=0.79s
  round  38/50: acc=0.9169  f1m=0.9167  uplink_kB=131.3  t=0.76s
  round  39/50: acc=0.9105  f1m=0.9102  uplink_kB=131.3  t=0.82s
  round  40/50: acc=0.9145  f1m=0.9143  uplink_kB=131.3  t=0.72s
  round  41/50: acc=0.9151  f1m=0.9149  uplink_kB=131.3  t=0.80s
  round  42/50: acc=0.9194  f1m=0.9193  uplink_kB=131.3  t=0.78s
  round  43/50: acc=0.9176  f1m=0.9174  uplink_kB=131.3  t=0.81s
  round  44/50: acc=0.9179  f1m=0.9177  uplink_kB=131.3  t=0.78s
  round  45/50: acc=0.9152  f1m=0.9151  uplink_kB=131.3  t=0.75s
  round  46/50: acc=0.9147  f1m=0.9146  uplink_kB=131.3  t=0.76s
  round  47/50: acc=0.9156  f1m=0.9154  uplink_kB=131.3  t=0.73s
  round  48/50: acc=0.9173  f1m=0.9171  uplink_kB=131.3  t=0.79s
  round  49/50: acc=0.9188  f1m=0.9186  uplink_kB=131.3  t=0.75s
  round  50/50: acc=0.9201  f1m=0.9200  uplink_kB=131.3  t=0.77s
[run] DONE -> /Users/agentra/Documents/hao/working/paper-lab/hao-paper-2026/iotj-fedkan-ids/repo/results/lrsweep_cseciic/lrsweep_mlp80_lr0p01__dir0.1__seed114/metrics.json  final_acc=0.9201
