[run] device=cpu  seed=31  out=/Users/agentra/Documents/hao/working/paper-lab/hao-paper-2026/iotj-fedkan-ids/repo/results/lrsweep_toniot/lrsweep_mlp32_lr0p01__dir0.1__seed31
[run] model=mlp  params=1,346
  round   1/50: acc=0.5421  f1m=0.4376  uplink_kB=52.6  t=1.33s
  round   2/50: acc=0.5298  f1m=0.4113  uplink_kB=52.6  t=0.69s
  round   3/50: acc=0.5329  f1m=0.4168  uplink_kB=52.6  t=0.62s
  round   4/50: acc=0.5317  f1m=0.4124  uplink_kB=52.6  t=0.67s
  round   5/50: acc=0.5312  f1m=0.4106  uplink_kB=52.6  t=0.63s
  round   6/50: acc=0.5347  f1m=0.4181  uplink_kB=52.6  t=0.67s
  round   7/50: acc=0.5374  f1m=0.4234  uplink_kB=52.6  t=0.69s
  round   8/50: acc=0.5443  f1m=0.4365  uplink_kB=52.6  t=0.70s
  round   9/50: acc=0.5551  f1m=0.4486  uplink_kB=52.6  t=0.66s
  round  10/50: acc=0.5590  f1m=0.4556  uplink_kB=52.6  t=0.68s
  round  11/50: acc=0.5587  f1m=0.4552  uplink_kB=52.6  t=0.69s
  round  12/50: acc=0.5570  f1m=0.4507  uplink_kB=52.6  t=0.69s
  round  13/50: acc=0.5568  f1m=0.4505  uplink_kB=52.6  t=0.67s
  round  14/50: acc=0.5537  f1m=0.4444  uplink_kB=52.6  t=0.62s
  round  15/50: acc=0.5519  f1m=0.4408  uplink_kB=52.6  t=0.65s
  round  16/50: acc=0.5540  f1m=0.4452  uplink_kB=52.6  t=0.65s
  round  17/50: acc=0.5548  f1m=0.4473  uplink_kB=52.6  t=0.74s
  round  18/50: acc=0.5562  f1m=0.4499  uplink_kB=52.6  t=0.70s
  round  19/50: acc=0.5616  f1m=0.4600  uplink_kB=52.6  t=0.70s
  round  20/50: acc=0.5613  f1m=0.4603  uplink_kB=52.6  t=0.73s
  round  21/50: acc=0.5636  f1m=0.4651  uplink_kB=52.6  t=0.64s
  round  22/50: acc=0.5617  f1m=0.4614  uplink_kB=52.6  t=0.67s
  round  23/50: acc=0.5633  f1m=0.4645  uplink_kB=52.6  t=0.66s
  round  24/50: acc=0.7807  f1m=0.7703  uplink_kB=52.6  t=0.66s
  round  25/50: acc=0.5623  f1m=0.4619  uplink_kB=52.6  t=0.65s
  round  26/50: acc=0.7809  f1m=0.7705  uplink_kB=52.6  t=0.71s
  round  27/50: acc=0.5629  f1m=0.4627  uplink_kB=52.6  t=0.69s
  round  28/50: acc=0.5612  f1m=0.4595  uplink_kB=52.6  t=0.68s
  round  29/50: acc=0.5586  f1m=0.4544  uplink_kB=52.6  t=0.62s
  round  30/50: acc=0.5633  f1m=0.4633  uplink_kB=52.6  t=0.67s
  round  31/50: acc=0.5614  f1m=0.4596  uplink_kB=52.6  t=0.71s
  round  32/50: acc=0.5607  f1m=0.4582  uplink_kB=52.6  t=0.70s
  round  33/50: acc=0.5637  f1m=0.4640  uplink_kB=52.6  t=0.70s
  round  34/50: acc=0.5662  f1m=0.4682  uplink_kB=52.6  t=0.67s
  round  35/50: acc=0.5660  f1m=0.4680  uplink_kB=52.6  t=0.68s
  round  36/50: acc=0.5613  f1m=0.4595  uplink_kB=52.6  t=0.66s
  round  37/50: acc=0.5656  f1m=0.4675  uplink_kB=52.6  t=0.63s
  round  38/50: acc=0.5689  f1m=0.4736  uplink_kB=52.6  t=0.67s
  round  39/50: acc=0.5710  f1m=0.4776  uplink_kB=52.6  t=0.69s
  round  40/50: acc=0.5673  f1m=0.4707  uplink_kB=52.6  t=0.69s
  round  41/50: acc=0.5718  f1m=0.4784  uplink_kB=52.6  t=0.65s
  round  42/50: acc=0.5724  f1m=0.4795  uplink_kB=52.6  t=0.68s
  round  43/50: acc=0.5658  f1m=0.4676  uplink_kB=52.6  t=0.65s
  round  44/50: acc=0.5668  f1m=0.4694  uplink_kB=52.6  t=0.65s
  round  45/50: acc=0.5679  f1m=0.4713  uplink_kB=52.6  t=0.59s
  round  46/50: acc=0.5606  f1m=0.4581  uplink_kB=52.6  t=0.66s
  round  47/50: acc=0.5680  f1m=0.4715  uplink_kB=52.6  t=0.67s
  round  48/50: acc=0.5758  f1m=0.4860  uplink_kB=52.6  t=0.67s
  round  49/50: acc=0.5702  f1m=0.4754  uplink_kB=52.6  t=0.67s
  round  50/50: acc=0.5654  f1m=0.4668  uplink_kB=52.6  t=0.65s
[run] DONE -> /Users/agentra/Documents/hao/working/paper-lab/hao-paper-2026/iotj-fedkan-ids/repo/results/lrsweep_toniot/lrsweep_mlp32_lr0p01__dir0.1__seed31/metrics.json  final_acc=0.5654
