[run] device=cpu  seed=31  out=/Users/agentra/Documents/hao/working/paper-lab/hao-paper-2026/iotj-fedkan-ids/repo/results/lrsweep_toniot/lrsweep_mlp32_lr0p03__dir0.1__seed31
[run] model=mlp  params=1,346
  round   1/50: acc=0.5445  f1m=0.4684  uplink_kB=52.6  t=1.16s
  round   2/50: acc=0.5329  f1m=0.4131  uplink_kB=52.6  t=0.65s
  round   3/50: acc=0.5318  f1m=0.4120  uplink_kB=52.6  t=0.64s
  round   4/50: acc=0.5266  f1m=0.3904  uplink_kB=52.6  t=0.65s
  round   5/50: acc=0.5361  f1m=0.4098  uplink_kB=52.6  t=0.67s
  round   6/50: acc=0.5472  f1m=0.4322  uplink_kB=52.6  t=0.61s
  round   7/50: acc=0.5402  f1m=0.4183  uplink_kB=52.6  t=0.64s
  round   8/50: acc=0.5447  f1m=0.4273  uplink_kB=52.6  t=0.67s
  round   9/50: acc=0.5423  f1m=0.4228  uplink_kB=52.6  t=0.65s
  round  10/50: acc=0.5502  f1m=0.4385  uplink_kB=52.6  t=0.62s
  round  11/50: acc=0.7604  f1m=0.7462  uplink_kB=52.6  t=0.66s
  round  12/50: acc=0.5438  f1m=0.4252  uplink_kB=52.6  t=0.63s
  round  13/50: acc=0.5394  f1m=0.4164  uplink_kB=52.6  t=0.64s
  round  14/50: acc=0.7648  f1m=0.7514  uplink_kB=52.6  t=0.60s
  round  15/50: acc=0.5552  f1m=0.4465  uplink_kB=52.6  t=0.65s
  round  16/50: acc=0.7672  f1m=0.7542  uplink_kB=52.6  t=0.64s
  round  17/50: acc=0.7664  f1m=0.7533  uplink_kB=52.6  t=0.65s
  round  18/50: acc=0.7592  f1m=0.7445  uplink_kB=52.6  t=0.67s
  round  19/50: acc=0.7673  f1m=0.7542  uplink_kB=52.6  t=0.67s
  round  20/50: acc=0.5559  f1m=0.4480  uplink_kB=52.6  t=0.63s
  round  21/50: acc=0.5525  f1m=0.4419  uplink_kB=52.6  t=0.61s
  round  22/50: acc=0.5511  f1m=0.4389  uplink_kB=52.6  t=0.65s
  round  23/50: acc=0.5567  f1m=0.4495  uplink_kB=52.6  t=0.68s
  round  24/50: acc=0.5571  f1m=0.4503  uplink_kB=52.6  t=0.67s
  round  25/50: acc=0.5515  f1m=0.4397  uplink_kB=52.6  t=0.64s
  round  26/50: acc=0.7691  f1m=0.7562  uplink_kB=52.6  t=0.68s
  round  27/50: acc=0.5570  f1m=0.4500  uplink_kB=52.6  t=0.65s
  round  28/50: acc=0.7699  f1m=0.7572  uplink_kB=52.6  t=0.66s
  round  29/50: acc=0.5486  f1m=0.4344  uplink_kB=52.6  t=0.61s
  round  30/50: acc=0.7718  f1m=0.7596  uplink_kB=52.6  t=0.67s
  round  31/50: acc=0.5556  f1m=0.4475  uplink_kB=52.6  t=0.64s
  round  32/50: acc=0.7663  f1m=0.7530  uplink_kB=52.6  t=0.63s
  round  33/50: acc=0.7733  f1m=0.7613  uplink_kB=52.6  t=0.65s
  round  34/50: acc=0.7653  f1m=0.7518  uplink_kB=52.6  t=0.64s
  round  35/50: acc=0.7700  f1m=0.7573  uplink_kB=52.6  t=0.64s
  round  36/50: acc=0.7683  f1m=0.7553  uplink_kB=52.6  t=0.66s
  round  37/50: acc=0.5492  f1m=0.4355  uplink_kB=52.6  t=0.59s
  round  38/50: acc=0.5508  f1m=0.4383  uplink_kB=52.6  t=0.68s
  round  39/50: acc=0.5553  f1m=0.4468  uplink_kB=52.6  t=0.66s
  round  40/50: acc=0.7659  f1m=0.7525  uplink_kB=52.6  t=0.65s
  round  41/50: acc=0.5474  f1m=0.4321  uplink_kB=52.6  t=0.67s
  round  42/50: acc=0.7676  f1m=0.7545  uplink_kB=52.6  t=0.66s
  round  43/50: acc=0.5530  f1m=0.4424  uplink_kB=52.6  t=0.65s
  round  44/50: acc=0.7705  f1m=0.7579  uplink_kB=52.6  t=0.66s
  round  45/50: acc=0.7762  f1m=0.7646  uplink_kB=52.6  t=0.60s
  round  46/50: acc=0.7707  f1m=0.7582  uplink_kB=52.6  t=0.62s
  round  47/50: acc=0.5560  f1m=0.4481  uplink_kB=52.6  t=0.66s
  round  48/50: acc=0.7748  f1m=0.7629  uplink_kB=52.6  t=0.64s
  round  49/50: acc=0.5472  f1m=0.4314  uplink_kB=52.6  t=0.65s
  round  50/50: acc=0.7575  f1m=0.7425  uplink_kB=52.6  t=0.65s
[run] DONE -> /Users/agentra/Documents/hao/working/paper-lab/hao-paper-2026/iotj-fedkan-ids/repo/results/lrsweep_toniot/lrsweep_mlp32_lr0p03__dir0.1__seed31/metrics.json  final_acc=0.7575
