[run] device=cpu  seed=11  out=/Users/agentra/Documents/hao/working/paper-lab/hao-paper-2026/iotj-fedkan-ids/repo/results/lrsweep_toniot/lrsweep_kan8_lr0p03__dir0.1__seed11
[run] model=kan  params=3,280
  round   1/50: acc=0.5030  f1m=0.3404  uplink_kB=150.2  t=2.14s
  round   2/50: acc=0.5000  f1m=0.3333  uplink_kB=150.2  t=1.62s
  round   3/50: acc=0.5000  f1m=0.3333  uplink_kB=150.2  t=1.62s
  round   4/50: acc=0.7056  f1m=0.7035  uplink_kB=150.2  t=1.65s
  round   5/50: acc=0.7127  f1m=0.7042  uplink_kB=150.2  t=1.64s
  round   6/50: acc=0.5392  f1m=0.4462  uplink_kB=150.2  t=1.67s
  round   7/50: acc=0.5000  f1m=0.3334  uplink_kB=150.2  t=1.58s
  round   8/50: acc=0.7230  f1m=0.7156  uplink_kB=150.2  t=1.63s
  round   9/50: acc=0.5356  f1m=0.4113  uplink_kB=150.2  t=1.61s
  round  10/50: acc=0.5527  f1m=0.4510  uplink_kB=150.2  t=1.61s
  round  11/50: acc=0.6374  f1m=0.6175  uplink_kB=150.2  t=1.62s
  round  12/50: acc=0.5703  f1m=0.5061  uplink_kB=150.2  t=1.59s
  round  13/50: acc=0.7224  f1m=0.7165  uplink_kB=150.2  t=1.62s
  round  14/50: acc=0.7004  f1m=0.6843  uplink_kB=150.2  t=1.62s
  round  15/50: acc=0.6232  f1m=0.5733  uplink_kB=150.2  t=1.64s
  round  16/50: acc=0.7293  f1m=0.7201  uplink_kB=150.2  t=1.66s
  round  17/50: acc=0.7391  f1m=0.7319  uplink_kB=150.2  t=1.59s
  round  18/50: acc=0.7444  f1m=0.7374  uplink_kB=150.2  t=1.58s
  round  19/50: acc=0.7298  f1m=0.7177  uplink_kB=150.2  t=1.64s
  round  20/50: acc=0.7436  f1m=0.7313  uplink_kB=150.2  t=1.61s
  round  21/50: acc=0.7307  f1m=0.7300  uplink_kB=150.2  t=1.65s
  round  22/50: acc=0.5616  f1m=0.4637  uplink_kB=150.2  t=1.59s
  round  23/50: acc=0.6785  f1m=0.6474  uplink_kB=150.2  t=1.63s
  round  24/50: acc=0.7435  f1m=0.7401  uplink_kB=150.2  t=1.61s
  round  25/50: acc=0.7296  f1m=0.7137  uplink_kB=150.2  t=1.56s
  round  26/50: acc=0.7108  f1m=0.6981  uplink_kB=150.2  t=1.66s
  round  27/50: acc=0.5978  f1m=0.5303  uplink_kB=150.2  t=1.60s
  round  28/50: acc=0.6765  f1m=0.6528  uplink_kB=150.2  t=1.62s
  round  29/50: acc=0.8232  f1m=0.8227  uplink_kB=150.2  t=1.63s
  round  30/50: acc=0.6396  f1m=0.6079  uplink_kB=150.2  t=1.61s
  round  31/50: acc=0.5994  f1m=0.5448  uplink_kB=150.2  t=1.55s
  round  32/50: acc=0.6169  f1m=0.5755  uplink_kB=150.2  t=1.63s
  round  33/50: acc=0.6012  f1m=0.5472  uplink_kB=150.2  t=1.63s
  round  34/50: acc=0.5398  f1m=0.4541  uplink_kB=150.2  t=1.59s
  round  35/50: acc=0.7079  f1m=0.6856  uplink_kB=150.2  t=1.62s
  round  36/50: acc=0.7626  f1m=0.7533  uplink_kB=150.2  t=1.63s
  round  37/50: acc=0.7491  f1m=0.7344  uplink_kB=150.2  t=1.66s
  round  38/50: acc=0.8187  f1m=0.8159  uplink_kB=150.2  t=1.57s
  round  39/50: acc=0.8580  f1m=0.8571  uplink_kB=150.2  t=1.65s
  round  40/50: acc=0.8309  f1m=0.8303  uplink_kB=150.2  t=1.62s
  round  41/50: acc=0.8331  f1m=0.8304  uplink_kB=150.2  t=1.65s
  round  42/50: acc=0.8548  f1m=0.8537  uplink_kB=150.2  t=1.63s
  round  43/50: acc=0.8681  f1m=0.8669  uplink_kB=150.2  t=1.63s
  round  44/50: acc=0.9000  f1m=0.9000  uplink_kB=150.2  t=1.58s
  round  45/50: acc=0.8967  f1m=0.8963  uplink_kB=150.2  t=1.66s
  round  46/50: acc=0.7669  f1m=0.7558  uplink_kB=150.2  t=1.64s
  round  47/50: acc=0.8639  f1m=0.8631  uplink_kB=150.2  t=1.64s
  round  48/50: acc=0.7991  f1m=0.7988  uplink_kB=150.2  t=1.61s
  round  49/50: acc=0.7991  f1m=0.7932  uplink_kB=150.2  t=1.63s
  round  50/50: acc=0.7894  f1m=0.7834  uplink_kB=150.2  t=1.53s
[run] DONE -> /Users/agentra/Documents/hao/working/paper-lab/hao-paper-2026/iotj-fedkan-ids/repo/results/lrsweep_toniot/lrsweep_kan8_lr0p03__dir0.1__seed11/metrics.json  final_acc=0.7894
