[run] device=cpu  seed=104  out=/Users/agentra/Documents/hao/working/paper-lab/hao-paper-2026/iotj-fedkan-ids/repo/results/lrsweep_cseciic/lrsweep_kan8_lr0p003__dir0.1__seed104
[run] model=kan  params=3,280
  round   1/50: acc=0.9217  f1m=0.9215  uplink_kB=150.2  t=2.35s
  round   2/50: acc=0.9307  f1m=0.9305  uplink_kB=150.2  t=1.82s
  round   3/50: acc=0.9581  f1m=0.9581  uplink_kB=150.2  t=1.84s
  round   4/50: acc=0.9707  f1m=0.9707  uplink_kB=150.2  t=1.79s
  round   5/50: acc=0.9720  f1m=0.9720  uplink_kB=150.2  t=1.84s
  round   6/50: acc=0.9724  f1m=0.9724  uplink_kB=150.2  t=1.76s
  round   7/50: acc=0.9732  f1m=0.9732  uplink_kB=150.2  t=1.81s
  round   8/50: acc=0.9733  f1m=0.9733  uplink_kB=150.2  t=1.78s
  round   9/50: acc=0.9748  f1m=0.9748  uplink_kB=150.2  t=1.82s
  round  10/50: acc=0.9750  f1m=0.9750  uplink_kB=150.2  t=1.78s
  round  11/50: acc=0.9751  f1m=0.9751  uplink_kB=150.2  t=1.82s
  round  12/50: acc=0.9752  f1m=0.9752  uplink_kB=150.2  t=1.73s
  round  13/50: acc=0.9752  f1m=0.9752  uplink_kB=150.2  t=1.83s
  round  14/50: acc=0.9754  f1m=0.9754  uplink_kB=150.2  t=1.90s
  round  15/50: acc=0.9755  f1m=0.9755  uplink_kB=150.2  t=1.86s
  round  16/50: acc=0.9755  f1m=0.9755  uplink_kB=150.2  t=1.84s
  round  17/50: acc=0.9755  f1m=0.9754  uplink_kB=150.2  t=1.81s
  round  18/50: acc=0.9756  f1m=0.9756  uplink_kB=150.2  t=1.77s
  round  19/50: acc=0.9754  f1m=0.9754  uplink_kB=150.2  t=1.80s
  round  20/50: acc=0.9757  f1m=0.9757  uplink_kB=150.2  t=1.96s
  round  21/50: acc=0.9760  f1m=0.9760  uplink_kB=150.2  t=1.98s
  round  22/50: acc=0.9763  f1m=0.9763  uplink_kB=150.2  t=1.95s
  round  23/50: acc=0.9757  f1m=0.9757  uplink_kB=150.2  t=1.95s
  round  24/50: acc=0.9762  f1m=0.9762  uplink_kB=150.2  t=1.84s
  round  25/50: acc=0.9760  f1m=0.9760  uplink_kB=150.2  t=1.96s
  round  26/50: acc=0.9759  f1m=0.9759  uplink_kB=150.2  t=1.94s
  round  27/50: acc=0.9764  f1m=0.9764  uplink_kB=150.2  t=1.94s
  round  28/50: acc=0.9764  f1m=0.9764  uplink_kB=150.2  t=1.98s
  round  29/50: acc=0.9763  f1m=0.9763  uplink_kB=150.2  t=1.90s
  round  30/50: acc=0.9763  f1m=0.9763  uplink_kB=150.2  t=1.84s
  round  31/50: acc=0.9760  f1m=0.9760  uplink_kB=150.2  t=1.95s
  round  32/50: acc=0.9767  f1m=0.9767  uplink_kB=150.2  t=1.96s
  round  33/50: acc=0.9766  f1m=0.9766  uplink_kB=150.2  t=1.97s
  round  34/50: acc=0.9765  f1m=0.9765  uplink_kB=150.2  t=1.93s
  round  35/50: acc=0.9766  f1m=0.9766  uplink_kB=150.2  t=1.94s
  round  36/50: acc=0.9766  f1m=0.9766  uplink_kB=150.2  t=1.85s
  round  37/50: acc=0.9768  f1m=0.9768  uplink_kB=150.2  t=1.93s
  round  38/50: acc=0.9767  f1m=0.9767  uplink_kB=150.2  t=1.95s
  round  39/50: acc=0.9767  f1m=0.9766  uplink_kB=150.2  t=1.96s
  round  40/50: acc=0.9769  f1m=0.9769  uplink_kB=150.2  t=1.90s
  round  41/50: acc=0.9767  f1m=0.9767  uplink_kB=150.2  t=1.92s
  round  42/50: acc=0.9766  f1m=0.9766  uplink_kB=150.2  t=1.84s
  round  43/50: acc=0.9768  f1m=0.9768  uplink_kB=150.2  t=1.99s
  round  44/50: acc=0.9767  f1m=0.9767  uplink_kB=150.2  t=1.90s
  round  45/50: acc=0.9767  f1m=0.9766  uplink_kB=150.2  t=1.89s
  round  46/50: acc=0.9767  f1m=0.9767  uplink_kB=150.2  t=1.96s
  round  47/50: acc=0.9767  f1m=0.9766  uplink_kB=150.2  t=1.95s
  round  48/50: acc=0.9767  f1m=0.9767  uplink_kB=150.2  t=1.88s
  round  49/50: acc=0.9768  f1m=0.9768  uplink_kB=150.2  t=1.93s
  round  50/50: acc=0.9767  f1m=0.9767  uplink_kB=150.2  t=1.93s
[run] DONE -> /Users/agentra/Documents/hao/working/paper-lab/hao-paper-2026/iotj-fedkan-ids/repo/results/lrsweep_cseciic/lrsweep_kan8_lr0p003__dir0.1__seed104/metrics.json  final_acc=0.9767
