[run] device=cpu  seed=108  out=/Users/agentra/Documents/hao/working/paper-lab/hao-paper-2026/iotj-fedkan-ids/repo/results/lrsweep_cseciic_mc50k/lrsweep_mlp80_lr0p01__dir0.1__seed108
[run] model=mlp  params=4,415
  round   1/50: acc=0.3697  f1m=0.1627  uplink_kB=172.5  t=2.12s
  round   2/50: acc=0.5404  f1m=0.2979  uplink_kB=172.5  t=1.30s
  round   3/50: acc=0.6636  f1m=0.3958  uplink_kB=172.5  t=1.36s
  round   4/50: acc=0.6668  f1m=0.4558  uplink_kB=172.5  t=1.32s
  round   5/50: acc=0.6687  f1m=0.4528  uplink_kB=172.5  t=1.34s
  round   6/50: acc=0.6747  f1m=0.4587  uplink_kB=172.5  t=1.30s
  round   7/50: acc=0.7377  f1m=0.5186  uplink_kB=172.5  t=1.36s
  round   8/50: acc=0.7708  f1m=0.5423  uplink_kB=172.5  t=1.30s
  round   9/50: acc=0.8014  f1m=0.5611  uplink_kB=172.5  t=1.35s
  round  10/50: acc=0.7805  f1m=0.5485  uplink_kB=172.5  t=1.35s
  round  11/50: acc=0.8242  f1m=0.6085  uplink_kB=172.5  t=1.36s
  round  12/50: acc=0.8279  f1m=0.6113  uplink_kB=172.5  t=1.29s
  round  13/50: acc=0.8301  f1m=0.6130  uplink_kB=172.5  t=1.38s
  round  14/50: acc=0.8548  f1m=0.6711  uplink_kB=172.5  t=1.27s
  round  15/50: acc=0.8477  f1m=0.6617  uplink_kB=172.5  t=1.34s
  round  16/50: acc=0.8552  f1m=0.6749  uplink_kB=172.5  t=1.35s
  round  17/50: acc=0.8620  f1m=0.6886  uplink_kB=172.5  t=1.25s
  round  18/50: acc=0.8586  f1m=0.6828  uplink_kB=172.5  t=1.37s
  round  19/50: acc=0.8419  f1m=0.6349  uplink_kB=172.5  t=1.29s
  round  20/50: acc=0.8769  f1m=0.7209  uplink_kB=172.5  t=1.33s
  round  21/50: acc=0.8514  f1m=0.6493  uplink_kB=172.5  t=1.28s
  round  22/50: acc=0.8628  f1m=0.6954  uplink_kB=172.5  t=1.33s
  round  23/50: acc=0.8842  f1m=0.7277  uplink_kB=172.5  t=1.29s
  round  24/50: acc=0.8868  f1m=0.7295  uplink_kB=172.5  t=1.34s
  round  25/50: acc=0.8855  f1m=0.7306  uplink_kB=172.5  t=1.35s
  round  26/50: acc=0.8706  f1m=0.7020  uplink_kB=172.5  t=1.26s
  round  27/50: acc=0.8801  f1m=0.7266  uplink_kB=172.5  t=1.35s
  round  28/50: acc=0.8713  f1m=0.7034  uplink_kB=172.5  t=1.29s
  round  29/50: acc=0.8659  f1m=0.7000  uplink_kB=172.5  t=1.36s
  round  30/50: acc=0.8836  f1m=0.7302  uplink_kB=172.5  t=1.27s
  round  31/50: acc=0.8875  f1m=0.7323  uplink_kB=172.5  t=1.36s
  round  32/50: acc=0.8535  f1m=0.6532  uplink_kB=172.5  t=1.31s
  round  33/50: acc=0.8802  f1m=0.7442  uplink_kB=172.5  t=1.35s
  round  34/50: acc=0.8891  f1m=0.7496  uplink_kB=172.5  t=1.27s
  round  35/50: acc=0.8850  f1m=0.7457  uplink_kB=172.5  t=1.34s
  round  36/50: acc=0.8882  f1m=0.7492  uplink_kB=172.5  t=1.29s
  round  37/50: acc=0.8695  f1m=0.7177  uplink_kB=172.5  t=1.34s
  round  38/50: acc=0.8905  f1m=0.7500  uplink_kB=172.5  t=1.28s
  round  39/50: acc=0.8813  f1m=0.7352  uplink_kB=172.5  t=1.39s
  round  40/50: acc=0.8840  f1m=0.7465  uplink_kB=172.5  t=1.31s
  round  41/50: acc=0.8915  f1m=0.7512  uplink_kB=172.5  t=1.35s
  round  42/50: acc=0.8879  f1m=0.7478  uplink_kB=172.5  t=1.31s
  round  43/50: acc=0.8926  f1m=0.7516  uplink_kB=172.5  t=1.36s
  round  44/50: acc=0.8870  f1m=0.7473  uplink_kB=172.5  t=1.28s
  round  45/50: acc=0.8901  f1m=0.7511  uplink_kB=172.5  t=1.37s
  round  46/50: acc=0.8798  f1m=0.7436  uplink_kB=172.5  t=1.29s
  round  47/50: acc=0.8885  f1m=0.7492  uplink_kB=172.5  t=1.37s
  round  48/50: acc=0.8844  f1m=0.7474  uplink_kB=172.5  t=1.31s
  round  49/50: acc=0.8910  f1m=0.7518  uplink_kB=172.5  t=1.32s
  round  50/50: acc=0.8854  f1m=0.7477  uplink_kB=172.5  t=1.21s
[run] DONE -> /Users/agentra/Documents/hao/working/paper-lab/hao-paper-2026/iotj-fedkan-ids/repo/results/lrsweep_cseciic_mc50k/lrsweep_mlp80_lr0p01__dir0.1__seed108/metrics.json  final_acc=0.8854
