[run] device=cpu  seed=11  out=/Users/agentra/Documents/hao/working/paper-lab/hao-paper-2026/iotj-fedkan-ids/repo/results/lrsweep_toniot/lrsweep_kan8_lr0p001__dir0.1__seed11
[run] model=kan  params=3,280
  round   1/50: acc=0.5000  f1m=0.3333  uplink_kB=150.2  t=2.23s
  round   2/50: acc=0.5000  f1m=0.3333  uplink_kB=150.2  t=1.72s
  round   3/50: acc=0.5000  f1m=0.3333  uplink_kB=150.2  t=1.62s
  round   4/50: acc=0.5000  f1m=0.3333  uplink_kB=150.2  t=1.69s
  round   5/50: acc=0.5000  f1m=0.3333  uplink_kB=150.2  t=1.65s
  round   6/50: acc=0.5000  f1m=0.3333  uplink_kB=150.2  t=1.67s
  round   7/50: acc=0.5004  f1m=0.3343  uplink_kB=150.2  t=1.62s
  round   8/50: acc=0.5075  f1m=0.3500  uplink_kB=150.2  t=1.66s
  round   9/50: acc=0.5146  f1m=0.3656  uplink_kB=150.2  t=1.68s
  round  10/50: acc=0.5196  f1m=0.3783  uplink_kB=150.2  t=1.64s
  round  11/50: acc=0.5366  f1m=0.4148  uplink_kB=150.2  t=1.63s
  round  12/50: acc=0.5534  f1m=0.4681  uplink_kB=150.2  t=1.62s
  round  13/50: acc=0.6130  f1m=0.5783  uplink_kB=150.2  t=1.66s
  round  14/50: acc=0.6422  f1m=0.6215  uplink_kB=150.2  t=1.64s
  round  15/50: acc=0.6481  f1m=0.6325  uplink_kB=150.2  t=1.69s
  round  16/50: acc=0.6534  f1m=0.6394  uplink_kB=150.2  t=1.63s
  round  17/50: acc=0.6541  f1m=0.6413  uplink_kB=150.2  t=1.65s
  round  18/50: acc=0.6502  f1m=0.6381  uplink_kB=150.2  t=1.61s
  round  19/50: acc=0.6728  f1m=0.6657  uplink_kB=150.2  t=1.68s
  round  20/50: acc=0.6708  f1m=0.6649  uplink_kB=150.2  t=1.69s
  round  21/50: acc=0.6864  f1m=0.6833  uplink_kB=150.2  t=1.64s
  round  22/50: acc=0.7032  f1m=0.7018  uplink_kB=150.2  t=1.65s
  round  23/50: acc=0.7082  f1m=0.7074  uplink_kB=150.2  t=1.67s
  round  24/50: acc=0.7107  f1m=0.7102  uplink_kB=150.2  t=1.70s
  round  25/50: acc=0.7091  f1m=0.7087  uplink_kB=150.2  t=1.61s
  round  26/50: acc=0.7060  f1m=0.7056  uplink_kB=150.2  t=1.64s
  round  27/50: acc=0.7056  f1m=0.7052  uplink_kB=150.2  t=1.69s
  round  28/50: acc=0.7036  f1m=0.7033  uplink_kB=150.2  t=1.61s
  round  29/50: acc=0.7035  f1m=0.7031  uplink_kB=150.2  t=1.65s
  round  30/50: acc=0.7036  f1m=0.7032  uplink_kB=150.2  t=1.70s
  round  31/50: acc=0.7045  f1m=0.7041  uplink_kB=150.2  t=1.60s
  round  32/50: acc=0.7054  f1m=0.7050  uplink_kB=150.2  t=1.64s
  round  33/50: acc=0.7084  f1m=0.7080  uplink_kB=150.2  t=1.61s
  round  34/50: acc=0.7100  f1m=0.7095  uplink_kB=150.2  t=1.71s
  round  35/50: acc=0.7103  f1m=0.7098  uplink_kB=150.2  t=1.70s
  round  36/50: acc=0.7112  f1m=0.7106  uplink_kB=150.2  t=1.62s
  round  37/50: acc=0.7112  f1m=0.7107  uplink_kB=150.2  t=1.66s
  round  38/50: acc=0.7123  f1m=0.7117  uplink_kB=150.2  t=1.56s
  round  39/50: acc=0.7138  f1m=0.7132  uplink_kB=150.2  t=1.67s
  round  40/50: acc=0.7142  f1m=0.7136  uplink_kB=150.2  t=1.67s
  round  41/50: acc=0.7142  f1m=0.7136  uplink_kB=150.2  t=1.70s
  round  42/50: acc=0.7150  f1m=0.7144  uplink_kB=150.2  t=1.66s
  round  43/50: acc=0.7196  f1m=0.7189  uplink_kB=150.2  t=1.65s
  round  44/50: acc=0.7193  f1m=0.7186  uplink_kB=150.2  t=1.63s
  round  45/50: acc=0.7190  f1m=0.7183  uplink_kB=150.2  t=1.68s
  round  46/50: acc=0.7196  f1m=0.7188  uplink_kB=150.2  t=1.67s
  round  47/50: acc=0.7206  f1m=0.7197  uplink_kB=150.2  t=1.63s
  round  48/50: acc=0.7262  f1m=0.7252  uplink_kB=150.2  t=1.66s
  round  49/50: acc=0.7283  f1m=0.7272  uplink_kB=150.2  t=1.62s
  round  50/50: acc=0.7293  f1m=0.7283  uplink_kB=150.2  t=1.56s
[run] DONE -> /Users/agentra/Documents/hao/working/paper-lab/hao-paper-2026/iotj-fedkan-ids/repo/results/lrsweep_toniot/lrsweep_kan8_lr0p001__dir0.1__seed11/metrics.json  final_acc=0.7293
