[run] device=cpu  seed=11  out=/Users/agentra/Documents/hao/working/paper-lab/hao-paper-2026/iotj-fedkan-ids/repo/results/lrsweep_botiot/lrsweep_mlp80_lr0p0003__dir0.1__seed11
[run] model=mlp  params=3,362
  round   1/50: acc=0.4989  f1m=0.3328  uplink_kB=131.3  t=1.43s
  round   2/50: acc=0.4989  f1m=0.3328  uplink_kB=131.3  t=0.69s
  round   3/50: acc=0.4989  f1m=0.3328  uplink_kB=131.3  t=0.70s
  round   4/50: acc=0.4982  f1m=0.3325  uplink_kB=131.3  t=0.78s
  round   5/50: acc=0.5673  f1m=0.4713  uplink_kB=131.3  t=0.64s
  round   6/50: acc=0.7350  f1m=0.7165  uplink_kB=131.3  t=0.72s
  round   7/50: acc=0.8059  f1m=0.7991  uplink_kB=131.3  t=0.69s
  round   8/50: acc=0.8010  f1m=0.7947  uplink_kB=131.3  t=0.70s
  round   9/50: acc=0.8149  f1m=0.8110  uplink_kB=131.3  t=0.69s
  round  10/50: acc=0.8351  f1m=0.8331  uplink_kB=131.3  t=0.67s
  round  11/50: acc=0.8548  f1m=0.8537  uplink_kB=131.3  t=0.66s
  round  12/50: acc=0.8670  f1m=0.8663  uplink_kB=131.3  t=0.66s
  round  13/50: acc=0.8757  f1m=0.8753  uplink_kB=131.3  t=0.66s
  round  14/50: acc=0.8818  f1m=0.8815  uplink_kB=131.3  t=0.70s
  round  15/50: acc=0.8871  f1m=0.8868  uplink_kB=131.3  t=0.67s
  round  16/50: acc=0.8945  f1m=0.8943  uplink_kB=131.3  t=0.64s
  round  17/50: acc=0.9040  f1m=0.9038  uplink_kB=131.3  t=0.66s
  round  18/50: acc=0.9082  f1m=0.9080  uplink_kB=131.3  t=0.69s
  round  19/50: acc=0.9111  f1m=0.9110  uplink_kB=131.3  t=0.65s
  round  20/50: acc=0.9152  f1m=0.9152  uplink_kB=131.3  t=0.71s
  round  21/50: acc=0.9189  f1m=0.9189  uplink_kB=131.3  t=0.73s
  round  22/50: acc=0.9226  f1m=0.9226  uplink_kB=131.3  t=0.71s
  round  23/50: acc=0.9259  f1m=0.9258  uplink_kB=131.3  t=0.61s
  round  24/50: acc=0.9306  f1m=0.9306  uplink_kB=131.3  t=0.68s
  round  25/50: acc=0.9331  f1m=0.9331  uplink_kB=131.3  t=0.68s
  round  26/50: acc=0.9342  f1m=0.9342  uplink_kB=131.3  t=0.70s
  round  27/50: acc=0.9362  f1m=0.9362  uplink_kB=131.3  t=0.69s
  round  28/50: acc=0.9377  f1m=0.9377  uplink_kB=131.3  t=0.70s
  round  29/50: acc=0.9387  f1m=0.9387  uplink_kB=131.3  t=0.67s
  round  30/50: acc=0.9401  f1m=0.9401  uplink_kB=131.3  t=0.64s
  round  31/50: acc=0.9413  f1m=0.9413  uplink_kB=131.3  t=0.66s
  round  32/50: acc=0.9424  f1m=0.9424  uplink_kB=131.3  t=0.69s
  round  33/50: acc=0.9431  f1m=0.9431  uplink_kB=131.3  t=0.70s
  round  34/50: acc=0.9439  f1m=0.9439  uplink_kB=131.3  t=0.71s
  round  35/50: acc=0.9445  f1m=0.9445  uplink_kB=131.3  t=0.68s
  round  36/50: acc=0.9452  f1m=0.9452  uplink_kB=131.3  t=0.64s
  round  37/50: acc=0.9459  f1m=0.9459  uplink_kB=131.3  t=0.70s
  round  38/50: acc=0.9468  f1m=0.9468  uplink_kB=131.3  t=0.66s
  round  39/50: acc=0.9473  f1m=0.9473  uplink_kB=131.3  t=0.67s
  round  40/50: acc=0.9476  f1m=0.9476  uplink_kB=131.3  t=0.71s
  round  41/50: acc=0.9481  f1m=0.9481  uplink_kB=131.3  t=0.71s
  round  42/50: acc=0.9484  f1m=0.9484  uplink_kB=131.3  t=0.70s
  round  43/50: acc=0.9485  f1m=0.9485  uplink_kB=131.3  t=0.62s
  round  44/50: acc=0.9488  f1m=0.9487  uplink_kB=131.3  t=0.67s
  round  45/50: acc=0.9488  f1m=0.9488  uplink_kB=131.3  t=0.70s
  round  46/50: acc=0.9490  f1m=0.9490  uplink_kB=131.3  t=0.70s
  round  47/50: acc=0.9491  f1m=0.9491  uplink_kB=131.3  t=0.68s
  round  48/50: acc=0.9491  f1m=0.9491  uplink_kB=131.3  t=0.70s
  round  49/50: acc=0.9493  f1m=0.9493  uplink_kB=131.3  t=0.62s
  round  50/50: acc=0.9496  f1m=0.9496  uplink_kB=131.3  t=0.67s
[run] DONE -> /Users/agentra/Documents/hao/working/paper-lab/hao-paper-2026/iotj-fedkan-ids/repo/results/lrsweep_botiot/lrsweep_mlp80_lr0p0003__dir0.1__seed11/metrics.json  final_acc=0.9496
