[run] device=cpu  seed=31  out=/Users/agentra/Documents/hao/working/paper-lab/hao-paper-2026/iotj-fedkan-ids/repo/results/lrsweep_cseciic_mc50k/lrsweep_kan16_lr0p03__dir0.1__seed31
[run] model=kan  params=8,640
  round   1/50: acc=0.3459  f1m=0.1673  uplink_kB=363.3  t=3.68s
  round   2/50: acc=0.5664  f1m=0.2757  uplink_kB=363.3  t=3.05s
  round   3/50: acc=0.7020  f1m=0.4079  uplink_kB=363.3  t=3.07s
  round   4/50: acc=0.7490  f1m=0.4816  uplink_kB=363.3  t=2.99s
  round   5/50: acc=0.8055  f1m=0.5960  uplink_kB=363.3  t=3.11s
  round   6/50: acc=0.7965  f1m=0.5593  uplink_kB=363.3  t=3.02s
  round   7/50: acc=0.7847  f1m=0.4822  uplink_kB=363.3  t=3.06s
  round   8/50: acc=0.8727  f1m=0.6925  uplink_kB=363.3  t=3.05s
  round   9/50: acc=0.8326  f1m=0.5992  uplink_kB=363.3  t=3.15s
  round  10/50: acc=0.8667  f1m=0.6805  uplink_kB=363.3  t=3.02s
  round  11/50: acc=0.8430  f1m=0.6604  uplink_kB=363.3  t=3.08s
  round  12/50: acc=0.8742  f1m=0.7131  uplink_kB=363.3  t=2.96s
  round  13/50: acc=0.7981  f1m=0.5798  uplink_kB=363.3  t=3.11s
  round  14/50: acc=0.8352  f1m=0.6174  uplink_kB=363.3  t=3.04s
  round  15/50: acc=0.8418  f1m=0.6050  uplink_kB=363.3  t=3.13s
  round  16/50: acc=0.8364  f1m=0.6575  uplink_kB=363.3  t=3.03s
  round  17/50: acc=0.8710  f1m=0.7141  uplink_kB=363.3  t=3.07s
  round  18/50: acc=0.8314  f1m=0.6082  uplink_kB=363.3  t=3.07s
  round  19/50: acc=0.7671  f1m=0.5659  uplink_kB=363.3  t=3.10s
  round  20/50: acc=0.8395  f1m=0.6411  uplink_kB=363.3  t=3.01s
  round  21/50: acc=0.8875  f1m=0.7366  uplink_kB=363.3  t=3.06s
  round  22/50: acc=0.8486  f1m=0.6455  uplink_kB=363.3  t=2.99s
  round  23/50: acc=0.8233  f1m=0.6222  uplink_kB=363.3  t=3.12s
  round  24/50: acc=0.8693  f1m=0.7224  uplink_kB=363.3  t=3.05s
  round  25/50: acc=0.8905  f1m=0.7394  uplink_kB=363.3  t=3.08s
  round  26/50: acc=0.8772  f1m=0.7197  uplink_kB=363.3  t=3.00s
  round  27/50: acc=0.8947  f1m=0.7419  uplink_kB=363.3  t=3.10s
  round  28/50: acc=0.8834  f1m=0.7102  uplink_kB=363.3  t=3.02s
  round  29/50: acc=0.8891  f1m=0.7306  uplink_kB=363.3  t=3.05s
  round  30/50: acc=0.8894  f1m=0.7220  uplink_kB=363.3  t=3.00s
  round  31/50: acc=0.8755  f1m=0.7136  uplink_kB=363.3  t=3.17s
  round  32/50: acc=0.8930  f1m=0.7351  uplink_kB=363.3  t=3.00s
  round  33/50: acc=0.8671  f1m=0.7019  uplink_kB=363.3  t=3.04s
  round  34/50: acc=0.8392  f1m=0.6849  uplink_kB=363.3  t=3.03s
  round  35/50: acc=0.8785  f1m=0.7115  uplink_kB=363.3  t=3.04s
  round  36/50: acc=0.8855  f1m=0.7258  uplink_kB=363.3  t=3.03s
  round  37/50: acc=0.8891  f1m=0.7380  uplink_kB=363.3  t=3.12s
  round  38/50: acc=0.8921  f1m=0.7407  uplink_kB=363.3  t=3.03s
  round  39/50: acc=0.8912  f1m=0.7388  uplink_kB=363.3  t=3.15s
  round  40/50: acc=0.8813  f1m=0.7056  uplink_kB=363.3  t=3.02s
  round  41/50: acc=0.8968  f1m=0.7519  uplink_kB=363.3  t=3.10s
  round  42/50: acc=0.8237  f1m=0.6493  uplink_kB=363.3  t=3.08s
  round  43/50: acc=0.8923  f1m=0.7335  uplink_kB=363.3  t=3.05s
  round  44/50: acc=0.8820  f1m=0.7198  uplink_kB=363.3  t=3.08s
  round  45/50: acc=0.8252  f1m=0.6322  uplink_kB=363.3  t=2.99s
  round  46/50: acc=0.8443  f1m=0.6760  uplink_kB=363.3  t=3.13s
  round  47/50: acc=0.8327  f1m=0.6461  uplink_kB=363.3  t=3.08s
  round  48/50: acc=0.8916  f1m=0.7471  uplink_kB=363.3  t=3.09s
  round  49/50: acc=0.9057  f1m=0.7598  uplink_kB=363.3  t=3.08s
  round  50/50: acc=0.8948  f1m=0.7374  uplink_kB=363.3  t=3.10s
[run] DONE -> /Users/agentra/Documents/hao/working/paper-lab/hao-paper-2026/iotj-fedkan-ids/repo/results/lrsweep_cseciic_mc50k/lrsweep_kan16_lr0p03__dir0.1__seed31/metrics.json  final_acc=0.8948
