[run] device=cpu  seed=42  out=/Users/agentra/Documents/hao/working/paper-lab/hao-paper-2026/iotj-fedkan-ids/repo/results/lrsweep_cseciic_mc/lrsweep_kan8_lr0p001__dir0.1__seed42
[run] model=kan  params=4,320
  round   1/50: acc=0.1548  f1m=0.0204  uplink_kB=190.8  t=6.07s
  round   2/50: acc=0.1756  f1m=0.0349  uplink_kB=190.8  t=5.41s
  round   3/50: acc=0.2337  f1m=0.0642  uplink_kB=190.8  t=5.50s
  round   4/50: acc=0.2800  f1m=0.0925  uplink_kB=190.8  t=5.40s
  round   5/50: acc=0.3173  f1m=0.1114  uplink_kB=190.8  t=5.63s
  round   6/50: acc=0.3479  f1m=0.1293  uplink_kB=190.8  t=5.94s
  round   7/50: acc=0.4173  f1m=0.1556  uplink_kB=190.8  t=5.42s
  round   8/50: acc=0.4278  f1m=0.1613  uplink_kB=190.8  t=5.36s
  round   9/50: acc=0.4115  f1m=0.1557  uplink_kB=190.8  t=5.45s
  round  10/50: acc=0.4151  f1m=0.1580  uplink_kB=190.8  t=5.36s
  round  11/50: acc=0.4264  f1m=0.1649  uplink_kB=190.8  t=5.35s
  round  12/50: acc=0.4484  f1m=0.2189  uplink_kB=190.8  t=5.36s
  round  13/50: acc=0.4611  f1m=0.2331  uplink_kB=190.8  t=5.34s
  round  14/50: acc=0.4849  f1m=0.2490  uplink_kB=190.8  t=5.54s
  round  15/50: acc=0.4986  f1m=0.2600  uplink_kB=190.8  t=6.02s
  round  16/50: acc=0.6155  f1m=0.3377  uplink_kB=190.8  t=5.37s
  round  17/50: acc=0.6436  f1m=0.3524  uplink_kB=190.8  t=5.41s
  round  18/50: acc=0.6564  f1m=0.3589  uplink_kB=190.8  t=5.48s
  round  19/50: acc=0.6701  f1m=0.3987  uplink_kB=190.8  t=5.48s
  round  20/50: acc=0.6784  f1m=0.4048  uplink_kB=190.8  t=5.59s
  round  21/50: acc=0.6896  f1m=0.4117  uplink_kB=190.8  t=5.61s
  round  22/50: acc=0.7006  f1m=0.4188  uplink_kB=190.8  t=5.33s
  round  23/50: acc=0.7211  f1m=0.4424  uplink_kB=190.8  t=5.65s
  round  24/50: acc=0.7319  f1m=0.4482  uplink_kB=190.8  t=6.14s
  round  25/50: acc=0.7389  f1m=0.4513  uplink_kB=190.8  t=5.30s
  round  26/50: acc=0.7381  f1m=0.4522  uplink_kB=190.8  t=5.44s
  round  27/50: acc=0.7400  f1m=0.4625  uplink_kB=190.8  t=5.45s
  round  28/50: acc=0.7346  f1m=0.4674  uplink_kB=190.8  t=5.97s
  round  29/50: acc=0.7160  f1m=0.4781  uplink_kB=190.8  t=6.05s
  round  30/50: acc=0.7241  f1m=0.4901  uplink_kB=190.8  t=5.36s
  round  31/50: acc=0.7473  f1m=0.5127  uplink_kB=190.8  t=5.47s
  round  32/50: acc=0.7512  f1m=0.5142  uplink_kB=190.8  t=5.45s
  round  33/50: acc=0.7749  f1m=0.5297  uplink_kB=190.8  t=5.49s
  round  34/50: acc=0.7711  f1m=0.5265  uplink_kB=190.8  t=5.35s
  round  35/50: acc=0.7377  f1m=0.5033  uplink_kB=190.8  t=5.37s
  round  36/50: acc=0.7358  f1m=0.5022  uplink_kB=190.8  t=5.43s
  round  37/50: acc=0.7360  f1m=0.5025  uplink_kB=190.8  t=5.40s
  round  38/50: acc=0.7408  f1m=0.5057  uplink_kB=190.8  t=5.47s
  round  39/50: acc=0.7329  f1m=0.5005  uplink_kB=190.8  t=5.49s
  round  40/50: acc=0.7397  f1m=0.5053  uplink_kB=190.8  t=5.37s
  round  41/50: acc=0.7370  f1m=0.5035  uplink_kB=190.8  t=5.48s
  round  42/50: acc=0.7480  f1m=0.5110  uplink_kB=190.8  t=5.41s
  round  43/50: acc=0.7547  f1m=0.5153  uplink_kB=190.8  t=5.46s
  round  44/50: acc=0.7533  f1m=0.5145  uplink_kB=190.8  t=5.44s
  round  45/50: acc=0.7732  f1m=0.5269  uplink_kB=190.8  t=5.44s
  round  46/50: acc=0.7596  f1m=0.5187  uplink_kB=190.8  t=5.42s
  round  47/50: acc=0.7674  f1m=0.5250  uplink_kB=190.8  t=5.56s
  round  48/50: acc=0.7866  f1m=0.5941  uplink_kB=190.8  t=5.32s
  round  49/50: acc=0.7775  f1m=0.5902  uplink_kB=190.8  t=5.34s
  round  50/50: acc=0.7923  f1m=0.5991  uplink_kB=190.8  t=4.88s
[run] DONE -> /Users/agentra/Documents/hao/working/paper-lab/hao-paper-2026/iotj-fedkan-ids/repo/results/lrsweep_cseciic_mc/lrsweep_kan8_lr0p001__dir0.1__seed42/metrics.json  final_acc=0.7923
