[run] device=cpu  seed=43  out=/Users/agentra/Documents/hao/working/paper-lab/hao-paper-2026/iotj-fedkan-ids/repo/results/scaffold_sgd/scaffold_sgd_mlp80__dir0.1__seed43
[run] model=mlp  params=3,362
  round   1/50: acc=0.7703  f1m=0.7624  uplink_kB=262.7  t=1.86s
  round   2/50: acc=0.4989  f1m=0.3328  uplink_kB=262.7  t=1.06s
  round   3/50: acc=0.4989  f1m=0.3328  uplink_kB=262.7  t=0.89s
  round   4/50: acc=0.4989  f1m=0.3328  uplink_kB=262.7  t=0.90s
  round   5/50: acc=0.4989  f1m=0.3328  uplink_kB=262.7  t=0.94s
  round   6/50: acc=0.4989  f1m=0.3328  uplink_kB=262.7  t=0.82s
  round   7/50: acc=0.5004  f1m=0.3362  uplink_kB=262.7  t=0.76s
  round   8/50: acc=0.4989  f1m=0.3328  uplink_kB=262.7  t=0.69s
  round   9/50: acc=0.5299  f1m=0.3981  uplink_kB=262.7  t=0.69s
  round  10/50: acc=0.5004  f1m=0.3360  uplink_kB=262.7  t=0.70s
  round  11/50: acc=0.7432  f1m=0.7256  uplink_kB=262.7  t=0.67s
  round  12/50: acc=0.4989  f1m=0.3328  uplink_kB=262.7  t=0.64s
  round  13/50: acc=0.7493  f1m=0.7329  uplink_kB=262.7  t=0.69s
  round  14/50: acc=0.7297  f1m=0.7088  uplink_kB=262.7  t=0.77s
  round  15/50: acc=0.9034  f1m=0.9033  uplink_kB=262.7  t=0.78s
  round  16/50: acc=0.8418  f1m=0.8378  uplink_kB=262.7  t=0.74s
  round  17/50: acc=0.6048  f1m=0.5327  uplink_kB=262.7  t=0.74s
  round  18/50: acc=0.8905  f1m=0.8892  uplink_kB=262.7  t=0.67s
  round  19/50: acc=0.5125  f1m=0.3624  uplink_kB=262.7  t=0.71s
  round  20/50: acc=0.9444  f1m=0.9442  uplink_kB=262.7  t=0.71s
  round  21/50: acc=0.9225  f1m=0.9225  uplink_kB=262.7  t=0.75s
  round  22/50: acc=0.6855  f1m=0.6516  uplink_kB=262.7  t=0.74s
  round  23/50: acc=0.4989  f1m=0.3328  uplink_kB=262.7  t=0.76s
  round  24/50: acc=0.4989  f1m=0.3328  uplink_kB=262.7  t=0.74s
  round  25/50: acc=0.4989  f1m=0.3328  uplink_kB=262.7  t=0.68s
  round  26/50: acc=0.4989  f1m=0.3328  uplink_kB=262.7  t=0.73s
  round  27/50: acc=0.4989  f1m=0.3328  uplink_kB=262.7  t=0.73s
  round  28/50: acc=0.4989  f1m=0.3328  uplink_kB=262.7  t=0.85s
  round  29/50: acc=0.4989  f1m=0.3328  uplink_kB=262.7  t=0.84s
  round  30/50: acc=0.4989  f1m=0.3328  uplink_kB=262.7  t=0.76s
  round  31/50: acc=0.4989  f1m=0.3328  uplink_kB=262.7  t=0.76s
  round  32/50: acc=0.4989  f1m=0.3328  uplink_kB=262.7  t=0.77s
  round  33/50: acc=0.4989  f1m=0.3328  uplink_kB=262.7  t=0.76s
  round  34/50: acc=0.4989  f1m=0.3328  uplink_kB=262.7  t=0.74s
  round  35/50: acc=0.4989  f1m=0.3328  uplink_kB=262.7  t=0.74s
  round  36/50: acc=0.4989  f1m=0.3328  uplink_kB=262.7  t=0.75s
  round  37/50: acc=0.4989  f1m=0.3328  uplink_kB=262.7  t=0.86s
  round  38/50: acc=0.4989  f1m=0.3328  uplink_kB=262.7  t=0.88s
  round  39/50: acc=0.4989  f1m=0.3328  uplink_kB=262.7  t=0.76s
  round  40/50: acc=0.4989  f1m=0.3328  uplink_kB=262.7  t=0.82s
  round  41/50: acc=0.4989  f1m=0.3328  uplink_kB=262.7  t=0.97s
  round  42/50: acc=0.4989  f1m=0.3328  uplink_kB=262.7  t=0.85s
  round  43/50: acc=0.4989  f1m=0.3328  uplink_kB=262.7  t=0.72s
  round  44/50: acc=0.4989  f1m=0.3328  uplink_kB=262.7  t=0.79s
  round  45/50: acc=0.4989  f1m=0.3328  uplink_kB=262.7  t=0.71s
  round  46/50: acc=0.4989  f1m=0.3328  uplink_kB=262.7  t=0.75s
  round  47/50: acc=0.4989  f1m=0.3328  uplink_kB=262.7  t=0.82s
  round  48/50: acc=0.4989  f1m=0.3328  uplink_kB=262.7  t=0.85s
  round  49/50: acc=0.4989  f1m=0.3328  uplink_kB=262.7  t=0.80s
  round  50/50: acc=0.4989  f1m=0.3328  uplink_kB=262.7  t=0.76s
[run] DONE -> /Users/agentra/Documents/hao/working/paper-lab/hao-paper-2026/iotj-fedkan-ids/repo/results/scaffold_sgd/scaffold_sgd_mlp80__dir0.1__seed43/metrics.json  final_acc=0.4989
