[run] device=cpu  seed=2026  out=/Users/agentra/Documents/hao/working/paper-lab/hao-paper-2026/iotj-fedkan-ids/repo/results/lrsweep_botiot/lrsweep_kan16_lr0p001__dir0.1__seed2026
[run] model=kan  params=6,560
  round   1/50: acc=0.4989  f1m=0.3328  uplink_kB=282.0  t=7.88s
  round   2/50: acc=0.4989  f1m=0.3328  uplink_kB=282.0  t=2.16s
  round   3/50: acc=0.4989  f1m=0.3328  uplink_kB=282.0  t=1.87s
  round   4/50: acc=0.4989  f1m=0.3328  uplink_kB=282.0  t=3.67s
  round   5/50: acc=0.4989  f1m=0.3328  uplink_kB=282.0  t=4.61s
  round   6/50: acc=0.4989  f1m=0.3328  uplink_kB=282.0  t=6.74s
  round   7/50: acc=0.4989  f1m=0.3328  uplink_kB=282.0  t=7.95s
  round   8/50: acc=0.4989  f1m=0.3328  uplink_kB=282.0  t=6.94s
  round   9/50: acc=0.4989  f1m=0.3328  uplink_kB=282.0  t=2.22s
  round  10/50: acc=0.4989  f1m=0.3328  uplink_kB=282.0  t=1.91s
  round  11/50: acc=0.4989  f1m=0.3328  uplink_kB=282.0  t=1.86s
  round  12/50: acc=0.4989  f1m=0.3328  uplink_kB=282.0  t=1.81s
  round  13/50: acc=0.4989  f1m=0.3328  uplink_kB=282.0  t=1.89s
  round  14/50: acc=0.4989  f1m=0.3328  uplink_kB=282.0  t=1.90s
  round  15/50: acc=0.4989  f1m=0.3328  uplink_kB=282.0  t=1.90s
  round  16/50: acc=0.4989  f1m=0.3328  uplink_kB=282.0  t=1.96s
  round  17/50: acc=0.4989  f1m=0.3328  uplink_kB=282.0  t=1.88s
  round  18/50: acc=0.4989  f1m=0.3328  uplink_kB=282.0  t=2.00s
  round  19/50: acc=0.4989  f1m=0.3328  uplink_kB=282.0  t=1.89s
  round  20/50: acc=0.4989  f1m=0.3328  uplink_kB=282.0  t=1.91s
  round  21/50: acc=0.4989  f1m=0.3328  uplink_kB=282.0  t=1.95s
  round  22/50: acc=0.4989  f1m=0.3328  uplink_kB=282.0  t=2.00s
  round  23/50: acc=0.4989  f1m=0.3328  uplink_kB=282.0  t=2.02s
  round  24/50: acc=0.4989  f1m=0.3328  uplink_kB=282.0  t=1.99s
  round  25/50: acc=0.4984  f1m=0.3326  uplink_kB=282.0  t=1.96s
  round  26/50: acc=0.4976  f1m=0.3323  uplink_kB=282.0  t=2.05s
  round  27/50: acc=0.4974  f1m=0.3322  uplink_kB=282.0  t=2.05s
  round  28/50: acc=0.4972  f1m=0.3321  uplink_kB=282.0  t=2.06s
  round  29/50: acc=0.4970  f1m=0.3320  uplink_kB=282.0  t=2.11s
  round  30/50: acc=0.4969  f1m=0.3321  uplink_kB=282.0  t=2.00s
  round  31/50: acc=0.4981  f1m=0.3348  uplink_kB=282.0  t=2.10s
  round  32/50: acc=0.5011  f1m=0.3415  uplink_kB=282.0  t=2.01s
  round  33/50: acc=0.5058  f1m=0.3519  uplink_kB=282.0  t=1.99s
  round  34/50: acc=0.5173  f1m=0.3763  uplink_kB=282.0  t=2.02s
  round  35/50: acc=0.5211  f1m=0.3841  uplink_kB=282.0  t=2.03s
  round  36/50: acc=0.5280  f1m=0.3979  uplink_kB=282.0  t=1.97s
  round  37/50: acc=0.5324  f1m=0.4066  uplink_kB=282.0  t=2.04s
  round  38/50: acc=0.5432  f1m=0.4279  uplink_kB=282.0  t=2.01s
  round  39/50: acc=0.5434  f1m=0.4282  uplink_kB=282.0  t=1.98s
  round  40/50: acc=0.5484  f1m=0.4380  uplink_kB=282.0  t=2.00s
  round  41/50: acc=0.5476  f1m=0.4367  uplink_kB=282.0  t=1.97s
  round  42/50: acc=0.5511  f1m=0.4434  uplink_kB=282.0  t=2.11s
  round  43/50: acc=0.5523  f1m=0.4456  uplink_kB=282.0  t=1.91s
  round  44/50: acc=0.5559  f1m=0.4523  uplink_kB=282.0  t=1.92s
  round  45/50: acc=0.5559  f1m=0.4523  uplink_kB=282.0  t=1.98s
  round  46/50: acc=0.5510  f1m=0.4430  uplink_kB=282.0  t=1.91s
  round  47/50: acc=0.5540  f1m=0.4489  uplink_kB=282.0  t=1.98s
  round  48/50: acc=0.5583  f1m=0.4569  uplink_kB=282.0  t=2.08s
  round  49/50: acc=0.5559  f1m=0.4522  uplink_kB=282.0  t=2.20s
  round  50/50: acc=0.5616  f1m=0.4631  uplink_kB=282.0  t=2.21s
[run] DONE -> /Users/agentra/Documents/hao/working/paper-lab/hao-paper-2026/iotj-fedkan-ids/repo/results/lrsweep_botiot/lrsweep_kan16_lr0p001__dir0.1__seed2026/metrics.json  final_acc=0.5616
