[run] device=cpu  seed=17  out=/Users/agentra/Documents/hao/working/paper-lab/hao-paper-2026/iotj-fedkan-ids/repo/results/lrsweep_cseciic/lrsweep_kan8_lr0p01__dir0.1__seed17
[run] model=kan  params=3,280
  round   1/50: acc=0.5853  f1m=0.5054  uplink_kB=150.2  t=2.03s
  round   2/50: acc=0.5020  f1m=0.3378  uplink_kB=150.2  t=1.61s
  round   3/50: acc=0.5238  f1m=0.3842  uplink_kB=150.2  t=1.58s
  round   4/50: acc=0.6399  f1m=0.5876  uplink_kB=150.2  t=1.57s
  round   5/50: acc=0.8042  f1m=0.7973  uplink_kB=150.2  t=1.63s
  round   6/50: acc=0.9094  f1m=0.9090  uplink_kB=150.2  t=1.54s
  round   7/50: acc=0.9120  f1m=0.9118  uplink_kB=150.2  t=1.59s
  round   8/50: acc=0.9145  f1m=0.9143  uplink_kB=150.2  t=1.61s
  round   9/50: acc=0.9148  f1m=0.9146  uplink_kB=150.2  t=1.61s
  round  10/50: acc=0.9140  f1m=0.9138  uplink_kB=150.2  t=1.58s
  round  11/50: acc=0.9139  f1m=0.9138  uplink_kB=150.2  t=1.59s
  round  12/50: acc=0.9138  f1m=0.9137  uplink_kB=150.2  t=1.69s
  round  13/50: acc=0.9138  f1m=0.9137  uplink_kB=150.2  t=1.78s
  round  14/50: acc=0.9021  f1m=0.9020  uplink_kB=150.2  t=1.83s
  round  15/50: acc=0.9010  f1m=0.9009  uplink_kB=150.2  t=1.70s
  round  16/50: acc=0.8962  f1m=0.8962  uplink_kB=150.2  t=1.70s
  round  17/50: acc=0.8655  f1m=0.8655  uplink_kB=150.2  t=1.64s
  round  18/50: acc=0.8017  f1m=0.8003  uplink_kB=150.2  t=1.62s
  round  19/50: acc=0.7997  f1m=0.7982  uplink_kB=150.2  t=1.61s
  round  20/50: acc=0.8404  f1m=0.8402  uplink_kB=150.2  t=1.54s
  round  21/50: acc=0.8531  f1m=0.8530  uplink_kB=150.2  t=1.62s
  round  22/50: acc=0.8555  f1m=0.8555  uplink_kB=150.2  t=1.63s
  round  23/50: acc=0.8795  f1m=0.8795  uplink_kB=150.2  t=1.61s
  round  24/50: acc=0.8573  f1m=0.8573  uplink_kB=150.2  t=1.61s
  round  25/50: acc=0.8709  f1m=0.8709  uplink_kB=150.2  t=1.60s
  round  26/50: acc=0.7582  f1m=0.7521  uplink_kB=150.2  t=1.60s
  round  27/50: acc=0.7549  f1m=0.7485  uplink_kB=150.2  t=1.57s
  round  28/50: acc=0.7955  f1m=0.7933  uplink_kB=150.2  t=1.62s
  round  29/50: acc=0.6835  f1m=0.6549  uplink_kB=150.2  t=1.60s
  round  30/50: acc=0.7368  f1m=0.7271  uplink_kB=150.2  t=1.61s
  round  31/50: acc=0.7342  f1m=0.7240  uplink_kB=150.2  t=1.61s
  round  32/50: acc=0.7138  f1m=0.6936  uplink_kB=150.2  t=1.63s
  round  33/50: acc=0.6898  f1m=0.6706  uplink_kB=150.2  t=1.63s
  round  34/50: acc=0.7439  f1m=0.7353  uplink_kB=150.2  t=1.54s
  round  35/50: acc=0.7575  f1m=0.7507  uplink_kB=150.2  t=1.60s
  round  36/50: acc=0.7309  f1m=0.7203  uplink_kB=150.2  t=1.61s
  round  37/50: acc=0.7384  f1m=0.7239  uplink_kB=150.2  t=1.63s
  round  38/50: acc=0.6345  f1m=0.5848  uplink_kB=150.2  t=1.61s
  round  39/50: acc=0.7048  f1m=0.6816  uplink_kB=150.2  t=1.61s
  round  40/50: acc=0.6974  f1m=0.6720  uplink_kB=150.2  t=1.57s
  round  41/50: acc=0.7296  f1m=0.7129  uplink_kB=150.2  t=1.58s
  round  42/50: acc=0.6969  f1m=0.6713  uplink_kB=150.2  t=1.61s
  round  43/50: acc=0.6923  f1m=0.6652  uplink_kB=150.2  t=1.64s
  round  44/50: acc=0.7007  f1m=0.6763  uplink_kB=150.2  t=1.63s
  round  45/50: acc=0.6893  f1m=0.6611  uplink_kB=150.2  t=1.62s
  round  46/50: acc=0.6949  f1m=0.6687  uplink_kB=150.2  t=1.54s
  round  47/50: acc=0.7135  f1m=0.6928  uplink_kB=150.2  t=1.60s
  round  48/50: acc=0.6898  f1m=0.6622  uplink_kB=150.2  t=1.60s
  round  49/50: acc=0.6838  f1m=0.6545  uplink_kB=150.2  t=1.63s
  round  50/50: acc=0.6797  f1m=0.6494  uplink_kB=150.2  t=1.62s
[run] DONE -> /Users/agentra/Documents/hao/working/paper-lab/hao-paper-2026/iotj-fedkan-ids/repo/results/lrsweep_cseciic/lrsweep_kan8_lr0p01__dir0.1__seed17/metrics.json  final_acc=0.6797
