[run] device=cpu  seed=2024  out=/Users/agentra/Documents/hao/working/paper-lab/hao-paper-2026/iotj-fedkan-ids/repo/results/lrsweep_cseciic_mc50k/lrsweep_kan16_lr0p0003__dir0.1__seed2024
[run] model=kan  params=8,640
  round   1/50: acc=0.0836  f1m=0.0344  uplink_kB=363.3  t=3.59s
  round   2/50: acc=0.1613  f1m=0.0521  uplink_kB=363.3  t=3.07s
  round   3/50: acc=0.1600  f1m=0.0591  uplink_kB=363.3  t=3.15s
  round   4/50: acc=0.1377  f1m=0.0551  uplink_kB=363.3  t=2.91s
  round   5/50: acc=0.1321  f1m=0.0396  uplink_kB=363.3  t=3.28s
  round   6/50: acc=0.1326  f1m=0.0397  uplink_kB=363.3  t=2.94s
  round   7/50: acc=0.1373  f1m=0.0410  uplink_kB=363.3  t=2.88s
  round   8/50: acc=0.1421  f1m=0.0420  uplink_kB=363.3  t=2.88s
  round   9/50: acc=0.1444  f1m=0.0421  uplink_kB=363.3  t=2.86s
  round  10/50: acc=0.1594  f1m=0.0457  uplink_kB=363.3  t=6.93s
  round  11/50: acc=0.1729  f1m=0.0383  uplink_kB=363.3  t=2.90s
  round  12/50: acc=0.1747  f1m=0.0387  uplink_kB=363.3  t=2.90s
  round  13/50: acc=0.1748  f1m=0.0389  uplink_kB=363.3  t=2.79s
  round  14/50: acc=0.1759  f1m=0.0405  uplink_kB=363.3  t=2.88s
  round  15/50: acc=0.1767  f1m=0.0426  uplink_kB=363.3  t=2.85s
  round  16/50: acc=0.1797  f1m=0.0454  uplink_kB=363.3  t=6.17s
  round  17/50: acc=0.1811  f1m=0.0464  uplink_kB=363.3  t=2.81s
  round  18/50: acc=0.1818  f1m=0.0470  uplink_kB=363.3  t=2.85s
  round  19/50: acc=0.1817  f1m=0.0471  uplink_kB=363.3  t=2.81s
  round  20/50: acc=0.1817  f1m=0.0471  uplink_kB=363.3  t=2.92s
  round  21/50: acc=0.1818  f1m=0.0471  uplink_kB=363.3  t=3.68s
  round  22/50: acc=0.1822  f1m=0.0473  uplink_kB=363.3  t=6.13s
  round  23/50: acc=0.2293  f1m=0.1038  uplink_kB=363.3  t=2.79s
  round  24/50: acc=0.2455  f1m=0.1016  uplink_kB=363.3  t=2.84s
  round  25/50: acc=0.2455  f1m=0.1015  uplink_kB=363.3  t=2.81s
  round  26/50: acc=0.2456  f1m=0.1013  uplink_kB=363.3  t=2.90s
  round  27/50: acc=0.2455  f1m=0.1012  uplink_kB=363.3  t=2.84s
  round  28/50: acc=0.2455  f1m=0.1010  uplink_kB=363.3  t=6.97s
  round  29/50: acc=0.2454  f1m=0.1008  uplink_kB=363.3  t=2.80s
  round  30/50: acc=0.2450  f1m=0.1006  uplink_kB=363.3  t=2.87s
  round  31/50: acc=0.2646  f1m=0.1202  uplink_kB=363.3  t=3.22s
  round  32/50: acc=0.2679  f1m=0.1275  uplink_kB=363.3  t=3.09s
  round  33/50: acc=0.2704  f1m=0.1298  uplink_kB=363.3  t=2.88s
  round  34/50: acc=0.2714  f1m=0.1310  uplink_kB=363.3  t=3.00s
  round  35/50: acc=0.2721  f1m=0.1301  uplink_kB=363.3  t=2.97s
  round  36/50: acc=0.2730  f1m=0.1284  uplink_kB=363.3  t=2.95s
  round  37/50: acc=0.2748  f1m=0.1290  uplink_kB=363.3  t=2.99s
  round  38/50: acc=0.2757  f1m=0.1291  uplink_kB=363.3  t=2.96s
  round  39/50: acc=0.2761  f1m=0.1291  uplink_kB=363.3  t=3.01s
  round  40/50: acc=0.2766  f1m=0.1290  uplink_kB=363.3  t=2.97s
  round  41/50: acc=0.2767  f1m=0.1290  uplink_kB=363.3  t=3.01s
  round  42/50: acc=0.2771  f1m=0.1291  uplink_kB=363.3  t=2.99s
  round  43/50: acc=0.2773  f1m=0.1291  uplink_kB=363.3  t=3.04s
  round  44/50: acc=0.2781  f1m=0.1292  uplink_kB=363.3  t=2.99s
  round  45/50: acc=0.2791  f1m=0.1309  uplink_kB=363.3  t=3.02s
  round  46/50: acc=0.2828  f1m=0.1375  uplink_kB=363.3  t=2.97s
  round  47/50: acc=0.2831  f1m=0.1404  uplink_kB=363.3  t=3.03s
  round  48/50: acc=0.2832  f1m=0.1405  uplink_kB=363.3  t=2.96s
  round  49/50: acc=0.2797  f1m=0.1341  uplink_kB=363.3  t=3.07s
  round  50/50: acc=0.2855  f1m=0.1390  uplink_kB=363.3  t=2.98s
[run] DONE -> /Users/agentra/Documents/hao/working/paper-lab/hao-paper-2026/iotj-fedkan-ids/repo/results/lrsweep_cseciic_mc50k/lrsweep_kan16_lr0p0003__dir0.1__seed2024/metrics.json  final_acc=0.2855
