[run] device=cpu  seed=115  out=/Users/agentra/Documents/hao/working/paper-lab/hao-paper-2026/iotj-fedkan-ids/repo/results/lrsweep_cseciic/lrsweep_kan8_lr0p003__dir0.1__seed115
[run] model=kan  params=3,280
  round   1/50: acc=0.5000  f1m=0.3333  uplink_kB=150.2  t=2.54s
  round   2/50: acc=0.5000  f1m=0.3333  uplink_kB=150.2  t=2.34s
  round   3/50: acc=0.5000  f1m=0.3333  uplink_kB=150.2  t=1.97s
  round   4/50: acc=0.5000  f1m=0.3333  uplink_kB=150.2  t=1.90s
  round   5/50: acc=0.5000  f1m=0.3333  uplink_kB=150.2  t=1.95s
  round   6/50: acc=0.5000  f1m=0.3333  uplink_kB=150.2  t=1.86s
  round   7/50: acc=0.5000  f1m=0.3333  uplink_kB=150.2  t=1.97s
  round   8/50: acc=0.5000  f1m=0.3333  uplink_kB=150.2  t=1.90s
  round   9/50: acc=0.5001  f1m=0.3336  uplink_kB=150.2  t=1.88s
  round  10/50: acc=0.5026  f1m=0.3391  uplink_kB=150.2  t=1.99s
  round  11/50: acc=0.5122  f1m=0.3602  uplink_kB=150.2  t=1.95s
  round  12/50: acc=0.5128  f1m=0.3615  uplink_kB=150.2  t=1.96s
  round  13/50: acc=0.5128  f1m=0.3618  uplink_kB=150.2  t=1.79s
  round  14/50: acc=0.5140  f1m=0.3647  uplink_kB=150.2  t=1.95s
  round  15/50: acc=0.5244  f1m=0.3867  uplink_kB=150.2  t=1.99s
  round  16/50: acc=0.5503  f1m=0.4379  uplink_kB=150.2  t=1.95s
  round  17/50: acc=0.5525  f1m=0.4420  uplink_kB=150.2  t=1.95s
  round  18/50: acc=0.5589  f1m=0.4539  uplink_kB=150.2  t=1.92s
  round  19/50: acc=0.5797  f1m=0.4920  uplink_kB=150.2  t=1.90s
  round  20/50: acc=0.6164  f1m=0.5520  uplink_kB=150.2  t=1.88s
  round  21/50: acc=0.6247  f1m=0.5647  uplink_kB=150.2  t=1.94s
  round  22/50: acc=0.6050  f1m=0.5330  uplink_kB=150.2  t=1.90s
  round  23/50: acc=0.6390  f1m=0.5858  uplink_kB=150.2  t=1.97s
  round  24/50: acc=0.7661  f1m=0.7536  uplink_kB=150.2  t=1.93s
  round  25/50: acc=0.7310  f1m=0.7109  uplink_kB=150.2  t=1.92s
  round  26/50: acc=0.7495  f1m=0.7336  uplink_kB=150.2  t=1.95s
  round  27/50: acc=0.7483  f1m=0.7321  uplink_kB=150.2  t=1.81s
  round  28/50: acc=0.7521  f1m=0.7365  uplink_kB=150.2  t=1.93s
  round  29/50: acc=0.7753  f1m=0.7641  uplink_kB=150.2  t=1.91s
  round  30/50: acc=0.7931  f1m=0.7846  uplink_kB=150.2  t=1.93s
  round  31/50: acc=0.8065  f1m=0.7997  uplink_kB=150.2  t=1.85s
  round  32/50: acc=0.8112  f1m=0.8049  uplink_kB=150.2  t=2.02s
  round  33/50: acc=0.8658  f1m=0.8637  uplink_kB=150.2  t=2.06s
  round  34/50: acc=0.8319  f1m=0.8276  uplink_kB=150.2  t=1.87s
  round  35/50: acc=0.8681  f1m=0.8661  uplink_kB=150.2  t=1.92s
  round  36/50: acc=0.8897  f1m=0.8886  uplink_kB=150.2  t=1.95s
  round  37/50: acc=0.9203  f1m=0.9200  uplink_kB=150.2  t=1.93s
  round  38/50: acc=0.8978  f1m=0.8970  uplink_kB=150.2  t=1.90s
  round  39/50: acc=0.9115  f1m=0.9110  uplink_kB=150.2  t=1.92s
  round  40/50: acc=0.8974  f1m=0.8965  uplink_kB=150.2  t=1.91s
  round  41/50: acc=0.9129  f1m=0.9125  uplink_kB=150.2  t=1.94s
  round  42/50: acc=0.9029  f1m=0.9022  uplink_kB=150.2  t=1.89s
  round  43/50: acc=0.9211  f1m=0.9208  uplink_kB=150.2  t=1.88s
  round  44/50: acc=0.9218  f1m=0.9215  uplink_kB=150.2  t=1.92s
  round  45/50: acc=0.9217  f1m=0.9214  uplink_kB=150.2  t=1.91s
  round  46/50: acc=0.9220  f1m=0.9217  uplink_kB=150.2  t=1.89s
  round  47/50: acc=0.9225  f1m=0.9222  uplink_kB=150.2  t=1.90s
  round  48/50: acc=0.9223  f1m=0.9220  uplink_kB=150.2  t=1.91s
  round  49/50: acc=0.9222  f1m=0.9219  uplink_kB=150.2  t=1.89s
  round  50/50: acc=0.9219  f1m=0.9216  uplink_kB=150.2  t=1.80s
[run] DONE -> /Users/agentra/Documents/hao/working/paper-lab/hao-paper-2026/iotj-fedkan-ids/repo/results/lrsweep_cseciic/lrsweep_kan8_lr0p003__dir0.1__seed115/metrics.json  final_acc=0.9219
