[run] device=cpu  seed=42  out=/Users/agentra/Documents/hao/working/paper-lab/hao-paper-2026/iotj-fedkan-ids/repo/results/lrsweep_toniot/lrsweep_mlp80_lr0p01__dir0.1__seed42
[run] model=mlp  params=3,362
  round   1/50: acc=0.5000  f1m=0.3333  uplink_kB=131.3  t=1.17s
  round   2/50: acc=0.5000  f1m=0.3333  uplink_kB=131.3  t=0.83s
  round   3/50: acc=0.5000  f1m=0.3333  uplink_kB=131.3  t=0.71s
  round   4/50: acc=0.5000  f1m=0.3333  uplink_kB=131.3  t=0.78s
  round   5/50: acc=0.5000  f1m=0.3333  uplink_kB=131.3  t=0.84s
  round   6/50: acc=0.5002  f1m=0.3338  uplink_kB=131.3  t=0.79s
  round   7/50: acc=0.5615  f1m=0.4583  uplink_kB=131.3  t=0.77s
  round   8/50: acc=0.5766  f1m=0.4859  uplink_kB=131.3  t=0.75s
  round   9/50: acc=0.5796  f1m=0.4917  uplink_kB=131.3  t=0.75s
  round  10/50: acc=0.5858  f1m=0.5029  uplink_kB=131.3  t=0.68s
  round  11/50: acc=0.5968  f1m=0.5262  uplink_kB=131.3  t=0.73s
  round  12/50: acc=0.6021  f1m=0.5411  uplink_kB=131.3  t=0.93s
  round  13/50: acc=0.6087  f1m=0.5502  uplink_kB=131.3  t=0.78s
  round  14/50: acc=0.6332  f1m=0.5921  uplink_kB=131.3  t=0.75s
  round  15/50: acc=0.6576  f1m=0.6269  uplink_kB=131.3  t=0.71s
  round  16/50: acc=0.6673  f1m=0.6398  uplink_kB=131.3  t=0.79s
  round  17/50: acc=0.6524  f1m=0.6142  uplink_kB=131.3  t=0.70s
  round  18/50: acc=0.6819  f1m=0.6571  uplink_kB=131.3  t=0.66s
  round  19/50: acc=0.6943  f1m=0.6770  uplink_kB=131.3  t=0.70s
  round  20/50: acc=0.7020  f1m=0.6869  uplink_kB=131.3  t=0.61s
  round  21/50: acc=0.7093  f1m=0.6991  uplink_kB=131.3  t=0.75s
  round  22/50: acc=0.7175  f1m=0.7097  uplink_kB=131.3  t=0.68s
  round  23/50: acc=0.7231  f1m=0.7168  uplink_kB=131.3  t=0.68s
  round  24/50: acc=0.7238  f1m=0.7178  uplink_kB=131.3  t=0.70s
  round  25/50: acc=0.7321  f1m=0.7273  uplink_kB=131.3  t=0.67s
  round  26/50: acc=0.7342  f1m=0.7298  uplink_kB=131.3  t=0.76s
  round  27/50: acc=0.7332  f1m=0.7287  uplink_kB=131.3  t=0.68s
  round  28/50: acc=0.7360  f1m=0.7322  uplink_kB=131.3  t=0.72s
  round  29/50: acc=0.7343  f1m=0.7302  uplink_kB=131.3  t=0.68s
  round  30/50: acc=0.7343  f1m=0.7307  uplink_kB=131.3  t=0.70s
  round  31/50: acc=0.7336  f1m=0.7293  uplink_kB=131.3  t=0.69s
  round  32/50: acc=0.7343  f1m=0.7306  uplink_kB=131.3  t=0.62s
  round  33/50: acc=0.7336  f1m=0.7298  uplink_kB=131.3  t=0.64s
  round  34/50: acc=0.7342  f1m=0.7299  uplink_kB=131.3  t=0.65s
  round  35/50: acc=0.7346  f1m=0.7309  uplink_kB=131.3  t=0.69s
  round  36/50: acc=0.7328  f1m=0.7279  uplink_kB=131.3  t=0.66s
  round  37/50: acc=0.7367  f1m=0.7331  uplink_kB=131.3  t=0.66s
  round  38/50: acc=0.7326  f1m=0.7277  uplink_kB=131.3  t=0.60s
  round  39/50: acc=0.7371  f1m=0.7336  uplink_kB=131.3  t=0.68s
  round  40/50: acc=0.7307  f1m=0.7257  uplink_kB=131.3  t=0.70s
  round  41/50: acc=0.7365  f1m=0.7328  uplink_kB=131.3  t=0.66s
  round  42/50: acc=0.7369  f1m=0.7308  uplink_kB=131.3  t=0.69s
  round  43/50: acc=0.7356  f1m=0.7316  uplink_kB=131.3  t=0.67s
  round  44/50: acc=0.7355  f1m=0.7314  uplink_kB=131.3  t=0.66s
  round  45/50: acc=0.7365  f1m=0.7328  uplink_kB=131.3  t=0.60s
  round  46/50: acc=0.7324  f1m=0.7278  uplink_kB=131.3  t=0.68s
  round  47/50: acc=0.7365  f1m=0.7326  uplink_kB=131.3  t=0.68s
  round  48/50: acc=0.7345  f1m=0.7298  uplink_kB=131.3  t=0.67s
  round  49/50: acc=0.7351  f1m=0.7315  uplink_kB=131.3  t=0.66s
  round  50/50: acc=0.7377  f1m=0.7317  uplink_kB=131.3  t=0.66s
[run] DONE -> /Users/agentra/Documents/hao/working/paper-lab/hao-paper-2026/iotj-fedkan-ids/repo/results/lrsweep_toniot/lrsweep_mlp80_lr0p01__dir0.1__seed42/metrics.json  final_acc=0.7377
