[run] device=cpu  seed=17  out=/Users/agentra/Documents/hao/working/paper-lab/hao-paper-2026/iotj-fedkan-ids/repo/results/lrsweep_cseciic_mc50k/lrsweep_kan8_lr0p1__dir0.1__seed17
[run] model=kan  params=4,320
  round   1/50: acc=0.1591  f1m=0.0576  uplink_kB=190.8  t=3.22s
  round   2/50: acc=0.3773  f1m=0.1779  uplink_kB=190.8  t=2.67s
  round   3/50: acc=0.4430  f1m=0.2885  uplink_kB=190.8  t=2.59s
  round   4/50: acc=0.6186  f1m=0.3912  uplink_kB=190.8  t=2.64s
  round   5/50: acc=0.5886  f1m=0.3228  uplink_kB=190.8  t=2.60s
  round   6/50: acc=0.6938  f1m=0.4299  uplink_kB=190.8  t=2.62s
  round   7/50: acc=0.5919  f1m=0.3072  uplink_kB=190.8  t=2.61s
  round   8/50: acc=0.5515  f1m=0.3069  uplink_kB=190.8  t=2.63s
  round   9/50: acc=0.5470  f1m=0.3068  uplink_kB=190.8  t=2.56s
  round  10/50: acc=0.5658  f1m=0.3702  uplink_kB=190.8  t=2.73s
  round  11/50: acc=0.5296  f1m=0.4004  uplink_kB=190.8  t=2.58s
  round  12/50: acc=0.4930  f1m=0.2688  uplink_kB=190.8  t=2.64s
  round  13/50: acc=0.4852  f1m=0.2859  uplink_kB=190.8  t=2.59s
  round  14/50: acc=0.4611  f1m=0.2876  uplink_kB=190.8  t=2.65s
  round  15/50: acc=0.5414  f1m=0.3449  uplink_kB=190.8  t=2.54s
  round  16/50: acc=0.6272  f1m=0.3921  uplink_kB=190.8  t=2.69s
  round  17/50: acc=0.4486  f1m=0.2686  uplink_kB=190.8  t=2.64s
  round  18/50: acc=0.4216  f1m=0.2829  uplink_kB=190.8  t=2.65s
  round  19/50: acc=0.4840  f1m=0.2749  uplink_kB=190.8  t=2.59s
  round  20/50: acc=0.5100  f1m=0.3279  uplink_kB=190.8  t=2.66s
  round  21/50: acc=0.3599  f1m=0.2079  uplink_kB=190.8  t=2.65s
  round  22/50: acc=0.3228  f1m=0.1635  uplink_kB=190.8  t=2.57s
  round  23/50: acc=0.3540  f1m=0.1901  uplink_kB=190.8  t=2.66s
  round  24/50: acc=0.3860  f1m=0.2301  uplink_kB=190.8  t=2.58s
  round  25/50: acc=0.3606  f1m=0.1600  uplink_kB=190.8  t=2.71s
  round  26/50: acc=0.4076  f1m=0.1768  uplink_kB=190.8  t=2.56s
  round  27/50: acc=0.2856  f1m=0.1334  uplink_kB=190.8  t=2.70s
  round  28/50: acc=0.3866  f1m=0.2014  uplink_kB=190.8  t=2.55s
  round  29/50: acc=0.0901  f1m=0.0260  uplink_kB=190.8  t=2.67s
  round  30/50: acc=0.4190  f1m=0.2256  uplink_kB=190.8  t=2.60s
  round  31/50: acc=0.2600  f1m=0.0884  uplink_kB=190.8  t=2.59s
  round  32/50: acc=0.2645  f1m=0.1319  uplink_kB=190.8  t=2.61s
  round  33/50: acc=0.3568  f1m=0.1540  uplink_kB=190.8  t=2.64s
  round  34/50: acc=0.2516  f1m=0.1017  uplink_kB=190.8  t=2.58s
  round  35/50: acc=0.3511  f1m=0.1555  uplink_kB=190.8  t=2.64s
  round  36/50: acc=0.3502  f1m=0.1489  uplink_kB=190.8  t=2.63s
  round  37/50: acc=0.1806  f1m=0.0677  uplink_kB=190.8  t=2.59s
  round  38/50: acc=0.1632  f1m=0.0679  uplink_kB=190.8  t=2.64s
  round  39/50: acc=0.2999  f1m=0.1414  uplink_kB=190.8  t=2.60s
  round  40/50: acc=0.3393  f1m=0.1422  uplink_kB=190.8  t=2.64s
  round  41/50: acc=0.2215  f1m=0.0813  uplink_kB=190.8  t=2.61s
  round  42/50: acc=0.2505  f1m=0.0730  uplink_kB=190.8  t=2.65s
  round  43/50: acc=0.1383  f1m=0.0351  uplink_kB=190.8  t=2.56s
  round  44/50: acc=0.3389  f1m=0.1418  uplink_kB=190.8  t=2.65s
  round  45/50: acc=0.1646  f1m=0.0548  uplink_kB=190.8  t=2.50s
  round  46/50: acc=0.3141  f1m=0.1411  uplink_kB=190.8  t=2.82s
  round  47/50: acc=0.3582  f1m=0.1467  uplink_kB=190.8  t=2.59s
  round  48/50: acc=0.3107  f1m=0.1323  uplink_kB=190.8  t=2.61s
  round  49/50: acc=0.3158  f1m=0.1373  uplink_kB=190.8  t=2.58s
  round  50/50: acc=0.3200  f1m=0.1245  uplink_kB=190.8  t=2.59s
[run] DONE -> /Users/agentra/Documents/hao/working/paper-lab/hao-paper-2026/iotj-fedkan-ids/repo/results/lrsweep_cseciic_mc50k/lrsweep_kan8_lr0p1__dir0.1__seed17/metrics.json  final_acc=0.3200
