[run] device=cpu  seed=42  out=/Users/agentra/Documents/hao/working/paper-lab/hao-paper-2026/iotj-fedkan-ids/repo/results/lrsweep_cseciic/lrsweep_mlp32_lr0p003__dir0.1__seed42
[run] model=mlp  params=1,346
  round   1/50: acc=0.5000  f1m=0.3333  uplink_kB=52.6  t=1.31s
  round   2/50: acc=0.5000  f1m=0.3333  uplink_kB=52.6  t=0.68s
  round   3/50: acc=0.5000  f1m=0.3333  uplink_kB=52.6  t=0.73s
  round   4/50: acc=0.5000  f1m=0.3333  uplink_kB=52.6  t=0.66s
  round   5/50: acc=0.5000  f1m=0.3333  uplink_kB=52.6  t=0.67s
  round   6/50: acc=0.5000  f1m=0.3333  uplink_kB=52.6  t=0.62s
  round   7/50: acc=0.5000  f1m=0.3333  uplink_kB=52.6  t=0.67s
  round   8/50: acc=0.5000  f1m=0.3333  uplink_kB=52.6  t=0.67s
  round   9/50: acc=0.5000  f1m=0.3333  uplink_kB=52.6  t=0.72s
  round  10/50: acc=0.5000  f1m=0.3333  uplink_kB=52.6  t=0.68s
  round  11/50: acc=0.5000  f1m=0.3333  uplink_kB=52.6  t=0.68s
  round  12/50: acc=0.5000  f1m=0.3334  uplink_kB=52.6  t=0.68s
  round  13/50: acc=0.5006  f1m=0.3347  uplink_kB=52.6  t=0.62s
  round  14/50: acc=0.5043  f1m=0.3429  uplink_kB=52.6  t=0.70s
  round  15/50: acc=0.5383  f1m=0.4133  uplink_kB=52.6  t=0.68s
  round  16/50: acc=0.5693  f1m=0.4712  uplink_kB=52.6  t=0.71s
  round  17/50: acc=0.5803  f1m=0.4905  uplink_kB=52.6  t=0.69s
  round  18/50: acc=0.6231  f1m=0.5607  uplink_kB=52.6  t=0.68s
  round  19/50: acc=0.6362  f1m=0.5808  uplink_kB=52.6  t=0.68s
  round  20/50: acc=0.6633  f1m=0.6204  uplink_kB=52.6  t=0.60s
  round  21/50: acc=0.7276  f1m=0.7058  uplink_kB=52.6  t=0.68s
  round  22/50: acc=0.7490  f1m=0.7323  uplink_kB=52.6  t=0.69s
  round  23/50: acc=0.7771  f1m=0.7656  uplink_kB=52.6  t=0.69s
  round  24/50: acc=0.8067  f1m=0.7993  uplink_kB=52.6  t=0.67s
  round  25/50: acc=0.8478  f1m=0.8443  uplink_kB=52.6  t=0.72s
  round  26/50: acc=0.8705  f1m=0.8684  uplink_kB=52.6  t=0.61s
  round  27/50: acc=0.9043  f1m=0.9035  uplink_kB=52.6  t=0.67s
  round  28/50: acc=0.9204  f1m=0.9199  uplink_kB=52.6  t=0.69s
  round  29/50: acc=0.9206  f1m=0.9201  uplink_kB=52.6  t=0.67s
  round  30/50: acc=0.9205  f1m=0.9200  uplink_kB=52.6  t=0.70s
  round  31/50: acc=0.9214  f1m=0.9210  uplink_kB=52.6  t=0.70s
  round  32/50: acc=0.9210  f1m=0.9206  uplink_kB=52.6  t=0.60s
  round  33/50: acc=0.9217  f1m=0.9212  uplink_kB=52.6  t=0.68s
  round  34/50: acc=0.9212  f1m=0.9208  uplink_kB=52.6  t=0.69s
  round  35/50: acc=0.9210  f1m=0.9206  uplink_kB=52.6  t=0.68s
  round  36/50: acc=0.9211  f1m=0.9207  uplink_kB=52.6  t=0.71s
  round  37/50: acc=0.9232  f1m=0.9229  uplink_kB=52.6  t=0.65s
  round  38/50: acc=0.9233  f1m=0.9229  uplink_kB=52.6  t=0.75s
  round  39/50: acc=0.9227  f1m=0.9224  uplink_kB=52.6  t=0.66s
  round  40/50: acc=0.9235  f1m=0.9231  uplink_kB=52.6  t=0.66s
  round  41/50: acc=0.9237  f1m=0.9234  uplink_kB=52.6  t=0.67s
  round  42/50: acc=0.9236  f1m=0.9232  uplink_kB=52.6  t=0.65s
  round  43/50: acc=0.9243  f1m=0.9240  uplink_kB=52.6  t=0.65s
  round  44/50: acc=0.9240  f1m=0.9236  uplink_kB=52.6  t=0.66s
  round  45/50: acc=0.9242  f1m=0.9239  uplink_kB=52.6  t=0.61s
  round  46/50: acc=0.9241  f1m=0.9238  uplink_kB=52.6  t=0.66s
  round  47/50: acc=0.9241  f1m=0.9237  uplink_kB=52.6  t=0.65s
  round  48/50: acc=0.9240  f1m=0.9237  uplink_kB=52.6  t=0.67s
  round  49/50: acc=0.9250  f1m=0.9246  uplink_kB=52.6  t=0.66s
  round  50/50: acc=0.9248  f1m=0.9245  uplink_kB=52.6  t=0.67s
[run] DONE -> /Users/agentra/Documents/hao/working/paper-lab/hao-paper-2026/iotj-fedkan-ids/repo/results/lrsweep_cseciic/lrsweep_mlp32_lr0p003__dir0.1__seed42/metrics.json  final_acc=0.9248
