[run] device=cpu  seed=37  out=/Users/agentra/Documents/hao/working/paper-lab/hao-paper-2026/iotj-fedkan-ids/repo/results/lrsweep_cseciic_mc/lrsweep_mlp32_lr0p03__dir0.1__seed37
[run] model=mlp  params=1,775
  round   1/50: acc=0.5133  f1m=0.2043  uplink_kB=69.3  t=2.91s
  round   2/50: acc=0.5983  f1m=0.3362  uplink_kB=69.3  t=2.31s
  round   3/50: acc=0.7334  f1m=0.3396  uplink_kB=69.3  t=2.19s
  round   4/50: acc=0.7697  f1m=0.4538  uplink_kB=69.3  t=2.20s
  round   5/50: acc=0.8178  f1m=0.5743  uplink_kB=69.3  t=2.28s
  round   6/50: acc=0.8217  f1m=0.5691  uplink_kB=69.3  t=2.13s
  round   7/50: acc=0.8151  f1m=0.5233  uplink_kB=69.3  t=2.08s
  round   8/50: acc=0.8216  f1m=0.6421  uplink_kB=69.3  t=2.10s
  round   9/50: acc=0.8405  f1m=0.6834  uplink_kB=69.3  t=2.15s
  round  10/50: acc=0.8430  f1m=0.6707  uplink_kB=69.3  t=2.11s
  round  11/50: acc=0.8508  f1m=0.6774  uplink_kB=69.3  t=2.52s
  round  12/50: acc=0.8457  f1m=0.6904  uplink_kB=69.3  t=2.18s
  round  13/50: acc=0.8380  f1m=0.6070  uplink_kB=69.3  t=2.13s
  round  14/50: acc=0.8473  f1m=0.6879  uplink_kB=69.3  t=2.13s
  round  15/50: acc=0.8087  f1m=0.6086  uplink_kB=69.3  t=2.15s
  round  16/50: acc=0.8486  f1m=0.6849  uplink_kB=69.3  t=2.15s
  round  17/50: acc=0.8279  f1m=0.6628  uplink_kB=69.3  t=2.17s
  round  18/50: acc=0.8102  f1m=0.6745  uplink_kB=69.3  t=2.14s
  round  19/50: acc=0.8001  f1m=0.5893  uplink_kB=69.3  t=2.12s
  round  20/50: acc=0.8540  f1m=0.6889  uplink_kB=69.3  t=2.10s
  round  21/50: acc=0.8525  f1m=0.6830  uplink_kB=69.3  t=2.16s
  round  22/50: acc=0.8376  f1m=0.6026  uplink_kB=69.3  t=2.13s
  round  23/50: acc=0.8445  f1m=0.6757  uplink_kB=69.3  t=2.11s
  round  24/50: acc=0.8500  f1m=0.6685  uplink_kB=69.3  t=2.10s
  round  25/50: acc=0.8605  f1m=0.7119  uplink_kB=69.3  t=2.13s
  round  26/50: acc=0.8539  f1m=0.6812  uplink_kB=69.3  t=2.11s
  round  27/50: acc=0.8634  f1m=0.7147  uplink_kB=69.3  t=2.13s
  round  28/50: acc=0.8498  f1m=0.6667  uplink_kB=69.3  t=2.16s
  round  29/50: acc=0.8300  f1m=0.6077  uplink_kB=69.3  t=2.08s
  round  30/50: acc=0.8449  f1m=0.6521  uplink_kB=69.3  t=2.09s
  round  31/50: acc=0.8575  f1m=0.6936  uplink_kB=69.3  t=2.15s
  round  32/50: acc=0.8600  f1m=0.6941  uplink_kB=69.3  t=2.19s
  round  33/50: acc=0.8537  f1m=0.6836  uplink_kB=69.3  t=2.09s
  round  34/50: acc=0.8657  f1m=0.7078  uplink_kB=69.3  t=2.11s
  round  35/50: acc=0.8608  f1m=0.7024  uplink_kB=69.3  t=2.08s
  round  36/50: acc=0.8468  f1m=0.6260  uplink_kB=69.3  t=2.11s
  round  37/50: acc=0.8613  f1m=0.7000  uplink_kB=69.3  t=2.15s
  round  38/50: acc=0.8570  f1m=0.6884  uplink_kB=69.3  t=2.09s
  round  39/50: acc=0.8589  f1m=0.6930  uplink_kB=69.3  t=2.07s
  round  40/50: acc=0.8238  f1m=0.5880  uplink_kB=69.3  t=2.09s
  round  41/50: acc=0.8352  f1m=0.6115  uplink_kB=69.3  t=2.19s
  round  42/50: acc=0.8313  f1m=0.6036  uplink_kB=69.3  t=2.15s
  round  43/50: acc=0.8651  f1m=0.7085  uplink_kB=69.3  t=2.12s
  round  44/50: acc=0.8569  f1m=0.6953  uplink_kB=69.3  t=2.26s
  round  45/50: acc=0.8640  f1m=0.7049  uplink_kB=69.3  t=2.25s
  round  46/50: acc=0.8600  f1m=0.6965  uplink_kB=69.3  t=2.15s
  round  47/50: acc=0.8597  f1m=0.6980  uplink_kB=69.3  t=2.10s
  round  48/50: acc=0.8342  f1m=0.6102  uplink_kB=69.3  t=2.16s
  round  49/50: acc=0.8279  f1m=0.5938  uplink_kB=69.3  t=2.05s
  round  50/50: acc=0.8325  f1m=0.6042  uplink_kB=69.3  t=2.19s
[run] DONE -> /Users/agentra/Documents/hao/working/paper-lab/hao-paper-2026/iotj-fedkan-ids/repo/results/lrsweep_cseciic_mc/lrsweep_mlp32_lr0p03__dir0.1__seed37/metrics.json  final_acc=0.8325
