[run] device=cpu  seed=23  out=/Users/agentra/Documents/hao/working/paper-lab/hao-paper-2026/iotj-fedkan-ids/repo/results/lrsweep_botiot/lrsweep_kan8_lr0p0003__dir0.1__seed23
[run] model=kan  params=3,280
  round   1/50: acc=0.6599  f1m=0.6148  uplink_kB=150.2  t=2.19s
  round   2/50: acc=0.5058  f1m=0.3443  uplink_kB=150.2  t=1.79s
  round   3/50: acc=0.5011  f1m=0.3338  uplink_kB=150.2  t=1.63s
  round   4/50: acc=0.5011  f1m=0.3338  uplink_kB=150.2  t=1.62s
  round   5/50: acc=0.5011  f1m=0.3338  uplink_kB=150.2  t=1.52s
  round   6/50: acc=0.5011  f1m=0.3338  uplink_kB=150.2  t=1.59s
  round   7/50: acc=0.5011  f1m=0.3338  uplink_kB=150.2  t=1.55s
  round   8/50: acc=0.5011  f1m=0.3338  uplink_kB=150.2  t=1.63s
  round   9/50: acc=0.5011  f1m=0.3338  uplink_kB=150.2  t=1.64s
  round  10/50: acc=0.5011  f1m=0.3338  uplink_kB=150.2  t=1.65s
  round  11/50: acc=0.5011  f1m=0.3338  uplink_kB=150.2  t=1.64s
  round  12/50: acc=0.5011  f1m=0.3339  uplink_kB=150.2  t=1.56s
  round  13/50: acc=0.5014  f1m=0.3344  uplink_kB=150.2  t=1.63s
  round  14/50: acc=0.5015  f1m=0.3347  uplink_kB=150.2  t=1.66s
  round  15/50: acc=0.5015  f1m=0.3348  uplink_kB=150.2  t=1.64s
  round  16/50: acc=0.5016  f1m=0.3348  uplink_kB=150.2  t=1.67s
  round  17/50: acc=0.5043  f1m=0.3410  uplink_kB=150.2  t=1.65s
  round  18/50: acc=0.5683  f1m=0.4682  uplink_kB=150.2  t=1.72s
  round  19/50: acc=0.6380  f1m=0.5827  uplink_kB=150.2  t=1.61s
  round  20/50: acc=0.6611  f1m=0.6166  uplink_kB=150.2  t=1.69s
  round  21/50: acc=0.6771  f1m=0.6393  uplink_kB=150.2  t=1.73s
  round  22/50: acc=0.7019  f1m=0.6730  uplink_kB=150.2  t=1.64s
  round  23/50: acc=0.7883  f1m=0.7822  uplink_kB=150.2  t=1.71s
  round  24/50: acc=0.8784  f1m=0.8778  uplink_kB=150.2  t=1.67s
  round  25/50: acc=0.8817  f1m=0.8811  uplink_kB=150.2  t=1.54s
  round  26/50: acc=0.8930  f1m=0.8926  uplink_kB=150.2  t=1.69s
  round  27/50: acc=0.8952  f1m=0.8948  uplink_kB=150.2  t=1.71s
  round  28/50: acc=0.8980  f1m=0.8977  uplink_kB=150.2  t=1.67s
  round  29/50: acc=0.9005  f1m=0.9002  uplink_kB=150.2  t=1.71s
  round  30/50: acc=0.9017  f1m=0.9015  uplink_kB=150.2  t=1.72s
  round  31/50: acc=0.9108  f1m=0.9107  uplink_kB=150.2  t=1.71s
  round  32/50: acc=0.9131  f1m=0.9130  uplink_kB=150.2  t=1.63s
  round  33/50: acc=0.9135  f1m=0.9134  uplink_kB=150.2  t=1.71s
  round  34/50: acc=0.9367  f1m=0.9367  uplink_kB=150.2  t=1.72s
  round  35/50: acc=0.9315  f1m=0.9314  uplink_kB=150.2  t=1.62s
  round  36/50: acc=0.9318  f1m=0.9318  uplink_kB=150.2  t=1.69s
  round  37/50: acc=0.9298  f1m=0.9298  uplink_kB=150.2  t=1.70s
  round  38/50: acc=0.9302  f1m=0.9302  uplink_kB=150.2  t=1.59s
  round  39/50: acc=0.9278  f1m=0.9278  uplink_kB=150.2  t=1.68s
  round  40/50: acc=0.9282  f1m=0.9282  uplink_kB=150.2  t=1.70s
  round  41/50: acc=0.9283  f1m=0.9283  uplink_kB=150.2  t=1.70s
  round  42/50: acc=0.9284  f1m=0.9284  uplink_kB=150.2  t=1.62s
  round  43/50: acc=0.9285  f1m=0.9285  uplink_kB=150.2  t=1.63s
  round  44/50: acc=0.9287  f1m=0.9287  uplink_kB=150.2  t=1.64s
  round  45/50: acc=0.9288  f1m=0.9288  uplink_kB=150.2  t=1.67s
  round  46/50: acc=0.9291  f1m=0.9291  uplink_kB=150.2  t=1.64s
  round  47/50: acc=0.9292  f1m=0.9291  uplink_kB=150.2  t=1.57s
  round  48/50: acc=0.9294  f1m=0.9294  uplink_kB=150.2  t=1.64s
  round  49/50: acc=0.9296  f1m=0.9296  uplink_kB=150.2  t=1.68s
  round  50/50: acc=0.9297  f1m=0.9296  uplink_kB=150.2  t=1.68s
[run] DONE -> /Users/agentra/Documents/hao/working/paper-lab/hao-paper-2026/iotj-fedkan-ids/repo/results/lrsweep_botiot/lrsweep_kan8_lr0p0003__dir0.1__seed23/metrics.json  final_acc=0.9297
