[run] device=cpu  seed=42  out=/Users/agentra/Documents/hao/working/paper-lab/hao-paper-2026/iotj-fedkan-ids/repo/results/lrsweep_cseciic_mc/lrsweep_mlp32_lr0p1__dir0.1__seed42
[run] model=mlp  params=1,775
  round   1/50: acc=0.2479  f1m=0.0723  uplink_kB=69.3  t=2.86s
  round   2/50: acc=0.2413  f1m=0.1101  uplink_kB=69.3  t=2.21s
  round   3/50: acc=0.4729  f1m=0.2570  uplink_kB=69.3  t=2.31s
  round   4/50: acc=0.6354  f1m=0.2900  uplink_kB=69.3  t=2.09s
  round   5/50: acc=0.7646  f1m=0.4218  uplink_kB=69.3  t=2.13s
  round   6/50: acc=0.6603  f1m=0.4017  uplink_kB=69.3  t=2.18s
  round   7/50: acc=0.7646  f1m=0.4886  uplink_kB=69.3  t=2.12s
  round   8/50: acc=0.7666  f1m=0.5153  uplink_kB=69.3  t=2.08s
  round   9/50: acc=0.7651  f1m=0.4321  uplink_kB=69.3  t=2.07s
  round  10/50: acc=0.8067  f1m=0.5001  uplink_kB=69.3  t=2.09s
  round  11/50: acc=0.8079  f1m=0.5271  uplink_kB=69.3  t=2.14s
  round  12/50: acc=0.7626  f1m=0.5149  uplink_kB=69.3  t=2.11s
  round  13/50: acc=0.7828  f1m=0.4670  uplink_kB=69.3  t=2.15s
  round  14/50: acc=0.6672  f1m=0.4127  uplink_kB=69.3  t=2.14s
  round  15/50: acc=0.6798  f1m=0.4254  uplink_kB=69.3  t=2.21s
  round  16/50: acc=0.6733  f1m=0.4136  uplink_kB=69.3  t=2.13s
  round  17/50: acc=0.7863  f1m=0.5099  uplink_kB=69.3  t=2.11s
  round  18/50: acc=0.7561  f1m=0.5139  uplink_kB=69.3  t=2.21s
  round  19/50: acc=0.6193  f1m=0.3939  uplink_kB=69.3  t=2.14s
  round  20/50: acc=0.8120  f1m=0.5450  uplink_kB=69.3  t=2.14s
  round  21/50: acc=0.6695  f1m=0.4110  uplink_kB=69.3  t=2.08s
  round  22/50: acc=0.8034  f1m=0.4856  uplink_kB=69.3  t=2.12s
  round  23/50: acc=0.6740  f1m=0.4147  uplink_kB=69.3  t=2.10s
  round  24/50: acc=0.7046  f1m=0.4694  uplink_kB=69.3  t=2.11s
  round  25/50: acc=0.6727  f1m=0.4134  uplink_kB=69.3  t=2.11s
  round  26/50: acc=0.7115  f1m=0.4753  uplink_kB=69.3  t=2.12s
  round  27/50: acc=0.6580  f1m=0.4092  uplink_kB=69.3  t=2.14s
  round  28/50: acc=0.6864  f1m=0.4696  uplink_kB=69.3  t=2.23s
  round  29/50: acc=0.6787  f1m=0.4241  uplink_kB=69.3  t=2.18s
  round  30/50: acc=0.5666  f1m=0.3734  uplink_kB=69.3  t=2.14s
  round  31/50: acc=0.6862  f1m=0.4701  uplink_kB=69.3  t=2.14s
  round  32/50: acc=0.6877  f1m=0.4646  uplink_kB=69.3  t=2.15s
  round  33/50: acc=0.7077  f1m=0.4776  uplink_kB=69.3  t=2.16s
  round  34/50: acc=0.7005  f1m=0.4755  uplink_kB=69.3  t=2.16s
  round  35/50: acc=0.6992  f1m=0.4724  uplink_kB=69.3  t=2.12s
  round  36/50: acc=0.6878  f1m=0.4743  uplink_kB=69.3  t=2.15s
  round  37/50: acc=0.6895  f1m=0.4722  uplink_kB=69.3  t=2.13s
  round  38/50: acc=0.7107  f1m=0.4849  uplink_kB=69.3  t=2.12s
  round  39/50: acc=0.6843  f1m=0.4672  uplink_kB=69.3  t=2.09s
  round  40/50: acc=0.7112  f1m=0.4857  uplink_kB=69.3  t=2.18s
  round  41/50: acc=0.7025  f1m=0.4733  uplink_kB=69.3  t=2.13s
  round  42/50: acc=0.7004  f1m=0.4738  uplink_kB=69.3  t=2.14s
  round  43/50: acc=0.7044  f1m=0.4743  uplink_kB=69.3  t=2.14s
  round  44/50: acc=0.6937  f1m=0.4714  uplink_kB=69.3  t=2.13s
  round  45/50: acc=0.7110  f1m=0.4745  uplink_kB=69.3  t=2.22s
  round  46/50: acc=0.6919  f1m=0.4754  uplink_kB=69.3  t=2.14s
  round  47/50: acc=0.7054  f1m=0.4720  uplink_kB=69.3  t=2.15s
  round  48/50: acc=0.6909  f1m=0.4722  uplink_kB=69.3  t=2.12s
  round  49/50: acc=0.7094  f1m=0.4770  uplink_kB=69.3  t=2.18s
  round  50/50: acc=0.7084  f1m=0.4755  uplink_kB=69.3  t=2.20s
[run] DONE -> /Users/agentra/Documents/hao/working/paper-lab/hao-paper-2026/iotj-fedkan-ids/repo/results/lrsweep_cseciic_mc/lrsweep_mlp32_lr0p1__dir0.1__seed42/metrics.json  final_acc=0.7084
