[run] device=cpu  seed=43  out=/Users/agentra/Documents/hao/working/paper-lab/hao-paper-2026/iotj-fedkan-ids/repo/results/lrsweep_botiot/lrsweep_kan8_lr0p1__dir0.1__seed43
[run] model=kan  params=3,280
  round   1/50: acc=0.9266  f1m=0.9265  uplink_kB=150.2  t=2.34s
  round   2/50: acc=0.5805  f1m=0.4910  uplink_kB=150.2  t=1.61s
  round   3/50: acc=0.7568  f1m=0.7417  uplink_kB=150.2  t=1.65s
  round   4/50: acc=0.7678  f1m=0.7548  uplink_kB=150.2  t=1.56s
  round   5/50: acc=0.9306  f1m=0.9306  uplink_kB=150.2  t=1.65s
  round   6/50: acc=0.9695  f1m=0.9695  uplink_kB=150.2  t=1.67s
  round   7/50: acc=0.8202  f1m=0.8173  uplink_kB=150.2  t=1.68s
  round   8/50: acc=0.8928  f1m=0.8916  uplink_kB=150.2  t=1.63s
  round   9/50: acc=0.8594  f1m=0.8582  uplink_kB=150.2  t=1.74s
  round  10/50: acc=0.8292  f1m=0.8266  uplink_kB=150.2  t=1.61s
  round  11/50: acc=0.9315  f1m=0.9315  uplink_kB=150.2  t=1.59s
  round  12/50: acc=0.9162  f1m=0.9161  uplink_kB=150.2  t=1.66s
  round  13/50: acc=0.7766  f1m=0.7650  uplink_kB=150.2  t=1.61s
  round  14/50: acc=0.7105  f1m=0.6836  uplink_kB=150.2  t=1.62s
  round  15/50: acc=0.8536  f1m=0.8504  uplink_kB=150.2  t=1.65s
  round  16/50: acc=0.7917  f1m=0.7862  uplink_kB=150.2  t=1.61s
  round  17/50: acc=0.7325  f1m=0.7119  uplink_kB=150.2  t=1.64s
  round  18/50: acc=0.8407  f1m=0.8364  uplink_kB=150.2  t=1.66s
  round  19/50: acc=0.8732  f1m=0.8725  uplink_kB=150.2  t=1.65s
  round  20/50: acc=0.9123  f1m=0.9117  uplink_kB=150.2  t=1.61s
  round  21/50: acc=0.8867  f1m=0.8853  uplink_kB=150.2  t=1.69s
  round  22/50: acc=0.9623  f1m=0.9623  uplink_kB=150.2  t=1.65s
  round  23/50: acc=0.9608  f1m=0.9608  uplink_kB=150.2  t=1.62s
  round  24/50: acc=0.5011  f1m=0.3343  uplink_kB=150.2  t=1.68s
  round  25/50: acc=0.9607  f1m=0.9607  uplink_kB=150.2  t=1.55s
  round  26/50: acc=0.8953  f1m=0.8950  uplink_kB=150.2  t=1.62s
  round  27/50: acc=0.9192  f1m=0.9188  uplink_kB=150.2  t=1.63s
  round  28/50: acc=0.9684  f1m=0.9683  uplink_kB=150.2  t=1.64s
  round  29/50: acc=0.9222  f1m=0.9218  uplink_kB=150.2  t=1.63s
  round  30/50: acc=0.9225  f1m=0.9221  uplink_kB=150.2  t=1.71s
  round  31/50: acc=0.9450  f1m=0.9450  uplink_kB=150.2  t=1.64s
  round  32/50: acc=0.9697  f1m=0.9697  uplink_kB=150.2  t=1.60s
  round  33/50: acc=0.9037  f1m=0.9028  uplink_kB=150.2  t=1.59s
  round  34/50: acc=0.9701  f1m=0.9700  uplink_kB=150.2  t=1.62s
  round  35/50: acc=0.9026  f1m=0.9017  uplink_kB=150.2  t=1.65s
  round  36/50: acc=0.9696  f1m=0.9696  uplink_kB=150.2  t=1.64s
  round  37/50: acc=0.5013  f1m=0.3345  uplink_kB=150.2  t=1.56s
  round  38/50: acc=0.9660  f1m=0.9660  uplink_kB=150.2  t=1.62s
  round  39/50: acc=0.9219  f1m=0.9218  uplink_kB=150.2  t=1.72s
  round  40/50: acc=0.9502  f1m=0.9502  uplink_kB=150.2  t=1.62s
  round  41/50: acc=0.9565  f1m=0.9565  uplink_kB=150.2  t=1.66s
  round  42/50: acc=0.9436  f1m=0.9436  uplink_kB=150.2  t=1.65s
  round  43/50: acc=0.9658  f1m=0.9658  uplink_kB=150.2  t=1.65s
  round  44/50: acc=0.9693  f1m=0.9693  uplink_kB=150.2  t=1.59s
  round  45/50: acc=0.5003  f1m=0.3343  uplink_kB=150.2  t=1.65s
  round  46/50: acc=0.9710  f1m=0.9710  uplink_kB=150.2  t=1.82s
  round  47/50: acc=0.5002  f1m=0.3341  uplink_kB=150.2  t=1.61s
  round  48/50: acc=0.9662  f1m=0.9661  uplink_kB=150.2  t=1.66s
  round  49/50: acc=0.5003  f1m=0.3348  uplink_kB=150.2  t=1.66s
  round  50/50: acc=0.9677  f1m=0.9677  uplink_kB=150.2  t=1.58s
[run] DONE -> /Users/agentra/Documents/hao/working/paper-lab/hao-paper-2026/iotj-fedkan-ids/repo/results/lrsweep_botiot/lrsweep_kan8_lr0p1__dir0.1__seed43/metrics.json  final_acc=0.9677
