[run] device=cpu  seed=23  out=/Users/agentra/Documents/hao/working/paper-lab/hao-paper-2026/iotj-fedkan-ids/repo/results/lrsweep_cseciic/lrsweep_kan8_lr0p03__dir0.1__seed23
[run] model=kan  params=3,280
  round   1/50: acc=0.7881  f1m=0.7782  uplink_kB=150.2  t=2.47s
  round   2/50: acc=0.9348  f1m=0.9345  uplink_kB=150.2  t=1.61s
  round   3/50: acc=0.9360  f1m=0.9357  uplink_kB=150.2  t=1.62s
  round   4/50: acc=0.9565  f1m=0.9564  uplink_kB=150.2  t=1.69s
  round   5/50: acc=0.9649  f1m=0.9648  uplink_kB=150.2  t=1.68s
  round   6/50: acc=0.9384  f1m=0.9384  uplink_kB=150.2  t=1.65s
  round   7/50: acc=0.9347  f1m=0.9346  uplink_kB=150.2  t=1.70s
  round   8/50: acc=0.9681  f1m=0.9681  uplink_kB=150.2  t=1.91s
  round   9/50: acc=0.9679  f1m=0.9679  uplink_kB=150.2  t=1.73s
  round  10/50: acc=0.9708  f1m=0.9708  uplink_kB=150.2  t=1.88s
  round  11/50: acc=0.9677  f1m=0.9677  uplink_kB=150.2  t=1.64s
  round  12/50: acc=0.9730  f1m=0.9730  uplink_kB=150.2  t=1.64s
  round  13/50: acc=0.9707  f1m=0.9706  uplink_kB=150.2  t=1.64s
  round  14/50: acc=0.9350  f1m=0.9350  uplink_kB=150.2  t=1.68s
  round  15/50: acc=0.9688  f1m=0.9688  uplink_kB=150.2  t=1.67s
  round  16/50: acc=0.9659  f1m=0.9659  uplink_kB=150.2  t=1.74s
  round  17/50: acc=0.9411  f1m=0.9411  uplink_kB=150.2  t=1.81s
  round  18/50: acc=0.9683  f1m=0.9682  uplink_kB=150.2  t=1.79s
  round  19/50: acc=0.9680  f1m=0.9680  uplink_kB=150.2  t=1.70s
  round  20/50: acc=0.9734  f1m=0.9734  uplink_kB=150.2  t=1.85s
  round  21/50: acc=0.9457  f1m=0.9457  uplink_kB=150.2  t=2.50s
  round  22/50: acc=0.9724  f1m=0.9724  uplink_kB=150.2  t=2.29s
  round  23/50: acc=0.9452  f1m=0.9452  uplink_kB=150.2  t=1.63s
  round  24/50: acc=0.9724  f1m=0.9724  uplink_kB=150.2  t=1.65s
  round  25/50: acc=0.9742  f1m=0.9742  uplink_kB=150.2  t=1.67s
  round  26/50: acc=0.9491  f1m=0.9491  uplink_kB=150.2  t=1.64s
  round  27/50: acc=0.9544  f1m=0.9544  uplink_kB=150.2  t=1.68s
  round  28/50: acc=0.9387  f1m=0.9387  uplink_kB=150.2  t=1.63s
  round  29/50: acc=0.9584  f1m=0.9584  uplink_kB=150.2  t=1.62s
  round  30/50: acc=0.9745  f1m=0.9745  uplink_kB=150.2  t=1.59s
  round  31/50: acc=0.9727  f1m=0.9727  uplink_kB=150.2  t=1.67s
  round  32/50: acc=0.9601  f1m=0.9601  uplink_kB=150.2  t=1.65s
  round  33/50: acc=0.9722  f1m=0.9722  uplink_kB=150.2  t=1.69s
  round  34/50: acc=0.9675  f1m=0.9675  uplink_kB=150.2  t=1.70s
  round  35/50: acc=0.9760  f1m=0.9760  uplink_kB=150.2  t=1.66s
  round  36/50: acc=0.9632  f1m=0.9632  uplink_kB=150.2  t=1.66s
  round  37/50: acc=0.9712  f1m=0.9712  uplink_kB=150.2  t=1.61s
  round  38/50: acc=0.9447  f1m=0.9445  uplink_kB=150.2  t=1.68s
  round  39/50: acc=0.9688  f1m=0.9688  uplink_kB=150.2  t=1.58s
  round  40/50: acc=0.9755  f1m=0.9755  uplink_kB=150.2  t=1.69s
  round  41/50: acc=0.9770  f1m=0.9770  uplink_kB=150.2  t=1.63s
  round  42/50: acc=0.9715  f1m=0.9715  uplink_kB=150.2  t=1.65s
  round  43/50: acc=0.9739  f1m=0.9739  uplink_kB=150.2  t=1.63s
  round  44/50: acc=0.9670  f1m=0.9670  uplink_kB=150.2  t=1.66s
  round  45/50: acc=0.9715  f1m=0.9715  uplink_kB=150.2  t=1.61s
  round  46/50: acc=0.9766  f1m=0.9765  uplink_kB=150.2  t=1.67s
  round  47/50: acc=0.9768  f1m=0.9768  uplink_kB=150.2  t=1.62s
  round  48/50: acc=0.9526  f1m=0.9525  uplink_kB=150.2  t=1.65s
  round  49/50: acc=0.9746  f1m=0.9745  uplink_kB=150.2  t=1.67s
  round  50/50: acc=0.9767  f1m=0.9767  uplink_kB=150.2  t=1.65s
[run] DONE -> /Users/agentra/Documents/hao/working/paper-lab/hao-paper-2026/iotj-fedkan-ids/repo/results/lrsweep_cseciic/lrsweep_kan8_lr0p03__dir0.1__seed23/metrics.json  final_acc=0.9767
