[run] device=cpu  seed=2026  out=/Users/agentra/Documents/hao/working/paper-lab/hao-paper-2026/iotj-fedkan-ids/repo/results/lrsweep_cseciic/lrsweep_mlp32_lr0p1__dir0.1__seed2026
[run] model=mlp  params=1,346
  round   1/50: acc=0.8782  f1m=0.8764  uplink_kB=52.6  t=1.30s
  round   2/50: acc=0.9293  f1m=0.9290  uplink_kB=52.6  t=0.72s
  round   3/50: acc=0.9243  f1m=0.9241  uplink_kB=52.6  t=0.69s
  round   4/50: acc=0.9264  f1m=0.9262  uplink_kB=52.6  t=0.66s
  round   5/50: acc=0.9316  f1m=0.9313  uplink_kB=52.6  t=0.68s
  round   6/50: acc=0.9323  f1m=0.9320  uplink_kB=52.6  t=0.63s
  round   7/50: acc=0.9565  f1m=0.9564  uplink_kB=52.6  t=0.65s
  round   8/50: acc=0.9483  f1m=0.9482  uplink_kB=52.6  t=0.79s
  round   9/50: acc=0.9497  f1m=0.9496  uplink_kB=52.6  t=0.70s
  round  10/50: acc=0.9515  f1m=0.9514  uplink_kB=52.6  t=0.67s
  round  11/50: acc=0.9485  f1m=0.9484  uplink_kB=52.6  t=0.71s
  round  12/50: acc=0.9477  f1m=0.9477  uplink_kB=52.6  t=0.64s
  round  13/50: acc=0.9487  f1m=0.9486  uplink_kB=52.6  t=0.71s
  round  14/50: acc=0.9487  f1m=0.9486  uplink_kB=52.6  t=0.71s
  round  15/50: acc=0.9537  f1m=0.9537  uplink_kB=52.6  t=0.68s
  round  16/50: acc=0.9493  f1m=0.9493  uplink_kB=52.6  t=0.67s
  round  17/50: acc=0.9477  f1m=0.9476  uplink_kB=52.6  t=0.68s
  round  18/50: acc=0.9496  f1m=0.9495  uplink_kB=52.6  t=0.60s
  round  19/50: acc=0.9476  f1m=0.9475  uplink_kB=52.6  t=0.65s
  round  20/50: acc=0.9609  f1m=0.9609  uplink_kB=52.6  t=0.67s
  round  21/50: acc=0.9538  f1m=0.9537  uplink_kB=52.6  t=0.64s
  round  22/50: acc=0.9552  f1m=0.9551  uplink_kB=52.6  t=0.69s
  round  23/50: acc=0.9448  f1m=0.9447  uplink_kB=52.6  t=0.67s
  round  24/50: acc=0.9583  f1m=0.9582  uplink_kB=52.6  t=0.60s
  round  25/50: acc=0.9539  f1m=0.9539  uplink_kB=52.6  t=0.66s
  round  26/50: acc=0.9572  f1m=0.9571  uplink_kB=52.6  t=0.67s
  round  27/50: acc=0.9231  f1m=0.9226  uplink_kB=52.6  t=0.66s
  round  28/50: acc=0.9301  f1m=0.9298  uplink_kB=52.6  t=0.66s
  round  29/50: acc=0.9567  f1m=0.9567  uplink_kB=52.6  t=0.66s
  round  30/50: acc=0.9230  f1m=0.9225  uplink_kB=52.6  t=0.65s
  round  31/50: acc=0.9588  f1m=0.9587  uplink_kB=52.6  t=0.69s
  round  32/50: acc=0.9609  f1m=0.9608  uplink_kB=52.6  t=0.68s
  round  33/50: acc=0.9517  f1m=0.9515  uplink_kB=52.6  t=0.67s
  round  34/50: acc=0.9505  f1m=0.9504  uplink_kB=52.6  t=0.67s
  round  35/50: acc=0.9542  f1m=0.9541  uplink_kB=52.6  t=0.67s
  round  36/50: acc=0.9525  f1m=0.9524  uplink_kB=52.6  t=0.65s
  round  37/50: acc=0.9412  f1m=0.9410  uplink_kB=52.6  t=0.74s
  round  38/50: acc=0.9343  f1m=0.9340  uplink_kB=52.6  t=0.71s
  round  39/50: acc=0.9433  f1m=0.9431  uplink_kB=52.6  t=0.68s
  round  40/50: acc=0.9400  f1m=0.9398  uplink_kB=52.6  t=0.74s
  round  41/50: acc=0.9497  f1m=0.9496  uplink_kB=52.6  t=0.65s
  round  42/50: acc=0.9423  f1m=0.9421  uplink_kB=52.6  t=0.65s
  round  43/50: acc=0.9535  f1m=0.9534  uplink_kB=52.6  t=0.71s
  round  44/50: acc=0.9372  f1m=0.9369  uplink_kB=52.6  t=0.71s
  round  45/50: acc=0.9626  f1m=0.9625  uplink_kB=52.6  t=0.71s
  round  46/50: acc=0.9610  f1m=0.9609  uplink_kB=52.6  t=0.68s
  round  47/50: acc=0.9614  f1m=0.9614  uplink_kB=52.6  t=0.74s
  round  48/50: acc=0.9633  f1m=0.9633  uplink_kB=52.6  t=0.70s
  round  49/50: acc=0.9703  f1m=0.9703  uplink_kB=52.6  t=0.62s
  round  50/50: acc=0.9629  f1m=0.9629  uplink_kB=52.6  t=0.68s
[run] DONE -> /Users/agentra/Documents/hao/working/paper-lab/hao-paper-2026/iotj-fedkan-ids/repo/results/lrsweep_cseciic/lrsweep_mlp32_lr0p1__dir0.1__seed2026/metrics.json  final_acc=0.9629
