[run] device=cpu  seed=37  out=/Users/agentra/Documents/hao/working/paper-lab/hao-paper-2026/iotj-fedkan-ids/repo/results/lrsweep_cseciic_mc/lrsweep_mlp32_lr0p001__dir0.1__seed37
[run] model=mlp  params=1,775
  round   1/50: acc=0.4637  f1m=0.1605  uplink_kB=69.3  t=2.63s
  round   2/50: acc=0.4573  f1m=0.1568  uplink_kB=69.3  t=2.15s
  round   3/50: acc=0.4939  f1m=0.1732  uplink_kB=69.3  t=2.11s
  round   4/50: acc=0.5394  f1m=0.1892  uplink_kB=69.3  t=2.16s
  round   5/50: acc=0.5445  f1m=0.1908  uplink_kB=69.3  t=2.20s
  round   6/50: acc=0.5678  f1m=0.2362  uplink_kB=69.3  t=2.07s
  round   7/50: acc=0.5679  f1m=0.2367  uplink_kB=69.3  t=2.06s
  round   8/50: acc=0.5687  f1m=0.2371  uplink_kB=69.3  t=2.07s
  round   9/50: acc=0.5699  f1m=0.2375  uplink_kB=69.3  t=2.12s
  round  10/50: acc=0.5711  f1m=0.2375  uplink_kB=69.3  t=2.10s
  round  11/50: acc=0.5720  f1m=0.2382  uplink_kB=69.3  t=2.09s
  round  12/50: acc=0.5856  f1m=0.2773  uplink_kB=69.3  t=2.08s
  round  13/50: acc=0.5862  f1m=0.2780  uplink_kB=69.3  t=2.11s
  round  14/50: acc=0.6104  f1m=0.3156  uplink_kB=69.3  t=2.12s
  round  15/50: acc=0.6129  f1m=0.3242  uplink_kB=69.3  t=2.04s
  round  16/50: acc=0.6178  f1m=0.3378  uplink_kB=69.3  t=2.17s
  round  17/50: acc=0.6204  f1m=0.3445  uplink_kB=69.3  t=2.14s
  round  18/50: acc=0.6225  f1m=0.3471  uplink_kB=69.3  t=2.14s
  round  19/50: acc=0.6300  f1m=0.3567  uplink_kB=69.3  t=2.07s
  round  20/50: acc=0.6342  f1m=0.3622  uplink_kB=69.3  t=2.15s
  round  21/50: acc=0.6350  f1m=0.3627  uplink_kB=69.3  t=2.16s
  round  22/50: acc=0.6351  f1m=0.3640  uplink_kB=69.3  t=2.10s
  round  23/50: acc=0.6413  f1m=0.3680  uplink_kB=69.3  t=2.13s
  round  24/50: acc=0.6453  f1m=0.3699  uplink_kB=69.3  t=2.11s
  round  25/50: acc=0.6488  f1m=0.3713  uplink_kB=69.3  t=2.15s
  round  26/50: acc=0.6500  f1m=0.3741  uplink_kB=69.3  t=2.13s
  round  27/50: acc=0.6503  f1m=0.3745  uplink_kB=69.3  t=2.16s
  round  28/50: acc=0.6549  f1m=0.4085  uplink_kB=69.3  t=2.14s
  round  29/50: acc=0.6551  f1m=0.4090  uplink_kB=69.3  t=2.07s
  round  30/50: acc=0.7028  f1m=0.4479  uplink_kB=69.3  t=2.12s
  round  31/50: acc=0.7375  f1m=0.4648  uplink_kB=69.3  t=2.11s
  round  32/50: acc=0.7450  f1m=0.4704  uplink_kB=69.3  t=2.13s
  round  33/50: acc=0.7472  f1m=0.4715  uplink_kB=69.3  t=2.07s
  round  34/50: acc=0.7485  f1m=0.4732  uplink_kB=69.3  t=2.04s
  round  35/50: acc=0.7488  f1m=0.4735  uplink_kB=69.3  t=2.09s
  round  36/50: acc=0.7497  f1m=0.4740  uplink_kB=69.3  t=2.09s
  round  37/50: acc=0.7501  f1m=0.4742  uplink_kB=69.3  t=2.14s
  round  38/50: acc=0.7503  f1m=0.4775  uplink_kB=69.3  t=2.13s
  round  39/50: acc=0.7504  f1m=0.4779  uplink_kB=69.3  t=2.13s
  round  40/50: acc=0.7504  f1m=0.4777  uplink_kB=69.3  t=2.07s
  round  41/50: acc=0.7503  f1m=0.4773  uplink_kB=69.3  t=2.10s
  round  42/50: acc=0.7740  f1m=0.4954  uplink_kB=69.3  t=2.11s
  round  43/50: acc=0.7739  f1m=0.4954  uplink_kB=69.3  t=2.13s
  round  44/50: acc=0.7743  f1m=0.4957  uplink_kB=69.3  t=2.11s
  round  45/50: acc=0.7743  f1m=0.4958  uplink_kB=69.3  t=2.09s
  round  46/50: acc=0.7968  f1m=0.5054  uplink_kB=69.3  t=2.13s
  round  47/50: acc=0.7987  f1m=0.5062  uplink_kB=69.3  t=2.17s
  round  48/50: acc=0.8031  f1m=0.5077  uplink_kB=69.3  t=2.19s
  round  49/50: acc=0.8034  f1m=0.5079  uplink_kB=69.3  t=2.14s
  round  50/50: acc=0.8053  f1m=0.5157  uplink_kB=69.3  t=2.13s
[run] DONE -> /Users/agentra/Documents/hao/working/paper-lab/hao-paper-2026/iotj-fedkan-ids/repo/results/lrsweep_cseciic_mc/lrsweep_mlp32_lr0p001__dir0.1__seed37/metrics.json  final_acc=0.8053
