[run] device=cpu  seed=42  out=/Users/agentra/Documents/hao/working/paper-lab/hao-paper-2026/iotj-fedkan-ids/repo/results/lrsweep_cseciic_mc/lrsweep_kan8_lr0p1__dir0.1__seed42
[run] model=kan  params=4,320
  round   1/50: acc=0.2616  f1m=0.0795  uplink_kB=190.8  t=6.07s
  round   2/50: acc=0.3308  f1m=0.1687  uplink_kB=190.8  t=5.32s
  round   3/50: acc=0.5842  f1m=0.3233  uplink_kB=190.8  t=5.42s
  round   4/50: acc=0.5650  f1m=0.2762  uplink_kB=190.8  t=5.25s
  round   5/50: acc=0.5395  f1m=0.2765  uplink_kB=190.8  t=5.51s
  round   6/50: acc=0.5344  f1m=0.3004  uplink_kB=190.8  t=5.37s
  round   7/50: acc=0.4717  f1m=0.2287  uplink_kB=190.8  t=5.51s
  round   8/50: acc=0.4687  f1m=0.2576  uplink_kB=190.8  t=5.39s
  round   9/50: acc=0.6223  f1m=0.3340  uplink_kB=190.8  t=5.37s
  round  10/50: acc=0.3845  f1m=0.1883  uplink_kB=190.8  t=5.16s
  round  11/50: acc=0.5889  f1m=0.2716  uplink_kB=190.8  t=5.19s
  round  12/50: acc=0.4429  f1m=0.1974  uplink_kB=190.8  t=5.28s
  round  13/50: acc=0.4382  f1m=0.2064  uplink_kB=190.8  t=5.29s
  round  14/50: acc=0.6090  f1m=0.2762  uplink_kB=190.8  t=5.31s
  round  15/50: acc=0.4246  f1m=0.1949  uplink_kB=190.8  t=5.20s
  round  16/50: acc=0.4317  f1m=0.1849  uplink_kB=190.8  t=5.27s
  round  17/50: acc=0.4650  f1m=0.2248  uplink_kB=190.8  t=5.75s
  round  18/50: acc=0.4557  f1m=0.2049  uplink_kB=190.8  t=6.39s
  round  19/50: acc=0.4968  f1m=0.2242  uplink_kB=190.8  t=5.39s
  round  20/50: acc=0.4241  f1m=0.1744  uplink_kB=190.8  t=5.72s
  round  21/50: acc=0.5958  f1m=0.2660  uplink_kB=190.8  t=5.51s
  round  22/50: acc=0.4388  f1m=0.1956  uplink_kB=190.8  t=5.42s
  round  23/50: acc=0.5880  f1m=0.2468  uplink_kB=190.8  t=5.40s
  round  24/50: acc=0.4049  f1m=0.2074  uplink_kB=190.8  t=5.50s
  round  25/50: acc=0.3837  f1m=0.1721  uplink_kB=190.8  t=5.57s
  round  26/50: acc=0.2882  f1m=0.1435  uplink_kB=190.8  t=5.66s
  round  27/50: acc=0.3391  f1m=0.1524  uplink_kB=190.8  t=5.56s
  round  28/50: acc=0.4153  f1m=0.1713  uplink_kB=190.8  t=5.43s
  round  29/50: acc=0.3005  f1m=0.1437  uplink_kB=190.8  t=5.39s
  round  30/50: acc=0.2840  f1m=0.1292  uplink_kB=190.8  t=5.44s
  round  31/50: acc=0.2978  f1m=0.1260  uplink_kB=190.8  t=5.33s
  round  32/50: acc=0.2881  f1m=0.1379  uplink_kB=190.8  t=5.48s
  round  33/50: acc=0.3161  f1m=0.1666  uplink_kB=190.8  t=5.37s
  round  34/50: acc=0.1837  f1m=0.1028  uplink_kB=190.8  t=5.44s
  round  35/50: acc=0.3089  f1m=0.1431  uplink_kB=190.8  t=5.30s
  round  36/50: acc=0.4331  f1m=0.1851  uplink_kB=190.8  t=5.38s
  round  37/50: acc=0.2204  f1m=0.1073  uplink_kB=190.8  t=5.37s
  round  38/50: acc=0.4050  f1m=0.1785  uplink_kB=190.8  t=5.42s
  round  39/50: acc=0.4673  f1m=0.2394  uplink_kB=190.8  t=5.38s
  round  40/50: acc=0.4336  f1m=0.1829  uplink_kB=190.8  t=5.34s
  round  41/50: acc=0.4373  f1m=0.1696  uplink_kB=190.8  t=5.30s
  round  42/50: acc=0.4625  f1m=0.2344  uplink_kB=190.8  t=5.64s
  round  43/50: acc=0.4461  f1m=0.1844  uplink_kB=190.8  t=5.67s
  round  44/50: acc=0.4287  f1m=0.1818  uplink_kB=190.8  t=5.42s
  round  45/50: acc=0.4492  f1m=0.2020  uplink_kB=190.8  t=5.31s
  round  46/50: acc=0.4523  f1m=0.2006  uplink_kB=190.8  t=5.39s
  round  47/50: acc=0.4340  f1m=0.1655  uplink_kB=190.8  t=5.46s
  round  48/50: acc=0.4451  f1m=0.1658  uplink_kB=190.8  t=5.47s
  round  49/50: acc=0.4378  f1m=0.1742  uplink_kB=190.8  t=5.37s
  round  50/50: acc=0.4323  f1m=0.1856  uplink_kB=190.8  t=5.30s
[run] DONE -> /Users/agentra/Documents/hao/working/paper-lab/hao-paper-2026/iotj-fedkan-ids/repo/results/lrsweep_cseciic_mc/lrsweep_kan8_lr0p1__dir0.1__seed42/metrics.json  final_acc=0.4323
