[run] device=cpu  seed=11  out=/Users/agentra/Documents/hao/working/paper-lab/hao-paper-2026/iotj-fedkan-ids/repo/results/sensitivity_botiot/sens_h32__dir0.1__seed11
[run] model=kan  params=13,120
  round   1/50: acc=0.8742  f1m=0.8734  uplink_kB=545.8  t=3.49s
  round   2/50: acc=0.7932  f1m=0.7840  uplink_kB=545.8  t=3.07s
  round   3/50: acc=0.8354  f1m=0.8308  uplink_kB=545.8  t=2.99s
  round   4/50: acc=0.8409  f1m=0.8368  uplink_kB=545.8  t=3.69s
  round   5/50: acc=0.8662  f1m=0.8638  uplink_kB=545.8  t=2.75s
  round   6/50: acc=0.8752  f1m=0.8733  uplink_kB=545.8  t=2.47s
  round   7/50: acc=0.8945  f1m=0.8933  uplink_kB=545.8  t=2.55s
  round   8/50: acc=0.9592  f1m=0.9592  uplink_kB=545.8  t=2.51s
  round   9/50: acc=0.9226  f1m=0.9222  uplink_kB=545.8  t=2.69s
  round  10/50: acc=0.9229  f1m=0.9224  uplink_kB=545.8  t=2.64s
  round  11/50: acc=0.9597  f1m=0.9597  uplink_kB=545.8  t=2.48s
  round  12/50: acc=0.9225  f1m=0.9221  uplink_kB=545.8  t=2.59s
  round  13/50: acc=0.9236  f1m=0.9232  uplink_kB=545.8  t=2.61s
  round  14/50: acc=0.9610  f1m=0.9610  uplink_kB=545.8  t=2.36s
  round  15/50: acc=0.9723  f1m=0.9723  uplink_kB=545.8  t=2.50s
  round  16/50: acc=0.9718  f1m=0.9718  uplink_kB=545.8  t=2.51s
  round  17/50: acc=0.9622  f1m=0.9622  uplink_kB=545.8  t=2.47s
  round  18/50: acc=0.9724  f1m=0.9724  uplink_kB=545.8  t=2.43s
  round  19/50: acc=0.9726  f1m=0.9725  uplink_kB=545.8  t=2.33s
  round  20/50: acc=0.9724  f1m=0.9724  uplink_kB=545.8  t=2.23s
  round  21/50: acc=0.9722  f1m=0.9722  uplink_kB=545.8  t=2.28s
  round  22/50: acc=0.9728  f1m=0.9728  uplink_kB=545.8  t=2.36s
  round  23/50: acc=0.9661  f1m=0.9661  uplink_kB=545.8  t=2.48s
  round  24/50: acc=0.9728  f1m=0.9728  uplink_kB=545.8  t=2.63s
  round  25/50: acc=0.9671  f1m=0.9671  uplink_kB=545.8  t=2.72s
  round  26/50: acc=0.9726  f1m=0.9726  uplink_kB=545.8  t=2.61s
  round  27/50: acc=0.9747  f1m=0.9747  uplink_kB=545.8  t=2.59s
  round  28/50: acc=0.9751  f1m=0.9751  uplink_kB=545.8  t=2.64s
  round  29/50: acc=0.9306  f1m=0.9303  uplink_kB=545.8  t=2.44s
  round  30/50: acc=0.9759  f1m=0.9759  uplink_kB=545.8  t=2.51s
  round  31/50: acc=0.9302  f1m=0.9299  uplink_kB=545.8  t=2.47s
  round  32/50: acc=0.9754  f1m=0.9754  uplink_kB=545.8  t=2.77s
  round  33/50: acc=0.9382  f1m=0.9379  uplink_kB=545.8  t=2.67s
  round  34/50: acc=0.9755  f1m=0.9755  uplink_kB=545.8  t=2.81s
  round  35/50: acc=0.9382  f1m=0.9380  uplink_kB=545.8  t=2.68s
  round  36/50: acc=0.9755  f1m=0.9755  uplink_kB=545.8  t=2.64s
  round  37/50: acc=0.9378  f1m=0.9376  uplink_kB=545.8  t=2.46s
  round  38/50: acc=0.9754  f1m=0.9754  uplink_kB=545.8  t=2.71s
  round  39/50: acc=0.9381  f1m=0.9379  uplink_kB=545.8  t=2.61s
  round  40/50: acc=0.9758  f1m=0.9758  uplink_kB=545.8  t=2.67s
  round  41/50: acc=0.9309  f1m=0.9305  uplink_kB=545.8  t=2.65s
  round  42/50: acc=0.9379  f1m=0.9377  uplink_kB=545.8  t=2.59s
  round  43/50: acc=0.9379  f1m=0.9377  uplink_kB=545.8  t=2.72s
  round  44/50: acc=0.9379  f1m=0.9377  uplink_kB=545.8  t=2.66s
  round  45/50: acc=0.9267  f1m=0.9263  uplink_kB=545.8  t=2.57s
  round  46/50: acc=0.9192  f1m=0.9187  uplink_kB=545.8  t=2.66s
  round  47/50: acc=0.9246  f1m=0.9242  uplink_kB=545.8  t=2.64s
  round  48/50: acc=0.9366  f1m=0.9364  uplink_kB=545.8  t=2.60s
  round  49/50: acc=0.9379  f1m=0.9376  uplink_kB=545.8  t=2.55s
  round  50/50: acc=0.9170  f1m=0.9164  uplink_kB=545.8  t=2.59s
[run] DONE -> /Users/agentra/Documents/hao/working/paper-lab/hao-paper-2026/iotj-fedkan-ids/repo/results/sensitivity_botiot/sens_h32__dir0.1__seed11/metrics.json  final_acc=0.9170
