[run] device=cpu  seed=31  out=/Users/agentra/Documents/hao/working/paper-lab/hao-paper-2026/iotj-fedkan-ids/repo/results/lrsweep_cseciic_mc/lrsweep_kan8_lr0p03__dir0.1__seed31
[run] model=kan  params=4,320
  round   1/50: acc=0.1715  f1m=0.0356  uplink_kB=190.8  t=5.93s
  round   2/50: acc=0.5089  f1m=0.2895  uplink_kB=190.8  t=5.27s
  round   3/50: acc=0.6025  f1m=0.3369  uplink_kB=190.8  t=5.30s
  round   4/50: acc=0.6493  f1m=0.3992  uplink_kB=190.8  t=5.27s
  round   5/50: acc=0.6850  f1m=0.4796  uplink_kB=190.8  t=5.21s
  round   6/50: acc=0.6746  f1m=0.4382  uplink_kB=190.8  t=5.31s
  round   7/50: acc=0.8144  f1m=0.5440  uplink_kB=190.8  t=5.29s
  round   8/50: acc=0.8129  f1m=0.5542  uplink_kB=190.8  t=5.23s
  round   9/50: acc=0.8127  f1m=0.5567  uplink_kB=190.8  t=5.32s
  round  10/50: acc=0.8137  f1m=0.5646  uplink_kB=190.8  t=5.36s
  round  11/50: acc=0.6871  f1m=0.4560  uplink_kB=190.8  t=5.24s
  round  12/50: acc=0.6784  f1m=0.4622  uplink_kB=190.8  t=5.30s
  round  13/50: acc=0.6804  f1m=0.4950  uplink_kB=190.8  t=5.23s
  round  14/50: acc=0.8014  f1m=0.5308  uplink_kB=190.8  t=5.31s
  round  15/50: acc=0.7742  f1m=0.5024  uplink_kB=190.8  t=5.33s
  round  16/50: acc=0.8109  f1m=0.5650  uplink_kB=190.8  t=5.19s
  round  17/50: acc=0.6824  f1m=0.4964  uplink_kB=190.8  t=5.23s
  round  18/50: acc=0.7663  f1m=0.5450  uplink_kB=190.8  t=5.30s
  round  19/50: acc=0.6847  f1m=0.4779  uplink_kB=190.8  t=5.31s
  round  20/50: acc=0.8121  f1m=0.5738  uplink_kB=190.8  t=5.23s
  round  21/50: acc=0.8163  f1m=0.5360  uplink_kB=190.8  t=5.26s
  round  22/50: acc=0.8155  f1m=0.5720  uplink_kB=190.8  t=5.24s
  round  23/50: acc=0.8268  f1m=0.5724  uplink_kB=190.8  t=5.25s
  round  24/50: acc=0.6959  f1m=0.5062  uplink_kB=190.8  t=5.30s
  round  25/50: acc=0.8174  f1m=0.5516  uplink_kB=190.8  t=5.56s
  round  26/50: acc=0.6958  f1m=0.5141  uplink_kB=190.8  t=5.43s
  round  27/50: acc=0.8252  f1m=0.5877  uplink_kB=190.8  t=5.29s
  round  28/50: acc=0.8258  f1m=0.5966  uplink_kB=190.8  t=5.71s
  round  29/50: acc=0.6784  f1m=0.4814  uplink_kB=190.8  t=5.94s
  round  30/50: acc=0.8024  f1m=0.5527  uplink_kB=190.8  t=5.60s
  round  31/50: acc=0.8001  f1m=0.5591  uplink_kB=190.8  t=5.55s
  round  32/50: acc=0.8088  f1m=0.5596  uplink_kB=190.8  t=5.43s
  round  33/50: acc=0.8137  f1m=0.5904  uplink_kB=190.8  t=5.39s
  round  34/50: acc=0.8107  f1m=0.5787  uplink_kB=190.8  t=5.48s
  round  35/50: acc=0.8088  f1m=0.5645  uplink_kB=190.8  t=5.42s
  round  36/50: acc=0.6810  f1m=0.4679  uplink_kB=190.8  t=5.44s
  round  37/50: acc=0.8110  f1m=0.5640  uplink_kB=190.8  t=5.34s
  round  38/50: acc=0.7471  f1m=0.5174  uplink_kB=190.8  t=5.28s
  round  39/50: acc=0.6788  f1m=0.4580  uplink_kB=190.8  t=5.34s
  round  40/50: acc=0.7127  f1m=0.4976  uplink_kB=190.8  t=5.32s
  round  41/50: acc=0.6872  f1m=0.4940  uplink_kB=190.8  t=5.28s
  round  42/50: acc=0.7071  f1m=0.4907  uplink_kB=190.8  t=5.38s
  round  43/50: acc=0.8097  f1m=0.5706  uplink_kB=190.8  t=5.32s
  round  44/50: acc=0.8101  f1m=0.5724  uplink_kB=190.8  t=5.31s
  round  45/50: acc=0.8141  f1m=0.5853  uplink_kB=190.8  t=5.26s
  round  46/50: acc=0.7538  f1m=0.4948  uplink_kB=190.8  t=5.31s
  round  47/50: acc=0.7985  f1m=0.5255  uplink_kB=190.8  t=5.33s
  round  48/50: acc=0.8007  f1m=0.5404  uplink_kB=190.8  t=5.39s
  round  49/50: acc=0.7819  f1m=0.5399  uplink_kB=190.8  t=5.54s
  round  50/50: acc=0.8002  f1m=0.5321  uplink_kB=190.8  t=5.68s
[run] DONE -> /Users/agentra/Documents/hao/working/paper-lab/hao-paper-2026/iotj-fedkan-ids/repo/results/lrsweep_cseciic_mc/lrsweep_kan8_lr0p03__dir0.1__seed31/metrics.json  final_acc=0.8002
