[run] device=cpu  seed=2024  out=/Users/agentra/Documents/hao/working/paper-lab/hao-paper-2026/iotj-fedkan-ids/repo/results/lrsweep_cseciic/lrsweep_kan8_lr0p03__dir0.1__seed2024
[run] model=kan  params=3,280
  round   1/50: acc=0.8518  f1m=0.8511  uplink_kB=150.2  t=2.25s
  round   2/50: acc=0.7573  f1m=0.7503  uplink_kB=150.2  t=1.62s
  round   3/50: acc=0.9200  f1m=0.9199  uplink_kB=150.2  t=1.64s
  round   4/50: acc=0.8315  f1m=0.8285  uplink_kB=150.2  t=1.69s
  round   5/50: acc=0.9496  f1m=0.9496  uplink_kB=150.2  t=1.65s
  round   6/50: acc=0.9157  f1m=0.9156  uplink_kB=150.2  t=1.60s
  round   7/50: acc=0.9180  f1m=0.9178  uplink_kB=150.2  t=1.59s
  round   8/50: acc=0.9351  f1m=0.9350  uplink_kB=150.2  t=1.65s
  round   9/50: acc=0.9409  f1m=0.9409  uplink_kB=150.2  t=1.70s
  round  10/50: acc=0.7916  f1m=0.7841  uplink_kB=150.2  t=1.65s
  round  11/50: acc=0.9138  f1m=0.9136  uplink_kB=150.2  t=1.66s
  round  12/50: acc=0.9461  f1m=0.9461  uplink_kB=150.2  t=1.64s
  round  13/50: acc=0.9269  f1m=0.9268  uplink_kB=150.2  t=1.65s
  round  14/50: acc=0.9514  f1m=0.9514  uplink_kB=150.2  t=1.67s
  round  15/50: acc=0.9538  f1m=0.9538  uplink_kB=150.2  t=1.65s
  round  16/50: acc=0.8357  f1m=0.8330  uplink_kB=150.2  t=1.71s
  round  17/50: acc=0.9745  f1m=0.9745  uplink_kB=150.2  t=1.60s
  round  18/50: acc=0.9401  f1m=0.9401  uplink_kB=150.2  t=1.66s
  round  19/50: acc=0.9533  f1m=0.9533  uplink_kB=150.2  t=1.56s
  round  20/50: acc=0.9403  f1m=0.9403  uplink_kB=150.2  t=1.58s
  round  21/50: acc=0.9708  f1m=0.9708  uplink_kB=150.2  t=1.64s
  round  22/50: acc=0.9493  f1m=0.9493  uplink_kB=150.2  t=1.68s
  round  23/50: acc=0.9311  f1m=0.9311  uplink_kB=150.2  t=1.64s
  round  24/50: acc=0.9443  f1m=0.9442  uplink_kB=150.2  t=1.63s
  round  25/50: acc=0.9712  f1m=0.9711  uplink_kB=150.2  t=1.69s
  round  26/50: acc=0.9187  f1m=0.9185  uplink_kB=150.2  t=1.64s
  round  27/50: acc=0.9711  f1m=0.9711  uplink_kB=150.2  t=1.72s
  round  28/50: acc=0.9626  f1m=0.9626  uplink_kB=150.2  t=1.63s
  round  29/50: acc=0.9727  f1m=0.9726  uplink_kB=150.2  t=1.70s
  round  30/50: acc=0.9484  f1m=0.9484  uplink_kB=150.2  t=1.65s
  round  31/50: acc=0.9694  f1m=0.9694  uplink_kB=150.2  t=1.64s
  round  32/50: acc=0.9704  f1m=0.9704  uplink_kB=150.2  t=1.63s
  round  33/50: acc=0.9250  f1m=0.9249  uplink_kB=150.2  t=1.62s
  round  34/50: acc=0.9664  f1m=0.9664  uplink_kB=150.2  t=1.63s
  round  35/50: acc=0.9727  f1m=0.9727  uplink_kB=150.2  t=1.66s
  round  36/50: acc=0.9638  f1m=0.9638  uplink_kB=150.2  t=1.69s
  round  37/50: acc=0.9623  f1m=0.9623  uplink_kB=150.2  t=1.63s
  round  38/50: acc=0.9662  f1m=0.9662  uplink_kB=150.2  t=1.60s
  round  39/50: acc=0.9706  f1m=0.9706  uplink_kB=150.2  t=1.62s
  round  40/50: acc=0.9688  f1m=0.9688  uplink_kB=150.2  t=1.68s
  round  41/50: acc=0.9551  f1m=0.9551  uplink_kB=150.2  t=1.66s
  round  42/50: acc=0.9692  f1m=0.9692  uplink_kB=150.2  t=1.66s
  round  43/50: acc=0.9756  f1m=0.9756  uplink_kB=150.2  t=1.70s
  round  44/50: acc=0.9765  f1m=0.9765  uplink_kB=150.2  t=1.67s
  round  45/50: acc=0.9684  f1m=0.9684  uplink_kB=150.2  t=1.64s
  round  46/50: acc=0.9696  f1m=0.9696  uplink_kB=150.2  t=1.68s
  round  47/50: acc=0.9715  f1m=0.9715  uplink_kB=150.2  t=1.71s
  round  48/50: acc=0.9753  f1m=0.9753  uplink_kB=150.2  t=1.65s
  round  49/50: acc=0.9753  f1m=0.9753  uplink_kB=150.2  t=1.63s
  round  50/50: acc=0.9722  f1m=0.9722  uplink_kB=150.2  t=1.52s
[run] DONE -> /Users/agentra/Documents/hao/working/paper-lab/hao-paper-2026/iotj-fedkan-ids/repo/results/lrsweep_cseciic/lrsweep_kan8_lr0p03__dir0.1__seed2024/metrics.json  final_acc=0.9722
