[run] device=cpu  seed=2026  out=/Users/agentra/Documents/hao/working/paper-lab/hao-paper-2026/iotj-fedkan-ids/repo/results/lrsweep_cseciic_mc50k/lrsweep_kan16_lr0p01__dir0.1__seed2026
[run] model=kan  params=8,640
  round   1/50: acc=0.2038  f1m=0.1174  uplink_kB=363.3  t=3.71s
  round   2/50: acc=0.5437  f1m=0.3637  uplink_kB=363.3  t=3.08s
  round   3/50: acc=0.5761  f1m=0.4073  uplink_kB=363.3  t=3.05s
  round   4/50: acc=0.7062  f1m=0.5208  uplink_kB=363.3  t=2.93s
  round   5/50: acc=0.7279  f1m=0.5435  uplink_kB=363.3  t=3.17s
  round   6/50: acc=0.7294  f1m=0.5444  uplink_kB=363.3  t=2.95s
  round   7/50: acc=0.7342  f1m=0.5501  uplink_kB=363.3  t=3.50s
  round   8/50: acc=0.7414  f1m=0.5579  uplink_kB=363.3  t=3.03s
  round   9/50: acc=0.7953  f1m=0.6045  uplink_kB=363.3  t=3.06s
  round  10/50: acc=0.7669  f1m=0.5822  uplink_kB=363.3  t=2.95s
  round  11/50: acc=0.7644  f1m=0.5834  uplink_kB=363.3  t=3.09s
  round  12/50: acc=0.8131  f1m=0.6206  uplink_kB=363.3  t=3.06s
  round  13/50: acc=0.7657  f1m=0.6231  uplink_kB=363.3  t=3.20s
  round  14/50: acc=0.7936  f1m=0.6531  uplink_kB=363.3  t=3.17s
  round  15/50: acc=0.8131  f1m=0.6688  uplink_kB=363.3  t=3.23s
  round  16/50: acc=0.8219  f1m=0.6747  uplink_kB=363.3  t=3.10s
  round  17/50: acc=0.8408  f1m=0.7057  uplink_kB=363.3  t=3.21s
  round  18/50: acc=0.8183  f1m=0.6324  uplink_kB=363.3  t=3.15s
  round  19/50: acc=0.7965  f1m=0.6726  uplink_kB=363.3  t=3.15s
  round  20/50: acc=0.8124  f1m=0.6331  uplink_kB=363.3  t=3.10s
  round  21/50: acc=0.8064  f1m=0.6793  uplink_kB=363.3  t=3.15s
  round  22/50: acc=0.8409  f1m=0.6545  uplink_kB=363.3  t=3.07s
  round  23/50: acc=0.8539  f1m=0.7158  uplink_kB=363.3  t=3.16s
  round  24/50: acc=0.8307  f1m=0.6564  uplink_kB=363.3  t=3.13s
  round  25/50: acc=0.8676  f1m=0.7450  uplink_kB=363.3  t=3.21s
  round  26/50: acc=0.8387  f1m=0.6481  uplink_kB=363.3  t=3.09s
  round  27/50: acc=0.8647  f1m=0.7246  uplink_kB=363.3  t=3.16s
  round  28/50: acc=0.8314  f1m=0.6419  uplink_kB=363.3  t=3.12s
  round  29/50: acc=0.8487  f1m=0.7111  uplink_kB=363.3  t=3.13s
  round  30/50: acc=0.8320  f1m=0.6449  uplink_kB=363.3  t=3.19s
  round  31/50: acc=0.8647  f1m=0.7234  uplink_kB=363.3  t=3.13s
  round  32/50: acc=0.8603  f1m=0.7069  uplink_kB=363.3  t=3.17s
  round  33/50: acc=0.8783  f1m=0.7404  uplink_kB=363.3  t=3.10s
  round  34/50: acc=0.8428  f1m=0.6537  uplink_kB=363.3  t=3.11s
  round  35/50: acc=0.8749  f1m=0.7343  uplink_kB=363.3  t=3.07s
  round  36/50: acc=0.8760  f1m=0.7351  uplink_kB=363.3  t=3.05s
  round  37/50: acc=0.8763  f1m=0.7356  uplink_kB=363.3  t=3.12s
  round  38/50: acc=0.8757  f1m=0.7339  uplink_kB=363.3  t=3.10s
  round  39/50: acc=0.8765  f1m=0.7359  uplink_kB=363.3  t=3.04s
  round  40/50: acc=0.8529  f1m=0.7048  uplink_kB=363.3  t=3.04s
  round  41/50: acc=0.8762  f1m=0.7355  uplink_kB=363.3  t=3.08s
  round  42/50: acc=0.8777  f1m=0.7367  uplink_kB=363.3  t=3.07s
  round  43/50: acc=0.8740  f1m=0.7321  uplink_kB=363.3  t=3.07s
  round  44/50: acc=0.8770  f1m=0.7354  uplink_kB=363.3  t=3.12s
  round  45/50: acc=0.8682  f1m=0.7294  uplink_kB=363.3  t=3.04s
  round  46/50: acc=0.8748  f1m=0.7336  uplink_kB=363.3  t=3.13s
  round  47/50: acc=0.8755  f1m=0.7347  uplink_kB=363.3  t=3.02s
  round  48/50: acc=0.8763  f1m=0.7358  uplink_kB=363.3  t=3.14s
  round  49/50: acc=0.8753  f1m=0.7361  uplink_kB=363.3  t=3.01s
  round  50/50: acc=0.8768  f1m=0.7360  uplink_kB=363.3  t=3.10s
[run] DONE -> /Users/agentra/Documents/hao/working/paper-lab/hao-paper-2026/iotj-fedkan-ids/repo/results/lrsweep_cseciic_mc50k/lrsweep_kan16_lr0p01__dir0.1__seed2026/metrics.json  final_acc=0.8768
