[run] device=cpu  seed=2024  out=/Users/agentra/Documents/hao/working/paper-lab/hao-paper-2026/iotj-fedkan-ids/repo/results/lrsweep_cseciic_mc50k/lrsweep_mlp32_lr0p01__dir0.1__seed2024
[run] model=mlp  params=1,775
  round   1/50: acc=0.1247  f1m=0.0179  uplink_kB=69.3  t=1.83s
  round   2/50: acc=0.3423  f1m=0.1400  uplink_kB=69.3  t=1.08s
  round   3/50: acc=0.4218  f1m=0.1923  uplink_kB=69.3  t=1.06s
  round   4/50: acc=0.5081  f1m=0.2618  uplink_kB=69.3  t=1.02s
  round   5/50: acc=0.5279  f1m=0.2812  uplink_kB=69.3  t=1.09s
  round   6/50: acc=0.5634  f1m=0.2983  uplink_kB=69.3  t=1.03s
  round   7/50: acc=0.5472  f1m=0.2886  uplink_kB=69.3  t=1.10s
  round   8/50: acc=0.5745  f1m=0.3089  uplink_kB=69.3  t=1.05s
  round   9/50: acc=0.5818  f1m=0.3260  uplink_kB=69.3  t=1.15s
  round  10/50: acc=0.6782  f1m=0.3941  uplink_kB=69.3  t=1.03s
  round  11/50: acc=0.6451  f1m=0.3734  uplink_kB=69.3  t=1.11s
  round  12/50: acc=0.7475  f1m=0.4520  uplink_kB=69.3  t=1.08s
  round  13/50: acc=0.7544  f1m=0.5156  uplink_kB=69.3  t=1.05s
  round  14/50: acc=0.7612  f1m=0.5201  uplink_kB=69.3  t=1.07s
  round  15/50: acc=0.7675  f1m=0.5237  uplink_kB=69.3  t=1.12s
  round  16/50: acc=0.7677  f1m=0.5239  uplink_kB=69.3  t=0.99s
  round  17/50: acc=0.7728  f1m=0.5273  uplink_kB=69.3  t=1.08s
  round  18/50: acc=0.7718  f1m=0.5266  uplink_kB=69.3  t=1.07s
  round  19/50: acc=0.7755  f1m=0.5292  uplink_kB=69.3  t=1.11s
  round  20/50: acc=0.7786  f1m=0.5312  uplink_kB=69.3  t=1.02s
  round  21/50: acc=0.7740  f1m=0.5280  uplink_kB=69.3  t=1.09s
  round  22/50: acc=0.7872  f1m=0.5679  uplink_kB=69.3  t=0.96s
  round  23/50: acc=0.7973  f1m=0.5734  uplink_kB=69.3  t=1.07s
  round  24/50: acc=0.7979  f1m=0.5873  uplink_kB=69.3  t=1.14s
  round  25/50: acc=0.8160  f1m=0.5977  uplink_kB=69.3  t=0.99s
  round  26/50: acc=0.8182  f1m=0.6033  uplink_kB=69.3  t=1.11s
  round  27/50: acc=0.8162  f1m=0.6009  uplink_kB=69.3  t=1.05s
  round  28/50: acc=0.8153  f1m=0.5988  uplink_kB=69.3  t=1.06s
  round  29/50: acc=0.8170  f1m=0.6004  uplink_kB=69.3  t=1.03s
  round  30/50: acc=0.8154  f1m=0.6007  uplink_kB=69.3  t=1.09s
  round  31/50: acc=0.8151  f1m=0.6002  uplink_kB=69.3  t=1.03s
  round  32/50: acc=0.8191  f1m=0.6024  uplink_kB=69.3  t=1.04s
  round  33/50: acc=0.8144  f1m=0.6022  uplink_kB=69.3  t=0.99s
  round  34/50: acc=0.8140  f1m=0.5866  uplink_kB=69.3  t=1.06s
  round  35/50: acc=0.8126  f1m=0.5828  uplink_kB=69.3  t=1.03s
  round  36/50: acc=0.8152  f1m=0.5997  uplink_kB=69.3  t=1.10s
  round  37/50: acc=0.8079  f1m=0.5894  uplink_kB=69.3  t=1.03s
  round  38/50: acc=0.8113  f1m=0.5931  uplink_kB=69.3  t=1.08s
  round  39/50: acc=0.8098  f1m=0.5921  uplink_kB=69.3  t=1.07s
  round  40/50: acc=0.8175  f1m=0.6140  uplink_kB=69.3  t=1.01s
  round  41/50: acc=0.8110  f1m=0.6052  uplink_kB=69.3  t=1.01s
  round  42/50: acc=0.8115  f1m=0.6092  uplink_kB=69.3  t=1.07s
  round  43/50: acc=0.8103  f1m=0.5936  uplink_kB=69.3  t=1.05s
  round  44/50: acc=0.8117  f1m=0.6092  uplink_kB=69.3  t=1.07s
  round  45/50: acc=0.8118  f1m=0.6157  uplink_kB=69.3  t=1.05s
  round  46/50: acc=0.8183  f1m=0.6180  uplink_kB=69.3  t=1.04s
  round  47/50: acc=0.8126  f1m=0.6151  uplink_kB=69.3  t=1.09s
  round  48/50: acc=0.8112  f1m=0.6146  uplink_kB=69.3  t=1.06s
  round  49/50: acc=0.8170  f1m=0.6216  uplink_kB=69.3  t=1.07s
  round  50/50: acc=0.8154  f1m=0.6196  uplink_kB=69.3  t=1.10s
[run] DONE -> /Users/agentra/Documents/hao/working/paper-lab/hao-paper-2026/iotj-fedkan-ids/repo/results/lrsweep_cseciic_mc50k/lrsweep_mlp32_lr0p01__dir0.1__seed2024/metrics.json  final_acc=0.8154
