[run] device=cpu  seed=29  out=/Users/agentra/Documents/hao/working/paper-lab/hao-paper-2026/iotj-fedkan-ids/repo/results/lrsweep_cseciic_mc/lrsweep_kan16_lr0p003__dir0.1__seed29
[run] model=kan  params=8,640
  round   1/50: acc=0.3987  f1m=0.1302  uplink_kB=363.3  t=6.71s
  round   2/50: acc=0.4022  f1m=0.1312  uplink_kB=363.3  t=6.22s
  round   3/50: acc=0.4473  f1m=0.2183  uplink_kB=363.3  t=6.15s
  round   4/50: acc=0.4921  f1m=0.3561  uplink_kB=363.3  t=6.12s
  round   5/50: acc=0.5259  f1m=0.4322  uplink_kB=363.3  t=6.15s
  round   6/50: acc=0.5909  f1m=0.4799  uplink_kB=363.3  t=6.09s
  round   7/50: acc=0.6030  f1m=0.4872  uplink_kB=363.3  t=6.13s
  round   8/50: acc=0.6471  f1m=0.5068  uplink_kB=363.3  t=6.10s
  round   9/50: acc=0.6588  f1m=0.5759  uplink_kB=363.3  t=6.12s
  round  10/50: acc=0.6743  f1m=0.5840  uplink_kB=363.3  t=6.12s
  round  11/50: acc=0.6735  f1m=0.5768  uplink_kB=363.3  t=6.11s
  round  12/50: acc=0.6812  f1m=0.5637  uplink_kB=363.3  t=6.13s
  round  13/50: acc=0.6840  f1m=0.5755  uplink_kB=363.3  t=6.19s
  round  14/50: acc=0.6913  f1m=0.5972  uplink_kB=363.3  t=6.14s
  round  15/50: acc=0.6932  f1m=0.5998  uplink_kB=363.3  t=6.11s
  round  16/50: acc=0.7471  f1m=0.6408  uplink_kB=363.3  t=6.13s
  round  17/50: acc=0.7030  f1m=0.6089  uplink_kB=363.3  t=6.12s
  round  18/50: acc=0.7479  f1m=0.6432  uplink_kB=363.3  t=6.12s
  round  19/50: acc=0.7159  f1m=0.6168  uplink_kB=363.3  t=6.17s
  round  20/50: acc=0.7799  f1m=0.6746  uplink_kB=363.3  t=6.15s
  round  21/50: acc=0.8128  f1m=0.6955  uplink_kB=363.3  t=6.18s
  round  22/50: acc=0.7933  f1m=0.6843  uplink_kB=363.3  t=6.14s
  round  23/50: acc=0.8141  f1m=0.7049  uplink_kB=363.3  t=6.17s
  round  24/50: acc=0.8089  f1m=0.7029  uplink_kB=363.3  t=6.13s
  round  25/50: acc=0.8058  f1m=0.7042  uplink_kB=363.3  t=6.18s
  round  26/50: acc=0.8121  f1m=0.7087  uplink_kB=363.3  t=6.25s
  round  27/50: acc=0.8121  f1m=0.7088  uplink_kB=363.3  t=6.04s
  round  28/50: acc=0.8103  f1m=0.6988  uplink_kB=363.3  t=7.08s
  round  29/50: acc=0.8280  f1m=0.7083  uplink_kB=363.3  t=6.02s
  round  30/50: acc=0.8406  f1m=0.7168  uplink_kB=363.3  t=6.01s
  round  31/50: acc=0.8431  f1m=0.7074  uplink_kB=363.3  t=6.07s
  round  32/50: acc=0.8425  f1m=0.7075  uplink_kB=363.3  t=6.09s
  round  33/50: acc=0.8522  f1m=0.7108  uplink_kB=363.3  t=6.29s
  round  34/50: acc=0.8466  f1m=0.7106  uplink_kB=363.3  t=6.22s
  round  35/50: acc=0.8515  f1m=0.7259  uplink_kB=363.3  t=6.41s
  round  36/50: acc=0.8553  f1m=0.7287  uplink_kB=363.3  t=6.14s
  round  37/50: acc=0.8511  f1m=0.7251  uplink_kB=363.3  t=6.18s
  round  38/50: acc=0.8517  f1m=0.7257  uplink_kB=363.3  t=6.12s
  round  39/50: acc=0.8573  f1m=0.7359  uplink_kB=363.3  t=6.08s
  round  40/50: acc=0.8522  f1m=0.7275  uplink_kB=363.3  t=6.17s
  round  41/50: acc=0.8445  f1m=0.7261  uplink_kB=363.3  t=6.26s
  round  42/50: acc=0.8497  f1m=0.7253  uplink_kB=363.3  t=6.12s
  round  43/50: acc=0.8495  f1m=0.7254  uplink_kB=363.3  t=6.15s
  round  44/50: acc=0.8404  f1m=0.7190  uplink_kB=363.3  t=6.17s
  round  45/50: acc=0.8459  f1m=0.7257  uplink_kB=363.3  t=6.16s
  round  46/50: acc=0.8394  f1m=0.7209  uplink_kB=363.3  t=6.13s
  round  47/50: acc=0.8449  f1m=0.7226  uplink_kB=363.3  t=6.09s
  round  48/50: acc=0.8434  f1m=0.7211  uplink_kB=363.3  t=6.18s
  round  49/50: acc=0.8543  f1m=0.7298  uplink_kB=363.3  t=6.16s
  round  50/50: acc=0.8460  f1m=0.7239  uplink_kB=363.3  t=6.32s
[run] DONE -> /Users/agentra/Documents/hao/working/paper-lab/hao-paper-2026/iotj-fedkan-ids/repo/results/lrsweep_cseciic_mc/lrsweep_kan16_lr0p003__dir0.1__seed29/metrics.json  final_acc=0.8460
