[run] device=cpu  seed=29  out=/Users/agentra/Documents/hao/working/paper-lab/hao-paper-2026/iotj-fedkan-ids/repo/results/lrsweep_cseciic/lrsweep_mlp32_lr0p03__dir0.1__seed29
[run] model=mlp  params=1,346
  round   1/50: acc=0.5000  f1m=0.3333  uplink_kB=52.6  t=1.25s
  round   2/50: acc=0.5129  f1m=0.3616  uplink_kB=52.6  t=0.64s
  round   3/50: acc=0.5472  f1m=0.4316  uplink_kB=52.6  t=0.66s
  round   4/50: acc=0.5517  f1m=0.4412  uplink_kB=52.6  t=0.64s
  round   5/50: acc=0.6009  f1m=0.5300  uplink_kB=52.6  t=0.59s
  round   6/50: acc=0.5416  f1m=0.4216  uplink_kB=52.6  t=0.65s
  round   7/50: acc=0.6258  f1m=0.5691  uplink_kB=52.6  t=0.63s
  round   8/50: acc=0.5704  f1m=0.4760  uplink_kB=52.6  t=0.62s
  round   9/50: acc=0.7063  f1m=0.6818  uplink_kB=52.6  t=0.66s
  round  10/50: acc=0.7120  f1m=0.6891  uplink_kB=52.6  t=0.66s
  round  11/50: acc=0.7784  f1m=0.7695  uplink_kB=52.6  t=0.66s
  round  12/50: acc=0.7025  f1m=0.6777  uplink_kB=52.6  t=0.60s
  round  13/50: acc=0.5978  f1m=0.5226  uplink_kB=52.6  t=0.69s
  round  14/50: acc=0.7413  f1m=0.7254  uplink_kB=52.6  t=0.68s
  round  15/50: acc=0.7466  f1m=0.7317  uplink_kB=52.6  t=0.64s
  round  16/50: acc=0.8088  f1m=0.8035  uplink_kB=52.6  t=0.63s
  round  17/50: acc=0.7579  f1m=0.7453  uplink_kB=52.6  t=0.69s
  round  18/50: acc=0.7323  f1m=0.7142  uplink_kB=52.6  t=0.64s
  round  19/50: acc=0.7661  f1m=0.7548  uplink_kB=52.6  t=0.64s
  round  20/50: acc=0.7731  f1m=0.7632  uplink_kB=52.6  t=0.59s
  round  21/50: acc=0.7302  f1m=0.7116  uplink_kB=52.6  t=0.65s
  round  22/50: acc=0.7256  f1m=0.7058  uplink_kB=52.6  t=0.68s
  round  23/50: acc=0.8363  f1m=0.8334  uplink_kB=52.6  t=0.65s
  round  24/50: acc=0.8612  f1m=0.8597  uplink_kB=52.6  t=0.65s
  round  25/50: acc=0.8779  f1m=0.8770  uplink_kB=52.6  t=0.67s
  round  26/50: acc=0.8804  f1m=0.8796  uplink_kB=52.6  t=0.70s
  round  27/50: acc=0.8843  f1m=0.8836  uplink_kB=52.6  t=0.58s
  round  28/50: acc=0.8875  f1m=0.8869  uplink_kB=52.6  t=0.67s
  round  29/50: acc=0.8943  f1m=0.8938  uplink_kB=52.6  t=0.64s
  round  30/50: acc=0.8918  f1m=0.8913  uplink_kB=52.6  t=0.63s
  round  31/50: acc=0.8859  f1m=0.8853  uplink_kB=52.6  t=0.64s
  round  32/50: acc=0.8898  f1m=0.8893  uplink_kB=52.6  t=0.65s
  round  33/50: acc=0.8928  f1m=0.8923  uplink_kB=52.6  t=0.68s
  round  34/50: acc=0.8963  f1m=0.8958  uplink_kB=52.6  t=0.61s
  round  35/50: acc=0.8891  f1m=0.8885  uplink_kB=52.6  t=0.67s
  round  36/50: acc=0.8899  f1m=0.8893  uplink_kB=52.6  t=0.64s
  round  37/50: acc=0.8832  f1m=0.8824  uplink_kB=52.6  t=0.66s
  round  38/50: acc=0.8877  f1m=0.8871  uplink_kB=52.6  t=0.67s
  round  39/50: acc=0.8919  f1m=0.8914  uplink_kB=52.6  t=0.64s
  round  40/50: acc=0.8980  f1m=0.8976  uplink_kB=52.6  t=0.65s
  round  41/50: acc=0.8862  f1m=0.8855  uplink_kB=52.6  t=0.60s
  round  42/50: acc=0.8994  f1m=0.8990  uplink_kB=52.6  t=0.65s
  round  43/50: acc=0.9010  f1m=0.9006  uplink_kB=52.6  t=0.65s
  round  44/50: acc=0.9089  f1m=0.9087  uplink_kB=52.6  t=0.66s
  round  45/50: acc=0.9004  f1m=0.9000  uplink_kB=52.6  t=0.67s
  round  46/50: acc=0.9039  f1m=0.9036  uplink_kB=52.6  t=0.65s
  round  47/50: acc=0.9216  f1m=0.9215  uplink_kB=52.6  t=0.63s
  round  48/50: acc=0.9251  f1m=0.9250  uplink_kB=52.6  t=0.66s
  round  49/50: acc=0.9160  f1m=0.9158  uplink_kB=52.6  t=0.67s
  round  50/50: acc=0.9176  f1m=0.9174  uplink_kB=52.6  t=0.64s
[run] DONE -> /Users/agentra/Documents/hao/working/paper-lab/hao-paper-2026/iotj-fedkan-ids/repo/results/lrsweep_cseciic/lrsweep_mlp32_lr0p03__dir0.1__seed29/metrics.json  final_acc=0.9176
