[run] device=cpu  seed=2026  out=/Users/agentra/Documents/hao/working/paper-lab/hao-paper-2026/iotj-fedkan-ids/repo/results/mc_toniot/mc_mlp32_lr0p01__dir0.1__seed2026
[run] model=mlp  params=1,610
  round   1/50: acc=0.2247  f1m=0.0951  uplink_kB=62.9  t=1.72s
  round   2/50: acc=0.4685  f1m=0.2916  uplink_kB=62.9  t=1.28s
  round   3/50: acc=0.5000  f1m=0.3324  uplink_kB=62.9  t=1.23s
  round   4/50: acc=0.5105  f1m=0.3391  uplink_kB=62.9  t=1.15s
  round   5/50: acc=0.5757  f1m=0.4673  uplink_kB=62.9  t=1.13s
  round   6/50: acc=0.5809  f1m=0.4693  uplink_kB=62.9  t=1.14s
  round   7/50: acc=0.5873  f1m=0.4742  uplink_kB=62.9  t=1.11s
  round   8/50: acc=0.5884  f1m=0.4788  uplink_kB=62.9  t=1.12s
  round   9/50: acc=0.5947  f1m=0.5396  uplink_kB=62.9  t=1.23s
  round  10/50: acc=0.5914  f1m=0.5378  uplink_kB=62.9  t=1.30s
  round  11/50: acc=0.5995  f1m=0.5472  uplink_kB=62.9  t=1.11s
  round  12/50: acc=0.6009  f1m=0.5511  uplink_kB=62.9  t=1.22s
  round  13/50: acc=0.6030  f1m=0.5573  uplink_kB=62.9  t=1.15s
  round  14/50: acc=0.6045  f1m=0.5558  uplink_kB=62.9  t=1.20s
  round  15/50: acc=0.6058  f1m=0.5565  uplink_kB=62.9  t=1.21s
  round  16/50: acc=0.6093  f1m=0.5598  uplink_kB=62.9  t=1.17s
  round  17/50: acc=0.6100  f1m=0.5608  uplink_kB=62.9  t=1.20s
  round  18/50: acc=0.6131  f1m=0.5643  uplink_kB=62.9  t=1.18s
  round  19/50: acc=0.6313  f1m=0.5731  uplink_kB=62.9  t=1.31s
  round  20/50: acc=0.6923  f1m=0.6200  uplink_kB=62.9  t=1.23s
  round  21/50: acc=0.6156  f1m=0.5596  uplink_kB=62.9  t=1.09s
  round  22/50: acc=0.6181  f1m=0.5618  uplink_kB=62.9  t=1.15s
  round  23/50: acc=0.6400  f1m=0.5760  uplink_kB=62.9  t=1.14s
  round  24/50: acc=0.6341  f1m=0.5803  uplink_kB=62.9  t=1.23s
  round  25/50: acc=0.6563  f1m=0.5945  uplink_kB=62.9  t=1.22s
  round  26/50: acc=0.6581  f1m=0.6025  uplink_kB=62.9  t=1.19s
  round  27/50: acc=0.6550  f1m=0.5972  uplink_kB=62.9  t=1.12s
  round  28/50: acc=0.6605  f1m=0.6039  uplink_kB=62.9  t=1.17s
  round  29/50: acc=0.6628  f1m=0.6075  uplink_kB=62.9  t=1.14s
  round  30/50: acc=0.7412  f1m=0.6722  uplink_kB=62.9  t=1.23s
  round  31/50: acc=0.6334  f1m=0.5701  uplink_kB=62.9  t=1.12s
  round  32/50: acc=0.7440  f1m=0.6747  uplink_kB=62.9  t=1.22s
  round  33/50: acc=0.6384  f1m=0.5733  uplink_kB=62.9  t=1.11s
  round  34/50: acc=0.6376  f1m=0.5737  uplink_kB=62.9  t=1.13s
  round  35/50: acc=0.6419  f1m=0.5833  uplink_kB=62.9  t=1.13s
  round  36/50: acc=0.6486  f1m=0.5911  uplink_kB=62.9  t=1.12s
  round  37/50: acc=0.6514  f1m=0.5957  uplink_kB=62.9  t=1.14s
  round  38/50: acc=0.6475  f1m=0.5905  uplink_kB=62.9  t=1.16s
  round  39/50: acc=0.7307  f1m=0.6760  uplink_kB=62.9  t=1.14s
  round  40/50: acc=0.6514  f1m=0.5977  uplink_kB=62.9  t=1.16s
  round  41/50: acc=0.7269  f1m=0.6752  uplink_kB=62.9  t=1.12s
  round  42/50: acc=0.6508  f1m=0.5982  uplink_kB=62.9  t=1.12s
  round  43/50: acc=0.7321  f1m=0.6833  uplink_kB=62.9  t=1.13s
  round  44/50: acc=0.7338  f1m=0.6818  uplink_kB=62.9  t=1.10s
  round  45/50: acc=0.7345  f1m=0.6862  uplink_kB=62.9  t=1.15s
  round  46/50: acc=0.7256  f1m=0.6777  uplink_kB=62.9  t=1.18s
  round  47/50: acc=0.7298  f1m=0.6822  uplink_kB=62.9  t=1.20s
  round  48/50: acc=0.7384  f1m=0.6891  uplink_kB=62.9  t=1.07s
  round  49/50: acc=0.7331  f1m=0.6879  uplink_kB=62.9  t=1.11s
  round  50/50: acc=0.7339  f1m=0.6887  uplink_kB=62.9  t=1.19s
[run] DONE -> /Users/agentra/Documents/hao/working/paper-lab/hao-paper-2026/iotj-fedkan-ids/repo/results/mc_toniot/mc_mlp32_lr0p01__dir0.1__seed2026/metrics.json  final_acc=0.7339
