[run] device=cpu  seed=23  out=/Users/agentra/Documents/hao/working/paper-lab/hao-paper-2026/iotj-fedkan-ids/repo/results/lrsweep_toniot/lrsweep_kan16_lr0p003__dir0.1__seed23
[run] model=kan  params=6,560
  round   1/50: acc=0.6507  f1m=0.6206  uplink_kB=282.0  t=2.35s
  round   2/50: acc=0.7290  f1m=0.7209  uplink_kB=282.0  t=1.85s
  round   3/50: acc=0.7368  f1m=0.7322  uplink_kB=282.0  t=1.89s
  round   4/50: acc=0.7430  f1m=0.7391  uplink_kB=282.0  t=1.86s
  round   5/50: acc=0.7804  f1m=0.7790  uplink_kB=282.0  t=1.77s
  round   6/50: acc=0.7879  f1m=0.7864  uplink_kB=282.0  t=1.84s
  round   7/50: acc=0.8860  f1m=0.8860  uplink_kB=282.0  t=1.89s
  round   8/50: acc=0.8900  f1m=0.8900  uplink_kB=282.0  t=1.91s
  round   9/50: acc=0.8922  f1m=0.8922  uplink_kB=282.0  t=1.85s
  round  10/50: acc=0.8862  f1m=0.8861  uplink_kB=282.0  t=1.86s
  round  11/50: acc=0.8773  f1m=0.8770  uplink_kB=282.0  t=1.86s
  round  12/50: acc=0.8781  f1m=0.8778  uplink_kB=282.0  t=1.80s
  round  13/50: acc=0.8701  f1m=0.8695  uplink_kB=282.0  t=1.85s
  round  14/50: acc=0.8666  f1m=0.8658  uplink_kB=282.0  t=1.86s
  round  15/50: acc=0.8636  f1m=0.8625  uplink_kB=282.0  t=1.87s
  round  16/50: acc=0.8307  f1m=0.8282  uplink_kB=282.0  t=1.84s
  round  17/50: acc=0.8857  f1m=0.8852  uplink_kB=282.0  t=1.88s
  round  18/50: acc=0.8848  f1m=0.8842  uplink_kB=282.0  t=1.81s
  round  19/50: acc=0.8949  f1m=0.8944  uplink_kB=282.0  t=1.86s
  round  20/50: acc=0.9102  f1m=0.9099  uplink_kB=282.0  t=1.82s
  round  21/50: acc=0.9262  f1m=0.9261  uplink_kB=282.0  t=1.87s
  round  22/50: acc=0.9254  f1m=0.9253  uplink_kB=282.0  t=1.84s
  round  23/50: acc=0.9287  f1m=0.9285  uplink_kB=282.0  t=1.86s
  round  24/50: acc=0.9211  f1m=0.9209  uplink_kB=282.0  t=1.86s
  round  25/50: acc=0.9172  f1m=0.9170  uplink_kB=282.0  t=1.80s
  round  26/50: acc=0.9166  f1m=0.9164  uplink_kB=282.0  t=1.86s
  round  27/50: acc=0.9150  f1m=0.9147  uplink_kB=282.0  t=1.85s
  round  28/50: acc=0.9222  f1m=0.9220  uplink_kB=282.0  t=1.86s
  round  29/50: acc=0.9156  f1m=0.9153  uplink_kB=282.0  t=1.89s
  round  30/50: acc=0.9071  f1m=0.9067  uplink_kB=282.0  t=1.84s
  round  31/50: acc=0.9347  f1m=0.9346  uplink_kB=282.0  t=1.86s
  round  32/50: acc=0.9232  f1m=0.9230  uplink_kB=282.0  t=1.77s
  round  33/50: acc=0.9381  f1m=0.9380  uplink_kB=282.0  t=1.84s
  round  34/50: acc=0.9067  f1m=0.9063  uplink_kB=282.0  t=1.85s
  round  35/50: acc=0.9363  f1m=0.9362  uplink_kB=282.0  t=1.83s
  round  36/50: acc=0.9376  f1m=0.9375  uplink_kB=282.0  t=1.86s
  round  37/50: acc=0.9379  f1m=0.9379  uplink_kB=282.0  t=1.86s
  round  38/50: acc=0.9394  f1m=0.9394  uplink_kB=282.0  t=1.89s
  round  39/50: acc=0.9441  f1m=0.9440  uplink_kB=282.0  t=1.81s
  round  40/50: acc=0.9329  f1m=0.9328  uplink_kB=282.0  t=1.86s
  round  41/50: acc=0.9447  f1m=0.9446  uplink_kB=282.0  t=1.85s
  round  42/50: acc=0.9402  f1m=0.9401  uplink_kB=282.0  t=1.86s
  round  43/50: acc=0.9465  f1m=0.9465  uplink_kB=282.0  t=1.83s
  round  44/50: acc=0.9448  f1m=0.9448  uplink_kB=282.0  t=1.87s
  round  45/50: acc=0.9415  f1m=0.9414  uplink_kB=282.0  t=1.79s
  round  46/50: acc=0.9494  f1m=0.9494  uplink_kB=282.0  t=1.87s
  round  47/50: acc=0.9522  f1m=0.9522  uplink_kB=282.0  t=1.90s
  round  48/50: acc=0.9446  f1m=0.9446  uplink_kB=282.0  t=1.87s
  round  49/50: acc=0.9276  f1m=0.9274  uplink_kB=282.0  t=1.87s
  round  50/50: acc=0.9346  f1m=0.9344  uplink_kB=282.0  t=1.86s
[run] DONE -> /Users/agentra/Documents/hao/working/paper-lab/hao-paper-2026/iotj-fedkan-ids/repo/results/lrsweep_toniot/lrsweep_kan16_lr0p003__dir0.1__seed23/metrics.json  final_acc=0.9346
