[run] device=cpu  seed=2024  out=/Users/agentra/Documents/hao/working/paper-lab/hao-paper-2026/iotj-fedkan-ids/repo/results/lrsweep_botiot/lrsweep_mlp80_lr0p1__dir0.1__seed2024
[run] model=mlp  params=3,362
  round   1/50: acc=0.6847  f1m=0.6494  uplink_kB=131.3  t=1.34s
  round   2/50: acc=0.7024  f1m=0.6731  uplink_kB=131.3  t=0.68s
  round   3/50: acc=0.7272  f1m=0.7051  uplink_kB=131.3  t=0.68s
  round   4/50: acc=0.6669  f1m=0.6248  uplink_kB=131.3  t=0.66s
  round   5/50: acc=0.7282  f1m=0.7062  uplink_kB=131.3  t=0.62s
  round   6/50: acc=0.7168  f1m=0.6917  uplink_kB=131.3  t=0.67s
  round   7/50: acc=0.7231  f1m=0.6998  uplink_kB=131.3  t=0.70s
  round   8/50: acc=0.7270  f1m=0.7047  uplink_kB=131.3  t=0.69s
  round   9/50: acc=0.7999  f1m=0.7914  uplink_kB=131.3  t=0.70s
  round  10/50: acc=0.7279  f1m=0.7058  uplink_kB=131.3  t=0.68s
  round  11/50: acc=0.7991  f1m=0.7905  uplink_kB=131.3  t=0.64s
  round  12/50: acc=0.8004  f1m=0.7920  uplink_kB=131.3  t=0.68s
  round  13/50: acc=0.8049  f1m=0.7971  uplink_kB=131.3  t=0.65s
  round  14/50: acc=0.8190  f1m=0.8128  uplink_kB=131.3  t=0.73s
  round  15/50: acc=0.8095  f1m=0.8022  uplink_kB=131.3  t=0.72s
  round  16/50: acc=0.8067  f1m=0.7990  uplink_kB=131.3  t=0.71s
  round  17/50: acc=0.8387  f1m=0.8343  uplink_kB=131.3  t=0.64s
  round  18/50: acc=0.8195  f1m=0.8133  uplink_kB=131.3  t=0.70s
  round  19/50: acc=0.8874  f1m=0.8860  uplink_kB=131.3  t=0.70s
  round  20/50: acc=0.7482  f1m=0.7309  uplink_kB=131.3  t=0.69s
  round  21/50: acc=0.8778  f1m=0.8759  uplink_kB=131.3  t=0.71s
  round  22/50: acc=0.8523  f1m=0.8489  uplink_kB=131.3  t=0.67s
  round  23/50: acc=0.8358  f1m=0.8311  uplink_kB=131.3  t=0.69s
  round  24/50: acc=0.8616  f1m=0.8589  uplink_kB=131.3  t=0.65s
  round  25/50: acc=0.8355  f1m=0.8308  uplink_kB=131.3  t=0.70s
  round  26/50: acc=0.8395  f1m=0.8352  uplink_kB=131.3  t=0.66s
  round  27/50: acc=0.8352  f1m=0.8305  uplink_kB=131.3  t=0.68s
  round  28/50: acc=0.8630  f1m=0.8604  uplink_kB=131.3  t=0.71s
  round  29/50: acc=0.8596  f1m=0.8567  uplink_kB=131.3  t=0.71s
  round  30/50: acc=0.8591  f1m=0.8562  uplink_kB=131.3  t=0.63s
  round  31/50: acc=0.8800  f1m=0.8782  uplink_kB=131.3  t=0.68s
  round  32/50: acc=0.8854  f1m=0.8839  uplink_kB=131.3  t=0.66s
  round  33/50: acc=0.9049  f1m=0.9040  uplink_kB=131.3  t=0.66s
  round  34/50: acc=0.9116  f1m=0.9109  uplink_kB=131.3  t=0.69s
  round  35/50: acc=0.9113  f1m=0.9107  uplink_kB=131.3  t=0.69s
  round  36/50: acc=0.9033  f1m=0.9023  uplink_kB=131.3  t=0.64s
  round  37/50: acc=0.9136  f1m=0.9129  uplink_kB=131.3  t=0.68s
  round  38/50: acc=0.9128  f1m=0.9121  uplink_kB=131.3  t=0.71s
  round  39/50: acc=0.9208  f1m=0.9204  uplink_kB=131.3  t=0.68s
  round  40/50: acc=0.9120  f1m=0.9113  uplink_kB=131.3  t=0.75s
  round  41/50: acc=0.9062  f1m=0.9054  uplink_kB=131.3  t=0.71s
  round  42/50: acc=0.9054  f1m=0.9045  uplink_kB=131.3  t=0.62s
  round  43/50: acc=0.9189  f1m=0.9184  uplink_kB=131.3  t=0.69s
  round  44/50: acc=0.9133  f1m=0.9126  uplink_kB=131.3  t=0.71s
  round  45/50: acc=0.9135  f1m=0.9129  uplink_kB=131.3  t=0.66s
  round  46/50: acc=0.9131  f1m=0.9125  uplink_kB=131.3  t=0.63s
  round  47/50: acc=0.9746  f1m=0.9746  uplink_kB=131.3  t=0.70s
  round  48/50: acc=0.9117  f1m=0.9110  uplink_kB=131.3  t=0.72s
  round  49/50: acc=0.9201  f1m=0.9196  uplink_kB=131.3  t=0.69s
  round  50/50: acc=0.9131  f1m=0.9124  uplink_kB=131.3  t=0.60s
[run] DONE -> /Users/agentra/Documents/hao/working/paper-lab/hao-paper-2026/iotj-fedkan-ids/repo/results/lrsweep_botiot/lrsweep_mlp80_lr0p1__dir0.1__seed2024/metrics.json  final_acc=0.9131
