[run] device=cpu  seed=37  out=/Users/agentra/Documents/hao/working/paper-lab/hao-paper-2026/iotj-fedkan-ids/repo/results/lrsweep_toniot/lrsweep_kan8_lr0p01__dir0.1__seed37
[run] model=kan  params=3,280
  round   1/50: acc=0.6311  f1m=0.6211  uplink_kB=150.2  t=2.17s
  round   2/50: acc=0.7564  f1m=0.7563  uplink_kB=150.2  t=1.61s
  round   3/50: acc=0.7280  f1m=0.7262  uplink_kB=150.2  t=1.63s
  round   4/50: acc=0.7307  f1m=0.7283  uplink_kB=150.2  t=1.62s
  round   5/50: acc=0.8803  f1m=0.8801  uplink_kB=150.2  t=1.58s
  round   6/50: acc=0.8787  f1m=0.8786  uplink_kB=150.2  t=1.54s
  round   7/50: acc=0.8923  f1m=0.8923  uplink_kB=150.2  t=1.61s
  round   8/50: acc=0.9077  f1m=0.9077  uplink_kB=150.2  t=1.59s
  round   9/50: acc=0.8931  f1m=0.8927  uplink_kB=150.2  t=1.62s
  round  10/50: acc=0.8944  f1m=0.8943  uplink_kB=150.2  t=1.60s
  round  11/50: acc=0.8423  f1m=0.8390  uplink_kB=150.2  t=1.67s
  round  12/50: acc=0.8898  f1m=0.8897  uplink_kB=150.2  t=1.64s
  round  13/50: acc=0.8419  f1m=0.8388  uplink_kB=150.2  t=1.54s
  round  14/50: acc=0.9174  f1m=0.9172  uplink_kB=150.2  t=1.61s
  round  15/50: acc=0.7963  f1m=0.7885  uplink_kB=150.2  t=1.63s
  round  16/50: acc=0.8752  f1m=0.8751  uplink_kB=150.2  t=1.63s
  round  17/50: acc=0.8849  f1m=0.8843  uplink_kB=150.2  t=1.62s
  round  18/50: acc=0.8813  f1m=0.8803  uplink_kB=150.2  t=1.58s
  round  19/50: acc=0.9305  f1m=0.9305  uplink_kB=150.2  t=1.55s
  round  20/50: acc=0.8358  f1m=0.8323  uplink_kB=150.2  t=1.60s
  round  21/50: acc=0.9104  f1m=0.9101  uplink_kB=150.2  t=1.64s
  round  22/50: acc=0.7842  f1m=0.7750  uplink_kB=150.2  t=1.59s
  round  23/50: acc=0.9116  f1m=0.9115  uplink_kB=150.2  t=1.64s
  round  24/50: acc=0.7534  f1m=0.7393  uplink_kB=150.2  t=1.60s
  round  25/50: acc=0.9309  f1m=0.9309  uplink_kB=150.2  t=1.54s
  round  26/50: acc=0.7805  f1m=0.7702  uplink_kB=150.2  t=1.63s
  round  27/50: acc=0.9220  f1m=0.9218  uplink_kB=150.2  t=1.62s
  round  28/50: acc=0.8271  f1m=0.8225  uplink_kB=150.2  t=1.60s
  round  29/50: acc=0.9153  f1m=0.9151  uplink_kB=150.2  t=1.62s
  round  30/50: acc=0.7893  f1m=0.7806  uplink_kB=150.2  t=1.63s
  round  31/50: acc=0.8964  f1m=0.8963  uplink_kB=150.2  t=1.56s
  round  32/50: acc=0.8098  f1m=0.8038  uplink_kB=150.2  t=1.61s
  round  33/50: acc=0.8925  f1m=0.8925  uplink_kB=150.2  t=1.64s
  round  34/50: acc=0.8417  f1m=0.8382  uplink_kB=150.2  t=1.62s
  round  35/50: acc=0.8951  f1m=0.8949  uplink_kB=150.2  t=1.63s
  round  36/50: acc=0.8419  f1m=0.8385  uplink_kB=150.2  t=1.60s
  round  37/50: acc=0.9296  f1m=0.9296  uplink_kB=150.2  t=1.55s
  round  38/50: acc=0.8443  f1m=0.8410  uplink_kB=150.2  t=1.60s
  round  39/50: acc=0.8744  f1m=0.8743  uplink_kB=150.2  t=1.60s
  round  40/50: acc=0.8350  f1m=0.8311  uplink_kB=150.2  t=1.62s
  round  41/50: acc=0.9161  f1m=0.9160  uplink_kB=150.2  t=1.63s
  round  42/50: acc=0.8020  f1m=0.7947  uplink_kB=150.2  t=1.61s
  round  43/50: acc=0.8750  f1m=0.8750  uplink_kB=150.2  t=1.64s
  round  44/50: acc=0.8056  f1m=0.7988  uplink_kB=150.2  t=1.56s
  round  45/50: acc=0.8920  f1m=0.8920  uplink_kB=150.2  t=1.59s
  round  46/50: acc=0.7993  f1m=0.7919  uplink_kB=150.2  t=1.60s
  round  47/50: acc=0.8566  f1m=0.8565  uplink_kB=150.2  t=1.60s
  round  48/50: acc=0.9125  f1m=0.9125  uplink_kB=150.2  t=1.58s
  round  49/50: acc=0.8616  f1m=0.8593  uplink_kB=150.2  t=1.63s
  round  50/50: acc=0.9069  f1m=0.9069  uplink_kB=150.2  t=1.49s
[run] DONE -> /Users/agentra/Documents/hao/working/paper-lab/hao-paper-2026/iotj-fedkan-ids/repo/results/lrsweep_toniot/lrsweep_kan8_lr0p01__dir0.1__seed37/metrics.json  final_acc=0.9069
