[run] device=cpu  seed=37  out=/Users/agentra/Documents/hao/working/paper-lab/hao-paper-2026/iotj-fedkan-ids/repo/results/lrsweep_cseciic/lrsweep_kan16_lr0p001__dir0.1__seed37
[run] model=kan  params=6,560
  round   1/50: acc=0.7450  f1m=0.7335  uplink_kB=282.0  t=2.41s
  round   2/50: acc=0.7458  f1m=0.7346  uplink_kB=282.0  t=1.91s
  round   3/50: acc=0.8402  f1m=0.8383  uplink_kB=282.0  t=1.90s
  round   4/50: acc=0.9213  f1m=0.9212  uplink_kB=282.0  t=1.89s
  round   5/50: acc=0.9170  f1m=0.9168  uplink_kB=282.0  t=1.91s
  round   6/50: acc=0.9183  f1m=0.9181  uplink_kB=282.0  t=1.86s
  round   7/50: acc=0.9198  f1m=0.9196  uplink_kB=282.0  t=1.92s
  round   8/50: acc=0.9217  f1m=0.9215  uplink_kB=282.0  t=1.89s
  round   9/50: acc=0.9239  f1m=0.9237  uplink_kB=282.0  t=1.90s
  round  10/50: acc=0.9249  f1m=0.9246  uplink_kB=282.0  t=1.90s
  round  11/50: acc=0.9311  f1m=0.9309  uplink_kB=282.0  t=1.90s
  round  12/50: acc=0.9320  f1m=0.9318  uplink_kB=282.0  t=1.91s
  round  13/50: acc=0.9324  f1m=0.9322  uplink_kB=282.0  t=1.85s
  round  14/50: acc=0.9313  f1m=0.9310  uplink_kB=282.0  t=1.90s
  round  15/50: acc=0.9366  f1m=0.9364  uplink_kB=282.0  t=1.92s
  round  16/50: acc=0.9582  f1m=0.9582  uplink_kB=282.0  t=1.90s
  round  17/50: acc=0.9590  f1m=0.9589  uplink_kB=282.0  t=1.91s
  round  18/50: acc=0.9591  f1m=0.9591  uplink_kB=282.0  t=1.91s
  round  19/50: acc=0.9591  f1m=0.9591  uplink_kB=282.0  t=1.82s
  round  20/50: acc=0.9603  f1m=0.9602  uplink_kB=282.0  t=1.91s
  round  21/50: acc=0.9652  f1m=0.9651  uplink_kB=282.0  t=1.89s
  round  22/50: acc=0.9657  f1m=0.9656  uplink_kB=282.0  t=1.91s
  round  23/50: acc=0.9657  f1m=0.9657  uplink_kB=282.0  t=1.88s
  round  24/50: acc=0.9658  f1m=0.9658  uplink_kB=282.0  t=1.89s
  round  25/50: acc=0.9673  f1m=0.9673  uplink_kB=282.0  t=1.85s
  round  26/50: acc=0.9718  f1m=0.9718  uplink_kB=282.0  t=1.91s
  round  27/50: acc=0.9677  f1m=0.9677  uplink_kB=282.0  t=1.94s
  round  28/50: acc=0.9722  f1m=0.9722  uplink_kB=282.0  t=2.15s
  round  29/50: acc=0.9725  f1m=0.9724  uplink_kB=282.0  t=2.30s
  round  30/50: acc=0.9725  f1m=0.9725  uplink_kB=282.0  t=2.03s
  round  31/50: acc=0.9728  f1m=0.9728  uplink_kB=282.0  t=1.97s
  round  32/50: acc=0.9727  f1m=0.9727  uplink_kB=282.0  t=1.97s
  round  33/50: acc=0.9730  f1m=0.9730  uplink_kB=282.0  t=1.96s
  round  34/50: acc=0.9738  f1m=0.9738  uplink_kB=282.0  t=2.11s
  round  35/50: acc=0.9741  f1m=0.9740  uplink_kB=282.0  t=1.87s
  round  36/50: acc=0.9730  f1m=0.9730  uplink_kB=282.0  t=1.99s
  round  37/50: acc=0.9734  f1m=0.9734  uplink_kB=282.0  t=1.94s
  round  38/50: acc=0.9744  f1m=0.9744  uplink_kB=282.0  t=1.94s
  round  39/50: acc=0.9744  f1m=0.9744  uplink_kB=282.0  t=1.91s
  round  40/50: acc=0.9743  f1m=0.9743  uplink_kB=282.0  t=1.92s
  round  41/50: acc=0.9746  f1m=0.9746  uplink_kB=282.0  t=1.93s
  round  42/50: acc=0.9745  f1m=0.9745  uplink_kB=282.0  t=1.94s
  round  43/50: acc=0.9748  f1m=0.9748  uplink_kB=282.0  t=1.89s
  round  44/50: acc=0.9745  f1m=0.9745  uplink_kB=282.0  t=1.87s
  round  45/50: acc=0.9744  f1m=0.9744  uplink_kB=282.0  t=1.90s
  round  46/50: acc=0.9747  f1m=0.9747  uplink_kB=282.0  t=1.94s
  round  47/50: acc=0.9755  f1m=0.9755  uplink_kB=282.0  t=1.92s
  round  48/50: acc=0.9755  f1m=0.9755  uplink_kB=282.0  t=1.92s
  round  49/50: acc=0.9755  f1m=0.9754  uplink_kB=282.0  t=1.94s
  round  50/50: acc=0.9756  f1m=0.9756  uplink_kB=282.0  t=1.88s
[run] DONE -> /Users/agentra/Documents/hao/working/paper-lab/hao-paper-2026/iotj-fedkan-ids/repo/results/lrsweep_cseciic/lrsweep_kan16_lr0p001__dir0.1__seed37/metrics.json  final_acc=0.9756
