[run] device=cpu  seed=43  out=/Users/agentra/Documents/hao/working/paper-lab/hao-paper-2026/iotj-fedkan-ids/repo/results/lrsweep_cseciic_mc50k/lrsweep_kan8_lr0p01__dir0.1__seed43
[run] model=kan  params=4,320
  round   1/50: acc=0.2218  f1m=0.0533  uplink_kB=190.8  t=3.22s
  round   2/50: acc=0.3677  f1m=0.1182  uplink_kB=190.8  t=2.58s
  round   3/50: acc=0.5497  f1m=0.2708  uplink_kB=190.8  t=2.63s
  round   4/50: acc=0.5931  f1m=0.3755  uplink_kB=190.8  t=2.56s
  round   5/50: acc=0.5986  f1m=0.3781  uplink_kB=190.8  t=2.55s
  round   6/50: acc=0.6063  f1m=0.4053  uplink_kB=190.8  t=2.55s
  round   7/50: acc=0.6122  f1m=0.4134  uplink_kB=190.8  t=2.63s
  round   8/50: acc=0.6945  f1m=0.4744  uplink_kB=190.8  t=2.57s
  round   9/50: acc=0.6981  f1m=0.4745  uplink_kB=190.8  t=2.60s
  round  10/50: acc=0.6977  f1m=0.4791  uplink_kB=190.8  t=2.59s
  round  11/50: acc=0.7102  f1m=0.5176  uplink_kB=190.8  t=2.68s
  round  12/50: acc=0.7080  f1m=0.5084  uplink_kB=190.8  t=2.52s
  round  13/50: acc=0.7409  f1m=0.5574  uplink_kB=190.8  t=2.71s
  round  14/50: acc=0.7150  f1m=0.5206  uplink_kB=190.8  t=2.58s
  round  15/50: acc=0.7806  f1m=0.6194  uplink_kB=190.8  t=2.69s
  round  16/50: acc=0.7269  f1m=0.5369  uplink_kB=190.8  t=2.50s
  round  17/50: acc=0.7635  f1m=0.6014  uplink_kB=190.8  t=2.67s
  round  18/50: acc=0.7495  f1m=0.5948  uplink_kB=190.8  t=2.55s
  round  19/50: acc=0.7357  f1m=0.5490  uplink_kB=190.8  t=2.62s
  round  20/50: acc=0.7755  f1m=0.6250  uplink_kB=190.8  t=2.56s
  round  21/50: acc=0.7986  f1m=0.6537  uplink_kB=190.8  t=2.65s
  round  22/50: acc=0.8083  f1m=0.6646  uplink_kB=190.8  t=2.53s
  round  23/50: acc=0.8042  f1m=0.6634  uplink_kB=190.8  t=2.64s
  round  24/50: acc=0.7666  f1m=0.6170  uplink_kB=190.8  t=3.10s
  round  25/50: acc=0.8472  f1m=0.7034  uplink_kB=190.8  t=2.61s
  round  26/50: acc=0.7856  f1m=0.6431  uplink_kB=190.8  t=2.54s
  round  27/50: acc=0.8433  f1m=0.6996  uplink_kB=190.8  t=2.61s
  round  28/50: acc=0.8280  f1m=0.6861  uplink_kB=190.8  t=2.57s
  round  29/50: acc=0.8464  f1m=0.6972  uplink_kB=190.8  t=2.61s
  round  30/50: acc=0.8470  f1m=0.6973  uplink_kB=190.8  t=2.63s
  round  31/50: acc=0.8412  f1m=0.6903  uplink_kB=190.8  t=2.71s
  round  32/50: acc=0.8481  f1m=0.7030  uplink_kB=190.8  t=2.63s
  round  33/50: acc=0.8401  f1m=0.6885  uplink_kB=190.8  t=2.74s
  round  34/50: acc=0.8540  f1m=0.7077  uplink_kB=190.8  t=2.76s
  round  35/50: acc=0.8483  f1m=0.7029  uplink_kB=190.8  t=2.77s
  round  36/50: acc=0.8646  f1m=0.7194  uplink_kB=190.8  t=2.65s
  round  37/50: acc=0.8323  f1m=0.6861  uplink_kB=190.8  t=2.70s
  round  38/50: acc=0.8502  f1m=0.7019  uplink_kB=190.8  t=2.69s
  round  39/50: acc=0.8606  f1m=0.7159  uplink_kB=190.8  t=2.72s
  round  40/50: acc=0.8585  f1m=0.7143  uplink_kB=190.8  t=2.63s
  round  41/50: acc=0.8651  f1m=0.7200  uplink_kB=190.8  t=2.72s
  round  42/50: acc=0.8702  f1m=0.7260  uplink_kB=190.8  t=2.64s
  round  43/50: acc=0.8264  f1m=0.6859  uplink_kB=190.8  t=2.69s
  round  44/50: acc=0.8718  f1m=0.7272  uplink_kB=190.8  t=2.60s
  round  45/50: acc=0.8270  f1m=0.6915  uplink_kB=190.8  t=2.68s
  round  46/50: acc=0.8719  f1m=0.7266  uplink_kB=190.8  t=2.63s
  round  47/50: acc=0.8554  f1m=0.7111  uplink_kB=190.8  t=2.66s
  round  48/50: acc=0.8402  f1m=0.6964  uplink_kB=190.8  t=2.60s
  round  49/50: acc=0.8772  f1m=0.7261  uplink_kB=190.8  t=2.64s
  round  50/50: acc=0.8486  f1m=0.7085  uplink_kB=190.8  t=2.57s
[run] DONE -> /Users/agentra/Documents/hao/working/paper-lab/hao-paper-2026/iotj-fedkan-ids/repo/results/lrsweep_cseciic_mc50k/lrsweep_kan8_lr0p01__dir0.1__seed43/metrics.json  final_acc=0.8486
