[run] device=cpu  seed=17  out=/Users/agentra/Documents/hao/working/paper-lab/hao-paper-2026/iotj-fedkan-ids/repo/results/lrsweep_botiot/lrsweep_kan16_lr0p001__dir0.1__seed17
[run] model=kan  params=6,560
  round   1/50: acc=0.9270  f1m=0.9270  uplink_kB=282.0  t=2.93s
  round   2/50: acc=0.9368  f1m=0.9368  uplink_kB=282.0  t=2.27s
  round   3/50: acc=0.9393  f1m=0.9393  uplink_kB=282.0  t=2.23s
  round   4/50: acc=0.9604  f1m=0.9604  uplink_kB=282.0  t=2.13s
  round   5/50: acc=0.9634  f1m=0.9634  uplink_kB=282.0  t=2.06s
  round   6/50: acc=0.9682  f1m=0.9682  uplink_kB=282.0  t=2.08s
  round   7/50: acc=0.9682  f1m=0.9682  uplink_kB=282.0  t=2.18s
  round   8/50: acc=0.9703  f1m=0.9702  uplink_kB=282.0  t=2.15s
  round   9/50: acc=0.9701  f1m=0.9701  uplink_kB=282.0  t=2.09s
  round  10/50: acc=0.9717  f1m=0.9717  uplink_kB=282.0  t=2.13s
  round  11/50: acc=0.9718  f1m=0.9718  uplink_kB=282.0  t=2.17s
  round  12/50: acc=0.9719  f1m=0.9719  uplink_kB=282.0  t=2.17s
  round  13/50: acc=0.9719  f1m=0.9719  uplink_kB=282.0  t=2.08s
  round  14/50: acc=0.9720  f1m=0.9720  uplink_kB=282.0  t=2.14s
  round  15/50: acc=0.9720  f1m=0.9720  uplink_kB=282.0  t=2.18s
  round  16/50: acc=0.9724  f1m=0.9724  uplink_kB=282.0  t=2.14s
  round  17/50: acc=0.9725  f1m=0.9725  uplink_kB=282.0  t=2.15s
  round  18/50: acc=0.9726  f1m=0.9726  uplink_kB=282.0  t=2.03s
  round  19/50: acc=0.9725  f1m=0.9725  uplink_kB=282.0  t=2.14s
  round  20/50: acc=0.9727  f1m=0.9726  uplink_kB=282.0  t=2.10s
  round  21/50: acc=0.9727  f1m=0.9727  uplink_kB=282.0  t=2.02s
  round  22/50: acc=0.9727  f1m=0.9727  uplink_kB=282.0  t=1.93s
  round  23/50: acc=0.9727  f1m=0.9727  uplink_kB=282.0  t=1.90s
  round  24/50: acc=0.9727  f1m=0.9727  uplink_kB=282.0  t=1.93s
  round  25/50: acc=0.9728  f1m=0.9728  uplink_kB=282.0  t=1.84s
  round  26/50: acc=0.9728  f1m=0.9728  uplink_kB=282.0  t=1.89s
  round  27/50: acc=0.9736  f1m=0.9736  uplink_kB=282.0  t=1.95s
  round  28/50: acc=0.9736  f1m=0.9735  uplink_kB=282.0  t=1.93s
  round  29/50: acc=0.9728  f1m=0.9728  uplink_kB=282.0  t=1.92s
  round  30/50: acc=0.9739  f1m=0.9739  uplink_kB=282.0  t=1.98s
  round  31/50: acc=0.9739  f1m=0.9739  uplink_kB=282.0  t=1.94s
  round  32/50: acc=0.9739  f1m=0.9739  uplink_kB=282.0  t=1.83s
  round  33/50: acc=0.9739  f1m=0.9739  uplink_kB=282.0  t=1.87s
  round  34/50: acc=0.9739  f1m=0.9739  uplink_kB=282.0  t=1.86s
  round  35/50: acc=0.9740  f1m=0.9740  uplink_kB=282.0  t=1.91s
  round  36/50: acc=0.9740  f1m=0.9740  uplink_kB=282.0  t=1.85s
  round  37/50: acc=0.9740  f1m=0.9740  uplink_kB=282.0  t=1.88s
  round  38/50: acc=0.9740  f1m=0.9739  uplink_kB=282.0  t=1.87s
  round  39/50: acc=0.9741  f1m=0.9741  uplink_kB=282.0  t=1.82s
  round  40/50: acc=0.9742  f1m=0.9742  uplink_kB=282.0  t=1.88s
  round  41/50: acc=0.9743  f1m=0.9743  uplink_kB=282.0  t=1.90s
  round  42/50: acc=0.9740  f1m=0.9740  uplink_kB=282.0  t=1.90s
  round  43/50: acc=0.9741  f1m=0.9741  uplink_kB=282.0  t=1.90s
  round  44/50: acc=0.9741  f1m=0.9741  uplink_kB=282.0  t=1.86s
  round  45/50: acc=0.9743  f1m=0.9743  uplink_kB=282.0  t=1.98s
  round  46/50: acc=0.9741  f1m=0.9741  uplink_kB=282.0  t=1.85s
  round  47/50: acc=0.9741  f1m=0.9741  uplink_kB=282.0  t=1.96s
  round  48/50: acc=0.9743  f1m=0.9742  uplink_kB=282.0  t=1.88s
  round  49/50: acc=0.9742  f1m=0.9742  uplink_kB=282.0  t=1.97s
  round  50/50: acc=0.9743  f1m=0.9743  uplink_kB=282.0  t=1.92s
[run] DONE -> /Users/agentra/Documents/hao/working/paper-lab/hao-paper-2026/iotj-fedkan-ids/repo/results/lrsweep_botiot/lrsweep_kan16_lr0p001__dir0.1__seed17/metrics.json  final_acc=0.9743
