[run] device=cpu  seed=43  out=/Users/agentra/Documents/hao/working/paper-lab/hao-paper-2026/iotj-fedkan-ids/repo/results/lrsweep_cseciic_mc/lrsweep_mlp32_lr0p1__dir0.1__seed43
[run] model=mlp  params=1,775
  round   1/50: acc=0.3848  f1m=0.1044  uplink_kB=69.3  t=2.80s
  round   2/50: acc=0.3991  f1m=0.1614  uplink_kB=69.3  t=2.09s
  round   3/50: acc=0.5326  f1m=0.2714  uplink_kB=69.3  t=2.27s
  round   4/50: acc=0.5612  f1m=0.2857  uplink_kB=69.3  t=2.14s
  round   5/50: acc=0.5816  f1m=0.2980  uplink_kB=69.3  t=2.10s
  round   6/50: acc=0.6473  f1m=0.3695  uplink_kB=69.3  t=2.13s
  round   7/50: acc=0.5225  f1m=0.2859  uplink_kB=69.3  t=2.07s
  round   8/50: acc=0.5450  f1m=0.2772  uplink_kB=69.3  t=2.05s
  round   9/50: acc=0.6227  f1m=0.3568  uplink_kB=69.3  t=2.08s
  round  10/50: acc=0.6183  f1m=0.3154  uplink_kB=69.3  t=2.01s
  round  11/50: acc=0.4742  f1m=0.2849  uplink_kB=69.3  t=2.12s
  round  12/50: acc=0.4839  f1m=0.2692  uplink_kB=69.3  t=2.08s
  round  13/50: acc=0.6787  f1m=0.3646  uplink_kB=69.3  t=2.13s
  round  14/50: acc=0.7744  f1m=0.4435  uplink_kB=69.3  t=2.06s
  round  15/50: acc=0.4982  f1m=0.3248  uplink_kB=69.3  t=2.13s
  round  16/50: acc=0.6662  f1m=0.3807  uplink_kB=69.3  t=2.04s
  round  17/50: acc=0.6327  f1m=0.3441  uplink_kB=69.3  t=2.11s
  round  18/50: acc=0.6196  f1m=0.3229  uplink_kB=69.3  t=2.08s
  round  19/50: acc=0.6689  f1m=0.4516  uplink_kB=69.3  t=2.17s
  round  20/50: acc=0.6657  f1m=0.4041  uplink_kB=69.3  t=2.08s
  round  21/50: acc=0.6540  f1m=0.4369  uplink_kB=69.3  t=2.03s
  round  22/50: acc=0.6302  f1m=0.3843  uplink_kB=69.3  t=2.07s
  round  23/50: acc=0.6827  f1m=0.4393  uplink_kB=69.3  t=2.11s
  round  24/50: acc=0.6508  f1m=0.4429  uplink_kB=69.3  t=2.03s
  round  25/50: acc=0.7679  f1m=0.4382  uplink_kB=69.3  t=2.06s
  round  26/50: acc=0.7295  f1m=0.4201  uplink_kB=69.3  t=2.13s
  round  27/50: acc=0.7143  f1m=0.4397  uplink_kB=69.3  t=2.19s
  round  28/50: acc=0.5811  f1m=0.3688  uplink_kB=69.3  t=2.12s
  round  29/50: acc=0.6533  f1m=0.3823  uplink_kB=69.3  t=2.12s
  round  30/50: acc=0.7361  f1m=0.4226  uplink_kB=69.3  t=2.21s
  round  31/50: acc=0.6402  f1m=0.3605  uplink_kB=69.3  t=2.11s
  round  32/50: acc=0.7520  f1m=0.4263  uplink_kB=69.3  t=2.03s
  round  33/50: acc=0.7497  f1m=0.4850  uplink_kB=69.3  t=2.15s
  round  34/50: acc=0.6696  f1m=0.4287  uplink_kB=69.3  t=2.12s
  round  35/50: acc=0.7752  f1m=0.4644  uplink_kB=69.3  t=2.08s
  round  36/50: acc=0.7583  f1m=0.4742  uplink_kB=69.3  t=2.15s
  round  37/50: acc=0.7612  f1m=0.4824  uplink_kB=69.3  t=2.09s
  round  38/50: acc=0.6141  f1m=0.3169  uplink_kB=69.3  t=2.12s
  round  39/50: acc=0.7377  f1m=0.4153  uplink_kB=69.3  t=2.07s
  round  40/50: acc=0.7736  f1m=0.5145  uplink_kB=69.3  t=2.13s
  round  41/50: acc=0.7663  f1m=0.4908  uplink_kB=69.3  t=2.11s
  round  42/50: acc=0.7651  f1m=0.4518  uplink_kB=69.3  t=2.10s
  round  43/50: acc=0.6218  f1m=0.3625  uplink_kB=69.3  t=2.05s
  round  44/50: acc=0.7572  f1m=0.4451  uplink_kB=69.3  t=2.10s
  round  45/50: acc=0.7862  f1m=0.4713  uplink_kB=69.3  t=2.06s
  round  46/50: acc=0.7879  f1m=0.5268  uplink_kB=69.3  t=2.04s
  round  47/50: acc=0.7633  f1m=0.4042  uplink_kB=69.3  t=2.11s
  round  48/50: acc=0.7718  f1m=0.4156  uplink_kB=69.3  t=2.17s
  round  49/50: acc=0.7610  f1m=0.4853  uplink_kB=69.3  t=2.14s
  round  50/50: acc=0.7396  f1m=0.4269  uplink_kB=69.3  t=2.09s
[run] DONE -> /Users/agentra/Documents/hao/working/paper-lab/hao-paper-2026/iotj-fedkan-ids/repo/results/lrsweep_cseciic_mc/lrsweep_mlp32_lr0p1__dir0.1__seed43/metrics.json  final_acc=0.7396
