[run] device=cpu  seed=104  out=/Users/agentra/Documents/hao/working/paper-lab/hao-paper-2026/iotj-fedkan-ids/repo/results/lrsweep_cseciic/lrsweep_mlp80_lr0p01__dir0.1__seed104
[run] model=mlp  params=3,362
  round   1/50: acc=0.9374  f1m=0.9372  uplink_kB=131.3  t=1.45s
  round   2/50: acc=0.9678  f1m=0.9678  uplink_kB=131.3  t=0.82s
  round   3/50: acc=0.9665  f1m=0.9665  uplink_kB=131.3  t=0.86s
  round   4/50: acc=0.9694  f1m=0.9694  uplink_kB=131.3  t=0.83s
  round   5/50: acc=0.9707  f1m=0.9707  uplink_kB=131.3  t=0.75s
  round   6/50: acc=0.9720  f1m=0.9720  uplink_kB=131.3  t=0.81s
  round   7/50: acc=0.9725  f1m=0.9725  uplink_kB=131.3  t=0.81s
  round   8/50: acc=0.9732  f1m=0.9732  uplink_kB=131.3  t=0.84s
  round   9/50: acc=0.9737  f1m=0.9737  uplink_kB=131.3  t=0.83s
  round  10/50: acc=0.9734  f1m=0.9734  uplink_kB=131.3  t=0.86s
  round  11/50: acc=0.9745  f1m=0.9745  uplink_kB=131.3  t=0.79s
  round  12/50: acc=0.9747  f1m=0.9747  uplink_kB=131.3  t=0.85s
  round  13/50: acc=0.9750  f1m=0.9750  uplink_kB=131.3  t=0.80s
  round  14/50: acc=0.9749  f1m=0.9749  uplink_kB=131.3  t=0.83s
  round  15/50: acc=0.9756  f1m=0.9756  uplink_kB=131.3  t=0.86s
  round  16/50: acc=0.9758  f1m=0.9758  uplink_kB=131.3  t=0.75s
  round  17/50: acc=0.9762  f1m=0.9761  uplink_kB=131.3  t=0.89s
  round  18/50: acc=0.9751  f1m=0.9751  uplink_kB=131.3  t=0.80s
  round  19/50: acc=0.9762  f1m=0.9762  uplink_kB=131.3  t=0.85s
  round  20/50: acc=0.9761  f1m=0.9760  uplink_kB=131.3  t=0.90s
  round  21/50: acc=0.9759  f1m=0.9759  uplink_kB=131.3  t=0.84s
  round  22/50: acc=0.9761  f1m=0.9761  uplink_kB=131.3  t=0.77s
  round  23/50: acc=0.9765  f1m=0.9765  uplink_kB=131.3  t=0.83s
  round  24/50: acc=0.9763  f1m=0.9763  uplink_kB=131.3  t=0.81s
  round  25/50: acc=0.9763  f1m=0.9763  uplink_kB=131.3  t=0.83s
  round  26/50: acc=0.9762  f1m=0.9762  uplink_kB=131.3  t=0.85s
  round  27/50: acc=0.9767  f1m=0.9767  uplink_kB=131.3  t=0.86s
  round  28/50: acc=0.9762  f1m=0.9762  uplink_kB=131.3  t=0.76s
  round  29/50: acc=0.9763  f1m=0.9763  uplink_kB=131.3  t=0.79s
  round  30/50: acc=0.9764  f1m=0.9764  uplink_kB=131.3  t=0.84s
  round  31/50: acc=0.9766  f1m=0.9765  uplink_kB=131.3  t=0.85s
  round  32/50: acc=0.9764  f1m=0.9764  uplink_kB=131.3  t=0.84s
  round  33/50: acc=0.9762  f1m=0.9762  uplink_kB=131.3  t=0.85s
  round  34/50: acc=0.9764  f1m=0.9764  uplink_kB=131.3  t=0.79s
  round  35/50: acc=0.9763  f1m=0.9763  uplink_kB=131.3  t=0.83s
  round  36/50: acc=0.9766  f1m=0.9766  uplink_kB=131.3  t=0.87s
  round  37/50: acc=0.9763  f1m=0.9763  uplink_kB=131.3  t=0.81s
  round  38/50: acc=0.9767  f1m=0.9767  uplink_kB=131.3  t=0.83s
  round  39/50: acc=0.9764  f1m=0.9764  uplink_kB=131.3  t=0.78s
  round  40/50: acc=0.9763  f1m=0.9763  uplink_kB=131.3  t=0.85s
  round  41/50: acc=0.9768  f1m=0.9768  uplink_kB=131.3  t=0.83s
  round  42/50: acc=0.9766  f1m=0.9766  uplink_kB=131.3  t=0.86s
  round  43/50: acc=0.9767  f1m=0.9767  uplink_kB=131.3  t=0.86s
  round  44/50: acc=0.9768  f1m=0.9768  uplink_kB=131.3  t=0.83s
  round  45/50: acc=0.9766  f1m=0.9766  uplink_kB=131.3  t=0.83s
  round  46/50: acc=0.9767  f1m=0.9767  uplink_kB=131.3  t=0.74s
  round  47/50: acc=0.9768  f1m=0.9768  uplink_kB=131.3  t=0.81s
  round  48/50: acc=0.9767  f1m=0.9767  uplink_kB=131.3  t=0.84s
  round  49/50: acc=0.9768  f1m=0.9768  uplink_kB=131.3  t=0.81s
  round  50/50: acc=0.9769  f1m=0.9769  uplink_kB=131.3  t=0.86s
[run] DONE -> /Users/agentra/Documents/hao/working/paper-lab/hao-paper-2026/iotj-fedkan-ids/repo/results/lrsweep_cseciic/lrsweep_mlp80_lr0p01__dir0.1__seed104/metrics.json  final_acc=0.9769
