[run] device=cpu  seed=117  out=/Users/agentra/Documents/hao/working/paper-lab/hao-paper-2026/iotj-fedkan-ids/repo/results/lrsweep_cseciic_mc50k/lrsweep_kan8_lr0p01__dir0.1__seed117
[run] model=kan  params=4,320
  round   1/50: acc=0.1525  f1m=0.0602  uplink_kB=190.8  t=3.84s
  round   2/50: acc=0.2941  f1m=0.2225  uplink_kB=190.8  t=3.00s
  round   3/50: acc=0.5011  f1m=0.3219  uplink_kB=190.8  t=3.29s
  round   4/50: acc=0.5187  f1m=0.3400  uplink_kB=190.8  t=2.89s
  round   5/50: acc=0.5602  f1m=0.3709  uplink_kB=190.8  t=2.93s
  round   6/50: acc=0.6757  f1m=0.4660  uplink_kB=190.8  t=2.95s
  round   7/50: acc=0.7560  f1m=0.5382  uplink_kB=190.8  t=2.77s
  round   8/50: acc=0.7574  f1m=0.5420  uplink_kB=190.8  t=2.90s
  round   9/50: acc=0.7868  f1m=0.5605  uplink_kB=190.8  t=2.91s
  round  10/50: acc=0.7935  f1m=0.5694  uplink_kB=190.8  t=2.92s
  round  11/50: acc=0.8065  f1m=0.5815  uplink_kB=190.8  t=2.81s
  round  12/50: acc=0.8096  f1m=0.6032  uplink_kB=190.8  t=2.87s
  round  13/50: acc=0.8160  f1m=0.6133  uplink_kB=190.8  t=2.88s
  round  14/50: acc=0.8072  f1m=0.6102  uplink_kB=190.8  t=2.86s
  round  15/50: acc=0.8188  f1m=0.6268  uplink_kB=190.8  t=2.79s
  round  16/50: acc=0.8011  f1m=0.6060  uplink_kB=190.8  t=2.89s
  round  17/50: acc=0.7848  f1m=0.5855  uplink_kB=190.8  t=2.81s
  round  18/50: acc=0.8052  f1m=0.6031  uplink_kB=190.8  t=2.92s
  round  19/50: acc=0.8022  f1m=0.6022  uplink_kB=190.8  t=2.79s
  round  20/50: acc=0.8366  f1m=0.6332  uplink_kB=190.8  t=2.88s
  round  21/50: acc=0.8254  f1m=0.6303  uplink_kB=190.8  t=2.80s
  round  22/50: acc=0.8311  f1m=0.6402  uplink_kB=190.8  t=2.91s
  round  23/50: acc=0.8356  f1m=0.6291  uplink_kB=190.8  t=2.82s
  round  24/50: acc=0.8325  f1m=0.6339  uplink_kB=190.8  t=2.99s
  round  25/50: acc=0.8335  f1m=0.6275  uplink_kB=190.8  t=2.85s
  round  26/50: acc=0.8245  f1m=0.6137  uplink_kB=190.8  t=2.82s
  round  27/50: acc=0.8380  f1m=0.6390  uplink_kB=190.8  t=2.94s
  round  28/50: acc=0.8321  f1m=0.6437  uplink_kB=190.8  t=3.08s
  round  29/50: acc=0.8313  f1m=0.6384  uplink_kB=190.8  t=2.92s
  round  30/50: acc=0.8411  f1m=0.6318  uplink_kB=190.8  t=2.82s
  round  31/50: acc=0.8382  f1m=0.6348  uplink_kB=190.8  t=2.94s
  round  32/50: acc=0.8446  f1m=0.6473  uplink_kB=190.8  t=2.81s
  round  33/50: acc=0.8373  f1m=0.6461  uplink_kB=190.8  t=2.83s
  round  34/50: acc=0.8416  f1m=0.6293  uplink_kB=190.8  t=2.84s
  round  35/50: acc=0.8328  f1m=0.6383  uplink_kB=190.8  t=2.87s
  round  36/50: acc=0.8503  f1m=0.6429  uplink_kB=190.8  t=2.81s
  round  37/50: acc=0.8419  f1m=0.6275  uplink_kB=190.8  t=2.90s
  round  38/50: acc=0.8427  f1m=0.6290  uplink_kB=190.8  t=2.81s
  round  39/50: acc=0.8462  f1m=0.6436  uplink_kB=190.8  t=2.86s
  round  40/50: acc=0.8390  f1m=0.6146  uplink_kB=190.8  t=2.76s
  round  41/50: acc=0.8493  f1m=0.6436  uplink_kB=190.8  t=2.90s
  round  42/50: acc=0.8377  f1m=0.6204  uplink_kB=190.8  t=2.81s
  round  43/50: acc=0.8463  f1m=0.6427  uplink_kB=190.8  t=2.85s
  round  44/50: acc=0.8391  f1m=0.6366  uplink_kB=190.8  t=2.80s
  round  45/50: acc=0.8351  f1m=0.6258  uplink_kB=190.8  t=2.86s
  round  46/50: acc=0.8462  f1m=0.6321  uplink_kB=190.8  t=2.79s
  round  47/50: acc=0.8269  f1m=0.6287  uplink_kB=190.8  t=2.88s
  round  48/50: acc=0.8398  f1m=0.6204  uplink_kB=190.8  t=2.83s
  round  49/50: acc=0.8379  f1m=0.6354  uplink_kB=190.8  t=2.89s
  round  50/50: acc=0.8443  f1m=0.6397  uplink_kB=190.8  t=2.83s
[run] DONE -> /Users/agentra/Documents/hao/working/paper-lab/hao-paper-2026/iotj-fedkan-ids/repo/results/lrsweep_cseciic_mc50k/lrsweep_kan8_lr0p01__dir0.1__seed117/metrics.json  final_acc=0.8443
