[run] device=cpu  seed=37  out=/Users/agentra/Documents/hao/working/paper-lab/hao-paper-2026/iotj-fedkan-ids/repo/results/lrsweep_cseciic_mc50k/lrsweep_kan16_lr0p003__dir0.1__seed37
[run] model=kan  params=8,640
  round   1/50: acc=0.1220  f1m=0.0149  uplink_kB=363.3  t=3.81s
  round   2/50: acc=0.2351  f1m=0.0786  uplink_kB=363.3  t=3.06s
  round   3/50: acc=0.3334  f1m=0.1434  uplink_kB=363.3  t=3.09s
  round   4/50: acc=0.5225  f1m=0.2504  uplink_kB=363.3  t=3.04s
  round   5/50: acc=0.5734  f1m=0.2731  uplink_kB=363.3  t=3.25s
  round   6/50: acc=0.5936  f1m=0.2862  uplink_kB=363.3  t=3.02s
  round   7/50: acc=0.6668  f1m=0.3731  uplink_kB=363.3  t=3.09s
  round   8/50: acc=0.6772  f1m=0.3800  uplink_kB=363.3  t=3.03s
  round   9/50: acc=0.6964  f1m=0.3935  uplink_kB=363.3  t=3.10s
  round  10/50: acc=0.6975  f1m=0.3938  uplink_kB=363.3  t=3.03s
  round  11/50: acc=0.7002  f1m=0.3950  uplink_kB=363.3  t=3.03s
  round  12/50: acc=0.7200  f1m=0.4055  uplink_kB=363.3  t=2.96s
  round  13/50: acc=0.7214  f1m=0.4061  uplink_kB=363.3  t=3.04s
  round  14/50: acc=0.7216  f1m=0.4055  uplink_kB=363.3  t=3.03s
  round  15/50: acc=0.7229  f1m=0.4061  uplink_kB=363.3  t=3.05s
  round  16/50: acc=0.7233  f1m=0.4063  uplink_kB=363.3  t=2.95s
  round  17/50: acc=0.7237  f1m=0.4065  uplink_kB=363.3  t=3.02s
  round  18/50: acc=0.7240  f1m=0.4066  uplink_kB=363.3  t=2.96s
  round  19/50: acc=0.7235  f1m=0.4061  uplink_kB=363.3  t=3.02s
  round  20/50: acc=0.7236  f1m=0.4067  uplink_kB=363.3  t=2.96s
  round  21/50: acc=0.7237  f1m=0.4068  uplink_kB=363.3  t=3.08s
  round  22/50: acc=0.7237  f1m=0.4070  uplink_kB=363.3  t=2.97s
  round  23/50: acc=0.7239  f1m=0.4074  uplink_kB=363.3  t=3.03s
  round  24/50: acc=0.7236  f1m=0.4080  uplink_kB=363.3  t=2.93s
  round  25/50: acc=0.7252  f1m=0.4089  uplink_kB=363.3  t=3.03s
  round  26/50: acc=0.7258  f1m=0.4094  uplink_kB=363.3  t=2.97s
  round  27/50: acc=0.7268  f1m=0.4111  uplink_kB=363.3  t=3.02s
  round  28/50: acc=0.7271  f1m=0.4110  uplink_kB=363.3  t=3.04s
  round  29/50: acc=0.7279  f1m=0.4124  uplink_kB=363.3  t=3.04s
  round  30/50: acc=0.7431  f1m=0.4426  uplink_kB=363.3  t=3.00s
  round  31/50: acc=0.7433  f1m=0.4431  uplink_kB=363.3  t=3.00s
  round  32/50: acc=0.7736  f1m=0.4864  uplink_kB=363.3  t=3.01s
  round  33/50: acc=0.7783  f1m=0.4924  uplink_kB=363.3  t=3.07s
  round  34/50: acc=0.7742  f1m=0.4868  uplink_kB=363.3  t=3.06s
  round  35/50: acc=0.7746  f1m=0.4872  uplink_kB=363.3  t=2.95s
  round  36/50: acc=0.7747  f1m=0.4872  uplink_kB=363.3  t=2.99s
  round  37/50: acc=0.7795  f1m=0.5050  uplink_kB=363.3  t=2.94s
  round  38/50: acc=0.7755  f1m=0.4996  uplink_kB=363.3  t=2.99s
  round  39/50: acc=0.7760  f1m=0.4999  uplink_kB=363.3  t=2.97s
  round  40/50: acc=0.7950  f1m=0.5262  uplink_kB=363.3  t=3.01s
  round  41/50: acc=0.7899  f1m=0.5191  uplink_kB=363.3  t=2.95s
  round  42/50: acc=0.7906  f1m=0.5198  uplink_kB=363.3  t=3.00s
  round  43/50: acc=0.7906  f1m=0.5198  uplink_kB=363.3  t=2.96s
  round  44/50: acc=0.7903  f1m=0.5296  uplink_kB=363.3  t=2.97s
  round  45/50: acc=0.7916  f1m=0.5265  uplink_kB=363.3  t=2.98s
  round  46/50: acc=0.7962  f1m=0.5411  uplink_kB=363.3  t=2.99s
  round  47/50: acc=0.7961  f1m=0.5369  uplink_kB=363.3  t=3.02s
  round  48/50: acc=0.7956  f1m=0.5407  uplink_kB=363.3  t=2.96s
  round  49/50: acc=0.7965  f1m=0.5417  uplink_kB=363.3  t=3.01s
  round  50/50: acc=0.7970  f1m=0.5418  uplink_kB=363.3  t=2.97s
[run] DONE -> /Users/agentra/Documents/hao/working/paper-lab/hao-paper-2026/iotj-fedkan-ids/repo/results/lrsweep_cseciic_mc50k/lrsweep_kan16_lr0p003__dir0.1__seed37/metrics.json  final_acc=0.7970
