[run] device=cpu  seed=2026  out=/Users/agentra/Documents/hao/working/paper-lab/hao-paper-2026/iotj-fedkan-ids/repo/results/lrsweep_botiot/lrsweep_mlp80_lr0p1__dir0.1__seed2026
[run] model=mlp  params=3,362
  round   1/50: acc=0.4989  f1m=0.3328  uplink_kB=131.3  t=1.39s
  round   2/50: acc=0.4989  f1m=0.3328  uplink_kB=131.3  t=0.67s
  round   3/50: acc=0.4989  f1m=0.3328  uplink_kB=131.3  t=0.71s
  round   4/50: acc=0.4989  f1m=0.3328  uplink_kB=131.3  t=0.66s
  round   5/50: acc=0.4989  f1m=0.3328  uplink_kB=131.3  t=0.64s
  round   6/50: acc=0.4989  f1m=0.3328  uplink_kB=131.3  t=0.61s
  round   7/50: acc=0.4989  f1m=0.3328  uplink_kB=131.3  t=0.69s
  round   8/50: acc=0.4989  f1m=0.3328  uplink_kB=131.3  t=0.67s
  round   9/50: acc=0.4989  f1m=0.3328  uplink_kB=131.3  t=0.67s
  round  10/50: acc=0.4989  f1m=0.3328  uplink_kB=131.3  t=0.69s
  round  11/50: acc=0.5014  f1m=0.3383  uplink_kB=131.3  t=0.68s
  round  12/50: acc=0.4989  f1m=0.3328  uplink_kB=131.3  t=0.70s
  round  13/50: acc=0.5006  f1m=0.3366  uplink_kB=131.3  t=0.61s
  round  14/50: acc=0.5014  f1m=0.3383  uplink_kB=131.3  t=0.71s
  round  15/50: acc=0.5072  f1m=0.3509  uplink_kB=131.3  t=0.72s
  round  16/50: acc=0.5119  f1m=0.3611  uplink_kB=131.3  t=0.72s
  round  17/50: acc=0.5120  f1m=0.3612  uplink_kB=131.3  t=0.70s
  round  18/50: acc=0.5124  f1m=0.3620  uplink_kB=131.3  t=0.72s
  round  19/50: acc=0.5124  f1m=0.3620  uplink_kB=131.3  t=0.71s
  round  20/50: acc=0.5124  f1m=0.3621  uplink_kB=131.3  t=0.64s
  round  21/50: acc=0.5124  f1m=0.3622  uplink_kB=131.3  t=0.71s
  round  22/50: acc=0.5125  f1m=0.3623  uplink_kB=131.3  t=0.71s
  round  23/50: acc=0.5297  f1m=0.3976  uplink_kB=131.3  t=0.72s
  round  24/50: acc=0.5366  f1m=0.4114  uplink_kB=131.3  t=0.67s
  round  25/50: acc=0.5458  f1m=0.4291  uplink_kB=131.3  t=0.67s
  round  26/50: acc=0.5625  f1m=0.4602  uplink_kB=131.3  t=0.60s
  round  27/50: acc=0.5512  f1m=0.4394  uplink_kB=131.3  t=0.65s
  round  28/50: acc=0.5488  f1m=0.4348  uplink_kB=131.3  t=0.65s
  round  29/50: acc=0.6705  f1m=0.6310  uplink_kB=131.3  t=0.67s
  round  30/50: acc=0.5435  f1m=0.4247  uplink_kB=131.3  t=0.71s
  round  31/50: acc=0.7089  f1m=0.6825  uplink_kB=131.3  t=0.65s
  round  32/50: acc=0.5862  f1m=0.5017  uplink_kB=131.3  t=0.63s
  round  33/50: acc=0.7636  f1m=0.7499  uplink_kB=131.3  t=0.67s
  round  34/50: acc=0.5137  f1m=0.3649  uplink_kB=131.3  t=0.68s
  round  35/50: acc=0.5138  f1m=0.3652  uplink_kB=131.3  t=0.66s
  round  36/50: acc=0.5137  f1m=0.3649  uplink_kB=131.3  t=0.67s
  round  37/50: acc=0.5560  f1m=0.4484  uplink_kB=131.3  t=0.66s
  round  38/50: acc=0.5157  f1m=0.3691  uplink_kB=131.3  t=0.66s
  round  39/50: acc=0.6822  f1m=0.6471  uplink_kB=131.3  t=0.63s
  round  40/50: acc=0.5975  f1m=0.5207  uplink_kB=131.3  t=0.75s
  round  41/50: acc=0.7704  f1m=0.7579  uplink_kB=131.3  t=0.71s
  round  42/50: acc=0.5138  f1m=0.3650  uplink_kB=131.3  t=0.68s
  round  43/50: acc=0.6440  f1m=0.5931  uplink_kB=131.3  t=0.69s
  round  44/50: acc=0.5164  f1m=0.3706  uplink_kB=131.3  t=0.65s
  round  45/50: acc=0.7311  f1m=0.7104  uplink_kB=131.3  t=0.64s
  round  46/50: acc=0.6662  f1m=0.6249  uplink_kB=131.3  t=0.70s
  round  47/50: acc=0.8236  f1m=0.8181  uplink_kB=131.3  t=0.68s
  round  48/50: acc=0.7699  f1m=0.7573  uplink_kB=131.3  t=0.66s
  round  49/50: acc=0.8953  f1m=0.8942  uplink_kB=131.3  t=0.69s
  round  50/50: acc=0.8126  f1m=0.8059  uplink_kB=131.3  t=0.71s
[run] DONE -> /Users/agentra/Documents/hao/working/paper-lab/hao-paper-2026/iotj-fedkan-ids/repo/results/lrsweep_botiot/lrsweep_mlp80_lr0p1__dir0.1__seed2026/metrics.json  final_acc=0.8126
