[run] device=cpu  seed=29  out=/Users/agentra/Documents/hao/working/paper-lab/hao-paper-2026/iotj-fedkan-ids/repo/results/lrsweep_botiot/lrsweep_mlp32_lr0p03__dir0.1__seed29
[run] model=mlp  params=1,346
  round   1/50: acc=0.5870  f1m=0.5815  uplink_kB=52.6  t=1.29s
  round   2/50: acc=0.4983  f1m=0.3326  uplink_kB=52.6  t=0.67s
  round   3/50: acc=0.5638  f1m=0.4648  uplink_kB=52.6  t=0.74s
  round   4/50: acc=0.5700  f1m=0.4780  uplink_kB=52.6  t=0.69s
  round   5/50: acc=0.5869  f1m=0.5102  uplink_kB=52.6  t=0.68s
  round   6/50: acc=0.6270  f1m=0.5779  uplink_kB=52.6  t=0.62s
  round   7/50: acc=0.6710  f1m=0.6421  uplink_kB=52.6  t=0.67s
  round   8/50: acc=0.7028  f1m=0.6829  uplink_kB=52.6  t=0.68s
  round   9/50: acc=0.7075  f1m=0.6889  uplink_kB=52.6  t=0.64s
  round  10/50: acc=0.7079  f1m=0.6894  uplink_kB=52.6  t=0.71s
  round  11/50: acc=0.7057  f1m=0.6868  uplink_kB=52.6  t=0.66s
  round  12/50: acc=0.7072  f1m=0.6893  uplink_kB=52.6  t=0.61s
  round  13/50: acc=0.7579  f1m=0.7490  uplink_kB=52.6  t=0.67s
  round  14/50: acc=0.7903  f1m=0.7851  uplink_kB=52.6  t=0.65s
  round  15/50: acc=0.7761  f1m=0.7694  uplink_kB=52.6  t=0.63s
  round  16/50: acc=0.8112  f1m=0.8078  uplink_kB=52.6  t=0.69s
  round  17/50: acc=0.8004  f1m=0.7961  uplink_kB=52.6  t=0.62s
  round  18/50: acc=0.8211  f1m=0.8183  uplink_kB=52.6  t=0.63s
  round  19/50: acc=0.7981  f1m=0.7936  uplink_kB=52.6  t=0.64s
  round  20/50: acc=0.8617  f1m=0.8608  uplink_kB=52.6  t=0.66s
  round  21/50: acc=0.8653  f1m=0.8644  uplink_kB=52.6  t=0.65s
  round  22/50: acc=0.8455  f1m=0.8440  uplink_kB=52.6  t=0.68s
  round  23/50: acc=0.8382  f1m=0.8364  uplink_kB=52.6  t=0.61s
  round  24/50: acc=0.8657  f1m=0.8651  uplink_kB=52.6  t=0.67s
  round  25/50: acc=0.8598  f1m=0.8591  uplink_kB=52.6  t=0.67s
  round  26/50: acc=0.8401  f1m=0.8388  uplink_kB=52.6  t=0.67s
  round  27/50: acc=0.8426  f1m=0.8414  uplink_kB=52.6  t=0.67s
  round  28/50: acc=0.7579  f1m=0.7492  uplink_kB=52.6  t=0.68s
  round  29/50: acc=0.8422  f1m=0.8411  uplink_kB=52.6  t=0.65s
  round  30/50: acc=0.8277  f1m=0.8260  uplink_kB=52.6  t=0.67s
  round  31/50: acc=0.8208  f1m=0.8192  uplink_kB=52.6  t=0.67s
  round  32/50: acc=0.8587  f1m=0.8583  uplink_kB=52.6  t=0.67s
  round  33/50: acc=0.8442  f1m=0.8434  uplink_kB=52.6  t=0.68s
  round  34/50: acc=0.8434  f1m=0.8426  uplink_kB=52.6  t=0.65s
  round  35/50: acc=0.8266  f1m=0.8252  uplink_kB=52.6  t=0.66s
  round  36/50: acc=0.8442  f1m=0.8434  uplink_kB=52.6  t=0.62s
  round  37/50: acc=0.8302  f1m=0.8290  uplink_kB=52.6  t=0.59s
  round  38/50: acc=0.8499  f1m=0.8495  uplink_kB=52.6  t=0.66s
  round  39/50: acc=0.8135  f1m=0.8115  uplink_kB=52.6  t=0.64s
  round  40/50: acc=0.8074  f1m=0.8057  uplink_kB=52.6  t=0.66s
  round  41/50: acc=0.7887  f1m=0.7859  uplink_kB=52.6  t=0.66s
  round  42/50: acc=0.7669  f1m=0.7625  uplink_kB=52.6  t=0.66s
  round  43/50: acc=0.7806  f1m=0.7772  uplink_kB=52.6  t=0.61s
  round  44/50: acc=0.7726  f1m=0.7686  uplink_kB=52.6  t=0.65s
  round  45/50: acc=0.7882  f1m=0.7854  uplink_kB=52.6  t=0.68s
  round  46/50: acc=0.8182  f1m=0.8169  uplink_kB=52.6  t=0.66s
  round  47/50: acc=0.7726  f1m=0.7687  uplink_kB=52.6  t=0.68s
  round  48/50: acc=0.7779  f1m=0.7743  uplink_kB=52.6  t=0.66s
  round  49/50: acc=0.8153  f1m=0.8139  uplink_kB=52.6  t=0.60s
  round  50/50: acc=0.8024  f1m=0.8004  uplink_kB=52.6  t=0.66s
[run] DONE -> /Users/agentra/Documents/hao/working/paper-lab/hao-paper-2026/iotj-fedkan-ids/repo/results/lrsweep_botiot/lrsweep_mlp32_lr0p03__dir0.1__seed29/metrics.json  final_acc=0.8024
