[run] device=cpu  seed=23  out=/Users/agentra/Documents/hao/working/paper-lab/hao-paper-2026/iotj-fedkan-ids/repo/results/lrsweep_toniot/lrsweep_kan16_lr0p0003__dir0.1__seed23
[run] model=kan  params=6,560
  round   1/50: acc=0.6278  f1m=0.6205  uplink_kB=282.0  t=2.31s
  round   2/50: acc=0.6305  f1m=0.6265  uplink_kB=282.0  t=1.88s
  round   3/50: acc=0.5999  f1m=0.5985  uplink_kB=282.0  t=1.93s
  round   4/50: acc=0.5957  f1m=0.5952  uplink_kB=282.0  t=1.90s
  round   5/50: acc=0.5793  f1m=0.5793  uplink_kB=282.0  t=1.81s
  round   6/50: acc=0.6690  f1m=0.6681  uplink_kB=282.0  t=1.87s
  round   7/50: acc=0.6513  f1m=0.6492  uplink_kB=282.0  t=1.88s
  round   8/50: acc=0.6506  f1m=0.6480  uplink_kB=282.0  t=1.91s
  round   9/50: acc=0.6887  f1m=0.6881  uplink_kB=282.0  t=1.86s
  round  10/50: acc=0.6931  f1m=0.6922  uplink_kB=282.0  t=1.88s
  round  11/50: acc=0.6954  f1m=0.6947  uplink_kB=282.0  t=1.88s
  round  12/50: acc=0.7003  f1m=0.6997  uplink_kB=282.0  t=1.82s
  round  13/50: acc=0.7067  f1m=0.7062  uplink_kB=282.0  t=1.89s
  round  14/50: acc=0.7096  f1m=0.7092  uplink_kB=282.0  t=1.90s
  round  15/50: acc=0.7117  f1m=0.7113  uplink_kB=282.0  t=1.86s
  round  16/50: acc=0.7162  f1m=0.7156  uplink_kB=282.0  t=1.87s
  round  17/50: acc=0.7217  f1m=0.7209  uplink_kB=282.0  t=1.86s
  round  18/50: acc=0.7240  f1m=0.7230  uplink_kB=282.0  t=1.81s
  round  19/50: acc=0.7257  f1m=0.7244  uplink_kB=282.0  t=1.86s
  round  20/50: acc=0.7273  f1m=0.7257  uplink_kB=282.0  t=1.88s
  round  21/50: acc=0.7263  f1m=0.7244  uplink_kB=282.0  t=1.87s
  round  22/50: acc=0.7240  f1m=0.7217  uplink_kB=282.0  t=1.88s
  round  23/50: acc=0.7252  f1m=0.7229  uplink_kB=282.0  t=1.86s
  round  24/50: acc=0.7264  f1m=0.7239  uplink_kB=282.0  t=1.88s
  round  25/50: acc=0.7284  f1m=0.7257  uplink_kB=282.0  t=1.82s
  round  26/50: acc=0.7280  f1m=0.7250  uplink_kB=282.0  t=1.87s
  round  27/50: acc=0.7273  f1m=0.7243  uplink_kB=282.0  t=1.90s
  round  28/50: acc=0.7269  f1m=0.7238  uplink_kB=282.0  t=1.96s
  round  29/50: acc=0.7271  f1m=0.7240  uplink_kB=282.0  t=2.01s
  round  30/50: acc=0.7288  f1m=0.7256  uplink_kB=282.0  t=1.94s
  round  31/50: acc=0.7303  f1m=0.7271  uplink_kB=282.0  t=2.00s
  round  32/50: acc=0.7310  f1m=0.7279  uplink_kB=282.0  t=1.88s
  round  33/50: acc=0.7333  f1m=0.7302  uplink_kB=282.0  t=1.97s
  round  34/50: acc=0.7346  f1m=0.7315  uplink_kB=282.0  t=2.02s
  round  35/50: acc=0.7357  f1m=0.7325  uplink_kB=282.0  t=1.90s
  round  36/50: acc=0.7363  f1m=0.7331  uplink_kB=282.0  t=1.88s
  round  37/50: acc=0.7377  f1m=0.7344  uplink_kB=282.0  t=1.86s
  round  38/50: acc=0.7383  f1m=0.7351  uplink_kB=282.0  t=1.91s
  round  39/50: acc=0.7389  f1m=0.7356  uplink_kB=282.0  t=1.83s
  round  40/50: acc=0.7397  f1m=0.7365  uplink_kB=282.0  t=1.91s
  round  41/50: acc=0.7410  f1m=0.7378  uplink_kB=282.0  t=1.87s
  round  42/50: acc=0.7422  f1m=0.7390  uplink_kB=282.0  t=1.87s
  round  43/50: acc=0.7453  f1m=0.7419  uplink_kB=282.0  t=1.90s
  round  44/50: acc=0.7465  f1m=0.7431  uplink_kB=282.0  t=1.90s
  round  45/50: acc=0.7475  f1m=0.7441  uplink_kB=282.0  t=1.87s
  round  46/50: acc=0.7471  f1m=0.7438  uplink_kB=282.0  t=1.89s
  round  47/50: acc=0.7501  f1m=0.7467  uplink_kB=282.0  t=1.88s
  round  48/50: acc=0.7518  f1m=0.7483  uplink_kB=282.0  t=1.92s
  round  49/50: acc=0.7529  f1m=0.7495  uplink_kB=282.0  t=1.91s
  round  50/50: acc=0.7901  f1m=0.7887  uplink_kB=282.0  t=1.91s
[run] DONE -> /Users/agentra/Documents/hao/working/paper-lab/hao-paper-2026/iotj-fedkan-ids/repo/results/lrsweep_toniot/lrsweep_kan16_lr0p0003__dir0.1__seed23/metrics.json  final_acc=0.7901
