[run] device=cpu  seed=2024  out=/Users/agentra/Documents/hao/working/paper-lab/hao-paper-2026/iotj-fedkan-ids/repo/results/lrsweep_cseciic/lrsweep_kan16_lr0p01__dir0.1__seed2024
[run] model=kan  params=6,560
  round   1/50: acc=0.8346  f1m=0.8324  uplink_kB=282.0  t=2.53s
  round   2/50: acc=0.9004  f1m=0.9002  uplink_kB=282.0  t=1.99s
  round   3/50: acc=0.9520  f1m=0.9520  uplink_kB=282.0  t=1.97s
  round   4/50: acc=0.9622  f1m=0.9622  uplink_kB=282.0  t=1.97s
  round   5/50: acc=0.9285  f1m=0.9285  uplink_kB=282.0  t=2.03s
  round   6/50: acc=0.9716  f1m=0.9716  uplink_kB=282.0  t=1.94s
  round   7/50: acc=0.9499  f1m=0.9499  uplink_kB=282.0  t=1.94s
  round   8/50: acc=0.9746  f1m=0.9746  uplink_kB=282.0  t=2.02s
  round   9/50: acc=0.9736  f1m=0.9736  uplink_kB=282.0  t=1.95s
  round  10/50: acc=0.9755  f1m=0.9755  uplink_kB=282.0  t=2.03s
  round  11/50: acc=0.9758  f1m=0.9758  uplink_kB=282.0  t=1.99s
  round  12/50: acc=0.9760  f1m=0.9760  uplink_kB=282.0  t=1.88s
  round  13/50: acc=0.9755  f1m=0.9755  uplink_kB=282.0  t=1.99s
  round  14/50: acc=0.9763  f1m=0.9763  uplink_kB=282.0  t=1.98s
  round  15/50: acc=0.9553  f1m=0.9553  uplink_kB=282.0  t=1.99s
  round  16/50: acc=0.9768  f1m=0.9768  uplink_kB=282.0  t=1.97s
  round  17/50: acc=0.9752  f1m=0.9752  uplink_kB=282.0  t=2.00s
  round  18/50: acc=0.9765  f1m=0.9765  uplink_kB=282.0  t=2.01s
  round  19/50: acc=0.9760  f1m=0.9760  uplink_kB=282.0  t=1.91s
  round  20/50: acc=0.9760  f1m=0.9760  uplink_kB=282.0  t=1.97s
  round  21/50: acc=0.9748  f1m=0.9748  uplink_kB=282.0  t=2.01s
  round  22/50: acc=0.9767  f1m=0.9767  uplink_kB=282.0  t=1.96s
  round  23/50: acc=0.9762  f1m=0.9762  uplink_kB=282.0  t=2.03s
  round  24/50: acc=0.9754  f1m=0.9754  uplink_kB=282.0  t=1.96s
  round  25/50: acc=0.9760  f1m=0.9760  uplink_kB=282.0  t=1.97s
  round  26/50: acc=0.9771  f1m=0.9771  uplink_kB=282.0  t=1.90s
  round  27/50: acc=0.9772  f1m=0.9772  uplink_kB=282.0  t=1.99s
  round  28/50: acc=0.9761  f1m=0.9761  uplink_kB=282.0  t=1.98s
  round  29/50: acc=0.9768  f1m=0.9768  uplink_kB=282.0  t=1.96s
  round  30/50: acc=0.9760  f1m=0.9760  uplink_kB=282.0  t=1.96s
  round  31/50: acc=0.9769  f1m=0.9769  uplink_kB=282.0  t=1.94s
  round  32/50: acc=0.9761  f1m=0.9761  uplink_kB=282.0  t=1.87s
  round  33/50: acc=0.9774  f1m=0.9774  uplink_kB=282.0  t=1.99s
  round  34/50: acc=0.9763  f1m=0.9763  uplink_kB=282.0  t=2.00s
  round  35/50: acc=0.9754  f1m=0.9754  uplink_kB=282.0  t=1.95s
  round  36/50: acc=0.9762  f1m=0.9761  uplink_kB=282.0  t=1.98s
  round  37/50: acc=0.9773  f1m=0.9773  uplink_kB=282.0  t=1.97s
  round  38/50: acc=0.9765  f1m=0.9765  uplink_kB=282.0  t=1.84s
  round  39/50: acc=0.9769  f1m=0.9769  uplink_kB=282.0  t=2.01s
  round  40/50: acc=0.9772  f1m=0.9771  uplink_kB=282.0  t=2.02s
  round  41/50: acc=0.9759  f1m=0.9759  uplink_kB=282.0  t=2.00s
  round  42/50: acc=0.9763  f1m=0.9763  uplink_kB=282.0  t=1.91s
  round  43/50: acc=0.9774  f1m=0.9774  uplink_kB=282.0  t=1.96s
  round  44/50: acc=0.9737  f1m=0.9737  uplink_kB=282.0  t=1.99s
  round  45/50: acc=0.9768  f1m=0.9768  uplink_kB=282.0  t=1.85s
  round  46/50: acc=0.9771  f1m=0.9771  uplink_kB=282.0  t=1.97s
  round  47/50: acc=0.9762  f1m=0.9762  uplink_kB=282.0  t=1.95s
  round  48/50: acc=0.9772  f1m=0.9772  uplink_kB=282.0  t=1.96s
  round  49/50: acc=0.9771  f1m=0.9771  uplink_kB=282.0  t=1.96s
  round  50/50: acc=0.9766  f1m=0.9766  uplink_kB=282.0  t=1.90s
[run] DONE -> /Users/agentra/Documents/hao/working/paper-lab/hao-paper-2026/iotj-fedkan-ids/repo/results/lrsweep_cseciic/lrsweep_kan16_lr0p01__dir0.1__seed2024/metrics.json  final_acc=0.9766
