[run] device=cpu  seed=29  out=/Users/agentra/Documents/hao/working/paper-lab/hao-paper-2026/iotj-fedkan-ids/repo/results/lrsweep_cseciic_mc/lrsweep_kan16_lr0p03__dir0.1__seed29
[run] model=kan  params=8,640
  round   1/50: acc=0.4020  f1m=0.1244  uplink_kB=363.3  t=6.75s
  round   2/50: acc=0.4379  f1m=0.1960  uplink_kB=363.3  t=6.40s
  round   3/50: acc=0.4947  f1m=0.3778  uplink_kB=363.3  t=6.14s
  round   4/50: acc=0.5689  f1m=0.5015  uplink_kB=363.3  t=6.41s
  round   5/50: acc=0.6646  f1m=0.5214  uplink_kB=363.3  t=6.34s
  round   6/50: acc=0.6649  f1m=0.5218  uplink_kB=363.3  t=6.22s
  round   7/50: acc=0.6571  f1m=0.5227  uplink_kB=363.3  t=6.27s
  round   8/50: acc=0.5126  f1m=0.3715  uplink_kB=363.3  t=6.26s
  round   9/50: acc=0.6523  f1m=0.4853  uplink_kB=363.3  t=6.25s
  round  10/50: acc=0.7638  f1m=0.5786  uplink_kB=363.3  t=6.40s
  round  11/50: acc=0.5794  f1m=0.5319  uplink_kB=363.3  t=7.09s
  round  12/50: acc=0.6605  f1m=0.5015  uplink_kB=363.3  t=7.66s
  round  13/50: acc=0.7900  f1m=0.5560  uplink_kB=363.3  t=6.32s
  round  14/50: acc=0.6730  f1m=0.5464  uplink_kB=363.3  t=6.28s
  round  15/50: acc=0.7923  f1m=0.5538  uplink_kB=363.3  t=6.28s
  round  16/50: acc=0.8141  f1m=0.6377  uplink_kB=363.3  t=6.15s
  round  17/50: acc=0.8024  f1m=0.5909  uplink_kB=363.3  t=6.33s
  round  18/50: acc=0.7782  f1m=0.5479  uplink_kB=363.3  t=7.39s
  round  19/50: acc=0.7567  f1m=0.5974  uplink_kB=363.3  t=7.19s
  round  20/50: acc=0.7918  f1m=0.6805  uplink_kB=363.3  t=6.40s
  round  21/50: acc=0.7424  f1m=0.5637  uplink_kB=363.3  t=6.59s
  round  22/50: acc=0.8148  f1m=0.6179  uplink_kB=363.3  t=6.85s
  round  23/50: acc=0.6911  f1m=0.5982  uplink_kB=363.3  t=6.22s
  round  24/50: acc=0.6671  f1m=0.4918  uplink_kB=363.3  t=6.29s
  round  25/50: acc=0.7554  f1m=0.6421  uplink_kB=363.3  t=6.47s
  round  26/50: acc=0.6375  f1m=0.5589  uplink_kB=363.3  t=6.35s
  round  27/50: acc=0.8372  f1m=0.7081  uplink_kB=363.3  t=6.30s
  round  28/50: acc=0.7531  f1m=0.5636  uplink_kB=363.3  t=6.81s
  round  29/50: acc=0.8231  f1m=0.6594  uplink_kB=363.3  t=6.26s
  round  30/50: acc=0.8206  f1m=0.6340  uplink_kB=363.3  t=6.28s
  round  31/50: acc=0.8217  f1m=0.6665  uplink_kB=363.3  t=6.40s
  round  32/50: acc=0.7227  f1m=0.6495  uplink_kB=363.3  t=6.28s
  round  33/50: acc=0.8041  f1m=0.6698  uplink_kB=363.3  t=6.52s
  round  34/50: acc=0.7946  f1m=0.6615  uplink_kB=363.3  t=6.21s
  round  35/50: acc=0.7498  f1m=0.5701  uplink_kB=363.3  t=6.53s
  round  36/50: acc=0.8389  f1m=0.7033  uplink_kB=363.3  t=6.31s
  round  37/50: acc=0.6874  f1m=0.5701  uplink_kB=363.3  t=6.40s
  round  38/50: acc=0.8250  f1m=0.7054  uplink_kB=363.3  t=6.42s
  round  39/50: acc=0.6641  f1m=0.4865  uplink_kB=363.3  t=6.53s
  round  40/50: acc=0.7841  f1m=0.5552  uplink_kB=363.3  t=6.41s
  round  41/50: acc=0.8039  f1m=0.6051  uplink_kB=363.3  t=6.48s
  round  42/50: acc=0.6251  f1m=0.5503  uplink_kB=363.3  t=6.30s
  round  43/50: acc=0.8209  f1m=0.6940  uplink_kB=363.3  t=6.40s
  round  44/50: acc=0.6919  f1m=0.5907  uplink_kB=363.3  t=6.45s
  round  45/50: acc=0.8067  f1m=0.6842  uplink_kB=363.3  t=6.48s
  round  46/50: acc=0.6879  f1m=0.5897  uplink_kB=363.3  t=6.27s
  round  47/50: acc=0.8279  f1m=0.6807  uplink_kB=363.3  t=6.33s
  round  48/50: acc=0.7935  f1m=0.6382  uplink_kB=363.3  t=6.36s
  round  49/50: acc=0.8385  f1m=0.7097  uplink_kB=363.3  t=6.43s
  round  50/50: acc=0.8230  f1m=0.6649  uplink_kB=363.3  t=6.52s
[run] DONE -> /Users/agentra/Documents/hao/working/paper-lab/hao-paper-2026/iotj-fedkan-ids/repo/results/lrsweep_cseciic_mc/lrsweep_kan16_lr0p03__dir0.1__seed29/metrics.json  final_acc=0.8230
