[run] device=cpu  seed=17  out=/Users/agentra/Documents/hao/working/paper-lab/hao-paper-2026/iotj-fedkan-ids/repo/results/mc_toniot/mc_kan16_lr0p01__dir0.1__seed17
[run] model=kan  params=7,840
  round   1/50: acc=0.1751  f1m=0.1221  uplink_kB=332.0  t=3.84s
  round   2/50: acc=0.3750  f1m=0.2512  uplink_kB=332.0  t=3.21s
  round   3/50: acc=0.3994  f1m=0.2880  uplink_kB=332.0  t=3.33s
  round   4/50: acc=0.6026  f1m=0.4863  uplink_kB=332.0  t=3.16s
  round   5/50: acc=0.6047  f1m=0.4884  uplink_kB=332.0  t=3.20s
  round   6/50: acc=0.5957  f1m=0.4798  uplink_kB=332.0  t=3.23s
  round   7/50: acc=0.6042  f1m=0.4904  uplink_kB=332.0  t=3.18s
  round   8/50: acc=0.6524  f1m=0.5455  uplink_kB=332.0  t=3.24s
  round   9/50: acc=0.6299  f1m=0.5209  uplink_kB=332.0  t=3.22s
  round  10/50: acc=0.6587  f1m=0.5466  uplink_kB=332.0  t=3.04s
  round  11/50: acc=0.7139  f1m=0.5880  uplink_kB=332.0  t=3.20s
  round  12/50: acc=0.6995  f1m=0.5690  uplink_kB=332.0  t=3.24s
  round  13/50: acc=0.7815  f1m=0.6439  uplink_kB=332.0  t=3.22s
  round  14/50: acc=0.7416  f1m=0.6124  uplink_kB=332.0  t=3.29s
  round  15/50: acc=0.7924  f1m=0.6596  uplink_kB=332.0  t=3.23s
  round  16/50: acc=0.8025  f1m=0.6717  uplink_kB=332.0  t=3.40s
  round  17/50: acc=0.7996  f1m=0.6759  uplink_kB=332.0  t=5.08s
  round  18/50: acc=0.8150  f1m=0.7429  uplink_kB=332.0  t=3.50s
  round  19/50: acc=0.8135  f1m=0.7434  uplink_kB=332.0  t=9.64s
  round  20/50: acc=0.8177  f1m=0.7453  uplink_kB=332.0  t=15.13s
  round  21/50: acc=0.8177  f1m=0.7463  uplink_kB=332.0  t=15.56s
  round  22/50: acc=0.8233  f1m=0.7518  uplink_kB=332.0  t=3.48s
  round  23/50: acc=0.8271  f1m=0.7562  uplink_kB=332.0  t=3.60s
  round  24/50: acc=0.8314  f1m=0.7604  uplink_kB=332.0  t=3.23s
  round  25/50: acc=0.8297  f1m=0.7608  uplink_kB=332.0  t=3.27s
  round  26/50: acc=0.8357  f1m=0.7654  uplink_kB=332.0  t=3.39s
  round  27/50: acc=0.8351  f1m=0.7656  uplink_kB=332.0  t=3.37s
  round  28/50: acc=0.8360  f1m=0.7663  uplink_kB=332.0  t=3.41s
  round  29/50: acc=0.8318  f1m=0.7623  uplink_kB=332.0  t=3.35s
  round  30/50: acc=0.8312  f1m=0.7739  uplink_kB=332.0  t=3.32s
  round  31/50: acc=0.8318  f1m=0.7644  uplink_kB=332.0  t=3.41s
  round  32/50: acc=0.8246  f1m=0.7707  uplink_kB=332.0  t=3.43s
  round  33/50: acc=0.8319  f1m=0.7656  uplink_kB=332.0  t=3.42s
  round  34/50: acc=0.8403  f1m=0.7956  uplink_kB=332.0  t=3.43s
  round  35/50: acc=0.8402  f1m=0.7818  uplink_kB=332.0  t=3.27s
  round  36/50: acc=0.8323  f1m=0.7845  uplink_kB=332.0  t=3.68s
  round  37/50: acc=0.8335  f1m=0.7781  uplink_kB=332.0  t=3.31s
  round  38/50: acc=0.8440  f1m=0.7947  uplink_kB=332.0  t=3.37s
  round  39/50: acc=0.8350  f1m=0.7821  uplink_kB=332.0  t=3.42s
  round  40/50: acc=0.8445  f1m=0.7963  uplink_kB=332.0  t=3.33s
  round  41/50: acc=0.8475  f1m=0.7902  uplink_kB=332.0  t=3.32s
  round  42/50: acc=0.8414  f1m=0.7874  uplink_kB=332.0  t=3.61s
  round  43/50: acc=0.8371  f1m=0.7839  uplink_kB=332.0  t=3.41s
  round  44/50: acc=0.8408  f1m=0.7911  uplink_kB=332.0  t=3.36s
  round  45/50: acc=0.8377  f1m=0.7999  uplink_kB=332.0  t=3.41s
  round  46/50: acc=0.8387  f1m=0.7990  uplink_kB=332.0  t=3.31s
  round  47/50: acc=0.8352  f1m=0.7993  uplink_kB=332.0  t=3.41s
  round  48/50: acc=0.8212  f1m=0.7863  uplink_kB=332.0  t=3.33s
  round  49/50: acc=0.8460  f1m=0.8106  uplink_kB=332.0  t=3.40s
  round  50/50: acc=0.8492  f1m=0.8092  uplink_kB=332.0  t=3.33s
[run] DONE -> /Users/agentra/Documents/hao/working/paper-lab/hao-paper-2026/iotj-fedkan-ids/repo/results/mc_toniot/mc_kan16_lr0p01__dir0.1__seed17/metrics.json  final_acc=0.8492
