[run] device=cpu  seed=31  out=/Users/agentra/Documents/hao/working/paper-lab/hao-paper-2026/iotj-fedkan-ids/repo/results/lrsweep_toniot/lrsweep_mlp80_lr0p003__dir0.1__seed31
[run] model=mlp  params=3,362
  round   1/50: acc=0.6539  f1m=0.6474  uplink_kB=131.3  t=1.15s
  round   2/50: acc=0.5331  f1m=0.4181  uplink_kB=131.3  t=0.75s
  round   3/50: acc=0.5338  f1m=0.4195  uplink_kB=131.3  t=0.67s
  round   4/50: acc=0.5344  f1m=0.4206  uplink_kB=131.3  t=0.68s
  round   5/50: acc=0.5361  f1m=0.4237  uplink_kB=131.3  t=0.70s
  round   6/50: acc=0.5377  f1m=0.4265  uplink_kB=131.3  t=0.62s
  round   7/50: acc=0.5409  f1m=0.4330  uplink_kB=131.3  t=0.76s
  round   8/50: acc=0.5411  f1m=0.4330  uplink_kB=131.3  t=0.67s
  round   9/50: acc=0.5407  f1m=0.4315  uplink_kB=131.3  t=0.68s
  round  10/50: acc=0.5452  f1m=0.4404  uplink_kB=131.3  t=0.68s
  round  11/50: acc=0.5445  f1m=0.4395  uplink_kB=131.3  t=0.66s
  round  12/50: acc=0.5452  f1m=0.4399  uplink_kB=131.3  t=0.66s
  round  13/50: acc=0.5485  f1m=0.4463  uplink_kB=131.3  t=0.68s
  round  14/50: acc=0.5496  f1m=0.4489  uplink_kB=131.3  t=0.60s
  round  15/50: acc=0.5498  f1m=0.4489  uplink_kB=131.3  t=0.64s
  round  16/50: acc=0.5524  f1m=0.4534  uplink_kB=131.3  t=0.65s
  round  17/50: acc=0.5519  f1m=0.4525  uplink_kB=131.3  t=0.65s
  round  18/50: acc=0.5558  f1m=0.4593  uplink_kB=131.3  t=0.66s
  round  19/50: acc=0.5568  f1m=0.4613  uplink_kB=131.3  t=0.65s
  round  20/50: acc=0.5572  f1m=0.4620  uplink_kB=131.3  t=0.65s
  round  21/50: acc=0.5601  f1m=0.4670  uplink_kB=131.3  t=0.61s
  round  22/50: acc=0.5611  f1m=0.4689  uplink_kB=131.3  t=0.65s
  round  23/50: acc=0.5617  f1m=0.4699  uplink_kB=131.3  t=0.71s
  round  24/50: acc=0.5610  f1m=0.4687  uplink_kB=131.3  t=0.67s
  round  25/50: acc=0.5674  f1m=0.4733  uplink_kB=131.3  t=0.68s
  round  26/50: acc=0.5677  f1m=0.4735  uplink_kB=131.3  t=0.67s
  round  27/50: acc=0.5680  f1m=0.4738  uplink_kB=131.3  t=0.68s
  round  28/50: acc=0.5670  f1m=0.4721  uplink_kB=131.3  t=0.66s
  round  29/50: acc=0.5681  f1m=0.4743  uplink_kB=131.3  t=0.61s
  round  30/50: acc=0.5695  f1m=0.4767  uplink_kB=131.3  t=0.66s
  round  31/50: acc=0.5682  f1m=0.4739  uplink_kB=131.3  t=0.68s
  round  32/50: acc=0.5693  f1m=0.4760  uplink_kB=131.3  t=0.67s
  round  33/50: acc=0.5719  f1m=0.4805  uplink_kB=131.3  t=0.69s
  round  34/50: acc=0.5718  f1m=0.4804  uplink_kB=131.3  t=0.70s
  round  35/50: acc=0.5734  f1m=0.4827  uplink_kB=131.3  t=0.67s
  round  36/50: acc=0.5716  f1m=0.4791  uplink_kB=131.3  t=0.68s
  round  37/50: acc=0.5716  f1m=0.4792  uplink_kB=131.3  t=0.60s
  round  38/50: acc=0.5721  f1m=0.4801  uplink_kB=131.3  t=0.65s
  round  39/50: acc=0.5733  f1m=0.4820  uplink_kB=131.3  t=0.65s
  round  40/50: acc=0.5712  f1m=0.4782  uplink_kB=131.3  t=0.66s
  round  41/50: acc=0.5708  f1m=0.4776  uplink_kB=131.3  t=0.69s
  round  42/50: acc=0.5721  f1m=0.4796  uplink_kB=131.3  t=0.68s
  round  43/50: acc=0.5729  f1m=0.4804  uplink_kB=131.3  t=0.67s
  round  44/50: acc=0.5705  f1m=0.4762  uplink_kB=131.3  t=0.71s
  round  45/50: acc=0.5727  f1m=0.4802  uplink_kB=131.3  t=0.62s
  round  46/50: acc=0.5736  f1m=0.4818  uplink_kB=131.3  t=0.69s
  round  47/50: acc=0.5742  f1m=0.4829  uplink_kB=131.3  t=0.69s
  round  48/50: acc=0.5723  f1m=0.4795  uplink_kB=131.3  t=0.68s
  round  49/50: acc=0.5748  f1m=0.4845  uplink_kB=131.3  t=0.66s
  round  50/50: acc=0.5709  f1m=0.4769  uplink_kB=131.3  t=0.66s
[run] DONE -> /Users/agentra/Documents/hao/working/paper-lab/hao-paper-2026/iotj-fedkan-ids/repo/results/lrsweep_toniot/lrsweep_mlp80_lr0p003__dir0.1__seed31/metrics.json  final_acc=0.5709
