[run] device=cpu  seed=42  out=/Users/agentra/Documents/hao/working/paper-lab/hao-paper-2026/iotj-fedkan-ids/repo/results/lrsweep_toniot/lrsweep_mlp80_lr0p03__dir0.1__seed42
[run] model=mlp  params=3,362
  round   1/50: acc=0.5000  f1m=0.3333  uplink_kB=131.3  t=1.29s
  round   2/50: acc=0.5000  f1m=0.3333  uplink_kB=131.3  t=0.69s
  round   3/50: acc=0.5504  f1m=0.4373  uplink_kB=131.3  t=0.71s
  round   4/50: acc=0.6816  f1m=0.6650  uplink_kB=131.3  t=0.66s
  round   5/50: acc=0.7146  f1m=0.7098  uplink_kB=131.3  t=0.69s
  round   6/50: acc=0.7216  f1m=0.7181  uplink_kB=131.3  t=0.61s
  round   7/50: acc=0.7188  f1m=0.7156  uplink_kB=131.3  t=0.67s
  round   8/50: acc=0.7103  f1m=0.6986  uplink_kB=131.3  t=0.67s
  round   9/50: acc=0.7159  f1m=0.7071  uplink_kB=131.3  t=0.67s
  round  10/50: acc=0.7092  f1m=0.6968  uplink_kB=131.3  t=0.64s
  round  11/50: acc=0.7596  f1m=0.7565  uplink_kB=131.3  t=0.64s
  round  12/50: acc=0.6970  f1m=0.6824  uplink_kB=131.3  t=0.65s
  round  13/50: acc=0.6894  f1m=0.6889  uplink_kB=131.3  t=0.61s
  round  14/50: acc=0.7031  f1m=0.6882  uplink_kB=131.3  t=0.64s
  round  15/50: acc=0.7697  f1m=0.7685  uplink_kB=131.3  t=0.65s
  round  16/50: acc=0.6468  f1m=0.6077  uplink_kB=131.3  t=0.65s
  round  17/50: acc=0.7599  f1m=0.7559  uplink_kB=131.3  t=0.66s
  round  18/50: acc=0.6513  f1m=0.6138  uplink_kB=131.3  t=0.68s
  round  19/50: acc=0.7517  f1m=0.7517  uplink_kB=131.3  t=0.68s
  round  20/50: acc=0.6794  f1m=0.6588  uplink_kB=131.3  t=0.62s
  round  21/50: acc=0.6293  f1m=0.6174  uplink_kB=131.3  t=0.67s
  round  22/50: acc=0.7045  f1m=0.6901  uplink_kB=131.3  t=0.67s
  round  23/50: acc=0.8164  f1m=0.8152  uplink_kB=131.3  t=0.68s
  round  24/50: acc=0.6807  f1m=0.6575  uplink_kB=131.3  t=0.66s
  round  25/50: acc=0.8022  f1m=0.7998  uplink_kB=131.3  t=0.68s
  round  26/50: acc=0.5794  f1m=0.4912  uplink_kB=131.3  t=0.60s
  round  27/50: acc=0.7616  f1m=0.7519  uplink_kB=131.3  t=0.66s
  round  28/50: acc=0.5848  f1m=0.5015  uplink_kB=131.3  t=0.66s
  round  29/50: acc=0.7482  f1m=0.7350  uplink_kB=131.3  t=0.66s
  round  30/50: acc=0.6130  f1m=0.5495  uplink_kB=131.3  t=0.67s
  round  31/50: acc=0.7656  f1m=0.7565  uplink_kB=131.3  t=0.66s
  round  32/50: acc=0.6111  f1m=0.5465  uplink_kB=131.3  t=0.60s
  round  33/50: acc=0.7820  f1m=0.7774  uplink_kB=131.3  t=0.66s
  round  34/50: acc=0.6018  f1m=0.5311  uplink_kB=131.3  t=0.66s
  round  35/50: acc=0.7223  f1m=0.7031  uplink_kB=131.3  t=0.66s
  round  36/50: acc=0.5949  f1m=0.5192  uplink_kB=131.3  t=0.64s
  round  37/50: acc=0.6622  f1m=0.6268  uplink_kB=131.3  t=0.64s
  round  38/50: acc=0.6127  f1m=0.5488  uplink_kB=131.3  t=0.60s
  round  39/50: acc=0.7707  f1m=0.7626  uplink_kB=131.3  t=0.66s
  round  40/50: acc=0.6063  f1m=0.5386  uplink_kB=131.3  t=0.64s
  round  41/50: acc=0.7563  f1m=0.7453  uplink_kB=131.3  t=0.68s
  round  42/50: acc=0.6062  f1m=0.5385  uplink_kB=131.3  t=0.66s
  round  43/50: acc=0.6898  f1m=0.6680  uplink_kB=131.3  t=0.67s
  round  44/50: acc=0.6813  f1m=0.6542  uplink_kB=131.3  t=0.66s
  round  45/50: acc=0.5913  f1m=0.5128  uplink_kB=131.3  t=0.61s
  round  46/50: acc=0.6132  f1m=0.5496  uplink_kB=131.3  t=0.64s
  round  47/50: acc=0.6108  f1m=0.5461  uplink_kB=131.3  t=0.66s
  round  48/50: acc=0.6041  f1m=0.5345  uplink_kB=131.3  t=0.67s
  round  49/50: acc=0.5883  f1m=0.5069  uplink_kB=131.3  t=0.67s
  round  50/50: acc=0.5862  f1m=0.5032  uplink_kB=131.3  t=0.66s
[run] DONE -> /Users/agentra/Documents/hao/working/paper-lab/hao-paper-2026/iotj-fedkan-ids/repo/results/lrsweep_toniot/lrsweep_mlp80_lr0p03__dir0.1__seed42/metrics.json  final_acc=0.5862
