[run] device=cpu  seed=2026  out=/Users/agentra/Documents/hao/working/paper-lab/hao-paper-2026/iotj-fedkan-ids/repo/results/scaffold_sgd/scaffold_sgd_kan8__dir0.1__seed2026
[run] model=kan  params=3,280
  round   1/50: acc=0.4989  f1m=0.3328  uplink_kB=300.3  t=3.02s
  round   2/50: acc=0.4989  f1m=0.3328  uplink_kB=300.3  t=2.06s
  round   3/50: acc=0.3791  f1m=0.2749  uplink_kB=300.3  t=1.96s
  round   4/50: acc=0.4989  f1m=0.3328  uplink_kB=300.3  t=2.00s
  round   5/50: acc=0.5011  f1m=0.3338  uplink_kB=300.3  t=2.03s
  round   6/50: acc=0.5011  f1m=0.3338  uplink_kB=300.3  t=2.04s
  round   7/50: acc=0.4989  f1m=0.3328  uplink_kB=300.3  t=1.96s
  round   8/50: acc=0.4989  f1m=0.3328  uplink_kB=300.3  t=2.03s
  round   9/50: acc=0.4989  f1m=0.3328  uplink_kB=300.3  t=1.92s
  round  10/50: acc=0.4989  f1m=0.3328  uplink_kB=300.3  t=1.90s
  round  11/50: acc=0.4989  f1m=0.3328  uplink_kB=300.3  t=1.96s
  round  12/50: acc=0.4989  f1m=0.3328  uplink_kB=300.3  t=1.95s
  round  13/50: acc=0.4989  f1m=0.3328  uplink_kB=300.3  t=1.94s
  round  14/50: acc=0.4989  f1m=0.3328  uplink_kB=300.3  t=1.91s
  round  15/50: acc=0.4989  f1m=0.3328  uplink_kB=300.3  t=2.00s
  round  16/50: acc=0.4989  f1m=0.3328  uplink_kB=300.3  t=1.97s
  round  17/50: acc=0.4989  f1m=0.3328  uplink_kB=300.3  t=1.99s
  round  18/50: acc=0.4989  f1m=0.3328  uplink_kB=300.3  t=2.00s
  round  19/50: acc=0.4989  f1m=0.3328  uplink_kB=300.3  t=1.96s
  round  20/50: acc=0.4989  f1m=0.3328  uplink_kB=300.3  t=2.09s
  round  21/50: acc=0.4989  f1m=0.3328  uplink_kB=300.3  t=2.27s
  round  22/50: acc=0.4989  f1m=0.3328  uplink_kB=300.3  t=2.21s
  round  23/50: acc=0.4989  f1m=0.3328  uplink_kB=300.3  t=2.01s
  round  24/50: acc=0.4989  f1m=0.3328  uplink_kB=300.3  t=1.83s
  round  25/50: acc=0.4989  f1m=0.3328  uplink_kB=300.3  t=1.50s
  round  26/50: acc=0.4989  f1m=0.3328  uplink_kB=300.3  t=1.54s
  round  27/50: acc=0.4989  f1m=0.3328  uplink_kB=300.3  t=1.53s
  round  28/50: acc=0.4989  f1m=0.3328  uplink_kB=300.3  t=1.58s
  round  29/50: acc=0.4989  f1m=0.3328  uplink_kB=300.3  t=1.64s
  round  30/50: acc=0.4989  f1m=0.3328  uplink_kB=300.3  t=1.62s
  round  31/50: acc=0.4989  f1m=0.3328  uplink_kB=300.3  t=1.63s
  round  32/50: acc=0.4989  f1m=0.3328  uplink_kB=300.3  t=1.67s
  round  33/50: acc=0.4989  f1m=0.3328  uplink_kB=300.3  t=1.54s
  round  34/50: acc=0.4989  f1m=0.3328  uplink_kB=300.3  t=1.75s
  round  35/50: acc=0.4989  f1m=0.3328  uplink_kB=300.3  t=1.76s
  round  36/50: acc=0.4989  f1m=0.3328  uplink_kB=300.3  t=1.65s
  round  37/50: acc=0.4989  f1m=0.3328  uplink_kB=300.3  t=1.66s
  round  38/50: acc=0.4989  f1m=0.3328  uplink_kB=300.3  t=1.78s
  round  39/50: acc=0.4989  f1m=0.3328  uplink_kB=300.3  t=1.74s
  round  40/50: acc=0.4989  f1m=0.3328  uplink_kB=300.3  t=1.95s
  round  41/50: acc=0.4989  f1m=0.3328  uplink_kB=300.3  t=1.73s
  round  42/50: acc=0.4989  f1m=0.3328  uplink_kB=300.3  t=1.68s
  round  43/50: acc=0.4989  f1m=0.3328  uplink_kB=300.3  t=1.70s
  round  44/50: acc=0.4989  f1m=0.3328  uplink_kB=300.3  t=1.69s
  round  45/50: acc=0.4989  f1m=0.3328  uplink_kB=300.3  t=1.47s
  round  46/50: acc=0.4989  f1m=0.3328  uplink_kB=300.3  t=1.47s
  round  47/50: acc=0.4989  f1m=0.3328  uplink_kB=300.3  t=1.46s
  round  48/50: acc=0.4989  f1m=0.3328  uplink_kB=300.3  t=1.43s
  round  49/50: acc=0.4989  f1m=0.3328  uplink_kB=300.3  t=1.59s
  round  50/50: acc=0.4989  f1m=0.3328  uplink_kB=300.3  t=1.31s
[run] DONE -> /Users/agentra/Documents/hao/working/paper-lab/hao-paper-2026/iotj-fedkan-ids/repo/results/scaffold_sgd/scaffold_sgd_kan8__dir0.1__seed2026/metrics.json  final_acc=0.4989
