[run] device=cpu  seed=42  out=/Users/agentra/Documents/hao/working/paper-lab/hao-paper-2026/iotj-fedkan-ids/repo/results/lrsweep_cseciic/lrsweep_kan16_lr0p01__dir0.1__seed42
[run] model=kan  params=6,560
  round   1/50: acc=0.5000  f1m=0.3333  uplink_kB=282.0  t=2.59s
  round   2/50: acc=0.8884  f1m=0.8872  uplink_kB=282.0  t=1.98s
  round   3/50: acc=0.7548  f1m=0.7393  uplink_kB=282.0  t=2.01s
  round   4/50: acc=0.8815  f1m=0.8800  uplink_kB=282.0  t=2.10s
  round   5/50: acc=0.8181  f1m=0.8121  uplink_kB=282.0  t=1.93s
  round   6/50: acc=0.8866  f1m=0.8853  uplink_kB=282.0  t=1.95s
  round   7/50: acc=0.9039  f1m=0.9031  uplink_kB=282.0  t=2.02s
  round   8/50: acc=0.9067  f1m=0.9060  uplink_kB=282.0  t=1.98s
  round   9/50: acc=0.8908  f1m=0.8896  uplink_kB=282.0  t=2.00s
  round  10/50: acc=0.9172  f1m=0.9167  uplink_kB=282.0  t=2.03s
  round  11/50: acc=0.9135  f1m=0.9129  uplink_kB=282.0  t=1.98s
  round  12/50: acc=0.9221  f1m=0.9217  uplink_kB=282.0  t=1.97s
  round  13/50: acc=0.9232  f1m=0.9227  uplink_kB=282.0  t=1.98s
  round  14/50: acc=0.9229  f1m=0.9225  uplink_kB=282.0  t=1.99s
  round  15/50: acc=0.9280  f1m=0.9277  uplink_kB=282.0  t=2.02s
  round  16/50: acc=0.9275  f1m=0.9272  uplink_kB=282.0  t=2.06s
  round  17/50: acc=0.9289  f1m=0.9286  uplink_kB=282.0  t=2.01s
  round  18/50: acc=0.9563  f1m=0.9562  uplink_kB=282.0  t=2.01s
  round  19/50: acc=0.9340  f1m=0.9337  uplink_kB=282.0  t=1.98s
  round  20/50: acc=0.9588  f1m=0.9588  uplink_kB=282.0  t=2.03s
  round  21/50: acc=0.9379  f1m=0.9376  uplink_kB=282.0  t=1.90s
  round  22/50: acc=0.9611  f1m=0.9611  uplink_kB=282.0  t=1.99s
  round  23/50: acc=0.9339  f1m=0.9336  uplink_kB=282.0  t=2.01s
  round  24/50: acc=0.9623  f1m=0.9623  uplink_kB=282.0  t=2.01s
  round  25/50: acc=0.9286  f1m=0.9283  uplink_kB=282.0  t=1.92s
  round  26/50: acc=0.9641  f1m=0.9641  uplink_kB=282.0  t=2.00s
  round  27/50: acc=0.9333  f1m=0.9330  uplink_kB=282.0  t=2.00s
  round  28/50: acc=0.9630  f1m=0.9630  uplink_kB=282.0  t=1.91s
  round  29/50: acc=0.9333  f1m=0.9330  uplink_kB=282.0  t=2.00s
  round  30/50: acc=0.9682  f1m=0.9682  uplink_kB=282.0  t=2.01s
  round  31/50: acc=0.9357  f1m=0.9355  uplink_kB=282.0  t=1.96s
  round  32/50: acc=0.9658  f1m=0.9658  uplink_kB=282.0  t=1.96s
  round  33/50: acc=0.9359  f1m=0.9356  uplink_kB=282.0  t=1.99s
  round  34/50: acc=0.9689  f1m=0.9689  uplink_kB=282.0  t=2.00s
  round  35/50: acc=0.9363  f1m=0.9361  uplink_kB=282.0  t=2.01s
  round  36/50: acc=0.9694  f1m=0.9694  uplink_kB=282.0  t=1.93s
  round  37/50: acc=0.9326  f1m=0.9323  uplink_kB=282.0  t=1.99s
  round  38/50: acc=0.9714  f1m=0.9714  uplink_kB=282.0  t=1.96s
  round  39/50: acc=0.9423  f1m=0.9421  uplink_kB=282.0  t=2.03s
  round  40/50: acc=0.9698  f1m=0.9698  uplink_kB=282.0  t=1.92s
  round  41/50: acc=0.9119  f1m=0.9112  uplink_kB=282.0  t=1.99s
  round  42/50: acc=0.9679  f1m=0.9679  uplink_kB=282.0  t=1.98s
  round  43/50: acc=0.9366  f1m=0.9364  uplink_kB=282.0  t=2.00s
  round  44/50: acc=0.9718  f1m=0.9718  uplink_kB=282.0  t=2.07s
  round  45/50: acc=0.9387  f1m=0.9385  uplink_kB=282.0  t=1.98s
  round  46/50: acc=0.9718  f1m=0.9718  uplink_kB=282.0  t=2.01s
  round  47/50: acc=0.9659  f1m=0.9659  uplink_kB=282.0  t=1.93s
  round  48/50: acc=0.9702  f1m=0.9702  uplink_kB=282.0  t=2.04s
  round  49/50: acc=0.9349  f1m=0.9347  uplink_kB=282.0  t=2.01s
  round  50/50: acc=0.9730  f1m=0.9729  uplink_kB=282.0  t=1.89s
[run] DONE -> /Users/agentra/Documents/hao/working/paper-lab/hao-paper-2026/iotj-fedkan-ids/repo/results/lrsweep_cseciic/lrsweep_kan16_lr0p01__dir0.1__seed42/metrics.json  final_acc=0.9730
