[run] device=cpu  seed=43  out=/Users/agentra/Documents/hao/working/paper-lab/hao-paper-2026/iotj-fedkan-ids/repo/results/lrsweep_botiot/lrsweep_mlp32_lr0p001__dir0.1__seed43
[run] model=mlp  params=1,346
  round   1/50: acc=0.9278  f1m=0.9278  uplink_kB=52.6  t=1.33s
  round   2/50: acc=0.9326  f1m=0.9326  uplink_kB=52.6  t=0.67s
  round   3/50: acc=0.9325  f1m=0.9325  uplink_kB=52.6  t=0.72s
  round   4/50: acc=0.9328  f1m=0.9328  uplink_kB=52.6  t=0.61s
  round   5/50: acc=0.9333  f1m=0.9333  uplink_kB=52.6  t=0.69s
  round   6/50: acc=0.9335  f1m=0.9335  uplink_kB=52.6  t=0.66s
  round   7/50: acc=0.9340  f1m=0.9340  uplink_kB=52.6  t=0.66s
  round   8/50: acc=0.9322  f1m=0.9322  uplink_kB=52.6  t=0.68s
  round   9/50: acc=0.9324  f1m=0.9324  uplink_kB=52.6  t=0.69s
  round  10/50: acc=0.9377  f1m=0.9377  uplink_kB=52.6  t=0.62s
  round  11/50: acc=0.9378  f1m=0.9378  uplink_kB=52.6  t=0.70s
  round  12/50: acc=0.9382  f1m=0.9382  uplink_kB=52.6  t=0.68s
  round  13/50: acc=0.9394  f1m=0.9394  uplink_kB=52.6  t=0.69s
  round  14/50: acc=0.9420  f1m=0.9420  uplink_kB=52.6  t=0.68s
  round  15/50: acc=0.9444  f1m=0.9444  uplink_kB=52.6  t=0.67s
  round  16/50: acc=0.9456  f1m=0.9456  uplink_kB=52.6  t=0.68s
  round  17/50: acc=0.9467  f1m=0.9467  uplink_kB=52.6  t=0.65s
  round  18/50: acc=0.9533  f1m=0.9533  uplink_kB=52.6  t=0.70s
  round  19/50: acc=0.9539  f1m=0.9539  uplink_kB=52.6  t=0.66s
  round  20/50: acc=0.9543  f1m=0.9543  uplink_kB=52.6  t=0.70s
  round  21/50: acc=0.9546  f1m=0.9546  uplink_kB=52.6  t=0.75s
  round  22/50: acc=0.9549  f1m=0.9549  uplink_kB=52.6  t=0.59s
  round  23/50: acc=0.9556  f1m=0.9556  uplink_kB=52.6  t=0.65s
  round  24/50: acc=0.9560  f1m=0.9560  uplink_kB=52.6  t=0.67s
  round  25/50: acc=0.9565  f1m=0.9565  uplink_kB=52.6  t=0.67s
  round  26/50: acc=0.9569  f1m=0.9569  uplink_kB=52.6  t=0.69s
  round  27/50: acc=0.9571  f1m=0.9571  uplink_kB=52.6  t=0.70s
  round  28/50: acc=0.9589  f1m=0.9589  uplink_kB=52.6  t=0.70s
  round  29/50: acc=0.9597  f1m=0.9597  uplink_kB=52.6  t=0.62s
  round  30/50: acc=0.9595  f1m=0.9595  uplink_kB=52.6  t=0.70s
  round  31/50: acc=0.9600  f1m=0.9600  uplink_kB=52.6  t=0.66s
  round  32/50: acc=0.9606  f1m=0.9606  uplink_kB=52.6  t=0.67s
  round  33/50: acc=0.9610  f1m=0.9610  uplink_kB=52.6  t=0.65s
  round  34/50: acc=0.9619  f1m=0.9619  uplink_kB=52.6  t=0.67s
  round  35/50: acc=0.9620  f1m=0.9620  uplink_kB=52.6  t=0.60s
  round  36/50: acc=0.9627  f1m=0.9627  uplink_kB=52.6  t=0.68s
  round  37/50: acc=0.9634  f1m=0.9634  uplink_kB=52.6  t=0.64s
  round  38/50: acc=0.9644  f1m=0.9644  uplink_kB=52.6  t=0.63s
  round  39/50: acc=0.9636  f1m=0.9636  uplink_kB=52.6  t=0.68s
  round  40/50: acc=0.9652  f1m=0.9651  uplink_kB=52.6  t=0.65s
  round  41/50: acc=0.9654  f1m=0.9654  uplink_kB=52.6  t=0.68s
  round  42/50: acc=0.9659  f1m=0.9659  uplink_kB=52.6  t=0.65s
  round  43/50: acc=0.9663  f1m=0.9663  uplink_kB=52.6  t=0.66s
  round  44/50: acc=0.9666  f1m=0.9666  uplink_kB=52.6  t=0.68s
  round  45/50: acc=0.9669  f1m=0.9668  uplink_kB=52.6  t=0.69s
  round  46/50: acc=0.9670  f1m=0.9670  uplink_kB=52.6  t=0.66s
  round  47/50: acc=0.9666  f1m=0.9666  uplink_kB=52.6  t=0.71s
  round  48/50: acc=0.9669  f1m=0.9669  uplink_kB=52.6  t=0.60s
  round  49/50: acc=0.9679  f1m=0.9679  uplink_kB=52.6  t=0.68s
  round  50/50: acc=0.9682  f1m=0.9682  uplink_kB=52.6  t=0.70s
[run] DONE -> /Users/agentra/Documents/hao/working/paper-lab/hao-paper-2026/iotj-fedkan-ids/repo/results/lrsweep_botiot/lrsweep_mlp32_lr0p001__dir0.1__seed43/metrics.json  final_acc=0.9682
