[run] device=cpu  seed=11  out=/Users/agentra/Documents/hao/working/paper-lab/hao-paper-2026/iotj-fedkan-ids/repo/results/lrsweep_cseciic_mc50k/lrsweep_kan16_lr0p001__dir0.1__seed11
[run] model=kan  params=8,640
  round   1/50: acc=0.1217  f1m=0.0145  uplink_kB=363.3  t=3.57s
  round   2/50: acc=0.1217  f1m=0.0145  uplink_kB=363.3  t=3.08s
  round   3/50: acc=0.1284  f1m=0.0213  uplink_kB=363.3  t=3.15s
  round   4/50: acc=0.1342  f1m=0.0228  uplink_kB=363.3  t=2.94s
  round   5/50: acc=0.1550  f1m=0.0401  uplink_kB=363.3  t=3.24s
  round   6/50: acc=0.3521  f1m=0.1511  uplink_kB=363.3  t=2.97s
  round   7/50: acc=0.3550  f1m=0.1298  uplink_kB=363.3  t=2.90s
  round   8/50: acc=0.3491  f1m=0.1278  uplink_kB=363.3  t=2.87s
  round   9/50: acc=0.3617  f1m=0.1348  uplink_kB=363.3  t=2.86s
  round  10/50: acc=0.3628  f1m=0.1378  uplink_kB=363.3  t=6.94s
  round  11/50: acc=0.3902  f1m=0.1646  uplink_kB=363.3  t=2.93s
  round  12/50: acc=0.4267  f1m=0.1942  uplink_kB=363.3  t=2.87s
  round  13/50: acc=0.4925  f1m=0.2594  uplink_kB=363.3  t=2.84s
  round  14/50: acc=0.5097  f1m=0.2695  uplink_kB=363.3  t=2.89s
  round  15/50: acc=0.6124  f1m=0.3363  uplink_kB=363.3  t=2.86s
  round  16/50: acc=0.6260  f1m=0.3434  uplink_kB=363.3  t=6.17s
  round  17/50: acc=0.6583  f1m=0.3619  uplink_kB=363.3  t=2.82s
  round  18/50: acc=0.6613  f1m=0.3643  uplink_kB=363.3  t=2.90s
  round  19/50: acc=0.6709  f1m=0.3929  uplink_kB=363.3  t=2.82s
  round  20/50: acc=0.6780  f1m=0.4614  uplink_kB=363.3  t=2.90s
  round  21/50: acc=0.6864  f1m=0.4853  uplink_kB=363.3  t=4.16s
  round  22/50: acc=0.6984  f1m=0.5122  uplink_kB=363.3  t=5.61s
  round  23/50: acc=0.6991  f1m=0.5016  uplink_kB=363.3  t=2.81s
  round  24/50: acc=0.7020  f1m=0.5028  uplink_kB=363.3  t=2.83s
  round  25/50: acc=0.7043  f1m=0.5047  uplink_kB=363.3  t=2.83s
  round  26/50: acc=0.7057  f1m=0.5053  uplink_kB=363.3  t=2.90s
  round  27/50: acc=0.7099  f1m=0.5103  uplink_kB=363.3  t=2.86s
  round  28/50: acc=0.7117  f1m=0.5115  uplink_kB=363.3  t=6.96s
  round  29/50: acc=0.7137  f1m=0.5133  uplink_kB=363.3  t=2.81s
  round  30/50: acc=0.7153  f1m=0.5151  uplink_kB=363.3  t=2.86s
  round  31/50: acc=0.7172  f1m=0.5169  uplink_kB=363.3  t=3.16s
  round  32/50: acc=0.7192  f1m=0.5194  uplink_kB=363.3  t=3.00s
  round  33/50: acc=0.7225  f1m=0.5222  uplink_kB=363.3  t=2.93s
  round  34/50: acc=0.7260  f1m=0.5248  uplink_kB=363.3  t=3.06s
  round  35/50: acc=0.7354  f1m=0.5314  uplink_kB=363.3  t=2.99s
  round  36/50: acc=0.7417  f1m=0.5363  uplink_kB=363.3  t=2.99s
  round  37/50: acc=0.7510  f1m=0.5438  uplink_kB=363.3  t=2.96s
  round  38/50: acc=0.7578  f1m=0.5489  uplink_kB=363.3  t=3.06s
  round  39/50: acc=0.7590  f1m=0.5506  uplink_kB=363.3  t=2.96s
  round  40/50: acc=0.7596  f1m=0.5526  uplink_kB=363.3  t=3.03s
  round  41/50: acc=0.7653  f1m=0.5582  uplink_kB=363.3  t=2.96s
  round  42/50: acc=0.7709  f1m=0.5629  uplink_kB=363.3  t=3.02s
  round  43/50: acc=0.7744  f1m=0.5663  uplink_kB=363.3  t=2.98s
  round  44/50: acc=0.7756  f1m=0.5682  uplink_kB=363.3  t=3.03s
  round  45/50: acc=0.7786  f1m=0.5710  uplink_kB=363.3  t=2.99s
  round  46/50: acc=0.7834  f1m=0.5741  uplink_kB=363.3  t=3.01s
  round  47/50: acc=0.7863  f1m=0.5786  uplink_kB=363.3  t=2.97s
  round  48/50: acc=0.7877  f1m=0.5815  uplink_kB=363.3  t=3.01s
  round  49/50: acc=0.7876  f1m=0.5841  uplink_kB=363.3  t=2.93s
  round  50/50: acc=0.7876  f1m=0.5862  uplink_kB=363.3  t=3.06s
[run] DONE -> /Users/agentra/Documents/hao/working/paper-lab/hao-paper-2026/iotj-fedkan-ids/repo/results/lrsweep_cseciic_mc50k/lrsweep_kan16_lr0p001__dir0.1__seed11/metrics.json  final_acc=0.7876
