[run] device=cpu  seed=29  out=/Users/agentra/Documents/hao/working/paper-lab/hao-paper-2026/iotj-fedkan-ids/repo/results/lrsweep_cseciic_mc/lrsweep_kan16_lr0p01__dir0.1__seed29
[run] model=kan  params=8,640
  round   1/50: acc=0.4042  f1m=0.1342  uplink_kB=363.3  t=7.37s
  round   2/50: acc=0.4901  f1m=0.2725  uplink_kB=363.3  t=6.45s
  round   3/50: acc=0.4958  f1m=0.3208  uplink_kB=363.3  t=6.40s
  round   4/50: acc=0.5475  f1m=0.4405  uplink_kB=363.3  t=6.62s
  round   5/50: acc=0.6734  f1m=0.5277  uplink_kB=363.3  t=6.89s
  round   6/50: acc=0.7070  f1m=0.5452  uplink_kB=363.3  t=6.30s
  round   7/50: acc=0.7589  f1m=0.5691  uplink_kB=363.3  t=7.48s
  round   8/50: acc=0.7698  f1m=0.6261  uplink_kB=363.3  t=6.70s
  round   9/50: acc=0.7869  f1m=0.6461  uplink_kB=363.3  t=6.55s
  round  10/50: acc=0.8041  f1m=0.6280  uplink_kB=363.3  t=6.47s
  round  11/50: acc=0.8172  f1m=0.6957  uplink_kB=363.3  t=6.39s
  round  12/50: acc=0.8144  f1m=0.5940  uplink_kB=363.3  t=6.35s
  round  13/50: acc=0.8375  f1m=0.7166  uplink_kB=363.3  t=6.38s
  round  14/50: acc=0.8280  f1m=0.6476  uplink_kB=363.3  t=7.27s
  round  15/50: acc=0.8579  f1m=0.7178  uplink_kB=363.3  t=7.12s
  round  16/50: acc=0.8417  f1m=0.6773  uplink_kB=363.3  t=7.48s
  round  17/50: acc=0.8636  f1m=0.7308  uplink_kB=363.3  t=7.08s
  round  18/50: acc=0.8432  f1m=0.6839  uplink_kB=363.3  t=6.55s
  round  19/50: acc=0.8519  f1m=0.7036  uplink_kB=363.3  t=6.59s
  round  20/50: acc=0.8579  f1m=0.7212  uplink_kB=363.3  t=6.51s
  round  21/50: acc=0.8655  f1m=0.7271  uplink_kB=363.3  t=6.35s
  round  22/50: acc=0.8604  f1m=0.7279  uplink_kB=363.3  t=6.43s
  round  23/50: acc=0.8594  f1m=0.7251  uplink_kB=363.3  t=6.29s
  round  24/50: acc=0.8494  f1m=0.7249  uplink_kB=363.3  t=6.66s
  round  25/50: acc=0.8521  f1m=0.7227  uplink_kB=363.3  t=6.66s
  round  26/50: acc=0.8630  f1m=0.7342  uplink_kB=363.3  t=6.66s
  round  27/50: acc=0.8625  f1m=0.7327  uplink_kB=363.3  t=6.47s
  round  28/50: acc=0.8668  f1m=0.7354  uplink_kB=363.3  t=6.67s
  round  29/50: acc=0.8729  f1m=0.7449  uplink_kB=363.3  t=6.79s
  round  30/50: acc=0.8555  f1m=0.7303  uplink_kB=363.3  t=6.22s
  round  31/50: acc=0.8624  f1m=0.7299  uplink_kB=363.3  t=6.42s
  round  32/50: acc=0.8599  f1m=0.7308  uplink_kB=363.3  t=6.50s
  round  33/50: acc=0.8686  f1m=0.7392  uplink_kB=363.3  t=6.62s
  round  34/50: acc=0.8624  f1m=0.7327  uplink_kB=363.3  t=6.55s
  round  35/50: acc=0.8567  f1m=0.7279  uplink_kB=363.3  t=6.39s
  round  36/50: acc=0.8715  f1m=0.7292  uplink_kB=363.3  t=6.35s
  round  37/50: acc=0.8709  f1m=0.7416  uplink_kB=363.3  t=6.56s
  round  38/50: acc=0.8728  f1m=0.7405  uplink_kB=363.3  t=6.35s
  round  39/50: acc=0.8624  f1m=0.7324  uplink_kB=363.3  t=6.51s
  round  40/50: acc=0.8657  f1m=0.7343  uplink_kB=363.3  t=6.37s
  round  41/50: acc=0.8583  f1m=0.7324  uplink_kB=363.3  t=6.86s
  round  42/50: acc=0.8647  f1m=0.7261  uplink_kB=363.3  t=7.42s
  round  43/50: acc=0.8552  f1m=0.7292  uplink_kB=363.3  t=6.29s
  round  44/50: acc=0.8536  f1m=0.7279  uplink_kB=363.3  t=6.61s
  round  45/50: acc=0.8584  f1m=0.7316  uplink_kB=363.3  t=6.52s
  round  46/50: acc=0.8676  f1m=0.7424  uplink_kB=363.3  t=6.39s
  round  47/50: acc=0.8628  f1m=0.7354  uplink_kB=363.3  t=6.38s
  round  48/50: acc=0.8697  f1m=0.7396  uplink_kB=363.3  t=6.33s
  round  49/50: acc=0.8605  f1m=0.7353  uplink_kB=363.3  t=7.20s
  round  50/50: acc=0.8705  f1m=0.7464  uplink_kB=363.3  t=6.11s
[run] DONE -> /Users/agentra/Documents/hao/working/paper-lab/hao-paper-2026/iotj-fedkan-ids/repo/results/lrsweep_cseciic_mc/lrsweep_kan16_lr0p01__dir0.1__seed29/metrics.json  final_acc=0.8705
