[run] device=cpu  seed=17  out=/Users/agentra/Documents/hao/working/paper-lab/hao-paper-2026/iotj-fedkan-ids/repo/results/lrsweep_cseciic_mc/lrsweep_mlp80_lr0p001__dir0.1__seed17
[run] model=mlp  params=4,415
  round   1/50: acc=0.4977  f1m=0.1873  uplink_kB=172.5  t=2.83s
  round   2/50: acc=0.5244  f1m=0.1884  uplink_kB=172.5  t=2.21s
  round   3/50: acc=0.5797  f1m=0.2327  uplink_kB=172.5  t=2.17s
  round   4/50: acc=0.6619  f1m=0.3943  uplink_kB=172.5  t=2.17s
  round   5/50: acc=0.6858  f1m=0.4120  uplink_kB=172.5  t=2.09s
  round   6/50: acc=0.7158  f1m=0.4095  uplink_kB=172.5  t=2.15s
  round   7/50: acc=0.7260  f1m=0.4190  uplink_kB=172.5  t=2.12s
  round   8/50: acc=0.7312  f1m=0.4246  uplink_kB=172.5  t=2.12s
  round   9/50: acc=0.7357  f1m=0.4318  uplink_kB=172.5  t=2.08s
  round  10/50: acc=0.7483  f1m=0.4755  uplink_kB=172.5  t=2.10s
  round  11/50: acc=0.7548  f1m=0.4972  uplink_kB=172.5  t=2.08s
  round  12/50: acc=0.7586  f1m=0.5065  uplink_kB=172.5  t=2.04s
  round  13/50: acc=0.7674  f1m=0.5071  uplink_kB=172.5  t=2.15s
  round  14/50: acc=0.7700  f1m=0.5101  uplink_kB=172.5  t=2.18s
  round  15/50: acc=0.7699  f1m=0.5115  uplink_kB=172.5  t=2.28s
  round  16/50: acc=0.7716  f1m=0.5136  uplink_kB=172.5  t=2.19s
  round  17/50: acc=0.7718  f1m=0.5154  uplink_kB=172.5  t=2.08s
  round  18/50: acc=0.7728  f1m=0.5186  uplink_kB=172.5  t=2.14s
  round  19/50: acc=0.7764  f1m=0.5220  uplink_kB=172.5  t=2.11s
  round  20/50: acc=0.7739  f1m=0.5204  uplink_kB=172.5  t=2.10s
  round  21/50: acc=0.7751  f1m=0.5218  uplink_kB=172.5  t=2.11s
  round  22/50: acc=0.7773  f1m=0.5241  uplink_kB=172.5  t=2.21s
  round  23/50: acc=0.7765  f1m=0.5235  uplink_kB=172.5  t=2.16s
  round  24/50: acc=0.7776  f1m=0.5279  uplink_kB=172.5  t=2.12s
  round  25/50: acc=0.7808  f1m=0.5277  uplink_kB=172.5  t=2.10s
  round  26/50: acc=0.7828  f1m=0.5502  uplink_kB=172.5  t=2.20s
  round  27/50: acc=0.7797  f1m=0.5480  uplink_kB=172.5  t=2.14s
  round  28/50: acc=0.7818  f1m=0.5531  uplink_kB=172.5  t=2.15s
  round  29/50: acc=0.7852  f1m=0.5546  uplink_kB=172.5  t=2.13s
  round  30/50: acc=0.7875  f1m=0.5578  uplink_kB=172.5  t=2.16s
  round  31/50: acc=0.7872  f1m=0.5573  uplink_kB=172.5  t=2.11s
  round  32/50: acc=0.7884  f1m=0.5638  uplink_kB=172.5  t=2.08s
  round  33/50: acc=0.7884  f1m=0.5656  uplink_kB=172.5  t=2.09s
  round  34/50: acc=0.8133  f1m=0.5731  uplink_kB=172.5  t=2.08s
  round  35/50: acc=0.8191  f1m=0.6009  uplink_kB=172.5  t=2.17s
  round  36/50: acc=0.8179  f1m=0.6000  uplink_kB=172.5  t=2.12s
  round  37/50: acc=0.8189  f1m=0.6017  uplink_kB=172.5  t=2.11s
  round  38/50: acc=0.8178  f1m=0.6007  uplink_kB=172.5  t=2.09s
  round  39/50: acc=0.8203  f1m=0.6010  uplink_kB=172.5  t=2.26s
  round  40/50: acc=0.8186  f1m=0.6031  uplink_kB=172.5  t=2.15s
  round  41/50: acc=0.8176  f1m=0.6000  uplink_kB=172.5  t=2.13s
  round  42/50: acc=0.8240  f1m=0.6064  uplink_kB=172.5  t=2.15s
  round  43/50: acc=0.8231  f1m=0.6052  uplink_kB=172.5  t=2.16s
  round  44/50: acc=0.8223  f1m=0.6044  uplink_kB=172.5  t=2.20s
  round  45/50: acc=0.8235  f1m=0.6057  uplink_kB=172.5  t=2.12s
  round  46/50: acc=0.8208  f1m=0.6025  uplink_kB=172.5  t=2.09s
  round  47/50: acc=0.8241  f1m=0.6068  uplink_kB=172.5  t=2.10s
  round  48/50: acc=0.8238  f1m=0.6049  uplink_kB=172.5  t=2.17s
  round  49/50: acc=0.8257  f1m=0.6065  uplink_kB=172.5  t=2.10s
  round  50/50: acc=0.8284  f1m=0.6086  uplink_kB=172.5  t=2.11s
[run] DONE -> /Users/agentra/Documents/hao/working/paper-lab/hao-paper-2026/iotj-fedkan-ids/repo/results/lrsweep_cseciic_mc/lrsweep_mlp80_lr0p001__dir0.1__seed17/metrics.json  final_acc=0.8284
