[run] device=cpu  seed=11  out=/Users/agentra/Documents/hao/working/paper-lab/hao-paper-2026/iotj-fedkan-ids/repo/results/mc_toniot/mc_kan8_lr0p01__dir0.1__seed11
[run] model=kan  params=3,920
  round   1/50: acc=0.2590  f1m=0.0822  uplink_kB=175.2  t=3.21s
  round   2/50: acc=0.4259  f1m=0.2378  uplink_kB=175.2  t=2.96s
  round   3/50: acc=0.4259  f1m=0.2296  uplink_kB=175.2  t=2.81s
  round   4/50: acc=0.4645  f1m=0.3298  uplink_kB=175.2  t=2.71s
  round   5/50: acc=0.4781  f1m=0.3447  uplink_kB=175.2  t=2.60s
  round   6/50: acc=0.5032  f1m=0.3755  uplink_kB=175.2  t=2.67s
  round   7/50: acc=0.5099  f1m=0.3863  uplink_kB=175.2  t=2.61s
  round   8/50: acc=0.5437  f1m=0.4062  uplink_kB=175.2  t=2.59s
  round   9/50: acc=0.6067  f1m=0.4804  uplink_kB=175.2  t=2.71s
  round  10/50: acc=0.6360  f1m=0.5266  uplink_kB=175.2  t=2.69s
  round  11/50: acc=0.6341  f1m=0.5229  uplink_kB=175.2  t=2.65s
  round  12/50: acc=0.6431  f1m=0.5347  uplink_kB=175.2  t=2.63s
  round  13/50: acc=0.6577  f1m=0.5469  uplink_kB=175.2  t=2.65s
  round  14/50: acc=0.6624  f1m=0.5500  uplink_kB=175.2  t=2.66s
  round  15/50: acc=0.6686  f1m=0.5654  uplink_kB=175.2  t=2.76s
  round  16/50: acc=0.6736  f1m=0.5748  uplink_kB=175.2  t=2.92s
  round  17/50: acc=0.6517  f1m=0.5643  uplink_kB=175.2  t=2.85s
  round  18/50: acc=0.6559  f1m=0.5710  uplink_kB=175.2  t=2.82s
  round  19/50: acc=0.6404  f1m=0.5625  uplink_kB=175.2  t=2.86s
  round  20/50: acc=0.6504  f1m=0.5739  uplink_kB=175.2  t=2.84s
  round  21/50: acc=0.6571  f1m=0.5787  uplink_kB=175.2  t=2.86s
  round  22/50: acc=0.6638  f1m=0.5857  uplink_kB=175.2  t=2.83s
  round  23/50: acc=0.6691  f1m=0.5919  uplink_kB=175.2  t=2.82s
  round  24/50: acc=0.6768  f1m=0.5915  uplink_kB=175.2  t=3.00s
  round  25/50: acc=0.6691  f1m=0.6402  uplink_kB=175.2  t=2.88s
  round  26/50: acc=0.6781  f1m=0.6430  uplink_kB=175.2  t=2.87s
  round  27/50: acc=0.6770  f1m=0.6502  uplink_kB=175.2  t=2.85s
  round  28/50: acc=0.6795  f1m=0.6551  uplink_kB=175.2  t=2.90s
  round  29/50: acc=0.6843  f1m=0.6542  uplink_kB=175.2  t=2.85s
  round  30/50: acc=0.6935  f1m=0.6642  uplink_kB=175.2  t=2.85s
  round  31/50: acc=0.6847  f1m=0.6551  uplink_kB=175.2  t=2.90s
  round  32/50: acc=0.7045  f1m=0.6685  uplink_kB=175.2  t=2.87s
  round  33/50: acc=0.6810  f1m=0.6552  uplink_kB=175.2  t=2.84s
  round  34/50: acc=0.6982  f1m=0.6640  uplink_kB=175.2  t=2.83s
  round  35/50: acc=0.7075  f1m=0.6686  uplink_kB=175.2  t=2.75s
  round  36/50: acc=0.7104  f1m=0.6708  uplink_kB=175.2  t=2.79s
  round  37/50: acc=0.7021  f1m=0.6659  uplink_kB=175.2  t=2.88s
  round  38/50: acc=0.6939  f1m=0.6623  uplink_kB=175.2  t=2.84s
  round  39/50: acc=0.7016  f1m=0.6649  uplink_kB=175.2  t=2.82s
  round  40/50: acc=0.7117  f1m=0.6734  uplink_kB=175.2  t=2.92s
  round  41/50: acc=0.7028  f1m=0.6628  uplink_kB=175.2  t=2.82s
  round  42/50: acc=0.7030  f1m=0.6638  uplink_kB=175.2  t=2.88s
  round  43/50: acc=0.7003  f1m=0.6652  uplink_kB=175.2  t=2.81s
  round  44/50: acc=0.7141  f1m=0.6794  uplink_kB=175.2  t=2.78s
  round  45/50: acc=0.7035  f1m=0.6810  uplink_kB=175.2  t=2.84s
  round  46/50: acc=0.7150  f1m=0.6845  uplink_kB=175.2  t=2.87s
  round  47/50: acc=0.7146  f1m=0.6850  uplink_kB=175.2  t=2.86s
  round  48/50: acc=0.7169  f1m=0.6886  uplink_kB=175.2  t=2.84s
  round  49/50: acc=0.7168  f1m=0.6914  uplink_kB=175.2  t=2.81s
  round  50/50: acc=0.7184  f1m=0.6924  uplink_kB=175.2  t=2.84s
[run] DONE -> /Users/agentra/Documents/hao/working/paper-lab/hao-paper-2026/iotj-fedkan-ids/repo/results/mc_toniot/mc_kan8_lr0p01__dir0.1__seed11/metrics.json  final_acc=0.7184
