[run] device=cpu  seed=23  out=/Users/agentra/Documents/hao/working/paper-lab/hao-paper-2026/iotj-fedkan-ids/repo/results/lrsweep_cseciic_mc50k/lrsweep_mlp80_lr0p003__dir0.1__seed23
[run] model=mlp  params=4,415
  round   1/50: acc=0.2241  f1m=0.0760  uplink_kB=172.5  t=1.51s
  round   2/50: acc=0.4973  f1m=0.2670  uplink_kB=172.5  t=1.02s
  round   3/50: acc=0.6070  f1m=0.3737  uplink_kB=172.5  t=1.08s
  round   4/50: acc=0.5944  f1m=0.4193  uplink_kB=172.5  t=1.02s
  round   5/50: acc=0.5951  f1m=0.4208  uplink_kB=172.5  t=1.06s
  round   6/50: acc=0.6007  f1m=0.4244  uplink_kB=172.5  t=1.04s
  round   7/50: acc=0.6007  f1m=0.4235  uplink_kB=172.5  t=1.14s
  round   8/50: acc=0.6034  f1m=0.4264  uplink_kB=172.5  t=1.00s
  round   9/50: acc=0.6053  f1m=0.4279  uplink_kB=172.5  t=1.06s
  round  10/50: acc=0.6067  f1m=0.4281  uplink_kB=172.5  t=0.98s
  round  11/50: acc=0.6069  f1m=0.4282  uplink_kB=172.5  t=1.03s
  round  12/50: acc=0.6143  f1m=0.4365  uplink_kB=172.5  t=1.03s
  round  13/50: acc=0.6259  f1m=0.4489  uplink_kB=172.5  t=1.05s
  round  14/50: acc=0.6399  f1m=0.4608  uplink_kB=172.5  t=1.01s
  round  15/50: acc=0.6535  f1m=0.4714  uplink_kB=172.5  t=1.05s
  round  16/50: acc=0.6647  f1m=0.4792  uplink_kB=172.5  t=1.02s
  round  17/50: acc=0.6797  f1m=0.4893  uplink_kB=172.5  t=1.07s
  round  18/50: acc=0.6785  f1m=0.4886  uplink_kB=172.5  t=1.00s
  round  19/50: acc=0.6850  f1m=0.4924  uplink_kB=172.5  t=1.07s
  round  20/50: acc=0.6755  f1m=0.4871  uplink_kB=172.5  t=1.11s
  round  21/50: acc=0.6894  f1m=0.4958  uplink_kB=172.5  t=1.11s
  round  22/50: acc=0.6708  f1m=0.4845  uplink_kB=172.5  t=1.07s
  round  23/50: acc=0.6978  f1m=0.5004  uplink_kB=172.5  t=1.06s
  round  24/50: acc=0.6906  f1m=0.4964  uplink_kB=172.5  t=1.06s
  round  25/50: acc=0.6949  f1m=0.4991  uplink_kB=172.5  t=1.09s
  round  26/50: acc=0.7252  f1m=0.5158  uplink_kB=172.5  t=1.01s
  round  27/50: acc=0.7087  f1m=0.5067  uplink_kB=172.5  t=1.06s
  round  28/50: acc=0.6906  f1m=0.4965  uplink_kB=172.5  t=1.03s
  round  29/50: acc=0.7261  f1m=0.5161  uplink_kB=172.5  t=1.10s
  round  30/50: acc=0.7088  f1m=0.5070  uplink_kB=172.5  t=1.02s
  round  31/50: acc=0.7033  f1m=0.5041  uplink_kB=172.5  t=1.10s
  round  32/50: acc=0.6142  f1m=0.4574  uplink_kB=172.5  t=1.04s
  round  33/50: acc=0.6298  f1m=0.4659  uplink_kB=172.5  t=1.06s
  round  34/50: acc=0.7333  f1m=0.5207  uplink_kB=172.5  t=1.02s
  round  35/50: acc=0.7197  f1m=0.5132  uplink_kB=172.5  t=1.04s
  round  36/50: acc=0.7337  f1m=0.5211  uplink_kB=172.5  t=1.04s
  round  37/50: acc=0.7321  f1m=0.5203  uplink_kB=172.5  t=1.09s
  round  38/50: acc=0.7334  f1m=0.5210  uplink_kB=172.5  t=1.08s
  round  39/50: acc=0.7336  f1m=0.5212  uplink_kB=172.5  t=1.06s
  round  40/50: acc=0.7342  f1m=0.5219  uplink_kB=172.5  t=1.03s
  round  41/50: acc=0.7342  f1m=0.5220  uplink_kB=172.5  t=1.03s
  round  42/50: acc=0.7329  f1m=0.5207  uplink_kB=172.5  t=1.03s
  round  43/50: acc=0.7331  f1m=0.5208  uplink_kB=172.5  t=1.08s
  round  44/50: acc=0.7339  f1m=0.5215  uplink_kB=172.5  t=1.05s
  round  45/50: acc=0.6138  f1m=0.4581  uplink_kB=172.5  t=1.05s
  round  46/50: acc=0.7338  f1m=0.5213  uplink_kB=172.5  t=1.02s
  round  47/50: acc=0.7337  f1m=0.5208  uplink_kB=172.5  t=1.10s
  round  48/50: acc=0.7351  f1m=0.5225  uplink_kB=172.5  t=0.98s
  round  49/50: acc=0.7344  f1m=0.5218  uplink_kB=172.5  t=1.07s
  round  50/50: acc=0.7348  f1m=0.5223  uplink_kB=172.5  t=1.05s
[run] DONE -> /Users/agentra/Documents/hao/working/paper-lab/hao-paper-2026/iotj-fedkan-ids/repo/results/lrsweep_cseciic_mc50k/lrsweep_mlp80_lr0p003__dir0.1__seed23/metrics.json  final_acc=0.7348
