[run] device=cpu  seed=43  out=/Users/agentra/Documents/hao/working/paper-lab/hao-paper-2026/iotj-fedkan-ids/repo/results/lrsweep_cseciic_mc/lrsweep_mlp32_lr0p03__dir0.1__seed43
[run] model=mlp  params=1,775
  round   1/50: acc=0.4183  f1m=0.1374  uplink_kB=69.3  t=2.99s
  round   2/50: acc=0.6862  f1m=0.3350  uplink_kB=69.3  t=2.25s
  round   3/50: acc=0.7865  f1m=0.4467  uplink_kB=69.3  t=2.19s
  round   4/50: acc=0.7678  f1m=0.4409  uplink_kB=69.3  t=2.17s
  round   5/50: acc=0.8030  f1m=0.4962  uplink_kB=69.3  t=2.17s
  round   6/50: acc=0.8218  f1m=0.5433  uplink_kB=69.3  t=2.18s
  round   7/50: acc=0.8252  f1m=0.5778  uplink_kB=69.3  t=2.07s
  round   8/50: acc=0.8115  f1m=0.5268  uplink_kB=69.3  t=2.04s
  round   9/50: acc=0.8116  f1m=0.5300  uplink_kB=69.3  t=2.09s
  round  10/50: acc=0.8108  f1m=0.5253  uplink_kB=69.3  t=2.09s
  round  11/50: acc=0.8154  f1m=0.5319  uplink_kB=69.3  t=2.56s
  round  12/50: acc=0.8129  f1m=0.5246  uplink_kB=69.3  t=2.10s
  round  13/50: acc=0.8176  f1m=0.5392  uplink_kB=69.3  t=2.08s
  round  14/50: acc=0.8133  f1m=0.5410  uplink_kB=69.3  t=2.08s
  round  15/50: acc=0.8283  f1m=0.5934  uplink_kB=69.3  t=2.12s
  round  16/50: acc=0.8085  f1m=0.5319  uplink_kB=69.3  t=2.05s
  round  17/50: acc=0.8378  f1m=0.6128  uplink_kB=69.3  t=2.04s
  round  18/50: acc=0.8251  f1m=0.5700  uplink_kB=69.3  t=2.10s
  round  19/50: acc=0.8280  f1m=0.5898  uplink_kB=69.3  t=2.12s
  round  20/50: acc=0.8230  f1m=0.5942  uplink_kB=69.3  t=2.03s
  round  21/50: acc=0.8366  f1m=0.6003  uplink_kB=69.3  t=2.04s
  round  22/50: acc=0.8284  f1m=0.6053  uplink_kB=69.3  t=2.06s
  round  23/50: acc=0.8363  f1m=0.5927  uplink_kB=69.3  t=2.12s
  round  24/50: acc=0.8457  f1m=0.6267  uplink_kB=69.3  t=2.09s
  round  25/50: acc=0.8377  f1m=0.6022  uplink_kB=69.3  t=2.10s
  round  26/50: acc=0.8454  f1m=0.6146  uplink_kB=69.3  t=2.06s
  round  27/50: acc=0.8400  f1m=0.6288  uplink_kB=69.3  t=2.12s
  round  28/50: acc=0.8392  f1m=0.6046  uplink_kB=69.3  t=2.05s
  round  29/50: acc=0.8499  f1m=0.6322  uplink_kB=69.3  t=2.05s
  round  30/50: acc=0.8448  f1m=0.6320  uplink_kB=69.3  t=2.14s
  round  31/50: acc=0.8508  f1m=0.6319  uplink_kB=69.3  t=2.07s
  round  32/50: acc=0.8408  f1m=0.6300  uplink_kB=69.3  t=2.07s
  round  33/50: acc=0.8449  f1m=0.6333  uplink_kB=69.3  t=2.08s
  round  34/50: acc=0.8611  f1m=0.6902  uplink_kB=69.3  t=2.08s
  round  35/50: acc=0.8378  f1m=0.5976  uplink_kB=69.3  t=2.04s
  round  36/50: acc=0.8491  f1m=0.6335  uplink_kB=69.3  t=2.14s
  round  37/50: acc=0.8455  f1m=0.6311  uplink_kB=69.3  t=2.05s
  round  38/50: acc=0.8493  f1m=0.6350  uplink_kB=69.3  t=2.09s
  round  39/50: acc=0.8360  f1m=0.6203  uplink_kB=69.3  t=2.12s
  round  40/50: acc=0.8428  f1m=0.6305  uplink_kB=69.3  t=2.15s
  round  41/50: acc=0.8465  f1m=0.6279  uplink_kB=69.3  t=2.05s
  round  42/50: acc=0.8478  f1m=0.6304  uplink_kB=69.3  t=2.04s
  round  43/50: acc=0.8414  f1m=0.6202  uplink_kB=69.3  t=2.12s
  round  44/50: acc=0.8437  f1m=0.6453  uplink_kB=69.3  t=2.17s
  round  45/50: acc=0.8513  f1m=0.6615  uplink_kB=69.3  t=2.27s
  round  46/50: acc=0.8499  f1m=0.6619  uplink_kB=69.3  t=2.11s
  round  47/50: acc=0.8460  f1m=0.6366  uplink_kB=69.3  t=2.09s
  round  48/50: acc=0.8548  f1m=0.6943  uplink_kB=69.3  t=2.11s
  round  49/50: acc=0.8353  f1m=0.6334  uplink_kB=69.3  t=2.11s
  round  50/50: acc=0.8471  f1m=0.6451  uplink_kB=69.3  t=2.07s
[run] DONE -> /Users/agentra/Documents/hao/working/paper-lab/hao-paper-2026/iotj-fedkan-ids/repo/results/lrsweep_cseciic_mc/lrsweep_mlp32_lr0p03__dir0.1__seed43/metrics.json  final_acc=0.8471
