[run] device=cpu  seed=2026  out=/Users/agentra/Documents/hao/working/paper-lab/hao-paper-2026/iotj-fedkan-ids/repo/results/lrsweep_cseciic_mc/lrsweep_mlp80_lr0p03__dir0.1__seed2026
[run] model=mlp  params=4,415
  round   1/50: acc=0.3203  f1m=0.1088  uplink_kB=172.5  t=2.77s
  round   2/50: acc=0.6334  f1m=0.3067  uplink_kB=172.5  t=2.06s
  round   3/50: acc=0.7272  f1m=0.4522  uplink_kB=172.5  t=2.20s
  round   4/50: acc=0.7844  f1m=0.5309  uplink_kB=172.5  t=2.08s
  round   5/50: acc=0.7307  f1m=0.4516  uplink_kB=172.5  t=2.17s
  round   6/50: acc=0.8309  f1m=0.6283  uplink_kB=172.5  t=2.29s
  round   7/50: acc=0.7788  f1m=0.5693  uplink_kB=172.5  t=2.38s
  round   8/50: acc=0.8470  f1m=0.6609  uplink_kB=172.5  t=2.22s
  round   9/50: acc=0.8100  f1m=0.5936  uplink_kB=172.5  t=2.24s
  round  10/50: acc=0.8476  f1m=0.6855  uplink_kB=172.5  t=2.25s
  round  11/50: acc=0.8080  f1m=0.6481  uplink_kB=172.5  t=2.14s
  round  12/50: acc=0.8539  f1m=0.6843  uplink_kB=172.5  t=2.16s
  round  13/50: acc=0.8189  f1m=0.6587  uplink_kB=172.5  t=2.15s
  round  14/50: acc=0.8365  f1m=0.6553  uplink_kB=172.5  t=2.21s
  round  15/50: acc=0.8572  f1m=0.6806  uplink_kB=172.5  t=2.15s
  round  16/50: acc=0.8522  f1m=0.6694  uplink_kB=172.5  t=2.14s
  round  17/50: acc=0.8380  f1m=0.6845  uplink_kB=172.5  t=2.25s
  round  18/50: acc=0.8611  f1m=0.6918  uplink_kB=172.5  t=2.18s
  round  19/50: acc=0.8595  f1m=0.6903  uplink_kB=172.5  t=2.26s
  round  20/50: acc=0.8622  f1m=0.7050  uplink_kB=172.5  t=2.16s
  round  21/50: acc=0.8527  f1m=0.6858  uplink_kB=172.5  t=2.19s
  round  22/50: acc=0.8656  f1m=0.7193  uplink_kB=172.5  t=2.16s
  round  23/50: acc=0.8624  f1m=0.7136  uplink_kB=172.5  t=2.16s
  round  24/50: acc=0.8705  f1m=0.7323  uplink_kB=172.5  t=2.15s
  round  25/50: acc=0.8539  f1m=0.7074  uplink_kB=172.5  t=2.19s
  round  26/50: acc=0.8728  f1m=0.7219  uplink_kB=172.5  t=2.12s
  round  27/50: acc=0.8395  f1m=0.6754  uplink_kB=172.5  t=2.12s
  round  28/50: acc=0.8694  f1m=0.7207  uplink_kB=172.5  t=2.15s
  round  29/50: acc=0.8542  f1m=0.7019  uplink_kB=172.5  t=2.19s
  round  30/50: acc=0.8668  f1m=0.7134  uplink_kB=172.5  t=2.23s
  round  31/50: acc=0.8598  f1m=0.7075  uplink_kB=172.5  t=2.21s
  round  32/50: acc=0.8657  f1m=0.7106  uplink_kB=172.5  t=2.16s
  round  33/50: acc=0.8602  f1m=0.7095  uplink_kB=172.5  t=2.14s
  round  34/50: acc=0.8613  f1m=0.7173  uplink_kB=172.5  t=2.28s
  round  35/50: acc=0.8689  f1m=0.7152  uplink_kB=172.5  t=2.11s
  round  36/50: acc=0.8702  f1m=0.7347  uplink_kB=172.5  t=2.12s
  round  37/50: acc=0.8696  f1m=0.7265  uplink_kB=172.5  t=2.17s
  round  38/50: acc=0.8582  f1m=0.7105  uplink_kB=172.5  t=2.15s
  round  39/50: acc=0.8816  f1m=0.7433  uplink_kB=172.5  t=2.14s
  round  40/50: acc=0.8530  f1m=0.7084  uplink_kB=172.5  t=2.19s
  round  41/50: acc=0.8803  f1m=0.7438  uplink_kB=172.5  t=2.10s
  round  42/50: acc=0.8671  f1m=0.6983  uplink_kB=172.5  t=2.16s
  round  43/50: acc=0.8651  f1m=0.7227  uplink_kB=172.5  t=2.18s
  round  44/50: acc=0.8715  f1m=0.7123  uplink_kB=172.5  t=2.12s
  round  45/50: acc=0.8787  f1m=0.7413  uplink_kB=172.5  t=2.14s
  round  46/50: acc=0.8684  f1m=0.7254  uplink_kB=172.5  t=2.13s
  round  47/50: acc=0.8742  f1m=0.7279  uplink_kB=172.5  t=2.09s
  round  48/50: acc=0.8726  f1m=0.7446  uplink_kB=172.5  t=2.18s
  round  49/50: acc=0.8722  f1m=0.7334  uplink_kB=172.5  t=2.12s
  round  50/50: acc=0.8681  f1m=0.7252  uplink_kB=172.5  t=2.24s
[run] DONE -> /Users/agentra/Documents/hao/working/paper-lab/hao-paper-2026/iotj-fedkan-ids/repo/results/lrsweep_cseciic_mc/lrsweep_mlp80_lr0p03__dir0.1__seed2026/metrics.json  final_acc=0.8681
