[run] device=cpu  seed=42  out=/Users/agentra/Documents/hao/working/paper-lab/hao-paper-2026/iotj-fedkan-ids/repo/results/lrsweep_cseciic/lrsweep_mlp80_lr0p01__dir0.1__seed42
[run] model=mlp  params=3,362
  round   1/50: acc=0.5000  f1m=0.3333  uplink_kB=131.3  t=1.41s
  round   2/50: acc=0.5000  f1m=0.3333  uplink_kB=131.3  t=0.68s
  round   3/50: acc=0.5000  f1m=0.3333  uplink_kB=131.3  t=0.70s
  round   4/50: acc=0.5000  f1m=0.3333  uplink_kB=131.3  t=0.70s
  round   5/50: acc=0.5000  f1m=0.3333  uplink_kB=131.3  t=0.70s
  round   6/50: acc=0.5005  f1m=0.3345  uplink_kB=131.3  t=0.60s
  round   7/50: acc=0.5293  f1m=0.3954  uplink_kB=131.3  t=0.71s
  round   8/50: acc=0.5972  f1m=0.5194  uplink_kB=131.3  t=0.66s
  round   9/50: acc=0.6098  f1m=0.5399  uplink_kB=131.3  t=0.68s
  round  10/50: acc=0.6154  f1m=0.5490  uplink_kB=131.3  t=0.64s
  round  11/50: acc=0.6993  f1m=0.6696  uplink_kB=131.3  t=0.66s
  round  12/50: acc=0.7358  f1m=0.7162  uplink_kB=131.3  t=0.69s
  round  13/50: acc=0.5803  f1m=0.4907  uplink_kB=131.3  t=0.66s
  round  14/50: acc=0.7249  f1m=0.7025  uplink_kB=131.3  t=0.70s
  round  15/50: acc=0.7485  f1m=0.7317  uplink_kB=131.3  t=0.73s
  round  16/50: acc=0.7311  f1m=0.7103  uplink_kB=131.3  t=0.71s
  round  17/50: acc=0.7810  f1m=0.7701  uplink_kB=131.3  t=0.66s
  round  18/50: acc=0.7364  f1m=0.7169  uplink_kB=131.3  t=0.69s
  round  19/50: acc=0.7923  f1m=0.7830  uplink_kB=131.3  t=0.72s
  round  20/50: acc=0.7769  f1m=0.7654  uplink_kB=131.3  t=0.65s
  round  21/50: acc=0.7863  f1m=0.7762  uplink_kB=131.3  t=0.68s
  round  22/50: acc=0.8330  f1m=0.8283  uplink_kB=131.3  t=0.65s
  round  23/50: acc=0.8654  f1m=0.8630  uplink_kB=131.3  t=0.66s
  round  24/50: acc=0.8643  f1m=0.8618  uplink_kB=131.3  t=0.67s
  round  25/50: acc=0.8988  f1m=0.8978  uplink_kB=131.3  t=0.70s
  round  26/50: acc=0.9025  f1m=0.9016  uplink_kB=131.3  t=0.62s
  round  27/50: acc=0.8620  f1m=0.8594  uplink_kB=131.3  t=0.72s
  round  28/50: acc=0.8647  f1m=0.8623  uplink_kB=131.3  t=0.70s
  round  29/50: acc=0.9238  f1m=0.9234  uplink_kB=131.3  t=0.73s
  round  30/50: acc=0.8581  f1m=0.8553  uplink_kB=131.3  t=0.69s
  round  31/50: acc=0.9062  f1m=0.9055  uplink_kB=131.3  t=0.71s
  round  32/50: acc=0.9261  f1m=0.9257  uplink_kB=131.3  t=0.61s
  round  33/50: acc=0.9246  f1m=0.9242  uplink_kB=131.3  t=0.68s
  round  34/50: acc=0.9264  f1m=0.9260  uplink_kB=131.3  t=0.71s
  round  35/50: acc=0.9270  f1m=0.9266  uplink_kB=131.3  t=0.70s
  round  36/50: acc=0.9257  f1m=0.9253  uplink_kB=131.3  t=0.69s
  round  37/50: acc=0.9273  f1m=0.9270  uplink_kB=131.3  t=0.73s
  round  38/50: acc=0.9270  f1m=0.9267  uplink_kB=131.3  t=0.63s
  round  39/50: acc=0.9278  f1m=0.9275  uplink_kB=131.3  t=0.65s
  round  40/50: acc=0.9261  f1m=0.9257  uplink_kB=131.3  t=0.67s
  round  41/50: acc=0.9098  f1m=0.9091  uplink_kB=131.3  t=0.70s
  round  42/50: acc=0.9283  f1m=0.9279  uplink_kB=131.3  t=0.80s
  round  43/50: acc=0.9278  f1m=0.9274  uplink_kB=131.3  t=0.70s
  round  44/50: acc=0.9311  f1m=0.9308  uplink_kB=131.3  t=0.72s
  round  45/50: acc=0.9303  f1m=0.9300  uplink_kB=131.3  t=0.65s
  round  46/50: acc=0.9239  f1m=0.9235  uplink_kB=131.3  t=0.69s
  round  47/50: acc=0.9317  f1m=0.9314  uplink_kB=131.3  t=0.70s
  round  48/50: acc=0.9315  f1m=0.9312  uplink_kB=131.3  t=0.70s
  round  49/50: acc=0.9315  f1m=0.9312  uplink_kB=131.3  t=0.66s
  round  50/50: acc=0.9305  f1m=0.9302  uplink_kB=131.3  t=0.70s
[run] DONE -> /Users/agentra/Documents/hao/working/paper-lab/hao-paper-2026/iotj-fedkan-ids/repo/results/lrsweep_cseciic/lrsweep_mlp80_lr0p01__dir0.1__seed42/metrics.json  final_acc=0.9305
