[run] device=cpu  seed=23  out=/Users/agentra/Documents/hao/working/paper-lab/hao-paper-2026/iotj-fedkan-ids/repo/results/lrsweep_toniot/lrsweep_kan8_lr0p001__dir0.1__seed23
[run] model=kan  params=3,280
  round   1/50: acc=0.6308  f1m=0.6212  uplink_kB=150.2  t=1.95s
  round   2/50: acc=0.6198  f1m=0.6121  uplink_kB=150.2  t=1.62s
  round   3/50: acc=0.6767  f1m=0.6752  uplink_kB=150.2  t=1.64s
  round   4/50: acc=0.6922  f1m=0.6917  uplink_kB=150.2  t=1.65s
  round   5/50: acc=0.7061  f1m=0.7055  uplink_kB=150.2  t=1.56s
  round   6/50: acc=0.7138  f1m=0.7131  uplink_kB=150.2  t=1.69s
  round   7/50: acc=0.7211  f1m=0.7202  uplink_kB=150.2  t=1.70s
  round   8/50: acc=0.7282  f1m=0.7268  uplink_kB=150.2  t=1.88s
  round   9/50: acc=0.7320  f1m=0.7298  uplink_kB=150.2  t=1.64s
  round  10/50: acc=0.7311  f1m=0.7284  uplink_kB=150.2  t=1.67s
  round  11/50: acc=0.7340  f1m=0.7310  uplink_kB=150.2  t=1.67s
  round  12/50: acc=0.7362  f1m=0.7331  uplink_kB=150.2  t=1.63s
  round  13/50: acc=0.7394  f1m=0.7360  uplink_kB=150.2  t=1.70s
  round  14/50: acc=0.7407  f1m=0.7374  uplink_kB=150.2  t=1.65s
  round  15/50: acc=0.7454  f1m=0.7420  uplink_kB=150.2  t=1.62s
  round  16/50: acc=0.7497  f1m=0.7463  uplink_kB=150.2  t=1.63s
  round  17/50: acc=0.7530  f1m=0.7495  uplink_kB=150.2  t=1.65s
  round  18/50: acc=0.7929  f1m=0.7914  uplink_kB=150.2  t=1.56s
  round  19/50: acc=0.8884  f1m=0.8884  uplink_kB=150.2  t=1.61s
  round  20/50: acc=0.8907  f1m=0.8907  uplink_kB=150.2  t=1.60s
  round  21/50: acc=0.8909  f1m=0.8909  uplink_kB=150.2  t=1.64s
  round  22/50: acc=0.8930  f1m=0.8930  uplink_kB=150.2  t=1.70s
  round  23/50: acc=0.8951  f1m=0.8950  uplink_kB=150.2  t=1.66s
  round  24/50: acc=0.9003  f1m=0.9003  uplink_kB=150.2  t=1.73s
  round  25/50: acc=0.8993  f1m=0.8993  uplink_kB=150.2  t=1.59s
  round  26/50: acc=0.9016  f1m=0.9016  uplink_kB=150.2  t=1.63s
  round  27/50: acc=0.9013  f1m=0.9013  uplink_kB=150.2  t=1.68s
  round  28/50: acc=0.9090  f1m=0.9090  uplink_kB=150.2  t=1.64s
  round  29/50: acc=0.9101  f1m=0.9101  uplink_kB=150.2  t=1.64s
  round  30/50: acc=0.9104  f1m=0.9104  uplink_kB=150.2  t=1.69s
  round  31/50: acc=0.9121  f1m=0.9121  uplink_kB=150.2  t=1.66s
  round  32/50: acc=0.9108  f1m=0.9108  uplink_kB=150.2  t=1.62s
  round  33/50: acc=0.9116  f1m=0.9116  uplink_kB=150.2  t=1.65s
  round  34/50: acc=0.9109  f1m=0.9109  uplink_kB=150.2  t=1.65s
  round  35/50: acc=0.9104  f1m=0.9104  uplink_kB=150.2  t=1.61s
  round  36/50: acc=0.9104  f1m=0.9104  uplink_kB=150.2  t=1.65s
  round  37/50: acc=0.9097  f1m=0.9096  uplink_kB=150.2  t=1.67s
  round  38/50: acc=0.9097  f1m=0.9097  uplink_kB=150.2  t=1.68s
  round  39/50: acc=0.9080  f1m=0.9079  uplink_kB=150.2  t=1.61s
  round  40/50: acc=0.9098  f1m=0.9098  uplink_kB=150.2  t=1.63s
  round  41/50: acc=0.9069  f1m=0.9069  uplink_kB=150.2  t=1.64s
  round  42/50: acc=0.9043  f1m=0.9042  uplink_kB=150.2  t=1.70s
  round  43/50: acc=0.9043  f1m=0.9042  uplink_kB=150.2  t=1.66s
  round  44/50: acc=0.9021  f1m=0.9020  uplink_kB=150.2  t=1.64s
  round  45/50: acc=0.9013  f1m=0.9012  uplink_kB=150.2  t=1.61s
  round  46/50: acc=0.9040  f1m=0.9039  uplink_kB=150.2  t=1.66s
  round  47/50: acc=0.9019  f1m=0.9018  uplink_kB=150.2  t=1.62s
  round  48/50: acc=0.9040  f1m=0.9039  uplink_kB=150.2  t=1.67s
  round  49/50: acc=0.9064  f1m=0.9063  uplink_kB=150.2  t=1.64s
  round  50/50: acc=0.9074  f1m=0.9073  uplink_kB=150.2  t=1.63s
[run] DONE -> /Users/agentra/Documents/hao/working/paper-lab/hao-paper-2026/iotj-fedkan-ids/repo/results/lrsweep_toniot/lrsweep_kan8_lr0p001__dir0.1__seed23/metrics.json  final_acc=0.9074
