[run] device=cpu  seed=42  out=/Users/agentra/Documents/hao/working/paper-lab/hao-paper-2026/iotj-fedkan-ids/repo/results/lrsweep_cseciic_mc50k/lrsweep_kan16_lr0p03__dir0.1__seed42
[run] model=kan  params=8,640
  round   1/50: acc=0.3173  f1m=0.1023  uplink_kB=363.3  t=3.58s
  round   2/50: acc=0.6242  f1m=0.3501  uplink_kB=363.3  t=2.96s
  round   3/50: acc=0.5869  f1m=0.3409  uplink_kB=363.3  t=3.11s
  round   4/50: acc=0.6849  f1m=0.4203  uplink_kB=363.3  t=3.02s
  round   5/50: acc=0.7930  f1m=0.4990  uplink_kB=363.3  t=3.09s
  round   6/50: acc=0.8051  f1m=0.5130  uplink_kB=363.3  t=2.95s
  round   7/50: acc=0.8060  f1m=0.5133  uplink_kB=363.3  t=3.07s
  round   8/50: acc=0.8203  f1m=0.5293  uplink_kB=363.3  t=3.08s
  round   9/50: acc=0.8131  f1m=0.5321  uplink_kB=363.3  t=3.07s
  round  10/50: acc=0.7864  f1m=0.5083  uplink_kB=363.3  t=3.04s
  round  11/50: acc=0.8346  f1m=0.5917  uplink_kB=363.3  t=3.07s
  round  12/50: acc=0.8539  f1m=0.6405  uplink_kB=363.3  t=3.01s
  round  13/50: acc=0.7990  f1m=0.5271  uplink_kB=363.3  t=3.11s
  round  14/50: acc=0.7978  f1m=0.5581  uplink_kB=363.3  t=2.98s
  round  15/50: acc=0.8405  f1m=0.5824  uplink_kB=363.3  t=3.05s
  round  16/50: acc=0.8564  f1m=0.6368  uplink_kB=363.3  t=3.06s
  round  17/50: acc=0.7112  f1m=0.5155  uplink_kB=363.3  t=3.16s
  round  18/50: acc=0.7196  f1m=0.5707  uplink_kB=363.3  t=3.03s
  round  19/50: acc=0.8539  f1m=0.7187  uplink_kB=363.3  t=3.07s
  round  20/50: acc=0.8553  f1m=0.7104  uplink_kB=363.3  t=2.98s
  round  21/50: acc=0.8797  f1m=0.7415  uplink_kB=363.3  t=3.05s
  round  22/50: acc=0.8528  f1m=0.7004  uplink_kB=363.3  t=2.95s
  round  23/50: acc=0.8538  f1m=0.7248  uplink_kB=363.3  t=3.08s
  round  24/50: acc=0.8534  f1m=0.6489  uplink_kB=363.3  t=2.96s
  round  25/50: acc=0.7662  f1m=0.6185  uplink_kB=363.3  t=3.12s
  round  26/50: acc=0.7224  f1m=0.5117  uplink_kB=363.3  t=3.10s
  round  27/50: acc=0.8446  f1m=0.6720  uplink_kB=363.3  t=3.12s
  round  28/50: acc=0.8402  f1m=0.6619  uplink_kB=363.3  t=3.14s
  round  29/50: acc=0.7787  f1m=0.6228  uplink_kB=363.3  t=3.04s
  round  30/50: acc=0.8165  f1m=0.6068  uplink_kB=363.3  t=3.09s
  round  31/50: acc=0.8027  f1m=0.6109  uplink_kB=363.3  t=2.93s
  round  32/50: acc=0.8227  f1m=0.6287  uplink_kB=363.3  t=3.00s
  round  33/50: acc=0.8735  f1m=0.7321  uplink_kB=363.3  t=3.03s
  round  34/50: acc=0.8291  f1m=0.6440  uplink_kB=363.3  t=3.02s
  round  35/50: acc=0.7994  f1m=0.6329  uplink_kB=363.3  t=3.00s
  round  36/50: acc=0.8332  f1m=0.6408  uplink_kB=363.3  t=3.05s
  round  37/50: acc=0.8327  f1m=0.6374  uplink_kB=363.3  t=2.94s
  round  38/50: acc=0.8504  f1m=0.6728  uplink_kB=363.3  t=3.09s
  round  39/50: acc=0.8771  f1m=0.7325  uplink_kB=363.3  t=2.97s
  round  40/50: acc=0.8313  f1m=0.6490  uplink_kB=363.3  t=3.01s
  round  41/50: acc=0.7970  f1m=0.6121  uplink_kB=363.3  t=2.99s
  round  42/50: acc=0.8312  f1m=0.6329  uplink_kB=363.3  t=3.03s
  round  43/50: acc=0.7926  f1m=0.6317  uplink_kB=363.3  t=3.01s
  round  44/50: acc=0.8268  f1m=0.6382  uplink_kB=363.3  t=3.03s
  round  45/50: acc=0.8581  f1m=0.7155  uplink_kB=363.3  t=3.02s
  round  46/50: acc=0.8317  f1m=0.6457  uplink_kB=363.3  t=3.08s
  round  47/50: acc=0.8516  f1m=0.6752  uplink_kB=363.3  t=2.95s
  round  48/50: acc=0.8680  f1m=0.7269  uplink_kB=363.3  t=3.09s
  round  49/50: acc=0.8483  f1m=0.6663  uplink_kB=363.3  t=3.01s
  round  50/50: acc=0.7968  f1m=0.6238  uplink_kB=363.3  t=2.98s
[run] DONE -> /Users/agentra/Documents/hao/working/paper-lab/hao-paper-2026/iotj-fedkan-ids/repo/results/lrsweep_cseciic_mc50k/lrsweep_kan16_lr0p03__dir0.1__seed42/metrics.json  final_acc=0.7968
