[run] device=cpu  seed=29  out=/Users/agentra/Documents/hao/working/paper-lab/hao-paper-2026/iotj-fedkan-ids/repo/results/lrsweep_botiot/lrsweep_kan16_lr0p003__dir0.1__seed29
[run] model=kan  params=6,560
  round   1/50: acc=0.5198  f1m=0.3742  uplink_kB=282.0  t=7.87s
  round   2/50: acc=0.5078  f1m=0.3485  uplink_kB=282.0  t=2.07s
  round   3/50: acc=0.5091  f1m=0.3514  uplink_kB=282.0  t=1.86s
  round   4/50: acc=0.5109  f1m=0.3554  uplink_kB=282.0  t=3.46s
  round   5/50: acc=0.5226  f1m=0.3801  uplink_kB=282.0  t=4.42s
  round   6/50: acc=0.6036  f1m=0.5287  uplink_kB=282.0  t=6.50s
  round   7/50: acc=0.6546  f1m=0.6072  uplink_kB=282.0  t=7.91s
  round   8/50: acc=0.6800  f1m=0.6429  uplink_kB=282.0  t=7.53s
  round   9/50: acc=0.6997  f1m=0.6695  uplink_kB=282.0  t=2.17s
  round  10/50: acc=0.7049  f1m=0.6763  uplink_kB=282.0  t=2.01s
  round  11/50: acc=0.7079  f1m=0.6804  uplink_kB=282.0  t=1.83s
  round  12/50: acc=0.7904  f1m=0.7807  uplink_kB=282.0  t=1.96s
  round  13/50: acc=0.7970  f1m=0.7883  uplink_kB=282.0  t=1.90s
  round  14/50: acc=0.8053  f1m=0.7979  uplink_kB=282.0  t=1.82s
  round  15/50: acc=0.8082  f1m=0.8012  uplink_kB=282.0  t=1.86s
  round  16/50: acc=0.8090  f1m=0.8022  uplink_kB=282.0  t=1.90s
  round  17/50: acc=0.8100  f1m=0.8033  uplink_kB=282.0  t=1.80s
  round  18/50: acc=0.8109  f1m=0.8043  uplink_kB=282.0  t=1.93s
  round  19/50: acc=0.8112  f1m=0.8046  uplink_kB=282.0  t=1.99s
  round  20/50: acc=0.8122  f1m=0.8057  uplink_kB=282.0  t=1.95s
  round  21/50: acc=0.8133  f1m=0.8070  uplink_kB=282.0  t=1.87s
  round  22/50: acc=0.8144  f1m=0.8082  uplink_kB=282.0  t=1.96s
  round  23/50: acc=0.8147  f1m=0.8085  uplink_kB=282.0  t=1.88s
  round  24/50: acc=0.8150  f1m=0.8088  uplink_kB=282.0  t=1.94s
  round  25/50: acc=0.8153  f1m=0.8091  uplink_kB=282.0  t=2.02s
  round  26/50: acc=0.8421  f1m=0.8383  uplink_kB=282.0  t=2.04s
  round  27/50: acc=0.8424  f1m=0.8386  uplink_kB=282.0  t=2.01s
  round  28/50: acc=0.9062  f1m=0.9060  uplink_kB=282.0  t=1.98s
  round  29/50: acc=0.8376  f1m=0.8356  uplink_kB=282.0  t=2.12s
  round  30/50: acc=0.9066  f1m=0.9064  uplink_kB=282.0  t=1.92s
  round  31/50: acc=0.9068  f1m=0.9067  uplink_kB=282.0  t=1.94s
  round  32/50: acc=0.9069  f1m=0.9068  uplink_kB=282.0  t=2.04s
  round  33/50: acc=0.9291  f1m=0.9291  uplink_kB=282.0  t=2.05s
  round  34/50: acc=0.9291  f1m=0.9291  uplink_kB=282.0  t=2.04s
  round  35/50: acc=0.9069  f1m=0.9067  uplink_kB=282.0  t=2.00s
  round  36/50: acc=0.9291  f1m=0.9290  uplink_kB=282.0  t=2.04s
  round  37/50: acc=0.9291  f1m=0.9291  uplink_kB=282.0  t=1.91s
  round  38/50: acc=0.9292  f1m=0.9292  uplink_kB=282.0  t=1.91s
  round  39/50: acc=0.9292  f1m=0.9292  uplink_kB=282.0  t=1.94s
  round  40/50: acc=0.9291  f1m=0.9291  uplink_kB=282.0  t=2.09s
  round  41/50: acc=0.9294  f1m=0.9294  uplink_kB=282.0  t=2.01s
  round  42/50: acc=0.9295  f1m=0.9295  uplink_kB=282.0  t=2.04s
  round  43/50: acc=0.9295  f1m=0.9295  uplink_kB=282.0  t=1.92s
  round  44/50: acc=0.9296  f1m=0.9296  uplink_kB=282.0  t=1.96s
  round  45/50: acc=0.9296  f1m=0.9296  uplink_kB=282.0  t=1.98s
  round  46/50: acc=0.9280  f1m=0.9279  uplink_kB=282.0  t=1.96s
  round  47/50: acc=0.9280  f1m=0.9279  uplink_kB=282.0  t=1.98s
  round  48/50: acc=0.9296  f1m=0.9296  uplink_kB=282.0  t=2.13s
  round  49/50: acc=0.9298  f1m=0.9298  uplink_kB=282.0  t=2.03s
  round  50/50: acc=0.9297  f1m=0.9297  uplink_kB=282.0  t=2.22s
[run] DONE -> /Users/agentra/Documents/hao/working/paper-lab/hao-paper-2026/iotj-fedkan-ids/repo/results/lrsweep_botiot/lrsweep_kan16_lr0p003__dir0.1__seed29/metrics.json  final_acc=0.9297
