[run] device=cpu  seed=111  out=/Users/agentra/Documents/hao/working/paper-lab/hao-paper-2026/iotj-fedkan-ids/repo/results/lrsweep_cseciic/lrsweep_kan8_lr0p003__dir0.1__seed111
[run] model=kan  params=3,280
  round   1/50: acc=0.7358  f1m=0.7214  uplink_kB=150.2  t=2.63s
  round   2/50: acc=0.7450  f1m=0.7337  uplink_kB=150.2  t=1.90s
  round   3/50: acc=0.7463  f1m=0.7355  uplink_kB=150.2  t=1.94s
  round   4/50: acc=0.7919  f1m=0.7866  uplink_kB=150.2  t=1.91s
  round   5/50: acc=0.8408  f1m=0.8390  uplink_kB=150.2  t=1.92s
  round   6/50: acc=0.9116  f1m=0.9115  uplink_kB=150.2  t=1.78s
  round   7/50: acc=0.9220  f1m=0.9220  uplink_kB=150.2  t=1.90s
  round   8/50: acc=0.9113  f1m=0.9113  uplink_kB=150.2  t=1.91s
  round   9/50: acc=0.9071  f1m=0.9071  uplink_kB=150.2  t=1.90s
  round  10/50: acc=0.9263  f1m=0.9263  uplink_kB=150.2  t=1.91s
  round  11/50: acc=0.9272  f1m=0.9272  uplink_kB=150.2  t=1.87s
  round  12/50: acc=0.9281  f1m=0.9280  uplink_kB=150.2  t=1.90s
  round  13/50: acc=0.9281  f1m=0.9281  uplink_kB=150.2  t=1.85s
  round  14/50: acc=0.9293  f1m=0.9293  uplink_kB=150.2  t=1.96s
  round  15/50: acc=0.9285  f1m=0.9285  uplink_kB=150.2  t=1.94s
  round  16/50: acc=0.9291  f1m=0.9291  uplink_kB=150.2  t=1.91s
  round  17/50: acc=0.9295  f1m=0.9295  uplink_kB=150.2  t=1.89s
  round  18/50: acc=0.9282  f1m=0.9282  uplink_kB=150.2  t=1.88s
  round  19/50: acc=0.9306  f1m=0.9306  uplink_kB=150.2  t=1.77s
  round  20/50: acc=0.9263  f1m=0.9262  uplink_kB=150.2  t=2.05s
  round  21/50: acc=0.9254  f1m=0.9254  uplink_kB=150.2  t=2.19s
  round  22/50: acc=0.9315  f1m=0.9315  uplink_kB=150.2  t=2.08s
  round  23/50: acc=0.9341  f1m=0.9341  uplink_kB=150.2  t=1.88s
  round  24/50: acc=0.9380  f1m=0.9379  uplink_kB=150.2  t=1.94s
  round  25/50: acc=0.9313  f1m=0.9313  uplink_kB=150.2  t=1.90s
  round  26/50: acc=0.9378  f1m=0.9378  uplink_kB=150.2  t=1.90s
  round  27/50: acc=0.9363  f1m=0.9363  uplink_kB=150.2  t=1.93s
  round  28/50: acc=0.9364  f1m=0.9363  uplink_kB=150.2  t=1.83s
  round  29/50: acc=0.9373  f1m=0.9373  uplink_kB=150.2  t=1.90s
  round  30/50: acc=0.9374  f1m=0.9374  uplink_kB=150.2  t=1.97s
  round  31/50: acc=0.9396  f1m=0.9395  uplink_kB=150.2  t=1.88s
  round  32/50: acc=0.9401  f1m=0.9401  uplink_kB=150.2  t=1.84s
  round  33/50: acc=0.9385  f1m=0.9385  uplink_kB=150.2  t=1.93s
  round  34/50: acc=0.9391  f1m=0.9390  uplink_kB=150.2  t=1.93s
  round  35/50: acc=0.9443  f1m=0.9443  uplink_kB=150.2  t=1.91s
  round  36/50: acc=0.9397  f1m=0.9397  uplink_kB=150.2  t=1.91s
  round  37/50: acc=0.9467  f1m=0.9467  uplink_kB=150.2  t=1.90s
  round  38/50: acc=0.9467  f1m=0.9467  uplink_kB=150.2  t=1.92s
  round  39/50: acc=0.9469  f1m=0.9469  uplink_kB=150.2  t=1.87s
  round  40/50: acc=0.9503  f1m=0.9502  uplink_kB=150.2  t=1.90s
  round  41/50: acc=0.9481  f1m=0.9481  uplink_kB=150.2  t=1.93s
  round  42/50: acc=0.9573  f1m=0.9573  uplink_kB=150.2  t=1.89s
  round  43/50: acc=0.9554  f1m=0.9554  uplink_kB=150.2  t=1.95s
  round  44/50: acc=0.9581  f1m=0.9581  uplink_kB=150.2  t=1.91s
  round  45/50: acc=0.9487  f1m=0.9487  uplink_kB=150.2  t=1.91s
  round  46/50: acc=0.9561  f1m=0.9561  uplink_kB=150.2  t=1.86s
  round  47/50: acc=0.9514  f1m=0.9514  uplink_kB=150.2  t=1.91s
  round  48/50: acc=0.9581  f1m=0.9581  uplink_kB=150.2  t=1.94s
  round  49/50: acc=0.9571  f1m=0.9571  uplink_kB=150.2  t=1.91s
  round  50/50: acc=0.9564  f1m=0.9564  uplink_kB=150.2  t=1.86s
[run] DONE -> /Users/agentra/Documents/hao/working/paper-lab/hao-paper-2026/iotj-fedkan-ids/repo/results/lrsweep_cseciic/lrsweep_kan8_lr0p003__dir0.1__seed111/metrics.json  final_acc=0.9564
