[run] device=cpu  seed=42  out=/Users/agentra/Documents/hao/working/paper-lab/hao-paper-2026/iotj-fedkan-ids/repo/results/lrsweep_cseciic/lrsweep_kan8_lr0p03__dir0.1__seed42
[run] model=kan  params=3,280
  round   1/50: acc=0.5000  f1m=0.3333  uplink_kB=150.2  t=2.29s
  round   2/50: acc=0.9173  f1m=0.9169  uplink_kB=150.2  t=1.60s
  round   3/50: acc=0.8968  f1m=0.8958  uplink_kB=150.2  t=1.62s
  round   4/50: acc=0.9121  f1m=0.9114  uplink_kB=150.2  t=1.67s
  round   5/50: acc=0.9071  f1m=0.9063  uplink_kB=150.2  t=1.71s
  round   6/50: acc=0.9104  f1m=0.9098  uplink_kB=150.2  t=1.65s
  round   7/50: acc=0.9271  f1m=0.9267  uplink_kB=150.2  t=1.69s
  round   8/50: acc=0.9140  f1m=0.9135  uplink_kB=150.2  t=1.88s
  round   9/50: acc=0.9469  f1m=0.9468  uplink_kB=150.2  t=1.88s
  round  10/50: acc=0.9180  f1m=0.9180  uplink_kB=150.2  t=1.63s
  round  11/50: acc=0.9490  f1m=0.9489  uplink_kB=150.2  t=1.68s
  round  12/50: acc=0.9231  f1m=0.9227  uplink_kB=150.2  t=1.70s
  round  13/50: acc=0.8742  f1m=0.8722  uplink_kB=150.2  t=1.55s
  round  14/50: acc=0.7308  f1m=0.7102  uplink_kB=150.2  t=1.65s
  round  15/50: acc=0.9474  f1m=0.9473  uplink_kB=150.2  t=1.69s
  round  16/50: acc=0.5052  f1m=0.3583  uplink_kB=150.2  t=1.71s
  round  17/50: acc=0.9292  f1m=0.9289  uplink_kB=150.2  t=2.00s
  round  18/50: acc=0.5011  f1m=0.3357  uplink_kB=150.2  t=1.70s
  round  19/50: acc=0.9620  f1m=0.9620  uplink_kB=150.2  t=1.58s
  round  20/50: acc=0.5006  f1m=0.3347  uplink_kB=150.2  t=2.05s
  round  21/50: acc=0.9645  f1m=0.9644  uplink_kB=150.2  t=2.48s
  round  22/50: acc=0.5173  f1m=0.3712  uplink_kB=150.2  t=2.13s
  round  23/50: acc=0.9635  f1m=0.9635  uplink_kB=150.2  t=1.67s
  round  24/50: acc=0.5087  f1m=0.3528  uplink_kB=150.2  t=1.66s
  round  25/50: acc=0.9637  f1m=0.9637  uplink_kB=150.2  t=1.60s
  round  26/50: acc=0.5471  f1m=0.4303  uplink_kB=150.2  t=1.69s
  round  27/50: acc=0.9417  f1m=0.9416  uplink_kB=150.2  t=1.64s
  round  28/50: acc=0.5651  f1m=0.4637  uplink_kB=150.2  t=1.66s
  round  29/50: acc=0.9406  f1m=0.9405  uplink_kB=150.2  t=1.65s
  round  30/50: acc=0.6141  f1m=0.5468  uplink_kB=150.2  t=1.67s
  round  31/50: acc=0.9520  f1m=0.9520  uplink_kB=150.2  t=1.65s
  round  32/50: acc=0.5458  f1m=0.4292  uplink_kB=150.2  t=1.60s
  round  33/50: acc=0.9568  f1m=0.9567  uplink_kB=150.2  t=1.63s
  round  34/50: acc=0.6295  f1m=0.5721  uplink_kB=150.2  t=1.59s
  round  35/50: acc=0.9461  f1m=0.9459  uplink_kB=150.2  t=1.66s
  round  36/50: acc=0.8925  f1m=0.8914  uplink_kB=150.2  t=1.66s
  round  37/50: acc=0.9225  f1m=0.9221  uplink_kB=150.2  t=1.62s
  round  38/50: acc=0.5669  f1m=0.4689  uplink_kB=150.2  t=1.64s
  round  39/50: acc=0.9511  f1m=0.9510  uplink_kB=150.2  t=1.65s
  round  40/50: acc=0.6169  f1m=0.5514  uplink_kB=150.2  t=1.60s
  round  41/50: acc=0.9217  f1m=0.9212  uplink_kB=150.2  t=1.62s
  round  42/50: acc=0.9390  f1m=0.9388  uplink_kB=150.2  t=1.61s
  round  43/50: acc=0.7862  f1m=0.7759  uplink_kB=150.2  t=1.65s
  round  44/50: acc=0.9622  f1m=0.9622  uplink_kB=150.2  t=1.69s
  round  45/50: acc=0.5107  f1m=0.3567  uplink_kB=150.2  t=1.64s
  round  46/50: acc=0.9578  f1m=0.9578  uplink_kB=150.2  t=1.61s
  round  47/50: acc=0.5002  f1m=0.3338  uplink_kB=150.2  t=1.60s
  round  48/50: acc=0.8888  f1m=0.8882  uplink_kB=150.2  t=1.65s
  round  49/50: acc=0.5231  f1m=0.3832  uplink_kB=150.2  t=1.61s
  round  50/50: acc=0.9223  f1m=0.9219  uplink_kB=150.2  t=1.64s
[run] DONE -> /Users/agentra/Documents/hao/working/paper-lab/hao-paper-2026/iotj-fedkan-ids/repo/results/lrsweep_cseciic/lrsweep_kan8_lr0p03__dir0.1__seed42/metrics.json  final_acc=0.9223
