[run] device=cpu  seed=29  out=/Users/agentra/Documents/hao/working/paper-lab/hao-paper-2026/iotj-fedkan-ids/repo/results/lrsweep_botiot/lrsweep_kan8_lr0p003__dir0.1__seed29
[run] model=kan  params=3,280
  round   1/50: acc=0.4801  f1m=0.3281  uplink_kB=150.2  t=2.22s
  round   2/50: acc=0.5189  f1m=0.3723  uplink_kB=150.2  t=1.57s
  round   3/50: acc=0.5127  f1m=0.3591  uplink_kB=150.2  t=1.62s
  round   4/50: acc=0.5110  f1m=0.3556  uplink_kB=150.2  t=1.62s
  round   5/50: acc=0.5106  f1m=0.3547  uplink_kB=150.2  t=1.55s
  round   6/50: acc=0.5112  f1m=0.3560  uplink_kB=150.2  t=1.59s
  round   7/50: acc=0.5119  f1m=0.3575  uplink_kB=150.2  t=1.60s
  round   8/50: acc=0.5132  f1m=0.3602  uplink_kB=150.2  t=1.63s
  round   9/50: acc=0.5441  f1m=0.4231  uplink_kB=150.2  t=1.58s
  round  10/50: acc=0.6036  f1m=0.5288  uplink_kB=150.2  t=1.62s
  round  11/50: acc=0.6634  f1m=0.6198  uplink_kB=150.2  t=1.56s
  round  12/50: acc=0.6885  f1m=0.6545  uplink_kB=150.2  t=1.61s
  round  13/50: acc=0.7021  f1m=0.6727  uplink_kB=150.2  t=1.60s
  round  14/50: acc=0.7069  f1m=0.6791  uplink_kB=150.2  t=1.60s
  round  15/50: acc=0.7264  f1m=0.7041  uplink_kB=150.2  t=1.62s
  round  16/50: acc=0.7972  f1m=0.7885  uplink_kB=150.2  t=1.62s
  round  17/50: acc=0.7996  f1m=0.7912  uplink_kB=150.2  t=1.57s
  round  18/50: acc=0.8069  f1m=0.7997  uplink_kB=150.2  t=1.61s
  round  19/50: acc=0.8078  f1m=0.8006  uplink_kB=150.2  t=1.58s
  round  20/50: acc=0.8100  f1m=0.8031  uplink_kB=150.2  t=1.64s
  round  21/50: acc=0.8110  f1m=0.8044  uplink_kB=150.2  t=1.61s
  round  22/50: acc=0.8129  f1m=0.8064  uplink_kB=150.2  t=1.57s
  round  23/50: acc=0.8130  f1m=0.8066  uplink_kB=150.2  t=1.49s
  round  24/50: acc=0.8407  f1m=0.8368  uplink_kB=150.2  t=1.62s
  round  25/50: acc=0.8189  f1m=0.8157  uplink_kB=150.2  t=1.56s
  round  26/50: acc=0.8880  f1m=0.8876  uplink_kB=150.2  t=1.63s
  round  27/50: acc=0.8896  f1m=0.8893  uplink_kB=150.2  t=1.61s
  round  28/50: acc=0.9079  f1m=0.9077  uplink_kB=150.2  t=1.60s
  round  29/50: acc=0.8898  f1m=0.8895  uplink_kB=150.2  t=1.64s
  round  30/50: acc=0.9068  f1m=0.9067  uplink_kB=150.2  t=1.55s
  round  31/50: acc=0.9075  f1m=0.9073  uplink_kB=150.2  t=1.59s
  round  32/50: acc=0.9142  f1m=0.9141  uplink_kB=150.2  t=1.61s
  round  33/50: acc=0.9079  f1m=0.9078  uplink_kB=150.2  t=1.60s
  round  34/50: acc=0.9081  f1m=0.9079  uplink_kB=150.2  t=1.58s
  round  35/50: acc=0.9072  f1m=0.9071  uplink_kB=150.2  t=1.63s
  round  36/50: acc=0.9074  f1m=0.9073  uplink_kB=150.2  t=1.57s
  round  37/50: acc=0.9144  f1m=0.9143  uplink_kB=150.2  t=1.56s
  round  38/50: acc=0.9076  f1m=0.9075  uplink_kB=150.2  t=1.54s
  round  39/50: acc=0.9083  f1m=0.9082  uplink_kB=150.2  t=1.60s
  round  40/50: acc=0.9080  f1m=0.9079  uplink_kB=150.2  t=1.60s
  round  41/50: acc=0.9302  f1m=0.9302  uplink_kB=150.2  t=1.62s
  round  42/50: acc=0.9367  f1m=0.9367  uplink_kB=150.2  t=1.64s
  round  43/50: acc=0.9299  f1m=0.9299  uplink_kB=150.2  t=1.53s
  round  44/50: acc=0.9298  f1m=0.9298  uplink_kB=150.2  t=1.57s
  round  45/50: acc=0.9298  f1m=0.9298  uplink_kB=150.2  t=1.60s
  round  46/50: acc=0.9301  f1m=0.9301  uplink_kB=150.2  t=1.60s
  round  47/50: acc=0.9300  f1m=0.9300  uplink_kB=150.2  t=1.64s
  round  48/50: acc=0.9328  f1m=0.9328  uplink_kB=150.2  t=1.61s
  round  49/50: acc=0.9302  f1m=0.9301  uplink_kB=150.2  t=1.61s
  round  50/50: acc=0.9300  f1m=0.9300  uplink_kB=150.2  t=1.55s
[run] DONE -> /Users/agentra/Documents/hao/working/paper-lab/hao-paper-2026/iotj-fedkan-ids/repo/results/lrsweep_botiot/lrsweep_kan8_lr0p003__dir0.1__seed29/metrics.json  final_acc=0.9300
