[run] device=cpu  seed=23  out=/Users/agentra/Documents/hao/working/paper-lab/hao-paper-2026/iotj-fedkan-ids/repo/results/mc_botiot/mc_mlp32_lr0p01__dir0.1__seed23
[run] model=mlp  params=1,445
  round   1/50: acc=0.7036  f1m=0.4924  uplink_kB=56.4  t=1.59s
  round   2/50: acc=0.7210  f1m=0.5041  uplink_kB=56.4  t=0.66s
  round   3/50: acc=0.7209  f1m=0.5040  uplink_kB=56.4  t=0.67s
  round   4/50: acc=0.7224  f1m=0.5049  uplink_kB=56.4  t=0.62s
  round   5/50: acc=0.7262  f1m=0.5085  uplink_kB=56.4  t=0.62s
  round   6/50: acc=0.7307  f1m=0.5116  uplink_kB=56.4  t=0.71s
  round   7/50: acc=0.7331  f1m=0.5132  uplink_kB=56.4  t=0.59s
  round   8/50: acc=0.7337  f1m=0.5125  uplink_kB=56.4  t=0.64s
  round   9/50: acc=0.7544  f1m=0.5492  uplink_kB=56.4  t=0.61s
  round  10/50: acc=0.7587  f1m=0.5563  uplink_kB=56.4  t=0.72s
  round  11/50: acc=0.7591  f1m=0.5567  uplink_kB=56.4  t=0.65s
  round  12/50: acc=0.7593  f1m=0.5568  uplink_kB=56.4  t=0.65s
  round  13/50: acc=0.7594  f1m=0.5569  uplink_kB=56.4  t=0.62s
  round  14/50: acc=0.7592  f1m=0.5568  uplink_kB=56.4  t=0.63s
  round  15/50: acc=0.7648  f1m=0.6860  uplink_kB=56.4  t=0.71s
  round  16/50: acc=0.7651  f1m=0.6865  uplink_kB=56.4  t=0.67s
  round  17/50: acc=0.7651  f1m=0.6866  uplink_kB=56.4  t=0.63s
  round  18/50: acc=0.7653  f1m=0.6867  uplink_kB=56.4  t=0.62s
  round  19/50: acc=0.7662  f1m=0.6876  uplink_kB=56.4  t=0.68s
  round  20/50: acc=0.7653  f1m=0.6867  uplink_kB=56.4  t=0.60s
  round  21/50: acc=0.7660  f1m=0.6965  uplink_kB=56.4  t=0.63s
  round  22/50: acc=0.7680  f1m=0.7092  uplink_kB=56.4  t=0.64s
  round  23/50: acc=0.7673  f1m=0.7045  uplink_kB=56.4  t=0.69s
  round  24/50: acc=0.7683  f1m=0.7101  uplink_kB=56.4  t=0.68s
  round  25/50: acc=0.7682  f1m=0.7062  uplink_kB=56.4  t=0.64s
  round  26/50: acc=0.7686  f1m=0.7121  uplink_kB=56.4  t=0.69s
  round  27/50: acc=0.7689  f1m=0.7147  uplink_kB=56.4  t=0.64s
  round  28/50: acc=0.7686  f1m=0.7118  uplink_kB=56.4  t=0.64s
  round  29/50: acc=0.7698  f1m=0.7158  uplink_kB=56.4  t=0.69s
  round  30/50: acc=0.7728  f1m=0.7184  uplink_kB=56.4  t=0.64s
  round  31/50: acc=0.7692  f1m=0.7121  uplink_kB=56.4  t=0.64s
  round  32/50: acc=0.7698  f1m=0.7131  uplink_kB=56.4  t=0.63s
  round  33/50: acc=0.7734  f1m=0.7196  uplink_kB=56.4  t=0.65s
  round  34/50: acc=0.7703  f1m=0.7152  uplink_kB=56.4  t=0.64s
  round  35/50: acc=0.7755  f1m=0.7247  uplink_kB=56.4  t=0.67s
  round  36/50: acc=0.7733  f1m=0.7231  uplink_kB=56.4  t=0.65s
  round  37/50: acc=0.7745  f1m=0.7233  uplink_kB=56.4  t=0.62s
  round  38/50: acc=0.7726  f1m=0.7228  uplink_kB=56.4  t=0.64s
  round  39/50: acc=0.7765  f1m=0.7443  uplink_kB=56.4  t=0.63s
  round  40/50: acc=0.7765  f1m=0.7438  uplink_kB=56.4  t=0.72s
  round  41/50: acc=0.7740  f1m=0.7398  uplink_kB=56.4  t=0.64s
  round  42/50: acc=0.7740  f1m=0.7445  uplink_kB=56.4  t=0.64s
  round  43/50: acc=0.7766  f1m=0.7487  uplink_kB=56.4  t=0.64s
  round  44/50: acc=0.7744  f1m=0.7465  uplink_kB=56.4  t=0.64s
  round  45/50: acc=0.7772  f1m=0.7513  uplink_kB=56.4  t=0.72s
  round  46/50: acc=0.7754  f1m=0.7491  uplink_kB=56.4  t=0.65s
  round  47/50: acc=0.7755  f1m=0.7494  uplink_kB=56.4  t=0.65s
  round  48/50: acc=0.7782  f1m=0.7550  uplink_kB=56.4  t=0.62s
  round  49/50: acc=0.7747  f1m=0.7494  uplink_kB=56.4  t=0.70s
  round  50/50: acc=0.7744  f1m=0.7475  uplink_kB=56.4  t=0.66s
[run] DONE -> /Users/agentra/Documents/hao/working/paper-lab/hao-paper-2026/iotj-fedkan-ids/repo/results/mc_botiot/mc_mlp32_lr0p01__dir0.1__seed23/metrics.json  final_acc=0.7744
