[run] device=cpu  seed=11  out=/Users/agentra/Documents/hao/working/paper-lab/hao-paper-2026/iotj-fedkan-ids/repo/results/lrsweep_toniot/lrsweep_mlp32_lr0p03__dir0.1__seed11
[run] model=mlp  params=1,346
  round   1/50: acc=0.5000  f1m=0.3333  uplink_kB=52.6  t=1.12s
  round   2/50: acc=0.6168  f1m=0.5788  uplink_kB=52.6  t=0.65s
  round   3/50: acc=0.6727  f1m=0.6692  uplink_kB=52.6  t=0.63s
  round   4/50: acc=0.7141  f1m=0.7076  uplink_kB=52.6  t=0.66s
  round   5/50: acc=0.7115  f1m=0.7085  uplink_kB=52.6  t=0.60s
  round   6/50: acc=0.5704  f1m=0.4750  uplink_kB=52.6  t=0.67s
  round   7/50: acc=0.7145  f1m=0.7106  uplink_kB=52.6  t=0.66s
  round   8/50: acc=0.6737  f1m=0.6498  uplink_kB=52.6  t=0.67s
  round   9/50: acc=0.7337  f1m=0.7308  uplink_kB=52.6  t=0.68s
  round  10/50: acc=0.6524  f1m=0.6108  uplink_kB=52.6  t=0.69s
  round  11/50: acc=0.6947  f1m=0.6777  uplink_kB=52.6  t=0.66s
  round  12/50: acc=0.7007  f1m=0.6820  uplink_kB=52.6  t=0.62s
  round  13/50: acc=0.6508  f1m=0.6085  uplink_kB=52.6  t=0.64s
  round  14/50: acc=0.7018  f1m=0.6856  uplink_kB=52.6  t=0.66s
  round  15/50: acc=0.5897  f1m=0.5100  uplink_kB=52.6  t=0.63s
  round  16/50: acc=0.6905  f1m=0.6681  uplink_kB=52.6  t=0.63s
  round  17/50: acc=0.6091  f1m=0.5435  uplink_kB=52.6  t=0.66s
  round  18/50: acc=0.6584  f1m=0.6215  uplink_kB=52.6  t=0.62s
  round  19/50: acc=0.7041  f1m=0.6857  uplink_kB=52.6  t=0.68s
  round  20/50: acc=0.6099  f1m=0.5444  uplink_kB=52.6  t=0.67s
  round  21/50: acc=0.6691  f1m=0.6370  uplink_kB=52.6  t=0.64s
  round  22/50: acc=0.6698  f1m=0.6373  uplink_kB=52.6  t=0.63s
  round  23/50: acc=0.6515  f1m=0.6111  uplink_kB=52.6  t=0.67s
  round  24/50: acc=0.6244  f1m=0.5672  uplink_kB=52.6  t=0.58s
  round  25/50: acc=0.6792  f1m=0.6504  uplink_kB=52.6  t=0.65s
  round  26/50: acc=0.6511  f1m=0.6080  uplink_kB=52.6  t=0.65s
  round  27/50: acc=0.7111  f1m=0.6959  uplink_kB=52.6  t=0.65s
  round  28/50: acc=0.6719  f1m=0.6394  uplink_kB=52.6  t=0.67s
  round  29/50: acc=0.7032  f1m=0.6841  uplink_kB=52.6  t=0.67s
  round  30/50: acc=0.7050  f1m=0.6878  uplink_kB=52.6  t=0.65s
  round  31/50: acc=0.6894  f1m=0.6658  uplink_kB=52.6  t=0.67s
  round  32/50: acc=0.7107  f1m=0.6947  uplink_kB=52.6  t=0.59s
  round  33/50: acc=0.6966  f1m=0.6757  uplink_kB=52.6  t=0.66s
  round  34/50: acc=0.6927  f1m=0.6706  uplink_kB=52.6  t=0.67s
  round  35/50: acc=0.7119  f1m=0.6973  uplink_kB=52.6  t=0.66s
  round  36/50: acc=0.7076  f1m=0.6914  uplink_kB=52.6  t=0.66s
  round  37/50: acc=0.7086  f1m=0.6926  uplink_kB=52.6  t=0.62s
  round  38/50: acc=0.7326  f1m=0.7226  uplink_kB=52.6  t=0.65s
  round  39/50: acc=0.7409  f1m=0.7324  uplink_kB=52.6  t=0.66s
  round  40/50: acc=0.7369  f1m=0.7280  uplink_kB=52.6  t=0.65s
  round  41/50: acc=0.7476  f1m=0.7401  uplink_kB=52.6  t=0.68s
  round  42/50: acc=0.7487  f1m=0.7418  uplink_kB=52.6  t=0.64s
  round  43/50: acc=0.7477  f1m=0.7415  uplink_kB=52.6  t=0.62s
  round  44/50: acc=0.7542  f1m=0.7483  uplink_kB=52.6  t=0.64s
  round  45/50: acc=0.7433  f1m=0.7358  uplink_kB=52.6  t=0.65s
  round  46/50: acc=0.7477  f1m=0.7407  uplink_kB=52.6  t=0.66s
  round  47/50: acc=0.7434  f1m=0.7371  uplink_kB=52.6  t=0.66s
  round  48/50: acc=0.7504  f1m=0.7455  uplink_kB=52.6  t=0.68s
  round  49/50: acc=0.7501  f1m=0.7458  uplink_kB=52.6  t=0.61s
  round  50/50: acc=0.7489  f1m=0.7425  uplink_kB=52.6  t=0.69s
[run] DONE -> /Users/agentra/Documents/hao/working/paper-lab/hao-paper-2026/iotj-fedkan-ids/repo/results/lrsweep_toniot/lrsweep_mlp32_lr0p03__dir0.1__seed11/metrics.json  final_acc=0.7489
