[run] device=cpu  seed=43  out=/Users/agentra/Documents/hao/working/paper-lab/hao-paper-2026/iotj-fedkan-ids/repo/results/lrsweep_cseciic_mc50k/lrsweep_kan8_lr0p0003__dir0.1__seed43
[run] model=kan  params=4,320
  round   1/50: acc=0.0325  f1m=0.0092  uplink_kB=190.8  t=3.80s
  round   2/50: acc=0.1218  f1m=0.0177  uplink_kB=190.8  t=2.86s
  round   3/50: acc=0.1217  f1m=0.0161  uplink_kB=190.8  t=3.01s
  round   4/50: acc=0.1217  f1m=0.0159  uplink_kB=190.8  t=2.99s
  round   5/50: acc=0.1217  f1m=0.0150  uplink_kB=190.8  t=3.01s
  round   6/50: acc=0.1217  f1m=0.0145  uplink_kB=190.8  t=2.96s
  round   7/50: acc=0.1217  f1m=0.0145  uplink_kB=190.8  t=3.01s
  round   8/50: acc=0.1217  f1m=0.0145  uplink_kB=190.8  t=3.15s
  round   9/50: acc=0.1217  f1m=0.0145  uplink_kB=190.8  t=3.04s
  round  10/50: acc=0.1217  f1m=0.0145  uplink_kB=190.8  t=3.07s
  round  11/50: acc=0.1220  f1m=0.0148  uplink_kB=190.8  t=3.64s
  round  12/50: acc=0.1221  f1m=0.0149  uplink_kB=190.8  t=2.76s
  round  13/50: acc=0.1272  f1m=0.0202  uplink_kB=190.8  t=2.88s
  round  14/50: acc=0.1429  f1m=0.0320  uplink_kB=190.8  t=2.66s
  round  15/50: acc=0.1649  f1m=0.0427  uplink_kB=190.8  t=2.72s
  round  16/50: acc=0.1696  f1m=0.0444  uplink_kB=190.8  t=2.56s
  round  17/50: acc=0.1725  f1m=0.0454  uplink_kB=190.8  t=2.67s
  round  18/50: acc=0.1819  f1m=0.0482  uplink_kB=190.8  t=2.55s
  round  19/50: acc=0.1855  f1m=0.0492  uplink_kB=190.8  t=2.67s
  round  20/50: acc=0.1872  f1m=0.0498  uplink_kB=190.8  t=2.62s
  round  21/50: acc=0.1874  f1m=0.0499  uplink_kB=190.8  t=2.62s
  round  22/50: acc=0.1874  f1m=0.0498  uplink_kB=190.8  t=2.55s
  round  23/50: acc=0.1875  f1m=0.0493  uplink_kB=190.8  t=2.62s
  round  24/50: acc=0.1878  f1m=0.0474  uplink_kB=190.8  t=2.57s
  round  25/50: acc=0.1879  f1m=0.0473  uplink_kB=190.8  t=2.66s
  round  26/50: acc=0.1879  f1m=0.0471  uplink_kB=190.8  t=2.56s
  round  27/50: acc=0.1879  f1m=0.0465  uplink_kB=190.8  t=2.67s
  round  28/50: acc=0.1882  f1m=0.0463  uplink_kB=190.8  t=2.58s
  round  29/50: acc=0.1882  f1m=0.0462  uplink_kB=190.8  t=2.71s
  round  30/50: acc=0.1883  f1m=0.0462  uplink_kB=190.8  t=2.62s
  round  31/50: acc=0.1883  f1m=0.0465  uplink_kB=190.8  t=2.69s
  round  32/50: acc=0.1883  f1m=0.0469  uplink_kB=190.8  t=2.54s
  round  33/50: acc=0.1884  f1m=0.0483  uplink_kB=190.8  t=2.65s
  round  34/50: acc=0.1901  f1m=0.0514  uplink_kB=190.8  t=2.54s
  round  35/50: acc=0.2367  f1m=0.1000  uplink_kB=190.8  t=2.55s
  round  36/50: acc=0.2368  f1m=0.0964  uplink_kB=190.8  t=2.49s
  round  37/50: acc=0.2328  f1m=0.0787  uplink_kB=190.8  t=2.59s
  round  38/50: acc=0.2332  f1m=0.0786  uplink_kB=190.8  t=2.58s
  round  39/50: acc=0.2331  f1m=0.0776  uplink_kB=190.8  t=2.57s
  round  40/50: acc=0.2333  f1m=0.0771  uplink_kB=190.8  t=2.53s
  round  41/50: acc=0.2333  f1m=0.0767  uplink_kB=190.8  t=2.65s
  round  42/50: acc=0.2336  f1m=0.0772  uplink_kB=190.8  t=2.52s
  round  43/50: acc=0.2346  f1m=0.0782  uplink_kB=190.8  t=2.62s
  round  44/50: acc=0.2366  f1m=0.0808  uplink_kB=190.8  t=2.55s
  round  45/50: acc=0.2374  f1m=0.0812  uplink_kB=190.8  t=2.67s
  round  46/50: acc=0.2383  f1m=0.0815  uplink_kB=190.8  t=2.54s
  round  47/50: acc=0.2378  f1m=0.0812  uplink_kB=190.8  t=2.62s
  round  48/50: acc=0.2377  f1m=0.0808  uplink_kB=190.8  t=2.58s
  round  49/50: acc=0.2373  f1m=0.0809  uplink_kB=190.8  t=2.63s
  round  50/50: acc=0.2608  f1m=0.0957  uplink_kB=190.8  t=2.54s
[run] DONE -> /Users/agentra/Documents/hao/working/paper-lab/hao-paper-2026/iotj-fedkan-ids/repo/results/lrsweep_cseciic_mc50k/lrsweep_kan8_lr0p0003__dir0.1__seed43/metrics.json  final_acc=0.2608
