[run] device=cpu  seed=23  out=/Users/agentra/Documents/hao/working/paper-lab/hao-paper-2026/iotj-fedkan-ids/repo/results/mc_toniot/mc_kan16_lr0p01__dir0.1__seed23
[run] model=kan  params=7,840
  round   1/50: acc=0.1620  f1m=0.0505  uplink_kB=332.0  t=3.85s
  round   2/50: acc=0.3627  f1m=0.2427  uplink_kB=332.0  t=3.26s
  round   3/50: acc=0.4380  f1m=0.3135  uplink_kB=332.0  t=3.28s
  round   4/50: acc=0.4406  f1m=0.3228  uplink_kB=332.0  t=3.23s
  round   5/50: acc=0.4618  f1m=0.3326  uplink_kB=332.0  t=3.24s
  round   6/50: acc=0.5026  f1m=0.3881  uplink_kB=332.0  t=3.27s
  round   7/50: acc=0.6048  f1m=0.4858  uplink_kB=332.0  t=3.40s
  round   8/50: acc=0.6406  f1m=0.5215  uplink_kB=332.0  t=5.21s
  round   9/50: acc=0.6477  f1m=0.5833  uplink_kB=332.0  t=7.80s
  round  10/50: acc=0.6508  f1m=0.5947  uplink_kB=332.0  t=14.73s
  round  11/50: acc=0.6655  f1m=0.6112  uplink_kB=332.0  t=15.45s
  round  12/50: acc=0.6695  f1m=0.6206  uplink_kB=332.0  t=5.73s
  round  13/50: acc=0.6792  f1m=0.6297  uplink_kB=332.0  t=3.56s
  round  14/50: acc=0.6885  f1m=0.6406  uplink_kB=332.0  t=3.24s
  round  15/50: acc=0.6719  f1m=0.6352  uplink_kB=332.0  t=3.25s
  round  16/50: acc=0.6842  f1m=0.6339  uplink_kB=332.0  t=3.50s
  round  17/50: acc=0.6713  f1m=0.6425  uplink_kB=332.0  t=3.48s
  round  18/50: acc=0.7026  f1m=0.6636  uplink_kB=332.0  t=3.38s
  round  19/50: acc=0.7131  f1m=0.6736  uplink_kB=332.0  t=3.24s
  round  20/50: acc=0.7067  f1m=0.6708  uplink_kB=332.0  t=3.44s
  round  21/50: acc=0.6965  f1m=0.6628  uplink_kB=332.0  t=3.21s
  round  22/50: acc=0.7118  f1m=0.6714  uplink_kB=332.0  t=3.41s
  round  23/50: acc=0.7141  f1m=0.6753  uplink_kB=332.0  t=3.48s
  round  24/50: acc=0.7011  f1m=0.6652  uplink_kB=332.0  t=3.53s
  round  25/50: acc=0.7041  f1m=0.6632  uplink_kB=332.0  t=3.33s
  round  26/50: acc=0.6881  f1m=0.6494  uplink_kB=332.0  t=3.50s
  round  27/50: acc=0.7170  f1m=0.6776  uplink_kB=332.0  t=3.27s
  round  28/50: acc=0.6944  f1m=0.6571  uplink_kB=332.0  t=3.30s
  round  29/50: acc=0.7128  f1m=0.6797  uplink_kB=332.0  t=3.31s
  round  30/50: acc=0.7112  f1m=0.6744  uplink_kB=332.0  t=3.35s
  round  31/50: acc=0.6980  f1m=0.6609  uplink_kB=332.0  t=3.39s
  round  32/50: acc=0.7197  f1m=0.6900  uplink_kB=332.0  t=3.53s
  round  33/50: acc=0.7149  f1m=0.6815  uplink_kB=332.0  t=3.46s
  round  34/50: acc=0.7134  f1m=0.6814  uplink_kB=332.0  t=3.38s
  round  35/50: acc=0.7447  f1m=0.7089  uplink_kB=332.0  t=3.41s
  round  36/50: acc=0.7143  f1m=0.6780  uplink_kB=332.0  t=3.26s
  round  37/50: acc=0.7123  f1m=0.6745  uplink_kB=332.0  t=3.44s
  round  38/50: acc=0.7200  f1m=0.6759  uplink_kB=332.0  t=3.24s
  round  39/50: acc=0.7182  f1m=0.6883  uplink_kB=332.0  t=3.32s
  round  40/50: acc=0.7415  f1m=0.7053  uplink_kB=332.0  t=3.36s
  round  41/50: acc=0.7247  f1m=0.6872  uplink_kB=332.0  t=3.28s
  round  42/50: acc=0.7009  f1m=0.6656  uplink_kB=332.0  t=3.35s
  round  43/50: acc=0.7322  f1m=0.7004  uplink_kB=332.0  t=3.27s
  round  44/50: acc=0.7318  f1m=0.6985  uplink_kB=332.0  t=3.50s
  round  45/50: acc=0.7402  f1m=0.7094  uplink_kB=332.0  t=3.26s
  round  46/50: acc=0.7249  f1m=0.6982  uplink_kB=332.0  t=3.36s
  round  47/50: acc=0.7424  f1m=0.7084  uplink_kB=332.0  t=3.34s
  round  48/50: acc=0.7202  f1m=0.6927  uplink_kB=332.0  t=3.32s
  round  49/50: acc=0.7503  f1m=0.7152  uplink_kB=332.0  t=3.36s
  round  50/50: acc=0.7267  f1m=0.7008  uplink_kB=332.0  t=3.45s
[run] DONE -> /Users/agentra/Documents/hao/working/paper-lab/hao-paper-2026/iotj-fedkan-ids/repo/results/mc_toniot/mc_kan16_lr0p01__dir0.1__seed23/metrics.json  final_acc=0.7267
