[run] device=cpu  seed=11  out=/Users/agentra/Documents/hao/working/paper-lab/hao-paper-2026/iotj-fedkan-ids/repo/results/lrsweep_cseciic_mc/lrsweep_kan16_lr0p01__dir0.1__seed11
[run] model=kan  params=8,640
  round   1/50: acc=0.3745  f1m=0.1366  uplink_kB=363.3  t=7.31s
  round   2/50: acc=0.5635  f1m=0.2202  uplink_kB=363.3  t=6.32s
  round   3/50: acc=0.7951  f1m=0.4292  uplink_kB=363.3  t=6.41s
  round   4/50: acc=0.7968  f1m=0.4332  uplink_kB=363.3  t=6.64s
  round   5/50: acc=0.8007  f1m=0.4452  uplink_kB=363.3  t=6.83s
  round   6/50: acc=0.8311  f1m=0.5150  uplink_kB=363.3  t=6.25s
  round   7/50: acc=0.8369  f1m=0.5832  uplink_kB=363.3  t=7.47s
  round   8/50: acc=0.8466  f1m=0.6177  uplink_kB=363.3  t=6.60s
  round   9/50: acc=0.8543  f1m=0.6340  uplink_kB=363.3  t=6.56s
  round  10/50: acc=0.8517  f1m=0.6275  uplink_kB=363.3  t=6.41s
  round  11/50: acc=0.8600  f1m=0.6454  uplink_kB=363.3  t=6.28s
  round  12/50: acc=0.8550  f1m=0.6364  uplink_kB=363.3  t=6.45s
  round  13/50: acc=0.8619  f1m=0.6634  uplink_kB=363.3  t=6.34s
  round  14/50: acc=0.8636  f1m=0.6624  uplink_kB=363.3  t=6.99s
  round  15/50: acc=0.8630  f1m=0.6465  uplink_kB=363.3  t=7.13s
  round  16/50: acc=0.8635  f1m=0.6479  uplink_kB=363.3  t=7.42s
  round  17/50: acc=0.8596  f1m=0.6410  uplink_kB=363.3  t=6.87s
  round  18/50: acc=0.8659  f1m=0.6542  uplink_kB=363.3  t=6.43s
  round  19/50: acc=0.8644  f1m=0.6646  uplink_kB=363.3  t=6.73s
  round  20/50: acc=0.8625  f1m=0.6636  uplink_kB=363.3  t=6.45s
  round  21/50: acc=0.8696  f1m=0.6591  uplink_kB=363.3  t=6.45s
  round  22/50: acc=0.8659  f1m=0.6481  uplink_kB=363.3  t=6.36s
  round  23/50: acc=0.8676  f1m=0.6666  uplink_kB=363.3  t=6.40s
  round  24/50: acc=0.8684  f1m=0.6696  uplink_kB=363.3  t=6.70s
  round  25/50: acc=0.8658  f1m=0.6636  uplink_kB=363.3  t=6.71s
  round  26/50: acc=0.8729  f1m=0.6739  uplink_kB=363.3  t=6.69s
  round  27/50: acc=0.8710  f1m=0.6703  uplink_kB=363.3  t=6.44s
  round  28/50: acc=0.8701  f1m=0.6692  uplink_kB=363.3  t=6.74s
  round  29/50: acc=0.8677  f1m=0.6660  uplink_kB=363.3  t=6.57s
  round  30/50: acc=0.8709  f1m=0.6711  uplink_kB=363.3  t=6.18s
  round  31/50: acc=0.8689  f1m=0.6674  uplink_kB=363.3  t=6.41s
  round  32/50: acc=0.8667  f1m=0.6595  uplink_kB=363.3  t=6.51s
  round  33/50: acc=0.8713  f1m=0.6711  uplink_kB=363.3  t=6.50s
  round  34/50: acc=0.8674  f1m=0.6608  uplink_kB=363.3  t=6.63s
  round  35/50: acc=0.8706  f1m=0.6746  uplink_kB=363.3  t=6.30s
  round  36/50: acc=0.8719  f1m=0.6709  uplink_kB=363.3  t=6.40s
  round  37/50: acc=0.8686  f1m=0.6683  uplink_kB=363.3  t=6.50s
  round  38/50: acc=0.8704  f1m=0.6733  uplink_kB=363.3  t=6.39s
  round  39/50: acc=0.8643  f1m=0.6643  uplink_kB=363.3  t=6.35s
  round  40/50: acc=0.8641  f1m=0.6597  uplink_kB=363.3  t=6.34s
  round  41/50: acc=0.8683  f1m=0.6722  uplink_kB=363.3  t=6.57s
  round  42/50: acc=0.8642  f1m=0.6671  uplink_kB=363.3  t=7.84s
  round  43/50: acc=0.8678  f1m=0.6698  uplink_kB=363.3  t=6.36s
  round  44/50: acc=0.8609  f1m=0.6663  uplink_kB=363.3  t=6.47s
  round  45/50: acc=0.8667  f1m=0.6707  uplink_kB=363.3  t=6.28s
  round  46/50: acc=0.8717  f1m=0.6779  uplink_kB=363.3  t=6.45s
  round  47/50: acc=0.8669  f1m=0.6732  uplink_kB=363.3  t=6.31s
  round  48/50: acc=0.8653  f1m=0.6717  uplink_kB=363.3  t=6.37s
  round  49/50: acc=0.8667  f1m=0.6679  uplink_kB=363.3  t=7.07s
  round  50/50: acc=0.8688  f1m=0.6725  uplink_kB=363.3  t=6.22s
[run] DONE -> /Users/agentra/Documents/hao/working/paper-lab/hao-paper-2026/iotj-fedkan-ids/repo/results/lrsweep_cseciic_mc/lrsweep_kan16_lr0p01__dir0.1__seed11/metrics.json  final_acc=0.8688
