[run] device=cpu  seed=120  out=/Users/agentra/Documents/hao/working/paper-lab/hao-paper-2026/iotj-fedkan-ids/repo/results/lrsweep_toniot/lrsweep_kan8_lr0p01__dir0.1__seed120
[run] model=kan  params=3,280
  round   1/50: acc=0.5000  f1m=0.3333  uplink_kB=150.2  t=2.50s
  round   2/50: acc=0.5000  f1m=0.3333  uplink_kB=150.2  t=1.82s
  round   3/50: acc=0.5000  f1m=0.3333  uplink_kB=150.2  t=1.80s
  round   4/50: acc=0.5000  f1m=0.3333  uplink_kB=150.2  t=1.81s
  round   5/50: acc=0.5000  f1m=0.3333  uplink_kB=150.2  t=1.86s
  round   6/50: acc=0.5000  f1m=0.3333  uplink_kB=150.2  t=1.76s
  round   7/50: acc=0.5000  f1m=0.3333  uplink_kB=150.2  t=1.87s
  round   8/50: acc=0.5000  f1m=0.3333  uplink_kB=150.2  t=1.77s
  round   9/50: acc=0.5000  f1m=0.3333  uplink_kB=150.2  t=1.82s
  round  10/50: acc=0.5000  f1m=0.3333  uplink_kB=150.2  t=1.82s
  round  11/50: acc=0.5000  f1m=0.3333  uplink_kB=150.2  t=1.84s
  round  12/50: acc=0.5001  f1m=0.3340  uplink_kB=150.2  t=1.79s
  round  13/50: acc=0.5003  f1m=0.3343  uplink_kB=150.2  t=1.76s
  round  14/50: acc=0.5003  f1m=0.3344  uplink_kB=150.2  t=1.76s
  round  15/50: acc=0.5003  f1m=0.3343  uplink_kB=150.2  t=1.87s
  round  16/50: acc=0.5001  f1m=0.3335  uplink_kB=150.2  t=1.77s
  round  17/50: acc=0.5001  f1m=0.3335  uplink_kB=150.2  t=1.80s
  round  18/50: acc=0.5001  f1m=0.3336  uplink_kB=150.2  t=1.86s
  round  19/50: acc=0.5001  f1m=0.3335  uplink_kB=150.2  t=1.90s
  round  20/50: acc=0.5001  f1m=0.3335  uplink_kB=150.2  t=1.70s
  round  21/50: acc=0.5001  f1m=0.3336  uplink_kB=150.2  t=1.81s
  round  22/50: acc=0.5001  f1m=0.3336  uplink_kB=150.2  t=1.80s
  round  23/50: acc=0.5001  f1m=0.3336  uplink_kB=150.2  t=1.78s
  round  24/50: acc=0.5001  f1m=0.3336  uplink_kB=150.2  t=1.85s
  round  25/50: acc=0.5001  f1m=0.3336  uplink_kB=150.2  t=1.82s
  round  26/50: acc=0.5001  f1m=0.3336  uplink_kB=150.2  t=1.74s
  round  27/50: acc=0.5002  f1m=0.3338  uplink_kB=150.2  t=1.77s
  round  28/50: acc=0.5001  f1m=0.3336  uplink_kB=150.2  t=1.81s
  round  29/50: acc=0.5001  f1m=0.3336  uplink_kB=150.2  t=1.82s
  round  30/50: acc=0.5001  f1m=0.3336  uplink_kB=150.2  t=1.84s
  round  31/50: acc=0.5001  f1m=0.3336  uplink_kB=150.2  t=1.79s
  round  32/50: acc=0.5001  f1m=0.3336  uplink_kB=150.2  t=1.85s
  round  33/50: acc=0.5001  f1m=0.3336  uplink_kB=150.2  t=1.73s
  round  34/50: acc=0.5001  f1m=0.3336  uplink_kB=150.2  t=1.80s
  round  35/50: acc=0.5001  f1m=0.3335  uplink_kB=150.2  t=1.85s
  round  36/50: acc=0.5001  f1m=0.3335  uplink_kB=150.2  t=1.81s
  round  37/50: acc=0.5001  f1m=0.3335  uplink_kB=150.2  t=1.79s
  round  38/50: acc=0.5001  f1m=0.3335  uplink_kB=150.2  t=1.80s
  round  39/50: acc=0.5001  f1m=0.3335  uplink_kB=150.2  t=1.81s
  round  40/50: acc=0.5001  f1m=0.3335  uplink_kB=150.2  t=1.79s
  round  41/50: acc=0.5001  f1m=0.3336  uplink_kB=150.2  t=1.72s
  round  42/50: acc=0.5001  f1m=0.3336  uplink_kB=150.2  t=1.78s
  round  43/50: acc=0.5001  f1m=0.3336  uplink_kB=150.2  t=1.83s
  round  44/50: acc=0.5001  f1m=0.3336  uplink_kB=150.2  t=1.80s
  round  45/50: acc=0.5001  f1m=0.3336  uplink_kB=150.2  t=1.85s
  round  46/50: acc=0.5001  f1m=0.3336  uplink_kB=150.2  t=1.85s
  round  47/50: acc=0.5001  f1m=0.3336  uplink_kB=150.2  t=1.72s
  round  48/50: acc=0.5001  f1m=0.3336  uplink_kB=150.2  t=1.84s
  round  49/50: acc=0.5001  f1m=0.3336  uplink_kB=150.2  t=1.75s
  round  50/50: acc=0.5001  f1m=0.3336  uplink_kB=150.2  t=1.79s
[run] DONE -> /Users/agentra/Documents/hao/working/paper-lab/hao-paper-2026/iotj-fedkan-ids/repo/results/lrsweep_toniot/lrsweep_kan8_lr0p01__dir0.1__seed120/metrics.json  final_acc=0.5001
