[run] device=cpu  seed=109  out=/Users/agentra/Documents/hao/working/paper-lab/hao-paper-2026/iotj-fedkan-ids/repo/results/lrsweep_cseciic_mc50k/lrsweep_kan8_lr0p01__dir0.1__seed109
[run] model=kan  params=4,320
  round   1/50: acc=0.1247  f1m=0.0180  uplink_kB=190.8  t=3.87s
  round   2/50: acc=0.3275  f1m=0.1289  uplink_kB=190.8  t=3.06s
  round   3/50: acc=0.5724  f1m=0.2852  uplink_kB=190.8  t=3.10s
  round   4/50: acc=0.6002  f1m=0.3454  uplink_kB=190.8  t=3.28s
  round   5/50: acc=0.6090  f1m=0.3305  uplink_kB=190.8  t=3.18s
  round   6/50: acc=0.6545  f1m=0.4310  uplink_kB=190.8  t=3.04s
  round   7/50: acc=0.7548  f1m=0.5540  uplink_kB=190.8  t=3.14s
  round   8/50: acc=0.7557  f1m=0.5550  uplink_kB=190.8  t=3.10s
  round   9/50: acc=0.7592  f1m=0.5567  uplink_kB=190.8  t=3.09s
  round  10/50: acc=0.7591  f1m=0.5573  uplink_kB=190.8  t=2.98s
  round  11/50: acc=0.7599  f1m=0.5725  uplink_kB=190.8  t=3.06s
  round  12/50: acc=0.7607  f1m=0.5741  uplink_kB=190.8  t=3.08s
  round  13/50: acc=0.7633  f1m=0.5785  uplink_kB=190.8  t=3.07s
  round  14/50: acc=0.7618  f1m=0.5762  uplink_kB=190.8  t=3.02s
  round  15/50: acc=0.7625  f1m=0.5804  uplink_kB=190.8  t=3.10s
  round  16/50: acc=0.7640  f1m=0.5823  uplink_kB=190.8  t=3.09s
  round  17/50: acc=0.7598  f1m=0.5770  uplink_kB=190.8  t=3.10s
  round  18/50: acc=0.8231  f1m=0.6735  uplink_kB=190.8  t=3.01s
  round  19/50: acc=0.8270  f1m=0.6749  uplink_kB=190.8  t=3.14s
  round  20/50: acc=0.8279  f1m=0.6816  uplink_kB=190.8  t=3.10s
  round  21/50: acc=0.8339  f1m=0.6881  uplink_kB=190.8  t=3.12s
  round  22/50: acc=0.8291  f1m=0.6817  uplink_kB=190.8  t=3.12s
  round  23/50: acc=0.8331  f1m=0.6875  uplink_kB=190.8  t=3.08s
  round  24/50: acc=0.8346  f1m=0.6895  uplink_kB=190.8  t=3.15s
  round  25/50: acc=0.8268  f1m=0.6759  uplink_kB=190.8  t=3.07s
  round  26/50: acc=0.8392  f1m=0.6975  uplink_kB=190.8  t=3.20s
  round  27/50: acc=0.8460  f1m=0.7080  uplink_kB=190.8  t=3.02s
  round  28/50: acc=0.8252  f1m=0.6714  uplink_kB=190.8  t=3.21s
  round  29/50: acc=0.8290  f1m=0.6773  uplink_kB=190.8  t=3.27s
  round  30/50: acc=0.8499  f1m=0.7114  uplink_kB=190.8  t=3.14s
  round  31/50: acc=0.8483  f1m=0.7096  uplink_kB=190.8  t=3.05s
  round  32/50: acc=0.8283  f1m=0.6728  uplink_kB=190.8  t=3.07s
  round  33/50: acc=0.8497  f1m=0.7110  uplink_kB=190.8  t=3.08s
  round  34/50: acc=0.8275  f1m=0.6716  uplink_kB=190.8  t=3.08s
  round  35/50: acc=0.8377  f1m=0.6903  uplink_kB=190.8  t=3.04s
  round  36/50: acc=0.8347  f1m=0.6822  uplink_kB=190.8  t=3.10s
  round  37/50: acc=0.8469  f1m=0.7044  uplink_kB=190.8  t=3.03s
  round  38/50: acc=0.8526  f1m=0.7108  uplink_kB=190.8  t=3.13s
  round  39/50: acc=0.8401  f1m=0.6966  uplink_kB=190.8  t=3.03s
  round  40/50: acc=0.8359  f1m=0.6858  uplink_kB=190.8  t=3.08s
  round  41/50: acc=0.8273  f1m=0.6705  uplink_kB=190.8  t=2.97s
  round  42/50: acc=0.8501  f1m=0.7063  uplink_kB=190.8  t=3.08s
  round  43/50: acc=0.8392  f1m=0.6933  uplink_kB=190.8  t=3.06s
  round  44/50: acc=0.8470  f1m=0.7050  uplink_kB=190.8  t=3.07s
  round  45/50: acc=0.8378  f1m=0.6979  uplink_kB=190.8  t=2.98s
  round  46/50: acc=0.7905  f1m=0.6226  uplink_kB=190.8  t=3.14s
  round  47/50: acc=0.8511  f1m=0.7179  uplink_kB=190.8  t=2.98s
  round  48/50: acc=0.8397  f1m=0.7027  uplink_kB=190.8  t=3.10s
  round  49/50: acc=0.8088  f1m=0.6580  uplink_kB=190.8  t=3.05s
  round  50/50: acc=0.8475  f1m=0.7144  uplink_kB=190.8  t=3.12s
[run] DONE -> /Users/agentra/Documents/hao/working/paper-lab/hao-paper-2026/iotj-fedkan-ids/repo/results/lrsweep_cseciic_mc50k/lrsweep_kan8_lr0p01__dir0.1__seed109/metrics.json  final_acc=0.8475
