[run] device=cpu  seed=11  out=/Users/agentra/Documents/hao/working/paper-lab/hao-paper-2026/iotj-fedkan-ids/repo/results/lrsweep_cseciic/lrsweep_kan16_lr0p01__dir0.1__seed11
[run] model=kan  params=6,560
  round   1/50: acc=0.9064  f1m=0.9063  uplink_kB=282.0  t=3.15s
  round   2/50: acc=0.9148  f1m=0.9145  uplink_kB=282.0  t=2.43s
  round   3/50: acc=0.9166  f1m=0.9165  uplink_kB=282.0  t=2.28s
  round   4/50: acc=0.9272  f1m=0.9271  uplink_kB=282.0  t=2.40s
  round   5/50: acc=0.9112  f1m=0.9111  uplink_kB=282.0  t=2.10s
  round   6/50: acc=0.9078  f1m=0.9078  uplink_kB=282.0  t=2.21s
  round   7/50: acc=0.9097  f1m=0.9097  uplink_kB=282.0  t=2.10s
  round   8/50: acc=0.8961  f1m=0.8961  uplink_kB=282.0  t=2.13s
  round   9/50: acc=0.9235  f1m=0.9234  uplink_kB=282.0  t=2.19s
  round  10/50: acc=0.9117  f1m=0.9117  uplink_kB=282.0  t=2.01s
  round  11/50: acc=0.8884  f1m=0.8881  uplink_kB=282.0  t=2.10s
  round  12/50: acc=0.8933  f1m=0.8930  uplink_kB=282.0  t=2.01s
  round  13/50: acc=0.9001  f1m=0.9001  uplink_kB=282.0  t=2.06s
  round  14/50: acc=0.9269  f1m=0.9269  uplink_kB=282.0  t=2.06s
  round  15/50: acc=0.9068  f1m=0.9067  uplink_kB=282.0  t=2.30s
  round  16/50: acc=0.9345  f1m=0.9345  uplink_kB=282.0  t=2.16s
  round  17/50: acc=0.9295  f1m=0.9295  uplink_kB=282.0  t=2.17s
  round  18/50: acc=0.9205  f1m=0.9205  uplink_kB=282.0  t=2.11s
  round  19/50: acc=0.9208  f1m=0.9208  uplink_kB=282.0  t=2.21s
  round  20/50: acc=0.8401  f1m=0.8383  uplink_kB=282.0  t=2.23s
  round  21/50: acc=0.9245  f1m=0.9244  uplink_kB=282.0  t=1.97s
  round  22/50: acc=0.9283  f1m=0.9283  uplink_kB=282.0  t=1.90s
  round  23/50: acc=0.9443  f1m=0.9443  uplink_kB=282.0  t=1.86s
  round  24/50: acc=0.9302  f1m=0.9302  uplink_kB=282.0  t=1.95s
  round  25/50: acc=0.9209  f1m=0.9208  uplink_kB=282.0  t=1.88s
  round  26/50: acc=0.9243  f1m=0.9243  uplink_kB=282.0  t=1.95s
  round  27/50: acc=0.9290  f1m=0.9288  uplink_kB=282.0  t=2.01s
  round  28/50: acc=0.9280  f1m=0.9277  uplink_kB=282.0  t=1.97s
  round  29/50: acc=0.9258  f1m=0.9256  uplink_kB=282.0  t=1.98s
  round  30/50: acc=0.9447  f1m=0.9446  uplink_kB=282.0  t=1.91s
  round  31/50: acc=0.9424  f1m=0.9424  uplink_kB=282.0  t=1.94s
  round  32/50: acc=0.9308  f1m=0.9306  uplink_kB=282.0  t=1.98s
  round  33/50: acc=0.9481  f1m=0.9480  uplink_kB=282.0  t=1.95s
  round  34/50: acc=0.9230  f1m=0.9228  uplink_kB=282.0  t=1.91s
  round  35/50: acc=0.9384  f1m=0.9382  uplink_kB=282.0  t=1.97s
  round  36/50: acc=0.9539  f1m=0.9538  uplink_kB=282.0  t=1.95s
  round  37/50: acc=0.9402  f1m=0.9400  uplink_kB=282.0  t=1.98s
  round  38/50: acc=0.9601  f1m=0.9601  uplink_kB=282.0  t=1.90s
  round  39/50: acc=0.9373  f1m=0.9372  uplink_kB=282.0  t=1.94s
  round  40/50: acc=0.9405  f1m=0.9404  uplink_kB=282.0  t=1.91s
  round  41/50: acc=0.9563  f1m=0.9562  uplink_kB=282.0  t=1.96s
  round  42/50: acc=0.9592  f1m=0.9592  uplink_kB=282.0  t=1.92s
  round  43/50: acc=0.9388  f1m=0.9387  uplink_kB=282.0  t=1.96s
  round  44/50: acc=0.9577  f1m=0.9576  uplink_kB=282.0  t=1.84s
  round  45/50: acc=0.9604  f1m=0.9604  uplink_kB=282.0  t=1.91s
  round  46/50: acc=0.9557  f1m=0.9557  uplink_kB=282.0  t=1.94s
  round  47/50: acc=0.9562  f1m=0.9562  uplink_kB=282.0  t=1.91s
  round  48/50: acc=0.9567  f1m=0.9566  uplink_kB=282.0  t=1.95s
  round  49/50: acc=0.9598  f1m=0.9598  uplink_kB=282.0  t=1.90s
  round  50/50: acc=0.9572  f1m=0.9572  uplink_kB=282.0  t=2.15s
[run] DONE -> /Users/agentra/Documents/hao/working/paper-lab/hao-paper-2026/iotj-fedkan-ids/repo/results/lrsweep_cseciic/lrsweep_kan16_lr0p01__dir0.1__seed11/metrics.json  final_acc=0.9572
