[run] device=cpu  seed=101  out=/Users/agentra/Documents/hao/working/paper-lab/hao-paper-2026/iotj-fedkan-ids/repo/results/lrsweep_cseciic_mc50k/lrsweep_mlp80_lr0p01__dir0.1__seed101
[run] model=mlp  params=4,415
  round   1/50: acc=0.2549  f1m=0.0903  uplink_kB=172.5  t=2.28s
  round   2/50: acc=0.5580  f1m=0.2883  uplink_kB=172.5  t=1.33s
  round   3/50: acc=0.6037  f1m=0.3615  uplink_kB=172.5  t=1.35s
  round   4/50: acc=0.6087  f1m=0.3654  uplink_kB=172.5  t=1.39s
  round   5/50: acc=0.6235  f1m=0.4406  uplink_kB=172.5  t=1.36s
  round   6/50: acc=0.6231  f1m=0.4160  uplink_kB=172.5  t=1.35s
  round   7/50: acc=0.6271  f1m=0.4200  uplink_kB=172.5  t=1.35s
  round   8/50: acc=0.6277  f1m=0.4196  uplink_kB=172.5  t=1.31s
  round   9/50: acc=0.6911  f1m=0.5248  uplink_kB=172.5  t=1.39s
  round  10/50: acc=0.6324  f1m=0.4268  uplink_kB=172.5  t=1.30s
  round  11/50: acc=0.6324  f1m=0.4302  uplink_kB=172.5  t=1.36s
  round  12/50: acc=0.6607  f1m=0.4764  uplink_kB=172.5  t=1.25s
  round  13/50: acc=0.6615  f1m=0.4831  uplink_kB=172.5  t=1.38s
  round  14/50: acc=0.6362  f1m=0.4286  uplink_kB=172.5  t=1.33s
  round  15/50: acc=0.6346  f1m=0.4331  uplink_kB=172.5  t=1.38s
  round  16/50: acc=0.6843  f1m=0.5035  uplink_kB=172.5  t=1.36s
  round  17/50: acc=0.6921  f1m=0.5466  uplink_kB=172.5  t=1.37s
  round  18/50: acc=0.6435  f1m=0.4499  uplink_kB=172.5  t=1.28s
  round  19/50: acc=0.7114  f1m=0.5750  uplink_kB=172.5  t=1.28s
  round  20/50: acc=0.6942  f1m=0.5432  uplink_kB=172.5  t=1.30s
  round  21/50: acc=0.6526  f1m=0.4589  uplink_kB=172.5  t=1.36s
  round  22/50: acc=0.6996  f1m=0.5497  uplink_kB=172.5  t=1.30s
  round  23/50: acc=0.7232  f1m=0.5839  uplink_kB=172.5  t=1.36s
  round  24/50: acc=0.6623  f1m=0.4749  uplink_kB=172.5  t=1.30s
  round  25/50: acc=0.6613  f1m=0.4749  uplink_kB=172.5  t=1.40s
  round  26/50: acc=0.6664  f1m=0.4916  uplink_kB=172.5  t=1.32s
  round  27/50: acc=0.6870  f1m=0.5196  uplink_kB=172.5  t=1.36s
  round  28/50: acc=0.6657  f1m=0.4908  uplink_kB=172.5  t=1.39s
  round  29/50: acc=0.7092  f1m=0.5490  uplink_kB=172.5  t=1.31s
  round  30/50: acc=0.6591  f1m=0.4614  uplink_kB=172.5  t=1.33s
  round  31/50: acc=0.6667  f1m=0.4782  uplink_kB=172.5  t=1.29s
  round  32/50: acc=0.6599  f1m=0.4626  uplink_kB=172.5  t=1.40s
  round  33/50: acc=0.6588  f1m=0.4601  uplink_kB=172.5  t=1.30s
  round  34/50: acc=0.6649  f1m=0.4846  uplink_kB=172.5  t=1.38s
  round  35/50: acc=0.7973  f1m=0.6372  uplink_kB=172.5  t=1.29s
  round  36/50: acc=0.6763  f1m=0.5053  uplink_kB=172.5  t=1.34s
  round  37/50: acc=0.7281  f1m=0.5709  uplink_kB=172.5  t=1.30s
  round  38/50: acc=0.6729  f1m=0.4853  uplink_kB=172.5  t=1.34s
  round  39/50: acc=0.8157  f1m=0.6620  uplink_kB=172.5  t=1.30s
  round  40/50: acc=0.7431  f1m=0.5458  uplink_kB=172.5  t=1.39s
  round  41/50: acc=0.8236  f1m=0.6727  uplink_kB=172.5  t=1.33s
  round  42/50: acc=0.8090  f1m=0.6520  uplink_kB=172.5  t=1.36s
  round  43/50: acc=0.7570  f1m=0.5702  uplink_kB=172.5  t=1.36s
  round  44/50: acc=0.7592  f1m=0.5751  uplink_kB=172.5  t=1.42s
  round  45/50: acc=0.7554  f1m=0.5665  uplink_kB=172.5  t=1.40s
  round  46/50: acc=0.7490  f1m=0.5550  uplink_kB=172.5  t=1.32s
  round  47/50: acc=0.7565  f1m=0.5678  uplink_kB=172.5  t=1.25s
  round  48/50: acc=0.7711  f1m=0.5690  uplink_kB=172.5  t=1.33s
  round  49/50: acc=0.7834  f1m=0.5873  uplink_kB=172.5  t=1.31s
  round  50/50: acc=0.8172  f1m=0.6548  uplink_kB=172.5  t=1.38s
[run] DONE -> /Users/agentra/Documents/hao/working/paper-lab/hao-paper-2026/iotj-fedkan-ids/repo/results/lrsweep_cseciic_mc50k/lrsweep_mlp80_lr0p01__dir0.1__seed101/metrics.json  final_acc=0.8172
