[run] device=cpu  seed=2024  out=/Users/agentra/Documents/hao/working/paper-lab/hao-paper-2026/iotj-fedkan-ids/repo/results/mc_botiot/mc_kan16_lr0p01__dir0.1__seed2024
[run] model=kan  params=7,040
  round   1/50: acc=0.3730  f1m=0.2231  uplink_kB=300.8  t=2.45s
  round   2/50: acc=0.3785  f1m=0.2274  uplink_kB=300.8  t=1.68s
  round   3/50: acc=0.3886  f1m=0.2335  uplink_kB=300.8  t=1.61s
  round   4/50: acc=0.3911  f1m=0.2368  uplink_kB=300.8  t=1.63s
  round   5/50: acc=0.3950  f1m=0.2387  uplink_kB=300.8  t=1.65s
  round   6/50: acc=0.3881  f1m=0.2346  uplink_kB=300.8  t=1.66s
  round   7/50: acc=0.6308  f1m=0.4556  uplink_kB=300.8  t=1.61s
  round   8/50: acc=0.6344  f1m=0.4597  uplink_kB=300.8  t=1.62s
  round   9/50: acc=0.6335  f1m=0.4575  uplink_kB=300.8  t=1.60s
  round  10/50: acc=0.6389  f1m=0.4616  uplink_kB=300.8  t=1.65s
  round  11/50: acc=0.6469  f1m=0.4675  uplink_kB=300.8  t=1.71s
  round  12/50: acc=0.6394  f1m=0.4608  uplink_kB=300.8  t=1.64s
  round  13/50: acc=0.6455  f1m=0.4665  uplink_kB=300.8  t=1.61s
  round  14/50: acc=0.6441  f1m=0.4656  uplink_kB=300.8  t=1.69s
  round  15/50: acc=0.6453  f1m=0.5869  uplink_kB=300.8  t=1.60s
  round  16/50: acc=0.6551  f1m=0.5959  uplink_kB=300.8  t=1.63s
  round  17/50: acc=0.6392  f1m=0.5447  uplink_kB=300.8  t=1.61s
  round  18/50: acc=0.6813  f1m=0.6013  uplink_kB=300.8  t=1.65s
  round  19/50: acc=0.6501  f1m=0.5546  uplink_kB=300.8  t=1.61s
  round  20/50: acc=0.7893  f1m=0.7345  uplink_kB=300.8  t=1.66s
  round  21/50: acc=0.6508  f1m=0.5654  uplink_kB=300.8  t=1.69s
  round  22/50: acc=0.8039  f1m=0.7345  uplink_kB=300.8  t=1.69s
  round  23/50: acc=0.6436  f1m=0.5422  uplink_kB=300.8  t=1.64s
  round  24/50: acc=0.8184  f1m=0.7535  uplink_kB=300.8  t=1.57s
  round  25/50: acc=0.7402  f1m=0.6576  uplink_kB=300.8  t=1.80s
  round  26/50: acc=0.6539  f1m=0.5637  uplink_kB=300.8  t=1.66s
  round  27/50: acc=0.8090  f1m=0.7753  uplink_kB=300.8  t=1.67s
  round  28/50: acc=0.6504  f1m=0.5560  uplink_kB=300.8  t=1.60s
  round  29/50: acc=0.6647  f1m=0.6275  uplink_kB=300.8  t=1.70s
  round  30/50: acc=0.6485  f1m=0.5506  uplink_kB=300.8  t=1.61s
  round  31/50: acc=0.6550  f1m=0.5588  uplink_kB=300.8  t=1.62s
  round  32/50: acc=0.6559  f1m=0.5848  uplink_kB=300.8  t=1.57s
  round  33/50: acc=0.6565  f1m=0.5802  uplink_kB=300.8  t=1.68s
  round  34/50: acc=0.8136  f1m=0.7614  uplink_kB=300.8  t=1.60s
  round  35/50: acc=0.6504  f1m=0.5581  uplink_kB=300.8  t=1.64s
  round  36/50: acc=0.8667  f1m=0.7903  uplink_kB=300.8  t=1.61s
  round  37/50: acc=0.6537  f1m=0.4918  uplink_kB=300.8  t=1.61s
  round  38/50: acc=0.8039  f1m=0.7057  uplink_kB=300.8  t=1.65s
  round  39/50: acc=0.6600  f1m=0.5901  uplink_kB=300.8  t=1.57s
  round  40/50: acc=0.8285  f1m=0.7692  uplink_kB=300.8  t=1.64s
  round  41/50: acc=0.8754  f1m=0.8588  uplink_kB=300.8  t=1.61s
  round  42/50: acc=0.6523  f1m=0.5631  uplink_kB=300.8  t=1.59s
  round  43/50: acc=0.8177  f1m=0.7901  uplink_kB=300.8  t=1.71s
  round  44/50: acc=0.7128  f1m=0.6977  uplink_kB=300.8  t=1.63s
  round  45/50: acc=0.8471  f1m=0.7939  uplink_kB=300.8  t=1.62s
  round  46/50: acc=0.6568  f1m=0.6087  uplink_kB=300.8  t=1.69s
  round  47/50: acc=0.7762  f1m=0.6831  uplink_kB=300.8  t=1.68s
  round  48/50: acc=0.6881  f1m=0.6099  uplink_kB=300.8  t=1.23s
  round  49/50: acc=0.8749  f1m=0.8254  uplink_kB=300.8  t=1.45s
  round  50/50: acc=0.8018  f1m=0.7689  uplink_kB=300.8  t=1.67s
[run] DONE -> /Users/agentra/Documents/hao/working/paper-lab/hao-paper-2026/iotj-fedkan-ids/repo/results/mc_botiot/mc_kan16_lr0p01__dir0.1__seed2024/metrics.json  final_acc=0.8018
