[run] device=cpu  seed=29  out=/Users/agentra/Documents/hao/working/paper-lab/hao-paper-2026/iotj-fedkan-ids/repo/results/lrsweep_cseciic_mc/lrsweep_mlp32_lr0p003__dir0.1__seed29
[run] model=mlp  params=1,775
  round   1/50: acc=0.2470  f1m=0.0702  uplink_kB=69.3  t=2.60s
  round   2/50: acc=0.3986  f1m=0.1162  uplink_kB=69.3  t=2.09s
  round   3/50: acc=0.3995  f1m=0.1242  uplink_kB=69.3  t=2.12s
  round   4/50: acc=0.4333  f1m=0.1879  uplink_kB=69.3  t=2.06s
  round   5/50: acc=0.4632  f1m=0.2698  uplink_kB=69.3  t=2.09s
  round   6/50: acc=0.4764  f1m=0.2959  uplink_kB=69.3  t=2.09s
  round   7/50: acc=0.4818  f1m=0.3052  uplink_kB=69.3  t=2.11s
  round   8/50: acc=0.4867  f1m=0.3129  uplink_kB=69.3  t=2.19s
  round   9/50: acc=0.4905  f1m=0.3174  uplink_kB=69.3  t=2.13s
  round  10/50: acc=0.4986  f1m=0.3271  uplink_kB=69.3  t=2.13s
  round  11/50: acc=0.5004  f1m=0.3297  uplink_kB=69.3  t=2.11s
  round  12/50: acc=0.5009  f1m=0.3286  uplink_kB=69.3  t=2.13s
  round  13/50: acc=0.5014  f1m=0.3290  uplink_kB=69.3  t=2.10s
  round  14/50: acc=0.5016  f1m=0.3290  uplink_kB=69.3  t=2.08s
  round  15/50: acc=0.5023  f1m=0.3290  uplink_kB=69.3  t=2.17s
  round  16/50: acc=0.5021  f1m=0.3272  uplink_kB=69.3  t=2.10s
  round  17/50: acc=0.5036  f1m=0.3300  uplink_kB=69.3  t=2.08s
  round  18/50: acc=0.5040  f1m=0.3297  uplink_kB=69.3  t=2.06s
  round  19/50: acc=0.5053  f1m=0.3320  uplink_kB=69.3  t=2.10s
  round  20/50: acc=0.5058  f1m=0.3315  uplink_kB=69.3  t=2.12s
  round  21/50: acc=0.5176  f1m=0.3420  uplink_kB=69.3  t=2.14s
  round  22/50: acc=0.5198  f1m=0.3434  uplink_kB=69.3  t=2.13s
  round  23/50: acc=0.5212  f1m=0.3465  uplink_kB=69.3  t=2.17s
  round  24/50: acc=0.5251  f1m=0.3501  uplink_kB=69.3  t=2.10s
  round  25/50: acc=0.5286  f1m=0.4148  uplink_kB=69.3  t=2.07s
  round  26/50: acc=0.5323  f1m=0.4190  uplink_kB=69.3  t=2.05s
  round  27/50: acc=0.5374  f1m=0.4255  uplink_kB=69.3  t=2.14s
  round  28/50: acc=0.5305  f1m=0.4215  uplink_kB=69.3  t=2.13s
  round  29/50: acc=0.5276  f1m=0.4211  uplink_kB=69.3  t=2.09s
  round  30/50: acc=0.5261  f1m=0.4207  uplink_kB=69.3  t=2.06s
  round  31/50: acc=0.5257  f1m=0.4192  uplink_kB=69.3  t=2.18s
  round  32/50: acc=0.5331  f1m=0.4325  uplink_kB=69.3  t=2.10s
  round  33/50: acc=0.5315  f1m=0.4235  uplink_kB=69.3  t=2.12s
  round  34/50: acc=0.5320  f1m=0.4254  uplink_kB=69.3  t=2.08s
  round  35/50: acc=0.5425  f1m=0.4873  uplink_kB=69.3  t=2.23s
  round  36/50: acc=0.5398  f1m=0.4398  uplink_kB=69.3  t=2.12s
  round  37/50: acc=0.5365  f1m=0.4304  uplink_kB=69.3  t=2.13s
  round  38/50: acc=0.5404  f1m=0.4412  uplink_kB=69.3  t=2.16s
  round  39/50: acc=0.5435  f1m=0.4451  uplink_kB=69.3  t=2.26s
  round  40/50: acc=0.5454  f1m=0.4463  uplink_kB=69.3  t=2.11s
  round  41/50: acc=0.5402  f1m=0.4419  uplink_kB=69.3  t=2.13s
  round  42/50: acc=0.5361  f1m=0.4381  uplink_kB=69.3  t=2.12s
  round  43/50: acc=0.5404  f1m=0.4416  uplink_kB=69.3  t=2.12s
  round  44/50: acc=0.5557  f1m=0.4524  uplink_kB=69.3  t=2.12s
  round  45/50: acc=0.5441  f1m=0.4720  uplink_kB=69.3  t=2.12s
  round  46/50: acc=0.5446  f1m=0.4453  uplink_kB=69.3  t=2.11s
  round  47/50: acc=0.5637  f1m=0.4982  uplink_kB=69.3  t=2.11s
  round  48/50: acc=0.5486  f1m=0.4759  uplink_kB=69.3  t=2.11s
  round  49/50: acc=0.5430  f1m=0.4435  uplink_kB=69.3  t=2.18s
  round  50/50: acc=0.5485  f1m=0.5000  uplink_kB=69.3  t=2.10s
[run] DONE -> /Users/agentra/Documents/hao/working/paper-lab/hao-paper-2026/iotj-fedkan-ids/repo/results/lrsweep_cseciic_mc/lrsweep_mlp32_lr0p003__dir0.1__seed29/metrics.json  final_acc=0.5485
