[run] device=cpu  seed=37  out=/Users/agentra/Documents/hao/working/paper-lab/hao-paper-2026/iotj-fedkan-ids/repo/results/lrsweep_toniot/lrsweep_kan16_lr0p0003__dir0.1__seed37
[run] model=kan  params=6,560
  round   1/50: acc=0.3867  f1m=0.3296  uplink_kB=282.0  t=2.39s
  round   2/50: acc=0.5000  f1m=0.3333  uplink_kB=282.0  t=1.96s
  round   3/50: acc=0.5000  f1m=0.3333  uplink_kB=282.0  t=1.94s
  round   4/50: acc=0.5000  f1m=0.3333  uplink_kB=282.0  t=1.90s
  round   5/50: acc=0.5000  f1m=0.3333  uplink_kB=282.0  t=1.91s
  round   6/50: acc=0.5000  f1m=0.3333  uplink_kB=282.0  t=1.84s
  round   7/50: acc=0.5000  f1m=0.3333  uplink_kB=282.0  t=1.89s
  round   8/50: acc=0.5000  f1m=0.3333  uplink_kB=282.0  t=1.89s
  round   9/50: acc=0.5000  f1m=0.3333  uplink_kB=282.0  t=1.88s
  round  10/50: acc=0.5000  f1m=0.3333  uplink_kB=282.0  t=1.85s
  round  11/50: acc=0.5000  f1m=0.3333  uplink_kB=282.0  t=1.90s
  round  12/50: acc=0.5000  f1m=0.3333  uplink_kB=282.0  t=1.91s
  round  13/50: acc=0.5000  f1m=0.3333  uplink_kB=282.0  t=1.84s
  round  14/50: acc=0.5000  f1m=0.3333  uplink_kB=282.0  t=1.91s
  round  15/50: acc=0.5000  f1m=0.3333  uplink_kB=282.0  t=1.87s
  round  16/50: acc=0.5000  f1m=0.3333  uplink_kB=282.0  t=1.88s
  round  17/50: acc=0.5000  f1m=0.3333  uplink_kB=282.0  t=1.89s
  round  18/50: acc=0.5000  f1m=0.3333  uplink_kB=282.0  t=1.89s
  round  19/50: acc=0.5000  f1m=0.3333  uplink_kB=282.0  t=1.83s
  round  20/50: acc=0.5000  f1m=0.3333  uplink_kB=282.0  t=1.89s
  round  21/50: acc=0.5000  f1m=0.3333  uplink_kB=282.0  t=1.91s
  round  22/50: acc=0.5000  f1m=0.3334  uplink_kB=282.0  t=1.88s
  round  23/50: acc=0.5001  f1m=0.3336  uplink_kB=282.0  t=1.89s
  round  24/50: acc=0.5003  f1m=0.3339  uplink_kB=282.0  t=1.88s
  round  25/50: acc=0.5006  f1m=0.3347  uplink_kB=282.0  t=1.84s
  round  26/50: acc=0.5012  f1m=0.3360  uplink_kB=282.0  t=1.93s
  round  27/50: acc=0.5028  f1m=0.3396  uplink_kB=282.0  t=1.96s
  round  28/50: acc=0.5060  f1m=0.3466  uplink_kB=282.0  t=1.92s
  round  29/50: acc=0.5152  f1m=0.3664  uplink_kB=282.0  t=1.99s
  round  30/50: acc=0.5200  f1m=0.3769  uplink_kB=282.0  t=2.01s
  round  31/50: acc=0.5214  f1m=0.3801  uplink_kB=282.0  t=1.92s
  round  32/50: acc=0.5239  f1m=0.3853  uplink_kB=282.0  t=1.97s
  round  33/50: acc=0.5301  f1m=0.3982  uplink_kB=282.0  t=1.99s
  round  34/50: acc=0.5329  f1m=0.4057  uplink_kB=282.0  t=1.93s
  round  35/50: acc=0.5351  f1m=0.4107  uplink_kB=282.0  t=1.90s
  round  36/50: acc=0.5384  f1m=0.4186  uplink_kB=282.0  t=1.87s
  round  37/50: acc=0.5446  f1m=0.4307  uplink_kB=282.0  t=1.87s
  round  38/50: acc=0.7645  f1m=0.7518  uplink_kB=282.0  t=1.95s
  round  39/50: acc=0.7682  f1m=0.7563  uplink_kB=282.0  t=1.89s
  round  40/50: acc=0.7708  f1m=0.7597  uplink_kB=282.0  t=1.89s
  round  41/50: acc=0.7749  f1m=0.7646  uplink_kB=282.0  t=1.88s
  round  42/50: acc=0.7765  f1m=0.7665  uplink_kB=282.0  t=1.92s
  round  43/50: acc=0.6884  f1m=0.6848  uplink_kB=282.0  t=1.89s
  round  44/50: acc=0.6891  f1m=0.6856  uplink_kB=282.0  t=1.87s
  round  45/50: acc=0.6904  f1m=0.6872  uplink_kB=282.0  t=1.89s
  round  46/50: acc=0.6905  f1m=0.6874  uplink_kB=282.0  t=1.90s
  round  47/50: acc=0.6928  f1m=0.6901  uplink_kB=282.0  t=1.93s
  round  48/50: acc=0.6934  f1m=0.6909  uplink_kB=282.0  t=1.88s
  round  49/50: acc=0.7659  f1m=0.7658  uplink_kB=282.0  t=1.93s
  round  50/50: acc=0.7678  f1m=0.7677  uplink_kB=282.0  t=1.73s
[run] DONE -> /Users/agentra/Documents/hao/working/paper-lab/hao-paper-2026/iotj-fedkan-ids/repo/results/lrsweep_toniot/lrsweep_kan16_lr0p0003__dir0.1__seed37/metrics.json  final_acc=0.7678
