[run] device=cpu  seed=43  out=/Users/agentra/Documents/hao/working/paper-lab/hao-paper-2026/iotj-fedkan-ids/repo/results/mc_toniot/mc_mlp80_lr0p01__dir0.1__seed43
[run] model=mlp  params=4,010
  round   1/50: acc=0.3146  f1m=0.1568  uplink_kB=156.6  t=1.68s
  round   2/50: acc=0.4589  f1m=0.3107  uplink_kB=156.6  t=1.25s
  round   3/50: acc=0.5626  f1m=0.4684  uplink_kB=156.6  t=1.15s
  round   4/50: acc=0.5258  f1m=0.5013  uplink_kB=156.6  t=1.18s
  round   5/50: acc=0.5286  f1m=0.5067  uplink_kB=156.6  t=1.19s
  round   6/50: acc=0.6126  f1m=0.5728  uplink_kB=156.6  t=1.18s
  round   7/50: acc=0.6228  f1m=0.5824  uplink_kB=156.6  t=1.20s
  round   8/50: acc=0.6437  f1m=0.6029  uplink_kB=156.6  t=1.22s
  round   9/50: acc=0.6613  f1m=0.6174  uplink_kB=156.6  t=1.10s
  round  10/50: acc=0.5854  f1m=0.5659  uplink_kB=156.6  t=1.14s
  round  11/50: acc=0.6005  f1m=0.5899  uplink_kB=156.6  t=1.18s
  round  12/50: acc=0.5969  f1m=0.5916  uplink_kB=156.6  t=1.17s
  round  13/50: acc=0.6558  f1m=0.6460  uplink_kB=156.6  t=1.15s
  round  14/50: acc=0.6120  f1m=0.6058  uplink_kB=156.6  t=1.46s
  round  15/50: acc=0.6842  f1m=0.6734  uplink_kB=156.6  t=1.22s
  round  16/50: acc=0.6754  f1m=0.6640  uplink_kB=156.6  t=1.18s
  round  17/50: acc=0.6175  f1m=0.6109  uplink_kB=156.6  t=1.21s
  round  18/50: acc=0.6963  f1m=0.6870  uplink_kB=156.6  t=1.21s
  round  19/50: acc=0.6856  f1m=0.6754  uplink_kB=156.6  t=1.13s
  round  20/50: acc=0.6925  f1m=0.6857  uplink_kB=156.6  t=1.14s
  round  21/50: acc=0.6776  f1m=0.6674  uplink_kB=156.6  t=1.25s
  round  22/50: acc=0.6885  f1m=0.6810  uplink_kB=156.6  t=1.13s
  round  23/50: acc=0.6759  f1m=0.6678  uplink_kB=156.6  t=1.17s
  round  24/50: acc=0.6833  f1m=0.6766  uplink_kB=156.6  t=1.02s
  round  25/50: acc=0.6921  f1m=0.6854  uplink_kB=156.6  t=0.78s
  round  26/50: acc=0.6880  f1m=0.6802  uplink_kB=156.6  t=0.79s
  round  27/50: acc=0.6925  f1m=0.6885  uplink_kB=156.6  t=0.78s
  round  28/50: acc=0.6996  f1m=0.6920  uplink_kB=156.6  t=0.79s
  round  29/50: acc=0.7074  f1m=0.7000  uplink_kB=156.6  t=0.90s
  round  30/50: acc=0.7461  f1m=0.7402  uplink_kB=156.6  t=0.77s
  round  31/50: acc=0.7337  f1m=0.7304  uplink_kB=156.6  t=0.80s
  round  32/50: acc=0.7833  f1m=0.7674  uplink_kB=156.6  t=0.77s
  round  33/50: acc=0.7333  f1m=0.7299  uplink_kB=156.6  t=0.77s
  round  34/50: acc=0.7574  f1m=0.7464  uplink_kB=156.6  t=0.80s
  round  35/50: acc=0.7961  f1m=0.7780  uplink_kB=156.6  t=0.78s
  round  36/50: acc=0.7462  f1m=0.7370  uplink_kB=156.6  t=0.78s
  round  37/50: acc=0.7798  f1m=0.7622  uplink_kB=156.6  t=0.78s
  round  38/50: acc=0.7384  f1m=0.7236  uplink_kB=156.6  t=0.83s
  round  39/50: acc=0.7848  f1m=0.7677  uplink_kB=156.6  t=0.79s
  round  40/50: acc=0.8002  f1m=0.7802  uplink_kB=156.6  t=0.78s
  round  41/50: acc=0.8078  f1m=0.7873  uplink_kB=156.6  t=0.79s
  round  42/50: acc=0.8168  f1m=0.7964  uplink_kB=156.6  t=0.78s
  round  43/50: acc=0.8168  f1m=0.7959  uplink_kB=156.6  t=0.77s
  round  44/50: acc=0.7991  f1m=0.7779  uplink_kB=156.6  t=0.77s
  round  45/50: acc=0.8258  f1m=0.8031  uplink_kB=156.6  t=0.78s
  round  46/50: acc=0.8273  f1m=0.8057  uplink_kB=156.6  t=0.77s
  round  47/50: acc=0.7895  f1m=0.7732  uplink_kB=156.6  t=0.81s
  round  48/50: acc=0.8321  f1m=0.8098  uplink_kB=156.6  t=0.75s
  round  49/50: acc=0.7863  f1m=0.7724  uplink_kB=156.6  t=0.74s
  round  50/50: acc=0.8016  f1m=0.7869  uplink_kB=156.6  t=0.74s
[run] DONE -> /Users/agentra/Documents/hao/working/paper-lab/hao-paper-2026/iotj-fedkan-ids/repo/results/mc_toniot/mc_mlp80_lr0p01__dir0.1__seed43/metrics.json  final_acc=0.8016
