[run] device=cpu  seed=42  out=/Users/agentra/Documents/hao/working/paper-lab/hao-paper-2026/iotj-fedkan-ids/repo/results/lrsweep_cseciic/lrsweep_kan16_lr0p001__dir0.1__seed42
[run] model=kan  params=6,560
  round   1/50: acc=0.5000  f1m=0.3333  uplink_kB=282.0  t=2.41s
  round   2/50: acc=0.5000  f1m=0.3333  uplink_kB=282.0  t=1.91s
  round   3/50: acc=0.5000  f1m=0.3333  uplink_kB=282.0  t=1.92s
  round   4/50: acc=0.5000  f1m=0.3333  uplink_kB=282.0  t=1.92s
  round   5/50: acc=0.5000  f1m=0.3333  uplink_kB=282.0  t=1.80s
  round   6/50: acc=0.5000  f1m=0.3333  uplink_kB=282.0  t=1.90s
  round   7/50: acc=0.5000  f1m=0.3333  uplink_kB=282.0  t=1.91s
  round   8/50: acc=0.5000  f1m=0.3333  uplink_kB=282.0  t=1.87s
  round   9/50: acc=0.5000  f1m=0.3333  uplink_kB=282.0  t=1.90s
  round  10/50: acc=0.5000  f1m=0.3333  uplink_kB=282.0  t=1.87s
  round  11/50: acc=0.5000  f1m=0.3333  uplink_kB=282.0  t=1.89s
  round  12/50: acc=0.5000  f1m=0.3333  uplink_kB=282.0  t=1.87s
  round  13/50: acc=0.5000  f1m=0.3334  uplink_kB=282.0  t=1.86s
  round  14/50: acc=0.5009  f1m=0.3354  uplink_kB=282.0  t=1.88s
  round  15/50: acc=0.5009  f1m=0.3354  uplink_kB=282.0  t=1.87s
  round  16/50: acc=0.5014  f1m=0.3365  uplink_kB=282.0  t=1.89s
  round  17/50: acc=0.5064  f1m=0.3474  uplink_kB=282.0  t=1.92s
  round  18/50: acc=0.5136  f1m=0.3629  uplink_kB=282.0  t=1.88s
  round  19/50: acc=0.5254  f1m=0.3875  uplink_kB=282.0  t=1.82s
  round  20/50: acc=0.6072  f1m=0.5356  uplink_kB=282.0  t=1.87s
  round  21/50: acc=0.6301  f1m=0.5715  uplink_kB=282.0  t=1.89s
  round  22/50: acc=0.6700  f1m=0.6297  uplink_kB=282.0  t=1.89s
  round  23/50: acc=0.7178  f1m=0.6934  uplink_kB=282.0  t=1.90s
  round  24/50: acc=0.7243  f1m=0.7017  uplink_kB=282.0  t=1.92s
  round  25/50: acc=0.7404  f1m=0.7217  uplink_kB=282.0  t=1.84s
  round  26/50: acc=0.7608  f1m=0.7464  uplink_kB=282.0  t=1.90s
  round  27/50: acc=0.7692  f1m=0.7564  uplink_kB=282.0  t=1.89s
  round  28/50: acc=0.7640  f1m=0.7502  uplink_kB=282.0  t=2.45s
  round  29/50: acc=0.7801  f1m=0.7691  uplink_kB=282.0  t=2.09s
  round  30/50: acc=0.7926  f1m=0.7834  uplink_kB=282.0  t=2.04s
  round  31/50: acc=0.7977  f1m=0.7892  uplink_kB=282.0  t=1.96s
  round  32/50: acc=0.7952  f1m=0.7863  uplink_kB=282.0  t=2.02s
  round  33/50: acc=0.8575  f1m=0.8546  uplink_kB=282.0  t=1.93s
  round  34/50: acc=0.8321  f1m=0.8274  uplink_kB=282.0  t=1.97s
  round  35/50: acc=0.8380  f1m=0.8337  uplink_kB=282.0  t=1.99s
  round  36/50: acc=0.8585  f1m=0.8557  uplink_kB=282.0  t=2.01s
  round  37/50: acc=0.8596  f1m=0.8568  uplink_kB=282.0  t=1.99s
  round  38/50: acc=0.8813  f1m=0.8797  uplink_kB=282.0  t=1.86s
  round  39/50: acc=0.8851  f1m=0.8836  uplink_kB=282.0  t=1.92s
  round  40/50: acc=0.8865  f1m=0.8851  uplink_kB=282.0  t=1.84s
  round  41/50: acc=0.8888  f1m=0.8875  uplink_kB=282.0  t=1.99s
  round  42/50: acc=0.8867  f1m=0.8853  uplink_kB=282.0  t=1.91s
  round  43/50: acc=0.8914  f1m=0.8902  uplink_kB=282.0  t=1.93s
  round  44/50: acc=0.8924  f1m=0.8912  uplink_kB=282.0  t=1.90s
  round  45/50: acc=0.8903  f1m=0.8891  uplink_kB=282.0  t=1.94s
  round  46/50: acc=0.8962  f1m=0.8951  uplink_kB=282.0  t=1.97s
  round  47/50: acc=0.9010  f1m=0.9001  uplink_kB=282.0  t=1.91s
  round  48/50: acc=0.9002  f1m=0.8993  uplink_kB=282.0  t=1.96s
  round  49/50: acc=0.8955  f1m=0.8944  uplink_kB=282.0  t=1.94s
  round  50/50: acc=0.9011  f1m=0.9001  uplink_kB=282.0  t=1.87s
[run] DONE -> /Users/agentra/Documents/hao/working/paper-lab/hao-paper-2026/iotj-fedkan-ids/repo/results/lrsweep_cseciic/lrsweep_kan16_lr0p001__dir0.1__seed42/metrics.json  final_acc=0.9011
