[run] device=cpu  seed=29  out=/Users/agentra/Documents/hao/working/paper-lab/hao-paper-2026/iotj-fedkan-ids/repo/results/mc_botiot/mc_kan16_lr0p01__dir0.1__seed29
[run] model=kan  params=7,040
  round   1/50: acc=0.4407  f1m=0.2397  uplink_kB=300.8  t=2.41s
  round   2/50: acc=0.4532  f1m=0.2455  uplink_kB=300.8  t=1.83s
  round   3/50: acc=0.7142  f1m=0.5027  uplink_kB=300.8  t=1.79s
  round   4/50: acc=0.8026  f1m=0.6420  uplink_kB=300.8  t=1.77s
  round   5/50: acc=0.7941  f1m=0.6350  uplink_kB=300.8  t=1.73s
  round   6/50: acc=0.7826  f1m=0.6250  uplink_kB=300.8  t=1.79s
  round   7/50: acc=0.8099  f1m=0.6484  uplink_kB=300.8  t=1.75s
  round   8/50: acc=0.8237  f1m=0.6602  uplink_kB=300.8  t=1.71s
  round   9/50: acc=0.8458  f1m=0.6779  uplink_kB=300.8  t=1.73s
  round  10/50: acc=0.8376  f1m=0.6715  uplink_kB=300.8  t=1.75s
  round  11/50: acc=0.8549  f1m=0.6851  uplink_kB=300.8  t=1.77s
  round  12/50: acc=0.8461  f1m=0.6786  uplink_kB=300.8  t=1.79s
  round  13/50: acc=0.8566  f1m=0.6864  uplink_kB=300.8  t=1.74s
  round  14/50: acc=0.8595  f1m=0.6889  uplink_kB=300.8  t=1.72s
  round  15/50: acc=0.8686  f1m=0.6971  uplink_kB=300.8  t=1.82s
  round  16/50: acc=0.8703  f1m=0.6987  uplink_kB=300.8  t=1.74s
  round  17/50: acc=0.8849  f1m=0.7114  uplink_kB=300.8  t=1.71s
  round  18/50: acc=0.8833  f1m=0.7100  uplink_kB=300.8  t=1.73s
  round  19/50: acc=0.8853  f1m=0.7117  uplink_kB=300.8  t=1.72s
  round  20/50: acc=0.8783  f1m=0.7062  uplink_kB=300.8  t=1.85s
  round  21/50: acc=0.8796  f1m=0.7072  uplink_kB=300.8  t=1.76s
  round  22/50: acc=0.9005  f1m=0.7246  uplink_kB=300.8  t=1.69s
  round  23/50: acc=0.8695  f1m=0.6984  uplink_kB=300.8  t=1.73s
  round  24/50: acc=0.8856  f1m=0.7122  uplink_kB=300.8  t=1.82s
  round  25/50: acc=0.8903  f1m=0.7161  uplink_kB=300.8  t=1.72s
  round  26/50: acc=0.8875  f1m=0.7138  uplink_kB=300.8  t=1.73s
  round  27/50: acc=0.8690  f1m=0.6982  uplink_kB=300.8  t=1.73s
  round  28/50: acc=0.8941  f1m=0.7193  uplink_kB=300.8  t=1.74s
  round  29/50: acc=0.8766  f1m=0.7045  uplink_kB=300.8  t=1.80s
  round  30/50: acc=0.8793  f1m=0.7068  uplink_kB=300.8  t=1.72s
  round  31/50: acc=0.8727  f1m=0.7015  uplink_kB=300.8  t=1.77s
  round  32/50: acc=0.8673  f1m=0.6967  uplink_kB=300.8  t=1.76s
  round  33/50: acc=0.8803  f1m=0.7078  uplink_kB=300.8  t=1.71s
  round  34/50: acc=0.8954  f1m=0.7202  uplink_kB=300.8  t=1.76s
  round  35/50: acc=0.8995  f1m=0.7237  uplink_kB=300.8  t=1.74s
  round  36/50: acc=0.8941  f1m=0.7192  uplink_kB=300.8  t=1.70s
  round  37/50: acc=0.9161  f1m=0.7372  uplink_kB=300.8  t=1.69s
  round  38/50: acc=0.8369  f1m=0.6694  uplink_kB=300.8  t=1.75s
  round  39/50: acc=0.9016  f1m=0.7254  uplink_kB=300.8  t=1.79s
  round  40/50: acc=0.8972  f1m=0.7217  uplink_kB=300.8  t=1.73s
  round  41/50: acc=0.8998  f1m=0.7240  uplink_kB=300.8  t=1.73s
  round  42/50: acc=0.8981  f1m=0.7224  uplink_kB=300.8  t=1.74s
  round  43/50: acc=0.8983  f1m=0.7227  uplink_kB=300.8  t=1.78s
  round  44/50: acc=0.8936  f1m=0.7186  uplink_kB=300.8  t=1.73s
  round  45/50: acc=0.9147  f1m=0.7362  uplink_kB=300.8  t=1.76s
  round  46/50: acc=0.8426  f1m=0.6747  uplink_kB=300.8  t=1.72s
  round  47/50: acc=0.9169  f1m=0.7381  uplink_kB=300.8  t=1.75s
  round  48/50: acc=0.7384  f1m=0.5297  uplink_kB=300.8  t=1.89s
  round  49/50: acc=0.9037  f1m=0.7271  uplink_kB=300.8  t=1.72s
  round  50/50: acc=0.8938  f1m=0.7187  uplink_kB=300.8  t=1.80s
[run] DONE -> /Users/agentra/Documents/hao/working/paper-lab/hao-paper-2026/iotj-fedkan-ids/repo/results/mc_botiot/mc_kan16_lr0p01__dir0.1__seed29/metrics.json  final_acc=0.8938
