[run] device=cpu  seed=23  out=/Users/agentra/Documents/hao/working/paper-lab/hao-paper-2026/iotj-fedkan-ids/repo/results/lrsweep_botiot/lrsweep_mlp80_lr0p03__dir0.1__seed23
[run] model=mlp  params=3,362
  round   1/50: acc=0.4989  f1m=0.3328  uplink_kB=131.3  t=1.38s
  round   2/50: acc=0.5338  f1m=0.4059  uplink_kB=131.3  t=0.70s
  round   3/50: acc=0.6628  f1m=0.6201  uplink_kB=131.3  t=0.71s
  round   4/50: acc=0.7507  f1m=0.7344  uplink_kB=131.3  t=0.72s
  round   5/50: acc=0.7963  f1m=0.7877  uplink_kB=131.3  t=0.67s
  round   6/50: acc=0.7811  f1m=0.7703  uplink_kB=131.3  t=0.74s
  round   7/50: acc=0.8595  f1m=0.8568  uplink_kB=131.3  t=0.75s
  round   8/50: acc=0.8919  f1m=0.8907  uplink_kB=131.3  t=0.72s
  round   9/50: acc=0.9043  f1m=0.9034  uplink_kB=131.3  t=0.70s
  round  10/50: acc=0.8845  f1m=0.8830  uplink_kB=131.3  t=0.68s
  round  11/50: acc=0.8836  f1m=0.8820  uplink_kB=131.3  t=0.72s
  round  12/50: acc=0.8911  f1m=0.8898  uplink_kB=131.3  t=0.59s
  round  13/50: acc=0.9268  f1m=0.9264  uplink_kB=131.3  t=0.69s
  round  14/50: acc=0.9261  f1m=0.9257  uplink_kB=131.3  t=0.69s
  round  15/50: acc=0.9579  f1m=0.9579  uplink_kB=131.3  t=0.69s
  round  16/50: acc=0.9573  f1m=0.9573  uplink_kB=131.3  t=0.68s
  round  17/50: acc=0.9628  f1m=0.9627  uplink_kB=131.3  t=0.67s
  round  18/50: acc=0.9633  f1m=0.9633  uplink_kB=131.3  t=0.66s
  round  19/50: acc=0.9600  f1m=0.9600  uplink_kB=131.3  t=0.66s
  round  20/50: acc=0.9630  f1m=0.9630  uplink_kB=131.3  t=0.67s
  round  21/50: acc=0.9719  f1m=0.9719  uplink_kB=131.3  t=0.72s
  round  22/50: acc=0.9660  f1m=0.9660  uplink_kB=131.3  t=0.71s
  round  23/50: acc=0.9691  f1m=0.9690  uplink_kB=131.3  t=0.62s
  round  24/50: acc=0.9663  f1m=0.9662  uplink_kB=131.3  t=0.68s
  round  25/50: acc=0.9671  f1m=0.9670  uplink_kB=131.3  t=0.69s
  round  26/50: acc=0.9687  f1m=0.9686  uplink_kB=131.3  t=0.67s
  round  27/50: acc=0.9721  f1m=0.9721  uplink_kB=131.3  t=0.69s
  round  28/50: acc=0.9722  f1m=0.9721  uplink_kB=131.3  t=0.65s
  round  29/50: acc=0.9717  f1m=0.9717  uplink_kB=131.3  t=0.80s
  round  30/50: acc=0.9696  f1m=0.9696  uplink_kB=131.3  t=0.63s
  round  31/50: acc=0.9720  f1m=0.9720  uplink_kB=131.3  t=0.66s
  round  32/50: acc=0.9717  f1m=0.9717  uplink_kB=131.3  t=0.69s
  round  33/50: acc=0.9719  f1m=0.9719  uplink_kB=131.3  t=0.68s
  round  34/50: acc=0.9734  f1m=0.9734  uplink_kB=131.3  t=0.68s
  round  35/50: acc=0.9734  f1m=0.9734  uplink_kB=131.3  t=0.70s
  round  36/50: acc=0.9736  f1m=0.9735  uplink_kB=131.3  t=0.66s
  round  37/50: acc=0.9735  f1m=0.9735  uplink_kB=131.3  t=0.61s
  round  38/50: acc=0.9735  f1m=0.9735  uplink_kB=131.3  t=0.67s
  round  39/50: acc=0.9737  f1m=0.9737  uplink_kB=131.3  t=0.69s
  round  40/50: acc=0.9736  f1m=0.9736  uplink_kB=131.3  t=0.67s
  round  41/50: acc=0.9736  f1m=0.9736  uplink_kB=131.3  t=0.67s
  round  42/50: acc=0.9737  f1m=0.9737  uplink_kB=131.3  t=0.66s
  round  43/50: acc=0.9737  f1m=0.9737  uplink_kB=131.3  t=0.64s
  round  44/50: acc=0.9737  f1m=0.9736  uplink_kB=131.3  t=0.67s
  round  45/50: acc=0.9737  f1m=0.9737  uplink_kB=131.3  t=0.71s
  round  46/50: acc=0.9736  f1m=0.9736  uplink_kB=131.3  t=0.65s
  round  47/50: acc=0.9737  f1m=0.9737  uplink_kB=131.3  t=0.67s
  round  48/50: acc=0.9746  f1m=0.9746  uplink_kB=131.3  t=0.66s
  round  49/50: acc=0.9738  f1m=0.9737  uplink_kB=131.3  t=0.68s
  round  50/50: acc=0.9749  f1m=0.9749  uplink_kB=131.3  t=0.64s
[run] DONE -> /Users/agentra/Documents/hao/working/paper-lab/hao-paper-2026/iotj-fedkan-ids/repo/results/lrsweep_botiot/lrsweep_mlp80_lr0p03__dir0.1__seed23/metrics.json  final_acc=0.9749
