[run] device=cpu  seed=11  out=/Users/agentra/Documents/hao/working/paper-lab/hao-paper-2026/iotj-fedkan-ids/repo/results/lrsweep_cseciic_mc/lrsweep_mlp80_lr0p03__dir0.1__seed11
[run] model=mlp  params=4,415
  round   1/50: acc=0.4349  f1m=0.1367  uplink_kB=172.5  t=2.91s
  round   2/50: acc=0.7419  f1m=0.3584  uplink_kB=172.5  t=2.20s
  round   3/50: acc=0.7912  f1m=0.4362  uplink_kB=172.5  t=2.15s
  round   4/50: acc=0.8174  f1m=0.5102  uplink_kB=172.5  t=2.16s
  round   5/50: acc=0.7827  f1m=0.4686  uplink_kB=172.5  t=2.22s
  round   6/50: acc=0.8220  f1m=0.5027  uplink_kB=172.5  t=2.23s
  round   7/50: acc=0.8078  f1m=0.5081  uplink_kB=172.5  t=2.14s
  round   8/50: acc=0.8276  f1m=0.5072  uplink_kB=172.5  t=2.17s
  round   9/50: acc=0.8340  f1m=0.5778  uplink_kB=172.5  t=2.21s
  round  10/50: acc=0.8298  f1m=0.5259  uplink_kB=172.5  t=2.24s
  round  11/50: acc=0.8305  f1m=0.5771  uplink_kB=172.5  t=2.23s
  round  12/50: acc=0.8378  f1m=0.5921  uplink_kB=172.5  t=2.10s
  round  13/50: acc=0.8104  f1m=0.5762  uplink_kB=172.5  t=2.44s
  round  14/50: acc=0.8386  f1m=0.5910  uplink_kB=172.5  t=2.77s
  round  15/50: acc=0.8230  f1m=0.6036  uplink_kB=172.5  t=2.32s
  round  16/50: acc=0.8374  f1m=0.5846  uplink_kB=172.5  t=2.35s
  round  17/50: acc=0.8423  f1m=0.6014  uplink_kB=172.5  t=2.12s
  round  18/50: acc=0.8407  f1m=0.5941  uplink_kB=172.5  t=2.16s
  round  19/50: acc=0.8409  f1m=0.5975  uplink_kB=172.5  t=2.09s
  round  20/50: acc=0.8436  f1m=0.6044  uplink_kB=172.5  t=2.23s
  round  21/50: acc=0.8517  f1m=0.6417  uplink_kB=172.5  t=2.29s
  round  22/50: acc=0.8477  f1m=0.6154  uplink_kB=172.5  t=2.35s
  round  23/50: acc=0.8411  f1m=0.5965  uplink_kB=172.5  t=2.36s
  round  24/50: acc=0.8445  f1m=0.6045  uplink_kB=172.5  t=2.17s
  round  25/50: acc=0.8498  f1m=0.6188  uplink_kB=172.5  t=2.28s
  round  26/50: acc=0.8467  f1m=0.6265  uplink_kB=172.5  t=2.23s
  round  27/50: acc=0.8444  f1m=0.6032  uplink_kB=172.5  t=2.23s
  round  28/50: acc=0.8450  f1m=0.6161  uplink_kB=172.5  t=2.35s
  round  29/50: acc=0.8456  f1m=0.6132  uplink_kB=172.5  t=2.29s
  round  30/50: acc=0.8397  f1m=0.5717  uplink_kB=172.5  t=2.19s
  round  31/50: acc=0.8528  f1m=0.6269  uplink_kB=172.5  t=2.26s
  round  32/50: acc=0.8432  f1m=0.6014  uplink_kB=172.5  t=2.24s
  round  33/50: acc=0.8518  f1m=0.6276  uplink_kB=172.5  t=2.40s
  round  34/50: acc=0.8410  f1m=0.5985  uplink_kB=172.5  t=2.18s
  round  35/50: acc=0.8574  f1m=0.6497  uplink_kB=172.5  t=2.24s
  round  36/50: acc=0.8547  f1m=0.6449  uplink_kB=172.5  t=2.32s
  round  37/50: acc=0.8523  f1m=0.6397  uplink_kB=172.5  t=2.25s
  round  38/50: acc=0.8541  f1m=0.6457  uplink_kB=172.5  t=2.25s
  round  39/50: acc=0.8455  f1m=0.6217  uplink_kB=172.5  t=2.15s
  round  40/50: acc=0.8497  f1m=0.6361  uplink_kB=172.5  t=2.23s
  round  41/50: acc=0.8516  f1m=0.6417  uplink_kB=172.5  t=2.18s
  round  42/50: acc=0.8452  f1m=0.6567  uplink_kB=172.5  t=2.16s
  round  43/50: acc=0.8464  f1m=0.6260  uplink_kB=172.5  t=2.21s
  round  44/50: acc=0.8434  f1m=0.6159  uplink_kB=172.5  t=2.09s
  round  45/50: acc=0.8442  f1m=0.6163  uplink_kB=172.5  t=2.21s
  round  46/50: acc=0.8502  f1m=0.6192  uplink_kB=172.5  t=2.09s
  round  47/50: acc=0.8459  f1m=0.6069  uplink_kB=172.5  t=2.16s
  round  48/50: acc=0.8565  f1m=0.6469  uplink_kB=172.5  t=2.24s
  round  49/50: acc=0.8456  f1m=0.6245  uplink_kB=172.5  t=2.22s
  round  50/50: acc=0.8531  f1m=0.6394  uplink_kB=172.5  t=2.19s
[run] DONE -> /Users/agentra/Documents/hao/working/paper-lab/hao-paper-2026/iotj-fedkan-ids/repo/results/lrsweep_cseciic_mc/lrsweep_mlp80_lr0p03__dir0.1__seed11/metrics.json  final_acc=0.8531
