[run] device=cpu  seed=11  out=/Users/agentra/Documents/hao/working/paper-lab/hao-paper-2026/iotj-fedkan-ids/repo/results/lrsweep_cseciic_mc50k/lrsweep_kan16_lr0p01__dir0.1__seed11
[run] model=kan  params=8,640
  round   1/50: acc=0.1977  f1m=0.0632  uplink_kB=363.3  t=3.63s
  round   2/50: acc=0.6007  f1m=0.3569  uplink_kB=363.3  t=3.01s
  round   3/50: acc=0.6325  f1m=0.4051  uplink_kB=363.3  t=3.03s
  round   4/50: acc=0.6253  f1m=0.4663  uplink_kB=363.3  t=2.97s
  round   5/50: acc=0.7195  f1m=0.5530  uplink_kB=363.3  t=3.03s
  round   6/50: acc=0.7343  f1m=0.5556  uplink_kB=363.3  t=2.98s
  round   7/50: acc=0.7586  f1m=0.5788  uplink_kB=363.3  t=3.03s
  round   8/50: acc=0.7520  f1m=0.5747  uplink_kB=363.3  t=3.04s
  round   9/50: acc=0.7876  f1m=0.6087  uplink_kB=363.3  t=2.99s
  round  10/50: acc=0.7910  f1m=0.6231  uplink_kB=363.3  t=3.02s
  round  11/50: acc=0.7884  f1m=0.6214  uplink_kB=363.3  t=2.96s
  round  12/50: acc=0.7934  f1m=0.6232  uplink_kB=363.3  t=3.09s
  round  13/50: acc=0.8540  f1m=0.7313  uplink_kB=363.3  t=3.01s
  round  14/50: acc=0.8180  f1m=0.6348  uplink_kB=363.3  t=3.08s
  round  15/50: acc=0.8825  f1m=0.7426  uplink_kB=363.3  t=3.02s
  round  16/50: acc=0.8242  f1m=0.6558  uplink_kB=363.3  t=3.10s
  round  17/50: acc=0.8856  f1m=0.7471  uplink_kB=363.3  t=3.08s
  round  18/50: acc=0.8226  f1m=0.6564  uplink_kB=363.3  t=3.02s
  round  19/50: acc=0.8895  f1m=0.7519  uplink_kB=363.3  t=3.01s
  round  20/50: acc=0.8793  f1m=0.7441  uplink_kB=363.3  t=3.09s
  round  21/50: acc=0.8951  f1m=0.7610  uplink_kB=363.3  t=2.97s
  round  22/50: acc=0.8872  f1m=0.7536  uplink_kB=363.3  t=3.12s
  round  23/50: acc=0.8872  f1m=0.7500  uplink_kB=363.3  t=3.00s
  round  24/50: acc=0.8919  f1m=0.7575  uplink_kB=363.3  t=3.14s
  round  25/50: acc=0.8934  f1m=0.7579  uplink_kB=363.3  t=2.98s
  round  26/50: acc=0.8900  f1m=0.7538  uplink_kB=363.3  t=3.08s
  round  27/50: acc=0.8942  f1m=0.7562  uplink_kB=363.3  t=3.22s
  round  28/50: acc=0.8930  f1m=0.7562  uplink_kB=363.3  t=3.07s
  round  29/50: acc=0.8977  f1m=0.7626  uplink_kB=363.3  t=3.04s
  round  30/50: acc=0.8927  f1m=0.7551  uplink_kB=363.3  t=3.06s
  round  31/50: acc=0.8906  f1m=0.7478  uplink_kB=363.3  t=3.03s
  round  32/50: acc=0.8938  f1m=0.7456  uplink_kB=363.3  t=3.08s
  round  33/50: acc=0.8904  f1m=0.7542  uplink_kB=363.3  t=3.03s
  round  34/50: acc=0.8981  f1m=0.7618  uplink_kB=363.3  t=3.02s
  round  35/50: acc=0.8939  f1m=0.7582  uplink_kB=363.3  t=3.00s
  round  36/50: acc=0.8923  f1m=0.7590  uplink_kB=363.3  t=3.09s
  round  37/50: acc=0.8922  f1m=0.7559  uplink_kB=363.3  t=2.98s
  round  38/50: acc=0.8759  f1m=0.7299  uplink_kB=363.3  t=3.15s
  round  39/50: acc=0.8901  f1m=0.7581  uplink_kB=363.3  t=3.06s
  round  40/50: acc=0.8968  f1m=0.7629  uplink_kB=363.3  t=3.09s
  round  41/50: acc=0.8942  f1m=0.7567  uplink_kB=363.3  t=3.01s
  round  42/50: acc=0.8957  f1m=0.7592  uplink_kB=363.3  t=3.05s
  round  43/50: acc=0.8921  f1m=0.7540  uplink_kB=363.3  t=3.04s
  round  44/50: acc=0.8955  f1m=0.7556  uplink_kB=363.3  t=3.06s
  round  45/50: acc=0.8978  f1m=0.7569  uplink_kB=363.3  t=2.97s
  round  46/50: acc=0.9016  f1m=0.7652  uplink_kB=363.3  t=3.06s
  round  47/50: acc=0.9005  f1m=0.7626  uplink_kB=363.3  t=3.02s
  round  48/50: acc=0.8962  f1m=0.7547  uplink_kB=363.3  t=3.00s
  round  49/50: acc=0.8958  f1m=0.7541  uplink_kB=363.3  t=2.99s
  round  50/50: acc=0.9004  f1m=0.7706  uplink_kB=363.3  t=3.07s
[run] DONE -> /Users/agentra/Documents/hao/working/paper-lab/hao-paper-2026/iotj-fedkan-ids/repo/results/lrsweep_cseciic_mc50k/lrsweep_kan16_lr0p01__dir0.1__seed11/metrics.json  final_acc=0.9004
