[run] device=cpu  seed=29  out=/Users/agentra/Documents/hao/working/paper-lab/hao-paper-2026/iotj-fedkan-ids/repo/results/lrsweep_cseciic_mc50k/lrsweep_kan8_lr0p1__dir0.1__seed29
[run] model=kan  params=4,320
  round   1/50: acc=0.4216  f1m=0.1549  uplink_kB=190.8  t=3.17s
  round   2/50: acc=0.4617  f1m=0.2078  uplink_kB=190.8  t=2.55s
  round   3/50: acc=0.4925  f1m=0.2180  uplink_kB=190.8  t=2.69s
  round   4/50: acc=0.4835  f1m=0.2375  uplink_kB=190.8  t=2.56s
  round   5/50: acc=0.4890  f1m=0.2467  uplink_kB=190.8  t=2.65s
  round   6/50: acc=0.5224  f1m=0.2736  uplink_kB=190.8  t=2.60s
  round   7/50: acc=0.5674  f1m=0.3280  uplink_kB=190.8  t=2.73s
  round   8/50: acc=0.5281  f1m=0.2729  uplink_kB=190.8  t=2.59s
  round   9/50: acc=0.6292  f1m=0.3385  uplink_kB=190.8  t=2.67s
  round  10/50: acc=0.6235  f1m=0.4003  uplink_kB=190.8  t=2.56s
  round  11/50: acc=0.6147  f1m=0.3643  uplink_kB=190.8  t=2.64s
  round  12/50: acc=0.5679  f1m=0.2750  uplink_kB=190.8  t=2.59s
  round  13/50: acc=0.6027  f1m=0.3170  uplink_kB=190.8  t=2.62s
  round  14/50: acc=0.6735  f1m=0.4209  uplink_kB=190.8  t=2.56s
  round  15/50: acc=0.6131  f1m=0.3761  uplink_kB=190.8  t=2.69s
  round  16/50: acc=0.5105  f1m=0.2323  uplink_kB=190.8  t=2.58s
  round  17/50: acc=0.3992  f1m=0.1750  uplink_kB=190.8  t=2.65s
  round  18/50: acc=0.3628  f1m=0.1540  uplink_kB=190.8  t=2.52s
  round  19/50: acc=0.1897  f1m=0.0709  uplink_kB=190.8  t=2.65s
  round  20/50: acc=0.2028  f1m=0.0608  uplink_kB=190.8  t=2.62s
  round  21/50: acc=0.3234  f1m=0.1144  uplink_kB=190.8  t=2.70s
  round  22/50: acc=0.3233  f1m=0.1182  uplink_kB=190.8  t=2.58s
  round  23/50: acc=0.3407  f1m=0.1198  uplink_kB=190.8  t=2.61s
  round  24/50: acc=0.3212  f1m=0.1325  uplink_kB=190.8  t=2.54s
  round  25/50: acc=0.3274  f1m=0.1257  uplink_kB=190.8  t=2.65s
  round  26/50: acc=0.3755  f1m=0.1508  uplink_kB=190.8  t=2.51s
  round  27/50: acc=0.3299  f1m=0.1211  uplink_kB=190.8  t=2.64s
  round  28/50: acc=0.3189  f1m=0.1276  uplink_kB=190.8  t=2.57s
  round  29/50: acc=0.3123  f1m=0.1213  uplink_kB=190.8  t=2.67s
  round  30/50: acc=0.3271  f1m=0.1327  uplink_kB=190.8  t=2.59s
  round  31/50: acc=0.3195  f1m=0.1328  uplink_kB=190.8  t=2.72s
  round  32/50: acc=0.3452  f1m=0.1421  uplink_kB=190.8  t=2.56s
  round  33/50: acc=0.3078  f1m=0.1209  uplink_kB=190.8  t=2.69s
  round  34/50: acc=0.3176  f1m=0.1258  uplink_kB=190.8  t=2.55s
  round  35/50: acc=0.3340  f1m=0.1433  uplink_kB=190.8  t=2.69s
  round  36/50: acc=0.4013  f1m=0.1929  uplink_kB=190.8  t=2.55s
  round  37/50: acc=0.3153  f1m=0.1305  uplink_kB=190.8  t=2.57s
  round  38/50: acc=0.3095  f1m=0.1196  uplink_kB=190.8  t=2.56s
  round  39/50: acc=0.3268  f1m=0.1336  uplink_kB=190.8  t=2.67s
  round  40/50: acc=0.3223  f1m=0.1385  uplink_kB=190.8  t=2.54s
  round  41/50: acc=0.3164  f1m=0.1354  uplink_kB=190.8  t=2.65s
  round  42/50: acc=0.3434  f1m=0.1403  uplink_kB=190.8  t=2.64s
  round  43/50: acc=0.3177  f1m=0.1369  uplink_kB=190.8  t=2.57s
  round  44/50: acc=0.2520  f1m=0.1160  uplink_kB=190.8  t=2.65s
  round  45/50: acc=0.3091  f1m=0.1241  uplink_kB=190.8  t=2.59s
  round  46/50: acc=0.3187  f1m=0.1263  uplink_kB=190.8  t=2.75s
  round  47/50: acc=0.3368  f1m=0.1456  uplink_kB=190.8  t=2.57s
  round  48/50: acc=0.3393  f1m=0.1390  uplink_kB=190.8  t=2.58s
  round  49/50: acc=0.3120  f1m=0.1211  uplink_kB=190.8  t=2.59s
  round  50/50: acc=0.3378  f1m=0.1449  uplink_kB=190.8  t=2.53s
[run] DONE -> /Users/agentra/Documents/hao/working/paper-lab/hao-paper-2026/iotj-fedkan-ids/repo/results/lrsweep_cseciic_mc50k/lrsweep_kan8_lr0p1__dir0.1__seed29/metrics.json  final_acc=0.3378
