[run] device=cpu  seed=107  out=/Users/agentra/Documents/hao/working/paper-lab/hao-paper-2026/iotj-fedkan-ids/repo/results/lrsweep_cseciic_mc50k/lrsweep_kan8_lr0p01__dir0.1__seed107
[run] model=kan  params=4,320
  round   1/50: acc=0.3216  f1m=0.1031  uplink_kB=190.8  t=3.89s
  round   2/50: acc=0.4413  f1m=0.1680  uplink_kB=190.8  t=3.10s
  round   3/50: acc=0.4874  f1m=0.2146  uplink_kB=190.8  t=3.04s
  round   4/50: acc=0.5254  f1m=0.2627  uplink_kB=190.8  t=3.09s
  round   5/50: acc=0.5929  f1m=0.3778  uplink_kB=190.8  t=3.13s
  round   6/50: acc=0.5935  f1m=0.3763  uplink_kB=190.8  t=3.21s
  round   7/50: acc=0.6545  f1m=0.4243  uplink_kB=190.8  t=3.36s
  round   8/50: acc=0.6763  f1m=0.4548  uplink_kB=190.8  t=3.21s
  round   9/50: acc=0.6771  f1m=0.4558  uplink_kB=190.8  t=3.16s
  round  10/50: acc=0.6890  f1m=0.4698  uplink_kB=190.8  t=3.07s
  round  11/50: acc=0.7808  f1m=0.5364  uplink_kB=190.8  t=3.34s
  round  12/50: acc=0.8029  f1m=0.5487  uplink_kB=190.8  t=3.13s
  round  13/50: acc=0.8095  f1m=0.5547  uplink_kB=190.8  t=3.10s
  round  14/50: acc=0.8114  f1m=0.5644  uplink_kB=190.8  t=3.07s
  round  15/50: acc=0.8114  f1m=0.5643  uplink_kB=190.8  t=3.18s
  round  16/50: acc=0.8106  f1m=0.5640  uplink_kB=190.8  t=3.20s
  round  17/50: acc=0.8133  f1m=0.5655  uplink_kB=190.8  t=3.22s
  round  18/50: acc=0.8135  f1m=0.5660  uplink_kB=190.8  t=3.12s
  round  19/50: acc=0.8136  f1m=0.5661  uplink_kB=190.8  t=3.16s
  round  20/50: acc=0.8172  f1m=0.5705  uplink_kB=190.8  t=3.13s
  round  21/50: acc=0.8151  f1m=0.5684  uplink_kB=190.8  t=3.19s
  round  22/50: acc=0.8181  f1m=0.5706  uplink_kB=190.8  t=3.05s
  round  23/50: acc=0.8167  f1m=0.5729  uplink_kB=190.8  t=3.23s
  round  24/50: acc=0.8171  f1m=0.5699  uplink_kB=190.8  t=3.21s
  round  25/50: acc=0.8191  f1m=0.5776  uplink_kB=190.8  t=3.18s
  round  26/50: acc=0.8192  f1m=0.5721  uplink_kB=190.8  t=3.23s
  round  27/50: acc=0.8199  f1m=0.5783  uplink_kB=190.8  t=3.24s
  round  28/50: acc=0.8190  f1m=0.5714  uplink_kB=190.8  t=3.16s
  round  29/50: acc=0.8195  f1m=0.5776  uplink_kB=190.8  t=3.12s
  round  30/50: acc=0.8200  f1m=0.5721  uplink_kB=190.8  t=3.02s
  round  31/50: acc=0.8199  f1m=0.5781  uplink_kB=190.8  t=3.17s
  round  32/50: acc=0.8206  f1m=0.5791  uplink_kB=190.8  t=3.07s
  round  33/50: acc=0.8329  f1m=0.5869  uplink_kB=190.8  t=3.08s
  round  34/50: acc=0.8223  f1m=0.5795  uplink_kB=190.8  t=3.01s
  round  35/50: acc=0.8217  f1m=0.5801  uplink_kB=190.8  t=3.12s
  round  36/50: acc=0.8216  f1m=0.5799  uplink_kB=190.8  t=3.05s
  round  37/50: acc=0.8222  f1m=0.5796  uplink_kB=190.8  t=3.02s
  round  38/50: acc=0.8238  f1m=0.5783  uplink_kB=190.8  t=3.08s
  round  39/50: acc=0.8210  f1m=0.5791  uplink_kB=190.8  t=3.11s
  round  40/50: acc=0.8209  f1m=0.5793  uplink_kB=190.8  t=3.09s
  round  41/50: acc=0.8221  f1m=0.5796  uplink_kB=190.8  t=3.09s
  round  42/50: acc=0.8237  f1m=0.5818  uplink_kB=190.8  t=3.06s
  round  43/50: acc=0.8544  f1m=0.6010  uplink_kB=190.8  t=3.16s
  round  44/50: acc=0.8211  f1m=0.5797  uplink_kB=190.8  t=3.06s
  round  45/50: acc=0.8528  f1m=0.6010  uplink_kB=190.8  t=3.11s
  round  46/50: acc=0.8245  f1m=0.5832  uplink_kB=190.8  t=3.06s
  round  47/50: acc=0.8259  f1m=0.5857  uplink_kB=190.8  t=3.10s
  round  48/50: acc=0.8213  f1m=0.5834  uplink_kB=190.8  t=3.05s
  round  49/50: acc=0.8214  f1m=0.5802  uplink_kB=190.8  t=3.14s
  round  50/50: acc=0.8262  f1m=0.5853  uplink_kB=190.8  t=3.04s
[run] DONE -> /Users/agentra/Documents/hao/working/paper-lab/hao-paper-2026/iotj-fedkan-ids/repo/results/lrsweep_cseciic_mc50k/lrsweep_kan8_lr0p01__dir0.1__seed107/metrics.json  final_acc=0.8262
