[run] device=cpu  seed=29  out=/Users/agentra/Documents/hao/working/paper-lab/hao-paper-2026/iotj-fedkan-ids/repo/results/lrsweep_cseciic/lrsweep_mlp32_lr0p1__dir0.1__seed29
[run] model=mlp  params=1,346
  round   1/50: acc=0.5000  f1m=0.3333  uplink_kB=52.6  t=1.40s
  round   2/50: acc=0.7517  f1m=0.7381  uplink_kB=52.6  t=0.68s
  round   3/50: acc=0.5846  f1m=0.5040  uplink_kB=52.6  t=0.70s
  round   4/50: acc=0.5971  f1m=0.5248  uplink_kB=52.6  t=0.68s
  round   5/50: acc=0.5252  f1m=0.3881  uplink_kB=52.6  t=0.59s
  round   6/50: acc=0.5116  f1m=0.3586  uplink_kB=52.6  t=0.66s
  round   7/50: acc=0.5117  f1m=0.3590  uplink_kB=52.6  t=0.66s
  round   8/50: acc=0.5109  f1m=0.3573  uplink_kB=52.6  t=0.66s
  round   9/50: acc=0.5176  f1m=0.3715  uplink_kB=52.6  t=0.65s
  round  10/50: acc=0.5150  f1m=0.3660  uplink_kB=52.6  t=0.69s
  round  11/50: acc=0.5224  f1m=0.3818  uplink_kB=52.6  t=0.71s
  round  12/50: acc=0.5178  f1m=0.3718  uplink_kB=52.6  t=1.01s
  round  13/50: acc=0.5206  f1m=0.3780  uplink_kB=52.6  t=0.79s
  round  14/50: acc=0.5161  f1m=0.3685  uplink_kB=52.6  t=0.74s
  round  15/50: acc=0.5216  f1m=0.3799  uplink_kB=52.6  t=0.71s
  round  16/50: acc=0.5243  f1m=0.3855  uplink_kB=52.6  t=0.68s
  round  17/50: acc=0.5227  f1m=0.3821  uplink_kB=52.6  t=0.68s
  round  18/50: acc=0.5231  f1m=0.3830  uplink_kB=52.6  t=0.68s
  round  19/50: acc=0.5321  f1m=0.4018  uplink_kB=52.6  t=0.69s
  round  20/50: acc=0.5307  f1m=0.3990  uplink_kB=52.6  t=0.61s
  round  21/50: acc=0.5269  f1m=0.3909  uplink_kB=52.6  t=0.67s
  round  22/50: acc=0.5281  f1m=0.3932  uplink_kB=52.6  t=0.71s
  round  23/50: acc=0.5353  f1m=0.4080  uplink_kB=52.6  t=0.71s
  round  24/50: acc=0.5320  f1m=0.4012  uplink_kB=52.6  t=0.70s
  round  25/50: acc=0.5262  f1m=0.3894  uplink_kB=52.6  t=0.68s
  round  26/50: acc=0.6104  f1m=0.5456  uplink_kB=52.6  t=0.71s
  round  27/50: acc=0.5330  f1m=0.4034  uplink_kB=52.6  t=0.63s
  round  28/50: acc=0.5475  f1m=0.4321  uplink_kB=52.6  t=0.70s
  round  29/50: acc=0.5366  f1m=0.4106  uplink_kB=52.6  t=0.70s
  round  30/50: acc=0.5434  f1m=0.4240  uplink_kB=52.6  t=0.68s
  round  31/50: acc=0.5578  f1m=0.4520  uplink_kB=52.6  t=0.65s
  round  32/50: acc=0.5792  f1m=0.4915  uplink_kB=52.6  t=0.63s
  round  33/50: acc=0.5469  f1m=0.4308  uplink_kB=52.6  t=0.67s
  round  34/50: acc=0.5410  f1m=0.4193  uplink_kB=52.6  t=0.62s
  round  35/50: acc=0.5224  f1m=0.3818  uplink_kB=52.6  t=0.67s
  round  36/50: acc=0.5599  f1m=0.4560  uplink_kB=52.6  t=0.67s
  round  37/50: acc=0.5397  f1m=0.4168  uplink_kB=52.6  t=0.74s
  round  38/50: acc=0.5416  f1m=0.4206  uplink_kB=52.6  t=0.67s
  round  39/50: acc=0.5418  f1m=0.4210  uplink_kB=52.6  t=0.68s
  round  40/50: acc=0.5569  f1m=0.4502  uplink_kB=52.6  t=0.66s
  round  41/50: acc=0.5477  f1m=0.4324  uplink_kB=52.6  t=0.61s
  round  42/50: acc=0.5323  f1m=0.4018  uplink_kB=52.6  t=0.66s
  round  43/50: acc=0.5330  f1m=0.4033  uplink_kB=52.6  t=0.66s
  round  44/50: acc=0.5456  f1m=0.4282  uplink_kB=52.6  t=0.64s
  round  45/50: acc=0.5330  f1m=0.4032  uplink_kB=52.6  t=0.64s
  round  46/50: acc=0.5492  f1m=0.4351  uplink_kB=52.6  t=0.64s
  round  47/50: acc=0.5451  f1m=0.4272  uplink_kB=52.6  t=0.60s
  round  48/50: acc=0.5553  f1m=0.4462  uplink_kB=52.6  t=0.65s
  round  49/50: acc=0.5508  f1m=0.4380  uplink_kB=52.6  t=0.62s
  round  50/50: acc=0.5373  f1m=0.4118  uplink_kB=52.6  t=0.69s
[run] DONE -> /Users/agentra/Documents/hao/working/paper-lab/hao-paper-2026/iotj-fedkan-ids/repo/results/lrsweep_cseciic/lrsweep_mlp32_lr0p1__dir0.1__seed29/metrics.json  final_acc=0.5373
