[run] device=cpu  seed=11  out=/Users/agentra/Documents/hao/working/paper-lab/hao-paper-2026/iotj-fedkan-ids/repo/results/lrsweep_cseciic/lrsweep_mlp80_lr0p1__dir0.1__seed11
[run] model=mlp  params=3,362
  round   1/50: acc=0.4873  f1m=0.3278  uplink_kB=131.3  t=1.28s
  round   2/50: acc=0.7809  f1m=0.7773  uplink_kB=131.3  t=0.66s
  round   3/50: acc=0.0843  f1m=0.0817  uplink_kB=131.3  t=0.65s
  round   4/50: acc=0.8713  f1m=0.8710  uplink_kB=131.3  t=0.67s
  round   5/50: acc=0.5008  f1m=0.3350  uplink_kB=131.3  t=0.64s
  round   6/50: acc=0.5006  f1m=0.3346  uplink_kB=131.3  t=0.66s
  round   7/50: acc=0.5000  f1m=0.3333  uplink_kB=131.3  t=0.68s
  round   8/50: acc=0.8265  f1m=0.8232  uplink_kB=131.3  t=0.67s
  round   9/50: acc=0.6628  f1m=0.6258  uplink_kB=131.3  t=0.67s
  round  10/50: acc=0.8893  f1m=0.8887  uplink_kB=131.3  t=0.69s
  round  11/50: acc=0.8022  f1m=0.7969  uplink_kB=131.3  t=0.66s
  round  12/50: acc=0.8805  f1m=0.8797  uplink_kB=131.3  t=0.62s
  round  13/50: acc=0.8970  f1m=0.8966  uplink_kB=131.3  t=0.69s
  round  14/50: acc=0.8496  f1m=0.8476  uplink_kB=131.3  t=0.69s
  round  15/50: acc=0.8890  f1m=0.8884  uplink_kB=131.3  t=0.68s
  round  16/50: acc=0.8514  f1m=0.8496  uplink_kB=131.3  t=0.66s
  round  17/50: acc=0.8495  f1m=0.8475  uplink_kB=131.3  t=0.66s
  round  18/50: acc=0.8843  f1m=0.8836  uplink_kB=131.3  t=0.64s
  round  19/50: acc=0.8716  f1m=0.8705  uplink_kB=131.3  t=0.69s
  round  20/50: acc=0.8924  f1m=0.8920  uplink_kB=131.3  t=0.73s
  round  21/50: acc=0.8260  f1m=0.8225  uplink_kB=131.3  t=0.66s
  round  22/50: acc=0.8388  f1m=0.8362  uplink_kB=131.3  t=0.68s
  round  23/50: acc=0.8905  f1m=0.8899  uplink_kB=131.3  t=0.68s
  round  24/50: acc=0.8906  f1m=0.8900  uplink_kB=131.3  t=0.61s
  round  25/50: acc=0.8340  f1m=0.8311  uplink_kB=131.3  t=0.67s
  round  26/50: acc=0.8991  f1m=0.8988  uplink_kB=131.3  t=0.67s
  round  27/50: acc=0.7959  f1m=0.7895  uplink_kB=131.3  t=0.67s
  round  28/50: acc=0.8937  f1m=0.8933  uplink_kB=131.3  t=0.72s
  round  29/50: acc=0.8750  f1m=0.8741  uplink_kB=131.3  t=0.67s
  round  30/50: acc=0.8857  f1m=0.8850  uplink_kB=131.3  t=0.69s
  round  31/50: acc=0.8898  f1m=0.8893  uplink_kB=131.3  t=0.67s
  round  32/50: acc=0.8969  f1m=0.8965  uplink_kB=131.3  t=0.66s
  round  33/50: acc=0.8669  f1m=0.8657  uplink_kB=131.3  t=0.70s
  round  34/50: acc=0.8972  f1m=0.8968  uplink_kB=131.3  t=0.66s
  round  35/50: acc=0.8875  f1m=0.8869  uplink_kB=131.3  t=0.66s
  round  36/50: acc=0.8111  f1m=0.8064  uplink_kB=131.3  t=0.67s
  round  37/50: acc=0.8801  f1m=0.8793  uplink_kB=131.3  t=0.64s
  round  38/50: acc=0.8838  f1m=0.8831  uplink_kB=131.3  t=0.65s
  round  39/50: acc=0.8365  f1m=0.8338  uplink_kB=131.3  t=0.64s
  round  40/50: acc=0.9086  f1m=0.9084  uplink_kB=131.3  t=0.66s
  round  41/50: acc=0.8622  f1m=0.8608  uplink_kB=131.3  t=0.70s
  round  42/50: acc=0.8007  f1m=0.7948  uplink_kB=131.3  t=0.69s
  round  43/50: acc=0.9068  f1m=0.9066  uplink_kB=131.3  t=0.62s
  round  44/50: acc=0.8527  f1m=0.8508  uplink_kB=131.3  t=0.69s
  round  45/50: acc=0.8942  f1m=0.8937  uplink_kB=131.3  t=0.69s
  round  46/50: acc=0.8621  f1m=0.8606  uplink_kB=131.3  t=0.68s
  round  47/50: acc=0.9013  f1m=0.9010  uplink_kB=131.3  t=0.68s
  round  48/50: acc=0.8328  f1m=0.8298  uplink_kB=131.3  t=0.69s
  round  49/50: acc=0.9006  f1m=0.9002  uplink_kB=131.3  t=0.60s
  round  50/50: acc=0.8430  f1m=0.8406  uplink_kB=131.3  t=0.66s
[run] DONE -> /Users/agentra/Documents/hao/working/paper-lab/hao-paper-2026/iotj-fedkan-ids/repo/results/lrsweep_cseciic/lrsweep_mlp80_lr0p1__dir0.1__seed11/metrics.json  final_acc=0.8430
