[run] device=cpu  seed=42  out=/Users/agentra/Documents/hao/working/paper-lab/hao-paper-2026/iotj-fedkan-ids/repo/results/lrsweep_cseciic_mc/lrsweep_kan8_lr0p01__dir0.1__seed42
[run] model=kan  params=4,320
  round   1/50: acc=0.2316  f1m=0.0842  uplink_kB=190.8  t=6.38s
  round   2/50: acc=0.3688  f1m=0.1535  uplink_kB=190.8  t=5.49s
  round   3/50: acc=0.5088  f1m=0.3005  uplink_kB=190.8  t=5.40s
  round   4/50: acc=0.6698  f1m=0.4183  uplink_kB=190.8  t=5.52s
  round   5/50: acc=0.7621  f1m=0.5192  uplink_kB=190.8  t=5.51s
  round   6/50: acc=0.7638  f1m=0.5217  uplink_kB=190.8  t=5.56s
  round   7/50: acc=0.7856  f1m=0.5349  uplink_kB=190.8  t=5.55s
  round   8/50: acc=0.8200  f1m=0.5575  uplink_kB=190.8  t=5.60s
  round   9/50: acc=0.8261  f1m=0.5619  uplink_kB=190.8  t=5.43s
  round  10/50: acc=0.8413  f1m=0.5723  uplink_kB=190.8  t=5.41s
  round  11/50: acc=0.8468  f1m=0.5766  uplink_kB=190.8  t=5.44s
  round  12/50: acc=0.8484  f1m=0.5779  uplink_kB=190.8  t=5.41s
  round  13/50: acc=0.8487  f1m=0.5790  uplink_kB=190.8  t=5.87s
  round  14/50: acc=0.8444  f1m=0.5792  uplink_kB=190.8  t=5.50s
  round  15/50: acc=0.8578  f1m=0.5861  uplink_kB=190.8  t=5.52s
  round  16/50: acc=0.8567  f1m=0.6447  uplink_kB=190.8  t=5.38s
  round  17/50: acc=0.8493  f1m=0.5791  uplink_kB=190.8  t=5.50s
  round  18/50: acc=0.8525  f1m=0.6411  uplink_kB=190.8  t=5.38s
  round  19/50: acc=0.8526  f1m=0.6430  uplink_kB=190.8  t=5.34s
  round  20/50: acc=0.8455  f1m=0.6106  uplink_kB=190.8  t=5.37s
  round  21/50: acc=0.8651  f1m=0.6616  uplink_kB=190.8  t=5.68s
  round  22/50: acc=0.8507  f1m=0.6455  uplink_kB=190.8  t=5.50s
  round  23/50: acc=0.8478  f1m=0.6468  uplink_kB=190.8  t=5.56s
  round  24/50: acc=0.8655  f1m=0.6586  uplink_kB=190.8  t=5.48s
  round  25/50: acc=0.8572  f1m=0.6551  uplink_kB=190.8  t=5.41s
  round  26/50: acc=0.8656  f1m=0.6575  uplink_kB=190.8  t=5.54s
  round  27/50: acc=0.8602  f1m=0.6601  uplink_kB=190.8  t=5.43s
  round  28/50: acc=0.8565  f1m=0.6550  uplink_kB=190.8  t=5.57s
  round  29/50: acc=0.8711  f1m=0.6675  uplink_kB=190.8  t=5.60s
  round  30/50: acc=0.8633  f1m=0.6635  uplink_kB=190.8  t=5.51s
  round  31/50: acc=0.8634  f1m=0.6626  uplink_kB=190.8  t=5.38s
  round  32/50: acc=0.8680  f1m=0.6641  uplink_kB=190.8  t=5.37s
  round  33/50: acc=0.8734  f1m=0.6701  uplink_kB=190.8  t=5.32s
  round  34/50: acc=0.8741  f1m=0.6699  uplink_kB=190.8  t=5.43s
  round  35/50: acc=0.8662  f1m=0.6637  uplink_kB=190.8  t=5.38s
  round  36/50: acc=0.8727  f1m=0.6705  uplink_kB=190.8  t=5.65s
  round  37/50: acc=0.8731  f1m=0.6698  uplink_kB=190.8  t=5.46s
  round  38/50: acc=0.8714  f1m=0.6697  uplink_kB=190.8  t=5.47s
  round  39/50: acc=0.8670  f1m=0.6653  uplink_kB=190.8  t=5.47s
  round  40/50: acc=0.8723  f1m=0.6704  uplink_kB=190.8  t=5.33s
  round  41/50: acc=0.8703  f1m=0.6675  uplink_kB=190.8  t=5.36s
  round  42/50: acc=0.8696  f1m=0.6671  uplink_kB=190.8  t=5.55s
  round  43/50: acc=0.8750  f1m=0.6723  uplink_kB=190.8  t=5.47s
  round  44/50: acc=0.8656  f1m=0.6634  uplink_kB=190.8  t=5.45s
  round  45/50: acc=0.8726  f1m=0.6683  uplink_kB=190.8  t=5.36s
  round  46/50: acc=0.8699  f1m=0.6689  uplink_kB=190.8  t=5.34s
  round  47/50: acc=0.8703  f1m=0.6681  uplink_kB=190.8  t=5.57s
  round  48/50: acc=0.8715  f1m=0.6690  uplink_kB=190.8  t=5.68s
  round  49/50: acc=0.8742  f1m=0.6794  uplink_kB=190.8  t=5.26s
  round  50/50: acc=0.8684  f1m=0.6789  uplink_kB=190.8  t=5.38s
[run] DONE -> /Users/agentra/Documents/hao/working/paper-lab/hao-paper-2026/iotj-fedkan-ids/repo/results/lrsweep_cseciic_mc/lrsweep_kan8_lr0p01__dir0.1__seed42/metrics.json  final_acc=0.8684
