[run] device=cpu  seed=23  out=/Users/agentra/Documents/hao/working/paper-lab/hao-paper-2026/iotj-fedkan-ids/repo/results/lrsweep_botiot/lrsweep_kan8_lr0p001__dir0.1__seed23
[run] model=kan  params=3,280
  round   1/50: acc=0.5011  f1m=0.3338  uplink_kB=150.2  t=2.31s
  round   2/50: acc=0.5015  f1m=0.3348  uplink_kB=150.2  t=1.65s
  round   3/50: acc=0.6226  f1m=0.5591  uplink_kB=150.2  t=1.63s
  round   4/50: acc=0.7915  f1m=0.7856  uplink_kB=150.2  t=1.63s
  round   5/50: acc=0.9084  f1m=0.9082  uplink_kB=150.2  t=1.59s
  round   6/50: acc=0.9344  f1m=0.9344  uplink_kB=150.2  t=1.62s
  round   7/50: acc=0.9356  f1m=0.9356  uplink_kB=150.2  t=1.62s
  round   8/50: acc=0.9380  f1m=0.9380  uplink_kB=150.2  t=1.65s
  round   9/50: acc=0.9382  f1m=0.9382  uplink_kB=150.2  t=1.63s
  round  10/50: acc=0.9384  f1m=0.9384  uplink_kB=150.2  t=1.65s
  round  11/50: acc=0.9385  f1m=0.9385  uplink_kB=150.2  t=1.70s
  round  12/50: acc=0.9387  f1m=0.9387  uplink_kB=150.2  t=1.63s
  round  13/50: acc=0.9391  f1m=0.9391  uplink_kB=150.2  t=1.69s
  round  14/50: acc=0.9395  f1m=0.9395  uplink_kB=150.2  t=1.64s
  round  15/50: acc=0.9399  f1m=0.9399  uplink_kB=150.2  t=1.69s
  round  16/50: acc=0.9406  f1m=0.9406  uplink_kB=150.2  t=1.68s
  round  17/50: acc=0.9411  f1m=0.9411  uplink_kB=150.2  t=1.76s
  round  18/50: acc=0.9423  f1m=0.9423  uplink_kB=150.2  t=1.68s
  round  19/50: acc=0.9438  f1m=0.9438  uplink_kB=150.2  t=1.61s
  round  20/50: acc=0.9489  f1m=0.9489  uplink_kB=150.2  t=1.68s
  round  21/50: acc=0.9544  f1m=0.9543  uplink_kB=150.2  t=1.73s
  round  22/50: acc=0.9572  f1m=0.9572  uplink_kB=150.2  t=1.68s
  round  23/50: acc=0.9609  f1m=0.9609  uplink_kB=150.2  t=1.65s
  round  24/50: acc=0.9618  f1m=0.9617  uplink_kB=150.2  t=1.67s
  round  25/50: acc=0.9625  f1m=0.9625  uplink_kB=150.2  t=1.55s
  round  26/50: acc=0.9634  f1m=0.9634  uplink_kB=150.2  t=1.65s
  round  27/50: acc=0.9647  f1m=0.9647  uplink_kB=150.2  t=1.60s
  round  28/50: acc=0.9650  f1m=0.9649  uplink_kB=150.2  t=1.62s
  round  29/50: acc=0.9653  f1m=0.9653  uplink_kB=150.2  t=1.61s
  round  30/50: acc=0.9657  f1m=0.9657  uplink_kB=150.2  t=1.65s
  round  31/50: acc=0.9658  f1m=0.9658  uplink_kB=150.2  t=1.64s
  round  32/50: acc=0.9658  f1m=0.9658  uplink_kB=150.2  t=1.60s
  round  33/50: acc=0.9659  f1m=0.9658  uplink_kB=150.2  t=1.69s
  round  34/50: acc=0.9659  f1m=0.9659  uplink_kB=150.2  t=1.67s
  round  35/50: acc=0.9659  f1m=0.9659  uplink_kB=150.2  t=1.71s
  round  36/50: acc=0.9658  f1m=0.9658  uplink_kB=150.2  t=1.61s
  round  37/50: acc=0.9660  f1m=0.9660  uplink_kB=150.2  t=1.64s
  round  38/50: acc=0.9660  f1m=0.9660  uplink_kB=150.2  t=1.60s
  round  39/50: acc=0.9660  f1m=0.9660  uplink_kB=150.2  t=1.65s
  round  40/50: acc=0.9659  f1m=0.9659  uplink_kB=150.2  t=1.65s
  round  41/50: acc=0.9661  f1m=0.9661  uplink_kB=150.2  t=1.70s
  round  42/50: acc=0.9661  f1m=0.9661  uplink_kB=150.2  t=1.68s
  round  43/50: acc=0.9660  f1m=0.9660  uplink_kB=150.2  t=1.65s
  round  44/50: acc=0.9660  f1m=0.9660  uplink_kB=150.2  t=1.63s
  round  45/50: acc=0.9661  f1m=0.9661  uplink_kB=150.2  t=1.61s
  round  46/50: acc=0.9660  f1m=0.9659  uplink_kB=150.2  t=1.65s
  round  47/50: acc=0.9659  f1m=0.9659  uplink_kB=150.2  t=1.54s
  round  48/50: acc=0.9659  f1m=0.9658  uplink_kB=150.2  t=1.58s
  round  49/50: acc=0.9659  f1m=0.9659  uplink_kB=150.2  t=1.62s
  round  50/50: acc=0.9660  f1m=0.9660  uplink_kB=150.2  t=1.55s
[run] DONE -> /Users/agentra/Documents/hao/working/paper-lab/hao-paper-2026/iotj-fedkan-ids/repo/results/lrsweep_botiot/lrsweep_kan8_lr0p001__dir0.1__seed23/metrics.json  final_acc=0.9660
