[run] device=cpu  seed=43  out=/Users/agentra/Documents/hao/working/paper-lab/hao-paper-2026/iotj-fedkan-ids/repo/results/lrsweep_cseciic_mc50k/lrsweep_kan16_lr0p01__dir0.1__seed43
[run] model=kan  params=8,640
  round   1/50: acc=0.1747  f1m=0.0755  uplink_kB=363.3  t=3.74s
  round   2/50: acc=0.4619  f1m=0.2302  uplink_kB=363.3  t=3.07s
  round   3/50: acc=0.5790  f1m=0.3602  uplink_kB=363.3  t=3.16s
  round   4/50: acc=0.5925  f1m=0.3668  uplink_kB=363.3  t=3.12s
  round   5/50: acc=0.6246  f1m=0.4217  uplink_kB=363.3  t=3.23s
  round   6/50: acc=0.6986  f1m=0.4769  uplink_kB=363.3  t=3.04s
  round   7/50: acc=0.7102  f1m=0.4994  uplink_kB=363.3  t=3.71s
  round   8/50: acc=0.7131  f1m=0.5030  uplink_kB=363.3  t=3.16s
  round   9/50: acc=0.7129  f1m=0.5057  uplink_kB=363.3  t=3.12s
  round  10/50: acc=0.7378  f1m=0.5214  uplink_kB=363.3  t=3.10s
  round  11/50: acc=0.7798  f1m=0.6171  uplink_kB=363.3  t=3.22s
  round  12/50: acc=0.7588  f1m=0.5891  uplink_kB=363.3  t=3.14s
  round  13/50: acc=0.8194  f1m=0.6618  uplink_kB=363.3  t=3.28s
  round  14/50: acc=0.8156  f1m=0.6666  uplink_kB=363.3  t=3.15s
  round  15/50: acc=0.7999  f1m=0.6471  uplink_kB=363.3  t=3.23s
  round  16/50: acc=0.8202  f1m=0.6662  uplink_kB=363.3  t=3.17s
  round  17/50: acc=0.8017  f1m=0.6467  uplink_kB=363.3  t=3.30s
  round  18/50: acc=0.8194  f1m=0.6720  uplink_kB=363.3  t=3.20s
  round  19/50: acc=0.8298  f1m=0.6700  uplink_kB=363.3  t=3.23s
  round  20/50: acc=0.8365  f1m=0.6890  uplink_kB=363.3  t=3.25s
  round  21/50: acc=0.8430  f1m=0.6863  uplink_kB=363.3  t=3.27s
  round  22/50: acc=0.8372  f1m=0.6869  uplink_kB=363.3  t=3.12s
  round  23/50: acc=0.8693  f1m=0.7189  uplink_kB=363.3  t=3.19s
  round  24/50: acc=0.8367  f1m=0.6826  uplink_kB=363.3  t=3.19s
  round  25/50: acc=0.8768  f1m=0.7265  uplink_kB=363.3  t=3.27s
  round  26/50: acc=0.8642  f1m=0.7188  uplink_kB=363.3  t=3.22s
  round  27/50: acc=0.8747  f1m=0.7247  uplink_kB=363.3  t=3.22s
  round  28/50: acc=0.8470  f1m=0.6963  uplink_kB=363.3  t=3.13s
  round  29/50: acc=0.8769  f1m=0.7260  uplink_kB=363.3  t=3.22s
  round  30/50: acc=0.8593  f1m=0.7100  uplink_kB=363.3  t=3.14s
  round  31/50: acc=0.8557  f1m=0.7040  uplink_kB=363.3  t=3.23s
  round  32/50: acc=0.8716  f1m=0.7221  uplink_kB=363.3  t=3.21s
  round  33/50: acc=0.8682  f1m=0.7189  uplink_kB=363.3  t=3.22s
  round  34/50: acc=0.8706  f1m=0.7277  uplink_kB=363.3  t=3.15s
  round  35/50: acc=0.8071  f1m=0.6283  uplink_kB=363.3  t=3.17s
  round  36/50: acc=0.8606  f1m=0.7114  uplink_kB=363.3  t=3.15s
  round  37/50: acc=0.8612  f1m=0.7041  uplink_kB=363.3  t=3.23s
  round  38/50: acc=0.8594  f1m=0.7008  uplink_kB=363.3  t=3.14s
  round  39/50: acc=0.8704  f1m=0.7203  uplink_kB=363.3  t=3.20s
  round  40/50: acc=0.8754  f1m=0.7327  uplink_kB=363.3  t=3.11s
  round  41/50: acc=0.8816  f1m=0.7311  uplink_kB=363.3  t=3.18s
  round  42/50: acc=0.8703  f1m=0.7173  uplink_kB=363.3  t=3.15s
  round  43/50: acc=0.8640  f1m=0.7148  uplink_kB=363.3  t=3.13s
  round  44/50: acc=0.8720  f1m=0.7297  uplink_kB=363.3  t=3.15s
  round  45/50: acc=0.8593  f1m=0.6954  uplink_kB=363.3  t=3.25s
  round  46/50: acc=0.8674  f1m=0.7184  uplink_kB=363.3  t=3.13s
  round  47/50: acc=0.8027  f1m=0.6210  uplink_kB=363.3  t=3.22s
  round  48/50: acc=0.8631  f1m=0.6970  uplink_kB=363.3  t=3.11s
  round  49/50: acc=0.8574  f1m=0.7101  uplink_kB=363.3  t=3.02s
  round  50/50: acc=0.8641  f1m=0.7064  uplink_kB=363.3  t=2.41s
[run] DONE -> /Users/agentra/Documents/hao/working/paper-lab/hao-paper-2026/iotj-fedkan-ids/repo/results/lrsweep_cseciic_mc50k/lrsweep_kan16_lr0p01__dir0.1__seed43/metrics.json  final_acc=0.8641
