[run] device=cpu  seed=43  out=/Users/agentra/Documents/hao/working/paper-lab/hao-paper-2026/iotj-fedkan-ids/repo/results/lrsweep_toniot/lrsweep_mlp32_lr0p001__dir0.1__seed43
[run] model=mlp  params=1,346
  round   1/50: acc=0.4332  f1m=0.4326  uplink_kB=52.6  t=1.09s
  round   2/50: acc=0.5968  f1m=0.5719  uplink_kB=52.6  t=0.64s
  round   3/50: acc=0.6302  f1m=0.6163  uplink_kB=52.6  t=0.66s
  round   4/50: acc=0.6330  f1m=0.6263  uplink_kB=52.6  t=0.59s
  round   5/50: acc=0.6507  f1m=0.6487  uplink_kB=52.6  t=0.65s
  round   6/50: acc=0.6802  f1m=0.6802  uplink_kB=52.6  t=0.62s
  round   7/50: acc=0.6829  f1m=0.6828  uplink_kB=52.6  t=0.65s
  round   8/50: acc=0.6842  f1m=0.6840  uplink_kB=52.6  t=0.65s
  round   9/50: acc=0.6440  f1m=0.6369  uplink_kB=52.6  t=0.66s
  round  10/50: acc=0.6423  f1m=0.6349  uplink_kB=52.6  t=0.66s
  round  11/50: acc=0.6411  f1m=0.6332  uplink_kB=52.6  t=0.60s
  round  12/50: acc=0.6412  f1m=0.6334  uplink_kB=52.6  t=0.66s
  round  13/50: acc=0.6415  f1m=0.6335  uplink_kB=52.6  t=0.64s
  round  14/50: acc=0.6416  f1m=0.6336  uplink_kB=52.6  t=0.65s
  round  15/50: acc=0.6419  f1m=0.6338  uplink_kB=52.6  t=0.66s
  round  16/50: acc=0.6419  f1m=0.6338  uplink_kB=52.6  t=0.65s
  round  17/50: acc=0.6419  f1m=0.6338  uplink_kB=52.6  t=0.62s
  round  18/50: acc=0.6410  f1m=0.6328  uplink_kB=52.6  t=0.65s
  round  19/50: acc=0.6397  f1m=0.6314  uplink_kB=52.6  t=0.66s
  round  20/50: acc=0.6399  f1m=0.6317  uplink_kB=52.6  t=0.63s
  round  21/50: acc=0.6408  f1m=0.6327  uplink_kB=52.6  t=0.63s
  round  22/50: acc=0.6404  f1m=0.6322  uplink_kB=52.6  t=0.67s
  round  23/50: acc=0.6403  f1m=0.6321  uplink_kB=52.6  t=0.63s
  round  24/50: acc=0.6402  f1m=0.6320  uplink_kB=52.6  t=0.61s
  round  25/50: acc=0.6439  f1m=0.6362  uplink_kB=52.6  t=0.64s
  round  26/50: acc=0.6447  f1m=0.6371  uplink_kB=52.6  t=0.66s
  round  27/50: acc=0.6510  f1m=0.6442  uplink_kB=52.6  t=0.65s
  round  28/50: acc=0.6522  f1m=0.6455  uplink_kB=52.6  t=0.65s
  round  29/50: acc=0.6535  f1m=0.6471  uplink_kB=52.6  t=0.63s
  round  30/50: acc=0.6553  f1m=0.6490  uplink_kB=52.6  t=0.67s
  round  31/50: acc=0.6570  f1m=0.6510  uplink_kB=52.6  t=0.61s
  round  32/50: acc=0.6594  f1m=0.6536  uplink_kB=52.6  t=0.64s
  round  33/50: acc=0.6609  f1m=0.6554  uplink_kB=52.6  t=0.63s
  round  34/50: acc=0.6613  f1m=0.6558  uplink_kB=52.6  t=0.65s
  round  35/50: acc=0.6611  f1m=0.6555  uplink_kB=52.6  t=0.64s
  round  36/50: acc=0.6622  f1m=0.6568  uplink_kB=52.6  t=0.61s
  round  37/50: acc=0.6629  f1m=0.6576  uplink_kB=52.6  t=0.64s
  round  38/50: acc=0.6630  f1m=0.6578  uplink_kB=52.6  t=0.59s
  round  39/50: acc=0.6625  f1m=0.6572  uplink_kB=52.6  t=0.63s
  round  40/50: acc=0.6627  f1m=0.6575  uplink_kB=52.6  t=0.65s
  round  41/50: acc=0.6627  f1m=0.6574  uplink_kB=52.6  t=0.63s
  round  42/50: acc=0.6632  f1m=0.6580  uplink_kB=52.6  t=0.63s
  round  43/50: acc=0.6624  f1m=0.6571  uplink_kB=52.6  t=0.63s
  round  44/50: acc=0.6627  f1m=0.6574  uplink_kB=52.6  t=0.65s
  round  45/50: acc=0.6652  f1m=0.6602  uplink_kB=52.6  t=0.65s
  round  46/50: acc=0.6646  f1m=0.6595  uplink_kB=52.6  t=0.59s
  round  47/50: acc=0.6650  f1m=0.6599  uplink_kB=52.6  t=0.65s
  round  48/50: acc=0.6657  f1m=0.6607  uplink_kB=52.6  t=0.62s
  round  49/50: acc=0.6656  f1m=0.6607  uplink_kB=52.6  t=0.65s
  round  50/50: acc=0.6653  f1m=0.6602  uplink_kB=52.6  t=0.66s
[run] DONE -> /Users/agentra/Documents/hao/working/paper-lab/hao-paper-2026/iotj-fedkan-ids/repo/results/lrsweep_toniot/lrsweep_mlp32_lr0p001__dir0.1__seed43/metrics.json  final_acc=0.6653
