[run] device=cpu  seed=106  out=/Users/agentra/Documents/hao/working/paper-lab/hao-paper-2026/iotj-fedkan-ids/repo/results/lrsweep_toniot/lrsweep_mlp80_lr0p01__dir0.1__seed106
[run] model=mlp  params=3,362
  round   1/50: acc=0.5000  f1m=0.3333  uplink_kB=131.3  t=1.38s
  round   2/50: acc=0.5000  f1m=0.3333  uplink_kB=131.3  t=0.80s
  round   3/50: acc=0.4999  f1m=0.3333  uplink_kB=131.3  t=0.83s
  round   4/50: acc=0.5003  f1m=0.3344  uplink_kB=131.3  t=0.85s
  round   5/50: acc=0.5118  f1m=0.3598  uplink_kB=131.3  t=0.85s
  round   6/50: acc=0.5147  f1m=0.3667  uplink_kB=131.3  t=0.74s
  round   7/50: acc=0.5182  f1m=0.3745  uplink_kB=131.3  t=0.86s
  round   8/50: acc=0.5374  f1m=0.4158  uplink_kB=131.3  t=0.80s
  round   9/50: acc=0.5621  f1m=0.4628  uplink_kB=131.3  t=0.83s
  round  10/50: acc=0.5614  f1m=0.4620  uplink_kB=131.3  t=0.84s
  round  11/50: acc=0.5805  f1m=0.4968  uplink_kB=131.3  t=0.81s
  round  12/50: acc=0.5872  f1m=0.5081  uplink_kB=131.3  t=0.75s
  round  13/50: acc=0.5885  f1m=0.5102  uplink_kB=131.3  t=0.84s
  round  14/50: acc=0.6018  f1m=0.5352  uplink_kB=131.3  t=0.80s
  round  15/50: acc=0.6133  f1m=0.5564  uplink_kB=131.3  t=0.84s
  round  16/50: acc=0.6258  f1m=0.5771  uplink_kB=131.3  t=0.81s
  round  17/50: acc=0.6576  f1m=0.6241  uplink_kB=131.3  t=0.80s
  round  18/50: acc=0.6238  f1m=0.5707  uplink_kB=131.3  t=0.80s
  round  19/50: acc=0.6766  f1m=0.6515  uplink_kB=131.3  t=0.81s
  round  20/50: acc=0.6718  f1m=0.6447  uplink_kB=131.3  t=0.77s
  round  21/50: acc=0.6854  f1m=0.6669  uplink_kB=131.3  t=0.84s
  round  22/50: acc=0.6779  f1m=0.6529  uplink_kB=131.3  t=0.81s
  round  23/50: acc=0.6865  f1m=0.6666  uplink_kB=131.3  t=0.80s
  round  24/50: acc=0.6858  f1m=0.6651  uplink_kB=131.3  t=0.78s
  round  25/50: acc=0.6924  f1m=0.6794  uplink_kB=131.3  t=0.84s
  round  26/50: acc=0.6978  f1m=0.6868  uplink_kB=131.3  t=0.83s
  round  27/50: acc=0.7159  f1m=0.7082  uplink_kB=131.3  t=0.78s
  round  28/50: acc=0.7023  f1m=0.6917  uplink_kB=131.3  t=0.84s
  round  29/50: acc=0.7089  f1m=0.6976  uplink_kB=131.3  t=0.86s
  round  30/50: acc=0.7095  f1m=0.6980  uplink_kB=131.3  t=0.82s
  round  31/50: acc=0.6751  f1m=0.6472  uplink_kB=131.3  t=0.82s
  round  32/50: acc=0.7136  f1m=0.7050  uplink_kB=131.3  t=0.87s
  round  33/50: acc=0.7089  f1m=0.6956  uplink_kB=131.3  t=0.76s
  round  34/50: acc=0.7011  f1m=0.6854  uplink_kB=131.3  t=0.81s
  round  35/50: acc=0.7142  f1m=0.7058  uplink_kB=131.3  t=0.80s
  round  36/50: acc=0.7158  f1m=0.7078  uplink_kB=131.3  t=0.80s
  round  37/50: acc=0.6972  f1m=0.6793  uplink_kB=131.3  t=0.81s
  round  38/50: acc=0.7135  f1m=0.7019  uplink_kB=131.3  t=0.82s
  round  39/50: acc=0.7113  f1m=0.6988  uplink_kB=131.3  t=0.78s
  round  40/50: acc=0.7210  f1m=0.7141  uplink_kB=131.3  t=0.85s
  round  41/50: acc=0.7209  f1m=0.7141  uplink_kB=131.3  t=0.82s
  round  42/50: acc=0.7241  f1m=0.7184  uplink_kB=131.3  t=0.84s
  round  43/50: acc=0.7241  f1m=0.7185  uplink_kB=131.3  t=0.81s
  round  44/50: acc=0.7219  f1m=0.7152  uplink_kB=131.3  t=0.84s
  round  45/50: acc=0.7175  f1m=0.7086  uplink_kB=131.3  t=0.82s
  round  46/50: acc=0.7221  f1m=0.7156  uplink_kB=131.3  t=0.78s
  round  47/50: acc=0.7257  f1m=0.7203  uplink_kB=131.3  t=0.80s
  round  48/50: acc=0.7259  f1m=0.7205  uplink_kB=131.3  t=0.84s
  round  49/50: acc=0.7232  f1m=0.7165  uplink_kB=131.3  t=0.84s
  round  50/50: acc=0.7183  f1m=0.7092  uplink_kB=131.3  t=0.87s
[run] DONE -> /Users/agentra/Documents/hao/working/paper-lab/hao-paper-2026/iotj-fedkan-ids/repo/results/lrsweep_toniot/lrsweep_mlp80_lr0p01__dir0.1__seed106/metrics.json  final_acc=0.7183
