[run] device=cpu  seed=37  out=/Users/agentra/Documents/hao/working/paper-lab/hao-paper-2026/iotj-fedkan-ids/repo/results/sensitivity_botiot/sens_G5__dir0.1__seed37
[run] model=kan  params=3,280
  round   1/50: acc=0.6829  f1m=0.6471  uplink_kB=150.2  t=2.76s
  round   2/50: acc=0.8455  f1m=0.8418  uplink_kB=150.2  t=1.98s
  round   3/50: acc=0.8616  f1m=0.8589  uplink_kB=150.2  t=1.70s
  round   4/50: acc=0.8645  f1m=0.8620  uplink_kB=150.2  t=1.69s
  round   5/50: acc=0.8992  f1m=0.8982  uplink_kB=150.2  t=1.54s
  round   6/50: acc=0.9595  f1m=0.9595  uplink_kB=150.2  t=1.87s
  round   7/50: acc=0.9596  f1m=0.9596  uplink_kB=150.2  t=1.72s
  round   8/50: acc=0.9215  f1m=0.9211  uplink_kB=150.2  t=1.58s
  round   9/50: acc=0.9707  f1m=0.9707  uplink_kB=150.2  t=1.68s
  round  10/50: acc=0.9711  f1m=0.9711  uplink_kB=150.2  t=1.81s
  round  11/50: acc=0.9924  f1m=0.9924  uplink_kB=150.2  t=1.78s
  round  12/50: acc=0.9715  f1m=0.9715  uplink_kB=150.2  t=1.72s
  round  13/50: acc=0.9740  f1m=0.9740  uplink_kB=150.2  t=1.72s
  round  14/50: acc=0.9358  f1m=0.9356  uplink_kB=150.2  t=1.65s
  round  15/50: acc=0.9359  f1m=0.9356  uplink_kB=150.2  t=1.70s
  round  16/50: acc=0.9367  f1m=0.9364  uplink_kB=150.2  t=1.65s
  round  17/50: acc=0.9364  f1m=0.9361  uplink_kB=150.2  t=1.72s
  round  18/50: acc=0.9358  f1m=0.9355  uplink_kB=150.2  t=1.64s
  round  19/50: acc=0.9362  f1m=0.9359  uplink_kB=150.2  t=1.63s
  round  20/50: acc=0.9357  f1m=0.9354  uplink_kB=150.2  t=1.60s
  round  21/50: acc=0.9357  f1m=0.9354  uplink_kB=150.2  t=1.66s
  round  22/50: acc=0.9248  f1m=0.9244  uplink_kB=150.2  t=1.66s
  round  23/50: acc=0.9358  f1m=0.9356  uplink_kB=150.2  t=1.66s
  round  24/50: acc=0.9248  f1m=0.9243  uplink_kB=150.2  t=1.75s
  round  25/50: acc=0.9369  f1m=0.9366  uplink_kB=150.2  t=1.64s
  round  26/50: acc=0.9293  f1m=0.9289  uplink_kB=150.2  t=1.56s
  round  27/50: acc=0.9353  f1m=0.9350  uplink_kB=150.2  t=1.65s
  round  28/50: acc=0.9357  f1m=0.9354  uplink_kB=150.2  t=1.65s
  round  29/50: acc=0.9362  f1m=0.9360  uplink_kB=150.2  t=1.65s
  round  30/50: acc=0.9364  f1m=0.9362  uplink_kB=150.2  t=1.65s
  round  31/50: acc=0.9304  f1m=0.9301  uplink_kB=150.2  t=1.66s
  round  32/50: acc=0.9357  f1m=0.9355  uplink_kB=150.2  t=1.67s
  round  33/50: acc=0.9344  f1m=0.9342  uplink_kB=150.2  t=1.62s
  round  34/50: acc=0.9254  f1m=0.9250  uplink_kB=150.2  t=1.59s
  round  35/50: acc=0.9357  f1m=0.9354  uplink_kB=150.2  t=1.63s
  round  36/50: acc=0.9341  f1m=0.9338  uplink_kB=150.2  t=1.64s
  round  37/50: acc=0.9364  f1m=0.9361  uplink_kB=150.2  t=1.64s
  round  38/50: acc=0.9293  f1m=0.9289  uplink_kB=150.2  t=1.66s
  round  39/50: acc=0.9184  f1m=0.9178  uplink_kB=150.2  t=1.70s
  round  40/50: acc=0.9283  f1m=0.9279  uplink_kB=150.2  t=1.60s
  round  41/50: acc=0.9287  f1m=0.9283  uplink_kB=150.2  t=1.62s
  round  42/50: acc=0.9182  f1m=0.9176  uplink_kB=150.2  t=1.68s
  round  43/50: acc=0.9365  f1m=0.9362  uplink_kB=150.2  t=1.66s
  round  44/50: acc=0.9185  f1m=0.9180  uplink_kB=150.2  t=1.68s
  round  45/50: acc=0.9905  f1m=0.9905  uplink_kB=150.2  t=1.63s
  round  46/50: acc=0.9367  f1m=0.9365  uplink_kB=150.2  t=1.57s
  round  47/50: acc=0.9184  f1m=0.9178  uplink_kB=150.2  t=1.69s
  round  48/50: acc=0.9364  f1m=0.9361  uplink_kB=150.2  t=1.69s
  round  49/50: acc=0.9153  f1m=0.9146  uplink_kB=150.2  t=1.73s
  round  50/50: acc=0.9968  f1m=0.9968  uplink_kB=150.2  t=1.63s
[run] DONE -> /Users/agentra/Documents/hao/working/paper-lab/hao-paper-2026/iotj-fedkan-ids/repo/results/sensitivity_botiot/sens_G5__dir0.1__seed37/metrics.json  final_acc=0.9968
