[run] device=cpu  seed=11  out=/Users/agentra/Documents/hao/working/paper-lab/hao-paper-2026/iotj-fedkan-ids/repo/results/lrsweep_cseciic_mc/lrsweep_kan8_lr0p003__dir0.1__seed11
[run] model=kan  params=4,320
  round   1/50: acc=0.1545  f1m=0.0178  uplink_kB=190.8  t=6.18s
  round   2/50: acc=0.3756  f1m=0.1289  uplink_kB=190.8  t=6.53s
  round   3/50: acc=0.4103  f1m=0.1512  uplink_kB=190.8  t=6.34s
  round   4/50: acc=0.4734  f1m=0.1675  uplink_kB=190.8  t=5.47s
  round   5/50: acc=0.5282  f1m=0.2404  uplink_kB=190.8  t=5.45s
  round   6/50: acc=0.6372  f1m=0.3024  uplink_kB=190.8  t=5.54s
  round   7/50: acc=0.6616  f1m=0.3171  uplink_kB=190.8  t=5.43s
  round   8/50: acc=0.6917  f1m=0.3357  uplink_kB=190.8  t=5.76s
  round   9/50: acc=0.7299  f1m=0.3551  uplink_kB=190.8  t=5.42s
  round  10/50: acc=0.7922  f1m=0.3958  uplink_kB=190.8  t=5.56s
  round  11/50: acc=0.7924  f1m=0.3960  uplink_kB=190.8  t=5.59s
  round  12/50: acc=0.7955  f1m=0.4057  uplink_kB=190.8  t=5.59s
  round  13/50: acc=0.8034  f1m=0.4589  uplink_kB=190.8  t=5.52s
  round  14/50: acc=0.8073  f1m=0.4748  uplink_kB=190.8  t=5.43s
  round  15/50: acc=0.8100  f1m=0.4827  uplink_kB=190.8  t=5.52s
  round  16/50: acc=0.8162  f1m=0.4976  uplink_kB=190.8  t=5.83s
  round  17/50: acc=0.8195  f1m=0.5069  uplink_kB=190.8  t=5.65s
  round  18/50: acc=0.8457  f1m=0.5661  uplink_kB=190.8  t=5.46s
  round  19/50: acc=0.8504  f1m=0.5751  uplink_kB=190.8  t=5.49s
  round  20/50: acc=0.8520  f1m=0.5780  uplink_kB=190.8  t=5.53s
  round  21/50: acc=0.8543  f1m=0.5809  uplink_kB=190.8  t=5.46s
  round  22/50: acc=0.8569  f1m=0.5845  uplink_kB=190.8  t=5.51s
  round  23/50: acc=0.8580  f1m=0.6338  uplink_kB=190.8  t=5.58s
  round  24/50: acc=0.8605  f1m=0.6570  uplink_kB=190.8  t=5.65s
  round  25/50: acc=0.8599  f1m=0.6560  uplink_kB=190.8  t=5.51s
  round  26/50: acc=0.8628  f1m=0.6608  uplink_kB=190.8  t=5.54s
  round  27/50: acc=0.8591  f1m=0.6552  uplink_kB=190.8  t=5.46s
  round  28/50: acc=0.8622  f1m=0.6606  uplink_kB=190.8  t=5.57s
  round  29/50: acc=0.8599  f1m=0.6564  uplink_kB=190.8  t=5.49s
  round  30/50: acc=0.8645  f1m=0.6635  uplink_kB=190.8  t=5.53s
  round  31/50: acc=0.8681  f1m=0.6687  uplink_kB=190.8  t=5.62s
  round  32/50: acc=0.8680  f1m=0.6696  uplink_kB=190.8  t=5.47s
  round  33/50: acc=0.8684  f1m=0.6693  uplink_kB=190.8  t=5.49s
  round  34/50: acc=0.8687  f1m=0.6706  uplink_kB=190.8  t=5.46s
  round  35/50: acc=0.8670  f1m=0.6674  uplink_kB=190.8  t=5.58s
  round  36/50: acc=0.8681  f1m=0.6691  uplink_kB=190.8  t=5.60s
  round  37/50: acc=0.8671  f1m=0.6678  uplink_kB=190.8  t=5.59s
  round  38/50: acc=0.8687  f1m=0.6700  uplink_kB=190.8  t=5.63s
  round  39/50: acc=0.8702  f1m=0.6708  uplink_kB=190.8  t=5.49s
  round  40/50: acc=0.8682  f1m=0.6673  uplink_kB=190.8  t=5.46s
  round  41/50: acc=0.8692  f1m=0.6688  uplink_kB=190.8  t=5.57s
  round  42/50: acc=0.8694  f1m=0.6688  uplink_kB=190.8  t=5.43s
  round  43/50: acc=0.8695  f1m=0.6694  uplink_kB=190.8  t=5.53s
  round  44/50: acc=0.8697  f1m=0.6692  uplink_kB=190.8  t=5.34s
  round  45/50: acc=0.8700  f1m=0.6700  uplink_kB=190.8  t=5.41s
  round  46/50: acc=0.8703  f1m=0.6711  uplink_kB=190.8  t=5.43s
  round  47/50: acc=0.8711  f1m=0.6719  uplink_kB=190.8  t=5.43s
  round  48/50: acc=0.8713  f1m=0.6735  uplink_kB=190.8  t=5.55s
  round  49/50: acc=0.8689  f1m=0.6676  uplink_kB=190.8  t=5.51s
  round  50/50: acc=0.8709  f1m=0.6725  uplink_kB=190.8  t=5.44s
[run] DONE -> /Users/agentra/Documents/hao/working/paper-lab/hao-paper-2026/iotj-fedkan-ids/repo/results/lrsweep_cseciic_mc/lrsweep_kan8_lr0p003__dir0.1__seed11/metrics.json  final_acc=0.8709
