[run] device=cpu  seed=2024  out=/Users/agentra/Documents/hao/working/paper-lab/hao-paper-2026/iotj-fedkan-ids/repo/results/lrsweep_toniot/lrsweep_mlp32_lr0p03__dir0.1__seed2024
[run] model=mlp  params=1,346
  round   1/50: acc=0.8329  f1m=0.8296  uplink_kB=52.6  t=1.14s
  round   2/50: acc=0.5299  f1m=0.4116  uplink_kB=52.6  t=0.64s
  round   3/50: acc=0.5439  f1m=0.4392  uplink_kB=52.6  t=0.63s
  round   4/50: acc=0.5421  f1m=0.4247  uplink_kB=52.6  t=0.61s
  round   5/50: acc=0.7770  f1m=0.7663  uplink_kB=52.6  t=0.63s
  round   6/50: acc=0.5627  f1m=0.4653  uplink_kB=52.6  t=0.62s
  round   7/50: acc=0.5683  f1m=0.4760  uplink_kB=52.6  t=0.66s
  round   8/50: acc=0.7869  f1m=0.7781  uplink_kB=52.6  t=0.62s
  round   9/50: acc=0.5674  f1m=0.4741  uplink_kB=52.6  t=0.65s
  round  10/50: acc=0.5740  f1m=0.4860  uplink_kB=52.6  t=0.63s
  round  11/50: acc=0.5798  f1m=0.4962  uplink_kB=52.6  t=0.65s
  round  12/50: acc=0.5701  f1m=0.4780  uplink_kB=52.6  t=0.61s
  round  13/50: acc=0.7947  f1m=0.7867  uplink_kB=52.6  t=0.67s
  round  14/50: acc=0.7934  f1m=0.7852  uplink_kB=52.6  t=0.64s
  round  15/50: acc=0.7926  f1m=0.7842  uplink_kB=52.6  t=0.65s
  round  16/50: acc=0.7943  f1m=0.7861  uplink_kB=52.6  t=0.66s
  round  17/50: acc=0.7958  f1m=0.7880  uplink_kB=52.6  t=0.68s
  round  18/50: acc=0.7966  f1m=0.7889  uplink_kB=52.6  t=0.64s
  round  19/50: acc=0.8003  f1m=0.7930  uplink_kB=52.6  t=0.66s
  round  20/50: acc=0.7974  f1m=0.7898  uplink_kB=52.6  t=0.60s
  round  21/50: acc=0.7983  f1m=0.7907  uplink_kB=52.6  t=0.64s
  round  22/50: acc=0.7989  f1m=0.7914  uplink_kB=52.6  t=0.65s
  round  23/50: acc=0.7961  f1m=0.7882  uplink_kB=52.6  t=0.63s
  round  24/50: acc=0.7946  f1m=0.7863  uplink_kB=52.6  t=0.66s
  round  25/50: acc=0.7952  f1m=0.7871  uplink_kB=52.6  t=0.61s
  round  26/50: acc=0.8053  f1m=0.7985  uplink_kB=52.6  t=0.66s
  round  27/50: acc=0.7992  f1m=0.7918  uplink_kB=52.6  t=0.65s
  round  28/50: acc=0.8758  f1m=0.8743  uplink_kB=52.6  t=0.63s
  round  29/50: acc=0.8001  f1m=0.7926  uplink_kB=52.6  t=0.64s
  round  30/50: acc=0.8007  f1m=0.7933  uplink_kB=52.6  t=0.66s
  round  31/50: acc=0.8726  f1m=0.8709  uplink_kB=52.6  t=0.65s
  round  32/50: acc=0.8724  f1m=0.8707  uplink_kB=52.6  t=0.61s
  round  33/50: acc=0.7980  f1m=0.7903  uplink_kB=52.6  t=0.69s
  round  34/50: acc=0.8035  f1m=0.7964  uplink_kB=52.6  t=0.65s
  round  35/50: acc=0.8716  f1m=0.8699  uplink_kB=52.6  t=0.65s
  round  36/50: acc=0.8014  f1m=0.7941  uplink_kB=52.6  t=0.66s
  round  37/50: acc=0.8052  f1m=0.7984  uplink_kB=52.6  t=0.65s
  round  38/50: acc=0.8739  f1m=0.8722  uplink_kB=52.6  t=0.63s
  round  39/50: acc=0.8067  f1m=0.8000  uplink_kB=52.6  t=0.60s
  round  40/50: acc=0.8770  f1m=0.8755  uplink_kB=52.6  t=0.64s
  round  41/50: acc=0.8760  f1m=0.8743  uplink_kB=52.6  t=0.61s
  round  42/50: acc=0.8736  f1m=0.8719  uplink_kB=52.6  t=0.62s
  round  43/50: acc=0.8718  f1m=0.8700  uplink_kB=52.6  t=0.68s
  round  44/50: acc=0.8810  f1m=0.8796  uplink_kB=52.6  t=0.66s
  round  45/50: acc=0.8848  f1m=0.8835  uplink_kB=52.6  t=0.65s
  round  46/50: acc=0.8783  f1m=0.8768  uplink_kB=52.6  t=0.61s
  round  47/50: acc=0.8075  f1m=0.8007  uplink_kB=52.6  t=0.65s
  round  48/50: acc=0.8763  f1m=0.8747  uplink_kB=52.6  t=0.66s
  round  49/50: acc=0.8784  f1m=0.8768  uplink_kB=52.6  t=0.66s
  round  50/50: acc=0.8764  f1m=0.8747  uplink_kB=52.6  t=0.66s
[run] DONE -> /Users/agentra/Documents/hao/working/paper-lab/hao-paper-2026/iotj-fedkan-ids/repo/results/lrsweep_toniot/lrsweep_mlp32_lr0p03__dir0.1__seed2024/metrics.json  final_acc=0.8764
