[run] device=cpu  seed=31  out=/Users/agentra/Documents/hao/working/paper-lab/hao-paper-2026/iotj-fedkan-ids/repo/results/lrsweep_cseciic/lrsweep_kan8_lr0p003__dir0.1__seed31
[run] model=kan  params=3,280
  round   1/50: acc=0.7287  f1m=0.7123  uplink_kB=150.2  t=2.05s
  round   2/50: acc=0.7632  f1m=0.7532  uplink_kB=150.2  t=1.56s
  round   3/50: acc=0.7863  f1m=0.7801  uplink_kB=150.2  t=1.65s
  round   4/50: acc=0.8272  f1m=0.8245  uplink_kB=150.2  t=1.63s
  round   5/50: acc=0.8444  f1m=0.8426  uplink_kB=150.2  t=1.60s
  round   6/50: acc=0.8587  f1m=0.8575  uplink_kB=150.2  t=1.56s
  round   7/50: acc=0.8763  f1m=0.8756  uplink_kB=150.2  t=1.60s
  round   8/50: acc=0.8897  f1m=0.8893  uplink_kB=150.2  t=1.62s
  round   9/50: acc=0.9057  f1m=0.9054  uplink_kB=150.2  t=1.60s
  round  10/50: acc=0.9157  f1m=0.9155  uplink_kB=150.2  t=1.65s
  round  11/50: acc=0.9219  f1m=0.9218  uplink_kB=150.2  t=1.62s
  round  12/50: acc=0.9329  f1m=0.9329  uplink_kB=150.2  t=1.62s
  round  13/50: acc=0.9414  f1m=0.9414  uplink_kB=150.2  t=1.61s
  round  14/50: acc=0.9473  f1m=0.9473  uplink_kB=150.2  t=1.57s
  round  15/50: acc=0.9368  f1m=0.9368  uplink_kB=150.2  t=1.62s
  round  16/50: acc=0.9233  f1m=0.9232  uplink_kB=150.2  t=1.61s
  round  17/50: acc=0.9225  f1m=0.9224  uplink_kB=150.2  t=1.61s
  round  18/50: acc=0.9355  f1m=0.9355  uplink_kB=150.2  t=1.60s
  round  19/50: acc=0.9102  f1m=0.9099  uplink_kB=150.2  t=1.57s
  round  20/50: acc=0.9515  f1m=0.9515  uplink_kB=150.2  t=1.59s
  round  21/50: acc=0.9255  f1m=0.9254  uplink_kB=150.2  t=1.56s
  round  22/50: acc=0.9529  f1m=0.9529  uplink_kB=150.2  t=1.61s
  round  23/50: acc=0.9506  f1m=0.9506  uplink_kB=150.2  t=1.60s
  round  24/50: acc=0.9553  f1m=0.9553  uplink_kB=150.2  t=1.63s
  round  25/50: acc=0.9578  f1m=0.9578  uplink_kB=150.2  t=1.61s
  round  26/50: acc=0.9563  f1m=0.9563  uplink_kB=150.2  t=1.60s
  round  27/50: acc=0.9571  f1m=0.9571  uplink_kB=150.2  t=1.62s
  round  28/50: acc=0.9570  f1m=0.9570  uplink_kB=150.2  t=1.63s
  round  29/50: acc=0.9585  f1m=0.9585  uplink_kB=150.2  t=1.53s
  round  30/50: acc=0.9605  f1m=0.9605  uplink_kB=150.2  t=1.63s
  round  31/50: acc=0.9582  f1m=0.9582  uplink_kB=150.2  t=1.59s
  round  32/50: acc=0.9576  f1m=0.9576  uplink_kB=150.2  t=1.61s
  round  33/50: acc=0.9569  f1m=0.9569  uplink_kB=150.2  t=1.58s
  round  34/50: acc=0.9614  f1m=0.9614  uplink_kB=150.2  t=1.59s
  round  35/50: acc=0.9635  f1m=0.9635  uplink_kB=150.2  t=1.62s
  round  36/50: acc=0.9628  f1m=0.9628  uplink_kB=150.2  t=1.64s
  round  37/50: acc=0.9658  f1m=0.9658  uplink_kB=150.2  t=1.57s
  round  38/50: acc=0.9653  f1m=0.9652  uplink_kB=150.2  t=1.62s
  round  39/50: acc=0.9670  f1m=0.9670  uplink_kB=150.2  t=1.61s
  round  40/50: acc=0.9694  f1m=0.9694  uplink_kB=150.2  t=1.62s
  round  41/50: acc=0.9723  f1m=0.9723  uplink_kB=150.2  t=1.60s
  round  42/50: acc=0.9694  f1m=0.9694  uplink_kB=150.2  t=1.64s
  round  43/50: acc=0.9700  f1m=0.9700  uplink_kB=150.2  t=1.60s
  round  44/50: acc=0.9662  f1m=0.9662  uplink_kB=150.2  t=1.61s
  round  45/50: acc=0.9692  f1m=0.9692  uplink_kB=150.2  t=1.55s
  round  46/50: acc=0.9689  f1m=0.9689  uplink_kB=150.2  t=1.59s
  round  47/50: acc=0.9689  f1m=0.9689  uplink_kB=150.2  t=1.64s
  round  48/50: acc=0.9720  f1m=0.9720  uplink_kB=150.2  t=1.64s
  round  49/50: acc=0.9703  f1m=0.9703  uplink_kB=150.2  t=1.59s
  round  50/50: acc=0.9718  f1m=0.9717  uplink_kB=150.2  t=1.61s
[run] DONE -> /Users/agentra/Documents/hao/working/paper-lab/hao-paper-2026/iotj-fedkan-ids/repo/results/lrsweep_cseciic/lrsweep_kan8_lr0p003__dir0.1__seed31/metrics.json  final_acc=0.9718
