[run] device=cpu  seed=23  out=/Users/agentra/Documents/hao/working/paper-lab/hao-paper-2026/iotj-fedkan-ids/repo/results/lrext_cseciic_mc50k/lrext_kan8_lr0p3__dir0.1__seed23
[run] model=kan  params=4,320
  round   1/50: acc=0.0332  f1m=0.0225  uplink_kB=190.8  t=3.85s
  round   2/50: acc=0.0344  f1m=0.0044  uplink_kB=190.8  t=3.37s
  round   3/50: acc=0.0600  f1m=0.0140  uplink_kB=190.8  t=3.48s
  round   4/50: acc=0.0604  f1m=0.0141  uplink_kB=190.8  t=3.70s
  round   5/50: acc=0.0608  f1m=0.0142  uplink_kB=190.8  t=3.64s
  round   6/50: acc=0.0611  f1m=0.0142  uplink_kB=190.8  t=3.62s
  round   7/50: acc=0.0615  f1m=0.0143  uplink_kB=190.8  t=3.65s
  round   8/50: acc=0.0618  f1m=0.0144  uplink_kB=190.8  t=3.42s
  round   9/50: acc=0.0620  f1m=0.0144  uplink_kB=190.8  t=3.44s
  round  10/50: acc=0.0623  f1m=0.0145  uplink_kB=190.8  t=3.32s
  round  11/50: acc=0.0625  f1m=0.0146  uplink_kB=190.8  t=3.45s
  round  12/50: acc=0.0629  f1m=0.0146  uplink_kB=190.8  t=3.34s
  round  13/50: acc=0.0631  f1m=0.0147  uplink_kB=190.8  t=3.54s
  round  14/50: acc=0.0633  f1m=0.0147  uplink_kB=190.8  t=3.33s
  round  15/50: acc=0.0636  f1m=0.0148  uplink_kB=190.8  t=3.45s
  round  16/50: acc=0.0639  f1m=0.0149  uplink_kB=190.8  t=3.41s
  round  17/50: acc=0.0641  f1m=0.0149  uplink_kB=190.8  t=3.42s
  round  18/50: acc=0.0644  f1m=0.0150  uplink_kB=190.8  t=3.33s
  round  19/50: acc=0.0647  f1m=0.0151  uplink_kB=190.8  t=3.40s
  round  20/50: acc=0.0650  f1m=0.0153  uplink_kB=190.8  t=3.43s
  round  21/50: acc=0.0654  f1m=0.0153  uplink_kB=190.8  t=3.49s
  round  22/50: acc=0.0656  f1m=0.0154  uplink_kB=190.8  t=3.36s
  round  23/50: acc=0.0659  f1m=0.0155  uplink_kB=190.8  t=3.41s
  round  24/50: acc=0.0661  f1m=0.0156  uplink_kB=190.8  t=3.36s
  round  25/50: acc=0.0664  f1m=0.0156  uplink_kB=190.8  t=3.67s
  round  26/50: acc=0.0667  f1m=0.0157  uplink_kB=190.8  t=3.47s
  round  27/50: acc=0.0670  f1m=0.0158  uplink_kB=190.8  t=3.51s
  round  28/50: acc=0.0672  f1m=0.0158  uplink_kB=190.8  t=3.42s
  round  29/50: acc=0.0675  f1m=0.0159  uplink_kB=190.8  t=3.44s
  round  30/50: acc=0.0680  f1m=0.0160  uplink_kB=190.8  t=3.32s
  round  31/50: acc=0.0682  f1m=0.0161  uplink_kB=190.8  t=3.55s
  round  32/50: acc=0.0684  f1m=0.0162  uplink_kB=190.8  t=3.47s
  round  33/50: acc=0.0686  f1m=0.0162  uplink_kB=190.8  t=3.56s
  round  34/50: acc=0.0691  f1m=0.0163  uplink_kB=190.8  t=3.36s
  round  35/50: acc=0.0695  f1m=0.0164  uplink_kB=190.8  t=3.48s
  round  36/50: acc=0.0698  f1m=0.0165  uplink_kB=190.8  t=3.44s
  round  37/50: acc=0.0701  f1m=0.0166  uplink_kB=190.8  t=3.46s
  round  38/50: acc=0.0705  f1m=0.0166  uplink_kB=190.8  t=3.30s
  round  39/50: acc=0.0709  f1m=0.0167  uplink_kB=190.8  t=3.36s
  round  40/50: acc=0.0712  f1m=0.0168  uplink_kB=190.8  t=3.47s
  round  41/50: acc=0.0718  f1m=0.0169  uplink_kB=190.8  t=3.58s
  round  42/50: acc=0.0723  f1m=0.0171  uplink_kB=190.8  t=3.45s
  round  43/50: acc=0.0731  f1m=0.0174  uplink_kB=190.8  t=3.65s
  round  44/50: acc=0.0737  f1m=0.0202  uplink_kB=190.8  t=3.48s
  round  45/50: acc=0.0744  f1m=0.0212  uplink_kB=190.8  t=3.64s
  round  46/50: acc=0.0751  f1m=0.0214  uplink_kB=190.8  t=3.63s
  round  47/50: acc=0.0759  f1m=0.0216  uplink_kB=190.8  t=3.41s
  round  48/50: acc=0.0766  f1m=0.0218  uplink_kB=190.8  t=3.40s
  round  49/50: acc=0.0773  f1m=0.0219  uplink_kB=190.8  t=3.31s
  round  50/50: acc=0.0778  f1m=0.0221  uplink_kB=190.8  t=3.37s
[run] DONE -> /Users/agentra/Documents/hao/working/paper-lab/hao-paper-2026/iotj-fedkan-ids/repo/results/lrext_cseciic_mc50k/lrext_kan8_lr0p3__dir0.1__seed23/metrics.json  final_acc=0.0778
