[run] device=cpu  seed=23  out=/Users/agentra/Documents/hao/working/paper-lab/hao-paper-2026/iotj-fedkan-ids/repo/results/lrsweep_cseciic_mc50k/lrsweep_kan8_lr0p003__dir0.1__seed23
[run] model=kan  params=4,320
  round   1/50: acc=0.1400  f1m=0.0324  uplink_kB=190.8  t=3.27s
  round   2/50: acc=0.3223  f1m=0.1252  uplink_kB=190.8  t=2.61s
  round   3/50: acc=0.4718  f1m=0.1973  uplink_kB=190.8  t=2.60s
  round   4/50: acc=0.5081  f1m=0.2346  uplink_kB=190.8  t=2.56s
  round   5/50: acc=0.5639  f1m=0.2867  uplink_kB=190.8  t=2.61s
  round   6/50: acc=0.5658  f1m=0.2965  uplink_kB=190.8  t=2.57s
  round   7/50: acc=0.5675  f1m=0.3507  uplink_kB=190.8  t=2.65s
  round   8/50: acc=0.5722  f1m=0.3525  uplink_kB=190.8  t=2.57s
  round   9/50: acc=0.5759  f1m=0.3549  uplink_kB=190.8  t=2.59s
  round  10/50: acc=0.5758  f1m=0.3534  uplink_kB=190.8  t=2.54s
  round  11/50: acc=0.5882  f1m=0.3873  uplink_kB=190.8  t=2.61s
  round  12/50: acc=0.6097  f1m=0.4216  uplink_kB=190.8  t=2.59s
  round  13/50: acc=0.6100  f1m=0.4237  uplink_kB=190.8  t=2.62s
  round  14/50: acc=0.6103  f1m=0.4238  uplink_kB=190.8  t=2.57s
  round  15/50: acc=0.6109  f1m=0.4253  uplink_kB=190.8  t=2.65s
  round  16/50: acc=0.6110  f1m=0.4260  uplink_kB=190.8  t=2.54s
  round  17/50: acc=0.6118  f1m=0.4311  uplink_kB=190.8  t=2.62s
  round  18/50: acc=0.6119  f1m=0.4288  uplink_kB=190.8  t=2.57s
  round  19/50: acc=0.6130  f1m=0.4345  uplink_kB=190.8  t=2.65s
  round  20/50: acc=0.6132  f1m=0.4344  uplink_kB=190.8  t=2.57s
  round  21/50: acc=0.6132  f1m=0.4331  uplink_kB=190.8  t=2.67s
  round  22/50: acc=0.6132  f1m=0.4325  uplink_kB=190.8  t=2.55s
  round  23/50: acc=0.6135  f1m=0.4334  uplink_kB=190.8  t=2.63s
  round  24/50: acc=0.6134  f1m=0.4335  uplink_kB=190.8  t=2.55s
  round  25/50: acc=0.6137  f1m=0.4345  uplink_kB=190.8  t=2.64s
  round  26/50: acc=0.6138  f1m=0.4365  uplink_kB=190.8  t=2.53s
  round  27/50: acc=0.6139  f1m=0.4391  uplink_kB=190.8  t=2.64s
  round  28/50: acc=0.6530  f1m=0.4789  uplink_kB=190.8  t=2.57s
  round  29/50: acc=0.6918  f1m=0.5049  uplink_kB=190.8  t=2.63s
  round  30/50: acc=0.6647  f1m=0.4899  uplink_kB=190.8  t=2.57s
  round  31/50: acc=0.7109  f1m=0.5147  uplink_kB=190.8  t=2.82s
  round  32/50: acc=0.7230  f1m=0.5193  uplink_kB=190.8  t=2.65s
  round  33/50: acc=0.7176  f1m=0.5188  uplink_kB=190.8  t=2.73s
  round  34/50: acc=0.7262  f1m=0.5212  uplink_kB=190.8  t=2.68s
  round  35/50: acc=0.7324  f1m=0.5235  uplink_kB=190.8  t=2.89s
  round  36/50: acc=0.7360  f1m=0.5255  uplink_kB=190.8  t=2.56s
  round  37/50: acc=0.7340  f1m=0.5249  uplink_kB=190.8  t=2.66s
  round  38/50: acc=0.7381  f1m=0.5260  uplink_kB=190.8  t=2.62s
  round  39/50: acc=0.7387  f1m=0.5267  uplink_kB=190.8  t=2.73s
  round  40/50: acc=0.7390  f1m=0.5273  uplink_kB=190.8  t=2.66s
  round  41/50: acc=0.7386  f1m=0.5268  uplink_kB=190.8  t=2.56s
  round  42/50: acc=0.7387  f1m=0.5283  uplink_kB=190.8  t=2.57s
  round  43/50: acc=0.7392  f1m=0.5409  uplink_kB=190.8  t=2.61s
  round  44/50: acc=0.7394  f1m=0.5417  uplink_kB=190.8  t=2.57s
  round  45/50: acc=0.7392  f1m=0.5410  uplink_kB=190.8  t=2.59s
  round  46/50: acc=0.7397  f1m=0.5300  uplink_kB=190.8  t=2.69s
  round  47/50: acc=0.7393  f1m=0.5295  uplink_kB=190.8  t=2.57s
  round  48/50: acc=0.7389  f1m=0.5292  uplink_kB=190.8  t=2.64s
  round  49/50: acc=0.7343  f1m=0.5297  uplink_kB=190.8  t=2.57s
  round  50/50: acc=0.7407  f1m=0.5349  uplink_kB=190.8  t=2.51s
[run] DONE -> /Users/agentra/Documents/hao/working/paper-lab/hao-paper-2026/iotj-fedkan-ids/repo/results/lrsweep_cseciic_mc50k/lrsweep_kan8_lr0p003__dir0.1__seed23/metrics.json  final_acc=0.7407
