[run] device=cpu  seed=43  out=/Users/agentra/Documents/hao/working/paper-lab/hao-paper-2026/iotj-fedkan-ids/repo/results/lrsweep_cseciic_mc50k/lrsweep_mlp32_lr0p1__dir0.1__seed43
[run] model=mlp  params=1,775
  round   1/50: acc=0.2847  f1m=0.1107  uplink_kB=69.3  t=1.60s
  round   2/50: acc=0.2920  f1m=0.1725  uplink_kB=69.3  t=0.97s
  round   3/50: acc=0.3934  f1m=0.1965  uplink_kB=69.3  t=1.07s
  round   4/50: acc=0.3669  f1m=0.1678  uplink_kB=69.3  t=0.99s
  round   5/50: acc=0.5527  f1m=0.3523  uplink_kB=69.3  t=1.10s
  round   6/50: acc=0.5139  f1m=0.2824  uplink_kB=69.3  t=0.99s
  round   7/50: acc=0.3910  f1m=0.2234  uplink_kB=69.3  t=1.04s
  round   8/50: acc=0.5577  f1m=0.3272  uplink_kB=69.3  t=1.02s
  round   9/50: acc=0.4933  f1m=0.3151  uplink_kB=69.3  t=1.05s
  round  10/50: acc=0.5467  f1m=0.3180  uplink_kB=69.3  t=1.02s
  round  11/50: acc=0.4141  f1m=0.2474  uplink_kB=69.3  t=1.12s
  round  12/50: acc=0.5925  f1m=0.3533  uplink_kB=69.3  t=1.07s
  round  13/50: acc=0.4839  f1m=0.2840  uplink_kB=69.3  t=1.12s
  round  14/50: acc=0.6366  f1m=0.4162  uplink_kB=69.3  t=1.02s
  round  15/50: acc=0.4725  f1m=0.2823  uplink_kB=69.3  t=1.10s
  round  16/50: acc=0.5530  f1m=0.3559  uplink_kB=69.3  t=1.01s
  round  17/50: acc=0.6223  f1m=0.3759  uplink_kB=69.3  t=1.08s
  round  18/50: acc=0.6569  f1m=0.4031  uplink_kB=69.3  t=1.05s
  round  19/50: acc=0.5856  f1m=0.3547  uplink_kB=69.3  t=1.05s
  round  20/50: acc=0.6994  f1m=0.4358  uplink_kB=69.3  t=1.03s
  round  21/50: acc=0.5949  f1m=0.3534  uplink_kB=69.3  t=1.07s
  round  22/50: acc=0.6542  f1m=0.4097  uplink_kB=69.3  t=1.01s
  round  23/50: acc=0.7183  f1m=0.4575  uplink_kB=69.3  t=1.09s
  round  24/50: acc=0.6891  f1m=0.4481  uplink_kB=69.3  t=0.99s
  round  25/50: acc=0.7589  f1m=0.5220  uplink_kB=69.3  t=1.04s
  round  26/50: acc=0.6173  f1m=0.4060  uplink_kB=69.3  t=1.00s
  round  27/50: acc=0.7766  f1m=0.5528  uplink_kB=69.3  t=1.08s
  round  28/50: acc=0.6102  f1m=0.3863  uplink_kB=69.3  t=1.04s
  round  29/50: acc=0.7087  f1m=0.4414  uplink_kB=69.3  t=1.06s
  round  30/50: acc=0.7108  f1m=0.5112  uplink_kB=69.3  t=1.04s
  round  31/50: acc=0.7327  f1m=0.4953  uplink_kB=69.3  t=1.07s
  round  32/50: acc=0.7218  f1m=0.4872  uplink_kB=69.3  t=1.01s
  round  33/50: acc=0.6174  f1m=0.3900  uplink_kB=69.3  t=1.13s
  round  34/50: acc=0.7715  f1m=0.5249  uplink_kB=69.3  t=1.06s
  round  35/50: acc=0.7581  f1m=0.5083  uplink_kB=69.3  t=1.01s
  round  36/50: acc=0.7902  f1m=0.5844  uplink_kB=69.3  t=1.06s
  round  37/50: acc=0.7161  f1m=0.4926  uplink_kB=69.3  t=0.97s
  round  38/50: acc=0.6840  f1m=0.4977  uplink_kB=69.3  t=1.06s
  round  39/50: acc=0.7290  f1m=0.5261  uplink_kB=69.3  t=1.04s
  round  40/50: acc=0.7511  f1m=0.5490  uplink_kB=69.3  t=1.11s
  round  41/50: acc=0.7263  f1m=0.5578  uplink_kB=69.3  t=1.00s
  round  42/50: acc=0.8222  f1m=0.6051  uplink_kB=69.3  t=1.08s
  round  43/50: acc=0.6576  f1m=0.4505  uplink_kB=69.3  t=1.05s
  round  44/50: acc=0.7186  f1m=0.5409  uplink_kB=69.3  t=1.10s
  round  45/50: acc=0.7947  f1m=0.5855  uplink_kB=69.3  t=0.98s
  round  46/50: acc=0.7855  f1m=0.5621  uplink_kB=69.3  t=1.06s
  round  47/50: acc=0.7613  f1m=0.5554  uplink_kB=69.3  t=1.05s
  round  48/50: acc=0.8329  f1m=0.6134  uplink_kB=69.3  t=1.09s
  round  49/50: acc=0.7869  f1m=0.5998  uplink_kB=69.3  t=1.04s
  round  50/50: acc=0.7427  f1m=0.5182  uplink_kB=69.3  t=1.09s
[run] DONE -> /Users/agentra/Documents/hao/working/paper-lab/hao-paper-2026/iotj-fedkan-ids/repo/results/lrsweep_cseciic_mc50k/lrsweep_mlp32_lr0p1__dir0.1__seed43/metrics.json  final_acc=0.7427
