[run] device=cpu  seed=17  out=/Users/agentra/Documents/hao/working/paper-lab/hao-paper-2026/iotj-fedkan-ids/repo/results/lrsweep_botiot/lrsweep_kan16_lr0p1__dir0.1__seed17
[run] model=kan  params=6,560
  round   1/50: acc=0.9658  f1m=0.9657  uplink_kB=282.0  t=2.46s
  round   2/50: acc=0.9206  f1m=0.9202  uplink_kB=282.0  t=1.90s
  round   3/50: acc=0.9661  f1m=0.9661  uplink_kB=282.0  t=1.88s
  round   4/50: acc=0.9721  f1m=0.9720  uplink_kB=282.0  t=1.81s
  round   5/50: acc=0.9725  f1m=0.9725  uplink_kB=282.0  t=1.85s
  round   6/50: acc=0.9727  f1m=0.9726  uplink_kB=282.0  t=1.87s
  round   7/50: acc=0.9720  f1m=0.9720  uplink_kB=282.0  t=1.88s
  round   8/50: acc=0.9727  f1m=0.9727  uplink_kB=282.0  t=1.90s
  round   9/50: acc=0.9124  f1m=0.9119  uplink_kB=282.0  t=1.82s
  round  10/50: acc=0.9715  f1m=0.9715  uplink_kB=282.0  t=1.86s
  round  11/50: acc=0.9728  f1m=0.9728  uplink_kB=282.0  t=1.88s
  round  12/50: acc=0.9716  f1m=0.9716  uplink_kB=282.0  t=1.85s
  round  13/50: acc=0.9729  f1m=0.9729  uplink_kB=282.0  t=1.88s
  round  14/50: acc=0.9724  f1m=0.9724  uplink_kB=282.0  t=1.88s
  round  15/50: acc=0.9946  f1m=0.9946  uplink_kB=282.0  t=1.90s
  round  16/50: acc=0.9226  f1m=0.9222  uplink_kB=282.0  t=1.89s
  round  17/50: acc=0.9658  f1m=0.9658  uplink_kB=282.0  t=1.90s
  round  18/50: acc=0.9724  f1m=0.9724  uplink_kB=282.0  t=1.83s
  round  19/50: acc=0.9729  f1m=0.9729  uplink_kB=282.0  t=1.94s
  round  20/50: acc=0.9716  f1m=0.9716  uplink_kB=282.0  t=1.85s
  round  21/50: acc=0.9716  f1m=0.9715  uplink_kB=282.0  t=1.85s
  round  22/50: acc=0.9720  f1m=0.9719  uplink_kB=282.0  t=1.89s
  round  23/50: acc=0.9739  f1m=0.9739  uplink_kB=282.0  t=1.87s
  round  24/50: acc=0.9743  f1m=0.9743  uplink_kB=282.0  t=1.88s
  round  25/50: acc=0.9752  f1m=0.9752  uplink_kB=282.0  t=1.79s
  round  26/50: acc=0.9668  f1m=0.9668  uplink_kB=282.0  t=1.86s
  round  27/50: acc=0.9725  f1m=0.9725  uplink_kB=282.0  t=1.85s
  round  28/50: acc=0.9648  f1m=0.9648  uplink_kB=282.0  t=1.90s
  round  29/50: acc=0.9671  f1m=0.9671  uplink_kB=282.0  t=1.86s
  round  30/50: acc=0.9733  f1m=0.9733  uplink_kB=282.0  t=1.86s
  round  31/50: acc=0.9623  f1m=0.9623  uplink_kB=282.0  t=1.88s
  round  32/50: acc=0.9655  f1m=0.9655  uplink_kB=282.0  t=1.84s
  round  33/50: acc=0.9667  f1m=0.9667  uplink_kB=282.0  t=1.85s
  round  34/50: acc=0.9660  f1m=0.9660  uplink_kB=282.0  t=1.84s
  round  35/50: acc=0.9743  f1m=0.9743  uplink_kB=282.0  t=1.86s
  round  36/50: acc=0.9732  f1m=0.9732  uplink_kB=282.0  t=1.87s
  round  37/50: acc=0.9677  f1m=0.9676  uplink_kB=282.0  t=1.85s
  round  38/50: acc=0.9617  f1m=0.9617  uplink_kB=282.0  t=1.83s
  round  39/50: acc=0.9640  f1m=0.9640  uplink_kB=282.0  t=1.81s
  round  40/50: acc=0.9720  f1m=0.9720  uplink_kB=282.0  t=1.88s
  round  41/50: acc=0.9671  f1m=0.9670  uplink_kB=282.0  t=1.86s
  round  42/50: acc=0.9671  f1m=0.9671  uplink_kB=282.0  t=1.85s
  round  43/50: acc=0.9660  f1m=0.9660  uplink_kB=282.0  t=1.85s
  round  44/50: acc=0.9622  f1m=0.9622  uplink_kB=282.0  t=1.90s
  round  45/50: acc=0.9632  f1m=0.9632  uplink_kB=282.0  t=1.84s
  round  46/50: acc=0.9623  f1m=0.9623  uplink_kB=282.0  t=1.81s
  round  47/50: acc=0.9618  f1m=0.9618  uplink_kB=282.0  t=1.85s
  round  48/50: acc=0.9659  f1m=0.9659  uplink_kB=282.0  t=1.82s
  round  49/50: acc=0.9617  f1m=0.9617  uplink_kB=282.0  t=1.84s
  round  50/50: acc=0.9619  f1m=0.9618  uplink_kB=282.0  t=1.86s
[run] DONE -> /Users/agentra/Documents/hao/working/paper-lab/hao-paper-2026/iotj-fedkan-ids/repo/results/lrsweep_botiot/lrsweep_kan16_lr0p1__dir0.1__seed17/metrics.json  final_acc=0.9619
