[run] device=cpu  seed=11  out=/Users/agentra/Documents/hao/working/paper-lab/hao-paper-2026/iotj-fedkan-ids/repo/results/lrsweep_toniot/lrsweep_mlp32_lr0p001__dir0.1__seed11
[run] model=mlp  params=1,346
  round   1/50: acc=0.5000  f1m=0.3333  uplink_kB=52.6  t=1.15s
  round   2/50: acc=0.5000  f1m=0.3333  uplink_kB=52.6  t=0.69s
  round   3/50: acc=0.5000  f1m=0.3333  uplink_kB=52.6  t=0.64s
  round   4/50: acc=0.5000  f1m=0.3333  uplink_kB=52.6  t=0.67s
  round   5/50: acc=0.5000  f1m=0.3333  uplink_kB=52.6  t=0.61s
  round   6/50: acc=0.5075  f1m=0.3499  uplink_kB=52.6  t=0.65s
  round   7/50: acc=0.5140  f1m=0.3651  uplink_kB=52.6  t=0.68s
  round   8/50: acc=0.5153  f1m=0.3689  uplink_kB=52.6  t=0.68s
  round   9/50: acc=0.5292  f1m=0.3999  uplink_kB=52.6  t=0.69s
  round  10/50: acc=0.5367  f1m=0.4466  uplink_kB=52.6  t=0.68s
  round  11/50: acc=0.5490  f1m=0.4745  uplink_kB=52.6  t=0.99s
  round  12/50: acc=0.5716  f1m=0.5129  uplink_kB=52.6  t=0.74s
  round  13/50: acc=0.5925  f1m=0.5483  uplink_kB=52.6  t=0.64s
  round  14/50: acc=0.6287  f1m=0.6017  uplink_kB=52.6  t=0.66s
  round  15/50: acc=0.6392  f1m=0.6179  uplink_kB=52.6  t=0.65s
  round  16/50: acc=0.6448  f1m=0.6276  uplink_kB=52.6  t=0.74s
  round  17/50: acc=0.6411  f1m=0.6258  uplink_kB=52.6  t=0.76s
  round  18/50: acc=0.6449  f1m=0.6320  uplink_kB=52.6  t=0.62s
  round  19/50: acc=0.6476  f1m=0.6357  uplink_kB=52.6  t=0.66s
  round  20/50: acc=0.6480  f1m=0.6366  uplink_kB=52.6  t=0.69s
  round  21/50: acc=0.6476  f1m=0.6362  uplink_kB=52.6  t=0.65s
  round  22/50: acc=0.6477  f1m=0.6364  uplink_kB=52.6  t=0.65s
  round  23/50: acc=0.6474  f1m=0.6364  uplink_kB=52.6  t=0.66s
  round  24/50: acc=0.6478  f1m=0.6369  uplink_kB=52.6  t=0.63s
  round  25/50: acc=0.6468  f1m=0.6359  uplink_kB=52.6  t=0.64s
  round  26/50: acc=0.6465  f1m=0.6356  uplink_kB=52.6  t=0.65s
  round  27/50: acc=0.6462  f1m=0.6353  uplink_kB=52.6  t=0.63s
  round  28/50: acc=0.6689  f1m=0.6612  uplink_kB=52.6  t=0.65s
  round  29/50: acc=0.6788  f1m=0.6725  uplink_kB=52.6  t=0.70s
  round  30/50: acc=0.6786  f1m=0.6724  uplink_kB=52.6  t=0.67s
  round  31/50: acc=0.6781  f1m=0.6719  uplink_kB=52.6  t=0.64s
  round  32/50: acc=0.6776  f1m=0.6713  uplink_kB=52.6  t=0.59s
  round  33/50: acc=0.6767  f1m=0.6706  uplink_kB=52.6  t=0.64s
  round  34/50: acc=0.6769  f1m=0.6707  uplink_kB=52.6  t=0.63s
  round  35/50: acc=0.6742  f1m=0.6682  uplink_kB=52.6  t=0.63s
  round  36/50: acc=0.6737  f1m=0.6678  uplink_kB=52.6  t=0.62s
  round  37/50: acc=0.6713  f1m=0.6656  uplink_kB=52.6  t=0.59s
  round  38/50: acc=0.6714  f1m=0.6657  uplink_kB=52.6  t=0.64s
  round  39/50: acc=0.6722  f1m=0.6665  uplink_kB=52.6  t=0.63s
  round  40/50: acc=0.6815  f1m=0.6772  uplink_kB=52.6  t=0.65s
  round  41/50: acc=0.6888  f1m=0.6851  uplink_kB=52.6  t=0.68s
  round  42/50: acc=0.6902  f1m=0.6867  uplink_kB=52.6  t=0.65s
  round  43/50: acc=0.6944  f1m=0.6912  uplink_kB=52.6  t=0.60s
  round  44/50: acc=0.6958  f1m=0.6927  uplink_kB=52.6  t=0.65s
  round  45/50: acc=0.6969  f1m=0.6941  uplink_kB=52.6  t=0.64s
  round  46/50: acc=0.6983  f1m=0.6956  uplink_kB=52.6  t=0.63s
  round  47/50: acc=0.6987  f1m=0.6959  uplink_kB=52.6  t=0.65s
  round  48/50: acc=0.6993  f1m=0.6966  uplink_kB=52.6  t=0.65s
  round  49/50: acc=0.7001  f1m=0.6978  uplink_kB=52.6  t=0.59s
  round  50/50: acc=0.7015  f1m=0.6993  uplink_kB=52.6  t=0.64s
[run] DONE -> /Users/agentra/Documents/hao/working/paper-lab/hao-paper-2026/iotj-fedkan-ids/repo/results/lrsweep_toniot/lrsweep_mlp32_lr0p001__dir0.1__seed11/metrics.json  final_acc=0.7015
