[run] device=cpu  seed=2024  out=/Users/agentra/Documents/hao/working/paper-lab/hao-paper-2026/iotj-fedkan-ids/repo/results/lrsweep_cseciic_mc50k/lrsweep_mlp80_lr0p01__dir0.1__seed2024
[run] model=mlp  params=4,415
  round   1/50: acc=0.1844  f1m=0.0453  uplink_kB=172.5  t=1.61s
  round   2/50: acc=0.4732  f1m=0.2064  uplink_kB=172.5  t=1.08s
  round   3/50: acc=0.6003  f1m=0.3439  uplink_kB=172.5  t=1.05s
  round   4/50: acc=0.6293  f1m=0.3608  uplink_kB=172.5  t=1.08s
  round   5/50: acc=0.6530  f1m=0.3832  uplink_kB=172.5  t=1.16s
  round   6/50: acc=0.7394  f1m=0.4467  uplink_kB=172.5  t=1.00s
  round   7/50: acc=0.7041  f1m=0.4249  uplink_kB=172.5  t=1.06s
  round   8/50: acc=0.7600  f1m=0.5192  uplink_kB=172.5  t=0.99s
  round   9/50: acc=0.7368  f1m=0.4479  uplink_kB=172.5  t=1.09s
  round  10/50: acc=0.7630  f1m=0.4695  uplink_kB=172.5  t=1.01s
  round  11/50: acc=0.7727  f1m=0.5289  uplink_kB=172.5  t=1.06s
  round  12/50: acc=0.7708  f1m=0.4789  uplink_kB=172.5  t=1.01s
  round  13/50: acc=0.7715  f1m=0.5013  uplink_kB=172.5  t=1.06s
  round  14/50: acc=0.7772  f1m=0.5560  uplink_kB=172.5  t=0.97s
  round  15/50: acc=0.7747  f1m=0.5125  uplink_kB=172.5  t=1.10s
  round  16/50: acc=0.7902  f1m=0.5854  uplink_kB=172.5  t=1.01s
  round  17/50: acc=0.7933  f1m=0.5909  uplink_kB=172.5  t=1.11s
  round  18/50: acc=0.7937  f1m=0.5852  uplink_kB=172.5  t=1.04s
  round  19/50: acc=0.8130  f1m=0.6157  uplink_kB=172.5  t=1.10s
  round  20/50: acc=0.8001  f1m=0.6045  uplink_kB=172.5  t=1.05s
  round  21/50: acc=0.8126  f1m=0.6108  uplink_kB=172.5  t=1.10s
  round  22/50: acc=0.8033  f1m=0.6050  uplink_kB=172.5  t=1.07s
  round  23/50: acc=0.8185  f1m=0.6158  uplink_kB=172.5  t=1.04s
  round  24/50: acc=0.8069  f1m=0.6140  uplink_kB=172.5  t=1.05s
  round  25/50: acc=0.8259  f1m=0.6315  uplink_kB=172.5  t=1.01s
  round  26/50: acc=0.8186  f1m=0.6250  uplink_kB=172.5  t=1.09s
  round  27/50: acc=0.8217  f1m=0.6265  uplink_kB=172.5  t=1.03s
  round  28/50: acc=0.8323  f1m=0.6431  uplink_kB=172.5  t=1.07s
  round  29/50: acc=0.8235  f1m=0.6348  uplink_kB=172.5  t=1.03s
  round  30/50: acc=0.8356  f1m=0.6463  uplink_kB=172.5  t=1.08s
  round  31/50: acc=0.8275  f1m=0.6370  uplink_kB=172.5  t=1.02s
  round  32/50: acc=0.8338  f1m=0.6447  uplink_kB=172.5  t=1.06s
  round  33/50: acc=0.8297  f1m=0.6406  uplink_kB=172.5  t=1.04s
  round  34/50: acc=0.8296  f1m=0.6374  uplink_kB=172.5  t=1.12s
  round  35/50: acc=0.8283  f1m=0.6400  uplink_kB=172.5  t=1.05s
  round  36/50: acc=0.8283  f1m=0.6383  uplink_kB=172.5  t=1.07s
  round  37/50: acc=0.8348  f1m=0.6449  uplink_kB=172.5  t=1.04s
  round  38/50: acc=0.8288  f1m=0.6385  uplink_kB=172.5  t=1.10s
  round  39/50: acc=0.8310  f1m=0.6421  uplink_kB=172.5  t=1.12s
  round  40/50: acc=0.8314  f1m=0.6405  uplink_kB=172.5  t=1.17s
  round  41/50: acc=0.8340  f1m=0.6395  uplink_kB=172.5  t=1.01s
  round  42/50: acc=0.8277  f1m=0.6374  uplink_kB=172.5  t=1.05s
  round  43/50: acc=0.8334  f1m=0.6431  uplink_kB=172.5  t=1.03s
  round  44/50: acc=0.8309  f1m=0.6415  uplink_kB=172.5  t=1.07s
  round  45/50: acc=0.8362  f1m=0.6432  uplink_kB=172.5  t=1.04s
  round  46/50: acc=0.8305  f1m=0.6418  uplink_kB=172.5  t=1.04s
  round  47/50: acc=0.8602  f1m=0.7044  uplink_kB=172.5  t=1.58s
  round  48/50: acc=0.8349  f1m=0.6459  uplink_kB=172.5  t=1.11s
  round  49/50: acc=0.8529  f1m=0.6964  uplink_kB=172.5  t=1.03s
  round  50/50: acc=0.8268  f1m=0.6387  uplink_kB=172.5  t=1.06s
[run] DONE -> /Users/agentra/Documents/hao/working/paper-lab/hao-paper-2026/iotj-fedkan-ids/repo/results/lrsweep_cseciic_mc50k/lrsweep_mlp80_lr0p01__dir0.1__seed2024/metrics.json  final_acc=0.8268
