[run] device=cpu  seed=101  out=/Users/agentra/Documents/hao/working/paper-lab/hao-paper-2026/iotj-fedkan-ids/repo/results/lrsweep_cseciic/lrsweep_kan8_lr0p003__dir0.1__seed101
[run] model=kan  params=3,280
  round   1/50: acc=0.5199  f1m=0.4617  uplink_kB=150.2  t=2.44s
  round   2/50: acc=0.7474  f1m=0.7403  uplink_kB=150.2  t=1.80s
  round   3/50: acc=0.7502  f1m=0.7427  uplink_kB=150.2  t=1.83s
  round   4/50: acc=0.7569  f1m=0.7483  uplink_kB=150.2  t=1.80s
  round   5/50: acc=0.7594  f1m=0.7511  uplink_kB=150.2  t=1.76s
  round   6/50: acc=0.7623  f1m=0.7541  uplink_kB=150.2  t=1.72s
  round   7/50: acc=0.7836  f1m=0.7776  uplink_kB=150.2  t=1.79s
  round   8/50: acc=0.7926  f1m=0.7874  uplink_kB=150.2  t=1.83s
  round   9/50: acc=0.7978  f1m=0.7931  uplink_kB=150.2  t=1.84s
  round  10/50: acc=0.8007  f1m=0.7962  uplink_kB=150.2  t=1.82s
  round  11/50: acc=0.8105  f1m=0.8086  uplink_kB=150.2  t=1.83s
  round  12/50: acc=0.8343  f1m=0.8335  uplink_kB=150.2  t=1.72s
  round  13/50: acc=0.8367  f1m=0.8359  uplink_kB=150.2  t=1.78s
  round  14/50: acc=0.8388  f1m=0.8380  uplink_kB=150.2  t=1.94s
  round  15/50: acc=0.8399  f1m=0.8391  uplink_kB=150.2  t=1.84s
  round  16/50: acc=0.8410  f1m=0.8402  uplink_kB=150.2  t=1.82s
  round  17/50: acc=0.8422  f1m=0.8415  uplink_kB=150.2  t=1.80s
  round  18/50: acc=0.8501  f1m=0.8495  uplink_kB=150.2  t=1.82s
  round  19/50: acc=0.8670  f1m=0.8668  uplink_kB=150.2  t=1.86s
  round  20/50: acc=0.8653  f1m=0.8651  uplink_kB=150.2  t=1.95s
  round  21/50: acc=0.8696  f1m=0.8694  uplink_kB=150.2  t=1.99s
  round  22/50: acc=0.8604  f1m=0.8601  uplink_kB=150.2  t=1.94s
  round  23/50: acc=0.8832  f1m=0.8831  uplink_kB=150.2  t=1.87s
  round  24/50: acc=0.8822  f1m=0.8821  uplink_kB=150.2  t=1.93s
  round  25/50: acc=0.8720  f1m=0.8718  uplink_kB=150.2  t=1.98s
  round  26/50: acc=0.8310  f1m=0.8299  uplink_kB=150.2  t=1.96s
  round  27/50: acc=0.8412  f1m=0.8403  uplink_kB=150.2  t=1.85s
  round  28/50: acc=0.8656  f1m=0.8653  uplink_kB=150.2  t=1.83s
  round  29/50: acc=0.8349  f1m=0.8339  uplink_kB=150.2  t=1.93s
  round  30/50: acc=0.8232  f1m=0.8216  uplink_kB=150.2  t=1.91s
  round  31/50: acc=0.8365  f1m=0.8355  uplink_kB=150.2  t=1.94s
  round  32/50: acc=0.8453  f1m=0.8446  uplink_kB=150.2  t=1.90s
  round  33/50: acc=0.8610  f1m=0.8606  uplink_kB=150.2  t=1.88s
  round  34/50: acc=0.8484  f1m=0.8479  uplink_kB=150.2  t=1.89s
  round  35/50: acc=0.8374  f1m=0.8364  uplink_kB=150.2  t=2.01s
  round  36/50: acc=0.8412  f1m=0.8403  uplink_kB=150.2  t=1.92s
  round  37/50: acc=0.8503  f1m=0.8497  uplink_kB=150.2  t=1.92s
  round  38/50: acc=0.8596  f1m=0.8592  uplink_kB=150.2  t=1.93s
  round  39/50: acc=0.8392  f1m=0.8382  uplink_kB=150.2  t=1.94s
  round  40/50: acc=0.8732  f1m=0.8730  uplink_kB=150.2  t=1.93s
  round  41/50: acc=0.8538  f1m=0.8523  uplink_kB=150.2  t=1.94s
  round  42/50: acc=0.8516  f1m=0.8500  uplink_kB=150.2  t=1.97s
  round  43/50: acc=0.8490  f1m=0.8479  uplink_kB=150.2  t=1.95s
  round  44/50: acc=0.8472  f1m=0.8465  uplink_kB=150.2  t=1.93s
  round  45/50: acc=0.8569  f1m=0.8556  uplink_kB=150.2  t=1.91s
  round  46/50: acc=0.8281  f1m=0.8250  uplink_kB=150.2  t=1.87s
  round  47/50: acc=0.8566  f1m=0.8551  uplink_kB=150.2  t=1.92s
  round  48/50: acc=0.8580  f1m=0.8567  uplink_kB=150.2  t=1.92s
  round  49/50: acc=0.8500  f1m=0.8493  uplink_kB=150.2  t=1.92s
  round  50/50: acc=0.8507  f1m=0.8489  uplink_kB=150.2  t=1.95s
[run] DONE -> /Users/agentra/Documents/hao/working/paper-lab/hao-paper-2026/iotj-fedkan-ids/repo/results/lrsweep_cseciic/lrsweep_kan8_lr0p003__dir0.1__seed101/metrics.json  final_acc=0.8507
