[run] device=cpu  seed=31  out=/Users/agentra/Documents/hao/working/paper-lab/hao-paper-2026/iotj-fedkan-ids/repo/results/lrsweep_cseciic_mc/lrsweep_kan8_lr0p01__dir0.1__seed31
[run] model=kan  params=4,320
  round   1/50: acc=0.1713  f1m=0.0354  uplink_kB=190.8  t=6.02s
  round   2/50: acc=0.5344  f1m=0.2415  uplink_kB=190.8  t=5.40s
  round   3/50: acc=0.6017  f1m=0.2790  uplink_kB=190.8  t=5.39s
  round   4/50: acc=0.6251  f1m=0.3572  uplink_kB=190.8  t=5.35s
  round   5/50: acc=0.6309  f1m=0.4057  uplink_kB=190.8  t=5.38s
  round   6/50: acc=0.6875  f1m=0.4441  uplink_kB=190.8  t=5.36s
  round   7/50: acc=0.6889  f1m=0.4449  uplink_kB=190.8  t=5.38s
  round   8/50: acc=0.7034  f1m=0.4639  uplink_kB=190.8  t=5.36s
  round   9/50: acc=0.8123  f1m=0.5161  uplink_kB=190.8  t=5.38s
  round  10/50: acc=0.8130  f1m=0.5176  uplink_kB=190.8  t=5.35s
  round  11/50: acc=0.8149  f1m=0.5662  uplink_kB=190.8  t=5.38s
  round  12/50: acc=0.8123  f1m=0.5213  uplink_kB=190.8  t=5.40s
  round  13/50: acc=0.8126  f1m=0.5265  uplink_kB=190.8  t=5.44s
  round  14/50: acc=0.8123  f1m=0.5262  uplink_kB=190.8  t=5.36s
  round  15/50: acc=0.8120  f1m=0.5260  uplink_kB=190.8  t=5.40s
  round  16/50: acc=0.8268  f1m=0.5313  uplink_kB=190.8  t=5.41s
  round  17/50: acc=0.8230  f1m=0.5281  uplink_kB=190.8  t=5.38s
  round  18/50: acc=0.8120  f1m=0.5262  uplink_kB=190.8  t=5.42s
  round  19/50: acc=0.8225  f1m=0.5230  uplink_kB=190.8  t=5.37s
  round  20/50: acc=0.8272  f1m=0.5314  uplink_kB=190.8  t=5.46s
  round  21/50: acc=0.8270  f1m=0.5309  uplink_kB=190.8  t=5.39s
  round  22/50: acc=0.8114  f1m=0.5267  uplink_kB=190.8  t=5.43s
  round  23/50: acc=0.8089  f1m=0.5165  uplink_kB=190.8  t=5.39s
  round  24/50: acc=0.8277  f1m=0.5344  uplink_kB=190.8  t=5.45s
  round  25/50: acc=0.8273  f1m=0.5325  uplink_kB=190.8  t=5.37s
  round  26/50: acc=0.8248  f1m=0.5221  uplink_kB=190.8  t=5.57s
  round  27/50: acc=0.8282  f1m=0.5283  uplink_kB=190.8  t=5.47s
  round  28/50: acc=0.8279  f1m=0.5336  uplink_kB=190.8  t=5.55s
  round  29/50: acc=0.8276  f1m=0.5345  uplink_kB=190.8  t=5.43s
  round  30/50: acc=0.8278  f1m=0.5346  uplink_kB=190.8  t=5.43s
  round  31/50: acc=0.8278  f1m=0.5279  uplink_kB=190.8  t=5.48s
  round  32/50: acc=0.8277  f1m=0.5350  uplink_kB=190.8  t=5.44s
  round  33/50: acc=0.8283  f1m=0.5289  uplink_kB=190.8  t=5.55s
  round  34/50: acc=0.8300  f1m=0.5307  uplink_kB=190.8  t=5.68s
  round  35/50: acc=0.8322  f1m=0.5801  uplink_kB=190.8  t=5.53s
  round  36/50: acc=0.8262  f1m=0.5340  uplink_kB=190.8  t=5.53s
  round  37/50: acc=0.8264  f1m=0.5375  uplink_kB=190.8  t=5.84s
  round  38/50: acc=0.8270  f1m=0.5376  uplink_kB=190.8  t=5.57s
  round  39/50: acc=0.8265  f1m=0.5654  uplink_kB=190.8  t=5.60s
  round  40/50: acc=0.8261  f1m=0.5374  uplink_kB=190.8  t=5.42s
  round  41/50: acc=0.8236  f1m=0.5503  uplink_kB=190.8  t=5.46s
  round  42/50: acc=0.8277  f1m=0.5786  uplink_kB=190.8  t=5.43s
  round  43/50: acc=0.8255  f1m=0.5523  uplink_kB=190.8  t=5.55s
  round  44/50: acc=0.8278  f1m=0.5716  uplink_kB=190.8  t=5.48s
  round  45/50: acc=0.8279  f1m=0.5789  uplink_kB=190.8  t=5.35s
  round  46/50: acc=0.8203  f1m=0.5504  uplink_kB=190.8  t=5.41s
  round  47/50: acc=0.8275  f1m=0.5773  uplink_kB=190.8  t=5.51s
  round  48/50: acc=0.8316  f1m=0.5798  uplink_kB=190.8  t=5.69s
  round  49/50: acc=0.8270  f1m=0.5725  uplink_kB=190.8  t=5.47s
  round  50/50: acc=0.8281  f1m=0.5760  uplink_kB=190.8  t=5.38s
[run] DONE -> /Users/agentra/Documents/hao/working/paper-lab/hao-paper-2026/iotj-fedkan-ids/repo/results/lrsweep_cseciic_mc/lrsweep_kan8_lr0p01__dir0.1__seed31/metrics.json  final_acc=0.8281
