[run] device=cpu  seed=2026  out=/Users/agentra/Documents/hao/working/paper-lab/hao-paper-2026/iotj-fedkan-ids/repo/results/lrsweep_toniot/lrsweep_mlp32_lr0p01__dir0.1__seed2026
[run] model=mlp  params=1,346
  round   1/50: acc=0.5000  f1m=0.3333  uplink_kB=52.6  t=1.18s
  round   2/50: acc=0.6739  f1m=0.6434  uplink_kB=52.6  t=0.65s
  round   3/50: acc=0.7598  f1m=0.7539  uplink_kB=52.6  t=0.64s
  round   4/50: acc=0.7613  f1m=0.7564  uplink_kB=52.6  t=0.62s
  round   5/50: acc=0.7674  f1m=0.7639  uplink_kB=52.6  t=0.65s
  round   6/50: acc=0.7706  f1m=0.7672  uplink_kB=52.6  t=0.59s
  round   7/50: acc=0.7702  f1m=0.7669  uplink_kB=52.6  t=0.66s
  round   8/50: acc=0.7813  f1m=0.7787  uplink_kB=52.6  t=0.64s
  round   9/50: acc=0.7828  f1m=0.7801  uplink_kB=52.6  t=0.66s
  round  10/50: acc=0.7821  f1m=0.7797  uplink_kB=52.6  t=0.65s
  round  11/50: acc=0.8726  f1m=0.8725  uplink_kB=52.6  t=0.63s
  round  12/50: acc=0.8790  f1m=0.8789  uplink_kB=52.6  t=0.60s
  round  13/50: acc=0.8730  f1m=0.8729  uplink_kB=52.6  t=0.64s
  round  14/50: acc=0.8813  f1m=0.8812  uplink_kB=52.6  t=0.64s
  round  15/50: acc=0.9127  f1m=0.9127  uplink_kB=52.6  t=0.61s
  round  16/50: acc=0.9277  f1m=0.9277  uplink_kB=52.6  t=0.67s
  round  17/50: acc=0.9307  f1m=0.9307  uplink_kB=52.6  t=0.65s
  round  18/50: acc=0.8955  f1m=0.8952  uplink_kB=52.6  t=0.61s
  round  19/50: acc=0.9319  f1m=0.9319  uplink_kB=52.6  t=0.67s
  round  20/50: acc=0.9279  f1m=0.9279  uplink_kB=52.6  t=0.66s
  round  21/50: acc=0.9350  f1m=0.9349  uplink_kB=52.6  t=0.67s
  round  22/50: acc=0.9333  f1m=0.9332  uplink_kB=52.6  t=0.65s
  round  23/50: acc=0.9357  f1m=0.9357  uplink_kB=52.6  t=0.64s
  round  24/50: acc=0.9347  f1m=0.9347  uplink_kB=52.6  t=0.63s
  round  25/50: acc=0.9329  f1m=0.9328  uplink_kB=52.6  t=0.67s
  round  26/50: acc=0.9367  f1m=0.9367  uplink_kB=52.6  t=0.67s
  round  27/50: acc=0.9348  f1m=0.9347  uplink_kB=52.6  t=0.67s
  round  28/50: acc=0.8933  f1m=0.8927  uplink_kB=52.6  t=0.67s
  round  29/50: acc=0.8935  f1m=0.8929  uplink_kB=52.6  t=0.64s
  round  30/50: acc=0.8993  f1m=0.8988  uplink_kB=52.6  t=0.60s
  round  31/50: acc=0.8948  f1m=0.8941  uplink_kB=52.6  t=0.65s
  round  32/50: acc=0.9069  f1m=0.9066  uplink_kB=52.6  t=0.62s
  round  33/50: acc=0.9120  f1m=0.9118  uplink_kB=52.6  t=0.64s
  round  34/50: acc=0.9127  f1m=0.9125  uplink_kB=52.6  t=0.66s
  round  35/50: acc=0.9127  f1m=0.9124  uplink_kB=52.6  t=0.64s
  round  36/50: acc=0.9453  f1m=0.9453  uplink_kB=52.6  t=0.61s
  round  37/50: acc=0.9449  f1m=0.9449  uplink_kB=52.6  t=0.64s
  round  38/50: acc=0.9476  f1m=0.9475  uplink_kB=52.6  t=0.66s
  round  39/50: acc=0.9080  f1m=0.9077  uplink_kB=52.6  t=0.66s
  round  40/50: acc=0.9473  f1m=0.9473  uplink_kB=52.6  t=0.65s
  round  41/50: acc=0.9047  f1m=0.9043  uplink_kB=52.6  t=0.65s
  round  42/50: acc=0.9072  f1m=0.9068  uplink_kB=52.6  t=0.59s
  round  43/50: acc=0.9107  f1m=0.9104  uplink_kB=52.6  t=0.66s
  round  44/50: acc=0.9085  f1m=0.9081  uplink_kB=52.6  t=0.67s
  round  45/50: acc=0.9098  f1m=0.9095  uplink_kB=52.6  t=0.69s
  round  46/50: acc=0.9085  f1m=0.9081  uplink_kB=52.6  t=0.65s
  round  47/50: acc=0.8043  f1m=0.7985  uplink_kB=52.6  t=0.65s
  round  48/50: acc=0.9050  f1m=0.9046  uplink_kB=52.6  t=0.64s
  round  49/50: acc=0.9126  f1m=0.9123  uplink_kB=52.6  t=0.59s
  round  50/50: acc=0.9081  f1m=0.9078  uplink_kB=52.6  t=0.66s
[run] DONE -> /Users/agentra/Documents/hao/working/paper-lab/hao-paper-2026/iotj-fedkan-ids/repo/results/lrsweep_toniot/lrsweep_mlp32_lr0p01__dir0.1__seed2026/metrics.json  final_acc=0.9081
