[run] device=cpu  seed=37  out=/Users/agentra/Documents/hao/working/paper-lab/hao-paper-2026/iotj-fedkan-ids/repo/results/lrsweep_toniot/lrsweep_mlp32_lr0p03__dir0.1__seed37
[run] model=mlp  params=1,346
  round   1/50: acc=0.6388  f1m=0.6302  uplink_kB=52.6  t=1.18s
  round   2/50: acc=0.5270  f1m=0.3922  uplink_kB=52.6  t=0.66s
  round   3/50: acc=0.7990  f1m=0.7943  uplink_kB=52.6  t=0.66s
  round   4/50: acc=0.7279  f1m=0.7195  uplink_kB=52.6  t=0.69s
  round   5/50: acc=0.8514  f1m=0.8514  uplink_kB=52.6  t=0.65s
  round   6/50: acc=0.7560  f1m=0.7510  uplink_kB=52.6  t=0.60s
  round   7/50: acc=0.8130  f1m=0.8116  uplink_kB=52.6  t=0.64s
  round   8/50: acc=0.7639  f1m=0.7614  uplink_kB=52.6  t=0.65s
  round   9/50: acc=0.8571  f1m=0.8567  uplink_kB=52.6  t=0.67s
  round  10/50: acc=0.7492  f1m=0.7393  uplink_kB=52.6  t=0.66s
  round  11/50: acc=0.7281  f1m=0.7134  uplink_kB=52.6  t=0.66s
  round  12/50: acc=0.7033  f1m=0.6824  uplink_kB=52.6  t=0.64s
  round  13/50: acc=0.7440  f1m=0.7354  uplink_kB=52.6  t=0.61s
  round  14/50: acc=0.7348  f1m=0.7249  uplink_kB=52.6  t=0.65s
  round  15/50: acc=0.7776  f1m=0.7751  uplink_kB=52.6  t=0.65s
  round  16/50: acc=0.7934  f1m=0.7928  uplink_kB=52.6  t=0.66s
  round  17/50: acc=0.7308  f1m=0.7306  uplink_kB=52.6  t=0.67s
  round  18/50: acc=0.7327  f1m=0.7237  uplink_kB=52.6  t=0.63s
  round  19/50: acc=0.6325  f1m=0.6210  uplink_kB=52.6  t=0.62s
  round  20/50: acc=0.7153  f1m=0.6944  uplink_kB=52.6  t=0.64s
  round  21/50: acc=0.7338  f1m=0.7336  uplink_kB=52.6  t=0.62s
  round  22/50: acc=0.7364  f1m=0.7364  uplink_kB=52.6  t=0.63s
  round  23/50: acc=0.7480  f1m=0.7479  uplink_kB=52.6  t=0.62s
  round  24/50: acc=0.6533  f1m=0.6126  uplink_kB=52.6  t=0.64s
  round  25/50: acc=0.8191  f1m=0.8182  uplink_kB=52.6  t=0.60s
  round  26/50: acc=0.6941  f1m=0.6691  uplink_kB=52.6  t=0.67s
  round  27/50: acc=0.8208  f1m=0.8203  uplink_kB=52.6  t=0.66s
  round  28/50: acc=0.7374  f1m=0.7293  uplink_kB=52.6  t=0.68s
  round  29/50: acc=0.8113  f1m=0.8109  uplink_kB=52.6  t=0.64s
  round  30/50: acc=0.6715  f1m=0.6454  uplink_kB=52.6  t=0.66s
  round  31/50: acc=0.8347  f1m=0.8337  uplink_kB=52.6  t=0.66s
  round  32/50: acc=0.7588  f1m=0.7534  uplink_kB=52.6  t=0.61s
  round  33/50: acc=0.8144  f1m=0.8139  uplink_kB=52.6  t=0.64s
  round  34/50: acc=0.6323  f1m=0.6182  uplink_kB=52.6  t=0.64s
  round  35/50: acc=0.8349  f1m=0.8337  uplink_kB=52.6  t=0.68s
  round  36/50: acc=0.7773  f1m=0.7746  uplink_kB=52.6  t=0.67s
  round  37/50: acc=0.8711  f1m=0.8708  uplink_kB=52.6  t=0.67s
  round  38/50: acc=0.8118  f1m=0.8073  uplink_kB=52.6  t=0.68s
  round  39/50: acc=0.8498  f1m=0.8491  uplink_kB=52.6  t=0.66s
  round  40/50: acc=0.8977  f1m=0.8977  uplink_kB=52.6  t=0.61s
  round  41/50: acc=0.6954  f1m=0.6739  uplink_kB=52.6  t=0.67s
  round  42/50: acc=0.8762  f1m=0.8761  uplink_kB=52.6  t=0.66s
  round  43/50: acc=0.8199  f1m=0.8174  uplink_kB=52.6  t=0.66s
  round  44/50: acc=0.7132  f1m=0.6964  uplink_kB=52.6  t=0.68s
  round  45/50: acc=0.8747  f1m=0.8746  uplink_kB=52.6  t=0.68s
  round  46/50: acc=0.9183  f1m=0.9183  uplink_kB=52.6  t=0.64s
  round  47/50: acc=0.6809  f1m=0.6605  uplink_kB=52.6  t=0.58s
  round  48/50: acc=0.8877  f1m=0.8877  uplink_kB=52.6  t=0.64s
  round  49/50: acc=0.8243  f1m=0.8219  uplink_kB=52.6  t=0.68s
  round  50/50: acc=0.7160  f1m=0.6957  uplink_kB=52.6  t=0.71s
[run] DONE -> /Users/agentra/Documents/hao/working/paper-lab/hao-paper-2026/iotj-fedkan-ids/repo/results/lrsweep_toniot/lrsweep_mlp32_lr0p03__dir0.1__seed37/metrics.json  final_acc=0.7160
