[run] device=cpu  seed=31  out=/Users/agentra/Documents/hao/working/paper-lab/hao-paper-2026/iotj-fedkan-ids/repo/results/lrext_cseciic/lrext_kan8_lr0p3__dir0.1__seed31
[run] model=kan  params=3,280
  round   1/50: acc=0.5000  f1m=0.3333  uplink_kB=150.2  t=2.85s
  round   2/50: acc=0.3228  f1m=0.2963  uplink_kB=150.2  t=2.04s
  round   3/50: acc=0.3557  f1m=0.3108  uplink_kB=150.2  t=2.09s
  round   4/50: acc=0.3895  f1m=0.3046  uplink_kB=150.2  t=2.11s
  round   5/50: acc=0.6047  f1m=0.5327  uplink_kB=150.2  t=2.04s
  round   6/50: acc=0.6098  f1m=0.5417  uplink_kB=150.2  t=1.97s
  round   7/50: acc=0.6330  f1m=0.5777  uplink_kB=150.2  t=2.05s
  round   8/50: acc=0.6439  f1m=0.5939  uplink_kB=150.2  t=2.09s
  round   9/50: acc=0.6457  f1m=0.5967  uplink_kB=150.2  t=2.10s
  round  10/50: acc=0.6483  f1m=0.6005  uplink_kB=150.2  t=2.08s
  round  11/50: acc=0.6505  f1m=0.6037  uplink_kB=150.2  t=2.02s
  round  12/50: acc=0.6520  f1m=0.6058  uplink_kB=150.2  t=2.05s
  round  13/50: acc=0.6527  f1m=0.6069  uplink_kB=150.2  t=2.06s
  round  14/50: acc=0.6532  f1m=0.6076  uplink_kB=150.2  t=2.02s
  round  15/50: acc=0.6540  f1m=0.6088  uplink_kB=150.2  t=2.09s
  round  16/50: acc=0.6542  f1m=0.6090  uplink_kB=150.2  t=2.06s
  round  17/50: acc=0.6552  f1m=0.6104  uplink_kB=150.2  t=2.07s
  round  18/50: acc=0.6556  f1m=0.6110  uplink_kB=150.2  t=2.04s
  round  19/50: acc=0.6560  f1m=0.6116  uplink_kB=150.2  t=2.08s
  round  20/50: acc=0.6563  f1m=0.6121  uplink_kB=150.2  t=2.05s
  round  21/50: acc=0.6565  f1m=0.6124  uplink_kB=150.2  t=1.99s
  round  22/50: acc=0.6567  f1m=0.6127  uplink_kB=150.2  t=2.07s
  round  23/50: acc=0.6569  f1m=0.6129  uplink_kB=150.2  t=2.08s
  round  24/50: acc=0.6570  f1m=0.6131  uplink_kB=150.2  t=2.07s
  round  25/50: acc=0.6574  f1m=0.6137  uplink_kB=150.2  t=2.08s
  round  26/50: acc=0.6575  f1m=0.6138  uplink_kB=150.2  t=2.08s
  round  27/50: acc=0.6576  f1m=0.6140  uplink_kB=150.2  t=2.08s
  round  28/50: acc=0.6577  f1m=0.6141  uplink_kB=150.2  t=2.04s
  round  29/50: acc=0.6577  f1m=0.6142  uplink_kB=150.2  t=2.02s
  round  30/50: acc=0.6578  f1m=0.6143  uplink_kB=150.2  t=1.98s
  round  31/50: acc=0.6579  f1m=0.6143  uplink_kB=150.2  t=2.03s
  round  32/50: acc=0.6580  f1m=0.6145  uplink_kB=150.2  t=2.09s
  round  33/50: acc=0.6581  f1m=0.6146  uplink_kB=150.2  t=2.11s
  round  34/50: acc=0.6582  f1m=0.6147  uplink_kB=150.2  t=2.13s
  round  35/50: acc=0.6582  f1m=0.6148  uplink_kB=150.2  t=2.04s
  round  36/50: acc=0.6583  f1m=0.6149  uplink_kB=150.2  t=2.09s
  round  37/50: acc=0.6584  f1m=0.6150  uplink_kB=150.2  t=2.05s
  round  38/50: acc=0.6584  f1m=0.6151  uplink_kB=150.2  t=2.06s
  round  39/50: acc=0.6585  f1m=0.6152  uplink_kB=150.2  t=2.04s
  round  40/50: acc=0.6586  f1m=0.6154  uplink_kB=150.2  t=2.08s
  round  41/50: acc=0.6587  f1m=0.6155  uplink_kB=150.2  t=2.08s
  round  42/50: acc=0.6589  f1m=0.6158  uplink_kB=150.2  t=2.18s
  round  43/50: acc=0.6590  f1m=0.6159  uplink_kB=150.2  t=2.08s
  round  44/50: acc=0.6590  f1m=0.6160  uplink_kB=150.2  t=2.11s
  round  45/50: acc=0.6591  f1m=0.6161  uplink_kB=150.2  t=1.97s
  round  46/50: acc=0.6593  f1m=0.6163  uplink_kB=150.2  t=2.05s
  round  47/50: acc=0.6593  f1m=0.6163  uplink_kB=150.2  t=2.07s
  round  48/50: acc=0.6594  f1m=0.6164  uplink_kB=150.2  t=2.04s
  round  49/50: acc=0.6594  f1m=0.6164  uplink_kB=150.2  t=2.03s
  round  50/50: acc=0.6594  f1m=0.6166  uplink_kB=150.2  t=2.06s
[run] DONE -> /Users/agentra/Documents/hao/working/paper-lab/hao-paper-2026/iotj-fedkan-ids/repo/results/lrext_cseciic/lrext_kan8_lr0p3__dir0.1__seed31/metrics.json  final_acc=0.6594
