[run] device=cpu  seed=29  out=/Users/agentra/Documents/hao/working/paper-lab/hao-paper-2026/iotj-fedkan-ids/repo/results/lrsweep_cseciic_mc50k/lrsweep_mlp32_lr0p01__dir0.1__seed29
[run] model=mlp  params=1,775
  round   1/50: acc=0.3366  f1m=0.1364  uplink_kB=69.3  t=1.76s
  round   2/50: acc=0.4588  f1m=0.2003  uplink_kB=69.3  t=1.10s
  round   3/50: acc=0.4918  f1m=0.2735  uplink_kB=69.3  t=1.09s
  round   4/50: acc=0.5425  f1m=0.3155  uplink_kB=69.3  t=1.15s
  round   5/50: acc=0.5823  f1m=0.3356  uplink_kB=69.3  t=1.12s
  round   6/50: acc=0.6119  f1m=0.3650  uplink_kB=69.3  t=1.08s
  round   7/50: acc=0.6426  f1m=0.3838  uplink_kB=69.3  t=1.03s
  round   8/50: acc=0.6720  f1m=0.3956  uplink_kB=69.3  t=0.96s
  round   9/50: acc=0.6888  f1m=0.4289  uplink_kB=69.3  t=1.11s
  round  10/50: acc=0.7398  f1m=0.4791  uplink_kB=69.3  t=1.03s
  round  11/50: acc=0.7456  f1m=0.4834  uplink_kB=69.3  t=1.06s
  round  12/50: acc=0.7464  f1m=0.4844  uplink_kB=69.3  t=1.04s
  round  13/50: acc=0.7463  f1m=0.4848  uplink_kB=69.3  t=0.94s
  round  14/50: acc=0.7498  f1m=0.4880  uplink_kB=69.3  t=1.05s
  round  15/50: acc=0.7522  f1m=0.4892  uplink_kB=69.3  t=1.04s
  round  16/50: acc=0.7530  f1m=0.4918  uplink_kB=69.3  t=1.26s
  round  17/50: acc=0.8153  f1m=0.5918  uplink_kB=69.3  t=1.02s
  round  18/50: acc=0.8167  f1m=0.5934  uplink_kB=69.3  t=1.07s
  round  19/50: acc=0.8206  f1m=0.6037  uplink_kB=69.3  t=0.97s
  round  20/50: acc=0.8213  f1m=0.6053  uplink_kB=69.3  t=1.02s
  round  21/50: acc=0.8210  f1m=0.6065  uplink_kB=69.3  t=1.05s
  round  22/50: acc=0.8180  f1m=0.6052  uplink_kB=69.3  t=1.02s
  round  23/50: acc=0.8258  f1m=0.6143  uplink_kB=69.3  t=1.04s
  round  24/50: acc=0.8239  f1m=0.6127  uplink_kB=69.3  t=1.07s
  round  25/50: acc=0.8335  f1m=0.6235  uplink_kB=69.3  t=1.00s
  round  26/50: acc=0.8327  f1m=0.6230  uplink_kB=69.3  t=1.07s
  round  27/50: acc=0.8431  f1m=0.6372  uplink_kB=69.3  t=1.01s
  round  28/50: acc=0.8348  f1m=0.6315  uplink_kB=69.3  t=1.04s
  round  29/50: acc=0.8409  f1m=0.6405  uplink_kB=69.3  t=0.99s
  round  30/50: acc=0.8436  f1m=0.6446  uplink_kB=69.3  t=1.12s
  round  31/50: acc=0.8428  f1m=0.6418  uplink_kB=69.3  t=1.05s
  round  32/50: acc=0.8479  f1m=0.6481  uplink_kB=69.3  t=1.09s
  round  33/50: acc=0.8469  f1m=0.6470  uplink_kB=69.3  t=1.10s
  round  34/50: acc=0.8545  f1m=0.6556  uplink_kB=69.3  t=1.06s
  round  35/50: acc=0.8507  f1m=0.6529  uplink_kB=69.3  t=0.99s
  round  36/50: acc=0.8536  f1m=0.6554  uplink_kB=69.3  t=1.06s
  round  37/50: acc=0.8486  f1m=0.6513  uplink_kB=69.3  t=1.00s
  round  38/50: acc=0.8521  f1m=0.6555  uplink_kB=69.3  t=1.05s
  round  39/50: acc=0.8565  f1m=0.6593  uplink_kB=69.3  t=1.04s
  round  40/50: acc=0.8656  f1m=0.6625  uplink_kB=69.3  t=1.09s
  round  41/50: acc=0.8520  f1m=0.6548  uplink_kB=69.3  t=1.04s
  round  42/50: acc=0.8551  f1m=0.6541  uplink_kB=69.3  t=1.07s
  round  43/50: acc=0.8558  f1m=0.6522  uplink_kB=69.3  t=1.09s
  round  44/50: acc=0.8565  f1m=0.6542  uplink_kB=69.3  t=1.10s
  round  45/50: acc=0.8523  f1m=0.6502  uplink_kB=69.3  t=1.03s
  round  46/50: acc=0.8466  f1m=0.6446  uplink_kB=69.3  t=1.07s
  round  47/50: acc=0.8623  f1m=0.6599  uplink_kB=69.3  t=1.05s
  round  48/50: acc=0.8652  f1m=0.6629  uplink_kB=69.3  t=1.10s
  round  49/50: acc=0.8657  f1m=0.6622  uplink_kB=69.3  t=1.11s
  round  50/50: acc=0.8599  f1m=0.6572  uplink_kB=69.3  t=1.05s
[run] DONE -> /Users/agentra/Documents/hao/working/paper-lab/hao-paper-2026/iotj-fedkan-ids/repo/results/lrsweep_cseciic_mc50k/lrsweep_mlp32_lr0p01__dir0.1__seed29/metrics.json  final_acc=0.8599
