[run] device=cpu  seed=2026  out=/Users/agentra/Documents/hao/working/paper-lab/hao-paper-2026/iotj-fedkan-ids/repo/results/lrsweep_cseciic/lrsweep_kan16_lr0p003__dir0.1__seed2026
[run] model=kan  params=6,560
  round   1/50: acc=0.9253  f1m=0.9250  uplink_kB=282.0  t=2.59s
  round   2/50: acc=0.9251  f1m=0.9248  uplink_kB=282.0  t=2.25s
  round   3/50: acc=0.9272  f1m=0.9270  uplink_kB=282.0  t=2.06s
  round   4/50: acc=0.9332  f1m=0.9330  uplink_kB=282.0  t=1.97s
  round   5/50: acc=0.9350  f1m=0.9348  uplink_kB=282.0  t=1.85s
  round   6/50: acc=0.9365  f1m=0.9363  uplink_kB=282.0  t=1.97s
  round   7/50: acc=0.9568  f1m=0.9568  uplink_kB=282.0  t=1.96s
  round   8/50: acc=0.9623  f1m=0.9622  uplink_kB=282.0  t=1.98s
  round   9/50: acc=0.9425  f1m=0.9423  uplink_kB=282.0  t=2.05s
  round  10/50: acc=0.9426  f1m=0.9424  uplink_kB=282.0  t=2.01s
  round  11/50: acc=0.9647  f1m=0.9646  uplink_kB=282.0  t=2.00s
  round  12/50: acc=0.9648  f1m=0.9647  uplink_kB=282.0  t=2.02s
  round  13/50: acc=0.9649  f1m=0.9649  uplink_kB=282.0  t=2.00s
  round  14/50: acc=0.9652  f1m=0.9652  uplink_kB=282.0  t=2.02s
  round  15/50: acc=0.9655  f1m=0.9654  uplink_kB=282.0  t=2.04s
  round  16/50: acc=0.9655  f1m=0.9655  uplink_kB=282.0  t=2.07s
  round  17/50: acc=0.9657  f1m=0.9657  uplink_kB=282.0  t=2.11s
  round  18/50: acc=0.9656  f1m=0.9656  uplink_kB=282.0  t=2.13s
  round  19/50: acc=0.9694  f1m=0.9694  uplink_kB=282.0  t=2.10s
  round  20/50: acc=0.9656  f1m=0.9655  uplink_kB=282.0  t=2.12s
  round  21/50: acc=0.9696  f1m=0.9696  uplink_kB=282.0  t=2.28s
  round  22/50: acc=0.9695  f1m=0.9695  uplink_kB=282.0  t=2.08s
  round  23/50: acc=0.9700  f1m=0.9700  uplink_kB=282.0  t=2.13s
  round  24/50: acc=0.9699  f1m=0.9699  uplink_kB=282.0  t=2.07s
  round  25/50: acc=0.9700  f1m=0.9700  uplink_kB=282.0  t=2.05s
  round  26/50: acc=0.9701  f1m=0.9701  uplink_kB=282.0  t=2.14s
  round  27/50: acc=0.9702  f1m=0.9702  uplink_kB=282.0  t=2.13s
  round  28/50: acc=0.9700  f1m=0.9700  uplink_kB=282.0  t=2.06s
  round  29/50: acc=0.9701  f1m=0.9700  uplink_kB=282.0  t=2.09s
  round  30/50: acc=0.9701  f1m=0.9700  uplink_kB=282.0  t=2.06s
  round  31/50: acc=0.9701  f1m=0.9701  uplink_kB=282.0  t=2.17s
  round  32/50: acc=0.9703  f1m=0.9703  uplink_kB=282.0  t=2.12s
  round  33/50: acc=0.9661  f1m=0.9660  uplink_kB=282.0  t=2.10s
  round  34/50: acc=0.9701  f1m=0.9701  uplink_kB=282.0  t=2.13s
  round  35/50: acc=0.9703  f1m=0.9703  uplink_kB=282.0  t=2.13s
  round  36/50: acc=0.9703  f1m=0.9703  uplink_kB=282.0  t=2.00s
  round  37/50: acc=0.9705  f1m=0.9705  uplink_kB=282.0  t=2.16s
  round  38/50: acc=0.9718  f1m=0.9718  uplink_kB=282.0  t=2.08s
  round  39/50: acc=0.9722  f1m=0.9722  uplink_kB=282.0  t=2.10s
  round  40/50: acc=0.9705  f1m=0.9705  uplink_kB=282.0  t=2.15s
  round  41/50: acc=0.9663  f1m=0.9663  uplink_kB=282.0  t=2.15s
  round  42/50: acc=0.9709  f1m=0.9709  uplink_kB=282.0  t=2.02s
  round  43/50: acc=0.9722  f1m=0.9722  uplink_kB=282.0  t=2.08s
  round  44/50: acc=0.9758  f1m=0.9758  uplink_kB=282.0  t=2.00s
  round  45/50: acc=0.9708  f1m=0.9708  uplink_kB=282.0  t=2.10s
  round  46/50: acc=0.9757  f1m=0.9757  uplink_kB=282.0  t=2.14s
  round  47/50: acc=0.9762  f1m=0.9762  uplink_kB=282.0  t=2.07s
  round  48/50: acc=0.9710  f1m=0.9710  uplink_kB=282.0  t=2.09s
  round  49/50: acc=0.9757  f1m=0.9757  uplink_kB=282.0  t=2.13s
  round  50/50: acc=0.9762  f1m=0.9762  uplink_kB=282.0  t=1.95s
[run] DONE -> /Users/agentra/Documents/hao/working/paper-lab/hao-paper-2026/iotj-fedkan-ids/repo/results/lrsweep_cseciic/lrsweep_kan16_lr0p003__dir0.1__seed2026/metrics.json  final_acc=0.9762
