[run] device=cpu  seed=31  out=/Users/agentra/Documents/hao/working/paper-lab/hao-paper-2026/iotj-fedkan-ids/repo/results/lrsweep_cseciic_mc50k/lrsweep_kan8_lr0p01__dir0.1__seed31
[run] model=kan  params=4,320
  round   1/50: acc=0.3958  f1m=0.1848  uplink_kB=190.8  t=3.22s
  round   2/50: acc=0.3909  f1m=0.1691  uplink_kB=190.8  t=2.55s
  round   3/50: acc=0.5246  f1m=0.2537  uplink_kB=190.8  t=2.70s
  round   4/50: acc=0.5836  f1m=0.3014  uplink_kB=190.8  t=2.54s
  round   5/50: acc=0.6538  f1m=0.3492  uplink_kB=190.8  t=2.60s
  round   6/50: acc=0.7485  f1m=0.4316  uplink_kB=190.8  t=2.54s
  round   7/50: acc=0.7599  f1m=0.4407  uplink_kB=190.8  t=2.68s
  round   8/50: acc=0.7588  f1m=0.4396  uplink_kB=190.8  t=2.60s
  round   9/50: acc=0.7583  f1m=0.4397  uplink_kB=190.8  t=2.67s
  round  10/50: acc=0.7590  f1m=0.4400  uplink_kB=190.8  t=2.56s
  round  11/50: acc=0.7605  f1m=0.4427  uplink_kB=190.8  t=2.64s
  round  12/50: acc=0.7985  f1m=0.5998  uplink_kB=190.8  t=2.56s
  round  13/50: acc=0.7807  f1m=0.4929  uplink_kB=190.8  t=2.73s
  round  14/50: acc=0.7892  f1m=0.5583  uplink_kB=190.8  t=2.58s
  round  15/50: acc=0.8120  f1m=0.5890  uplink_kB=190.8  t=2.69s
  round  16/50: acc=0.8185  f1m=0.5941  uplink_kB=190.8  t=2.54s
  round  17/50: acc=0.8244  f1m=0.5997  uplink_kB=190.8  t=2.64s
  round  18/50: acc=0.8317  f1m=0.6293  uplink_kB=190.8  t=2.55s
  round  19/50: acc=0.8517  f1m=0.6788  uplink_kB=190.8  t=2.65s
  round  20/50: acc=0.8562  f1m=0.6960  uplink_kB=190.8  t=2.58s
  round  21/50: acc=0.8599  f1m=0.7033  uplink_kB=190.8  t=2.66s
  round  22/50: acc=0.8452  f1m=0.6539  uplink_kB=190.8  t=2.52s
  round  23/50: acc=0.8803  f1m=0.7359  uplink_kB=190.8  t=2.65s
  round  24/50: acc=0.8853  f1m=0.7499  uplink_kB=190.8  t=2.57s
  round  25/50: acc=0.8895  f1m=0.7532  uplink_kB=190.8  t=2.65s
  round  26/50: acc=0.8832  f1m=0.7474  uplink_kB=190.8  t=2.61s
  round  27/50: acc=0.8898  f1m=0.7536  uplink_kB=190.8  t=2.70s
  round  28/50: acc=0.8877  f1m=0.7521  uplink_kB=190.8  t=2.74s
  round  29/50: acc=0.8927  f1m=0.7585  uplink_kB=190.8  t=2.66s
  round  30/50: acc=0.8894  f1m=0.7543  uplink_kB=190.8  t=2.59s
  round  31/50: acc=0.8917  f1m=0.7553  uplink_kB=190.8  t=2.68s
  round  32/50: acc=0.8818  f1m=0.7399  uplink_kB=190.8  t=2.50s
  round  33/50: acc=0.8871  f1m=0.7514  uplink_kB=190.8  t=2.65s
  round  34/50: acc=0.8914  f1m=0.7565  uplink_kB=190.8  t=2.54s
  round  35/50: acc=0.8850  f1m=0.7500  uplink_kB=190.8  t=2.69s
  round  36/50: acc=0.8932  f1m=0.7579  uplink_kB=190.8  t=2.53s
  round  37/50: acc=0.8914  f1m=0.7559  uplink_kB=190.8  t=2.68s
  round  38/50: acc=0.8916  f1m=0.7544  uplink_kB=190.8  t=2.50s
  round  39/50: acc=0.8888  f1m=0.7544  uplink_kB=190.8  t=2.62s
  round  40/50: acc=0.8966  f1m=0.7613  uplink_kB=190.8  t=2.54s
  round  41/50: acc=0.8925  f1m=0.7572  uplink_kB=190.8  t=2.67s
  round  42/50: acc=0.8937  f1m=0.7586  uplink_kB=190.8  t=2.52s
  round  43/50: acc=0.8928  f1m=0.7401  uplink_kB=190.8  t=2.64s
  round  44/50: acc=0.8950  f1m=0.7592  uplink_kB=190.8  t=2.59s
  round  45/50: acc=0.8918  f1m=0.7390  uplink_kB=190.8  t=2.63s
  round  46/50: acc=0.8963  f1m=0.7458  uplink_kB=190.8  t=2.59s
  round  47/50: acc=0.8949  f1m=0.7419  uplink_kB=190.8  t=2.58s
  round  48/50: acc=0.8935  f1m=0.7416  uplink_kB=190.8  t=2.58s
  round  49/50: acc=0.8906  f1m=0.7387  uplink_kB=190.8  t=2.59s
  round  50/50: acc=0.8947  f1m=0.7429  uplink_kB=190.8  t=2.50s
[run] DONE -> /Users/agentra/Documents/hao/working/paper-lab/hao-paper-2026/iotj-fedkan-ids/repo/results/lrsweep_cseciic_mc50k/lrsweep_kan8_lr0p01__dir0.1__seed31/metrics.json  final_acc=0.8947
