[run] device=cpu  seed=2024  out=/Users/agentra/Documents/hao/working/paper-lab/hao-paper-2026/iotj-fedkan-ids/repo/results/lrsweep_botiot/lrsweep_kan8_lr0p03__dir0.1__seed2024
[run] model=kan  params=3,280
  round   1/50: acc=0.6283  f1m=0.5680  uplink_kB=150.2  t=2.24s
  round   2/50: acc=0.5090  f1m=0.3512  uplink_kB=150.2  t=1.67s
  round   3/50: acc=0.6554  f1m=0.6083  uplink_kB=150.2  t=1.61s
  round   4/50: acc=0.6741  f1m=0.6349  uplink_kB=150.2  t=1.59s
  round   5/50: acc=0.6939  f1m=0.6619  uplink_kB=150.2  t=1.59s
  round   6/50: acc=0.7799  f1m=0.7686  uplink_kB=150.2  t=1.59s
  round   7/50: acc=0.7878  f1m=0.7777  uplink_kB=150.2  t=1.58s
  round   8/50: acc=0.7894  f1m=0.7796  uplink_kB=150.2  t=1.64s
  round   9/50: acc=0.7907  f1m=0.7810  uplink_kB=150.2  t=1.63s
  round  10/50: acc=0.7955  f1m=0.7865  uplink_kB=150.2  t=1.65s
  round  11/50: acc=0.7992  f1m=0.7907  uplink_kB=150.2  t=1.63s
  round  12/50: acc=0.7983  f1m=0.7896  uplink_kB=150.2  t=1.61s
  round  13/50: acc=0.7974  f1m=0.7886  uplink_kB=150.2  t=1.57s
  round  14/50: acc=0.7964  f1m=0.7875  uplink_kB=150.2  t=1.61s
  round  15/50: acc=0.8155  f1m=0.8090  uplink_kB=150.2  t=1.65s
  round  16/50: acc=0.8087  f1m=0.8014  uplink_kB=150.2  t=1.61s
  round  17/50: acc=0.8093  f1m=0.8020  uplink_kB=150.2  t=1.61s
  round  18/50: acc=0.8532  f1m=0.8499  uplink_kB=150.2  t=1.67s
  round  19/50: acc=0.8551  f1m=0.8520  uplink_kB=150.2  t=1.56s
  round  20/50: acc=0.8963  f1m=0.8959  uplink_kB=150.2  t=1.58s
  round  21/50: acc=0.8497  f1m=0.8462  uplink_kB=150.2  t=1.59s
  round  22/50: acc=0.8582  f1m=0.8552  uplink_kB=150.2  t=1.59s
  round  23/50: acc=0.9087  f1m=0.9085  uplink_kB=150.2  t=1.56s
  round  24/50: acc=0.8568  f1m=0.8538  uplink_kB=150.2  t=1.62s
  round  25/50: acc=0.8503  f1m=0.8468  uplink_kB=150.2  t=1.57s
  round  26/50: acc=0.8507  f1m=0.8474  uplink_kB=150.2  t=1.60s
  round  27/50: acc=0.8324  f1m=0.8296  uplink_kB=150.2  t=1.61s
  round  28/50: acc=0.9205  f1m=0.9204  uplink_kB=150.2  t=1.62s
  round  29/50: acc=0.9181  f1m=0.9180  uplink_kB=150.2  t=1.62s
  round  30/50: acc=0.9668  f1m=0.9668  uplink_kB=150.2  t=1.62s
  round  31/50: acc=0.9089  f1m=0.9087  uplink_kB=150.2  t=1.63s
  round  32/50: acc=0.9433  f1m=0.9433  uplink_kB=150.2  t=1.58s
  round  33/50: acc=0.9205  f1m=0.9204  uplink_kB=150.2  t=1.63s
  round  34/50: acc=0.9670  f1m=0.9670  uplink_kB=150.2  t=1.60s
  round  35/50: acc=0.9119  f1m=0.9117  uplink_kB=150.2  t=1.64s
  round  36/50: acc=0.9271  f1m=0.9271  uplink_kB=150.2  t=1.65s
  round  37/50: acc=0.9445  f1m=0.9445  uplink_kB=150.2  t=1.60s
  round  38/50: acc=0.9268  f1m=0.9268  uplink_kB=150.2  t=1.66s
  round  39/50: acc=0.9670  f1m=0.9670  uplink_kB=150.2  t=1.64s
  round  40/50: acc=0.9441  f1m=0.9441  uplink_kB=150.2  t=1.55s
  round  41/50: acc=0.9703  f1m=0.9703  uplink_kB=150.2  t=1.64s
  round  42/50: acc=0.9683  f1m=0.9683  uplink_kB=150.2  t=1.65s
  round  43/50: acc=0.9210  f1m=0.9209  uplink_kB=150.2  t=1.64s
  round  44/50: acc=0.9680  f1m=0.9680  uplink_kB=150.2  t=1.65s
  round  45/50: acc=0.9682  f1m=0.9682  uplink_kB=150.2  t=1.66s
  round  46/50: acc=0.9672  f1m=0.9672  uplink_kB=150.2  t=1.69s
  round  47/50: acc=0.9682  f1m=0.9682  uplink_kB=150.2  t=1.64s
  round  48/50: acc=0.9672  f1m=0.9672  uplink_kB=150.2  t=1.68s
  round  49/50: acc=0.9683  f1m=0.9683  uplink_kB=150.2  t=1.69s
  round  50/50: acc=0.9698  f1m=0.9698  uplink_kB=150.2  t=1.75s
[run] DONE -> /Users/agentra/Documents/hao/working/paper-lab/hao-paper-2026/iotj-fedkan-ids/repo/results/lrsweep_botiot/lrsweep_kan8_lr0p03__dir0.1__seed2024/metrics.json  final_acc=0.9698
