[run] device=cpu  seed=17  out=/Users/agentra/Documents/hao/working/paper-lab/hao-paper-2026/iotj-fedkan-ids/repo/results/lrsweep_cseciic_mc/lrsweep_mlp32_lr0p01__dir0.1__seed17
[run] model=mlp  params=1,775
  round   1/50: acc=0.3483  f1m=0.1377  uplink_kB=69.3  t=2.79s
  round   2/50: acc=0.7124  f1m=0.4039  uplink_kB=69.3  t=2.25s
  round   3/50: acc=0.7344  f1m=0.4299  uplink_kB=69.3  t=2.21s
  round   4/50: acc=0.7638  f1m=0.4830  uplink_kB=69.3  t=2.12s
  round   5/50: acc=0.7653  f1m=0.4860  uplink_kB=69.3  t=2.09s
  round   6/50: acc=0.7688  f1m=0.4861  uplink_kB=69.3  t=2.23s
  round   7/50: acc=0.7858  f1m=0.4977  uplink_kB=69.3  t=2.12s
  round   8/50: acc=0.7873  f1m=0.5267  uplink_kB=69.3  t=2.15s
  round   9/50: acc=0.7918  f1m=0.5321  uplink_kB=69.3  t=2.14s
  round  10/50: acc=0.8029  f1m=0.5623  uplink_kB=69.3  t=2.20s
  round  11/50: acc=0.8392  f1m=0.5937  uplink_kB=69.3  t=2.13s
  round  12/50: acc=0.8323  f1m=0.5846  uplink_kB=69.3  t=2.11s
  round  13/50: acc=0.8346  f1m=0.5877  uplink_kB=69.3  t=2.16s
  round  14/50: acc=0.8293  f1m=0.5765  uplink_kB=69.3  t=2.18s
  round  15/50: acc=0.8368  f1m=0.5874  uplink_kB=69.3  t=2.12s
  round  16/50: acc=0.8371  f1m=0.5863  uplink_kB=69.3  t=2.10s
  round  17/50: acc=0.8349  f1m=0.6144  uplink_kB=69.3  t=2.10s
  round  18/50: acc=0.8275  f1m=0.6033  uplink_kB=69.3  t=2.14s
  round  19/50: acc=0.8346  f1m=0.6045  uplink_kB=69.3  t=2.07s
  round  20/50: acc=0.8359  f1m=0.6130  uplink_kB=69.3  t=2.09s
  round  21/50: acc=0.8379  f1m=0.6290  uplink_kB=69.3  t=2.15s
  round  22/50: acc=0.8286  f1m=0.6107  uplink_kB=69.3  t=2.22s
  round  23/50: acc=0.8364  f1m=0.6257  uplink_kB=69.3  t=2.14s
  round  24/50: acc=0.8348  f1m=0.6308  uplink_kB=69.3  t=2.14s
  round  25/50: acc=0.8390  f1m=0.6276  uplink_kB=69.3  t=2.09s
  round  26/50: acc=0.8345  f1m=0.6326  uplink_kB=69.3  t=2.15s
  round  27/50: acc=0.8348  f1m=0.6250  uplink_kB=69.3  t=2.13s
  round  28/50: acc=0.8337  f1m=0.6258  uplink_kB=69.3  t=2.11s
  round  29/50: acc=0.8383  f1m=0.6361  uplink_kB=69.3  t=2.13s
  round  30/50: acc=0.8362  f1m=0.6265  uplink_kB=69.3  t=2.18s
  round  31/50: acc=0.8333  f1m=0.6197  uplink_kB=69.3  t=2.07s
  round  32/50: acc=0.8375  f1m=0.6316  uplink_kB=69.3  t=2.12s
  round  33/50: acc=0.8312  f1m=0.6207  uplink_kB=69.3  t=2.09s
  round  34/50: acc=0.8357  f1m=0.6346  uplink_kB=69.3  t=2.07s
  round  35/50: acc=0.8325  f1m=0.6200  uplink_kB=69.3  t=2.15s
  round  36/50: acc=0.8306  f1m=0.6232  uplink_kB=69.3  t=2.09s
  round  37/50: acc=0.8346  f1m=0.6334  uplink_kB=69.3  t=2.14s
  round  38/50: acc=0.8426  f1m=0.6395  uplink_kB=69.3  t=2.09s
  round  39/50: acc=0.8369  f1m=0.6364  uplink_kB=69.3  t=2.17s
  round  40/50: acc=0.8375  f1m=0.6355  uplink_kB=69.3  t=2.11s
  round  41/50: acc=0.8393  f1m=0.6393  uplink_kB=69.3  t=2.21s
  round  42/50: acc=0.8379  f1m=0.6375  uplink_kB=69.3  t=2.25s
  round  43/50: acc=0.8338  f1m=0.6329  uplink_kB=69.3  t=2.14s
  round  44/50: acc=0.8342  f1m=0.6320  uplink_kB=69.3  t=2.21s
  round  45/50: acc=0.8363  f1m=0.6350  uplink_kB=69.3  t=2.20s
  round  46/50: acc=0.8376  f1m=0.6368  uplink_kB=69.3  t=2.14s
  round  47/50: acc=0.8380  f1m=0.6330  uplink_kB=69.3  t=2.47s
  round  48/50: acc=0.8429  f1m=0.6397  uplink_kB=69.3  t=2.28s
  round  49/50: acc=0.8395  f1m=0.6366  uplink_kB=69.3  t=2.17s
  round  50/50: acc=0.8403  f1m=0.6382  uplink_kB=69.3  t=2.17s
[run] DONE -> /Users/agentra/Documents/hao/working/paper-lab/hao-paper-2026/iotj-fedkan-ids/repo/results/lrsweep_cseciic_mc/lrsweep_mlp32_lr0p01__dir0.1__seed17/metrics.json  final_acc=0.8403
