[run] device=cpu  seed=23  out=/Users/agentra/Documents/hao/working/paper-lab/hao-paper-2026/iotj-fedkan-ids/repo/results/lrsweep_botiot/lrsweep_kan8_lr0p003__dir0.1__seed23
[run] model=kan  params=3,280
  round   1/50: acc=0.7942  f1m=0.7870  uplink_kB=150.2  t=2.22s
  round   2/50: acc=0.7844  f1m=0.7748  uplink_kB=150.2  t=1.58s
  round   3/50: acc=0.7948  f1m=0.7866  uplink_kB=150.2  t=1.64s
  round   4/50: acc=0.8016  f1m=0.7944  uplink_kB=150.2  t=1.59s
  round   5/50: acc=0.8074  f1m=0.8008  uplink_kB=150.2  t=1.60s
  round   6/50: acc=0.8391  f1m=0.8353  uplink_kB=150.2  t=1.61s
  round   7/50: acc=0.8663  f1m=0.8642  uplink_kB=150.2  t=1.66s
  round   8/50: acc=0.8908  f1m=0.8897  uplink_kB=150.2  t=1.63s
  round   9/50: acc=0.9144  f1m=0.9139  uplink_kB=150.2  t=1.59s
  round  10/50: acc=0.9253  f1m=0.9249  uplink_kB=150.2  t=1.64s
  round  11/50: acc=0.9362  f1m=0.9360  uplink_kB=150.2  t=1.64s
  round  12/50: acc=0.9450  f1m=0.9449  uplink_kB=150.2  t=1.58s
  round  13/50: acc=0.9476  f1m=0.9475  uplink_kB=150.2  t=1.66s
  round  14/50: acc=0.9486  f1m=0.9485  uplink_kB=150.2  t=1.63s
  round  15/50: acc=0.9548  f1m=0.9547  uplink_kB=150.2  t=1.59s
  round  16/50: acc=0.9528  f1m=0.9527  uplink_kB=150.2  t=1.63s
  round  17/50: acc=0.9528  f1m=0.9527  uplink_kB=150.2  t=1.62s
  round  18/50: acc=0.9516  f1m=0.9515  uplink_kB=150.2  t=1.62s
  round  19/50: acc=0.9515  f1m=0.9514  uplink_kB=150.2  t=1.56s
  round  20/50: acc=0.9553  f1m=0.9552  uplink_kB=150.2  t=1.63s
  round  21/50: acc=0.9572  f1m=0.9571  uplink_kB=150.2  t=1.63s
  round  22/50: acc=0.9595  f1m=0.9595  uplink_kB=150.2  t=1.61s
  round  23/50: acc=0.9596  f1m=0.9595  uplink_kB=150.2  t=1.62s
  round  24/50: acc=0.9601  f1m=0.9600  uplink_kB=150.2  t=1.67s
  round  25/50: acc=0.9595  f1m=0.9595  uplink_kB=150.2  t=1.54s
  round  26/50: acc=0.9601  f1m=0.9600  uplink_kB=150.2  t=1.64s
  round  27/50: acc=0.9605  f1m=0.9605  uplink_kB=150.2  t=1.60s
  round  28/50: acc=0.9613  f1m=0.9612  uplink_kB=150.2  t=1.59s
  round  29/50: acc=0.9613  f1m=0.9613  uplink_kB=150.2  t=1.62s
  round  30/50: acc=0.9618  f1m=0.9617  uplink_kB=150.2  t=1.61s
  round  31/50: acc=0.9618  f1m=0.9618  uplink_kB=150.2  t=1.62s
  round  32/50: acc=0.9619  f1m=0.9618  uplink_kB=150.2  t=1.58s
  round  33/50: acc=0.9624  f1m=0.9624  uplink_kB=150.2  t=1.59s
  round  34/50: acc=0.9633  f1m=0.9633  uplink_kB=150.2  t=1.60s
  round  35/50: acc=0.9634  f1m=0.9633  uplink_kB=150.2  t=1.64s
  round  36/50: acc=0.9616  f1m=0.9615  uplink_kB=150.2  t=1.58s
  round  37/50: acc=0.9625  f1m=0.9624  uplink_kB=150.2  t=1.63s
  round  38/50: acc=0.9636  f1m=0.9636  uplink_kB=150.2  t=1.56s
  round  39/50: acc=0.9629  f1m=0.9629  uplink_kB=150.2  t=1.64s
  round  40/50: acc=0.9612  f1m=0.9611  uplink_kB=150.2  t=1.68s
  round  41/50: acc=0.9649  f1m=0.9648  uplink_kB=150.2  t=1.62s
  round  42/50: acc=0.9645  f1m=0.9645  uplink_kB=150.2  t=1.62s
  round  43/50: acc=0.9642  f1m=0.9641  uplink_kB=150.2  t=1.61s
  round  44/50: acc=0.9646  f1m=0.9646  uplink_kB=150.2  t=1.62s
  round  45/50: acc=0.9640  f1m=0.9640  uplink_kB=150.2  t=1.65s
  round  46/50: acc=0.9647  f1m=0.9646  uplink_kB=150.2  t=1.65s
  round  47/50: acc=0.9643  f1m=0.9643  uplink_kB=150.2  t=1.52s
  round  48/50: acc=0.9643  f1m=0.9643  uplink_kB=150.2  t=1.64s
  round  49/50: acc=0.9644  f1m=0.9643  uplink_kB=150.2  t=1.63s
  round  50/50: acc=0.9647  f1m=0.9646  uplink_kB=150.2  t=1.64s
[run] DONE -> /Users/agentra/Documents/hao/working/paper-lab/hao-paper-2026/iotj-fedkan-ids/repo/results/lrsweep_botiot/lrsweep_kan8_lr0p003__dir0.1__seed23/metrics.json  final_acc=0.9647
