[run] device=cpu  seed=42  out=/Users/agentra/Documents/hao/working/paper-lab/hao-paper-2026/iotj-fedkan-ids/repo/results/lrsweep_cseciic_mc/lrsweep_mlp80_lr0p0003__dir0.1__seed42
[run] model=mlp  params=4,415
  round   1/50: acc=0.2625  f1m=0.0748  uplink_kB=172.5  t=2.82s
  round   2/50: acc=0.2336  f1m=0.0652  uplink_kB=172.5  t=2.20s
  round   3/50: acc=0.2326  f1m=0.0521  uplink_kB=172.5  t=2.20s
  round   4/50: acc=0.2566  f1m=0.0741  uplink_kB=172.5  t=2.18s
  round   5/50: acc=0.2706  f1m=0.0887  uplink_kB=172.5  t=2.11s
  round   6/50: acc=0.3125  f1m=0.1112  uplink_kB=172.5  t=2.16s
  round   7/50: acc=0.3289  f1m=0.1196  uplink_kB=172.5  t=2.13s
  round   8/50: acc=0.3294  f1m=0.1214  uplink_kB=172.5  t=2.10s
  round   9/50: acc=0.3310  f1m=0.1206  uplink_kB=172.5  t=2.08s
  round  10/50: acc=0.3322  f1m=0.1189  uplink_kB=172.5  t=2.10s
  round  11/50: acc=0.3362  f1m=0.1202  uplink_kB=172.5  t=2.18s
  round  12/50: acc=0.3635  f1m=0.1325  uplink_kB=172.5  t=2.11s
  round  13/50: acc=0.4145  f1m=0.1567  uplink_kB=172.5  t=2.16s
  round  14/50: acc=0.4188  f1m=0.1587  uplink_kB=172.5  t=2.15s
  round  15/50: acc=0.4136  f1m=0.1564  uplink_kB=172.5  t=2.36s
  round  16/50: acc=0.4143  f1m=0.1565  uplink_kB=172.5  t=2.17s
  round  17/50: acc=0.4176  f1m=0.1604  uplink_kB=172.5  t=2.18s
  round  18/50: acc=0.4176  f1m=0.1608  uplink_kB=172.5  t=2.16s
  round  19/50: acc=0.4194  f1m=0.1626  uplink_kB=172.5  t=2.18s
  round  20/50: acc=0.4139  f1m=0.1607  uplink_kB=172.5  t=2.15s
  round  21/50: acc=0.3913  f1m=0.1520  uplink_kB=172.5  t=2.12s
  round  22/50: acc=0.3863  f1m=0.1722  uplink_kB=172.5  t=2.20s
  round  23/50: acc=0.3720  f1m=0.1657  uplink_kB=172.5  t=2.16s
  round  24/50: acc=0.3686  f1m=0.1677  uplink_kB=172.5  t=2.16s
  round  25/50: acc=0.3968  f1m=0.2262  uplink_kB=172.5  t=2.15s
  round  26/50: acc=0.4011  f1m=0.2309  uplink_kB=172.5  t=2.15s
  round  27/50: acc=0.4013  f1m=0.2321  uplink_kB=172.5  t=2.15s
  round  28/50: acc=0.4014  f1m=0.2321  uplink_kB=172.5  t=2.20s
  round  29/50: acc=0.4009  f1m=0.2313  uplink_kB=172.5  t=2.11s
  round  30/50: acc=0.4011  f1m=0.2323  uplink_kB=172.5  t=2.15s
  round  31/50: acc=0.4010  f1m=0.2314  uplink_kB=172.5  t=2.12s
  round  32/50: acc=0.3993  f1m=0.2306  uplink_kB=172.5  t=2.17s
  round  33/50: acc=0.4032  f1m=0.2502  uplink_kB=172.5  t=2.13s
  round  34/50: acc=0.4015  f1m=0.2496  uplink_kB=172.5  t=2.13s
  round  35/50: acc=0.4013  f1m=0.2491  uplink_kB=172.5  t=2.16s
  round  36/50: acc=0.4021  f1m=0.2502  uplink_kB=172.5  t=2.19s
  round  37/50: acc=0.4039  f1m=0.2518  uplink_kB=172.5  t=2.13s
  round  38/50: acc=0.4075  f1m=0.2553  uplink_kB=172.5  t=2.17s
  round  39/50: acc=0.4111  f1m=0.2583  uplink_kB=172.5  t=2.19s
  round  40/50: acc=0.4192  f1m=0.2647  uplink_kB=172.5  t=2.23s
  round  41/50: acc=0.4200  f1m=0.2658  uplink_kB=172.5  t=2.16s
  round  42/50: acc=0.4259  f1m=0.2698  uplink_kB=172.5  t=2.33s
  round  43/50: acc=0.4300  f1m=0.2738  uplink_kB=172.5  t=2.15s
  round  44/50: acc=0.4328  f1m=0.2764  uplink_kB=172.5  t=2.14s
  round  45/50: acc=0.4358  f1m=0.2799  uplink_kB=172.5  t=2.19s
  round  46/50: acc=0.4420  f1m=0.2834  uplink_kB=172.5  t=2.12s
  round  47/50: acc=0.4458  f1m=0.2863  uplink_kB=172.5  t=2.11s
  round  48/50: acc=0.4551  f1m=0.2944  uplink_kB=172.5  t=2.12s
  round  49/50: acc=0.4628  f1m=0.2999  uplink_kB=172.5  t=2.16s
  round  50/50: acc=0.4641  f1m=0.3007  uplink_kB=172.5  t=2.12s
[run] DONE -> /Users/agentra/Documents/hao/working/paper-lab/hao-paper-2026/iotj-fedkan-ids/repo/results/lrsweep_cseciic_mc/lrsweep_mlp80_lr0p0003__dir0.1__seed42/metrics.json  final_acc=0.4641
