[run] device=cpu  seed=37  out=/Users/agentra/Documents/hao/working/paper-lab/hao-paper-2026/iotj-fedkan-ids/repo/results/lrsweep_cseciic_mc/lrsweep_kan8_lr0p1__dir0.1__seed37
[run] model=kan  params=4,320
  round   1/50: acc=0.2629  f1m=0.0609  uplink_kB=190.8  t=6.02s
  round   2/50: acc=0.5615  f1m=0.2316  uplink_kB=190.8  t=5.45s
  round   3/50: acc=0.5278  f1m=0.2305  uplink_kB=190.8  t=5.42s
  round   4/50: acc=0.6104  f1m=0.3031  uplink_kB=190.8  t=5.48s
  round   5/50: acc=0.5723  f1m=0.2851  uplink_kB=190.8  t=5.51s
  round   6/50: acc=0.7912  f1m=0.5508  uplink_kB=190.8  t=5.38s
  round   7/50: acc=0.7182  f1m=0.3511  uplink_kB=190.8  t=5.61s
  round   8/50: acc=0.7071  f1m=0.4489  uplink_kB=190.8  t=5.32s
  round   9/50: acc=0.5519  f1m=0.2531  uplink_kB=190.8  t=5.23s
  round  10/50: acc=0.7207  f1m=0.3322  uplink_kB=190.8  t=5.32s
  round  11/50: acc=0.5716  f1m=0.2429  uplink_kB=190.8  t=5.32s
  round  12/50: acc=0.4662  f1m=0.2009  uplink_kB=190.8  t=5.32s
  round  13/50: acc=0.6868  f1m=0.2739  uplink_kB=190.8  t=5.35s
  round  14/50: acc=0.5170  f1m=0.2144  uplink_kB=190.8  t=5.30s
  round  15/50: acc=0.5379  f1m=0.2213  uplink_kB=190.8  t=5.27s
  round  16/50: acc=0.4650  f1m=0.2346  uplink_kB=190.8  t=5.32s
  round  17/50: acc=0.4271  f1m=0.1585  uplink_kB=190.8  t=5.96s
  round  18/50: acc=0.4148  f1m=0.2016  uplink_kB=190.8  t=6.55s
  round  19/50: acc=0.3322  f1m=0.1144  uplink_kB=190.8  t=5.29s
  round  20/50: acc=0.5267  f1m=0.2186  uplink_kB=190.8  t=5.83s
  round  21/50: acc=0.3831  f1m=0.1177  uplink_kB=190.8  t=5.57s
  round  22/50: acc=0.3958  f1m=0.1704  uplink_kB=190.8  t=5.44s
  round  23/50: acc=0.2587  f1m=0.0984  uplink_kB=190.8  t=5.48s
  round  24/50: acc=0.1682  f1m=0.0653  uplink_kB=190.8  t=5.62s
  round  25/50: acc=0.2086  f1m=0.1020  uplink_kB=190.8  t=5.59s
  round  26/50: acc=0.2220  f1m=0.1035  uplink_kB=190.8  t=5.65s
  round  27/50: acc=0.1994  f1m=0.0989  uplink_kB=190.8  t=5.47s
  round  28/50: acc=0.2238  f1m=0.1126  uplink_kB=190.8  t=5.56s
  round  29/50: acc=0.2151  f1m=0.1324  uplink_kB=190.8  t=5.49s
  round  30/50: acc=0.2453  f1m=0.1463  uplink_kB=190.8  t=5.48s
  round  31/50: acc=0.1173  f1m=0.0615  uplink_kB=190.8  t=5.38s
  round  32/50: acc=0.1222  f1m=0.0673  uplink_kB=190.8  t=5.53s
  round  33/50: acc=0.1033  f1m=0.0632  uplink_kB=190.8  t=5.40s
  round  34/50: acc=0.0953  f1m=0.0359  uplink_kB=190.8  t=5.42s
  round  35/50: acc=0.0948  f1m=0.0358  uplink_kB=190.8  t=5.34s
  round  36/50: acc=0.0951  f1m=0.0359  uplink_kB=190.8  t=5.29s
  round  37/50: acc=0.0954  f1m=0.0359  uplink_kB=190.8  t=5.48s
  round  38/50: acc=0.0950  f1m=0.0358  uplink_kB=190.8  t=5.37s
  round  39/50: acc=0.0949  f1m=0.0358  uplink_kB=190.8  t=5.60s
  round  40/50: acc=0.0950  f1m=0.0359  uplink_kB=190.8  t=5.27s
  round  41/50: acc=0.0953  f1m=0.0359  uplink_kB=190.8  t=5.48s
  round  42/50: acc=0.0954  f1m=0.0360  uplink_kB=190.8  t=5.80s
  round  43/50: acc=0.2079  f1m=0.0846  uplink_kB=190.8  t=5.44s
  round  44/50: acc=0.2495  f1m=0.0897  uplink_kB=190.8  t=5.65s
  round  45/50: acc=0.2490  f1m=0.0895  uplink_kB=190.8  t=5.38s
  round  46/50: acc=0.2494  f1m=0.0897  uplink_kB=190.8  t=5.39s
  round  47/50: acc=0.2497  f1m=0.0899  uplink_kB=190.8  t=5.54s
  round  48/50: acc=0.2495  f1m=0.0897  uplink_kB=190.8  t=5.34s
  round  49/50: acc=0.2494  f1m=0.0897  uplink_kB=190.8  t=5.31s
  round  50/50: acc=0.2495  f1m=0.0897  uplink_kB=190.8  t=5.38s
[run] DONE -> /Users/agentra/Documents/hao/working/paper-lab/hao-paper-2026/iotj-fedkan-ids/repo/results/lrsweep_cseciic_mc/lrsweep_kan8_lr0p1__dir0.1__seed37/metrics.json  final_acc=0.2495
