[run] device=cpu  seed=29  out=/Users/agentra/Documents/hao/working/paper-lab/hao-paper-2026/iotj-fedkan-ids/repo/results/lrsweep_botiot/lrsweep_kan16_lr0p0003__dir0.1__seed29
[run] model=kan  params=6,560
  round   1/50: acc=0.4893  f1m=0.3307  uplink_kB=282.0  t=2.57s
  round   2/50: acc=0.4925  f1m=0.3300  uplink_kB=282.0  t=2.00s
  round   3/50: acc=0.4989  f1m=0.3328  uplink_kB=282.0  t=1.89s
  round   4/50: acc=0.4989  f1m=0.3328  uplink_kB=282.0  t=1.96s
  round   5/50: acc=0.4989  f1m=0.3328  uplink_kB=282.0  t=1.89s
  round   6/50: acc=0.4989  f1m=0.3328  uplink_kB=282.0  t=1.90s
  round   7/50: acc=0.4989  f1m=0.3328  uplink_kB=282.0  t=1.92s
  round   8/50: acc=0.4989  f1m=0.3328  uplink_kB=282.0  t=1.92s
  round   9/50: acc=0.4989  f1m=0.3328  uplink_kB=282.0  t=1.87s
  round  10/50: acc=0.4989  f1m=0.3328  uplink_kB=282.0  t=2.00s
  round  11/50: acc=0.4989  f1m=0.3328  uplink_kB=282.0  t=2.21s
  round  12/50: acc=0.4989  f1m=0.3328  uplink_kB=282.0  t=1.95s
  round  13/50: acc=0.4989  f1m=0.3328  uplink_kB=282.0  t=1.92s
  round  14/50: acc=0.4989  f1m=0.3328  uplink_kB=282.0  t=1.88s
  round  15/50: acc=0.4989  f1m=0.3328  uplink_kB=282.0  t=1.95s
  round  16/50: acc=0.4989  f1m=0.3328  uplink_kB=282.0  t=1.93s
  round  17/50: acc=0.4989  f1m=0.3328  uplink_kB=282.0  t=1.86s
  round  18/50: acc=0.4989  f1m=0.3328  uplink_kB=282.0  t=1.94s
  round  19/50: acc=0.4989  f1m=0.3328  uplink_kB=282.0  t=1.91s
  round  20/50: acc=0.4989  f1m=0.3328  uplink_kB=282.0  t=1.87s
  round  21/50: acc=0.4989  f1m=0.3328  uplink_kB=282.0  t=1.93s
  round  22/50: acc=0.4989  f1m=0.3328  uplink_kB=282.0  t=2.12s
  round  23/50: acc=0.4989  f1m=0.3328  uplink_kB=282.0  t=2.05s
  round  24/50: acc=0.4989  f1m=0.3328  uplink_kB=282.0  t=2.24s
  round  25/50: acc=0.4989  f1m=0.3328  uplink_kB=282.0  t=2.28s
  round  26/50: acc=0.4989  f1m=0.3328  uplink_kB=282.0  t=2.19s
  round  27/50: acc=0.4989  f1m=0.3328  uplink_kB=282.0  t=2.09s
  round  28/50: acc=0.4989  f1m=0.3328  uplink_kB=282.0  t=2.14s
  round  29/50: acc=0.4989  f1m=0.3328  uplink_kB=282.0  t=2.11s
  round  30/50: acc=0.4989  f1m=0.3328  uplink_kB=282.0  t=2.08s
  round  31/50: acc=0.4989  f1m=0.3328  uplink_kB=282.0  t=2.13s
  round  32/50: acc=0.4989  f1m=0.3328  uplink_kB=282.0  t=2.10s
  round  33/50: acc=0.4989  f1m=0.3328  uplink_kB=282.0  t=2.16s
  round  34/50: acc=0.4989  f1m=0.3328  uplink_kB=282.0  t=2.10s
  round  35/50: acc=0.4989  f1m=0.3328  uplink_kB=282.0  t=2.13s
  round  36/50: acc=0.4989  f1m=0.3328  uplink_kB=282.0  t=1.98s
  round  37/50: acc=0.4989  f1m=0.3328  uplink_kB=282.0  t=1.89s
  round  38/50: acc=0.4989  f1m=0.3328  uplink_kB=282.0  t=1.85s
  round  39/50: acc=0.4989  f1m=0.3328  uplink_kB=282.0  t=1.90s
  round  40/50: acc=0.4989  f1m=0.3328  uplink_kB=282.0  t=1.93s
  round  41/50: acc=0.4989  f1m=0.3328  uplink_kB=282.0  t=1.87s
  round  42/50: acc=0.4989  f1m=0.3328  uplink_kB=282.0  t=1.97s
  round  43/50: acc=0.4989  f1m=0.3328  uplink_kB=282.0  t=1.96s
  round  44/50: acc=0.4989  f1m=0.3328  uplink_kB=282.0  t=2.05s
  round  45/50: acc=0.4989  f1m=0.3328  uplink_kB=282.0  t=2.20s
  round  46/50: acc=0.4989  f1m=0.3328  uplink_kB=282.0  t=2.12s
  round  47/50: acc=0.4989  f1m=0.3328  uplink_kB=282.0  t=2.05s
  round  48/50: acc=0.4989  f1m=0.3328  uplink_kB=282.0  t=2.14s
  round  49/50: acc=0.4989  f1m=0.3328  uplink_kB=282.0  t=2.05s
  round  50/50: acc=0.4989  f1m=0.3328  uplink_kB=282.0  t=2.07s
[run] DONE -> /Users/agentra/Documents/hao/working/paper-lab/hao-paper-2026/iotj-fedkan-ids/repo/results/lrsweep_botiot/lrsweep_kan16_lr0p0003__dir0.1__seed29/metrics.json  final_acc=0.4989
