[run] device=cpu  seed=2024  out=/Users/agentra/Documents/hao/working/paper-lab/hao-paper-2026/iotj-fedkan-ids/repo/results/lrsweep_cseciic_mc50k/lrsweep_kan16_lr0p03__dir0.1__seed2024
[run] model=kan  params=8,640
  round   1/50: acc=0.2563  f1m=0.0784  uplink_kB=363.3  t=3.59s
  round   2/50: acc=0.5474  f1m=0.2591  uplink_kB=363.3  t=3.04s
  round   3/50: acc=0.6861  f1m=0.4230  uplink_kB=363.3  t=3.13s
  round   4/50: acc=0.6342  f1m=0.3672  uplink_kB=363.3  t=3.03s
  round   5/50: acc=0.7825  f1m=0.5508  uplink_kB=363.3  t=3.12s
  round   6/50: acc=0.7693  f1m=0.4918  uplink_kB=363.3  t=3.21s
  round   7/50: acc=0.7907  f1m=0.5508  uplink_kB=363.3  t=3.11s
  round   8/50: acc=0.6587  f1m=0.4102  uplink_kB=363.3  t=3.15s
  round   9/50: acc=0.8266  f1m=0.5730  uplink_kB=363.3  t=3.47s
  round  10/50: acc=0.6848  f1m=0.4679  uplink_kB=363.3  t=3.14s
  round  11/50: acc=0.6345  f1m=0.3853  uplink_kB=363.3  t=3.00s
  round  12/50: acc=0.7530  f1m=0.4726  uplink_kB=363.3  t=3.01s
  round  13/50: acc=0.6292  f1m=0.3765  uplink_kB=363.3  t=2.97s
  round  14/50: acc=0.7836  f1m=0.5087  uplink_kB=363.3  t=3.05s
  round  15/50: acc=0.8183  f1m=0.6015  uplink_kB=363.3  t=3.04s
  round  16/50: acc=0.8043  f1m=0.5760  uplink_kB=363.3  t=3.04s
  round  17/50: acc=0.7863  f1m=0.5257  uplink_kB=363.3  t=3.05s
  round  18/50: acc=0.7109  f1m=0.4562  uplink_kB=363.3  t=3.15s
  round  19/50: acc=0.8319  f1m=0.5796  uplink_kB=363.3  t=3.06s
  round  20/50: acc=0.6793  f1m=0.4332  uplink_kB=363.3  t=3.17s
  round  21/50: acc=0.7996  f1m=0.5018  uplink_kB=363.3  t=3.15s
  round  22/50: acc=0.7088  f1m=0.5090  uplink_kB=363.3  t=3.16s
  round  23/50: acc=0.8269  f1m=0.6015  uplink_kB=363.3  t=3.11s
  round  24/50: acc=0.8057  f1m=0.5385  uplink_kB=363.3  t=3.11s
  round  25/50: acc=0.8120  f1m=0.5749  uplink_kB=363.3  t=3.10s
  round  26/50: acc=0.8227  f1m=0.5797  uplink_kB=363.3  t=3.19s
  round  27/50: acc=0.8262  f1m=0.6072  uplink_kB=363.3  t=3.13s
  round  28/50: acc=0.8337  f1m=0.6017  uplink_kB=363.3  t=3.10s
  round  29/50: acc=0.8153  f1m=0.6630  uplink_kB=363.3  t=3.05s
  round  30/50: acc=0.8065  f1m=0.6409  uplink_kB=363.3  t=3.19s
  round  31/50: acc=0.8430  f1m=0.5891  uplink_kB=363.3  t=3.10s
  round  32/50: acc=0.8299  f1m=0.6091  uplink_kB=363.3  t=3.16s
  round  33/50: acc=0.8478  f1m=0.6606  uplink_kB=363.3  t=3.12s
  round  34/50: acc=0.7624  f1m=0.5810  uplink_kB=363.3  t=3.15s
  round  35/50: acc=0.8312  f1m=0.6792  uplink_kB=363.3  t=3.12s
  round  36/50: acc=0.8212  f1m=0.5850  uplink_kB=363.3  t=3.03s
  round  37/50: acc=0.8381  f1m=0.6750  uplink_kB=363.3  t=3.15s
  round  38/50: acc=0.8522  f1m=0.6177  uplink_kB=363.3  t=3.13s
  round  39/50: acc=0.8546  f1m=0.6833  uplink_kB=363.3  t=3.10s
  round  40/50: acc=0.7962  f1m=0.5352  uplink_kB=363.3  t=3.10s
  round  41/50: acc=0.8548  f1m=0.6264  uplink_kB=363.3  t=3.10s
  round  42/50: acc=0.7820  f1m=0.6082  uplink_kB=363.3  t=3.10s
  round  43/50: acc=0.8693  f1m=0.7219  uplink_kB=363.3  t=3.16s
  round  44/50: acc=0.8101  f1m=0.5733  uplink_kB=363.3  t=3.02s
  round  45/50: acc=0.8614  f1m=0.6522  uplink_kB=363.3  t=3.14s
  round  46/50: acc=0.7337  f1m=0.5217  uplink_kB=363.3  t=3.03s
  round  47/50: acc=0.8143  f1m=0.5476  uplink_kB=363.3  t=3.09s
  round  48/50: acc=0.8489  f1m=0.6373  uplink_kB=363.3  t=3.09s
  round  49/50: acc=0.8208  f1m=0.5742  uplink_kB=363.3  t=3.10s
  round  50/50: acc=0.8257  f1m=0.6162  uplink_kB=363.3  t=3.00s
[run] DONE -> /Users/agentra/Documents/hao/working/paper-lab/hao-paper-2026/iotj-fedkan-ids/repo/results/lrsweep_cseciic_mc50k/lrsweep_kan16_lr0p03__dir0.1__seed2024/metrics.json  final_acc=0.8257
