[run] device=cpu  seed=2024  out=/Users/agentra/Documents/hao/working/paper-lab/hao-paper-2026/iotj-fedkan-ids/repo/results/lrsweep_cseciic_mc/lrsweep_kan16_lr0p03__dir0.1__seed2024
[run] model=kan  params=8,640
  round   1/50: acc=0.4353  f1m=0.1302  uplink_kB=363.3  t=6.95s
  round   2/50: acc=0.6710  f1m=0.4192  uplink_kB=363.3  t=6.51s
  round   3/50: acc=0.8254  f1m=0.5658  uplink_kB=363.3  t=6.37s
  round   4/50: acc=0.6889  f1m=0.5521  uplink_kB=363.3  t=6.42s
  round   5/50: acc=0.7879  f1m=0.6098  uplink_kB=363.3  t=6.37s
  round   6/50: acc=0.6991  f1m=0.5713  uplink_kB=363.3  t=6.43s
  round   7/50: acc=0.8748  f1m=0.7367  uplink_kB=363.3  t=6.45s
  round   8/50: acc=0.7086  f1m=0.6012  uplink_kB=363.3  t=6.38s
  round   9/50: acc=0.7038  f1m=0.6213  uplink_kB=363.3  t=6.32s
  round  10/50: acc=0.7121  f1m=0.6039  uplink_kB=363.3  t=6.26s
  round  11/50: acc=0.6928  f1m=0.5726  uplink_kB=363.3  t=6.43s
  round  12/50: acc=0.8090  f1m=0.5887  uplink_kB=363.3  t=6.35s
  round  13/50: acc=0.7097  f1m=0.6598  uplink_kB=363.3  t=6.57s
  round  14/50: acc=0.6967  f1m=0.6230  uplink_kB=363.3  t=6.48s
  round  15/50: acc=0.7182  f1m=0.6453  uplink_kB=363.3  t=6.39s
  round  16/50: acc=0.8604  f1m=0.7351  uplink_kB=363.3  t=6.45s
  round  17/50: acc=0.7143  f1m=0.6353  uplink_kB=363.3  t=6.40s
  round  18/50: acc=0.7794  f1m=0.6253  uplink_kB=363.3  t=6.29s
  round  19/50: acc=0.8569  f1m=0.7012  uplink_kB=363.3  t=6.26s
  round  20/50: acc=0.8094  f1m=0.6365  uplink_kB=363.3  t=6.40s
  round  21/50: acc=0.7175  f1m=0.6598  uplink_kB=363.3  t=6.40s
  round  22/50: acc=0.8481  f1m=0.7276  uplink_kB=363.3  t=6.40s
  round  23/50: acc=0.8631  f1m=0.7306  uplink_kB=363.3  t=6.32s
  round  24/50: acc=0.6922  f1m=0.6560  uplink_kB=363.3  t=6.29s
  round  25/50: acc=0.8763  f1m=0.7449  uplink_kB=363.3  t=6.99s
  round  26/50: acc=0.8617  f1m=0.7368  uplink_kB=363.3  t=8.06s
  round  27/50: acc=0.7119  f1m=0.6000  uplink_kB=363.3  t=6.60s
  round  28/50: acc=0.8643  f1m=0.6774  uplink_kB=363.3  t=6.16s
  round  29/50: acc=0.7061  f1m=0.6294  uplink_kB=363.3  t=6.09s
  round  30/50: acc=0.8511  f1m=0.7340  uplink_kB=363.3  t=6.18s
  round  31/50: acc=0.7121  f1m=0.6656  uplink_kB=363.3  t=6.17s
  round  32/50: acc=0.7044  f1m=0.6580  uplink_kB=363.3  t=6.08s
  round  33/50: acc=0.7252  f1m=0.6723  uplink_kB=363.3  t=6.10s
  round  34/50: acc=0.8381  f1m=0.7403  uplink_kB=363.3  t=6.13s
  round  35/50: acc=0.8149  f1m=0.7122  uplink_kB=363.3  t=6.12s
  round  36/50: acc=0.8463  f1m=0.6997  uplink_kB=363.3  t=6.17s
  round  37/50: acc=0.7355  f1m=0.6780  uplink_kB=363.3  t=6.13s
  round  38/50: acc=0.7070  f1m=0.5963  uplink_kB=363.3  t=6.13s
  round  39/50: acc=0.7154  f1m=0.6410  uplink_kB=363.3  t=6.08s
  round  40/50: acc=0.7298  f1m=0.6749  uplink_kB=363.3  t=6.17s
  round  41/50: acc=0.7041  f1m=0.6495  uplink_kB=363.3  t=6.08s
  round  42/50: acc=0.7246  f1m=0.6595  uplink_kB=363.3  t=6.11s
  round  43/50: acc=0.7057  f1m=0.6615  uplink_kB=363.3  t=6.11s
  round  44/50: acc=0.7248  f1m=0.6501  uplink_kB=363.3  t=6.20s
  round  45/50: acc=0.8591  f1m=0.7275  uplink_kB=363.3  t=6.16s
  round  46/50: acc=0.7102  f1m=0.6567  uplink_kB=363.3  t=6.09s
  round  47/50: acc=0.8386  f1m=0.6930  uplink_kB=363.3  t=6.07s
  round  48/50: acc=0.7091  f1m=0.6581  uplink_kB=363.3  t=6.08s
  round  49/50: acc=0.8608  f1m=0.7302  uplink_kB=363.3  t=6.18s
  round  50/50: acc=0.8412  f1m=0.7136  uplink_kB=363.3  t=6.01s
[run] DONE -> /Users/agentra/Documents/hao/working/paper-lab/hao-paper-2026/iotj-fedkan-ids/repo/results/lrsweep_cseciic_mc/lrsweep_kan16_lr0p03__dir0.1__seed2024/metrics.json  final_acc=0.8412
