[run] device=cpu  seed=43  out=/Users/agentra/Documents/hao/working/paper-lab/hao-paper-2026/iotj-fedkan-ids/repo/results/lrsweep_cseciic_mc/lrsweep_kan8_lr0p003__dir0.1__seed43
[run] model=kan  params=4,320
  round   1/50: acc=0.2880  f1m=0.0921  uplink_kB=190.8  t=6.20s
  round   2/50: acc=0.5725  f1m=0.2531  uplink_kB=190.8  t=5.57s
  round   3/50: acc=0.5997  f1m=0.2762  uplink_kB=190.8  t=5.46s
  round   4/50: acc=0.7492  f1m=0.3475  uplink_kB=190.8  t=5.62s
  round   5/50: acc=0.7611  f1m=0.3767  uplink_kB=190.8  t=5.39s
  round   6/50: acc=0.7729  f1m=0.4579  uplink_kB=190.8  t=5.53s
  round   7/50: acc=0.7791  f1m=0.4703  uplink_kB=190.8  t=5.45s
  round   8/50: acc=0.8054  f1m=0.4949  uplink_kB=190.8  t=5.44s
  round   9/50: acc=0.8063  f1m=0.4957  uplink_kB=190.8  t=5.59s
  round  10/50: acc=0.8072  f1m=0.4971  uplink_kB=190.8  t=5.48s
  round  11/50: acc=0.8079  f1m=0.5013  uplink_kB=190.8  t=5.45s
  round  12/50: acc=0.8064  f1m=0.5012  uplink_kB=190.8  t=5.51s
  round  13/50: acc=0.8081  f1m=0.5032  uplink_kB=190.8  t=5.41s
  round  14/50: acc=0.8110  f1m=0.5043  uplink_kB=190.8  t=5.53s
  round  15/50: acc=0.8334  f1m=0.5604  uplink_kB=190.8  t=5.43s
  round  16/50: acc=0.8172  f1m=0.5381  uplink_kB=190.8  t=5.48s
  round  17/50: acc=0.8075  f1m=0.5138  uplink_kB=190.8  t=5.37s
  round  18/50: acc=0.8090  f1m=0.5154  uplink_kB=190.8  t=5.57s
  round  19/50: acc=0.8213  f1m=0.5418  uplink_kB=190.8  t=5.72s
  round  20/50: acc=0.8118  f1m=0.5177  uplink_kB=190.8  t=5.57s
  round  21/50: acc=0.8132  f1m=0.5189  uplink_kB=190.8  t=5.50s
  round  22/50: acc=0.8280  f1m=0.5507  uplink_kB=190.8  t=5.60s
  round  23/50: acc=0.8308  f1m=0.5678  uplink_kB=190.8  t=5.63s
  round  24/50: acc=0.8362  f1m=0.5749  uplink_kB=190.8  t=5.43s
  round  25/50: acc=0.8341  f1m=0.5732  uplink_kB=190.8  t=5.54s
  round  26/50: acc=0.8333  f1m=0.5720  uplink_kB=190.8  t=5.58s
  round  27/50: acc=0.8338  f1m=0.5729  uplink_kB=190.8  t=5.58s
  round  28/50: acc=0.8369  f1m=0.5767  uplink_kB=190.8  t=5.48s
  round  29/50: acc=0.8410  f1m=0.5821  uplink_kB=190.8  t=5.37s
  round  30/50: acc=0.8415  f1m=0.5823  uplink_kB=190.8  t=5.50s
  round  31/50: acc=0.8370  f1m=0.5767  uplink_kB=190.8  t=5.56s
  round  32/50: acc=0.8372  f1m=0.5774  uplink_kB=190.8  t=5.44s
  round  33/50: acc=0.8335  f1m=0.5724  uplink_kB=190.8  t=5.51s
  round  34/50: acc=0.8355  f1m=0.5761  uplink_kB=190.8  t=5.44s
  round  35/50: acc=0.8334  f1m=0.5733  uplink_kB=190.8  t=5.65s
  round  36/50: acc=0.8327  f1m=0.5723  uplink_kB=190.8  t=5.47s
  round  37/50: acc=0.8323  f1m=0.5726  uplink_kB=190.8  t=5.39s
  round  38/50: acc=0.8348  f1m=0.5770  uplink_kB=190.8  t=5.29s
  round  39/50: acc=0.8336  f1m=0.5726  uplink_kB=190.8  t=5.55s
  round  40/50: acc=0.8333  f1m=0.5735  uplink_kB=190.8  t=5.39s
  round  41/50: acc=0.8343  f1m=0.5989  uplink_kB=190.8  t=5.50s
  round  42/50: acc=0.8314  f1m=0.5698  uplink_kB=190.8  t=5.34s
  round  43/50: acc=0.8318  f1m=0.5700  uplink_kB=190.8  t=5.35s
  round  44/50: acc=0.8140  f1m=0.5352  uplink_kB=190.8  t=5.31s
  round  45/50: acc=0.8293  f1m=0.5674  uplink_kB=190.8  t=5.36s
  round  46/50: acc=0.8150  f1m=0.5354  uplink_kB=190.8  t=5.37s
  round  47/50: acc=0.8144  f1m=0.5383  uplink_kB=190.8  t=5.42s
  round  48/50: acc=0.8170  f1m=0.5414  uplink_kB=190.8  t=5.31s
  round  49/50: acc=0.8177  f1m=0.5406  uplink_kB=190.8  t=5.33s
  round  50/50: acc=0.8169  f1m=0.5394  uplink_kB=190.8  t=5.32s
[run] DONE -> /Users/agentra/Documents/hao/working/paper-lab/hao-paper-2026/iotj-fedkan-ids/repo/results/lrsweep_cseciic_mc/lrsweep_kan8_lr0p003__dir0.1__seed43/metrics.json  final_acc=0.8169
