[run] device=cpu  seed=29  out=/Users/agentra/Documents/hao/working/paper-lab/hao-paper-2026/iotj-fedkan-ids/repo/results/mc_botiot/mc_mlp32_lr0p01__dir0.1__seed29
[run] model=mlp  params=1,445
  round   1/50: acc=0.4464  f1m=0.2407  uplink_kB=56.4  t=1.48s
  round   2/50: acc=0.4681  f1m=0.2518  uplink_kB=56.4  t=0.66s
  round   3/50: acc=0.4691  f1m=0.2524  uplink_kB=56.4  t=0.67s
  round   4/50: acc=0.6320  f1m=0.4400  uplink_kB=56.4  t=0.63s
  round   5/50: acc=0.7161  f1m=0.5060  uplink_kB=56.4  t=0.62s
  round   6/50: acc=0.7183  f1m=0.5072  uplink_kB=56.4  t=0.70s
  round   7/50: acc=0.7042  f1m=0.4961  uplink_kB=56.4  t=0.63s
  round   8/50: acc=0.7090  f1m=0.5045  uplink_kB=56.4  t=0.63s
  round   9/50: acc=0.7098  f1m=0.5053  uplink_kB=56.4  t=0.61s
  round  10/50: acc=0.6740  f1m=0.4878  uplink_kB=56.4  t=0.66s
  round  11/50: acc=0.8063  f1m=0.6450  uplink_kB=56.4  t=0.68s
  round  12/50: acc=0.8060  f1m=0.6446  uplink_kB=56.4  t=0.58s
  round  13/50: acc=0.8056  f1m=0.6435  uplink_kB=56.4  t=0.62s
  round  14/50: acc=0.8095  f1m=0.6469  uplink_kB=56.4  t=0.58s
  round  15/50: acc=0.8234  f1m=0.6575  uplink_kB=56.4  t=0.61s
  round  16/50: acc=0.8249  f1m=0.6587  uplink_kB=56.4  t=0.67s
  round  17/50: acc=0.8266  f1m=0.6600  uplink_kB=56.4  t=0.63s
  round  18/50: acc=0.8271  f1m=0.6600  uplink_kB=56.4  t=0.62s
  round  19/50: acc=0.8285  f1m=0.6611  uplink_kB=56.4  t=0.60s
  round  20/50: acc=0.8294  f1m=0.6617  uplink_kB=56.4  t=0.68s
  round  21/50: acc=0.8305  f1m=0.6626  uplink_kB=56.4  t=0.62s
  round  22/50: acc=0.8306  f1m=0.6627  uplink_kB=56.4  t=0.61s
  round  23/50: acc=0.8308  f1m=0.6629  uplink_kB=56.4  t=0.60s
  round  24/50: acc=0.8306  f1m=0.6627  uplink_kB=56.4  t=0.67s
  round  25/50: acc=0.8318  f1m=0.6636  uplink_kB=56.4  t=0.62s
  round  26/50: acc=0.8319  f1m=0.6637  uplink_kB=56.4  t=0.60s
  round  27/50: acc=0.8322  f1m=0.6641  uplink_kB=56.4  t=0.65s
  round  28/50: acc=0.8321  f1m=0.6638  uplink_kB=56.4  t=0.62s
  round  29/50: acc=0.8329  f1m=0.6648  uplink_kB=56.4  t=0.69s
  round  30/50: acc=0.8326  f1m=0.6643  uplink_kB=56.4  t=0.65s
  round  31/50: acc=0.8326  f1m=0.6644  uplink_kB=56.4  t=0.63s
  round  32/50: acc=0.8326  f1m=0.6644  uplink_kB=56.4  t=0.63s
  round  33/50: acc=0.8326  f1m=0.6644  uplink_kB=56.4  t=0.61s
  round  34/50: acc=0.8326  f1m=0.6644  uplink_kB=56.4  t=0.69s
  round  35/50: acc=0.8325  f1m=0.6643  uplink_kB=56.4  t=0.61s
  round  36/50: acc=0.8325  f1m=0.6643  uplink_kB=56.4  t=0.61s
  round  37/50: acc=0.8330  f1m=0.6648  uplink_kB=56.4  t=0.61s
  round  38/50: acc=0.8328  f1m=0.6645  uplink_kB=56.4  t=0.67s
  round  39/50: acc=0.8334  f1m=0.6652  uplink_kB=56.4  t=0.61s
  round  40/50: acc=0.8330  f1m=0.6648  uplink_kB=56.4  t=0.66s
  round  41/50: acc=0.8338  f1m=0.6657  uplink_kB=56.4  t=0.63s
  round  42/50: acc=0.8334  f1m=0.6652  uplink_kB=56.4  t=0.68s
  round  43/50: acc=0.8488  f1m=0.6793  uplink_kB=56.4  t=0.62s
  round  44/50: acc=0.8606  f1m=0.6898  uplink_kB=56.4  t=0.62s
  round  45/50: acc=0.8339  f1m=0.6656  uplink_kB=56.4  t=0.60s
  round  46/50: acc=0.8606  f1m=0.6898  uplink_kB=56.4  t=0.63s
  round  47/50: acc=0.8345  f1m=0.6662  uplink_kB=56.4  t=0.72s
  round  48/50: acc=0.8347  f1m=0.6664  uplink_kB=56.4  t=0.62s
  round  49/50: acc=0.8345  f1m=0.6662  uplink_kB=56.4  t=0.62s
  round  50/50: acc=0.8468  f1m=0.6775  uplink_kB=56.4  t=0.61s
[run] DONE -> /Users/agentra/Documents/hao/working/paper-lab/hao-paper-2026/iotj-fedkan-ids/repo/results/mc_botiot/mc_mlp32_lr0p01__dir0.1__seed29/metrics.json  final_acc=0.8468
