[run] device=cpu  seed=2024  out=/Users/agentra/Documents/hao/working/paper-lab/hao-paper-2026/iotj-fedkan-ids/repo/results/lrext_cseciic_mc50k/lrext_kan8_lr0p3__dir0.1__seed2024
[run] model=kan  params=4,320
  round   1/50: acc=0.0737  f1m=0.0374  uplink_kB=190.8  t=4.28s
  round   2/50: acc=0.1814  f1m=0.0602  uplink_kB=190.8  t=3.30s
  round   3/50: acc=0.0777  f1m=0.0196  uplink_kB=190.8  t=3.13s
  round   4/50: acc=0.0809  f1m=0.0225  uplink_kB=190.8  t=3.38s
  round   5/50: acc=0.0809  f1m=0.0224  uplink_kB=190.8  t=3.59s
  round   6/50: acc=0.0809  f1m=0.0224  uplink_kB=190.8  t=3.36s
  round   7/50: acc=0.0809  f1m=0.0204  uplink_kB=190.8  t=3.43s
  round   8/50: acc=0.0809  f1m=0.0218  uplink_kB=190.8  t=3.44s
  round   9/50: acc=0.0779  f1m=0.0188  uplink_kB=190.8  t=3.30s
  round  10/50: acc=0.0820  f1m=0.0210  uplink_kB=190.8  t=3.57s
  round  11/50: acc=0.1310  f1m=0.0433  uplink_kB=190.8  t=3.47s
  round  12/50: acc=0.0983  f1m=0.0254  uplink_kB=190.8  t=3.83s
  round  13/50: acc=0.0999  f1m=0.0260  uplink_kB=190.8  t=3.54s
  round  14/50: acc=0.1009  f1m=0.0264  uplink_kB=190.8  t=3.80s
  round  15/50: acc=0.1022  f1m=0.0268  uplink_kB=190.8  t=3.40s
  round  16/50: acc=0.1034  f1m=0.0272  uplink_kB=190.8  t=3.47s
  round  17/50: acc=0.1048  f1m=0.0277  uplink_kB=190.8  t=3.63s
  round  18/50: acc=0.1058  f1m=0.0280  uplink_kB=190.8  t=3.53s
  round  19/50: acc=0.1068  f1m=0.0284  uplink_kB=190.8  t=3.36s
  round  20/50: acc=0.1078  f1m=0.0287  uplink_kB=190.8  t=3.42s
  round  21/50: acc=0.1087  f1m=0.0289  uplink_kB=190.8  t=3.36s
  round  22/50: acc=0.1095  f1m=0.0292  uplink_kB=190.8  t=3.42s
  round  23/50: acc=0.1101  f1m=0.0294  uplink_kB=190.8  t=3.34s
  round  24/50: acc=0.1105  f1m=0.0297  uplink_kB=190.8  t=3.45s
  round  25/50: acc=0.1106  f1m=0.0298  uplink_kB=190.8  t=3.37s
  round  26/50: acc=0.1104  f1m=0.0298  uplink_kB=190.8  t=3.39s
  round  27/50: acc=0.1100  f1m=0.0300  uplink_kB=190.8  t=3.37s
  round  28/50: acc=0.1093  f1m=0.0312  uplink_kB=190.8  t=3.36s
  round  29/50: acc=0.1085  f1m=0.0339  uplink_kB=190.8  t=3.35s
  round  30/50: acc=0.1067  f1m=0.0335  uplink_kB=190.8  t=3.40s
  round  31/50: acc=0.1020  f1m=0.0331  uplink_kB=190.8  t=3.29s
  round  32/50: acc=0.0748  f1m=0.0151  uplink_kB=190.8  t=3.43s
  round  33/50: acc=0.0686  f1m=0.0089  uplink_kB=190.8  t=3.35s
  round  34/50: acc=0.0682  f1m=0.0085  uplink_kB=190.8  t=3.35s
  round  35/50: acc=0.0642  f1m=0.0092  uplink_kB=190.8  t=3.36s
  round  36/50: acc=0.0666  f1m=0.0087  uplink_kB=190.8  t=3.32s
  round  37/50: acc=0.0668  f1m=0.0088  uplink_kB=190.8  t=3.48s
  round  38/50: acc=0.0668  f1m=0.0088  uplink_kB=190.8  t=3.28s
  round  39/50: acc=0.0668  f1m=0.0088  uplink_kB=190.8  t=3.39s
  round  40/50: acc=0.0669  f1m=0.0088  uplink_kB=190.8  t=3.32s
  round  41/50: acc=0.0673  f1m=0.0088  uplink_kB=190.8  t=3.39s
  round  42/50: acc=0.0694  f1m=0.0090  uplink_kB=190.8  t=3.29s
  round  43/50: acc=0.1141  f1m=0.0137  uplink_kB=190.8  t=3.36s
  round  44/50: acc=0.0155  f1m=0.0045  uplink_kB=190.8  t=3.32s
  round  45/50: acc=0.0155  f1m=0.0045  uplink_kB=190.8  t=3.38s
  round  46/50: acc=0.0155  f1m=0.0045  uplink_kB=190.8  t=3.39s
  round  47/50: acc=0.0155  f1m=0.0044  uplink_kB=190.8  t=3.43s
  round  48/50: acc=0.0155  f1m=0.0044  uplink_kB=190.8  t=3.37s
  round  49/50: acc=0.0155  f1m=0.0044  uplink_kB=190.8  t=3.49s
  round  50/50: acc=0.0155  f1m=0.0044  uplink_kB=190.8  t=3.36s
[run] DONE -> /Users/agentra/Documents/hao/working/paper-lab/hao-paper-2026/iotj-fedkan-ids/repo/results/lrext_cseciic_mc50k/lrext_kan8_lr0p3__dir0.1__seed2024/metrics.json  final_acc=0.0155
