[run] device=cpu  seed=2026  out=/Users/agentra/Documents/hao/working/paper-lab/hao-paper-2026/iotj-fedkan-ids/repo/results/lrsweep_cseciic_mc50k/lrsweep_kan8_lr0p01__dir0.1__seed2026
[run] model=kan  params=4,320
  round   1/50: acc=0.1679  f1m=0.0507  uplink_kB=190.8  t=3.16s
  round   2/50: acc=0.5201  f1m=0.2940  uplink_kB=190.8  t=2.53s
  round   3/50: acc=0.5789  f1m=0.3834  uplink_kB=190.8  t=2.60s
  round   4/50: acc=0.6055  f1m=0.4140  uplink_kB=190.8  t=2.61s
  round   5/50: acc=0.7026  f1m=0.5318  uplink_kB=190.8  t=2.64s
  round   6/50: acc=0.7102  f1m=0.5357  uplink_kB=190.8  t=2.48s
  round   7/50: acc=0.7266  f1m=0.5440  uplink_kB=190.8  t=2.59s
  round   8/50: acc=0.7292  f1m=0.5468  uplink_kB=190.8  t=2.61s
  round   9/50: acc=0.7300  f1m=0.5480  uplink_kB=190.8  t=2.67s
  round  10/50: acc=0.7306  f1m=0.5477  uplink_kB=190.8  t=2.57s
  round  11/50: acc=0.7322  f1m=0.5508  uplink_kB=190.8  t=2.70s
  round  12/50: acc=0.7335  f1m=0.5521  uplink_kB=190.8  t=2.55s
  round  13/50: acc=0.7331  f1m=0.5529  uplink_kB=190.8  t=2.61s
  round  14/50: acc=0.7339  f1m=0.5529  uplink_kB=190.8  t=2.59s
  round  15/50: acc=0.7356  f1m=0.5553  uplink_kB=190.8  t=2.62s
  round  16/50: acc=0.7312  f1m=0.5524  uplink_kB=190.8  t=2.56s
  round  17/50: acc=0.7334  f1m=0.5546  uplink_kB=190.8  t=2.66s
  round  18/50: acc=0.7372  f1m=0.5588  uplink_kB=190.8  t=2.55s
  round  19/50: acc=0.7597  f1m=0.5909  uplink_kB=190.8  t=2.67s
  round  20/50: acc=0.8190  f1m=0.6955  uplink_kB=190.8  t=2.52s
  round  21/50: acc=0.8376  f1m=0.6849  uplink_kB=190.8  t=2.77s
  round  22/50: acc=0.8649  f1m=0.7300  uplink_kB=190.8  t=2.55s
  round  23/50: acc=0.8618  f1m=0.7268  uplink_kB=190.8  t=2.80s
  round  24/50: acc=0.8728  f1m=0.7360  uplink_kB=190.8  t=3.00s
  round  25/50: acc=0.8575  f1m=0.7258  uplink_kB=190.8  t=2.63s
  round  26/50: acc=0.8673  f1m=0.7310  uplink_kB=190.8  t=2.53s
  round  27/50: acc=0.8715  f1m=0.7313  uplink_kB=190.8  t=2.73s
  round  28/50: acc=0.8750  f1m=0.7334  uplink_kB=190.8  t=2.56s
  round  29/50: acc=0.8776  f1m=0.7360  uplink_kB=190.8  t=2.54s
  round  30/50: acc=0.8764  f1m=0.7362  uplink_kB=190.8  t=2.61s
  round  31/50: acc=0.8756  f1m=0.7319  uplink_kB=190.8  t=2.66s
  round  32/50: acc=0.8714  f1m=0.7308  uplink_kB=190.8  t=2.71s
  round  33/50: acc=0.8621  f1m=0.7122  uplink_kB=190.8  t=2.69s
  round  34/50: acc=0.8564  f1m=0.7080  uplink_kB=190.8  t=2.82s
  round  35/50: acc=0.8536  f1m=0.6988  uplink_kB=190.8  t=2.73s
  round  36/50: acc=0.8735  f1m=0.7319  uplink_kB=190.8  t=2.65s
  round  37/50: acc=0.8428  f1m=0.6533  uplink_kB=190.8  t=2.75s
  round  38/50: acc=0.8765  f1m=0.7377  uplink_kB=190.8  t=2.75s
  round  39/50: acc=0.8428  f1m=0.6520  uplink_kB=190.8  t=2.67s
  round  40/50: acc=0.8390  f1m=0.6951  uplink_kB=190.8  t=2.63s
  round  41/50: acc=0.8425  f1m=0.6526  uplink_kB=190.8  t=2.70s
  round  42/50: acc=0.8751  f1m=0.7377  uplink_kB=190.8  t=2.67s
  round  43/50: acc=0.8745  f1m=0.7318  uplink_kB=190.8  t=2.68s
  round  44/50: acc=0.8726  f1m=0.7314  uplink_kB=190.8  t=2.70s
  round  45/50: acc=0.8424  f1m=0.6544  uplink_kB=190.8  t=2.66s
  round  46/50: acc=0.8719  f1m=0.7352  uplink_kB=190.8  t=2.66s
  round  47/50: acc=0.8611  f1m=0.7273  uplink_kB=190.8  t=2.60s
  round  48/50: acc=0.8702  f1m=0.7275  uplink_kB=190.8  t=2.70s
  round  49/50: acc=0.8787  f1m=0.7431  uplink_kB=190.8  t=2.58s
  round  50/50: acc=0.8437  f1m=0.6580  uplink_kB=190.8  t=2.61s
[run] DONE -> /Users/agentra/Documents/hao/working/paper-lab/hao-paper-2026/iotj-fedkan-ids/repo/results/lrsweep_cseciic_mc50k/lrsweep_kan8_lr0p01__dir0.1__seed2026/metrics.json  final_acc=0.8437
