[run] device=cpu  seed=31  out=/Users/agentra/Documents/hao/working/paper-lab/hao-paper-2026/iotj-fedkan-ids/repo/results/lrsweep_toniot/lrsweep_kan8_lr0p1__dir0.1__seed31
[run] model=kan  params=3,280
  round   1/50: acc=0.4488  f1m=0.3793  uplink_kB=150.2  t=1.96s
  round   2/50: acc=0.7773  f1m=0.7756  uplink_kB=150.2  t=1.63s
  round   3/50: acc=0.6801  f1m=0.6731  uplink_kB=150.2  t=1.57s
  round   4/50: acc=0.6395  f1m=0.6179  uplink_kB=150.2  t=1.63s
  round   5/50: acc=0.6306  f1m=0.6200  uplink_kB=150.2  t=1.64s
  round   6/50: acc=0.8136  f1m=0.8076  uplink_kB=150.2  t=1.61s
  round   7/50: acc=0.8589  f1m=0.8586  uplink_kB=150.2  t=1.62s
  round   8/50: acc=0.8627  f1m=0.8614  uplink_kB=150.2  t=1.64s
  round   9/50: acc=0.8785  f1m=0.8780  uplink_kB=150.2  t=1.62s
  round  10/50: acc=0.8798  f1m=0.8791  uplink_kB=150.2  t=1.68s
  round  11/50: acc=0.8474  f1m=0.8467  uplink_kB=150.2  t=1.65s
  round  12/50: acc=0.8353  f1m=0.8318  uplink_kB=150.2  t=1.59s
  round  13/50: acc=0.8637  f1m=0.8628  uplink_kB=150.2  t=1.84s
  round  14/50: acc=0.8656  f1m=0.8640  uplink_kB=150.2  t=1.61s
  round  15/50: acc=0.6911  f1m=0.6911  uplink_kB=150.2  t=1.83s
  round  16/50: acc=0.8124  f1m=0.8058  uplink_kB=150.2  t=1.70s
  round  17/50: acc=0.8234  f1m=0.8187  uplink_kB=150.2  t=1.63s
  round  18/50: acc=0.8199  f1m=0.8156  uplink_kB=150.2  t=1.68s
  round  19/50: acc=0.8174  f1m=0.8130  uplink_kB=150.2  t=1.67s
  round  20/50: acc=0.8202  f1m=0.8161  uplink_kB=150.2  t=1.73s
  round  21/50: acc=0.8032  f1m=0.7954  uplink_kB=150.2  t=1.61s
  round  22/50: acc=0.8431  f1m=0.8399  uplink_kB=150.2  t=1.72s
  round  23/50: acc=0.8435  f1m=0.8404  uplink_kB=150.2  t=1.69s
  round  24/50: acc=0.8250  f1m=0.8204  uplink_kB=150.2  t=1.68s
  round  25/50: acc=0.8102  f1m=0.8035  uplink_kB=150.2  t=1.65s
  round  26/50: acc=0.7025  f1m=0.6827  uplink_kB=150.2  t=1.68s
  round  27/50: acc=0.6867  f1m=0.6770  uplink_kB=150.2  t=1.64s
  round  28/50: acc=0.3763  f1m=0.3705  uplink_kB=150.2  t=1.61s
  round  29/50: acc=0.7814  f1m=0.7814  uplink_kB=150.2  t=1.58s
  round  30/50: acc=0.3574  f1m=0.3307  uplink_kB=150.2  t=1.64s
  round  31/50: acc=0.3670  f1m=0.3521  uplink_kB=150.2  t=1.67s
  round  32/50: acc=0.6986  f1m=0.6986  uplink_kB=150.2  t=1.62s
  round  33/50: acc=0.8220  f1m=0.8179  uplink_kB=150.2  t=1.63s
  round  34/50: acc=0.8671  f1m=0.8654  uplink_kB=150.2  t=1.64s
  round  35/50: acc=0.8622  f1m=0.8603  uplink_kB=150.2  t=1.58s
  round  36/50: acc=0.8843  f1m=0.8833  uplink_kB=150.2  t=1.60s
  round  37/50: acc=0.8133  f1m=0.8090  uplink_kB=150.2  t=1.55s
  round  38/50: acc=0.8849  f1m=0.8840  uplink_kB=150.2  t=1.63s
  round  39/50: acc=0.8115  f1m=0.8078  uplink_kB=150.2  t=1.63s
  round  40/50: acc=0.8839  f1m=0.8831  uplink_kB=150.2  t=1.63s
  round  41/50: acc=0.8824  f1m=0.8813  uplink_kB=150.2  t=1.60s
  round  42/50: acc=0.8138  f1m=0.8083  uplink_kB=150.2  t=1.61s
  round  43/50: acc=0.4401  f1m=0.3981  uplink_kB=150.2  t=1.64s
  round  44/50: acc=0.8833  f1m=0.8826  uplink_kB=150.2  t=1.58s
  round  45/50: acc=0.8862  f1m=0.8852  uplink_kB=150.2  t=1.56s
  round  46/50: acc=0.8857  f1m=0.8846  uplink_kB=150.2  t=1.63s
  round  47/50: acc=0.8846  f1m=0.8836  uplink_kB=150.2  t=1.63s
  round  48/50: acc=0.8147  f1m=0.8092  uplink_kB=150.2  t=1.67s
  round  49/50: acc=0.8715  f1m=0.8697  uplink_kB=150.2  t=1.60s
  round  50/50: acc=0.7534  f1m=0.7525  uplink_kB=150.2  t=1.61s
[run] DONE -> /Users/agentra/Documents/hao/working/paper-lab/hao-paper-2026/iotj-fedkan-ids/repo/results/lrsweep_toniot/lrsweep_kan8_lr0p1__dir0.1__seed31/metrics.json  final_acc=0.7534
