[run] device=cpu  seed=42  out=/Users/agentra/Documents/hao/working/paper-lab/hao-paper-2026/iotj-fedkan-ids/repo/results/lrsweep_toniot/lrsweep_mlp80_lr0p0003__dir0.1__seed42
[run] model=mlp  params=3,362
  round   1/50: acc=0.5000  f1m=0.3333  uplink_kB=131.3  t=1.13s
  round   2/50: acc=0.5000  f1m=0.3333  uplink_kB=131.3  t=0.66s
  round   3/50: acc=0.5000  f1m=0.3333  uplink_kB=131.3  t=0.65s
  round   4/50: acc=0.5000  f1m=0.3333  uplink_kB=131.3  t=0.63s
  round   5/50: acc=0.5000  f1m=0.3333  uplink_kB=131.3  t=0.62s
  round   6/50: acc=0.5000  f1m=0.3333  uplink_kB=131.3  t=0.59s
  round   7/50: acc=0.5000  f1m=0.3333  uplink_kB=131.3  t=0.64s
  round   8/50: acc=0.5000  f1m=0.3333  uplink_kB=131.3  t=0.70s
  round   9/50: acc=0.5000  f1m=0.3333  uplink_kB=131.3  t=0.66s
  round  10/50: acc=0.5000  f1m=0.3333  uplink_kB=131.3  t=0.69s
  round  11/50: acc=0.5000  f1m=0.3333  uplink_kB=131.3  t=0.66s
  round  12/50: acc=0.5000  f1m=0.3333  uplink_kB=131.3  t=0.65s
  round  13/50: acc=0.5000  f1m=0.3333  uplink_kB=131.3  t=0.61s
  round  14/50: acc=0.5000  f1m=0.3333  uplink_kB=131.3  t=0.65s
  round  15/50: acc=0.5000  f1m=0.3333  uplink_kB=131.3  t=0.68s
  round  16/50: acc=0.5000  f1m=0.3333  uplink_kB=131.3  t=0.65s
  round  17/50: acc=0.5000  f1m=0.3333  uplink_kB=131.3  t=0.68s
  round  18/50: acc=0.5000  f1m=0.3333  uplink_kB=131.3  t=0.64s
  round  19/50: acc=0.5000  f1m=0.3333  uplink_kB=131.3  t=0.68s
  round  20/50: acc=0.5000  f1m=0.3333  uplink_kB=131.3  t=0.62s
  round  21/50: acc=0.5000  f1m=0.3333  uplink_kB=131.3  t=0.70s
  round  22/50: acc=0.5000  f1m=0.3333  uplink_kB=131.3  t=0.69s
  round  23/50: acc=0.5000  f1m=0.3333  uplink_kB=131.3  t=0.70s
  round  24/50: acc=0.5000  f1m=0.3333  uplink_kB=131.3  t=0.63s
  round  25/50: acc=0.5000  f1m=0.3333  uplink_kB=131.3  t=0.66s
  round  26/50: acc=0.5000  f1m=0.3333  uplink_kB=131.3  t=0.59s
  round  27/50: acc=0.5000  f1m=0.3333  uplink_kB=131.3  t=0.67s
  round  28/50: acc=0.5000  f1m=0.3333  uplink_kB=131.3  t=0.67s
  round  29/50: acc=0.5000  f1m=0.3333  uplink_kB=131.3  t=0.64s
  round  30/50: acc=0.5000  f1m=0.3333  uplink_kB=131.3  t=0.65s
  round  31/50: acc=0.5000  f1m=0.3333  uplink_kB=131.3  t=0.66s
  round  32/50: acc=0.5000  f1m=0.3333  uplink_kB=131.3  t=0.61s
  round  33/50: acc=0.5000  f1m=0.3333  uplink_kB=131.3  t=0.67s
  round  34/50: acc=0.5000  f1m=0.3334  uplink_kB=131.3  t=0.66s
  round  35/50: acc=0.5001  f1m=0.3335  uplink_kB=131.3  t=0.69s
  round  36/50: acc=0.5004  f1m=0.3345  uplink_kB=131.3  t=0.68s
  round  37/50: acc=0.5013  f1m=0.3367  uplink_kB=131.3  t=0.66s
  round  38/50: acc=0.5031  f1m=0.3414  uplink_kB=131.3  t=0.62s
  round  39/50: acc=0.5072  f1m=0.3503  uplink_kB=131.3  t=0.67s
  round  40/50: acc=0.5087  f1m=0.3538  uplink_kB=131.3  t=0.67s
  round  41/50: acc=0.5110  f1m=0.3592  uplink_kB=131.3  t=0.66s
  round  42/50: acc=0.5134  f1m=0.3646  uplink_kB=131.3  t=0.65s
  round  43/50: acc=0.5141  f1m=0.3671  uplink_kB=131.3  t=0.65s
  round  44/50: acc=0.5140  f1m=0.3690  uplink_kB=131.3  t=0.67s
  round  45/50: acc=0.5128  f1m=0.3710  uplink_kB=131.3  t=0.62s
  round  46/50: acc=0.5083  f1m=0.3739  uplink_kB=131.3  t=0.66s
  round  47/50: acc=0.5089  f1m=0.3820  uplink_kB=131.3  t=0.68s
  round  48/50: acc=0.5137  f1m=0.3946  uplink_kB=131.3  t=0.66s
  round  49/50: acc=0.5152  f1m=0.4018  uplink_kB=131.3  t=0.67s
  round  50/50: acc=0.5169  f1m=0.4069  uplink_kB=131.3  t=0.67s
[run] DONE -> /Users/agentra/Documents/hao/working/paper-lab/hao-paper-2026/iotj-fedkan-ids/repo/results/lrsweep_toniot/lrsweep_mlp80_lr0p0003__dir0.1__seed42/metrics.json  final_acc=0.5169
