[run] device=cpu  seed=42  out=/Users/agentra/Documents/hao/working/paper-lab/hao-paper-2026/iotj-fedkan-ids/repo/results/mc_toniot/mc_mlp32_lr0p01__dir0.1__seed42
[run] model=mlp  params=1,610
  round   1/50: acc=0.2615  f1m=0.1156  uplink_kB=62.9  t=1.82s
  round   2/50: acc=0.4106  f1m=0.3273  uplink_kB=62.9  t=1.26s
  round   3/50: acc=0.4189  f1m=0.3525  uplink_kB=62.9  t=1.26s
  round   4/50: acc=0.4343  f1m=0.3799  uplink_kB=62.9  t=1.29s
  round   5/50: acc=0.5293  f1m=0.4677  uplink_kB=62.9  t=1.24s
  round   6/50: acc=0.5348  f1m=0.4858  uplink_kB=62.9  t=1.23s
  round   7/50: acc=0.5111  f1m=0.5041  uplink_kB=62.9  t=1.19s
  round   8/50: acc=0.6133  f1m=0.6100  uplink_kB=62.9  t=1.23s
  round   9/50: acc=0.5502  f1m=0.5407  uplink_kB=62.9  t=1.27s
  round  10/50: acc=0.5668  f1m=0.5517  uplink_kB=62.9  t=1.21s
  round  11/50: acc=0.5653  f1m=0.5568  uplink_kB=62.9  t=1.21s
  round  12/50: acc=0.5486  f1m=0.5487  uplink_kB=62.9  t=1.17s
  round  13/50: acc=0.6318  f1m=0.6330  uplink_kB=62.9  t=1.27s
  round  14/50: acc=0.5926  f1m=0.5811  uplink_kB=62.9  t=1.14s
  round  15/50: acc=0.6137  f1m=0.5897  uplink_kB=62.9  t=1.26s
  round  16/50: acc=0.6216  f1m=0.5995  uplink_kB=62.9  t=1.22s
  round  17/50: acc=0.6255  f1m=0.6033  uplink_kB=62.9  t=1.26s
  round  18/50: acc=0.6143  f1m=0.5953  uplink_kB=62.9  t=1.20s
  round  19/50: acc=0.6445  f1m=0.6176  uplink_kB=62.9  t=1.21s
  round  20/50: acc=0.6300  f1m=0.6046  uplink_kB=62.9  t=1.28s
  round  21/50: acc=0.6337  f1m=0.6054  uplink_kB=62.9  t=1.19s
  round  22/50: acc=0.6273  f1m=0.6040  uplink_kB=62.9  t=1.32s
  round  23/50: acc=0.6299  f1m=0.6044  uplink_kB=62.9  t=1.25s
  round  24/50: acc=0.6369  f1m=0.6164  uplink_kB=62.9  t=1.22s
  round  25/50: acc=0.6490  f1m=0.6212  uplink_kB=62.9  t=1.15s
  round  26/50: acc=0.6347  f1m=0.6107  uplink_kB=62.9  t=1.18s
  round  27/50: acc=0.6361  f1m=0.6145  uplink_kB=62.9  t=1.14s
  round  28/50: acc=0.6366  f1m=0.6153  uplink_kB=62.9  t=1.25s
  round  29/50: acc=0.6669  f1m=0.6435  uplink_kB=62.9  t=1.24s
  round  30/50: acc=0.6308  f1m=0.6136  uplink_kB=62.9  t=1.20s
  round  31/50: acc=0.6585  f1m=0.6383  uplink_kB=62.9  t=1.15s
  round  32/50: acc=0.6572  f1m=0.6385  uplink_kB=62.9  t=1.17s
  round  33/50: acc=0.6564  f1m=0.6366  uplink_kB=62.9  t=1.17s
  round  34/50: acc=0.6481  f1m=0.6317  uplink_kB=62.9  t=1.15s
  round  35/50: acc=0.6423  f1m=0.6265  uplink_kB=62.9  t=1.14s
  round  36/50: acc=0.6651  f1m=0.6453  uplink_kB=62.9  t=1.28s
  round  37/50: acc=0.6389  f1m=0.6231  uplink_kB=62.9  t=1.21s
  round  38/50: acc=0.6534  f1m=0.6336  uplink_kB=62.9  t=1.15s
  round  39/50: acc=0.6711  f1m=0.6493  uplink_kB=62.9  t=1.18s
  round  40/50: acc=0.6472  f1m=0.6280  uplink_kB=62.9  t=1.17s
  round  41/50: acc=0.7480  f1m=0.7384  uplink_kB=62.9  t=1.24s
  round  42/50: acc=0.6534  f1m=0.6332  uplink_kB=62.9  t=1.20s
  round  43/50: acc=0.6680  f1m=0.6465  uplink_kB=62.9  t=1.25s
  round  44/50: acc=0.7254  f1m=0.7191  uplink_kB=62.9  t=1.25s
  round  45/50: acc=0.7480  f1m=0.7387  uplink_kB=62.9  t=1.16s
  round  46/50: acc=0.7393  f1m=0.7302  uplink_kB=62.9  t=1.18s
  round  47/50: acc=0.7259  f1m=0.7203  uplink_kB=62.9  t=1.17s
  round  48/50: acc=0.7441  f1m=0.7346  uplink_kB=62.9  t=1.20s
  round  49/50: acc=0.7415  f1m=0.7336  uplink_kB=62.9  t=1.23s
  round  50/50: acc=0.7220  f1m=0.7137  uplink_kB=62.9  t=1.09s
[run] DONE -> /Users/agentra/Documents/hao/working/paper-lab/hao-paper-2026/iotj-fedkan-ids/repo/results/mc_toniot/mc_mlp32_lr0p01__dir0.1__seed42/metrics.json  final_acc=0.7220
