[run] device=cpu  seed=29  out=/Users/agentra/Documents/hao/working/paper-lab/hao-paper-2026/iotj-fedkan-ids/repo/results/lrsweep_toniot/lrsweep_kan8_lr0p001__dir0.1__seed29
[run] model=kan  params=3,280
  round   1/50: acc=0.5000  f1m=0.3333  uplink_kB=150.2  t=2.00s
  round   2/50: acc=0.5038  f1m=0.3419  uplink_kB=150.2  t=1.64s
  round   3/50: acc=0.5274  f1m=0.3957  uplink_kB=150.2  t=1.61s
  round   4/50: acc=0.5974  f1m=0.5356  uplink_kB=150.2  t=1.63s
  round   5/50: acc=0.6236  f1m=0.5895  uplink_kB=150.2  t=1.56s
  round   6/50: acc=0.6532  f1m=0.6378  uplink_kB=150.2  t=1.65s
  round   7/50: acc=0.6813  f1m=0.6740  uplink_kB=150.2  t=1.95s
  round   8/50: acc=0.7093  f1m=0.7066  uplink_kB=150.2  t=1.71s
  round   9/50: acc=0.7133  f1m=0.7117  uplink_kB=150.2  t=1.62s
  round  10/50: acc=0.7156  f1m=0.7149  uplink_kB=150.2  t=1.61s
  round  11/50: acc=0.7118  f1m=0.7114  uplink_kB=150.2  t=1.59s
  round  12/50: acc=0.7034  f1m=0.7031  uplink_kB=150.2  t=1.57s
  round  13/50: acc=0.7055  f1m=0.7054  uplink_kB=150.2  t=1.64s
  round  14/50: acc=0.7447  f1m=0.7445  uplink_kB=150.2  t=1.65s
  round  15/50: acc=0.7448  f1m=0.7446  uplink_kB=150.2  t=1.60s
  round  16/50: acc=0.6722  f1m=0.6688  uplink_kB=150.2  t=1.67s
  round  17/50: acc=0.6727  f1m=0.6693  uplink_kB=150.2  t=1.63s
  round  18/50: acc=0.6741  f1m=0.6707  uplink_kB=150.2  t=1.71s
  round  19/50: acc=0.7645  f1m=0.7549  uplink_kB=150.2  t=1.57s
  round  20/50: acc=0.7662  f1m=0.7568  uplink_kB=150.2  t=1.66s
  round  21/50: acc=0.7765  f1m=0.7673  uplink_kB=150.2  t=1.65s
  round  22/50: acc=0.7778  f1m=0.7688  uplink_kB=150.2  t=1.63s
  round  23/50: acc=0.7783  f1m=0.7694  uplink_kB=150.2  t=1.70s
  round  24/50: acc=0.7786  f1m=0.7699  uplink_kB=150.2  t=1.76s
  round  25/50: acc=0.7787  f1m=0.7699  uplink_kB=150.2  t=1.54s
  round  26/50: acc=0.5608  f1m=0.4711  uplink_kB=150.2  t=1.63s
  round  27/50: acc=0.5614  f1m=0.4723  uplink_kB=150.2  t=1.60s
  round  28/50: acc=0.5618  f1m=0.4731  uplink_kB=150.2  t=1.68s
  round  29/50: acc=0.5623  f1m=0.4742  uplink_kB=150.2  t=1.66s
  round  30/50: acc=0.5627  f1m=0.4750  uplink_kB=150.2  t=1.63s
  round  31/50: acc=0.5650  f1m=0.4790  uplink_kB=150.2  t=1.58s
  round  32/50: acc=0.5655  f1m=0.4806  uplink_kB=150.2  t=1.55s
  round  33/50: acc=0.5671  f1m=0.4832  uplink_kB=150.2  t=1.65s
  round  34/50: acc=0.5675  f1m=0.4840  uplink_kB=150.2  t=1.62s
  round  35/50: acc=0.5687  f1m=0.4860  uplink_kB=150.2  t=1.64s
  round  36/50: acc=0.5687  f1m=0.4860  uplink_kB=150.2  t=1.66s
  round  37/50: acc=0.5686  f1m=0.4859  uplink_kB=150.2  t=1.65s
  round  38/50: acc=0.5695  f1m=0.4875  uplink_kB=150.2  t=1.54s
  round  39/50: acc=0.5699  f1m=0.4882  uplink_kB=150.2  t=1.66s
  round  40/50: acc=0.5712  f1m=0.4904  uplink_kB=150.2  t=1.58s
  round  41/50: acc=0.5717  f1m=0.4913  uplink_kB=150.2  t=1.61s
  round  42/50: acc=0.5722  f1m=0.4921  uplink_kB=150.2  t=1.67s
  round  43/50: acc=0.5722  f1m=0.4920  uplink_kB=150.2  t=1.70s
  round  44/50: acc=0.5724  f1m=0.4923  uplink_kB=150.2  t=1.62s
  round  45/50: acc=0.5724  f1m=0.4924  uplink_kB=150.2  t=1.71s
  round  46/50: acc=0.5728  f1m=0.4931  uplink_kB=150.2  t=1.57s
  round  47/50: acc=0.5720  f1m=0.4917  uplink_kB=150.2  t=1.67s
  round  48/50: acc=0.5724  f1m=0.4924  uplink_kB=150.2  t=1.63s
  round  49/50: acc=0.5729  f1m=0.4933  uplink_kB=150.2  t=1.65s
  round  50/50: acc=0.5721  f1m=0.4919  uplink_kB=150.2  t=1.65s
[run] DONE -> /Users/agentra/Documents/hao/working/paper-lab/hao-paper-2026/iotj-fedkan-ids/repo/results/lrsweep_toniot/lrsweep_kan8_lr0p001__dir0.1__seed29/metrics.json  final_acc=0.5721
