[run] device=cpu  seed=42  out=/Users/agentra/Documents/hao/working/paper-lab/hao-paper-2026/iotj-fedkan-ids/repo/results/lrsweep_toniot/lrsweep_kan8_lr0p03__dir0.1__seed42
[run] model=kan  params=3,280
  round   1/50: acc=0.5000  f1m=0.3333  uplink_kB=150.2  t=2.11s
  round   2/50: acc=0.7560  f1m=0.7550  uplink_kB=150.2  t=1.62s
  round   3/50: acc=0.4999  f1m=0.3333  uplink_kB=150.2  t=1.59s
  round   4/50: acc=0.6858  f1m=0.6683  uplink_kB=150.2  t=1.61s
  round   5/50: acc=0.7225  f1m=0.7194  uplink_kB=150.2  t=1.59s
  round   6/50: acc=0.5113  f1m=0.3601  uplink_kB=150.2  t=1.61s
  round   7/50: acc=0.7248  f1m=0.7194  uplink_kB=150.2  t=1.59s
  round   8/50: acc=0.6555  f1m=0.6334  uplink_kB=150.2  t=1.58s
  round   9/50: acc=0.8654  f1m=0.8649  uplink_kB=150.2  t=1.60s
  round  10/50: acc=0.5000  f1m=0.3333  uplink_kB=150.2  t=1.62s
  round  11/50: acc=0.8502  f1m=0.8476  uplink_kB=150.2  t=1.59s
  round  12/50: acc=0.5327  f1m=0.4098  uplink_kB=150.2  t=1.61s
  round  13/50: acc=0.4988  f1m=0.3431  uplink_kB=150.2  t=1.56s
  round  14/50: acc=0.5422  f1m=0.5130  uplink_kB=150.2  t=1.61s
  round  15/50: acc=0.6493  f1m=0.6362  uplink_kB=150.2  t=1.64s
  round  16/50: acc=0.4231  f1m=0.3941  uplink_kB=150.2  t=1.59s
  round  17/50: acc=0.5643  f1m=0.4740  uplink_kB=150.2  t=1.61s
  round  18/50: acc=0.5669  f1m=0.4839  uplink_kB=150.2  t=1.62s
  round  19/50: acc=0.6191  f1m=0.5788  uplink_kB=150.2  t=1.56s
  round  20/50: acc=0.8125  f1m=0.8125  uplink_kB=150.2  t=1.66s
  round  21/50: acc=0.5585  f1m=0.4622  uplink_kB=150.2  t=1.61s
  round  22/50: acc=0.5377  f1m=0.4440  uplink_kB=150.2  t=1.64s
  round  23/50: acc=0.5254  f1m=0.3945  uplink_kB=150.2  t=1.61s
  round  24/50: acc=0.5332  f1m=0.4130  uplink_kB=150.2  t=1.64s
  round  25/50: acc=0.7564  f1m=0.7517  uplink_kB=150.2  t=1.58s
  round  26/50: acc=0.7341  f1m=0.7267  uplink_kB=150.2  t=1.61s
  round  27/50: acc=0.8203  f1m=0.8199  uplink_kB=150.2  t=1.65s
  round  28/50: acc=0.5153  f1m=0.3719  uplink_kB=150.2  t=1.62s
  round  29/50: acc=0.7857  f1m=0.7854  uplink_kB=150.2  t=1.61s
  round  30/50: acc=0.8592  f1m=0.8591  uplink_kB=150.2  t=1.62s
  round  31/50: acc=0.8801  f1m=0.8800  uplink_kB=150.2  t=1.64s
  round  32/50: acc=0.8723  f1m=0.8717  uplink_kB=150.2  t=1.63s
  round  33/50: acc=0.6063  f1m=0.5417  uplink_kB=150.2  t=1.61s
  round  34/50: acc=0.7962  f1m=0.7960  uplink_kB=150.2  t=1.56s
  round  35/50: acc=0.9010  f1m=0.9009  uplink_kB=150.2  t=1.61s
  round  36/50: acc=0.8594  f1m=0.8592  uplink_kB=150.2  t=1.61s
  round  37/50: acc=0.8995  f1m=0.8994  uplink_kB=150.2  t=1.62s
  round  38/50: acc=0.8633  f1m=0.8622  uplink_kB=150.2  t=1.60s
  round  39/50: acc=0.7967  f1m=0.7924  uplink_kB=150.2  t=1.62s
  round  40/50: acc=0.8802  f1m=0.8796  uplink_kB=150.2  t=1.57s
  round  41/50: acc=0.8812  f1m=0.8809  uplink_kB=150.2  t=1.65s
  round  42/50: acc=0.8106  f1m=0.8106  uplink_kB=150.2  t=1.64s
  round  43/50: acc=0.6996  f1m=0.6785  uplink_kB=150.2  t=1.62s
  round  44/50: acc=0.6403  f1m=0.5936  uplink_kB=150.2  t=1.59s
  round  45/50: acc=0.7308  f1m=0.7152  uplink_kB=150.2  t=1.64s
  round  46/50: acc=0.6799  f1m=0.6485  uplink_kB=150.2  t=1.60s
  round  47/50: acc=0.8846  f1m=0.8844  uplink_kB=150.2  t=1.58s
  round  48/50: acc=0.7231  f1m=0.7090  uplink_kB=150.2  t=1.62s
  round  49/50: acc=0.8318  f1m=0.8318  uplink_kB=150.2  t=1.61s
  round  50/50: acc=0.7064  f1m=0.6902  uplink_kB=150.2  t=1.51s
[run] DONE -> /Users/agentra/Documents/hao/working/paper-lab/hao-paper-2026/iotj-fedkan-ids/repo/results/lrsweep_toniot/lrsweep_kan8_lr0p03__dir0.1__seed42/metrics.json  final_acc=0.7064
