[run] device=cpu  seed=29  out=/Users/agentra/Documents/hao/working/paper-lab/hao-paper-2026/iotj-fedkan-ids/repo/results/lrsweep_cseciic/lrsweep_mlp80_lr0p0003__dir0.1__seed29
[run] model=mlp  params=3,362
  round   1/50: acc=0.5000  f1m=0.3333  uplink_kB=131.3  t=1.55s
  round   2/50: acc=0.5099  f1m=0.3554  uplink_kB=131.3  t=0.68s
  round   3/50: acc=0.8394  f1m=0.8355  uplink_kB=131.3  t=0.68s
  round   4/50: acc=0.9186  f1m=0.9184  uplink_kB=131.3  t=0.64s
  round   5/50: acc=0.9174  f1m=0.9172  uplink_kB=131.3  t=0.63s
  round   6/50: acc=0.9172  f1m=0.9170  uplink_kB=131.3  t=0.67s
  round   7/50: acc=0.9171  f1m=0.9170  uplink_kB=131.3  t=0.67s
  round   8/50: acc=0.9171  f1m=0.9170  uplink_kB=131.3  t=0.67s
  round   9/50: acc=0.9171  f1m=0.9170  uplink_kB=131.3  t=0.66s
  round  10/50: acc=0.9172  f1m=0.9170  uplink_kB=131.3  t=0.67s
  round  11/50: acc=0.9172  f1m=0.9170  uplink_kB=131.3  t=0.64s
  round  12/50: acc=0.9172  f1m=0.9170  uplink_kB=131.3  t=0.61s
  round  13/50: acc=0.9172  f1m=0.9170  uplink_kB=131.3  t=0.73s
  round  14/50: acc=0.9173  f1m=0.9171  uplink_kB=131.3  t=0.65s
  round  15/50: acc=0.9173  f1m=0.9172  uplink_kB=131.3  t=0.67s
  round  16/50: acc=0.9174  f1m=0.9172  uplink_kB=131.3  t=0.67s
  round  17/50: acc=0.9175  f1m=0.9173  uplink_kB=131.3  t=0.66s
  round  18/50: acc=0.9175  f1m=0.9174  uplink_kB=131.3  t=0.70s
  round  19/50: acc=0.9177  f1m=0.9175  uplink_kB=131.3  t=0.69s
  round  20/50: acc=0.9178  f1m=0.9177  uplink_kB=131.3  t=0.63s
  round  21/50: acc=0.9178  f1m=0.9177  uplink_kB=131.3  t=0.67s
  round  22/50: acc=0.9179  f1m=0.9177  uplink_kB=131.3  t=0.64s
  round  23/50: acc=0.9179  f1m=0.9178  uplink_kB=131.3  t=0.67s
  round  24/50: acc=0.9180  f1m=0.9179  uplink_kB=131.3  t=0.68s
  round  25/50: acc=0.9181  f1m=0.9179  uplink_kB=131.3  t=0.72s
  round  26/50: acc=0.9182  f1m=0.9180  uplink_kB=131.3  t=0.63s
  round  27/50: acc=0.9183  f1m=0.9181  uplink_kB=131.3  t=0.65s
  round  28/50: acc=0.9183  f1m=0.9181  uplink_kB=131.3  t=0.74s
  round  29/50: acc=0.9183  f1m=0.9181  uplink_kB=131.3  t=0.73s
  round  30/50: acc=0.9184  f1m=0.9183  uplink_kB=131.3  t=0.65s
  round  31/50: acc=0.9185  f1m=0.9183  uplink_kB=131.3  t=0.68s
  round  32/50: acc=0.9186  f1m=0.9184  uplink_kB=131.3  t=0.73s
  round  33/50: acc=0.9186  f1m=0.9184  uplink_kB=131.3  t=0.68s
  round  34/50: acc=0.9186  f1m=0.9185  uplink_kB=131.3  t=0.62s
  round  35/50: acc=0.9237  f1m=0.9235  uplink_kB=131.3  t=0.71s
  round  36/50: acc=0.9238  f1m=0.9236  uplink_kB=131.3  t=0.68s
  round  37/50: acc=0.9237  f1m=0.9236  uplink_kB=131.3  t=0.83s
  round  38/50: acc=0.9234  f1m=0.9233  uplink_kB=131.3  t=0.68s
  round  39/50: acc=0.9264  f1m=0.9263  uplink_kB=131.3  t=0.70s
  round  40/50: acc=0.9267  f1m=0.9266  uplink_kB=131.3  t=0.73s
  round  41/50: acc=0.9267  f1m=0.9266  uplink_kB=131.3  t=0.61s
  round  42/50: acc=0.9266  f1m=0.9265  uplink_kB=131.3  t=0.64s
  round  43/50: acc=0.9268  f1m=0.9267  uplink_kB=131.3  t=0.66s
  round  44/50: acc=0.9262  f1m=0.9261  uplink_kB=131.3  t=0.66s
  round  45/50: acc=0.9259  f1m=0.9258  uplink_kB=131.3  t=0.66s
  round  46/50: acc=0.9256  f1m=0.9255  uplink_kB=131.3  t=0.70s
  round  47/50: acc=0.9253  f1m=0.9252  uplink_kB=131.3  t=0.61s
  round  48/50: acc=0.9253  f1m=0.9252  uplink_kB=131.3  t=0.67s
  round  49/50: acc=0.9251  f1m=0.9250  uplink_kB=131.3  t=0.69s
  round  50/50: acc=0.9251  f1m=0.9250  uplink_kB=131.3  t=0.68s
[run] DONE -> /Users/agentra/Documents/hao/working/paper-lab/hao-paper-2026/iotj-fedkan-ids/repo/results/lrsweep_cseciic/lrsweep_mlp80_lr0p0003__dir0.1__seed29/metrics.json  final_acc=0.9251
