[run] device=cpu  seed=43  out=/Users/agentra/Documents/hao/working/paper-lab/hao-paper-2026/iotj-fedkan-ids/repo/results/lrsweep_cseciic_mc50k/lrsweep_kan16_lr0p0003__dir0.1__seed43
[run] model=kan  params=8,640
  round   1/50: acc=0.1216  f1m=0.0160  uplink_kB=363.3  t=3.61s
  round   2/50: acc=0.1251  f1m=0.0184  uplink_kB=363.3  t=3.08s
  round   3/50: acc=0.1218  f1m=0.0153  uplink_kB=363.3  t=3.14s
  round   4/50: acc=0.1219  f1m=0.0148  uplink_kB=363.3  t=2.96s
  round   5/50: acc=0.1411  f1m=0.0323  uplink_kB=363.3  t=3.32s
  round   6/50: acc=0.2283  f1m=0.0561  uplink_kB=363.3  t=2.95s
  round   7/50: acc=0.2380  f1m=0.0535  uplink_kB=363.3  t=2.91s
  round   8/50: acc=0.2405  f1m=0.0528  uplink_kB=363.3  t=2.85s
  round   9/50: acc=0.2335  f1m=0.0520  uplink_kB=363.3  t=2.95s
  round  10/50: acc=0.2280  f1m=0.0571  uplink_kB=363.3  t=6.95s
  round  11/50: acc=0.2202  f1m=0.0690  uplink_kB=363.3  t=3.00s
  round  12/50: acc=0.2154  f1m=0.0707  uplink_kB=363.3  t=2.86s
  round  13/50: acc=0.2140  f1m=0.0688  uplink_kB=363.3  t=2.93s
  round  14/50: acc=0.2149  f1m=0.0687  uplink_kB=363.3  t=2.89s
  round  15/50: acc=0.2150  f1m=0.0685  uplink_kB=363.3  t=3.15s
  round  16/50: acc=0.2148  f1m=0.0682  uplink_kB=363.3  t=5.85s
  round  17/50: acc=0.2148  f1m=0.0678  uplink_kB=363.3  t=2.90s
  round  18/50: acc=0.1954  f1m=0.0531  uplink_kB=363.3  t=2.86s
  round  19/50: acc=0.2425  f1m=0.1086  uplink_kB=363.3  t=2.91s
  round  20/50: acc=0.2414  f1m=0.1070  uplink_kB=363.3  t=2.90s
  round  21/50: acc=0.2414  f1m=0.1048  uplink_kB=363.3  t=6.37s
  round  22/50: acc=0.2453  f1m=0.1021  uplink_kB=363.3  t=3.46s
  round  23/50: acc=0.2469  f1m=0.1016  uplink_kB=363.3  t=2.91s
  round  24/50: acc=0.2459  f1m=0.0847  uplink_kB=363.3  t=2.85s
  round  25/50: acc=0.2442  f1m=0.0840  uplink_kB=363.3  t=2.91s
  round  26/50: acc=0.3347  f1m=0.1327  uplink_kB=363.3  t=2.88s
  round  27/50: acc=0.3586  f1m=0.1410  uplink_kB=363.3  t=4.47s
  round  28/50: acc=0.3673  f1m=0.1434  uplink_kB=363.3  t=5.36s
  round  29/50: acc=0.3608  f1m=0.1398  uplink_kB=363.3  t=2.91s
  round  30/50: acc=0.3677  f1m=0.1433  uplink_kB=363.3  t=2.98s
  round  31/50: acc=0.3679  f1m=0.1435  uplink_kB=363.3  t=3.17s
  round  32/50: acc=0.3811  f1m=0.1555  uplink_kB=363.3  t=2.97s
  round  33/50: acc=0.4727  f1m=0.2179  uplink_kB=363.3  t=3.05s
  round  34/50: acc=0.4738  f1m=0.2181  uplink_kB=363.3  t=3.01s
  round  35/50: acc=0.4761  f1m=0.2186  uplink_kB=363.3  t=3.08s
  round  36/50: acc=0.4765  f1m=0.2187  uplink_kB=363.3  t=2.97s
  round  37/50: acc=0.4769  f1m=0.2188  uplink_kB=363.3  t=3.14s
  round  38/50: acc=0.4767  f1m=0.2185  uplink_kB=363.3  t=2.99s
  round  39/50: acc=0.4765  f1m=0.2174  uplink_kB=363.3  t=3.03s
  round  40/50: acc=0.4770  f1m=0.2166  uplink_kB=363.3  t=3.00s
  round  41/50: acc=0.4743  f1m=0.2131  uplink_kB=363.3  t=3.10s
  round  42/50: acc=0.4885  f1m=0.2363  uplink_kB=363.3  t=2.96s
  round  43/50: acc=0.5092  f1m=0.2566  uplink_kB=363.3  t=3.06s
  round  44/50: acc=0.5190  f1m=0.2634  uplink_kB=363.3  t=3.01s
  round  45/50: acc=0.5227  f1m=0.2671  uplink_kB=363.3  t=3.04s
  round  46/50: acc=0.5357  f1m=0.2761  uplink_kB=363.3  t=3.02s
  round  47/50: acc=0.5500  f1m=0.3452  uplink_kB=363.3  t=3.04s
  round  48/50: acc=0.5521  f1m=0.3469  uplink_kB=363.3  t=3.01s
  round  49/50: acc=0.5502  f1m=0.3474  uplink_kB=363.3  t=3.07s
  round  50/50: acc=0.5508  f1m=0.3481  uplink_kB=363.3  t=2.94s
[run] DONE -> /Users/agentra/Documents/hao/working/paper-lab/hao-paper-2026/iotj-fedkan-ids/repo/results/lrsweep_cseciic_mc50k/lrsweep_kan16_lr0p0003__dir0.1__seed43/metrics.json  final_acc=0.5508
