[run] device=cpu  seed=29  out=/Users/agentra/Documents/hao/working/paper-lab/hao-paper-2026/iotj-fedkan-ids/repo/results/lrsweep_cseciic/lrsweep_kan8_lr0p003__dir0.1__seed29
[run] model=kan  params=3,280
  round   1/50: acc=0.7420  f1m=0.7298  uplink_kB=150.2  t=2.12s
  round   2/50: acc=0.7471  f1m=0.7358  uplink_kB=150.2  t=1.67s
  round   3/50: acc=0.7695  f1m=0.7614  uplink_kB=150.2  t=1.62s
  round   4/50: acc=0.7944  f1m=0.7890  uplink_kB=150.2  t=1.64s
  round   5/50: acc=0.8532  f1m=0.8517  uplink_kB=150.2  t=1.56s
  round   6/50: acc=0.8934  f1m=0.8930  uplink_kB=150.2  t=1.61s
  round   7/50: acc=0.8993  f1m=0.8991  uplink_kB=150.2  t=1.62s
  round   8/50: acc=0.9040  f1m=0.9038  uplink_kB=150.2  t=1.61s
  round   9/50: acc=0.8942  f1m=0.8938  uplink_kB=150.2  t=1.64s
  round  10/50: acc=0.8924  f1m=0.8920  uplink_kB=150.2  t=1.65s
  round  11/50: acc=0.8966  f1m=0.8963  uplink_kB=150.2  t=1.62s
  round  12/50: acc=0.8935  f1m=0.8932  uplink_kB=150.2  t=1.59s
  round  13/50: acc=0.8919  f1m=0.8915  uplink_kB=150.2  t=1.64s
  round  14/50: acc=0.8911  f1m=0.8907  uplink_kB=150.2  t=1.64s
  round  15/50: acc=0.8961  f1m=0.8958  uplink_kB=150.2  t=1.63s
  round  16/50: acc=0.9023  f1m=0.9021  uplink_kB=150.2  t=1.64s
  round  17/50: acc=0.9289  f1m=0.9289  uplink_kB=150.2  t=1.63s
  round  18/50: acc=0.9331  f1m=0.9330  uplink_kB=150.2  t=1.63s
  round  19/50: acc=0.9387  f1m=0.9387  uplink_kB=150.2  t=1.57s
  round  20/50: acc=0.9473  f1m=0.9473  uplink_kB=150.2  t=1.63s
  round  21/50: acc=0.9516  f1m=0.9516  uplink_kB=150.2  t=1.64s
  round  22/50: acc=0.9512  f1m=0.9512  uplink_kB=150.2  t=1.65s
  round  23/50: acc=0.9502  f1m=0.9502  uplink_kB=150.2  t=1.65s
  round  24/50: acc=0.9459  f1m=0.9459  uplink_kB=150.2  t=1.63s
  round  25/50: acc=0.9567  f1m=0.9567  uplink_kB=150.2  t=1.58s
  round  26/50: acc=0.9561  f1m=0.9561  uplink_kB=150.2  t=1.62s
  round  27/50: acc=0.9567  f1m=0.9567  uplink_kB=150.2  t=1.64s
  round  28/50: acc=0.9577  f1m=0.9577  uplink_kB=150.2  t=1.61s
  round  29/50: acc=0.9587  f1m=0.9587  uplink_kB=150.2  t=1.63s
  round  30/50: acc=0.9589  f1m=0.9589  uplink_kB=150.2  t=1.62s
  round  31/50: acc=0.9603  f1m=0.9603  uplink_kB=150.2  t=1.63s
  round  32/50: acc=0.9614  f1m=0.9614  uplink_kB=150.2  t=1.57s
  round  33/50: acc=0.9608  f1m=0.9608  uplink_kB=150.2  t=1.66s
  round  34/50: acc=0.9604  f1m=0.9604  uplink_kB=150.2  t=1.65s
  round  35/50: acc=0.9615  f1m=0.9615  uplink_kB=150.2  t=1.65s
  round  36/50: acc=0.9621  f1m=0.9621  uplink_kB=150.2  t=1.64s
  round  37/50: acc=0.9633  f1m=0.9633  uplink_kB=150.2  t=1.66s
  round  38/50: acc=0.9632  f1m=0.9632  uplink_kB=150.2  t=1.58s
  round  39/50: acc=0.9643  f1m=0.9642  uplink_kB=150.2  t=1.62s
  round  40/50: acc=0.9643  f1m=0.9643  uplink_kB=150.2  t=1.66s
  round  41/50: acc=0.9624  f1m=0.9624  uplink_kB=150.2  t=1.65s
  round  42/50: acc=0.9637  f1m=0.9637  uplink_kB=150.2  t=1.65s
  round  43/50: acc=0.9645  f1m=0.9645  uplink_kB=150.2  t=1.64s
  round  44/50: acc=0.9641  f1m=0.9641  uplink_kB=150.2  t=1.62s
  round  45/50: acc=0.9647  f1m=0.9647  uplink_kB=150.2  t=1.63s
  round  46/50: acc=0.9634  f1m=0.9634  uplink_kB=150.2  t=1.57s
  round  47/50: acc=0.9652  f1m=0.9652  uplink_kB=150.2  t=1.64s
  round  48/50: acc=0.9660  f1m=0.9660  uplink_kB=150.2  t=1.57s
  round  49/50: acc=0.9660  f1m=0.9660  uplink_kB=150.2  t=1.47s
  round  50/50: acc=0.9669  f1m=0.9669  uplink_kB=150.2  t=1.58s
[run] DONE -> /Users/agentra/Documents/hao/working/paper-lab/hao-paper-2026/iotj-fedkan-ids/repo/results/lrsweep_cseciic/lrsweep_kan8_lr0p003__dir0.1__seed29/metrics.json  final_acc=0.9669
