[run] device=cpu  seed=31  out=/Users/agentra/Documents/hao/working/paper-lab/hao-paper-2026/iotj-fedkan-ids/repo/results/lrsweep_cseciic_mc/lrsweep_mlp32_lr0p003__dir0.1__seed31
[run] model=mlp  params=1,775
  round   1/50: acc=0.2610  f1m=0.0554  uplink_kB=69.3  t=2.66s
  round   2/50: acc=0.4009  f1m=0.1418  uplink_kB=69.3  t=2.08s
  round   3/50: acc=0.4382  f1m=0.1535  uplink_kB=69.3  t=2.08s
  round   4/50: acc=0.4910  f1m=0.2064  uplink_kB=69.3  t=2.11s
  round   5/50: acc=0.5001  f1m=0.2360  uplink_kB=69.3  t=2.12s
  round   6/50: acc=0.5056  f1m=0.2409  uplink_kB=69.3  t=2.08s
  round   7/50: acc=0.6017  f1m=0.2980  uplink_kB=69.3  t=2.03s
  round   8/50: acc=0.6064  f1m=0.3209  uplink_kB=69.3  t=2.13s
  round   9/50: acc=0.6092  f1m=0.3839  uplink_kB=69.3  t=2.07s
  round  10/50: acc=0.6140  f1m=0.3854  uplink_kB=69.3  t=2.14s
  round  11/50: acc=0.6454  f1m=0.4502  uplink_kB=69.3  t=2.11s
  round  12/50: acc=0.6458  f1m=0.4431  uplink_kB=69.3  t=2.14s
  round  13/50: acc=0.6462  f1m=0.4461  uplink_kB=69.3  t=2.18s
  round  14/50: acc=0.6463  f1m=0.4445  uplink_kB=69.3  t=2.13s
  round  15/50: acc=0.6462  f1m=0.4462  uplink_kB=69.3  t=2.24s
  round  16/50: acc=0.6463  f1m=0.4472  uplink_kB=69.3  t=2.06s
  round  17/50: acc=0.6467  f1m=0.4483  uplink_kB=69.3  t=2.13s
  round  18/50: acc=0.6465  f1m=0.4486  uplink_kB=69.3  t=2.10s
  round  19/50: acc=0.6469  f1m=0.4490  uplink_kB=69.3  t=2.11s
  round  20/50: acc=0.6708  f1m=0.4708  uplink_kB=69.3  t=2.06s
  round  21/50: acc=0.6735  f1m=0.4802  uplink_kB=69.3  t=2.19s
  round  22/50: acc=0.6738  f1m=0.4806  uplink_kB=69.3  t=2.12s
  round  23/50: acc=0.6745  f1m=0.4805  uplink_kB=69.3  t=2.10s
  round  24/50: acc=0.6747  f1m=0.4814  uplink_kB=69.3  t=2.06s
  round  25/50: acc=0.6747  f1m=0.4815  uplink_kB=69.3  t=2.26s
  round  26/50: acc=0.6752  f1m=0.4719  uplink_kB=69.3  t=2.22s
  round  27/50: acc=0.6750  f1m=0.4688  uplink_kB=69.3  t=2.06s
  round  28/50: acc=0.6757  f1m=0.4692  uplink_kB=69.3  t=2.09s
  round  29/50: acc=0.6913  f1m=0.4842  uplink_kB=69.3  t=2.14s
  round  30/50: acc=0.6871  f1m=0.4875  uplink_kB=69.3  t=2.11s
  round  31/50: acc=0.6870  f1m=0.4875  uplink_kB=69.3  t=2.11s
  round  32/50: acc=0.6902  f1m=0.4780  uplink_kB=69.3  t=2.13s
  round  33/50: acc=0.6797  f1m=0.4740  uplink_kB=69.3  t=2.12s
  round  34/50: acc=0.6807  f1m=0.4663  uplink_kB=69.3  t=2.15s
  round  35/50: acc=0.6809  f1m=0.4601  uplink_kB=69.3  t=2.10s
  round  36/50: acc=0.6808  f1m=0.4567  uplink_kB=69.3  t=2.04s
  round  37/50: acc=0.6810  f1m=0.4563  uplink_kB=69.3  t=2.09s
  round  38/50: acc=0.6851  f1m=0.4710  uplink_kB=69.3  t=2.09s
  round  39/50: acc=0.6840  f1m=0.4656  uplink_kB=69.3  t=2.15s
  round  40/50: acc=0.6814  f1m=0.4584  uplink_kB=69.3  t=2.08s
  round  41/50: acc=0.6813  f1m=0.4584  uplink_kB=69.3  t=2.10s
  round  42/50: acc=0.6795  f1m=0.4537  uplink_kB=69.3  t=2.13s
  round  43/50: acc=0.6780  f1m=0.4507  uplink_kB=69.3  t=2.16s
  round  44/50: acc=0.6806  f1m=0.4560  uplink_kB=69.3  t=2.12s
  round  45/50: acc=0.6781  f1m=0.4510  uplink_kB=69.3  t=2.17s
  round  46/50: acc=0.6784  f1m=0.4514  uplink_kB=69.3  t=2.11s
  round  47/50: acc=0.6786  f1m=0.4521  uplink_kB=69.3  t=2.22s
  round  48/50: acc=0.6805  f1m=0.4558  uplink_kB=69.3  t=2.13s
  round  49/50: acc=0.6818  f1m=0.4587  uplink_kB=69.3  t=2.13s
  round  50/50: acc=0.6818  f1m=0.4583  uplink_kB=69.3  t=2.11s
[run] DONE -> /Users/agentra/Documents/hao/working/paper-lab/hao-paper-2026/iotj-fedkan-ids/repo/results/lrsweep_cseciic_mc/lrsweep_mlp32_lr0p003__dir0.1__seed31/metrics.json  final_acc=0.6818
