[run] device=cpu  seed=2026  out=/Users/agentra/Documents/hao/working/paper-lab/hao-paper-2026/iotj-fedkan-ids/repo/results/lrsweep_cseciic_mc50k/lrsweep_mlp80_lr0p01__dir0.1__seed2026
[run] model=mlp  params=4,415
  round   1/50: acc=0.2489  f1m=0.0958  uplink_kB=172.5  t=1.60s
  round   2/50: acc=0.6340  f1m=0.4366  uplink_kB=172.5  t=1.07s
  round   3/50: acc=0.6427  f1m=0.4555  uplink_kB=172.5  t=1.08s
  round   4/50: acc=0.6863  f1m=0.4798  uplink_kB=172.5  t=1.05s
  round   5/50: acc=0.7097  f1m=0.5034  uplink_kB=172.5  t=1.03s
  round   6/50: acc=0.7159  f1m=0.5087  uplink_kB=172.5  t=1.00s
  round   7/50: acc=0.7142  f1m=0.5182  uplink_kB=172.5  t=1.06s
  round   8/50: acc=0.7255  f1m=0.5335  uplink_kB=172.5  t=1.00s
  round   9/50: acc=0.7210  f1m=0.5183  uplink_kB=172.5  t=1.13s
  round  10/50: acc=0.7277  f1m=0.5418  uplink_kB=172.5  t=1.04s
  round  11/50: acc=0.7274  f1m=0.5354  uplink_kB=172.5  t=1.08s
  round  12/50: acc=0.7282  f1m=0.5423  uplink_kB=172.5  t=1.05s
  round  13/50: acc=0.7297  f1m=0.5436  uplink_kB=172.5  t=1.10s
  round  14/50: acc=0.7294  f1m=0.5436  uplink_kB=172.5  t=1.08s
  round  15/50: acc=0.7299  f1m=0.5440  uplink_kB=172.5  t=1.06s
  round  16/50: acc=0.7292  f1m=0.5436  uplink_kB=172.5  t=1.03s
  round  17/50: acc=0.7312  f1m=0.5440  uplink_kB=172.5  t=1.12s
  round  18/50: acc=0.7488  f1m=0.5651  uplink_kB=172.5  t=1.06s
  round  19/50: acc=0.7321  f1m=0.5457  uplink_kB=172.5  t=1.07s
  round  20/50: acc=0.7328  f1m=0.5467  uplink_kB=172.5  t=1.01s
  round  21/50: acc=0.7509  f1m=0.5684  uplink_kB=172.5  t=1.12s
  round  22/50: acc=0.7600  f1m=0.6112  uplink_kB=172.5  t=1.03s
  round  23/50: acc=0.7506  f1m=0.5685  uplink_kB=172.5  t=1.12s
  round  24/50: acc=0.7502  f1m=0.6002  uplink_kB=172.5  t=1.00s
  round  25/50: acc=0.7360  f1m=0.5523  uplink_kB=172.5  t=1.06s
  round  26/50: acc=0.7535  f1m=0.6136  uplink_kB=172.5  t=1.03s
  round  27/50: acc=0.7675  f1m=0.6154  uplink_kB=172.5  t=1.06s
  round  28/50: acc=0.7497  f1m=0.6008  uplink_kB=172.5  t=1.03s
  round  29/50: acc=0.7836  f1m=0.6343  uplink_kB=172.5  t=1.07s
  round  30/50: acc=0.7523  f1m=0.5692  uplink_kB=172.5  t=1.02s
  round  31/50: acc=0.7938  f1m=0.6431  uplink_kB=172.5  t=1.10s
  round  32/50: acc=0.7542  f1m=0.6048  uplink_kB=172.5  t=1.04s
  round  33/50: acc=0.7930  f1m=0.6520  uplink_kB=172.5  t=1.08s
  round  34/50: acc=0.7940  f1m=0.6518  uplink_kB=172.5  t=1.04s
  round  35/50: acc=0.8105  f1m=0.6803  uplink_kB=172.5  t=1.06s
  round  36/50: acc=0.7914  f1m=0.6425  uplink_kB=172.5  t=1.02s
  round  37/50: acc=0.8175  f1m=0.6788  uplink_kB=172.5  t=1.07s
  round  38/50: acc=0.7826  f1m=0.6351  uplink_kB=172.5  t=1.04s
  round  39/50: acc=0.8110  f1m=0.6755  uplink_kB=172.5  t=1.22s
  round  40/50: acc=0.8018  f1m=0.6649  uplink_kB=172.5  t=1.04s
  round  41/50: acc=0.8110  f1m=0.6820  uplink_kB=172.5  t=1.05s
  round  42/50: acc=0.7942  f1m=0.6673  uplink_kB=172.5  t=1.02s
  round  43/50: acc=0.8326  f1m=0.6987  uplink_kB=172.5  t=1.01s
  round  44/50: acc=0.8062  f1m=0.6709  uplink_kB=172.5  t=1.06s
  round  45/50: acc=0.8056  f1m=0.6778  uplink_kB=172.5  t=1.04s
  round  46/50: acc=0.8381  f1m=0.7037  uplink_kB=172.5  t=1.59s
  round  47/50: acc=0.8316  f1m=0.6981  uplink_kB=172.5  t=1.18s
  round  48/50: acc=0.8354  f1m=0.7009  uplink_kB=172.5  t=1.00s
  round  49/50: acc=0.7889  f1m=0.6633  uplink_kB=172.5  t=1.07s
  round  50/50: acc=0.8547  f1m=0.7150  uplink_kB=172.5  t=1.11s
[run] DONE -> /Users/agentra/Documents/hao/working/paper-lab/hao-paper-2026/iotj-fedkan-ids/repo/results/lrsweep_cseciic_mc50k/lrsweep_mlp80_lr0p01__dir0.1__seed2026/metrics.json  final_acc=0.8547
