[run] device=cpu  seed=43  out=/Users/agentra/Documents/hao/working/paper-lab/hao-paper-2026/iotj-fedkan-ids/repo/results/lrsweep_cseciic/lrsweep_kan8_lr0p01__dir0.1__seed43
[run] model=kan  params=3,280
  round   1/50: acc=0.9187  f1m=0.9185  uplink_kB=150.2  t=2.25s
  round   2/50: acc=0.8094  f1m=0.8052  uplink_kB=150.2  t=1.65s
  round   3/50: acc=0.9002  f1m=0.8999  uplink_kB=150.2  t=1.67s
  round   4/50: acc=0.9206  f1m=0.9205  uplink_kB=150.2  t=1.68s
  round   5/50: acc=0.9002  f1m=0.9001  uplink_kB=150.2  t=1.62s
  round   6/50: acc=0.8785  f1m=0.8784  uplink_kB=150.2  t=1.56s
  round   7/50: acc=0.8935  f1m=0.8935  uplink_kB=150.2  t=1.66s
  round   8/50: acc=0.8654  f1m=0.8652  uplink_kB=150.2  t=1.64s
  round   9/50: acc=0.8537  f1m=0.8533  uplink_kB=150.2  t=1.57s
  round  10/50: acc=0.8461  f1m=0.8453  uplink_kB=150.2  t=1.59s
  round  11/50: acc=0.8660  f1m=0.8658  uplink_kB=150.2  t=1.60s
  round  12/50: acc=0.8521  f1m=0.8504  uplink_kB=150.2  t=1.64s
  round  13/50: acc=0.8621  f1m=0.8608  uplink_kB=150.2  t=1.58s
  round  14/50: acc=0.8576  f1m=0.8562  uplink_kB=150.2  t=1.60s
  round  15/50: acc=0.8305  f1m=0.8294  uplink_kB=150.2  t=1.60s
  round  16/50: acc=0.8870  f1m=0.8869  uplink_kB=150.2  t=1.63s
  round  17/50: acc=0.9167  f1m=0.9166  uplink_kB=150.2  t=1.61s
  round  18/50: acc=0.9159  f1m=0.9158  uplink_kB=150.2  t=1.60s
  round  19/50: acc=0.9124  f1m=0.9123  uplink_kB=150.2  t=1.62s
  round  20/50: acc=0.8941  f1m=0.8937  uplink_kB=150.2  t=1.59s
  round  21/50: acc=0.9100  f1m=0.9099  uplink_kB=150.2  t=1.62s
  round  22/50: acc=0.8952  f1m=0.8949  uplink_kB=150.2  t=1.55s
  round  23/50: acc=0.9409  f1m=0.9409  uplink_kB=150.2  t=1.61s
  round  24/50: acc=0.9224  f1m=0.9224  uplink_kB=150.2  t=1.61s
  round  25/50: acc=0.9033  f1m=0.9031  uplink_kB=150.2  t=1.62s
  round  26/50: acc=0.9446  f1m=0.9446  uplink_kB=150.2  t=1.60s
  round  27/50: acc=0.9314  f1m=0.9314  uplink_kB=150.2  t=1.60s
  round  28/50: acc=0.9457  f1m=0.9457  uplink_kB=150.2  t=1.58s
  round  29/50: acc=0.9279  f1m=0.9278  uplink_kB=150.2  t=1.61s
  round  30/50: acc=0.9444  f1m=0.9444  uplink_kB=150.2  t=1.63s
  round  31/50: acc=0.9568  f1m=0.9568  uplink_kB=150.2  t=1.61s
  round  32/50: acc=0.9511  f1m=0.9511  uplink_kB=150.2  t=1.62s
  round  33/50: acc=0.9533  f1m=0.9533  uplink_kB=150.2  t=1.59s
  round  34/50: acc=0.9545  f1m=0.9545  uplink_kB=150.2  t=1.61s
  round  35/50: acc=0.9558  f1m=0.9558  uplink_kB=150.2  t=1.54s
  round  36/50: acc=0.9588  f1m=0.9588  uplink_kB=150.2  t=1.65s
  round  37/50: acc=0.9523  f1m=0.9523  uplink_kB=150.2  t=1.62s
  round  38/50: acc=0.9661  f1m=0.9661  uplink_kB=150.2  t=1.63s
  round  39/50: acc=0.9488  f1m=0.9488  uplink_kB=150.2  t=1.65s
  round  40/50: acc=0.9645  f1m=0.9645  uplink_kB=150.2  t=1.64s
  round  41/50: acc=0.8433  f1m=0.8408  uplink_kB=150.2  t=1.62s
  round  42/50: acc=0.9174  f1m=0.9172  uplink_kB=150.2  t=1.60s
  round  43/50: acc=0.9224  f1m=0.9223  uplink_kB=150.2  t=1.64s
  round  44/50: acc=0.9406  f1m=0.9406  uplink_kB=150.2  t=1.68s
  round  45/50: acc=0.9187  f1m=0.9185  uplink_kB=150.2  t=2.02s
  round  46/50: acc=0.9488  f1m=0.9488  uplink_kB=150.2  t=1.70s
  round  47/50: acc=0.8975  f1m=0.8971  uplink_kB=150.2  t=1.63s
  round  48/50: acc=0.9426  f1m=0.9425  uplink_kB=150.2  t=1.60s
  round  49/50: acc=0.9127  f1m=0.9125  uplink_kB=150.2  t=1.62s
  round  50/50: acc=0.9555  f1m=0.9555  uplink_kB=150.2  t=1.64s
[run] DONE -> /Users/agentra/Documents/hao/working/paper-lab/hao-paper-2026/iotj-fedkan-ids/repo/results/lrsweep_cseciic/lrsweep_kan8_lr0p01__dir0.1__seed43/metrics.json  final_acc=0.9555
