[run] device=cpu  seed=43  out=/Users/agentra/Documents/hao/working/paper-lab/hao-paper-2026/iotj-fedkan-ids/repo/results/lrsweep_botiot/lrsweep_mlp32_lr0p03__dir0.1__seed43
[run] model=mlp  params=1,346
  round   1/50: acc=0.7808  f1m=0.7699  uplink_kB=52.6  t=1.34s
  round   2/50: acc=0.7376  f1m=0.7180  uplink_kB=52.6  t=0.66s
  round   3/50: acc=0.7385  f1m=0.7191  uplink_kB=52.6  t=0.73s
  round   4/50: acc=0.7338  f1m=0.7132  uplink_kB=52.6  t=0.64s
  round   5/50: acc=0.7523  f1m=0.7359  uplink_kB=52.6  t=0.67s
  round   6/50: acc=0.7507  f1m=0.7340  uplink_kB=52.6  t=0.63s
  round   7/50: acc=0.7456  f1m=0.7278  uplink_kB=52.6  t=0.69s
  round   8/50: acc=0.7525  f1m=0.7362  uplink_kB=52.6  t=0.66s
  round   9/50: acc=0.7712  f1m=0.7584  uplink_kB=52.6  t=0.66s
  round  10/50: acc=0.7755  f1m=0.7634  uplink_kB=52.6  t=0.59s
  round  11/50: acc=0.8665  f1m=0.8640  uplink_kB=52.6  t=0.67s
  round  12/50: acc=0.8662  f1m=0.8637  uplink_kB=52.6  t=0.68s
  round  13/50: acc=0.7954  f1m=0.7863  uplink_kB=52.6  t=0.68s
  round  14/50: acc=0.8676  f1m=0.8652  uplink_kB=52.6  t=0.65s
  round  15/50: acc=0.8691  f1m=0.8668  uplink_kB=52.6  t=0.65s
  round  16/50: acc=0.8725  f1m=0.8704  uplink_kB=52.6  t=0.66s
  round  17/50: acc=0.8773  f1m=0.8753  uplink_kB=52.6  t=0.65s
  round  18/50: acc=0.8700  f1m=0.8677  uplink_kB=52.6  t=0.65s
  round  19/50: acc=0.8784  f1m=0.8765  uplink_kB=52.6  t=0.66s
  round  20/50: acc=0.8782  f1m=0.8763  uplink_kB=52.6  t=0.68s
  round  21/50: acc=0.8778  f1m=0.8759  uplink_kB=52.6  t=0.63s
  round  22/50: acc=0.8970  f1m=0.8959  uplink_kB=52.6  t=0.62s
  round  23/50: acc=0.9058  f1m=0.9049  uplink_kB=52.6  t=0.70s
  round  24/50: acc=0.9010  f1m=0.9000  uplink_kB=52.6  t=0.65s
  round  25/50: acc=0.9105  f1m=0.9098  uplink_kB=52.6  t=0.67s
  round  26/50: acc=0.8796  f1m=0.8778  uplink_kB=52.6  t=0.63s
  round  27/50: acc=0.9101  f1m=0.9093  uplink_kB=52.6  t=0.69s
  round  28/50: acc=0.9095  f1m=0.9087  uplink_kB=52.6  t=0.71s
  round  29/50: acc=0.9133  f1m=0.9126  uplink_kB=52.6  t=0.63s
  round  30/50: acc=0.9021  f1m=0.9011  uplink_kB=52.6  t=0.65s
  round  31/50: acc=0.9198  f1m=0.9193  uplink_kB=52.6  t=0.68s
  round  32/50: acc=0.9114  f1m=0.9107  uplink_kB=52.6  t=0.66s
  round  33/50: acc=0.9127  f1m=0.9120  uplink_kB=52.6  t=0.66s
  round  34/50: acc=0.8583  f1m=0.8553  uplink_kB=52.6  t=0.64s
  round  35/50: acc=0.9044  f1m=0.9035  uplink_kB=52.6  t=0.60s
  round  36/50: acc=0.8772  f1m=0.8753  uplink_kB=52.6  t=0.66s
  round  37/50: acc=0.8870  f1m=0.8856  uplink_kB=52.6  t=0.66s
  round  38/50: acc=0.9136  f1m=0.9130  uplink_kB=52.6  t=0.66s
  round  39/50: acc=0.9049  f1m=0.9041  uplink_kB=52.6  t=0.65s
  round  40/50: acc=0.9095  f1m=0.9087  uplink_kB=52.6  t=0.60s
  round  41/50: acc=0.9212  f1m=0.9207  uplink_kB=52.6  t=0.68s
  round  42/50: acc=0.9110  f1m=0.9103  uplink_kB=52.6  t=0.65s
  round  43/50: acc=0.9129  f1m=0.9122  uplink_kB=52.6  t=0.64s
  round  44/50: acc=0.9126  f1m=0.9119  uplink_kB=52.6  t=0.67s
  round  45/50: acc=0.9115  f1m=0.9108  uplink_kB=52.6  t=0.68s
  round  46/50: acc=0.9042  f1m=0.9033  uplink_kB=52.6  t=0.68s
  round  47/50: acc=0.9214  f1m=0.9209  uplink_kB=52.6  t=0.69s
  round  48/50: acc=0.8871  f1m=0.8857  uplink_kB=52.6  t=0.63s
  round  49/50: acc=0.9049  f1m=0.9040  uplink_kB=52.6  t=0.69s
  round  50/50: acc=0.9111  f1m=0.9104  uplink_kB=52.6  t=0.66s
[run] DONE -> /Users/agentra/Documents/hao/working/paper-lab/hao-paper-2026/iotj-fedkan-ids/repo/results/lrsweep_botiot/lrsweep_mlp32_lr0p03__dir0.1__seed43/metrics.json  final_acc=0.9111
