[run] device=cpu  seed=11  out=/Users/agentra/Documents/hao/working/paper-lab/hao-paper-2026/iotj-fedkan-ids/repo/results/mc_botiot/mc_mlp32_lr0p01__dir0.1__seed11
[run] model=mlp  params=1,445
  round   1/50: acc=0.4945  f1m=0.3254  uplink_kB=56.4  t=1.49s
  round   2/50: acc=0.4952  f1m=0.3323  uplink_kB=56.4  t=0.66s
  round   3/50: acc=0.6360  f1m=0.4438  uplink_kB=56.4  t=0.63s
  round   4/50: acc=0.6381  f1m=0.4454  uplink_kB=56.4  t=0.64s
  round   5/50: acc=0.6388  f1m=0.4459  uplink_kB=56.4  t=0.61s
  round   6/50: acc=0.6652  f1m=0.4652  uplink_kB=56.4  t=0.72s
  round   7/50: acc=0.6950  f1m=0.4859  uplink_kB=56.4  t=0.66s
  round   8/50: acc=0.7020  f1m=0.4933  uplink_kB=56.4  t=0.62s
  round   9/50: acc=0.7022  f1m=0.4936  uplink_kB=56.4  t=0.62s
  round  10/50: acc=0.7041  f1m=0.4968  uplink_kB=56.4  t=0.62s
  round  11/50: acc=0.7190  f1m=0.5223  uplink_kB=56.4  t=0.66s
  round  12/50: acc=0.7595  f1m=0.5812  uplink_kB=56.4  t=0.69s
  round  13/50: acc=0.7848  f1m=0.6124  uplink_kB=56.4  t=0.62s
  round  14/50: acc=0.7875  f1m=0.6154  uplink_kB=56.4  t=0.61s
  round  15/50: acc=0.7921  f1m=0.6206  uplink_kB=56.4  t=0.61s
  round  16/50: acc=0.7936  f1m=0.6220  uplink_kB=56.4  t=0.68s
  round  17/50: acc=0.7965  f1m=0.6256  uplink_kB=56.4  t=0.62s
  round  18/50: acc=0.7980  f1m=0.6272  uplink_kB=56.4  t=0.60s
  round  19/50: acc=0.7993  f1m=0.6288  uplink_kB=56.4  t=0.60s
  round  20/50: acc=0.7999  f1m=0.6295  uplink_kB=56.4  t=0.62s
  round  21/50: acc=0.8005  f1m=0.6300  uplink_kB=56.4  t=0.67s
  round  22/50: acc=0.8011  f1m=0.6307  uplink_kB=56.4  t=0.59s
  round  23/50: acc=0.8016  f1m=0.6312  uplink_kB=56.4  t=0.59s
  round  24/50: acc=0.8019  f1m=0.6316  uplink_kB=56.4  t=0.63s
  round  25/50: acc=0.8018  f1m=0.6316  uplink_kB=56.4  t=0.62s
  round  26/50: acc=0.8019  f1m=0.6307  uplink_kB=56.4  t=0.70s
  round  27/50: acc=0.8024  f1m=0.6312  uplink_kB=56.4  t=0.69s
  round  28/50: acc=0.8025  f1m=0.6317  uplink_kB=56.4  t=0.63s
  round  29/50: acc=0.8026  f1m=0.6325  uplink_kB=56.4  t=0.62s
  round  30/50: acc=0.8362  f1m=0.6665  uplink_kB=56.4  t=0.63s
  round  31/50: acc=0.8368  f1m=0.6672  uplink_kB=56.4  t=0.71s
  round  32/50: acc=0.8378  f1m=0.6678  uplink_kB=56.4  t=0.61s
  round  33/50: acc=0.8510  f1m=0.6780  uplink_kB=56.4  t=0.62s
  round  34/50: acc=0.8513  f1m=0.6781  uplink_kB=56.4  t=0.63s
  round  35/50: acc=0.8522  f1m=0.6792  uplink_kB=56.4  t=0.68s
  round  36/50: acc=0.8531  f1m=0.6801  uplink_kB=56.4  t=0.62s
  round  37/50: acc=0.8536  f1m=0.6807  uplink_kB=56.4  t=0.64s
  round  38/50: acc=0.8565  f1m=0.6836  uplink_kB=56.4  t=0.61s
  round  39/50: acc=0.8564  f1m=0.6834  uplink_kB=56.4  t=0.69s
  round  40/50: acc=0.8569  f1m=0.6845  uplink_kB=56.4  t=0.64s
  round  41/50: acc=0.8583  f1m=0.6860  uplink_kB=56.4  t=0.62s
  round  42/50: acc=0.8580  f1m=0.6857  uplink_kB=56.4  t=0.64s
  round  43/50: acc=0.8585  f1m=0.6862  uplink_kB=56.4  t=0.64s
  round  44/50: acc=0.8582  f1m=0.6860  uplink_kB=56.4  t=0.61s
  round  45/50: acc=0.8576  f1m=0.6855  uplink_kB=56.4  t=0.69s
  round  46/50: acc=0.8582  f1m=0.6860  uplink_kB=56.4  t=0.62s
  round  47/50: acc=0.8628  f1m=0.6903  uplink_kB=56.4  t=0.63s
  round  48/50: acc=0.8619  f1m=0.6893  uplink_kB=56.4  t=0.64s
  round  49/50: acc=0.8596  f1m=0.6870  uplink_kB=56.4  t=0.72s
  round  50/50: acc=0.8527  f1m=0.6824  uplink_kB=56.4  t=0.62s
[run] DONE -> /Users/agentra/Documents/hao/working/paper-lab/hao-paper-2026/iotj-fedkan-ids/repo/results/mc_botiot/mc_mlp32_lr0p01__dir0.1__seed11/metrics.json  final_acc=0.8527
