[run] device=cpu  seed=37  out=/Users/agentra/Documents/hao/working/paper-lab/hao-paper-2026/iotj-fedkan-ids/repo/results/lrsweep_botiot/lrsweep_mlp80_lr0p0003__dir0.1__seed37
[run] model=mlp  params=3,362
  round   1/50: acc=0.4989  f1m=0.3328  uplink_kB=131.3  t=1.38s
  round   2/50: acc=0.7386  f1m=0.7205  uplink_kB=131.3  t=0.72s
  round   3/50: acc=0.8119  f1m=0.8075  uplink_kB=131.3  t=0.69s
  round   4/50: acc=0.9067  f1m=0.9066  uplink_kB=131.3  t=0.75s
  round   5/50: acc=0.9330  f1m=0.9330  uplink_kB=131.3  t=0.66s
  round   6/50: acc=0.9381  f1m=0.9381  uplink_kB=131.3  t=0.69s
  round   7/50: acc=0.9387  f1m=0.9387  uplink_kB=131.3  t=0.67s
  round   8/50: acc=0.9405  f1m=0.9405  uplink_kB=131.3  t=0.73s
  round   9/50: acc=0.9417  f1m=0.9417  uplink_kB=131.3  t=0.69s
  round  10/50: acc=0.9455  f1m=0.9455  uplink_kB=131.3  t=0.66s
  round  11/50: acc=0.9486  f1m=0.9486  uplink_kB=131.3  t=0.64s
  round  12/50: acc=0.9497  f1m=0.9497  uplink_kB=131.3  t=0.73s
  round  13/50: acc=0.9510  f1m=0.9510  uplink_kB=131.3  t=0.70s
  round  14/50: acc=0.9526  f1m=0.9526  uplink_kB=131.3  t=0.62s
  round  15/50: acc=0.9534  f1m=0.9534  uplink_kB=131.3  t=0.66s
  round  16/50: acc=0.9544  f1m=0.9544  uplink_kB=131.3  t=0.71s
  round  17/50: acc=0.9537  f1m=0.9537  uplink_kB=131.3  t=0.70s
  round  18/50: acc=0.9561  f1m=0.9561  uplink_kB=131.3  t=0.66s
  round  19/50: acc=0.9579  f1m=0.9579  uplink_kB=131.3  t=0.69s
  round  20/50: acc=0.9587  f1m=0.9587  uplink_kB=131.3  t=0.68s
  round  21/50: acc=0.9610  f1m=0.9610  uplink_kB=131.3  t=0.66s
  round  22/50: acc=0.9630  f1m=0.9630  uplink_kB=131.3  t=0.70s
  round  23/50: acc=0.9641  f1m=0.9641  uplink_kB=131.3  t=0.67s
  round  24/50: acc=0.9644  f1m=0.9644  uplink_kB=131.3  t=0.65s
  round  25/50: acc=0.9646  f1m=0.9646  uplink_kB=131.3  t=0.72s
  round  26/50: acc=0.9649  f1m=0.9649  uplink_kB=131.3  t=0.68s
  round  27/50: acc=0.9677  f1m=0.9677  uplink_kB=131.3  t=0.72s
  round  28/50: acc=0.9701  f1m=0.9701  uplink_kB=131.3  t=0.61s
  round  29/50: acc=0.9702  f1m=0.9702  uplink_kB=131.3  t=0.70s
  round  30/50: acc=0.9703  f1m=0.9703  uplink_kB=131.3  t=0.71s
  round  31/50: acc=0.9703  f1m=0.9703  uplink_kB=131.3  t=0.72s
  round  32/50: acc=0.9703  f1m=0.9703  uplink_kB=131.3  t=0.67s
  round  33/50: acc=0.9723  f1m=0.9723  uplink_kB=131.3  t=0.67s
  round  34/50: acc=0.9725  f1m=0.9725  uplink_kB=131.3  t=0.64s
  round  35/50: acc=0.9725  f1m=0.9724  uplink_kB=131.3  t=0.66s
  round  36/50: acc=0.9725  f1m=0.9725  uplink_kB=131.3  t=0.66s
  round  37/50: acc=0.9725  f1m=0.9725  uplink_kB=131.3  t=0.66s
  round  38/50: acc=0.9725  f1m=0.9725  uplink_kB=131.3  t=0.73s
  round  39/50: acc=0.9725  f1m=0.9725  uplink_kB=131.3  t=0.68s
  round  40/50: acc=0.9726  f1m=0.9726  uplink_kB=131.3  t=0.69s
  round  41/50: acc=0.9726  f1m=0.9726  uplink_kB=131.3  t=0.70s
  round  42/50: acc=0.9726  f1m=0.9726  uplink_kB=131.3  t=0.65s
  round  43/50: acc=0.9726  f1m=0.9726  uplink_kB=131.3  t=0.68s
  round  44/50: acc=0.9726  f1m=0.9726  uplink_kB=131.3  t=0.67s
  round  45/50: acc=0.9725  f1m=0.9725  uplink_kB=131.3  t=0.70s
  round  46/50: acc=0.9726  f1m=0.9726  uplink_kB=131.3  t=0.69s
  round  47/50: acc=0.9726  f1m=0.9726  uplink_kB=131.3  t=0.71s
  round  48/50: acc=0.9726  f1m=0.9726  uplink_kB=131.3  t=0.69s
  round  49/50: acc=0.9727  f1m=0.9727  uplink_kB=131.3  t=0.64s
  round  50/50: acc=0.9727  f1m=0.9727  uplink_kB=131.3  t=0.67s
[run] DONE -> /Users/agentra/Documents/hao/working/paper-lab/hao-paper-2026/iotj-fedkan-ids/repo/results/lrsweep_botiot/lrsweep_mlp80_lr0p0003__dir0.1__seed37/metrics.json  final_acc=0.9727
